[0.003s][info][gc] Using Parallel
[0.005s][info][gc,init] Version: 17.0.6+10-LTS (release)
[0.005s][info][gc,init] CPUs: 4 total, 4 available
[0.005s][info][gc,init] Memory: 16009M
[0.005s][info][gc,init] Large Page Support: Disabled
[0.005s][info][gc,init] NUMA Support: Disabled
[0.005s][info][gc,init] Compressed Oops: Enabled (Zero based)
[0.005s][info][gc,init] Alignments: Space 512K, Generation 512K, Heap 2M
[0.005s][info][gc,init] Heap Min Capacity: 2054M
[0.005s][info][gc,init] Heap Initial Capacity: 2054M
[0.005s][info][gc,init] Heap Max Capacity: 3G
[0.005s][info][gc,init] Pre-touch: Disabled
[0.005s][info][gc,init] Parallel Workers: 4
[0.005s][info][gc,metaspace] CDS archive(s) mapped at: [0x0000000800000000-0x0000000800be1000-0x0000000800be1000), size 12455936, SharedBaseAddress: 0x0000000800000000, ArchiveRelocationMode: 0.
[0.005s][info][gc,metaspace] Compressed class space mapped at: 0x0000000800c00000-0x0000000840c00000, reserved size: 1073741824
[0.005s][info][gc,metaspace] Narrow klass base: 0x0000000800000000, Narrow klass shift: 0, Narrow klass range: 0x100000000
[1.027s][info][safepoint   ] Safepoint "Cleanup", Time since last: 1003273001 ns, Reaching safepoint: 931088 ns, At safepoint: 3900 ns, Total: 934988 ns
[1.687s][info][safepoint   ] Safepoint "ICBufferFull", Time since last: 655773171 ns, Reaching safepoint: 3998951 ns, At safepoint: 5700 ns, Total: 4004651 ns
[2.527s][info][gc,start    ] GC(0) Pause Young (Metadata GC Threshold)
[2.566s][debug][gc,phases   ] GC(0) Scavenge 34.476ms
[2.566s][debug][gc,ref      ] GC(0) Skipped phase 1 of Reference Processing: no references
[2.566s][debug][gc,ref      ] GC(0) ReferenceProcessor::execute queues: 3, RefProcThreadModel::Multi, marks_oops_alive: false
[2.567s][debug][gc,ref      ] GC(0) Skipped phase 3 of Reference Processing: no references
[2.567s][debug][gc,ref      ] GC(0) ReferenceProcessor::execute queues: 1, RefProcThreadModel::Single, marks_oops_alive: false
[2.567s][debug][gc,phases   ] GC(0) Reference Processing 0.423ms
[2.567s][debug][gc,phases   ] GC(0)   VM Weak                        Min:  0.0, Avg:  0.0, Max:  0.0, Diff:  0.0, Sum:  0.0, Workers: 4
[2.567s][debug][gc,phases   ] GC(0)     Dead                           Min: 0, Avg:  0.0, Max: 0, Diff: 0, Sum: 0, Workers: 4
[2.567s][debug][gc,phases   ] GC(0)     Total                          Min: 0, Avg: 55.8, Max: 128, Diff: 128, Sum: 223, Workers: 4
[2.567s][debug][gc,phases   ] GC(0)   ObjectSynchronizer Weak        Min:  0.0, Avg:  0.0, Max:  0.0, Diff:  0.0, Sum:  0.0, Workers: 4
[2.567s][debug][gc,phases   ] GC(0)     Dead                           Min: 0, Avg:  1.0, Max: 4, Diff: 4, Sum: 4, Workers: 4
[2.567s][debug][gc,phases   ] GC(0)     Total                          Min: 0, Avg:  2.2, Max: 9, Diff: 9, Sum: 9, Workers: 4
[2.567s][debug][gc,phases   ] GC(0)   JVMTI Tag Weak OopStorage      Min:  0.0, Avg:  0.0, Max:  0.0, Diff:  0.0, Sum:  0.0, Workers: 4
[2.567s][debug][gc,phases   ] GC(0)     Dead                           Min: 0, Avg:  0.0, Max: 0, Diff: 0, Sum: 0, Workers: 4
[2.567s][debug][gc,phases   ] GC(0)     Total                          Min: 0, Avg:  0.0, Max: 0, Diff: 0, Sum: 0, Workers: 4
[2.567s][debug][gc,phases   ] GC(0)   StringTable Weak               Min:  0.0, Avg:  0.1, Max:  0.2, Diff:  0.2, Sum:  0.3, Workers: 4
[2.567s][debug][gc,phases   ] GC(0)     Dead                           Min: 0, Avg:  6.5, Max: 24, Diff: 24, Sum: 26, Workers: 4
[2.567s][debug][gc,phases   ] GC(0)     Total                          Min: 0, Avg: 3275.5, Max: 6848, Diff: 6848, Sum: 13102, Workers: 4
[2.567s][debug][gc,phases   ] GC(0)   ResolvedMethodTable Weak       Min:  0.0, Avg:  0.0, Max:  0.0, Diff:  0.0, Sum:  0.0, Workers: 4
[2.567s][debug][gc,phases   ] GC(0)     Dead                           Min: 0, Avg: 20.2, Max: 49, Diff: 49, Sum: 81, Workers: 4
[2.567s][debug][gc,phases   ] GC(0)     Total                          Min: 0, Avg: 311.5, Max: 640, Diff: 640, Sum: 1246, Workers: 4
[2.567s][debug][gc,phases   ] GC(0)   JNI Weak                       Min:  0.0, Avg:  0.0, Max:  0.0, Diff:  0.0, Sum:  0.0, Workers: 4
[2.567s][debug][gc,phases   ] GC(0)     Dead                           Min: 0, Avg:  0.0, Max: 0, Diff: 0, Sum: 0, Workers: 4
[2.567s][debug][gc,phases   ] GC(0)     Total                          Min: 0, Avg: 11.2, Max: 45, Diff: 45, Sum: 45, Workers: 4
[2.567s][debug][gc,phases   ] GC(0)   StringDedup Table Weak         Min:  0.0, Avg:  0.0, Max:  0.0, Diff:  0.0, Sum:  0.0, Workers: 4
[2.567s][debug][gc,phases   ] GC(0)     Dead                           Min: 0, Avg:  0.0, Max: 0, Diff: 0, Sum: 0, Workers: 4
[2.567s][debug][gc,phases   ] GC(0)     Total                          Min: 0, Avg:  0.0, Max: 0, Diff: 0, Sum: 0, Workers: 4
[2.567s][debug][gc,phases   ] GC(0)   StringDedup Requests0 Weak     Min:  0.0, Avg:  0.0, Max:  0.0, Diff:  0.0, Sum:  0.0, Workers: 4
[2.567s][debug][gc,phases   ] GC(0)     Dead                           Min: 0, Avg:  0.0, Max: 0, Diff: 0, Sum: 0, Workers: 4
[2.567s][debug][gc,phases   ] GC(0)     Total                          Min: 0, Avg:  0.0, Max: 0, Diff: 0, Sum: 0, Workers: 4
[2.567s][debug][gc,phases   ] GC(0)   StringDedup Requests1 Weak     Min:  0.0, Avg:  0.0, Max:  0.0, Diff:  0.0, Sum:  0.0, Workers: 4
[2.567s][debug][gc,phases   ] GC(0)     Dead                           Min: 0, Avg:  0.0, Max: 0, Diff: 0, Sum: 0, Workers: 4
[2.567s][debug][gc,phases   ] GC(0)     Total                          Min: 0, Avg:  0.0, Max: 0, Diff: 0, Sum: 0, Workers: 4
[2.567s][debug][gc,phases   ] GC(0)   Weak JFR Old Object Samples    Min:  0.0, Avg:  0.0, Max:  0.0, Diff:  0.0, Sum:  0.0, Workers: 4
[2.567s][debug][gc,phases   ] GC(0)     Dead                           Min: 0, Avg:  0.0, Max: 0, Diff: 0, Sum: 0, Workers: 4
[2.567s][debug][gc,phases   ] GC(0)     Total                          Min: 0, Avg:  0.0, Max: 0, Diff: 0, Sum: 0, Workers: 4
[2.567s][debug][gc,phases   ] GC(0) Weak Processing 0.399ms
[2.567s][debug][gc,age      ] GC(0) Desired survivor size 536870912 bytes, new threshold 7 (max threshold 15)
[2.567s][info ][gc,heap     ] GC(0) PSYoungGen: 230700K(1572864K)->30772K(1572864K) Eden: 230700K(1048576K)->0K(1048576K) From: 0K(524288K)->30772K(524288K)
[2.567s][info ][gc,heap     ] GC(0) ParOldGen: 0K(6144K)->80K(6144K)
[2.567s][info ][gc,metaspace] GC(0) Metaspace: 21169K(21504K)->21169K(21504K) NonClass: 18653K(18816K)->18653K(18816K) Class: 2515K(2688K)->2515K(2688K)
[2.567s][info ][gc          ] GC(0) Pause Young (Metadata GC Threshold) 225M->30M(1542M) 39.743ms
[2.567s][info ][gc,cpu      ] GC(0) User=0.02s Sys=0.02s Real=0.04s
[2.567s][debug][gc,phases   ] GC(1) Pre Compact 0.014ms
[2.567s][info ][gc,start    ] GC(1) Pause Full (Metadata GC Threshold)
[2.567s][info ][gc,phases,start] GC(1) Marking Phase
[2.577s][debug][gc,phases      ] GC(1) Par Mark 9.486ms
[2.577s][debug][gc,ref         ] GC(1) Skipped phase 1 of Reference Processing: no references
[2.577s][debug][gc,ref         ] GC(1) ReferenceProcessor::execute queues: 3, RefProcThreadModel::Multi, marks_oops_alive: false
[2.577s][debug][gc,ref         ] GC(1) Skipped phase 3 of Reference Processing: no references
[2.577s][debug][gc,ref         ] GC(1) ReferenceProcessor::execute queues: 1, RefProcThreadModel::Single, marks_oops_alive: false
[2.577s][debug][gc,phases      ] GC(1) Reference Processing 0.337ms
[2.577s][debug][gc,phases      ] GC(1)   VM Weak                        Min:  0.0, Avg:  0.0, Max:  0.0, Diff:  0.0, Sum:  0.0, Workers: 4
[2.577s][debug][gc,phases      ] GC(1)     Dead                           Min: 0, Avg:  0.0, Max: 0, Diff: 0, Sum: 0, Workers: 4
[2.577s][debug][gc,phases      ] GC(1)     Total                          Min: 0, Avg: 55.8, Max: 128, Diff: 128, Sum: 223, Workers: 4
[2.577s][debug][gc,phases      ] GC(1)   ObjectSynchronizer Weak        Min:  0.0, Avg:  0.0, Max:  0.0, Diff:  0.0, Sum:  0.0, Workers: 4
[2.577s][debug][gc,phases      ] GC(1)     Dead                           Min: 0, Avg:  0.0, Max: 0, Diff: 0, Sum: 0, Workers: 4
[2.577s][debug][gc,phases      ] GC(1)     Total                          Min: 0, Avg:  2.2, Max: 9, Diff: 9, Sum: 9, Workers: 4
[2.577s][debug][gc,phases      ] GC(1)   JVMTI Tag Weak OopStorage      Min:  0.0, Avg:  0.0, Max:  0.0, Diff:  0.0, Sum:  0.0, Workers: 4
[2.577s][debug][gc,phases      ] GC(1)     Dead                           Min: 0, Avg:  0.0, Max: 0, Diff: 0, Sum: 0, Workers: 4
[2.577s][debug][gc,phases      ] GC(1)     Total                          Min: 0, Avg:  0.0, Max: 0, Diff: 0, Sum: 0, Workers: 4
[2.577s][debug][gc,phases      ] GC(1)   StringTable Weak               Min:  0.0, Avg:  0.0, Max:  0.1, Diff:  0.1, Sum:  0.1, Workers: 4
[2.577s][debug][gc,phases      ] GC(1)     Dead                           Min: 0, Avg:  0.0, Max: 0, Diff: 0, Sum: 0, Workers: 4
[2.577s][debug][gc,phases      ] GC(1)     Total                          Min: 0, Avg: 3275.5, Max: 6958, Diff: 6958, Sum: 13102, Workers: 4
[2.577s][debug][gc,phases      ] GC(1)   ResolvedMethodTable Weak       Min:  0.0, Avg:  0.0, Max:  0.0, Diff:  0.0, Sum:  0.0, Workers: 4
[2.577s][debug][gc,phases      ] GC(1)     Dead                           Min: 0, Avg:  0.0, Max: 0, Diff: 0, Sum: 0, Workers: 4
[2.577s][debug][gc,phases      ] GC(1)     Total                          Min: 0, Avg: 311.5, Max: 670, Diff: 670, Sum: 1246, Workers: 4
[2.577s][debug][gc,phases      ] GC(1)   JNI Weak                       Min:  0.0, Avg:  0.0, Max:  0.0, Diff:  0.0, Sum:  0.0, Workers: 4
[2.577s][debug][gc,phases      ] GC(1)     Dead                           Min: 0, Avg:  0.0, Max: 0, Diff: 0, Sum: 0, Workers: 4
[2.577s][debug][gc,phases      ] GC(1)     Total                          Min: 0, Avg: 11.2, Max: 45, Diff: 45, Sum: 45, Workers: 4
[2.577s][debug][gc,phases      ] GC(1)   StringDedup Table Weak         Min:  0.0, Avg:  0.0, Max:  0.0, Diff:  0.0, Sum:  0.0, Workers: 4
[2.577s][debug][gc,phases      ] GC(1)     Dead                           Min: 0, Avg:  0.0, Max: 0, Diff: 0, Sum: 0, Workers: 4
[2.577s][debug][gc,phases      ] GC(1)     Total                          Min: 0, Avg:  0.0, Max: 0, Diff: 0, Sum: 0, Workers: 4
[2.577s][debug][gc,phases      ] GC(1)   StringDedup Requests0 Weak     Min:  0.0, Avg:  0.0, Max:  0.0, Diff:  0.0, Sum:  0.0, Workers: 4
[2.577s][debug][gc,phases      ] GC(1)     Dead                           Min: 0, Avg:  0.0, Max: 0, Diff: 0, Sum: 0, Workers: 4
[2.577s][debug][gc,phases      ] GC(1)     Total                          Min: 0, Avg:  0.0, Max: 0, Diff: 0, Sum: 0, Workers: 4
[2.577s][debug][gc,phases      ] GC(1)   StringDedup Requests1 Weak     Min:  0.0, Avg:  0.0, Max:  0.0, Diff:  0.0, Sum:  0.0, Workers: 4
[2.577s][debug][gc,phases      ] GC(1)     Dead                           Min: 0, Avg:  0.0, Max: 0, Diff: 0, Sum: 0, Workers: 4
[2.577s][debug][gc,phases      ] GC(1)     Total                          Min: 0, Avg:  0.0, Max: 0, Diff: 0, Sum: 0, Workers: 4
[2.577s][debug][gc,phases      ] GC(1)   Weak JFR Old Object Samples    Min:  0.0, Avg:  0.0, Max:  0.0, Diff:  0.0, Sum:  0.0, Workers: 4
[2.577s][debug][gc,phases      ] GC(1)     Dead                           Min: 0, Avg:  0.0, Max: 0, Diff: 0, Sum: 0, Workers: 4
[2.577s][debug][gc,phases      ] GC(1)     Total                          Min: 0, Avg:  0.0, Max: 0, Diff: 0, Sum: 0, Workers: 4
[2.577s][debug][gc,phases      ] GC(1) Weak Processing 0.294ms
[2.577s][debug][gc,phases      ] GC(1) ClassLoaderData 0.011ms
[2.577s][debug][gc,phases      ] GC(1) Trigger cleanups 0.000ms
[2.581s][debug][gc,phases      ] GC(1) Class Unloading 3.358ms
[2.581s][info ][gc,phases      ] GC(1) Marking Phase 13.546ms
[2.581s][info ][gc,phases,start] GC(1) Summary Phase
[2.581s][info ][gc,phases      ] GC(1) Summary Phase 0.008ms
[2.581s][info ][gc,phases,start] GC(1) Adjust Roots
[2.590s][info ][gc,phases      ] GC(1) Adjust Roots 9.515ms
[2.590s][info ][gc,phases,start] GC(1) Compaction Phase
[2.623s][info ][gc,phases      ] GC(1) Compaction Phase 32.916ms
[2.623s][info ][gc,phases,start] GC(1) Post Compact
[2.624s][info ][gc,phases      ] GC(1) Post Compact 1.199ms
[2.624s][info ][gc,heap        ] GC(1) PSYoungGen: 30772K(1572864K)->25034K(1572864K) Eden: 0K(1048576K)->0K(1048576K) From: 30772K(524288K)->25034K(524288K)
[2.624s][info ][gc,heap        ] GC(1) ParOldGen: 80K(6144K)->5673K(6144K)
[2.624s][info ][gc,metaspace   ] GC(1) Metaspace: 21169K(21504K)->21169K(21504K) NonClass: 18653K(18816K)->18653K(18816K) Class: 2515K(2688K)->2515K(2688K)
[2.624s][info ][gc             ] GC(1) Pause Full (Metadata GC Threshold) 30M->29M(1542M) 57.294ms
[2.625s][info ][gc,cpu         ] GC(1) User=0.09s Sys=0.00s Real=0.05s
[2.625s][info ][safepoint      ] Safepoint "CollectForMetadataAllocation", Time since last: 840543118 ns, Reaching safepoint: 186898 ns, At safepoint: 97160113 ns, Total: 97347011 ns
[2.889s][info ][safepoint      ] Safepoint "ICBufferFull", Time since last: 264064473 ns, Reaching safepoint: 174498 ns, At safepoint: 8000 ns, Total: 182498 ns
[3.063s][info ][safepoint      ] Safepoint "ICBufferFull", Time since last: 173988974 ns, Reaching safepoint: 148798 ns, At safepoint: 5800 ns, Total: 154598 ns
[3.274s][info ][safepoint      ] Safepoint "ICBufferFull", Time since last: 210405629 ns, Reaching safepoint: 229797 ns, At safepoint: 9800 ns, Total: 239597 ns
[3.598s][info ][safepoint      ] Safepoint "ICBufferFull", Time since last: 323816748 ns, Reaching safepoint: 234897 ns, At safepoint: 12700 ns, Total: 247597 ns
[3.833s][info ][safepoint      ] Safepoint "ICBufferFull", Time since last: 235449127 ns, Reaching safepoint: 168698 ns, At safepoint: 6600 ns, Total: 175298 ns
[3.953s][info ][safepoint      ] Safepoint "ICBufferFull", Time since last: 119523841 ns, Reaching safepoint: 128199 ns, At safepoint: 2300 ns, Total: 130499 ns
[4.165s][info ][safepoint      ] Safepoint "ICBufferFull", Time since last: 212093712 ns, Reaching safepoint: 170698 ns, At safepoint: 2400 ns, Total: 173098 ns
[4.339s][info ][safepoint      ] Safepoint "ICBufferFull", Time since last: 173498483 ns, Reaching safepoint: 165998 ns, At safepoint: 5699 ns, Total: 171697 ns
[4.592s][info ][safepoint      ] Safepoint "ICBufferFull", Time since last: 252930218 ns, Reaching safepoint: 147498 ns, At safepoint: 6000 ns, Total: 153498 ns
[4.827s][info ][safepoint      ] Safepoint "ICBufferFull", Time since last: 235027837 ns, Reaching safepoint: 138398 ns, At safepoint: 6300 ns, Total: 144698 ns
[4.913s][info ][gc,start       ] GC(2) Pause Young (Metadata GC Threshold)
[4.970s][debug][gc,phases      ] GC(2) Scavenge 57.752ms
[4.971s][debug][gc,ref         ] GC(2) Skipped phase 1 of Reference Processing: no references
[4.971s][debug][gc,ref         ] GC(2) ReferenceProcessor::execute queues: 2, RefProcThreadModel::Multi, marks_oops_alive: false
[4.971s][debug][gc,ref         ] GC(2) Skipped phase 3 of Reference Processing: no references
[4.971s][debug][gc,ref         ] GC(2) ReferenceProcessor::execute queues: 1, RefProcThreadModel::Single, marks_oops_alive: false
[4.971s][debug][gc,phases      ] GC(2) Reference Processing 0.222ms
[4.971s][debug][gc,phases      ] GC(2)   VM Weak                        Min:  0.0, Avg:  0.0, Max:  0.0, Diff:  0.0, Sum:  0.0, Workers: 4
[4.971s][debug][gc,phases      ] GC(2)     Dead                           Min: 0, Avg:  0.0, Max: 0, Diff: 0, Sum: 0, Workers: 4
[4.971s][debug][gc,phases      ] GC(2)     Total                          Min: 0, Avg: 80.0, Max: 256, Diff: 256, Sum: 320, Workers: 4
[4.971s][debug][gc,phases      ] GC(2)   ObjectSynchronizer Weak        Min:  0.0, Avg:  0.0, Max:  0.0, Diff:  0.0, Sum:  0.0, Workers: 4
[4.971s][debug][gc,phases      ] GC(2)     Dead                           Min: 0, Avg:  0.0, Max: 0, Diff: 0, Sum: 0, Workers: 4
[4.971s][debug][gc,phases      ] GC(2)     Total                          Min: 0, Avg:  2.2, Max: 9, Diff: 9, Sum: 9, Workers: 4
[4.971s][debug][gc,phases      ] GC(2)   JVMTI Tag Weak OopStorage      Min:  0.0, Avg:  0.0, Max:  0.0, Diff:  0.0, Sum:  0.0, Workers: 4
[4.971s][debug][gc,phases      ] GC(2)     Dead                           Min: 0, Avg:  0.0, Max: 0, Diff: 0, Sum: 0, Workers: 4
[4.971s][debug][gc,phases      ] GC(2)     Total                          Min: 0, Avg:  0.0, Max: 0, Diff: 0, Sum: 0, Workers: 4
[4.971s][debug][gc,phases      ] GC(2)   StringTable Weak               Min:  0.0, Avg:  0.1, Max:  0.2, Diff:  0.2, Sum:  0.6, Workers: 4
[4.971s][debug][gc,phases      ] GC(2)     Dead                           Min: 0, Avg:  1.8, Max: 4, Diff: 4, Sum: 7, Workers: 4
[4.971s][debug][gc,phases      ] GC(2)     Total                          Min: 0, Avg: 6532.2, Max: 11153, Diff: 11153, Sum: 26129, Workers: 4
[4.971s][debug][gc,phases      ] GC(2)   ResolvedMethodTable Weak       Min:  0.0, Avg:  0.0, Max:  0.0, Diff:  0.0, Sum:  0.1, Workers: 4
[4.971s][debug][gc,phases      ] GC(2)     Dead                           Min: 0, Avg: 14.2, Max: 28, Diff: 28, Sum: 57, Workers: 4
[4.971s][debug][gc,phases      ] GC(2)     Total                          Min: 0, Avg: 600.8, Max: 1188, Diff: 1188, Sum: 2403, Workers: 4
[4.971s][debug][gc,phases      ] GC(2)   JNI Weak                       Min:  0.0, Avg:  0.0, Max:  0.0, Diff:  0.0, Sum:  0.0, Workers: 4
[4.971s][debug][gc,phases      ] GC(2)     Dead                           Min: 0, Avg:  0.0, Max: 0, Diff: 0, Sum: 0, Workers: 4
[4.971s][debug][gc,phases      ] GC(2)     Total                          Min: 0, Avg: 11.5, Max: 45, Diff: 45, Sum: 46, Workers: 4
[4.971s][debug][gc,phases      ] GC(2)   StringDedup Table Weak         Min:  0.0, Avg:  0.0, Max:  0.0, Diff:  0.0, Sum:  0.0, Workers: 4
[4.971s][debug][gc,phases      ] GC(2)     Dead                           Min: 0, Avg:  0.0, Max: 0, Diff: 0, Sum: 0, Workers: 4
[4.971s][debug][gc,phases      ] GC(2)     Total                          Min: 0, Avg:  0.0, Max: 0, Diff: 0, Sum: 0, Workers: 4
[4.971s][debug][gc,phases      ] GC(2)   StringDedup Requests0 Weak     Min:  0.0, Avg:  0.0, Max:  0.0, Diff:  0.0, Sum:  0.0, Workers: 4
[4.971s][debug][gc,phases      ] GC(2)     Dead                           Min: 0, Avg:  0.0, Max: 0, Diff: 0, Sum: 0, Workers: 4
[4.971s][debug][gc,phases      ] GC(2)     Total                          Min: 0, Avg:  0.0, Max: 0, Diff: 0, Sum: 0, Workers: 4
[4.971s][debug][gc,phases      ] GC(2)   StringDedup Requests1 Weak     Min:  0.0, Avg:  0.0, Max:  0.0, Diff:  0.0, Sum:  0.0, Workers: 4
[4.971s][debug][gc,phases      ] GC(2)     Dead                           Min: 0, Avg:  0.0, Max: 0, Diff: 0, Sum: 0, Workers: 4
[4.971s][debug][gc,phases      ] GC(2)     Total                          Min: 0, Avg:  0.0, Max: 0, Diff: 0, Sum: 0, Workers: 4
[4.971s][debug][gc,phases      ] GC(2)   Weak JFR Old Object Samples    Min:  0.0, Avg:  0.0, Max:  0.0, Diff:  0.0, Sum:  0.0, Workers: 4
[4.971s][debug][gc,phases      ] GC(2)     Dead                           Min: 0, Avg:  0.0, Max: 0, Diff: 0, Sum: 0, Workers: 4
[4.971s][debug][gc,phases      ] GC(2)     Total                          Min: 0, Avg:  0.0, Max: 0, Diff: 0, Sum: 0, Workers: 4
[4.971s][debug][gc,phases      ] GC(2) Weak Processing 0.367ms
[4.971s][debug][gc,age         ] GC(2) Desired survivor size 536870912 bytes, new threshold 7 (max threshold 15)
[4.971s][info ][gc,heap        ] GC(2) PSYoungGen: 549348K(1572864K)->85042K(1572864K) Eden: 524314K(1048576K)->0K(1048576K) From: 25034K(524288K)->85042K(524288K)
[4.971s][info ][gc,heap        ] GC(2) ParOldGen: 5673K(6144K)->5681K(6144K)
[4.971s][info ][gc,metaspace   ] GC(2) Metaspace: 35401K(35840K)->35401K(35840K) NonClass: 30697K(30912K)->30697K(30912K) Class: 4703K(4928K)->4703K(4928K)
[4.971s][info ][gc             ] GC(2) Pause Young (Metadata GC Threshold) 542M->88M(1542M) 58.442ms
[4.971s][info ][gc,cpu         ] GC(2) User=0.17s Sys=0.03s Real=0.06s
[4.971s][debug][gc,phases      ] GC(3) Pre Compact 0.007ms
[4.971s][info ][gc,start       ] GC(3) Pause Full (Metadata GC Threshold)
[4.971s][info ][gc,phases,start] GC(3) Marking Phase
[5.010s][debug][gc,phases      ] GC(3) Par Mark 38.278ms
[5.010s][debug][gc,ref         ] GC(3) Skipped phase 1 of Reference Processing: no references
[5.010s][debug][gc,ref         ] GC(3) ReferenceProcessor::execute queues: 4, RefProcThreadModel::Multi, marks_oops_alive: false
[5.010s][debug][gc,ref         ] GC(3) Skipped phase 3 of Reference Processing: no references
[5.010s][debug][gc,ref         ] GC(3) ReferenceProcessor::execute queues: 1, RefProcThreadModel::Single, marks_oops_alive: false
[5.010s][debug][gc,phases      ] GC(3) Reference Processing 0.525ms
[5.010s][debug][gc,phases      ] GC(3)   VM Weak                        Min:  0.0, Avg:  0.0, Max:  0.0, Diff:  0.0, Sum:  0.0, Workers: 4
[5.010s][debug][gc,phases      ] GC(3)     Dead                           Min: 0, Avg:  0.0, Max: 0, Diff: 0, Sum: 0, Workers: 4
[5.010s][debug][gc,phases      ] GC(3)     Total                          Min: 0, Avg: 80.0, Max: 320, Diff: 320, Sum: 320, Workers: 4
[5.010s][debug][gc,phases      ] GC(3)   ObjectSynchronizer Weak        Min:  0.0, Avg:  0.0, Max:  0.0, Diff:  0.0, Sum:  0.0, Workers: 4
[5.010s][debug][gc,phases      ] GC(3)     Dead                           Min: 0, Avg:  0.0, Max: 0, Diff: 0, Sum: 0, Workers: 4
[5.010s][debug][gc,phases      ] GC(3)     Total                          Min: 0, Avg:  2.2, Max: 9, Diff: 9, Sum: 9, Workers: 4
[5.010s][debug][gc,phases      ] GC(3)   JVMTI Tag Weak OopStorage      Min:  0.0, Avg:  0.0, Max:  0.0, Diff:  0.0, Sum:  0.0, Workers: 4
[5.010s][debug][gc,phases      ] GC(3)     Dead                           Min: 0, Avg:  0.0, Max: 0, Diff: 0, Sum: 0, Workers: 4
[5.010s][debug][gc,phases      ] GC(3)     Total                          Min: 0, Avg:  0.0, Max: 0, Diff: 0, Sum: 0, Workers: 4
[5.010s][debug][gc,phases      ] GC(3)   StringTable Weak               Min:  0.0, Avg:  0.1, Max:  0.1, Diff:  0.1, Sum:  0.3, Workers: 4
[5.010s][debug][gc,phases      ] GC(3)     Dead                           Min: 0, Avg:  0.0, Max: 0, Diff: 0, Sum: 0, Workers: 4
[5.010s][debug][gc,phases      ] GC(3)     Total                          Min: 0, Avg: 6532.2, Max: 9041, Diff: 9041, Sum: 26129, Workers: 4
[5.010s][debug][gc,phases      ] GC(3)   ResolvedMethodTable Weak       Min:  0.0, Avg:  0.0, Max:  0.0, Diff:  0.0, Sum:  0.0, Workers: 4
[5.010s][debug][gc,phases      ] GC(3)     Dead                           Min: 0, Avg:  0.0, Max: 0, Diff: 0, Sum: 0, Workers: 4
[5.010s][debug][gc,phases      ] GC(3)     Total                          Min: 0, Avg: 600.8, Max: 868, Diff: 868, Sum: 2403, Workers: 4
[5.010s][debug][gc,phases      ] GC(3)   JNI Weak                       Min:  0.0, Avg:  0.0, Max:  0.0, Diff:  0.0, Sum:  0.0, Workers: 4
[5.010s][debug][gc,phases      ] GC(3)     Dead                           Min: 0, Avg:  0.0, Max: 0, Diff: 0, Sum: 0, Workers: 4
[5.010s][debug][gc,phases      ] GC(3)     Total                          Min: 0, Avg: 11.5, Max: 45, Diff: 45, Sum: 46, Workers: 4
[5.010s][debug][gc,phases      ] GC(3)   StringDedup Table Weak         Min:  0.0, Avg:  0.0, Max:  0.0, Diff:  0.0, Sum:  0.0, Workers: 4
[5.010s][debug][gc,phases      ] GC(3)     Dead                           Min: 0, Avg:  0.0, Max: 0, Diff: 0, Sum: 0, Workers: 4
[5.010s][debug][gc,phases      ] GC(3)     Total                          Min: 0, Avg:  0.0, Max: 0, Diff: 0, Sum: 0, Workers: 4
[5.010s][debug][gc,phases      ] GC(3)   StringDedup Requests0 Weak     Min:  0.0, Avg:  0.0, Max:  0.0, Diff:  0.0, Sum:  0.0, Workers: 4
[5.010s][debug][gc,phases      ] GC(3)     Dead                           Min: 0, Avg:  0.0, Max: 0, Diff: 0, Sum: 0, Workers: 4
[5.010s][debug][gc,phases      ] GC(3)     Total                          Min: 0, Avg:  0.0, Max: 0, Diff: 0, Sum: 0, Workers: 4
[5.010s][debug][gc,phases      ] GC(3)   StringDedup Requests1 Weak     Min:  0.0, Avg:  0.0, Max:  0.0, Diff:  0.0, Sum:  0.0, Workers: 4
[5.010s][debug][gc,phases      ] GC(3)     Dead                           Min: 0, Avg:  0.0, Max: 0, Diff: 0, Sum: 0, Workers: 4
[5.010s][debug][gc,phases      ] GC(3)     Total                          Min: 0, Avg:  0.0, Max: 0, Diff: 0, Sum: 0, Workers: 4
[5.010s][debug][gc,phases      ] GC(3)   Weak JFR Old Object Samples    Min:  0.0, Avg:  0.0, Max:  0.0, Diff:  0.0, Sum:  0.0, Workers: 4
[5.010s][debug][gc,phases      ] GC(3)     Dead                           Min: 0, Avg:  0.0, Max: 0, Diff: 0, Sum: 0, Workers: 4
[5.010s][debug][gc,phases      ] GC(3)     Total                          Min: 0, Avg:  0.0, Max: 0, Diff: 0, Sum: 0, Workers: 4
[5.010s][debug][gc,phases      ] GC(3) Weak Processing 0.263ms
[5.010s][debug][gc,phases      ] GC(3) ClassLoaderData 0.035ms
[5.010s][debug][gc,phases      ] GC(3) Trigger cleanups 0.000ms
[5.015s][debug][gc,phases      ] GC(3) Class Unloading 5.112ms
[5.015s][info ][gc,phases      ] GC(3) Marking Phase 44.274ms
[5.015s][info ][gc,phases,start] GC(3) Summary Phase
[5.015s][info ][gc,phases      ] GC(3) Summary Phase 0.006ms
[5.015s][info ][gc,phases,start] GC(3) Adjust Roots
[5.022s][info ][gc,phases      ] GC(3) Adjust Roots 6.971ms
[5.022s][info ][gc,phases,start] GC(3) Compaction Phase
[5.408s][info ][gc,phases      ] GC(3) Compaction Phase 385.174ms
[5.408s][info ][gc,phases,start] GC(3) Post Compact
[5.408s][info ][gc,phases      ] GC(3) Post Compact 0.654ms
[5.408s][info ][gc,heap        ] GC(3) PSYoungGen: 85042K(1572864K)->84324K(1572864K) Eden: 0K(1048576K)->0K(1048576K) From: 85042K(524288K)->84324K(524288K)
[5.408s][info ][gc,heap        ] GC(3) ParOldGen: 5681K(6144K)->6102K(6144K)
[5.408s][info ][gc,metaspace   ] GC(3) Metaspace: 35401K(35840K)->35401K(35840K) NonClass: 30697K(30912K)->30697K(30912K) Class: 4703K(4928K)->4703K(4928K)
[5.408s][info ][gc             ] GC(3) Pause Full (Metadata GC Threshold) 88M->88M(1542M) 437.168ms
[5.408s][info ][gc,cpu         ] GC(3) User=0.86s Sys=0.01s Real=0.44s
[5.408s][info ][safepoint      ] Safepoint "CollectForMetadataAllocation", Time since last: 85483558 ns, Reaching safepoint: 74299 ns, At safepoint: 495734761 ns, Total: 495809060 ns
[5.618s][info ][safepoint      ] Safepoint "ICBufferFull", Time since last: 209330253 ns, Reaching safepoint: 205197 ns, At safepoint: 4700 ns, Total: 209897 ns
[6.391s][info ][safepoint      ] Safepoint "ICBufferFull", Time since last: 772936496 ns, Reaching safepoint: 189697 ns, At safepoint: 1900 ns, Total: 191597 ns
[6.641s][info ][safepoint      ] Safepoint "ICBufferFull", Time since last: 249268571 ns, Reaching safepoint: 153699 ns, At safepoint: 9599 ns, Total: 163298 ns
[6.782s][info ][safepoint      ] Safepoint "ICBufferFull", Time since last: 140981987 ns, Reaching safepoint: 138499 ns, At safepoint: 7700 ns, Total: 146199 ns
[7.051s][info ][safepoint      ] Safepoint "ICBufferFull", Time since last: 268927432 ns, Reaching safepoint: 158098 ns, At safepoint: 6100 ns, Total: 164198 ns
[7.575s][info ][safepoint      ] Safepoint "ICBufferFull", Time since last: 523786239 ns, Reaching safepoint: 210197 ns, At safepoint: 2000 ns, Total: 212197 ns
[7.993s][info ][safepoint      ] Safepoint "ICBufferFull", Time since last: 418187126 ns, Reaching safepoint: 160198 ns, At safepoint: 3300 ns, Total: 163498 ns
[8.322s][info ][safepoint      ] Safepoint "ICBufferFull", Time since last: 328963308 ns, Reaching safepoint: 268297 ns, At safepoint: 3700 ns, Total: 271997 ns
[9.474s][info ][safepoint      ] Safepoint "ICBufferFull", Time since last: 1151345350 ns, Reaching safepoint: 347496 ns, At safepoint: 2700 ns, Total: 350196 ns
[9.765s][debug][gc,phases      ] GC(4) Pre Compact 0.020ms
[9.765s][info ][gc,start       ] GC(4) Pause Full (Metadata GC Threshold)
[9.765s][info ][gc,phases,start] GC(4) Marking Phase
[9.868s][debug][gc,phases      ] GC(4) Par Mark 102.311ms
[9.868s][debug][gc,ref         ] GC(4) Skipped phase 1 of Reference Processing: no references
[9.868s][debug][gc,ref         ] GC(4) ReferenceProcessor::execute queues: 4, RefProcThreadModel::Multi, marks_oops_alive: false
[9.876s][debug][gc,ref         ] GC(4) Skipped phase 3 of Reference Processing: no references
[9.877s][debug][gc,ref         ] GC(4) ReferenceProcessor::execute queues: 4, RefProcThreadModel::Multi, marks_oops_alive: false
[9.879s][debug][gc,phases      ] GC(4) Reference Processing 11.091ms
[9.879s][debug][gc,phases      ] GC(4)   VM Weak                        Min:  0.0, Avg:  0.0, Max:  0.0, Diff:  0.0, Sum:  0.0, Workers: 4
[9.879s][debug][gc,phases      ] GC(4)     Dead                           Min: 0, Avg:  0.0, Max: 0, Diff: 0, Sum: 0, Workers: 4
[9.879s][debug][gc,phases      ] GC(4)     Total                          Min: 0, Avg: 137.0, Max: 320, Diff: 320, Sum: 548, Workers: 4
[9.879s][debug][gc,phases      ] GC(4)   ObjectSynchronizer Weak        Min:  0.0, Avg:  0.0, Max:  0.0, Diff:  0.0, Sum:  0.0, Workers: 4
[9.879s][debug][gc,phases      ] GC(4)     Dead                           Min: 0, Avg:  0.2, Max: 1, Diff: 1, Sum: 1, Workers: 4
[9.879s][debug][gc,phases      ] GC(4)     Total                          Min: 0, Avg:  3.8, Max: 15, Diff: 15, Sum: 15, Workers: 4
[9.879s][debug][gc,phases      ] GC(4)   JVMTI Tag Weak OopStorage      Min:  0.0, Avg:  0.0, Max:  0.0, Diff:  0.0, Sum:  0.0, Workers: 4
[9.879s][debug][gc,phases      ] GC(4)     Dead                           Min: 0, Avg:  0.0, Max: 0, Diff: 0, Sum: 0, Workers: 4
[9.879s][debug][gc,phases      ] GC(4)     Total                          Min: 0, Avg:  0.0, Max: 0, Diff: 0, Sum: 0, Workers: 4
[9.879s][debug][gc,phases      ] GC(4)   StringTable Weak               Min:  0.0, Avg:  0.1, Max:  0.2, Diff:  0.2, Sum:  0.5, Workers: 4
[9.879s][debug][gc,phases      ] GC(4)     Dead                           Min: 0, Avg:  5.8, Max: 12, Diff: 12, Sum: 23, Workers: 4
[9.879s][debug][gc,phases      ] GC(4)     Total                          Min: 0, Avg: 8997.5, Max: 18198, Diff: 18198, Sum: 35990, Workers: 4
[9.879s][debug][gc,phases      ] GC(4)   ResolvedMethodTable Weak       Min:  0.0, Avg:  0.0, Max:  0.0, Diff:  0.0, Sum:  0.1, Workers: 4
[9.879s][debug][gc,phases      ] GC(4)     Dead                           Min: 0, Avg: 89.5, Max: 190, Diff: 190, Sum: 358, Workers: 4
[9.879s][debug][gc,phases      ] GC(4)     Total                          Min: 0, Avg: 1656.8, Max: 3363, Diff: 3363, Sum: 6627, Workers: 4
[9.879s][debug][gc,phases      ] GC(4)   JNI Weak                       Min:  0.0, Avg:  0.0, Max:  0.0, Diff:  0.0, Sum:  0.0, Workers: 4
[9.879s][debug][gc,phases      ] GC(4)     Dead                           Min: 0, Avg:  0.0, Max: 0, Diff: 0, Sum: 0, Workers: 4
[9.879s][debug][gc,phases      ] GC(4)     Total                          Min: 0, Avg: 11.5, Max: 46, Diff: 46, Sum: 46, Workers: 4
[9.879s][debug][gc,phases      ] GC(4)   StringDedup Table Weak         Min:  0.0, Avg:  0.0, Max:  0.0, Diff:  0.0, Sum:  0.0, Workers: 4
[9.879s][debug][gc,phases      ] GC(4)     Dead                           Min: 0, Avg:  0.0, Max: 0, Diff: 0, Sum: 0, Workers: 4
[9.879s][debug][gc,phases      ] GC(4)     Total                          Min: 0, Avg:  0.0, Max: 0, Diff: 0, Sum: 0, Workers: 4
[9.879s][debug][gc,phases      ] GC(4)   StringDedup Requests0 Weak     Min:  0.0, Avg:  0.0, Max:  0.0, Diff:  0.0, Sum:  0.0, Workers: 4
[9.879s][debug][gc,phases      ] GC(4)     Dead                           Min: 0, Avg:  0.0, Max: 0, Diff: 0, Sum: 0, Workers: 4
[9.879s][debug][gc,phases      ] GC(4)     Total                          Min: 0, Avg:  0.0, Max: 0, Diff: 0, Sum: 0, Workers: 4
[9.879s][debug][gc,phases      ] GC(4)   StringDedup Requests1 Weak     Min:  0.0, Avg:  0.0, Max:  0.0, Diff:  0.0, Sum:  0.0, Workers: 4
[9.879s][debug][gc,phases      ] GC(4)     Dead                           Min: 0, Avg:  0.0, Max: 0, Diff: 0, Sum: 0, Workers: 4
[9.879s][debug][gc,phases      ] GC(4)     Total                          Min: 0, Avg:  0.0, Max: 0, Diff: 0, Sum: 0, Workers: 4
[9.879s][debug][gc,phases      ] GC(4)   Weak JFR Old Object Samples    Min:  0.0, Avg:  0.0, Max:  0.0, Diff:  0.0, Sum:  0.0, Workers: 4
[9.879s][debug][gc,phases      ] GC(4)     Dead                           Min: 0, Avg:  0.0, Max: 0, Diff: 0, Sum: 0, Workers: 4
[9.879s][debug][gc,phases      ] GC(4)     Total                          Min: 0, Avg:  0.0, Max: 0, Diff: 0, Sum: 0, Workers: 4
[9.879s][debug][gc,phases      ] GC(4) Weak Processing 0.487ms
[9.879s][debug][gc,phases      ] GC(4) ClassLoaderData 0.060ms
[9.879s][debug][gc,phases      ] GC(4) Trigger cleanups 0.000ms
[9.889s][debug][gc,phases      ] GC(4) Class Unloading 9.481ms
[9.889s][info ][gc,phases      ] GC(4) Marking Phase 123.496ms
[9.889s][info ][gc,phases,start] GC(4) Summary Phase
[9.889s][info ][gc,phases      ] GC(4) Summary Phase 0.033ms
[9.889s][info ][gc,phases,start] GC(4) Adjust Roots
[9.912s][info ][gc,phases      ] GC(4) Adjust Roots 22.951ms
[9.912s][info ][gc,phases,start] GC(4) Compaction Phase
[10.167s][info ][gc,phases      ] GC(4) Compaction Phase 254.767ms
[10.167s][info ][gc,phases,start] GC(4) Post Compact
[10.170s][info ][gc,phases      ] GC(4) Post Compact 3.396ms
[10.170s][info ][gc,heap        ] GC(4) PSYoungGen: 1066530K(1572864K)->116401K(1572864K) Eden: 982205K(1048576K)->116401K(1048576K) From: 84324K(524288K)->0K(524288K)
[10.170s][info ][gc,heap        ] GC(4) ParOldGen: 6102K(6144K)->6138K(6144K)
[10.170s][info ][gc,metaspace   ] GC(4) Metaspace: 59058K(59776K)->59058K(59776K) NonClass: 50265K(50624K)->50265K(50624K) Class: 8793K(9152K)->8793K(9152K)
[10.170s][info ][gc             ] GC(4) Pause Full (Metadata GC Threshold) 1047M->119M(1542M) 404.782ms
[10.170s][info ][gc,cpu         ] GC(4) User=0.73s Sys=0.01s Real=0.41s
[10.174s][info ][safepoint      ] Safepoint "CollectForMetadataAllocation", Time since last: 291065278 ns, Reaching safepoint: 130498 ns, At safepoint: 408849153 ns, Total: 408979651 ns
[11.899s][info ][safepoint      ] Safepoint "Cleanup", Time since last: 1719889423 ns, Reaching safepoint: 4839742 ns, At safepoint: 16999 ns, Total: 4856741 ns
[14.139s][info ][safepoint      ] Safepoint "Cleanup", Time since last: 2239789815 ns, Reaching safepoint: 87799 ns, At safepoint: 2400 ns, Total: 90199 ns
[15.144s][info ][safepoint      ] Safepoint "Cleanup", Time since last: 1000091278 ns, Reaching safepoint: 5413835 ns, At safepoint: 15600 ns, Total: 5429435 ns
[15.410s][debug][gc,phases      ] GC(5) Pre Compact 0.022ms
[15.410s][info ][gc,start       ] GC(5) Pause Full (Ergonomics)
[15.410s][info ][gc,phases,start] GC(5) Marking Phase
[15.928s][debug][gc,phases      ] GC(5) Par Mark 517.157ms
[15.928s][debug][gc,ref         ] GC(5) Skipped phase 1 of Reference Processing: no references
[15.928s][debug][gc,ref         ] GC(5) ReferenceProcessor::execute queues: 4, RefProcThreadModel::Multi, marks_oops_alive: false
[15.929s][debug][gc,ref         ] GC(5) Skipped phase 3 of Reference Processing: no references
[15.929s][debug][gc,ref         ] GC(5) ReferenceProcessor::execute queues: 1, RefProcThreadModel::Single, marks_oops_alive: false
[15.929s][debug][gc,phases      ] GC(5) Reference Processing 0.838ms
[15.929s][debug][gc,phases      ] GC(5)   VM Weak                        Min:  0.0, Avg:  0.0, Max:  0.0, Diff:  0.0, Sum:  0.0, Workers: 4
[15.929s][debug][gc,phases      ] GC(5)     Dead                           Min: 0, Avg:  0.2, Max: 1, Diff: 1, Sum: 1, Workers: 4
[15.929s][debug][gc,phases      ] GC(5)     Total                          Min: 0, Avg: 142.8, Max: 384, Diff: 384, Sum: 571, Workers: 4
[15.929s][debug][gc,phases      ] GC(5)   ObjectSynchronizer Weak        Min:  0.0, Avg:  0.0, Max:  0.0, Diff:  0.0, Sum:  0.0, Workers: 4
[15.929s][debug][gc,phases      ] GC(5)     Dead                           Min: 0, Avg:  0.0, Max: 0, Diff: 0, Sum: 0, Workers: 4
[15.929s][debug][gc,phases      ] GC(5)     Total                          Min: 0, Avg:  4.2, Max: 17, Diff: 17, Sum: 17, Workers: 4
[15.929s][debug][gc,phases      ] GC(5)   JVMTI Tag Weak OopStorage      Min:  0.0, Avg:  0.0, Max:  0.0, Diff:  0.0, Sum:  0.0, Workers: 4
[15.929s][debug][gc,phases      ] GC(5)     Dead                           Min: 0, Avg:  0.0, Max: 0, Diff: 0, Sum: 0, Workers: 4
[15.929s][debug][gc,phases      ] GC(5)     Total                          Min: 0, Avg:  0.0, Max: 0, Diff: 0, Sum: 0, Workers: 4
[15.929s][debug][gc,phases      ] GC(5)   StringTable Weak               Min:  0.0, Avg:  0.1, Max:  0.2, Diff:  0.2, Sum:  0.5, Workers: 4
[15.929s][debug][gc,phases      ] GC(5)     Dead                           Min: 0, Avg:  1.2, Max: 3, Diff: 3, Sum: 5, Workers: 4
[15.929s][debug][gc,phases      ] GC(5)     Total                          Min: 0, Avg: 9084.2, Max: 13056, Diff: 13056, Sum: 36337, Workers: 4
[15.929s][debug][gc,phases      ] GC(5)   ResolvedMethodTable Weak       Min:  0.0, Avg:  0.0, Max:  0.0, Diff:  0.0, Sum:  0.1, Workers: 4
[15.929s][debug][gc,phases      ] GC(5)     Dead                           Min: 0, Avg:  8.2, Max: 26, Diff: 26, Sum: 33, Workers: 4
[15.929s][debug][gc,phases      ] GC(5)     Total                          Min: 0, Avg: 1618.8, Max: 2254, Diff: 2254, Sum: 6475, Workers: 4
[15.929s][debug][gc,phases      ] GC(5)   JNI Weak                       Min:  0.0, Avg:  0.0, Max:  0.0, Diff:  0.0, Sum:  0.0, Workers: 4
[15.929s][debug][gc,phases      ] GC(5)     Dead                           Min: 0, Avg:  0.0, Max: 0, Diff: 0, Sum: 0, Workers: 4
[15.929s][debug][gc,phases      ] GC(5)     Total                          Min: 0, Avg: 11.5, Max: 45, Diff: 45, Sum: 46, Workers: 4
[15.929s][debug][gc,phases      ] GC(5)   StringDedup Table Weak         Min:  0.0, Avg:  0.0, Max:  0.0, Diff:  0.0, Sum:  0.0, Workers: 4
[15.929s][debug][gc,phases      ] GC(5)     Dead                           Min: 0, Avg:  0.0, Max: 0, Diff: 0, Sum: 0, Workers: 4
[15.929s][debug][gc,phases      ] GC(5)     Total                          Min: 0, Avg:  0.0, Max: 0, Diff: 0, Sum: 0, Workers: 4
[15.929s][debug][gc,phases      ] GC(5)   StringDedup Requests0 Weak     Min:  0.0, Avg:  0.0, Max:  0.0, Diff:  0.0, Sum:  0.0, Workers: 4
[15.929s][debug][gc,phases      ] GC(5)     Dead                           Min: 0, Avg:  0.0, Max: 0, Diff: 0, Sum: 0, Workers: 4
[15.929s][debug][gc,phases      ] GC(5)     Total                          Min: 0, Avg:  0.0, Max: 0, Diff: 0, Sum: 0, Workers: 4
[15.929s][debug][gc,phases      ] GC(5)   StringDedup Requests1 Weak     Min:  0.0, Avg:  0.0, Max:  0.0, Diff:  0.0, Sum:  0.0, Workers: 4
[15.929s][debug][gc,phases      ] GC(5)     Dead                           Min: 0, Avg:  0.0, Max: 0, Diff: 0, Sum: 0, Workers: 4
[15.929s][debug][gc,phases      ] GC(5)     Total                          Min: 0, Avg:  0.0, Max: 0, Diff: 0, Sum: 0, Workers: 4
[15.929s][debug][gc,phases      ] GC(5)   Weak JFR Old Object Samples    Min:  0.0, Avg:  0.0, Max:  0.0, Diff:  0.0, Sum:  0.0, Workers: 4
[15.929s][debug][gc,phases      ] GC(5)     Dead                           Min: 0, Avg:  0.0, Max: 0, Diff: 0, Sum: 0, Workers: 4
[15.929s][debug][gc,phases      ] GC(5)     Total                          Min: 0, Avg:  0.0, Max: 0, Diff: 0, Sum: 0, Workers: 4
[15.929s][debug][gc,phases      ] GC(5) Weak Processing 0.407ms
[15.929s][debug][gc,phases      ] GC(5) ClassLoaderData 0.153ms
[15.929s][debug][gc,phases      ] GC(5) Trigger cleanups 0.001ms
[15.946s][debug][gc,phases      ] GC(5) Class Unloading 16.778ms
[15.946s][info ][gc,phases      ] GC(5) Marking Phase 535.325ms
[15.946s][info ][gc,phases,start] GC(5) Summary Phase
[15.946s][info ][gc,phases      ] GC(5) Summary Phase 0.032ms
[15.946s][info ][gc,phases,start] GC(5) Adjust Roots
[15.960s][info ][gc,phases      ] GC(5) Adjust Roots 14.494ms
[15.960s][info ][gc,phases,start] GC(5) Compaction Phase
[17.104s][info ][gc,phases      ] GC(5) Compaction Phase 1143.724ms
[17.104s][info ][gc,phases,start] GC(5) Post Compact
[17.107s][info ][gc,phases      ] GC(5) Post Compact 2.710ms
[17.107s][info ][gc,heap        ] GC(5) PSYoungGen: 1048576K(1572864K)->698050K(1572864K) Eden: 1048576K(1048576K)->698050K(1048576K) From: 0K(524288K)->0K(524288K)
[17.107s][info ][gc,heap        ] GC(5) ParOldGen: 6138K(6144K)->6135K(18944K)
[17.107s][info ][gc,metaspace   ] GC(5) Metaspace: 60265K(60992K)->60263K(60992K) NonClass: 51318K(51712K)->51317K(51712K) Class: 8947K(9280K)->8946K(9280K)
[17.107s][info ][gc             ] GC(5) Pause Full (Ergonomics) 1029M->687M(1554M) 1696.462ms
[17.107s][info ][gc,cpu         ] GC(5) User=3.92s Sys=0.00s Real=1.70s
[17.107s][info ][safepoint      ] Safepoint "ParallelGCFailedAllocation", Time since last: 266045004 ns, Reaching safepoint: 145398 ns, At safepoint: 1696580853 ns, Total: 1696726251 ns
[17.516s][info ][safepoint      ] Safepoint "ICBufferFull", Time since last: 408611905 ns, Reaching safepoint: 162599 ns, At safepoint: 3799 ns, Total: 166398 ns
[17.983s][info ][safepoint      ] Safepoint "ICBufferFull", Time since last: 466907413 ns, Reaching safepoint: 163198 ns, At safepoint: 6400 ns, Total: 169598 ns
[18.588s][info ][safepoint      ] Safepoint "ICBufferFull", Time since last: 604970264 ns, Reaching safepoint: 376095 ns, At safepoint: 7900 ns, Total: 383995 ns
[18.631s][info ][gc,start       ] GC(6) Pause Young (Allocation Failure)
[19.391s][debug][gc,phases      ] GC(6) Scavenge 759.500ms
[19.391s][debug][gc,ref         ] GC(6) Skipped phase 1 of Reference Processing: no references
[19.391s][debug][gc,ref         ] GC(6) ReferenceProcessor::execute queues: 4, RefProcThreadModel::Multi, marks_oops_alive: false
[19.392s][debug][gc,ref         ] GC(6) Skipped phase 3 of Reference Processing: no references
[19.392s][debug][gc,ref         ] GC(6) ReferenceProcessor::execute queues: 1, RefProcThreadModel::Single, marks_oops_alive: false
[19.392s][debug][gc,phases      ] GC(6) Reference Processing 0.916ms
[19.393s][debug][gc,phases      ] GC(6)   VM Weak                        Min:  0.0, Avg:  0.0, Max:  0.0, Diff:  0.0, Sum:  0.0, Workers: 4
[19.393s][debug][gc,phases      ] GC(6)     Dead                           Min: 0, Avg:  0.0, Max: 0, Diff: 0, Sum: 0, Workers: 4
[19.393s][debug][gc,phases      ] GC(6)     Total                          Min: 0, Avg: 148.2, Max: 593, Diff: 593, Sum: 593, Workers: 4
[19.393s][debug][gc,phases      ] GC(6)   ObjectSynchronizer Weak        Min:  0.0, Avg:  0.0, Max:  0.0, Diff:  0.0, Sum:  0.0, Workers: 4
[19.393s][debug][gc,phases      ] GC(6)     Dead                           Min: 0, Avg:  0.0, Max: 0, Diff: 0, Sum: 0, Workers: 4
[19.393s][debug][gc,phases      ] GC(6)     Total                          Min: 0, Avg:  4.2, Max: 17, Diff: 17, Sum: 17, Workers: 4
[19.393s][debug][gc,phases      ] GC(6)   JVMTI Tag Weak OopStorage      Min:  0.0, Avg:  0.0, Max:  0.0, Diff:  0.0, Sum:  0.0, Workers: 4
[19.393s][debug][gc,phases      ] GC(6)     Dead                           Min: 0, Avg:  0.0, Max: 0, Diff: 0, Sum: 0, Workers: 4
[19.393s][debug][gc,phases      ] GC(6)     Total                          Min: 0, Avg:  0.0, Max: 0, Diff: 0, Sum: 0, Workers: 4
[19.393s][debug][gc,phases      ] GC(6)   StringTable Weak               Min:  0.0, Avg:  0.2, Max:  0.7, Diff:  0.7, Sum:  0.7, Workers: 4
[19.393s][debug][gc,phases      ] GC(6)     Dead                           Min: 0, Avg:  1.5, Max: 6, Diff: 6, Sum: 6, Workers: 4
[19.393s][debug][gc,phases      ] GC(6)     Total                          Min: 0, Avg: 9158.8, Max: 36635, Diff: 36635, Sum: 36635, Workers: 4
[19.393s][debug][gc,phases      ] GC(6)   ResolvedMethodTable Weak       Min:  0.0, Avg:  0.0, Max:  0.2, Diff:  0.2, Sum:  0.2, Workers: 4
[19.393s][debug][gc,phases      ] GC(6)     Dead                           Min: 0, Avg: 12.0, Max: 48, Diff: 48, Sum: 48, Workers: 4
[19.393s][debug][gc,phases      ] GC(6)     Total                          Min: 0, Avg: 1681.0, Max: 6724, Diff: 6724, Sum: 6724, Workers: 4
[19.393s][debug][gc,phases      ] GC(6)   JNI Weak                       Min:  0.0, Avg:  0.0, Max:  0.0, Diff:  0.0, Sum:  0.0, Workers: 4
[19.393s][debug][gc,phases      ] GC(6)     Dead                           Min: 0, Avg:  0.0, Max: 0, Diff: 0, Sum: 0, Workers: 4
[19.393s][debug][gc,phases      ] GC(6)     Total                          Min: 0, Avg: 11.2, Max: 45, Diff: 45, Sum: 45, Workers: 4
[19.393s][debug][gc,phases      ] GC(6)   StringDedup Table Weak         Min:  0.0, Avg:  0.0, Max:  0.0, Diff:  0.0, Sum:  0.0, Workers: 4
[19.393s][debug][gc,phases      ] GC(6)     Dead                           Min: 0, Avg:  0.0, Max: 0, Diff: 0, Sum: 0, Workers: 4
[19.393s][debug][gc,phases      ] GC(6)     Total                          Min: 0, Avg:  0.0, Max: 0, Diff: 0, Sum: 0, Workers: 4
[19.393s][debug][gc,phases      ] GC(6)   StringDedup Requests0 Weak     Min:  0.0, Avg:  0.0, Max:  0.0, Diff:  0.0, Sum:  0.0, Workers: 4
[19.393s][debug][gc,phases      ] GC(6)     Dead                           Min: 0, Avg:  0.0, Max: 0, Diff: 0, Sum: 0, Workers: 4
[19.393s][debug][gc,phases      ] GC(6)     Total                          Min: 0, Avg:  0.0, Max: 0, Diff: 0, Sum: 0, Workers: 4
[19.393s][debug][gc,phases      ] GC(6)   StringDedup Requests1 Weak     Min:  0.0, Avg:  0.0, Max:  0.0, Diff:  0.0, Sum:  0.0, Workers: 4
[19.393s][debug][gc,phases      ] GC(6)     Dead                           Min: 0, Avg:  0.0, Max: 0, Diff: 0, Sum: 0, Workers: 4
[19.393s][debug][gc,phases      ] GC(6)     Total                          Min: 0, Avg:  0.0, Max: 0, Diff: 0, Sum: 0, Workers: 4
[19.393s][debug][gc,phases      ] GC(6)   Weak JFR Old Object Samples    Min:  0.0, Avg:  0.0, Max:  0.0, Diff:  0.0, Sum:  0.0, Workers: 4
[19.393s][debug][gc,phases      ] GC(6)     Dead                           Min: 0, Avg:  0.0, Max: 0, Diff: 0, Sum: 0, Workers: 4
[19.393s][debug][gc,phases      ] GC(6)     Total                          Min: 0, Avg:  0.0, Max: 0, Diff: 0, Sum: 0, Workers: 4
[19.393s][debug][gc,phases      ] GC(6) Weak Processing 1.164ms
[19.393s][debug][gc,age         ] GC(6) Desired survivor size 536870912 bytes, new threshold 7 (max threshold 15)
[19.393s][info ][gc,heap        ] GC(6) PSYoungGen: 1048576K(1572864K)->524260K(1572864K) Eden: 1048576K(1048576K)->0K(1048576K) From: 0K(524288K)->524260K(524288K)
[19.393s][info ][gc,heap        ] GC(6) ParOldGen: 6135K(18944K)->204392K(204800K)
[19.393s][info ][gc,metaspace   ] GC(6) Metaspace: 61559K(62336K)->61559K(62336K) NonClass: 52450K(52864K)->52450K(52864K) Class: 9109K(9472K)->9109K(9472K)
[19.393s][info ][gc             ] GC(6) Pause Young (Allocation Failure) 1029M->711M(1736M) 761.692ms
[19.393s][info ][gc,cpu         ] GC(6) User=1.26s Sys=0.12s Real=0.76s
[19.393s][debug][gc,phases      ] GC(7) Pre Compact 0.012ms
[19.393s][info ][gc,start       ] GC(7) Pause Full (Ergonomics)
[19.393s][info ][gc,phases,start] GC(7) Marking Phase
[19.887s][debug][gc,phases      ] GC(7) Par Mark 493.559ms
[19.887s][debug][gc,ref         ] GC(7) Skipped phase 1 of Reference Processing: no references
[19.887s][debug][gc,ref         ] GC(7) ReferenceProcessor::execute queues: 4, RefProcThreadModel::Multi, marks_oops_alive: false
[19.891s][debug][gc,ref         ] GC(7) Skipped phase 3 of Reference Processing: no references
[19.891s][debug][gc,ref         ] GC(7) ReferenceProcessor::execute queues: 1, RefProcThreadModel::Single, marks_oops_alive: false
[19.891s][debug][gc,phases      ] GC(7) Reference Processing 3.984ms
[19.895s][debug][gc,phases      ] GC(7)   VM Weak                        Min:  0.0, Avg:  0.0, Max:  0.0, Diff:  0.0, Sum:  0.0, Workers: 4
[19.895s][debug][gc,phases      ] GC(7)     Dead                           Min: 0, Avg:  0.0, Max: 0, Diff: 0, Sum: 0, Workers: 4
[19.895s][debug][gc,phases      ] GC(7)     Total                          Min: 0, Avg: 148.2, Max: 593, Diff: 593, Sum: 593, Workers: 4
[19.895s][debug][gc,phases      ] GC(7)   ObjectSynchronizer Weak        Min:  0.0, Avg:  0.0, Max:  0.0, Diff:  0.0, Sum:  0.0, Workers: 4
[19.895s][debug][gc,phases      ] GC(7)     Dead                           Min: 0, Avg:  0.0, Max: 0, Diff: 0, Sum: 0, Workers: 4
[19.895s][debug][gc,phases      ] GC(7)     Total                          Min: 0, Avg:  4.2, Max: 17, Diff: 17, Sum: 17, Workers: 4
[19.895s][debug][gc,phases      ] GC(7)   JVMTI Tag Weak OopStorage      Min:  0.0, Avg:  0.0, Max:  0.0, Diff:  0.0, Sum:  0.0, Workers: 4
[19.895s][debug][gc,phases      ] GC(7)     Dead                           Min: 0, Avg:  0.0, Max: 0, Diff: 0, Sum: 0, Workers: 4
[19.895s][debug][gc,phases      ] GC(7)     Total                          Min: 0, Avg:  0.0, Max: 0, Diff: 0, Sum: 0, Workers: 4
[19.895s][debug][gc,phases      ] GC(7)   StringTable Weak               Min:  0.0, Avg:  0.1, Max:  0.2, Diff:  0.2, Sum:  0.5, Workers: 4
[19.895s][debug][gc,phases      ] GC(7)     Dead                           Min: 0, Avg:  0.0, Max: 0, Diff: 0, Sum: 0, Workers: 4
[19.895s][debug][gc,phases      ] GC(7)     Total                          Min: 0, Avg: 9158.8, Max: 18460, Diff: 18460, Sum: 36635, Workers: 4
[19.895s][debug][gc,phases      ] GC(7)   ResolvedMethodTable Weak       Min:  0.0, Avg:  0.0, Max:  0.0, Diff:  0.0, Sum:  0.1, Workers: 4
[19.895s][debug][gc,phases      ] GC(7)     Dead                           Min: 0, Avg:  0.0, Max: 0, Diff: 0, Sum: 0, Workers: 4
[19.895s][debug][gc,phases      ] GC(7)     Total                          Min: 0, Avg: 1681.0, Max: 3392, Diff: 3392, Sum: 6724, Workers: 4
[19.895s][debug][gc,phases      ] GC(7)   JNI Weak                       Min:  0.0, Avg:  0.0, Max:  0.0, Diff:  0.0, Sum:  0.0, Workers: 4
[19.895s][debug][gc,phases      ] GC(7)     Dead                           Min: 0, Avg:  0.0, Max: 0, Diff: 0, Sum: 0, Workers: 4
[19.895s][debug][gc,phases      ] GC(7)     Total                          Min: 0, Avg: 11.2, Max: 45, Diff: 45, Sum: 45, Workers: 4
[19.895s][debug][gc,phases      ] GC(7)   StringDedup Table Weak         Min:  0.0, Avg:  0.0, Max:  0.0, Diff:  0.0, Sum:  0.0, Workers: 4
[19.895s][debug][gc,phases      ] GC(7)     Dead                           Min: 0, Avg:  0.0, Max: 0, Diff: 0, Sum: 0, Workers: 4
[19.895s][debug][gc,phases      ] GC(7)     Total                          Min: 0, Avg:  0.0, Max: 0, Diff: 0, Sum: 0, Workers: 4
[19.895s][debug][gc,phases      ] GC(7)   StringDedup Requests0 Weak     Min:  0.0, Avg:  0.0, Max:  0.0, Diff:  0.0, Sum:  0.0, Workers: 4
[19.895s][debug][gc,phases      ] GC(7)     Dead                           Min: 0, Avg:  0.0, Max: 0, Diff: 0, Sum: 0, Workers: 4
[19.895s][debug][gc,phases      ] GC(7)     Total                          Min: 0, Avg:  0.0, Max: 0, Diff: 0, Sum: 0, Workers: 4
[19.895s][debug][gc,phases      ] GC(7)   StringDedup Requests1 Weak     Min:  0.0, Avg:  0.0, Max:  0.0, Diff:  0.0, Sum:  0.0, Workers: 4
[19.895s][debug][gc,phases      ] GC(7)     Dead                           Min: 0, Avg:  0.0, Max: 0, Diff: 0, Sum: 0, Workers: 4
[19.895s][debug][gc,phases      ] GC(7)     Total                          Min: 0, Avg:  0.0, Max: 0, Diff: 0, Sum: 0, Workers: 4
[19.895s][debug][gc,phases      ] GC(7)   Weak JFR Old Object Samples    Min:  0.0, Avg:  0.0, Max:  0.0, Diff:  0.0, Sum:  0.0, Workers: 4
[19.895s][debug][gc,phases      ] GC(7)     Dead                           Min: 0, Avg:  0.0, Max: 0, Diff: 0, Sum: 0, Workers: 4
[19.895s][debug][gc,phases      ] GC(7)     Total                          Min: 0, Avg:  0.0, Max: 0, Diff: 0, Sum: 0, Workers: 4
[19.895s][debug][gc,phases      ] GC(7) Weak Processing 4.156ms
[19.895s][debug][gc,phases      ] GC(7) ClassLoaderData 0.071ms
[19.895s][debug][gc,phases      ] GC(7) Trigger cleanups 0.000ms
[19.905s][debug][gc,phases      ] GC(7) Class Unloading 10.541ms
[19.905s][info ][gc,phases      ] GC(7) Marking Phase 512.367ms
[19.905s][info ][gc,phases,start] GC(7) Summary Phase
[19.905s][info ][gc,phases      ] GC(7) Summary Phase 0.019ms
[19.905s][info ][gc,phases,start] GC(7) Adjust Roots
[19.925s][info ][gc,phases      ] GC(7) Adjust Roots 19.195ms
[19.925s][info ][gc,phases,start] GC(7) Compaction Phase
[21.356s][info ][gc,phases      ] GC(7) Compaction Phase 1430.867ms
[21.356s][info ][gc,phases,start] GC(7) Post Compact
[21.358s][info ][gc,phases      ] GC(7) Post Compact 2.658ms
[21.358s][info ][gc,heap        ] GC(7) PSYoungGen: 524260K(1572864K)->514206K(1572864K) Eden: 0K(1048576K)->0K(1048576K) From: 524260K(524288K)->514206K(524288K)
[21.358s][info ][gc,heap        ] GC(7) ParOldGen: 204392K(204800K)->204411K(425472K)
[21.359s][info ][gc,metaspace   ] GC(7) Metaspace: 61559K(62336K)->61559K(62336K) NonClass: 52450K(52864K)->52450K(52864K) Class: 9109K(9472K)->9109K(9472K)
[21.359s][info ][gc             ] GC(7) Pause Full (Ergonomics) 711M->701M(1951M) 1965.491ms
[21.359s][info ][gc,cpu         ] GC(7) User=4.18s Sys=0.00s Real=1.96s
[21.359s][info ][safepoint      ] Safepoint "ParallelGCFailedAllocation", Time since last: 42706190 ns, Reaching safepoint: 366595 ns, At safepoint: 2727311256 ns, Total: 2727677851 ns
[22.367s][info ][safepoint      ] Safepoint "Cleanup", Time since last: 1002678366 ns, Reaching safepoint: 5685233 ns, At safepoint: 9100 ns, Total: 5694333 ns
[23.371s][info ][safepoint      ] Safepoint "Cleanup", Time since last: 1003713970 ns, Reaching safepoint: 183798 ns, At safepoint: 4900 ns, Total: 188698 ns
[23.795s][info ][gc,start       ] GC(8) Pause Young (Allocation Failure)
[24.235s][debug][gc,phases      ] GC(8) Scavenge 439.673ms
[24.235s][debug][gc,ref         ] GC(8) Skipped phase 1 of Reference Processing: no references
[24.235s][debug][gc,ref         ] GC(8) ReferenceProcessor::execute queues: 2, RefProcThreadModel::Multi, marks_oops_alive: false
[24.235s][debug][gc,ref         ] GC(8) Skipped phase 3 of Reference Processing: no references
[24.235s][debug][gc,ref         ] GC(8) Skipped phase 4 of Reference Processing: no references
[24.235s][debug][gc,phases      ] GC(8) Reference Processing 0.235ms
[24.236s][debug][gc,phases      ] GC(8)   VM Weak                        Min:  0.0, Avg:  0.0, Max:  0.0, Diff:  0.0, Sum:  0.0, Workers: 4
[24.236s][debug][gc,phases      ] GC(8)     Dead                           Min: 0, Avg:  0.0, Max: 0, Diff: 0, Sum: 0, Workers: 4
[24.236s][debug][gc,phases      ] GC(8)     Total                          Min: 0, Avg: 148.2, Max: 384, Diff: 384, Sum: 593, Workers: 4
[24.236s][debug][gc,phases      ] GC(8)   ObjectSynchronizer Weak        Min:  0.0, Avg:  0.0, Max:  0.0, Diff:  0.0, Sum:  0.0, Workers: 4
[24.236s][debug][gc,phases      ] GC(8)     Dead                           Min: 0, Avg:  0.0, Max: 0, Diff: 0, Sum: 0, Workers: 4
[24.236s][debug][gc,phases      ] GC(8)     Total                          Min: 0, Avg:  4.2, Max: 17, Diff: 17, Sum: 17, Workers: 4
[24.236s][debug][gc,phases      ] GC(8)   JVMTI Tag Weak OopStorage      Min:  0.0, Avg:  0.0, Max:  0.0, Diff:  0.0, Sum:  0.0, Workers: 4
[24.236s][debug][gc,phases      ] GC(8)     Dead                           Min: 0, Avg:  0.0, Max: 0, Diff: 0, Sum: 0, Workers: 4
[24.236s][debug][gc,phases      ] GC(8)     Total                          Min: 0, Avg:  0.0, Max: 0, Diff: 0, Sum: 0, Workers: 4
[24.236s][debug][gc,phases      ] GC(8)   StringTable Weak               Min:  0.0, Avg:  0.2, Max:  0.4, Diff:  0.4, Sum:  0.7, Workers: 4
[24.236s][debug][gc,phases      ] GC(8)     Dead                           Min: 0, Avg:  0.0, Max: 0, Diff: 0, Sum: 0, Workers: 4
[24.236s][debug][gc,phases      ] GC(8)     Total                          Min: 0, Avg: 9173.8, Max: 19904, Diff: 19904, Sum: 36695, Workers: 4
[24.236s][debug][gc,phases      ] GC(8)   ResolvedMethodTable Weak       Min:  0.0, Avg:  0.0, Max:  0.1, Diff:  0.1, Sum:  0.2, Workers: 4
[24.236s][debug][gc,phases      ] GC(8)     Dead                           Min: 0, Avg:  0.0, Max: 0, Diff: 0, Sum: 0, Workers: 4
[24.236s][debug][gc,phases      ] GC(8)     Total                          Min: 0, Avg: 1681.0, Max: 3396, Diff: 3396, Sum: 6724, Workers: 4
[24.236s][debug][gc,phases      ] GC(8)   JNI Weak                       Min:  0.0, Avg:  0.0, Max:  0.0, Diff:  0.0, Sum:  0.0, Workers: 4
[24.236s][debug][gc,phases      ] GC(8)     Dead                           Min: 0, Avg:  0.0, Max: 0, Diff: 0, Sum: 0, Workers: 4
[24.236s][debug][gc,phases      ] GC(8)     Total                          Min: 0, Avg: 11.2, Max: 45, Diff: 45, Sum: 45, Workers: 4
[24.236s][debug][gc,phases      ] GC(8)   StringDedup Table Weak         Min:  0.0, Avg:  0.0, Max:  0.0, Diff:  0.0, Sum:  0.0, Workers: 4
[24.236s][debug][gc,phases      ] GC(8)     Dead                           Min: 0, Avg:  0.0, Max: 0, Diff: 0, Sum: 0, Workers: 4
[24.236s][debug][gc,phases      ] GC(8)     Total                          Min: 0, Avg:  0.0, Max: 0, Diff: 0, Sum: 0, Workers: 4
[24.236s][debug][gc,phases      ] GC(8)   StringDedup Requests0 Weak     Min:  0.0, Avg:  0.0, Max:  0.0, Diff:  0.0, Sum:  0.0, Workers: 4
[24.236s][debug][gc,phases      ] GC(8)     Dead                           Min: 0, Avg:  0.0, Max: 0, Diff: 0, Sum: 0, Workers: 4
[24.236s][debug][gc,phases      ] GC(8)     Total                          Min: 0, Avg:  0.0, Max: 0, Diff: 0, Sum: 0, Workers: 4
[24.236s][debug][gc,phases      ] GC(8)   StringDedup Requests1 Weak     Min:  0.0, Avg:  0.0, Max:  0.0, Diff:  0.0, Sum:  0.0, Workers: 4
[24.236s][debug][gc,phases      ] GC(8)     Dead                           Min: 0, Avg:  0.0, Max: 0, Diff: 0, Sum: 0, Workers: 4
[24.236s][debug][gc,phases      ] GC(8)     Total                          Min: 0, Avg:  0.0, Max: 0, Diff: 0, Sum: 0, Workers: 4
[24.236s][debug][gc,phases      ] GC(8)   Weak JFR Old Object Samples    Min:  0.0, Avg:  0.0, Max:  0.0, Diff:  0.0, Sum:  0.0, Workers: 4
[24.236s][debug][gc,phases      ] GC(8)     Dead                           Min: 0, Avg:  0.0, Max: 0, Diff: 0, Sum: 0, Workers: 4
[24.236s][debug][gc,phases      ] GC(8)     Total                          Min: 0, Avg:  0.0, Max: 0, Diff: 0, Sum: 0, Workers: 4
[24.236s][debug][gc,phases      ] GC(8) Weak Processing 0.680ms
[24.236s][debug][gc,age         ] GC(8) Desired survivor size 536870912 bytes, new threshold 7 (max threshold 15)
[24.236s][info ][gc,heap        ] GC(8) PSYoungGen: 1562782K(1572864K)->505947K(1572864K) Eden: 1048576K(1048576K)->0K(1048576K) From: 514206K(524288K)->505947K(524288K)
[24.236s][info ][gc,heap        ] GC(8) ParOldGen: 204411K(425472K)->204411K(425472K)
[24.236s][info ][gc,metaspace   ] GC(8) Metaspace: 61668K(62464K)->61668K(62464K) NonClass: 52557K(52992K)->52557K(52992K) Class: 9110K(9472K)->9110K(9472K)
[24.236s][info ][gc             ] GC(8) Pause Young (Allocation Failure) 1725M->693M(1951M) 440.709ms
[24.236s][info ][gc,cpu         ] GC(8) User=0.72s Sys=0.20s Real=0.44s
[24.236s][info ][safepoint      ] Safepoint "ParallelGCFailedAllocation", Time since last: 424090867 ns, Reaching safepoint: 121398 ns, At safepoint: 440781869 ns, Total: 440903267 ns
[25.236s][info ][safepoint      ] Safepoint "Cleanup", Time since last: 1000080844 ns, Reaching safepoint: 74999 ns, At safepoint: 4400 ns, Total: 79399 ns
[25.867s][info ][safepoint      ] Safepoint "ICBufferFull", Time since last: 626811679 ns, Reaching safepoint: 3980053 ns, At safepoint: 16200 ns, Total: 3996253 ns
[26.335s][info ][safepoint      ] Safepoint "ICBufferFull", Time since last: 468186658 ns, Reaching safepoint: 259597 ns, At safepoint: 7200 ns, Total: 266797 ns
[27.098s][info ][safepoint      ] Safepoint "ICBufferFull", Time since last: 762590186 ns, Reaching safepoint: 180098 ns, At safepoint: 2100 ns, Total: 182198 ns
[27.487s][info ][safepoint      ] Safepoint "ICBufferFull", Time since last: 384620855 ns, Reaching safepoint: 4000153 ns, At safepoint: 11100 ns, Total: 4011253 ns
[27.868s][info ][safepoint      ] Safepoint "ICBufferFull", Time since last: 381545996 ns, Reaching safepoint: 148399 ns, At safepoint: 2500 ns, Total: 150899 ns
[28.228s][info ][gc,start       ] GC(9) Pause Young (Allocation Failure)
[28.335s][debug][gc,phases      ] GC(9) Scavenge 106.329ms
[28.335s][debug][gc,ref         ] GC(9) Skipped phase 1 of Reference Processing: no references
[28.335s][debug][gc,ref         ] GC(9) ReferenceProcessor::execute queues: 3, RefProcThreadModel::Multi, marks_oops_alive: false
[28.335s][debug][gc,ref         ] GC(9) Skipped phase 3 of Reference Processing: no references
[28.335s][debug][gc,ref         ] GC(9) ReferenceProcessor::execute queues: 1, RefProcThreadModel::Single, marks_oops_alive: false
[28.335s][debug][gc,phases      ] GC(9) Reference Processing 0.303ms
[28.336s][debug][gc,phases      ] GC(9)   VM Weak                        Min:  0.0, Avg:  0.0, Max:  0.0, Diff:  0.0, Sum:  0.0, Workers: 4
[28.336s][debug][gc,phases      ] GC(9)     Dead                           Min: 0, Avg:  0.0, Max: 0, Diff: 0, Sum: 0, Workers: 4
[28.336s][debug][gc,phases      ] GC(9)     Total                          Min: 0, Avg: 152.2, Max: 417, Diff: 417, Sum: 609, Workers: 4
[28.336s][debug][gc,phases      ] GC(9)   ObjectSynchronizer Weak        Min:  0.0, Avg:  0.0, Max:  0.0, Diff:  0.0, Sum:  0.0, Workers: 4
[28.336s][debug][gc,phases      ] GC(9)     Dead                           Min: 0, Avg:  0.0, Max: 0, Diff: 0, Sum: 0, Workers: 4
[28.336s][debug][gc,phases      ] GC(9)     Total                          Min: 0, Avg:  4.2, Max: 17, Diff: 17, Sum: 17, Workers: 4
[28.336s][debug][gc,phases      ] GC(9)   JVMTI Tag Weak OopStorage      Min:  0.0, Avg:  0.0, Max:  0.0, Diff:  0.0, Sum:  0.0, Workers: 4
[28.336s][debug][gc,phases      ] GC(9)     Dead                           Min: 0, Avg:  0.0, Max: 0, Diff: 0, Sum: 0, Workers: 4
[28.336s][debug][gc,phases      ] GC(9)     Total                          Min: 0, Avg:  0.0, Max: 0, Diff: 0, Sum: 0, Workers: 4
[28.336s][debug][gc,phases      ] GC(9)   StringTable Weak               Min:  0.0, Avg:  0.2, Max:  0.4, Diff:  0.4, Sum:  0.8, Workers: 4
[28.336s][debug][gc,phases      ] GC(9)     Dead                           Min: 0, Avg:  1.8, Max: 5, Diff: 5, Sum: 7, Workers: 4
[28.336s][debug][gc,phases      ] GC(9)     Total                          Min: 0, Avg: 9365.8, Max: 18944, Diff: 18944, Sum: 37463, Workers: 4
[28.336s][debug][gc,phases      ] GC(9)   ResolvedMethodTable Weak       Min:  0.0, Avg:  0.0, Max:  0.1, Diff:  0.1, Sum:  0.2, Workers: 4
[28.336s][debug][gc,phases      ] GC(9)     Dead                           Min: 0, Avg: 18.2, Max: 44, Diff: 44, Sum: 73, Workers: 4
[28.336s][debug][gc,phases      ] GC(9)     Total                          Min: 0, Avg: 1787.2, Max: 3885, Diff: 3885, Sum: 7149, Workers: 4
[28.336s][debug][gc,phases      ] GC(9)   JNI Weak                       Min:  0.0, Avg:  0.0, Max:  0.0, Diff:  0.0, Sum:  0.0, Workers: 4
[28.336s][debug][gc,phases      ] GC(9)     Dead                           Min: 0, Avg:  0.0, Max: 0, Diff: 0, Sum: 0, Workers: 4
[28.336s][debug][gc,phases      ] GC(9)     Total                          Min: 0, Avg: 12.5, Max: 45, Diff: 45, Sum: 50, Workers: 4
[28.336s][debug][gc,phases      ] GC(9)   StringDedup Table Weak         Min:  0.0, Avg:  0.0, Max:  0.0, Diff:  0.0, Sum:  0.0, Workers: 4
[28.336s][debug][gc,phases      ] GC(9)     Dead                           Min: 0, Avg:  0.0, Max: 0, Diff: 0, Sum: 0, Workers: 4
[28.336s][debug][gc,phases      ] GC(9)     Total                          Min: 0, Avg:  0.0, Max: 0, Diff: 0, Sum: 0, Workers: 4
[28.336s][debug][gc,phases      ] GC(9)   StringDedup Requests0 Weak     Min:  0.0, Avg:  0.0, Max:  0.0, Diff:  0.0, Sum:  0.0, Workers: 4
[28.336s][debug][gc,phases      ] GC(9)     Dead                           Min: 0, Avg:  0.0, Max: 0, Diff: 0, Sum: 0, Workers: 4
[28.336s][debug][gc,phases      ] GC(9)     Total                          Min: 0, Avg:  0.0, Max: 0, Diff: 0, Sum: 0, Workers: 4
[28.336s][debug][gc,phases      ] GC(9)   StringDedup Requests1 Weak     Min:  0.0, Avg:  0.0, Max:  0.0, Diff:  0.0, Sum:  0.0, Workers: 4
[28.336s][debug][gc,phases      ] GC(9)     Dead                           Min: 0, Avg:  0.0, Max: 0, Diff: 0, Sum: 0, Workers: 4
[28.336s][debug][gc,phases      ] GC(9)     Total                          Min: 0, Avg:  0.0, Max: 0, Diff: 0, Sum: 0, Workers: 4
[28.336s][debug][gc,phases      ] GC(9)   Weak JFR Old Object Samples    Min:  0.0, Avg:  0.0, Max:  0.0, Diff:  0.0, Sum:  0.0, Workers: 4
[28.336s][debug][gc,phases      ] GC(9)     Dead                           Min: 0, Avg:  0.0, Max: 0, Diff: 0, Sum: 0, Workers: 4
[28.336s][debug][gc,phases      ] GC(9)     Total                          Min: 0, Avg:  0.0, Max: 0, Diff: 0, Sum: 0, Workers: 4
[28.336s][debug][gc,phases      ] GC(9) Weak Processing 0.652ms
[28.336s][debug][gc,age         ] GC(9) Desired survivor size 536870912 bytes, new threshold 6 (max threshold 15)
[28.336s][info ][gc,heap        ] GC(9) PSYoungGen: 1554523K(1572864K)->254726K(1572864K) Eden: 1048576K(1048576K)->0K(1048576K) From: 505947K(524288K)->254726K(524288K)
[28.336s][info ][gc,heap        ] GC(9) ParOldGen: 204411K(425472K)->204427K(425472K)
[28.336s][info ][gc,metaspace   ] GC(9) Metaspace: 64181K(64960K)->64181K(64960K) NonClass: 54748K(55168K)->54748K(55168K) Class: 9433K(9792K)->9433K(9792K)
[28.336s][info ][gc             ] GC(9) Pause Young (Allocation Failure) 1717M->448M(1951M) 107.388ms
[28.336s][info ][gc,cpu         ] GC(9) User=0.34s Sys=0.00s Real=0.10s
[28.336s][info ][safepoint      ] Safepoint "ParallelGCFailedAllocation", Time since last: 359947351 ns, Reaching safepoint: 157298 ns, At safepoint: 107462832 ns, Total: 107620130 ns
[28.725s][info ][safepoint      ] Safepoint "ICBufferFull", Time since last: 388959114 ns, Reaching safepoint: 172298 ns, At safepoint: 5600 ns, Total: 177898 ns
[28.842s][info ][safepoint      ] Safepoint "ICBufferFull", Time since last: 116755824 ns, Reaching safepoint: 197498 ns, At safepoint: 17499 ns, Total: 214997 ns
[29.610s][info ][safepoint      ] Safepoint "ICBufferFull", Time since last: 767691355 ns, Reaching safepoint: 195098 ns, At safepoint: 2100 ns, Total: 197198 ns
[30.219s][info ][safepoint      ] Safepoint "ICBufferFull", Time since last: 608531036 ns, Reaching safepoint: 151099 ns, At safepoint: 6300 ns, Total: 157399 ns
[30.709s][info ][safepoint      ] Safepoint "ICBufferFull", Time since last: 490610630 ns, Reaching safepoint: 257397 ns, At safepoint: 15700 ns, Total: 273097 ns
[30.802s][info ][safepoint      ] Safepoint "ICBufferFull", Time since last: 92698310 ns, Reaching safepoint: 248197 ns, At safepoint: 11500 ns, Total: 259697 ns
[31.011s][info ][safepoint      ] Safepoint "ICBufferFull", Time since last: 207945556 ns, Reaching safepoint: 309796 ns, At safepoint: 11800 ns, Total: 321596 ns
[31.359s][info ][safepoint      ] Safepoint "ICBufferFull", Time since last: 347605214 ns, Reaching safepoint: 247697 ns, At safepoint: 14499 ns, Total: 262196 ns
[32.368s][info ][safepoint      ] Safepoint "Cleanup", Time since last: 1000081460 ns, Reaching safepoint: 9146693 ns, At safepoint: 16900 ns, Total: 9163593 ns
[32.499s][info ][gc,start       ] GC(10) Pause Young (Allocation Failure)
[32.676s][debug][gc,phases      ] GC(10) Scavenge 177.738ms
[32.676s][debug][gc,ref         ] GC(10) Skipped phase 1 of Reference Processing: no references
[32.676s][debug][gc,ref         ] GC(10) ReferenceProcessor::execute queues: 4, RefProcThreadModel::Multi, marks_oops_alive: false
[32.677s][debug][gc,ref         ] GC(10) Skipped phase 3 of Reference Processing: no references
[32.677s][debug][gc,ref         ] GC(10) ReferenceProcessor::execute queues: 1, RefProcThreadModel::Single, marks_oops_alive: false
[32.677s][debug][gc,phases      ] GC(10) Reference Processing 0.454ms
[32.677s][debug][gc,phases      ] GC(10)   VM Weak                        Min:  0.0, Avg:  0.0, Max:  0.0, Diff:  0.0, Sum:  0.0, Workers: 4
[32.677s][debug][gc,phases      ] GC(10)     Dead                           Min: 0, Avg:  0.0, Max: 0, Diff: 0, Sum: 0, Workers: 4
[32.677s][debug][gc,phases      ] GC(10)     Total                          Min: 0, Avg: 159.0, Max: 384, Diff: 384, Sum: 636, Workers: 4
[32.677s][debug][gc,phases      ] GC(10)   ObjectSynchronizer Weak        Min:  0.0, Avg:  0.0, Max:  0.0, Diff:  0.0, Sum:  0.0, Workers: 4
[32.677s][debug][gc,phases      ] GC(10)     Dead                           Min: 0, Avg:  0.5, Max: 2, Diff: 2, Sum: 2, Workers: 4
[32.677s][debug][gc,phases      ] GC(10)     Total                          Min: 0, Avg:  5.8, Max: 23, Diff: 23, Sum: 23, Workers: 4
[32.677s][debug][gc,phases      ] GC(10)   JVMTI Tag Weak OopStorage      Min:  0.0, Avg:  0.0, Max:  0.0, Diff:  0.0, Sum:  0.0, Workers: 4
[32.677s][debug][gc,phases      ] GC(10)     Dead                           Min: 0, Avg:  0.0, Max: 0, Diff: 0, Sum: 0, Workers: 4
[32.677s][debug][gc,phases      ] GC(10)     Total                          Min: 0, Avg:  0.0, Max: 0, Diff: 0, Sum: 0, Workers: 4
[32.677s][debug][gc,phases      ] GC(10)   StringTable Weak               Min:  0.0, Avg:  0.2, Max:  0.4, Diff:  0.4, Sum:  0.9, Workers: 4
[32.677s][debug][gc,phases      ] GC(10)     Dead                           Min: 0, Avg:  1.8, Max: 5, Diff: 5, Sum: 7, Workers: 4
[32.677s][debug][gc,phases      ] GC(10)     Total                          Min: 0, Avg: 10131.0, Max: 21120, Diff: 21120, Sum: 40524, Workers: 4
[32.677s][debug][gc,phases      ] GC(10)   ResolvedMethodTable Weak       Min:  0.0, Avg:  0.1, Max:  0.1, Diff:  0.1, Sum:  0.2, Workers: 4
[32.677s][debug][gc,phases      ] GC(10)     Dead                           Min: 0, Avg: 28.8, Max: 73, Diff: 73, Sum: 115, Workers: 4
[32.677s][debug][gc,phases      ] GC(10)     Total                          Min: 0, Avg: 1931.8, Max: 3904, Diff: 3904, Sum: 7727, Workers: 4
[32.677s][debug][gc,phases      ] GC(10)   JNI Weak                       Min:  0.0, Avg:  0.0, Max:  0.0, Diff:  0.0, Sum:  0.0, Workers: 4
[32.678s][debug][gc,phases      ] GC(10)     Dead                           Min: 0, Avg:  0.0, Max: 0, Diff: 0, Sum: 0, Workers: 4
[32.678s][debug][gc,phases      ] GC(10)     Total                          Min: 0, Avg: 32.2, Max: 73, Diff: 73, Sum: 129, Workers: 4
[32.678s][debug][gc,phases      ] GC(10)   StringDedup Table Weak         Min:  0.0, Avg:  0.0, Max:  0.0, Diff:  0.0, Sum:  0.0, Workers: 4
[32.678s][debug][gc,phases      ] GC(10)     Dead                           Min: 0, Avg:  0.0, Max: 0, Diff: 0, Sum: 0, Workers: 4
[32.678s][debug][gc,phases      ] GC(10)     Total                          Min: 0, Avg:  0.0, Max: 0, Diff: 0, Sum: 0, Workers: 4
[32.678s][debug][gc,phases      ] GC(10)   StringDedup Requests0 Weak     Min:  0.0, Avg:  0.0, Max:  0.0, Diff:  0.0, Sum:  0.0, Workers: 4
[32.678s][debug][gc,phases      ] GC(10)     Dead                           Min: 0, Avg:  0.0, Max: 0, Diff: 0, Sum: 0, Workers: 4
[32.678s][debug][gc,phases      ] GC(10)     Total                          Min: 0, Avg:  0.0, Max: 0, Diff: 0, Sum: 0, Workers: 4
[32.678s][debug][gc,phases      ] GC(10)   StringDedup Requests1 Weak     Min:  0.0, Avg:  0.0, Max:  0.0, Diff:  0.0, Sum:  0.0, Workers: 4
[32.678s][debug][gc,phases      ] GC(10)     Dead                           Min: 0, Avg:  0.0, Max: 0, Diff: 0, Sum: 0, Workers: 4
[32.678s][debug][gc,phases      ] GC(10)     Total                          Min: 0, Avg:  0.0, Max: 0, Diff: 0, Sum: 0, Workers: 4
[32.678s][debug][gc,phases      ] GC(10)   Weak JFR Old Object Samples    Min:  0.0, Avg:  0.0, Max:  0.0, Diff:  0.0, Sum:  0.0, Workers: 4
[32.678s][debug][gc,phases      ] GC(10)     Dead                           Min: 0, Avg:  0.0, Max: 0, Diff: 0, Sum: 0, Workers: 4
[32.678s][debug][gc,phases      ] GC(10)     Total                          Min: 0, Avg:  0.0, Max: 0, Diff: 0, Sum: 0, Workers: 4
[32.678s][debug][gc,phases      ] GC(10) Weak Processing 0.787ms
[32.678s][debug][gc,age         ] GC(10) Desired survivor size 536870912 bytes, new threshold 5 (max threshold 15)
[32.678s][info ][gc,heap        ] GC(10) PSYoungGen: 1303302K(1572864K)->320219K(1572864K) Eden: 1048576K(1048576K)->0K(1048576K) From: 254726K(524288K)->320219K(524288K)
[32.678s][info ][gc,heap        ] GC(10) ParOldGen: 204427K(425472K)->204435K(425472K)
[32.678s][info ][gc,metaspace   ] GC(10) Metaspace: 72928K(73728K)->72928K(73728K) NonClass: 62346K(62784K)->62346K(62784K) Class: 10581K(10944K)->10581K(10944K)
[32.678s][info ][gc             ] GC(10) Pause Young (Allocation Failure) 1472M->512M(1951M) 179.113ms
[32.678s][info ][gc,cpu         ] GC(10) User=0.38s Sys=0.00s Real=0.18s
[32.678s][info ][safepoint      ] Safepoint "ParallelGCFailedAllocation", Time since last: 130596969 ns, Reaching safepoint: 60099 ns, At safepoint: 179210799 ns, Total: 179270898 ns
[33.678s][info ][safepoint      ] Safepoint "Cleanup", Time since last: 1000083381 ns, Reaching safepoint: 163298 ns, At safepoint: 10700 ns, Total: 173998 ns
[34.059s][info ][safepoint      ] Safepoint "ICBufferFull", Time since last: 380702243 ns, Reaching safepoint: 202798 ns, At safepoint: 9199 ns, Total: 211997 ns
[34.263s][info ][safepoint      ] Safepoint "ICBufferFull", Time since last: 201233945 ns, Reaching safepoint: 3343260 ns, At safepoint: 8000 ns, Total: 3351260 ns
[34.385s][info ][safepoint      ] Safepoint "ICBufferFull", Time since last: 120493090 ns, Reaching safepoint: 1476583 ns, At safepoint: 6700 ns, Total: 1483283 ns
[34.716s][info ][safepoint      ] Safepoint "ICBufferFull", Time since last: 330050541 ns, Reaching safepoint: 216997 ns, At safepoint: 3200 ns, Total: 220197 ns
[35.037s][info ][safepoint      ] Safepoint "ICBufferFull", Time since last: 317063494 ns, Reaching safepoint: 4117651 ns, At safepoint: 4600 ns, Total: 4122251 ns
[35.373s][info ][safepoint      ] Safepoint "ICBufferFull", Time since last: 335501178 ns, Reaching safepoint: 331196 ns, At safepoint: 7000 ns, Total: 338196 ns
[35.632s][info ][safepoint      ] Safepoint "ICBufferFull", Time since last: 253588739 ns, Reaching safepoint: 5452537 ns, At safepoint: 16200 ns, Total: 5468737 ns
[35.707s][info ][gc,start       ] GC(11) Pause Young (Allocation Failure)
[35.883s][debug][gc,phases      ] GC(11) Scavenge 175.945ms
[35.883s][debug][gc,ref         ] GC(11) Skipped phase 1 of Reference Processing: no references
[35.883s][debug][gc,ref         ] GC(11) ReferenceProcessor::execute queues: 2, RefProcThreadModel::Multi, marks_oops_alive: false
[35.885s][debug][gc,ref         ] GC(11) Skipped phase 3 of Reference Processing: no references
[35.885s][debug][gc,ref         ] GC(11) ReferenceProcessor::execute queues: 1, RefProcThreadModel::Single, marks_oops_alive: false
[35.885s][debug][gc,phases      ] GC(11) Reference Processing 2.369ms
[35.891s][debug][gc,phases      ] GC(11)   VM Weak                        Min:  0.0, Avg:  0.0, Max:  0.0, Diff:  0.0, Sum:  0.0, Workers: 4
[35.891s][debug][gc,phases      ] GC(11)     Dead                           Min: 0, Avg:  0.0, Max: 0, Diff: 0, Sum: 0, Workers: 4
[35.891s][debug][gc,phases      ] GC(11)     Total                          Min: 0, Avg: 175.0, Max: 384, Diff: 384, Sum: 700, Workers: 4
[35.891s][debug][gc,phases      ] GC(11)   ObjectSynchronizer Weak        Min:  0.0, Avg:  0.0, Max:  0.0, Diff:  0.0, Sum:  0.0, Workers: 4
[35.891s][debug][gc,phases      ] GC(11)     Dead                           Min: 0, Avg:  0.0, Max: 0, Diff: 0, Sum: 0, Workers: 4
[35.891s][debug][gc,phases      ] GC(11)     Total                          Min: 0, Avg:  5.8, Max: 23, Diff: 23, Sum: 23, Workers: 4
[35.891s][debug][gc,phases      ] GC(11)   JVMTI Tag Weak OopStorage      Min:  0.0, Avg:  0.0, Max:  0.0, Diff:  0.0, Sum:  0.0, Workers: 4
[35.891s][debug][gc,phases      ] GC(11)     Dead                           Min: 0, Avg:  0.0, Max: 0, Diff: 0, Sum: 0, Workers: 4
[35.891s][debug][gc,phases      ] GC(11)     Total                          Min: 0, Avg:  0.0, Max: 0, Diff: 0, Sum: 0, Workers: 4
[35.891s][debug][gc,phases      ] GC(11)   StringTable Weak               Min:  0.0, Avg:  0.2, Max:  0.5, Diff:  0.5, Sum:  0.9, Workers: 4
[35.891s][debug][gc,phases      ] GC(11)     Dead                           Min: 0, Avg:  1.5, Max: 5, Diff: 5, Sum: 6, Workers: 4
[35.891s][debug][gc,phases      ] GC(11)     Total                          Min: 0, Avg: 10210.2, Max: 20809, Diff: 20809, Sum: 40841, Workers: 4
[35.891s][debug][gc,phases      ] GC(11)   ResolvedMethodTable Weak       Min:  0.0, Avg:  0.1, Max:  0.1, Diff:  0.1, Sum:  0.2, Workers: 4
[35.891s][debug][gc,phases      ] GC(11)     Dead                           Min: 0, Avg:  7.2, Max: 20, Diff: 20, Sum: 29, Workers: 4
[35.891s][debug][gc,phases      ] GC(11)     Total                          Min: 0, Avg: 2022.8, Max: 4187, Diff: 4187, Sum: 8091, Workers: 4
[35.891s][debug][gc,phases      ] GC(11)   JNI Weak                       Min:  0.0, Avg:  0.0, Max:  0.0, Diff:  0.0, Sum:  0.0, Workers: 4
[35.891s][debug][gc,phases      ] GC(11)     Dead                           Min: 0, Avg:  0.0, Max: 0, Diff: 0, Sum: 0, Workers: 4
[35.891s][debug][gc,phases      ] GC(11)     Total                          Min: 0, Avg: 28.0, Max: 56, Diff: 56, Sum: 112, Workers: 4
[35.891s][debug][gc,phases      ] GC(11)   StringDedup Table Weak         Min:  0.0, Avg:  0.0, Max:  0.0, Diff:  0.0, Sum:  0.0, Workers: 4
[35.891s][debug][gc,phases      ] GC(11)     Dead                           Min: 0, Avg:  0.0, Max: 0, Diff: 0, Sum: 0, Workers: 4
[35.891s][debug][gc,phases      ] GC(11)     Total                          Min: 0, Avg:  0.0, Max: 0, Diff: 0, Sum: 0, Workers: 4
[35.891s][debug][gc,phases      ] GC(11)   StringDedup Requests0 Weak     Min:  0.0, Avg:  0.0, Max:  0.0, Diff:  0.0, Sum:  0.0, Workers: 4
[35.891s][debug][gc,phases      ] GC(11)     Dead                           Min: 0, Avg:  0.0, Max: 0, Diff: 0, Sum: 0, Workers: 4
[35.891s][debug][gc,phases      ] GC(11)     Total                          Min: 0, Avg:  0.0, Max: 0, Diff: 0, Sum: 0, Workers: 4
[35.891s][debug][gc,phases      ] GC(11)   StringDedup Requests1 Weak     Min:  0.0, Avg:  0.0, Max:  0.0, Diff:  0.0, Sum:  0.0, Workers: 4
[35.891s][debug][gc,phases      ] GC(11)     Dead                           Min: 0, Avg:  0.0, Max: 0, Diff: 0, Sum: 0, Workers: 4
[35.891s][debug][gc,phases      ] GC(11)     Total                          Min: 0, Avg:  0.0, Max: 0, Diff: 0, Sum: 0, Workers: 4
[35.891s][debug][gc,phases      ] GC(11)   Weak JFR Old Object Samples    Min:  0.0, Avg:  0.0, Max:  0.0, Diff:  0.0, Sum:  0.0, Workers: 4
[35.891s][debug][gc,phases      ] GC(11)     Dead                           Min: 0, Avg:  0.0, Max: 0, Diff: 0, Sum: 0, Workers: 4
[35.891s][debug][gc,phases      ] GC(11)     Total                          Min: 0, Avg:  0.0, Max: 0, Diff: 0, Sum: 0, Workers: 4
[35.891s][debug][gc,phases      ] GC(11) Weak Processing 5.598ms
[35.891s][debug][gc,age         ] GC(11) Desired survivor size 536870912 bytes, new threshold 4 (max threshold 15)
[35.891s][info ][gc,heap        ] GC(11) PSYoungGen: 1368795K(1572864K)->248881K(1572864K) Eden: 1048576K(1048576K)->0K(1048576K) From: 320219K(524288K)->248881K(524288K)
[35.891s][info ][gc,heap        ] GC(11) ParOldGen: 204435K(425472K)->280371K(425472K)
[35.891s][info ][gc,metaspace   ] GC(11) Metaspace: 74465K(75392K)->74465K(75392K) NonClass: 63688K(64192K)->63688K(64192K) Class: 10776K(11200K)->10776K(11200K)
[35.891s][info ][gc             ] GC(11) Pause Young (Allocation Failure) 1536M->516M(1951M) 184.030ms
[35.891s][info ][gc,cpu         ] GC(11) User=0.38s Sys=0.02s Real=0.18s
[35.891s][debug][gc,phases      ] GC(12) Pre Compact 0.013ms
[35.891s][info ][gc,start       ] GC(12) Pause Full (Ergonomics)
[35.891s][info ][gc,phases,start] GC(12) Marking Phase
[36.061s][debug][gc,phases      ] GC(12) Par Mark 169.721ms
[36.061s][debug][gc,ref         ] GC(12) Skipped phase 1 of Reference Processing: no references
[36.061s][debug][gc,ref         ] GC(12) ReferenceProcessor::execute queues: 4, RefProcThreadModel::Multi, marks_oops_alive: false
[36.067s][debug][gc,ref         ] GC(12) Skipped phase 3 of Reference Processing: no references
[36.067s][debug][gc,ref         ] GC(12) ReferenceProcessor::execute queues: 1, RefProcThreadModel::Single, marks_oops_alive: false
[36.067s][debug][gc,phases      ] GC(12) Reference Processing 5.882ms
[36.071s][debug][gc,phases      ] GC(12)   VM Weak                        Min:  0.0, Avg:  0.0, Max:  0.0, Diff:  0.0, Sum:  0.0, Workers: 4
[36.071s][debug][gc,phases      ] GC(12)     Dead                           Min: 0, Avg:  0.0, Max: 0, Diff: 0, Sum: 0, Workers: 4
[36.071s][debug][gc,phases      ] GC(12)     Total                          Min: 0, Avg: 175.0, Max: 700, Diff: 700, Sum: 700, Workers: 4
[36.071s][debug][gc,phases      ] GC(12)   ObjectSynchronizer Weak        Min:  0.0, Avg:  0.0, Max:  0.0, Diff:  0.0, Sum:  0.0, Workers: 4
[36.071s][debug][gc,phases      ] GC(12)     Dead                           Min: 0, Avg:  0.0, Max: 0, Diff: 0, Sum: 0, Workers: 4
[36.071s][debug][gc,phases      ] GC(12)     Total                          Min: 0, Avg:  5.8, Max: 23, Diff: 23, Sum: 23, Workers: 4
[36.071s][debug][gc,phases      ] GC(12)   JVMTI Tag Weak OopStorage      Min:  0.0, Avg:  0.0, Max:  0.0, Diff:  0.0, Sum:  0.0, Workers: 4
[36.071s][debug][gc,phases      ] GC(12)     Dead                           Min: 0, Avg:  0.0, Max: 0, Diff: 0, Sum: 0, Workers: 4
[36.071s][debug][gc,phases      ] GC(12)     Total                          Min: 0, Avg:  0.0, Max: 0, Diff: 0, Sum: 0, Workers: 4
[36.071s][debug][gc,phases      ] GC(12)   StringTable Weak               Min:  0.0, Avg:  0.1, Max:  0.2, Diff:  0.2, Sum:  0.6, Workers: 4
[36.071s][debug][gc,phases      ] GC(12)     Dead                           Min: 0, Avg:  0.0, Max: 0, Diff: 0, Sum: 0, Workers: 4
[36.071s][debug][gc,phases      ] GC(12)     Total                          Min: 0, Avg: 10210.2, Max: 17609, Diff: 17609, Sum: 40841, Workers: 4
[36.071s][debug][gc,phases      ] GC(12)   ResolvedMethodTable Weak       Min:  0.0, Avg:  0.0, Max:  0.0, Diff:  0.0, Sum:  0.1, Workers: 4
[36.071s][debug][gc,phases      ] GC(12)     Dead                           Min: 0, Avg:  0.0, Max: 0, Diff: 0, Sum: 0, Workers: 4
[36.071s][debug][gc,phases      ] GC(12)     Total                          Min: 0, Avg: 2022.8, Max: 2880, Diff: 2880, Sum: 8091, Workers: 4
[36.071s][debug][gc,phases      ] GC(12)   JNI Weak                       Min:  0.0, Avg:  0.0, Max:  0.0, Diff:  0.0, Sum:  0.0, Workers: 4
[36.071s][debug][gc,phases      ] GC(12)     Dead                           Min: 0, Avg:  0.0, Max: 0, Diff: 0, Sum: 0, Workers: 4
[36.071s][debug][gc,phases      ] GC(12)     Total                          Min: 0, Avg: 28.0, Max: 56, Diff: 56, Sum: 112, Workers: 4
[36.071s][debug][gc,phases      ] GC(12)   StringDedup Table Weak         Min:  0.0, Avg:  0.0, Max:  0.0, Diff:  0.0, Sum:  0.0, Workers: 4
[36.071s][debug][gc,phases      ] GC(12)     Dead                           Min: 0, Avg:  0.0, Max: 0, Diff: 0, Sum: 0, Workers: 4
[36.071s][debug][gc,phases      ] GC(12)     Total                          Min: 0, Avg:  0.0, Max: 0, Diff: 0, Sum: 0, Workers: 4
[36.071s][debug][gc,phases      ] GC(12)   StringDedup Requests0 Weak     Min:  0.0, Avg:  0.0, Max:  0.0, Diff:  0.0, Sum:  0.0, Workers: 4
[36.071s][debug][gc,phases      ] GC(12)     Dead                           Min: 0, Avg:  0.0, Max: 0, Diff: 0, Sum: 0, Workers: 4
[36.071s][debug][gc,phases      ] GC(12)     Total                          Min: 0, Avg:  0.0, Max: 0, Diff: 0, Sum: 0, Workers: 4
[36.071s][debug][gc,phases      ] GC(12)   StringDedup Requests1 Weak     Min:  0.0, Avg:  0.0, Max:  0.0, Diff:  0.0, Sum:  0.0, Workers: 4
[36.071s][debug][gc,phases      ] GC(12)     Dead                           Min: 0, Avg:  0.0, Max: 0, Diff: 0, Sum: 0, Workers: 4
[36.071s][debug][gc,phases      ] GC(12)     Total                          Min: 0, Avg:  0.0, Max: 0, Diff: 0, Sum: 0, Workers: 4
[36.071s][debug][gc,phases      ] GC(12)   Weak JFR Old Object Samples    Min:  0.0, Avg:  0.0, Max:  0.0, Diff:  0.0, Sum:  0.0, Workers: 4
[36.071s][debug][gc,phases      ] GC(12)     Dead                           Min: 0, Avg:  0.0, Max: 0, Diff: 0, Sum: 0, Workers: 4
[36.071s][debug][gc,phases      ] GC(12)     Total                          Min: 0, Avg:  0.0, Max: 0, Diff: 0, Sum: 0, Workers: 4
[36.071s][debug][gc,phases      ] GC(12) Weak Processing 4.153ms
[36.071s][debug][gc,phases      ] GC(12) ClassLoaderData 0.085ms
[36.071s][debug][gc,phases      ] GC(12) Trigger cleanups 0.000ms
[36.086s][debug][gc,phases      ] GC(12) Class Unloading 15.370ms
[36.086s][info ][gc,phases      ] GC(12) Marking Phase 195.267ms
[36.086s][info ][gc,phases,start] GC(12) Summary Phase
[36.086s][info ][gc,phases      ] GC(12) Summary Phase 0.029ms
[36.086s][info ][gc,phases,start] GC(12) Adjust Roots
[36.112s][info ][gc,phases      ] GC(12) Adjust Roots 25.948ms
[36.112s][info ][gc,phases,start] GC(12) Compaction Phase
[36.576s][info ][gc,phases      ] GC(12) Compaction Phase 464.195ms
[36.576s][info ][gc,phases,start] GC(12) Post Compact
[36.579s][info ][gc,phases      ] GC(12) Post Compact 2.539ms
[36.579s][info ][gc,heap        ] GC(12) PSYoungGen: 248881K(1572864K)->0K(1572864K) Eden: 0K(1048576K)->0K(1048576K) From: 248881K(524288K)->0K(524288K)
[36.579s][info ][gc,heap        ] GC(12) ParOldGen: 280371K(425472K)->374902K(572928K)
[36.579s][info ][gc,metaspace   ] GC(12) Metaspace: 74465K(75392K)->74465K(75392K) NonClass: 63688K(64192K)->63688K(64192K) Class: 10776K(11200K)->10776K(11200K)
[36.579s][info ][gc             ] GC(12) Pause Full (Ergonomics) 516M->366M(2095M) 688.288ms
[36.579s][info ][gc,cpu         ] GC(12) User=1.56s Sys=0.01s Real=0.69s
[36.580s][info ][safepoint      ] Safepoint "ParallelGCFailedAllocation", Time since last: 74880925 ns, Reaching safepoint: 168298 ns, At safepoint: 872852213 ns, Total: 873020511 ns
[37.246s][info ][safepoint      ] Safepoint "ICBufferFull", Time since last: 660381201 ns, Reaching safepoint: 6386325 ns, At safepoint: 17200 ns, Total: 6403525 ns
[38.024s][info ][safepoint      ] Safepoint "ICBufferFull", Time since last: 776475657 ns, Reaching safepoint: 698092 ns, At safepoint: 6700 ns, Total: 704792 ns
[38.815s][info ][safepoint      ] Safepoint "ICBufferFull", Time since last: 790896498 ns, Reaching safepoint: 191898 ns, At safepoint: 10600 ns, Total: 202498 ns
[39.374s][info ][safepoint      ] Safepoint "ICBufferFull", Time since last: 559231498 ns, Reaching safepoint: 198598 ns, At safepoint: 2699 ns, Total: 201297 ns
[40.277s][info ][safepoint      ] Safepoint "ParallelGCFailedAllocation", Time since last: 896470191 ns, Reaching safepoint: 6442225 ns, At safepoint: 17900 ns, Total: 6460125 ns
[40.281s][info ][gc,start       ] GC(13) Pause Young (GCLocker Initiated GC)
[40.316s][debug][gc,phases      ] GC(13) Scavenge 34.900ms
[40.316s][debug][gc,ref         ] GC(13) Skipped phase 1 of Reference Processing: no references
[40.316s][debug][gc,ref         ] GC(13) ReferenceProcessor::execute queues: 1, RefProcThreadModel::Single, marks_oops_alive: false
[40.316s][debug][gc,ref         ] GC(13) Skipped phase 3 of Reference Processing: no references
[40.316s][debug][gc,ref         ] GC(13) ReferenceProcessor::execute queues: 1, RefProcThreadModel::Single, marks_oops_alive: false
[40.316s][debug][gc,phases      ] GC(13) Reference Processing 0.106ms
[40.316s][debug][gc,phases      ] GC(13)   VM Weak                        Min:  0.0, Avg:  0.0, Max:  0.0, Diff:  0.0, Sum:  0.0, Workers: 4
[40.316s][debug][gc,phases      ] GC(13)     Dead                           Min: 0, Avg:  0.0, Max: 0, Diff: 0, Sum: 0, Workers: 4
[40.316s][debug][gc,phases      ] GC(13)     Total                          Min: 0, Avg: 175.2, Max: 448, Diff: 448, Sum: 701, Workers: 4
[40.316s][debug][gc,phases      ] GC(13)   ObjectSynchronizer Weak        Min:  0.0, Avg:  0.0, Max:  0.0, Diff:  0.0, Sum:  0.0, Workers: 4
[40.316s][debug][gc,phases      ] GC(13)     Dead                           Min: 0, Avg:  0.0, Max: 0, Diff: 0, Sum: 0, Workers: 4
[40.316s][debug][gc,phases      ] GC(13)     Total                          Min: 0, Avg:  5.8, Max: 23, Diff: 23, Sum: 23, Workers: 4
[40.316s][debug][gc,phases      ] GC(13)   JVMTI Tag Weak OopStorage      Min:  0.0, Avg:  0.0, Max:  0.0, Diff:  0.0, Sum:  0.0, Workers: 4
[40.316s][debug][gc,phases      ] GC(13)     Dead                           Min: 0, Avg:  0.0, Max: 0, Diff: 0, Sum: 0, Workers: 4
[40.316s][debug][gc,phases      ] GC(13)     Total                          Min: 0, Avg:  0.0, Max: 0, Diff: 0, Sum: 0, Workers: 4
[40.316s][debug][gc,phases      ] GC(13)   StringTable Weak               Min:  0.0, Avg:  0.1, Max:  0.2, Diff:  0.2, Sum:  0.3, Workers: 4
[40.316s][debug][gc,phases      ] GC(13)     Dead                           Min: 0, Avg:  0.0, Max: 0, Diff: 0, Sum: 0, Workers: 4
[40.316s][debug][gc,phases      ] GC(13)     Total                          Min: 0, Avg: 10272.8, Max: 20864, Diff: 20864, Sum: 41091, Workers: 4
[40.316s][debug][gc,phases      ] GC(13)   ResolvedMethodTable Weak       Min:  0.0, Avg:  0.0, Max:  0.0, Diff:  0.0, Sum:  0.1, Workers: 4
[40.316s][debug][gc,phases      ] GC(13)     Dead                           Min: 0, Avg:  0.0, Max: 0, Diff: 0, Sum: 0, Workers: 4
[40.316s][debug][gc,phases      ] GC(13)     Total                          Min: 0, Avg: 2027.8, Max: 2816, Diff: 2816, Sum: 8111, Workers: 4
[40.316s][debug][gc,phases      ] GC(13)   JNI Weak                       Min:  0.0, Avg:  0.0, Max:  0.0, Diff:  0.0, Sum:  0.0, Workers: 4
[40.316s][debug][gc,phases      ] GC(13)     Dead                           Min: 0, Avg:  0.0, Max: 0, Diff: 0, Sum: 0, Workers: 4
[40.316s][debug][gc,phases      ] GC(13)     Total                          Min: 0, Avg: 19.0, Max: 45, Diff: 45, Sum: 76, Workers: 4
[40.316s][debug][gc,phases      ] GC(13)   StringDedup Table Weak         Min:  0.0, Avg:  0.0, Max:  0.0, Diff:  0.0, Sum:  0.0, Workers: 4
[40.316s][debug][gc,phases      ] GC(13)     Dead                           Min: 0, Avg:  0.0, Max: 0, Diff: 0, Sum: 0, Workers: 4
[40.316s][debug][gc,phases      ] GC(13)     Total                          Min: 0, Avg:  0.0, Max: 0, Diff: 0, Sum: 0, Workers: 4
[40.316s][debug][gc,phases      ] GC(13)   StringDedup Requests0 Weak     Min:  0.0, Avg:  0.0, Max:  0.0, Diff:  0.0, Sum:  0.0, Workers: 4
[40.316s][debug][gc,phases      ] GC(13)     Dead                           Min: 0, Avg:  0.0, Max: 0, Diff: 0, Sum: 0, Workers: 4
[40.316s][debug][gc,phases      ] GC(13)     Total                          Min: 0, Avg:  0.0, Max: 0, Diff: 0, Sum: 0, Workers: 4
[40.316s][debug][gc,phases      ] GC(13)   StringDedup Requests1 Weak     Min:  0.0, Avg:  0.0, Max:  0.0, Diff:  0.0, Sum:  0.0, Workers: 4
[40.316s][debug][gc,phases      ] GC(13)     Dead                           Min: 0, Avg:  0.0, Max: 0, Diff: 0, Sum: 0, Workers: 4
[40.316s][debug][gc,phases      ] GC(13)     Total                          Min: 0, Avg:  0.0, Max: 0, Diff: 0, Sum: 0, Workers: 4
[40.316s][debug][gc,phases      ] GC(13)   Weak JFR Old Object Samples    Min:  0.0, Avg:  0.0, Max:  0.0, Diff:  0.0, Sum:  0.0, Workers: 4
[40.316s][debug][gc,phases      ] GC(13)     Dead                           Min: 0, Avg:  0.0, Max: 0, Diff: 0, Sum: 0, Workers: 4
[40.316s][debug][gc,phases      ] GC(13)     Total                          Min: 0, Avg:  0.0, Max: 0, Diff: 0, Sum: 0, Workers: 4
[40.316s][debug][gc,phases      ] GC(13) Weak Processing 0.402ms
[40.316s][debug][gc,age         ] GC(13) Desired survivor size 536870912 bytes, new threshold 3 (max threshold 15)
[40.316s][info ][gc,heap        ] GC(13) PSYoungGen: 1048576K(1572864K)->18029K(1572864K) Eden: 1048576K(1048576K)->0K(1048576K) From: 0K(524288K)->18029K(524288K)
[40.316s][info ][gc,heap        ] GC(13) ParOldGen: 375424K(572928K)->375432K(572928K)
[40.316s][info ][gc,metaspace   ] GC(13) Metaspace: 75141K(76032K)->75141K(76032K) NonClass: 64341K(64832K)->64341K(64832K) Class: 10800K(11200K)->10800K(11200K)
[40.316s][info ][gc             ] GC(13) Pause Young (GCLocker Initiated GC) 1390M->384M(2095M) 35.510ms
[40.316s][info ][gc,cpu         ] GC(13) User=0.04s Sys=0.00s Real=0.03s
[40.316s][info ][safepoint      ] Safepoint "ParallelGCSystemGC", Time since last: 3599958 ns, Reaching safepoint: 32100 ns, At safepoint: 35582587 ns, Total: 35614687 ns
[41.323s][info ][safepoint      ] Safepoint "ICBufferFull", Time since last: 1003199366 ns, Reaching safepoint: 3123264 ns, At safepoint: 8400 ns, Total: 3131664 ns
[42.327s][info ][safepoint      ] Safepoint "Cleanup", Time since last: 1003913073 ns, Reaching safepoint: 183798 ns, At safepoint: 5100 ns, Total: 188898 ns
[43.143s][info ][safepoint      ] Safepoint "ICBufferFull", Time since last: 815579968 ns, Reaching safepoint: 237497 ns, At safepoint: 7100 ns, Total: 244597 ns
[43.143s][info ][safepoint      ] Safepoint "ICBufferFull", Time since last: 389496 ns, Reaching safepoint: 92399 ns, At safepoint: 3000 ns, Total: 95399 ns
[43.376s][info ][safepoint      ] Safepoint "ICBufferFull", Time since last: 232558110 ns, Reaching safepoint: 184298 ns, At safepoint: 3300 ns, Total: 187598 ns
[43.379s][info ][safepoint      ] Safepoint "ICBufferFull", Time since last: 50800 ns, Reaching safepoint: 2802267 ns, At safepoint: 10800 ns, Total: 2813067 ns
[43.383s][info ][safepoint      ] Safepoint "ICBufferFull", Time since last: 3801956 ns, Reaching safepoint: 102299 ns, At safepoint: 8300 ns, Total: 110599 ns
[43.681s][info ][gc,start       ] GC(14) Pause Young (Allocation Failure)
[43.731s][debug][gc,phases      ] GC(14) Scavenge 49.398ms
[43.731s][debug][gc,ref         ] GC(14) Skipped phase 1 of Reference Processing: no references
[43.731s][debug][gc,ref         ] GC(14) ReferenceProcessor::execute queues: 1, RefProcThreadModel::Single, marks_oops_alive: false
[43.731s][debug][gc,ref         ] GC(14) Skipped phase 3 of Reference Processing: no references
[43.731s][debug][gc,ref         ] GC(14) ReferenceProcessor::execute queues: 1, RefProcThreadModel::Single, marks_oops_alive: false
[43.731s][debug][gc,phases      ] GC(14) Reference Processing 0.142ms
[43.731s][debug][gc,phases      ] GC(14)   VM Weak                        Min:  0.0, Avg:  0.0, Max:  0.0, Diff:  0.0, Sum:  0.0, Workers: 4
[43.731s][debug][gc,phases      ] GC(14)     Dead                           Min: 0, Avg:  0.0, Max: 0, Diff: 0, Sum: 0, Workers: 4
[43.731s][debug][gc,phases      ] GC(14)     Total                          Min: 0, Avg: 175.8, Max: 703, Diff: 703, Sum: 703, Workers: 4
[43.731s][debug][gc,phases      ] GC(14)   ObjectSynchronizer Weak        Min:  0.0, Avg:  0.0, Max:  0.0, Diff:  0.0, Sum:  0.0, Workers: 4
[43.731s][debug][gc,phases      ] GC(14)     Dead                           Min: 0, Avg:  0.8, Max: 3, Diff: 3, Sum: 3, Workers: 4
[43.731s][debug][gc,phases      ] GC(14)     Total                          Min: 0, Avg:  7.5, Max: 30, Diff: 30, Sum: 30, Workers: 4
[43.731s][debug][gc,phases      ] GC(14)   JVMTI Tag Weak OopStorage      Min:  0.0, Avg:  0.0, Max:  0.0, Diff:  0.0, Sum:  0.0, Workers: 4
[43.731s][debug][gc,phases      ] GC(14)     Dead                           Min: 0, Avg:  0.0, Max: 0, Diff: 0, Sum: 0, Workers: 4
[43.731s][debug][gc,phases      ] GC(14)     Total                          Min: 0, Avg:  0.0, Max: 0, Diff: 0, Sum: 0, Workers: 4
[43.731s][debug][gc,phases      ] GC(14)   StringTable Weak               Min:  0.0, Avg:  0.1, Max:  0.2, Diff:  0.2, Sum:  0.4, Workers: 4
[43.731s][debug][gc,phases      ] GC(14)     Dead                           Min: 0, Avg:  0.5, Max: 2, Diff: 2, Sum: 2, Workers: 4
[43.731s][debug][gc,phases      ] GC(14)     Total                          Min: 0, Avg: 10369.8, Max: 22215, Diff: 22215, Sum: 41479, Workers: 4
[43.731s][debug][gc,phases      ] GC(14)   ResolvedMethodTable Weak       Min:  0.0, Avg:  0.0, Max:  0.0, Diff:  0.0, Sum:  0.1, Workers: 4
[43.731s][debug][gc,phases      ] GC(14)     Dead                           Min: 0, Avg:  5.0, Max: 10, Diff: 10, Sum: 20, Workers: 4
[43.731s][debug][gc,phases      ] GC(14)     Total                          Min: 0, Avg: 2068.0, Max: 4223, Diff: 4223, Sum: 8272, Workers: 4
[43.731s][debug][gc,phases      ] GC(14)   JNI Weak                       Min:  0.0, Avg:  0.0, Max:  0.0, Diff:  0.0, Sum:  0.0, Workers: 4
[43.731s][debug][gc,phases      ] GC(14)     Dead                           Min: 0, Avg:  0.0, Max: 0, Diff: 0, Sum: 0, Workers: 4
[43.731s][debug][gc,phases      ] GC(14)     Total                          Min: 0, Avg: 20.8, Max: 45, Diff: 45, Sum: 83, Workers: 4
[43.731s][debug][gc,phases      ] GC(14)   StringDedup Table Weak         Min:  0.0, Avg:  0.0, Max:  0.0, Diff:  0.0, Sum:  0.0, Workers: 4
[43.731s][debug][gc,phases      ] GC(14)     Dead                           Min: 0, Avg:  0.0, Max: 0, Diff: 0, Sum: 0, Workers: 4
[43.731s][debug][gc,phases      ] GC(14)     Total                          Min: 0, Avg:  0.0, Max: 0, Diff: 0, Sum: 0, Workers: 4
[43.731s][debug][gc,phases      ] GC(14)   StringDedup Requests0 Weak     Min:  0.0, Avg:  0.0, Max:  0.0, Diff:  0.0, Sum:  0.0, Workers: 4
[43.731s][debug][gc,phases      ] GC(14)     Dead                           Min: 0, Avg:  0.0, Max: 0, Diff: 0, Sum: 0, Workers: 4
[43.731s][debug][gc,phases      ] GC(14)     Total                          Min: 0, Avg:  0.0, Max: 0, Diff: 0, Sum: 0, Workers: 4
[43.731s][debug][gc,phases      ] GC(14)   StringDedup Requests1 Weak     Min:  0.0, Avg:  0.0, Max:  0.0, Diff:  0.0, Sum:  0.0, Workers: 4
[43.731s][debug][gc,phases      ] GC(14)     Dead                           Min: 0, Avg:  0.0, Max: 0, Diff: 0, Sum: 0, Workers: 4
[43.731s][debug][gc,phases      ] GC(14)     Total                          Min: 0, Avg:  0.0, Max: 0, Diff: 0, Sum: 0, Workers: 4
[43.731s][debug][gc,phases      ] GC(14)   Weak JFR Old Object Samples    Min:  0.0, Avg:  0.0, Max:  0.0, Diff:  0.0, Sum:  0.0, Workers: 4
[43.731s][debug][gc,phases      ] GC(14)     Dead                           Min: 0, Avg:  0.0, Max: 0, Diff: 0, Sum: 0, Workers: 4
[43.731s][debug][gc,phases      ] GC(14)     Total                          Min: 0, Avg:  0.0, Max: 0, Diff: 0, Sum: 0, Workers: 4
[43.731s][debug][gc,phases      ] GC(14) Weak Processing 0.488ms
[43.731s][debug][gc,age         ] GC(14) Desired survivor size 536870912 bytes, new threshold 2 (max threshold 15)
[43.731s][info ][gc,heap        ] GC(14) PSYoungGen: 1066605K(1572864K)->69025K(1572864K) Eden: 1048576K(1048576K)->0K(1048576K) From: 18029K(524288K)->69025K(524288K)
[43.731s][info ][gc,heap        ] GC(14) ParOldGen: 375434K(572928K)->375442K(572928K)
[43.731s][info ][gc,metaspace   ] GC(14) Metaspace: 76050K(76928K)->76050K(76928K) NonClass: 65130K(65600K)->65130K(65600K) Class: 10920K(11328K)->10920K(11328K)
[43.731s][info ][gc             ] GC(14) Pause Young (Allocation Failure) 1408M->434M(2095M) 50.153ms
[43.731s][info ][gc,cpu         ] GC(14) User=0.11s Sys=0.01s Real=0.05s
[43.731s][info ][safepoint      ] Safepoint "ParallelGCFailedAllocation", Time since last: 298571852 ns, Reaching safepoint: 55899 ns, At safepoint: 50232720 ns, Total: 50288619 ns
[44.733s][info ][safepoint      ] Safepoint "Cleanup", Time since last: 1000846547 ns, Reaching safepoint: 777992 ns, At safepoint: 13899 ns, Total: 791891 ns
[45.733s][info ][safepoint      ] Safepoint "Cleanup", Time since last: 1000117672 ns, Reaching safepoint: 252597 ns, At safepoint: 7300 ns, Total: 259897 ns
[46.734s][info ][safepoint      ] Safepoint "Cleanup", Time since last: 1000108787 ns, Reaching safepoint: 302697 ns, At safepoint: 8599 ns, Total: 311296 ns
[47.280s][info ][safepoint      ] Safepoint "ICBufferFull", Time since last: 545746223 ns, Reaching safepoint: 325997 ns, At safepoint: 27499 ns, Total: 353496 ns
[47.328s][info ][gc,start       ] GC(15) Pause Young (Allocation Failure)
[47.375s][debug][gc,phases      ] GC(15) Scavenge 47.241ms
[47.375s][debug][gc,ref         ] GC(15) Skipped phase 1 of Reference Processing: no references
[47.375s][debug][gc,ref         ] GC(15) ReferenceProcessor::execute queues: 1, RefProcThreadModel::Single, marks_oops_alive: false
[47.375s][debug][gc,ref         ] GC(15) Skipped phase 3 of Reference Processing: no references
[47.375s][debug][gc,ref         ] GC(15) ReferenceProcessor::execute queues: 1, RefProcThreadModel::Single, marks_oops_alive: false
[47.375s][debug][gc,phases      ] GC(15) Reference Processing 0.135ms
[47.375s][debug][gc,phases      ] GC(15)   VM Weak                        Min:  0.0, Avg:  0.0, Max:  0.0, Diff:  0.0, Sum:  0.0, Workers: 4
[47.375s][debug][gc,phases      ] GC(15)     Dead                           Min: 0, Avg:  0.0, Max: 0, Diff: 0, Sum: 0, Workers: 4
[47.375s][debug][gc,phases      ] GC(15)     Total                          Min: 0, Avg: 176.0, Max: 576, Diff: 576, Sum: 704, Workers: 4
[47.375s][debug][gc,phases      ] GC(15)   ObjectSynchronizer Weak        Min:  0.0, Avg:  0.0, Max:  0.0, Diff:  0.0, Sum:  0.0, Workers: 4
[47.375s][debug][gc,phases      ] GC(15)     Dead                           Min: 0, Avg:  0.0, Max: 0, Diff: 0, Sum: 0, Workers: 4
[47.375s][debug][gc,phases      ] GC(15)     Total                          Min: 0, Avg:  8.0, Max: 32, Diff: 32, Sum: 32, Workers: 4
[47.375s][debug][gc,phases      ] GC(15)   JVMTI Tag Weak OopStorage      Min:  0.0, Avg:  0.0, Max:  0.0, Diff:  0.0, Sum:  0.0, Workers: 4
[47.375s][debug][gc,phases      ] GC(15)     Dead                           Min: 0, Avg:  0.0, Max: 0, Diff: 0, Sum: 0, Workers: 4
[47.375s][debug][gc,phases      ] GC(15)     Total                          Min: 0, Avg:  0.0, Max: 0, Diff: 0, Sum: 0, Workers: 4
[47.375s][debug][gc,phases      ] GC(15)   StringTable Weak               Min:  0.0, Avg:  0.1, Max:  0.2, Diff:  0.2, Sum:  0.4, Workers: 4
[47.375s][debug][gc,phases      ] GC(15)     Dead                           Min: 0, Avg:  0.2, Max: 1, Diff: 1, Sum: 1, Workers: 4
[47.375s][debug][gc,phases      ] GC(15)     Total                          Min: 0, Avg: 10379.5, Max: 23150, Diff: 23150, Sum: 41518, Workers: 4
[47.375s][debug][gc,phases      ] GC(15)   ResolvedMethodTable Weak       Min:  0.0, Avg:  0.0, Max:  0.0, Diff:  0.0, Sum:  0.1, Workers: 4
[47.375s][debug][gc,phases      ] GC(15)     Dead                           Min: 0, Avg:  0.0, Max: 0, Diff: 0, Sum: 0, Workers: 4
[47.375s][debug][gc,phases      ] GC(15)     Total                          Min: 0, Avg: 2018.2, Max: 4104, Diff: 4104, Sum: 8073, Workers: 4
[47.375s][debug][gc,phases      ] GC(15)   JNI Weak                       Min:  0.0, Avg:  0.0, Max:  0.0, Diff:  0.0, Sum:  0.0, Workers: 4
[47.375s][debug][gc,phases      ] GC(15)     Dead                           Min: 0, Avg:  0.0, Max: 0, Diff: 0, Sum: 0, Workers: 4
[47.375s][debug][gc,phases      ] GC(15)     Total                          Min: 0, Avg: 18.2, Max: 54, Diff: 54, Sum: 73, Workers: 4
[47.375s][debug][gc,phases      ] GC(15)   StringDedup Table Weak         Min:  0.0, Avg:  0.0, Max:  0.0, Diff:  0.0, Sum:  0.0, Workers: 4
[47.375s][debug][gc,phases      ] GC(15)     Dead                           Min: 0, Avg:  0.0, Max: 0, Diff: 0, Sum: 0, Workers: 4
[47.375s][debug][gc,phases      ] GC(15)     Total                          Min: 0, Avg:  0.0, Max: 0, Diff: 0, Sum: 0, Workers: 4
[47.375s][debug][gc,phases      ] GC(15)   StringDedup Requests0 Weak     Min:  0.0, Avg:  0.0, Max:  0.0, Diff:  0.0, Sum:  0.0, Workers: 4
[47.375s][debug][gc,phases      ] GC(15)     Dead                           Min: 0, Avg:  0.0, Max: 0, Diff: 0, Sum: 0, Workers: 4
[47.375s][debug][gc,phases      ] GC(15)     Total                          Min: 0, Avg:  0.0, Max: 0, Diff: 0, Sum: 0, Workers: 4
[47.375s][debug][gc,phases      ] GC(15)   StringDedup Requests1 Weak     Min:  0.0, Avg:  0.0, Max:  0.0, Diff:  0.0, Sum:  0.0, Workers: 4
[47.375s][debug][gc,phases      ] GC(15)     Dead                           Min: 0, Avg:  0.0, Max: 0, Diff: 0, Sum: 0, Workers: 4
[47.375s][debug][gc,phases      ] GC(15)     Total                          Min: 0, Avg:  0.0, Max: 0, Diff: 0, Sum: 0, Workers: 4
[47.376s][debug][gc,phases      ] GC(15)   Weak JFR Old Object Samples    Min:  0.0, Avg:  0.0, Max:  0.0, Diff:  0.0, Sum:  0.0, Workers: 4
[47.376s][debug][gc,phases      ] GC(15)     Dead                           Min: 0, Avg:  0.0, Max: 0, Diff: 0, Sum: 0, Workers: 4
[47.376s][debug][gc,phases      ] GC(15)     Total                          Min: 0, Avg:  0.0, Max: 0, Diff: 0, Sum: 0, Workers: 4
[47.376s][debug][gc,phases      ] GC(15) Weak Processing 0.453ms
[47.376s][debug][gc,age         ] GC(15) Desired survivor size 536870912 bytes, new threshold 1 (max threshold 15)
[47.376s][info ][gc,heap        ] GC(15) PSYoungGen: 1117601K(1572864K)->79904K(1572864K) Eden: 1048576K(1048576K)->0K(1048576K) From: 69025K(524288K)->79904K(524288K)
[47.376s][info ][gc,heap        ] GC(15) ParOldGen: 375442K(572928K)->392255K(572928K)
[47.376s][info ][gc,metaspace   ] GC(15) Metaspace: 76249K(77120K)->76249K(77120K) NonClass: 65321K(65792K)->65321K(65792K) Class: 10927K(11328K)->10927K(11328K)
[47.376s][info ][gc             ] GC(15) Pause Young (Allocation Failure) 1458M->461M(2095M) 47.993ms
[47.376s][info ][gc,cpu         ] GC(15) User=0.10s Sys=0.02s Real=0.04s
[47.376s][info ][safepoint      ] Safepoint "ParallelGCFailedAllocation", Time since last: 47464154 ns, Reaching safepoint: 85099 ns, At safepoint: 48091948 ns, Total: 48177047 ns
[48.337s][info ][safepoint      ] Safepoint "ICBufferFull", Time since last: 961002361 ns, Reaching safepoint: 192798 ns, At safepoint: 5900 ns, Total: 198698 ns
[49.359s][info ][safepoint      ] Safepoint "ICBufferFull", Time since last: 1022326273 ns, Reaching safepoint: 260997 ns, At safepoint: 5500 ns, Total: 266497 ns
[49.360s][info ][safepoint      ] Safepoint "ICBufferFull", Time since last: 50699 ns, Reaching safepoint: 98799 ns, At safepoint: 8500 ns, Total: 107299 ns
[49.998s][info ][safepoint      ] Safepoint "ICBufferFull", Time since last: 638138490 ns, Reaching safepoint: 180198 ns, At safepoint: 9900 ns, Total: 190098 ns
[50.017s][info ][gc,start       ] GC(16) Pause Young (Allocation Failure)
[50.053s][debug][gc,phases      ] GC(16) Scavenge 35.536ms
[50.053s][debug][gc,ref         ] GC(16) Skipped phase 1 of Reference Processing: no references
[50.053s][debug][gc,ref         ] GC(16) ReferenceProcessor::execute queues: 1, RefProcThreadModel::Single, marks_oops_alive: false
[50.053s][debug][gc,ref         ] GC(16) Skipped phase 3 of Reference Processing: no references
[50.053s][debug][gc,ref         ] GC(16) ReferenceProcessor::execute queues: 1, RefProcThreadModel::Single, marks_oops_alive: false
[50.053s][debug][gc,phases      ] GC(16) Reference Processing 0.097ms
[50.053s][debug][gc,phases      ] GC(16)   VM Weak                        Min:  0.0, Avg:  0.0, Max:  0.0, Diff:  0.0, Sum:  0.0, Workers: 4
[50.053s][debug][gc,phases      ] GC(16)     Dead                           Min: 0, Avg:  0.0, Max: 0, Diff: 0, Sum: 0, Workers: 4
[50.053s][debug][gc,phases      ] GC(16)     Total                          Min: 0, Avg: 176.0, Max: 704, Diff: 704, Sum: 704, Workers: 4
[50.053s][debug][gc,phases      ] GC(16)   ObjectSynchronizer Weak        Min:  0.0, Avg:  0.0, Max:  0.0, Diff:  0.0, Sum:  0.0, Workers: 4
[50.053s][debug][gc,phases      ] GC(16)     Dead                           Min: 0, Avg:  0.0, Max: 0, Diff: 0, Sum: 0, Workers: 4
[50.053s][debug][gc,phases      ] GC(16)     Total                          Min: 0, Avg:  8.0, Max: 32, Diff: 32, Sum: 32, Workers: 4
[50.053s][debug][gc,phases      ] GC(16)   JVMTI Tag Weak OopStorage      Min:  0.0, Avg:  0.0, Max:  0.0, Diff:  0.0, Sum:  0.0, Workers: 4
[50.053s][debug][gc,phases      ] GC(16)     Dead                           Min: 0, Avg:  0.0, Max: 0, Diff: 0, Sum: 0, Workers: 4
[50.053s][debug][gc,phases      ] GC(16)     Total                          Min: 0, Avg:  0.0, Max: 0, Diff: 0, Sum: 0, Workers: 4
[50.053s][debug][gc,phases      ] GC(16)   StringTable Weak               Min:  0.0, Avg:  0.1, Max:  0.1, Diff:  0.1, Sum:  0.3, Workers: 4
[50.053s][debug][gc,phases      ] GC(16)     Dead                           Min: 0, Avg:  0.0, Max: 0, Diff: 0, Sum: 0, Workers: 4
[50.053s][debug][gc,phases      ] GC(16)     Total                          Min: 0, Avg: 10436.5, Max: 17618, Diff: 17618, Sum: 41746, Workers: 4
[50.053s][debug][gc,phases      ] GC(16)   ResolvedMethodTable Weak       Min:  0.0, Avg:  0.0, Max:  0.0, Diff:  0.0, Sum:  0.1, Workers: 4
[50.053s][debug][gc,phases      ] GC(16)     Dead                           Min: 0, Avg:  0.0, Max: 0, Diff: 0, Sum: 0, Workers: 4
[50.053s][debug][gc,phases      ] GC(16)     Total                          Min: 0, Avg: 2020.2, Max: 3402, Diff: 3402, Sum: 8081, Workers: 4
[50.053s][debug][gc,phases      ] GC(16)   JNI Weak                       Min:  0.0, Avg:  0.0, Max:  0.0, Diff:  0.0, Sum:  0.0, Workers: 4
[50.053s][debug][gc,phases      ] GC(16)     Dead                           Min: 0, Avg:  0.0, Max: 0, Diff: 0, Sum: 0, Workers: 4
[50.053s][debug][gc,phases      ] GC(16)     Total                          Min: 0, Avg: 11.5, Max: 46, Diff: 46, Sum: 46, Workers: 4
[50.053s][debug][gc,phases      ] GC(16)   StringDedup Table Weak         Min:  0.0, Avg:  0.0, Max:  0.0, Diff:  0.0, Sum:  0.0, Workers: 4
[50.053s][debug][gc,phases      ] GC(16)     Dead                           Min: 0, Avg:  0.0, Max: 0, Diff: 0, Sum: 0, Workers: 4
[50.053s][debug][gc,phases      ] GC(16)     Total                          Min: 0, Avg:  0.0, Max: 0, Diff: 0, Sum: 0, Workers: 4
[50.053s][debug][gc,phases      ] GC(16)   StringDedup Requests0 Weak     Min:  0.0, Avg:  0.0, Max:  0.0, Diff:  0.0, Sum:  0.0, Workers: 4
[50.053s][debug][gc,phases      ] GC(16)     Dead                           Min: 0, Avg:  0.0, Max: 0, Diff: 0, Sum: 0, Workers: 4
[50.053s][debug][gc,phases      ] GC(16)     Total                          Min: 0, Avg:  0.0, Max: 0, Diff: 0, Sum: 0, Workers: 4
[50.053s][debug][gc,phases      ] GC(16)   StringDedup Requests1 Weak     Min:  0.0, Avg:  0.0, Max:  0.0, Diff:  0.0, Sum:  0.0, Workers: 4
[50.053s][debug][gc,phases      ] GC(16)     Dead                           Min: 0, Avg:  0.0, Max: 0, Diff: 0, Sum: 0, Workers: 4
[50.053s][debug][gc,phases      ] GC(16)     Total                          Min: 0, Avg:  0.0, Max: 0, Diff: 0, Sum: 0, Workers: 4
[50.053s][debug][gc,phases      ] GC(16)   Weak JFR Old Object Samples    Min:  0.0, Avg:  0.0, Max:  0.0, Diff:  0.0, Sum:  0.0, Workers: 4
[50.053s][debug][gc,phases      ] GC(16)     Dead                           Min: 0, Avg:  0.0, Max: 0, Diff: 0, Sum: 0, Workers: 4
[50.053s][debug][gc,phases      ] GC(16)     Total                          Min: 0, Avg:  0.0, Max: 0, Diff: 0, Sum: 0, Workers: 4
[50.053s][debug][gc,phases      ] GC(16) Weak Processing 0.295ms
[50.053s][debug][gc,age         ] GC(16) Desired survivor size 536870912 bytes, new threshold 1 (max threshold 15)
[50.053s][info ][gc,heap        ] GC(16) PSYoungGen: 1128480K(1572864K)->9216K(1572864K) Eden: 1048576K(1048576K)->0K(1048576K) From: 79904K(524288K)->9216K(524288K)
[50.053s][info ][gc,heap        ] GC(16) ParOldGen: 392255K(572928K)->460117K(572928K)
[50.053s][info ][gc,metaspace   ] GC(16) Metaspace: 76430K(77312K)->76430K(77312K) NonClass: 65497K(65984K)->65497K(65984K) Class: 10932K(11328K)->10932K(11328K)
[50.053s][info ][gc             ] GC(16) Pause Young (Allocation Failure) 1485M->458M(2095M) 36.034ms
[50.053s][info ][gc,cpu         ] GC(16) User=0.09s Sys=0.03s Real=0.04s
[50.053s][debug][gc,phases      ] GC(17) Pre Compact 0.008ms
[50.053s][info ][gc,start       ] GC(17) Pause Full (Ergonomics)
[50.053s][info ][gc,phases,start] GC(17) Marking Phase
[50.166s][debug][gc,phases      ] GC(17) Par Mark 113.204ms
[50.166s][debug][gc,ref         ] GC(17) Skipped phase 1 of Reference Processing: no references
[50.167s][debug][gc,ref         ] GC(17) ReferenceProcessor::execute queues: 4, RefProcThreadModel::Multi, marks_oops_alive: false
[50.167s][debug][gc,ref         ] GC(17) ReferenceProcessor::execute queues: 4, RefProcThreadModel::Multi, marks_oops_alive: true
[50.167s][debug][gc,ref         ] GC(17) ReferenceProcessor::execute queues: 1, RefProcThreadModel::Single, marks_oops_alive: false
[50.167s][debug][gc,phases      ] GC(17) Reference Processing 0.666ms
[50.168s][debug][gc,phases      ] GC(17)   VM Weak                        Min:  0.0, Avg:  0.0, Max:  0.0, Diff:  0.0, Sum:  0.0, Workers: 4
[50.168s][debug][gc,phases      ] GC(17)     Dead                           Min: 0, Avg:  0.0, Max: 0, Diff: 0, Sum: 0, Workers: 4
[50.168s][debug][gc,phases      ] GC(17)     Total                          Min: 0, Avg: 176.0, Max: 448, Diff: 448, Sum: 704, Workers: 4
[50.168s][debug][gc,phases      ] GC(17)   ObjectSynchronizer Weak        Min:  0.0, Avg:  0.0, Max:  0.0, Diff:  0.0, Sum:  0.0, Workers: 4
[50.168s][debug][gc,phases      ] GC(17)     Dead                           Min: 0, Avg:  0.0, Max: 0, Diff: 0, Sum: 0, Workers: 4
[50.168s][debug][gc,phases      ] GC(17)     Total                          Min: 0, Avg:  8.0, Max: 32, Diff: 32, Sum: 32, Workers: 4
[50.168s][debug][gc,phases      ] GC(17)   JVMTI Tag Weak OopStorage      Min:  0.0, Avg:  0.0, Max:  0.0, Diff:  0.0, Sum:  0.0, Workers: 4
[50.168s][debug][gc,phases      ] GC(17)     Dead                           Min: 0, Avg:  0.0, Max: 0, Diff: 0, Sum: 0, Workers: 4
[50.168s][debug][gc,phases      ] GC(17)     Total                          Min: 0, Avg:  0.0, Max: 0, Diff: 0, Sum: 0, Workers: 4
[50.168s][debug][gc,phases      ] GC(17)   StringTable Weak               Min:  0.0, Avg:  0.1, Max:  0.2, Diff:  0.2, Sum:  0.5, Workers: 4
[50.168s][debug][gc,phases      ] GC(17)     Dead                           Min: 0, Avg:  0.0, Max: 0, Diff: 0, Sum: 0, Workers: 4
[50.168s][debug][gc,phases      ] GC(17)     Total                          Min: 0, Avg: 10436.5, Max: 23314, Diff: 23314, Sum: 41746, Workers: 4
[50.168s][debug][gc,phases      ] GC(17)   ResolvedMethodTable Weak       Min:  0.0, Avg:  0.0, Max:  0.0, Diff:  0.0, Sum:  0.1, Workers: 4
[50.168s][debug][gc,phases      ] GC(17)     Dead                           Min: 0, Avg:  0.0, Max: 0, Diff: 0, Sum: 0, Workers: 4
[50.168s][debug][gc,phases      ] GC(17)     Total                          Min: 0, Avg: 2020.2, Max: 4366, Diff: 4366, Sum: 8081, Workers: 4
[50.168s][debug][gc,phases      ] GC(17)   JNI Weak                       Min:  0.0, Avg:  0.0, Max:  0.0, Diff:  0.0, Sum:  0.0, Workers: 4
[50.168s][debug][gc,phases      ] GC(17)     Dead                           Min: 0, Avg:  0.0, Max: 0, Diff: 0, Sum: 0, Workers: 4
[50.168s][debug][gc,phases      ] GC(17)     Total                          Min: 0, Avg: 11.5, Max: 46, Diff: 46, Sum: 46, Workers: 4
[50.168s][debug][gc,phases      ] GC(17)   StringDedup Table Weak         Min:  0.0, Avg:  0.0, Max:  0.0, Diff:  0.0, Sum:  0.0, Workers: 4
[50.168s][debug][gc,phases      ] GC(17)     Dead                           Min: 0, Avg:  0.0, Max: 0, Diff: 0, Sum: 0, Workers: 4
[50.168s][debug][gc,phases      ] GC(17)     Total                          Min: 0, Avg:  0.0, Max: 0, Diff: 0, Sum: 0, Workers: 4
[50.168s][debug][gc,phases      ] GC(17)   StringDedup Requests0 Weak     Min:  0.0, Avg:  0.0, Max:  0.0, Diff:  0.0, Sum:  0.0, Workers: 4
[50.168s][debug][gc,phases      ] GC(17)     Dead                           Min: 0, Avg:  0.0, Max: 0, Diff: 0, Sum: 0, Workers: 4
[50.168s][debug][gc,phases      ] GC(17)     Total                          Min: 0, Avg:  0.0, Max: 0, Diff: 0, Sum: 0, Workers: 4
[50.168s][debug][gc,phases      ] GC(17)   StringDedup Requests1 Weak     Min:  0.0, Avg:  0.0, Max:  0.0, Diff:  0.0, Sum:  0.0, Workers: 4
[50.168s][debug][gc,phases      ] GC(17)     Dead                           Min: 0, Avg:  0.0, Max: 0, Diff: 0, Sum: 0, Workers: 4
[50.168s][debug][gc,phases      ] GC(17)     Total                          Min: 0, Avg:  0.0, Max: 0, Diff: 0, Sum: 0, Workers: 4
[50.168s][debug][gc,phases      ] GC(17)   Weak JFR Old Object Samples    Min:  0.0, Avg:  0.0, Max:  0.0, Diff:  0.0, Sum:  0.0, Workers: 4
[50.168s][debug][gc,phases      ] GC(17)     Dead                           Min: 0, Avg:  0.0, Max: 0, Diff: 0, Sum: 0, Workers: 4
[50.168s][debug][gc,phases      ] GC(17)     Total                          Min: 0, Avg:  0.0, Max: 0, Diff: 0, Sum: 0, Workers: 4
[50.168s][debug][gc,phases      ] GC(17) Weak Processing 0.455ms
[50.168s][debug][gc,phases      ] GC(17) ClassLoaderData 0.078ms
[50.168s][debug][gc,phases      ] GC(17) Trigger cleanups 0.000ms
[50.180s][debug][gc,phases      ] GC(17) Class Unloading 12.665ms
[50.180s][info ][gc,phases      ] GC(17) Marking Phase 127.110ms
[50.180s][info ][gc,phases,start] GC(17) Summary Phase
[50.180s][info ][gc,phases      ] GC(17) Summary Phase 0.015ms
[50.180s][info ][gc,phases,start] GC(17) Adjust Roots
[50.191s][info ][gc,phases      ] GC(17) Adjust Roots 10.250ms
[50.191s][info ][gc,phases,start] GC(17) Compaction Phase
[50.362s][info ][gc,phases      ] GC(17) Compaction Phase 171.889ms
[50.363s][info ][gc,phases,start] GC(17) Post Compact
[50.363s][info ][gc,phases      ] GC(17) Post Compact 0.927ms
[50.364s][info ][gc,heap        ] GC(17) PSYoungGen: 9216K(1572864K)->0K(1572864K) Eden: 0K(1048576K)->0K(1048576K) From: 9216K(524288K)->0K(524288K)
[50.364s][info ][gc,heap        ] GC(17) ParOldGen: 460117K(572928K)->426932K(625664K)
[50.364s][info ][gc,metaspace   ] GC(17) Metaspace: 76430K(77312K)->76430K(77312K) NonClass: 65497K(65984K)->65497K(65984K) Class: 10932K(11328K)->10932K(11328K)
[50.364s][info ][gc             ] GC(17) Pause Full (Ergonomics) 458M->416M(2147M) 310.372ms
[50.364s][info ][gc,cpu         ] GC(17) User=1.03s Sys=0.02s Real=0.31s
[50.364s][info ][safepoint      ] Safepoint "ParallelGCFailedAllocation", Time since last: 19108281 ns, Reaching safepoint: 70199 ns, At safepoint: 346632330 ns, Total: 346702529 ns
[51.374s][info ][safepoint      ] Safepoint "ICBufferFull", Time since last: 1009630150 ns, Reaching safepoint: 170098 ns, At safepoint: 8100 ns, Total: 178198 ns
[52.374s][info ][safepoint      ] Safepoint "Cleanup", Time since last: 1000103275 ns, Reaching safepoint: 132599 ns, At safepoint: 6299 ns, Total: 138898 ns
[53.374s][info ][safepoint      ] Safepoint "Cleanup", Time since last: 1000101191 ns, Reaching safepoint: 47299 ns, At safepoint: 2500 ns, Total: 49799 ns
[54.374s][info ][safepoint      ] Safepoint "Cleanup", Time since last: 1000108306 ns, Reaching safepoint: 64899 ns, At safepoint: 6300 ns, Total: 71199 ns
[55.374s][info ][safepoint      ] Safepoint "Cleanup", Time since last: 1000117521 ns, Reaching safepoint: 66799 ns, At safepoint: 2400 ns, Total: 69199 ns
[56.374s][info ][safepoint      ] Safepoint "Cleanup", Time since last: 1000094137 ns, Reaching safepoint: 56799 ns, At safepoint: 6900 ns, Total: 63699 ns
[57.375s][info ][safepoint      ] Safepoint "Cleanup", Time since last: 1000101252 ns, Reaching safepoint: 59600 ns, At safepoint: 2399 ns, Total: 61999 ns
[58.375s][info ][safepoint      ] Safepoint "Cleanup", Time since last: 1000111868 ns, Reaching safepoint: 97598 ns, At safepoint: 6700 ns, Total: 104298 ns
[59.375s][info ][safepoint      ] Safepoint "Cleanup", Time since last: 1000097283 ns, Reaching safepoint: 49199 ns, At safepoint: 6100 ns, Total: 55299 ns
[61.085s][info ][safepoint      ] Safepoint "Cleanup", Time since last: 1709959386 ns, Reaching safepoint: 126599 ns, At safepoint: 8300 ns, Total: 134899 ns
[61.514s][info ][safepoint      ] Safepoint "ParallelGCFailedAllocation", Time since last: 428614265 ns, Reaching safepoint: 52399 ns, At safepoint: 14800 ns, Total: 67199 ns
[61.515s][info ][gc,start       ] GC(18) Pause Young (GCLocker Initiated GC)
[61.521s][debug][gc,phases      ] GC(18) Scavenge 6.488ms
[61.522s][debug][gc,ref         ] GC(18) Skipped phase 1 of Reference Processing: no references
[61.522s][debug][gc,ref         ] GC(18) ReferenceProcessor::execute queues: 1, RefProcThreadModel::Single, marks_oops_alive: false
[61.522s][debug][gc,ref         ] GC(18) Skipped phase 3 of Reference Processing: no references
[61.522s][debug][gc,ref         ] GC(18) ReferenceProcessor::execute queues: 1, RefProcThreadModel::Single, marks_oops_alive: false
[61.522s][debug][gc,phases      ] GC(18) Reference Processing 0.074ms
[61.522s][debug][gc,phases      ] GC(18)   VM Weak                        Min:  0.0, Avg:  0.0, Max:  0.0, Diff:  0.0, Sum:  0.0, Workers: 4
[61.522s][debug][gc,phases      ] GC(18)     Dead                           Min: 0, Avg:  0.0, Max: 0, Diff: 0, Sum: 0, Workers: 4
[61.522s][debug][gc,phases      ] GC(18)     Total                          Min: 0, Avg: 176.0, Max: 576, Diff: 576, Sum: 704, Workers: 4
[61.522s][debug][gc,phases      ] GC(18)   ObjectSynchronizer Weak        Min:  0.0, Avg:  0.0, Max:  0.0, Diff:  0.0, Sum:  0.0, Workers: 4
[61.522s][debug][gc,phases      ] GC(18)     Dead                           Min: 0, Avg:  0.0, Max: 0, Diff: 0, Sum: 0, Workers: 4
[61.522s][debug][gc,phases      ] GC(18)     Total                          Min: 0, Avg:  8.0, Max: 32, Diff: 32, Sum: 32, Workers: 4
[61.522s][debug][gc,phases      ] GC(18)   JVMTI Tag Weak OopStorage      Min:  0.0, Avg:  0.0, Max:  0.0, Diff:  0.0, Sum:  0.0, Workers: 4
[61.522s][debug][gc,phases      ] GC(18)     Dead                           Min: 0, Avg:  0.0, Max: 0, Diff: 0, Sum: 0, Workers: 4
[61.522s][debug][gc,phases      ] GC(18)     Total                          Min: 0, Avg:  0.0, Max: 0, Diff: 0, Sum: 0, Workers: 4
[61.522s][debug][gc,phases      ] GC(18)   StringTable Weak               Min:  0.1, Avg:  0.1, Max:  0.1, Diff:  0.0, Sum:  0.4, Workers: 4
[61.522s][debug][gc,phases      ] GC(18)     Dead                           Min: 0, Avg:  0.2, Max: 1, Diff: 1, Sum: 1, Workers: 4
[61.522s][debug][gc,phases      ] GC(18)     Total                          Min: 9723, Avg: 10478.8, Max: 11520, Diff: 1797, Sum: 41915, Workers: 4
[61.522s][debug][gc,phases      ] GC(18)   ResolvedMethodTable Weak       Min:  0.0, Avg:  0.0, Max:  0.0, Diff:  0.0, Sum:  0.1, Workers: 4
[61.522s][debug][gc,phases      ] GC(18)     Dead                           Min: 0, Avg:  0.0, Max: 0, Diff: 0, Sum: 0, Workers: 4
[61.522s][debug][gc,phases      ] GC(18)     Total                          Min: 1899, Avg: 2024.0, Max: 2187, Diff: 288, Sum: 8096, Workers: 4
[61.522s][debug][gc,phases      ] GC(18)   JNI Weak                       Min:  0.0, Avg:  0.0, Max:  0.0, Diff:  0.0, Sum:  0.0, Workers: 4
[61.522s][debug][gc,phases      ] GC(18)     Dead                           Min: 0, Avg:  0.0, Max: 0, Diff: 0, Sum: 0, Workers: 4
[61.522s][debug][gc,phases      ] GC(18)     Total                          Min: 0, Avg: 11.5, Max: 46, Diff: 46, Sum: 46, Workers: 4
[61.522s][debug][gc,phases      ] GC(18)   StringDedup Table Weak         Min:  0.0, Avg:  0.0, Max:  0.0, Diff:  0.0, Sum:  0.0, Workers: 4
[61.522s][debug][gc,phases      ] GC(18)     Dead                           Min: 0, Avg:  0.0, Max: 0, Diff: 0, Sum: 0, Workers: 4
[61.522s][debug][gc,phases      ] GC(18)     Total                          Min: 0, Avg:  0.0, Max: 0, Diff: 0, Sum: 0, Workers: 4
[61.522s][debug][gc,phases      ] GC(18)   StringDedup Requests0 Weak     Min:  0.0, Avg:  0.0, Max:  0.0, Diff:  0.0, Sum:  0.0, Workers: 4
[61.522s][debug][gc,phases      ] GC(18)     Dead                           Min: 0, Avg:  0.0, Max: 0, Diff: 0, Sum: 0, Workers: 4
[61.522s][debug][gc,phases      ] GC(18)     Total                          Min: 0, Avg:  0.0, Max: 0, Diff: 0, Sum: 0, Workers: 4
[61.522s][debug][gc,phases      ] GC(18)   StringDedup Requests1 Weak     Min:  0.0, Avg:  0.0, Max:  0.0, Diff:  0.0, Sum:  0.0, Workers: 4
[61.522s][debug][gc,phases      ] GC(18)     Dead                           Min: 0, Avg:  0.0, Max: 0, Diff: 0, Sum: 0, Workers: 4
[61.522s][debug][gc,phases      ] GC(18)     Total                          Min: 0, Avg:  0.0, Max: 0, Diff: 0, Sum: 0, Workers: 4
[61.522s][debug][gc,phases      ] GC(18)   Weak JFR Old Object Samples    Min:  0.0, Avg:  0.0, Max:  0.0, Diff:  0.0, Sum:  0.0, Workers: 4
[61.522s][debug][gc,phases      ] GC(18)     Dead                           Min: 0, Avg:  0.0, Max: 0, Diff: 0, Sum: 0, Workers: 4
[61.522s][debug][gc,phases      ] GC(18)     Total                          Min: 0, Avg:  0.0, Max: 0, Diff: 0, Sum: 0, Workers: 4
[61.522s][debug][gc,phases      ] GC(18) Weak Processing 0.268ms
[61.522s][debug][gc,age         ] GC(18) Desired survivor size 536870912 bytes, new threshold 1 (max threshold 15)
[61.522s][info ][gc,heap        ] GC(18) PSYoungGen: 1048576K(1572864K)->1984K(1572864K) Eden: 1048576K(1048576K)->0K(1048576K) From: 0K(524288K)->1984K(524288K)
[61.522s][info ][gc,heap        ] GC(18) ParOldGen: 426932K(625664K)->426932K(625664K)
[61.522s][info ][gc,metaspace   ] GC(18) Metaspace: 76554K(77440K)->76554K(77440K) NonClass: 65612K(66112K)->65612K(66112K) Class: 10942K(11328K)->10942K(11328K)
[61.522s][info ][gc             ] GC(18) Pause Young (GCLocker Initiated GC) 1440M->418M(2147M) 6.902ms
[61.522s][info ][gc,cpu         ] GC(18) User=0.02s Sys=0.00s Real=0.01s
[61.522s][info ][safepoint      ] Safepoint "ParallelGCSystemGC", Time since last: 1188486 ns, Reaching safepoint: 18100 ns, At safepoint: 6958122 ns, Total: 6976222 ns
[62.522s][info ][safepoint      ] Safepoint "Cleanup", Time since last: 1000077330 ns, Reaching safepoint: 61100 ns, At safepoint: 13099 ns, Total: 74199 ns
[63.522s][info ][safepoint      ] Safepoint "Cleanup", Time since last: 1000096746 ns, Reaching safepoint: 52499 ns, At safepoint: 2800 ns, Total: 55299 ns
[64.523s][info ][safepoint      ] Safepoint "Cleanup", Time since last: 1000121661 ns, Reaching safepoint: 211097 ns, At safepoint: 8600 ns, Total: 219697 ns
[65.523s][info ][safepoint      ] Safepoint "Cleanup", Time since last: 1000084776 ns, Reaching safepoint: 64899 ns, At safepoint: 5500 ns, Total: 70399 ns
[66.523s][info ][safepoint      ] Safepoint "Cleanup", Time since last: 1000095391 ns, Reaching safepoint: 64299 ns, At safepoint: 6000 ns, Total: 70299 ns
[67.523s][info ][safepoint      ] Safepoint "Cleanup", Time since last: 1000093406 ns, Reaching safepoint: 61299 ns, At safepoint: 3200 ns, Total: 64499 ns
[68.523s][info ][safepoint      ] Safepoint "Cleanup", Time since last: 1000103721 ns, Reaching safepoint: 32499 ns, At safepoint: 2800 ns, Total: 35299 ns
[69.523s][info ][safepoint      ] Safepoint "Cleanup", Time since last: 1000098836 ns, Reaching safepoint: 108699 ns, At safepoint: 7700 ns, Total: 116399 ns
[70.524s][info ][safepoint      ] Safepoint "Cleanup", Time since last: 1000094350 ns, Reaching safepoint: 46000 ns, At safepoint: 2700 ns, Total: 48700 ns
[71.524s][info ][safepoint      ] Safepoint "Cleanup", Time since last: 1000071165 ns, Reaching safepoint: 25000 ns, At safepoint: 2800 ns, Total: 27800 ns
[72.524s][info ][safepoint      ] Safepoint "Cleanup", Time since last: 1000096880 ns, Reaching safepoint: 43000 ns, At safepoint: 3900 ns, Total: 46900 ns
[73.524s][info ][safepoint      ] Safepoint "Cleanup", Time since last: 1000093895 ns, Reaching safepoint: 40500 ns, At safepoint: 3400 ns, Total: 43900 ns
[74.524s][info ][safepoint      ] Safepoint "Cleanup", Time since last: 1000095710 ns, Reaching safepoint: 43699 ns, At safepoint: 2100 ns, Total: 45799 ns
[75.524s][info ][safepoint      ] Safepoint "Cleanup", Time since last: 1000102525 ns, Reaching safepoint: 51199 ns, At safepoint: 2800 ns, Total: 53999 ns
[76.524s][info ][safepoint      ] Safepoint "Cleanup", Time since last: 1000098540 ns, Reaching safepoint: 40699 ns, At safepoint: 2700 ns, Total: 43399 ns
[77.524s][info ][safepoint      ] Safepoint "Cleanup", Time since last: 1000078255 ns, Reaching safepoint: 33000 ns, At safepoint: 2300 ns, Total: 35300 ns
[78.525s][info ][safepoint      ] Safepoint "Cleanup", Time since last: 1000097069 ns, Reaching safepoint: 28999 ns, At safepoint: 3000 ns, Total: 31999 ns
[79.566s][info ][safepoint      ] Safepoint "Cleanup", Time since last: 1041672726 ns, Reaching safepoint: 95399 ns, At safepoint: 10000 ns, Total: 105399 ns
[81.362s][info ][safepoint      ] Safepoint "Cleanup", Time since last: 1795677257 ns, Reaching safepoint: 129299 ns, At safepoint: 9400 ns, Total: 138699 ns
[82.362s][info ][safepoint      ] Safepoint "Cleanup", Time since last: 1000087125 ns, Reaching safepoint: 121798 ns, At safepoint: 6800 ns, Total: 128598 ns
[84.363s][info ][safepoint      ] Safepoint "Cleanup", Time since last: 2000165595 ns, Reaching safepoint: 120098 ns, At safepoint: 5100 ns, Total: 125198 ns
[85.363s][info ][safepoint      ] Safepoint "Cleanup", Time since last: 1000097569 ns, Reaching safepoint: 204798 ns, At safepoint: 7300 ns, Total: 212098 ns
[86.363s][info ][safepoint      ] Safepoint "Cleanup", Time since last: 1000105783 ns, Reaching safepoint: 168998 ns, At safepoint: 7000 ns, Total: 175998 ns
[87.364s][info ][safepoint      ] Safepoint "Cleanup", Time since last: 1000105597 ns, Reaching safepoint: 169099 ns, At safepoint: 7800 ns, Total: 176899 ns
[88.364s][info ][safepoint      ] Safepoint "Cleanup", Time since last: 1000089512 ns, Reaching safepoint: 151998 ns, At safepoint: 5300 ns, Total: 157298 ns
[89.364s][info ][safepoint      ] Safepoint "Cleanup", Time since last: 1000092727 ns, Reaching safepoint: 136898 ns, At safepoint: 7100 ns, Total: 143998 ns
[90.364s][info ][safepoint      ] Safepoint "Cleanup", Time since last: 1000087641 ns, Reaching safepoint: 55399 ns, At safepoint: 2600 ns, Total: 57999 ns
[91.364s][info ][safepoint      ] Safepoint "Cleanup", Time since last: 1000098256 ns, Reaching safepoint: 51799 ns, At safepoint: 2100 ns, Total: 53899 ns
[92.364s][info ][safepoint      ] Safepoint "Cleanup", Time since last: 1000083770 ns, Reaching safepoint: 29099 ns, At safepoint: 2600 ns, Total: 31699 ns
[93.365s][info ][safepoint      ] Safepoint "Cleanup", Time since last: 1000104084 ns, Reaching safepoint: 51699 ns, At safepoint: 5300 ns, Total: 56999 ns
[94.365s][info ][safepoint      ] Safepoint "Cleanup", Time since last: 1000051299 ns, Reaching safepoint: 37799 ns, At safepoint: 4000 ns, Total: 41799 ns
[95.480s][info ][safepoint      ] Safepoint "ICBufferFull", Time since last: 1114719978 ns, Reaching safepoint: 256797 ns, At safepoint: 9700 ns, Total: 266497 ns
[95.635s][info ][safepoint      ] Safepoint "ParallelGCFailedAllocation", Time since last: 155347827 ns, Reaching safepoint: 162698 ns, At safepoint: 18700 ns, Total: 181398 ns
[95.635s][info ][gc,start       ] GC(19) Pause Young (GCLocker Initiated GC)
[95.655s][debug][gc,phases      ] GC(19) Scavenge 19.687ms
[95.655s][debug][gc,ref         ] GC(19) Skipped phase 1 of Reference Processing: no references
[95.655s][debug][gc,ref         ] GC(19) ReferenceProcessor::execute queues: 1, RefProcThreadModel::Single, marks_oops_alive: false
[95.655s][debug][gc,ref         ] GC(19) ReferenceProcessor::execute queues: 4, RefProcThreadModel::Multi, marks_oops_alive: true
[95.656s][debug][gc,ref         ] GC(19) ReferenceProcessor::execute queues: 1, RefProcThreadModel::Single, marks_oops_alive: false
[95.656s][debug][gc,phases      ] GC(19) Reference Processing 0.414ms
[95.656s][debug][gc,phases      ] GC(19)   VM Weak                        Min:  0.0, Avg:  0.0, Max:  0.0, Diff:  0.0, Sum:  0.0, Workers: 4
[95.656s][debug][gc,phases      ] GC(19)     Dead                           Min: 0, Avg:  0.0, Max: 0, Diff: 0, Sum: 0, Workers: 4
[95.656s][debug][gc,phases      ] GC(19)     Total                          Min: 0, Avg: 177.2, Max: 640, Diff: 640, Sum: 709, Workers: 4
[95.656s][debug][gc,phases      ] GC(19)   ObjectSynchronizer Weak        Min:  0.0, Avg:  0.0, Max:  0.0, Diff:  0.0, Sum:  0.0, Workers: 4
[95.656s][debug][gc,phases      ] GC(19)     Dead                           Min: 0, Avg:  0.2, Max: 1, Diff: 1, Sum: 1, Workers: 4
[95.656s][debug][gc,phases      ] GC(19)     Total                          Min: 0, Avg:  8.2, Max: 33, Diff: 33, Sum: 33, Workers: 4
[95.656s][debug][gc,phases      ] GC(19)   JVMTI Tag Weak OopStorage      Min:  0.0, Avg:  0.0, Max:  0.0, Diff:  0.0, Sum:  0.0, Workers: 4
[95.656s][debug][gc,phases      ] GC(19)     Dead                           Min: 0, Avg:  0.0, Max: 0, Diff: 0, Sum: 0, Workers: 4
[95.656s][debug][gc,phases      ] GC(19)     Total                          Min: 0, Avg:  0.0, Max: 0, Diff: 0, Sum: 0, Workers: 4
[95.656s][debug][gc,phases      ] GC(19)   StringTable Weak               Min:  0.0, Avg:  0.1, Max:  0.2, Diff:  0.2, Sum:  0.4, Workers: 4
[95.656s][debug][gc,phases      ] GC(19)     Dead                           Min: 0, Avg:  0.8, Max: 3, Diff: 3, Sum: 3, Workers: 4
[95.656s][debug][gc,phases      ] GC(19)     Total                          Min: 0, Avg: 10513.5, Max: 21120, Diff: 21120, Sum: 42054, Workers: 4
[95.656s][debug][gc,phases      ] GC(19)   ResolvedMethodTable Weak       Min:  0.0, Avg:  0.0, Max:  0.0, Diff:  0.0, Sum:  0.1, Workers: 4
[95.656s][debug][gc,phases      ] GC(19)     Dead                           Min: 0, Avg:  4.8, Max: 19, Diff: 19, Sum: 19, Workers: 4
[95.656s][debug][gc,phases      ] GC(19)     Total                          Min: 0, Avg: 2052.5, Max: 4142, Diff: 4142, Sum: 8210, Workers: 4
[95.656s][debug][gc,phases      ] GC(19)   JNI Weak                       Min:  0.0, Avg:  0.0, Max:  0.0, Diff:  0.0, Sum:  0.0, Workers: 4
[95.656s][debug][gc,phases      ] GC(19)     Dead                           Min: 0, Avg:  0.0, Max: 0, Diff: 0, Sum: 0, Workers: 4
[95.656s][debug][gc,phases      ] GC(19)     Total                          Min: 0, Avg: 16.0, Max: 53, Diff: 53, Sum: 64, Workers: 4
[95.656s][debug][gc,phases      ] GC(19)   StringDedup Table Weak         Min:  0.0, Avg:  0.0, Max:  0.0, Diff:  0.0, Sum:  0.0, Workers: 4
[95.656s][debug][gc,phases      ] GC(19)     Dead                           Min: 0, Avg:  0.0, Max: 0, Diff: 0, Sum: 0, Workers: 4
[95.656s][debug][gc,phases      ] GC(19)     Total                          Min: 0, Avg:  0.0, Max: 0, Diff: 0, Sum: 0, Workers: 4
[95.656s][debug][gc,phases      ] GC(19)   StringDedup Requests0 Weak     Min:  0.0, Avg:  0.0, Max:  0.0, Diff:  0.0, Sum:  0.0, Workers: 4
[95.656s][debug][gc,phases      ] GC(19)     Dead                           Min: 0, Avg:  0.0, Max: 0, Diff: 0, Sum: 0, Workers: 4
[95.656s][debug][gc,phases      ] GC(19)     Total                          Min: 0, Avg:  0.0, Max: 0, Diff: 0, Sum: 0, Workers: 4
[95.656s][debug][gc,phases      ] GC(19)   StringDedup Requests1 Weak     Min:  0.0, Avg:  0.0, Max:  0.0, Diff:  0.0, Sum:  0.0, Workers: 4
[95.656s][debug][gc,phases      ] GC(19)     Dead                           Min: 0, Avg:  0.0, Max: 0, Diff: 0, Sum: 0, Workers: 4
[95.656s][debug][gc,phases      ] GC(19)     Total                          Min: 0, Avg:  0.0, Max: 0, Diff: 0, Sum: 0, Workers: 4
[95.656s][debug][gc,phases      ] GC(19)   Weak JFR Old Object Samples    Min:  0.0, Avg:  0.0, Max:  0.0, Diff:  0.0, Sum:  0.0, Workers: 4
[95.656s][debug][gc,phases      ] GC(19)     Dead                           Min: 0, Avg:  0.0, Max: 0, Diff: 0, Sum: 0, Workers: 4
[95.656s][debug][gc,phases      ] GC(19)     Total                          Min: 0, Avg:  0.0, Max: 0, Diff: 0, Sum: 0, Workers: 4
[95.656s][debug][gc,phases      ] GC(19) Weak Processing 0.474ms
[95.656s][debug][gc,age         ] GC(19) Desired survivor size 536870912 bytes, new threshold 1 (max threshold 15)
[95.656s][info ][gc,heap        ] GC(19) PSYoungGen: 1050560K(1572864K)->31994K(1572864K) Eden: 1048576K(1048576K)->0K(1048576K) From: 1984K(524288K)->31994K(524288K)
[95.656s][info ][gc,heap        ] GC(19) ParOldGen: 426938K(625664K)->427434K(625664K)
[95.656s][info ][gc,metaspace   ] GC(19) Metaspace: 77058K(77952K)->77058K(77952K) NonClass: 66072K(66560K)->66072K(66560K) Class: 10986K(11392K)->10986K(11392K)
[95.656s][info ][gc             ] GC(19) Pause Young (GCLocker Initiated GC) 1442M->448M(2147M) 20.691ms
[95.656s][info ][gc,cpu         ] GC(19) User=0.06s Sys=0.00s Real=0.02s
[95.656s][info ][safepoint      ] Safepoint "ParallelGCSystemGC", Time since last: 65899 ns, Reaching safepoint: 85999 ns, At safepoint: 20782776 ns, Total: 20868775 ns
[96.656s][info ][safepoint      ] Safepoint "Cleanup", Time since last: 1000084531 ns, Reaching safepoint: 184698 ns, At safepoint: 9600 ns, Total: 194298 ns
[97.051s][info ][gc,start       ] GC(20) Pause Young (Allocation Failure)
[97.065s][debug][gc,phases      ] GC(20) Scavenge 14.462ms
[97.065s][debug][gc,ref         ] GC(20) Skipped phase 1 of Reference Processing: no references
[97.066s][debug][gc,ref         ] GC(20) ReferenceProcessor::execute queues: 1, RefProcThreadModel::Single, marks_oops_alive: false
[97.066s][debug][gc,ref         ] GC(20) Skipped phase 3 of Reference Processing: no references
[97.066s][debug][gc,ref         ] GC(20) Skipped phase 4 of Reference Processing: no references
[97.066s][debug][gc,phases      ] GC(20) Reference Processing 0.100ms
[97.066s][debug][gc,phases      ] GC(20)   VM Weak                        Min:  0.0, Avg:  0.0, Max:  0.0, Diff:  0.0, Sum:  0.0, Workers: 4
[97.066s][debug][gc,phases      ] GC(20)     Dead                           Min: 0, Avg:  0.0, Max: 0, Diff: 0, Sum: 0, Workers: 4
[97.066s][debug][gc,phases      ] GC(20)     Total                          Min: 0, Avg: 177.2, Max: 517, Diff: 517, Sum: 709, Workers: 4
[97.066s][debug][gc,phases      ] GC(20)   ObjectSynchronizer Weak        Min:  0.0, Avg:  0.0, Max:  0.0, Diff:  0.0, Sum:  0.0, Workers: 4
[97.066s][debug][gc,phases      ] GC(20)     Dead                           Min: 0, Avg:  0.0, Max: 0, Diff: 0, Sum: 0, Workers: 4
[97.066s][debug][gc,phases      ] GC(20)     Total                          Min: 0, Avg:  8.2, Max: 33, Diff: 33, Sum: 33, Workers: 4
[97.066s][debug][gc,phases      ] GC(20)   JVMTI Tag Weak OopStorage      Min:  0.0, Avg:  0.0, Max:  0.0, Diff:  0.0, Sum:  0.0, Workers: 4
[97.066s][debug][gc,phases      ] GC(20)     Dead                           Min: 0, Avg:  0.0, Max: 0, Diff: 0, Sum: 0, Workers: 4
[97.066s][debug][gc,phases      ] GC(20)     Total                          Min: 0, Avg:  0.0, Max: 0, Diff: 0, Sum: 0, Workers: 4
[97.066s][debug][gc,phases      ] GC(20)   StringTable Weak               Min:  0.0, Avg:  0.1, Max:  0.1, Diff:  0.1, Sum:  0.3, Workers: 4
[97.066s][debug][gc,phases      ] GC(20)     Dead                           Min: 0, Avg:  0.0, Max: 0, Diff: 0, Sum: 0, Workers: 4
[97.066s][debug][gc,phases      ] GC(20)     Total                          Min: 0, Avg: 10514.8, Max: 17920, Diff: 17920, Sum: 42059, Workers: 4
[97.066s][debug][gc,phases      ] GC(20)   ResolvedMethodTable Weak       Min:  0.0, Avg:  0.0, Max:  0.0, Diff:  0.0, Sum:  0.1, Workers: 4
[97.066s][debug][gc,phases      ] GC(20)     Dead                           Min: 0, Avg:  0.0, Max: 0, Diff: 0, Sum: 0, Workers: 4
[97.066s][debug][gc,phases      ] GC(20)     Total                          Min: 0, Avg: 2052.5, Max: 2996, Diff: 2996, Sum: 8210, Workers: 4
[97.066s][debug][gc,phases      ] GC(20)   JNI Weak                       Min:  0.0, Avg:  0.0, Max:  0.0, Diff:  0.0, Sum:  0.0, Workers: 4
[97.066s][debug][gc,phases      ] GC(20)     Dead                           Min: 0, Avg:  0.0, Max: 0, Diff: 0, Sum: 0, Workers: 4
[97.066s][debug][gc,phases      ] GC(20)     Total                          Min: 0, Avg: 15.2, Max: 46, Diff: 46, Sum: 61, Workers: 4
[97.066s][debug][gc,phases      ] GC(20)   StringDedup Table Weak         Min:  0.0, Avg:  0.0, Max:  0.0, Diff:  0.0, Sum:  0.0, Workers: 4
[97.066s][debug][gc,phases      ] GC(20)     Dead                           Min: 0, Avg:  0.0, Max: 0, Diff: 0, Sum: 0, Workers: 4
[97.066s][debug][gc,phases      ] GC(20)     Total                          Min: 0, Avg:  0.0, Max: 0, Diff: 0, Sum: 0, Workers: 4
[97.066s][debug][gc,phases      ] GC(20)   StringDedup Requests0 Weak     Min:  0.0, Avg:  0.0, Max:  0.0, Diff:  0.0, Sum:  0.0, Workers: 4
[97.066s][debug][gc,phases      ] GC(20)     Dead                           Min: 0, Avg:  0.0, Max: 0, Diff: 0, Sum: 0, Workers: 4
[97.066s][debug][gc,phases      ] GC(20)     Total                          Min: 0, Avg:  0.0, Max: 0, Diff: 0, Sum: 0, Workers: 4
[97.066s][debug][gc,phases      ] GC(20)   StringDedup Requests1 Weak     Min:  0.0, Avg:  0.0, Max:  0.0, Diff:  0.0, Sum:  0.0, Workers: 4
[97.066s][debug][gc,phases      ] GC(20)     Dead                           Min: 0, Avg:  0.0, Max: 0, Diff: 0, Sum: 0, Workers: 4
[97.066s][debug][gc,phases      ] GC(20)     Total                          Min: 0, Avg:  0.0, Max: 0, Diff: 0, Sum: 0, Workers: 4
[97.066s][debug][gc,phases      ] GC(20)   Weak JFR Old Object Samples    Min:  0.0, Avg:  0.0, Max:  0.0, Diff:  0.0, Sum:  0.0, Workers: 4
[97.066s][debug][gc,phases      ] GC(20)     Dead                           Min: 0, Avg:  0.0, Max: 0, Diff: 0, Sum: 0, Workers: 4
[97.066s][debug][gc,phases      ] GC(20)     Total                          Min: 0, Avg:  0.0, Max: 0, Diff: 0, Sum: 0, Workers: 4
[97.066s][debug][gc,phases      ] GC(20) Weak Processing 0.294ms
[97.066s][debug][gc,age         ] GC(20) Desired survivor size 536870912 bytes, new threshold 1 (max threshold 15)
[97.066s][info ][gc,heap        ] GC(20) PSYoungGen: 1080570K(1572864K)->29905K(1572864K) Eden: 1048576K(1048576K)->0K(1048576K) From: 31994K(524288K)->29905K(524288K)
[97.066s][info ][gc,heap        ] GC(20) ParOldGen: 427820K(625664K)->438196K(625664K)
[97.066s][info ][gc,metaspace   ] GC(20) Metaspace: 77087K(78016K)->77087K(78016K) NonClass: 66101K(66624K)->66101K(66624K) Class: 10986K(11392K)->10986K(11392K)
[97.066s][info ][gc             ] GC(20) Pause Young (Allocation Failure) 1473M->457M(2147M) 14.951ms
[97.066s][info ][gc,cpu         ] GC(20) User=0.05s Sys=0.00s Real=0.01s
[97.066s][info ][safepoint      ] Safepoint "ParallelGCFailedAllocation", Time since last: 394308358 ns, Reaching safepoint: 146398 ns, At safepoint: 15020938 ns, Total: 15167336 ns
[98.066s][info ][safepoint      ] Safepoint "Cleanup", Time since last: 1000052651 ns, Reaching safepoint: 180999 ns, At safepoint: 11999 ns, Total: 192998 ns
[99.066s][info ][safepoint      ] Safepoint "Cleanup", Time since last: 1000102265 ns, Reaching safepoint: 141698 ns, At safepoint: 14400 ns, Total: 156098 ns
[100.067s][info ][safepoint      ] Safepoint "Cleanup", Time since last: 1000103479 ns, Reaching safepoint: 150998 ns, At safepoint: 6200 ns, Total: 157198 ns
[101.067s][info ][safepoint      ] Safepoint "Cleanup", Time since last: 1000101293 ns, Reaching safepoint: 119499 ns, At safepoint: 6500 ns, Total: 125999 ns
[102.067s][info ][safepoint      ] Safepoint "Cleanup", Time since last: 1000108607 ns, Reaching safepoint: 114998 ns, At safepoint: 11000 ns, Total: 125998 ns
[103.067s][info ][safepoint      ] Safepoint "Cleanup", Time since last: 1000100321 ns, Reaching safepoint: 54899 ns, At safepoint: 6600 ns, Total: 61499 ns
[104.067s][info ][safepoint      ] Safepoint "Cleanup", Time since last: 1000091335 ns, Reaching safepoint: 77499 ns, At safepoint: 2500 ns, Total: 79999 ns
[105.068s][info ][safepoint      ] Safepoint "Cleanup", Time since last: 1000115849 ns, Reaching safepoint: 53000 ns, At safepoint: 3199 ns, Total: 56199 ns
[106.068s][info ][safepoint      ] Safepoint "Cleanup", Time since last: 1000094163 ns, Reaching safepoint: 40200 ns, At safepoint: 8000 ns, Total: 48200 ns
[107.068s][info ][safepoint      ] Safepoint "Cleanup", Time since last: 1000094476 ns, Reaching safepoint: 41200 ns, At safepoint: 4500 ns, Total: 45700 ns
[108.068s][info ][safepoint      ] Safepoint "Cleanup", Time since last: 1000112990 ns, Reaching safepoint: 127299 ns, At safepoint: 6000 ns, Total: 133299 ns
[109.182s][info ][safepoint      ] Safepoint "Cleanup", Time since last: 1113895299 ns, Reaching safepoint: 113999 ns, At safepoint: 8400 ns, Total: 122399 ns
[110.286s][info ][safepoint      ] Safepoint "Cleanup", Time since last: 1103264428 ns, Reaching safepoint: 79000 ns, At safepoint: 2500 ns, Total: 81500 ns
[111.286s][info ][safepoint      ] Safepoint "Cleanup", Time since last: 1000104535 ns, Reaching safepoint: 49499 ns, At safepoint: 2300 ns, Total: 51799 ns
[112.286s][info ][safepoint      ] Safepoint "Cleanup", Time since last: 1000102249 ns, Reaching safepoint: 43499 ns, At safepoint: 2800 ns, Total: 46299 ns
[113.286s][info ][safepoint      ] Safepoint "Cleanup", Time since last: 1000090263 ns, Reaching safepoint: 54299 ns, At safepoint: 2900 ns, Total: 57199 ns
[114.286s][info ][safepoint      ] Safepoint "Cleanup", Time since last: 1000103476 ns, Reaching safepoint: 58900 ns, At safepoint: 2300 ns, Total: 61200 ns
[115.286s][info ][safepoint      ] Safepoint "Cleanup", Time since last: 1000103889 ns, Reaching safepoint: 44600 ns, At safepoint: 8900 ns, Total: 53500 ns
[116.286s][info ][safepoint      ] Safepoint "Cleanup", Time since last: 1000103803 ns, Reaching safepoint: 48200 ns, At safepoint: 11900 ns, Total: 60100 ns
[116.712s][info ][gc,start       ] GC(21) Pause Young (Allocation Failure)
[116.723s][debug][gc,phases      ] GC(21) Scavenge 11.396ms
[116.723s][debug][gc,ref         ] GC(21) Skipped phase 1 of Reference Processing: no references
[116.723s][debug][gc,ref         ] GC(21) ReferenceProcessor::execute queues: 1, RefProcThreadModel::Single, marks_oops_alive: false
[116.723s][debug][gc,ref         ] GC(21) Skipped phase 3 of Reference Processing: no references
[116.723s][debug][gc,ref         ] GC(21) ReferenceProcessor::execute queues: 1, RefProcThreadModel::Single, marks_oops_alive: false
[116.723s][debug][gc,phases      ] GC(21) Reference Processing 0.086ms
[116.724s][debug][gc,phases      ] GC(21)   VM Weak                        Min:  0.0, Avg:  0.0, Max:  0.0, Diff:  0.0, Sum:  0.0, Workers: 4
[116.724s][debug][gc,phases      ] GC(21)     Dead                           Min: 0, Avg:  0.0, Max: 0, Diff: 0, Sum: 0, Workers: 4
[116.724s][debug][gc,phases      ] GC(21)     Total                          Min: 0, Avg: 177.8, Max: 711, Diff: 711, Sum: 711, Workers: 4
[116.724s][debug][gc,phases      ] GC(21)   ObjectSynchronizer Weak        Min:  0.0, Avg:  0.0, Max:  0.0, Diff:  0.0, Sum:  0.0, Workers: 4
[116.724s][debug][gc,phases      ] GC(21)     Dead                           Min: 0, Avg:  0.0, Max: 0, Diff: 0, Sum: 0, Workers: 4
[116.724s][debug][gc,phases      ] GC(21)     Total                          Min: 0, Avg:  8.2, Max: 33, Diff: 33, Sum: 33, Workers: 4
[116.724s][debug][gc,phases      ] GC(21)   JVMTI Tag Weak OopStorage      Min:  0.0, Avg:  0.0, Max:  0.0, Diff:  0.0, Sum:  0.0, Workers: 4
[116.724s][debug][gc,phases      ] GC(21)     Dead                           Min: 0, Avg:  0.0, Max: 0, Diff: 0, Sum: 0, Workers: 4
[116.724s][debug][gc,phases      ] GC(21)     Total                          Min: 0, Avg:  0.0, Max: 0, Diff: 0, Sum: 0, Workers: 4
[116.724s][debug][gc,phases      ] GC(21)   StringTable Weak               Min:  0.1, Avg:  0.1, Max:  0.1, Diff:  0.0, Sum:  0.4, Workers: 4
[116.724s][debug][gc,phases      ] GC(21)     Dead                           Min: 0, Avg:  0.0, Max: 0, Diff: 0, Sum: 0, Workers: 4
[116.724s][debug][gc,phases      ] GC(21)     Total                          Min: 9408, Avg: 10518.5, Max: 12096, Diff: 2688, Sum: 42074, Workers: 4
[116.724s][debug][gc,phases      ] GC(21)   ResolvedMethodTable Weak       Min:  0.0, Avg:  0.0, Max:  0.0, Diff:  0.0, Sum:  0.1, Workers: 4
[116.724s][debug][gc,phases      ] GC(21)     Dead                           Min: 0, Avg:  0.0, Max: 0, Diff: 0, Sum: 0, Workers: 4
[116.724s][debug][gc,phases      ] GC(21)     Total                          Min: 1796, Avg: 2055.0, Max: 2294, Diff: 498, Sum: 8220, Workers: 4
[116.724s][debug][gc,phases      ] GC(21)   JNI Weak                       Min:  0.0, Avg:  0.0, Max:  0.0, Diff:  0.0, Sum:  0.0, Workers: 4
[116.724s][debug][gc,phases      ] GC(21)     Dead                           Min: 0, Avg:  0.0, Max: 0, Diff: 0, Sum: 0, Workers: 4
[116.724s][debug][gc,phases      ] GC(21)     Total                          Min: 0, Avg: 11.2, Max: 45, Diff: 45, Sum: 45, Workers: 4
[116.724s][debug][gc,phases      ] GC(21)   StringDedup Table Weak         Min:  0.0, Avg:  0.0, Max:  0.0, Diff:  0.0, Sum:  0.0, Workers: 4
[116.724s][debug][gc,phases      ] GC(21)     Dead                           Min: 0, Avg:  0.0, Max: 0, Diff: 0, Sum: 0, Workers: 4
[116.724s][debug][gc,phases      ] GC(21)     Total                          Min: 0, Avg:  0.0, Max: 0, Diff: 0, Sum: 0, Workers: 4
[116.724s][debug][gc,phases      ] GC(21)   StringDedup Requests0 Weak     Min:  0.0, Avg:  0.0, Max:  0.0, Diff:  0.0, Sum:  0.0, Workers: 4
[116.724s][debug][gc,phases      ] GC(21)     Dead                           Min: 0, Avg:  0.0, Max: 0, Diff: 0, Sum: 0, Workers: 4
[116.724s][debug][gc,phases      ] GC(21)     Total                          Min: 0, Avg:  0.0, Max: 0, Diff: 0, Sum: 0, Workers: 4
[116.724s][debug][gc,phases      ] GC(21)   StringDedup Requests1 Weak     Min:  0.0, Avg:  0.0, Max:  0.0, Diff:  0.0, Sum:  0.0, Workers: 4
[116.724s][debug][gc,phases      ] GC(21)     Dead                           Min: 0, Avg:  0.0, Max: 0, Diff: 0, Sum: 0, Workers: 4
[116.724s][debug][gc,phases      ] GC(21)     Total                          Min: 0, Avg:  0.0, Max: 0, Diff: 0, Sum: 0, Workers: 4
[116.724s][debug][gc,phases      ] GC(21)   Weak JFR Old Object Samples    Min:  0.0, Avg:  0.0, Max:  0.0, Diff:  0.0, Sum:  0.0, Workers: 4
[116.724s][debug][gc,phases      ] GC(21)     Dead                           Min: 0, Avg:  0.0, Max: 0, Diff: 0, Sum: 0, Workers: 4
[116.724s][debug][gc,phases      ] GC(21)     Total                          Min: 0, Avg:  0.0, Max: 0, Diff: 0, Sum: 0, Workers: 4
[116.724s][debug][gc,phases      ] GC(21) Weak Processing 0.280ms
[116.724s][debug][gc,age         ] GC(21) Desired survivor size 536870912 bytes, new threshold 1 (max threshold 15)
[116.724s][info ][gc,heap        ] GC(21) PSYoungGen: 1078481K(1572864K)->3392K(1572864K) Eden: 1048576K(1048576K)->0K(1048576K) From: 29905K(524288K)->3392K(524288K)
[116.724s][info ][gc,heap        ] GC(21) ParOldGen: 438196K(625664K)->468623K(625664K)
[116.724s][info ][gc,metaspace   ] GC(21) Metaspace: 77212K(78080K)->77212K(78080K) NonClass: 66219K(66688K)->66219K(66688K) Class: 10992K(11392K)->10992K(11392K)
[116.724s][info ][gc             ] GC(21) Pause Young (Allocation Failure) 1481M->460M(2147M) 11.862ms
[116.724s][info ][gc,cpu         ] GC(21) User=0.05s Sys=0.00s Real=0.01s
[116.724s][info ][safepoint      ] Safepoint "ParallelGCFailedAllocation", Time since last: 425319341 ns, Reaching safepoint: 35900 ns, At safepoint: 11929675 ns, Total: 11965575 ns
[118.724s][info ][safepoint      ] Safepoint "Cleanup", Time since last: 2000140560 ns, Reaching safepoint: 38300 ns, At safepoint: 2300 ns, Total: 40600 ns
[119.724s][info ][safepoint      ] Safepoint "Cleanup", Time since last: 1000084550 ns, Reaching safepoint: 40100 ns, At safepoint: 1900 ns, Total: 42000 ns
[121.724s][info ][safepoint      ] Safepoint "Cleanup", Time since last: 2000178941 ns, Reaching safepoint: 28100 ns, At safepoint: 2900 ns, Total: 31000 ns
[122.724s][info ][safepoint      ] Safepoint "Cleanup", Time since last: 1000097490 ns, Reaching safepoint: 39700 ns, At safepoint: 2900 ns, Total: 42600 ns
[123.725s][info ][safepoint      ] Safepoint "Cleanup", Time since last: 1000065704 ns, Reaching safepoint: 47600 ns, At safepoint: 2500 ns, Total: 50100 ns
[124.725s][info ][safepoint      ] Safepoint "Cleanup", Time since last: 1000099718 ns, Reaching safepoint: 30899 ns, At safepoint: 3000 ns, Total: 33899 ns
[125.725s][info ][safepoint      ] Safepoint "Cleanup", Time since last: 1000106531 ns, Reaching safepoint: 46600 ns, At safepoint: 2200 ns, Total: 48800 ns
[126.725s][info ][safepoint      ] Safepoint "Cleanup", Time since last: 1000098544 ns, Reaching safepoint: 47900 ns, At safepoint: 2400 ns, Total: 50300 ns
[127.725s][info ][safepoint      ] Safepoint "Cleanup", Time since last: 1000095758 ns, Reaching safepoint: 45999 ns, At safepoint: 3300 ns, Total: 49299 ns
[128.725s][info ][safepoint      ] Safepoint "Cleanup", Time since last: 1000065271 ns, Reaching safepoint: 39900 ns, At safepoint: 2000 ns, Total: 41900 ns
[129.725s][info ][safepoint      ] Safepoint "Cleanup", Time since last: 1000091585 ns, Reaching safepoint: 53899 ns, At safepoint: 5600 ns, Total: 59499 ns
[130.726s][info ][safepoint      ] Safepoint "Cleanup", Time since last: 1000081698 ns, Reaching safepoint: 35899 ns, At safepoint: 2300 ns, Total: 38199 ns
[131.726s][info ][safepoint      ] Safepoint "Cleanup", Time since last: 1000096311 ns, Reaching safepoint: 47500 ns, At safepoint: 3300 ns, Total: 50800 ns
[132.726s][info ][safepoint      ] Safepoint "Cleanup", Time since last: 1000054225 ns, Reaching safepoint: 41899 ns, At safepoint: 3400 ns, Total: 45299 ns
[133.726s][info ][safepoint      ] Safepoint "Cleanup", Time since last: 1000081838 ns, Reaching safepoint: 116898 ns, At safepoint: 5800 ns, Total: 122698 ns
[134.726s][info ][safepoint      ] Safepoint "Cleanup", Time since last: 1000100651 ns, Reaching safepoint: 98299 ns, At safepoint: 7300 ns, Total: 105599 ns
[135.726s][info ][safepoint      ] Safepoint "Cleanup", Time since last: 1000101363 ns, Reaching safepoint: 42200 ns, At safepoint: 4500 ns, Total: 46700 ns
[136.727s][info ][safepoint      ] Safepoint "Cleanup", Time since last: 1000097877 ns, Reaching safepoint: 112999 ns, At safepoint: 7300 ns, Total: 120299 ns
[137.727s][info ][safepoint      ] Safepoint "Cleanup", Time since last: 1000107389 ns, Reaching safepoint: 40500 ns, At safepoint: 3200 ns, Total: 43700 ns
[138.727s][info ][safepoint      ] Safepoint "Cleanup", Time since last: 1000093503 ns, Reaching safepoint: 26300 ns, At safepoint: 2700 ns, Total: 29000 ns
[139.727s][info ][safepoint      ] Safepoint "Cleanup", Time since last: 1000087216 ns, Reaching safepoint: 26600 ns, At safepoint: 2400 ns, Total: 29000 ns
[140.727s][info ][safepoint      ] Safepoint "Cleanup", Time since last: 1000102329 ns, Reaching safepoint: 142998 ns, At safepoint: 7000 ns, Total: 149998 ns
[141.727s][info ][safepoint      ] Safepoint "Cleanup", Time since last: 1000089942 ns, Reaching safepoint: 56800 ns, At safepoint: 5200 ns, Total: 62000 ns
[142.509s][info ][gc,start       ] GC(22) Pause Young (Allocation Failure)
[142.513s][debug][gc,phases      ] GC(22) Scavenge 4.060ms
[142.513s][debug][gc,ref         ] GC(22) Skipped phase 1 of Reference Processing: no references
[142.514s][debug][gc,ref         ] GC(22) ReferenceProcessor::execute queues: 1, RefProcThreadModel::Single, marks_oops_alive: false
[142.514s][debug][gc,ref         ] GC(22) Skipped phase 3 of Reference Processing: no references
[142.514s][debug][gc,ref         ] GC(22) Skipped phase 4 of Reference Processing: no references
[142.514s][debug][gc,phases      ] GC(22) Reference Processing 0.087ms
[142.514s][debug][gc,phases      ] GC(22)   VM Weak                        Min:  0.0, Avg:  0.0, Max:  0.0, Diff:  0.0, Sum:  0.0, Workers: 4
[142.514s][debug][gc,phases      ] GC(22)     Dead                           Min: 0, Avg:  0.0, Max: 0, Diff: 0, Sum: 0, Workers: 4
[142.514s][debug][gc,phases      ] GC(22)     Total                          Min: 0, Avg: 177.8, Max: 711, Diff: 711, Sum: 711, Workers: 4
[142.514s][debug][gc,phases      ] GC(22)   ObjectSynchronizer Weak        Min:  0.0, Avg:  0.0, Max:  0.0, Diff:  0.0, Sum:  0.0, Workers: 4
[142.514s][debug][gc,phases      ] GC(22)     Dead                           Min: 0, Avg:  0.0, Max: 0, Diff: 0, Sum: 0, Workers: 4
[142.514s][debug][gc,phases      ] GC(22)     Total                          Min: 0, Avg:  8.2, Max: 33, Diff: 33, Sum: 33, Workers: 4
[142.514s][debug][gc,phases      ] GC(22)   JVMTI Tag Weak OopStorage      Min:  0.0, Avg:  0.0, Max:  0.0, Diff:  0.0, Sum:  0.0, Workers: 4
[142.514s][debug][gc,phases      ] GC(22)     Dead                           Min: 0, Avg:  0.0, Max: 0, Diff: 0, Sum: 0, Workers: 4
[142.514s][debug][gc,phases      ] GC(22)     Total                          Min: 0, Avg:  0.0, Max: 0, Diff: 0, Sum: 0, Workers: 4
[142.514s][debug][gc,phases      ] GC(22)   StringTable Weak               Min:  0.0, Avg:  0.1, Max:  0.1, Diff:  0.1, Sum:  0.3, Workers: 4
[142.514s][debug][gc,phases      ] GC(22)     Dead                           Min: 0, Avg:  0.0, Max: 0, Diff: 0, Sum: 0, Workers: 4
[142.514s][debug][gc,phases      ] GC(22)     Total                          Min: 0, Avg: 10529.5, Max: 17862, Diff: 17862, Sum: 42118, Workers: 4
[142.514s][debug][gc,phases      ] GC(22)   ResolvedMethodTable Weak       Min:  0.0, Avg:  0.0, Max:  0.0, Diff:  0.0, Sum:  0.1, Workers: 4
[142.514s][debug][gc,phases      ] GC(22)     Dead                           Min: 0, Avg:  0.0, Max: 0, Diff: 0, Sum: 0, Workers: 4
[142.514s][debug][gc,phases      ] GC(22)     Total                          Min: 0, Avg: 2055.0, Max: 3449, Diff: 3449, Sum: 8220, Workers: 4
[142.514s][debug][gc,phases      ] GC(22)   JNI Weak                       Min:  0.0, Avg:  0.0, Max:  0.0, Diff:  0.0, Sum:  0.0, Workers: 4
[142.514s][debug][gc,phases      ] GC(22)     Dead                           Min: 0, Avg:  0.0, Max: 0, Diff: 0, Sum: 0, Workers: 4
[142.514s][debug][gc,phases      ] GC(22)     Total                          Min: 0, Avg: 11.2, Max: 45, Diff: 45, Sum: 45, Workers: 4
[142.514s][debug][gc,phases      ] GC(22)   StringDedup Table Weak         Min:  0.0, Avg:  0.0, Max:  0.0, Diff:  0.0, Sum:  0.0, Workers: 4
[142.514s][debug][gc,phases      ] GC(22)     Dead                           Min: 0, Avg:  0.0, Max: 0, Diff: 0, Sum: 0, Workers: 4
[142.514s][debug][gc,phases      ] GC(22)     Total                          Min: 0, Avg:  0.0, Max: 0, Diff: 0, Sum: 0, Workers: 4
[142.514s][debug][gc,phases      ] GC(22)   StringDedup Requests0 Weak     Min:  0.0, Avg:  0.0, Max:  0.0, Diff:  0.0, Sum:  0.0, Workers: 4
[142.514s][debug][gc,phases      ] GC(22)     Dead                           Min: 0, Avg:  0.0, Max: 0, Diff: 0, Sum: 0, Workers: 4
[142.514s][debug][gc,phases      ] GC(22)     Total                          Min: 0, Avg:  0.0, Max: 0, Diff: 0, Sum: 0, Workers: 4
[142.514s][debug][gc,phases      ] GC(22)   StringDedup Requests1 Weak     Min:  0.0, Avg:  0.0, Max:  0.0, Diff:  0.0, Sum:  0.0, Workers: 4
[142.514s][debug][gc,phases      ] GC(22)     Dead                           Min: 0, Avg:  0.0, Max: 0, Diff: 0, Sum: 0, Workers: 4
[142.514s][debug][gc,phases      ] GC(22)     Total                          Min: 0, Avg:  0.0, Max: 0, Diff: 0, Sum: 0, Workers: 4
[142.514s][debug][gc,phases      ] GC(22)   Weak JFR Old Object Samples    Min:  0.0, Avg:  0.0, Max:  0.0, Diff:  0.0, Sum:  0.0, Workers: 4
[142.514s][debug][gc,phases      ] GC(22)     Dead                           Min: 0, Avg:  0.0, Max: 0, Diff: 0, Sum: 0, Workers: 4
[142.514s][debug][gc,phases      ] GC(22)     Total                          Min: 0, Avg:  0.0, Max: 0, Diff: 0, Sum: 0, Workers: 4
[142.514s][debug][gc,phases      ] GC(22) Weak Processing 0.309ms
[142.514s][debug][gc,age         ] GC(22) Desired survivor size 536870912 bytes, new threshold 1 (max threshold 15)
[142.514s][info ][gc,heap        ] GC(22) PSYoungGen: 1051968K(1572864K)->2688K(1572864K) Eden: 1048576K(1048576K)->0K(1048576K) From: 3392K(524288K)->2688K(524288K)
[142.514s][info ][gc,heap        ] GC(22) ParOldGen: 468623K(625664K)->470744K(625664K)
[142.514s][info ][gc,metaspace   ] GC(22) Metaspace: 77313K(78208K)->77313K(78208K) NonClass: 66312K(66816K)->66312K(66816K) Class: 11000K(11392K)->11000K(11392K)
[142.514s][info ][gc             ] GC(22) Pause Young (Allocation Failure) 1484M->462M(2147M) 4.558ms
[142.514s][info ][gc,cpu         ] GC(22) User=0.01s Sys=0.00s Real=0.00s
[142.514s][info ][safepoint      ] Safepoint "ParallelGCFailedAllocation", Time since last: 781920166 ns, Reaching safepoint: 61299 ns, At safepoint: 4618954 ns, Total: 4680253 ns
[143.514s][info ][safepoint      ] Safepoint "Cleanup", Time since last: 1000077265 ns, Reaching safepoint: 107999 ns, At safepoint: 7500 ns, Total: 115499 ns
[144.514s][info ][safepoint      ] Safepoint "Cleanup", Time since last: 1000102878 ns, Reaching safepoint: 100099 ns, At safepoint: 3700 ns, Total: 103799 ns
[145.515s][info ][safepoint      ] Safepoint "Cleanup", Time since last: 1000091591 ns, Reaching safepoint: 106699 ns, At safepoint: 4900 ns, Total: 111599 ns
[146.515s][info ][safepoint      ] Safepoint "Cleanup", Time since last: 1000107604 ns, Reaching safepoint: 98499 ns, At safepoint: 6999 ns, Total: 105498 ns
[149.515s][info ][safepoint      ] Safepoint "Cleanup", Time since last: 3000189790 ns, Reaching safepoint: 126699 ns, At safepoint: 5400 ns, Total: 132099 ns
[150.515s][info ][safepoint      ] Safepoint "Cleanup", Time since last: 1000109655 ns, Reaching safepoint: 115699 ns, At safepoint: 7600 ns, Total: 123299 ns
[151.516s][info ][safepoint      ] Safepoint "Cleanup", Time since last: 1000112767 ns, Reaching safepoint: 115499 ns, At safepoint: 8900 ns, Total: 124399 ns
[152.516s][info ][safepoint      ] Safepoint "Cleanup", Time since last: 1000112480 ns, Reaching safepoint: 92300 ns, At safepoint: 8799 ns, Total: 101099 ns
[153.516s][info ][safepoint      ] Safepoint "Cleanup", Time since last: 1000104294 ns, Reaching safepoint: 117998 ns, At safepoint: 10000 ns, Total: 127998 ns
[154.516s][info ][safepoint      ] Safepoint "Cleanup", Time since last: 1000101506 ns, Reaching safepoint: 119099 ns, At safepoint: 8000 ns, Total: 127099 ns
[155.516s][info ][safepoint      ] Safepoint "Cleanup", Time since last: 1000104619 ns, Reaching safepoint: 109798 ns, At safepoint: 7600 ns, Total: 117398 ns
[156.517s][info ][safepoint      ] Safepoint "Cleanup", Time since last: 1000096532 ns, Reaching safepoint: 113699 ns, At safepoint: 5599 ns, Total: 119298 ns
[157.517s][info ][safepoint      ] Safepoint "Cleanup", Time since last: 1000096644 ns, Reaching safepoint: 36500 ns, At safepoint: 2400 ns, Total: 38900 ns
[159.377s][info ][safepoint      ] Safepoint "Cleanup", Time since last: 1859916217 ns, Reaching safepoint: 71399 ns, At safepoint: 10800 ns, Total: 82199 ns
[161.377s][info ][safepoint      ] Safepoint "Cleanup", Time since last: 2000157472 ns, Reaching safepoint: 49400 ns, At safepoint: 2300 ns, Total: 51700 ns
[162.377s][info ][safepoint      ] Safepoint "Cleanup", Time since last: 1000091905 ns, Reaching safepoint: 33099 ns, At safepoint: 8200 ns, Total: 41299 ns
[163.377s][info ][safepoint      ] Safepoint "Cleanup", Time since last: 1000080317 ns, Reaching safepoint: 42400 ns, At safepoint: 2100 ns, Total: 44500 ns
[164.377s][info ][safepoint      ] Safepoint "Cleanup", Time since last: 1000098630 ns, Reaching safepoint: 42699 ns, At safepoint: 2500 ns, Total: 45199 ns
[165.378s][info ][safepoint      ] Safepoint "Cleanup", Time since last: 1000100242 ns, Reaching safepoint: 38700 ns, At safepoint: 2900 ns, Total: 41600 ns
[166.378s][info ][safepoint      ] Safepoint "Cleanup", Time since last: 1000107154 ns, Reaching safepoint: 29500 ns, At safepoint: 2600 ns, Total: 32100 ns
[167.378s][info ][safepoint      ] Safepoint "Cleanup", Time since last: 1000104166 ns, Reaching safepoint: 43000 ns, At safepoint: 4100 ns, Total: 47100 ns
[167.561s][info ][gc,start       ] GC(23) Pause Young (Allocation Failure)
[167.565s][debug][gc,phases      ] GC(23) Scavenge 3.479ms
[167.565s][debug][gc,ref         ] GC(23) Skipped phase 1 of Reference Processing: no references
[167.565s][debug][gc,ref         ] GC(23) ReferenceProcessor::execute queues: 1, RefProcThreadModel::Single, marks_oops_alive: false
[167.565s][debug][gc,ref         ] GC(23) Skipped phase 3 of Reference Processing: no references
[167.565s][debug][gc,ref         ] GC(23) ReferenceProcessor::execute queues: 1, RefProcThreadModel::Single, marks_oops_alive: false
[167.565s][debug][gc,phases      ] GC(23) Reference Processing 0.087ms
[167.565s][debug][gc,phases      ] GC(23)   VM Weak                        Min:  0.0, Avg:  0.0, Max:  0.0, Diff:  0.0, Sum:  0.0, Workers: 4
[167.565s][debug][gc,phases      ] GC(23)     Dead                           Min: 0, Avg:  0.0, Max: 0, Diff: 0, Sum: 0, Workers: 4
[167.565s][debug][gc,phases      ] GC(23)     Total                          Min: 0, Avg: 179.0, Max: 384, Diff: 384, Sum: 716, Workers: 4
[167.565s][debug][gc,phases      ] GC(23)   ObjectSynchronizer Weak        Min:  0.0, Avg:  0.0, Max:  0.0, Diff:  0.0, Sum:  0.0, Workers: 4
[167.565s][debug][gc,phases      ] GC(23)     Dead                           Min: 0, Avg:  0.0, Max: 0, Diff: 0, Sum: 0, Workers: 4
[167.565s][debug][gc,phases      ] GC(23)     Total                          Min: 0, Avg:  8.2, Max: 33, Diff: 33, Sum: 33, Workers: 4
[167.565s][debug][gc,phases      ] GC(23)   JVMTI Tag Weak OopStorage      Min:  0.0, Avg:  0.0, Max:  0.0, Diff:  0.0, Sum:  0.0, Workers: 4
[167.565s][debug][gc,phases      ] GC(23)     Dead                           Min: 0, Avg:  0.0, Max: 0, Diff: 0, Sum: 0, Workers: 4
[167.565s][debug][gc,phases      ] GC(23)     Total                          Min: 0, Avg:  0.0, Max: 0, Diff: 0, Sum: 0, Workers: 4
[167.565s][debug][gc,phases      ] GC(23)   StringTable Weak               Min:  0.1, Avg:  0.1, Max:  0.1, Diff:  0.0, Sum:  0.4, Workers: 4
[167.565s][debug][gc,phases      ] GC(23)     Dead                           Min: 0, Avg:  0.0, Max: 0, Diff: 0, Sum: 0, Workers: 4
[167.565s][debug][gc,phases      ] GC(23)     Total                          Min: 9408, Avg: 10534.0, Max: 11032, Diff: 1624, Sum: 42136, Workers: 4
[167.565s][debug][gc,phases      ] GC(23)   ResolvedMethodTable Weak       Min:  0.0, Avg:  0.0, Max:  0.0, Diff:  0.0, Sum:  0.1, Workers: 4
[167.565s][debug][gc,phases      ] GC(23)     Dead                           Min: 0, Avg:  0.0, Max: 0, Diff: 0, Sum: 0, Workers: 4
[167.565s][debug][gc,phases      ] GC(23)     Total                          Min: 1981, Avg: 2061.5, Max: 2108, Diff: 127, Sum: 8246, Workers: 4
[167.565s][debug][gc,phases      ] GC(23)   JNI Weak                       Min:  0.0, Avg:  0.0, Max:  0.0, Diff:  0.0, Sum:  0.0, Workers: 4
[167.565s][debug][gc,phases      ] GC(23)     Dead                           Min: 0, Avg:  0.0, Max: 0, Diff: 0, Sum: 0, Workers: 4
[167.565s][debug][gc,phases      ] GC(23)     Total                          Min: 0, Avg: 11.2, Max: 45, Diff: 45, Sum: 45, Workers: 4
[167.565s][debug][gc,phases      ] GC(23)   StringDedup Table Weak         Min:  0.0, Avg:  0.0, Max:  0.0, Diff:  0.0, Sum:  0.0, Workers: 4
[167.565s][debug][gc,phases      ] GC(23)     Dead                           Min: 0, Avg:  0.0, Max: 0, Diff: 0, Sum: 0, Workers: 4
[167.565s][debug][gc,phases      ] GC(23)     Total                          Min: 0, Avg:  0.0, Max: 0, Diff: 0, Sum: 0, Workers: 4
[167.565s][debug][gc,phases      ] GC(23)   StringDedup Requests0 Weak     Min:  0.0, Avg:  0.0, Max:  0.0, Diff:  0.0, Sum:  0.0, Workers: 4
[167.565s][debug][gc,phases      ] GC(23)     Dead                           Min: 0, Avg:  0.0, Max: 0, Diff: 0, Sum: 0, Workers: 4
[167.565s][debug][gc,phases      ] GC(23)     Total                          Min: 0, Avg:  0.0, Max: 0, Diff: 0, Sum: 0, Workers: 4
[167.565s][debug][gc,phases      ] GC(23)   StringDedup Requests1 Weak     Min:  0.0, Avg:  0.0, Max:  0.0, Diff:  0.0, Sum:  0.0, Workers: 4
[167.565s][debug][gc,phases      ] GC(23)     Dead                           Min: 0, Avg:  0.0, Max: 0, Diff: 0, Sum: 0, Workers: 4
[167.565s][debug][gc,phases      ] GC(23)     Total                          Min: 0, Avg:  0.0, Max: 0, Diff: 0, Sum: 0, Workers: 4
[167.565s][debug][gc,phases      ] GC(23)   Weak JFR Old Object Samples    Min:  0.0, Avg:  0.0, Max:  0.0, Diff:  0.0, Sum:  0.0, Workers: 4
[167.565s][debug][gc,phases      ] GC(23)     Dead                           Min: 0, Avg:  0.0, Max: 0, Diff: 0, Sum: 0, Workers: 4
[167.565s][debug][gc,phases      ] GC(23)     Total                          Min: 0, Avg:  0.0, Max: 0, Diff: 0, Sum: 0, Workers: 4
[167.565s][debug][gc,phases      ] GC(23) Weak Processing 0.283ms
[167.565s][debug][gc,age         ] GC(23) Desired survivor size 536870912 bytes, new threshold 1 (max threshold 15)
[167.565s][info ][gc,heap        ] GC(23) PSYoungGen: 1051264K(1572864K)->3232K(1572864K) Eden: 1048576K(1048576K)->0K(1048576K) From: 2688K(524288K)->3232K(524288K)
[167.565s][info ][gc,heap        ] GC(23) ParOldGen: 470744K(625664K)->472076K(625664K)
[167.565s][info ][gc,metaspace   ] GC(23) Metaspace: 77418K(78272K)->77418K(78272K) NonClass: 66411K(66880K)->66411K(66880K) Class: 11006K(11392K)->11006K(11392K)
[167.565s][info ][gc             ] GC(23) Pause Young (Allocation Failure) 1486M->464M(2147M) 3.932ms
[167.565s][info ][gc,cpu         ] GC(23) User=0.01s Sys=0.00s Real=0.00s
[167.565s][info ][safepoint      ] Safepoint "ParallelGCFailedAllocation", Time since last: 183538397 ns, Reaching safepoint: 45000 ns, At safepoint: 3984261 ns, Total: 4029261 ns
[169.566s][info ][safepoint      ] Safepoint "Cleanup", Time since last: 2000143875 ns, Reaching safepoint: 108599 ns, At safepoint: 4700 ns, Total: 113299 ns
[170.666s][info ][safepoint      ] Safepoint "Cleanup", Time since last: 1100014829 ns, Reaching safepoint: 147898 ns, At safepoint: 6200 ns, Total: 154098 ns
[171.666s][info ][safepoint      ] Safepoint "Cleanup", Time since last: 1000111720 ns, Reaching safepoint: 106098 ns, At safepoint: 5100 ns, Total: 111198 ns
[172.666s][info ][safepoint      ] Safepoint "Cleanup", Time since last: 1000103932 ns, Reaching safepoint: 121199 ns, At safepoint: 6700 ns, Total: 127899 ns
[173.666s][info ][safepoint      ] Safepoint "Cleanup", Time since last: 1000100544 ns, Reaching safepoint: 113799 ns, At safepoint: 6999 ns, Total: 120798 ns
[174.667s][info ][safepoint      ] Safepoint "Cleanup", Time since last: 1000100056 ns, Reaching safepoint: 123199 ns, At safepoint: 7000 ns, Total: 130199 ns
[175.667s][info ][safepoint      ] Safepoint "Cleanup", Time since last: 1000100968 ns, Reaching safepoint: 111599 ns, At safepoint: 7800 ns, Total: 119399 ns
[176.667s][info ][safepoint      ] Safepoint "Cleanup", Time since last: 1000100681 ns, Reaching safepoint: 31899 ns, At safepoint: 2700 ns, Total: 34599 ns
[177.667s][info ][safepoint      ] Safepoint "Cleanup", Time since last: 1000106293 ns, Reaching safepoint: 56799 ns, At safepoint: 5200 ns, Total: 61999 ns
[178.667s][info ][safepoint      ] Safepoint "Cleanup", Time since last: 1000109304 ns, Reaching safepoint: 118599 ns, At safepoint: 14000 ns, Total: 132599 ns
[179.668s][info ][safepoint      ] Safepoint "Cleanup", Time since last: 1000097317 ns, Reaching safepoint: 25899 ns, At safepoint: 2100 ns, Total: 27999 ns
[180.668s][info ][safepoint      ] Safepoint "Cleanup", Time since last: 1000090829 ns, Reaching safepoint: 43400 ns, At safepoint: 2800 ns, Total: 46200 ns
[181.668s][info ][safepoint      ] Safepoint "Cleanup", Time since last: 1000096840 ns, Reaching safepoint: 43800 ns, At safepoint: 2100 ns, Total: 45900 ns
[182.668s][info ][safepoint      ] Safepoint "Cleanup", Time since last: 1000090153 ns, Reaching safepoint: 45399 ns, At safepoint: 2300 ns, Total: 47699 ns
[183.668s][info ][safepoint      ] Safepoint "Cleanup", Time since last: 1000091165 ns, Reaching safepoint: 28700 ns, At safepoint: 2700 ns, Total: 31400 ns
[184.668s][info ][safepoint      ] Safepoint "Cleanup", Time since last: 1000074776 ns, Reaching safepoint: 46000 ns, At safepoint: 4200 ns, Total: 50200 ns
[185.668s][info ][safepoint      ] Safepoint "Cleanup", Time since last: 1000100288 ns, Reaching safepoint: 55700 ns, At safepoint: 3400 ns, Total: 59100 ns
[186.669s][info ][safepoint      ] Safepoint "Cleanup", Time since last: 1000124800 ns, Reaching safepoint: 41000 ns, At safepoint: 2300 ns, Total: 43300 ns
[187.669s][info ][safepoint      ] Safepoint "Cleanup", Time since last: 1000092912 ns, Reaching safepoint: 35699 ns, At safepoint: 2500 ns, Total: 38199 ns
[189.669s][info ][safepoint      ] Safepoint "Cleanup", Time since last: 2000195961 ns, Reaching safepoint: 42099 ns, At safepoint: 3300 ns, Total: 45399 ns
[190.669s][info ][safepoint      ] Safepoint "Cleanup", Time since last: 1000096248 ns, Reaching safepoint: 39700 ns, At safepoint: 2299 ns, Total: 41999 ns
[191.669s][info ][safepoint      ] Safepoint "Cleanup", Time since last: 1000106660 ns, Reaching safepoint: 33600 ns, At safepoint: 2300 ns, Total: 35900 ns
[192.669s][info ][safepoint      ] Safepoint "Cleanup", Time since last: 1000094671 ns, Reaching safepoint: 50899 ns, At safepoint: 2200 ns, Total: 53099 ns
[192.715s][info ][gc,start       ] GC(24) Pause Young (Allocation Failure)
[192.718s][debug][gc,phases      ] GC(24) Scavenge 3.139ms
[192.718s][debug][gc,ref         ] GC(24) Skipped phase 1 of Reference Processing: no references
[192.718s][debug][gc,ref         ] GC(24) ReferenceProcessor::execute queues: 1, RefProcThreadModel::Single, marks_oops_alive: false
[192.718s][debug][gc,ref         ] GC(24) Skipped phase 3 of Reference Processing: no references
[192.718s][debug][gc,ref         ] GC(24) ReferenceProcessor::execute queues: 1, RefProcThreadModel::Single, marks_oops_alive: false
[192.718s][debug][gc,phases      ] GC(24) Reference Processing 0.085ms
[192.719s][debug][gc,phases      ] GC(24)   VM Weak                        Min:  0.0, Avg:  0.0, Max:  0.0, Diff:  0.0, Sum:  0.0, Workers: 4
[192.719s][debug][gc,phases      ] GC(24)     Dead                           Min: 0, Avg:  0.0, Max: 0, Diff: 0, Sum: 0, Workers: 4
[192.719s][debug][gc,phases      ] GC(24)     Total                          Min: 0, Avg: 181.2, Max: 469, Diff: 469, Sum: 725, Workers: 4
[192.719s][debug][gc,phases      ] GC(24)   ObjectSynchronizer Weak        Min:  0.0, Avg:  0.0, Max:  0.0, Diff:  0.0, Sum:  0.0, Workers: 4
[192.719s][debug][gc,phases      ] GC(24)     Dead                           Min: 0, Avg:  0.0, Max: 0, Diff: 0, Sum: 0, Workers: 4
[192.719s][debug][gc,phases      ] GC(24)     Total                          Min: 0, Avg:  8.2, Max: 33, Diff: 33, Sum: 33, Workers: 4
[192.719s][debug][gc,phases      ] GC(24)   JVMTI Tag Weak OopStorage      Min:  0.0, Avg:  0.0, Max:  0.0, Diff:  0.0, Sum:  0.0, Workers: 4
[192.719s][debug][gc,phases      ] GC(24)     Dead                           Min: 0, Avg:  0.0, Max: 0, Diff: 0, Sum: 0, Workers: 4
[192.719s][debug][gc,phases      ] GC(24)     Total                          Min: 0, Avg:  0.0, Max: 0, Diff: 0, Sum: 0, Workers: 4
[192.719s][debug][gc,phases      ] GC(24)   StringTable Weak               Min:  0.1, Avg:  0.1, Max:  0.1, Diff:  0.0, Sum:  0.4, Workers: 4
[192.719s][debug][gc,phases      ] GC(24)     Dead                           Min: 0, Avg:  0.0, Max: 0, Diff: 0, Sum: 0, Workers: 4
[192.719s][debug][gc,phases      ] GC(24)     Total                          Min: 9664, Avg: 10542.8, Max: 11707, Diff: 2043, Sum: 42171, Workers: 4
[192.719s][debug][gc,phases      ] GC(24)   ResolvedMethodTable Weak       Min:  0.0, Avg:  0.0, Max:  0.0, Diff:  0.0, Sum:  0.1, Workers: 4
[192.719s][debug][gc,phases      ] GC(24)     Dead                           Min: 0, Avg:  0.0, Max: 0, Diff: 0, Sum: 0, Workers: 4
[192.719s][debug][gc,phases      ] GC(24)     Total                          Min: 1984, Avg: 2069.2, Max: 2197, Diff: 213, Sum: 8277, Workers: 4
[192.719s][debug][gc,phases      ] GC(24)   JNI Weak                       Min:  0.0, Avg:  0.0, Max:  0.0, Diff:  0.0, Sum:  0.0, Workers: 4
[192.719s][debug][gc,phases      ] GC(24)     Dead                           Min: 0, Avg:  0.0, Max: 0, Diff: 0, Sum: 0, Workers: 4
[192.719s][debug][gc,phases      ] GC(24)     Total                          Min: 0, Avg: 11.2, Max: 45, Diff: 45, Sum: 45, Workers: 4
[192.719s][debug][gc,phases      ] GC(24)   StringDedup Table Weak         Min:  0.0, Avg:  0.0, Max:  0.0, Diff:  0.0, Sum:  0.0, Workers: 4
[192.719s][debug][gc,phases      ] GC(24)     Dead                           Min: 0, Avg:  0.0, Max: 0, Diff: 0, Sum: 0, Workers: 4
[192.719s][debug][gc,phases      ] GC(24)     Total                          Min: 0, Avg:  0.0, Max: 0, Diff: 0, Sum: 0, Workers: 4
[192.719s][debug][gc,phases      ] GC(24)   StringDedup Requests0 Weak     Min:  0.0, Avg:  0.0, Max:  0.0, Diff:  0.0, Sum:  0.0, Workers: 4
[192.719s][debug][gc,phases      ] GC(24)     Dead                           Min: 0, Avg:  0.0, Max: 0, Diff: 0, Sum: 0, Workers: 4
[192.719s][debug][gc,phases      ] GC(24)     Total                          Min: 0, Avg:  0.0, Max: 0, Diff: 0, Sum: 0, Workers: 4
[192.719s][debug][gc,phases      ] GC(24)   StringDedup Requests1 Weak     Min:  0.0, Avg:  0.0, Max:  0.0, Diff:  0.0, Sum:  0.0, Workers: 4
[192.719s][debug][gc,phases      ] GC(24)     Dead                           Min: 0, Avg:  0.0, Max: 0, Diff: 0, Sum: 0, Workers: 4
[192.719s][debug][gc,phases      ] GC(24)     Total                          Min: 0, Avg:  0.0, Max: 0, Diff: 0, Sum: 0, Workers: 4
[192.719s][debug][gc,phases      ] GC(24)   Weak JFR Old Object Samples    Min:  0.0, Avg:  0.0, Max:  0.0, Diff:  0.0, Sum:  0.0, Workers: 4
[192.719s][debug][gc,phases      ] GC(24)     Dead                           Min: 0, Avg:  0.0, Max: 0, Diff: 0, Sum: 0, Workers: 4
[192.719s][debug][gc,phases      ] GC(24)     Total                          Min: 0, Avg:  0.0, Max: 0, Diff: 0, Sum: 0, Workers: 4
[192.719s][debug][gc,phases      ] GC(24) Weak Processing 0.288ms
[192.719s][debug][gc,age         ] GC(24) Desired survivor size 528482304 bytes, new threshold 2 (max threshold 15)
[192.719s][info ][gc,heap        ] GC(24) PSYoungGen: 1051808K(1572864K)->2944K(1572864K) Eden: 1048576K(1048576K)->0K(1048576K) From: 3232K(524288K)->2944K(524288K)
[192.719s][info ][gc,heap        ] GC(24) ParOldGen: 472076K(625664K)->473897K(625664K)
[192.719s][info ][gc,metaspace   ] GC(24) Metaspace: 77489K(78336K)->77489K(78336K) NonClass: 66473K(66944K)->66473K(66944K) Class: 11015K(11392K)->11015K(11392K)
[192.719s][info ][gc             ] GC(24) Pause Young (Allocation Failure) 1488M->465M(2147M) 3.608ms
[192.719s][info ][gc,cpu         ] GC(24) User=0.02s Sys=0.00s Real=0.01s
[192.719s][info ][safepoint      ] Safepoint "ParallelGCFailedAllocation", Time since last: 45674566 ns, Reaching safepoint: 21699 ns, At safepoint: 3662066 ns, Total: 3683765 ns
[193.719s][info ][safepoint      ] Safepoint "Cleanup", Time since last: 1000077283 ns, Reaching safepoint: 41000 ns, At safepoint: 4100 ns, Total: 45100 ns
[194.719s][info ][safepoint      ] Safepoint "Cleanup", Time since last: 1000080395 ns, Reaching safepoint: 45900 ns, At safepoint: 2600 ns, Total: 48500 ns
[195.719s][info ][safepoint      ] Safepoint "Cleanup", Time since last: 1000086107 ns, Reaching safepoint: 34100 ns, At safepoint: 2300 ns, Total: 36400 ns
[196.719s][info ][safepoint      ] Safepoint "Cleanup", Time since last: 1000091919 ns, Reaching safepoint: 66199 ns, At safepoint: 2400 ns, Total: 68599 ns
[197.719s][info ][safepoint      ] Safepoint "Cleanup", Time since last: 1000098430 ns, Reaching safepoint: 56800 ns, At safepoint: 5200 ns, Total: 62000 ns
[198.720s][info ][safepoint      ] Safepoint "Cleanup", Time since last: 1000099942 ns, Reaching safepoint: 36699 ns, At safepoint: 3300 ns, Total: 39999 ns
[199.720s][info ][safepoint      ] Safepoint "Cleanup", Time since last: 1000092054 ns, Reaching safepoint: 40599 ns, At safepoint: 4000 ns, Total: 44599 ns
[202.720s][info ][safepoint      ] Safepoint "Cleanup", Time since last: 3000184631 ns, Reaching safepoint: 33600 ns, At safepoint: 15600 ns, Total: 49200 ns
[203.720s][info ][safepoint      ] Safepoint "Cleanup", Time since last: 1000103100 ns, Reaching safepoint: 48299 ns, At safepoint: 3700 ns, Total: 51999 ns
[205.720s][info ][safepoint      ] Safepoint "Cleanup", Time since last: 2000174834 ns, Reaching safepoint: 32600 ns, At safepoint: 2100 ns, Total: 34700 ns
[208.721s][info ][safepoint      ] Safepoint "Cleanup", Time since last: 3000232137 ns, Reaching safepoint: 28100 ns, At safepoint: 2500 ns, Total: 30600 ns
[210.721s][info ][safepoint      ] Safepoint "Cleanup", Time since last: 2000167248 ns, Reaching safepoint: 41200 ns, At safepoint: 2700 ns, Total: 43900 ns
[211.721s][info ][safepoint      ] Safepoint "Cleanup", Time since last: 1000098891 ns, Reaching safepoint: 53799 ns, At safepoint: 8600 ns, Total: 62399 ns
[212.721s][info ][safepoint      ] Safepoint "Cleanup", Time since last: 1000094802 ns, Reaching safepoint: 31200 ns, At safepoint: 2700 ns, Total: 33900 ns
[214.721s][info ][safepoint      ] Safepoint "Cleanup", Time since last: 2000162539 ns, Reaching safepoint: 41799 ns, At safepoint: 4100 ns, Total: 45899 ns
[215.721s][info ][safepoint      ] Safepoint "Cleanup", Time since last: 1000100836 ns, Reaching safepoint: 67100 ns, At safepoint: 2400 ns, Total: 69500 ns
[216.722s][info ][safepoint      ] Safepoint "Cleanup", Time since last: 1000092947 ns, Reaching safepoint: 50500 ns, At safepoint: 3800 ns, Total: 54300 ns
[217.722s][info ][safepoint      ] Safepoint "Cleanup", Time since last: 1000092858 ns, Reaching safepoint: 38800 ns, At safepoint: 3700 ns, Total: 42500 ns
[218.410s][info ][gc,start       ] GC(25) Pause Young (Allocation Failure)
[218.414s][debug][gc,phases      ] GC(25) Scavenge 4.310ms
[218.414s][debug][gc,ref         ] GC(25) Skipped phase 1 of Reference Processing: no references
[218.414s][debug][gc,ref         ] GC(25) ReferenceProcessor::execute queues: 1, RefProcThreadModel::Single, marks_oops_alive: false
[218.414s][debug][gc,ref         ] GC(25) Skipped phase 3 of Reference Processing: no references
[218.414s][debug][gc,ref         ] GC(25) ReferenceProcessor::execute queues: 1, RefProcThreadModel::Single, marks_oops_alive: false
[218.414s][debug][gc,phases      ] GC(25) Reference Processing 0.081ms
[218.414s][debug][gc,phases      ] GC(25)   VM Weak                        Min:  0.0, Avg:  0.0, Max:  0.0, Diff:  0.0, Sum:  0.0, Workers: 4
[218.414s][debug][gc,phases      ] GC(25)     Dead                           Min: 0, Avg:  0.0, Max: 0, Diff: 0, Sum: 0, Workers: 4
[218.414s][debug][gc,phases      ] GC(25)     Total                          Min: 0, Avg: 181.2, Max: 384, Diff: 384, Sum: 725, Workers: 4
[218.414s][debug][gc,phases      ] GC(25)   ObjectSynchronizer Weak        Min:  0.0, Avg:  0.0, Max:  0.0, Diff:  0.0, Sum:  0.0, Workers: 4
[218.414s][debug][gc,phases      ] GC(25)     Dead                           Min: 0, Avg:  0.0, Max: 0, Diff: 0, Sum: 0, Workers: 4
[218.414s][debug][gc,phases      ] GC(25)     Total                          Min: 0, Avg:  8.2, Max: 33, Diff: 33, Sum: 33, Workers: 4
[218.414s][debug][gc,phases      ] GC(25)   JVMTI Tag Weak OopStorage      Min:  0.0, Avg:  0.0, Max:  0.0, Diff:  0.0, Sum:  0.0, Workers: 4
[218.414s][debug][gc,phases      ] GC(25)     Dead                           Min: 0, Avg:  0.0, Max: 0, Diff: 0, Sum: 0, Workers: 4
[218.414s][debug][gc,phases      ] GC(25)     Total                          Min: 0, Avg:  0.0, Max: 0, Diff: 0, Sum: 0, Workers: 4
[218.414s][debug][gc,phases      ] GC(25)   StringTable Weak               Min:  0.0, Avg:  0.1, Max:  0.1, Diff:  0.1, Sum:  0.3, Workers: 4
[218.414s][debug][gc,phases      ] GC(25)     Dead                           Min: 0, Avg:  0.2, Max: 1, Diff: 1, Sum: 1, Workers: 4
[218.414s][debug][gc,phases      ] GC(25)     Total                          Min: 0, Avg: 10543.5, Max: 18558, Diff: 18558, Sum: 42174, Workers: 4
[218.414s][debug][gc,phases      ] GC(25)   ResolvedMethodTable Weak       Min:  0.0, Avg:  0.0, Max:  0.0, Diff:  0.0, Sum:  0.1, Workers: 4
[218.414s][debug][gc,phases      ] GC(25)     Dead                           Min: 0, Avg:  0.0, Max: 0, Diff: 0, Sum: 0, Workers: 4
[218.414s][debug][gc,phases      ] GC(25)     Total                          Min: 0, Avg: 2070.2, Max: 3545, Diff: 3545, Sum: 8281, Workers: 4
[218.414s][debug][gc,phases      ] GC(25)   JNI Weak                       Min:  0.0, Avg:  0.0, Max:  0.0, Diff:  0.0, Sum:  0.0, Workers: 4
[218.414s][debug][gc,phases      ] GC(25)     Dead                           Min: 0, Avg:  0.0, Max: 0, Diff: 0, Sum: 0, Workers: 4
[218.414s][debug][gc,phases      ] GC(25)     Total                          Min: 0, Avg: 11.2, Max: 45, Diff: 45, Sum: 45, Workers: 4
[218.414s][debug][gc,phases      ] GC(25)   StringDedup Table Weak         Min:  0.0, Avg:  0.0, Max:  0.0, Diff:  0.0, Sum:  0.0, Workers: 4
[218.414s][debug][gc,phases      ] GC(25)     Dead                           Min: 0, Avg:  0.0, Max: 0, Diff: 0, Sum: 0, Workers: 4
[218.414s][debug][gc,phases      ] GC(25)     Total                          Min: 0, Avg:  0.0, Max: 0, Diff: 0, Sum: 0, Workers: 4
[218.414s][debug][gc,phases      ] GC(25)   StringDedup Requests0 Weak     Min:  0.0, Avg:  0.0, Max:  0.0, Diff:  0.0, Sum:  0.0, Workers: 4
[218.414s][debug][gc,phases      ] GC(25)     Dead                           Min: 0, Avg:  0.0, Max: 0, Diff: 0, Sum: 0, Workers: 4
[218.414s][debug][gc,phases      ] GC(25)     Total                          Min: 0, Avg:  0.0, Max: 0, Diff: 0, Sum: 0, Workers: 4
[218.414s][debug][gc,phases      ] GC(25)   StringDedup Requests1 Weak     Min:  0.0, Avg:  0.0, Max:  0.0, Diff:  0.0, Sum:  0.0, Workers: 4
[218.414s][debug][gc,phases      ] GC(25)     Dead                           Min: 0, Avg:  0.0, Max: 0, Diff: 0, Sum: 0, Workers: 4
[218.414s][debug][gc,phases      ] GC(25)     Total                          Min: 0, Avg:  0.0, Max: 0, Diff: 0, Sum: 0, Workers: 4
[218.414s][debug][gc,phases      ] GC(25)   Weak JFR Old Object Samples    Min:  0.0, Avg:  0.0, Max:  0.0, Diff:  0.0, Sum:  0.0, Workers: 4
[218.414s][debug][gc,phases      ] GC(25)     Dead                           Min: 0, Avg:  0.0, Max: 0, Diff: 0, Sum: 0, Workers: 4
[218.414s][debug][gc,phases      ] GC(25)     Total                          Min: 0, Avg:  0.0, Max: 0, Diff: 0, Sum: 0, Workers: 4
[218.414s][debug][gc,phases      ] GC(25) Weak Processing 0.315ms
[218.414s][debug][gc,age         ] GC(25) Desired survivor size 504365056 bytes, new threshold 3 (max threshold 15)
[218.414s][info ][gc,heap        ] GC(25) PSYoungGen: 1051520K(1572864K)->4416K(1604608K) Eden: 1048576K(1048576K)->0K(1088512K) From: 2944K(524288K)->4416K(516096K)
[218.414s][info ][gc,heap        ] GC(25) ParOldGen: 473897K(625664K)->473897K(625664K)
[218.414s][info ][gc,metaspace   ] GC(25) Metaspace: 77525K(78400K)->77525K(78400K) NonClass: 66508K(67008K)->66508K(67008K) Class: 11016K(11392K)->11016K(11392K)
[218.414s][info ][gc             ] GC(25) Pause Young (Allocation Failure) 1489M->467M(2178M) 4.799ms
[218.414s][info ][gc,cpu         ] GC(25) User=0.02s Sys=0.00s Real=0.00s
[218.414s][info ][safepoint      ] Safepoint "ParallelGCFailedAllocation", Time since last: 687704150 ns, Reaching safepoint: 34400 ns, At safepoint: 4857255 ns, Total: 4891655 ns
[221.415s][info ][safepoint      ] Safepoint "Cleanup", Time since last: 3000218067 ns, Reaching safepoint: 108199 ns, At safepoint: 7200 ns, Total: 115399 ns
[224.415s][info ][safepoint      ] Safepoint "Cleanup", Time since last: 3000237466 ns, Reaching safepoint: 114799 ns, At safepoint: 6700 ns, Total: 121499 ns
[226.415s][info ][safepoint      ] Safepoint "Cleanup", Time since last: 2000172199 ns, Reaching safepoint: 110799 ns, At safepoint: 4900 ns, Total: 115699 ns
[228.416s][info ][safepoint      ] Safepoint "Cleanup", Time since last: 2000177543 ns, Reaching safepoint: 98999 ns, At safepoint: 5900 ns, Total: 104899 ns
[229.416s][info ][safepoint      ] Safepoint "Cleanup", Time since last: 1000107587 ns, Reaching safepoint: 127599 ns, At safepoint: 7100 ns, Total: 134699 ns
[230.416s][info ][safepoint      ] Safepoint "Cleanup", Time since last: 1000082999 ns, Reaching safepoint: 123599 ns, At safepoint: 7100 ns, Total: 130699 ns
[231.416s][info ][safepoint      ] Safepoint "Cleanup", Time since last: 1000099409 ns, Reaching safepoint: 27200 ns, At safepoint: 2200 ns, Total: 29400 ns
[232.416s][info ][safepoint      ] Safepoint "Cleanup", Time since last: 1000107921 ns, Reaching safepoint: 70899 ns, At safepoint: 3400 ns, Total: 74299 ns
[233.417s][info ][safepoint      ] Safepoint "Cleanup", Time since last: 1000125531 ns, Reaching safepoint: 136799 ns, At safepoint: 5900 ns, Total: 142699 ns
[234.417s][info ][safepoint      ] Safepoint "Cleanup", Time since last: 1000096042 ns, Reaching safepoint: 37100 ns, At safepoint: 2200 ns, Total: 39300 ns
[235.669s][info ][safepoint      ] Safepoint "Cleanup", Time since last: 1252145275 ns, Reaching safepoint: 71500 ns, At safepoint: 2900 ns, Total: 74400 ns
[236.669s][info ][safepoint      ] Safepoint "Cleanup", Time since last: 1000097866 ns, Reaching safepoint: 32600 ns, At safepoint: 2800 ns, Total: 35400 ns
[237.669s][info ][safepoint      ] Safepoint "Cleanup", Time since last: 1000115677 ns, Reaching safepoint: 99399 ns, At safepoint: 6300 ns, Total: 105699 ns
[238.670s][info ][safepoint      ] Safepoint "Cleanup", Time since last: 1000112488 ns, Reaching safepoint: 45500 ns, At safepoint: 2700 ns, Total: 48200 ns
[240.017s][info ][safepoint      ] Safepoint "Cleanup", Time since last: 1347614573 ns, Reaching safepoint: 118099 ns, At safepoint: 15300 ns, Total: 133399 ns
[241.017s][info ][safepoint      ] Safepoint "Cleanup", Time since last: 1000100913 ns, Reaching safepoint: 37300 ns, At safepoint: 8100 ns, Total: 45400 ns
[244.018s][info ][safepoint      ] Safepoint "Cleanup", Time since last: 3000227304 ns, Reaching safepoint: 36800 ns, At safepoint: 4400 ns, Total: 41200 ns
[245.018s][info ][safepoint      ] Safepoint "Cleanup", Time since last: 1000096256 ns, Reaching safepoint: 38299 ns, At safepoint: 2200 ns, Total: 40499 ns
[245.392s][info ][gc,start       ] GC(26) Pause Young (Allocation Failure)
[245.395s][debug][gc,phases      ] GC(26) Scavenge 2.840ms
[245.395s][debug][gc,ref         ] GC(26) Skipped phase 1 of Reference Processing: no references
[245.395s][debug][gc,ref         ] GC(26) ReferenceProcessor::execute queues: 1, RefProcThreadModel::Single, marks_oops_alive: false
[245.395s][debug][gc,ref         ] GC(26) Skipped phase 3 of Reference Processing: no references
[245.395s][debug][gc,ref         ] GC(26) ReferenceProcessor::execute queues: 1, RefProcThreadModel::Single, marks_oops_alive: false
[245.395s][debug][gc,phases      ] GC(26) Reference Processing 0.102ms
[245.395s][debug][gc,phases      ] GC(26)   VM Weak                        Min:  0.0, Avg:  0.0, Max:  0.0, Diff:  0.0, Sum:  0.0, Workers: 4
[245.395s][debug][gc,phases      ] GC(26)     Dead                           Min: 0, Avg:  0.0, Max: 0, Diff: 0, Sum: 0, Workers: 4
[245.395s][debug][gc,phases      ] GC(26)     Total                          Min: 0, Avg: 181.5, Max: 576, Diff: 576, Sum: 726, Workers: 4
[245.395s][debug][gc,phases      ] GC(26)   ObjectSynchronizer Weak        Min:  0.0, Avg:  0.0, Max:  0.0, Diff:  0.0, Sum:  0.0, Workers: 4
[245.395s][debug][gc,phases      ] GC(26)     Dead                           Min: 0, Avg:  0.0, Max: 0, Diff: 0, Sum: 0, Workers: 4
[245.395s][debug][gc,phases      ] GC(26)     Total                          Min: 0, Avg:  8.2, Max: 33, Diff: 33, Sum: 33, Workers: 4
[245.395s][debug][gc,phases      ] GC(26)   JVMTI Tag Weak OopStorage      Min:  0.0, Avg:  0.0, Max:  0.0, Diff:  0.0, Sum:  0.0, Workers: 4
[245.395s][debug][gc,phases      ] GC(26)     Dead                           Min: 0, Avg:  0.0, Max: 0, Diff: 0, Sum: 0, Workers: 4
[245.395s][debug][gc,phases      ] GC(26)     Total                          Min: 0, Avg:  0.0, Max: 0, Diff: 0, Sum: 0, Workers: 4
[245.395s][debug][gc,phases      ] GC(26)   StringTable Weak               Min:  0.0, Avg:  0.1, Max:  0.1, Diff:  0.1, Sum:  0.4, Workers: 4
[245.395s][debug][gc,phases      ] GC(26)     Dead                           Min: 0, Avg:  0.0, Max: 0, Diff: 0, Sum: 0, Workers: 4
[245.395s][debug][gc,phases      ] GC(26)     Total                          Min: 0, Avg: 10544.0, Max: 14720, Diff: 14720, Sum: 42176, Workers: 4
[245.395s][debug][gc,phases      ] GC(26)   ResolvedMethodTable Weak       Min:  0.0, Avg:  0.0, Max:  0.0, Diff:  0.0, Sum:  0.1, Workers: 4
[245.395s][debug][gc,phases      ] GC(26)     Dead                           Min: 0, Avg:  0.0, Max: 0, Diff: 0, Sum: 0, Workers: 4
[245.395s][debug][gc,phases      ] GC(26)     Total                          Min: 0, Avg: 2072.0, Max: 3040, Diff: 3040, Sum: 8288, Workers: 4
[245.395s][debug][gc,phases      ] GC(26)   JNI Weak                       Min:  0.0, Avg:  0.0, Max:  0.0, Diff:  0.0, Sum:  0.0, Workers: 4
[245.395s][debug][gc,phases      ] GC(26)     Dead                           Min: 0, Avg:  0.0, Max: 0, Diff: 0, Sum: 0, Workers: 4
[245.395s][debug][gc,phases      ] GC(26)     Total                          Min: 0, Avg: 11.2, Max: 45, Diff: 45, Sum: 45, Workers: 4
[245.395s][debug][gc,phases      ] GC(26)   StringDedup Table Weak         Min:  0.0, Avg:  0.0, Max:  0.0, Diff:  0.0, Sum:  0.0, Workers: 4
[245.395s][debug][gc,phases      ] GC(26)     Dead                           Min: 0, Avg:  0.0, Max: 0, Diff: 0, Sum: 0, Workers: 4
[245.395s][debug][gc,phases      ] GC(26)     Total                          Min: 0, Avg:  0.0, Max: 0, Diff: 0, Sum: 0, Workers: 4
[245.395s][debug][gc,phases      ] GC(26)   StringDedup Requests0 Weak     Min:  0.0, Avg:  0.0, Max:  0.0, Diff:  0.0, Sum:  0.0, Workers: 4
[245.395s][debug][gc,phases      ] GC(26)     Dead                           Min: 0, Avg:  0.0, Max: 0, Diff: 0, Sum: 0, Workers: 4
[245.395s][debug][gc,phases      ] GC(26)     Total                          Min: 0, Avg:  0.0, Max: 0, Diff: 0, Sum: 0, Workers: 4
[245.395s][debug][gc,phases      ] GC(26)   StringDedup Requests1 Weak     Min:  0.0, Avg:  0.0, Max:  0.0, Diff:  0.0, Sum:  0.0, Workers: 4
[245.395s][debug][gc,phases      ] GC(26)     Dead                           Min: 0, Avg:  0.0, Max: 0, Diff: 0, Sum: 0, Workers: 4
[245.395s][debug][gc,phases      ] GC(26)     Total                          Min: 0, Avg:  0.0, Max: 0, Diff: 0, Sum: 0, Workers: 4
[245.395s][debug][gc,phases      ] GC(26)   Weak JFR Old Object Samples    Min:  0.0, Avg:  0.0, Max:  0.0, Diff:  0.0, Sum:  0.0, Workers: 4
[245.395s][debug][gc,phases      ] GC(26)     Dead                           Min: 0, Avg:  0.0, Max: 0, Diff: 0, Sum: 0, Workers: 4
[245.395s][debug][gc,phases      ] GC(26)     Total                          Min: 0, Avg:  0.0, Max: 0, Diff: 0, Sum: 0, Workers: 4
[245.395s][debug][gc,phases      ] GC(26) Weak Processing 0.314ms
[245.395s][debug][gc,age         ] GC(26) Desired survivor size 479723520 bytes, new threshold 4 (max threshold 15)
[245.395s][info ][gc,heap        ] GC(26) PSYoungGen: 1092928K(1604608K)->4960K(1581056K) Eden: 1088512K(1088512K)->0K(1088512K) From: 4416K(516096K)->4960K(492544K)
[245.395s][info ][gc,heap        ] GC(26) ParOldGen: 473897K(625664K)->473897K(625664K)
[245.395s][info ][gc,metaspace   ] GC(26) Metaspace: 77553K(78464K)->77553K(78464K) NonClass: 66534K(67072K)->66534K(67072K) Class: 11019K(11392K)->11019K(11392K)
[245.395s][info ][gc             ] GC(26) Pause Young (Allocation Failure) 1530M->467M(2155M) 3.345ms
[245.395s][info ][gc,cpu         ] GC(26) User=0.01s Sys=0.00s Real=0.00s
[245.395s][info ][safepoint      ] Safepoint "ParallelGCFailedAllocation", Time since last: 373797359 ns, Reaching safepoint: 42500 ns, At safepoint: 3401869 ns, Total: 3444369 ns
[246.395s][info ][safepoint      ] Safepoint "Cleanup", Time since last: 1000078171 ns, Reaching safepoint: 45200 ns, At safepoint: 4000 ns, Total: 49200 ns
[247.395s][info ][safepoint      ] Safepoint "Cleanup", Time since last: 1000122280 ns, Reaching safepoint: 30500 ns, At safepoint: 2700 ns, Total: 33200 ns
[248.395s][info ][safepoint      ] Safepoint "Cleanup", Time since last: 1000097092 ns, Reaching safepoint: 38099 ns, At safepoint: 2600 ns, Total: 40699 ns
[250.396s][info ][safepoint      ] Safepoint "Cleanup", Time since last: 2000167315 ns, Reaching safepoint: 45500 ns, At safepoint: 2900 ns, Total: 48400 ns
[251.396s][info ][safepoint      ] Safepoint "Cleanup", Time since last: 1000103323 ns, Reaching safepoint: 49199 ns, At safepoint: 4100 ns, Total: 53299 ns
[252.396s][info ][safepoint      ] Safepoint "Cleanup", Time since last: 1000102834 ns, Reaching safepoint: 39499 ns, At safepoint: 6800 ns, Total: 46299 ns
[253.396s][info ][safepoint      ] Safepoint "Cleanup", Time since last: 1000093244 ns, Reaching safepoint: 45500 ns, At safepoint: 8000 ns, Total: 53500 ns
[256.396s][info ][safepoint      ] Safepoint "Cleanup", Time since last: 3000243895 ns, Reaching safepoint: 31099 ns, At safepoint: 2300 ns, Total: 33399 ns
[257.397s][info ][safepoint      ] Safepoint "Cleanup", Time since last: 1000098486 ns, Reaching safepoint: 31100 ns, At safepoint: 4200 ns, Total: 35300 ns
[258.397s][info ][safepoint      ] Safepoint "Cleanup", Time since last: 1000087396 ns, Reaching safepoint: 59999 ns, At safepoint: 3200 ns, Total: 63199 ns
[259.397s][info ][safepoint      ] Safepoint "Cleanup", Time since last: 1000115006 ns, Reaching safepoint: 46100 ns, At safepoint: 4900 ns, Total: 51000 ns
[261.397s][info ][safepoint      ] Safepoint "Cleanup", Time since last: 2000139543 ns, Reaching safepoint: 42600 ns, At safepoint: 2800 ns, Total: 45400 ns
[262.397s][info ][safepoint      ] Safepoint "Cleanup", Time since last: 1000088637 ns, Reaching safepoint: 41700 ns, At safepoint: 2500 ns, Total: 44200 ns
[263.397s][info ][safepoint      ] Safepoint "Cleanup", Time since last: 1000106847 ns, Reaching safepoint: 40100 ns, At safepoint: 2900 ns, Total: 43000 ns
[264.398s][info ][safepoint      ] Safepoint "Cleanup", Time since last: 1000097157 ns, Reaching safepoint: 53900 ns, At safepoint: 2400 ns, Total: 56300 ns
[265.398s][info ][safepoint      ] Safepoint "Cleanup", Time since last: 1000108467 ns, Reaching safepoint: 50500 ns, At safepoint: 4000 ns, Total: 54500 ns
[266.398s][info ][safepoint      ] Safepoint "Cleanup", Time since last: 1000115977 ns, Reaching safepoint: 42200 ns, At safepoint: 2400 ns, Total: 44600 ns
[267.008s][info ][gc,start       ] GC(27) Pause Young (Allocation Failure)
[267.026s][debug][gc,phases      ] GC(27) Scavenge 17.901ms
[267.026s][debug][gc,ref         ] GC(27) Skipped phase 1 of Reference Processing: no references
[267.026s][debug][gc,ref         ] GC(27) ReferenceProcessor::execute queues: 1, RefProcThreadModel::Single, marks_oops_alive: false
[267.026s][debug][gc,ref         ] GC(27) Skipped phase 3 of Reference Processing: no references
[267.026s][debug][gc,ref         ] GC(27) ReferenceProcessor::execute queues: 1, RefProcThreadModel::Single, marks_oops_alive: false
[267.026s][debug][gc,phases      ] GC(27) Reference Processing 0.099ms
[267.026s][debug][gc,phases      ] GC(27)   VM Weak                        Min:  0.0, Avg:  0.0, Max:  0.2, Diff:  0.2, Sum:  0.2, Workers: 4
[267.026s][debug][gc,phases      ] GC(27)     Dead                           Min: 0, Avg:  0.0, Max: 0, Diff: 0, Sum: 0, Workers: 4
[267.026s][debug][gc,phases      ] GC(27)     Total                          Min: 0, Avg: 181.5, Max: 448, Diff: 448, Sum: 726, Workers: 4
[267.026s][debug][gc,phases      ] GC(27)   ObjectSynchronizer Weak        Min:  0.0, Avg:  0.0, Max:  0.0, Diff:  0.0, Sum:  0.0, Workers: 4
[267.026s][debug][gc,phases      ] GC(27)     Dead                           Min: 0, Avg:  0.0, Max: 0, Diff: 0, Sum: 0, Workers: 4
[267.026s][debug][gc,phases      ] GC(27)     Total                          Min: 0, Avg:  8.2, Max: 33, Diff: 33, Sum: 33, Workers: 4
[267.026s][debug][gc,phases      ] GC(27)   JVMTI Tag Weak OopStorage      Min:  0.0, Avg:  0.0, Max:  0.0, Diff:  0.0, Sum:  0.0, Workers: 4
[267.026s][debug][gc,phases      ] GC(27)     Dead                           Min: 0, Avg:  0.0, Max: 0, Diff: 0, Sum: 0, Workers: 4
[267.026s][debug][gc,phases      ] GC(27)     Total                          Min: 0, Avg:  0.0, Max: 0, Diff: 0, Sum: 0, Workers: 4
[267.026s][debug][gc,phases      ] GC(27)   StringTable Weak               Min:  0.0, Avg:  0.1, Max:  0.1, Diff:  0.1, Sum:  0.4, Workers: 4
[267.026s][debug][gc,phases      ] GC(27)     Dead                           Min: 0, Avg:  0.0, Max: 0, Diff: 0, Sum: 0, Workers: 4
[267.026s][debug][gc,phases      ] GC(27)     Total                          Min: 0, Avg: 10544.8, Max: 14848, Diff: 14848, Sum: 42179, Workers: 4
[267.026s][debug][gc,phases      ] GC(27)   ResolvedMethodTable Weak       Min:  0.0, Avg:  0.0, Max:  0.0, Diff:  0.0, Sum:  0.1, Workers: 4
[267.026s][debug][gc,phases      ] GC(27)     Dead                           Min: 0, Avg:  0.0, Max: 0, Diff: 0, Sum: 0, Workers: 4
[267.026s][debug][gc,phases      ] GC(27)     Total                          Min: 0, Avg: 2072.0, Max: 2816, Diff: 2816, Sum: 8288, Workers: 4
[267.026s][debug][gc,phases      ] GC(27)   JNI Weak                       Min:  0.0, Avg:  0.0, Max:  0.0, Diff:  0.0, Sum:  0.0, Workers: 4
[267.026s][debug][gc,phases      ] GC(27)     Dead                           Min: 0, Avg:  0.0, Max: 0, Diff: 0, Sum: 0, Workers: 4
[267.026s][debug][gc,phases      ] GC(27)     Total                          Min: 0, Avg: 13.0, Max: 52, Diff: 52, Sum: 52, Workers: 4
[267.026s][debug][gc,phases      ] GC(27)   StringDedup Table Weak         Min:  0.0, Avg:  0.0, Max:  0.0, Diff:  0.0, Sum:  0.0, Workers: 4
[267.026s][debug][gc,phases      ] GC(27)     Dead                           Min: 0, Avg:  0.0, Max: 0, Diff: 0, Sum: 0, Workers: 4
[267.026s][debug][gc,phases      ] GC(27)     Total                          Min: 0, Avg:  0.0, Max: 0, Diff: 0, Sum: 0, Workers: 4
[267.026s][debug][gc,phases      ] GC(27)   StringDedup Requests0 Weak     Min:  0.0, Avg:  0.0, Max:  0.0, Diff:  0.0, Sum:  0.0, Workers: 4
[267.026s][debug][gc,phases      ] GC(27)     Dead                           Min: 0, Avg:  0.0, Max: 0, Diff: 0, Sum: 0, Workers: 4
[267.026s][debug][gc,phases      ] GC(27)     Total                          Min: 0, Avg:  0.0, Max: 0, Diff: 0, Sum: 0, Workers: 4
[267.026s][debug][gc,phases      ] GC(27)   StringDedup Requests1 Weak     Min:  0.0, Avg:  0.0, Max:  0.0, Diff:  0.0, Sum:  0.0, Workers: 4
[267.026s][debug][gc,phases      ] GC(27)     Dead                           Min: 0, Avg:  0.0, Max: 0, Diff: 0, Sum: 0, Workers: 4
[267.026s][debug][gc,phases      ] GC(27)     Total                          Min: 0, Avg:  0.0, Max: 0, Diff: 0, Sum: 0, Workers: 4
[267.026s][debug][gc,phases      ] GC(27)   Weak JFR Old Object Samples    Min:  0.0, Avg:  0.0, Max:  0.0, Diff:  0.0, Sum:  0.0, Workers: 4
[267.026s][debug][gc,phases      ] GC(27)     Dead                           Min: 0, Avg:  0.0, Max: 0, Diff: 0, Sum: 0, Workers: 4
[267.026s][debug][gc,phases      ] GC(27)     Total                          Min: 0, Avg:  0.0, Max: 0, Diff: 0, Sum: 0, Workers: 4
[267.026s][debug][gc,phases      ] GC(27) Weak Processing 0.314ms
[267.026s][debug][gc,age         ] GC(27) Desired survivor size 450363392 bytes, new threshold 5 (max threshold 15)
[267.026s][info ][gc,heap        ] GC(27) PSYoungGen: 1093472K(1581056K)->29520K(1657344K) Eden: 1088512K(1088512K)->0K(1188864K) From: 4960K(492544K)->29520K(468480K)
[267.026s][info ][gc,heap        ] GC(27) ParOldGen: 473897K(625664K)->473905K(625664K)
[267.026s][info ][gc,metaspace   ] GC(27) Metaspace: 77573K(78464K)->77573K(78464K) NonClass: 66554K(67072K)->66554K(67072K) Class: 11019K(11392K)->11019K(11392K)
[267.026s][info ][gc             ] GC(27) Pause Young (Allocation Failure) 1530M->491M(2229M) 18.406ms
[267.026s][info ][gc,cpu         ] GC(27) User=0.05s Sys=0.00s Real=0.01s
[267.026s][info ][safepoint      ] Safepoint "ParallelGCFailedAllocation", Time since last: 609702989 ns, Reaching safepoint: 121899 ns, At safepoint: 18468839 ns, Total: 18590738 ns
[268.026s][info ][safepoint      ] Safepoint "Cleanup", Time since last: 1000079494 ns, Reaching safepoint: 65000 ns, At safepoint: 2100 ns, Total: 67100 ns
[269.026s][info ][safepoint      ] Safepoint "Cleanup", Time since last: 1000052205 ns, Reaching safepoint: 39799 ns, At safepoint: 3200 ns, Total: 42999 ns
[270.027s][info ][safepoint      ] Safepoint "Cleanup", Time since last: 1000093415 ns, Reaching safepoint: 47000 ns, At safepoint: 2400 ns, Total: 49400 ns
[271.027s][info ][safepoint      ] Safepoint "Cleanup", Time since last: 1000088624 ns, Reaching safepoint: 47600 ns, At safepoint: 3200 ns, Total: 50800 ns
[272.027s][info ][safepoint      ] Safepoint "Cleanup", Time since last: 1000097435 ns, Reaching safepoint: 43599 ns, At safepoint: 2700 ns, Total: 46299 ns
[274.027s][info ][safepoint      ] Safepoint "Cleanup", Time since last: 2000159001 ns, Reaching safepoint: 38299 ns, At safepoint: 2600 ns, Total: 40899 ns
[275.027s][info ][safepoint      ] Safepoint "Cleanup", Time since last: 1000110565 ns, Reaching safepoint: 70599 ns, At safepoint: 5500 ns, Total: 76099 ns
[276.027s][info ][safepoint      ] Safepoint "Cleanup", Time since last: 1000105375 ns, Reaching safepoint: 40300 ns, At safepoint: 4200 ns, Total: 44500 ns
[277.028s][info ][safepoint      ] Safepoint "Cleanup", Time since last: 1000111685 ns, Reaching safepoint: 76199 ns, At safepoint: 2900 ns, Total: 79099 ns
[278.028s][info ][safepoint      ] Safepoint "Cleanup", Time since last: 1000100995 ns, Reaching safepoint: 53499 ns, At safepoint: 5500 ns, Total: 58999 ns
[279.028s][info ][safepoint      ] Safepoint "Cleanup", Time since last: 1000096705 ns, Reaching safepoint: 36700 ns, At safepoint: 4100 ns, Total: 40800 ns
[280.028s][info ][safepoint      ] Safepoint "Cleanup", Time since last: 1000087614 ns, Reaching safepoint: 40800 ns, At safepoint: 3900 ns, Total: 44700 ns
[281.028s][info ][safepoint      ] Safepoint "Cleanup", Time since last: 1000093325 ns, Reaching safepoint: 52799 ns, At safepoint: 5200 ns, Total: 57999 ns
[282.028s][info ][safepoint      ] Safepoint "Cleanup", Time since last: 1000088035 ns, Reaching safepoint: 43899 ns, At safepoint: 4000 ns, Total: 47899 ns
[283.028s][info ][safepoint      ] Safepoint "Cleanup", Time since last: 1000087045 ns, Reaching safepoint: 41599 ns, At safepoint: 5000 ns, Total: 46599 ns
[284.029s][info ][safepoint      ] Safepoint "Cleanup", Time since last: 1000100654 ns, Reaching safepoint: 48300 ns, At safepoint: 7300 ns, Total: 55600 ns
[285.029s][info ][safepoint      ] Safepoint "Cleanup", Time since last: 1000101264 ns, Reaching safepoint: 26700 ns, At safepoint: 2500 ns, Total: 29200 ns
[287.029s][info ][safepoint      ] Safepoint "Cleanup", Time since last: 2000162357 ns, Reaching safepoint: 57100 ns, At safepoint: 2500 ns, Total: 59600 ns
[288.029s][info ][safepoint      ] Safepoint "Cleanup", Time since last: 1000095293 ns, Reaching safepoint: 75899 ns, At safepoint: 2600 ns, Total: 78499 ns
[289.411s][info ][gc,start       ] GC(28) Pause Young (Allocation Failure)
[289.420s][debug][gc,phases      ] GC(28) Scavenge 8.670ms
[289.420s][debug][gc,ref         ] GC(28) Skipped phase 1 of Reference Processing: no references
[289.420s][debug][gc,ref         ] GC(28) ReferenceProcessor::execute queues: 1, RefProcThreadModel::Single, marks_oops_alive: false
[289.420s][debug][gc,ref         ] GC(28) Skipped phase 3 of Reference Processing: no references
[289.420s][debug][gc,ref         ] GC(28) ReferenceProcessor::execute queues: 1, RefProcThreadModel::Single, marks_oops_alive: false
[289.420s][debug][gc,phases      ] GC(28) Reference Processing 0.094ms
[289.420s][debug][gc,phases      ] GC(28)   VM Weak                        Min:  0.0, Avg:  0.0, Max:  0.0, Diff:  0.0, Sum:  0.0, Workers: 4
[289.420s][debug][gc,phases      ] GC(28)     Dead                           Min: 0, Avg:  0.0, Max: 0, Diff: 0, Sum: 0, Workers: 4
[289.420s][debug][gc,phases      ] GC(28)     Total                          Min: 0, Avg: 181.8, Max: 727, Diff: 727, Sum: 727, Workers: 4
[289.420s][debug][gc,phases      ] GC(28)   ObjectSynchronizer Weak        Min:  0.0, Avg:  0.0, Max:  0.0, Diff:  0.0, Sum:  0.0, Workers: 4
[289.420s][debug][gc,phases      ] GC(28)     Dead                           Min: 0, Avg:  0.0, Max: 0, Diff: 0, Sum: 0, Workers: 4
[289.420s][debug][gc,phases      ] GC(28)     Total                          Min: 0, Avg:  8.2, Max: 33, Diff: 33, Sum: 33, Workers: 4
[289.420s][debug][gc,phases      ] GC(28)   JVMTI Tag Weak OopStorage      Min:  0.0, Avg:  0.0, Max:  0.0, Diff:  0.0, Sum:  0.0, Workers: 4
[289.420s][debug][gc,phases      ] GC(28)     Dead                           Min: 0, Avg:  0.0, Max: 0, Diff: 0, Sum: 0, Workers: 4
[289.420s][debug][gc,phases      ] GC(28)     Total                          Min: 0, Avg:  0.0, Max: 0, Diff: 0, Sum: 0, Workers: 4
[289.420s][debug][gc,phases      ] GC(28)   StringTable Weak               Min:  0.0, Avg:  0.1, Max:  0.1, Diff:  0.1, Sum:  0.3, Workers: 4
[289.420s][debug][gc,phases      ] GC(28)     Dead                           Min: 0, Avg:  0.5, Max: 2, Diff: 2, Sum: 2, Workers: 4
[289.420s][debug][gc,phases      ] GC(28)     Total                          Min: 0, Avg: 10560.0, Max: 17216, Diff: 17216, Sum: 42240, Workers: 4
[289.420s][debug][gc,phases      ] GC(28)   ResolvedMethodTable Weak       Min:  0.0, Avg:  0.0, Max:  0.0, Diff:  0.0, Sum:  0.1, Workers: 4
[289.420s][debug][gc,phases      ] GC(28)     Dead                           Min: 0, Avg:  0.0, Max: 0, Diff: 0, Sum: 0, Workers: 4
[289.420s][debug][gc,phases      ] GC(28)     Total                          Min: 0, Avg: 2083.5, Max: 3726, Diff: 3726, Sum: 8334, Workers: 4
[289.420s][debug][gc,phases      ] GC(28)   JNI Weak                       Min:  0.0, Avg:  0.0, Max:  0.0, Diff:  0.0, Sum:  0.0, Workers: 4
[289.420s][debug][gc,phases      ] GC(28)     Dead                           Min: 0, Avg:  0.0, Max: 0, Diff: 0, Sum: 0, Workers: 4
[289.420s][debug][gc,phases      ] GC(28)     Total                          Min: 0, Avg: 11.2, Max: 45, Diff: 45, Sum: 45, Workers: 4
[289.420s][debug][gc,phases      ] GC(28)   StringDedup Table Weak         Min:  0.0, Avg:  0.0, Max:  0.0, Diff:  0.0, Sum:  0.0, Workers: 4
[289.420s][debug][gc,phases      ] GC(28)     Dead                           Min: 0, Avg:  0.0, Max: 0, Diff: 0, Sum: 0, Workers: 4
[289.420s][debug][gc,phases      ] GC(28)     Total                          Min: 0, Avg:  0.0, Max: 0, Diff: 0, Sum: 0, Workers: 4
[289.420s][debug][gc,phases      ] GC(28)   StringDedup Requests0 Weak     Min:  0.0, Avg:  0.0, Max:  0.0, Diff:  0.0, Sum:  0.0, Workers: 4
[289.420s][debug][gc,phases      ] GC(28)     Dead                           Min: 0, Avg:  0.0, Max: 0, Diff: 0, Sum: 0, Workers: 4
[289.420s][debug][gc,phases      ] GC(28)     Total                          Min: 0, Avg:  0.0, Max: 0, Diff: 0, Sum: 0, Workers: 4
[289.420s][debug][gc,phases      ] GC(28)   StringDedup Requests1 Weak     Min:  0.0, Avg:  0.0, Max:  0.0, Diff:  0.0, Sum:  0.0, Workers: 4
[289.420s][debug][gc,phases      ] GC(28)     Dead                           Min: 0, Avg:  0.0, Max: 0, Diff: 0, Sum: 0, Workers: 4
[289.420s][debug][gc,phases      ] GC(28)     Total                          Min: 0, Avg:  0.0, Max: 0, Diff: 0, Sum: 0, Workers: 4
[289.420s][debug][gc,phases      ] GC(28)   Weak JFR Old Object Samples    Min:  0.0, Avg:  0.0, Max:  0.0, Diff:  0.0, Sum:  0.0, Workers: 4
[289.420s][debug][gc,phases      ] GC(28)     Dead                           Min: 0, Avg:  0.0, Max: 0, Diff: 0, Sum: 0, Workers: 4
[289.420s][debug][gc,phases      ] GC(28)     Total                          Min: 0, Avg:  0.0, Max: 0, Diff: 0, Sum: 0, Workers: 4
[289.420s][debug][gc,phases      ] GC(28) Weak Processing 0.321ms
[289.420s][debug][gc,age         ] GC(28) Desired survivor size 425721856 bytes, new threshold 6 (max threshold 15)
[289.420s][info ][gc,heap        ] GC(28) PSYoungGen: 1218384K(1657344K)->13440K(1628672K) Eden: 1188864K(1188864K)->0K(1188864K) From: 29520K(468480K)->13440K(439808K)
[289.420s][info ][gc,heap        ] GC(28) ParOldGen: 473905K(625664K)->473905K(625664K)
[289.420s][info ][gc,metaspace   ] GC(28) Metaspace: 77806K(78720K)->77806K(78720K) NonClass: 66750K(67264K)->66750K(67264K) Class: 11056K(11456K)->11056K(11456K)
[289.420s][info ][gc             ] GC(28) Pause Young (Allocation Failure) 1652M->475M(2201M) 9.191ms
[289.420s][info ][gc,cpu         ] GC(28) User=0.02s Sys=0.00s Real=0.01s
[289.420s][info ][safepoint      ] Safepoint "ParallelGCFailedAllocation", Time since last: 1381584764 ns, Reaching safepoint: 143399 ns, At safepoint: 9253721 ns, Total: 9397120 ns
[290.420s][info ][safepoint      ] Safepoint "Cleanup", Time since last: 1000088217 ns, Reaching safepoint: 113199 ns, At safepoint: 7100 ns, Total: 120299 ns
[291.420s][info ][safepoint      ] Safepoint "Cleanup", Time since last: 1000098926 ns, Reaching safepoint: 44900 ns, At safepoint: 7800 ns, Total: 52700 ns
[292.421s][info ][safepoint      ] Safepoint "Cleanup", Time since last: 1000052636 ns, Reaching safepoint: 37700 ns, At safepoint: 10700 ns, Total: 48400 ns
[294.421s][info ][safepoint      ] Safepoint "Cleanup", Time since last: 2000163101 ns, Reaching safepoint: 36799 ns, At safepoint: 4200 ns, Total: 40999 ns
[295.421s][info ][safepoint      ] Safepoint "Cleanup", Time since last: 1000099465 ns, Reaching safepoint: 39300 ns, At safepoint: 2400 ns, Total: 41700 ns
[296.421s][info ][safepoint      ] Safepoint "Cleanup", Time since last: 1000073875 ns, Reaching safepoint: 43799 ns, At safepoint: 3300 ns, Total: 47099 ns
[297.421s][info ][safepoint      ] Safepoint "Cleanup", Time since last: 1000090884 ns, Reaching safepoint: 48200 ns, At safepoint: 5600 ns, Total: 53800 ns
[298.421s][info ][safepoint      ] Safepoint "Cleanup", Time since last: 1000101893 ns, Reaching safepoint: 60300 ns, At safepoint: 2500 ns, Total: 62800 ns
[299.421s][info ][safepoint      ] Safepoint "Cleanup", Time since last: 1000098603 ns, Reaching safepoint: 50600 ns, At safepoint: 6500 ns, Total: 57100 ns
[300.422s][info ][safepoint      ] Safepoint "Cleanup", Time since last: 1000103012 ns, Reaching safepoint: 52300 ns, At safepoint: 5300 ns, Total: 57600 ns
[301.422s][info ][safepoint      ] Safepoint "Cleanup", Time since last: 1000101522 ns, Reaching safepoint: 27300 ns, At safepoint: 2600 ns, Total: 29900 ns
[303.422s][info ][safepoint      ] Safepoint "Cleanup", Time since last: 2000158773 ns, Reaching safepoint: 50999 ns, At safepoint: 6300 ns, Total: 57299 ns
[306.422s][info ][safepoint      ] Safepoint "Cleanup", Time since last: 3000133382 ns, Reaching safepoint: 36799 ns, At safepoint: 4000 ns, Total: 40799 ns
[309.422s][info ][safepoint      ] Safepoint "Cleanup", Time since last: 3000217466 ns, Reaching safepoint: 27299 ns, At safepoint: 14700 ns, Total: 41999 ns
[310.422s][info ][safepoint      ] Safepoint "Cleanup", Time since last: 1000085407 ns, Reaching safepoint: 35700 ns, At safepoint: 3900 ns, Total: 39600 ns
[311.423s][info ][safepoint      ] Safepoint "Cleanup", Time since last: 1000102116 ns, Reaching safepoint: 79699 ns, At safepoint: 6200 ns, Total: 85899 ns
[312.423s][info ][safepoint      ] Safepoint "Cleanup", Time since last: 1000094426 ns, Reaching safepoint: 46700 ns, At safepoint: 3300 ns, Total: 50000 ns
[313.423s][info ][safepoint      ] Safepoint "Cleanup", Time since last: 1000100434 ns, Reaching safepoint: 24400 ns, At safepoint: 1900 ns, Total: 26300 ns
[315.423s][info ][safepoint      ] Safepoint "Cleanup", Time since last: 2000158398 ns, Reaching safepoint: 24600 ns, At safepoint: 2300 ns, Total: 26900 ns
[316.423s][info ][safepoint      ] Safepoint "Cleanup", Time since last: 1000098162 ns, Reaching safepoint: 51100 ns, At safepoint: 4300 ns, Total: 55400 ns
[317.423s][info ][safepoint      ] Safepoint "Cleanup", Time since last: 1000098072 ns, Reaching safepoint: 44999 ns, At safepoint: 6100 ns, Total: 51099 ns
[318.424s][info ][safepoint      ] Safepoint "Cleanup", Time since last: 1000099081 ns, Reaching safepoint: 42800 ns, At safepoint: 2600 ns, Total: 45400 ns
[321.424s][info ][safepoint      ] Safepoint "Cleanup", Time since last: 3000211099 ns, Reaching safepoint: 27999 ns, At safepoint: 2200 ns, Total: 30199 ns
[323.424s][info ][safepoint      ] Safepoint "Cleanup", Time since last: 2000078446 ns, Reaching safepoint: 29899 ns, At safepoint: 2600 ns, Total: 32499 ns
[324.424s][info ][safepoint      ] Safepoint "Cleanup", Time since last: 1000099736 ns, Reaching safepoint: 47600 ns, At safepoint: 3500 ns, Total: 51100 ns
[325.424s][info ][safepoint      ] Safepoint "Cleanup", Time since last: 1000102145 ns, Reaching safepoint: 26599 ns, At safepoint: 2000 ns, Total: 28599 ns
[326.424s][info ][safepoint      ] Safepoint "Cleanup", Time since last: 1000062655 ns, Reaching safepoint: 41499 ns, At safepoint: 2200 ns, Total: 43699 ns
[328.424s][info ][safepoint      ] Safepoint "Cleanup", Time since last: 2000117536 ns, Reaching safepoint: 40100 ns, At safepoint: 4099 ns, Total: 44199 ns
[329.425s][info ][safepoint      ] Safepoint "Cleanup", Time since last: 1000112381 ns, Reaching safepoint: 43100 ns, At safepoint: 8800 ns, Total: 51900 ns
[331.343s][info ][safepoint      ] Safepoint "Cleanup", Time since last: 1918515250 ns, Reaching safepoint: 93699 ns, At safepoint: 2700 ns, Total: 96399 ns
[332.343s][info ][safepoint      ] Safepoint "Cleanup", Time since last: 1000092907 ns, Reaching safepoint: 40100 ns, At safepoint: 8400 ns, Total: 48500 ns
[333.344s][info ][safepoint      ] Safepoint "Cleanup", Time since last: 1000118116 ns, Reaching safepoint: 45000 ns, At safepoint: 2200 ns, Total: 47200 ns
[334.344s][info ][safepoint      ] Safepoint "Cleanup", Time since last: 1000114625 ns, Reaching safepoint: 48599 ns, At safepoint: 2200 ns, Total: 50799 ns
[336.812s][info ][gc,start       ] GC(29) Pause Young (Allocation Failure)
[336.817s][debug][gc,phases      ] GC(29) Scavenge 5.078ms
[336.817s][debug][gc,ref         ] GC(29) Skipped phase 1 of Reference Processing: no references
[336.817s][debug][gc,ref         ] GC(29) ReferenceProcessor::execute queues: 1, RefProcThreadModel::Single, marks_oops_alive: false
[336.817s][debug][gc,ref         ] GC(29) Skipped phase 3 of Reference Processing: no references
[336.817s][debug][gc,ref         ] GC(29) ReferenceProcessor::execute queues: 1, RefProcThreadModel::Single, marks_oops_alive: false
[336.817s][debug][gc,phases      ] GC(29) Reference Processing 0.089ms
[336.818s][debug][gc,phases      ] GC(29)   VM Weak                        Min:  0.0, Avg:  0.0, Max:  0.0, Diff:  0.0, Sum:  0.0, Workers: 4
[336.818s][debug][gc,phases      ] GC(29)     Dead                           Min: 0, Avg:  0.0, Max: 0, Diff: 0, Sum: 0, Workers: 4
[336.818s][debug][gc,phases      ] GC(29)     Total                          Min: 0, Avg: 184.0, Max: 736, Diff: 736, Sum: 736, Workers: 4
[336.818s][debug][gc,phases      ] GC(29)   ObjectSynchronizer Weak        Min:  0.0, Avg:  0.0, Max:  0.0, Diff:  0.0, Sum:  0.0, Workers: 4
[336.818s][debug][gc,phases      ] GC(29)     Dead                           Min: 0, Avg:  0.0, Max: 0, Diff: 0, Sum: 0, Workers: 4
[336.818s][debug][gc,phases      ] GC(29)     Total                          Min: 0, Avg:  8.2, Max: 33, Diff: 33, Sum: 33, Workers: 4
[336.818s][debug][gc,phases      ] GC(29)   JVMTI Tag Weak OopStorage      Min:  0.0, Avg:  0.0, Max:  0.0, Diff:  0.0, Sum:  0.0, Workers: 4
[336.818s][debug][gc,phases      ] GC(29)     Dead                           Min: 0, Avg:  0.0, Max: 0, Diff: 0, Sum: 0, Workers: 4
[336.818s][debug][gc,phases      ] GC(29)     Total                          Min: 0, Avg:  0.0, Max: 0, Diff: 0, Sum: 0, Workers: 4
[336.818s][debug][gc,phases      ] GC(29)   StringTable Weak               Min:  0.1, Avg:  0.1, Max:  0.1, Diff:  0.0, Sum:  0.4, Workers: 4
[336.818s][debug][gc,phases      ] GC(29)     Dead                           Min: 0, Avg:  0.2, Max: 1, Diff: 1, Sum: 1, Workers: 4
[336.818s][debug][gc,phases      ] GC(29)     Total                          Min: 9728, Avg: 10581.2, Max: 11669, Diff: 1941, Sum: 42325, Workers: 4
[336.818s][debug][gc,phases      ] GC(29)   ResolvedMethodTable Weak       Min:  0.0, Avg:  0.0, Max:  0.0, Diff:  0.0, Sum:  0.1, Workers: 4
[336.818s][debug][gc,phases      ] GC(29)     Dead                           Min: 0, Avg:  4.0, Max: 16, Diff: 16, Sum: 16, Workers: 4
[336.818s][debug][gc,phases      ] GC(29)     Total                          Min: 640, Avg: 2099.8, Max: 2639, Diff: 1999, Sum: 8399, Workers: 4
[336.818s][debug][gc,phases      ] GC(29)   JNI Weak                       Min:  0.0, Avg:  0.0, Max:  0.0, Diff:  0.0, Sum:  0.0, Workers: 4
[336.818s][debug][gc,phases      ] GC(29)     Dead                           Min: 0, Avg:  0.0, Max: 0, Diff: 0, Sum: 0, Workers: 4
[336.818s][debug][gc,phases      ] GC(29)     Total                          Min: 0, Avg: 11.2, Max: 45, Diff: 45, Sum: 45, Workers: 4
[336.818s][debug][gc,phases      ] GC(29)   StringDedup Table Weak         Min:  0.0, Avg:  0.0, Max:  0.0, Diff:  0.0, Sum:  0.0, Workers: 4
[336.818s][debug][gc,phases      ] GC(29)     Dead                           Min: 0, Avg:  0.0, Max: 0, Diff: 0, Sum: 0, Workers: 4
[336.818s][debug][gc,phases      ] GC(29)     Total                          Min: 0, Avg:  0.0, Max: 0, Diff: 0, Sum: 0, Workers: 4
[336.818s][debug][gc,phases      ] GC(29)   StringDedup Requests0 Weak     Min:  0.0, Avg:  0.0, Max:  0.0, Diff:  0.0, Sum:  0.0, Workers: 4
[336.818s][debug][gc,phases      ] GC(29)     Dead                           Min: 0, Avg:  0.0, Max: 0, Diff: 0, Sum: 0, Workers: 4
[336.818s][debug][gc,phases      ] GC(29)     Total                          Min: 0, Avg:  0.0, Max: 0, Diff: 0, Sum: 0, Workers: 4
[336.818s][debug][gc,phases      ] GC(29)   StringDedup Requests1 Weak     Min:  0.0, Avg:  0.0, Max:  0.0, Diff:  0.0, Sum:  0.0, Workers: 4
[336.818s][debug][gc,phases      ] GC(29)     Dead                           Min: 0, Avg:  0.0, Max: 0, Diff: 0, Sum: 0, Workers: 4
[336.818s][debug][gc,phases      ] GC(29)     Total                          Min: 0, Avg:  0.0, Max: 0, Diff: 0, Sum: 0, Workers: 4
[336.818s][debug][gc,phases      ] GC(29)   Weak JFR Old Object Samples    Min:  0.0, Avg:  0.0, Max:  0.0, Diff:  0.0, Sum:  0.0, Workers: 4
[336.818s][debug][gc,phases      ] GC(29)     Dead                           Min: 0, Avg:  0.0, Max: 0, Diff: 0, Sum: 0, Workers: 4
[336.818s][debug][gc,phases      ] GC(29)     Total                          Min: 0, Avg:  0.0, Max: 0, Diff: 0, Sum: 0, Workers: 4
[336.818s][debug][gc,phases      ] GC(29) Weak Processing 0.305ms
[336.818s][debug][gc,age         ] GC(29) Desired survivor size 401080320 bytes, new threshold 7 (max threshold 15)
[336.818s][info ][gc,heap        ] GC(29) PSYoungGen: 1202304K(1628672K)->14144K(1705472K) Eden: 1188864K(1188864K)->0K(1289728K) From: 13440K(439808K)->14144K(415744K)
[336.818s][info ][gc,heap        ] GC(29) ParOldGen: 473905K(625664K)->473913K(625664K)
[336.818s][info ][gc,metaspace   ] GC(29) Metaspace: 78119K(79040K)->78119K(79040K) NonClass: 67034K(67520K)->67034K(67520K) Class: 11084K(11520K)->11084K(11520K)
[336.818s][info ][gc             ] GC(29) Pause Young (Allocation Failure) 1636M->476M(2276M) 5.560ms
[336.818s][info ][gc,cpu         ] GC(29) User=0.02s Sys=0.00s Real=0.00s
[336.818s][info ][safepoint      ] Safepoint "ParallelGCFailedAllocation", Time since last: 2468335709 ns, Reaching safepoint: 41200 ns, At safepoint: 5623055 ns, Total: 5664255 ns
[337.818s][info ][safepoint      ] Safepoint "Cleanup", Time since last: 1000090156 ns, Reaching safepoint: 43999 ns, At safepoint: 2800 ns, Total: 46799 ns
[338.818s][info ][safepoint      ] Safepoint "Cleanup", Time since last: 1000114565 ns, Reaching safepoint: 31300 ns, At safepoint: 3300 ns, Total: 34600 ns
[340.818s][info ][safepoint      ] Safepoint "Cleanup", Time since last: 2000170756 ns, Reaching safepoint: 39399 ns, At safepoint: 3900 ns, Total: 43299 ns
[342.818s][info ][safepoint      ] Safepoint "Cleanup", Time since last: 2000118392 ns, Reaching safepoint: 44400 ns, At safepoint: 4800 ns, Total: 49200 ns
[344.819s][info ][safepoint      ] Safepoint "Cleanup", Time since last: 2000182326 ns, Reaching safepoint: 52299 ns, At safepoint: 2600 ns, Total: 54899 ns
[345.819s][info ][safepoint      ] Safepoint "Cleanup", Time since last: 1000094826 ns, Reaching safepoint: 26200 ns, At safepoint: 2800 ns, Total: 29000 ns
[346.819s][info ][safepoint      ] Safepoint "Cleanup", Time since last: 1000095535 ns, Reaching safepoint: 23200 ns, At safepoint: 3700 ns, Total: 26900 ns
[348.819s][info ][safepoint      ] Safepoint "Cleanup", Time since last: 2000161396 ns, Reaching safepoint: 40999 ns, At safepoint: 7600 ns, Total: 48599 ns
[349.819s][info ][safepoint      ] Safepoint "Cleanup", Time since last: 1000097061 ns, Reaching safepoint: 26100 ns, At safepoint: 2400 ns, Total: 28500 ns
[350.819s][info ][safepoint      ] Safepoint "Cleanup", Time since last: 1000110569 ns, Reaching safepoint: 34800 ns, At safepoint: 3900 ns, Total: 38700 ns
[353.820s][info ][safepoint      ] Safepoint "Cleanup", Time since last: 3000184761 ns, Reaching safepoint: 26199 ns, At safepoint: 2300 ns, Total: 28499 ns
[355.820s][info ][safepoint      ] Safepoint "Cleanup", Time since last: 2000170917 ns, Reaching safepoint: 30299 ns, At safepoint: 2700 ns, Total: 32999 ns
[356.820s][info ][safepoint      ] Safepoint "Cleanup", Time since last: 1000118121 ns, Reaching safepoint: 43800 ns, At safepoint: 2200 ns, Total: 46000 ns
[357.820s][info ][safepoint      ] Safepoint "Cleanup", Time since last: 1000100029 ns, Reaching safepoint: 35900 ns, At safepoint: 2500 ns, Total: 38400 ns
[358.820s][info ][safepoint      ] Safepoint "Cleanup", Time since last: 1000108938 ns, Reaching safepoint: 62399 ns, At safepoint: 6700 ns, Total: 69099 ns
[359.820s][info ][safepoint      ] Safepoint "Cleanup", Time since last: 1000098346 ns, Reaching safepoint: 29400 ns, At safepoint: 2500 ns, Total: 31900 ns
[360.821s][info ][safepoint      ] Safepoint "Cleanup", Time since last: 1000100155 ns, Reaching safepoint: 25900 ns, At safepoint: 2200 ns, Total: 28100 ns
[361.821s][info ][safepoint      ] Safepoint "Cleanup", Time since last: 1000101763 ns, Reaching safepoint: 50900 ns, At safepoint: 5600 ns, Total: 56500 ns
[362.821s][info ][safepoint      ] Safepoint "Cleanup", Time since last: 1000092271 ns, Reaching safepoint: 47500 ns, At safepoint: 4000 ns, Total: 51500 ns
[363.821s][info ][safepoint      ] Safepoint "Cleanup", Time since last: 1000096780 ns, Reaching safepoint: 36800 ns, At safepoint: 4400 ns, Total: 41200 ns
[365.821s][info ][safepoint      ] Safepoint "Cleanup", Time since last: 2000156886 ns, Reaching safepoint: 32399 ns, At safepoint: 2700 ns, Total: 35099 ns
[366.821s][info ][safepoint      ] Safepoint "Cleanup", Time since last: 1000105305 ns, Reaching safepoint: 33300 ns, At safepoint: 1900 ns, Total: 35200 ns
[377.822s][info ][safepoint      ] Safepoint "Cleanup", Time since last: 11000683709 ns, Reaching safepoint: 34700 ns, At safepoint: 2400 ns, Total: 37100 ns
[379.822s][info ][safepoint      ] Safepoint "Cleanup", Time since last: 2000171017 ns, Reaching safepoint: 29399 ns, At safepoint: 2500 ns, Total: 31899 ns
[380.822s][info ][safepoint      ] Safepoint "Cleanup", Time since last: 1000102521 ns, Reaching safepoint: 40100 ns, At safepoint: 13600 ns, Total: 53700 ns
[381.823s][info ][safepoint      ] Safepoint "Cleanup", Time since last: 1000095329 ns, Reaching safepoint: 36999 ns, At safepoint: 3000 ns, Total: 39999 ns
[382.561s][info ][gc,start       ] GC(30) Pause Young (Allocation Failure)
[382.566s][debug][gc,phases      ] GC(30) Scavenge 5.194ms
[382.566s][debug][gc,ref         ] GC(30) Skipped phase 1 of Reference Processing: no references
[382.566s][debug][gc,ref         ] GC(30) ReferenceProcessor::execute queues: 1, RefProcThreadModel::Single, marks_oops_alive: false
[382.566s][debug][gc,ref         ] GC(30) Skipped phase 3 of Reference Processing: no references
[382.566s][debug][gc,ref         ] GC(30) ReferenceProcessor::execute queues: 1, RefProcThreadModel::Single, marks_oops_alive: false
[382.566s][debug][gc,phases      ] GC(30) Reference Processing 0.105ms
[382.567s][debug][gc,phases      ] GC(30)   VM Weak                        Min:  0.0, Avg:  0.0, Max:  0.0, Diff:  0.0, Sum:  0.0, Workers: 4
[382.567s][debug][gc,phases      ] GC(30)     Dead                           Min: 0, Avg:  0.0, Max: 0, Diff: 0, Sum: 0, Workers: 4
[382.567s][debug][gc,phases      ] GC(30)     Total                          Min: 0, Avg: 185.0, Max: 704, Diff: 704, Sum: 740, Workers: 4
[382.567s][debug][gc,phases      ] GC(30)   ObjectSynchronizer Weak        Min:  0.0, Avg:  0.0, Max:  0.0, Diff:  0.0, Sum:  0.0, Workers: 4
[382.567s][debug][gc,phases      ] GC(30)     Dead                           Min: 0, Avg:  0.0, Max: 0, Diff: 0, Sum: 0, Workers: 4
[382.567s][debug][gc,phases      ] GC(30)     Total                          Min: 0, Avg:  8.2, Max: 33, Diff: 33, Sum: 33, Workers: 4
[382.567s][debug][gc,phases      ] GC(30)   JVMTI Tag Weak OopStorage      Min:  0.0, Avg:  0.0, Max:  0.0, Diff:  0.0, Sum:  0.0, Workers: 4
[382.567s][debug][gc,phases      ] GC(30)     Dead                           Min: 0, Avg:  0.0, Max: 0, Diff: 0, Sum: 0, Workers: 4
[382.567s][debug][gc,phases      ] GC(30)     Total                          Min: 0, Avg:  0.0, Max: 0, Diff: 0, Sum: 0, Workers: 4
[382.567s][debug][gc,phases      ] GC(30)   StringTable Weak               Min:  0.1, Avg:  0.1, Max:  0.1, Diff:  0.0, Sum:  0.4, Workers: 4
[382.567s][debug][gc,phases      ] GC(30)     Dead                           Min: 0, Avg:  0.0, Max: 0, Diff: 0, Sum: 0, Workers: 4
[382.567s][debug][gc,phases      ] GC(30)     Total                          Min: 10406, Avg: 10585.5, Max: 10752, Diff: 346, Sum: 42342, Workers: 4
[382.567s][debug][gc,phases      ] GC(30)   ResolvedMethodTable Weak       Min:  0.0, Avg:  0.0, Max:  0.0, Diff:  0.0, Sum:  0.1, Workers: 4
[382.567s][debug][gc,phases      ] GC(30)     Dead                           Min: 0, Avg:  0.0, Max: 0, Diff: 0, Sum: 0, Workers: 4
[382.567s][debug][gc,phases      ] GC(30)     Total                          Min: 2048, Avg: 2102.8, Max: 2139, Diff: 91, Sum: 8411, Workers: 4
[382.567s][debug][gc,phases      ] GC(30)   JNI Weak                       Min:  0.0, Avg:  0.0, Max:  0.0, Diff:  0.0, Sum:  0.0, Workers: 4
[382.567s][debug][gc,phases      ] GC(30)     Dead                           Min: 0, Avg:  0.0, Max: 0, Diff: 0, Sum: 0, Workers: 4
[382.567s][debug][gc,phases      ] GC(30)     Total                          Min: 0, Avg: 11.2, Max: 45, Diff: 45, Sum: 45, Workers: 4
[382.567s][debug][gc,phases      ] GC(30)   StringDedup Table Weak         Min:  0.0, Avg:  0.0, Max:  0.0, Diff:  0.0, Sum:  0.0, Workers: 4
[382.567s][debug][gc,phases      ] GC(30)     Dead                           Min: 0, Avg:  0.0, Max: 0, Diff: 0, Sum: 0, Workers: 4
[382.567s][debug][gc,phases      ] GC(30)     Total                          Min: 0, Avg:  0.0, Max: 0, Diff: 0, Sum: 0, Workers: 4
[382.567s][debug][gc,phases      ] GC(30)   StringDedup Requests0 Weak     Min:  0.0, Avg:  0.0, Max:  0.0, Diff:  0.0, Sum:  0.0, Workers: 4
[382.567s][debug][gc,phases      ] GC(30)     Dead                           Min: 0, Avg:  0.0, Max: 0, Diff: 0, Sum: 0, Workers: 4
[382.567s][debug][gc,phases      ] GC(30)     Total                          Min: 0, Avg:  0.0, Max: 0, Diff: 0, Sum: 0, Workers: 4
[382.567s][debug][gc,phases      ] GC(30)   StringDedup Requests1 Weak     Min:  0.0, Avg:  0.0, Max:  0.0, Diff:  0.0, Sum:  0.0, Workers: 4
[382.567s][debug][gc,phases      ] GC(30)     Dead                           Min: 0, Avg:  0.0, Max: 0, Diff: 0, Sum: 0, Workers: 4
[382.567s][debug][gc,phases      ] GC(30)     Total                          Min: 0, Avg:  0.0, Max: 0, Diff: 0, Sum: 0, Workers: 4
[382.567s][debug][gc,phases      ] GC(30)   Weak JFR Old Object Samples    Min:  0.0, Avg:  0.0, Max:  0.0, Diff:  0.0, Sum:  0.0, Workers: 4
[382.567s][debug][gc,phases      ] GC(30)     Dead                           Min: 0, Avg:  0.0, Max: 0, Diff: 0, Sum: 0, Workers: 4
[382.567s][debug][gc,phases      ] GC(30)     Total                          Min: 0, Avg:  0.0, Max: 0, Diff: 0, Sum: 0, Workers: 4
[382.567s][debug][gc,phases      ] GC(30) Weak Processing 0.293ms
[382.567s][debug][gc,age         ] GC(30) Desired survivor size 377487360 bytes, new threshold 8 (max threshold 15)
[382.567s][info ][gc,heap        ] GC(30) PSYoungGen: 1303872K(1705472K)->14672K(1681408K) Eden: 1289728K(1289728K)->0K(1289728K) From: 14144K(415744K)->14672K(391680K)
[382.567s][info ][gc,heap        ] GC(30) ParOldGen: 473913K(625664K)->473913K(625664K)
[382.567s][info ][gc,metaspace   ] GC(30) Metaspace: 78154K(79104K)->78154K(79104K) NonClass: 67065K(67584K)->67065K(67584K) Class: 11088K(11520K)->11088K(11520K)
[382.567s][info ][gc             ] GC(30) Pause Young (Allocation Failure) 1736M->477M(2253M) 5.686ms
[382.567s][info ][gc,cpu         ] GC(30) User=0.02s Sys=0.00s Real=0.01s
[382.567s][info ][safepoint      ] Safepoint "ParallelGCFailedAllocation", Time since last: 738451941 ns, Reaching safepoint: 51899 ns, At safepoint: 5757556 ns, Total: 5809455 ns
[383.567s][info ][safepoint      ] Safepoint "Cleanup", Time since last: 1000084943 ns, Reaching safepoint: 56100 ns, At safepoint: 7000 ns, Total: 63100 ns
[385.567s][info ][safepoint      ] Safepoint "Cleanup", Time since last: 2000162110 ns, Reaching safepoint: 32900 ns, At safepoint: 2500 ns, Total: 35400 ns
[386.567s][info ][safepoint      ] Safepoint "Cleanup", Time since last: 1000114967 ns, Reaching safepoint: 29000 ns, At safepoint: 5100 ns, Total: 34100 ns
[388.760s][info ][safepoint      ] Safepoint "Cleanup", Time since last: 2192533695 ns, Reaching safepoint: 137299 ns, At safepoint: 5600 ns, Total: 142899 ns
[389.760s][info ][safepoint      ] Safepoint "Cleanup", Time since last: 1000105692 ns, Reaching safepoint: 119599 ns, At safepoint: 7700 ns, Total: 127299 ns
[391.760s][info ][safepoint      ] Safepoint "Cleanup", Time since last: 2000166510 ns, Reaching safepoint: 114999 ns, At safepoint: 7700 ns, Total: 122699 ns
[393.761s][info ][safepoint      ] Safepoint "Cleanup", Time since last: 2000175241 ns, Reaching safepoint: 122799 ns, At safepoint: 10800 ns, Total: 133599 ns
[395.065s][info ][safepoint      ] Safepoint "Cleanup", Time since last: 1304369532 ns, Reaching safepoint: 53200 ns, At safepoint: 1900 ns, Total: 55100 ns
[396.065s][info ][safepoint      ] Safepoint "Cleanup", Time since last: 1000095642 ns, Reaching safepoint: 34300 ns, At safepoint: 2800 ns, Total: 37100 ns
[398.066s][info ][safepoint      ] Safepoint "Cleanup", Time since last: 2000168210 ns, Reaching safepoint: 25299 ns, At safepoint: 2100 ns, Total: 27399 ns
[399.066s][info ][safepoint      ] Safepoint "Cleanup", Time since last: 1000104267 ns, Reaching safepoint: 27200 ns, At safepoint: 2700 ns, Total: 29900 ns
[401.066s][info ][safepoint      ] Safepoint "Cleanup", Time since last: 2000151856 ns, Reaching safepoint: 26800 ns, At safepoint: 18200 ns, Total: 45000 ns
[403.066s][info ][safepoint      ] Safepoint "Cleanup", Time since last: 2000154888 ns, Reaching safepoint: 92699 ns, At safepoint: 7800 ns, Total: 100499 ns
[404.066s][info ][safepoint      ] Safepoint "Cleanup", Time since last: 1000108406 ns, Reaching safepoint: 27999 ns, At safepoint: 2200 ns, Total: 30199 ns
[405.066s][info ][safepoint      ] Safepoint "Cleanup", Time since last: 1000108014 ns, Reaching safepoint: 29799 ns, At safepoint: 2500 ns, Total: 32299 ns
[406.067s][info ][safepoint      ] Safepoint "Cleanup", Time since last: 1000082621 ns, Reaching safepoint: 39400 ns, At safepoint: 11500 ns, Total: 50900 ns
[407.067s][info ][safepoint      ] Safepoint "Cleanup", Time since last: 1000105629 ns, Reaching safepoint: 49799 ns, At safepoint: 2600 ns, Total: 52399 ns
[410.067s][info ][safepoint      ] Safepoint "Cleanup", Time since last: 3000222933 ns, Reaching safepoint: 37200 ns, At safepoint: 2700 ns, Total: 39900 ns
[412.067s][info ][safepoint      ] Safepoint "Cleanup", Time since last: 2000156227 ns, Reaching safepoint: 38300 ns, At safepoint: 6300 ns, Total: 44600 ns
[413.067s][info ][safepoint      ] Safepoint "Cleanup", Time since last: 1000089874 ns, Reaching safepoint: 27900 ns, At safepoint: 2600 ns, Total: 30500 ns
[414.067s][info ][safepoint      ] Safepoint "Cleanup", Time since last: 1000099383 ns, Reaching safepoint: 35799 ns, At safepoint: 2800 ns, Total: 38599 ns
[415.068s][info ][safepoint      ] Safepoint "Cleanup", Time since last: 1000100590 ns, Reaching safepoint: 49300 ns, At safepoint: 3400 ns, Total: 52700 ns
[416.068s][info ][safepoint      ] Safepoint "Cleanup", Time since last: 1000100498 ns, Reaching safepoint: 47599 ns, At safepoint: 5200 ns, Total: 52799 ns
[423.068s][info ][safepoint      ] Safepoint "Cleanup", Time since last: 7000447797 ns, Reaching safepoint: 40500 ns, At safepoint: 3000 ns, Total: 43500 ns
[423.875s][info ][gc,start       ] GC(31) Pause Young (Allocation Failure)
[423.880s][debug][gc,phases      ] GC(31) Scavenge 5.599ms
[423.880s][debug][gc,ref         ] GC(31) Skipped phase 1 of Reference Processing: no references
[423.880s][debug][gc,ref         ] GC(31) ReferenceProcessor::execute queues: 1, RefProcThreadModel::Single, marks_oops_alive: false
[423.880s][debug][gc,ref         ] GC(31) Skipped phase 3 of Reference Processing: no references
[423.880s][debug][gc,ref         ] GC(31) ReferenceProcessor::execute queues: 1, RefProcThreadModel::Single, marks_oops_alive: false
[423.880s][debug][gc,phases      ] GC(31) Reference Processing 0.108ms
[423.881s][debug][gc,phases      ] GC(31)   VM Weak                        Min:  0.0, Avg:  0.0, Max:  0.0, Diff:  0.0, Sum:  0.0, Workers: 4
[423.881s][debug][gc,phases      ] GC(31)     Dead                           Min: 0, Avg:  0.0, Max: 0, Diff: 0, Sum: 0, Workers: 4
[423.881s][debug][gc,phases      ] GC(31)     Total                          Min: 0, Avg: 185.0, Max: 740, Diff: 740, Sum: 740, Workers: 4
[423.881s][debug][gc,phases      ] GC(31)   ObjectSynchronizer Weak        Min:  0.0, Avg:  0.0, Max:  0.0, Diff:  0.0, Sum:  0.0, Workers: 4
[423.881s][debug][gc,phases      ] GC(31)     Dead                           Min: 0, Avg:  0.0, Max: 0, Diff: 0, Sum: 0, Workers: 4
[423.881s][debug][gc,phases      ] GC(31)     Total                          Min: 0, Avg:  8.2, Max: 33, Diff: 33, Sum: 33, Workers: 4
[423.881s][debug][gc,phases      ] GC(31)   JVMTI Tag Weak OopStorage      Min:  0.0, Avg:  0.0, Max:  0.0, Diff:  0.0, Sum:  0.0, Workers: 4
[423.881s][debug][gc,phases      ] GC(31)     Dead                           Min: 0, Avg:  0.0, Max: 0, Diff: 0, Sum: 0, Workers: 4
[423.881s][debug][gc,phases      ] GC(31)     Total                          Min: 0, Avg:  0.0, Max: 0, Diff: 0, Sum: 0, Workers: 4
[423.881s][debug][gc,phases      ] GC(31)   StringTable Weak               Min:  0.0, Avg:  0.1, Max:  0.1, Diff:  0.1, Sum:  0.3, Workers: 4
[423.881s][debug][gc,phases      ] GC(31)     Dead                           Min: 0, Avg:  0.0, Max: 0, Diff: 0, Sum: 0, Workers: 4
[423.881s][debug][gc,phases      ] GC(31)     Total                          Min: 0, Avg: 10585.8, Max: 18112, Diff: 18112, Sum: 42343, Workers: 4
[423.881s][debug][gc,phases      ] GC(31)   ResolvedMethodTable Weak       Min:  0.0, Avg:  0.0, Max:  0.0, Diff:  0.0, Sum:  0.1, Workers: 4
[423.881s][debug][gc,phases      ] GC(31)     Dead                           Min: 0, Avg:  0.0, Max: 0, Diff: 0, Sum: 0, Workers: 4
[423.881s][debug][gc,phases      ] GC(31)     Total                          Min: 0, Avg: 2102.8, Max: 3200, Diff: 3200, Sum: 8411, Workers: 4
[423.881s][debug][gc,phases      ] GC(31)   JNI Weak                       Min:  0.0, Avg:  0.0, Max:  0.0, Diff:  0.0, Sum:  0.0, Workers: 4
[423.881s][debug][gc,phases      ] GC(31)     Dead                           Min: 0, Avg:  0.0, Max: 0, Diff: 0, Sum: 0, Workers: 4
[423.881s][debug][gc,phases      ] GC(31)     Total                          Min: 0, Avg: 11.2, Max: 45, Diff: 45, Sum: 45, Workers: 4
[423.881s][debug][gc,phases      ] GC(31)   StringDedup Table Weak         Min:  0.0, Avg:  0.0, Max:  0.0, Diff:  0.0, Sum:  0.0, Workers: 4
[423.881s][debug][gc,phases      ] GC(31)     Dead                           Min: 0, Avg:  0.0, Max: 0, Diff: 0, Sum: 0, Workers: 4
[423.881s][debug][gc,phases      ] GC(31)     Total                          Min: 0, Avg:  0.0, Max: 0, Diff: 0, Sum: 0, Workers: 4
[423.881s][debug][gc,phases      ] GC(31)   StringDedup Requests0 Weak     Min:  0.0, Avg:  0.0, Max:  0.0, Diff:  0.0, Sum:  0.0, Workers: 4
[423.881s][debug][gc,phases      ] GC(31)     Dead                           Min: 0, Avg:  0.0, Max: 0, Diff: 0, Sum: 0, Workers: 4
[423.881s][debug][gc,phases      ] GC(31)     Total                          Min: 0, Avg:  0.0, Max: 0, Diff: 0, Sum: 0, Workers: 4
[423.881s][debug][gc,phases      ] GC(31)   StringDedup Requests1 Weak     Min:  0.0, Avg:  0.0, Max:  0.0, Diff:  0.0, Sum:  0.0, Workers: 4
[423.881s][debug][gc,phases      ] GC(31)     Dead                           Min: 0, Avg:  0.0, Max: 0, Diff: 0, Sum: 0, Workers: 4
[423.881s][debug][gc,phases      ] GC(31)     Total                          Min: 0, Avg:  0.0, Max: 0, Diff: 0, Sum: 0, Workers: 4
[423.881s][debug][gc,phases      ] GC(31)   Weak JFR Old Object Samples    Min:  0.0, Avg:  0.0, Max:  0.0, Diff:  0.0, Sum:  0.0, Workers: 4
[423.881s][debug][gc,phases      ] GC(31)     Dead                           Min: 0, Avg:  0.0, Max: 0, Diff: 0, Sum: 0, Workers: 4
[423.881s][debug][gc,phases      ] GC(31)     Total                          Min: 0, Avg:  0.0, Max: 0, Diff: 0, Sum: 0, Workers: 4
[423.881s][debug][gc,phases      ] GC(31) Weak Processing 0.315ms
[423.881s][debug][gc,age         ] GC(31) Desired survivor size 354942976 bytes, new threshold 9 (max threshold 15)
[423.881s][info ][gc,heap        ] GC(31) PSYoungGen: 1304400K(1681408K)->14832K(1750528K) Eden: 1289728K(1289728K)->0K(1381888K) From: 14672K(391680K)->14832K(368640K)
[423.881s][info ][gc,heap        ] GC(31) ParOldGen: 473913K(625664K)->473913K(625664K)
[423.881s][info ][gc,metaspace   ] GC(31) Metaspace: 78178K(79104K)->78178K(79104K) NonClass: 67090K(67584K)->67090K(67584K) Class: 11088K(11520K)->11088K(11520K)
[423.881s][info ][gc             ] GC(31) Pause Young (Allocation Failure) 1736M->477M(2320M) 6.123ms
[423.881s][info ][gc,cpu         ] GC(31) User=0.02s Sys=0.00s Real=0.01s
[423.881s][info ][safepoint      ] Safepoint "ParallelGCFailedAllocation", Time since last: 806331280 ns, Reaching safepoint: 23800 ns, At safepoint: 6183654 ns, Total: 6207454 ns
[425.881s][info ][safepoint      ] Safepoint "Cleanup", Time since last: 2000147236 ns, Reaching safepoint: 34800 ns, At safepoint: 2700 ns, Total: 37500 ns
[426.881s][info ][safepoint      ] Safepoint "Cleanup", Time since last: 1000092379 ns, Reaching safepoint: 41499 ns, At safepoint: 3700 ns, Total: 45199 ns
[427.881s][info ][safepoint      ] Safepoint "Cleanup", Time since last: 1000102387 ns, Reaching safepoint: 34199 ns, At safepoint: 2200 ns, Total: 36399 ns
[428.881s][info ][safepoint      ] Safepoint "Cleanup", Time since last: 1000097494 ns, Reaching safepoint: 36300 ns, At safepoint: 3500 ns, Total: 39800 ns
[429.881s][info ][safepoint      ] Safepoint "Cleanup", Time since last: 1000093701 ns, Reaching safepoint: 42000 ns, At safepoint: 3600 ns, Total: 45600 ns
[430.882s][info ][safepoint      ] Safepoint "Cleanup", Time since last: 1000102008 ns, Reaching safepoint: 38900 ns, At safepoint: 2100 ns, Total: 41000 ns
[431.882s][info ][safepoint      ] Safepoint "Cleanup", Time since last: 1000115916 ns, Reaching safepoint: 36699 ns, At safepoint: 3300 ns, Total: 39999 ns
[432.882s][info ][safepoint      ] Safepoint "Cleanup", Time since last: 1000101623 ns, Reaching safepoint: 25900 ns, At safepoint: 2800 ns, Total: 28700 ns
[438.882s][info ][safepoint      ] Safepoint "Cleanup", Time since last: 6000395694 ns, Reaching safepoint: 42100 ns, At safepoint: 2600 ns, Total: 44700 ns
[442.883s][info ][safepoint      ] Safepoint "Cleanup", Time since last: 4000302941 ns, Reaching safepoint: 50400 ns, At safepoint: 4300 ns, Total: 54700 ns
[444.883s][info ][safepoint      ] Safepoint "Cleanup", Time since last: 2000161413 ns, Reaching safepoint: 38100 ns, At safepoint: 3400 ns, Total: 41500 ns
[445.883s][info ][safepoint      ] Safepoint "Cleanup", Time since last: 1000100317 ns, Reaching safepoint: 28800 ns, At safepoint: 2500 ns, Total: 31300 ns
[446.883s][info ][safepoint      ] Safepoint "Cleanup", Time since last: 1000100425 ns, Reaching safepoint: 39200 ns, At safepoint: 3299 ns, Total: 42499 ns
[450.884s][info ][safepoint      ] Safepoint "Cleanup", Time since last: 4000293271 ns, Reaching safepoint: 39400 ns, At safepoint: 2600 ns, Total: 42000 ns
[452.884s][info ][safepoint      ] Safepoint "Cleanup", Time since last: 2000172327 ns, Reaching safepoint: 27100 ns, At safepoint: 2400 ns, Total: 29500 ns
[455.884s][info ][safepoint      ] Safepoint "Cleanup", Time since last: 3000191245 ns, Reaching safepoint: 40100 ns, At safepoint: 2900 ns, Total: 43000 ns
[458.884s][info ][safepoint      ] Safepoint "Cleanup", Time since last: 3000225007 ns, Reaching safepoint: 29700 ns, At safepoint: 3000 ns, Total: 32700 ns
[459.884s][info ][safepoint      ] Safepoint "Cleanup", Time since last: 1000130916 ns, Reaching safepoint: 26900 ns, At safepoint: 2600 ns, Total: 29500 ns
[463.885s][info ][safepoint      ] Safepoint "Cleanup", Time since last: 4000287036 ns, Reaching safepoint: 36599 ns, At safepoint: 3200 ns, Total: 39799 ns
[467.885s][info ][safepoint      ] Safepoint "Cleanup", Time since last: 4000272747 ns, Reaching safepoint: 27199 ns, At safepoint: 2700 ns, Total: 29899 ns
[468.885s][info ][safepoint      ] Safepoint "Cleanup", Time since last: 1000070779 ns, Reaching safepoint: 35100 ns, At safepoint: 3900 ns, Total: 39000 ns
[470.563s][info ][gc,start       ] GC(32) Pause Young (Allocation Failure)
[470.568s][debug][gc,phases      ] GC(32) Scavenge 5.323ms
[470.568s][debug][gc,ref         ] GC(32) Skipped phase 1 of Reference Processing: no references
[470.568s][debug][gc,ref         ] GC(32) ReferenceProcessor::execute queues: 1, RefProcThreadModel::Single, marks_oops_alive: false
[470.568s][debug][gc,ref         ] GC(32) Skipped phase 3 of Reference Processing: no references
[470.568s][debug][gc,ref         ] GC(32) ReferenceProcessor::execute queues: 1, RefProcThreadModel::Single, marks_oops_alive: false
[470.568s][debug][gc,phases      ] GC(32) Reference Processing 0.102ms
[470.569s][debug][gc,phases      ] GC(32)   VM Weak                        Min:  0.0, Avg:  0.0, Max:  0.0, Diff:  0.0, Sum:  0.0, Workers: 4
[470.569s][debug][gc,phases      ] GC(32)     Dead                           Min: 0, Avg:  0.0, Max: 0, Diff: 0, Sum: 0, Workers: 4
[470.569s][debug][gc,phases      ] GC(32)     Total                          Min: 0, Avg: 186.0, Max: 640, Diff: 640, Sum: 744, Workers: 4
[470.569s][debug][gc,phases      ] GC(32)   ObjectSynchronizer Weak        Min:  0.0, Avg:  0.0, Max:  0.0, Diff:  0.0, Sum:  0.0, Workers: 4
[470.569s][debug][gc,phases      ] GC(32)     Dead                           Min: 0, Avg:  0.0, Max: 0, Diff: 0, Sum: 0, Workers: 4
[470.569s][debug][gc,phases      ] GC(32)     Total                          Min: 0, Avg:  8.2, Max: 33, Diff: 33, Sum: 33, Workers: 4
[470.569s][debug][gc,phases      ] GC(32)   JVMTI Tag Weak OopStorage      Min:  0.0, Avg:  0.0, Max:  0.0, Diff:  0.0, Sum:  0.0, Workers: 4
[470.569s][debug][gc,phases      ] GC(32)     Dead                           Min: 0, Avg:  0.0, Max: 0, Diff: 0, Sum: 0, Workers: 4
[470.569s][debug][gc,phases      ] GC(32)     Total                          Min: 0, Avg:  0.0, Max: 0, Diff: 0, Sum: 0, Workers: 4
[470.569s][debug][gc,phases      ] GC(32)   StringTable Weak               Min:  0.1, Avg:  0.1, Max:  0.1, Diff:  0.0, Sum:  0.4, Workers: 4
[470.569s][debug][gc,phases      ] GC(32)     Dead                           Min: 0, Avg:  0.0, Max: 0, Diff: 0, Sum: 0, Workers: 4
[470.569s][debug][gc,phases      ] GC(32)     Total                          Min: 9920, Avg: 10586.8, Max: 12075, Diff: 2155, Sum: 42347, Workers: 4
[470.569s][debug][gc,phases      ] GC(32)   ResolvedMethodTable Weak       Min:  0.0, Avg:  0.0, Max:  0.0, Diff:  0.0, Sum:  0.1, Workers: 4
[470.569s][debug][gc,phases      ] GC(32)     Dead                           Min: 0, Avg:  0.0, Max: 0, Diff: 0, Sum: 0, Workers: 4
[470.569s][debug][gc,phases      ] GC(32)     Total                          Min: 1894, Avg: 2105.5, Max: 2304, Diff: 410, Sum: 8422, Workers: 4
[470.569s][debug][gc,phases      ] GC(32)   JNI Weak                       Min:  0.0, Avg:  0.0, Max:  0.0, Diff:  0.0, Sum:  0.0, Workers: 4
[470.569s][debug][gc,phases      ] GC(32)     Dead                           Min: 0, Avg:  0.0, Max: 0, Diff: 0, Sum: 0, Workers: 4
[470.569s][debug][gc,phases      ] GC(32)     Total                          Min: 0, Avg: 11.2, Max: 45, Diff: 45, Sum: 45, Workers: 4
[470.569s][debug][gc,phases      ] GC(32)   StringDedup Table Weak         Min:  0.0, Avg:  0.0, Max:  0.0, Diff:  0.0, Sum:  0.0, Workers: 4
[470.569s][debug][gc,phases      ] GC(32)     Dead                           Min: 0, Avg:  0.0, Max: 0, Diff: 0, Sum: 0, Workers: 4
[470.569s][debug][gc,phases      ] GC(32)     Total                          Min: 0, Avg:  0.0, Max: 0, Diff: 0, Sum: 0, Workers: 4
[470.569s][debug][gc,phases      ] GC(32)   StringDedup Requests0 Weak     Min:  0.0, Avg:  0.0, Max:  0.0, Diff:  0.0, Sum:  0.0, Workers: 4
[470.569s][debug][gc,phases      ] GC(32)     Dead                           Min: 0, Avg:  0.0, Max: 0, Diff: 0, Sum: 0, Workers: 4
[470.569s][debug][gc,phases      ] GC(32)     Total                          Min: 0, Avg:  0.0, Max: 0, Diff: 0, Sum: 0, Workers: 4
[470.569s][debug][gc,phases      ] GC(32)   StringDedup Requests1 Weak     Min:  0.0, Avg:  0.0, Max:  0.0, Diff:  0.0, Sum:  0.0, Workers: 4
[470.569s][debug][gc,phases      ] GC(32)     Dead                           Min: 0, Avg:  0.0, Max: 0, Diff: 0, Sum: 0, Workers: 4
[470.569s][debug][gc,phases      ] GC(32)     Total                          Min: 0, Avg:  0.0, Max: 0, Diff: 0, Sum: 0, Workers: 4
[470.569s][debug][gc,phases      ] GC(32)   Weak JFR Old Object Samples    Min:  0.0, Avg:  0.0, Max:  0.0, Diff:  0.0, Sum:  0.0, Workers: 4
[470.569s][debug][gc,phases      ] GC(32)     Dead                           Min: 0, Avg:  0.0, Max: 0, Diff: 0, Sum: 0, Workers: 4
[470.569s][debug][gc,phases      ] GC(32)     Total                          Min: 0, Avg:  0.0, Max: 0, Diff: 0, Sum: 0, Workers: 4
[470.569s][debug][gc,phases      ] GC(32) Weak Processing 0.278ms
[470.569s][debug][gc,age         ] GC(32) Desired survivor size 332922880 bytes, new threshold 10 (max threshold 15)
[470.569s][info ][gc,heap        ] GC(32) PSYoungGen: 1396720K(1750528K)->14960K(1728512K) Eden: 1381888K(1381888K)->0K(1381888K) From: 14832K(368640K)->14960K(346624K)
[470.569s][info ][gc,heap        ] GC(32) ParOldGen: 473913K(625664K)->473913K(625664K)
[470.569s][info ][gc,metaspace   ] GC(32) Metaspace: 78239K(79168K)->78239K(79168K) NonClass: 67147K(67648K)->67147K(67648K) Class: 11091K(11520K)->11091K(11520K)
[470.569s][info ][gc             ] GC(32) Pause Young (Allocation Failure) 1826M->477M(2299M) 5.799ms
[470.569s][info ][gc,cpu         ] GC(32) User=0.02s Sys=0.00s Real=0.01s
[470.569s][info ][safepoint      ] Safepoint "ParallelGCFailedAllocation", Time since last: 1677743736 ns, Reaching safepoint: 27000 ns, At safepoint: 5863359 ns, Total: 5890359 ns
[473.569s][info ][safepoint      ] Safepoint "Cleanup", Time since last: 3000213311 ns, Reaching safepoint: 40200 ns, At safepoint: 3300 ns, Total: 43500 ns
[477.569s][info ][safepoint      ] Safepoint "Cleanup", Time since last: 4000304810 ns, Reaching safepoint: 41800 ns, At safepoint: 2499 ns, Total: 44299 ns
[478.569s][info ][safepoint      ] Safepoint "Cleanup", Time since last: 1000100345 ns, Reaching safepoint: 27599 ns, At safepoint: 3000 ns, Total: 30599 ns
[480.570s][info ][safepoint      ] Safepoint "Cleanup", Time since last: 2000162109 ns, Reaching safepoint: 43700 ns, At safepoint: 5300 ns, Total: 49000 ns
[481.570s][info ][safepoint      ] Safepoint "Cleanup", Time since last: 1000107764 ns, Reaching safepoint: 41000 ns, At safepoint: 4600 ns, Total: 45600 ns
[483.570s][info ][safepoint      ] Safepoint "Cleanup", Time since last: 2000125949 ns, Reaching safepoint: 39400 ns, At safepoint: 2200 ns, Total: 41600 ns
[484.570s][info ][safepoint      ] Safepoint "Cleanup", Time since last: 1000051084 ns, Reaching safepoint: 57700 ns, At safepoint: 2300 ns, Total: 60000 ns
[485.570s][info ][safepoint      ] Safepoint "Cleanup", Time since last: 1000070891 ns, Reaching safepoint: 25000 ns, At safepoint: 2700 ns, Total: 27700 ns
[486.570s][info ][safepoint      ] Safepoint "Cleanup", Time since last: 1000075497 ns, Reaching safepoint: 53500 ns, At safepoint: 2700 ns, Total: 56200 ns
[488.571s][info ][safepoint      ] Safepoint "Cleanup", Time since last: 2000163315 ns, Reaching safepoint: 40800 ns, At safepoint: 4400 ns, Total: 45200 ns
[490.571s][info ][safepoint      ] Safepoint "Cleanup", Time since last: 2000156641 ns, Reaching safepoint: 38100 ns, At safepoint: 4200 ns, Total: 42300 ns
[491.571s][info ][safepoint      ] Safepoint "Cleanup", Time since last: 1000101530 ns, Reaching safepoint: 31200 ns, At safepoint: 3100 ns, Total: 34300 ns
[493.571s][info ][safepoint      ] Safepoint "Cleanup", Time since last: 2000173181 ns, Reaching safepoint: 33900 ns, At safepoint: 2799 ns, Total: 36699 ns
[497.571s][info ][safepoint      ] Safepoint "Cleanup", Time since last: 4000285640 ns, Reaching safepoint: 26600 ns, At safepoint: 2200 ns, Total: 28800 ns
[500.572s][info ][safepoint      ] Safepoint "Cleanup", Time since last: 3000225748 ns, Reaching safepoint: 51599 ns, At safepoint: 8100 ns, Total: 59699 ns
[501.572s][info ][safepoint      ] Safepoint "Cleanup", Time since last: 1000107096 ns, Reaching safepoint: 26399 ns, At safepoint: 2300 ns, Total: 28699 ns
[503.572s][info ][safepoint      ] Safepoint "Cleanup", Time since last: 2000158211 ns, Reaching safepoint: 25699 ns, At safepoint: 2100 ns, Total: 27799 ns
[504.572s][info ][safepoint      ] Safepoint "Cleanup", Time since last: 1000086415 ns, Reaching safepoint: 39300 ns, At safepoint: 2200 ns, Total: 41500 ns
[506.572s][info ][safepoint      ] Safepoint "Cleanup", Time since last: 2000166848 ns, Reaching safepoint: 36900 ns, At safepoint: 6300 ns, Total: 43200 ns
[507.573s][info ][safepoint      ] Safepoint "Cleanup", Time since last: 1000104233 ns, Reaching safepoint: 42200 ns, At safepoint: 4100 ns, Total: 46300 ns
[509.573s][info ][safepoint      ] Safepoint "Cleanup", Time since last: 2000160386 ns, Reaching safepoint: 25400 ns, At safepoint: 2200 ns, Total: 27600 ns
[511.573s][info ][safepoint      ] Safepoint "Cleanup", Time since last: 2000148212 ns, Reaching safepoint: 47000 ns, At safepoint: 2200 ns, Total: 49200 ns
[512.573s][info ][safepoint      ] Safepoint "Cleanup", Time since last: 1000052065 ns, Reaching safepoint: 26400 ns, At safepoint: 2500 ns, Total: 28900 ns
[514.573s][info ][safepoint      ] Safepoint "Cleanup", Time since last: 2000162749 ns, Reaching safepoint: 50400 ns, At safepoint: 3400 ns, Total: 53800 ns
[515.513s][info ][gc,start       ] GC(33) Pause Young (Allocation Failure)
[515.518s][debug][gc,phases      ] GC(33) Scavenge 5.530ms
[515.518s][debug][gc,ref         ] GC(33) Skipped phase 1 of Reference Processing: no references
[515.518s][debug][gc,ref         ] GC(33) ReferenceProcessor::execute queues: 1, RefProcThreadModel::Single, marks_oops_alive: false
[515.518s][debug][gc,ref         ] GC(33) Skipped phase 3 of Reference Processing: no references
[515.518s][debug][gc,ref         ] GC(33) ReferenceProcessor::execute queues: 1, RefProcThreadModel::Single, marks_oops_alive: false
[515.518s][debug][gc,phases      ] GC(33) Reference Processing 0.096ms
[515.519s][debug][gc,phases      ] GC(33)   VM Weak                        Min:  0.0, Avg:  0.0, Max:  0.0, Diff:  0.0, Sum:  0.0, Workers: 4
[515.519s][debug][gc,phases      ] GC(33)     Dead                           Min: 0, Avg:  0.0, Max: 0, Diff: 0, Sum: 0, Workers: 4
[515.519s][debug][gc,phases      ] GC(33)     Total                          Min: 0, Avg: 186.0, Max: 488, Diff: 488, Sum: 744, Workers: 4
[515.519s][debug][gc,phases      ] GC(33)   ObjectSynchronizer Weak        Min:  0.0, Avg:  0.0, Max:  0.0, Diff:  0.0, Sum:  0.0, Workers: 4
[515.519s][debug][gc,phases      ] GC(33)     Dead                           Min: 0, Avg:  0.0, Max: 0, Diff: 0, Sum: 0, Workers: 4
[515.519s][debug][gc,phases      ] GC(33)     Total                          Min: 0, Avg:  8.2, Max: 33, Diff: 33, Sum: 33, Workers: 4
[515.519s][debug][gc,phases      ] GC(33)   JVMTI Tag Weak OopStorage      Min:  0.0, Avg:  0.0, Max:  0.0, Diff:  0.0, Sum:  0.0, Workers: 4
[515.519s][debug][gc,phases      ] GC(33)     Dead                           Min: 0, Avg:  0.0, Max: 0, Diff: 0, Sum: 0, Workers: 4
[515.519s][debug][gc,phases      ] GC(33)     Total                          Min: 0, Avg:  0.0, Max: 0, Diff: 0, Sum: 0, Workers: 4
[515.519s][debug][gc,phases      ] GC(33)   StringTable Weak               Min:  0.0, Avg:  0.1, Max:  0.1, Diff:  0.1, Sum:  0.4, Workers: 4
[515.519s][debug][gc,phases      ] GC(33)     Dead                           Min: 0, Avg:  0.0, Max: 0, Diff: 0, Sum: 0, Workers: 4
[515.519s][debug][gc,phases      ] GC(33)     Total                          Min: 0, Avg: 10587.0, Max: 17536, Diff: 17536, Sum: 42348, Workers: 4
[515.519s][debug][gc,phases      ] GC(33)   ResolvedMethodTable Weak       Min:  0.0, Avg:  0.0, Max:  0.0, Diff:  0.0, Sum:  0.1, Workers: 4
[515.519s][debug][gc,phases      ] GC(33)     Dead                           Min: 0, Avg:  4.2, Max: 17, Diff: 17, Sum: 17, Workers: 4
[515.519s][debug][gc,phases      ] GC(33)     Total                          Min: 0, Avg: 2107.2, Max: 3640, Diff: 3640, Sum: 8429, Workers: 4
[515.519s][debug][gc,phases      ] GC(33)   JNI Weak                       Min:  0.0, Avg:  0.0, Max:  0.0, Diff:  0.0, Sum:  0.0, Workers: 4
[515.519s][debug][gc,phases      ] GC(33)     Dead                           Min: 0, Avg:  0.0, Max: 0, Diff: 0, Sum: 0, Workers: 4
[515.519s][debug][gc,phases      ] GC(33)     Total                          Min: 0, Avg: 11.2, Max: 45, Diff: 45, Sum: 45, Workers: 4
[515.519s][debug][gc,phases      ] GC(33)   StringDedup Table Weak         Min:  0.0, Avg:  0.0, Max:  0.0, Diff:  0.0, Sum:  0.0, Workers: 4
[515.519s][debug][gc,phases      ] GC(33)     Dead                           Min: 0, Avg:  0.0, Max: 0, Diff: 0, Sum: 0, Workers: 4
[515.519s][debug][gc,phases      ] GC(33)     Total                          Min: 0, Avg:  0.0, Max: 0, Diff: 0, Sum: 0, Workers: 4
[515.519s][debug][gc,phases      ] GC(33)   StringDedup Requests0 Weak     Min:  0.0, Avg:  0.0, Max:  0.0, Diff:  0.0, Sum:  0.0, Workers: 4
[515.519s][debug][gc,phases      ] GC(33)     Dead                           Min: 0, Avg:  0.0, Max: 0, Diff: 0, Sum: 0, Workers: 4
[515.519s][debug][gc,phases      ] GC(33)     Total                          Min: 0, Avg:  0.0, Max: 0, Diff: 0, Sum: 0, Workers: 4
[515.519s][debug][gc,phases      ] GC(33)   StringDedup Requests1 Weak     Min:  0.0, Avg:  0.0, Max:  0.0, Diff:  0.0, Sum:  0.0, Workers: 4
[515.519s][debug][gc,phases      ] GC(33)     Dead                           Min: 0, Avg:  0.0, Max: 0, Diff: 0, Sum: 0, Workers: 4
[515.519s][debug][gc,phases      ] GC(33)     Total                          Min: 0, Avg:  0.0, Max: 0, Diff: 0, Sum: 0, Workers: 4
[515.519s][debug][gc,phases      ] GC(33)   Weak JFR Old Object Samples    Min:  0.0, Avg:  0.0, Max:  0.0, Diff:  0.0, Sum:  0.0, Workers: 4
[515.519s][debug][gc,phases      ] GC(33)     Dead                           Min: 0, Avg:  0.0, Max: 0, Diff: 0, Sum: 0, Workers: 4
[515.519s][debug][gc,phases      ] GC(33)     Total                          Min: 0, Avg:  0.0, Max: 0, Diff: 0, Sum: 0, Workers: 4
[515.519s][debug][gc,phases      ] GC(33) Weak Processing 0.339ms
[515.519s][debug][gc,age         ] GC(33) Desired survivor size 311951360 bytes, new threshold 11 (max threshold 15)
[515.519s][info ][gc,heap        ] GC(33) PSYoungGen: 1396848K(1728512K)->14768K(1792512K) Eden: 1381888K(1381888K)->0K(1467392K) From: 14960K(346624K)->14768K(325120K)
[515.519s][info ][gc,heap        ] GC(33) ParOldGen: 473913K(625664K)->473913K(625664K)
[515.519s][info ][gc,metaspace   ] GC(33) Metaspace: 78276K(79232K)->78276K(79232K) NonClass: 67184K(67712K)->67184K(67712K) Class: 11092K(11520K)->11092K(11520K)
[515.519s][info ][gc             ] GC(33) Pause Young (Allocation Failure) 1826M->477M(2361M) 6.059ms
[515.519s][info ][gc,cpu         ] GC(33) User=0.02s Sys=0.00s Real=0.01s
[515.519s][info ][safepoint      ] Safepoint "ParallelGCFailedAllocation", Time since last: 939384191 ns, Reaching safepoint: 41100 ns, At safepoint: 6122759 ns, Total: 6163859 ns
[517.519s][info ][safepoint      ] Safepoint "Cleanup", Time since last: 2000140286 ns, Reaching safepoint: 50500 ns, At safepoint: 14000 ns, Total: 64500 ns
[518.519s][info ][safepoint      ] Safepoint "Cleanup", Time since last: 1000101302 ns, Reaching safepoint: 25500 ns, At safepoint: 2500 ns, Total: 28000 ns
[521.519s][info ][safepoint      ] Safepoint "Cleanup", Time since last: 3000230345 ns, Reaching safepoint: 45800 ns, At safepoint: 3400 ns, Total: 49200 ns
[523.520s][info ][safepoint      ] Safepoint "Cleanup", Time since last: 2000175060 ns, Reaching safepoint: 38700 ns, At safepoint: 2600 ns, Total: 41300 ns
[529.520s][info ][safepoint      ] Safepoint "Cleanup", Time since last: 6000398529 ns, Reaching safepoint: 26500 ns, At safepoint: 2600 ns, Total: 29100 ns
[530.520s][info ][safepoint      ] Safepoint "Cleanup", Time since last: 1000108776 ns, Reaching safepoint: 27000 ns, At safepoint: 2800 ns, Total: 29800 ns
[531.520s][info ][safepoint      ] Safepoint "Cleanup", Time since last: 1000103782 ns, Reaching safepoint: 32800 ns, At safepoint: 2700 ns, Total: 35500 ns
[533.520s][info ][safepoint      ] Safepoint "Cleanup", Time since last: 2000149482 ns, Reaching safepoint: 28200 ns, At safepoint: 2500 ns, Total: 30700 ns
[534.521s][info ][safepoint      ] Safepoint "Cleanup", Time since last: 1000100100 ns, Reaching safepoint: 43300 ns, At safepoint: 4600 ns, Total: 47900 ns
[540.521s][info ][safepoint      ] Safepoint "Cleanup", Time since last: 6000421728 ns, Reaching safepoint: 109300 ns, At safepoint: 7799 ns, Total: 117099 ns
[541.521s][info ][safepoint      ] Safepoint "Cleanup", Time since last: 1000054543 ns, Reaching safepoint: 40100 ns, At safepoint: 4200 ns, Total: 44300 ns
[546.522s][info ][safepoint      ] Safepoint "Cleanup", Time since last: 5000334900 ns, Reaching safepoint: 38800 ns, At safepoint: 3399 ns, Total: 42199 ns
[547.522s][info ][safepoint      ] Safepoint "Cleanup", Time since last: 1000100978 ns, Reaching safepoint: 41000 ns, At safepoint: 2200 ns, Total: 43200 ns
[551.522s][info ][safepoint      ] Safepoint "Cleanup", Time since last: 4000261869 ns, Reaching safepoint: 28000 ns, At safepoint: 2200 ns, Total: 30200 ns
[552.522s][info ][safepoint      ] Safepoint "Cleanup", Time since last: 1000097807 ns, Reaching safepoint: 42499 ns, At safepoint: 2100 ns, Total: 44599 ns
[553.522s][info ][safepoint      ] Safepoint "Cleanup", Time since last: 1000110913 ns, Reaching safepoint: 29300 ns, At safepoint: 2400 ns, Total: 31700 ns
[554.523s][info ][safepoint      ] Safepoint "Cleanup", Time since last: 1000102018 ns, Reaching safepoint: 44200 ns, At safepoint: 20100 ns, Total: 64300 ns
[555.523s][info ][safepoint      ] Safepoint "Cleanup", Time since last: 1000092624 ns, Reaching safepoint: 35399 ns, At safepoint: 2600 ns, Total: 37999 ns
[556.523s][info ][safepoint      ] Safepoint "Cleanup", Time since last: 1000101630 ns, Reaching safepoint: 33200 ns, At safepoint: 2500 ns, Total: 35700 ns
[559.523s][info ][safepoint      ] Safepoint "Cleanup", Time since last: 3000194125 ns, Reaching safepoint: 40800 ns, At safepoint: 3100 ns, Total: 43900 ns
[560.523s][info ][safepoint      ] Safepoint "Cleanup", Time since last: 1000120752 ns, Reaching safepoint: 28100 ns, At safepoint: 2600 ns, Total: 30700 ns
[561.523s][info ][safepoint      ] Safepoint "Cleanup", Time since last: 1000102559 ns, Reaching safepoint: 24800 ns, At safepoint: 2200 ns, Total: 27000 ns
[563.524s][info ][safepoint      ] Safepoint "Cleanup", Time since last: 2000169834 ns, Reaching safepoint: 38900 ns, At safepoint: 2700 ns, Total: 41600 ns
[564.524s][info ][safepoint      ] Safepoint "Cleanup", Time since last: 1000108075 ns, Reaching safepoint: 27300 ns, At safepoint: 3000 ns, Total: 30300 ns
[566.524s][info ][safepoint      ] Safepoint "Cleanup", Time since last: 2000168669 ns, Reaching safepoint: 25600 ns, At safepoint: 2299 ns, Total: 27899 ns
[567.524s][info ][safepoint      ] Safepoint "Cleanup", Time since last: 1000102393 ns, Reaching safepoint: 33700 ns, At safepoint: 3000 ns, Total: 36700 ns
[568.115s][info ][gc,start       ] GC(34) Pause Young (Allocation Failure)
[568.121s][debug][gc,phases      ] GC(34) Scavenge 5.670ms
[568.121s][debug][gc,ref         ] GC(34) Skipped phase 1 of Reference Processing: no references
[568.121s][debug][gc,ref         ] GC(34) ReferenceProcessor::execute queues: 1, RefProcThreadModel::Single, marks_oops_alive: false
[568.121s][debug][gc,ref         ] GC(34) Skipped phase 3 of Reference Processing: no references
[568.121s][debug][gc,ref         ] GC(34) ReferenceProcessor::execute queues: 1, RefProcThreadModel::Single, marks_oops_alive: false
[568.121s][debug][gc,phases      ] GC(34) Reference Processing 0.104ms
[568.121s][debug][gc,phases      ] GC(34)   VM Weak                        Min:  0.0, Avg:  0.0, Max:  0.0, Diff:  0.0, Sum:  0.0, Workers: 4
[568.121s][debug][gc,phases      ] GC(34)     Dead                           Min: 0, Avg:  0.0, Max: 0, Diff: 0, Sum: 0, Workers: 4
[568.121s][debug][gc,phases      ] GC(34)     Total                          Min: 0, Avg: 186.0, Max: 744, Diff: 744, Sum: 744, Workers: 4
[568.121s][debug][gc,phases      ] GC(34)   ObjectSynchronizer Weak        Min:  0.0, Avg:  0.0, Max:  0.0, Diff:  0.0, Sum:  0.0, Workers: 4
[568.121s][debug][gc,phases      ] GC(34)     Dead                           Min: 0, Avg:  0.0, Max: 0, Diff: 0, Sum: 0, Workers: 4
[568.121s][debug][gc,phases      ] GC(34)     Total                          Min: 0, Avg:  8.2, Max: 33, Diff: 33, Sum: 33, Workers: 4
[568.121s][debug][gc,phases      ] GC(34)   JVMTI Tag Weak OopStorage      Min:  0.0, Avg:  0.0, Max:  0.0, Diff:  0.0, Sum:  0.0, Workers: 4
[568.121s][debug][gc,phases      ] GC(34)     Dead                           Min: 0, Avg:  0.0, Max: 0, Diff: 0, Sum: 0, Workers: 4
[568.121s][debug][gc,phases      ] GC(34)     Total                          Min: 0, Avg:  0.0, Max: 0, Diff: 0, Sum: 0, Workers: 4
[568.121s][debug][gc,phases      ] GC(34)   StringTable Weak               Min:  0.0, Avg:  0.1, Max:  0.1, Diff:  0.1, Sum:  0.3, Workers: 4
[568.121s][debug][gc,phases      ] GC(34)     Dead                           Min: 0, Avg:  0.2, Max: 1, Diff: 1, Sum: 1, Workers: 4
[568.121s][debug][gc,phases      ] GC(34)     Total                          Min: 0, Avg: 10588.5, Max: 16947, Diff: 16947, Sum: 42354, Workers: 4
[568.121s][debug][gc,phases      ] GC(34)   ResolvedMethodTable Weak       Min:  0.0, Avg:  0.0, Max:  0.0, Diff:  0.0, Sum:  0.1, Workers: 4
[568.121s][debug][gc,phases      ] GC(34)     Dead                           Min: 0, Avg:  0.0, Max: 0, Diff: 0, Sum: 0, Workers: 4
[568.121s][debug][gc,phases      ] GC(34)     Total                          Min: 0, Avg: 2109.5, Max: 3520, Diff: 3520, Sum: 8438, Workers: 4
[568.121s][debug][gc,phases      ] GC(34)   JNI Weak                       Min:  0.0, Avg:  0.0, Max:  0.0, Diff:  0.0, Sum:  0.0, Workers: 4
[568.121s][debug][gc,phases      ] GC(34)     Dead                           Min: 0, Avg:  0.0, Max: 0, Diff: 0, Sum: 0, Workers: 4
[568.121s][debug][gc,phases      ] GC(34)     Total                          Min: 0, Avg: 11.2, Max: 45, Diff: 45, Sum: 45, Workers: 4
[568.121s][debug][gc,phases      ] GC(34)   StringDedup Table Weak         Min:  0.0, Avg:  0.0, Max:  0.0, Diff:  0.0, Sum:  0.0, Workers: 4
[568.121s][debug][gc,phases      ] GC(34)     Dead                           Min: 0, Avg:  0.0, Max: 0, Diff: 0, Sum: 0, Workers: 4
[568.121s][debug][gc,phases      ] GC(34)     Total                          Min: 0, Avg:  0.0, Max: 0, Diff: 0, Sum: 0, Workers: 4
[568.121s][debug][gc,phases      ] GC(34)   StringDedup Requests0 Weak     Min:  0.0, Avg:  0.0, Max:  0.0, Diff:  0.0, Sum:  0.0, Workers: 4
[568.121s][debug][gc,phases      ] GC(34)     Dead                           Min: 0, Avg:  0.0, Max: 0, Diff: 0, Sum: 0, Workers: 4
[568.121s][debug][gc,phases      ] GC(34)     Total                          Min: 0, Avg:  0.0, Max: 0, Diff: 0, Sum: 0, Workers: 4
[568.121s][debug][gc,phases      ] GC(34)   StringDedup Requests1 Weak     Min:  0.0, Avg:  0.0, Max:  0.0, Diff:  0.0, Sum:  0.0, Workers: 4
[568.121s][debug][gc,phases      ] GC(34)     Dead                           Min: 0, Avg:  0.0, Max: 0, Diff: 0, Sum: 0, Workers: 4
[568.121s][debug][gc,phases      ] GC(34)     Total                          Min: 0, Avg:  0.0, Max: 0, Diff: 0, Sum: 0, Workers: 4
[568.121s][debug][gc,phases      ] GC(34)   Weak JFR Old Object Samples    Min:  0.0, Avg:  0.0, Max:  0.0, Diff:  0.0, Sum:  0.0, Workers: 4
[568.121s][debug][gc,phases      ] GC(34)     Dead                           Min: 0, Avg:  0.0, Max: 0, Diff: 0, Sum: 0, Workers: 4
[568.121s][debug][gc,phases      ] GC(34)     Total                          Min: 0, Avg:  0.0, Max: 0, Diff: 0, Sum: 0, Workers: 4
[568.121s][debug][gc,phases      ] GC(34) Weak Processing 0.308ms
[568.121s][debug][gc,age         ] GC(34) Desired survivor size 292028416 bytes, new threshold 12 (max threshold 15)
[568.121s][info ][gc,heap        ] GC(34) PSYoungGen: 1482160K(1792512K)->14816K(1772032K) Eden: 1467392K(1467392K)->0K(1467392K) From: 14768K(325120K)->14816K(304640K)
[568.121s][info ][gc,heap        ] GC(34) ParOldGen: 473913K(625664K)->473913K(625664K)
[568.121s][info ][gc,metaspace   ] GC(34) Metaspace: 78377K(79296K)->78377K(79296K) NonClass: 67281K(67776K)->67281K(67776K) Class: 11096K(11520K)->11096K(11520K)
[568.121s][info ][gc             ] GC(34) Pause Young (Allocation Failure) 1910M->477M(2341M) 6.167ms
[568.121s][info ][gc,cpu         ] GC(34) User=0.02s Sys=0.00s Real=0.01s
[568.121s][info ][safepoint      ] Safepoint "ParallelGCFailedAllocation", Time since last: 590959017 ns, Reaching safepoint: 25899 ns, At safepoint: 6227461 ns, Total: 6253360 ns
[570.121s][info ][safepoint      ] Safepoint "Cleanup", Time since last: 2000137909 ns, Reaching safepoint: 25700 ns, At safepoint: 2100 ns, Total: 27800 ns
[573.122s][info ][safepoint      ] Safepoint "Cleanup", Time since last: 3000223856 ns, Reaching safepoint: 36099 ns, At safepoint: 2900 ns, Total: 38999 ns
[575.122s][info ][safepoint      ] Safepoint "Cleanup", Time since last: 2000121166 ns, Reaching safepoint: 41600 ns, At safepoint: 2199 ns, Total: 43799 ns
[578.122s][info ][safepoint      ] Safepoint "Cleanup", Time since last: 3000223640 ns, Reaching safepoint: 36400 ns, At safepoint: 2800 ns, Total: 39200 ns
[582.122s][info ][safepoint      ] Safepoint "Cleanup", Time since last: 4000293863 ns, Reaching safepoint: 35500 ns, At safepoint: 2200 ns, Total: 37700 ns
[587.123s][info ][safepoint      ] Safepoint "Cleanup", Time since last: 5000300752 ns, Reaching safepoint: 52200 ns, At safepoint: 3500 ns, Total: 55700 ns
[588.123s][info ][safepoint      ] Safepoint "Cleanup", Time since last: 1000095907 ns, Reaching safepoint: 43499 ns, At safepoint: 3200 ns, Total: 46699 ns
[590.123s][info ][safepoint      ] Safepoint "Cleanup", Time since last: 2000166930 ns, Reaching safepoint: 25700 ns, At safepoint: 2500 ns, Total: 28200 ns
[591.917s][info ][safepoint      ] Safepoint "Cleanup", Time since last: 1794045644 ns, Reaching safepoint: 33199 ns, At safepoint: 7100 ns, Total: 40299 ns
[592.917s][info ][safepoint      ] Safepoint "Cleanup", Time since last: 1000067733 ns, Reaching safepoint: 60900 ns, At safepoint: 3400 ns, Total: 64300 ns
[593.917s][info ][safepoint      ] Safepoint "Cleanup", Time since last: 1000100338 ns, Reaching safepoint: 64899 ns, At safepoint: 5900 ns, Total: 70799 ns
[594.918s][info ][safepoint      ] Safepoint "Cleanup", Time since last: 1000107143 ns, Reaching safepoint: 51000 ns, At safepoint: 3100 ns, Total: 54100 ns
[596.918s][info ][safepoint      ] Safepoint "Cleanup", Time since last: 2000164003 ns, Reaching safepoint: 130699 ns, At safepoint: 8000 ns, Total: 138699 ns
[597.918s][info ][safepoint      ] Safepoint "Cleanup", Time since last: 1000087859 ns, Reaching safepoint: 55900 ns, At safepoint: 2100 ns, Total: 58000 ns
[599.022s][info ][safepoint      ] Safepoint "Cleanup", Time since last: 1103780518 ns, Reaching safepoint: 91799 ns, At safepoint: 5000 ns, Total: 96799 ns
[600.022s][info ][safepoint      ] Safepoint "Cleanup", Time since last: 1000090071 ns, Reaching safepoint: 55800 ns, At safepoint: 2700 ns, Total: 58500 ns
[601.022s][info ][safepoint      ] Safepoint "Cleanup", Time since last: 1000047276 ns, Reaching safepoint: 46599 ns, At safepoint: 1900 ns, Total: 48499 ns
[602.023s][info ][safepoint      ] Safepoint "Cleanup", Time since last: 1000097881 ns, Reaching safepoint: 196699 ns, At safepoint: 8100 ns, Total: 204799 ns
[603.023s][info ][safepoint      ] Safepoint "Cleanup", Time since last: 1000071086 ns, Reaching safepoint: 78700 ns, At safepoint: 6700 ns, Total: 85400 ns
[605.023s][info ][safepoint      ] Safepoint "Cleanup", Time since last: 2000170988 ns, Reaching safepoint: 39900 ns, At safepoint: 2600 ns, Total: 42500 ns
[606.023s][info ][safepoint      ] Safepoint "Cleanup", Time since last: 1000108002 ns, Reaching safepoint: 42600 ns, At safepoint: 10800 ns, Total: 53400 ns
[607.023s][info ][safepoint      ] Safepoint "Cleanup", Time since last: 1000090107 ns, Reaching safepoint: 46600 ns, At safepoint: 7700 ns, Total: 54300 ns
[607.381s][info ][gc,start       ] GC(35) Pause Young (Allocation Failure)
[607.388s][debug][gc,phases      ] GC(35) Scavenge 7.016ms
[607.388s][debug][gc,ref         ] GC(35) Skipped phase 1 of Reference Processing: no references
[607.388s][debug][gc,ref         ] GC(35) ReferenceProcessor::execute queues: 1, RefProcThreadModel::Single, marks_oops_alive: false
[607.389s][debug][gc,ref         ] GC(35) Skipped phase 3 of Reference Processing: no references
[607.389s][debug][gc,ref         ] GC(35) ReferenceProcessor::execute queues: 1, RefProcThreadModel::Single, marks_oops_alive: false
[607.389s][debug][gc,phases      ] GC(35) Reference Processing 0.138ms
[607.389s][debug][gc,phases      ] GC(35)   VM Weak                        Min:  0.0, Avg:  0.0, Max:  0.0, Diff:  0.0, Sum:  0.0, Workers: 4
[607.389s][debug][gc,phases      ] GC(35)     Dead                           Min: 0, Avg:  0.0, Max: 0, Diff: 0, Sum: 0, Workers: 4
[607.389s][debug][gc,phases      ] GC(35)     Total                          Min: 0, Avg: 188.2, Max: 576, Diff: 576, Sum: 753, Workers: 4
[607.389s][debug][gc,phases      ] GC(35)   ObjectSynchronizer Weak        Min:  0.0, Avg:  0.0, Max:  0.0, Diff:  0.0, Sum:  0.0, Workers: 4
[607.389s][debug][gc,phases      ] GC(35)     Dead                           Min: 0, Avg:  0.0, Max: 0, Diff: 0, Sum: 0, Workers: 4
[607.389s][debug][gc,phases      ] GC(35)     Total                          Min: 0, Avg:  8.2, Max: 33, Diff: 33, Sum: 33, Workers: 4
[607.389s][debug][gc,phases      ] GC(35)   JVMTI Tag Weak OopStorage      Min:  0.0, Avg:  0.0, Max:  0.0, Diff:  0.0, Sum:  0.0, Workers: 4
[607.389s][debug][gc,phases      ] GC(35)     Dead                           Min: 0, Avg:  0.0, Max: 0, Diff: 0, Sum: 0, Workers: 4
[607.389s][debug][gc,phases      ] GC(35)     Total                          Min: 0, Avg:  0.0, Max: 0, Diff: 0, Sum: 0, Workers: 4
[607.389s][debug][gc,phases      ] GC(35)   StringTable Weak               Min:  0.0, Avg:  0.1, Max:  0.1, Diff:  0.1, Sum:  0.3, Workers: 4
[607.389s][debug][gc,phases      ] GC(35)     Dead                           Min: 0, Avg:  0.2, Max: 1, Diff: 1, Sum: 1, Workers: 4
[607.389s][debug][gc,phases      ] GC(35)     Total                          Min: 0, Avg: 10600.5, Max: 16802, Diff: 16802, Sum: 42402, Workers: 4
[607.389s][debug][gc,phases      ] GC(35)   ResolvedMethodTable Weak       Min:  0.0, Avg:  0.0, Max:  0.0, Diff:  0.0, Sum:  0.1, Workers: 4
[607.389s][debug][gc,phases      ] GC(35)     Dead                           Min: 0, Avg:  0.0, Max: 0, Diff: 0, Sum: 0, Workers: 4
[607.389s][debug][gc,phases      ] GC(35)     Total                          Min: 0, Avg: 2123.0, Max: 3692, Diff: 3692, Sum: 8492, Workers: 4
[607.389s][debug][gc,phases      ] GC(35)   JNI Weak                       Min:  0.0, Avg:  0.0, Max:  0.0, Diff:  0.0, Sum:  0.0, Workers: 4
[607.389s][debug][gc,phases      ] GC(35)     Dead                           Min: 0, Avg:  0.0, Max: 0, Diff: 0, Sum: 0, Workers: 4
[607.389s][debug][gc,phases      ] GC(35)     Total                          Min: 0, Avg: 11.2, Max: 45, Diff: 45, Sum: 45, Workers: 4
[607.389s][debug][gc,phases      ] GC(35)   StringDedup Table Weak         Min:  0.0, Avg:  0.0, Max:  0.0, Diff:  0.0, Sum:  0.0, Workers: 4
[607.389s][debug][gc,phases      ] GC(35)     Dead                           Min: 0, Avg:  0.0, Max: 0, Diff: 0, Sum: 0, Workers: 4
[607.389s][debug][gc,phases      ] GC(35)     Total                          Min: 0, Avg:  0.0, Max: 0, Diff: 0, Sum: 0, Workers: 4
[607.389s][debug][gc,phases      ] GC(35)   StringDedup Requests0 Weak     Min:  0.0, Avg:  0.0, Max:  0.0, Diff:  0.0, Sum:  0.0, Workers: 4
[607.389s][debug][gc,phases      ] GC(35)     Dead                           Min: 0, Avg:  0.0, Max: 0, Diff: 0, Sum: 0, Workers: 4
[607.389s][debug][gc,phases      ] GC(35)     Total                          Min: 0, Avg:  0.0, Max: 0, Diff: 0, Sum: 0, Workers: 4
[607.389s][debug][gc,phases      ] GC(35)   StringDedup Requests1 Weak     Min:  0.0, Avg:  0.0, Max:  0.0, Diff:  0.0, Sum:  0.0, Workers: 4
[607.389s][debug][gc,phases      ] GC(35)     Dead                           Min: 0, Avg:  0.0, Max: 0, Diff: 0, Sum: 0, Workers: 4
[607.389s][debug][gc,phases      ] GC(35)     Total                          Min: 0, Avg:  0.0, Max: 0, Diff: 0, Sum: 0, Workers: 4
[607.389s][debug][gc,phases      ] GC(35)   Weak JFR Old Object Samples    Min:  0.0, Avg:  0.0, Max:  0.0, Diff:  0.0, Sum:  0.0, Workers: 4
[607.389s][debug][gc,phases      ] GC(35)     Dead                           Min: 0, Avg:  0.0, Max: 0, Diff: 0, Sum: 0, Workers: 4
[607.389s][debug][gc,phases      ] GC(35)     Total                          Min: 0, Avg:  0.0, Max: 0, Diff: 0, Sum: 0, Workers: 4
[607.389s][debug][gc,phases      ] GC(35) Weak Processing 0.318ms
[607.389s][debug][gc,age         ] GC(35) Desired survivor size 272629760 bytes, new threshold 13 (max threshold 15)
[607.389s][info ][gc,heap        ] GC(35) PSYoungGen: 1482208K(1772032K)->16032K(1830912K) Eden: 1467392K(1467392K)->0K(1545728K) From: 14816K(304640K)->16032K(285184K)
[607.389s][info ][gc,heap        ] GC(35) ParOldGen: 473913K(625664K)->473913K(625664K)
[607.389s][info ][gc,metaspace   ] GC(35) Metaspace: 78563K(79488K)->78563K(79488K) NonClass: 67438K(67968K)->67438K(67968K) Class: 11124K(11520K)->11124K(11520K)
[607.389s][info ][gc             ] GC(35) Pause Young (Allocation Failure) 1910M->478M(2399M) 7.564ms
[607.389s][info ][gc,cpu         ] GC(35) User=0.03s Sys=0.00s Real=0.01s
[607.389s][info ][safepoint      ] Safepoint "ParallelGCFailedAllocation", Time since last: 358033783 ns, Reaching safepoint: 62100 ns, At safepoint: 7625753 ns, Total: 7687853 ns
[608.389s][info ][safepoint      ] Safepoint "Cleanup", Time since last: 1000076514 ns, Reaching safepoint: 45000 ns, At safepoint: 7100 ns, Total: 52100 ns
[609.389s][info ][safepoint      ] Safepoint "Cleanup", Time since last: 1000101820 ns, Reaching safepoint: 27699 ns, At safepoint: 2800 ns, Total: 30499 ns
[610.389s][info ][safepoint      ] Safepoint "Cleanup", Time since last: 1000076725 ns, Reaching safepoint: 33900 ns, At safepoint: 2200 ns, Total: 36100 ns
[611.389s][info ][safepoint      ] Safepoint "Cleanup", Time since last: 1000069730 ns, Reaching safepoint: 41100 ns, At safepoint: 3300 ns, Total: 44400 ns
[612.390s][info ][safepoint      ] Safepoint "Cleanup", Time since last: 1000102735 ns, Reaching safepoint: 42800 ns, At safepoint: 3800 ns, Total: 46600 ns
[613.390s][info ][safepoint      ] Safepoint "Cleanup", Time since last: 1000108940 ns, Reaching safepoint: 41400 ns, At safepoint: 3100 ns, Total: 44500 ns
[614.390s][info ][safepoint      ] Safepoint "Cleanup", Time since last: 1000098145 ns, Reaching safepoint: 40700 ns, At safepoint: 4000 ns, Total: 44700 ns
[615.390s][info ][safepoint      ] Safepoint "Cleanup", Time since last: 1000100050 ns, Reaching safepoint: 37400 ns, At safepoint: 2500 ns, Total: 39900 ns
[616.390s][info ][safepoint      ] Safepoint "Cleanup", Time since last: 1000107056 ns, Reaching safepoint: 41600 ns, At safepoint: 2400 ns, Total: 44000 ns
[617.390s][info ][safepoint      ] Safepoint "Cleanup", Time since last: 1000094561 ns, Reaching safepoint: 38799 ns, At safepoint: 4300 ns, Total: 43099 ns
[619.390s][info ][safepoint      ] Safepoint "Cleanup", Time since last: 2000178338 ns, Reaching safepoint: 32999 ns, At safepoint: 6100 ns, Total: 39099 ns
[620.391s][info ][safepoint      ] Safepoint "Cleanup", Time since last: 1000104076 ns, Reaching safepoint: 55600 ns, At safepoint: 2500 ns, Total: 58100 ns
[621.391s][info ][safepoint      ] Safepoint "Cleanup", Time since last: 1000095581 ns, Reaching safepoint: 42100 ns, At safepoint: 2600 ns, Total: 44700 ns
[622.391s][info ][safepoint      ] Safepoint "Cleanup", Time since last: 1000083987 ns, Reaching safepoint: 42799 ns, At safepoint: 4000 ns, Total: 46799 ns
[624.391s][info ][safepoint      ] Safepoint "Cleanup", Time since last: 2000148888 ns, Reaching safepoint: 49200 ns, At safepoint: 2700 ns, Total: 51900 ns
[625.391s][info ][safepoint      ] Safepoint "Cleanup", Time since last: 1000097202 ns, Reaching safepoint: 45099 ns, At safepoint: 2500 ns, Total: 47599 ns
[626.391s][info ][safepoint      ] Safepoint "Cleanup", Time since last: 1000098207 ns, Reaching safepoint: 24000 ns, At safepoint: 1900 ns, Total: 25900 ns
[627.392s][info ][safepoint      ] Safepoint "Cleanup", Time since last: 1000086911 ns, Reaching safepoint: 105400 ns, At safepoint: 7200 ns, Total: 112600 ns
[630.392s][info ][safepoint      ] Safepoint "Cleanup", Time since last: 3000178965 ns, Reaching safepoint: 62900 ns, At safepoint: 4900 ns, Total: 67800 ns
[631.392s][info ][safepoint      ] Safepoint "Cleanup", Time since last: 1000089932 ns, Reaching safepoint: 36099 ns, At safepoint: 2200 ns, Total: 38299 ns
[632.392s][info ][safepoint      ] Safepoint "Cleanup", Time since last: 1000107137 ns, Reaching safepoint: 37300 ns, At safepoint: 2500 ns, Total: 39800 ns
[633.392s][info ][safepoint      ] Safepoint "Cleanup", Time since last: 1000101641 ns, Reaching safepoint: 41300 ns, At safepoint: 4100 ns, Total: 45400 ns
[634.392s][info ][safepoint      ] Safepoint "Cleanup", Time since last: 1000103146 ns, Reaching safepoint: 38700 ns, At safepoint: 4000 ns, Total: 42700 ns
[638.393s][info ][safepoint      ] Safepoint "Cleanup", Time since last: 4000317336 ns, Reaching safepoint: 43200 ns, At safepoint: 4300 ns, Total: 47500 ns
[639.393s][info ][safepoint      ] Safepoint "Cleanup", Time since last: 1000120171 ns, Reaching safepoint: 39199 ns, At safepoint: 3000 ns, Total: 42199 ns
[641.393s][info ][safepoint      ] Safepoint "Cleanup", Time since last: 2000162258 ns, Reaching safepoint: 41299 ns, At safepoint: 3800 ns, Total: 45099 ns
[644.393s][info ][safepoint      ] Safepoint "Cleanup", Time since last: 3000239973 ns, Reaching safepoint: 38600 ns, At safepoint: 2399 ns, Total: 40999 ns
[647.263s][info ][gc,start       ] GC(36) Pause Young (Allocation Failure)
[647.271s][debug][gc,phases      ] GC(36) Scavenge 7.573ms
[647.271s][debug][gc,ref         ] GC(36) Skipped phase 1 of Reference Processing: no references
[647.271s][debug][gc,ref         ] GC(36) ReferenceProcessor::execute queues: 1, RefProcThreadModel::Single, marks_oops_alive: false
[647.271s][debug][gc,ref         ] GC(36) Skipped phase 3 of Reference Processing: no references
[647.271s][debug][gc,ref         ] GC(36) ReferenceProcessor::execute queues: 1, RefProcThreadModel::Single, marks_oops_alive: false
[647.271s][debug][gc,phases      ] GC(36) Reference Processing 0.100ms
[647.271s][debug][gc,phases      ] GC(36)   VM Weak                        Min:  0.0, Avg:  0.0, Max:  0.0, Diff:  0.0, Sum:  0.0, Workers: 4
[647.271s][debug][gc,phases      ] GC(36)     Dead                           Min: 0, Avg:  0.0, Max: 0, Diff: 0, Sum: 0, Workers: 4
[647.271s][debug][gc,phases      ] GC(36)     Total                          Min: 0, Avg: 188.2, Max: 753, Diff: 753, Sum: 753, Workers: 4
[647.271s][debug][gc,phases      ] GC(36)   ObjectSynchronizer Weak        Min:  0.0, Avg:  0.0, Max:  0.0, Diff:  0.0, Sum:  0.0, Workers: 4
[647.271s][debug][gc,phases      ] GC(36)     Dead                           Min: 0, Avg:  0.0, Max: 0, Diff: 0, Sum: 0, Workers: 4
[647.271s][debug][gc,phases      ] GC(36)     Total                          Min: 0, Avg:  8.2, Max: 33, Diff: 33, Sum: 33, Workers: 4
[647.271s][debug][gc,phases      ] GC(36)   JVMTI Tag Weak OopStorage      Min:  0.0, Avg:  0.0, Max:  0.0, Diff:  0.0, Sum:  0.0, Workers: 4
[647.271s][debug][gc,phases      ] GC(36)     Dead                           Min: 0, Avg:  0.0, Max: 0, Diff: 0, Sum: 0, Workers: 4
[647.271s][debug][gc,phases      ] GC(36)     Total                          Min: 0, Avg:  0.0, Max: 0, Diff: 0, Sum: 0, Workers: 4
[647.271s][debug][gc,phases      ] GC(36)   StringTable Weak               Min:  0.1, Avg:  0.1, Max:  0.1, Diff:  0.0, Sum:  0.4, Workers: 4
[647.271s][debug][gc,phases      ] GC(36)     Dead                           Min: 0, Avg:  0.2, Max: 1, Diff: 1, Sum: 1, Workers: 4
[647.271s][debug][gc,phases      ] GC(36)     Total                          Min: 9536, Avg: 10611.5, Max: 11200, Diff: 1664, Sum: 42446, Workers: 4
[647.271s][debug][gc,phases      ] GC(36)   ResolvedMethodTable Weak       Min:  0.0, Avg:  0.0, Max:  0.0, Diff:  0.0, Sum:  0.1, Workers: 4
[647.271s][debug][gc,phases      ] GC(36)     Dead                           Min: 0, Avg:  0.0, Max: 0, Diff: 0, Sum: 0, Workers: 4
[647.271s][debug][gc,phases      ] GC(36)     Total                          Min: 1984, Avg: 2124.5, Max: 2240, Diff: 256, Sum: 8498, Workers: 4
[647.271s][debug][gc,phases      ] GC(36)   JNI Weak                       Min:  0.0, Avg:  0.0, Max:  0.0, Diff:  0.0, Sum:  0.0, Workers: 4
[647.271s][debug][gc,phases      ] GC(36)     Dead                           Min: 0, Avg:  0.0, Max: 0, Diff: 0, Sum: 0, Workers: 4
[647.271s][debug][gc,phases      ] GC(36)     Total                          Min: 0, Avg: 11.2, Max: 45, Diff: 45, Sum: 45, Workers: 4
[647.271s][debug][gc,phases      ] GC(36)   StringDedup Table Weak         Min:  0.0, Avg:  0.0, Max:  0.0, Diff:  0.0, Sum:  0.0, Workers: 4
[647.271s][debug][gc,phases      ] GC(36)     Dead                           Min: 0, Avg:  0.0, Max: 0, Diff: 0, Sum: 0, Workers: 4
[647.271s][debug][gc,phases      ] GC(36)     Total                          Min: 0, Avg:  0.0, Max: 0, Diff: 0, Sum: 0, Workers: 4
[647.271s][debug][gc,phases      ] GC(36)   StringDedup Requests0 Weak     Min:  0.0, Avg:  0.0, Max:  0.0, Diff:  0.0, Sum:  0.0, Workers: 4
[647.271s][debug][gc,phases      ] GC(36)     Dead                           Min: 0, Avg:  0.0, Max: 0, Diff: 0, Sum: 0, Workers: 4
[647.271s][debug][gc,phases      ] GC(36)     Total                          Min: 0, Avg:  0.0, Max: 0, Diff: 0, Sum: 0, Workers: 4
[647.271s][debug][gc,phases      ] GC(36)   StringDedup Requests1 Weak     Min:  0.0, Avg:  0.0, Max:  0.0, Diff:  0.0, Sum:  0.0, Workers: 4
[647.271s][debug][gc,phases      ] GC(36)     Dead                           Min: 0, Avg:  0.0, Max: 0, Diff: 0, Sum: 0, Workers: 4
[647.271s][debug][gc,phases      ] GC(36)     Total                          Min: 0, Avg:  0.0, Max: 0, Diff: 0, Sum: 0, Workers: 4
[647.271s][debug][gc,phases      ] GC(36)   Weak JFR Old Object Samples    Min:  0.0, Avg:  0.0, Max:  0.0, Diff:  0.0, Sum:  0.0, Workers: 4
[647.271s][debug][gc,phases      ] GC(36)     Dead                           Min: 0, Avg:  0.0, Max: 0, Diff: 0, Sum: 0, Workers: 4
[647.271s][debug][gc,phases      ] GC(36)     Total                          Min: 0, Avg:  0.0, Max: 0, Diff: 0, Sum: 0, Workers: 4
[647.271s][debug][gc,phases      ] GC(36) Weak Processing 0.294ms
[647.271s][debug][gc,age         ] GC(36) Desired survivor size 254803968 bytes, new threshold 14 (max threshold 15)
[647.271s][info ][gc,heap        ] GC(36) PSYoungGen: 1561760K(1830912K)->15824K(1811968K) Eden: 1545728K(1545728K)->0K(1545728K) From: 16032K(285184K)->15824K(266240K)
[647.271s][info ][gc,heap        ] GC(36) ParOldGen: 473913K(625664K)->473913K(625664K)
[647.271s][info ][gc,metaspace   ] GC(36) Metaspace: 78654K(79552K)->78654K(79552K) NonClass: 67526K(68032K)->67526K(68032K) Class: 11127K(11520K)->11127K(11520K)
[647.271s][info ][gc             ] GC(36) Pause Young (Allocation Failure) 1987M->478M(2380M) 8.072ms
[647.271s][info ][gc,cpu         ] GC(36) User=0.02s Sys=0.00s Real=0.01s
[647.271s][info ][safepoint      ] Safepoint "ParallelGCFailedAllocation", Time since last: 2869736198 ns, Reaching safepoint: 44000 ns, At safepoint: 8131551 ns, Total: 8175551 ns
[648.271s][info ][safepoint      ] Safepoint "Cleanup", Time since last: 1000076115 ns, Reaching safepoint: 51199 ns, At safepoint: 8900 ns, Total: 60099 ns
[654.272s][info ][safepoint      ] Safepoint "Cleanup", Time since last: 6000400688 ns, Reaching safepoint: 40900 ns, At safepoint: 3100 ns, Total: 44000 ns
[658.272s][info ][safepoint      ] Safepoint "Cleanup", Time since last: 4000317420 ns, Reaching safepoint: 111199 ns, At safepoint: 7300 ns, Total: 118499 ns
[659.272s][info ][safepoint      ] Safepoint "Cleanup", Time since last: 1000061267 ns, Reaching safepoint: 30500 ns, At safepoint: 2700 ns, Total: 33200 ns
[660.273s][info ][safepoint      ] Safepoint "Cleanup", Time since last: 1000105972 ns, Reaching safepoint: 45499 ns, At safepoint: 2300 ns, Total: 47799 ns
[661.273s][info ][safepoint      ] Safepoint "Cleanup", Time since last: 1000094077 ns, Reaching safepoint: 25900 ns, At safepoint: 7299 ns, Total: 33199 ns
[662.273s][info ][safepoint      ] Safepoint "Cleanup", Time since last: 1000096381 ns, Reaching safepoint: 39200 ns, At safepoint: 2400 ns, Total: 41600 ns
[663.273s][info ][safepoint      ] Safepoint "Cleanup", Time since last: 1000108386 ns, Reaching safepoint: 29800 ns, At safepoint: 2700 ns, Total: 32500 ns
[664.273s][info ][safepoint      ] Safepoint "Cleanup", Time since last: 1000103490 ns, Reaching safepoint: 40799 ns, At safepoint: 4300 ns, Total: 45099 ns
[671.274s][info ][safepoint      ] Safepoint "Cleanup", Time since last: 7000436064 ns, Reaching safepoint: 28300 ns, At safepoint: 2400 ns, Total: 30700 ns
[672.274s][info ][safepoint      ] Safepoint "Cleanup", Time since last: 1000104827 ns, Reaching safepoint: 27700 ns, At safepoint: 2300 ns, Total: 30000 ns
[674.274s][info ][safepoint      ] Safepoint "Cleanup", Time since last: 2000168169 ns, Reaching safepoint: 39199 ns, At safepoint: 3000 ns, Total: 42199 ns
[675.274s][info ][safepoint      ] Safepoint "Cleanup", Time since last: 1000097842 ns, Reaching safepoint: 36399 ns, At safepoint: 2600 ns, Total: 38999 ns
[680.275s][info ][safepoint      ] Safepoint "Cleanup", Time since last: 5000351675 ns, Reaching safepoint: 46200 ns, At safepoint: 4400 ns, Total: 50600 ns
[681.275s][info ][safepoint      ] Safepoint "Cleanup", Time since last: 1000107468 ns, Reaching safepoint: 46000 ns, At safepoint: 8200 ns, Total: 54200 ns
[685.275s][info ][safepoint      ] Safepoint "Cleanup", Time since last: 4000270719 ns, Reaching safepoint: 51100 ns, At safepoint: 7400 ns, Total: 58500 ns
[686.275s][info ][safepoint      ] Safepoint "Cleanup", Time since last: 1000071391 ns, Reaching safepoint: 46300 ns, At safepoint: 5800 ns, Total: 52100 ns
[687.275s][info ][safepoint      ] Safepoint "Cleanup", Time since last: 1000105995 ns, Reaching safepoint: 44900 ns, At safepoint: 2200 ns, Total: 47100 ns
[691.276s][info ][safepoint      ] Safepoint "Cleanup", Time since last: 4000280126 ns, Reaching safepoint: 33900 ns, At safepoint: 2800 ns, Total: 36700 ns
[691.513s][info ][gc,start       ] GC(37) Pause Young (Allocation Failure)
[691.520s][debug][gc,phases      ] GC(37) Scavenge 6.709ms
[691.520s][debug][gc,ref         ] GC(37) Skipped phase 1 of Reference Processing: no references
[691.520s][debug][gc,ref         ] GC(37) ReferenceProcessor::execute queues: 1, RefProcThreadModel::Single, marks_oops_alive: false
[691.520s][debug][gc,ref         ] GC(37) Skipped phase 3 of Reference Processing: no references
[691.520s][debug][gc,ref         ] GC(37) ReferenceProcessor::execute queues: 1, RefProcThreadModel::Single, marks_oops_alive: false
[691.520s][debug][gc,phases      ] GC(37) Reference Processing 0.091ms
[691.520s][debug][gc,phases      ] GC(37)   VM Weak                        Min:  0.0, Avg:  0.0, Max:  0.0, Diff:  0.0, Sum:  0.0, Workers: 4
[691.520s][debug][gc,phases      ] GC(37)     Dead                           Min: 0, Avg:  0.0, Max: 0, Diff: 0, Sum: 0, Workers: 4
[691.520s][debug][gc,phases      ] GC(37)     Total                          Min: 0, Avg: 188.2, Max: 753, Diff: 753, Sum: 753, Workers: 4
[691.520s][debug][gc,phases      ] GC(37)   ObjectSynchronizer Weak        Min:  0.0, Avg:  0.0, Max:  0.0, Diff:  0.0, Sum:  0.0, Workers: 4
[691.520s][debug][gc,phases      ] GC(37)     Dead                           Min: 0, Avg:  0.0, Max: 0, Diff: 0, Sum: 0, Workers: 4
[691.520s][debug][gc,phases      ] GC(37)     Total                          Min: 0, Avg:  8.2, Max: 33, Diff: 33, Sum: 33, Workers: 4
[691.520s][debug][gc,phases      ] GC(37)   JVMTI Tag Weak OopStorage      Min:  0.0, Avg:  0.0, Max:  0.0, Diff:  0.0, Sum:  0.0, Workers: 4
[691.520s][debug][gc,phases      ] GC(37)     Dead                           Min: 0, Avg:  0.0, Max: 0, Diff: 0, Sum: 0, Workers: 4
[691.520s][debug][gc,phases      ] GC(37)     Total                          Min: 0, Avg:  0.0, Max: 0, Diff: 0, Sum: 0, Workers: 4
[691.520s][debug][gc,phases      ] GC(37)   StringTable Weak               Min:  0.1, Avg:  0.1, Max:  0.1, Diff:  0.0, Sum:  0.4, Workers: 4
[691.520s][debug][gc,phases      ] GC(37)     Dead                           Min: 0, Avg:  0.0, Max: 0, Diff: 0, Sum: 0, Workers: 4
[691.520s][debug][gc,phases      ] GC(37)     Total                          Min: 8768, Avg: 10612.0, Max: 11456, Diff: 2688, Sum: 42448, Workers: 4
[691.520s][debug][gc,phases      ] GC(37)   ResolvedMethodTable Weak       Min:  0.0, Avg:  0.0, Max:  0.0, Diff:  0.0, Sum:  0.1, Workers: 4
[691.520s][debug][gc,phases      ] GC(37)     Dead                           Min: 0, Avg:  0.0, Max: 0, Diff: 0, Sum: 0, Workers: 4
[691.520s][debug][gc,phases      ] GC(37)     Total                          Min: 1984, Avg: 2124.5, Max: 2226, Diff: 242, Sum: 8498, Workers: 4
[691.520s][debug][gc,phases      ] GC(37)   JNI Weak                       Min:  0.0, Avg:  0.0, Max:  0.0, Diff:  0.0, Sum:  0.0, Workers: 4
[691.520s][debug][gc,phases      ] GC(37)     Dead                           Min: 0, Avg:  0.0, Max: 0, Diff: 0, Sum: 0, Workers: 4
[691.520s][debug][gc,phases      ] GC(37)     Total                          Min: 0, Avg: 11.2, Max: 45, Diff: 45, Sum: 45, Workers: 4
[691.520s][debug][gc,phases      ] GC(37)   StringDedup Table Weak         Min:  0.0, Avg:  0.0, Max:  0.0, Diff:  0.0, Sum:  0.0, Workers: 4
[691.520s][debug][gc,phases      ] GC(37)     Dead                           Min: 0, Avg:  0.0, Max: 0, Diff: 0, Sum: 0, Workers: 4
[691.520s][debug][gc,phases      ] GC(37)     Total                          Min: 0, Avg:  0.0, Max: 0, Diff: 0, Sum: 0, Workers: 4
[691.520s][debug][gc,phases      ] GC(37)   StringDedup Requests0 Weak     Min:  0.0, Avg:  0.0, Max:  0.0, Diff:  0.0, Sum:  0.0, Workers: 4
[691.520s][debug][gc,phases      ] GC(37)     Dead                           Min: 0, Avg:  0.0, Max: 0, Diff: 0, Sum: 0, Workers: 4
[691.520s][debug][gc,phases      ] GC(37)     Total                          Min: 0, Avg:  0.0, Max: 0, Diff: 0, Sum: 0, Workers: 4
[691.520s][debug][gc,phases      ] GC(37)   StringDedup Requests1 Weak     Min:  0.0, Avg:  0.0, Max:  0.0, Diff:  0.0, Sum:  0.0, Workers: 4
[691.520s][debug][gc,phases      ] GC(37)     Dead                           Min: 0, Avg:  0.0, Max: 0, Diff: 0, Sum: 0, Workers: 4
[691.520s][debug][gc,phases      ] GC(37)     Total                          Min: 0, Avg:  0.0, Max: 0, Diff: 0, Sum: 0, Workers: 4
[691.520s][debug][gc,phases      ] GC(37)   Weak JFR Old Object Samples    Min:  0.0, Avg:  0.0, Max:  0.0, Diff:  0.0, Sum:  0.0, Workers: 4
[691.520s][debug][gc,phases      ] GC(37)     Dead                           Min: 0, Avg:  0.0, Max: 0, Diff: 0, Sum: 0, Workers: 4
[691.520s][debug][gc,phases      ] GC(37)     Total                          Min: 0, Avg:  0.0, Max: 0, Diff: 0, Sum: 0, Workers: 4
[691.520s][debug][gc,phases      ] GC(37) Weak Processing 0.284ms
[691.520s][debug][gc,age         ] GC(37) Desired survivor size 238026752 bytes, new threshold 15 (max threshold 15)
[691.520s][info ][gc,heap        ] GC(37) PSYoungGen: 1561552K(1811968K)->15824K(1864704K) Eden: 1545728K(1545728K)->0K(1615872K) From: 15824K(266240K)->15824K(248832K)
[691.520s][info ][gc,heap        ] GC(37) ParOldGen: 473913K(625664K)->473913K(625664K)
[691.520s][info ][gc,metaspace   ] GC(37) Metaspace: 78680K(79552K)->78680K(79552K) NonClass: 67553K(68032K)->67553K(68032K) Class: 11127K(11520K)->11127K(11520K)
[691.520s][info ][gc             ] GC(37) Pause Young (Allocation Failure) 1987M->478M(2432M) 7.176ms
[691.520s][info ][gc,cpu         ] GC(37) User=0.03s Sys=0.00s Real=0.01s
[691.520s][info ][safepoint      ] Safepoint "ParallelGCFailedAllocation", Time since last: 237330828 ns, Reaching safepoint: 43899 ns, At safepoint: 7240258 ns, Total: 7284157 ns
[694.171s][info ][safepoint      ] Safepoint "Cleanup", Time since last: 2650933286 ns, Reaching safepoint: 143499 ns, At safepoint: 7700 ns, Total: 151199 ns
[695.171s][info ][safepoint      ] Safepoint "Cleanup", Time since last: 1000096330 ns, Reaching safepoint: 45600 ns, At safepoint: 3100 ns, Total: 48700 ns
[696.172s][info ][safepoint      ] Safepoint "Cleanup", Time since last: 1000096335 ns, Reaching safepoint: 27600 ns, At safepoint: 2600 ns, Total: 30200 ns
[697.172s][info ][safepoint      ] Safepoint "Cleanup", Time since last: 1000104339 ns, Reaching safepoint: 38399 ns, At safepoint: 4000 ns, Total: 42399 ns
[698.172s][info ][safepoint      ] Safepoint "Cleanup", Time since last: 1000100044 ns, Reaching safepoint: 60800 ns, At safepoint: 6400 ns, Total: 67200 ns
[699.172s][info ][safepoint      ] Safepoint "Cleanup", Time since last: 1000100647 ns, Reaching safepoint: 37900 ns, At safepoint: 2600 ns, Total: 40500 ns
[700.172s][info ][safepoint      ] Safepoint "Cleanup", Time since last: 1000067453 ns, Reaching safepoint: 39999 ns, At safepoint: 4500 ns, Total: 44499 ns
[702.172s][info ][safepoint      ] Safepoint "Cleanup", Time since last: 2000147218 ns, Reaching safepoint: 32100 ns, At safepoint: 2700 ns, Total: 34800 ns
[704.173s][info ][safepoint      ] Safepoint "Cleanup", Time since last: 2000160535 ns, Reaching safepoint: 38700 ns, At safepoint: 3700 ns, Total: 42400 ns
[706.173s][info ][safepoint      ] Safepoint "Cleanup", Time since last: 2000092053 ns, Reaching safepoint: 49399 ns, At safepoint: 2500 ns, Total: 51899 ns
[714.173s][info ][safepoint      ] Safepoint "Cleanup", Time since last: 8000512182 ns, Reaching safepoint: 36800 ns, At safepoint: 3000 ns, Total: 39800 ns
[717.173s][info ][safepoint      ] Safepoint "Cleanup", Time since last: 3000210263 ns, Reaching safepoint: 36899 ns, At safepoint: 2700 ns, Total: 39599 ns
[726.481s][info ][safepoint      ] Safepoint "Cleanup", Time since last: 9307070689 ns, Reaching safepoint: 33800 ns, At safepoint: 4100 ns, Total: 37900 ns
[729.481s][info ][safepoint      ] Safepoint "Cleanup", Time since last: 3000230617 ns, Reaching safepoint: 40400 ns, At safepoint: 3700 ns, Total: 44100 ns
[738.839s][info ][gc,start       ] GC(38) Pause Young (Allocation Failure)
[738.848s][debug][gc,phases      ] GC(38) Scavenge 9.215ms
[738.848s][debug][gc,ref         ] GC(38) Skipped phase 1 of Reference Processing: no references
[738.848s][debug][gc,ref         ] GC(38) ReferenceProcessor::execute queues: 1, RefProcThreadModel::Single, marks_oops_alive: false
[738.848s][debug][gc,ref         ] GC(38) Skipped phase 3 of Reference Processing: no references
[738.848s][debug][gc,ref         ] GC(38) ReferenceProcessor::execute queues: 1, RefProcThreadModel::Single, marks_oops_alive: false
[738.848s][debug][gc,phases      ] GC(38) Reference Processing 0.097ms
[738.848s][debug][gc,phases      ] GC(38)   VM Weak                        Min:  0.0, Avg:  0.0, Max:  0.0, Diff:  0.0, Sum:  0.0, Workers: 4
[738.848s][debug][gc,phases      ] GC(38)     Dead                           Min: 0, Avg:  0.0, Max: 0, Diff: 0, Sum: 0, Workers: 4
[738.848s][debug][gc,phases      ] GC(38)     Total                          Min: 0, Avg: 188.2, Max: 561, Diff: 561, Sum: 753, Workers: 4
[738.848s][debug][gc,phases      ] GC(38)   ObjectSynchronizer Weak        Min:  0.0, Avg:  0.0, Max:  0.0, Diff:  0.0, Sum:  0.0, Workers: 4
[738.848s][debug][gc,phases      ] GC(38)     Dead                           Min: 0, Avg:  0.0, Max: 0, Diff: 0, Sum: 0, Workers: 4
[738.848s][debug][gc,phases      ] GC(38)     Total                          Min: 0, Avg:  8.2, Max: 33, Diff: 33, Sum: 33, Workers: 4
[738.848s][debug][gc,phases      ] GC(38)   JVMTI Tag Weak OopStorage      Min:  0.0, Avg:  0.0, Max:  0.0, Diff:  0.0, Sum:  0.0, Workers: 4
[738.848s][debug][gc,phases      ] GC(38)     Dead                           Min: 0, Avg:  0.0, Max: 0, Diff: 0, Sum: 0, Workers: 4
[738.848s][debug][gc,phases      ] GC(38)     Total                          Min: 0, Avg:  0.0, Max: 0, Diff: 0, Sum: 0, Workers: 4
[738.848s][debug][gc,phases      ] GC(38)   StringTable Weak               Min:  0.0, Avg:  0.1, Max:  0.1, Diff:  0.1, Sum:  0.4, Workers: 4
[738.848s][debug][gc,phases      ] GC(38)     Dead                           Min: 0, Avg:  0.0, Max: 0, Diff: 0, Sum: 0, Workers: 4
[738.848s][debug][gc,phases      ] GC(38)     Total                          Min: 0, Avg: 10612.5, Max: 15040, Diff: 15040, Sum: 42450, Workers: 4
[738.848s][debug][gc,phases      ] GC(38)   ResolvedMethodTable Weak       Min:  0.0, Avg:  0.0, Max:  0.0, Diff:  0.0, Sum:  0.1, Workers: 4
[738.848s][debug][gc,phases      ] GC(38)     Dead                           Min: 0, Avg:  0.0, Max: 0, Diff: 0, Sum: 0, Workers: 4
[738.848s][debug][gc,phases      ] GC(38)     Total                          Min: 0, Avg: 2124.5, Max: 2866, Diff: 2866, Sum: 8498, Workers: 4
[738.848s][debug][gc,phases      ] GC(38)   JNI Weak                       Min:  0.0, Avg:  0.0, Max:  0.0, Diff:  0.0, Sum:  0.0, Workers: 4
[738.848s][debug][gc,phases      ] GC(38)     Dead                           Min: 0, Avg:  0.0, Max: 0, Diff: 0, Sum: 0, Workers: 4
[738.848s][debug][gc,phases      ] GC(38)     Total                          Min: 0, Avg: 11.2, Max: 45, Diff: 45, Sum: 45, Workers: 4
[738.848s][debug][gc,phases      ] GC(38)   StringDedup Table Weak         Min:  0.0, Avg:  0.0, Max:  0.0, Diff:  0.0, Sum:  0.0, Workers: 4
[738.848s][debug][gc,phases      ] GC(38)     Dead                           Min: 0, Avg:  0.0, Max: 0, Diff: 0, Sum: 0, Workers: 4
[738.848s][debug][gc,phases      ] GC(38)     Total                          Min: 0, Avg:  0.0, Max: 0, Diff: 0, Sum: 0, Workers: 4
[738.848s][debug][gc,phases      ] GC(38)   StringDedup Requests0 Weak     Min:  0.0, Avg:  0.0, Max:  0.0, Diff:  0.0, Sum:  0.0, Workers: 4
[738.848s][debug][gc,phases      ] GC(38)     Dead                           Min: 0, Avg:  0.0, Max: 0, Diff: 0, Sum: 0, Workers: 4
[738.848s][debug][gc,phases      ] GC(38)     Total                          Min: 0, Avg:  0.0, Max: 0, Diff: 0, Sum: 0, Workers: 4
[738.849s][debug][gc,phases      ] GC(38)   StringDedup Requests1 Weak     Min:  0.0, Avg:  0.0, Max:  0.0, Diff:  0.0, Sum:  0.0, Workers: 4
[738.849s][debug][gc,phases      ] GC(38)     Dead                           Min: 0, Avg:  0.0, Max: 0, Diff: 0, Sum: 0, Workers: 4
[738.849s][debug][gc,phases      ] GC(38)     Total                          Min: 0, Avg:  0.0, Max: 0, Diff: 0, Sum: 0, Workers: 4
[738.849s][debug][gc,phases      ] GC(38)   Weak JFR Old Object Samples    Min:  0.0, Avg:  0.0, Max:  0.0, Diff:  0.0, Sum:  0.0, Workers: 4
[738.849s][debug][gc,phases      ] GC(38)     Dead                           Min: 0, Avg:  0.0, Max: 0, Diff: 0, Sum: 0, Workers: 4
[738.849s][debug][gc,phases      ] GC(38)     Total                          Min: 0, Avg:  0.0, Max: 0, Diff: 0, Sum: 0, Workers: 4
[738.849s][debug][gc,phases      ] GC(38) Weak Processing 0.313ms
[738.849s][debug][gc,age         ] GC(38) Desired survivor size 221773824 bytes, new threshold 15 (max threshold 15)
[738.849s][info ][gc,heap        ] GC(38) PSYoungGen: 1631696K(1864704K)->16400K(1848320K) Eden: 1615872K(1615872K)->0K(1615872K) From: 15824K(248832K)->16400K(232448K)
[738.849s][info ][gc,heap        ] GC(38) ParOldGen: 473913K(625664K)->473921K(625664K)
[738.849s][info ][gc,metaspace   ] GC(38) Metaspace: 78688K(79552K)->78688K(79552K) NonClass: 67557K(68032K)->67557K(68032K) Class: 11130K(11520K)->11130K(11520K)
[738.849s][info ][gc             ] GC(38) Pause Young (Allocation Failure) 2056M->478M(2416M) 9.726ms
[738.849s][info ][gc,cpu         ] GC(38) User=0.03s Sys=0.00s Real=0.01s
[738.849s][info ][safepoint      ] Safepoint "ParallelGCFailedAllocation", Time since last: 9357912777 ns, Reaching safepoint: 22200 ns, At safepoint: 9814046 ns, Total: 9836246 ns
[739.849s][info ][safepoint      ] Safepoint "Cleanup", Time since last: 1000054318 ns, Reaching safepoint: 36000 ns, At safepoint: 3600 ns, Total: 39600 ns
[740.849s][info ][safepoint      ] Safepoint "Cleanup", Time since last: 1000089923 ns, Reaching safepoint: 43199 ns, At safepoint: 2400 ns, Total: 45599 ns
[743.849s][info ][safepoint      ] Safepoint "Cleanup", Time since last: 3000181793 ns, Reaching safepoint: 29600 ns, At safepoint: 2200 ns, Total: 31800 ns
[750.849s][info ][safepoint      ] Safepoint "Cleanup", Time since last: 7000407755 ns, Reaching safepoint: 26900 ns, At safepoint: 2300 ns, Total: 29200 ns
[753.850s][info ][safepoint      ] Safepoint "Cleanup", Time since last: 3000219711 ns, Reaching safepoint: 48700 ns, At safepoint: 3900 ns, Total: 52600 ns
[754.850s][info ][safepoint      ] Safepoint "Cleanup", Time since last: 1000105178 ns, Reaching safepoint: 52099 ns, At safepoint: 8000 ns, Total: 60099 ns
[755.850s][info ][safepoint      ] Safepoint "Cleanup", Time since last: 1000109182 ns, Reaching safepoint: 34300 ns, At safepoint: 4300 ns, Total: 38600 ns
[759.850s][info ][safepoint      ] Safepoint "Cleanup", Time since last: 4000240668 ns, Reaching safepoint: 30900 ns, At safepoint: 2600 ns, Total: 33500 ns
[760.850s][info ][safepoint      ] Safepoint "Cleanup", Time since last: 1000111001 ns, Reaching safepoint: 40500 ns, At safepoint: 4300 ns, Total: 44800 ns
[769.851s][info ][safepoint      ] Safepoint "Cleanup", Time since last: 9000600588 ns, Reaching safepoint: 37899 ns, At safepoint: 21000 ns, Total: 58899 ns
[775.852s][info ][safepoint      ] Safepoint "Cleanup", Time since last: 6000361697 ns, Reaching safepoint: 26600 ns, At safepoint: 2300 ns, Total: 28900 ns
[779.852s][info ][safepoint      ] Safepoint "Cleanup", Time since last: 4000300772 ns, Reaching safepoint: 41300 ns, At safepoint: 4400 ns, Total: 45700 ns
[780.852s][info ][safepoint      ] Safepoint "Cleanup", Time since last: 1000091277 ns, Reaching safepoint: 38600 ns, At safepoint: 3800 ns, Total: 42400 ns
[781.852s][info ][safepoint      ] Safepoint "Cleanup", Time since last: 1000097781 ns, Reaching safepoint: 44000 ns, At safepoint: 4200 ns, Total: 48200 ns
[782.852s][info ][safepoint      ] Safepoint "Cleanup", Time since last: 1000094285 ns, Reaching safepoint: 35599 ns, At safepoint: 2300 ns, Total: 37899 ns
[787.311s][info ][gc,start       ] GC(39) Pause Young (Allocation Failure)
[787.317s][debug][gc,phases      ] GC(39) Scavenge 6.477ms
[787.317s][debug][gc,ref         ] GC(39) Skipped phase 1 of Reference Processing: no references
[787.317s][debug][gc,ref         ] GC(39) ReferenceProcessor::execute queues: 1, RefProcThreadModel::Single, marks_oops_alive: false
[787.317s][debug][gc,ref         ] GC(39) Skipped phase 3 of Reference Processing: no references
[787.317s][debug][gc,ref         ] GC(39) ReferenceProcessor::execute queues: 1, RefProcThreadModel::Single, marks_oops_alive: false
[787.317s][debug][gc,phases      ] GC(39) Reference Processing 0.096ms
[787.317s][debug][gc,phases      ] GC(39)   VM Weak                        Min:  0.0, Avg:  0.0, Max:  0.0, Diff:  0.0, Sum:  0.0, Workers: 4
[787.317s][debug][gc,phases      ] GC(39)     Dead                           Min: 0, Avg:  0.0, Max: 0, Diff: 0, Sum: 0, Workers: 4
[787.317s][debug][gc,phases      ] GC(39)     Total                          Min: 0, Avg: 188.2, Max: 753, Diff: 753, Sum: 753, Workers: 4
[787.317s][debug][gc,phases      ] GC(39)   ObjectSynchronizer Weak        Min:  0.0, Avg:  0.0, Max:  0.0, Diff:  0.0, Sum:  0.0, Workers: 4
[787.317s][debug][gc,phases      ] GC(39)     Dead                           Min: 0, Avg:  0.0, Max: 0, Diff: 0, Sum: 0, Workers: 4
[787.317s][debug][gc,phases      ] GC(39)     Total                          Min: 0, Avg:  8.2, Max: 33, Diff: 33, Sum: 33, Workers: 4
[787.317s][debug][gc,phases      ] GC(39)   JVMTI Tag Weak OopStorage      Min:  0.0, Avg:  0.0, Max:  0.0, Diff:  0.0, Sum:  0.0, Workers: 4
[787.317s][debug][gc,phases      ] GC(39)     Dead                           Min: 0, Avg:  0.0, Max: 0, Diff: 0, Sum: 0, Workers: 4
[787.317s][debug][gc,phases      ] GC(39)     Total                          Min: 0, Avg:  0.0, Max: 0, Diff: 0, Sum: 0, Workers: 4
[787.317s][debug][gc,phases      ] GC(39)   StringTable Weak               Min:  0.0, Avg:  0.1, Max:  0.1, Diff:  0.1, Sum:  0.3, Workers: 4
[787.317s][debug][gc,phases      ] GC(39)     Dead                           Min: 0, Avg:  0.0, Max: 0, Diff: 0, Sum: 0, Workers: 4
[787.317s][debug][gc,phases      ] GC(39)     Total                          Min: 0, Avg: 10612.5, Max: 18386, Diff: 18386, Sum: 42450, Workers: 4
[787.317s][debug][gc,phases      ] GC(39)   ResolvedMethodTable Weak       Min:  0.0, Avg:  0.0, Max:  0.0, Diff:  0.0, Sum:  0.1, Workers: 4
[787.317s][debug][gc,phases      ] GC(39)     Dead                           Min: 0, Avg:  0.0, Max: 0, Diff: 0, Sum: 0, Workers: 4
[787.317s][debug][gc,phases      ] GC(39)     Total                          Min: 0, Avg: 2124.5, Max: 3890, Diff: 3890, Sum: 8498, Workers: 4
[787.317s][debug][gc,phases      ] GC(39)   JNI Weak                       Min:  0.0, Avg:  0.0, Max:  0.0, Diff:  0.0, Sum:  0.0, Workers: 4
[787.317s][debug][gc,phases      ] GC(39)     Dead                           Min: 0, Avg:  0.0, Max: 0, Diff: 0, Sum: 0, Workers: 4
[787.317s][debug][gc,phases      ] GC(39)     Total                          Min: 0, Avg: 11.2, Max: 45, Diff: 45, Sum: 45, Workers: 4
[787.317s][debug][gc,phases      ] GC(39)   StringDedup Table Weak         Min:  0.0, Avg:  0.0, Max:  0.0, Diff:  0.0, Sum:  0.0, Workers: 4
[787.317s][debug][gc,phases      ] GC(39)     Dead                           Min: 0, Avg:  0.0, Max: 0, Diff: 0, Sum: 0, Workers: 4
[787.317s][debug][gc,phases      ] GC(39)     Total                          Min: 0, Avg:  0.0, Max: 0, Diff: 0, Sum: 0, Workers: 4
[787.317s][debug][gc,phases      ] GC(39)   StringDedup Requests0 Weak     Min:  0.0, Avg:  0.0, Max:  0.0, Diff:  0.0, Sum:  0.0, Workers: 4
[787.317s][debug][gc,phases      ] GC(39)     Dead                           Min: 0, Avg:  0.0, Max: 0, Diff: 0, Sum: 0, Workers: 4
[787.317s][debug][gc,phases      ] GC(39)     Total                          Min: 0, Avg:  0.0, Max: 0, Diff: 0, Sum: 0, Workers: 4
[787.317s][debug][gc,phases      ] GC(39)   StringDedup Requests1 Weak     Min:  0.0, Avg:  0.0, Max:  0.0, Diff:  0.0, Sum:  0.0, Workers: 4
[787.317s][debug][gc,phases      ] GC(39)     Dead                           Min: 0, Avg:  0.0, Max: 0, Diff: 0, Sum: 0, Workers: 4
[787.317s][debug][gc,phases      ] GC(39)     Total                          Min: 0, Avg:  0.0, Max: 0, Diff: 0, Sum: 0, Workers: 4
[787.317s][debug][gc,phases      ] GC(39)   Weak JFR Old Object Samples    Min:  0.0, Avg:  0.0, Max:  0.0, Diff:  0.0, Sum:  0.0, Workers: 4
[787.317s][debug][gc,phases      ] GC(39)     Dead                           Min: 0, Avg:  0.0, Max: 0, Diff: 0, Sum: 0, Workers: 4
[787.317s][debug][gc,phases      ] GC(39)     Total                          Min: 0, Avg:  0.0, Max: 0, Diff: 0, Sum: 0, Workers: 4
[787.317s][debug][gc,phases      ] GC(39) Weak Processing 0.300ms
[787.317s][debug][gc,age         ] GC(39) Desired survivor size 207093760 bytes, new threshold 15 (max threshold 15)
[787.317s][info ][gc,heap        ] GC(39) PSYoungGen: 1632272K(1848320K)->15280K(1894912K) Eden: 1615872K(1615872K)->0K(1678336K) From: 16400K(232448K)->15280K(216576K)
[787.317s][info ][gc,heap        ] GC(39) ParOldGen: 473921K(625664K)->474621K(625664K)
[787.317s][info ][gc,metaspace   ] GC(39) Metaspace: 78694K(79552K)->78694K(79552K) NonClass: 67563K(68032K)->67563K(68032K) Class: 11130K(11520K)->11130K(11520K)
[787.317s][info ][gc             ] GC(39) Pause Young (Allocation Failure) 2056M->478M(2461M) 6.968ms
[787.318s][info ][gc,cpu         ] GC(39) User=0.03s Sys=0.00s Real=0.00s
[787.318s][info ][safepoint      ] Safepoint "ParallelGCFailedAllocation", Time since last: 4458107006 ns, Reaching safepoint: 86499 ns, At safepoint: 7038062 ns, Total: 7124561 ns
[800.318s][info ][safepoint      ] Safepoint "Cleanup", Time since last: 13000849050 ns, Reaching safepoint: 36200 ns, At safepoint: 14100 ns, Total: 50300 ns
[807.319s][info ][safepoint      ] Safepoint "Cleanup", Time since last: 7000476439 ns, Reaching safepoint: 29400 ns, At safepoint: 2700 ns, Total: 32100 ns
[809.319s][info ][safepoint      ] Safepoint "Cleanup", Time since last: 2000164358 ns, Reaching safepoint: 37499 ns, At safepoint: 4700 ns, Total: 42199 ns
[815.320s][info ][safepoint      ] Safepoint "Cleanup", Time since last: 6000425057 ns, Reaching safepoint: 27700 ns, At safepoint: 2700 ns, Total: 30400 ns
[827.320s][info ][safepoint      ] Safepoint "Cleanup", Time since last: 12000766687 ns, Reaching safepoint: 41500 ns, At safepoint: 3500 ns, Total: 45000 ns
[832.321s][info ][safepoint      ] Safepoint "Cleanup", Time since last: 5000313764 ns, Reaching safepoint: 27100 ns, At safepoint: 19200 ns, Total: 46300 ns
[835.321s][info ][safepoint      ] Safepoint "Cleanup", Time since last: 3000215799 ns, Reaching safepoint: 40400 ns, At safepoint: 3100 ns, Total: 43500 ns
[841.321s][info ][safepoint      ] Safepoint "Cleanup", Time since last: 6000416488 ns, Reaching safepoint: 38100 ns, At safepoint: 3800 ns, Total: 41900 ns
[842.322s][info ][safepoint      ] Safepoint "Cleanup", Time since last: 1000100993 ns, Reaching safepoint: 105399 ns, At safepoint: 7300 ns, Total: 112699 ns
[843.322s][info ][safepoint      ] Safepoint "Cleanup", Time since last: 1000100296 ns, Reaching safepoint: 42000 ns, At safepoint: 4000 ns, Total: 46000 ns
[847.314s][info ][gc,start       ] GC(40) Pause Young (Allocation Failure)
[847.319s][debug][gc,phases      ] GC(40) Scavenge 5.686ms
[847.319s][debug][gc,ref         ] GC(40) Skipped phase 1 of Reference Processing: no references
[847.319s][debug][gc,ref         ] GC(40) ReferenceProcessor::execute queues: 1, RefProcThreadModel::Single, marks_oops_alive: false
[847.320s][debug][gc,ref         ] GC(40) Skipped phase 3 of Reference Processing: no references
[847.320s][debug][gc,ref         ] GC(40) ReferenceProcessor::execute queues: 1, RefProcThreadModel::Single, marks_oops_alive: false
[847.320s][debug][gc,phases      ] GC(40) Reference Processing 0.116ms
[847.320s][debug][gc,phases      ] GC(40)   VM Weak                        Min:  0.0, Avg:  0.0, Max:  0.0, Diff:  0.0, Sum:  0.0, Workers: 4
[847.320s][debug][gc,phases      ] GC(40)     Dead                           Min: 0, Avg:  0.0, Max: 0, Diff: 0, Sum: 0, Workers: 4
[847.320s][debug][gc,phases      ] GC(40)     Total                          Min: 0, Avg: 188.2, Max: 497, Diff: 497, Sum: 753, Workers: 4
[847.320s][debug][gc,phases      ] GC(40)   ObjectSynchronizer Weak        Min:  0.0, Avg:  0.0, Max:  0.0, Diff:  0.0, Sum:  0.0, Workers: 4
[847.320s][debug][gc,phases      ] GC(40)     Dead                           Min: 0, Avg:  0.0, Max: 0, Diff: 0, Sum: 0, Workers: 4
[847.320s][debug][gc,phases      ] GC(40)     Total                          Min: 0, Avg:  8.2, Max: 33, Diff: 33, Sum: 33, Workers: 4
[847.320s][debug][gc,phases      ] GC(40)   JVMTI Tag Weak OopStorage      Min:  0.0, Avg:  0.0, Max:  0.0, Diff:  0.0, Sum:  0.0, Workers: 4
[847.320s][debug][gc,phases      ] GC(40)     Dead                           Min: 0, Avg:  0.0, Max: 0, Diff: 0, Sum: 0, Workers: 4
[847.320s][debug][gc,phases      ] GC(40)     Total                          Min: 0, Avg:  0.0, Max: 0, Diff: 0, Sum: 0, Workers: 4
[847.320s][debug][gc,phases      ] GC(40)   StringTable Weak               Min:  0.0, Avg:  0.1, Max:  0.1, Diff:  0.1, Sum:  0.3, Workers: 4
[847.320s][debug][gc,phases      ] GC(40)     Dead                           Min: 0, Avg:  0.0, Max: 0, Diff: 0, Sum: 0, Workers: 4
[847.320s][debug][gc,phases      ] GC(40)     Total                          Min: 0, Avg: 10614.5, Max: 15706, Diff: 15706, Sum: 42458, Workers: 4
[847.320s][debug][gc,phases      ] GC(40)   ResolvedMethodTable Weak       Min:  0.0, Avg:  0.0, Max:  0.0, Diff:  0.0, Sum:  0.1, Workers: 4
[847.320s][debug][gc,phases      ] GC(40)     Dead                           Min: 0, Avg:  0.0, Max: 0, Diff: 0, Sum: 0, Workers: 4
[847.320s][debug][gc,phases      ] GC(40)     Total                          Min: 0, Avg: 2124.5, Max: 3570, Diff: 3570, Sum: 8498, Workers: 4
[847.320s][debug][gc,phases      ] GC(40)   JNI Weak                       Min:  0.0, Avg:  0.0, Max:  0.0, Diff:  0.0, Sum:  0.0, Workers: 4
[847.320s][debug][gc,phases      ] GC(40)     Dead                           Min: 0, Avg:  0.0, Max: 0, Diff: 0, Sum: 0, Workers: 4
[847.320s][debug][gc,phases      ] GC(40)     Total                          Min: 0, Avg: 11.2, Max: 45, Diff: 45, Sum: 45, Workers: 4
[847.320s][debug][gc,phases      ] GC(40)   StringDedup Table Weak         Min:  0.0, Avg:  0.0, Max:  0.0, Diff:  0.0, Sum:  0.0, Workers: 4
[847.320s][debug][gc,phases      ] GC(40)     Dead                           Min: 0, Avg:  0.0, Max: 0, Diff: 0, Sum: 0, Workers: 4
[847.320s][debug][gc,phases      ] GC(40)     Total                          Min: 0, Avg:  0.0, Max: 0, Diff: 0, Sum: 0, Workers: 4
[847.320s][debug][gc,phases      ] GC(40)   StringDedup Requests0 Weak     Min:  0.0, Avg:  0.0, Max:  0.0, Diff:  0.0, Sum:  0.0, Workers: 4
[847.320s][debug][gc,phases      ] GC(40)     Dead                           Min: 0, Avg:  0.0, Max: 0, Diff: 0, Sum: 0, Workers: 4
[847.320s][debug][gc,phases      ] GC(40)     Total                          Min: 0, Avg:  0.0, Max: 0, Diff: 0, Sum: 0, Workers: 4
[847.320s][debug][gc,phases      ] GC(40)   StringDedup Requests1 Weak     Min:  0.0, Avg:  0.0, Max:  0.0, Diff:  0.0, Sum:  0.0, Workers: 4
[847.320s][debug][gc,phases      ] GC(40)     Dead                           Min: 0, Avg:  0.0, Max: 0, Diff: 0, Sum: 0, Workers: 4
[847.320s][debug][gc,phases      ] GC(40)     Total                          Min: 0, Avg:  0.0, Max: 0, Diff: 0, Sum: 0, Workers: 4
[847.320s][debug][gc,phases      ] GC(40)   Weak JFR Old Object Samples    Min:  0.0, Avg:  0.0, Max:  0.0, Diff:  0.0, Sum:  0.0, Workers: 4
[847.320s][debug][gc,phases      ] GC(40)     Dead                           Min: 0, Avg:  0.0, Max: 0, Diff: 0, Sum: 0, Workers: 4
[847.320s][debug][gc,phases      ] GC(40)     Total                          Min: 0, Avg:  0.0, Max: 0, Diff: 0, Sum: 0, Workers: 4
[847.320s][debug][gc,phases      ] GC(40) Weak Processing 0.311ms
[847.320s][debug][gc,age         ] GC(40) Desired survivor size 192937984 bytes, new threshold 15 (max threshold 15)
[847.320s][info ][gc,heap        ] GC(40) PSYoungGen: 1693616K(1894912K)->15184K(1880576K) Eden: 1678336K(1678336K)->0K(1678336K) From: 15280K(216576K)->15184K(202240K)
[847.320s][info ][gc,heap        ] GC(40) ParOldGen: 474621K(625664K)->474981K(625664K)
[847.320s][info ][gc,metaspace   ] GC(40) Metaspace: 78709K(79552K)->78709K(79552K) NonClass: 67578K(68032K)->67578K(68032K) Class: 11130K(11520K)->11130K(11520K)
[847.320s][info ][gc             ] GC(40) Pause Young (Allocation Failure) 2117M->478M(2447M) 6.210ms
[847.320s][info ][gc,cpu         ] GC(40) User=0.02s Sys=0.00s Real=0.01s
[847.320s][info ][safepoint      ] Safepoint "ParallelGCFailedAllocation", Time since last: 3991756162 ns, Reaching safepoint: 25000 ns, At safepoint: 6275067 ns, Total: 6300067 ns
[852.320s][info ][safepoint      ] Safepoint "Cleanup", Time since last: 5000302896 ns, Reaching safepoint: 38500 ns, At safepoint: 2900 ns, Total: 41400 ns
[854.320s][info ][safepoint      ] Safepoint "Cleanup", Time since last: 2000178260 ns, Reaching safepoint: 27600 ns, At safepoint: 2600 ns, Total: 30200 ns
[856.321s][info ][safepoint      ] Safepoint "Cleanup", Time since last: 2000161974 ns, Reaching safepoint: 38300 ns, At safepoint: 2300 ns, Total: 40600 ns
[863.321s][info ][safepoint      ] Safepoint "Cleanup", Time since last: 7000466559 ns, Reaching safepoint: 31700 ns, At safepoint: 3000 ns, Total: 34700 ns
[876.322s][info ][safepoint      ] Safepoint "Cleanup", Time since last: 13000821976 ns, Reaching safepoint: 45300 ns, At safepoint: 3400 ns, Total: 48700 ns
[877.322s][info ][safepoint      ] Safepoint "Cleanup", Time since last: 1000101204 ns, Reaching safepoint: 27200 ns, At safepoint: 3300 ns, Total: 30500 ns
[879.322s][info ][safepoint      ] Safepoint "Cleanup", Time since last: 2000163418 ns, Reaching safepoint: 48900 ns, At safepoint: 10500 ns, Total: 59400 ns
[880.323s][info ][safepoint      ] Safepoint "Cleanup", Time since last: 1000060514 ns, Reaching safepoint: 48800 ns, At safepoint: 6700 ns, Total: 55500 ns
[881.323s][info ][safepoint      ] Safepoint "Cleanup", Time since last: 1000098616 ns, Reaching safepoint: 61500 ns, At safepoint: 7300 ns, Total: 68800 ns
[882.323s][info ][safepoint      ] Safepoint "Cleanup", Time since last: 1000101520 ns, Reaching safepoint: 44699 ns, At safepoint: 2200 ns, Total: 46899 ns
[886.323s][info ][safepoint      ] Safepoint "Cleanup", Time since last: 4000275610 ns, Reaching safepoint: 29500 ns, At safepoint: 7200 ns, Total: 36700 ns
[887.323s][info ][safepoint      ] Safepoint "Cleanup", Time since last: 1000091735 ns, Reaching safepoint: 33300 ns, At safepoint: 3300 ns, Total: 36600 ns
[888.323s][info ][safepoint      ] Safepoint "Cleanup", Time since last: 1000102638 ns, Reaching safepoint: 39200 ns, At safepoint: 4000 ns, Total: 43200 ns
[895.324s][info ][safepoint      ] Safepoint "Cleanup", Time since last: 7000488950 ns, Reaching safepoint: 34700 ns, At safepoint: 2500 ns, Total: 37200 ns
[898.324s][info ][safepoint      ] Safepoint "Cleanup", Time since last: 3000222695 ns, Reaching safepoint: 28000 ns, At safepoint: 2500 ns, Total: 30500 ns
[899.324s][info ][safepoint      ] Safepoint "Cleanup", Time since last: 1000103670 ns, Reaching safepoint: 39700 ns, At safepoint: 3200 ns, Total: 42900 ns
[900.324s][info ][safepoint      ] Safepoint "Cleanup", Time since last: 1000093874 ns, Reaching safepoint: 40300 ns, At safepoint: 7399 ns, Total: 47699 ns
[907.325s][info ][safepoint      ] Safepoint "Cleanup", Time since last: 7000487999 ns, Reaching safepoint: 24000 ns, At safepoint: 2700 ns, Total: 26700 ns
[908.325s][info ][safepoint      ] Safepoint "Cleanup", Time since last: 1000106997 ns, Reaching safepoint: 36600 ns, At safepoint: 2700 ns, Total: 39300 ns
[913.471s][info ][gc,start       ] GC(41) Pause Young (Allocation Failure)
[913.477s][debug][gc,phases      ] GC(41) Scavenge 5.831ms
[913.477s][debug][gc,ref         ] GC(41) Skipped phase 1 of Reference Processing: no references
[913.477s][debug][gc,ref         ] GC(41) ReferenceProcessor::execute queues: 1, RefProcThreadModel::Single, marks_oops_alive: false
[913.477s][debug][gc,ref         ] GC(41) Skipped phase 3 of Reference Processing: no references
[913.477s][debug][gc,ref         ] GC(41) ReferenceProcessor::execute queues: 1, RefProcThreadModel::Single, marks_oops_alive: false
[913.477s][debug][gc,phases      ] GC(41) Reference Processing 0.095ms
[913.477s][debug][gc,phases      ] GC(41)   VM Weak                        Min:  0.0, Avg:  0.0, Max:  0.0, Diff:  0.0, Sum:  0.0, Workers: 4
[913.477s][debug][gc,phases      ] GC(41)     Dead                           Min: 0, Avg:  0.0, Max: 0, Diff: 0, Sum: 0, Workers: 4
[913.477s][debug][gc,phases      ] GC(41)     Total                          Min: 0, Avg: 188.2, Max: 512, Diff: 512, Sum: 753, Workers: 4
[913.477s][debug][gc,phases      ] GC(41)   ObjectSynchronizer Weak        Min:  0.0, Avg:  0.0, Max:  0.0, Diff:  0.0, Sum:  0.0, Workers: 4
[913.477s][debug][gc,phases      ] GC(41)     Dead                           Min: 0, Avg:  0.0, Max: 0, Diff: 0, Sum: 0, Workers: 4
[913.477s][debug][gc,phases      ] GC(41)     Total                          Min: 0, Avg:  8.2, Max: 33, Diff: 33, Sum: 33, Workers: 4
[913.477s][debug][gc,phases      ] GC(41)   JVMTI Tag Weak OopStorage      Min:  0.0, Avg:  0.0, Max:  0.0, Diff:  0.0, Sum:  0.0, Workers: 4
[913.477s][debug][gc,phases      ] GC(41)     Dead                           Min: 0, Avg:  0.0, Max: 0, Diff: 0, Sum: 0, Workers: 4
[913.477s][debug][gc,phases      ] GC(41)     Total                          Min: 0, Avg:  0.0, Max: 0, Diff: 0, Sum: 0, Workers: 4
[913.477s][debug][gc,phases      ] GC(41)   StringTable Weak               Min:  0.0, Avg:  0.1, Max:  0.1, Diff:  0.1, Sum:  0.3, Workers: 4
[913.477s][debug][gc,phases      ] GC(41)     Dead                           Min: 0, Avg:  0.0, Max: 0, Diff: 0, Sum: 0, Workers: 4
[913.477s][debug][gc,phases      ] GC(41)     Total                          Min: 0, Avg: 10615.0, Max: 17948, Diff: 17948, Sum: 42460, Workers: 4
[913.477s][debug][gc,phases      ] GC(41)   ResolvedMethodTable Weak       Min:  0.0, Avg:  0.0, Max:  0.0, Diff:  0.0, Sum:  0.1, Workers: 4
[913.477s][debug][gc,phases      ] GC(41)     Dead                           Min: 0, Avg:  0.0, Max: 0, Diff: 0, Sum: 0, Workers: 4
[913.477s][debug][gc,phases      ] GC(41)     Total                          Min: 0, Avg: 2125.0, Max: 3700, Diff: 3700, Sum: 8500, Workers: 4
[913.477s][debug][gc,phases      ] GC(41)   JNI Weak                       Min:  0.0, Avg:  0.0, Max:  0.0, Diff:  0.0, Sum:  0.0, Workers: 4
[913.477s][debug][gc,phases      ] GC(41)     Dead                           Min: 0, Avg:  0.0, Max: 0, Diff: 0, Sum: 0, Workers: 4
[913.477s][debug][gc,phases      ] GC(41)     Total                          Min: 0, Avg: 11.2, Max: 45, Diff: 45, Sum: 45, Workers: 4
[913.477s][debug][gc,phases      ] GC(41)   StringDedup Table Weak         Min:  0.0, Avg:  0.0, Max:  0.0, Diff:  0.0, Sum:  0.0, Workers: 4
[913.477s][debug][gc,phases      ] GC(41)     Dead                           Min: 0, Avg:  0.0, Max: 0, Diff: 0, Sum: 0, Workers: 4
[913.477s][debug][gc,phases      ] GC(41)     Total                          Min: 0, Avg:  0.0, Max: 0, Diff: 0, Sum: 0, Workers: 4
[913.477s][debug][gc,phases      ] GC(41)   StringDedup Requests0 Weak     Min:  0.0, Avg:  0.0, Max:  0.0, Diff:  0.0, Sum:  0.0, Workers: 4
[913.477s][debug][gc,phases      ] GC(41)     Dead                           Min: 0, Avg:  0.0, Max: 0, Diff: 0, Sum: 0, Workers: 4
[913.477s][debug][gc,phases      ] GC(41)     Total                          Min: 0, Avg:  0.0, Max: 0, Diff: 0, Sum: 0, Workers: 4
[913.477s][debug][gc,phases      ] GC(41)   StringDedup Requests1 Weak     Min:  0.0, Avg:  0.0, Max:  0.0, Diff:  0.0, Sum:  0.0, Workers: 4
[913.477s][debug][gc,phases      ] GC(41)     Dead                           Min: 0, Avg:  0.0, Max: 0, Diff: 0, Sum: 0, Workers: 4
[913.477s][debug][gc,phases      ] GC(41)     Total                          Min: 0, Avg:  0.0, Max: 0, Diff: 0, Sum: 0, Workers: 4
[913.477s][debug][gc,phases      ] GC(41)   Weak JFR Old Object Samples    Min:  0.0, Avg:  0.0, Max:  0.0, Diff:  0.0, Sum:  0.0, Workers: 4
[913.477s][debug][gc,phases      ] GC(41)     Dead                           Min: 0, Avg:  0.0, Max: 0, Diff: 0, Sum: 0, Workers: 4
[913.477s][debug][gc,phases      ] GC(41)     Total                          Min: 0, Avg:  0.0, Max: 0, Diff: 0, Sum: 0, Workers: 4
[913.477s][debug][gc,phases      ] GC(41) Weak Processing 0.301ms
[913.477s][debug][gc,age         ] GC(41) Desired survivor size 179830784 bytes, new threshold 15 (max threshold 15)
[913.477s][info ][gc,heap        ] GC(41) PSYoungGen: 1693520K(1880576K)->15104K(1921536K) Eden: 1678336K(1678336K)->0K(1733120K) From: 15184K(202240K)->15104K(188416K)
[913.477s][info ][gc,heap        ] GC(41) ParOldGen: 474981K(625664K)->475313K(625664K)
[913.477s][info ][gc,metaspace   ] GC(41) Metaspace: 78772K(79616K)->78772K(79616K) NonClass: 67640K(68096K)->67640K(68096K) Class: 11131K(11520K)->11131K(11520K)
[913.477s][info ][gc             ] GC(41) Pause Young (Allocation Failure) 2117M->478M(2487M) 6.333ms
[913.477s][info ][gc,cpu         ] GC(41) User=0.02s Sys=0.00s Real=0.00s
[913.477s][info ][safepoint      ] Safepoint "ParallelGCFailedAllocation", Time since last: 5145550305 ns, Reaching safepoint: 93900 ns, At safepoint: 6398068 ns, Total: 6491968 ns
[914.477s][info ][safepoint      ] Safepoint "Cleanup", Time since last: 1000072915 ns, Reaching safepoint: 35800 ns, At safepoint: 2500 ns, Total: 38300 ns
[915.477s][info ][safepoint      ] Safepoint "Cleanup", Time since last: 1000094317 ns, Reaching safepoint: 47400 ns, At safepoint: 6000 ns, Total: 53400 ns
[916.478s][info ][safepoint      ] Safepoint "Cleanup", Time since last: 1000118121 ns, Reaching safepoint: 23900 ns, At safepoint: 2399 ns, Total: 26299 ns
[917.478s][info ][safepoint      ] Safepoint "Cleanup", Time since last: 1000106324 ns, Reaching safepoint: 32600 ns, At safepoint: 2500 ns, Total: 35100 ns
[928.478s][info ][safepoint      ] Safepoint "Cleanup", Time since last: 11000674045 ns, Reaching safepoint: 43600 ns, At safepoint: 3800 ns, Total: 47400 ns
[930.479s][info ][safepoint      ] Safepoint "Cleanup", Time since last: 2000170317 ns, Reaching safepoint: 64000 ns, At safepoint: 3000 ns, Total: 67000 ns
[932.479s][info ][safepoint      ] Safepoint "Cleanup", Time since last: 2000151428 ns, Reaching safepoint: 113100 ns, At safepoint: 7000 ns, Total: 120100 ns
[933.479s][info ][safepoint      ] Safepoint "Cleanup", Time since last: 1000101868 ns, Reaching safepoint: 25500 ns, At safepoint: 2200 ns, Total: 27700 ns
[934.479s][info ][safepoint      ] Safepoint "Cleanup", Time since last: 1000076471 ns, Reaching safepoint: 30600 ns, At safepoint: 2300 ns, Total: 32900 ns
[937.479s][info ][safepoint      ] Safepoint "Cleanup", Time since last: 3000208130 ns, Reaching safepoint: 25999 ns, At safepoint: 2600 ns, Total: 28599 ns
[951.480s][info ][safepoint      ] Safepoint "Cleanup", Time since last: 14000792397 ns, Reaching safepoint: 32300 ns, At safepoint: 6800 ns, Total: 39100 ns
[951.619s][info ][gc,start       ] GC(42) Pause Young (Allocation Failure)
[951.631s][debug][gc,phases      ] GC(42) Scavenge 11.792ms
[951.631s][debug][gc,ref         ] GC(42) Skipped phase 1 of Reference Processing: no references
[951.631s][debug][gc,ref         ] GC(42) ReferenceProcessor::execute queues: 1, RefProcThreadModel::Single, marks_oops_alive: false
[951.631s][debug][gc,ref         ] GC(42) Skipped phase 3 of Reference Processing: no references
[951.631s][debug][gc,ref         ] GC(42) ReferenceProcessor::execute queues: 1, RefProcThreadModel::Single, marks_oops_alive: false
[951.631s][debug][gc,phases      ] GC(42) Reference Processing 0.119ms
[951.631s][debug][gc,phases      ] GC(42)   VM Weak                        Min:  0.0, Avg:  0.0, Max:  0.0, Diff:  0.0, Sum:  0.0, Workers: 4
[951.631s][debug][gc,phases      ] GC(42)     Dead                           Min: 0, Avg:  0.0, Max: 0, Diff: 0, Sum: 0, Workers: 4
[951.631s][debug][gc,phases      ] GC(42)     Total                          Min: 0, Avg: 188.2, Max: 753, Diff: 753, Sum: 753, Workers: 4
[951.631s][debug][gc,phases      ] GC(42)   ObjectSynchronizer Weak        Min:  0.0, Avg:  0.0, Max:  0.0, Diff:  0.0, Sum:  0.0, Workers: 4
[951.631s][debug][gc,phases      ] GC(42)     Dead                           Min: 0, Avg:  0.0, Max: 0, Diff: 0, Sum: 0, Workers: 4
[951.631s][debug][gc,phases      ] GC(42)     Total                          Min: 0, Avg:  8.2, Max: 33, Diff: 33, Sum: 33, Workers: 4
[951.631s][debug][gc,phases      ] GC(42)   JVMTI Tag Weak OopStorage      Min:  0.0, Avg:  0.0, Max:  0.0, Diff:  0.0, Sum:  0.0, Workers: 4
[951.631s][debug][gc,phases      ] GC(42)     Dead                           Min: 0, Avg:  0.0, Max: 0, Diff: 0, Sum: 0, Workers: 4
[951.631s][debug][gc,phases      ] GC(42)     Total                          Min: 0, Avg:  0.0, Max: 0, Diff: 0, Sum: 0, Workers: 4
[951.631s][debug][gc,phases      ] GC(42)   StringTable Weak               Min:  0.1, Avg:  0.1, Max:  0.1, Diff:  0.0, Sum:  0.4, Workers: 4
[951.631s][debug][gc,phases      ] GC(42)     Dead                           Min: 0, Avg:  0.0, Max: 0, Diff: 0, Sum: 0, Workers: 4
[951.631s][debug][gc,phases      ] GC(42)     Total                          Min: 9920, Avg: 10619.5, Max: 11584, Diff: 1664, Sum: 42478, Workers: 4
[951.631s][debug][gc,phases      ] GC(42)   ResolvedMethodTable Weak       Min:  0.0, Avg:  0.0, Max:  0.0, Diff:  0.0, Sum:  0.1, Workers: 4
[951.631s][debug][gc,phases      ] GC(42)     Dead                           Min: 0, Avg:  0.0, Max: 0, Diff: 0, Sum: 0, Workers: 4
[951.631s][debug][gc,phases      ] GC(42)     Total                          Min: 1856, Avg: 2125.8, Max: 2295, Diff: 439, Sum: 8503, Workers: 4
[951.631s][debug][gc,phases      ] GC(42)   JNI Weak                       Min:  0.0, Avg:  0.0, Max:  0.0, Diff:  0.0, Sum:  0.0, Workers: 4
[951.631s][debug][gc,phases      ] GC(42)     Dead                           Min: 0, Avg:  0.0, Max: 0, Diff: 0, Sum: 0, Workers: 4
[951.631s][debug][gc,phases      ] GC(42)     Total                          Min: 0, Avg: 11.2, Max: 45, Diff: 45, Sum: 45, Workers: 4
[951.631s][debug][gc,phases      ] GC(42)   StringDedup Table Weak         Min:  0.0, Avg:  0.0, Max:  0.0, Diff:  0.0, Sum:  0.0, Workers: 4
[951.631s][debug][gc,phases      ] GC(42)     Dead                           Min: 0, Avg:  0.0, Max: 0, Diff: 0, Sum: 0, Workers: 4
[951.631s][debug][gc,phases      ] GC(42)     Total                          Min: 0, Avg:  0.0, Max: 0, Diff: 0, Sum: 0, Workers: 4
[951.631s][debug][gc,phases      ] GC(42)   StringDedup Requests0 Weak     Min:  0.0, Avg:  0.0, Max:  0.0, Diff:  0.0, Sum:  0.0, Workers: 4
[951.631s][debug][gc,phases      ] GC(42)     Dead                           Min: 0, Avg:  0.0, Max: 0, Diff: 0, Sum: 0, Workers: 4
[951.631s][debug][gc,phases      ] GC(42)     Total                          Min: 0, Avg:  0.0, Max: 0, Diff: 0, Sum: 0, Workers: 4
[951.631s][debug][gc,phases      ] GC(42)   StringDedup Requests1 Weak     Min:  0.0, Avg:  0.0, Max:  0.0, Diff:  0.0, Sum:  0.0, Workers: 4
[951.631s][debug][gc,phases      ] GC(42)     Dead                           Min: 0, Avg:  0.0, Max: 0, Diff: 0, Sum: 0, Workers: 4
[951.631s][debug][gc,phases      ] GC(42)     Total                          Min: 0, Avg:  0.0, Max: 0, Diff: 0, Sum: 0, Workers: 4
[951.631s][debug][gc,phases      ] GC(42)   Weak JFR Old Object Samples    Min:  0.0, Avg:  0.0, Max:  0.0, Diff:  0.0, Sum:  0.0, Workers: 4
[951.631s][debug][gc,phases      ] GC(42)     Dead                           Min: 0, Avg:  0.0, Max: 0, Diff: 0, Sum: 0, Workers: 4
[951.631s][debug][gc,phases      ] GC(42)     Total                          Min: 0, Avg:  0.0, Max: 0, Diff: 0, Sum: 0, Workers: 4
[951.631s][debug][gc,phases      ] GC(42) Weak Processing 0.295ms
[951.631s][debug][gc,age         ] GC(42) Desired survivor size 165150720 bytes, new threshold 15 (max threshold 15)
[951.631s][info ][gc,heap        ] GC(42) PSYoungGen: 1748224K(1921536K)->30944K(1908736K) Eden: 1733120K(1733120K)->0K(1733120K) From: 15104K(188416K)->30944K(175616K)
[951.631s][info ][gc,heap        ] GC(42) ParOldGen: 475313K(625664K)->478125K(625664K)
[951.631s][info ][gc,metaspace   ] GC(42) Metaspace: 78779K(79616K)->78779K(79616K) NonClass: 67646K(68096K)->67646K(68096K) Class: 11133K(11520K)->11133K(11520K)
[951.631s][info ][gc             ] GC(42) Pause Young (Allocation Failure) 2171M->497M(2475M) 12.303ms
[951.631s][info ][gc,cpu         ] GC(42) User=0.04s Sys=0.00s Real=0.01s
[951.631s][info ][safepoint      ] Safepoint "ParallelGCFailedAllocation", Time since last: 138657324 ns, Reaching safepoint: 21899 ns, At safepoint: 12381040 ns, Total: 12402939 ns
[955.632s][info ][safepoint      ] Safepoint "Cleanup", Time since last: 4000223497 ns, Reaching safepoint: 30400 ns, At safepoint: 2800 ns, Total: 33200 ns
[957.632s][info ][safepoint      ] Safepoint "Cleanup", Time since last: 2000165664 ns, Reaching safepoint: 43600 ns, At safepoint: 5200 ns, Total: 48800 ns
[958.632s][info ][safepoint      ] Safepoint "Cleanup", Time since last: 1000093736 ns, Reaching safepoint: 28400 ns, At safepoint: 2600 ns, Total: 31000 ns
[960.632s][info ][safepoint      ] Safepoint "Cleanup", Time since last: 2000150180 ns, Reaching safepoint: 24900 ns, At safepoint: 2000 ns, Total: 26900 ns
[962.632s][info ][safepoint      ] Safepoint "Cleanup", Time since last: 2000173790 ns, Reaching safepoint: 47800 ns, At safepoint: 4800 ns, Total: 52600 ns
[980.634s][info ][safepoint      ] Safepoint "Cleanup", Time since last: 18001170179 ns, Reaching safepoint: 35300 ns, At safepoint: 2600 ns, Total: 37900 ns
[988.634s][info ][safepoint      ] Safepoint "Cleanup", Time since last: 8000478032 ns, Reaching safepoint: 36500 ns, At safepoint: 2700 ns, Total: 39200 ns
[989.634s][info ][safepoint      ] Safepoint "Cleanup", Time since last: 1000097815 ns, Reaching safepoint: 41600 ns, At safepoint: 2700 ns, Total: 44300 ns
[991.634s][info ][safepoint      ] Safepoint "Cleanup", Time since last: 2000141238 ns, Reaching safepoint: 44800 ns, At safepoint: 10300 ns, Total: 55100 ns
[998.635s][info ][safepoint      ] Safepoint "Cleanup", Time since last: 7000482309 ns, Reaching safepoint: 40000 ns, At safepoint: 4100 ns, Total: 44100 ns
[1002.635s][info ][safepoint      ] Safepoint "Cleanup", Time since last: 4000290673 ns, Reaching safepoint: 38000 ns, At safepoint: 1900 ns, Total: 39900 ns
[1004.635s][info ][safepoint      ] Safepoint "Cleanup", Time since last: 2000156501 ns, Reaching safepoint: 31099 ns, At safepoint: 2700 ns, Total: 33799 ns
[1006.965s][info ][gc,start       ] GC(43) Pause Young (Allocation Failure)
[1006.975s][debug][gc,phases      ] GC(43) Scavenge 10.013ms
[1006.975s][debug][gc,ref         ] GC(43) Skipped phase 1 of Reference Processing: no references
[1006.975s][debug][gc,ref         ] GC(43) ReferenceProcessor::execute queues: 1, RefProcThreadModel::Single, marks_oops_alive: false
[1006.975s][debug][gc,ref         ] GC(43) Skipped phase 3 of Reference Processing: no references
[1006.975s][debug][gc,ref         ] GC(43) ReferenceProcessor::execute queues: 1, RefProcThreadModel::Single, marks_oops_alive: false
[1006.975s][debug][gc,phases      ] GC(43) Reference Processing 0.086ms
[1006.976s][debug][gc,phases      ] GC(43)   VM Weak                        Min:  0.0, Avg:  0.0, Max:  0.0, Diff:  0.0, Sum:  0.0, Workers: 4
[1006.976s][debug][gc,phases      ] GC(43)     Dead                           Min: 0, Avg:  0.0, Max: 0, Diff: 0, Sum: 0, Workers: 4
[1006.976s][debug][gc,phases      ] GC(43)     Total                          Min: 0, Avg: 188.2, Max: 753, Diff: 753, Sum: 753, Workers: 4
[1006.976s][debug][gc,phases      ] GC(43)   ObjectSynchronizer Weak        Min:  0.0, Avg:  0.0, Max:  0.0, Diff:  0.0, Sum:  0.0, Workers: 4
[1006.976s][debug][gc,phases      ] GC(43)     Dead                           Min: 0, Avg:  0.0, Max: 0, Diff: 0, Sum: 0, Workers: 4
[1006.976s][debug][gc,phases      ] GC(43)     Total                          Min: 0, Avg:  8.2, Max: 33, Diff: 33, Sum: 33, Workers: 4
[1006.976s][debug][gc,phases      ] GC(43)   JVMTI Tag Weak OopStorage      Min:  0.0, Avg:  0.0, Max:  0.0, Diff:  0.0, Sum:  0.0, Workers: 4
[1006.976s][debug][gc,phases      ] GC(43)     Dead                           Min: 0, Avg:  0.0, Max: 0, Diff: 0, Sum: 0, Workers: 4
[1006.976s][debug][gc,phases      ] GC(43)     Total                          Min: 0, Avg:  0.0, Max: 0, Diff: 0, Sum: 0, Workers: 4
[1006.976s][debug][gc,phases      ] GC(43)   StringTable Weak               Min:  0.0, Avg:  0.1, Max:  0.1, Diff:  0.1, Sum:  0.3, Workers: 4
[1006.976s][debug][gc,phases      ] GC(43)     Dead                           Min: 0, Avg:  0.0, Max: 0, Diff: 0, Sum: 0, Workers: 4
[1006.976s][debug][gc,phases      ] GC(43)     Total                          Min: 0, Avg: 10620.2, Max: 17905, Diff: 17905, Sum: 42481, Workers: 4
[1006.976s][debug][gc,phases      ] GC(43)   ResolvedMethodTable Weak       Min:  0.0, Avg:  0.0, Max:  0.0, Diff:  0.0, Sum:  0.1, Workers: 4
[1006.976s][debug][gc,phases      ] GC(43)     Dead                           Min: 0, Avg:  0.0, Max: 0, Diff: 0, Sum: 0, Workers: 4
[1006.976s][debug][gc,phases      ] GC(43)     Total                          Min: 0, Avg: 2125.8, Max: 3648, Diff: 3648, Sum: 8503, Workers: 4
[1006.976s][debug][gc,phases      ] GC(43)   JNI Weak                       Min:  0.0, Avg:  0.0, Max:  0.0, Diff:  0.0, Sum:  0.0, Workers: 4
[1006.976s][debug][gc,phases      ] GC(43)     Dead                           Min: 0, Avg:  0.0, Max: 0, Diff: 0, Sum: 0, Workers: 4
[1006.976s][debug][gc,phases      ] GC(43)     Total                          Min: 0, Avg: 11.2, Max: 45, Diff: 45, Sum: 45, Workers: 4
[1006.976s][debug][gc,phases      ] GC(43)   StringDedup Table Weak         Min:  0.0, Avg:  0.0, Max:  0.0, Diff:  0.0, Sum:  0.0, Workers: 4
[1006.976s][debug][gc,phases      ] GC(43)     Dead                           Min: 0, Avg:  0.0, Max: 0, Diff: 0, Sum: 0, Workers: 4
[1006.976s][debug][gc,phases      ] GC(43)     Total                          Min: 0, Avg:  0.0, Max: 0, Diff: 0, Sum: 0, Workers: 4
[1006.976s][debug][gc,phases      ] GC(43)   StringDedup Requests0 Weak     Min:  0.0, Avg:  0.0, Max:  0.0, Diff:  0.0, Sum:  0.0, Workers: 4
[1006.976s][debug][gc,phases      ] GC(43)     Dead                           Min: 0, Avg:  0.0, Max: 0, Diff: 0, Sum: 0, Workers: 4
[1006.976s][debug][gc,phases      ] GC(43)     Total                          Min: 0, Avg:  0.0, Max: 0, Diff: 0, Sum: 0, Workers: 4
[1006.976s][debug][gc,phases      ] GC(43)   StringDedup Requests1 Weak     Min:  0.0, Avg:  0.0, Max:  0.0, Diff:  0.0, Sum:  0.0, Workers: 4
[1006.976s][debug][gc,phases      ] GC(43)     Dead                           Min: 0, Avg:  0.0, Max: 0, Diff: 0, Sum: 0, Workers: 4
[1006.976s][debug][gc,phases      ] GC(43)     Total                          Min: 0, Avg:  0.0, Max: 0, Diff: 0, Sum: 0, Workers: 4
[1006.976s][debug][gc,phases      ] GC(43)   Weak JFR Old Object Samples    Min:  0.0, Avg:  0.0, Max:  0.0, Diff:  0.0, Sum:  0.0, Workers: 4
[1006.976s][debug][gc,phases      ] GC(43)     Dead                           Min: 0, Avg:  0.0, Max: 0, Diff: 0, Sum: 0, Workers: 4
[1006.976s][debug][gc,phases      ] GC(43)     Total                          Min: 0, Avg:  0.0, Max: 0, Diff: 0, Sum: 0, Workers: 4
[1006.976s][debug][gc,phases      ] GC(43) Weak Processing 0.312ms
[1006.976s][debug][gc,age         ] GC(43) Desired survivor size 153092096 bytes, new threshold 15 (max threshold 15)
[1006.976s][info ][gc,heap        ] GC(43) PSYoungGen: 1764064K(1908736K)->24720K(1947648K) Eden: 1733120K(1733120K)->0K(1786368K) From: 30944K(175616K)->24720K(161280K)
[1006.976s][info ][gc,heap        ] GC(43) ParOldGen: 478125K(625664K)->485106K(625664K)
[1006.976s][info ][gc,metaspace   ] GC(43) Metaspace: 78789K(79680K)->78789K(79680K) NonClass: 67656K(68160K)->67656K(68160K) Class: 11133K(11520K)->11133K(11520K)
[1006.976s][info ][gc             ] GC(43) Pause Young (Allocation Failure) 2189M->497M(2513M) 10.529ms
[1006.976s][info ][gc,cpu         ] GC(43) User=0.04s Sys=0.00s Real=0.01s
[1006.976s][info ][safepoint      ] Safepoint "ParallelGCFailedAllocation", Time since last: 2329661249 ns, Reaching safepoint: 36800 ns, At safepoint: 10593049 ns, Total: 10629849 ns
[1030.977s][info ][safepoint      ] Safepoint "Cleanup", Time since last: 24001503183 ns, Reaching safepoint: 36200 ns, At safepoint: 2800 ns, Total: 39000 ns
[1032.977s][info ][safepoint      ] Safepoint "Cleanup", Time since last: 2000161934 ns, Reaching safepoint: 35799 ns, At safepoint: 3400 ns, Total: 39199 ns
[1033.978s][info ][safepoint      ] Safepoint "Cleanup", Time since last: 1000097121 ns, Reaching safepoint: 26299 ns, At safepoint: 2200 ns, Total: 28499 ns
[1037.978s][info ][safepoint      ] Safepoint "Cleanup", Time since last: 4000255204 ns, Reaching safepoint: 42200 ns, At safepoint: 3000 ns, Total: 45200 ns
[1038.978s][info ][safepoint      ] Safepoint "Cleanup", Time since last: 1000105331 ns, Reaching safepoint: 47700 ns, At safepoint: 3700 ns, Total: 51400 ns
[1039.978s][info ][safepoint      ] Safepoint "Cleanup", Time since last: 1000087234 ns, Reaching safepoint: 37499 ns, At safepoint: 2400 ns, Total: 39899 ns
[1040.978s][info ][safepoint      ] Safepoint "Cleanup", Time since last: 1000095236 ns, Reaching safepoint: 43400 ns, At safepoint: 4700 ns, Total: 48100 ns
[1041.978s][info ][safepoint      ] Safepoint "Cleanup", Time since last: 1000100638 ns, Reaching safepoint: 26400 ns, At safepoint: 2400 ns, Total: 28800 ns
[1044.979s][info ][safepoint      ] Safepoint "Cleanup", Time since last: 3000223728 ns, Reaching safepoint: 31600 ns, At safepoint: 2900 ns, Total: 34500 ns
[1049.979s][info ][safepoint      ] Safepoint "Cleanup", Time since last: 5000357957 ns, Reaching safepoint: 36800 ns, At safepoint: 3500 ns, Total: 40300 ns
[1055.980s][info ][safepoint      ] Safepoint "Cleanup", Time since last: 6000361782 ns, Reaching safepoint: 37500 ns, At safepoint: 4800 ns, Total: 42300 ns
[1056.980s][info ][safepoint      ] Safepoint "Cleanup", Time since last: 1000077171 ns, Reaching safepoint: 41100 ns, At safepoint: 2100 ns, Total: 43200 ns
[1060.980s][info ][safepoint      ] Safepoint "Cleanup", Time since last: 4000300506 ns, Reaching safepoint: 48300 ns, At safepoint: 3600 ns, Total: 51900 ns
[1062.980s][info ][safepoint      ] Safepoint "Cleanup", Time since last: 2000165266 ns, Reaching safepoint: 23500 ns, At safepoint: 2300 ns, Total: 25800 ns
[1063.980s][info ][safepoint      ] Safepoint "Cleanup", Time since last: 1000100286 ns, Reaching safepoint: 30200 ns, At safepoint: 2600 ns, Total: 32800 ns
[1066.413s][info ][gc,start       ] GC(44) Pause Young (Allocation Failure)
[1066.420s][debug][gc,phases      ] GC(44) Scavenge 7.409ms
[1066.420s][debug][gc,ref         ] GC(44) Skipped phase 1 of Reference Processing: no references
[1066.420s][debug][gc,ref         ] GC(44) ReferenceProcessor::execute queues: 1, RefProcThreadModel::Single, marks_oops_alive: false
[1066.420s][debug][gc,ref         ] GC(44) Skipped phase 3 of Reference Processing: no references
[1066.420s][debug][gc,ref         ] GC(44) ReferenceProcessor::execute queues: 1, RefProcThreadModel::Single, marks_oops_alive: false
[1066.420s][debug][gc,phases      ] GC(44) Reference Processing 0.092ms
[1066.420s][debug][gc,phases      ] GC(44)   VM Weak                        Min:  0.0, Avg:  0.0, Max:  0.0, Diff:  0.0, Sum:  0.0, Workers: 4
[1066.420s][debug][gc,phases      ] GC(44)     Dead                           Min: 0, Avg:  0.0, Max: 0, Diff: 0, Sum: 0, Workers: 4
[1066.420s][debug][gc,phases      ] GC(44)     Total                          Min: 0, Avg: 188.2, Max: 704, Diff: 704, Sum: 753, Workers: 4
[1066.420s][debug][gc,phases      ] GC(44)   ObjectSynchronizer Weak        Min:  0.0, Avg:  0.0, Max:  0.0, Diff:  0.0, Sum:  0.0, Workers: 4
[1066.420s][debug][gc,phases      ] GC(44)     Dead                           Min: 0, Avg:  0.0, Max: 0, Diff: 0, Sum: 0, Workers: 4
[1066.420s][debug][gc,phases      ] GC(44)     Total                          Min: 0, Avg:  8.2, Max: 33, Diff: 33, Sum: 33, Workers: 4
[1066.420s][debug][gc,phases      ] GC(44)   JVMTI Tag Weak OopStorage      Min:  0.0, Avg:  0.0, Max:  0.0, Diff:  0.0, Sum:  0.0, Workers: 4
[1066.421s][debug][gc,phases      ] GC(44)     Dead                           Min: 0, Avg:  0.0, Max: 0, Diff: 0, Sum: 0, Workers: 4
[1066.421s][debug][gc,phases      ] GC(44)     Total                          Min: 0, Avg:  0.0, Max: 0, Diff: 0, Sum: 0, Workers: 4
[1066.421s][debug][gc,phases      ] GC(44)   StringTable Weak               Min:  0.1, Avg:  0.1, Max:  0.1, Diff:  0.0, Sum:  0.4, Workers: 4
[1066.421s][debug][gc,phases      ] GC(44)     Dead                           Min: 0, Avg:  0.0, Max: 0, Diff: 0, Sum: 0, Workers: 4
[1066.421s][debug][gc,phases      ] GC(44)     Total                          Min: 10368, Avg: 10626.5, Max: 11200, Diff: 832, Sum: 42506, Workers: 4
[1066.421s][debug][gc,phases      ] GC(44)   ResolvedMethodTable Weak       Min:  0.0, Avg:  0.0, Max:  0.0, Diff:  0.0, Sum:  0.1, Workers: 4
[1066.421s][debug][gc,phases      ] GC(44)     Dead                           Min: 0, Avg:  0.0, Max: 0, Diff: 0, Sum: 0, Workers: 4
[1066.421s][debug][gc,phases      ] GC(44)     Total                          Min: 2105, Avg: 2126.2, Max: 2176, Diff: 71, Sum: 8505, Workers: 4
[1066.421s][debug][gc,phases      ] GC(44)   JNI Weak                       Min:  0.0, Avg:  0.0, Max:  0.0, Diff:  0.0, Sum:  0.0, Workers: 4
[1066.421s][debug][gc,phases      ] GC(44)     Dead                           Min: 0, Avg:  0.0, Max: 0, Diff: 0, Sum: 0, Workers: 4
[1066.421s][debug][gc,phases      ] GC(44)     Total                          Min: 0, Avg: 11.2, Max: 45, Diff: 45, Sum: 45, Workers: 4
[1066.421s][debug][gc,phases      ] GC(44)   StringDedup Table Weak         Min:  0.0, Avg:  0.0, Max:  0.0, Diff:  0.0, Sum:  0.0, Workers: 4
[1066.421s][debug][gc,phases      ] GC(44)     Dead                           Min: 0, Avg:  0.0, Max: 0, Diff: 0, Sum: 0, Workers: 4
[1066.421s][debug][gc,phases      ] GC(44)     Total                          Min: 0, Avg:  0.0, Max: 0, Diff: 0, Sum: 0, Workers: 4
[1066.421s][debug][gc,phases      ] GC(44)   StringDedup Requests0 Weak     Min:  0.0, Avg:  0.0, Max:  0.0, Diff:  0.0, Sum:  0.0, Workers: 4
[1066.421s][debug][gc,phases      ] GC(44)     Dead                           Min: 0, Avg:  0.0, Max: 0, Diff: 0, Sum: 0, Workers: 4
[1066.421s][debug][gc,phases      ] GC(44)     Total                          Min: 0, Avg:  0.0, Max: 0, Diff: 0, Sum: 0, Workers: 4
[1066.421s][debug][gc,phases      ] GC(44)   StringDedup Requests1 Weak     Min:  0.0, Avg:  0.0, Max:  0.0, Diff:  0.0, Sum:  0.0, Workers: 4
[1066.421s][debug][gc,phases      ] GC(44)     Dead                           Min: 0, Avg:  0.0, Max: 0, Diff: 0, Sum: 0, Workers: 4
[1066.421s][debug][gc,phases      ] GC(44)     Total                          Min: 0, Avg:  0.0, Max: 0, Diff: 0, Sum: 0, Workers: 4
[1066.421s][debug][gc,phases      ] GC(44)   Weak JFR Old Object Samples    Min:  0.0, Avg:  0.0, Max:  0.0, Diff:  0.0, Sum:  0.0, Workers: 4
[1066.421s][debug][gc,phases      ] GC(44)     Dead                           Min: 0, Avg:  0.0, Max: 0, Diff: 0, Sum: 0, Workers: 4
[1066.421s][debug][gc,phases      ] GC(44)     Total                          Min: 0, Avg:  0.0, Max: 0, Diff: 0, Sum: 0, Workers: 4
[1066.421s][debug][gc,phases      ] GC(44) Weak Processing 0.283ms
[1066.421s][debug][gc,age         ] GC(44) Desired survivor size 141557760 bytes, new threshold 15 (max threshold 15)
[1066.421s][info ][gc,heap        ] GC(44) PSYoungGen: 1811088K(1947648K)->24800K(1935872K) Eden: 1786368K(1786368K)->0K(1786368K) From: 24720K(161280K)->24800K(149504K)
[1066.421s][info ][gc,heap        ] GC(44) ParOldGen: 485106K(625664K)->485402K(625664K)
[1066.421s][info ][gc,metaspace   ] GC(44) Metaspace: 78812K(79680K)->78812K(79680K) NonClass: 67677K(68160K)->67677K(68160K) Class: 11134K(11520K)->11134K(11520K)
[1066.421s][info ][gc             ] GC(44) Pause Young (Allocation Failure) 2242M->498M(2501M) 7.884ms
[1066.421s][info ][gc,cpu         ] GC(44) User=0.03s Sys=0.00s Real=0.01s
[1066.421s][info ][safepoint      ] Safepoint "ParallelGCFailedAllocation", Time since last: 2432309088 ns, Reaching safepoint: 96399 ns, At safepoint: 7951664 ns, Total: 8048063 ns
[1073.421s][info ][safepoint      ] Safepoint "Cleanup", Time since last: 7000466100 ns, Reaching safepoint: 28999 ns, At safepoint: 2700 ns, Total: 31699 ns
[1079.422s][info ][safepoint      ] Safepoint "Cleanup", Time since last: 6000415382 ns, Reaching safepoint: 25500 ns, At safepoint: 2600 ns, Total: 28100 ns
[1083.422s][info ][safepoint      ] Safepoint "Cleanup", Time since last: 4000291796 ns, Reaching safepoint: 42700 ns, At safepoint: 3200 ns, Total: 45900 ns
[1095.423s][info ][safepoint      ] Safepoint "Cleanup", Time since last: 12000779985 ns, Reaching safepoint: 28499 ns, At safepoint: 3100 ns, Total: 31599 ns
[1098.423s][info ][safepoint      ] Safepoint "Cleanup", Time since last: 3000241167 ns, Reaching safepoint: 34700 ns, At safepoint: 2500 ns, Total: 37200 ns
[1103.423s][info ][safepoint      ] Safepoint "Cleanup", Time since last: 5000347717 ns, Reaching safepoint: 45300 ns, At safepoint: 2200 ns, Total: 47500 ns
[1104.424s][info ][safepoint      ] Safepoint "Cleanup", Time since last: 1000093370 ns, Reaching safepoint: 26499 ns, At safepoint: 2600 ns, Total: 29099 ns
[1106.424s][info ][safepoint      ] Safepoint "Cleanup", Time since last: 2000151645 ns, Reaching safepoint: 35300 ns, At safepoint: 2300 ns, Total: 37600 ns
[1112.424s][info ][safepoint      ] Safepoint "Cleanup", Time since last: 6000411082 ns, Reaching safepoint: 43699 ns, At safepoint: 2300 ns, Total: 45999 ns
[1114.424s][info ][safepoint      ] Safepoint "Cleanup", Time since last: 2000168976 ns, Reaching safepoint: 44300 ns, At safepoint: 3600 ns, Total: 47900 ns
[1118.617s][info ][gc,start       ] GC(45) Pause Young (Allocation Failure)
[1118.627s][debug][gc,phases      ] GC(45) Scavenge 10.033ms
[1118.627s][debug][gc,ref         ] GC(45) Skipped phase 1 of Reference Processing: no references
[1118.627s][debug][gc,ref         ] GC(45) ReferenceProcessor::execute queues: 1, RefProcThreadModel::Single, marks_oops_alive: false
[1118.627s][debug][gc,ref         ] GC(45) Skipped phase 3 of Reference Processing: no references
[1118.627s][debug][gc,ref         ] GC(45) ReferenceProcessor::execute queues: 1, RefProcThreadModel::Single, marks_oops_alive: false
[1118.627s][debug][gc,phases      ] GC(45) Reference Processing 0.100ms
[1118.627s][debug][gc,phases      ] GC(45)   VM Weak                        Min:  0.0, Avg:  0.0, Max:  0.0, Diff:  0.0, Sum:  0.0, Workers: 4
[1118.627s][debug][gc,phases      ] GC(45)     Dead                           Min: 0, Avg:  0.0, Max: 0, Diff: 0, Sum: 0, Workers: 4
[1118.627s][debug][gc,phases      ] GC(45)     Total                          Min: 0, Avg: 188.2, Max: 497, Diff: 497, Sum: 753, Workers: 4
[1118.627s][debug][gc,phases      ] GC(45)   ObjectSynchronizer Weak        Min:  0.0, Avg:  0.0, Max:  0.0, Diff:  0.0, Sum:  0.0, Workers: 4
[1118.627s][debug][gc,phases      ] GC(45)     Dead                           Min: 0, Avg:  0.0, Max: 0, Diff: 0, Sum: 0, Workers: 4
[1118.627s][debug][gc,phases      ] GC(45)     Total                          Min: 0, Avg:  8.2, Max: 33, Diff: 33, Sum: 33, Workers: 4
[1118.627s][debug][gc,phases      ] GC(45)   JVMTI Tag Weak OopStorage      Min:  0.0, Avg:  0.0, Max:  0.0, Diff:  0.0, Sum:  0.0, Workers: 4
[1118.627s][debug][gc,phases      ] GC(45)     Dead                           Min: 0, Avg:  0.0, Max: 0, Diff: 0, Sum: 0, Workers: 4
[1118.627s][debug][gc,phases      ] GC(45)     Total                          Min: 0, Avg:  0.0, Max: 0, Diff: 0, Sum: 0, Workers: 4
[1118.627s][debug][gc,phases      ] GC(45)   StringTable Weak               Min:  0.1, Avg:  0.1, Max:  0.1, Diff:  0.0, Sum:  0.4, Workers: 4
[1118.627s][debug][gc,phases      ] GC(45)     Dead                           Min: 0, Avg:  0.0, Max: 0, Diff: 0, Sum: 0, Workers: 4
[1118.627s][debug][gc,phases      ] GC(45)     Total                          Min: 9280, Avg: 10626.8, Max: 11456, Diff: 2176, Sum: 42507, Workers: 4
[1118.627s][debug][gc,phases      ] GC(45)   ResolvedMethodTable Weak       Min:  0.0, Avg:  0.0, Max:  0.0, Diff:  0.0, Sum:  0.1, Workers: 4
[1118.627s][debug][gc,phases      ] GC(45)     Dead                           Min: 0, Avg:  0.0, Max: 0, Diff: 0, Sum: 0, Workers: 4
[1118.627s][debug][gc,phases      ] GC(45)     Total                          Min: 2043, Avg: 2126.8, Max: 2240, Diff: 197, Sum: 8507, Workers: 4
[1118.627s][debug][gc,phases      ] GC(45)   JNI Weak                       Min:  0.0, Avg:  0.0, Max:  0.0, Diff:  0.0, Sum:  0.0, Workers: 4
[1118.627s][debug][gc,phases      ] GC(45)     Dead                           Min: 0, Avg:  0.0, Max: 0, Diff: 0, Sum: 0, Workers: 4
[1118.627s][debug][gc,phases      ] GC(45)     Total                          Min: 0, Avg: 11.2, Max: 45, Diff: 45, Sum: 45, Workers: 4
[1118.627s][debug][gc,phases      ] GC(45)   StringDedup Table Weak         Min:  0.0, Avg:  0.0, Max:  0.0, Diff:  0.0, Sum:  0.0, Workers: 4
[1118.627s][debug][gc,phases      ] GC(45)     Dead                           Min: 0, Avg:  0.0, Max: 0, Diff: 0, Sum: 0, Workers: 4
[1118.627s][debug][gc,phases      ] GC(45)     Total                          Min: 0, Avg:  0.0, Max: 0, Diff: 0, Sum: 0, Workers: 4
[1118.627s][debug][gc,phases      ] GC(45)   StringDedup Requests0 Weak     Min:  0.0, Avg:  0.0, Max:  0.0, Diff:  0.0, Sum:  0.0, Workers: 4
[1118.627s][debug][gc,phases      ] GC(45)     Dead                           Min: 0, Avg:  0.0, Max: 0, Diff: 0, Sum: 0, Workers: 4
[1118.627s][debug][gc,phases      ] GC(45)     Total                          Min: 0, Avg:  0.0, Max: 0, Diff: 0, Sum: 0, Workers: 4
[1118.627s][debug][gc,phases      ] GC(45)   StringDedup Requests1 Weak     Min:  0.0, Avg:  0.0, Max:  0.0, Diff:  0.0, Sum:  0.0, Workers: 4
[1118.627s][debug][gc,phases      ] GC(45)     Dead                           Min: 0, Avg:  0.0, Max: 0, Diff: 0, Sum: 0, Workers: 4
[1118.627s][debug][gc,phases      ] GC(45)     Total                          Min: 0, Avg:  0.0, Max: 0, Diff: 0, Sum: 0, Workers: 4
[1118.627s][debug][gc,phases      ] GC(45)   Weak JFR Old Object Samples    Min:  0.0, Avg:  0.0, Max:  0.0, Diff:  0.0, Sum:  0.0, Workers: 4
[1118.627s][debug][gc,phases      ] GC(45)     Dead                           Min: 0, Avg:  0.0, Max: 0, Diff: 0, Sum: 0, Workers: 4
[1118.627s][debug][gc,phases      ] GC(45)     Total                          Min: 0, Avg:  0.0, Max: 0, Diff: 0, Sum: 0, Workers: 4
[1118.627s][debug][gc,phases      ] GC(45) Weak Processing 0.288ms
[1118.627s][debug][gc,age         ] GC(45) Desired survivor size 131072000 bytes, new threshold 15 (max threshold 15)
[1118.627s][info ][gc,heap        ] GC(45) PSYoungGen: 1811168K(1935872K)->24448K(1969152K) Eden: 1786368K(1786368K)->0K(1830912K) From: 24800K(149504K)->24448K(138240K)
[1118.627s][info ][gc,heap        ] GC(45) ParOldGen: 485402K(625664K)->485570K(625664K)
[1118.627s][info ][gc,metaspace   ] GC(45) Metaspace: 78819K(79744K)->78819K(79744K) NonClass: 67683K(68160K)->67683K(68160K) Class: 11135K(11584K)->11135K(11584K)
[1118.627s][info ][gc             ] GC(45) Pause Young (Allocation Failure) 2242M->498M(2534M) 10.533ms
[1118.627s][info ][gc,cpu         ] GC(45) User=0.03s Sys=0.00s Real=0.02s
[1118.627s][info ][safepoint      ] Safepoint "ParallelGCFailedAllocation", Time since last: 4192213612 ns, Reaching safepoint: 26400 ns, At safepoint: 10597852 ns, Total: 10624252 ns
[1128.628s][info ][safepoint      ] Safepoint "Cleanup", Time since last: 10000612577 ns, Reaching safepoint: 46100 ns, At safepoint: 2500 ns, Total: 48600 ns
[1135.628s][info ][safepoint      ] Safepoint "Cleanup", Time since last: 7000426666 ns, Reaching safepoint: 38999 ns, At safepoint: 2700 ns, Total: 41699 ns
[1141.629s][info ][safepoint      ] Safepoint "Cleanup", Time since last: 6000416515 ns, Reaching safepoint: 53200 ns, At safepoint: 6900 ns, Total: 60100 ns
[1142.629s][info ][safepoint      ] Safepoint "Cleanup", Time since last: 1000098342 ns, Reaching safepoint: 32800 ns, At safepoint: 6400 ns, Total: 39200 ns
[1152.630s][info ][safepoint      ] Safepoint "Cleanup", Time since last: 10000643522 ns, Reaching safepoint: 36700 ns, At safepoint: 4700 ns, Total: 41400 ns
[1154.630s][info ][safepoint      ] Safepoint "Cleanup", Time since last: 2000163426 ns, Reaching safepoint: 27900 ns, At safepoint: 2500 ns, Total: 30400 ns
[1156.630s][info ][safepoint      ] Safepoint "Cleanup", Time since last: 2000151633 ns, Reaching safepoint: 51800 ns, At safepoint: 6000 ns, Total: 57800 ns
[1157.630s][info ][safepoint      ] Safepoint "Cleanup", Time since last: 1000103569 ns, Reaching safepoint: 156399 ns, At safepoint: 6800 ns, Total: 163199 ns
[1160.631s][info ][safepoint      ] Safepoint "Cleanup", Time since last: 3000226219 ns, Reaching safepoint: 25900 ns, At safepoint: 2800 ns, Total: 28700 ns
[1162.631s][info ][safepoint      ] Safepoint "Cleanup", Time since last: 2000165354 ns, Reaching safepoint: 40100 ns, At safepoint: 3800 ns, Total: 43900 ns
[1172.632s][info ][safepoint      ] Safepoint "Cleanup", Time since last: 10000659678 ns, Reaching safepoint: 41100 ns, At safepoint: 4000 ns, Total: 45100 ns
[1176.632s][info ][safepoint      ] Safepoint "Cleanup", Time since last: 4000291100 ns, Reaching safepoint: 82599 ns, At safepoint: 6500 ns, Total: 89099 ns
[1182.632s][info ][safepoint      ] Safepoint "Cleanup", Time since last: 6000346852 ns, Reaching safepoint: 44000 ns, At safepoint: 4000 ns, Total: 48000 ns
[1184.130s][info ][safepoint      ] Safepoint "Cleanup", Time since last: 1497971431 ns, Reaching safepoint: 90500 ns, At safepoint: 5400 ns, Total: 95900 ns
[1185.131s][info ][safepoint      ] Safepoint "Cleanup", Time since last: 1000096417 ns, Reaching safepoint: 84899 ns, At safepoint: 2400 ns, Total: 87299 ns
[1185.913s][info ][gc,start       ] GC(46) Pause Young (Allocation Failure)
[1185.920s][debug][gc,phases      ] GC(46) Scavenge 7.673ms
[1185.920s][debug][gc,ref         ] GC(46) Skipped phase 1 of Reference Processing: no references
[1185.920s][debug][gc,ref         ] GC(46) ReferenceProcessor::execute queues: 1, RefProcThreadModel::Single, marks_oops_alive: false
[1185.920s][debug][gc,ref         ] GC(46) Skipped phase 3 of Reference Processing: no references
[1185.920s][debug][gc,ref         ] GC(46) ReferenceProcessor::execute queues: 1, RefProcThreadModel::Single, marks_oops_alive: false
[1185.920s][debug][gc,phases      ] GC(46) Reference Processing 0.108ms
[1185.921s][debug][gc,phases      ] GC(46)   VM Weak                        Min:  0.0, Avg:  0.0, Max:  0.0, Diff:  0.0, Sum:  0.0, Workers: 4
[1185.921s][debug][gc,phases      ] GC(46)     Dead                           Min: 0, Avg:  0.0, Max: 0, Diff: 0, Sum: 0, Workers: 4
[1185.921s][debug][gc,phases      ] GC(46)     Total                          Min: 0, Avg: 188.2, Max: 753, Diff: 753, Sum: 753, Workers: 4
[1185.921s][debug][gc,phases      ] GC(46)   ObjectSynchronizer Weak        Min:  0.0, Avg:  0.0, Max:  0.0, Diff:  0.0, Sum:  0.0, Workers: 4
[1185.921s][debug][gc,phases      ] GC(46)     Dead                           Min: 0, Avg:  0.0, Max: 0, Diff: 0, Sum: 0, Workers: 4
[1185.921s][debug][gc,phases      ] GC(46)     Total                          Min: 0, Avg:  8.2, Max: 33, Diff: 33, Sum: 33, Workers: 4
[1185.921s][debug][gc,phases      ] GC(46)   JVMTI Tag Weak OopStorage      Min:  0.0, Avg:  0.0, Max:  0.0, Diff:  0.0, Sum:  0.0, Workers: 4
[1185.921s][debug][gc,phases      ] GC(46)     Dead                           Min: 0, Avg:  0.0, Max: 0, Diff: 0, Sum: 0, Workers: 4
[1185.921s][debug][gc,phases      ] GC(46)     Total                          Min: 0, Avg:  0.0, Max: 0, Diff: 0, Sum: 0, Workers: 4
[1185.921s][debug][gc,phases      ] GC(46)   StringTable Weak               Min:  0.0, Avg:  0.1, Max:  0.2, Diff:  0.2, Sum:  0.4, Workers: 4
[1185.921s][debug][gc,phases      ] GC(46)     Dead                           Min: 0, Avg:  0.0, Max: 0, Diff: 0, Sum: 0, Workers: 4
[1185.921s][debug][gc,phases      ] GC(46)     Total                          Min: 0, Avg: 10629.5, Max: 21398, Diff: 21398, Sum: 42518, Workers: 4
[1185.921s][debug][gc,phases      ] GC(46)   ResolvedMethodTable Weak       Min:  0.0, Avg:  0.0, Max:  0.0, Diff:  0.0, Sum:  0.1, Workers: 4
[1185.921s][debug][gc,phases      ] GC(46)     Dead                           Min: 0, Avg:  0.0, Max: 0, Diff: 0, Sum: 0, Workers: 4
[1185.921s][debug][gc,phases      ] GC(46)     Total                          Min: 0, Avg: 2126.8, Max: 4288, Diff: 4288, Sum: 8507, Workers: 4
[1185.921s][debug][gc,phases      ] GC(46)   JNI Weak                       Min:  0.0, Avg:  0.0, Max:  0.0, Diff:  0.0, Sum:  0.0, Workers: 4
[1185.921s][debug][gc,phases      ] GC(46)     Dead                           Min: 0, Avg:  0.0, Max: 0, Diff: 0, Sum: 0, Workers: 4
[1185.921s][debug][gc,phases      ] GC(46)     Total                          Min: 0, Avg: 11.2, Max: 45, Diff: 45, Sum: 45, Workers: 4
[1185.921s][debug][gc,phases      ] GC(46)   StringDedup Table Weak         Min:  0.0, Avg:  0.0, Max:  0.0, Diff:  0.0, Sum:  0.0, Workers: 4
[1185.921s][debug][gc,phases      ] GC(46)     Dead                           Min: 0, Avg:  0.0, Max: 0, Diff: 0, Sum: 0, Workers: 4
[1185.921s][debug][gc,phases      ] GC(46)     Total                          Min: 0, Avg:  0.0, Max: 0, Diff: 0, Sum: 0, Workers: 4
[1185.921s][debug][gc,phases      ] GC(46)   StringDedup Requests0 Weak     Min:  0.0, Avg:  0.0, Max:  0.0, Diff:  0.0, Sum:  0.0, Workers: 4
[1185.921s][debug][gc,phases      ] GC(46)     Dead                           Min: 0, Avg:  0.0, Max: 0, Diff: 0, Sum: 0, Workers: 4
[1185.921s][debug][gc,phases      ] GC(46)     Total                          Min: 0, Avg:  0.0, Max: 0, Diff: 0, Sum: 0, Workers: 4
[1185.921s][debug][gc,phases      ] GC(46)   StringDedup Requests1 Weak     Min:  0.0, Avg:  0.0, Max:  0.0, Diff:  0.0, Sum:  0.0, Workers: 4
[1185.921s][debug][gc,phases      ] GC(46)     Dead                           Min: 0, Avg:  0.0, Max: 0, Diff: 0, Sum: 0, Workers: 4
[1185.921s][debug][gc,phases      ] GC(46)     Total                          Min: 0, Avg:  0.0, Max: 0, Diff: 0, Sum: 0, Workers: 4
[1185.921s][debug][gc,phases      ] GC(46)   Weak JFR Old Object Samples    Min:  0.0, Avg:  0.0, Max:  0.0, Diff:  0.0, Sum:  0.0, Workers: 4
[1185.921s][debug][gc,phases      ] GC(46)     Dead                           Min: 0, Avg:  0.0, Max: 0, Diff: 0, Sum: 0, Workers: 4
[1185.921s][debug][gc,phases      ] GC(46)     Total                          Min: 0, Avg:  0.0, Max: 0, Diff: 0, Sum: 0, Workers: 4
[1185.921s][debug][gc,phases      ] GC(46) Weak Processing 0.419ms
[1185.921s][debug][gc,age         ] GC(46) Desired survivor size 121634816 bytes, new threshold 15 (max threshold 15)
[1185.921s][info ][gc,heap        ] GC(46) PSYoungGen: 1855360K(1969152K)->25136K(1958912K) Eden: 1830912K(1830912K)->0K(1830912K) From: 24448K(138240K)->25136K(128000K)
[1185.921s][info ][gc,heap        ] GC(46) ParOldGen: 485570K(625664K)->485690K(625664K)
[1185.921s][info ][gc,metaspace   ] GC(46) Metaspace: 78826K(79744K)->78826K(79744K) NonClass: 67690K(68160K)->67690K(68160K) Class: 11135K(11584K)->11135K(11584K)
[1185.921s][info ][gc             ] GC(46) Pause Young (Allocation Failure) 2286M->498M(2524M) 8.324ms
[1185.921s][info ][gc,cpu         ] GC(46) User=0.02s Sys=0.00s Real=0.01s
[1185.921s][info ][safepoint      ] Safepoint "ParallelGCFailedAllocation", Time since last: 781894375 ns, Reaching safepoint: 40399 ns, At safepoint: 8381464 ns, Total: 8421863 ns
[1187.921s][info ][safepoint      ] Safepoint "Cleanup", Time since last: 2000138741 ns, Reaching safepoint: 44100 ns, At safepoint: 3700 ns, Total: 47800 ns
[1190.921s][info ][safepoint      ] Safepoint "Cleanup", Time since last: 3000221575 ns, Reaching safepoint: 53900 ns, At safepoint: 2200 ns, Total: 56100 ns
[1193.922s][info ][safepoint      ] Safepoint "Cleanup", Time since last: 3000208790 ns, Reaching safepoint: 40100 ns, At safepoint: 4200 ns, Total: 44300 ns
[1196.922s][info ][safepoint      ] Safepoint "Cleanup", Time since last: 3000225105 ns, Reaching safepoint: 42500 ns, At safepoint: 15000 ns, Total: 57500 ns
[1203.922s][info ][safepoint      ] Safepoint "Cleanup", Time since last: 7000448402 ns, Reaching safepoint: 33200 ns, At safepoint: 2600 ns, Total: 35800 ns
[1207.923s][info ][safepoint      ] Safepoint "Cleanup", Time since last: 4000270909 ns, Reaching safepoint: 37400 ns, At safepoint: 7500 ns, Total: 44900 ns
[1208.923s][info ][safepoint      ] Safepoint "Cleanup", Time since last: 1000104856 ns, Reaching safepoint: 38400 ns, At safepoint: 2500 ns, Total: 40900 ns
[1209.923s][info ][safepoint      ] Safepoint "Cleanup", Time since last: 1000104757 ns, Reaching safepoint: 47700 ns, At safepoint: 4400 ns, Total: 52100 ns
[1210.923s][info ][safepoint      ] Safepoint "Cleanup", Time since last: 1000057860 ns, Reaching safepoint: 46600 ns, At safepoint: 3500 ns, Total: 50100 ns
[1211.923s][info ][safepoint      ] Safepoint "Cleanup", Time since last: 1000095860 ns, Reaching safepoint: 37300 ns, At safepoint: 2600 ns, Total: 39900 ns
[1212.923s][info ][safepoint      ] Safepoint "Cleanup", Time since last: 1000059563 ns, Reaching safepoint: 25700 ns, At safepoint: 2200 ns, Total: 27900 ns
[1215.923s][info ][safepoint      ] Safepoint "Cleanup", Time since last: 3000172697 ns, Reaching safepoint: 26700 ns, At safepoint: 2300 ns, Total: 29000 ns
[1216.924s][info ][safepoint      ] Safepoint "Cleanup", Time since last: 1000064769 ns, Reaching safepoint: 50100 ns, At safepoint: 7600 ns, Total: 57700 ns
[1217.924s][info ][safepoint      ] Safepoint "Cleanup", Time since last: 1000103771 ns, Reaching safepoint: 39599 ns, At safepoint: 3200 ns, Total: 42799 ns
[1218.924s][info ][safepoint      ] Safepoint "Cleanup", Time since last: 1000115172 ns, Reaching safepoint: 46400 ns, At safepoint: 3800 ns, Total: 50200 ns
[1219.924s][info ][safepoint      ] Safepoint "Cleanup", Time since last: 1000114074 ns, Reaching safepoint: 32800 ns, At safepoint: 2700 ns, Total: 35500 ns
[1220.924s][info ][safepoint      ] Safepoint "Cleanup", Time since last: 1000100375 ns, Reaching safepoint: 31200 ns, At safepoint: 2900 ns, Total: 34100 ns
[1223.924s][info ][safepoint      ] Safepoint "Cleanup", Time since last: 3000228135 ns, Reaching safepoint: 29700 ns, At safepoint: 2700 ns, Total: 32400 ns
[1225.925s][info ][safepoint      ] Safepoint "Cleanup", Time since last: 2000137965 ns, Reaching safepoint: 54099 ns, At safepoint: 6900 ns, Total: 60999 ns
[1230.925s][info ][safepoint      ] Safepoint "Cleanup", Time since last: 5000345039 ns, Reaching safepoint: 57500 ns, At safepoint: 2500 ns, Total: 60000 ns
[1231.925s][info ][safepoint      ] Safepoint "Cleanup", Time since last: 1000090593 ns, Reaching safepoint: 26999 ns, At safepoint: 2600 ns, Total: 29599 ns
[1232.925s][info ][safepoint      ] Safepoint "Cleanup", Time since last: 1000063294 ns, Reaching safepoint: 71600 ns, At safepoint: 4200 ns, Total: 75800 ns
[1234.926s][info ][safepoint      ] Safepoint "Cleanup", Time since last: 2000165093 ns, Reaching safepoint: 74799 ns, At safepoint: 3200 ns, Total: 77999 ns
[1235.926s][info ][safepoint      ] Safepoint "Cleanup", Time since last: 1000090099 ns, Reaching safepoint: 46600 ns, At safepoint: 9700 ns, Total: 56300 ns
[1236.926s][info ][safepoint      ] Safepoint "Cleanup", Time since last: 1000074500 ns, Reaching safepoint: 107299 ns, At safepoint: 7200 ns, Total: 114499 ns
[1239.926s][info ][safepoint      ] Safepoint "Cleanup", Time since last: 3000234810 ns, Reaching safepoint: 60399 ns, At safepoint: 5200 ns, Total: 65599 ns
[1240.926s][info ][safepoint      ] Safepoint "Cleanup", Time since last: 1000101906 ns, Reaching safepoint: 28400 ns, At safepoint: 2500 ns, Total: 30900 ns
[1242.927s][info ][safepoint      ] Safepoint "Cleanup", Time since last: 2000167117 ns, Reaching safepoint: 31100 ns, At safepoint: 2600 ns, Total: 33700 ns
[1245.927s][info ][safepoint      ] Safepoint "Cleanup", Time since last: 3000233036 ns, Reaching safepoint: 33900 ns, At safepoint: 2600 ns, Total: 36500 ns
[1247.927s][info ][safepoint      ] Safepoint "Cleanup", Time since last: 2000160232 ns, Reaching safepoint: 39400 ns, At safepoint: 3900 ns, Total: 43300 ns
[1248.927s][info ][safepoint      ] Safepoint "Cleanup", Time since last: 1000100918 ns, Reaching safepoint: 37400 ns, At safepoint: 2800 ns, Total: 40200 ns
[1250.927s][info ][safepoint      ] Safepoint "Cleanup", Time since last: 2000160041 ns, Reaching safepoint: 37499 ns, At safepoint: 4100 ns, Total: 41599 ns
[1251.812s][info ][gc,start       ] GC(47) Pause Young (Allocation Failure)
[1251.819s][debug][gc,phases      ] GC(47) Scavenge 7.316ms
[1251.819s][debug][gc,ref         ] GC(47) Skipped phase 1 of Reference Processing: no references
[1251.819s][debug][gc,ref         ] GC(47) ReferenceProcessor::execute queues: 1, RefProcThreadModel::Single, marks_oops_alive: false
[1251.819s][debug][gc,ref         ] GC(47) Skipped phase 3 of Reference Processing: no references
[1251.819s][debug][gc,ref         ] GC(47) ReferenceProcessor::execute queues: 1, RefProcThreadModel::Single, marks_oops_alive: false
[1251.819s][debug][gc,phases      ] GC(47) Reference Processing 0.087ms
[1251.819s][debug][gc,phases      ] GC(47)   VM Weak                        Min:  0.0, Avg:  0.0, Max:  0.0, Diff:  0.0, Sum:  0.0, Workers: 4
[1251.819s][debug][gc,phases      ] GC(47)     Dead                           Min: 0, Avg:  0.0, Max: 0, Diff: 0, Sum: 0, Workers: 4
[1251.819s][debug][gc,phases      ] GC(47)     Total                          Min: 0, Avg: 188.2, Max: 753, Diff: 753, Sum: 753, Workers: 4
[1251.819s][debug][gc,phases      ] GC(47)   ObjectSynchronizer Weak        Min:  0.0, Avg:  0.0, Max:  0.0, Diff:  0.0, Sum:  0.0, Workers: 4
[1251.819s][debug][gc,phases      ] GC(47)     Dead                           Min: 0, Avg:  0.0, Max: 0, Diff: 0, Sum: 0, Workers: 4
[1251.819s][debug][gc,phases      ] GC(47)     Total                          Min: 0, Avg:  8.2, Max: 33, Diff: 33, Sum: 33, Workers: 4
[1251.819s][debug][gc,phases      ] GC(47)   JVMTI Tag Weak OopStorage      Min:  0.0, Avg:  0.0, Max:  0.0, Diff:  0.0, Sum:  0.0, Workers: 4
[1251.819s][debug][gc,phases      ] GC(47)     Dead                           Min: 0, Avg:  0.0, Max: 0, Diff: 0, Sum: 0, Workers: 4
[1251.819s][debug][gc,phases      ] GC(47)     Total                          Min: 0, Avg:  0.0, Max: 0, Diff: 0, Sum: 0, Workers: 4
[1251.819s][debug][gc,phases      ] GC(47)   StringTable Weak               Min:  0.0, Avg:  0.1, Max:  0.1, Diff:  0.1, Sum:  0.3, Workers: 4
[1251.819s][debug][gc,phases      ] GC(47)     Dead                           Min: 0, Avg:  0.0, Max: 0, Diff: 0, Sum: 0, Workers: 4
[1251.819s][debug][gc,phases      ] GC(47)     Total                          Min: 0, Avg: 10629.8, Max: 18007, Diff: 18007, Sum: 42519, Workers: 4
[1251.819s][debug][gc,phases      ] GC(47)   ResolvedMethodTable Weak       Min:  0.0, Avg:  0.0, Max:  0.0, Diff:  0.0, Sum:  0.1, Workers: 4
[1251.819s][debug][gc,phases      ] GC(47)     Dead                           Min: 0, Avg:  0.0, Max: 0, Diff: 0, Sum: 0, Workers: 4
[1251.819s][debug][gc,phases      ] GC(47)     Total                          Min: 0, Avg: 2126.8, Max: 3771, Diff: 3771, Sum: 8507, Workers: 4
[1251.819s][debug][gc,phases      ] GC(47)   JNI Weak                       Min:  0.0, Avg:  0.0, Max:  0.0, Diff:  0.0, Sum:  0.0, Workers: 4
[1251.819s][debug][gc,phases      ] GC(47)     Dead                           Min: 0, Avg:  0.0, Max: 0, Diff: 0, Sum: 0, Workers: 4
[1251.819s][debug][gc,phases      ] GC(47)     Total                          Min: 0, Avg: 11.2, Max: 45, Diff: 45, Sum: 45, Workers: 4
[1251.820s][debug][gc,phases      ] GC(47)   StringDedup Table Weak         Min:  0.0, Avg:  0.0, Max:  0.0, Diff:  0.0, Sum:  0.0, Workers: 4
[1251.820s][debug][gc,phases      ] GC(47)     Dead                           Min: 0, Avg:  0.0, Max: 0, Diff: 0, Sum: 0, Workers: 4
[1251.820s][debug][gc,phases      ] GC(47)     Total                          Min: 0, Avg:  0.0, Max: 0, Diff: 0, Sum: 0, Workers: 4
[1251.820s][debug][gc,phases      ] GC(47)   StringDedup Requests0 Weak     Min:  0.0, Avg:  0.0, Max:  0.0, Diff:  0.0, Sum:  0.0, Workers: 4
[1251.820s][debug][gc,phases      ] GC(47)     Dead                           Min: 0, Avg:  0.0, Max: 0, Diff: 0, Sum: 0, Workers: 4
[1251.820s][debug][gc,phases      ] GC(47)     Total                          Min: 0, Avg:  0.0, Max: 0, Diff: 0, Sum: 0, Workers: 4
[1251.820s][debug][gc,phases      ] GC(47)   StringDedup Requests1 Weak     Min:  0.0, Avg:  0.0, Max:  0.0, Diff:  0.0, Sum:  0.0, Workers: 4
[1251.820s][debug][gc,phases      ] GC(47)     Dead                           Min: 0, Avg:  0.0, Max: 0, Diff: 0, Sum: 0, Workers: 4
[1251.820s][debug][gc,phases      ] GC(47)     Total                          Min: 0, Avg:  0.0, Max: 0, Diff: 0, Sum: 0, Workers: 4
[1251.820s][debug][gc,phases      ] GC(47)   Weak JFR Old Object Samples    Min:  0.0, Avg:  0.0, Max:  0.0, Diff:  0.0, Sum:  0.0, Workers: 4
[1251.820s][debug][gc,phases      ] GC(47)     Dead                           Min: 0, Avg:  0.0, Max: 0, Diff: 0, Sum: 0, Workers: 4
[1251.820s][debug][gc,phases      ] GC(47)     Total                          Min: 0, Avg:  0.0, Max: 0, Diff: 0, Sum: 0, Workers: 4
[1251.820s][debug][gc,phases      ] GC(47) Weak Processing 0.303ms
[1251.820s][debug][gc,age         ] GC(47) Desired survivor size 113246208 bytes, new threshold 15 (max threshold 15)
[1251.820s][info ][gc,heap        ] GC(47) PSYoungGen: 1856048K(1958912K)->24976K(1986560K) Eden: 1830912K(1830912K)->0K(1867776K) From: 25136K(128000K)->24976K(118784K)
[1251.820s][info ][gc,heap        ] GC(47) ParOldGen: 485690K(625664K)->485834K(625664K)
[1251.820s][info ][gc,metaspace   ] GC(47) Metaspace: 78865K(79808K)->78865K(79808K) NonClass: 67729K(68224K)->67729K(68224K) Class: 11135K(11584K)->11135K(11584K)
[1251.820s][info ][gc             ] GC(47) Pause Young (Allocation Failure) 2286M->498M(2551M) 7.809ms
[1251.820s][info ][gc,cpu         ] GC(47) User=0.03s Sys=0.00s Real=0.01s
[1251.820s][info ][safepoint      ] Safepoint "ParallelGCFailedAllocation", Time since last: 884343818 ns, Reaching safepoint: 25400 ns, At safepoint: 7877666 ns, Total: 7903066 ns
[1257.820s][info ][safepoint      ] Safepoint "Cleanup", Time since last: 6000312167 ns, Reaching safepoint: 25000 ns, At safepoint: 2500 ns, Total: 27500 ns
[1262.820s][info ][safepoint      ] Safepoint "Cleanup", Time since last: 5000324778 ns, Reaching safepoint: 46400 ns, At safepoint: 4500 ns, Total: 50900 ns
[1270.821s][info ][safepoint      ] Safepoint "Cleanup", Time since last: 8000525461 ns, Reaching safepoint: 48200 ns, At safepoint: 2300 ns, Total: 50500 ns
[1272.821s][info ][safepoint      ] Safepoint "Cleanup", Time since last: 2000155904 ns, Reaching safepoint: 48300 ns, At safepoint: 9400 ns, Total: 57700 ns
[1278.822s][info ][safepoint      ] Safepoint "Cleanup", Time since last: 6000420948 ns, Reaching safepoint: 46000 ns, At safepoint: 2400 ns, Total: 48400 ns
[1281.822s][info ][safepoint      ] Safepoint "Cleanup", Time since last: 3000175393 ns, Reaching safepoint: 33999 ns, At safepoint: 2400 ns, Total: 36399 ns
[1291.822s][info ][safepoint      ] Safepoint "Cleanup", Time since last: 10000645334 ns, Reaching safepoint: 25900 ns, At safepoint: 17399 ns, Total: 43299 ns
[1299.823s][info ][safepoint      ] Safepoint "Cleanup", Time since last: 8000530286 ns, Reaching safepoint: 31300 ns, At safepoint: 3000 ns, Total: 34300 ns
[1302.823s][info ][safepoint      ] Safepoint "Cleanup", Time since last: 3000224779 ns, Reaching safepoint: 32700 ns, At safepoint: 2500 ns, Total: 35200 ns
[1310.824s][info ][safepoint      ] Safepoint "Cleanup", Time since last: 8000419403 ns, Reaching safepoint: 26500 ns, At safepoint: 2400 ns, Total: 28900 ns
[1314.824s][info ][safepoint      ] Safepoint "Cleanup", Time since last: 4000285534 ns, Reaching safepoint: 26200 ns, At safepoint: 2800 ns, Total: 29000 ns
[1315.887s][info ][gc,start       ] GC(48) Pause Young (Allocation Failure)
[1315.898s][debug][gc,phases      ] GC(48) Scavenge 10.304ms
[1315.898s][debug][gc,ref         ] GC(48) Skipped phase 1 of Reference Processing: no references
[1315.898s][debug][gc,ref         ] GC(48) ReferenceProcessor::execute queues: 1, RefProcThreadModel::Single, marks_oops_alive: false
[1315.898s][debug][gc,ref         ] GC(48) Skipped phase 3 of Reference Processing: no references
[1315.898s][debug][gc,ref         ] GC(48) ReferenceProcessor::execute queues: 1, RefProcThreadModel::Single, marks_oops_alive: false
[1315.898s][debug][gc,phases      ] GC(48) Reference Processing 0.079ms
[1315.898s][debug][gc,phases      ] GC(48)   VM Weak                        Min:  0.0, Avg:  0.0, Max:  0.0, Diff:  0.0, Sum:  0.0, Workers: 4
[1315.898s][debug][gc,phases      ] GC(48)     Dead                           Min: 0, Avg:  0.0, Max: 0, Diff: 0, Sum: 0, Workers: 4
[1315.898s][debug][gc,phases      ] GC(48)     Total                          Min: 0, Avg: 188.2, Max: 640, Diff: 640, Sum: 753, Workers: 4
[1315.898s][debug][gc,phases      ] GC(48)   ObjectSynchronizer Weak        Min:  0.0, Avg:  0.0, Max:  0.0, Diff:  0.0, Sum:  0.0, Workers: 4
[1315.898s][debug][gc,phases      ] GC(48)     Dead                           Min: 0, Avg:  0.0, Max: 0, Diff: 0, Sum: 0, Workers: 4
[1315.898s][debug][gc,phases      ] GC(48)     Total                          Min: 0, Avg:  8.2, Max: 33, Diff: 33, Sum: 33, Workers: 4
[1315.898s][debug][gc,phases      ] GC(48)   JVMTI Tag Weak OopStorage      Min:  0.0, Avg:  0.0, Max:  0.0, Diff:  0.0, Sum:  0.0, Workers: 4
[1315.898s][debug][gc,phases      ] GC(48)     Dead                           Min: 0, Avg:  0.0, Max: 0, Diff: 0, Sum: 0, Workers: 4
[1315.898s][debug][gc,phases      ] GC(48)     Total                          Min: 0, Avg:  0.0, Max: 0, Diff: 0, Sum: 0, Workers: 4
[1315.898s][debug][gc,phases      ] GC(48)   StringTable Weak               Min:  0.0, Avg:  0.1, Max:  0.1, Diff:  0.1, Sum:  0.4, Workers: 4
[1315.898s][debug][gc,phases      ] GC(48)     Dead                           Min: 0, Avg:  0.0, Max: 0, Diff: 0, Sum: 0, Workers: 4
[1315.898s][debug][gc,phases      ] GC(48)     Total                          Min: 0, Avg: 10630.2, Max: 14553, Diff: 14553, Sum: 42521, Workers: 4
[1315.898s][debug][gc,phases      ] GC(48)   ResolvedMethodTable Weak       Min:  0.0, Avg:  0.0, Max:  0.0, Diff:  0.0, Sum:  0.1, Workers: 4
[1315.898s][debug][gc,phases      ] GC(48)     Dead                           Min: 0, Avg:  0.0, Max: 0, Diff: 0, Sum: 0, Workers: 4
[1315.898s][debug][gc,phases      ] GC(48)     Total                          Min: 0, Avg: 2126.8, Max: 3072, Diff: 3072, Sum: 8507, Workers: 4
[1315.898s][debug][gc,phases      ] GC(48)   JNI Weak                       Min:  0.0, Avg:  0.0, Max:  0.0, Diff:  0.0, Sum:  0.0, Workers: 4
[1315.898s][debug][gc,phases      ] GC(48)     Dead                           Min: 0, Avg:  0.0, Max: 0, Diff: 0, Sum: 0, Workers: 4
[1315.898s][debug][gc,phases      ] GC(48)     Total                          Min: 0, Avg: 11.2, Max: 45, Diff: 45, Sum: 45, Workers: 4
[1315.898s][debug][gc,phases      ] GC(48)   StringDedup Table Weak         Min:  0.0, Avg:  0.0, Max:  0.0, Diff:  0.0, Sum:  0.0, Workers: 4
[1315.898s][debug][gc,phases      ] GC(48)     Dead                           Min: 0, Avg:  0.0, Max: 0, Diff: 0, Sum: 0, Workers: 4
[1315.898s][debug][gc,phases      ] GC(48)     Total                          Min: 0, Avg:  0.0, Max: 0, Diff: 0, Sum: 0, Workers: 4
[1315.898s][debug][gc,phases      ] GC(48)   StringDedup Requests0 Weak     Min:  0.0, Avg:  0.0, Max:  0.0, Diff:  0.0, Sum:  0.0, Workers: 4
[1315.898s][debug][gc,phases      ] GC(48)     Dead                           Min: 0, Avg:  0.0, Max: 0, Diff: 0, Sum: 0, Workers: 4
[1315.898s][debug][gc,phases      ] GC(48)     Total                          Min: 0, Avg:  0.0, Max: 0, Diff: 0, Sum: 0, Workers: 4
[1315.898s][debug][gc,phases      ] GC(48)   StringDedup Requests1 Weak     Min:  0.0, Avg:  0.0, Max:  0.0, Diff:  0.0, Sum:  0.0, Workers: 4
[1315.898s][debug][gc,phases      ] GC(48)     Dead                           Min: 0, Avg:  0.0, Max: 0, Diff: 0, Sum: 0, Workers: 4
[1315.898s][debug][gc,phases      ] GC(48)     Total                          Min: 0, Avg:  0.0, Max: 0, Diff: 0, Sum: 0, Workers: 4
[1315.898s][debug][gc,phases      ] GC(48)   Weak JFR Old Object Samples    Min:  0.0, Avg:  0.0, Max:  0.0, Diff:  0.0, Sum:  0.0, Workers: 4
[1315.898s][debug][gc,phases      ] GC(48)     Dead                           Min: 0, Avg:  0.0, Max: 0, Diff: 0, Sum: 0, Workers: 4
[1315.898s][debug][gc,phases      ] GC(48)     Total                          Min: 0, Avg:  0.0, Max: 0, Diff: 0, Sum: 0, Workers: 4
[1315.898s][debug][gc,phases      ] GC(48) Weak Processing 0.321ms
[1315.898s][debug][gc,age         ] GC(48) Desired survivor size 105381888 bytes, new threshold 15 (max threshold 15)
[1315.898s][info ][gc,heap        ] GC(48) PSYoungGen: 1892752K(1986560K)->25616K(1978368K) Eden: 1867776K(1867776K)->0K(1867776K) From: 24976K(118784K)->25616K(110592K)
[1315.898s][info ][gc,heap        ] GC(48) ParOldGen: 485834K(625664K)->485922K(625664K)
[1315.898s][info ][gc,metaspace   ] GC(48) Metaspace: 78877K(79808K)->78877K(79808K) NonClass: 67742K(68224K)->67742K(68224K) Class: 11135K(11584K)->11135K(11584K)
[1315.898s][info ][gc             ] GC(48) Pause Young (Allocation Failure) 2322M->499M(2543M) 10.815ms
[1315.898s][info ][gc,cpu         ] GC(48) User=0.03s Sys=0.00s Real=0.00s
[1315.898s][info ][safepoint      ] Safepoint "ParallelGCFailedAllocation", Time since last: 1063310346 ns, Reaching safepoint: 29000 ns, At safepoint: 10883155 ns, Total: 10912155 ns
[1318.899s][info ][safepoint      ] Safepoint "Cleanup", Time since last: 3000207143 ns, Reaching safepoint: 58699 ns, At safepoint: 6800 ns, Total: 65499 ns
[1320.899s][info ][safepoint      ] Safepoint "Cleanup", Time since last: 2000165535 ns, Reaching safepoint: 22700 ns, At safepoint: 2300 ns, Total: 25000 ns
[1326.899s][info ][safepoint      ] Safepoint "Cleanup", Time since last: 6000356437 ns, Reaching safepoint: 47100 ns, At safepoint: 4000 ns, Total: 51100 ns
[1327.899s][info ][safepoint      ] Safepoint "Cleanup", Time since last: 1000054927 ns, Reaching safepoint: 40000 ns, At safepoint: 4100 ns, Total: 44100 ns
[1331.900s][info ][safepoint      ] Safepoint "Cleanup", Time since last: 4000261222 ns, Reaching safepoint: 26100 ns, At safepoint: 2600 ns, Total: 28700 ns
[1332.900s][info ][safepoint      ] Safepoint "Cleanup", Time since last: 1000114933 ns, Reaching safepoint: 26400 ns, At safepoint: 2700 ns, Total: 29100 ns
[1356.901s][info ][safepoint      ] Safepoint "Cleanup", Time since last: 24001454980 ns, Reaching safepoint: 39800 ns, At safepoint: 2400 ns, Total: 42200 ns
[1357.901s][info ][safepoint      ] Safepoint "Cleanup", Time since last: 1000096464 ns, Reaching safepoint: 38800 ns, At safepoint: 3000 ns, Total: 41800 ns
[1360.902s][info ][safepoint      ] Safepoint "Cleanup", Time since last: 3000232700 ns, Reaching safepoint: 26100 ns, At safepoint: 2600 ns, Total: 28700 ns
[1368.902s][info ][safepoint      ] Safepoint "Cleanup", Time since last: 8000519787 ns, Reaching safepoint: 40000 ns, At safepoint: 19600 ns, Total: 59600 ns
[1369.902s][info ][safepoint      ] Safepoint "Cleanup", Time since last: 1000099679 ns, Reaching safepoint: 41999 ns, At safepoint: 7000 ns, Total: 48999 ns
[1370.902s][info ][safepoint      ] Safepoint "Cleanup", Time since last: 1000091380 ns, Reaching safepoint: 25800 ns, At safepoint: 2500 ns, Total: 28300 ns
[1371.011s][info ][gc,start       ] GC(49) Pause Young (Allocation Failure)
[1371.020s][debug][gc,phases      ] GC(49) Scavenge 9.896ms
[1371.020s][debug][gc,ref         ] GC(49) Skipped phase 1 of Reference Processing: no references
[1371.021s][debug][gc,ref         ] GC(49) ReferenceProcessor::execute queues: 1, RefProcThreadModel::Single, marks_oops_alive: false
[1371.021s][debug][gc,ref         ] GC(49) Skipped phase 3 of Reference Processing: no references
[1371.021s][debug][gc,ref         ] GC(49) ReferenceProcessor::execute queues: 1, RefProcThreadModel::Single, marks_oops_alive: false
[1371.021s][debug][gc,phases      ] GC(49) Reference Processing 0.090ms
[1371.021s][debug][gc,phases      ] GC(49)   VM Weak                        Min:  0.0, Avg:  0.0, Max:  0.0, Diff:  0.0, Sum:  0.0, Workers: 4
[1371.021s][debug][gc,phases      ] GC(49)     Dead                           Min: 0, Avg:  0.0, Max: 0, Diff: 0, Sum: 0, Workers: 4
[1371.021s][debug][gc,phases      ] GC(49)     Total                          Min: 0, Avg: 188.2, Max: 753, Diff: 753, Sum: 753, Workers: 4
[1371.021s][debug][gc,phases      ] GC(49)   ObjectSynchronizer Weak        Min:  0.0, Avg:  0.0, Max:  0.0, Diff:  0.0, Sum:  0.0, Workers: 4
[1371.021s][debug][gc,phases      ] GC(49)     Dead                           Min: 0, Avg:  0.0, Max: 0, Diff: 0, Sum: 0, Workers: 4
[1371.021s][debug][gc,phases      ] GC(49)     Total                          Min: 0, Avg:  8.2, Max: 33, Diff: 33, Sum: 33, Workers: 4
[1371.021s][debug][gc,phases      ] GC(49)   JVMTI Tag Weak OopStorage      Min:  0.0, Avg:  0.0, Max:  0.0, Diff:  0.0, Sum:  0.0, Workers: 4
[1371.021s][debug][gc,phases      ] GC(49)     Dead                           Min: 0, Avg:  0.0, Max: 0, Diff: 0, Sum: 0, Workers: 4
[1371.021s][debug][gc,phases      ] GC(49)     Total                          Min: 0, Avg:  0.0, Max: 0, Diff: 0, Sum: 0, Workers: 4
[1371.021s][debug][gc,phases      ] GC(49)   StringTable Weak               Min:  0.0, Avg:  0.1, Max:  0.1, Diff:  0.1, Sum:  0.3, Workers: 4
[1371.021s][debug][gc,phases      ] GC(49)     Dead                           Min: 0, Avg:  0.0, Max: 0, Diff: 0, Sum: 0, Workers: 4
[1371.021s][debug][gc,phases      ] GC(49)     Total                          Min: 0, Avg: 10630.2, Max: 18585, Diff: 18585, Sum: 42521, Workers: 4
[1371.021s][debug][gc,phases      ] GC(49)   ResolvedMethodTable Weak       Min:  0.0, Avg:  0.0, Max:  0.0, Diff:  0.0, Sum:  0.1, Workers: 4
[1371.021s][debug][gc,phases      ] GC(49)     Dead                           Min: 0, Avg:  0.0, Max: 0, Diff: 0, Sum: 0, Workers: 4
[1371.021s][debug][gc,phases      ] GC(49)     Total                          Min: 0, Avg: 2126.8, Max: 3771, Diff: 3771, Sum: 8507, Workers: 4
[1371.021s][debug][gc,phases      ] GC(49)   JNI Weak                       Min:  0.0, Avg:  0.0, Max:  0.0, Diff:  0.0, Sum:  0.0, Workers: 4
[1371.021s][debug][gc,phases      ] GC(49)     Dead                           Min: 0, Avg:  0.0, Max: 0, Diff: 0, Sum: 0, Workers: 4
[1371.021s][debug][gc,phases      ] GC(49)     Total                          Min: 0, Avg: 11.2, Max: 45, Diff: 45, Sum: 45, Workers: 4
[1371.021s][debug][gc,phases      ] GC(49)   StringDedup Table Weak         Min:  0.0, Avg:  0.0, Max:  0.0, Diff:  0.0, Sum:  0.0, Workers: 4
[1371.021s][debug][gc,phases      ] GC(49)     Dead                           Min: 0, Avg:  0.0, Max: 0, Diff: 0, Sum: 0, Workers: 4
[1371.021s][debug][gc,phases      ] GC(49)     Total                          Min: 0, Avg:  0.0, Max: 0, Diff: 0, Sum: 0, Workers: 4
[1371.021s][debug][gc,phases      ] GC(49)   StringDedup Requests0 Weak     Min:  0.0, Avg:  0.0, Max:  0.0, Diff:  0.0, Sum:  0.0, Workers: 4
[1371.021s][debug][gc,phases      ] GC(49)     Dead                           Min: 0, Avg:  0.0, Max: 0, Diff: 0, Sum: 0, Workers: 4
[1371.021s][debug][gc,phases      ] GC(49)     Total                          Min: 0, Avg:  0.0, Max: 0, Diff: 0, Sum: 0, Workers: 4
[1371.021s][debug][gc,phases      ] GC(49)   StringDedup Requests1 Weak     Min:  0.0, Avg:  0.0, Max:  0.0, Diff:  0.0, Sum:  0.0, Workers: 4
[1371.021s][debug][gc,phases      ] GC(49)     Dead                           Min: 0, Avg:  0.0, Max: 0, Diff: 0, Sum: 0, Workers: 4
[1371.021s][debug][gc,phases      ] GC(49)     Total                          Min: 0, Avg:  0.0, Max: 0, Diff: 0, Sum: 0, Workers: 4
[1371.021s][debug][gc,phases      ] GC(49)   Weak JFR Old Object Samples    Min:  0.0, Avg:  0.0, Max:  0.0, Diff:  0.0, Sum:  0.0, Workers: 4
[1371.021s][debug][gc,phases      ] GC(49)     Dead                           Min: 0, Avg:  0.0, Max: 0, Diff: 0, Sum: 0, Workers: 4
[1371.021s][debug][gc,phases      ] GC(49)     Total                          Min: 0, Avg:  0.0, Max: 0, Diff: 0, Sum: 0, Workers: 4
[1371.021s][debug][gc,phases      ] GC(49) Weak Processing 0.315ms
[1371.021s][debug][gc,age         ] GC(49) Desired survivor size 98041856 bytes, new threshold 15 (max threshold 15)
[1371.021s][info ][gc,heap        ] GC(49) PSYoungGen: 1893392K(1978368K)->25840K(2001408K) Eden: 1867776K(1867776K)->0K(1898496K) From: 25616K(110592K)->25840K(102912K)
[1371.021s][info ][gc,heap        ] GC(49) ParOldGen: 485922K(625664K)->486058K(625664K)
[1371.021s][info ][gc,metaspace   ] GC(49) Metaspace: 78890K(79808K)->78890K(79808K) NonClass: 67754K(68224K)->67754K(68224K) Class: 11135K(11584K)->11135K(11584K)
[1371.021s][info ][gc             ] GC(49) Pause Young (Allocation Failure) 2323M->499M(2565M) 10.395ms
[1371.021s][info ][gc,cpu         ] GC(49) User=0.03s Sys=0.00s Real=0.01s
[1371.021s][info ][safepoint      ] Safepoint "ParallelGCFailedAllocation", Time since last: 107962155 ns, Reaching safepoint: 92900 ns, At safepoint: 10472557 ns, Total: 10565457 ns
[1372.021s][info ][safepoint      ] Safepoint "Cleanup", Time since last: 1000043781 ns, Reaching safepoint: 27800 ns, At safepoint: 3000 ns, Total: 30800 ns
[1377.021s][info ][safepoint      ] Safepoint "Cleanup", Time since last: 5000311024 ns, Reaching safepoint: 41299 ns, At safepoint: 5000 ns, Total: 46299 ns
[1396.023s][info ][safepoint      ] Safepoint "Cleanup", Time since last: 19001177272 ns, Reaching safepoint: 39800 ns, At safepoint: 2200 ns, Total: 42000 ns
[1397.023s][info ][safepoint      ] Safepoint "Cleanup", Time since last: 1000112709 ns, Reaching safepoint: 30000 ns, At safepoint: 2900 ns, Total: 32900 ns
[1400.023s][info ][safepoint      ] Safepoint "Cleanup", Time since last: 3000226036 ns, Reaching safepoint: 24700 ns, At safepoint: 2800 ns, Total: 27500 ns
[1404.023s][info ][safepoint      ] Safepoint "Cleanup", Time since last: 4000272163 ns, Reaching safepoint: 31400 ns, At safepoint: 2600 ns, Total: 34000 ns
[1405.023s][info ][safepoint      ] Safepoint "Cleanup", Time since last: 1000102419 ns, Reaching safepoint: 44500 ns, At safepoint: 9599 ns, Total: 54099 ns
[1411.024s][info ][safepoint      ] Safepoint "Cleanup", Time since last: 6000383135 ns, Reaching safepoint: 40700 ns, At safepoint: 3900 ns, Total: 44600 ns
[1417.024s][info ][safepoint      ] Safepoint "Cleanup", Time since last: 6000420674 ns, Reaching safepoint: 49800 ns, At safepoint: 2200 ns, Total: 52000 ns
[1423.025s][info ][safepoint      ] Safepoint "Cleanup", Time since last: 6000377312 ns, Reaching safepoint: 27700 ns, At safepoint: 3000 ns, Total: 30700 ns
[1424.025s][info ][safepoint      ] Safepoint "Cleanup", Time since last: 1000102539 ns, Reaching safepoint: 56600 ns, At safepoint: 5600 ns, Total: 62200 ns
[1432.026s][info ][safepoint      ] Safepoint "Cleanup", Time since last: 8000542450 ns, Reaching safepoint: 27000 ns, At safepoint: 15300 ns, Total: 42300 ns
[1436.026s][info ][safepoint      ] Safepoint "Cleanup", Time since last: 4000281400 ns, Reaching safepoint: 38000 ns, At safepoint: 2600 ns, Total: 40600 ns
[1436.714s][info ][gc,start       ] GC(50) Pause Young (Allocation Failure)
[1436.723s][debug][gc,phases      ] GC(50) Scavenge 8.605ms
[1436.723s][debug][gc,ref         ] GC(50) Skipped phase 1 of Reference Processing: no references
[1436.723s][debug][gc,ref         ] GC(50) ReferenceProcessor::execute queues: 1, RefProcThreadModel::Single, marks_oops_alive: false
[1436.723s][debug][gc,ref         ] GC(50) Skipped phase 3 of Reference Processing: no references
[1436.723s][debug][gc,ref         ] GC(50) ReferenceProcessor::execute queues: 1, RefProcThreadModel::Single, marks_oops_alive: false
[1436.723s][debug][gc,phases      ] GC(50) Reference Processing 0.095ms
[1436.723s][debug][gc,phases      ] GC(50)   VM Weak                        Min:  0.0, Avg:  0.0, Max:  0.0, Diff:  0.0, Sum:  0.0, Workers: 4
[1436.723s][debug][gc,phases      ] GC(50)     Dead                           Min: 0, Avg:  0.0, Max: 0, Diff: 0, Sum: 0, Workers: 4
[1436.723s][debug][gc,phases      ] GC(50)     Total                          Min: 0, Avg: 188.2, Max: 689, Diff: 689, Sum: 753, Workers: 4
[1436.723s][debug][gc,phases      ] GC(50)   ObjectSynchronizer Weak        Min:  0.0, Avg:  0.0, Max:  0.0, Diff:  0.0, Sum:  0.0, Workers: 4
[1436.723s][debug][gc,phases      ] GC(50)     Dead                           Min: 0, Avg:  0.0, Max: 0, Diff: 0, Sum: 0, Workers: 4
[1436.723s][debug][gc,phases      ] GC(50)     Total                          Min: 0, Avg:  8.2, Max: 33, Diff: 33, Sum: 33, Workers: 4
[1436.723s][debug][gc,phases      ] GC(50)   JVMTI Tag Weak OopStorage      Min:  0.0, Avg:  0.0, Max:  0.0, Diff:  0.0, Sum:  0.0, Workers: 4
[1436.723s][debug][gc,phases      ] GC(50)     Dead                           Min: 0, Avg:  0.0, Max: 0, Diff: 0, Sum: 0, Workers: 4
[1436.723s][debug][gc,phases      ] GC(50)     Total                          Min: 0, Avg:  0.0, Max: 0, Diff: 0, Sum: 0, Workers: 4
[1436.723s][debug][gc,phases      ] GC(50)   StringTable Weak               Min:  0.1, Avg:  0.1, Max:  0.1, Diff:  0.0, Sum:  0.4, Workers: 4
[1436.723s][debug][gc,phases      ] GC(50)     Dead                           Min: 0, Avg:  0.0, Max: 0, Diff: 0, Sum: 0, Workers: 4
[1436.723s][debug][gc,phases      ] GC(50)     Total                          Min: 8192, Avg: 10630.2, Max: 12697, Diff: 4505, Sum: 42521, Workers: 4
[1436.723s][debug][gc,phases      ] GC(50)   ResolvedMethodTable Weak       Min:  0.0, Avg:  0.0, Max:  0.0, Diff:  0.0, Sum:  0.1, Workers: 4
[1436.723s][debug][gc,phases      ] GC(50)     Dead                           Min: 0, Avg:  0.0, Max: 0, Diff: 0, Sum: 0, Workers: 4
[1436.723s][debug][gc,phases      ] GC(50)     Total                          Min: 2048, Avg: 2126.8, Max: 2235, Diff: 187, Sum: 8507, Workers: 4
[1436.723s][debug][gc,phases      ] GC(50)   JNI Weak                       Min:  0.0, Avg:  0.0, Max:  0.0, Diff:  0.0, Sum:  0.0, Workers: 4
[1436.723s][debug][gc,phases      ] GC(50)     Dead                           Min: 0, Avg:  0.0, Max: 0, Diff: 0, Sum: 0, Workers: 4
[1436.723s][debug][gc,phases      ] GC(50)     Total                          Min: 0, Avg: 11.2, Max: 45, Diff: 45, Sum: 45, Workers: 4
[1436.723s][debug][gc,phases      ] GC(50)   StringDedup Table Weak         Min:  0.0, Avg:  0.0, Max:  0.0, Diff:  0.0, Sum:  0.0, Workers: 4
[1436.723s][debug][gc,phases      ] GC(50)     Dead                           Min: 0, Avg:  0.0, Max: 0, Diff: 0, Sum: 0, Workers: 4
[1436.723s][debug][gc,phases      ] GC(50)     Total                          Min: 0, Avg:  0.0, Max: 0, Diff: 0, Sum: 0, Workers: 4
[1436.723s][debug][gc,phases      ] GC(50)   StringDedup Requests0 Weak     Min:  0.0, Avg:  0.0, Max:  0.0, Diff:  0.0, Sum:  0.0, Workers: 4
[1436.723s][debug][gc,phases      ] GC(50)     Dead                           Min: 0, Avg:  0.0, Max: 0, Diff: 0, Sum: 0, Workers: 4
[1436.723s][debug][gc,phases      ] GC(50)     Total                          Min: 0, Avg:  0.0, Max: 0, Diff: 0, Sum: 0, Workers: 4
[1436.723s][debug][gc,phases      ] GC(50)   StringDedup Requests1 Weak     Min:  0.0, Avg:  0.0, Max:  0.0, Diff:  0.0, Sum:  0.0, Workers: 4
[1436.723s][debug][gc,phases      ] GC(50)     Dead                           Min: 0, Avg:  0.0, Max: 0, Diff: 0, Sum: 0, Workers: 4
[1436.723s][debug][gc,phases      ] GC(50)     Total                          Min: 0, Avg:  0.0, Max: 0, Diff: 0, Sum: 0, Workers: 4
[1436.723s][debug][gc,phases      ] GC(50)   Weak JFR Old Object Samples    Min:  0.0, Avg:  0.0, Max:  0.0, Diff:  0.0, Sum:  0.0, Workers: 4
[1436.723s][debug][gc,phases      ] GC(50)     Dead                           Min: 0, Avg:  0.0, Max: 0, Diff: 0, Sum: 0, Workers: 4
[1436.723s][debug][gc,phases      ] GC(50)     Total                          Min: 0, Avg:  0.0, Max: 0, Diff: 0, Sum: 0, Workers: 4
[1436.723s][debug][gc,phases      ] GC(50) Weak Processing 0.302ms
[1436.723s][debug][gc,age         ] GC(50) Desired survivor size 91226112 bytes, new threshold 15 (max threshold 15)
[1436.723s][info ][gc,heap        ] GC(50) PSYoungGen: 1924336K(2001408K)->25504K(1994240K) Eden: 1898496K(1898496K)->0K(1898496K) From: 25840K(102912K)->25504K(95744K)
[1436.723s][info ][gc,heap        ] GC(50) ParOldGen: 486058K(625664K)->486538K(625664K)
[1436.723s][info ][gc,metaspace   ] GC(50) Metaspace: 78908K(79872K)->78908K(79872K) NonClass: 67772K(68288K)->67772K(68288K) Class: 11135K(11584K)->11135K(11584K)
[1436.723s][info ][gc             ] GC(50) Pause Young (Allocation Failure) 2353M->500M(2558M) 9.099ms
[1436.723s][info ][gc,cpu         ] GC(50) User=0.03s Sys=0.00s Real=0.01s
[1436.723s][info ][safepoint      ] Safepoint "ParallelGCFailedAllocation", Time since last: 688301615 ns, Reaching safepoint: 25299 ns, At safepoint: 9164663 ns, Total: 9189962 ns
[1441.724s][info ][safepoint      ] Safepoint "Cleanup", Time since last: 5000289378 ns, Reaching safepoint: 39200 ns, At safepoint: 12000 ns, Total: 51200 ns
[1443.724s][info ][safepoint      ] Safepoint "Cleanup", Time since last: 2000153118 ns, Reaching safepoint: 27700 ns, At safepoint: 2200 ns, Total: 29900 ns
[1444.724s][info ][safepoint      ] Safepoint "Cleanup", Time since last: 1000091160 ns, Reaching safepoint: 45400 ns, At safepoint: 5000 ns, Total: 50400 ns
[1447.724s][info ][safepoint      ] Safepoint "Cleanup", Time since last: 3000206388 ns, Reaching safepoint: 37599 ns, At safepoint: 3700 ns, Total: 41299 ns
[1448.725s][info ][safepoint      ] Safepoint "Cleanup", Time since last: 1000107265 ns, Reaching safepoint: 111499 ns, At safepoint: 15000 ns, Total: 126499 ns
[1463.725s][info ][safepoint      ] Safepoint "Cleanup", Time since last: 15000938290 ns, Reaching safepoint: 39499 ns, At safepoint: 2800 ns, Total: 42299 ns
[1467.726s][info ][safepoint      ] Safepoint "Cleanup", Time since last: 4000262028 ns, Reaching safepoint: 26800 ns, At safepoint: 3000 ns, Total: 29800 ns
[1470.726s][info ][safepoint      ] Safepoint "Cleanup", Time since last: 3000229556 ns, Reaching safepoint: 50700 ns, At safepoint: 4200 ns, Total: 54900 ns
[1471.726s][info ][safepoint      ] Safepoint "Cleanup", Time since last: 1000059987 ns, Reaching safepoint: 24200 ns, At safepoint: 2300 ns, Total: 26500 ns
[1474.726s][info ][safepoint      ] Safepoint "Cleanup", Time since last: 3000190068 ns, Reaching safepoint: 43600 ns, At safepoint: 2400 ns, Total: 46000 ns
[1483.727s][info ][safepoint      ] Safepoint "Cleanup", Time since last: 9000580654 ns, Reaching safepoint: 44900 ns, At safepoint: 7300 ns, Total: 52200 ns
[1484.727s][info ][safepoint      ] Safepoint "Cleanup", Time since last: 1000091099 ns, Reaching safepoint: 23400 ns, At safepoint: 2400 ns, Total: 25800 ns
[1487.727s][info ][safepoint      ] Safepoint "Cleanup", Time since last: 3000221405 ns, Reaching safepoint: 38000 ns, At safepoint: 2600 ns, Total: 40600 ns
[1488.110s][info ][gc,start       ] GC(51) Pause Young (Allocation Failure)
[1488.121s][debug][gc,phases      ] GC(51) Scavenge 10.418ms
[1488.121s][debug][gc,ref         ] GC(51) Skipped phase 1 of Reference Processing: no references
[1488.121s][debug][gc,ref         ] GC(51) ReferenceProcessor::execute queues: 1, RefProcThreadModel::Single, marks_oops_alive: false
[1488.121s][debug][gc,ref         ] GC(51) Skipped phase 3 of Reference Processing: no references
[1488.121s][debug][gc,ref         ] GC(51) ReferenceProcessor::execute queues: 1, RefProcThreadModel::Single, marks_oops_alive: false
[1488.121s][debug][gc,phases      ] GC(51) Reference Processing 0.088ms
[1488.121s][debug][gc,phases      ] GC(51)   VM Weak                        Min:  0.0, Avg:  0.0, Max:  0.0, Diff:  0.0, Sum:  0.0, Workers: 4
[1488.121s][debug][gc,phases      ] GC(51)     Dead                           Min: 0, Avg:  0.0, Max: 0, Diff: 0, Sum: 0, Workers: 4
[1488.121s][debug][gc,phases      ] GC(51)     Total                          Min: 0, Avg: 188.2, Max: 625, Diff: 625, Sum: 753, Workers: 4
[1488.121s][debug][gc,phases      ] GC(51)   ObjectSynchronizer Weak        Min:  0.0, Avg:  0.0, Max:  0.0, Diff:  0.0, Sum:  0.0, Workers: 4
[1488.121s][debug][gc,phases      ] GC(51)     Dead                           Min: 0, Avg:  0.0, Max: 0, Diff: 0, Sum: 0, Workers: 4
[1488.121s][debug][gc,phases      ] GC(51)     Total                          Min: 0, Avg:  8.2, Max: 33, Diff: 33, Sum: 33, Workers: 4
[1488.121s][debug][gc,phases      ] GC(51)   JVMTI Tag Weak OopStorage      Min:  0.0, Avg:  0.0, Max:  0.0, Diff:  0.0, Sum:  0.0, Workers: 4
[1488.121s][debug][gc,phases      ] GC(51)     Dead                           Min: 0, Avg:  0.0, Max: 0, Diff: 0, Sum: 0, Workers: 4
[1488.121s][debug][gc,phases      ] GC(51)     Total                          Min: 0, Avg:  0.0, Max: 0, Diff: 0, Sum: 0, Workers: 4
[1488.121s][debug][gc,phases      ] GC(51)   StringTable Weak               Min:  0.0, Avg:  0.1, Max:  0.1, Diff:  0.1, Sum:  0.4, Workers: 4
[1488.121s][debug][gc,phases      ] GC(51)     Dead                           Min: 0, Avg:  0.0, Max: 0, Diff: 0, Sum: 0, Workers: 4
[1488.121s][debug][gc,phases      ] GC(51)     Total                          Min: 0, Avg: 10631.0, Max: 16768, Diff: 16768, Sum: 42524, Workers: 4
[1488.121s][debug][gc,phases      ] GC(51)   ResolvedMethodTable Weak       Min:  0.0, Avg:  0.0, Max:  0.0, Diff:  0.0, Sum:  0.1, Workers: 4
[1488.121s][debug][gc,phases      ] GC(51)     Dead                           Min: 0, Avg:  0.0, Max: 0, Diff: 0, Sum: 0, Workers: 4
[1488.121s][debug][gc,phases      ] GC(51)     Total                          Min: 0, Avg: 2126.8, Max: 3643, Diff: 3643, Sum: 8507, Workers: 4
[1488.121s][debug][gc,phases      ] GC(51)   JNI Weak                       Min:  0.0, Avg:  0.0, Max:  0.0, Diff:  0.0, Sum:  0.0, Workers: 4
[1488.121s][debug][gc,phases      ] GC(51)     Dead                           Min: 0, Avg:  0.0, Max: 0, Diff: 0, Sum: 0, Workers: 4
[1488.121s][debug][gc,phases      ] GC(51)     Total                          Min: 0, Avg: 11.2, Max: 45, Diff: 45, Sum: 45, Workers: 4
[1488.121s][debug][gc,phases      ] GC(51)   StringDedup Table Weak         Min:  0.0, Avg:  0.0, Max:  0.0, Diff:  0.0, Sum:  0.0, Workers: 4
[1488.121s][debug][gc,phases      ] GC(51)     Dead                           Min: 0, Avg:  0.0, Max: 0, Diff: 0, Sum: 0, Workers: 4
[1488.121s][debug][gc,phases      ] GC(51)     Total                          Min: 0, Avg:  0.0, Max: 0, Diff: 0, Sum: 0, Workers: 4
[1488.121s][debug][gc,phases      ] GC(51)   StringDedup Requests0 Weak     Min:  0.0, Avg:  0.0, Max:  0.0, Diff:  0.0, Sum:  0.0, Workers: 4
[1488.121s][debug][gc,phases      ] GC(51)     Dead                           Min: 0, Avg:  0.0, Max: 0, Diff: 0, Sum: 0, Workers: 4
[1488.121s][debug][gc,phases      ] GC(51)     Total                          Min: 0, Avg:  0.0, Max: 0, Diff: 0, Sum: 0, Workers: 4
[1488.121s][debug][gc,phases      ] GC(51)   StringDedup Requests1 Weak     Min:  0.0, Avg:  0.0, Max:  0.0, Diff:  0.0, Sum:  0.0, Workers: 4
[1488.121s][debug][gc,phases      ] GC(51)     Dead                           Min: 0, Avg:  0.0, Max: 0, Diff: 0, Sum: 0, Workers: 4
[1488.121s][debug][gc,phases      ] GC(51)     Total                          Min: 0, Avg:  0.0, Max: 0, Diff: 0, Sum: 0, Workers: 4
[1488.121s][debug][gc,phases      ] GC(51)   Weak JFR Old Object Samples    Min:  0.0, Avg:  0.0, Max:  0.0, Diff:  0.0, Sum:  0.0, Workers: 4
[1488.121s][debug][gc,phases      ] GC(51)     Dead                           Min: 0, Avg:  0.0, Max: 0, Diff: 0, Sum: 0, Workers: 4
[1488.121s][debug][gc,phases      ] GC(51)     Total                          Min: 0, Avg:  0.0, Max: 0, Diff: 0, Sum: 0, Workers: 4
[1488.121s][debug][gc,phases      ] GC(51) Weak Processing 0.309ms
[1488.121s][debug][gc,age         ] GC(51) Desired survivor size 89653248 bytes, new threshold 15 (max threshold 15)
[1488.121s][info ][gc,heap        ] GC(51) PSYoungGen: 1924000K(1994240K)->40176K(2009600K) Eden: 1898496K(1898496K)->0K(1920512K) From: 25504K(95744K)->40176K(89088K)
[1488.121s][info ][gc,heap        ] GC(51) ParOldGen: 486538K(625664K)->486690K(625664K)
[1488.121s][info ][gc,metaspace   ] GC(51) Metaspace: 78937K(79936K)->78937K(79936K) NonClass: 67801K(68352K)->67801K(68352K) Class: 11136K(11584K)->11136K(11584K)
[1488.121s][info ][gc             ] GC(51) Pause Young (Allocation Failure) 2354M->514M(2573M) 10.913ms
[1488.121s][info ][gc,cpu         ] GC(51) User=0.04s Sys=0.00s Real=0.01s
[1488.121s][info ][safepoint      ] Safepoint "ParallelGCFailedAllocation", Time since last: 382708270 ns, Reaching safepoint: 42400 ns, At safepoint: 10981656 ns, Total: 11024056 ns
[1491.121s][info ][safepoint      ] Safepoint "Cleanup", Time since last: 3000164914 ns, Reaching safepoint: 44000 ns, At safepoint: 3200 ns, Total: 47200 ns
[1499.122s][info ][safepoint      ] Safepoint "Cleanup", Time since last: 8000524978 ns, Reaching safepoint: 27100 ns, At safepoint: 2400 ns, Total: 29500 ns
[1503.122s][info ][safepoint      ] Safepoint "Cleanup", Time since last: 4000260661 ns, Reaching safepoint: 34800 ns, At safepoint: 2500 ns, Total: 37300 ns
[1519.123s][info ][safepoint      ] Safepoint "Cleanup", Time since last: 16001005589 ns, Reaching safepoint: 44899 ns, At safepoint: 5500 ns, Total: 50399 ns
[1527.124s][info ][safepoint      ] Safepoint "Cleanup", Time since last: 8000547679 ns, Reaching safepoint: 26500 ns, At safepoint: 2400 ns, Total: 28900 ns
[1531.124s][info ][safepoint      ] Safepoint "Cleanup", Time since last: 4000279060 ns, Reaching safepoint: 43000 ns, At safepoint: 3100 ns, Total: 46100 ns
[1538.125s][info ][safepoint      ] Safepoint "Cleanup", Time since last: 7000486113 ns, Reaching safepoint: 26800 ns, At safepoint: 2300 ns, Total: 29100 ns
[1539.464s][info ][gc,start       ] GC(52) Pause Young (Allocation Failure)
[1539.474s][debug][gc,phases      ] GC(52) Scavenge 10.460ms
[1539.474s][debug][gc,ref         ] GC(52) Skipped phase 1 of Reference Processing: no references
[1539.474s][debug][gc,ref         ] GC(52) ReferenceProcessor::execute queues: 1, RefProcThreadModel::Single, marks_oops_alive: false
[1539.474s][debug][gc,ref         ] GC(52) Skipped phase 3 of Reference Processing: no references
[1539.474s][debug][gc,ref         ] GC(52) ReferenceProcessor::execute queues: 1, RefProcThreadModel::Single, marks_oops_alive: false
[1539.474s][debug][gc,phases      ] GC(52) Reference Processing 0.090ms
[1539.474s][debug][gc,phases      ] GC(52)   VM Weak                        Min:  0.0, Avg:  0.0, Max:  0.0, Diff:  0.0, Sum:  0.0, Workers: 4
[1539.474s][debug][gc,phases      ] GC(52)     Dead                           Min: 0, Avg:  0.0, Max: 0, Diff: 0, Sum: 0, Workers: 4
[1539.474s][debug][gc,phases      ] GC(52)     Total                          Min: 0, Avg: 188.2, Max: 561, Diff: 561, Sum: 753, Workers: 4
[1539.474s][debug][gc,phases      ] GC(52)   ObjectSynchronizer Weak        Min:  0.0, Avg:  0.0, Max:  0.0, Diff:  0.0, Sum:  0.0, Workers: 4
[1539.474s][debug][gc,phases      ] GC(52)     Dead                           Min: 0, Avg:  0.0, Max: 0, Diff: 0, Sum: 0, Workers: 4
[1539.474s][debug][gc,phases      ] GC(52)     Total                          Min: 0, Avg:  8.2, Max: 33, Diff: 33, Sum: 33, Workers: 4
[1539.474s][debug][gc,phases      ] GC(52)   JVMTI Tag Weak OopStorage      Min:  0.0, Avg:  0.0, Max:  0.0, Diff:  0.0, Sum:  0.0, Workers: 4
[1539.474s][debug][gc,phases      ] GC(52)     Dead                           Min: 0, Avg:  0.0, Max: 0, Diff: 0, Sum: 0, Workers: 4
[1539.474s][debug][gc,phases      ] GC(52)     Total                          Min: 0, Avg:  0.0, Max: 0, Diff: 0, Sum: 0, Workers: 4
[1539.474s][debug][gc,phases      ] GC(52)   StringTable Weak               Min:  0.0, Avg:  0.1, Max:  0.1, Diff:  0.1, Sum:  0.3, Workers: 4
[1539.474s][debug][gc,phases      ] GC(52)     Dead                           Min: 0, Avg:  0.0, Max: 0, Diff: 0, Sum: 0, Workers: 4
[1539.474s][debug][gc,phases      ] GC(52)     Total                          Min: 0, Avg: 10635.8, Max: 16576, Diff: 16576, Sum: 42543, Workers: 4
[1539.474s][debug][gc,phases      ] GC(52)   ResolvedMethodTable Weak       Min:  0.0, Avg:  0.0, Max:  0.0, Diff:  0.0, Sum:  0.1, Workers: 4
[1539.474s][debug][gc,phases      ] GC(52)     Dead                           Min: 0, Avg:  0.0, Max: 0, Diff: 0, Sum: 0, Workers: 4
[1539.474s][debug][gc,phases      ] GC(52)     Total                          Min: 0, Avg: 2126.8, Max: 3643, Diff: 3643, Sum: 8507, Workers: 4
[1539.474s][debug][gc,phases      ] GC(52)   JNI Weak                       Min:  0.0, Avg:  0.0, Max:  0.0, Diff:  0.0, Sum:  0.0, Workers: 4
[1539.474s][debug][gc,phases      ] GC(52)     Dead                           Min: 0, Avg:  0.0, Max: 0, Diff: 0, Sum: 0, Workers: 4
[1539.474s][debug][gc,phases      ] GC(52)     Total                          Min: 0, Avg: 11.2, Max: 45, Diff: 45, Sum: 45, Workers: 4
[1539.474s][debug][gc,phases      ] GC(52)   StringDedup Table Weak         Min:  0.0, Avg:  0.0, Max:  0.0, Diff:  0.0, Sum:  0.0, Workers: 4
[1539.474s][debug][gc,phases      ] GC(52)     Dead                           Min: 0, Avg:  0.0, Max: 0, Diff: 0, Sum: 0, Workers: 4
[1539.474s][debug][gc,phases      ] GC(52)     Total                          Min: 0, Avg:  0.0, Max: 0, Diff: 0, Sum: 0, Workers: 4
[1539.474s][debug][gc,phases      ] GC(52)   StringDedup Requests0 Weak     Min:  0.0, Avg:  0.0, Max:  0.0, Diff:  0.0, Sum:  0.0, Workers: 4
[1539.474s][debug][gc,phases      ] GC(52)     Dead                           Min: 0, Avg:  0.0, Max: 0, Diff: 0, Sum: 0, Workers: 4
[1539.474s][debug][gc,phases      ] GC(52)     Total                          Min: 0, Avg:  0.0, Max: 0, Diff: 0, Sum: 0, Workers: 4
[1539.474s][debug][gc,phases      ] GC(52)   StringDedup Requests1 Weak     Min:  0.0, Avg:  0.0, Max:  0.0, Diff:  0.0, Sum:  0.0, Workers: 4
[1539.474s][debug][gc,phases      ] GC(52)     Dead                           Min: 0, Avg:  0.0, Max: 0, Diff: 0, Sum: 0, Workers: 4
[1539.474s][debug][gc,phases      ] GC(52)     Total                          Min: 0, Avg:  0.0, Max: 0, Diff: 0, Sum: 0, Workers: 4
[1539.474s][debug][gc,phases      ] GC(52)   Weak JFR Old Object Samples    Min:  0.0, Avg:  0.0, Max:  0.0, Diff:  0.0, Sum:  0.0, Workers: 4
[1539.474s][debug][gc,phases      ] GC(52)     Dead                           Min: 0, Avg:  0.0, Max: 0, Diff: 0, Sum: 0, Workers: 4
[1539.474s][debug][gc,phases      ] GC(52)     Total                          Min: 0, Avg:  0.0, Max: 0, Diff: 0, Sum: 0, Workers: 4
[1539.474s][debug][gc,phases      ] GC(52) Weak Processing 0.302ms
[1539.475s][debug][gc,age         ] GC(52) Desired survivor size 88080384 bytes, new threshold 15 (max threshold 15)
[1539.475s][info ][gc,heap        ] GC(52) PSYoungGen: 1960688K(2009600K)->40304K(2008064K) Eden: 1920512K(1920512K)->0K(1920512K) From: 40176K(89088K)->40304K(87552K)
[1539.475s][info ][gc,heap        ] GC(52) ParOldGen: 486690K(625664K)->486882K(625664K)
[1539.475s][info ][gc,metaspace   ] GC(52) Metaspace: 78952K(79936K)->78952K(79936K) NonClass: 67815K(68352K)->67815K(68352K) Class: 11136K(11584K)->11136K(11584K)
[1539.475s][info ][gc             ] GC(52) Pause Young (Allocation Failure) 2390M->514M(2572M) 10.964ms
[1539.475s][info ][gc,cpu         ] GC(52) User=0.04s Sys=0.00s Real=0.01s
[1539.475s][info ][safepoint      ] Safepoint "ParallelGCFailedAllocation", Time since last: 1338835309 ns, Reaching safepoint: 37100 ns, At safepoint: 11035457 ns, Total: 11072557 ns
[1545.475s][info ][safepoint      ] Safepoint "Cleanup", Time since last: 6000353308 ns, Reaching safepoint: 39100 ns, At safepoint: 3900 ns, Total: 43000 ns
[1552.475s][info ][safepoint      ] Safepoint "Cleanup", Time since last: 7000432398 ns, Reaching safepoint: 39500 ns, At safepoint: 10899 ns, Total: 50399 ns
[1558.476s][info ][safepoint      ] Safepoint "Cleanup", Time since last: 6000419773 ns, Reaching safepoint: 27800 ns, At safepoint: 2400 ns, Total: 30200 ns
[1563.476s][info ][safepoint      ] Safepoint "Cleanup", Time since last: 5000330633 ns, Reaching safepoint: 25800 ns, At safepoint: 2900 ns, Total: 28700 ns
[1568.477s][info ][safepoint      ] Safepoint "Cleanup", Time since last: 5000298953 ns, Reaching safepoint: 41100 ns, At safepoint: 3500 ns, Total: 44600 ns
[1570.477s][info ][safepoint      ] Safepoint "Cleanup", Time since last: 2000146647 ns, Reaching safepoint: 53900 ns, At safepoint: 2600 ns, Total: 56500 ns
[1572.477s][info ][safepoint      ] Safepoint "Cleanup", Time since last: 2000149450 ns, Reaching safepoint: 27200 ns, At safepoint: 2500 ns, Total: 29700 ns
[1575.477s][info ][safepoint      ] Safepoint "Cleanup", Time since last: 3000197531 ns, Reaching safepoint: 52399 ns, At safepoint: 5400 ns, Total: 57799 ns
[1576.477s][info ][safepoint      ] Safepoint "Cleanup", Time since last: 1000086579 ns, Reaching safepoint: 43800 ns, At safepoint: 3500 ns, Total: 47300 ns
[1581.478s][info ][safepoint      ] Safepoint "Cleanup", Time since last: 5000345904 ns, Reaching safepoint: 53600 ns, At safepoint: 8500 ns, Total: 62100 ns
[1582.478s][info ][safepoint      ] Safepoint "Cleanup", Time since last: 1000091283 ns, Reaching safepoint: 42200 ns, At safepoint: 3500 ns, Total: 45700 ns
[1583.478s][info ][safepoint      ] Safepoint "Cleanup", Time since last: 1000108684 ns, Reaching safepoint: 24900 ns, At safepoint: 2400 ns, Total: 27300 ns
[1591.015s][info ][gc,start       ] GC(53) Pause Young (Allocation Failure)
[1591.025s][debug][gc,phases      ] GC(53) Scavenge 10.308ms
[1591.025s][debug][gc,ref         ] GC(53) Skipped phase 1 of Reference Processing: no references
[1591.025s][debug][gc,ref         ] GC(53) ReferenceProcessor::execute queues: 1, RefProcThreadModel::Single, marks_oops_alive: false
[1591.025s][debug][gc,ref         ] GC(53) Skipped phase 3 of Reference Processing: no references
[1591.025s][debug][gc,ref         ] GC(53) ReferenceProcessor::execute queues: 1, RefProcThreadModel::Single, marks_oops_alive: false
[1591.025s][debug][gc,phases      ] GC(53) Reference Processing 0.090ms
[1591.025s][debug][gc,phases      ] GC(53)   VM Weak                        Min:  0.0, Avg:  0.0, Max:  0.0, Diff:  0.0, Sum:  0.0, Workers: 4
[1591.025s][debug][gc,phases      ] GC(53)     Dead                           Min: 0, Avg:  0.0, Max: 0, Diff: 0, Sum: 0, Workers: 4
[1591.025s][debug][gc,phases      ] GC(53)     Total                          Min: 0, Avg: 188.2, Max: 448, Diff: 448, Sum: 753, Workers: 4
[1591.025s][debug][gc,phases      ] GC(53)   ObjectSynchronizer Weak        Min:  0.0, Avg:  0.0, Max:  0.0, Diff:  0.0, Sum:  0.0, Workers: 4
[1591.025s][debug][gc,phases      ] GC(53)     Dead                           Min: 0, Avg:  0.0, Max: 0, Diff: 0, Sum: 0, Workers: 4
[1591.025s][debug][gc,phases      ] GC(53)     Total                          Min: 0, Avg:  8.2, Max: 33, Diff: 33, Sum: 33, Workers: 4
[1591.025s][debug][gc,phases      ] GC(53)   JVMTI Tag Weak OopStorage      Min:  0.0, Avg:  0.0, Max:  0.0, Diff:  0.0, Sum:  0.0, Workers: 4
[1591.025s][debug][gc,phases      ] GC(53)     Dead                           Min: 0, Avg:  0.0, Max: 0, Diff: 0, Sum: 0, Workers: 4
[1591.025s][debug][gc,phases      ] GC(53)     Total                          Min: 0, Avg:  0.0, Max: 0, Diff: 0, Sum: 0, Workers: 4
[1591.025s][debug][gc,phases      ] GC(53)   StringTable Weak               Min:  0.1, Avg:  0.1, Max:  0.1, Diff:  0.0, Sum:  0.4, Workers: 4
[1591.025s][debug][gc,phases      ] GC(53)     Dead                           Min: 0, Avg:  0.0, Max: 0, Diff: 0, Sum: 0, Workers: 4
[1591.025s][debug][gc,phases      ] GC(53)     Total                          Min: 9792, Avg: 10635.8, Max: 11055, Diff: 1263, Sum: 42543, Workers: 4
[1591.025s][debug][gc,phases      ] GC(53)   ResolvedMethodTable Weak       Min:  0.0, Avg:  0.0, Max:  0.0, Diff:  0.0, Sum:  0.1, Workers: 4
[1591.025s][debug][gc,phases      ] GC(53)     Dead                           Min: 0, Avg:  0.0, Max: 0, Diff: 0, Sum: 0, Workers: 4
[1591.025s][debug][gc,phases      ] GC(53)     Total                          Min: 2107, Avg: 2126.8, Max: 2176, Diff: 69, Sum: 8507, Workers: 4
[1591.025s][debug][gc,phases      ] GC(53)   JNI Weak                       Min:  0.0, Avg:  0.0, Max:  0.0, Diff:  0.0, Sum:  0.0, Workers: 4
[1591.025s][debug][gc,phases      ] GC(53)     Dead                           Min: 0, Avg:  0.0, Max: 0, Diff: 0, Sum: 0, Workers: 4
[1591.025s][debug][gc,phases      ] GC(53)     Total                          Min: 0, Avg: 11.2, Max: 45, Diff: 45, Sum: 45, Workers: 4
[1591.025s][debug][gc,phases      ] GC(53)   StringDedup Table Weak         Min:  0.0, Avg:  0.0, Max:  0.0, Diff:  0.0, Sum:  0.0, Workers: 4
[1591.025s][debug][gc,phases      ] GC(53)     Dead                           Min: 0, Avg:  0.0, Max: 0, Diff: 0, Sum: 0, Workers: 4
[1591.025s][debug][gc,phases      ] GC(53)     Total                          Min: 0, Avg:  0.0, Max: 0, Diff: 0, Sum: 0, Workers: 4
[1591.025s][debug][gc,phases      ] GC(53)   StringDedup Requests0 Weak     Min:  0.0, Avg:  0.0, Max:  0.0, Diff:  0.0, Sum:  0.0, Workers: 4
[1591.025s][debug][gc,phases      ] GC(53)     Dead                           Min: 0, Avg:  0.0, Max: 0, Diff: 0, Sum: 0, Workers: 4
[1591.025s][debug][gc,phases      ] GC(53)     Total                          Min: 0, Avg:  0.0, Max: 0, Diff: 0, Sum: 0, Workers: 4
[1591.025s][debug][gc,phases      ] GC(53)   StringDedup Requests1 Weak     Min:  0.0, Avg:  0.0, Max:  0.0, Diff:  0.0, Sum:  0.0, Workers: 4
[1591.025s][debug][gc,phases      ] GC(53)     Dead                           Min: 0, Avg:  0.0, Max: 0, Diff: 0, Sum: 0, Workers: 4
[1591.025s][debug][gc,phases      ] GC(53)     Total                          Min: 0, Avg:  0.0, Max: 0, Diff: 0, Sum: 0, Workers: 4
[1591.025s][debug][gc,phases      ] GC(53)   Weak JFR Old Object Samples    Min:  0.0, Avg:  0.0, Max:  0.0, Diff:  0.0, Sum:  0.0, Workers: 4
[1591.025s][debug][gc,phases      ] GC(53)     Dead                           Min: 0, Avg:  0.0, Max: 0, Diff: 0, Sum: 0, Workers: 4
[1591.025s][debug][gc,phases      ] GC(53)     Total                          Min: 0, Avg:  0.0, Max: 0, Diff: 0, Sum: 0, Workers: 4
[1591.025s][debug][gc,phases      ] GC(53) Weak Processing 0.285ms
[1591.025s][debug][gc,age         ] GC(53) Desired survivor size 86507520 bytes, new threshold 15 (max threshold 15)
[1591.025s][info ][gc,heap        ] GC(53) PSYoungGen: 1960816K(2008064K)->40448K(2012672K) Eden: 1920512K(1920512K)->0K(1926656K) From: 40304K(87552K)->40448K(86016K)
[1591.025s][info ][gc,heap        ] GC(53) ParOldGen: 486882K(625664K)->486994K(625664K)
[1591.025s][info ][gc,metaspace   ] GC(53) Metaspace: 78960K(79936K)->78960K(79936K) NonClass: 67824K(68352K)->67824K(68352K) Class: 11136K(11584K)->11136K(11584K)
[1591.025s][info ][gc             ] GC(53) Pause Young (Allocation Failure) 2390M->515M(2576M) 10.807ms
[1591.025s][info ][gc,cpu         ] GC(53) User=0.04s Sys=0.01s Real=0.01s
[1591.025s][info ][safepoint      ] Safepoint "ParallelGCFailedAllocation", Time since last: 7536493614 ns, Reaching safepoint: 23500 ns, At safepoint: 10879157 ns, Total: 10902657 ns
[1604.026s][info ][safepoint      ] Safepoint "Cleanup", Time since last: 13000822637 ns, Reaching safepoint: 47500 ns, At safepoint: 2900 ns, Total: 50400 ns
[1607.027s][info ][safepoint      ] Safepoint "Cleanup", Time since last: 3000220203 ns, Reaching safepoint: 43300 ns, At safepoint: 4200 ns, Total: 47500 ns
[1614.027s][info ][safepoint      ] Safepoint "Cleanup", Time since last: 7000495333 ns, Reaching safepoint: 38500 ns, At safepoint: 4400 ns, Total: 42900 ns
[1616.027s][info ][safepoint      ] Safepoint "Cleanup", Time since last: 2000166416 ns, Reaching safepoint: 39000 ns, At safepoint: 4900 ns, Total: 43900 ns
[1624.028s][info ][safepoint      ] Safepoint "Cleanup", Time since last: 8000466094 ns, Reaching safepoint: 48500 ns, At safepoint: 3000 ns, Total: 51500 ns
[1625.028s][info ][safepoint      ] Safepoint "Cleanup", Time since last: 1000090915 ns, Reaching safepoint: 27800 ns, At safepoint: 6200 ns, Total: 34000 ns
[1634.029s][info ][safepoint      ] Safepoint "Cleanup", Time since last: 9000598866 ns, Reaching safepoint: 25000 ns, At safepoint: 2200 ns, Total: 27200 ns
[1637.029s][info ][safepoint      ] Safepoint "Cleanup", Time since last: 3000220368 ns, Reaching safepoint: 37300 ns, At safepoint: 2800 ns, Total: 40100 ns
[1639.029s][info ][safepoint      ] Safepoint "Cleanup", Time since last: 2000163348 ns, Reaching safepoint: 43900 ns, At safepoint: 2300 ns, Total: 46200 ns
[1643.029s][info ][safepoint      ] Safepoint "Cleanup", Time since last: 4000200007 ns, Reaching safepoint: 41600 ns, At safepoint: 2300 ns, Total: 43900 ns
[1644.029s][info ][safepoint      ] Safepoint "Cleanup", Time since last: 1000096828 ns, Reaching safepoint: 37700 ns, At safepoint: 3999 ns, Total: 41699 ns
[1646.030s][info ][safepoint      ] Safepoint "Cleanup", Time since last: 2000164659 ns, Reaching safepoint: 41800 ns, At safepoint: 14300 ns, Total: 56100 ns
[1647.865s][info ][safepoint      ] Safepoint "ParallelGCFailedAllocation", Time since last: 1835083100 ns, Reaching safepoint: 35199 ns, At safepoint: 7900 ns, Total: 43099 ns
[1647.865s][info ][gc,start       ] GC(54) Pause Young (GCLocker Initiated GC)
[1647.887s][debug][gc,phases      ] GC(54) Scavenge 21.769ms
[1647.887s][debug][gc,ref         ] GC(54) Skipped phase 1 of Reference Processing: no references
[1647.887s][debug][gc,ref         ] GC(54) ReferenceProcessor::execute queues: 1, RefProcThreadModel::Single, marks_oops_alive: false
[1647.887s][debug][gc,ref         ] GC(54) Skipped phase 3 of Reference Processing: no references
[1647.887s][debug][gc,ref         ] GC(54) ReferenceProcessor::execute queues: 1, RefProcThreadModel::Single, marks_oops_alive: false
[1647.887s][debug][gc,phases      ] GC(54) Reference Processing 0.109ms
[1647.887s][debug][gc,phases      ] GC(54)   VM Weak                        Min:  0.0, Avg:  0.0, Max:  0.0, Diff:  0.0, Sum:  0.0, Workers: 4
[1647.887s][debug][gc,phases      ] GC(54)     Dead                           Min: 0, Avg:  0.0, Max: 0, Diff: 0, Sum: 0, Workers: 4
[1647.887s][debug][gc,phases      ] GC(54)     Total                          Min: 0, Avg: 188.2, Max: 561, Diff: 561, Sum: 753, Workers: 4
[1647.887s][debug][gc,phases      ] GC(54)   ObjectSynchronizer Weak        Min:  0.0, Avg:  0.0, Max:  0.0, Diff:  0.0, Sum:  0.0, Workers: 4
[1647.887s][debug][gc,phases      ] GC(54)     Dead                           Min: 0, Avg:  0.0, Max: 0, Diff: 0, Sum: 0, Workers: 4
[1647.887s][debug][gc,phases      ] GC(54)     Total                          Min: 0, Avg:  8.2, Max: 33, Diff: 33, Sum: 33, Workers: 4
[1647.887s][debug][gc,phases      ] GC(54)   JVMTI Tag Weak OopStorage      Min:  0.0, Avg:  0.0, Max:  0.0, Diff:  0.0, Sum:  0.0, Workers: 4
[1647.887s][debug][gc,phases      ] GC(54)     Dead                           Min: 0, Avg:  0.0, Max: 0, Diff: 0, Sum: 0, Workers: 4
[1647.887s][debug][gc,phases      ] GC(54)     Total                          Min: 0, Avg:  0.0, Max: 0, Diff: 0, Sum: 0, Workers: 4
[1647.887s][debug][gc,phases      ] GC(54)   StringTable Weak               Min:  0.0, Avg:  0.1, Max:  0.2, Diff:  0.2, Sum:  0.3, Workers: 4
[1647.887s][debug][gc,phases      ] GC(54)     Dead                           Min: 0, Avg:  0.0, Max: 0, Diff: 0, Sum: 0, Workers: 4
[1647.887s][debug][gc,phases      ] GC(54)     Total                          Min: 0, Avg: 10636.0, Max: 21872, Diff: 21872, Sum: 42544, Workers: 4
[1647.887s][debug][gc,phases      ] GC(54)   ResolvedMethodTable Weak       Min:  0.0, Avg:  0.0, Max:  0.0, Diff:  0.0, Sum:  0.1, Workers: 4
[1647.887s][debug][gc,phases      ] GC(54)     Dead                           Min: 0, Avg:  0.0, Max: 0, Diff: 0, Sum: 0, Workers: 4
[1647.887s][debug][gc,phases      ] GC(54)     Total                          Min: 0, Avg: 2127.0, Max: 4288, Diff: 4288, Sum: 8508, Workers: 4
[1647.887s][debug][gc,phases      ] GC(54)   JNI Weak                       Min:  0.0, Avg:  0.0, Max:  0.0, Diff:  0.0, Sum:  0.0, Workers: 4
[1647.887s][debug][gc,phases      ] GC(54)     Dead                           Min: 0, Avg:  0.0, Max: 0, Diff: 0, Sum: 0, Workers: 4
[1647.887s][debug][gc,phases      ] GC(54)     Total                          Min: 0, Avg: 11.2, Max: 45, Diff: 45, Sum: 45, Workers: 4
[1647.887s][debug][gc,phases      ] GC(54)   StringDedup Table Weak         Min:  0.0, Avg:  0.0, Max:  0.0, Diff:  0.0, Sum:  0.0, Workers: 4
[1647.887s][debug][gc,phases      ] GC(54)     Dead                           Min: 0, Avg:  0.0, Max: 0, Diff: 0, Sum: 0, Workers: 4
[1647.887s][debug][gc,phases      ] GC(54)     Total                          Min: 0, Avg:  0.0, Max: 0, Diff: 0, Sum: 0, Workers: 4
[1647.887s][debug][gc,phases      ] GC(54)   StringDedup Requests0 Weak     Min:  0.0, Avg:  0.0, Max:  0.0, Diff:  0.0, Sum:  0.0, Workers: 4
[1647.887s][debug][gc,phases      ] GC(54)     Dead                           Min: 0, Avg:  0.0, Max: 0, Diff: 0, Sum: 0, Workers: 4
[1647.887s][debug][gc,phases      ] GC(54)     Total                          Min: 0, Avg:  0.0, Max: 0, Diff: 0, Sum: 0, Workers: 4
[1647.887s][debug][gc,phases      ] GC(54)   StringDedup Requests1 Weak     Min:  0.0, Avg:  0.0, Max:  0.0, Diff:  0.0, Sum:  0.0, Workers: 4
[1647.887s][debug][gc,phases      ] GC(54)     Dead                           Min: 0, Avg:  0.0, Max: 0, Diff: 0, Sum: 0, Workers: 4
[1647.887s][debug][gc,phases      ] GC(54)     Total                          Min: 0, Avg:  0.0, Max: 0, Diff: 0, Sum: 0, Workers: 4
[1647.887s][debug][gc,phases      ] GC(54)   Weak JFR Old Object Samples    Min:  0.0, Avg:  0.0, Max:  0.0, Diff:  0.0, Sum:  0.0, Workers: 4
[1647.887s][debug][gc,phases      ] GC(54)     Dead                           Min: 0, Avg:  0.0, Max: 0, Diff: 0, Sum: 0, Workers: 4
[1647.887s][debug][gc,phases      ] GC(54)     Total                          Min: 0, Avg:  0.0, Max: 0, Diff: 0, Sum: 0, Workers: 4
[1647.887s][debug][gc,phases      ] GC(54) Weak Processing 0.427ms
[1647.887s][debug][gc,age         ] GC(54) Desired survivor size 84410368 bytes, new threshold 15 (max threshold 15)
[1647.887s][info ][gc,heap        ] GC(54) PSYoungGen: 1967104K(2012672K)->40016K(2011136K) Eden: 1926656K(1926656K)->0K(1926656K) From: 40448K(86016K)->40016K(84480K)
[1647.887s][info ][gc,heap        ] GC(54) ParOldGen: 486994K(625664K)->487362K(625664K)
[1647.887s][info ][gc,metaspace   ] GC(54) Metaspace: 78972K(79936K)->78972K(79936K) NonClass: 67835K(68352K)->67835K(68352K) Class: 11136K(11584K)->11136K(11584K)
[1647.887s][info ][gc             ] GC(54) Pause Young (GCLocker Initiated GC) 2396M->515M(2575M) 22.404ms
[1647.887s][info ][gc,cpu         ] GC(54) User=0.04s Sys=0.00s Real=0.03s
[1647.887s][info ][safepoint      ] Safepoint "ParallelGCSystemGC", Time since last: 58500 ns, Reaching safepoint: 24000 ns, At safepoint: 22471013 ns, Total: 22495013 ns
[1652.888s][info ][safepoint      ] Safepoint "Cleanup", Time since last: 5000352265 ns, Reaching safepoint: 76499 ns, At safepoint: 6600 ns, Total: 83099 ns
[1653.888s][info ][safepoint      ] Safepoint "Cleanup", Time since last: 1000094335 ns, Reaching safepoint: 44500 ns, At safepoint: 4100 ns, Total: 48600 ns
[1656.888s][info ][safepoint      ] Safepoint "Cleanup", Time since last: 3000195709 ns, Reaching safepoint: 48300 ns, At safepoint: 2200 ns, Total: 50500 ns
[1670.889s][info ][safepoint      ] Safepoint "Cleanup", Time since last: 14000870388 ns, Reaching safepoint: 56100 ns, At safepoint: 3200 ns, Total: 59300 ns
[1688.890s][info ][safepoint      ] Safepoint "Cleanup", Time since last: 18001095943 ns, Reaching safepoint: 34600 ns, At safepoint: 4100 ns, Total: 38700 ns
[1689.890s][info ][safepoint      ] Safepoint "Cleanup", Time since last: 1000090858 ns, Reaching safepoint: 36800 ns, At safepoint: 3700 ns, Total: 40500 ns
[1693.524s][info ][safepoint      ] Safepoint "Cleanup", Time since last: 3633204749 ns, Reaching safepoint: 64900 ns, At safepoint: 4800 ns, Total: 69700 ns
[1694.524s][info ][safepoint      ] Safepoint "Cleanup", Time since last: 1000104161 ns, Reaching safepoint: 46900 ns, At safepoint: 2500 ns, Total: 49400 ns
[1699.562s][info ][gc,start       ] GC(55) Pause Young (Allocation Failure)
[1699.572s][debug][gc,phases      ] GC(55) Scavenge 9.973ms
[1699.572s][debug][gc,ref         ] GC(55) Skipped phase 1 of Reference Processing: no references
[1699.572s][debug][gc,ref         ] GC(55) ReferenceProcessor::execute queues: 1, RefProcThreadModel::Single, marks_oops_alive: false
[1699.572s][debug][gc,ref         ] GC(55) Skipped phase 3 of Reference Processing: no references
[1699.572s][debug][gc,ref         ] GC(55) ReferenceProcessor::execute queues: 1, RefProcThreadModel::Single, marks_oops_alive: false
[1699.572s][debug][gc,phases      ] GC(55) Reference Processing 0.090ms
[1699.572s][debug][gc,phases      ] GC(55)   VM Weak                        Min:  0.0, Avg:  0.0, Max:  0.0, Diff:  0.0, Sum:  0.0, Workers: 4
[1699.572s][debug][gc,phases      ] GC(55)     Dead                           Min: 0, Avg:  0.0, Max: 0, Diff: 0, Sum: 0, Workers: 4
[1699.572s][debug][gc,phases      ] GC(55)     Total                          Min: 0, Avg: 188.2, Max: 576, Diff: 576, Sum: 753, Workers: 4
[1699.572s][debug][gc,phases      ] GC(55)   ObjectSynchronizer Weak        Min:  0.0, Avg:  0.0, Max:  0.0, Diff:  0.0, Sum:  0.0, Workers: 4
[1699.572s][debug][gc,phases      ] GC(55)     Dead                           Min: 0, Avg:  0.0, Max: 0, Diff: 0, Sum: 0, Workers: 4
[1699.572s][debug][gc,phases      ] GC(55)     Total                          Min: 0, Avg:  8.2, Max: 33, Diff: 33, Sum: 33, Workers: 4
[1699.572s][debug][gc,phases      ] GC(55)   JVMTI Tag Weak OopStorage      Min:  0.0, Avg:  0.0, Max:  0.0, Diff:  0.0, Sum:  0.0, Workers: 4
[1699.572s][debug][gc,phases      ] GC(55)     Dead                           Min: 0, Avg:  0.0, Max: 0, Diff: 0, Sum: 0, Workers: 4
[1699.572s][debug][gc,phases      ] GC(55)     Total                          Min: 0, Avg:  0.0, Max: 0, Diff: 0, Sum: 0, Workers: 4
[1699.572s][debug][gc,phases      ] GC(55)   StringTable Weak               Min:  0.1, Avg:  0.1, Max:  0.1, Diff:  0.0, Sum:  0.4, Workers: 4
[1699.572s][debug][gc,phases      ] GC(55)     Dead                           Min: 0, Avg:  0.0, Max: 0, Diff: 0, Sum: 0, Workers: 4
[1699.572s][debug][gc,phases      ] GC(55)     Total                          Min: 10432, Avg: 10636.0, Max: 10816, Diff: 384, Sum: 42544, Workers: 4
[1699.572s][debug][gc,phases      ] GC(55)   ResolvedMethodTable Weak       Min:  0.0, Avg:  0.0, Max:  0.0, Diff:  0.0, Sum:  0.1, Workers: 4
[1699.572s][debug][gc,phases      ] GC(55)     Dead                           Min: 0, Avg:  0.0, Max: 0, Diff: 0, Sum: 0, Workers: 4
[1699.572s][debug][gc,phases      ] GC(55)     Total                          Min: 2048, Avg: 2127.0, Max: 2240, Diff: 192, Sum: 8508, Workers: 4
[1699.572s][debug][gc,phases      ] GC(55)   JNI Weak                       Min:  0.0, Avg:  0.0, Max:  0.0, Diff:  0.0, Sum:  0.0, Workers: 4
[1699.572s][debug][gc,phases      ] GC(55)     Dead                           Min: 0, Avg:  0.0, Max: 0, Diff: 0, Sum: 0, Workers: 4
[1699.572s][debug][gc,phases      ] GC(55)     Total                          Min: 0, Avg: 11.2, Max: 45, Diff: 45, Sum: 45, Workers: 4
[1699.572s][debug][gc,phases      ] GC(55)   StringDedup Table Weak         Min:  0.0, Avg:  0.0, Max:  0.0, Diff:  0.0, Sum:  0.0, Workers: 4
[1699.572s][debug][gc,phases      ] GC(55)     Dead                           Min: 0, Avg:  0.0, Max: 0, Diff: 0, Sum: 0, Workers: 4
[1699.572s][debug][gc,phases      ] GC(55)     Total                          Min: 0, Avg:  0.0, Max: 0, Diff: 0, Sum: 0, Workers: 4
[1699.572s][debug][gc,phases      ] GC(55)   StringDedup Requests0 Weak     Min:  0.0, Avg:  0.0, Max:  0.0, Diff:  0.0, Sum:  0.0, Workers: 4
[1699.572s][debug][gc,phases      ] GC(55)     Dead                           Min: 0, Avg:  0.0, Max: 0, Diff: 0, Sum: 0, Workers: 4
[1699.572s][debug][gc,phases      ] GC(55)     Total                          Min: 0, Avg:  0.0, Max: 0, Diff: 0, Sum: 0, Workers: 4
[1699.573s][debug][gc,phases      ] GC(55)   StringDedup Requests1 Weak     Min:  0.0, Avg:  0.0, Max:  0.0, Diff:  0.0, Sum:  0.0, Workers: 4
[1699.573s][debug][gc,phases      ] GC(55)     Dead                           Min: 0, Avg:  0.0, Max: 0, Diff: 0, Sum: 0, Workers: 4
[1699.573s][debug][gc,phases      ] GC(55)     Total                          Min: 0, Avg:  0.0, Max: 0, Diff: 0, Sum: 0, Workers: 4
[1699.573s][debug][gc,phases      ] GC(55)   Weak JFR Old Object Samples    Min:  0.0, Avg:  0.0, Max:  0.0, Diff:  0.0, Sum:  0.0, Workers: 4
[1699.573s][debug][gc,phases      ] GC(55)     Dead                           Min: 0, Avg:  0.0, Max: 0, Diff: 0, Sum: 0, Workers: 4
[1699.573s][debug][gc,phases      ] GC(55)     Total                          Min: 0, Avg:  0.0, Max: 0, Diff: 0, Sum: 0, Workers: 4
[1699.573s][debug][gc,phases      ] GC(55) Weak Processing 0.280ms
[1699.573s][debug][gc,age         ] GC(55) Desired survivor size 82313216 bytes, new threshold 15 (max threshold 15)
[1699.573s][info ][gc,heap        ] GC(55) PSYoungGen: 1966672K(2011136K)->40320K(2016768K) Eden: 1926656K(1926656K)->0K(1934336K) From: 40016K(84480K)->40320K(82432K)
[1699.573s][info ][gc,heap        ] GC(55) ParOldGen: 487364K(625664K)->487516K(625664K)
[1699.573s][info ][gc,metaspace   ] GC(55) Metaspace: 78993K(80000K)->78993K(80000K) NonClass: 67856K(68416K)->67856K(68416K) Class: 11136K(11584K)->11136K(11584K)
[1699.573s][info ][gc             ] GC(55) Pause Young (Allocation Failure) 2396M->515M(2580M) 10.461ms
[1699.573s][info ][gc,cpu         ] GC(55) User=0.04s Sys=0.00s Real=0.01s
[1699.573s][info ][safepoint      ] Safepoint "ParallelGCFailedAllocation", Time since last: 5038156271 ns, Reaching safepoint: 101699 ns, At safepoint: 10530660 ns, Total: 10632359 ns
[1702.573s][info ][safepoint      ] Safepoint "Cleanup", Time since last: 3000205297 ns, Reaching safepoint: 29900 ns, At safepoint: 3000 ns, Total: 32900 ns
[1706.573s][info ][safepoint      ] Safepoint "Cleanup", Time since last: 4000296971 ns, Reaching safepoint: 48000 ns, At safepoint: 32100 ns, Total: 80100 ns
[1707.573s][info ][safepoint      ] Safepoint "Cleanup", Time since last: 1000094669 ns, Reaching safepoint: 31700 ns, At safepoint: 2600 ns, Total: 34300 ns
[1712.574s][info ][safepoint      ] Safepoint "Cleanup", Time since last: 5000332456 ns, Reaching safepoint: 42100 ns, At safepoint: 3800 ns, Total: 45900 ns
[1716.574s][info ][safepoint      ] Safepoint "Cleanup", Time since last: 4000289695 ns, Reaching safepoint: 33800 ns, At safepoint: 2900 ns, Total: 36700 ns
[1717.574s][info ][safepoint      ] Safepoint "Cleanup", Time since last: 1000103776 ns, Reaching safepoint: 30299 ns, At safepoint: 5300 ns, Total: 35599 ns
[1718.574s][info ][safepoint      ] Safepoint "Cleanup", Time since last: 1000101276 ns, Reaching safepoint: 51800 ns, At safepoint: 6200 ns, Total: 58000 ns
[1728.575s][info ][safepoint      ] Safepoint "Cleanup", Time since last: 10000644092 ns, Reaching safepoint: 28600 ns, At safepoint: 2100 ns, Total: 30700 ns
[1747.260s][info ][gc,start       ] GC(56) Pause Young (Allocation Failure)
[1747.270s][debug][gc,phases      ] GC(56) Scavenge 9.634ms
[1747.270s][debug][gc,ref         ] GC(56) Skipped phase 1 of Reference Processing: no references
[1747.270s][debug][gc,ref         ] GC(56) ReferenceProcessor::execute queues: 1, RefProcThreadModel::Single, marks_oops_alive: false
[1747.270s][debug][gc,ref         ] GC(56) Skipped phase 3 of Reference Processing: no references
[1747.270s][debug][gc,ref         ] GC(56) ReferenceProcessor::execute queues: 1, RefProcThreadModel::Single, marks_oops_alive: false
[1747.270s][debug][gc,phases      ] GC(56) Reference Processing 0.090ms
[1747.270s][debug][gc,phases      ] GC(56)   VM Weak                        Min:  0.0, Avg:  0.0, Max:  0.0, Diff:  0.0, Sum:  0.0, Workers: 4
[1747.270s][debug][gc,phases      ] GC(56)     Dead                           Min: 0, Avg:  0.0, Max: 0, Diff: 0, Sum: 0, Workers: 4
[1747.270s][debug][gc,phases      ] GC(56)     Total                          Min: 0, Avg: 188.2, Max: 576, Diff: 576, Sum: 753, Workers: 4
[1747.270s][debug][gc,phases      ] GC(56)   ObjectSynchronizer Weak        Min:  0.0, Avg:  0.0, Max:  0.0, Diff:  0.0, Sum:  0.0, Workers: 4
[1747.270s][debug][gc,phases      ] GC(56)     Dead                           Min: 0, Avg:  0.0, Max: 0, Diff: 0, Sum: 0, Workers: 4
[1747.270s][debug][gc,phases      ] GC(56)     Total                          Min: 0, Avg:  8.2, Max: 33, Diff: 33, Sum: 33, Workers: 4
[1747.270s][debug][gc,phases      ] GC(56)   JVMTI Tag Weak OopStorage      Min:  0.0, Avg:  0.0, Max:  0.0, Diff:  0.0, Sum:  0.0, Workers: 4
[1747.270s][debug][gc,phases      ] GC(56)     Dead                           Min: 0, Avg:  0.0, Max: 0, Diff: 0, Sum: 0, Workers: 4
[1747.270s][debug][gc,phases      ] GC(56)     Total                          Min: 0, Avg:  0.0, Max: 0, Diff: 0, Sum: 0, Workers: 4
[1747.270s][debug][gc,phases      ] GC(56)   StringTable Weak               Min:  0.1, Avg:  0.1, Max:  0.1, Diff:  0.0, Sum:  0.4, Workers: 4
[1747.270s][debug][gc,phases      ] GC(56)     Dead                           Min: 0, Avg:  0.0, Max: 0, Diff: 0, Sum: 0, Workers: 4
[1747.270s][debug][gc,phases      ] GC(56)     Total                          Min: 9472, Avg: 10637.8, Max: 11904, Diff: 2432, Sum: 42551, Workers: 4
[1747.270s][debug][gc,phases      ] GC(56)   ResolvedMethodTable Weak       Min:  0.0, Avg:  0.0, Max:  0.0, Diff:  0.0, Sum:  0.1, Workers: 4
[1747.270s][debug][gc,phases      ] GC(56)     Dead                           Min: 0, Avg:  0.0, Max: 0, Diff: 0, Sum: 0, Workers: 4
[1747.270s][debug][gc,phases      ] GC(56)     Total                          Min: 1984, Avg: 2127.0, Max: 2304, Diff: 320, Sum: 8508, Workers: 4
[1747.270s][debug][gc,phases      ] GC(56)   JNI Weak                       Min:  0.0, Avg:  0.0, Max:  0.0, Diff:  0.0, Sum:  0.0, Workers: 4
[1747.270s][debug][gc,phases      ] GC(56)     Dead                           Min: 0, Avg:  0.0, Max: 0, Diff: 0, Sum: 0, Workers: 4
[1747.270s][debug][gc,phases      ] GC(56)     Total                          Min: 0, Avg: 11.2, Max: 45, Diff: 45, Sum: 45, Workers: 4
[1747.270s][debug][gc,phases      ] GC(56)   StringDedup Table Weak         Min:  0.0, Avg:  0.0, Max:  0.0, Diff:  0.0, Sum:  0.0, Workers: 4
[1747.270s][debug][gc,phases      ] GC(56)     Dead                           Min: 0, Avg:  0.0, Max: 0, Diff: 0, Sum: 0, Workers: 4
[1747.270s][debug][gc,phases      ] GC(56)     Total                          Min: 0, Avg:  0.0, Max: 0, Diff: 0, Sum: 0, Workers: 4
[1747.270s][debug][gc,phases      ] GC(56)   StringDedup Requests0 Weak     Min:  0.0, Avg:  0.0, Max:  0.0, Diff:  0.0, Sum:  0.0, Workers: 4
[1747.270s][debug][gc,phases      ] GC(56)     Dead                           Min: 0, Avg:  0.0, Max: 0, Diff: 0, Sum: 0, Workers: 4
[1747.270s][debug][gc,phases      ] GC(56)     Total                          Min: 0, Avg:  0.0, Max: 0, Diff: 0, Sum: 0, Workers: 4
[1747.270s][debug][gc,phases      ] GC(56)   StringDedup Requests1 Weak     Min:  0.0, Avg:  0.0, Max:  0.0, Diff:  0.0, Sum:  0.0, Workers: 4
[1747.270s][debug][gc,phases      ] GC(56)     Dead                           Min: 0, Avg:  0.0, Max: 0, Diff: 0, Sum: 0, Workers: 4
[1747.270s][debug][gc,phases      ] GC(56)     Total                          Min: 0, Avg:  0.0, Max: 0, Diff: 0, Sum: 0, Workers: 4
[1747.270s][debug][gc,phases      ] GC(56)   Weak JFR Old Object Samples    Min:  0.0, Avg:  0.0, Max:  0.0, Diff:  0.0, Sum:  0.0, Workers: 4
[1747.270s][debug][gc,phases      ] GC(56)     Dead                           Min: 0, Avg:  0.0, Max: 0, Diff: 0, Sum: 0, Workers: 4
[1747.270s][debug][gc,phases      ] GC(56)     Total                          Min: 0, Avg:  0.0, Max: 0, Diff: 0, Sum: 0, Workers: 4
[1747.270s][debug][gc,phases      ] GC(56) Weak Processing 0.274ms
[1747.270s][debug][gc,age         ] GC(56) Desired survivor size 80740352 bytes, new threshold 15 (max threshold 15)
[1747.270s][info ][gc,heap        ] GC(56) PSYoungGen: 1974656K(2016768K)->40288K(2014720K) Eden: 1934336K(1934336K)->0K(1934336K) From: 40320K(82432K)->40288K(80384K)
[1747.270s][info ][gc,heap        ] GC(56) ParOldGen: 487516K(625664K)->487636K(625664K)
[1747.270s][info ][gc,metaspace   ] GC(56) Metaspace: 79005K(80000K)->79005K(80000K) NonClass: 67868K(68416K)->67868K(68416K) Class: 11136K(11584K)->11136K(11584K)
[1747.270s][info ][gc             ] GC(56) Pause Young (Allocation Failure) 2404M->515M(2578M) 10.097ms
[1747.270s][info ][gc,cpu         ] GC(56) User=0.04s Sys=0.00s Real=0.01s
[1747.270s][info ][safepoint      ] Safepoint "ParallelGCFailedAllocation", Time since last: 18685098369 ns, Reaching safepoint: 95300 ns, At safepoint: 10169461 ns, Total: 10264761 ns
[1748.271s][info ][safepoint      ] Safepoint "Cleanup", Time since last: 1000106593 ns, Reaching safepoint: 56700 ns, At safepoint: 2900 ns, Total: 59600 ns
[1755.316s][info ][safepoint      ] Safepoint "Cleanup", Time since last: 7045762797 ns, Reaching safepoint: 73600 ns, At safepoint: 2500 ns, Total: 76100 ns
[1756.317s][info ][safepoint      ] Safepoint "Cleanup", Time since last: 1000097825 ns, Reaching safepoint: 135699 ns, At safepoint: 6100 ns, Total: 141799 ns
[1766.317s][info ][safepoint      ] Safepoint "Cleanup", Time since last: 10000664553 ns, Reaching safepoint: 46000 ns, At safepoint: 2200 ns, Total: 48200 ns
[1767.318s][info ][safepoint      ] Safepoint "Cleanup", Time since last: 1000099192 ns, Reaching safepoint: 109000 ns, At safepoint: 8300 ns, Total: 117300 ns
[1771.318s][info ][safepoint      ] Safepoint "Cleanup", Time since last: 4000240700 ns, Reaching safepoint: 39400 ns, At safepoint: 4200 ns, Total: 43600 ns
[1776.318s][info ][safepoint      ] Safepoint "Cleanup", Time since last: 5000354329 ns, Reaching safepoint: 49600 ns, At safepoint: 7000 ns, Total: 56600 ns
[1783.319s][info ][safepoint      ] Safepoint "Cleanup", Time since last: 7000478849 ns, Reaching safepoint: 43200 ns, At safepoint: 4700 ns, Total: 47900 ns
[1786.319s][info ][safepoint      ] Safepoint "Cleanup", Time since last: 3000220925 ns, Reaching safepoint: 65300 ns, At safepoint: 6500 ns, Total: 71800 ns
[1787.319s][info ][safepoint      ] Safepoint "Cleanup", Time since last: 1000089163 ns, Reaching safepoint: 46700 ns, At safepoint: 16100 ns, Total: 62800 ns
[1795.320s][info ][safepoint      ] Safepoint "Cleanup", Time since last: 8000641873 ns, Reaching safepoint: 115300 ns, At safepoint: 4900 ns, Total: 120200 ns
[1798.320s][info ][safepoint      ] Safepoint "Cleanup", Time since last: 3000250299 ns, Reaching safepoint: 38000 ns, At safepoint: 2400 ns, Total: 40400 ns
[1798.565s][info ][gc,start       ] GC(57) Pause Young (Allocation Failure)
[1798.584s][debug][gc,phases      ] GC(57) Scavenge 19.385ms
[1798.584s][debug][gc,ref         ] GC(57) Skipped phase 1 of Reference Processing: no references
[1798.584s][debug][gc,ref         ] GC(57) ReferenceProcessor::execute queues: 1, RefProcThreadModel::Single, marks_oops_alive: false
[1798.584s][debug][gc,ref         ] GC(57) Skipped phase 3 of Reference Processing: no references
[1798.584s][debug][gc,ref         ] GC(57) ReferenceProcessor::execute queues: 1, RefProcThreadModel::Single, marks_oops_alive: false
[1798.584s][debug][gc,phases      ] GC(57) Reference Processing 0.117ms
[1798.585s][debug][gc,phases      ] GC(57)   VM Weak                        Min:  0.0, Avg:  0.1, Max:  0.3, Diff:  0.3, Sum:  0.3, Workers: 4
[1798.585s][debug][gc,phases      ] GC(57)     Dead                           Min: 0, Avg:  0.0, Max: 0, Diff: 0, Sum: 0, Workers: 4
[1798.585s][debug][gc,phases      ] GC(57)     Total                          Min: 0, Avg: 188.2, Max: 448, Diff: 448, Sum: 753, Workers: 4
[1798.585s][debug][gc,phases      ] GC(57)   ObjectSynchronizer Weak        Min:  0.0, Avg:  0.0, Max:  0.0, Diff:  0.0, Sum:  0.0, Workers: 4
[1798.585s][debug][gc,phases      ] GC(57)     Dead                           Min: 0, Avg:  0.0, Max: 0, Diff: 0, Sum: 0, Workers: 4
[1798.585s][debug][gc,phases      ] GC(57)     Total                          Min: 0, Avg:  8.2, Max: 33, Diff: 33, Sum: 33, Workers: 4
[1798.585s][debug][gc,phases      ] GC(57)   JVMTI Tag Weak OopStorage      Min:  0.0, Avg:  0.0, Max:  0.0, Diff:  0.0, Sum:  0.0, Workers: 4
[1798.585s][debug][gc,phases      ] GC(57)     Dead                           Min: 0, Avg:  0.0, Max: 0, Diff: 0, Sum: 0, Workers: 4
[1798.585s][debug][gc,phases      ] GC(57)     Total                          Min: 0, Avg:  0.0, Max: 0, Diff: 0, Sum: 0, Workers: 4
[1798.585s][debug][gc,phases      ] GC(57)   StringTable Weak               Min:  0.0, Avg:  0.1, Max:  0.2, Diff:  0.2, Sum:  0.4, Workers: 4
[1798.585s][debug][gc,phases      ] GC(57)     Dead                           Min: 0, Avg:  0.0, Max: 0, Diff: 0, Sum: 0, Workers: 4
[1798.585s][debug][gc,phases      ] GC(57)     Total                          Min: 0, Avg: 10641.2, Max: 21957, Diff: 21957, Sum: 42565, Workers: 4
[1798.585s][debug][gc,phases      ] GC(57)   ResolvedMethodTable Weak       Min:  0.0, Avg:  0.0, Max:  0.0, Diff:  0.0, Sum:  0.1, Workers: 4
[1798.585s][debug][gc,phases      ] GC(57)     Dead                           Min: 0, Avg:  0.0, Max: 0, Diff: 0, Sum: 0, Workers: 4
[1798.585s][debug][gc,phases      ] GC(57)     Total                          Min: 0, Avg: 2127.0, Max: 4288, Diff: 4288, Sum: 8508, Workers: 4
[1798.585s][debug][gc,phases      ] GC(57)   JNI Weak                       Min:  0.0, Avg:  0.0, Max:  0.0, Diff:  0.0, Sum:  0.0, Workers: 4
[1798.585s][debug][gc,phases      ] GC(57)     Dead                           Min: 0, Avg:  0.0, Max: 0, Diff: 0, Sum: 0, Workers: 4
[1798.585s][debug][gc,phases      ] GC(57)     Total                          Min: 0, Avg: 11.2, Max: 45, Diff: 45, Sum: 45, Workers: 4
[1798.585s][debug][gc,phases      ] GC(57)   StringDedup Table Weak         Min:  0.0, Avg:  0.0, Max:  0.0, Diff:  0.0, Sum:  0.0, Workers: 4
[1798.585s][debug][gc,phases      ] GC(57)     Dead                           Min: 0, Avg:  0.0, Max: 0, Diff: 0, Sum: 0, Workers: 4
[1798.585s][debug][gc,phases      ] GC(57)     Total                          Min: 0, Avg:  0.0, Max: 0, Diff: 0, Sum: 0, Workers: 4
[1798.585s][debug][gc,phases      ] GC(57)   StringDedup Requests0 Weak     Min:  0.0, Avg:  0.0, Max:  0.0, Diff:  0.0, Sum:  0.0, Workers: 4
[1798.585s][debug][gc,phases      ] GC(57)     Dead                           Min: 0, Avg:  0.0, Max: 0, Diff: 0, Sum: 0, Workers: 4
[1798.585s][debug][gc,phases      ] GC(57)     Total                          Min: 0, Avg:  0.0, Max: 0, Diff: 0, Sum: 0, Workers: 4
[1798.585s][debug][gc,phases      ] GC(57)   StringDedup Requests1 Weak     Min:  0.0, Avg:  0.0, Max:  0.0, Diff:  0.0, Sum:  0.0, Workers: 4
[1798.585s][debug][gc,phases      ] GC(57)     Dead                           Min: 0, Avg:  0.0, Max: 0, Diff: 0, Sum: 0, Workers: 4
[1798.585s][debug][gc,phases      ] GC(57)     Total                          Min: 0, Avg:  0.0, Max: 0, Diff: 0, Sum: 0, Workers: 4
[1798.585s][debug][gc,phases      ] GC(57)   Weak JFR Old Object Samples    Min:  0.0, Avg:  0.0, Max:  0.0, Diff:  0.0, Sum:  0.0, Workers: 4
[1798.585s][debug][gc,phases      ] GC(57)     Dead                           Min: 0, Avg:  0.0, Max: 0, Diff: 0, Sum: 0, Workers: 4
[1798.585s][debug][gc,phases      ] GC(57)     Total                          Min: 0, Avg:  0.0, Max: 0, Diff: 0, Sum: 0, Workers: 4
[1798.585s][debug][gc,phases      ] GC(57) Weak Processing 0.462ms
[1798.585s][debug][gc,age         ] GC(57) Desired survivor size 78118912 bytes, new threshold 15 (max threshold 15)
[1798.585s][info ][gc,heap        ] GC(57) PSYoungGen: 1974624K(2014720K)->22080K(2020864K) Eden: 1934336K(1934336K)->0K(1942016K) From: 40288K(80384K)->22080K(78848K)
[1798.585s][info ][gc,heap        ] GC(57) ParOldGen: 487636K(625664K)->508164K(625664K)
[1798.585s][info ][gc,metaspace   ] GC(57) Metaspace: 79013K(80000K)->79013K(80000K) NonClass: 67877K(68416K)->67877K(68416K) Class: 11136K(11584K)->11136K(11584K)
[1798.585s][info ][gc             ] GC(57) Pause Young (Allocation Failure) 2404M->517M(2584M) 20.103ms
[1798.585s][info ][gc,cpu         ] GC(57) User=0.04s Sys=0.00s Real=0.02s
[1798.585s][info ][safepoint      ] Safepoint "ParallelGCFailedAllocation", Time since last: 244375221 ns, Reaching safepoint: 26300 ns, At safepoint: 20190402 ns, Total: 20216702 ns
[1799.585s][info ][safepoint      ] Safepoint "Cleanup", Time since last: 1000092186 ns, Reaching safepoint: 40700 ns, At safepoint: 2400 ns, Total: 43100 ns
[1801.403s][info ][safepoint      ] Safepoint "Cleanup", Time since last: 1817646740 ns, Reaching safepoint: 71100 ns, At safepoint: 2200 ns, Total: 73300 ns
[1802.403s][info ][safepoint      ] Safepoint "Cleanup", Time since last: 1000094469 ns, Reaching safepoint: 40000 ns, At safepoint: 2300 ns, Total: 42300 ns
[1804.404s][info ][safepoint      ] Safepoint "Cleanup", Time since last: 2000776618 ns, Reaching safepoint: 54200 ns, At safepoint: 3300 ns, Total: 57500 ns
[1806.407s][info ][safepoint      ] Safepoint "Cleanup", Time since last: 2002951294 ns, Reaching safepoint: 54800 ns, At safepoint: 2700 ns, Total: 57500 ns
[1809.443s][info ][safepoint      ] Safepoint "Cleanup", Time since last: 3023944296 ns, Reaching safepoint: 12522500 ns, At safepoint: 12600 ns, Total: 12535100 ns
[1816.447s][info ][safepoint      ] Safepoint "Cleanup", Time since last: 7003534409 ns, Reaching safepoint: 446400 ns, At safepoint: 9000 ns, Total: 455400 ns
[1823.448s][info ][safepoint      ] Safepoint "Cleanup", Time since last: 7000569116 ns, Reaching safepoint: 40600 ns, At safepoint: 2600 ns, Total: 43200 ns
[1824.448s][info ][safepoint      ] Safepoint "Cleanup", Time since last: 1000099736 ns, Reaching safepoint: 41100 ns, At safepoint: 9400 ns, Total: 50500 ns
[1825.448s][info ][safepoint      ] Safepoint "Cleanup", Time since last: 1000102630 ns, Reaching safepoint: 42900 ns, At safepoint: 3900 ns, Total: 46800 ns
[1828.448s][info ][safepoint      ] Safepoint "Cleanup", Time since last: 3000235955 ns, Reaching safepoint: 47900 ns, At safepoint: 2500 ns, Total: 50400 ns
[1830.449s][info ][safepoint      ] Safepoint "Cleanup", Time since last: 2000175307 ns, Reaching safepoint: 55100 ns, At safepoint: 7700 ns, Total: 62800 ns
[1834.449s][info ][safepoint      ] Safepoint "Cleanup", Time since last: 4000282245 ns, Reaching safepoint: 42900 ns, At safepoint: 4200 ns, Total: 47100 ns
[1835.449s][info ][safepoint      ] Safepoint "Cleanup", Time since last: 1000102471 ns, Reaching safepoint: 43600 ns, At safepoint: 2800 ns, Total: 46400 ns
[1836.449s][info ][safepoint      ] Safepoint "Cleanup", Time since last: 1000112466 ns, Reaching safepoint: 39200 ns, At safepoint: 3500 ns, Total: 42700 ns
[1838.449s][info ][safepoint      ] Safepoint "Cleanup", Time since last: 2000175415 ns, Reaching safepoint: 49000 ns, At safepoint: 3500 ns, Total: 52500 ns
[1840.450s][info ][safepoint      ] Safepoint "Cleanup", Time since last: 2000180392 ns, Reaching safepoint: 38600 ns, At safepoint: 2400 ns, Total: 41000 ns
[1841.450s][info ][safepoint      ] Safepoint "Cleanup", Time since last: 1000115238 ns, Reaching safepoint: 33200 ns, At safepoint: 3600 ns, Total: 36800 ns
[1848.813s][info ][gc,start       ] GC(58) Pause Young (Allocation Failure)
[1848.820s][debug][gc,phases      ] GC(58) Scavenge 6.621ms
[1848.820s][debug][gc,ref         ] GC(58) Skipped phase 1 of Reference Processing: no references
[1848.820s][debug][gc,ref         ] GC(58) ReferenceProcessor::execute queues: 1, RefProcThreadModel::Single, marks_oops_alive: false
[1848.820s][debug][gc,ref         ] GC(58) Skipped phase 3 of Reference Processing: no references
[1848.820s][debug][gc,ref         ] GC(58) ReferenceProcessor::execute queues: 1, RefProcThreadModel::Single, marks_oops_alive: false
[1848.820s][debug][gc,phases      ] GC(58) Reference Processing 0.086ms
[1848.820s][debug][gc,phases      ] GC(58)   VM Weak                        Min:  0.0, Avg:  0.0, Max:  0.0, Diff:  0.0, Sum:  0.0, Workers: 4
[1848.820s][debug][gc,phases      ] GC(58)     Dead                           Min: 0, Avg:  0.0, Max: 0, Diff: 0, Sum: 0, Workers: 4
[1848.820s][debug][gc,phases      ] GC(58)     Total                          Min: 0, Avg: 188.2, Max: 448, Diff: 448, Sum: 753, Workers: 4
[1848.820s][debug][gc,phases      ] GC(58)   ObjectSynchronizer Weak        Min:  0.0, Avg:  0.0, Max:  0.0, Diff:  0.0, Sum:  0.0, Workers: 4
[1848.820s][debug][gc,phases      ] GC(58)     Dead                           Min: 0, Avg:  0.0, Max: 0, Diff: 0, Sum: 0, Workers: 4
[1848.820s][debug][gc,phases      ] GC(58)     Total                          Min: 0, Avg:  8.5, Max: 34, Diff: 34, Sum: 34, Workers: 4
[1848.820s][debug][gc,phases      ] GC(58)   JVMTI Tag Weak OopStorage      Min:  0.0, Avg:  0.0, Max:  0.0, Diff:  0.0, Sum:  0.0, Workers: 4
[1848.820s][debug][gc,phases      ] GC(58)     Dead                           Min: 0, Avg:  0.0, Max: 0, Diff: 0, Sum: 0, Workers: 4
[1848.820s][debug][gc,phases      ] GC(58)     Total                          Min: 0, Avg:  0.0, Max: 0, Diff: 0, Sum: 0, Workers: 4
[1848.820s][debug][gc,phases      ] GC(58)   StringTable Weak               Min:  0.1, Avg:  0.1, Max:  0.1, Diff:  0.0, Sum:  0.4, Workers: 4
[1848.820s][debug][gc,phases      ] GC(58)     Dead                           Min: 0, Avg:  0.5, Max: 2, Diff: 2, Sum: 2, Workers: 4
[1848.820s][debug][gc,phases      ] GC(58)     Total                          Min: 9768, Avg: 10649.8, Max: 11200, Diff: 1432, Sum: 42599, Workers: 4
[1848.820s][debug][gc,phases      ] GC(58)   ResolvedMethodTable Weak       Min:  0.0, Avg:  0.0, Max:  0.0, Diff:  0.0, Sum:  0.1, Workers: 4
[1848.820s][debug][gc,phases      ] GC(58)     Dead                           Min: 0, Avg:  0.0, Max: 0, Diff: 0, Sum: 0, Workers: 4
[1848.820s][debug][gc,phases      ] GC(58)     Total                          Min: 1728, Avg: 2133.5, Max: 2304, Diff: 576, Sum: 8534, Workers: 4
[1848.820s][debug][gc,phases      ] GC(58)   JNI Weak                       Min:  0.0, Avg:  0.0, Max:  0.0, Diff:  0.0, Sum:  0.0, Workers: 4
[1848.820s][debug][gc,phases      ] GC(58)     Dead                           Min: 0, Avg:  0.0, Max: 0, Diff: 0, Sum: 0, Workers: 4
[1848.820s][debug][gc,phases      ] GC(58)     Total                          Min: 0, Avg: 11.2, Max: 45, Diff: 45, Sum: 45, Workers: 4
[1848.820s][debug][gc,phases      ] GC(58)   StringDedup Table Weak         Min:  0.0, Avg:  0.0, Max:  0.0, Diff:  0.0, Sum:  0.0, Workers: 4
[1848.820s][debug][gc,phases      ] GC(58)     Dead                           Min: 0, Avg:  0.0, Max: 0, Diff: 0, Sum: 0, Workers: 4
[1848.820s][debug][gc,phases      ] GC(58)     Total                          Min: 0, Avg:  0.0, Max: 0, Diff: 0, Sum: 0, Workers: 4
[1848.820s][debug][gc,phases      ] GC(58)   StringDedup Requests0 Weak     Min:  0.0, Avg:  0.0, Max:  0.0, Diff:  0.0, Sum:  0.0, Workers: 4
[1848.820s][debug][gc,phases      ] GC(58)     Dead                           Min: 0, Avg:  0.0, Max: 0, Diff: 0, Sum: 0, Workers: 4
[1848.820s][debug][gc,phases      ] GC(58)     Total                          Min: 0, Avg:  0.0, Max: 0, Diff: 0, Sum: 0, Workers: 4
[1848.820s][debug][gc,phases      ] GC(58)   StringDedup Requests1 Weak     Min:  0.0, Avg:  0.0, Max:  0.0, Diff:  0.0, Sum:  0.0, Workers: 4
[1848.820s][debug][gc,phases      ] GC(58)     Dead                           Min: 0, Avg:  0.0, Max: 0, Diff: 0, Sum: 0, Workers: 4
[1848.820s][debug][gc,phases      ] GC(58)     Total                          Min: 0, Avg:  0.0, Max: 0, Diff: 0, Sum: 0, Workers: 4
[1848.820s][debug][gc,phases      ] GC(58)   Weak JFR Old Object Samples    Min:  0.0, Avg:  0.0, Max:  0.0, Diff:  0.0, Sum:  0.0, Workers: 4
[1848.820s][debug][gc,phases      ] GC(58)     Dead                           Min: 0, Avg:  0.0, Max: 0, Diff: 0, Sum: 0, Workers: 4
[1848.820s][debug][gc,phases      ] GC(58)     Total                          Min: 0, Avg:  0.0, Max: 0, Diff: 0, Sum: 0, Workers: 4
[1848.820s][debug][gc,phases      ] GC(58) Weak Processing 0.296ms
[1848.820s][debug][gc,age         ] GC(58) Desired survivor size 75497472 bytes, new threshold 15 (max threshold 15)
[1848.820s][info ][gc,heap        ] GC(58) PSYoungGen: 1964096K(2020864K)->21584K(2018304K) Eden: 1942016K(1942016K)->0K(1942016K) From: 22080K(78848K)->21584K(76288K)
[1848.820s][info ][gc,heap        ] GC(58) ParOldGen: 508164K(625664K)->508416K(625664K)
[1848.820s][info ][gc,metaspace   ] GC(58) Metaspace: 79093K(80064K)->79093K(80064K) NonClass: 67940K(68480K)->67940K(68480K) Class: 11152K(11584K)->11152K(11584K)
[1848.820s][info ][gc             ] GC(58) Pause Young (Allocation Failure) 2414M->517M(2582M) 7.101ms
[1848.820s][info ][gc,cpu         ] GC(58) User=0.03s Sys=0.00s Real=0.01s
[1848.821s][info ][safepoint      ] Safepoint "ParallelGCFailedAllocation", Time since last: 7363459628 ns, Reaching safepoint: 34300 ns, At safepoint: 7172198 ns, Total: 7206498 ns
[1853.821s][info ][safepoint      ] Safepoint "Cleanup", Time since last: 5000336495 ns, Reaching safepoint: 50600 ns, At safepoint: 21700 ns, Total: 72300 ns
[1858.821s][info ][safepoint      ] Safepoint "Cleanup", Time since last: 5000296656 ns, Reaching safepoint: 37900 ns, At safepoint: 7300 ns, Total: 45200 ns
[1871.822s][info ][safepoint      ] Safepoint "Cleanup", Time since last: 13000730027 ns, Reaching safepoint: 38300 ns, At safepoint: 12800 ns, Total: 51100 ns
[1877.822s][info ][safepoint      ] Safepoint "Cleanup", Time since last: 6000401605 ns, Reaching safepoint: 38100 ns, At safepoint: 2500 ns, Total: 40600 ns
[1883.823s][info ][safepoint      ] Safepoint "Cleanup", Time since last: 6000410414 ns, Reaching safepoint: 25100 ns, At safepoint: 10800 ns, Total: 35900 ns
[1888.823s][info ][safepoint      ] Safepoint "Cleanup", Time since last: 5000316452 ns, Reaching safepoint: 34100 ns, At safepoint: 2700 ns, Total: 36800 ns
[1897.824s][info ][safepoint      ] Safepoint "Cleanup", Time since last: 9000553487 ns, Reaching safepoint: 46300 ns, At safepoint: 10300 ns, Total: 56600 ns
[1898.824s][info ][safepoint      ] Safepoint "Cleanup", Time since last: 1000097228 ns, Reaching safepoint: 39100 ns, At safepoint: 2800 ns, Total: 41900 ns
[1899.824s][info ][safepoint      ] Safepoint "Cleanup", Time since last: 1000113624 ns, Reaching safepoint: 39800 ns, At safepoint: 3400 ns, Total: 43200 ns
[1903.260s][info ][gc,start       ] GC(59) Pause Young (Allocation Failure)
[1903.268s][debug][gc,phases      ] GC(59) Scavenge 8.015ms
[1903.268s][debug][gc,ref         ] GC(59) Skipped phase 1 of Reference Processing: no references
[1903.269s][debug][gc,ref         ] GC(59) ReferenceProcessor::execute queues: 1, RefProcThreadModel::Single, marks_oops_alive: false
[1903.269s][debug][gc,ref         ] GC(59) Skipped phase 3 of Reference Processing: no references
[1903.269s][debug][gc,ref         ] GC(59) ReferenceProcessor::execute queues: 1, RefProcThreadModel::Single, marks_oops_alive: false
[1903.269s][debug][gc,phases      ] GC(59) Reference Processing 0.092ms
[1903.269s][debug][gc,phases      ] GC(59)   VM Weak                        Min:  0.0, Avg:  0.0, Max:  0.0, Diff:  0.0, Sum:  0.0, Workers: 4
[1903.269s][debug][gc,phases      ] GC(59)     Dead                           Min: 0, Avg:  0.0, Max: 0, Diff: 0, Sum: 0, Workers: 4
[1903.269s][debug][gc,phases      ] GC(59)     Total                          Min: 0, Avg: 188.2, Max: 448, Diff: 448, Sum: 753, Workers: 4
[1903.269s][debug][gc,phases      ] GC(59)   ObjectSynchronizer Weak        Min:  0.0, Avg:  0.0, Max:  0.0, Diff:  0.0, Sum:  0.0, Workers: 4
[1903.269s][debug][gc,phases      ] GC(59)     Dead                           Min: 0, Avg:  0.0, Max: 0, Diff: 0, Sum: 0, Workers: 4
[1903.269s][debug][gc,phases      ] GC(59)     Total                          Min: 0, Avg:  8.5, Max: 34, Diff: 34, Sum: 34, Workers: 4
[1903.269s][debug][gc,phases      ] GC(59)   JVMTI Tag Weak OopStorage      Min:  0.0, Avg:  0.0, Max:  0.0, Diff:  0.0, Sum:  0.0, Workers: 4
[1903.269s][debug][gc,phases      ] GC(59)     Dead                           Min: 0, Avg:  0.0, Max: 0, Diff: 0, Sum: 0, Workers: 4
[1903.269s][debug][gc,phases      ] GC(59)     Total                          Min: 0, Avg:  0.0, Max: 0, Diff: 0, Sum: 0, Workers: 4
[1903.269s][debug][gc,phases      ] GC(59)   StringTable Weak               Min:  0.1, Avg:  0.1, Max:  0.1, Diff:  0.0, Sum:  0.4, Workers: 4
[1903.269s][debug][gc,phases      ] GC(59)     Dead                           Min: 0, Avg:  0.0, Max: 0, Diff: 0, Sum: 0, Workers: 4
[1903.269s][debug][gc,phases      ] GC(59)     Total                          Min: 10303, Avg: 10649.8, Max: 10944, Diff: 641, Sum: 42599, Workers: 4
[1903.269s][debug][gc,phases      ] GC(59)   ResolvedMethodTable Weak       Min:  0.0, Avg:  0.0, Max:  0.0, Diff:  0.0, Sum:  0.1, Workers: 4
[1903.269s][debug][gc,phases      ] GC(59)     Dead                           Min: 0, Avg:  0.0, Max: 0, Diff: 0, Sum: 0, Workers: 4
[1903.269s][debug][gc,phases      ] GC(59)     Total                          Min: 2070, Avg: 2133.5, Max: 2176, Diff: 106, Sum: 8534, Workers: 4
[1903.269s][debug][gc,phases      ] GC(59)   JNI Weak                       Min:  0.0, Avg:  0.0, Max:  0.0, Diff:  0.0, Sum:  0.0, Workers: 4
[1903.269s][debug][gc,phases      ] GC(59)     Dead                           Min: 0, Avg:  0.0, Max: 0, Diff: 0, Sum: 0, Workers: 4
[1903.269s][debug][gc,phases      ] GC(59)     Total                          Min: 0, Avg: 11.2, Max: 45, Diff: 45, Sum: 45, Workers: 4
[1903.269s][debug][gc,phases      ] GC(59)   StringDedup Table Weak         Min:  0.0, Avg:  0.0, Max:  0.0, Diff:  0.0, Sum:  0.0, Workers: 4
[1903.269s][debug][gc,phases      ] GC(59)     Dead                           Min: 0, Avg:  0.0, Max: 0, Diff: 0, Sum: 0, Workers: 4
[1903.269s][debug][gc,phases      ] GC(59)     Total                          Min: 0, Avg:  0.0, Max: 0, Diff: 0, Sum: 0, Workers: 4
[1903.269s][debug][gc,phases      ] GC(59)   StringDedup Requests0 Weak     Min:  0.0, Avg:  0.0, Max:  0.0, Diff:  0.0, Sum:  0.0, Workers: 4
[1903.269s][debug][gc,phases      ] GC(59)     Dead                           Min: 0, Avg:  0.0, Max: 0, Diff: 0, Sum: 0, Workers: 4
[1903.269s][debug][gc,phases      ] GC(59)     Total                          Min: 0, Avg:  0.0, Max: 0, Diff: 0, Sum: 0, Workers: 4
[1903.269s][debug][gc,phases      ] GC(59)   StringDedup Requests1 Weak     Min:  0.0, Avg:  0.0, Max:  0.0, Diff:  0.0, Sum:  0.0, Workers: 4
[1903.269s][debug][gc,phases      ] GC(59)     Dead                           Min: 0, Avg:  0.0, Max: 0, Diff: 0, Sum: 0, Workers: 4
[1903.269s][debug][gc,phases      ] GC(59)     Total                          Min: 0, Avg:  0.0, Max: 0, Diff: 0, Sum: 0, Workers: 4
[1903.269s][debug][gc,phases      ] GC(59)   Weak JFR Old Object Samples    Min:  0.0, Avg:  0.0, Max:  0.0, Diff:  0.0, Sum:  0.0, Workers: 4
[1903.269s][debug][gc,phases      ] GC(59)     Dead                           Min: 0, Avg:  0.0, Max: 0, Diff: 0, Sum: 0, Workers: 4
[1903.269s][debug][gc,phases      ] GC(59)     Total                          Min: 0, Avg:  0.0, Max: 0, Diff: 0, Sum: 0, Workers: 4
[1903.269s][debug][gc,phases      ] GC(59) Weak Processing 0.295ms
[1903.269s][debug][gc,age         ] GC(59) Desired survivor size 72351744 bytes, new threshold 15 (max threshold 15)
[1903.269s][info ][gc,heap        ] GC(59) PSYoungGen: 1963600K(2018304K)->22800K(2026496K) Eden: 1942016K(1942016K)->0K(1952768K) From: 21584K(76288K)->22800K(73728K)
[1903.269s][info ][gc,heap        ] GC(59) ParOldGen: 508416K(625664K)->508524K(625664K)
[1903.269s][info ][gc,metaspace   ] GC(59) Metaspace: 79100K(80064K)->79100K(80064K) NonClass: 67948K(68480K)->67948K(68480K) Class: 11152K(11584K)->11152K(11584K)
[1903.269s][info ][gc             ] GC(59) Pause Young (Allocation Failure) 2414M->518M(2590M) 8.511ms
[1903.269s][info ][gc,cpu         ] GC(59) User=0.03s Sys=0.00s Real=0.01s
[1903.269s][info ][safepoint      ] Safepoint "ParallelGCFailedAllocation", Time since last: 3436046524 ns, Reaching safepoint: 97700 ns, At safepoint: 8596996 ns, Total: 8694696 ns
[1904.269s][info ][safepoint      ] Safepoint "Cleanup", Time since last: 1000088301 ns, Reaching safepoint: 56600 ns, At safepoint: 8600 ns, Total: 65200 ns
[1910.269s][info ][safepoint      ] Safepoint "Cleanup", Time since last: 6000365000 ns, Reaching safepoint: 36900 ns, At safepoint: 3600 ns, Total: 40500 ns
[1913.270s][info ][safepoint      ] Safepoint "Cleanup", Time since last: 3000228883 ns, Reaching safepoint: 40600 ns, At safepoint: 4500 ns, Total: 45100 ns
[1919.270s][info ][safepoint      ] Safepoint "Cleanup", Time since last: 6000328733 ns, Reaching safepoint: 30400 ns, At safepoint: 2500 ns, Total: 32900 ns
[1921.270s][info ][safepoint      ] Safepoint "Cleanup", Time since last: 2000163138 ns, Reaching safepoint: 26000 ns, At safepoint: 2300 ns, Total: 28300 ns
[1928.271s][info ][safepoint      ] Safepoint "Cleanup", Time since last: 7000436382 ns, Reaching safepoint: 37100 ns, At safepoint: 2300 ns, Total: 39400 ns
[1929.271s][info ][safepoint      ] Safepoint "Cleanup", Time since last: 1000110878 ns, Reaching safepoint: 114900 ns, At safepoint: 7800 ns, Total: 122700 ns
[1931.271s][info ][safepoint      ] Safepoint "Cleanup", Time since last: 2000164441 ns, Reaching safepoint: 50300 ns, At safepoint: 3000 ns, Total: 53300 ns
[1938.272s][info ][safepoint      ] Safepoint "Cleanup", Time since last: 7000451747 ns, Reaching safepoint: 40000 ns, At safepoint: 2400 ns, Total: 42400 ns
[1940.199s][info ][safepoint      ] Safepoint "ParallelGCFailedAllocation", Time since last: 1926917606 ns, Reaching safepoint: 107700 ns, At safepoint: 11900 ns, Total: 119600 ns
[1940.201s][info ][gc,start       ] GC(60) Pause Young (GCLocker Initiated GC)
[1940.222s][debug][gc,phases      ] GC(60) Scavenge 21.097ms
[1940.222s][debug][gc,ref         ] GC(60) Skipped phase 1 of Reference Processing: no references
[1940.222s][debug][gc,ref         ] GC(60) ReferenceProcessor::execute queues: 1, RefProcThreadModel::Single, marks_oops_alive: false
[1940.222s][debug][gc,ref         ] GC(60) Skipped phase 3 of Reference Processing: no references
[1940.222s][debug][gc,ref         ] GC(60) ReferenceProcessor::execute queues: 1, RefProcThreadModel::Single, marks_oops_alive: false
[1940.222s][debug][gc,phases      ] GC(60) Reference Processing 0.095ms
[1940.222s][debug][gc,phases      ] GC(60)   VM Weak                        Min:  0.0, Avg:  0.0, Max:  0.0, Diff:  0.0, Sum:  0.0, Workers: 4
[1940.222s][debug][gc,phases      ] GC(60)     Dead                           Min: 0, Avg:  0.0, Max: 0, Diff: 0, Sum: 0, Workers: 4
[1940.222s][debug][gc,phases      ] GC(60)     Total                          Min: 0, Avg: 188.2, Max: 689, Diff: 689, Sum: 753, Workers: 4
[1940.222s][debug][gc,phases      ] GC(60)   ObjectSynchronizer Weak        Min:  0.0, Avg:  0.0, Max:  0.0, Diff:  0.0, Sum:  0.0, Workers: 4
[1940.222s][debug][gc,phases      ] GC(60)     Dead                           Min: 0, Avg:  0.0, Max: 0, Diff: 0, Sum: 0, Workers: 4
[1940.222s][debug][gc,phases      ] GC(60)     Total                          Min: 0, Avg:  8.5, Max: 34, Diff: 34, Sum: 34, Workers: 4
[1940.222s][debug][gc,phases      ] GC(60)   JVMTI Tag Weak OopStorage      Min:  0.0, Avg:  0.0, Max:  0.0, Diff:  0.0, Sum:  0.0, Workers: 4
[1940.222s][debug][gc,phases      ] GC(60)     Dead                           Min: 0, Avg:  0.0, Max: 0, Diff: 0, Sum: 0, Workers: 4
[1940.222s][debug][gc,phases      ] GC(60)     Total                          Min: 0, Avg:  0.0, Max: 0, Diff: 0, Sum: 0, Workers: 4
[1940.222s][debug][gc,phases      ] GC(60)   StringTable Weak               Min:  0.1, Avg:  0.1, Max:  0.1, Diff:  0.0, Sum:  0.4, Workers: 4
[1940.222s][debug][gc,phases      ] GC(60)     Dead                           Min: 0, Avg:  0.0, Max: 0, Diff: 0, Sum: 0, Workers: 4
[1940.222s][debug][gc,phases      ] GC(60)     Total                          Min: 8171, Avg: 10650.2, Max: 12415, Diff: 4244, Sum: 42601, Workers: 4
[1940.222s][debug][gc,phases      ] GC(60)   ResolvedMethodTable Weak       Min:  0.0, Avg:  0.0, Max:  0.0, Diff:  0.0, Sum:  0.1, Workers: 4
[1940.222s][debug][gc,phases      ] GC(60)     Dead                           Min: 0, Avg:  0.0, Max: 0, Diff: 0, Sum: 0, Workers: 4
[1940.222s][debug][gc,phases      ] GC(60)     Total                          Min: 1920, Avg: 2133.5, Max: 2390, Diff: 470, Sum: 8534, Workers: 4
[1940.222s][debug][gc,phases      ] GC(60)   JNI Weak                       Min:  0.0, Avg:  0.0, Max:  0.0, Diff:  0.0, Sum:  0.0, Workers: 4
[1940.222s][debug][gc,phases      ] GC(60)     Dead                           Min: 0, Avg:  0.0, Max: 0, Diff: 0, Sum: 0, Workers: 4
[1940.222s][debug][gc,phases      ] GC(60)     Total                          Min: 0, Avg: 11.2, Max: 45, Diff: 45, Sum: 45, Workers: 4
[1940.222s][debug][gc,phases      ] GC(60)   StringDedup Table Weak         Min:  0.0, Avg:  0.0, Max:  0.0, Diff:  0.0, Sum:  0.0, Workers: 4
[1940.222s][debug][gc,phases      ] GC(60)     Dead                           Min: 0, Avg:  0.0, Max: 0, Diff: 0, Sum: 0, Workers: 4
[1940.222s][debug][gc,phases      ] GC(60)     Total                          Min: 0, Avg:  0.0, Max: 0, Diff: 0, Sum: 0, Workers: 4
[1940.222s][debug][gc,phases      ] GC(60)   StringDedup Requests0 Weak     Min:  0.0, Avg:  0.0, Max:  0.0, Diff:  0.0, Sum:  0.0, Workers: 4
[1940.222s][debug][gc,phases      ] GC(60)     Dead                           Min: 0, Avg:  0.0, Max: 0, Diff: 0, Sum: 0, Workers: 4
[1940.222s][debug][gc,phases      ] GC(60)     Total                          Min: 0, Avg:  0.0, Max: 0, Diff: 0, Sum: 0, Workers: 4
[1940.222s][debug][gc,phases      ] GC(60)   StringDedup Requests1 Weak     Min:  0.0, Avg:  0.0, Max:  0.0, Diff:  0.0, Sum:  0.0, Workers: 4
[1940.222s][debug][gc,phases      ] GC(60)     Dead                           Min: 0, Avg:  0.0, Max: 0, Diff: 0, Sum: 0, Workers: 4
[1940.222s][debug][gc,phases      ] GC(60)     Total                          Min: 0, Avg:  0.0, Max: 0, Diff: 0, Sum: 0, Workers: 4
[1940.222s][debug][gc,phases      ] GC(60)   Weak JFR Old Object Samples    Min:  0.0, Avg:  0.0, Max:  0.0, Diff:  0.0, Sum:  0.0, Workers: 4
[1940.222s][debug][gc,phases      ] GC(60)     Dead                           Min: 0, Avg:  0.0, Max: 0, Diff: 0, Sum: 0, Workers: 4
[1940.222s][debug][gc,phases      ] GC(60)     Total                          Min: 0, Avg:  0.0, Max: 0, Diff: 0, Sum: 0, Workers: 4
[1940.222s][debug][gc,phases      ] GC(60) Weak Processing 0.280ms
[1940.222s][debug][gc,age         ] GC(60) Desired survivor size 76546048 bytes, new threshold 15 (max threshold 15)
[1940.222s][info ][gc,heap        ] GC(60) PSYoungGen: 1975568K(2026496K)->51337K(2004480K) Eden: 1952768K(1952768K)->0K(1952768K) From: 22800K(73728K)->51337K(51712K)
[1940.222s][info ][gc,heap        ] GC(60) ParOldGen: 508745K(625664K)->508921K(625664K)
[1940.222s][info ][gc,metaspace   ] GC(60) Metaspace: 79128K(80064K)->79128K(80064K) NonClass: 67976K(68480K)->67976K(68480K) Class: 11152K(11584K)->11152K(11584K)
[1940.222s][info ][gc             ] GC(60) Pause Young (GCLocker Initiated GC) 2426M->547M(2568M) 21.568ms
[1940.222s][info ][gc,cpu         ] GC(60) User=0.06s Sys=0.00s Real=0.02s
[1940.222s][info ][safepoint      ] Safepoint "ParallelGCSystemGC", Time since last: 1835899 ns, Reaching safepoint: 17300 ns, At safepoint: 21633385 ns, Total: 21650685 ns
[1943.223s][info ][safepoint      ] Safepoint "Cleanup", Time since last: 3000209051 ns, Reaching safepoint: 28300 ns, At safepoint: 2600 ns, Total: 30900 ns
[1946.223s][info ][safepoint      ] Safepoint "Cleanup", Time since last: 3000228508 ns, Reaching safepoint: 39000 ns, At safepoint: 5800 ns, Total: 44800 ns
[1951.223s][info ][safepoint      ] Safepoint "Cleanup", Time since last: 5000349622 ns, Reaching safepoint: 33799 ns, At safepoint: 3900 ns, Total: 37699 ns
[1953.223s][info ][safepoint      ] Safepoint "Cleanup", Time since last: 2000173637 ns, Reaching safepoint: 115500 ns, At safepoint: 5200 ns, Total: 120700 ns
[1955.224s][info ][safepoint      ] Safepoint "Cleanup", Time since last: 2000145518 ns, Reaching safepoint: 41000 ns, At safepoint: 2500 ns, Total: 43500 ns
[1956.224s][info ][safepoint      ] Safepoint "Cleanup", Time since last: 1000106952 ns, Reaching safepoint: 49500 ns, At safepoint: 8000 ns, Total: 57500 ns
[1958.224s][info ][safepoint      ] Safepoint "Cleanup", Time since last: 2000160791 ns, Reaching safepoint: 32000 ns, At safepoint: 2700 ns, Total: 34700 ns
[1959.224s][info ][safepoint      ] Safepoint "Cleanup", Time since last: 1000104139 ns, Reaching safepoint: 28700 ns, At safepoint: 2100 ns, Total: 30800 ns
[1959.510s][info ][gc,start       ] GC(61) Pause Young (Allocation Failure)
[1959.527s][debug][gc,phases      ] GC(61) Scavenge 17.641ms
[1959.527s][debug][gc,ref         ] GC(61) Skipped phase 1 of Reference Processing: no references
[1959.527s][debug][gc,ref         ] GC(61) ReferenceProcessor::execute queues: 1, RefProcThreadModel::Single, marks_oops_alive: false
[1959.528s][debug][gc,ref         ] GC(61) Skipped phase 3 of Reference Processing: no references
[1959.528s][debug][gc,ref         ] GC(61) ReferenceProcessor::execute queues: 1, RefProcThreadModel::Single, marks_oops_alive: false
[1959.528s][debug][gc,phases      ] GC(61) Reference Processing 0.093ms
[1959.528s][debug][gc,phases      ] GC(61)   VM Weak                        Min:  0.0, Avg:  0.0, Max:  0.0, Diff:  0.0, Sum:  0.0, Workers: 4
[1959.528s][debug][gc,phases      ] GC(61)     Dead                           Min: 0, Avg:  0.0, Max: 0, Diff: 0, Sum: 0, Workers: 4
[1959.528s][debug][gc,phases      ] GC(61)     Total                          Min: 0, Avg: 188.2, Max: 384, Diff: 384, Sum: 753, Workers: 4
[1959.528s][debug][gc,phases      ] GC(61)   ObjectSynchronizer Weak        Min:  0.0, Avg:  0.0, Max:  0.0, Diff:  0.0, Sum:  0.0, Workers: 4
[1959.528s][debug][gc,phases      ] GC(61)     Dead                           Min: 0, Avg:  0.0, Max: 0, Diff: 0, Sum: 0, Workers: 4
[1959.528s][debug][gc,phases      ] GC(61)     Total                          Min: 0, Avg:  8.5, Max: 34, Diff: 34, Sum: 34, Workers: 4
[1959.528s][debug][gc,phases      ] GC(61)   JVMTI Tag Weak OopStorage      Min:  0.0, Avg:  0.0, Max:  0.0, Diff:  0.0, Sum:  0.0, Workers: 4
[1959.528s][debug][gc,phases      ] GC(61)     Dead                           Min: 0, Avg:  0.0, Max: 0, Diff: 0, Sum: 0, Workers: 4
[1959.528s][debug][gc,phases      ] GC(61)     Total                          Min: 0, Avg:  0.0, Max: 0, Diff: 0, Sum: 0, Workers: 4
[1959.528s][debug][gc,phases      ] GC(61)   StringTable Weak               Min:  0.1, Avg:  0.1, Max:  0.1, Diff:  0.0, Sum:  0.4, Workers: 4
[1959.528s][debug][gc,phases      ] GC(61)     Dead                           Min: 0, Avg:  0.0, Max: 0, Diff: 0, Sum: 0, Workers: 4
[1959.528s][debug][gc,phases      ] GC(61)     Total                          Min: 10367, Avg: 10650.2, Max: 11008, Diff: 641, Sum: 42601, Workers: 4
[1959.528s][debug][gc,phases      ] GC(61)   ResolvedMethodTable Weak       Min:  0.0, Avg:  0.0, Max:  0.0, Diff:  0.0, Sum:  0.1, Workers: 4
[1959.528s][debug][gc,phases      ] GC(61)     Dead                           Min: 0, Avg:  0.0, Max: 0, Diff: 0, Sum: 0, Workers: 4
[1959.528s][debug][gc,phases      ] GC(61)     Total                          Min: 1280, Avg: 2133.5, Max: 2624, Diff: 1344, Sum: 8534, Workers: 4
[1959.528s][debug][gc,phases      ] GC(61)   JNI Weak                       Min:  0.0, Avg:  0.0, Max:  0.0, Diff:  0.0, Sum:  0.0, Workers: 4
[1959.528s][debug][gc,phases      ] GC(61)     Dead                           Min: 0, Avg:  0.0, Max: 0, Diff: 0, Sum: 0, Workers: 4
[1959.528s][debug][gc,phases      ] GC(61)     Total                          Min: 0, Avg: 11.2, Max: 45, Diff: 45, Sum: 45, Workers: 4
[1959.528s][debug][gc,phases      ] GC(61)   StringDedup Table Weak         Min:  0.0, Avg:  0.0, Max:  0.0, Diff:  0.0, Sum:  0.0, Workers: 4
[1959.528s][debug][gc,phases      ] GC(61)     Dead                           Min: 0, Avg:  0.0, Max: 0, Diff: 0, Sum: 0, Workers: 4
[1959.528s][debug][gc,phases      ] GC(61)     Total                          Min: 0, Avg:  0.0, Max: 0, Diff: 0, Sum: 0, Workers: 4
[1959.528s][debug][gc,phases      ] GC(61)   StringDedup Requests0 Weak     Min:  0.0, Avg:  0.0, Max:  0.0, Diff:  0.0, Sum:  0.0, Workers: 4
[1959.528s][debug][gc,phases      ] GC(61)     Dead                           Min: 0, Avg:  0.0, Max: 0, Diff: 0, Sum: 0, Workers: 4
[1959.528s][debug][gc,phases      ] GC(61)     Total                          Min: 0, Avg:  0.0, Max: 0, Diff: 0, Sum: 0, Workers: 4
[1959.528s][debug][gc,phases      ] GC(61)   StringDedup Requests1 Weak     Min:  0.0, Avg:  0.0, Max:  0.0, Diff:  0.0, Sum:  0.0, Workers: 4
[1959.528s][debug][gc,phases      ] GC(61)     Dead                           Min: 0, Avg:  0.0, Max: 0, Diff: 0, Sum: 0, Workers: 4
[1959.528s][debug][gc,phases      ] GC(61)     Total                          Min: 0, Avg:  0.0, Max: 0, Diff: 0, Sum: 0, Workers: 4
[1959.528s][debug][gc,phases      ] GC(61)   Weak JFR Old Object Samples    Min:  0.0, Avg:  0.0, Max:  0.0, Diff:  0.0, Sum:  0.0, Workers: 4
[1959.528s][debug][gc,phases      ] GC(61)     Dead                           Min: 0, Avg:  0.0, Max: 0, Diff: 0, Sum: 0, Workers: 4
[1959.528s][debug][gc,phases      ] GC(61)     Total                          Min: 0, Avg:  0.0, Max: 0, Diff: 0, Sum: 0, Workers: 4
[1959.528s][debug][gc,phases      ] GC(61) Weak Processing 0.292ms
[1959.528s][debug][gc,age         ] GC(61) Desired survivor size 85983232 bytes, new threshold 15 (max threshold 15)
[1959.528s][info ][gc,heap        ] GC(61) PSYoungGen: 2004105K(2004480K)->68655K(2003968K) Eden: 1952768K(1952768K)->0K(1929216K) From: 51337K(51712K)->68655K(74752K)
[1959.528s][info ][gc,heap        ] GC(61) ParOldGen: 509682K(625664K)->509774K(625664K)
[1959.528s][info ][gc,metaspace   ] GC(61) Metaspace: 79134K(80064K)->79134K(80064K) NonClass: 67982K(68480K)->67982K(68480K) Class: 11152K(11584K)->11152K(11584K)
[1959.528s][info ][gc             ] GC(61) Pause Young (Allocation Failure) 2454M->564M(2568M) 18.137ms
[1959.528s][info ][gc,cpu         ] GC(61) User=0.07s Sys=0.00s Real=0.02s
[1959.528s][info ][safepoint      ] Safepoint "ParallelGCFailedAllocation", Time since last: 285447481 ns, Reaching safepoint: 94900 ns, At safepoint: 18212686 ns, Total: 18307586 ns
[1965.528s][info ][safepoint      ] Safepoint "Cleanup", Time since last: 6000360929 ns, Reaching safepoint: 47400 ns, At safepoint: 5500 ns, Total: 52900 ns
[1967.529s][info ][safepoint      ] Safepoint "Cleanup", Time since last: 2000166908 ns, Reaching safepoint: 30900 ns, At safepoint: 2400 ns, Total: 33300 ns
[1978.529s][info ][safepoint      ] Safepoint "Cleanup", Time since last: 11000685624 ns, Reaching safepoint: 27800 ns, At safepoint: 2300 ns, Total: 30100 ns
[1982.530s][info ][safepoint      ] Safepoint "Cleanup", Time since last: 4000262668 ns, Reaching safepoint: 35700 ns, At safepoint: 3100 ns, Total: 38800 ns
[1983.530s][info ][safepoint      ] Safepoint "Cleanup", Time since last: 1000091131 ns, Reaching safepoint: 26200 ns, At safepoint: 2400 ns, Total: 28600 ns
[1984.530s][info ][safepoint      ] Safepoint "Cleanup", Time since last: 1000103327 ns, Reaching safepoint: 46900 ns, At safepoint: 3600 ns, Total: 50500 ns
[1985.530s][info ][safepoint      ] Safepoint "Cleanup", Time since last: 1000066823 ns, Reaching safepoint: 64700 ns, At safepoint: 2500 ns, Total: 67200 ns
[1986.530s][info ][safepoint      ] Safepoint "Cleanup", Time since last: 1000095518 ns, Reaching safepoint: 55600 ns, At safepoint: 2300 ns, Total: 57900 ns
[1987.530s][info ][safepoint      ] Safepoint "Cleanup", Time since last: 1000072014 ns, Reaching safepoint: 36000 ns, At safepoint: 1800 ns, Total: 37800 ns
[1987.961s][info ][safepoint      ] Safepoint "ParallelGCFailedAllocation", Time since last: 431062917 ns, Reaching safepoint: 125900 ns, At safepoint: 22900 ns, Total: 148800 ns
[1987.962s][info ][gc,start       ] GC(62) Pause Young (GCLocker Initiated GC)
[1987.989s][debug][gc,phases      ] GC(62) Scavenge 27.487ms
[1987.989s][debug][gc,ref         ] GC(62) Skipped phase 1 of Reference Processing: no references
[1987.989s][debug][gc,ref         ] GC(62) ReferenceProcessor::execute queues: 1, RefProcThreadModel::Single, marks_oops_alive: false
[1987.989s][debug][gc,ref         ] GC(62) Skipped phase 3 of Reference Processing: no references
[1987.989s][debug][gc,ref         ] GC(62) ReferenceProcessor::execute queues: 1, RefProcThreadModel::Single, marks_oops_alive: false
[1987.989s][debug][gc,phases      ] GC(62) Reference Processing 0.101ms
[1987.989s][debug][gc,phases      ] GC(62)   VM Weak                        Min:  0.0, Avg:  0.0, Max:  0.0, Diff:  0.0, Sum:  0.0, Workers: 4
[1987.989s][debug][gc,phases      ] GC(62)     Dead                           Min: 0, Avg:  0.0, Max: 0, Diff: 0, Sum: 0, Workers: 4
[1987.989s][debug][gc,phases      ] GC(62)     Total                          Min: 0, Avg: 188.2, Max: 576, Diff: 576, Sum: 753, Workers: 4
[1987.989s][debug][gc,phases      ] GC(62)   ObjectSynchronizer Weak        Min:  0.0, Avg:  0.0, Max:  0.0, Diff:  0.0, Sum:  0.0, Workers: 4
[1987.989s][debug][gc,phases      ] GC(62)     Dead                           Min: 0, Avg:  0.0, Max: 0, Diff: 0, Sum: 0, Workers: 4
[1987.989s][debug][gc,phases      ] GC(62)     Total                          Min: 0, Avg:  8.5, Max: 34, Diff: 34, Sum: 34, Workers: 4
[1987.989s][debug][gc,phases      ] GC(62)   JVMTI Tag Weak OopStorage      Min:  0.0, Avg:  0.0, Max:  0.0, Diff:  0.0, Sum:  0.0, Workers: 4
[1987.989s][debug][gc,phases      ] GC(62)     Dead                           Min: 0, Avg:  0.0, Max: 0, Diff: 0, Sum: 0, Workers: 4
[1987.989s][debug][gc,phases      ] GC(62)     Total                          Min: 0, Avg:  0.0, Max: 0, Diff: 0, Sum: 0, Workers: 4
[1987.989s][debug][gc,phases      ] GC(62)   StringTable Weak               Min:  0.1, Avg:  0.1, Max:  0.1, Diff:  0.0, Sum:  0.4, Workers: 4
[1987.989s][debug][gc,phases      ] GC(62)     Dead                           Min: 0, Avg:  0.0, Max: 0, Diff: 0, Sum: 0, Workers: 4
[1987.989s][debug][gc,phases      ] GC(62)     Total                          Min: 8960, Avg: 10650.8, Max: 12478, Diff: 3518, Sum: 42603, Workers: 4
[1987.989s][debug][gc,phases      ] GC(62)   ResolvedMethodTable Weak       Min:  0.0, Avg:  0.0, Max:  0.0, Diff:  0.0, Sum:  0.1, Workers: 4
[1987.989s][debug][gc,phases      ] GC(62)     Dead                           Min: 0, Avg:  0.0, Max: 0, Diff: 0, Sum: 0, Workers: 4
[1987.989s][debug][gc,phases      ] GC(62)     Total                          Min: 1920, Avg: 2133.5, Max: 2390, Diff: 470, Sum: 8534, Workers: 4
[1987.989s][debug][gc,phases      ] GC(62)   JNI Weak                       Min:  0.0, Avg:  0.0, Max:  0.0, Diff:  0.0, Sum:  0.0, Workers: 4
[1987.989s][debug][gc,phases      ] GC(62)     Dead                           Min: 0, Avg:  0.0, Max: 0, Diff: 0, Sum: 0, Workers: 4
[1987.989s][debug][gc,phases      ] GC(62)     Total                          Min: 0, Avg: 11.8, Max: 47, Diff: 47, Sum: 47, Workers: 4
[1987.989s][debug][gc,phases      ] GC(62)   StringDedup Table Weak         Min:  0.0, Avg:  0.0, Max:  0.0, Diff:  0.0, Sum:  0.0, Workers: 4
[1987.989s][debug][gc,phases      ] GC(62)     Dead                           Min: 0, Avg:  0.0, Max: 0, Diff: 0, Sum: 0, Workers: 4
[1987.989s][debug][gc,phases      ] GC(62)     Total                          Min: 0, Avg:  0.0, Max: 0, Diff: 0, Sum: 0, Workers: 4
[1987.989s][debug][gc,phases      ] GC(62)   StringDedup Requests0 Weak     Min:  0.0, Avg:  0.0, Max:  0.0, Diff:  0.0, Sum:  0.0, Workers: 4
[1987.989s][debug][gc,phases      ] GC(62)     Dead                           Min: 0, Avg:  0.0, Max: 0, Diff: 0, Sum: 0, Workers: 4
[1987.989s][debug][gc,phases      ] GC(62)     Total                          Min: 0, Avg:  0.0, Max: 0, Diff: 0, Sum: 0, Workers: 4
[1987.989s][debug][gc,phases      ] GC(62)   StringDedup Requests1 Weak     Min:  0.0, Avg:  0.0, Max:  0.0, Diff:  0.0, Sum:  0.0, Workers: 4
[1987.989s][debug][gc,phases      ] GC(62)     Dead                           Min: 0, Avg:  0.0, Max: 0, Diff: 0, Sum: 0, Workers: 4
[1987.990s][debug][gc,phases      ] GC(62)     Total                          Min: 0, Avg:  0.0, Max: 0, Diff: 0, Sum: 0, Workers: 4
[1987.990s][debug][gc,phases      ] GC(62)   Weak JFR Old Object Samples    Min:  0.0, Avg:  0.0, Max:  0.0, Diff:  0.0, Sum:  0.0, Workers: 4
[1987.990s][debug][gc,phases      ] GC(62)     Dead                           Min: 0, Avg:  0.0, Max: 0, Diff: 0, Sum: 0, Workers: 4
[1987.990s][debug][gc,phases      ] GC(62)     Total                          Min: 0, Avg:  0.0, Max: 0, Diff: 0, Sum: 0, Workers: 4
[1987.990s][debug][gc,phases      ] GC(62) Weak Processing 0.287ms
[1987.990s][debug][gc,age         ] GC(62) Desired survivor size 104857600 bytes, new threshold 14 (max threshold 15)
[1987.990s][info ][gc,heap        ] GC(62) PSYoungGen: 1997871K(2003968K)->83947K(2013184K) Eden: 1929216K(1929216K)->0K(1929216K) From: 68655K(74752K)->83947K(83968K)
[1987.990s][info ][gc,heap        ] GC(62) ParOldGen: 509788K(625664K)->524593K(625664K)
[1987.990s][info ][gc,metaspace   ] GC(62) Metaspace: 79148K(80064K)->79148K(80064K) NonClass: 67995K(68480K)->67995K(68480K) Class: 11152K(11584K)->11152K(11584K)
[1987.990s][info ][gc             ] GC(62) Pause Young (GCLocker Initiated GC) 2448M->594M(2577M) 27.976ms
[1987.990s][info ][gc,cpu         ] GC(62) User=0.10s Sys=0.01s Real=0.03s
[1987.990s][info ][safepoint      ] Safepoint "ParallelGCSystemGC", Time since last: 61800 ns, Reaching safepoint: 82700 ns, At safepoint: 28053575 ns, Total: 28136275 ns
[1988.990s][info ][safepoint      ] Safepoint "Cleanup", Time since last: 1000081108 ns, Reaching safepoint: 154800 ns, At safepoint: 10300 ns, Total: 165100 ns
[1989.990s][info ][safepoint      ] Safepoint "Cleanup", Time since last: 1000092603 ns, Reaching safepoint: 39200 ns, At safepoint: 2300 ns, Total: 41500 ns
[1990.990s][info ][safepoint      ] Safepoint "Cleanup", Time since last: 1000090499 ns, Reaching safepoint: 38500 ns, At safepoint: 7100 ns, Total: 45600 ns
[1991.990s][info ][safepoint      ] Safepoint "Cleanup", Time since last: 1000102896 ns, Reaching safepoint: 30200 ns, At safepoint: 2500 ns, Total: 32700 ns
[2000.991s][info ][safepoint      ] Safepoint "Cleanup", Time since last: 9000551366 ns, Reaching safepoint: 29500 ns, At safepoint: 2300 ns, Total: 31800 ns
[2001.991s][info ][safepoint      ] Safepoint "Cleanup", Time since last: 1000095153 ns, Reaching safepoint: 58500 ns, At safepoint: 6400 ns, Total: 64900 ns
[2005.991s][info ][safepoint      ] Safepoint "Cleanup", Time since last: 4000231371 ns, Reaching safepoint: 32400 ns, At safepoint: 2900 ns, Total: 35300 ns
[2012.981s][info ][safepoint      ] Safepoint "Cleanup", Time since last: 6990073152 ns, Reaching safepoint: 74400 ns, At safepoint: 13400 ns, Total: 87800 ns
[2013.542s][info ][safepoint      ] Safepoint "ParallelGCFailedAllocation", Time since last: 560063942 ns, Reaching safepoint: 216800 ns, At safepoint: 17300 ns, Total: 234100 ns
[2013.542s][info ][gc,start       ] GC(63) Pause Young (GCLocker Initiated GC)
[2013.579s][debug][gc,phases      ] GC(63) Scavenge 36.820ms
[2013.579s][debug][gc,ref         ] GC(63) Skipped phase 1 of Reference Processing: no references
[2013.579s][debug][gc,ref         ] GC(63) ReferenceProcessor::execute queues: 1, RefProcThreadModel::Single, marks_oops_alive: false
[2013.579s][debug][gc,ref         ] GC(63) Skipped phase 3 of Reference Processing: no references
[2013.579s][debug][gc,ref         ] GC(63) ReferenceProcessor::execute queues: 1, RefProcThreadModel::Single, marks_oops_alive: false
[2013.579s][debug][gc,phases      ] GC(63) Reference Processing 0.107ms
[2013.579s][debug][gc,phases      ] GC(63)   VM Weak                        Min:  0.0, Avg:  0.0, Max:  0.0, Diff:  0.0, Sum:  0.0, Workers: 4
[2013.579s][debug][gc,phases      ] GC(63)     Dead                           Min: 0, Avg:  0.0, Max: 0, Diff: 0, Sum: 0, Workers: 4
[2013.579s][debug][gc,phases      ] GC(63)     Total                          Min: 0, Avg: 190.5, Max: 512, Diff: 512, Sum: 762, Workers: 4
[2013.579s][debug][gc,phases      ] GC(63)   ObjectSynchronizer Weak        Min:  0.0, Avg:  0.0, Max:  0.0, Diff:  0.0, Sum:  0.0, Workers: 4
[2013.580s][debug][gc,phases      ] GC(63)     Dead                           Min: 0, Avg:  0.0, Max: 0, Diff: 0, Sum: 0, Workers: 4
[2013.580s][debug][gc,phases      ] GC(63)     Total                          Min: 0, Avg:  8.5, Max: 34, Diff: 34, Sum: 34, Workers: 4
[2013.580s][debug][gc,phases      ] GC(63)   JVMTI Tag Weak OopStorage      Min:  0.0, Avg:  0.0, Max:  0.0, Diff:  0.0, Sum:  0.0, Workers: 4
[2013.580s][debug][gc,phases      ] GC(63)     Dead                           Min: 0, Avg:  0.0, Max: 0, Diff: 0, Sum: 0, Workers: 4
[2013.580s][debug][gc,phases      ] GC(63)     Total                          Min: 0, Avg:  0.0, Max: 0, Diff: 0, Sum: 0, Workers: 4
[2013.580s][debug][gc,phases      ] GC(63)   StringTable Weak               Min:  0.0, Avg:  0.1, Max:  0.1, Diff:  0.1, Sum:  0.4, Workers: 4
[2013.580s][debug][gc,phases      ] GC(63)     Dead                           Min: 0, Avg:  0.5, Max: 2, Diff: 2, Sum: 2, Workers: 4
[2013.580s][debug][gc,phases      ] GC(63)     Total                          Min: 0, Avg: 10671.2, Max: 16189, Diff: 16189, Sum: 42685, Workers: 4
[2013.580s][debug][gc,phases      ] GC(63)   ResolvedMethodTable Weak       Min:  0.0, Avg:  0.0, Max:  0.0, Diff:  0.0, Sum:  0.1, Workers: 4
[2013.580s][debug][gc,phases      ] GC(63)     Dead                           Min: 0, Avg:  4.5, Max: 18, Diff: 18, Sum: 18, Workers: 4
[2013.580s][debug][gc,phases      ] GC(63)     Total                          Min: 0, Avg: 2155.5, Max: 3568, Diff: 3568, Sum: 8622, Workers: 4
[2013.580s][debug][gc,phases      ] GC(63)   JNI Weak                       Min:  0.0, Avg:  0.0, Max:  0.0, Diff:  0.0, Sum:  0.0, Workers: 4
[2013.580s][debug][gc,phases      ] GC(63)     Dead                           Min: 0, Avg:  0.0, Max: 0, Diff: 0, Sum: 0, Workers: 4
[2013.580s][debug][gc,phases      ] GC(63)     Total                          Min: 0, Avg: 11.2, Max: 45, Diff: 45, Sum: 45, Workers: 4
[2013.580s][debug][gc,phases      ] GC(63)   StringDedup Table Weak         Min:  0.0, Avg:  0.0, Max:  0.0, Diff:  0.0, Sum:  0.0, Workers: 4
[2013.580s][debug][gc,phases      ] GC(63)     Dead                           Min: 0, Avg:  0.0, Max: 0, Diff: 0, Sum: 0, Workers: 4
[2013.580s][debug][gc,phases      ] GC(63)     Total                          Min: 0, Avg:  0.0, Max: 0, Diff: 0, Sum: 0, Workers: 4
[2013.580s][debug][gc,phases      ] GC(63)   StringDedup Requests0 Weak     Min:  0.0, Avg:  0.0, Max:  0.0, Diff:  0.0, Sum:  0.0, Workers: 4
[2013.580s][debug][gc,phases      ] GC(63)     Dead                           Min: 0, Avg:  0.0, Max: 0, Diff: 0, Sum: 0, Workers: 4
[2013.580s][debug][gc,phases      ] GC(63)     Total                          Min: 0, Avg:  0.0, Max: 0, Diff: 0, Sum: 0, Workers: 4
[2013.580s][debug][gc,phases      ] GC(63)   StringDedup Requests1 Weak     Min:  0.0, Avg:  0.0, Max:  0.0, Diff:  0.0, Sum:  0.0, Workers: 4
[2013.580s][debug][gc,phases      ] GC(63)     Dead                           Min: 0, Avg:  0.0, Max: 0, Diff: 0, Sum: 0, Workers: 4
[2013.580s][debug][gc,phases      ] GC(63)     Total                          Min: 0, Avg:  0.0, Max: 0, Diff: 0, Sum: 0, Workers: 4
[2013.580s][debug][gc,phases      ] GC(63)   Weak JFR Old Object Samples    Min:  0.0, Avg:  0.0, Max:  0.0, Diff:  0.0, Sum:  0.0, Workers: 4
[2013.580s][debug][gc,phases      ] GC(63)     Dead                           Min: 0, Avg:  0.0, Max: 0, Diff: 0, Sum: 0, Workers: 4
[2013.580s][debug][gc,phases      ] GC(63)     Total                          Min: 0, Avg:  0.0, Max: 0, Diff: 0, Sum: 0, Workers: 4
[2013.580s][debug][gc,phases      ] GC(63) Weak Processing 0.306ms
[2013.580s][debug][gc,age         ] GC(63) Desired survivor size 123731968 bytes, new threshold 13 (max threshold 15)
[2013.580s][info ][gc,heap        ] GC(63) PSYoungGen: 2013163K(2013184K)->83961K(1939456K) Eden: 1929216K(1929216K)->0K(1855488K) From: 83947K(83968K)->83961K(83968K)
[2013.580s][info ][gc,heap        ] GC(63) ParOldGen: 525159K(625664K)->550267K(625664K)
[2013.580s][info ][gc,metaspace   ] GC(63) Metaspace: 79385K(80320K)->79385K(80320K) NonClass: 68198K(68736K)->68198K(68736K) Class: 11187K(11584K)->11187K(11584K)
[2013.580s][info ][gc             ] GC(63) Pause Young (GCLocker Initiated GC) 2478M->619M(2505M) 37.347ms
[2013.580s][info ][gc,cpu         ] GC(63) User=0.13s Sys=0.00s Real=0.04s
[2013.580s][info ][safepoint      ] Safepoint "ParallelGCSystemGC", Time since last: 431400 ns, Reaching safepoint: 97700 ns, At safepoint: 37413962 ns, Total: 37511662 ns
[2014.580s][info ][safepoint      ] Safepoint "Cleanup", Time since last: 1000082702 ns, Reaching safepoint: 48500 ns, At safepoint: 8100 ns, Total: 56600 ns
[2015.580s][info ][safepoint      ] Safepoint "Cleanup", Time since last: 1000107297 ns, Reaching safepoint: 40100 ns, At safepoint: 3000 ns, Total: 43100 ns
[2016.580s][info ][safepoint      ] Safepoint "Cleanup", Time since last: 1000101493 ns, Reaching safepoint: 37900 ns, At safepoint: 4100 ns, Total: 42000 ns
[2017.580s][info ][safepoint      ] Safepoint "Cleanup", Time since last: 1000109290 ns, Reaching safepoint: 45499 ns, At safepoint: 4800 ns, Total: 50299 ns
[2018.580s][info ][safepoint      ] Safepoint "Cleanup", Time since last: 1000088186 ns, Reaching safepoint: 47000 ns, At safepoint: 2000 ns, Total: 49000 ns
[2019.581s][info ][safepoint      ] Safepoint "Cleanup", Time since last: 1000096781 ns, Reaching safepoint: 33300 ns, At safepoint: 2400 ns, Total: 35700 ns
[2020.581s][info ][safepoint      ] Safepoint "Cleanup", Time since last: 1000104477 ns, Reaching safepoint: 48800 ns, At safepoint: 8200 ns, Total: 57000 ns
[2021.581s][info ][safepoint      ] Safepoint "Cleanup", Time since last: 1000103173 ns, Reaching safepoint: 32000 ns, At safepoint: 2600 ns, Total: 34600 ns
[2023.581s][info ][safepoint      ] Safepoint "Cleanup", Time since last: 2000167535 ns, Reaching safepoint: 48599 ns, At safepoint: 2900 ns, Total: 51499 ns
[2024.581s][info ][safepoint      ] Safepoint "Cleanup", Time since last: 1000090662 ns, Reaching safepoint: 59000 ns, At safepoint: 3100 ns, Total: 62100 ns
[2026.581s][info ][safepoint      ] Safepoint "Cleanup", Time since last: 2000166410 ns, Reaching safepoint: 25300 ns, At safepoint: 2200 ns, Total: 27500 ns
[2027.582s][info ][safepoint      ] Safepoint "Cleanup", Time since last: 1000095849 ns, Reaching safepoint: 39600 ns, At safepoint: 5400 ns, Total: 45000 ns
[2028.582s][info ][safepoint      ] Safepoint "Cleanup", Time since last: 1000096546 ns, Reaching safepoint: 38600 ns, At safepoint: 5200 ns, Total: 43800 ns
[2029.582s][info ][safepoint      ] Safepoint "Cleanup", Time since last: 1000105241 ns, Reaching safepoint: 53400 ns, At safepoint: 2100 ns, Total: 55500 ns
[2031.582s][info ][safepoint      ] Safepoint "Cleanup", Time since last: 2000123271 ns, Reaching safepoint: 42400 ns, At safepoint: 6000 ns, Total: 48400 ns
[2032.878s][info ][safepoint      ] Safepoint "Cleanup", Time since last: 1295921112 ns, Reaching safepoint: 49400 ns, At safepoint: 2600 ns, Total: 52000 ns
[2033.878s][info ][safepoint      ] Safepoint "Cleanup", Time since last: 1000108725 ns, Reaching safepoint: 44300 ns, At safepoint: 3000 ns, Total: 47300 ns
[2034.878s][info ][safepoint      ] Safepoint "Cleanup", Time since last: 1000098120 ns, Reaching safepoint: 37800 ns, At safepoint: 2900 ns, Total: 40700 ns
[2036.878s][info ][safepoint      ] Safepoint "Cleanup", Time since last: 2000158730 ns, Reaching safepoint: 34500 ns, At safepoint: 2300 ns, Total: 36800 ns
[2038.879s][info ][safepoint      ] Safepoint "Cleanup", Time since last: 2000159314 ns, Reaching safepoint: 26000 ns, At safepoint: 2400 ns, Total: 28400 ns
[2039.613s][info ][gc,start       ] GC(64) Pause Young (Allocation Failure)
[2039.635s][debug][gc,phases      ] GC(64) Scavenge 21.504ms
[2039.635s][debug][gc,ref         ] GC(64) Skipped phase 1 of Reference Processing: no references
[2039.635s][debug][gc,ref         ] GC(64) ReferenceProcessor::execute queues: 1, RefProcThreadModel::Single, marks_oops_alive: false
[2039.635s][debug][gc,ref         ] GC(64) Skipped phase 3 of Reference Processing: no references
[2039.635s][debug][gc,ref         ] GC(64) ReferenceProcessor::execute queues: 1, RefProcThreadModel::Single, marks_oops_alive: false
[2039.635s][debug][gc,phases      ] GC(64) Reference Processing 0.104ms
[2039.635s][debug][gc,phases      ] GC(64)   VM Weak                        Min:  0.0, Avg:  0.0, Max:  0.0, Diff:  0.0, Sum:  0.0, Workers: 4
[2039.635s][debug][gc,phases      ] GC(64)     Dead                           Min: 0, Avg:  0.0, Max: 0, Diff: 0, Sum: 0, Workers: 4
[2039.635s][debug][gc,phases      ] GC(64)     Total                          Min: 0, Avg: 190.5, Max: 512, Diff: 512, Sum: 762, Workers: 4
[2039.635s][debug][gc,phases      ] GC(64)   ObjectSynchronizer Weak        Min:  0.0, Avg:  0.0, Max:  0.0, Diff:  0.0, Sum:  0.0, Workers: 4
[2039.635s][debug][gc,phases      ] GC(64)     Dead                           Min: 0, Avg:  0.0, Max: 0, Diff: 0, Sum: 0, Workers: 4
[2039.635s][debug][gc,phases      ] GC(64)     Total                          Min: 0, Avg:  8.5, Max: 34, Diff: 34, Sum: 34, Workers: 4
[2039.635s][debug][gc,phases      ] GC(64)   JVMTI Tag Weak OopStorage      Min:  0.0, Avg:  0.0, Max:  0.0, Diff:  0.0, Sum:  0.0, Workers: 4
[2039.635s][debug][gc,phases      ] GC(64)     Dead                           Min: 0, Avg:  0.0, Max: 0, Diff: 0, Sum: 0, Workers: 4
[2039.635s][debug][gc,phases      ] GC(64)     Total                          Min: 0, Avg:  0.0, Max: 0, Diff: 0, Sum: 0, Workers: 4
[2039.635s][debug][gc,phases      ] GC(64)   StringTable Weak               Min:  0.1, Avg:  0.1, Max:  0.1, Diff:  0.0, Sum:  0.4, Workers: 4
[2039.635s][debug][gc,phases      ] GC(64)     Dead                           Min: 0, Avg:  0.0, Max: 0, Diff: 0, Sum: 0, Workers: 4
[2039.635s][debug][gc,phases      ] GC(64)     Total                          Min: 9216, Avg: 10675.2, Max: 12173, Diff: 2957, Sum: 42701, Workers: 4
[2039.635s][debug][gc,phases      ] GC(64)   ResolvedMethodTable Weak       Min:  0.0, Avg:  0.0, Max:  0.0, Diff:  0.0, Sum:  0.1, Workers: 4
[2039.635s][debug][gc,phases      ] GC(64)     Dead                           Min: 0, Avg:  0.0, Max: 0, Diff: 0, Sum: 0, Workers: 4
[2039.635s][debug][gc,phases      ] GC(64)     Total                          Min: 2048, Avg: 2155.5, Max: 2231, Diff: 183, Sum: 8622, Workers: 4
[2039.635s][debug][gc,phases      ] GC(64)   JNI Weak                       Min:  0.0, Avg:  0.0, Max:  0.0, Diff:  0.0, Sum:  0.0, Workers: 4
[2039.635s][debug][gc,phases      ] GC(64)     Dead                           Min: 0, Avg:  0.0, Max: 0, Diff: 0, Sum: 0, Workers: 4
[2039.635s][debug][gc,phases      ] GC(64)     Total                          Min: 0, Avg: 11.2, Max: 45, Diff: 45, Sum: 45, Workers: 4
[2039.635s][debug][gc,phases      ] GC(64)   StringDedup Table Weak         Min:  0.0, Avg:  0.0, Max:  0.0, Diff:  0.0, Sum:  0.0, Workers: 4
[2039.635s][debug][gc,phases      ] GC(64)     Dead                           Min: 0, Avg:  0.0, Max: 0, Diff: 0, Sum: 0, Workers: 4
[2039.635s][debug][gc,phases      ] GC(64)     Total                          Min: 0, Avg:  0.0, Max: 0, Diff: 0, Sum: 0, Workers: 4
[2039.635s][debug][gc,phases      ] GC(64)   StringDedup Requests0 Weak     Min:  0.0, Avg:  0.0, Max:  0.0, Diff:  0.0, Sum:  0.0, Workers: 4
[2039.635s][debug][gc,phases      ] GC(64)     Dead                           Min: 0, Avg:  0.0, Max: 0, Diff: 0, Sum: 0, Workers: 4
[2039.635s][debug][gc,phases      ] GC(64)     Total                          Min: 0, Avg:  0.0, Max: 0, Diff: 0, Sum: 0, Workers: 4
[2039.635s][debug][gc,phases      ] GC(64)   StringDedup Requests1 Weak     Min:  0.0, Avg:  0.0, Max:  0.0, Diff:  0.0, Sum:  0.0, Workers: 4
[2039.635s][debug][gc,phases      ] GC(64)     Dead                           Min: 0, Avg:  0.0, Max: 0, Diff: 0, Sum: 0, Workers: 4
[2039.635s][debug][gc,phases      ] GC(64)     Total                          Min: 0, Avg:  0.0, Max: 0, Diff: 0, Sum: 0, Workers: 4
[2039.635s][debug][gc,phases      ] GC(64)   Weak JFR Old Object Samples    Min:  0.0, Avg:  0.0, Max:  0.0, Diff:  0.0, Sum:  0.0, Workers: 4
[2039.635s][debug][gc,phases      ] GC(64)     Dead                           Min: 0, Avg:  0.0, Max: 0, Diff: 0, Sum: 0, Workers: 4
[2039.635s][debug][gc,phases      ] GC(64)     Total                          Min: 0, Avg:  0.0, Max: 0, Diff: 0, Sum: 0, Workers: 4
[2039.635s][debug][gc,phases      ] GC(64) Weak Processing 0.297ms
[2039.635s][debug][gc,age         ] GC(64) Desired survivor size 128974848 bytes, new threshold 14 (max threshold 15)
[2039.635s][info ][gc,heap        ] GC(64) PSYoungGen: 1939449K(1939456K)->82048K(1937920K) Eden: 1855488K(1855488K)->0K(1855488K) From: 83961K(83968K)->82048K(82432K)
[2039.635s][info ][gc,heap        ] GC(64) ParOldGen: 550269K(625664K)->556341K(625664K)
[2039.635s][info ][gc,metaspace   ] GC(64) Metaspace: 79437K(80320K)->79437K(80320K) NonClass: 68249K(68736K)->68249K(68736K) Class: 11187K(11584K)->11187K(11584K)
[2039.635s][info ][gc             ] GC(64) Pause Young (Allocation Failure) 2431M->623M(2503M) 22.027ms
[2039.635s][info ][gc,cpu         ] GC(64) User=0.09s Sys=0.01s Real=0.02s
[2039.635s][info ][safepoint      ] Safepoint "ParallelGCFailedAllocation", Time since last: 734613093 ns, Reaching safepoint: 26800 ns, At safepoint: 22089076 ns, Total: 22115876 ns
[2040.636s][info ][safepoint      ] Safepoint "Cleanup", Time since last: 1000075698 ns, Reaching safepoint: 43800 ns, At safepoint: 2300 ns, Total: 46100 ns
[2041.636s][info ][safepoint      ] Safepoint "Cleanup", Time since last: 1000084595 ns, Reaching safepoint: 36400 ns, At safepoint: 2600 ns, Total: 39000 ns
[2045.636s][info ][safepoint      ] Safepoint "Cleanup", Time since last: 4000288739 ns, Reaching safepoint: 42300 ns, At safepoint: 2400 ns, Total: 44700 ns
[2046.636s][info ][safepoint      ] Safepoint "Cleanup", Time since last: 1000100976 ns, Reaching safepoint: 47900 ns, At safepoint: 9900 ns, Total: 57800 ns
[2051.636s][info ][safepoint      ] Safepoint "Cleanup", Time since last: 5000251820 ns, Reaching safepoint: 30300 ns, At safepoint: 5800 ns, Total: 36100 ns
[2060.637s][info ][safepoint      ] Safepoint "Cleanup", Time since last: 9000587538 ns, Reaching safepoint: 32500 ns, At safepoint: 2700 ns, Total: 35200 ns
[2067.638s][info ][safepoint      ] Safepoint "Cleanup", Time since last: 7000432956 ns, Reaching safepoint: 42800 ns, At safepoint: 20500 ns, Total: 63300 ns
[2068.638s][info ][safepoint      ] Safepoint "Cleanup", Time since last: 1000107493 ns, Reaching safepoint: 102600 ns, At safepoint: 5900 ns, Total: 108500 ns
[2070.638s][info ][safepoint      ] Safepoint "Cleanup", Time since last: 2000177776 ns, Reaching safepoint: 30900 ns, At safepoint: 2600 ns, Total: 33500 ns
[2073.769s][info ][gc,start       ] GC(65) Pause Young (Allocation Failure)
[2073.791s][debug][gc,phases      ] GC(65) Scavenge 22.409ms
[2073.791s][debug][gc,ref         ] GC(65) Skipped phase 1 of Reference Processing: no references
[2073.791s][debug][gc,ref         ] GC(65) ReferenceProcessor::execute queues: 1, RefProcThreadModel::Single, marks_oops_alive: false
[2073.791s][debug][gc,ref         ] GC(65) Skipped phase 3 of Reference Processing: no references
[2073.791s][debug][gc,ref         ] GC(65) ReferenceProcessor::execute queues: 1, RefProcThreadModel::Single, marks_oops_alive: false
[2073.791s][debug][gc,phases      ] GC(65) Reference Processing 0.090ms
[2073.791s][debug][gc,phases      ] GC(65)   VM Weak                        Min:  0.0, Avg:  0.0, Max:  0.0, Diff:  0.0, Sum:  0.0, Workers: 4
[2073.791s][debug][gc,phases      ] GC(65)     Dead                           Min: 0, Avg:  0.0, Max: 0, Diff: 0, Sum: 0, Workers: 4
[2073.791s][debug][gc,phases      ] GC(65)     Total                          Min: 0, Avg: 190.5, Max: 762, Diff: 762, Sum: 762, Workers: 4
[2073.791s][debug][gc,phases      ] GC(65)   ObjectSynchronizer Weak        Min:  0.0, Avg:  0.0, Max:  0.0, Diff:  0.0, Sum:  0.0, Workers: 4
[2073.791s][debug][gc,phases      ] GC(65)     Dead                           Min: 0, Avg:  0.0, Max: 0, Diff: 0, Sum: 0, Workers: 4
[2073.791s][debug][gc,phases      ] GC(65)     Total                          Min: 0, Avg:  8.5, Max: 34, Diff: 34, Sum: 34, Workers: 4
[2073.791s][debug][gc,phases      ] GC(65)   JVMTI Tag Weak OopStorage      Min:  0.0, Avg:  0.0, Max:  0.0, Diff:  0.0, Sum:  0.0, Workers: 4
[2073.791s][debug][gc,phases      ] GC(65)     Dead                           Min: 0, Avg:  0.0, Max: 0, Diff: 0, Sum: 0, Workers: 4
[2073.791s][debug][gc,phases      ] GC(65)     Total                          Min: 0, Avg:  0.0, Max: 0, Diff: 0, Sum: 0, Workers: 4
[2073.791s][debug][gc,phases      ] GC(65)   StringTable Weak               Min:  0.0, Avg:  0.1, Max:  0.1, Diff:  0.1, Sum:  0.3, Workers: 4
[2073.791s][debug][gc,phases      ] GC(65)     Dead                           Min: 0, Avg:  0.0, Max: 0, Diff: 0, Sum: 0, Workers: 4
[2073.791s][debug][gc,phases      ] GC(65)     Total                          Min: 0, Avg: 10676.5, Max: 18816, Diff: 18816, Sum: 42706, Workers: 4
[2073.791s][debug][gc,phases      ] GC(65)   ResolvedMethodTable Weak       Min:  0.0, Avg:  0.0, Max:  0.0, Diff:  0.0, Sum:  0.1, Workers: 4
[2073.791s][debug][gc,phases      ] GC(65)     Dead                           Min: 0, Avg:  0.0, Max: 0, Diff: 0, Sum: 0, Workers: 4
[2073.791s][debug][gc,phases      ] GC(65)     Total                          Min: 0, Avg: 2155.5, Max: 3584, Diff: 3584, Sum: 8622, Workers: 4
[2073.791s][debug][gc,phases      ] GC(65)   JNI Weak                       Min:  0.0, Avg:  0.0, Max:  0.0, Diff:  0.0, Sum:  0.0, Workers: 4
[2073.791s][debug][gc,phases      ] GC(65)     Dead                           Min: 0, Avg:  0.0, Max: 0, Diff: 0, Sum: 0, Workers: 4
[2073.791s][debug][gc,phases      ] GC(65)     Total                          Min: 0, Avg: 11.2, Max: 45, Diff: 45, Sum: 45, Workers: 4
[2073.791s][debug][gc,phases      ] GC(65)   StringDedup Table Weak         Min:  0.0, Avg:  0.0, Max:  0.0, Diff:  0.0, Sum:  0.0, Workers: 4
[2073.791s][debug][gc,phases      ] GC(65)     Dead                           Min: 0, Avg:  0.0, Max: 0, Diff: 0, Sum: 0, Workers: 4
[2073.791s][debug][gc,phases      ] GC(65)     Total                          Min: 0, Avg:  0.0, Max: 0, Diff: 0, Sum: 0, Workers: 4
[2073.791s][debug][gc,phases      ] GC(65)   StringDedup Requests0 Weak     Min:  0.0, Avg:  0.0, Max:  0.0, Diff:  0.0, Sum:  0.0, Workers: 4
[2073.791s][debug][gc,phases      ] GC(65)     Dead                           Min: 0, Avg:  0.0, Max: 0, Diff: 0, Sum: 0, Workers: 4
[2073.791s][debug][gc,phases      ] GC(65)     Total                          Min: 0, Avg:  0.0, Max: 0, Diff: 0, Sum: 0, Workers: 4
[2073.791s][debug][gc,phases      ] GC(65)   StringDedup Requests1 Weak     Min:  0.0, Avg:  0.0, Max:  0.0, Diff:  0.0, Sum:  0.0, Workers: 4
[2073.791s][debug][gc,phases      ] GC(65)     Dead                           Min: 0, Avg:  0.0, Max: 0, Diff: 0, Sum: 0, Workers: 4
[2073.791s][debug][gc,phases      ] GC(65)     Total                          Min: 0, Avg:  0.0, Max: 0, Diff: 0, Sum: 0, Workers: 4
[2073.791s][debug][gc,phases      ] GC(65)   Weak JFR Old Object Samples    Min:  0.0, Avg:  0.0, Max:  0.0, Diff:  0.0, Sum:  0.0, Workers: 4
[2073.791s][debug][gc,phases      ] GC(65)     Dead                           Min: 0, Avg:  0.0, Max: 0, Diff: 0, Sum: 0, Workers: 4
[2073.791s][debug][gc,phases      ] GC(65)     Total                          Min: 0, Avg:  0.0, Max: 0, Diff: 0, Sum: 0, Workers: 4
[2073.791s][debug][gc,phases      ] GC(65) Weak Processing 0.315ms
[2073.791s][debug][gc,age         ] GC(65) Desired survivor size 133169152 bytes, new threshold 15 (max threshold 15)
[2073.791s][info ][gc,heap        ] GC(65) PSYoungGen: 1937536K(1937920K)->83328K(1963008K) Eden: 1855488K(1855488K)->0K(1837056K) From: 82048K(82432K)->83328K(125952K)
[2073.791s][info ][gc,heap        ] GC(65) ParOldGen: 556341K(625664K)->556341K(625664K)
[2073.791s][info ][gc,metaspace   ] GC(65) Metaspace: 79459K(80384K)->79459K(80384K) NonClass: 68271K(68800K)->68271K(68800K) Class: 11188K(11584K)->11188K(11584K)
[2073.791s][info ][gc             ] GC(65) Pause Young (Allocation Failure) 2435M->624M(2528M) 22.943ms
[2073.792s][info ][gc,cpu         ] GC(65) User=0.08s Sys=0.00s Real=0.02s
[2073.792s][info ][safepoint      ] Safepoint "ParallelGCFailedAllocation", Time since last: 3130519776 ns, Reaching safepoint: 26000 ns, At safepoint: 23013672 ns, Total: 23039672 ns
[2076.792s][info ][safepoint      ] Safepoint "Cleanup", Time since last: 3000211002 ns, Reaching safepoint: 43100 ns, At safepoint: 3300 ns, Total: 46400 ns
[2077.792s][info ][safepoint      ] Safepoint "Cleanup", Time since last: 1000098760 ns, Reaching safepoint: 41300 ns, At safepoint: 3900 ns, Total: 45200 ns
[2079.792s][info ][safepoint      ] Safepoint "Cleanup", Time since last: 2000157209 ns, Reaching safepoint: 25000 ns, At safepoint: 2500 ns, Total: 27500 ns
[2080.792s][info ][safepoint      ] Safepoint "Cleanup", Time since last: 1000096650 ns, Reaching safepoint: 24400 ns, At safepoint: 2100 ns, Total: 26500 ns
[2083.792s][info ][safepoint      ] Safepoint "Cleanup", Time since last: 3000227626 ns, Reaching safepoint: 30500 ns, At safepoint: 2500 ns, Total: 33000 ns
[2085.793s][info ][safepoint      ] Safepoint "Cleanup", Time since last: 2000154467 ns, Reaching safepoint: 38800 ns, At safepoint: 3000 ns, Total: 41800 ns
[2088.793s][info ][safepoint      ] Safepoint "Cleanup", Time since last: 3000200774 ns, Reaching safepoint: 56100 ns, At safepoint: 2300 ns, Total: 58400 ns
[2089.793s][info ][safepoint      ] Safepoint "Cleanup", Time since last: 1000102018 ns, Reaching safepoint: 42700 ns, At safepoint: 4300 ns, Total: 47000 ns
[2091.793s][info ][safepoint      ] Safepoint "Cleanup", Time since last: 2000144224 ns, Reaching safepoint: 42800 ns, At safepoint: 5600 ns, Total: 48400 ns
[2092.793s][info ][safepoint      ] Safepoint "Cleanup", Time since last: 1000097708 ns, Reaching safepoint: 39899 ns, At safepoint: 4600 ns, Total: 44499 ns
[2094.794s][info ][safepoint      ] Safepoint "Cleanup", Time since last: 2000139404 ns, Reaching safepoint: 36200 ns, At safepoint: 3500 ns, Total: 39700 ns
[2099.794s][info ][safepoint      ] Safepoint "Cleanup", Time since last: 5000335349 ns, Reaching safepoint: 26400 ns, At safepoint: 2400 ns, Total: 28800 ns
[2100.794s][info ][safepoint      ] Safepoint "Cleanup", Time since last: 1000066280 ns, Reaching safepoint: 36100 ns, At safepoint: 2600 ns, Total: 38700 ns
[2101.794s][info ][safepoint      ] Safepoint "Cleanup", Time since last: 1000091876 ns, Reaching safepoint: 37400 ns, At safepoint: 3500 ns, Total: 40900 ns
[2105.795s][info ][safepoint      ] Safepoint "Cleanup", Time since last: 4000287370 ns, Reaching safepoint: 23700 ns, At safepoint: 2600 ns, Total: 26300 ns
[2106.113s][info ][gc,start       ] GC(66) Pause Young (Allocation Failure)
[2106.134s][debug][gc,phases      ] GC(66) Scavenge 20.480ms
[2106.134s][debug][gc,ref         ] GC(66) Skipped phase 1 of Reference Processing: no references
[2106.134s][debug][gc,ref         ] GC(66) ReferenceProcessor::execute queues: 1, RefProcThreadModel::Single, marks_oops_alive: false
[2106.134s][debug][gc,ref         ] GC(66) Skipped phase 3 of Reference Processing: no references
[2106.134s][debug][gc,ref         ] GC(66) ReferenceProcessor::execute queues: 1, RefProcThreadModel::Single, marks_oops_alive: false
[2106.134s][debug][gc,phases      ] GC(66) Reference Processing 0.110ms
[2106.134s][debug][gc,phases      ] GC(66)   VM Weak                        Min:  0.0, Avg:  0.0, Max:  0.0, Diff:  0.0, Sum:  0.0, Workers: 4
[2106.134s][debug][gc,phases      ] GC(66)     Dead                           Min: 0, Avg:  0.0, Max: 0, Diff: 0, Sum: 0, Workers: 4
[2106.134s][debug][gc,phases      ] GC(66)     Total                          Min: 0, Avg: 190.5, Max: 384, Diff: 384, Sum: 762, Workers: 4
[2106.134s][debug][gc,phases      ] GC(66)   ObjectSynchronizer Weak        Min:  0.0, Avg:  0.0, Max:  0.0, Diff:  0.0, Sum:  0.0, Workers: 4
[2106.134s][debug][gc,phases      ] GC(66)     Dead                           Min: 0, Avg:  0.0, Max: 0, Diff: 0, Sum: 0, Workers: 4
[2106.134s][debug][gc,phases      ] GC(66)     Total                          Min: 0, Avg:  8.5, Max: 34, Diff: 34, Sum: 34, Workers: 4
[2106.134s][debug][gc,phases      ] GC(66)   JVMTI Tag Weak OopStorage      Min:  0.0, Avg:  0.0, Max:  0.0, Diff:  0.0, Sum:  0.0, Workers: 4
[2106.134s][debug][gc,phases      ] GC(66)     Dead                           Min: 0, Avg:  0.0, Max: 0, Diff: 0, Sum: 0, Workers: 4
[2106.134s][debug][gc,phases      ] GC(66)     Total                          Min: 0, Avg:  0.0, Max: 0, Diff: 0, Sum: 0, Workers: 4
[2106.134s][debug][gc,phases      ] GC(66)   StringTable Weak               Min:  0.0, Avg:  0.1, Max:  0.1, Diff:  0.1, Sum:  0.3, Workers: 4
[2106.134s][debug][gc,phases      ] GC(66)     Dead                           Min: 0, Avg:  0.0, Max: 0, Diff: 0, Sum: 0, Workers: 4
[2106.134s][debug][gc,phases      ] GC(66)     Total                          Min: 0, Avg: 10676.5, Max: 16320, Diff: 16320, Sum: 42706, Workers: 4
[2106.134s][debug][gc,phases      ] GC(66)   ResolvedMethodTable Weak       Min:  0.0, Avg:  0.0, Max:  0.0, Diff:  0.0, Sum:  0.1, Workers: 4
[2106.134s][debug][gc,phases      ] GC(66)     Dead                           Min: 0, Avg:  0.0, Max: 0, Diff: 0, Sum: 0, Workers: 4
[2106.134s][debug][gc,phases      ] GC(66)     Total                          Min: 0, Avg: 2155.5, Max: 3833, Diff: 3833, Sum: 8622, Workers: 4
[2106.134s][debug][gc,phases      ] GC(66)   JNI Weak                       Min:  0.0, Avg:  0.0, Max:  0.0, Diff:  0.0, Sum:  0.0, Workers: 4
[2106.134s][debug][gc,phases      ] GC(66)     Dead                           Min: 0, Avg:  0.0, Max: 0, Diff: 0, Sum: 0, Workers: 4
[2106.134s][debug][gc,phases      ] GC(66)     Total                          Min: 0, Avg: 11.2, Max: 45, Diff: 45, Sum: 45, Workers: 4
[2106.134s][debug][gc,phases      ] GC(66)   StringDedup Table Weak         Min:  0.0, Avg:  0.0, Max:  0.0, Diff:  0.0, Sum:  0.0, Workers: 4
[2106.134s][debug][gc,phases      ] GC(66)     Dead                           Min: 0, Avg:  0.0, Max: 0, Diff: 0, Sum: 0, Workers: 4
[2106.134s][debug][gc,phases      ] GC(66)     Total                          Min: 0, Avg:  0.0, Max: 0, Diff: 0, Sum: 0, Workers: 4
[2106.134s][debug][gc,phases      ] GC(66)   StringDedup Requests0 Weak     Min:  0.0, Avg:  0.0, Max:  0.0, Diff:  0.0, Sum:  0.0, Workers: 4
[2106.134s][debug][gc,phases      ] GC(66)     Dead                           Min: 0, Avg:  0.0, Max: 0, Diff: 0, Sum: 0, Workers: 4
[2106.134s][debug][gc,phases      ] GC(66)     Total                          Min: 0, Avg:  0.0, Max: 0, Diff: 0, Sum: 0, Workers: 4
[2106.134s][debug][gc,phases      ] GC(66)   StringDedup Requests1 Weak     Min:  0.0, Avg:  0.0, Max:  0.0, Diff:  0.0, Sum:  0.0, Workers: 4
[2106.134s][debug][gc,phases      ] GC(66)     Dead                           Min: 0, Avg:  0.0, Max: 0, Diff: 0, Sum: 0, Workers: 4
[2106.134s][debug][gc,phases      ] GC(66)     Total                          Min: 0, Avg:  0.0, Max: 0, Diff: 0, Sum: 0, Workers: 4
[2106.134s][debug][gc,phases      ] GC(66)   Weak JFR Old Object Samples    Min:  0.0, Avg:  0.0, Max:  0.0, Diff:  0.0, Sum:  0.0, Workers: 4
[2106.134s][debug][gc,phases      ] GC(66)     Dead                           Min: 0, Avg:  0.0, Max: 0, Diff: 0, Sum: 0, Workers: 4
[2106.134s][debug][gc,phases      ] GC(66)     Total                          Min: 0, Avg:  0.0, Max: 0, Diff: 0, Sum: 0, Workers: 4
[2106.134s][debug][gc,phases      ] GC(66) Weak Processing 0.303ms
[2106.134s][debug][gc,age         ] GC(66) Desired survivor size 136314880 bytes, new threshold 15 (max threshold 15)
[2106.134s][info ][gc,heap        ] GC(66) PSYoungGen: 1920384K(1963008K)->83888K(1921024K) Eden: 1837056K(1837056K)->0K(1837056K) From: 83328K(125952K)->83888K(83968K)
[2106.134s][info ][gc,heap        ] GC(66) ParOldGen: 556341K(625664K)->556349K(625664K)
[2106.134s][info ][gc,metaspace   ] GC(66) Metaspace: 79471K(80384K)->79471K(80384K) NonClass: 68283K(68800K)->68283K(68800K) Class: 11188K(11584K)->11188K(11584K)
[2106.134s][info ][gc             ] GC(66) Pause Young (Allocation Failure) 2418M->625M(2487M) 21.008ms
[2106.134s][info ][gc,cpu         ] GC(66) User=0.08s Sys=0.00s Real=0.02s
[2106.134s][info ][safepoint      ] Safepoint "ParallelGCFailedAllocation", Time since last: 318663473 ns, Reaching safepoint: 24300 ns, At safepoint: 21074872 ns, Total: 21099172 ns
[2108.134s][info ][safepoint      ] Safepoint "Cleanup", Time since last: 2000122112 ns, Reaching safepoint: 48000 ns, At safepoint: 3600 ns, Total: 51600 ns
[2109.135s][info ][safepoint      ] Safepoint "Cleanup", Time since last: 1000097651 ns, Reaching safepoint: 45100 ns, At safepoint: 2300 ns, Total: 47400 ns
[2110.135s][info ][safepoint      ] Safepoint "Cleanup", Time since last: 1000107248 ns, Reaching safepoint: 36800 ns, At safepoint: 4000 ns, Total: 40800 ns
[2111.135s][info ][safepoint      ] Safepoint "Cleanup", Time since last: 1000092444 ns, Reaching safepoint: 47000 ns, At safepoint: 2000 ns, Total: 49000 ns
[2112.135s][info ][safepoint      ] Safepoint "Cleanup", Time since last: 1000092441 ns, Reaching safepoint: 25300 ns, At safepoint: 2200 ns, Total: 27500 ns
[2113.135s][info ][safepoint      ] Safepoint "Cleanup", Time since last: 1000094738 ns, Reaching safepoint: 41700 ns, At safepoint: 7100 ns, Total: 48800 ns
[2115.135s][info ][safepoint      ] Safepoint "Cleanup", Time since last: 2000123765 ns, Reaching safepoint: 36300 ns, At safepoint: 2500 ns, Total: 38800 ns
[2119.136s][info ][safepoint      ] Safepoint "Cleanup", Time since last: 4000289991 ns, Reaching safepoint: 38200 ns, At safepoint: 2400 ns, Total: 40600 ns
[2122.136s][info ][safepoint      ] Safepoint "Cleanup", Time since last: 3000231234 ns, Reaching safepoint: 40600 ns, At safepoint: 8700 ns, Total: 49300 ns
[2124.136s][info ][safepoint      ] Safepoint "Cleanup", Time since last: 2000117505 ns, Reaching safepoint: 54400 ns, At safepoint: 2500 ns, Total: 56900 ns
[2130.137s][info ][safepoint      ] Safepoint "Cleanup", Time since last: 6000403640 ns, Reaching safepoint: 40100 ns, At safepoint: 23899 ns, Total: 63999 ns
[2131.137s][info ][safepoint      ] Safepoint "Cleanup", Time since last: 1000090779 ns, Reaching safepoint: 55900 ns, At safepoint: 3200 ns, Total: 59100 ns
[2132.137s][info ][safepoint      ] Safepoint "Cleanup", Time since last: 1000093675 ns, Reaching safepoint: 28100 ns, At safepoint: 2500 ns, Total: 30600 ns
[2133.137s][info ][safepoint      ] Safepoint "Cleanup", Time since last: 1000110472 ns, Reaching safepoint: 41000 ns, At safepoint: 20300 ns, Total: 61300 ns
[2134.137s][info ][safepoint      ] Safepoint "Cleanup", Time since last: 1000102069 ns, Reaching safepoint: 29800 ns, At safepoint: 3000 ns, Total: 32800 ns
[2136.266s][info ][gc,start       ] GC(67) Pause Young (Allocation Failure)
[2136.288s][debug][gc,phases      ] GC(67) Scavenge 22.054ms
[2136.288s][debug][gc,ref         ] GC(67) Skipped phase 1 of Reference Processing: no references
[2136.288s][debug][gc,ref         ] GC(67) ReferenceProcessor::execute queues: 1, RefProcThreadModel::Single, marks_oops_alive: false
[2136.288s][debug][gc,ref         ] GC(67) Skipped phase 3 of Reference Processing: no references
[2136.288s][debug][gc,ref         ] GC(67) ReferenceProcessor::execute queues: 1, RefProcThreadModel::Single, marks_oops_alive: false
[2136.288s][debug][gc,phases      ] GC(67) Reference Processing 0.111ms
[2136.288s][debug][gc,phases      ] GC(67)   VM Weak                        Min:  0.0, Avg:  0.0, Max:  0.0, Diff:  0.0, Sum:  0.0, Workers: 4
[2136.288s][debug][gc,phases      ] GC(67)     Dead                           Min: 0, Avg:  0.0, Max: 0, Diff: 0, Sum: 0, Workers: 4
[2136.288s][debug][gc,phases      ] GC(67)     Total                          Min: 0, Avg: 190.5, Max: 698, Diff: 698, Sum: 762, Workers: 4
[2136.288s][debug][gc,phases      ] GC(67)   ObjectSynchronizer Weak        Min:  0.0, Avg:  0.0, Max:  0.0, Diff:  0.0, Sum:  0.0, Workers: 4
[2136.288s][debug][gc,phases      ] GC(67)     Dead                           Min: 0, Avg:  0.5, Max: 2, Diff: 2, Sum: 2, Workers: 4
[2136.288s][debug][gc,phases      ] GC(67)     Total                          Min: 0, Avg:  9.0, Max: 36, Diff: 36, Sum: 36, Workers: 4
[2136.288s][debug][gc,phases      ] GC(67)   JVMTI Tag Weak OopStorage      Min:  0.0, Avg:  0.0, Max:  0.0, Diff:  0.0, Sum:  0.0, Workers: 4
[2136.288s][debug][gc,phases      ] GC(67)     Dead                           Min: 0, Avg:  0.0, Max: 0, Diff: 0, Sum: 0, Workers: 4
[2136.288s][debug][gc,phases      ] GC(67)     Total                          Min: 0, Avg:  0.0, Max: 0, Diff: 0, Sum: 0, Workers: 4
[2136.288s][debug][gc,phases      ] GC(67)   StringTable Weak               Min:  0.1, Avg:  0.1, Max:  0.1, Diff:  0.0, Sum:  0.4, Workers: 4
[2136.288s][debug][gc,phases      ] GC(67)     Dead                           Min: 0, Avg:  0.0, Max: 0, Diff: 0, Sum: 0, Workers: 4
[2136.288s][debug][gc,phases      ] GC(67)     Total                          Min: 9255, Avg: 10681.8, Max: 11392, Diff: 2137, Sum: 42727, Workers: 4
[2136.288s][debug][gc,phases      ] GC(67)   ResolvedMethodTable Weak       Min:  0.0, Avg:  0.0, Max:  0.0, Diff:  0.0, Sum:  0.1, Workers: 4
[2136.288s][debug][gc,phases      ] GC(67)     Dead                           Min: 0, Avg:  0.0, Max: 0, Diff: 0, Sum: 0, Workers: 4
[2136.288s][debug][gc,phases      ] GC(67)     Total                          Min: 2048, Avg: 2156.5, Max: 2357, Diff: 309, Sum: 8626, Workers: 4
[2136.288s][debug][gc,phases      ] GC(67)   JNI Weak                       Min:  0.0, Avg:  0.0, Max:  0.0, Diff:  0.0, Sum:  0.0, Workers: 4
[2136.288s][debug][gc,phases      ] GC(67)     Dead                           Min: 0, Avg:  0.0, Max: 0, Diff: 0, Sum: 0, Workers: 4
[2136.288s][debug][gc,phases      ] GC(67)     Total                          Min: 0, Avg: 11.2, Max: 45, Diff: 45, Sum: 45, Workers: 4
[2136.288s][debug][gc,phases      ] GC(67)   StringDedup Table Weak         Min:  0.0, Avg:  0.0, Max:  0.0, Diff:  0.0, Sum:  0.0, Workers: 4
[2136.288s][debug][gc,phases      ] GC(67)     Dead                           Min: 0, Avg:  0.0, Max: 0, Diff: 0, Sum: 0, Workers: 4
[2136.288s][debug][gc,phases      ] GC(67)     Total                          Min: 0, Avg:  0.0, Max: 0, Diff: 0, Sum: 0, Workers: 4
[2136.288s][debug][gc,phases      ] GC(67)   StringDedup Requests0 Weak     Min:  0.0, Avg:  0.0, Max:  0.0, Diff:  0.0, Sum:  0.0, Workers: 4
[2136.288s][debug][gc,phases      ] GC(67)     Dead                           Min: 0, Avg:  0.0, Max: 0, Diff: 0, Sum: 0, Workers: 4
[2136.288s][debug][gc,phases      ] GC(67)     Total                          Min: 0, Avg:  0.0, Max: 0, Diff: 0, Sum: 0, Workers: 4
[2136.288s][debug][gc,phases      ] GC(67)   StringDedup Requests1 Weak     Min:  0.0, Avg:  0.0, Max:  0.0, Diff:  0.0, Sum:  0.0, Workers: 4
[2136.288s][debug][gc,phases      ] GC(67)     Dead                           Min: 0, Avg:  0.0, Max: 0, Diff: 0, Sum: 0, Workers: 4
[2136.288s][debug][gc,phases      ] GC(67)     Total                          Min: 0, Avg:  0.0, Max: 0, Diff: 0, Sum: 0, Workers: 4
[2136.288s][debug][gc,phases      ] GC(67)   Weak JFR Old Object Samples    Min:  0.0, Avg:  0.0, Max:  0.0, Diff:  0.0, Sum:  0.0, Workers: 4
[2136.288s][debug][gc,phases      ] GC(67)     Dead                           Min: 0, Avg:  0.0, Max: 0, Diff: 0, Sum: 0, Workers: 4
[2136.288s][debug][gc,phases      ] GC(67)     Total                          Min: 0, Avg:  0.0, Max: 0, Diff: 0, Sum: 0, Workers: 4
[2136.288s][debug][gc,phases      ] GC(67) Weak Processing 0.288ms
[2136.288s][debug][gc,age         ] GC(67) Desired survivor size 138412032 bytes, new threshold 15 (max threshold 15)
[2136.288s][info ][gc,heap        ] GC(67) PSYoungGen: 1920944K(1921024K)->84256K(1959936K) Eden: 1837056K(1837056K)->0K(1826816K) From: 83888K(83968K)->84256K(133120K)
[2136.288s][info ][gc,heap        ] GC(67) ParOldGen: 556349K(625664K)->556509K(625664K)
[2136.288s][info ][gc,metaspace   ] GC(67) Metaspace: 79485K(80384K)->79485K(80384K) NonClass: 68294K(68800K)->68294K(68800K) Class: 11190K(11584K)->11190K(11584K)
[2136.288s][info ][gc             ] GC(67) Pause Young (Allocation Failure) 2419M->625M(2525M) 22.567ms
[2136.288s][info ][gc,cpu         ] GC(67) User=0.09s Sys=0.00s Real=0.03s
[2136.288s][info ][safepoint      ] Safepoint "ParallelGCFailedAllocation", Time since last: 2128632343 ns, Reaching safepoint: 25600 ns, At safepoint: 22632367 ns, Total: 22657967 ns
[2137.289s][info ][safepoint      ] Safepoint "Cleanup", Time since last: 1000078359 ns, Reaching safepoint: 44900 ns, At safepoint: 2900 ns, Total: 47800 ns
[2140.988s][info ][safepoint      ] Safepoint "Cleanup", Time since last: 3699535141 ns, Reaching safepoint: 25300 ns, At safepoint: 4300 ns, Total: 29600 ns
[2141.988s][info ][safepoint      ] Safepoint "Cleanup", Time since last: 1000098843 ns, Reaching safepoint: 59700 ns, At safepoint: 5000 ns, Total: 64700 ns
[2144.989s][info ][safepoint      ] Safepoint "Cleanup", Time since last: 3000182013 ns, Reaching safepoint: 35800 ns, At safepoint: 10300 ns, Total: 46100 ns
[2145.989s][info ][safepoint      ] Safepoint "Cleanup", Time since last: 1000099731 ns, Reaching safepoint: 36000 ns, At safepoint: 2800 ns, Total: 38800 ns
[2160.980s][info ][safepoint      ] Safepoint "Cleanup", Time since last: 14991621110 ns, Reaching safepoint: 42800 ns, At safepoint: 22300 ns, Total: 65100 ns
[2165.981s][info ][safepoint      ] Safepoint "Cleanup", Time since last: 5000337778 ns, Reaching safepoint: 40700 ns, At safepoint: 2300 ns, Total: 43000 ns
[2166.981s][info ][safepoint      ] Safepoint "Cleanup", Time since last: 1000097967 ns, Reaching safepoint: 43100 ns, At safepoint: 3700 ns, Total: 46800 ns
[2168.861s][info ][gc,start       ] GC(68) Pause Young (Allocation Failure)
[2168.882s][debug][gc,phases      ] GC(68) Scavenge 21.047ms
[2168.882s][debug][gc,ref         ] GC(68) Skipped phase 1 of Reference Processing: no references
[2168.882s][debug][gc,ref         ] GC(68) ReferenceProcessor::execute queues: 1, RefProcThreadModel::Single, marks_oops_alive: false
[2168.882s][debug][gc,ref         ] GC(68) Skipped phase 3 of Reference Processing: no references
[2168.882s][debug][gc,ref         ] GC(68) ReferenceProcessor::execute queues: 1, RefProcThreadModel::Single, marks_oops_alive: false
[2168.882s][debug][gc,phases      ] GC(68) Reference Processing 0.111ms
[2168.883s][debug][gc,phases      ] GC(68)   VM Weak                        Min:  0.0, Avg:  0.0, Max:  0.0, Diff:  0.0, Sum:  0.0, Workers: 4
[2168.883s][debug][gc,phases      ] GC(68)     Dead                           Min: 0, Avg:  0.0, Max: 0, Diff: 0, Sum: 0, Workers: 4
[2168.883s][debug][gc,phases      ] GC(68)     Total                          Min: 0, Avg: 190.5, Max: 762, Diff: 762, Sum: 762, Workers: 4
[2168.883s][debug][gc,phases      ] GC(68)   ObjectSynchronizer Weak        Min:  0.0, Avg:  0.0, Max:  0.0, Diff:  0.0, Sum:  0.0, Workers: 4
[2168.883s][debug][gc,phases      ] GC(68)     Dead                           Min: 0, Avg:  0.0, Max: 0, Diff: 0, Sum: 0, Workers: 4
[2168.883s][debug][gc,phases      ] GC(68)     Total                          Min: 0, Avg:  9.0, Max: 36, Diff: 36, Sum: 36, Workers: 4
[2168.883s][debug][gc,phases      ] GC(68)   JVMTI Tag Weak OopStorage      Min:  0.0, Avg:  0.0, Max:  0.0, Diff:  0.0, Sum:  0.0, Workers: 4
[2168.883s][debug][gc,phases      ] GC(68)     Dead                           Min: 0, Avg:  0.0, Max: 0, Diff: 0, Sum: 0, Workers: 4
[2168.883s][debug][gc,phases      ] GC(68)     Total                          Min: 0, Avg:  0.0, Max: 0, Diff: 0, Sum: 0, Workers: 4
[2168.883s][debug][gc,phases      ] GC(68)   StringTable Weak               Min:  0.1, Avg:  0.1, Max:  0.1, Diff:  0.0, Sum:  0.4, Workers: 4
[2168.883s][debug][gc,phases      ] GC(68)     Dead                           Min: 0, Avg:  0.0, Max: 0, Diff: 0, Sum: 0, Workers: 4
[2168.883s][debug][gc,phases      ] GC(68)     Total                          Min: 9896, Avg: 10682.0, Max: 11584, Diff: 1688, Sum: 42728, Workers: 4
[2168.883s][debug][gc,phases      ] GC(68)   ResolvedMethodTable Weak       Min:  0.0, Avg:  0.0, Max:  0.0, Diff:  0.0, Sum:  0.1, Workers: 4
[2168.883s][debug][gc,phases      ] GC(68)     Dead                           Min: 0, Avg:  0.0, Max: 0, Diff: 0, Sum: 0, Workers: 4
[2168.883s][debug][gc,phases      ] GC(68)     Total                          Min: 1399, Avg: 2156.5, Max: 2560, Diff: 1161, Sum: 8626, Workers: 4
[2168.883s][debug][gc,phases      ] GC(68)   JNI Weak                       Min:  0.0, Avg:  0.0, Max:  0.0, Diff:  0.0, Sum:  0.0, Workers: 4
[2168.883s][debug][gc,phases      ] GC(68)     Dead                           Min: 0, Avg:  0.0, Max: 0, Diff: 0, Sum: 0, Workers: 4
[2168.883s][debug][gc,phases      ] GC(68)     Total                          Min: 0, Avg: 11.2, Max: 45, Diff: 45, Sum: 45, Workers: 4
[2168.883s][debug][gc,phases      ] GC(68)   StringDedup Table Weak         Min:  0.0, Avg:  0.0, Max:  0.0, Diff:  0.0, Sum:  0.0, Workers: 4
[2168.883s][debug][gc,phases      ] GC(68)     Dead                           Min: 0, Avg:  0.0, Max: 0, Diff: 0, Sum: 0, Workers: 4
[2168.883s][debug][gc,phases      ] GC(68)     Total                          Min: 0, Avg:  0.0, Max: 0, Diff: 0, Sum: 0, Workers: 4
[2168.883s][debug][gc,phases      ] GC(68)   StringDedup Requests0 Weak     Min:  0.0, Avg:  0.0, Max:  0.0, Diff:  0.0, Sum:  0.0, Workers: 4
[2168.883s][debug][gc,phases      ] GC(68)     Dead                           Min: 0, Avg:  0.0, Max: 0, Diff: 0, Sum: 0, Workers: 4
[2168.883s][debug][gc,phases      ] GC(68)     Total                          Min: 0, Avg:  0.0, Max: 0, Diff: 0, Sum: 0, Workers: 4
[2168.883s][debug][gc,phases      ] GC(68)   StringDedup Requests1 Weak     Min:  0.0, Avg:  0.0, Max:  0.0, Diff:  0.0, Sum:  0.0, Workers: 4
[2168.883s][debug][gc,phases      ] GC(68)     Dead                           Min: 0, Avg:  0.0, Max: 0, Diff: 0, Sum: 0, Workers: 4
[2168.883s][debug][gc,phases      ] GC(68)     Total                          Min: 0, Avg:  0.0, Max: 0, Diff: 0, Sum: 0, Workers: 4
[2168.883s][debug][gc,phases      ] GC(68)   Weak JFR Old Object Samples    Min:  0.0, Avg:  0.0, Max:  0.0, Diff:  0.0, Sum:  0.0, Workers: 4
[2168.883s][debug][gc,phases      ] GC(68)     Dead                           Min: 0, Avg:  0.0, Max: 0, Diff: 0, Sum: 0, Workers: 4
[2168.883s][debug][gc,phases      ] GC(68)     Total                          Min: 0, Avg:  0.0, Max: 0, Diff: 0, Sum: 0, Workers: 4
[2168.883s][debug][gc,phases      ] GC(68) Weak Processing 0.320ms
[2168.883s][debug][gc,age         ] GC(68) Desired survivor size 139984896 bytes, new threshold 15 (max threshold 15)
[2168.883s][info ][gc,heap        ] GC(68) PSYoungGen: 1911072K(1959936K)->84224K(1911296K) Eden: 1826816K(1826816K)->0K(1826816K) From: 84256K(133120K)->84224K(84480K)
[2168.883s][info ][gc,heap        ] GC(68) ParOldGen: 556509K(625664K)->556661K(625664K)
[2168.883s][info ][gc,metaspace   ] GC(68) Metaspace: 79490K(80384K)->79490K(80384K) NonClass: 68299K(68800K)->68299K(68800K) Class: 11190K(11584K)->11190K(11584K)
[2168.883s][info ][gc             ] GC(68) Pause Young (Allocation Failure) 2409M->625M(2477M) 21.595ms
[2168.883s][info ][gc,cpu         ] GC(68) User=0.08s Sys=0.00s Real=0.02s
[2168.883s][info ][safepoint      ] Safepoint "ParallelGCFailedAllocation", Time since last: 1880234209 ns, Reaching safepoint: 106400 ns, At safepoint: 21670266 ns, Total: 21776666 ns
[2170.883s][info ][safepoint      ] Safepoint "Cleanup", Time since last: 2000099813 ns, Reaching safepoint: 39000 ns, At safepoint: 3600 ns, Total: 42600 ns
[2171.966s][info ][safepoint      ] Safepoint "Cleanup", Time since last: 1082874524 ns, Reaching safepoint: 121000 ns, At safepoint: 7500 ns, Total: 128500 ns
[2175.966s][info ][safepoint      ] Safepoint "Cleanup", Time since last: 4000306977 ns, Reaching safepoint: 107500 ns, At safepoint: 8500 ns, Total: 116000 ns
[2178.967s][info ][safepoint      ] Safepoint "Cleanup", Time since last: 3000193902 ns, Reaching safepoint: 109499 ns, At safepoint: 9000 ns, Total: 118499 ns
[2180.967s][info ][safepoint      ] Safepoint "Cleanup", Time since last: 2000167154 ns, Reaching safepoint: 45500 ns, At safepoint: 9300 ns, Total: 54800 ns
[2185.967s][info ][safepoint      ] Safepoint "Cleanup", Time since last: 5000351581 ns, Reaching safepoint: 110800 ns, At safepoint: 11900 ns, Total: 122700 ns
[2192.968s][info ][safepoint      ] Safepoint "Cleanup", Time since last: 7000482593 ns, Reaching safepoint: 56200 ns, At safepoint: 19600 ns, Total: 75800 ns
[2201.913s][info ][gc,start       ] GC(69) Pause Young (Allocation Failure)
[2201.935s][debug][gc,phases      ] GC(69) Scavenge 21.698ms
[2201.935s][debug][gc,ref         ] GC(69) Skipped phase 1 of Reference Processing: no references
[2201.935s][debug][gc,ref         ] GC(69) ReferenceProcessor::execute queues: 1, RefProcThreadModel::Single, marks_oops_alive: false
[2201.935s][debug][gc,ref         ] GC(69) Skipped phase 3 of Reference Processing: no references
[2201.935s][debug][gc,ref         ] GC(69) ReferenceProcessor::execute queues: 1, RefProcThreadModel::Single, marks_oops_alive: false
[2201.935s][debug][gc,phases      ] GC(69) Reference Processing 0.107ms
[2201.935s][debug][gc,phases      ] GC(69)   VM Weak                        Min:  0.0, Avg:  0.0, Max:  0.0, Diff:  0.0, Sum:  0.0, Workers: 4
[2201.935s][debug][gc,phases      ] GC(69)     Dead                           Min: 0, Avg:  0.0, Max: 0, Diff: 0, Sum: 0, Workers: 4
[2201.935s][debug][gc,phases      ] GC(69)     Total                          Min: 0, Avg: 191.5, Max: 574, Diff: 574, Sum: 766, Workers: 4
[2201.935s][debug][gc,phases      ] GC(69)   ObjectSynchronizer Weak        Min:  0.0, Avg:  0.0, Max:  0.0, Diff:  0.0, Sum:  0.0, Workers: 4
[2201.935s][debug][gc,phases      ] GC(69)     Dead                           Min: 0, Avg:  0.0, Max: 0, Diff: 0, Sum: 0, Workers: 4
[2201.935s][debug][gc,phases      ] GC(69)     Total                          Min: 0, Avg:  9.0, Max: 36, Diff: 36, Sum: 36, Workers: 4
[2201.935s][debug][gc,phases      ] GC(69)   JVMTI Tag Weak OopStorage      Min:  0.0, Avg:  0.0, Max:  0.0, Diff:  0.0, Sum:  0.0, Workers: 4
[2201.935s][debug][gc,phases      ] GC(69)     Dead                           Min: 0, Avg:  0.0, Max: 0, Diff: 0, Sum: 0, Workers: 4
[2201.935s][debug][gc,phases      ] GC(69)     Total                          Min: 0, Avg:  0.0, Max: 0, Diff: 0, Sum: 0, Workers: 4
[2201.935s][debug][gc,phases      ] GC(69)   StringTable Weak               Min:  0.0, Avg:  0.1, Max:  0.1, Diff:  0.1, Sum:  0.3, Workers: 4
[2201.935s][debug][gc,phases      ] GC(69)     Dead                           Min: 0, Avg:  0.0, Max: 0, Diff: 0, Sum: 0, Workers: 4
[2201.935s][debug][gc,phases      ] GC(69)     Total                          Min: 0, Avg: 10682.2, Max: 16320, Diff: 16320, Sum: 42729, Workers: 4
[2201.935s][debug][gc,phases      ] GC(69)   ResolvedMethodTable Weak       Min:  0.0, Avg:  0.0, Max:  0.0, Diff:  0.0, Sum:  0.1, Workers: 4
[2201.935s][debug][gc,phases      ] GC(69)     Dead                           Min: 0, Avg:  0.0, Max: 0, Diff: 0, Sum: 0, Workers: 4
[2201.935s][debug][gc,phases      ] GC(69)     Total                          Min: 0, Avg: 2159.0, Max: 3712, Diff: 3712, Sum: 8636, Workers: 4
[2201.935s][debug][gc,phases      ] GC(69)   JNI Weak                       Min:  0.0, Avg:  0.0, Max:  0.0, Diff:  0.0, Sum:  0.0, Workers: 4
[2201.935s][debug][gc,phases      ] GC(69)     Dead                           Min: 0, Avg:  0.0, Max: 0, Diff: 0, Sum: 0, Workers: 4
[2201.935s][debug][gc,phases      ] GC(69)     Total                          Min: 0, Avg: 11.2, Max: 45, Diff: 45, Sum: 45, Workers: 4
[2201.935s][debug][gc,phases      ] GC(69)   StringDedup Table Weak         Min:  0.0, Avg:  0.0, Max:  0.0, Diff:  0.0, Sum:  0.0, Workers: 4
[2201.935s][debug][gc,phases      ] GC(69)     Dead                           Min: 0, Avg:  0.0, Max: 0, Diff: 0, Sum: 0, Workers: 4
[2201.935s][debug][gc,phases      ] GC(69)     Total                          Min: 0, Avg:  0.0, Max: 0, Diff: 0, Sum: 0, Workers: 4
[2201.935s][debug][gc,phases      ] GC(69)   StringDedup Requests0 Weak     Min:  0.0, Avg:  0.0, Max:  0.0, Diff:  0.0, Sum:  0.0, Workers: 4
[2201.935s][debug][gc,phases      ] GC(69)     Dead                           Min: 0, Avg:  0.0, Max: 0, Diff: 0, Sum: 0, Workers: 4
[2201.935s][debug][gc,phases      ] GC(69)     Total                          Min: 0, Avg:  0.0, Max: 0, Diff: 0, Sum: 0, Workers: 4
[2201.935s][debug][gc,phases      ] GC(69)   StringDedup Requests1 Weak     Min:  0.0, Avg:  0.0, Max:  0.0, Diff:  0.0, Sum:  0.0, Workers: 4
[2201.935s][debug][gc,phases      ] GC(69)     Dead                           Min: 0, Avg:  0.0, Max: 0, Diff: 0, Sum: 0, Workers: 4
[2201.935s][debug][gc,phases      ] GC(69)     Total                          Min: 0, Avg:  0.0, Max: 0, Diff: 0, Sum: 0, Workers: 4
[2201.935s][debug][gc,phases      ] GC(69)   Weak JFR Old Object Samples    Min:  0.0, Avg:  0.0, Max:  0.0, Diff:  0.0, Sum:  0.0, Workers: 4
[2201.935s][debug][gc,phases      ] GC(69)     Dead                           Min: 0, Avg:  0.0, Max: 0, Diff: 0, Sum: 0, Workers: 4
[2201.935s][debug][gc,phases      ] GC(69)     Total                          Min: 0, Avg:  0.0, Max: 0, Diff: 0, Sum: 0, Workers: 4
[2201.935s][debug][gc,phases      ] GC(69) Weak Processing 0.315ms
[2201.935s][debug][gc,age         ] GC(69) Desired survivor size 140509184 bytes, new threshold 15 (max threshold 15)
[2201.935s][info ][gc,heap        ] GC(69) PSYoungGen: 1911040K(1911296K)->84336K(1959424K) Eden: 1826816K(1826816K)->0K(1822720K) From: 84224K(84480K)->84336K(136704K)
[2201.935s][info ][gc,heap        ] GC(69) ParOldGen: 556661K(625664K)->556841K(625664K)
[2201.935s][info ][gc,metaspace   ] GC(69) Metaspace: 79510K(80448K)->79510K(80448K) NonClass: 68317K(68800K)->68317K(68800K) Class: 11192K(11648K)->11192K(11648K)
[2201.935s][info ][gc             ] GC(69) Pause Young (Allocation Failure) 2409M->626M(2524M) 22.230ms
[2201.935s][info ][gc,cpu         ] GC(69) User=0.08s Sys=0.00s Real=0.02s
[2201.936s][info ][safepoint      ] Safepoint "ParallelGCFailedAllocation", Time since last: 8945100376 ns, Reaching safepoint: 73900 ns, At safepoint: 22300863 ns, Total: 22374763 ns
[2204.936s][info ][safepoint      ] Safepoint "Cleanup", Time since last: 3000205878 ns, Reaching safepoint: 27000 ns, At safepoint: 2300 ns, Total: 29300 ns
[2208.936s][info ][safepoint      ] Safepoint "Cleanup", Time since last: 4000296198 ns, Reaching safepoint: 42600 ns, At safepoint: 2500 ns, Total: 45100 ns
[2216.937s][info ][safepoint      ] Safepoint "Cleanup", Time since last: 8000524564 ns, Reaching safepoint: 46000 ns, At safepoint: 4400 ns, Total: 50400 ns
[2220.937s][info ][safepoint      ] Safepoint "Cleanup", Time since last: 4000290366 ns, Reaching safepoint: 44500 ns, At safepoint: 7400 ns, Total: 51900 ns
[2224.937s][info ][safepoint      ] Safepoint "Cleanup", Time since last: 4000288022 ns, Reaching safepoint: 36400 ns, At safepoint: 6300 ns, Total: 42700 ns
[2231.313s][info ][safepoint      ] Safepoint "Cleanup", Time since last: 6376011310 ns, Reaching safepoint: 22099 ns, At safepoint: 3100 ns, Total: 25199 ns
[2232.314s][info ][safepoint      ] Safepoint "Cleanup", Time since last: 1000097782 ns, Reaching safepoint: 146200 ns, At safepoint: 5100 ns, Total: 151300 ns
[2233.314s][info ][safepoint      ] Safepoint "Cleanup", Time since last: 1000056879 ns, Reaching safepoint: 140200 ns, At safepoint: 7600 ns, Total: 147800 ns
[2235.313s][info ][gc,start       ] GC(70) Pause Young (Allocation Failure)
[2235.334s][debug][gc,phases      ] GC(70) Scavenge 20.433ms
[2235.334s][debug][gc,ref         ] GC(70) Skipped phase 1 of Reference Processing: no references
[2235.334s][debug][gc,ref         ] GC(70) ReferenceProcessor::execute queues: 1, RefProcThreadModel::Single, marks_oops_alive: false
[2235.334s][debug][gc,ref         ] GC(70) Skipped phase 3 of Reference Processing: no references
[2235.334s][debug][gc,ref         ] GC(70) ReferenceProcessor::execute queues: 1, RefProcThreadModel::Single, marks_oops_alive: false
[2235.334s][debug][gc,phases      ] GC(70) Reference Processing 0.107ms
[2235.334s][debug][gc,phases      ] GC(70)   VM Weak                        Min:  0.0, Avg:  0.0, Max:  0.0, Diff:  0.0, Sum:  0.0, Workers: 4
[2235.334s][debug][gc,phases      ] GC(70)     Dead                           Min: 0, Avg:  0.0, Max: 0, Diff: 0, Sum: 0, Workers: 4
[2235.334s][debug][gc,phases      ] GC(70)     Total                          Min: 0, Avg: 191.5, Max: 702, Diff: 702, Sum: 766, Workers: 4
[2235.334s][debug][gc,phases      ] GC(70)   ObjectSynchronizer Weak        Min:  0.0, Avg:  0.0, Max:  0.0, Diff:  0.0, Sum:  0.0, Workers: 4
[2235.334s][debug][gc,phases      ] GC(70)     Dead                           Min: 0, Avg:  0.0, Max: 0, Diff: 0, Sum: 0, Workers: 4
[2235.334s][debug][gc,phases      ] GC(70)     Total                          Min: 0, Avg:  9.0, Max: 36, Diff: 36, Sum: 36, Workers: 4
[2235.334s][debug][gc,phases      ] GC(70)   JVMTI Tag Weak OopStorage      Min:  0.0, Avg:  0.0, Max:  0.0, Diff:  0.0, Sum:  0.0, Workers: 4
[2235.334s][debug][gc,phases      ] GC(70)     Dead                           Min: 0, Avg:  0.0, Max: 0, Diff: 0, Sum: 0, Workers: 4
[2235.334s][debug][gc,phases      ] GC(70)     Total                          Min: 0, Avg:  0.0, Max: 0, Diff: 0, Sum: 0, Workers: 4
[2235.334s][debug][gc,phases      ] GC(70)   StringTable Weak               Min:  0.1, Avg:  0.1, Max:  0.1, Diff:  0.0, Sum:  0.4, Workers: 4
[2235.334s][debug][gc,phases      ] GC(70)     Dead                           Min: 0, Avg:  0.2, Max: 1, Diff: 1, Sum: 1, Workers: 4
[2235.334s][debug][gc,phases      ] GC(70)     Total                          Min: 8704, Avg: 10683.0, Max: 11711, Diff: 3007, Sum: 42732, Workers: 4
[2235.334s][debug][gc,phases      ] GC(70)   ResolvedMethodTable Weak       Min:  0.0, Avg:  0.0, Max:  0.0, Diff:  0.0, Sum:  0.1, Workers: 4
[2235.334s][debug][gc,phases      ] GC(70)     Dead                           Min: 0, Avg:  0.0, Max: 0, Diff: 0, Sum: 0, Workers: 4
[2235.334s][debug][gc,phases      ] GC(70)     Total                          Min: 1984, Avg: 2159.2, Max: 2304, Diff: 320, Sum: 8637, Workers: 4
[2235.334s][debug][gc,phases      ] GC(70)   JNI Weak                       Min:  0.0, Avg:  0.0, Max:  0.0, Diff:  0.0, Sum:  0.0, Workers: 4
[2235.334s][debug][gc,phases      ] GC(70)     Dead                           Min: 0, Avg:  0.0, Max: 0, Diff: 0, Sum: 0, Workers: 4
[2235.334s][debug][gc,phases      ] GC(70)     Total                          Min: 0, Avg: 11.2, Max: 45, Diff: 45, Sum: 45, Workers: 4
[2235.334s][debug][gc,phases      ] GC(70)   StringDedup Table Weak         Min:  0.0, Avg:  0.0, Max:  0.0, Diff:  0.0, Sum:  0.0, Workers: 4
[2235.334s][debug][gc,phases      ] GC(70)     Dead                           Min: 0, Avg:  0.0, Max: 0, Diff: 0, Sum: 0, Workers: 4
[2235.334s][debug][gc,phases      ] GC(70)     Total                          Min: 0, Avg:  0.0, Max: 0, Diff: 0, Sum: 0, Workers: 4
[2235.334s][debug][gc,phases      ] GC(70)   StringDedup Requests0 Weak     Min:  0.0, Avg:  0.0, Max:  0.0, Diff:  0.0, Sum:  0.0, Workers: 4
[2235.334s][debug][gc,phases      ] GC(70)     Dead                           Min: 0, Avg:  0.0, Max: 0, Diff: 0, Sum: 0, Workers: 4
[2235.334s][debug][gc,phases      ] GC(70)     Total                          Min: 0, Avg:  0.0, Max: 0, Diff: 0, Sum: 0, Workers: 4
[2235.334s][debug][gc,phases      ] GC(70)   StringDedup Requests1 Weak     Min:  0.0, Avg:  0.0, Max:  0.0, Diff:  0.0, Sum:  0.0, Workers: 4
[2235.334s][debug][gc,phases      ] GC(70)     Dead                           Min: 0, Avg:  0.0, Max: 0, Diff: 0, Sum: 0, Workers: 4
[2235.334s][debug][gc,phases      ] GC(70)     Total                          Min: 0, Avg:  0.0, Max: 0, Diff: 0, Sum: 0, Workers: 4
[2235.334s][debug][gc,phases      ] GC(70)   Weak JFR Old Object Samples    Min:  0.0, Avg:  0.0, Max:  0.0, Diff:  0.0, Sum:  0.0, Workers: 4
[2235.334s][debug][gc,phases      ] GC(70)     Dead                           Min: 0, Avg:  0.0, Max: 0, Diff: 0, Sum: 0, Workers: 4
[2235.334s][debug][gc,phases      ] GC(70)     Total                          Min: 0, Avg:  0.0, Max: 0, Diff: 0, Sum: 0, Workers: 4
[2235.334s][debug][gc,phases      ] GC(70) Weak Processing 0.310ms
[2235.334s][debug][gc,age         ] GC(70) Desired survivor size 139984896 bytes, new threshold 15 (max threshold 15)
[2235.334s][info ][gc,heap        ] GC(70) PSYoungGen: 1907056K(1959424K)->84320K(1959936K) Eden: 1822720K(1822720K)->0K(1822720K) From: 84336K(136704K)->84320K(137216K)
[2235.334s][info ][gc,heap        ] GC(70) ParOldGen: 556841K(625664K)->557081K(625664K)
[2235.334s][info ][gc,metaspace   ] GC(70) Metaspace: 79526K(80512K)->79526K(80512K) NonClass: 68331K(68864K)->68331K(68864K) Class: 11194K(11648K)->11194K(11648K)
[2235.334s][info ][gc             ] GC(70) Pause Young (Allocation Failure) 2406M->626M(2525M) 20.961ms
[2235.334s][info ][gc,cpu         ] GC(70) User=0.08s Sys=0.00s Real=0.02s
[2235.334s][info ][safepoint      ] Safepoint "ParallelGCFailedAllocation", Time since last: 1999527452 ns, Reaching safepoint: 24200 ns, At safepoint: 21023264 ns, Total: 21047464 ns
[2237.335s][info ][safepoint      ] Safepoint "Cleanup", Time since last: 2000149340 ns, Reaching safepoint: 32800 ns, At safepoint: 2199 ns, Total: 34999 ns
[2240.335s][info ][safepoint      ] Safepoint "Cleanup", Time since last: 3000193391 ns, Reaching safepoint: 29200 ns, At safepoint: 2700 ns, Total: 31900 ns
[2241.335s][info ][safepoint      ] Safepoint "Cleanup", Time since last: 1000107458 ns, Reaching safepoint: 45600 ns, At safepoint: 2800 ns, Total: 48400 ns
[2245.335s][info ][safepoint      ] Safepoint "Cleanup", Time since last: 4000277907 ns, Reaching safepoint: 27800 ns, At safepoint: 2300 ns, Total: 30100 ns
[2250.336s][info ][safepoint      ] Safepoint "Cleanup", Time since last: 5000327001 ns, Reaching safepoint: 46699 ns, At safepoint: 4800 ns, Total: 51499 ns
[2252.336s][info ][safepoint      ] Safepoint "Cleanup", Time since last: 2000141863 ns, Reaching safepoint: 27600 ns, At safepoint: 2400 ns, Total: 30000 ns
[2254.336s][info ][safepoint      ] Safepoint "Cleanup", Time since last: 2000164352 ns, Reaching safepoint: 37000 ns, At safepoint: 8900 ns, Total: 45900 ns
[2256.336s][info ][safepoint      ] Safepoint "Cleanup", Time since last: 2000165242 ns, Reaching safepoint: 36400 ns, At safepoint: 4200 ns, Total: 40600 ns
[2257.336s][info ][safepoint      ] Safepoint "Cleanup", Time since last: 1000096117 ns, Reaching safepoint: 35100 ns, At safepoint: 4600 ns, Total: 39700 ns
[2258.337s][info ][safepoint      ] Safepoint "Cleanup", Time since last: 1000110214 ns, Reaching safepoint: 35400 ns, At safepoint: 2200 ns, Total: 37600 ns
[2259.337s][info ][safepoint      ] Safepoint "Cleanup", Time since last: 1000094512 ns, Reaching safepoint: 38200 ns, At safepoint: 3100 ns, Total: 41300 ns
[2264.337s][info ][safepoint      ] Safepoint "Cleanup", Time since last: 5000354824 ns, Reaching safepoint: 53400 ns, At safepoint: 3999 ns, Total: 57399 ns
[2266.337s][info ][safepoint      ] Safepoint "Cleanup", Time since last: 2000165892 ns, Reaching safepoint: 54100 ns, At safepoint: 3300 ns, Total: 57400 ns
[2270.363s][info ][gc,start       ] GC(71) Pause Young (Allocation Failure)
[2270.384s][debug][gc,phases      ] GC(71) Scavenge 20.920ms
[2270.384s][debug][gc,ref         ] GC(71) Skipped phase 1 of Reference Processing: no references
[2270.384s][debug][gc,ref         ] GC(71) ReferenceProcessor::execute queues: 1, RefProcThreadModel::Single, marks_oops_alive: false
[2270.384s][debug][gc,ref         ] GC(71) Skipped phase 3 of Reference Processing: no references
[2270.384s][debug][gc,ref         ] GC(71) ReferenceProcessor::execute queues: 1, RefProcThreadModel::Single, marks_oops_alive: false
[2270.384s][debug][gc,phases      ] GC(71) Reference Processing 0.103ms
[2270.384s][debug][gc,phases      ] GC(71)   VM Weak                        Min:  0.0, Avg:  0.0, Max:  0.0, Diff:  0.0, Sum:  0.0, Workers: 4
[2270.384s][debug][gc,phases      ] GC(71)     Dead                           Min: 0, Avg:  0.0, Max: 0, Diff: 0, Sum: 0, Workers: 4
[2270.384s][debug][gc,phases      ] GC(71)     Total                          Min: 0, Avg: 191.5, Max: 576, Diff: 576, Sum: 766, Workers: 4
[2270.384s][debug][gc,phases      ] GC(71)   ObjectSynchronizer Weak        Min:  0.0, Avg:  0.0, Max:  0.0, Diff:  0.0, Sum:  0.0, Workers: 4
[2270.384s][debug][gc,phases      ] GC(71)     Dead                           Min: 0, Avg:  0.0, Max: 0, Diff: 0, Sum: 0, Workers: 4
[2270.384s][debug][gc,phases      ] GC(71)     Total                          Min: 0, Avg:  9.0, Max: 36, Diff: 36, Sum: 36, Workers: 4
[2270.384s][debug][gc,phases      ] GC(71)   JVMTI Tag Weak OopStorage      Min:  0.0, Avg:  0.0, Max:  0.0, Diff:  0.0, Sum:  0.0, Workers: 4
[2270.384s][debug][gc,phases      ] GC(71)     Dead                           Min: 0, Avg:  0.0, Max: 0, Diff: 0, Sum: 0, Workers: 4
[2270.384s][debug][gc,phases      ] GC(71)     Total                          Min: 0, Avg:  0.0, Max: 0, Diff: 0, Sum: 0, Workers: 4
[2270.384s][debug][gc,phases      ] GC(71)   StringTable Weak               Min:  0.1, Avg:  0.1, Max:  0.1, Diff:  0.0, Sum:  0.4, Workers: 4
[2270.384s][debug][gc,phases      ] GC(71)     Dead                           Min: 0, Avg:  0.0, Max: 0, Diff: 0, Sum: 0, Workers: 4
[2270.384s][debug][gc,phases      ] GC(71)     Total                          Min: 9792, Avg: 10683.2, Max: 11182, Diff: 1390, Sum: 42733, Workers: 4
[2270.384s][debug][gc,phases      ] GC(71)   ResolvedMethodTable Weak       Min:  0.0, Avg:  0.0, Max:  0.0, Diff:  0.0, Sum:  0.1, Workers: 4
[2270.384s][debug][gc,phases      ] GC(71)     Dead                           Min: 0, Avg:  0.0, Max: 0, Diff: 0, Sum: 0, Workers: 4
[2270.384s][debug][gc,phases      ] GC(71)     Total                          Min: 2109, Avg: 2159.2, Max: 2240, Diff: 131, Sum: 8637, Workers: 4
[2270.384s][debug][gc,phases      ] GC(71)   JNI Weak                       Min:  0.0, Avg:  0.0, Max:  0.0, Diff:  0.0, Sum:  0.0, Workers: 4
[2270.384s][debug][gc,phases      ] GC(71)     Dead                           Min: 0, Avg:  0.0, Max: 0, Diff: 0, Sum: 0, Workers: 4
[2270.384s][debug][gc,phases      ] GC(71)     Total                          Min: 0, Avg: 11.2, Max: 45, Diff: 45, Sum: 45, Workers: 4
[2270.384s][debug][gc,phases      ] GC(71)   StringDedup Table Weak         Min:  0.0, Avg:  0.0, Max:  0.0, Diff:  0.0, Sum:  0.0, Workers: 4
[2270.384s][debug][gc,phases      ] GC(71)     Dead                           Min: 0, Avg:  0.0, Max: 0, Diff: 0, Sum: 0, Workers: 4
[2270.384s][debug][gc,phases      ] GC(71)     Total                          Min: 0, Avg:  0.0, Max: 0, Diff: 0, Sum: 0, Workers: 4
[2270.384s][debug][gc,phases      ] GC(71)   StringDedup Requests0 Weak     Min:  0.0, Avg:  0.0, Max:  0.0, Diff:  0.0, Sum:  0.0, Workers: 4
[2270.384s][debug][gc,phases      ] GC(71)     Dead                           Min: 0, Avg:  0.0, Max: 0, Diff: 0, Sum: 0, Workers: 4
[2270.384s][debug][gc,phases      ] GC(71)     Total                          Min: 0, Avg:  0.0, Max: 0, Diff: 0, Sum: 0, Workers: 4
[2270.384s][debug][gc,phases      ] GC(71)   StringDedup Requests1 Weak     Min:  0.0, Avg:  0.0, Max:  0.0, Diff:  0.0, Sum:  0.0, Workers: 4
[2270.384s][debug][gc,phases      ] GC(71)     Dead                           Min: 0, Avg:  0.0, Max: 0, Diff: 0, Sum: 0, Workers: 4
[2270.384s][debug][gc,phases      ] GC(71)     Total                          Min: 0, Avg:  0.0, Max: 0, Diff: 0, Sum: 0, Workers: 4
[2270.384s][debug][gc,phases      ] GC(71)   Weak JFR Old Object Samples    Min:  0.0, Avg:  0.0, Max:  0.0, Diff:  0.0, Sum:  0.0, Workers: 4
[2270.384s][debug][gc,phases      ] GC(71)     Dead                           Min: 0, Avg:  0.0, Max: 0, Diff: 0, Sum: 0, Workers: 4
[2270.384s][debug][gc,phases      ] GC(71)     Total                          Min: 0, Avg:  0.0, Max: 0, Diff: 0, Sum: 0, Workers: 4
[2270.384s][debug][gc,phases      ] GC(71) Weak Processing 0.286ms
[2270.384s][debug][gc,age         ] GC(71) Desired survivor size 139460608 bytes, new threshold 15 (max threshold 15)
[2270.384s][info ][gc,heap        ] GC(71) PSYoungGen: 1907040K(1959936K)->83984K(1960960K) Eden: 1822720K(1822720K)->0K(1824256K) From: 84320K(137216K)->83984K(136704K)
[2270.384s][info ][gc,heap        ] GC(71) ParOldGen: 557081K(625664K)->557353K(625664K)
[2270.384s][info ][gc,metaspace   ] GC(71) Metaspace: 79552K(80512K)->79552K(80512K) NonClass: 68358K(68864K)->68358K(68864K) Class: 11194K(11648K)->11194K(11648K)
[2270.384s][info ][gc             ] GC(71) Pause Young (Allocation Failure) 2406M->626M(2526M) 21.439ms
[2270.384s][info ][gc,cpu         ] GC(71) User=0.08s Sys=0.01s Real=0.02s
[2270.384s][info ][safepoint      ] Safepoint "ParallelGCFailedAllocation", Time since last: 4025174909 ns, Reaching safepoint: 116500 ns, At safepoint: 21505161 ns, Total: 21621661 ns
[2273.384s][info ][safepoint      ] Safepoint "Cleanup", Time since last: 3000211739 ns, Reaching safepoint: 39400 ns, At safepoint: 2000 ns, Total: 41400 ns
[2274.384s][info ][safepoint      ] Safepoint "Cleanup", Time since last: 1000084875 ns, Reaching safepoint: 42500 ns, At safepoint: 3900 ns, Total: 46400 ns
[2276.385s][info ][safepoint      ] Safepoint "Cleanup", Time since last: 2000156042 ns, Reaching safepoint: 40300 ns, At safepoint: 2300 ns, Total: 42600 ns
[2282.385s][info ][safepoint      ] Safepoint "Cleanup", Time since last: 6000408769 ns, Reaching safepoint: 161100 ns, At safepoint: 6600 ns, Total: 167700 ns
[2283.385s][info ][safepoint      ] Safepoint "Cleanup", Time since last: 1000101753 ns, Reaching safepoint: 56700 ns, At safepoint: 19100 ns, Total: 75800 ns
[2284.386s][info ][safepoint      ] Safepoint "Cleanup", Time since last: 1000089551 ns, Reaching safepoint: 40899 ns, At safepoint: 4200 ns, Total: 45099 ns
[2288.386s][info ][safepoint      ] Safepoint "Cleanup", Time since last: 4000292579 ns, Reaching safepoint: 36200 ns, At safepoint: 2700 ns, Total: 38900 ns
[2289.386s][info ][safepoint      ] Safepoint "Cleanup", Time since last: 1000103239 ns, Reaching safepoint: 27600 ns, At safepoint: 3000 ns, Total: 30600 ns
[2290.386s][info ][safepoint      ] Safepoint "Cleanup", Time since last: 1000098936 ns, Reaching safepoint: 41900 ns, At safepoint: 10400 ns, Total: 52300 ns
[2291.386s][info ][safepoint      ] Safepoint "Cleanup", Time since last: 1000101834 ns, Reaching safepoint: 41800 ns, At safepoint: 4500 ns, Total: 46300 ns
[2304.387s][info ][safepoint      ] Safepoint "Cleanup", Time since last: 13000814930 ns, Reaching safepoint: 39100 ns, At safepoint: 2600 ns, Total: 41700 ns
[2306.068s][info ][gc,start       ] GC(72) Pause Young (Allocation Failure)
[2306.087s][debug][gc,phases      ] GC(72) Scavenge 19.100ms
[2306.087s][debug][gc,ref         ] GC(72) Skipped phase 1 of Reference Processing: no references
[2306.087s][debug][gc,ref         ] GC(72) ReferenceProcessor::execute queues: 1, RefProcThreadModel::Single, marks_oops_alive: false
[2306.087s][debug][gc,ref         ] GC(72) Skipped phase 3 of Reference Processing: no references
[2306.087s][debug][gc,ref         ] GC(72) ReferenceProcessor::execute queues: 1, RefProcThreadModel::Single, marks_oops_alive: false
[2306.087s][debug][gc,phases      ] GC(72) Reference Processing 0.108ms
[2306.087s][debug][gc,phases      ] GC(72)   VM Weak                        Min:  0.0, Avg:  0.0, Max:  0.0, Diff:  0.0, Sum:  0.0, Workers: 4
[2306.087s][debug][gc,phases      ] GC(72)     Dead                           Min: 0, Avg:  0.0, Max: 0, Diff: 0, Sum: 0, Workers: 4
[2306.087s][debug][gc,phases      ] GC(72)     Total                          Min: 0, Avg: 191.5, Max: 576, Diff: 576, Sum: 766, Workers: 4
[2306.087s][debug][gc,phases      ] GC(72)   ObjectSynchronizer Weak        Min:  0.0, Avg:  0.0, Max:  0.0, Diff:  0.0, Sum:  0.0, Workers: 4
[2306.087s][debug][gc,phases      ] GC(72)     Dead                           Min: 0, Avg:  0.0, Max: 0, Diff: 0, Sum: 0, Workers: 4
[2306.087s][debug][gc,phases      ] GC(72)     Total                          Min: 0, Avg:  9.0, Max: 36, Diff: 36, Sum: 36, Workers: 4
[2306.087s][debug][gc,phases      ] GC(72)   JVMTI Tag Weak OopStorage      Min:  0.0, Avg:  0.0, Max:  0.0, Diff:  0.0, Sum:  0.0, Workers: 4
[2306.087s][debug][gc,phases      ] GC(72)     Dead                           Min: 0, Avg:  0.0, Max: 0, Diff: 0, Sum: 0, Workers: 4
[2306.087s][debug][gc,phases      ] GC(72)     Total                          Min: 0, Avg:  0.0, Max: 0, Diff: 0, Sum: 0, Workers: 4
[2306.087s][debug][gc,phases      ] GC(72)   StringTable Weak               Min:  0.1, Avg:  0.1, Max:  0.1, Diff:  0.0, Sum:  0.4, Workers: 4
[2306.087s][debug][gc,phases      ] GC(72)     Dead                           Min: 0, Avg:  0.0, Max: 0, Diff: 0, Sum: 0, Workers: 4
[2306.087s][debug][gc,phases      ] GC(72)     Total                          Min: 8622, Avg: 10683.2, Max: 12352, Diff: 3730, Sum: 42733, Workers: 4
[2306.087s][debug][gc,phases      ] GC(72)   ResolvedMethodTable Weak       Min:  0.0, Avg:  0.0, Max:  0.0, Diff:  0.0, Sum:  0.1, Workers: 4
[2306.087s][debug][gc,phases      ] GC(72)     Dead                           Min: 0, Avg:  0.0, Max: 0, Diff: 0, Sum: 0, Workers: 4
[2306.087s][debug][gc,phases      ] GC(72)     Total                          Min: 2048, Avg: 2159.2, Max: 2365, Diff: 317, Sum: 8637, Workers: 4
[2306.087s][debug][gc,phases      ] GC(72)   JNI Weak                       Min:  0.0, Avg:  0.0, Max:  0.0, Diff:  0.0, Sum:  0.0, Workers: 4
[2306.087s][debug][gc,phases      ] GC(72)     Dead                           Min: 0, Avg:  0.0, Max: 0, Diff: 0, Sum: 0, Workers: 4
[2306.087s][debug][gc,phases      ] GC(72)     Total                          Min: 0, Avg: 11.2, Max: 45, Diff: 45, Sum: 45, Workers: 4
[2306.087s][debug][gc,phases      ] GC(72)   StringDedup Table Weak         Min:  0.0, Avg:  0.0, Max:  0.0, Diff:  0.0, Sum:  0.0, Workers: 4
[2306.087s][debug][gc,phases      ] GC(72)     Dead                           Min: 0, Avg:  0.0, Max: 0, Diff: 0, Sum: 0, Workers: 4
[2306.087s][debug][gc,phases      ] GC(72)     Total                          Min: 0, Avg:  0.0, Max: 0, Diff: 0, Sum: 0, Workers: 4
[2306.087s][debug][gc,phases      ] GC(72)   StringDedup Requests0 Weak     Min:  0.0, Avg:  0.0, Max:  0.0, Diff:  0.0, Sum:  0.0, Workers: 4
[2306.087s][debug][gc,phases      ] GC(72)     Dead                           Min: 0, Avg:  0.0, Max: 0, Diff: 0, Sum: 0, Workers: 4
[2306.087s][debug][gc,phases      ] GC(72)     Total                          Min: 0, Avg:  0.0, Max: 0, Diff: 0, Sum: 0, Workers: 4
[2306.087s][debug][gc,phases      ] GC(72)   StringDedup Requests1 Weak     Min:  0.0, Avg:  0.0, Max:  0.0, Diff:  0.0, Sum:  0.0, Workers: 4
[2306.087s][debug][gc,phases      ] GC(72)     Dead                           Min: 0, Avg:  0.0, Max: 0, Diff: 0, Sum: 0, Workers: 4
[2306.087s][debug][gc,phases      ] GC(72)     Total                          Min: 0, Avg:  0.0, Max: 0, Diff: 0, Sum: 0, Workers: 4
[2306.087s][debug][gc,phases      ] GC(72)   Weak JFR Old Object Samples    Min:  0.0, Avg:  0.0, Max:  0.0, Diff:  0.0, Sum:  0.0, Workers: 4
[2306.087s][debug][gc,phases      ] GC(72)     Dead                           Min: 0, Avg:  0.0, Max: 0, Diff: 0, Sum: 0, Workers: 4
[2306.087s][debug][gc,phases      ] GC(72)     Total                          Min: 0, Avg:  0.0, Max: 0, Diff: 0, Sum: 0, Workers: 4
[2306.087s][debug][gc,phases      ] GC(72) Weak Processing 0.306ms
[2306.087s][debug][gc,age         ] GC(72) Desired survivor size 137887744 bytes, new threshold 15 (max threshold 15)
[2306.087s][info ][gc,heap        ] GC(72) PSYoungGen: 1908240K(1960960K)->83488K(1960448K) Eden: 1824256K(1824256K)->0K(1824256K) From: 83984K(136704K)->83488K(136192K)
[2306.087s][info ][gc,heap        ] GC(72) ParOldGen: 557353K(625664K)->557881K(625664K)
[2306.088s][info ][gc,metaspace   ] GC(72) Metaspace: 79559K(80512K)->79559K(80512K) NonClass: 68364K(68864K)->68364K(68864K) Class: 11194K(11648K)->11194K(11648K)
[2306.088s][info ][gc             ] GC(72) Pause Young (Allocation Failure) 2407M->626M(2525M) 19.633ms
[2306.088s][info ][gc,cpu         ] GC(72) User=0.07s Sys=0.00s Real=0.02s
[2306.088s][info ][safepoint      ] Safepoint "ParallelGCFailedAllocation", Time since last: 1680633108 ns, Reaching safepoint: 32200 ns, At safepoint: 19694462 ns, Total: 19726662 ns
[2308.088s][info ][safepoint      ] Safepoint "Cleanup", Time since last: 2000145493 ns, Reaching safepoint: 47100 ns, At safepoint: 3000 ns, Total: 50100 ns
[2309.088s][info ][safepoint      ] Safepoint "Cleanup", Time since last: 1000101893 ns, Reaching safepoint: 39500 ns, At safepoint: 3000 ns, Total: 42500 ns
[2310.088s][info ][safepoint      ] Safepoint "Cleanup", Time since last: 1000097290 ns, Reaching safepoint: 42000 ns, At safepoint: 2500 ns, Total: 44500 ns
[2311.088s][info ][safepoint      ] Safepoint "Cleanup", Time since last: 1000096089 ns, Reaching safepoint: 26900 ns, At safepoint: 2600 ns, Total: 29500 ns
[2312.088s][info ][safepoint      ] Safepoint "Cleanup", Time since last: 1000092686 ns, Reaching safepoint: 52900 ns, At safepoint: 2800 ns, Total: 55700 ns
[2322.089s][info ][safepoint      ] Safepoint "Cleanup", Time since last: 10000674737 ns, Reaching safepoint: 39800 ns, At safepoint: 2400 ns, Total: 42200 ns
[2328.089s][info ][safepoint      ] Safepoint "Cleanup", Time since last: 6000382336 ns, Reaching safepoint: 41400 ns, At safepoint: 3800 ns, Total: 45200 ns
[2329.090s][info ][safepoint      ] Safepoint "Cleanup", Time since last: 1000087948 ns, Reaching safepoint: 33800 ns, At safepoint: 2700 ns, Total: 36500 ns
[2330.090s][info ][safepoint      ] Safepoint "Cleanup", Time since last: 1000067146 ns, Reaching safepoint: 38700 ns, At safepoint: 4200 ns, Total: 42900 ns
[2332.090s][info ][safepoint      ] Safepoint "Cleanup", Time since last: 2000133485 ns, Reaching safepoint: 26500 ns, At safepoint: 2700 ns, Total: 29200 ns
[2333.090s][info ][safepoint      ] Safepoint "Cleanup", Time since last: 1000104239 ns, Reaching safepoint: 35100 ns, At safepoint: 2200 ns, Total: 37300 ns
[2341.118s][info ][gc,start       ] GC(73) Pause Young (Allocation Failure)
[2341.139s][debug][gc,phases      ] GC(73) Scavenge 21.048ms
[2341.139s][debug][gc,ref         ] GC(73) Skipped phase 1 of Reference Processing: no references
[2341.139s][debug][gc,ref         ] GC(73) ReferenceProcessor::execute queues: 1, RefProcThreadModel::Single, marks_oops_alive: false
[2341.139s][debug][gc,ref         ] GC(73) Skipped phase 3 of Reference Processing: no references
[2341.139s][debug][gc,ref         ] GC(73) ReferenceProcessor::execute queues: 1, RefProcThreadModel::Single, marks_oops_alive: false
[2341.139s][debug][gc,phases      ] GC(73) Reference Processing 0.100ms
[2341.140s][debug][gc,phases      ] GC(73)   VM Weak                        Min:  0.0, Avg:  0.0, Max:  0.0, Diff:  0.0, Sum:  0.0, Workers: 4
[2341.140s][debug][gc,phases      ] GC(73)     Dead                           Min: 0, Avg:  0.0, Max: 0, Diff: 0, Sum: 0, Workers: 4
[2341.140s][debug][gc,phases      ] GC(73)     Total                          Min: 0, Avg: 191.5, Max: 766, Diff: 766, Sum: 766, Workers: 4
[2341.140s][debug][gc,phases      ] GC(73)   ObjectSynchronizer Weak        Min:  0.0, Avg:  0.0, Max:  0.0, Diff:  0.0, Sum:  0.0, Workers: 4
[2341.140s][debug][gc,phases      ] GC(73)     Dead                           Min: 0, Avg:  0.0, Max: 0, Diff: 0, Sum: 0, Workers: 4
[2341.140s][debug][gc,phases      ] GC(73)     Total                          Min: 0, Avg:  9.0, Max: 36, Diff: 36, Sum: 36, Workers: 4
[2341.140s][debug][gc,phases      ] GC(73)   JVMTI Tag Weak OopStorage      Min:  0.0, Avg:  0.0, Max:  0.0, Diff:  0.0, Sum:  0.0, Workers: 4
[2341.140s][debug][gc,phases      ] GC(73)     Dead                           Min: 0, Avg:  0.0, Max: 0, Diff: 0, Sum: 0, Workers: 4
[2341.140s][debug][gc,phases      ] GC(73)     Total                          Min: 0, Avg:  0.0, Max: 0, Diff: 0, Sum: 0, Workers: 4
[2341.140s][debug][gc,phases      ] GC(73)   StringTable Weak               Min:  0.1, Avg:  0.1, Max:  0.1, Diff:  0.0, Sum:  0.4, Workers: 4
[2341.140s][debug][gc,phases      ] GC(73)     Dead                           Min: 0, Avg:  0.0, Max: 0, Diff: 0, Sum: 0, Workers: 4
[2341.140s][debug][gc,phases      ] GC(73)     Total                          Min: 10368, Avg: 10683.2, Max: 11072, Diff: 704, Sum: 42733, Workers: 4
[2341.140s][debug][gc,phases      ] GC(73)   ResolvedMethodTable Weak       Min:  0.0, Avg:  0.0, Max:  0.0, Diff:  0.0, Sum:  0.1, Workers: 4
[2341.140s][debug][gc,phases      ] GC(73)     Dead                           Min: 0, Avg:  0.0, Max: 0, Diff: 0, Sum: 0, Workers: 4
[2341.140s][debug][gc,phases      ] GC(73)     Total                          Min: 2048, Avg: 2159.2, Max: 2304, Diff: 256, Sum: 8637, Workers: 4
[2341.140s][debug][gc,phases      ] GC(73)   JNI Weak                       Min:  0.0, Avg:  0.0, Max:  0.0, Diff:  0.0, Sum:  0.0, Workers: 4
[2341.140s][debug][gc,phases      ] GC(73)     Dead                           Min: 0, Avg:  0.0, Max: 0, Diff: 0, Sum: 0, Workers: 4
[2341.140s][debug][gc,phases      ] GC(73)     Total                          Min: 0, Avg: 11.2, Max: 45, Diff: 45, Sum: 45, Workers: 4
[2341.140s][debug][gc,phases      ] GC(73)   StringDedup Table Weak         Min:  0.0, Avg:  0.0, Max:  0.0, Diff:  0.0, Sum:  0.0, Workers: 4
[2341.140s][debug][gc,phases      ] GC(73)     Dead                           Min: 0, Avg:  0.0, Max: 0, Diff: 0, Sum: 0, Workers: 4
[2341.140s][debug][gc,phases      ] GC(73)     Total                          Min: 0, Avg:  0.0, Max: 0, Diff: 0, Sum: 0, Workers: 4
[2341.140s][debug][gc,phases      ] GC(73)   StringDedup Requests0 Weak     Min:  0.0, Avg:  0.0, Max:  0.0, Diff:  0.0, Sum:  0.0, Workers: 4
[2341.140s][debug][gc,phases      ] GC(73)     Dead                           Min: 0, Avg:  0.0, Max: 0, Diff: 0, Sum: 0, Workers: 4
[2341.140s][debug][gc,phases      ] GC(73)     Total                          Min: 0, Avg:  0.0, Max: 0, Diff: 0, Sum: 0, Workers: 4
[2341.140s][debug][gc,phases      ] GC(73)   StringDedup Requests1 Weak     Min:  0.0, Avg:  0.0, Max:  0.0, Diff:  0.0, Sum:  0.0, Workers: 4
[2341.140s][debug][gc,phases      ] GC(73)     Dead                           Min: 0, Avg:  0.0, Max: 0, Diff: 0, Sum: 0, Workers: 4
[2341.140s][debug][gc,phases      ] GC(73)     Total                          Min: 0, Avg:  0.0, Max: 0, Diff: 0, Sum: 0, Workers: 4
[2341.140s][debug][gc,phases      ] GC(73)   Weak JFR Old Object Samples    Min:  0.0, Avg:  0.0, Max:  0.0, Diff:  0.0, Sum:  0.0, Workers: 4
[2341.140s][debug][gc,phases      ] GC(73)     Dead                           Min: 0, Avg:  0.0, Max: 0, Diff: 0, Sum: 0, Workers: 4
[2341.140s][debug][gc,phases      ] GC(73)     Total                          Min: 0, Avg:  0.0, Max: 0, Diff: 0, Sum: 0, Workers: 4
[2341.140s][debug][gc,phases      ] GC(73) Weak Processing 0.285ms
[2341.140s][debug][gc,age         ] GC(73) Desired survivor size 136314880 bytes, new threshold 15 (max threshold 15)
[2341.140s][info ][gc,heap        ] GC(73) PSYoungGen: 1907744K(1960448K)->82432K(1964032K) Eden: 1824256K(1824256K)->0K(1829376K) From: 83488K(136192K)->82432K(134656K)
[2341.140s][info ][gc,heap        ] GC(73) ParOldGen: 557881K(625664K)->559042K(625664K)
[2341.140s][info ][gc,metaspace   ] GC(73) Metaspace: 79563K(80512K)->79563K(80512K) NonClass: 68368K(68864K)->68368K(68864K) Class: 11194K(11648K)->11194K(11648K)
[2341.140s][info ][gc             ] GC(73) Pause Young (Allocation Failure) 2407M->626M(2529M) 21.543ms
[2341.140s][info ][gc,cpu         ] GC(73) User=0.08s Sys=0.00s Real=0.03s
[2341.140s][info ][safepoint      ] Safepoint "ParallelGCFailedAllocation", Time since last: 8028128584 ns, Reaching safepoint: 94599 ns, At safepoint: 21610358 ns, Total: 21704957 ns
[2348.140s][info ][safepoint      ] Safepoint "Cleanup", Time since last: 7000456995 ns, Reaching safepoint: 38900 ns, At safepoint: 2800 ns, Total: 41700 ns
[2355.141s][info ][safepoint      ] Safepoint "Cleanup", Time since last: 7000474891 ns, Reaching safepoint: 40900 ns, At safepoint: 3600 ns, Total: 44500 ns
[2358.141s][info ][safepoint      ] Safepoint "Cleanup", Time since last: 3000231965 ns, Reaching safepoint: 44100 ns, At safepoint: 2900 ns, Total: 47000 ns
[2359.141s][info ][safepoint      ] Safepoint "Cleanup", Time since last: 1000112784 ns, Reaching safepoint: 40200 ns, At safepoint: 4500 ns, Total: 44700 ns
[2363.142s][info ][safepoint      ] Safepoint "Cleanup", Time since last: 4000307416 ns, Reaching safepoint: 37100 ns, At safepoint: 2000 ns, Total: 39100 ns
[2370.142s][info ][safepoint      ] Safepoint "Cleanup", Time since last: 7000417774 ns, Reaching safepoint: 43100 ns, At safepoint: 2500 ns, Total: 45600 ns
[2375.142s][info ][safepoint      ] Safepoint "Cleanup", Time since last: 5000348078 ns, Reaching safepoint: 46200 ns, At safepoint: 2100 ns, Total: 48300 ns
[2376.162s][info ][gc,start       ] GC(74) Pause Young (Allocation Failure)
[2376.181s][debug][gc,phases      ] GC(74) Scavenge 19.444ms
[2376.181s][debug][gc,ref         ] GC(74) Skipped phase 1 of Reference Processing: no references
[2376.181s][debug][gc,ref         ] GC(74) ReferenceProcessor::execute queues: 1, RefProcThreadModel::Single, marks_oops_alive: false
[2376.181s][debug][gc,ref         ] GC(74) Skipped phase 3 of Reference Processing: no references
[2376.181s][debug][gc,ref         ] GC(74) ReferenceProcessor::execute queues: 1, RefProcThreadModel::Single, marks_oops_alive: false
[2376.181s][debug][gc,phases      ] GC(74) Reference Processing 0.100ms
[2376.182s][debug][gc,phases      ] GC(74)   VM Weak                        Min:  0.0, Avg:  0.0, Max:  0.0, Diff:  0.0, Sum:  0.0, Workers: 4
[2376.182s][debug][gc,phases      ] GC(74)     Dead                           Min: 0, Avg:  0.0, Max: 0, Diff: 0, Sum: 0, Workers: 4
[2376.182s][debug][gc,phases      ] GC(74)     Total                          Min: 0, Avg: 191.5, Max: 766, Diff: 766, Sum: 766, Workers: 4
[2376.182s][debug][gc,phases      ] GC(74)   ObjectSynchronizer Weak        Min:  0.0, Avg:  0.0, Max:  0.0, Diff:  0.0, Sum:  0.0, Workers: 4
[2376.182s][debug][gc,phases      ] GC(74)     Dead                           Min: 0, Avg:  0.0, Max: 0, Diff: 0, Sum: 0, Workers: 4
[2376.182s][debug][gc,phases      ] GC(74)     Total                          Min: 0, Avg:  9.0, Max: 36, Diff: 36, Sum: 36, Workers: 4
[2376.182s][debug][gc,phases      ] GC(74)   JVMTI Tag Weak OopStorage      Min:  0.0, Avg:  0.0, Max:  0.0, Diff:  0.0, Sum:  0.0, Workers: 4
[2376.182s][debug][gc,phases      ] GC(74)     Dead                           Min: 0, Avg:  0.0, Max: 0, Diff: 0, Sum: 0, Workers: 4
[2376.182s][debug][gc,phases      ] GC(74)     Total                          Min: 0, Avg:  0.0, Max: 0, Diff: 0, Sum: 0, Workers: 4
[2376.182s][debug][gc,phases      ] GC(74)   StringTable Weak               Min:  0.0, Avg:  0.1, Max:  0.1, Diff:  0.1, Sum:  0.4, Workers: 4
[2376.182s][debug][gc,phases      ] GC(74)     Dead                           Min: 0, Avg:  0.0, Max: 0, Diff: 0, Sum: 0, Workers: 4
[2376.182s][debug][gc,phases      ] GC(74)     Total                          Min: 0, Avg: 10683.5, Max: 19520, Diff: 19520, Sum: 42734, Workers: 4
[2376.182s][debug][gc,phases      ] GC(74)   ResolvedMethodTable Weak       Min:  0.0, Avg:  0.0, Max:  0.0, Diff:  0.0, Sum:  0.1, Workers: 4
[2376.182s][debug][gc,phases      ] GC(74)     Dead                           Min: 0, Avg:  0.0, Max: 0, Diff: 0, Sum: 0, Workers: 4
[2376.182s][debug][gc,phases      ] GC(74)     Total                          Min: 0, Avg: 2159.2, Max: 3712, Diff: 3712, Sum: 8637, Workers: 4
[2376.182s][debug][gc,phases      ] GC(74)   JNI Weak                       Min:  0.0, Avg:  0.0, Max:  0.0, Diff:  0.0, Sum:  0.0, Workers: 4
[2376.182s][debug][gc,phases      ] GC(74)     Dead                           Min: 0, Avg:  0.0, Max: 0, Diff: 0, Sum: 0, Workers: 4
[2376.182s][debug][gc,phases      ] GC(74)     Total                          Min: 0, Avg: 11.2, Max: 45, Diff: 45, Sum: 45, Workers: 4
[2376.182s][debug][gc,phases      ] GC(74)   StringDedup Table Weak         Min:  0.0, Avg:  0.0, Max:  0.0, Diff:  0.0, Sum:  0.0, Workers: 4
[2376.182s][debug][gc,phases      ] GC(74)     Dead                           Min: 0, Avg:  0.0, Max: 0, Diff: 0, Sum: 0, Workers: 4
[2376.182s][debug][gc,phases      ] GC(74)     Total                          Min: 0, Avg:  0.0, Max: 0, Diff: 0, Sum: 0, Workers: 4
[2376.182s][debug][gc,phases      ] GC(74)   StringDedup Requests0 Weak     Min:  0.0, Avg:  0.0, Max:  0.0, Diff:  0.0, Sum:  0.0, Workers: 4
[2376.182s][debug][gc,phases      ] GC(74)     Dead                           Min: 0, Avg:  0.0, Max: 0, Diff: 0, Sum: 0, Workers: 4
[2376.182s][debug][gc,phases      ] GC(74)     Total                          Min: 0, Avg:  0.0, Max: 0, Diff: 0, Sum: 0, Workers: 4
[2376.182s][debug][gc,phases      ] GC(74)   StringDedup Requests1 Weak     Min:  0.0, Avg:  0.0, Max:  0.0, Diff:  0.0, Sum:  0.0, Workers: 4
[2376.182s][debug][gc,phases      ] GC(74)     Dead                           Min: 0, Avg:  0.0, Max: 0, Diff: 0, Sum: 0, Workers: 4
[2376.182s][debug][gc,phases      ] GC(74)     Total                          Min: 0, Avg:  0.0, Max: 0, Diff: 0, Sum: 0, Workers: 4
[2376.182s][debug][gc,phases      ] GC(74)   Weak JFR Old Object Samples    Min:  0.0, Avg:  0.0, Max:  0.0, Diff:  0.0, Sum:  0.0, Workers: 4
[2376.182s][debug][gc,phases      ] GC(74)     Dead                           Min: 0, Avg:  0.0, Max: 0, Diff: 0, Sum: 0, Workers: 4
[2376.182s][debug][gc,phases      ] GC(74)     Total                          Min: 0, Avg:  0.0, Max: 0, Diff: 0, Sum: 0, Workers: 4
[2376.182s][debug][gc,phases      ] GC(74) Weak Processing 0.319ms
[2376.182s][debug][gc,age         ] GC(74) Desired survivor size 134217728 bytes, new threshold 15 (max threshold 15)
[2376.182s][info ][gc,heap        ] GC(74) PSYoungGen: 1911808K(1964032K)->82576K(1962496K) Eden: 1829376K(1829376K)->0K(1829376K) From: 82432K(134656K)->82576K(133120K)
[2376.182s][info ][gc,heap        ] GC(74) ParOldGen: 559042K(625664K)->559238K(625664K)
[2376.182s][info ][gc,metaspace   ] GC(74) Metaspace: 79567K(80512K)->79567K(80512K) NonClass: 68372K(68864K)->68372K(68864K) Class: 11194K(11648K)->11194K(11648K)
[2376.182s][info ][gc             ] GC(74) Pause Young (Allocation Failure) 2412M->626M(2527M) 19.971ms
[2376.182s][info ][gc,cpu         ] GC(74) User=0.08s Sys=0.00s Real=0.02s
[2376.182s][info ][safepoint      ] Safepoint "ParallelGCFailedAllocation", Time since last: 1019149510 ns, Reaching safepoint: 95800 ns, At safepoint: 20060559 ns, Total: 20156359 ns
[2377.182s][info ][safepoint      ] Safepoint "Cleanup", Time since last: 1000081348 ns, Reaching safepoint: 36200 ns, At safepoint: 2300 ns, Total: 38500 ns
[2382.182s][info ][safepoint      ] Safepoint "Cleanup", Time since last: 5000345107 ns, Reaching safepoint: 27800 ns, At safepoint: 2200 ns, Total: 30000 ns
[2385.183s][info ][safepoint      ] Safepoint "Cleanup", Time since last: 3000225701 ns, Reaching safepoint: 46700 ns, At safepoint: 2600 ns, Total: 49300 ns
[2390.183s][info ][safepoint      ] Safepoint "Cleanup", Time since last: 5000338629 ns, Reaching safepoint: 34800 ns, At safepoint: 2100 ns, Total: 36900 ns
[2392.183s][info ][safepoint      ] Safepoint "Cleanup", Time since last: 2000103838 ns, Reaching safepoint: 42300 ns, At safepoint: 3300 ns, Total: 45600 ns
[2398.184s][info ][safepoint      ] Safepoint "Cleanup", Time since last: 6000386367 ns, Reaching safepoint: 37900 ns, At safepoint: 2500 ns, Total: 40400 ns
[2401.184s][info ][safepoint      ] Safepoint "Cleanup", Time since last: 3000225608 ns, Reaching safepoint: 40700 ns, At safepoint: 3100 ns, Total: 43800 ns
[2402.184s][info ][safepoint      ] Safepoint "Cleanup", Time since last: 1000095898 ns, Reaching safepoint: 40200 ns, At safepoint: 2200 ns, Total: 42400 ns
[2403.184s][info ][safepoint      ] Safepoint "Cleanup", Time since last: 1000095897 ns, Reaching safepoint: 51400 ns, At safepoint: 2000 ns, Total: 53400 ns
[2405.184s][info ][safepoint      ] Safepoint "Cleanup", Time since last: 2000163188 ns, Reaching safepoint: 40600 ns, At safepoint: 3600 ns, Total: 44200 ns
[2410.185s][info ][safepoint      ] Safepoint "Cleanup", Time since last: 5000322837 ns, Reaching safepoint: 35600 ns, At safepoint: 7700 ns, Total: 43300 ns
[2411.662s][info ][gc,start       ] GC(75) Pause Young (Allocation Failure)
[2411.686s][debug][gc,phases      ] GC(75) Scavenge 24.569ms
[2411.686s][debug][gc,ref         ] GC(75) Skipped phase 1 of Reference Processing: no references
[2411.686s][debug][gc,ref         ] GC(75) ReferenceProcessor::execute queues: 1, RefProcThreadModel::Single, marks_oops_alive: false
[2411.686s][debug][gc,ref         ] GC(75) Skipped phase 3 of Reference Processing: no references
[2411.686s][debug][gc,ref         ] GC(75) ReferenceProcessor::execute queues: 1, RefProcThreadModel::Single, marks_oops_alive: false
[2411.686s][debug][gc,phases      ] GC(75) Reference Processing 0.098ms
[2411.687s][debug][gc,phases      ] GC(75)   VM Weak                        Min:  0.0, Avg:  0.0, Max:  0.0, Diff:  0.0, Sum:  0.0, Workers: 4
[2411.687s][debug][gc,phases      ] GC(75)     Dead                           Min: 0, Avg:  0.0, Max: 0, Diff: 0, Sum: 0, Workers: 4
[2411.687s][debug][gc,phases      ] GC(75)     Total                          Min: 0, Avg: 191.5, Max: 766, Diff: 766, Sum: 766, Workers: 4
[2411.687s][debug][gc,phases      ] GC(75)   ObjectSynchronizer Weak        Min:  0.0, Avg:  0.0, Max:  0.0, Diff:  0.0, Sum:  0.0, Workers: 4
[2411.687s][debug][gc,phases      ] GC(75)     Dead                           Min: 0, Avg:  0.0, Max: 0, Diff: 0, Sum: 0, Workers: 4
[2411.687s][debug][gc,phases      ] GC(75)     Total                          Min: 0, Avg:  9.0, Max: 36, Diff: 36, Sum: 36, Workers: 4
[2411.687s][debug][gc,phases      ] GC(75)   JVMTI Tag Weak OopStorage      Min:  0.0, Avg:  0.0, Max:  0.0, Diff:  0.0, Sum:  0.0, Workers: 4
[2411.687s][debug][gc,phases      ] GC(75)     Dead                           Min: 0, Avg:  0.0, Max: 0, Diff: 0, Sum: 0, Workers: 4
[2411.687s][debug][gc,phases      ] GC(75)     Total                          Min: 0, Avg:  0.0, Max: 0, Diff: 0, Sum: 0, Workers: 4
[2411.687s][debug][gc,phases      ] GC(75)   StringTable Weak               Min:  0.1, Avg:  0.1, Max:  0.1, Diff:  0.0, Sum:  0.4, Workers: 4
[2411.687s][debug][gc,phases      ] GC(75)     Dead                           Min: 0, Avg:  0.2, Max: 1, Diff: 1, Sum: 1, Workers: 4
[2411.687s][debug][gc,phases      ] GC(75)     Total                          Min: 9407, Avg: 10686.5, Max: 11584, Diff: 2177, Sum: 42746, Workers: 4
[2411.687s][debug][gc,phases      ] GC(75)   ResolvedMethodTable Weak       Min:  0.0, Avg:  0.0, Max:  0.0, Diff:  0.0, Sum:  0.1, Workers: 4
[2411.687s][debug][gc,phases      ] GC(75)     Dead                           Min: 0, Avg:  0.0, Max: 0, Diff: 0, Sum: 0, Workers: 4
[2411.687s][debug][gc,phases      ] GC(75)     Total                          Min: 2048, Avg: 2160.0, Max: 2240, Diff: 192, Sum: 8640, Workers: 4
[2411.687s][debug][gc,phases      ] GC(75)   JNI Weak                       Min:  0.0, Avg:  0.0, Max:  0.0, Diff:  0.0, Sum:  0.0, Workers: 4
[2411.687s][debug][gc,phases      ] GC(75)     Dead                           Min: 0, Avg:  0.0, Max: 0, Diff: 0, Sum: 0, Workers: 4
[2411.687s][debug][gc,phases      ] GC(75)     Total                          Min: 0, Avg: 11.2, Max: 45, Diff: 45, Sum: 45, Workers: 4
[2411.687s][debug][gc,phases      ] GC(75)   StringDedup Table Weak         Min:  0.0, Avg:  0.0, Max:  0.0, Diff:  0.0, Sum:  0.0, Workers: 4
[2411.687s][debug][gc,phases      ] GC(75)     Dead                           Min: 0, Avg:  0.0, Max: 0, Diff: 0, Sum: 0, Workers: 4
[2411.687s][debug][gc,phases      ] GC(75)     Total                          Min: 0, Avg:  0.0, Max: 0, Diff: 0, Sum: 0, Workers: 4
[2411.687s][debug][gc,phases      ] GC(75)   StringDedup Requests0 Weak     Min:  0.0, Avg:  0.0, Max:  0.0, Diff:  0.0, Sum:  0.0, Workers: 4
[2411.687s][debug][gc,phases      ] GC(75)     Dead                           Min: 0, Avg:  0.0, Max: 0, Diff: 0, Sum: 0, Workers: 4
[2411.687s][debug][gc,phases      ] GC(75)     Total                          Min: 0, Avg:  0.0, Max: 0, Diff: 0, Sum: 0, Workers: 4
[2411.687s][debug][gc,phases      ] GC(75)   StringDedup Requests1 Weak     Min:  0.0, Avg:  0.0, Max:  0.0, Diff:  0.0, Sum:  0.0, Workers: 4
[2411.687s][debug][gc,phases      ] GC(75)     Dead                           Min: 0, Avg:  0.0, Max: 0, Diff: 0, Sum: 0, Workers: 4
[2411.687s][debug][gc,phases      ] GC(75)     Total                          Min: 0, Avg:  0.0, Max: 0, Diff: 0, Sum: 0, Workers: 4
[2411.687s][debug][gc,phases      ] GC(75)   Weak JFR Old Object Samples    Min:  0.0, Avg:  0.0, Max:  0.0, Diff:  0.0, Sum:  0.0, Workers: 4
[2411.687s][debug][gc,phases      ] GC(75)     Dead                           Min: 0, Avg:  0.0, Max: 0, Diff: 0, Sum: 0, Workers: 4
[2411.687s][debug][gc,phases      ] GC(75)     Total                          Min: 0, Avg:  0.0, Max: 0, Diff: 0, Sum: 0, Workers: 4
[2411.687s][debug][gc,phases      ] GC(75) Weak Processing 0.314ms
[2411.687s][debug][gc,age         ] GC(75) Desired survivor size 131072000 bytes, new threshold 15 (max threshold 15)
[2411.687s][info ][gc,heap        ] GC(75) PSYoungGen: 1911952K(1962496K)->56832K(1969152K) Eden: 1829376K(1829376K)->0K(1838080K) From: 82576K(133120K)->56832K(131072K)
[2411.687s][info ][gc,heap        ] GC(75) ParOldGen: 559238K(625664K)->587806K(625664K)
[2411.687s][info ][gc,metaspace   ] GC(75) Metaspace: 79607K(80576K)->79607K(80576K) NonClass: 68407K(68928K)->68407K(68928K) Class: 11200K(11648K)->11200K(11648K)
[2411.687s][info ][gc             ] GC(75) Pause Young (Allocation Failure) 2413M->629M(2534M) 25.113ms
[2411.687s][info ][gc,cpu         ] GC(75) User=0.09s Sys=0.00s Real=0.03s
[2411.687s][info ][safepoint      ] Safepoint "ParallelGCFailedAllocation", Time since last: 1476881471 ns, Reaching safepoint: 97900 ns, At safepoint: 25199347 ns, Total: 25297247 ns
[2412.687s][info ][safepoint      ] Safepoint "Cleanup", Time since last: 1000090079 ns, Reaching safepoint: 41999 ns, At safepoint: 4000 ns, Total: 45999 ns
[2420.688s][info ][safepoint      ] Safepoint "Cleanup", Time since last: 8000515666 ns, Reaching safepoint: 49100 ns, At safepoint: 2000 ns, Total: 51100 ns
[2429.688s][info ][safepoint      ] Safepoint "Cleanup", Time since last: 9000539196 ns, Reaching safepoint: 52500 ns, At safepoint: 4000 ns, Total: 56500 ns
[2430.688s][info ][safepoint      ] Safepoint "Cleanup", Time since last: 1000103546 ns, Reaching safepoint: 37200 ns, At safepoint: 2200 ns, Total: 39400 ns
[2431.688s][info ][safepoint      ] Safepoint "Cleanup", Time since last: 1000100044 ns, Reaching safepoint: 82900 ns, At safepoint: 3300 ns, Total: 86200 ns
[2450.661s][info ][gc,start       ] GC(76) Pause Young (Allocation Failure)
[2450.678s][debug][gc,phases      ] GC(76) Scavenge 17.004ms
[2450.678s][debug][gc,ref         ] GC(76) Skipped phase 1 of Reference Processing: no references
[2450.678s][debug][gc,ref         ] GC(76) ReferenceProcessor::execute queues: 1, RefProcThreadModel::Single, marks_oops_alive: false
[2450.678s][debug][gc,ref         ] GC(76) Skipped phase 3 of Reference Processing: no references
[2450.678s][debug][gc,ref         ] GC(76) ReferenceProcessor::execute queues: 1, RefProcThreadModel::Single, marks_oops_alive: false
[2450.678s][debug][gc,phases      ] GC(76) Reference Processing 0.103ms
[2450.678s][debug][gc,phases      ] GC(76)   VM Weak                        Min:  0.0, Avg:  0.0, Max:  0.0, Diff:  0.0, Sum:  0.0, Workers: 4
[2450.678s][debug][gc,phases      ] GC(76)     Dead                           Min: 0, Avg:  0.0, Max: 0, Diff: 0, Sum: 0, Workers: 4
[2450.678s][debug][gc,phases      ] GC(76)     Total                          Min: 0, Avg: 191.5, Max: 766, Diff: 766, Sum: 766, Workers: 4
[2450.678s][debug][gc,phases      ] GC(76)   ObjectSynchronizer Weak        Min:  0.0, Avg:  0.0, Max:  0.0, Diff:  0.0, Sum:  0.0, Workers: 4
[2450.678s][debug][gc,phases      ] GC(76)     Dead                           Min: 0, Avg:  0.5, Max: 2, Diff: 2, Sum: 2, Workers: 4
[2450.678s][debug][gc,phases      ] GC(76)     Total                          Min: 0, Avg:  9.5, Max: 38, Diff: 38, Sum: 38, Workers: 4
[2450.678s][debug][gc,phases      ] GC(76)   JVMTI Tag Weak OopStorage      Min:  0.0, Avg:  0.0, Max:  0.0, Diff:  0.0, Sum:  0.0, Workers: 4
[2450.678s][debug][gc,phases      ] GC(76)     Dead                           Min: 0, Avg:  0.0, Max: 0, Diff: 0, Sum: 0, Workers: 4
[2450.678s][debug][gc,phases      ] GC(76)     Total                          Min: 0, Avg:  0.0, Max: 0, Diff: 0, Sum: 0, Workers: 4
[2450.678s][debug][gc,phases      ] GC(76)   StringTable Weak               Min:  0.1, Avg:  0.1, Max:  0.1, Diff:  0.0, Sum:  0.4, Workers: 4
[2450.678s][debug][gc,phases      ] GC(76)     Dead                           Min: 0, Avg:  0.0, Max: 0, Diff: 0, Sum: 0, Workers: 4
[2450.678s][debug][gc,phases      ] GC(76)     Total                          Min: 7227, Avg: 10686.5, Max: 12800, Diff: 5573, Sum: 42746, Workers: 4
[2450.678s][debug][gc,phases      ] GC(76)   ResolvedMethodTable Weak       Min:  0.0, Avg:  0.0, Max:  0.0, Diff:  0.0, Sum:  0.1, Workers: 4
[2450.678s][debug][gc,phases      ] GC(76)     Dead                           Min: 0, Avg:  0.0, Max: 0, Diff: 0, Sum: 0, Workers: 4
[2450.678s][debug][gc,phases      ] GC(76)     Total                          Min: 2048, Avg: 2160.0, Max: 2304, Diff: 256, Sum: 8640, Workers: 4
[2450.678s][debug][gc,phases      ] GC(76)   JNI Weak                       Min:  0.0, Avg:  0.0, Max:  0.0, Diff:  0.0, Sum:  0.0, Workers: 4
[2450.678s][debug][gc,phases      ] GC(76)     Dead                           Min: 0, Avg:  0.0, Max: 0, Diff: 0, Sum: 0, Workers: 4
[2450.678s][debug][gc,phases      ] GC(76)     Total                          Min: 0, Avg: 11.2, Max: 45, Diff: 45, Sum: 45, Workers: 4
[2450.678s][debug][gc,phases      ] GC(76)   StringDedup Table Weak         Min:  0.0, Avg:  0.0, Max:  0.0, Diff:  0.0, Sum:  0.0, Workers: 4
[2450.678s][debug][gc,phases      ] GC(76)     Dead                           Min: 0, Avg:  0.0, Max: 0, Diff: 0, Sum: 0, Workers: 4
[2450.678s][debug][gc,phases      ] GC(76)     Total                          Min: 0, Avg:  0.0, Max: 0, Diff: 0, Sum: 0, Workers: 4
[2450.678s][debug][gc,phases      ] GC(76)   StringDedup Requests0 Weak     Min:  0.0, Avg:  0.0, Max:  0.0, Diff:  0.0, Sum:  0.0, Workers: 4
[2450.678s][debug][gc,phases      ] GC(76)     Dead                           Min: 0, Avg:  0.0, Max: 0, Diff: 0, Sum: 0, Workers: 4
[2450.678s][debug][gc,phases      ] GC(76)     Total                          Min: 0, Avg:  0.0, Max: 0, Diff: 0, Sum: 0, Workers: 4
[2450.678s][debug][gc,phases      ] GC(76)   StringDedup Requests1 Weak     Min:  0.0, Avg:  0.0, Max:  0.0, Diff:  0.0, Sum:  0.0, Workers: 4
[2450.678s][debug][gc,phases      ] GC(76)     Dead                           Min: 0, Avg:  0.0, Max: 0, Diff: 0, Sum: 0, Workers: 4
[2450.678s][debug][gc,phases      ] GC(76)     Total                          Min: 0, Avg:  0.0, Max: 0, Diff: 0, Sum: 0, Workers: 4
[2450.678s][debug][gc,phases      ] GC(76)   Weak JFR Old Object Samples    Min:  0.0, Avg:  0.0, Max:  0.0, Diff:  0.0, Sum:  0.0, Workers: 4
[2450.678s][debug][gc,phases      ] GC(76)     Dead                           Min: 0, Avg:  0.0, Max: 0, Diff: 0, Sum: 0, Workers: 4
[2450.678s][debug][gc,phases      ] GC(76)     Total                          Min: 0, Avg:  0.0, Max: 0, Diff: 0, Sum: 0, Workers: 4
[2450.678s][debug][gc,phases      ] GC(76) Weak Processing 0.285ms
[2450.678s][debug][gc,age         ] GC(76) Desired survivor size 130023424 bytes, new threshold 15 (max threshold 15)
[2450.678s][info ][gc,heap        ] GC(76) PSYoungGen: 1894912K(1969152K)->42976K(1966080K) Eden: 1838080K(1838080K)->0K(1838080K) From: 56832K(131072K)->42976K(128000K)
[2450.678s][info ][gc,heap        ] GC(76) ParOldGen: 587806K(625664K)->602454K(625664K)
[2450.678s][info ][gc,metaspace   ] GC(76) Metaspace: 79619K(80576K)->79619K(80576K) NonClass: 68419K(68928K)->68419K(68928K) Class: 11200K(11648K)->11200K(11648K)
[2450.678s][info ][gc             ] GC(76) Pause Young (Allocation Failure) 2424M->630M(2531M) 17.507ms
[2450.678s][info ][gc,cpu         ] GC(76) User=0.07s Sys=0.00s Real=0.01s
[2450.678s][debug][gc,phases      ] GC(77) Pre Compact 0.008ms
[2450.678s][info ][gc,start       ] GC(77) Pause Full (Ergonomics)
[2450.678s][info ][gc,phases,start] GC(77) Marking Phase
[2450.789s][debug][gc,phases      ] GC(77) Par Mark 110.224ms
[2450.789s][debug][gc,ref         ] GC(77) Skipped phase 1 of Reference Processing: no references
[2450.789s][debug][gc,ref         ] GC(77) ReferenceProcessor::execute queues: 4, RefProcThreadModel::Multi, marks_oops_alive: false
[2450.789s][debug][gc,ref         ] GC(77) ReferenceProcessor::execute queues: 4, RefProcThreadModel::Multi, marks_oops_alive: true
[2450.789s][debug][gc,ref         ] GC(77) ReferenceProcessor::execute queues: 1, RefProcThreadModel::Single, marks_oops_alive: false
[2450.789s][debug][gc,phases      ] GC(77) Reference Processing 0.665ms
[2450.790s][debug][gc,phases      ] GC(77)   VM Weak                        Min:  0.0, Avg:  0.0, Max:  0.0, Diff:  0.0, Sum:  0.0, Workers: 4
[2450.790s][debug][gc,phases      ] GC(77)     Dead                           Min: 0, Avg:  0.0, Max: 0, Diff: 0, Sum: 0, Workers: 4
[2450.790s][debug][gc,phases      ] GC(77)     Total                          Min: 0, Avg: 191.5, Max: 384, Diff: 384, Sum: 766, Workers: 4
[2450.790s][debug][gc,phases      ] GC(77)   ObjectSynchronizer Weak        Min:  0.0, Avg:  0.0, Max:  0.0, Diff:  0.0, Sum:  0.0, Workers: 4
[2450.790s][debug][gc,phases      ] GC(77)     Dead                           Min: 0, Avg:  0.5, Max: 2, Diff: 2, Sum: 2, Workers: 4
[2450.790s][debug][gc,phases      ] GC(77)     Total                          Min: 0, Avg:  9.5, Max: 38, Diff: 38, Sum: 38, Workers: 4
[2450.790s][debug][gc,phases      ] GC(77)   JVMTI Tag Weak OopStorage      Min:  0.0, Avg:  0.0, Max:  0.0, Diff:  0.0, Sum:  0.0, Workers: 4
[2450.790s][debug][gc,phases      ] GC(77)     Dead                           Min: 0, Avg:  0.0, Max: 0, Diff: 0, Sum: 0, Workers: 4
[2450.790s][debug][gc,phases      ] GC(77)     Total                          Min: 0, Avg:  0.0, Max: 0, Diff: 0, Sum: 0, Workers: 4
[2450.790s][debug][gc,phases      ] GC(77)   StringTable Weak               Min:  0.0, Avg:  0.1, Max:  0.2, Diff:  0.2, Sum:  0.5, Workers: 4
[2450.790s][debug][gc,phases      ] GC(77)     Dead                           Min: 0, Avg:  0.0, Max: 0, Diff: 0, Sum: 0, Workers: 4
[2450.790s][debug][gc,phases      ] GC(77)     Total                          Min: 0, Avg: 10686.5, Max: 15360, Diff: 15360, Sum: 42746, Workers: 4
[2450.790s][debug][gc,phases      ] GC(77)   ResolvedMethodTable Weak       Min:  0.0, Avg:  0.0, Max:  0.0, Diff:  0.0, Sum:  0.1, Workers: 4
[2450.790s][debug][gc,phases      ] GC(77)     Dead                           Min: 0, Avg:  0.0, Max: 0, Diff: 0, Sum: 0, Workers: 4
[2450.790s][debug][gc,phases      ] GC(77)     Total                          Min: 0, Avg: 2160.0, Max: 3136, Diff: 3136, Sum: 8640, Workers: 4
[2450.790s][debug][gc,phases      ] GC(77)   JNI Weak                       Min:  0.0, Avg:  0.0, Max:  0.0, Diff:  0.0, Sum:  0.0, Workers: 4
[2450.790s][debug][gc,phases      ] GC(77)     Dead                           Min: 0, Avg:  0.0, Max: 0, Diff: 0, Sum: 0, Workers: 4
[2450.790s][debug][gc,phases      ] GC(77)     Total                          Min: 0, Avg: 11.2, Max: 45, Diff: 45, Sum: 45, Workers: 4
[2450.790s][debug][gc,phases      ] GC(77)   StringDedup Table Weak         Min:  0.0, Avg:  0.0, Max:  0.0, Diff:  0.0, Sum:  0.0, Workers: 4
[2450.790s][debug][gc,phases      ] GC(77)     Dead                           Min: 0, Avg:  0.0, Max: 0, Diff: 0, Sum: 0, Workers: 4
[2450.790s][debug][gc,phases      ] GC(77)     Total                          Min: 0, Avg:  0.0, Max: 0, Diff: 0, Sum: 0, Workers: 4
[2450.790s][debug][gc,phases      ] GC(77)   StringDedup Requests0 Weak     Min:  0.0, Avg:  0.0, Max:  0.0, Diff:  0.0, Sum:  0.0, Workers: 4
[2450.790s][debug][gc,phases      ] GC(77)     Dead                           Min: 0, Avg:  0.0, Max: 0, Diff: 0, Sum: 0, Workers: 4
[2450.790s][debug][gc,phases      ] GC(77)     Total                          Min: 0, Avg:  0.0, Max: 0, Diff: 0, Sum: 0, Workers: 4
[2450.790s][debug][gc,phases      ] GC(77)   StringDedup Requests1 Weak     Min:  0.0, Avg:  0.0, Max:  0.0, Diff:  0.0, Sum:  0.0, Workers: 4
[2450.790s][debug][gc,phases      ] GC(77)     Dead                           Min: 0, Avg:  0.0, Max: 0, Diff: 0, Sum: 0, Workers: 4
[2450.790s][debug][gc,phases      ] GC(77)     Total                          Min: 0, Avg:  0.0, Max: 0, Diff: 0, Sum: 0, Workers: 4
[2450.790s][debug][gc,phases      ] GC(77)   Weak JFR Old Object Samples    Min:  0.0, Avg:  0.0, Max:  0.0, Diff:  0.0, Sum:  0.0, Workers: 4
[2450.790s][debug][gc,phases      ] GC(77)     Dead                           Min: 0, Avg:  0.0, Max: 0, Diff: 0, Sum: 0, Workers: 4
[2450.790s][debug][gc,phases      ] GC(77)     Total                          Min: 0, Avg:  0.0, Max: 0, Diff: 0, Sum: 0, Workers: 4
[2450.790s][debug][gc,phases      ] GC(77) Weak Processing 0.371ms
[2450.790s][debug][gc,phases      ] GC(77) ClassLoaderData 0.081ms
[2450.790s][debug][gc,phases      ] GC(77) Trigger cleanups 0.000ms
[2450.807s][debug][gc,phases      ] GC(77) Class Unloading 16.869ms
[2450.807s][info ][gc,phases      ] GC(77) Marking Phase 128.283ms
[2450.807s][info ][gc,phases,start] GC(77) Summary Phase
[2450.807s][info ][gc,phases      ] GC(77) Summary Phase 0.019ms
[2450.807s][info ][gc,phases,start] GC(77) Adjust Roots
[2450.819s][info ][gc,phases      ] GC(77) Adjust Roots 12.006ms
[2450.819s][info ][gc,phases,start] GC(77) Compaction Phase
[2450.979s][info ][gc,phases      ] GC(77) Compaction Phase 160.594ms
[2450.979s][info ][gc,phases,start] GC(77) Post Compact
[2450.981s][info ][gc,phases      ] GC(77) Post Compact 1.329ms
[2450.981s][info ][gc,heap        ] GC(77) PSYoungGen: 42976K(1966080K)->0K(1970176K) Eden: 0K(1838080K)->0K(1843200K) From: 42976K(128000K)->0K(126976K)
[2450.981s][info ][gc,heap        ] GC(77) ParOldGen: 602454K(625664K)->444847K(549888K)
[2450.981s][info ][gc,metaspace   ] GC(77) Metaspace: 79619K(80576K)->79619K(80576K) NonClass: 68419K(68928K)->68419K(68928K) Class: 11200K(11648K)->11200K(11648K)
[2450.981s][info ][gc             ] GC(77) Pause Full (Ergonomics) 630M->434M(2461M) 302.471ms
[2450.981s][info ][gc,cpu         ] GC(77) User=1.01s Sys=0.00s Real=0.31s
[2450.981s][info ][safepoint      ] Safepoint "ParallelGCFailedAllocation", Time since last: 18972172267 ns, Reaching safepoint: 114100 ns, At safepoint: 320094899 ns, Total: 320208999 ns
[2451.981s][info ][safepoint      ] Safepoint "Cleanup", Time since last: 1000095309 ns, Reaching safepoint: 26199 ns, At safepoint: 2300 ns, Total: 28499 ns
[2453.981s][info ][safepoint      ] Safepoint "Cleanup", Time since last: 2000162112 ns, Reaching safepoint: 30900 ns, At safepoint: 2700 ns, Total: 33600 ns
[2461.982s][info ][safepoint      ] Safepoint "Cleanup", Time since last: 8000506980 ns, Reaching safepoint: 39999 ns, At safepoint: 3700 ns, Total: 43699 ns
[2462.982s][info ][safepoint      ] Safepoint "Cleanup", Time since last: 1000096590 ns, Reaching safepoint: 29900 ns, At safepoint: 2300 ns, Total: 32200 ns
[2464.982s][info ][safepoint      ] Safepoint "Cleanup", Time since last: 2000176374 ns, Reaching safepoint: 25200 ns, At safepoint: 2600 ns, Total: 27800 ns
[2477.983s][info ][safepoint      ] Safepoint "Cleanup", Time since last: 13000769872 ns, Reaching safepoint: 31100 ns, At safepoint: 2600 ns, Total: 33700 ns
[2478.983s][info ][safepoint      ] Safepoint "Cleanup", Time since last: 1000106863 ns, Reaching safepoint: 37800 ns, At safepoint: 3000 ns, Total: 40800 ns
[2490.439s][info ][gc,start       ] GC(78) Pause Young (Allocation Failure)
[2490.442s][debug][gc,phases      ] GC(78) Scavenge 3.305ms
[2490.442s][debug][gc,ref         ] GC(78) Skipped phase 1 of Reference Processing: no references
[2490.442s][debug][gc,ref         ] GC(78) ReferenceProcessor::execute queues: 1, RefProcThreadModel::Single, marks_oops_alive: false
[2490.442s][debug][gc,ref         ] GC(78) Skipped phase 3 of Reference Processing: no references
[2490.442s][debug][gc,ref         ] GC(78) Skipped phase 4 of Reference Processing: no references
[2490.442s][debug][gc,phases      ] GC(78) Reference Processing 0.078ms
[2490.442s][debug][gc,phases      ] GC(78)   VM Weak                        Min:  0.0, Avg:  0.0, Max:  0.0, Diff:  0.0, Sum:  0.0, Workers: 4
[2490.442s][debug][gc,phases      ] GC(78)     Dead                           Min: 0, Avg:  0.0, Max: 0, Diff: 0, Sum: 0, Workers: 4
[2490.442s][debug][gc,phases      ] GC(78)     Total                          Min: 0, Avg: 191.5, Max: 766, Diff: 766, Sum: 766, Workers: 4
[2490.442s][debug][gc,phases      ] GC(78)   ObjectSynchronizer Weak        Min:  0.0, Avg:  0.0, Max:  0.0, Diff:  0.0, Sum:  0.0, Workers: 4
[2490.442s][debug][gc,phases      ] GC(78)     Dead                           Min: 0, Avg:  0.0, Max: 0, Diff: 0, Sum: 0, Workers: 4
[2490.442s][debug][gc,phases      ] GC(78)     Total                          Min: 0, Avg:  9.5, Max: 38, Diff: 38, Sum: 38, Workers: 4
[2490.442s][debug][gc,phases      ] GC(78)   JVMTI Tag Weak OopStorage      Min:  0.0, Avg:  0.0, Max:  0.0, Diff:  0.0, Sum:  0.0, Workers: 4
[2490.442s][debug][gc,phases      ] GC(78)     Dead                           Min: 0, Avg:  0.0, Max: 0, Diff: 0, Sum: 0, Workers: 4
[2490.442s][debug][gc,phases      ] GC(78)     Total                          Min: 0, Avg:  0.0, Max: 0, Diff: 0, Sum: 0, Workers: 4
[2490.442s][debug][gc,phases      ] GC(78)   StringTable Weak               Min:  0.1, Avg:  0.1, Max:  0.1, Diff:  0.0, Sum:  0.4, Workers: 4
[2490.442s][debug][gc,phases      ] GC(78)     Dead                           Min: 0, Avg:  0.0, Max: 0, Diff: 0, Sum: 0, Workers: 4
[2490.442s][debug][gc,phases      ] GC(78)     Total                          Min: 10363, Avg: 10686.5, Max: 11135, Diff: 772, Sum: 42746, Workers: 4
[2490.442s][debug][gc,phases      ] GC(78)   ResolvedMethodTable Weak       Min:  0.0, Avg:  0.0, Max:  0.0, Diff:  0.0, Sum:  0.1, Workers: 4
[2490.442s][debug][gc,phases      ] GC(78)     Dead                           Min: 0, Avg:  0.0, Max: 0, Diff: 0, Sum: 0, Workers: 4
[2490.442s][debug][gc,phases      ] GC(78)     Total                          Min: 768, Avg: 2160.0, Max: 2752, Diff: 1984, Sum: 8640, Workers: 4
[2490.442s][debug][gc,phases      ] GC(78)   JNI Weak                       Min:  0.0, Avg:  0.0, Max:  0.0, Diff:  0.0, Sum:  0.0, Workers: 4
[2490.442s][debug][gc,phases      ] GC(78)     Dead                           Min: 0, Avg:  0.0, Max: 0, Diff: 0, Sum: 0, Workers: 4
[2490.442s][debug][gc,phases      ] GC(78)     Total                          Min: 0, Avg: 11.2, Max: 45, Diff: 45, Sum: 45, Workers: 4
[2490.442s][debug][gc,phases      ] GC(78)   StringDedup Table Weak         Min:  0.0, Avg:  0.0, Max:  0.0, Diff:  0.0, Sum:  0.0, Workers: 4
[2490.442s][debug][gc,phases      ] GC(78)     Dead                           Min: 0, Avg:  0.0, Max: 0, Diff: 0, Sum: 0, Workers: 4
[2490.443s][debug][gc,phases      ] GC(78)     Total                          Min: 0, Avg:  0.0, Max: 0, Diff: 0, Sum: 0, Workers: 4
[2490.443s][debug][gc,phases      ] GC(78)   StringDedup Requests0 Weak     Min:  0.0, Avg:  0.0, Max:  0.0, Diff:  0.0, Sum:  0.0, Workers: 4
[2490.443s][debug][gc,phases      ] GC(78)     Dead                           Min: 0, Avg:  0.0, Max: 0, Diff: 0, Sum: 0, Workers: 4
[2490.443s][debug][gc,phases      ] GC(78)     Total                          Min: 0, Avg:  0.0, Max: 0, Diff: 0, Sum: 0, Workers: 4
[2490.443s][debug][gc,phases      ] GC(78)   StringDedup Requests1 Weak     Min:  0.0, Avg:  0.0, Max:  0.0, Diff:  0.0, Sum:  0.0, Workers: 4
[2490.443s][debug][gc,phases      ] GC(78)     Dead                           Min: 0, Avg:  0.0, Max: 0, Diff: 0, Sum: 0, Workers: 4
[2490.443s][debug][gc,phases      ] GC(78)     Total                          Min: 0, Avg:  0.0, Max: 0, Diff: 0, Sum: 0, Workers: 4
[2490.443s][debug][gc,phases      ] GC(78)   Weak JFR Old Object Samples    Min:  0.0, Avg:  0.0, Max:  0.0, Diff:  0.0, Sum:  0.0, Workers: 4
[2490.443s][debug][gc,phases      ] GC(78)     Dead                           Min: 0, Avg:  0.0, Max: 0, Diff: 0, Sum: 0, Workers: 4
[2490.443s][debug][gc,phases      ] GC(78)     Total                          Min: 0, Avg:  0.0, Max: 0, Diff: 0, Sum: 0, Workers: 4
[2490.443s][debug][gc,phases      ] GC(78) Weak Processing 0.276ms
[2490.443s][debug][gc,age         ] GC(78) Desired survivor size 135266304 bytes, new threshold 15 (max threshold 15)
[2490.443s][info ][gc,heap        ] GC(78) PSYoungGen: 1843200K(1970176K)->2720K(1846272K) Eden: 1843200K(1843200K)->0K(1843200K) From: 0K(126976K)->2720K(3072K)
[2490.443s][info ][gc,heap        ] GC(78) ParOldGen: 444847K(549888K)->444847K(549888K)
[2490.443s][info ][gc,metaspace   ] GC(78) Metaspace: 79619K(80576K)->79619K(80576K) NonClass: 68419K(68928K)->68419K(68928K) Class: 11200K(11648K)->11200K(11648K)
[2490.443s][info ][gc             ] GC(78) Pause Young (Allocation Failure) 2234M->437M(2340M) 3.744ms
[2490.443s][info ][gc,cpu         ] GC(78) User=0.01s Sys=0.00s Real=0.00s
[2490.443s][info ][safepoint      ] Safepoint "ParallelGCFailedAllocation", Time since last: 11455792061 ns, Reaching safepoint: 25400 ns, At safepoint: 3806191 ns, Total: 3831591 ns
[2525.445s][info ][safepoint      ] Safepoint "Cleanup", Time since last: 35002057477 ns, Reaching safepoint: 31100 ns, At safepoint: 2500 ns, Total: 33600 ns
[2530.363s][info ][gc,start       ] GC(79) Pause Young (Allocation Failure)
[2530.367s][debug][gc,phases      ] GC(79) Scavenge 4.441ms
[2530.367s][debug][gc,ref         ] GC(79) Skipped phase 1 of Reference Processing: no references
[2530.367s][debug][gc,ref         ] GC(79) ReferenceProcessor::execute queues: 1, RefProcThreadModel::Single, marks_oops_alive: false
[2530.367s][debug][gc,ref         ] GC(79) Skipped phase 3 of Reference Processing: no references
[2530.367s][debug][gc,ref         ] GC(79) ReferenceProcessor::execute queues: 1, RefProcThreadModel::Single, marks_oops_alive: false
[2530.367s][debug][gc,phases      ] GC(79) Reference Processing 0.105ms
[2530.368s][debug][gc,phases      ] GC(79)   VM Weak                        Min:  0.0, Avg:  0.0, Max:  0.0, Diff:  0.0, Sum:  0.0, Workers: 4
[2530.368s][debug][gc,phases      ] GC(79)     Dead                           Min: 0, Avg:  0.0, Max: 0, Diff: 0, Sum: 0, Workers: 4
[2530.368s][debug][gc,phases      ] GC(79)     Total                          Min: 0, Avg: 191.5, Max: 446, Diff: 446, Sum: 766, Workers: 4
[2530.368s][debug][gc,phases      ] GC(79)   ObjectSynchronizer Weak        Min:  0.0, Avg:  0.0, Max:  0.0, Diff:  0.0, Sum:  0.0, Workers: 4
[2530.368s][debug][gc,phases      ] GC(79)     Dead                           Min: 0, Avg:  0.0, Max: 0, Diff: 0, Sum: 0, Workers: 4
[2530.368s][debug][gc,phases      ] GC(79)     Total                          Min: 0, Avg:  9.5, Max: 38, Diff: 38, Sum: 38, Workers: 4
[2530.368s][debug][gc,phases      ] GC(79)   JVMTI Tag Weak OopStorage      Min:  0.0, Avg:  0.0, Max:  0.0, Diff:  0.0, Sum:  0.0, Workers: 4
[2530.368s][debug][gc,phases      ] GC(79)     Dead                           Min: 0, Avg:  0.0, Max: 0, Diff: 0, Sum: 0, Workers: 4
[2530.368s][debug][gc,phases      ] GC(79)     Total                          Min: 0, Avg:  0.0, Max: 0, Diff: 0, Sum: 0, Workers: 4
[2530.368s][debug][gc,phases      ] GC(79)   StringTable Weak               Min:  0.0, Avg:  0.1, Max:  0.2, Diff:  0.2, Sum:  0.5, Workers: 4
[2530.368s][debug][gc,phases      ] GC(79)     Dead                           Min: 0, Avg:  0.0, Max: 0, Diff: 0, Sum: 0, Workers: 4
[2530.368s][debug][gc,phases      ] GC(79)     Total                          Min: 0, Avg: 10687.8, Max: 19648, Diff: 19648, Sum: 42751, Workers: 4
[2530.368s][debug][gc,phases      ] GC(79)   ResolvedMethodTable Weak       Min:  0.0, Avg:  0.0, Max:  0.0, Diff:  0.0, Sum:  0.1, Workers: 4
[2530.368s][debug][gc,phases      ] GC(79)     Dead                           Min: 0, Avg:  0.0, Max: 0, Diff: 0, Sum: 0, Workers: 4
[2530.368s][debug][gc,phases      ] GC(79)     Total                          Min: 0, Avg: 2160.0, Max: 2944, Diff: 2944, Sum: 8640, Workers: 4
[2530.368s][debug][gc,phases      ] GC(79)   JNI Weak                       Min:  0.0, Avg:  0.0, Max:  0.0, Diff:  0.0, Sum:  0.0, Workers: 4
[2530.368s][debug][gc,phases      ] GC(79)     Dead                           Min: 0, Avg:  0.0, Max: 0, Diff: 0, Sum: 0, Workers: 4
[2530.368s][debug][gc,phases      ] GC(79)     Total                          Min: 0, Avg: 11.2, Max: 45, Diff: 45, Sum: 45, Workers: 4
[2530.368s][debug][gc,phases      ] GC(79)   StringDedup Table Weak         Min:  0.0, Avg:  0.0, Max:  0.0, Diff:  0.0, Sum:  0.0, Workers: 4
[2530.368s][debug][gc,phases      ] GC(79)     Dead                           Min: 0, Avg:  0.0, Max: 0, Diff: 0, Sum: 0, Workers: 4
[2530.368s][debug][gc,phases      ] GC(79)     Total                          Min: 0, Avg:  0.0, Max: 0, Diff: 0, Sum: 0, Workers: 4
[2530.368s][debug][gc,phases      ] GC(79)   StringDedup Requests0 Weak     Min:  0.0, Avg:  0.0, Max:  0.0, Diff:  0.0, Sum:  0.0, Workers: 4
[2530.368s][debug][gc,phases      ] GC(79)     Dead                           Min: 0, Avg:  0.0, Max: 0, Diff: 0, Sum: 0, Workers: 4
[2530.368s][debug][gc,phases      ] GC(79)     Total                          Min: 0, Avg:  0.0, Max: 0, Diff: 0, Sum: 0, Workers: 4
[2530.368s][debug][gc,phases      ] GC(79)   StringDedup Requests1 Weak     Min:  0.0, Avg:  0.0, Max:  0.0, Diff:  0.0, Sum:  0.0, Workers: 4
[2530.368s][debug][gc,phases      ] GC(79)     Dead                           Min: 0, Avg:  0.0, Max: 0, Diff: 0, Sum: 0, Workers: 4
[2530.368s][debug][gc,phases      ] GC(79)     Total                          Min: 0, Avg:  0.0, Max: 0, Diff: 0, Sum: 0, Workers: 4
[2530.368s][debug][gc,phases      ] GC(79)   Weak JFR Old Object Samples    Min:  0.0, Avg:  0.0, Max:  0.0, Diff:  0.0, Sum:  0.0, Workers: 4
[2530.368s][debug][gc,phases      ] GC(79)     Dead                           Min: 0, Avg:  0.0, Max: 0, Diff: 0, Sum: 0, Workers: 4
[2530.368s][debug][gc,phases      ] GC(79)     Total                          Min: 0, Avg:  0.0, Max: 0, Diff: 0, Sum: 0, Workers: 4
[2530.368s][debug][gc,phases      ] GC(79) Weak Processing 0.364ms
[2530.368s][debug][gc,age         ] GC(79) Desired survivor size 137887744 bytes, new threshold 15 (max threshold 15)
[2530.368s][info ][gc,heap        ] GC(79) PSYoungGen: 1845920K(1846272K)->4688K(1959936K) Eden: 1843200K(1843200K)->0K(1827840K) From: 2720K(3072K)->4688K(132096K)
[2530.368s][info ][gc,heap        ] GC(79) ParOldGen: 444847K(549888K)->444847K(549888K)
[2530.368s][info ][gc,metaspace   ] GC(79) Metaspace: 79622K(80576K)->79622K(80576K) NonClass: 68422K(68928K)->68422K(68928K) Class: 11200K(11648K)->11200K(11648K)
[2530.368s][info ][gc             ] GC(79) Pause Young (Allocation Failure) 2237M->438M(2451M) 5.003ms
[2530.368s][info ][gc,cpu         ] GC(79) User=0.01s Sys=0.00s Real=0.01s
[2530.368s][info ][safepoint      ] Safepoint "ParallelGCFailedAllocation", Time since last: 4917898221 ns, Reaching safepoint: 108200 ns, At safepoint: 5061288 ns, Total: 5169488 ns
[2569.912s][info ][gc,start       ] GC(80) Pause Young (Allocation Failure)
[2569.915s][debug][gc,phases      ] GC(80) Scavenge 2.852ms
[2569.915s][debug][gc,ref         ] GC(80) Skipped phase 1 of Reference Processing: no references
[2569.915s][debug][gc,ref         ] GC(80) ReferenceProcessor::execute queues: 1, RefProcThreadModel::Single, marks_oops_alive: false
[2569.915s][debug][gc,ref         ] GC(80) Skipped phase 3 of Reference Processing: no references
[2569.915s][debug][gc,ref         ] GC(80) Skipped phase 4 of Reference Processing: no references
[2569.915s][debug][gc,phases      ] GC(80) Reference Processing 0.111ms
[2569.915s][debug][gc,phases      ] GC(80)   VM Weak                        Min:  0.0, Avg:  0.0, Max:  0.0, Diff:  0.0, Sum:  0.0, Workers: 4
[2569.915s][debug][gc,phases      ] GC(80)     Dead                           Min: 0, Avg:  0.0, Max: 0, Diff: 0, Sum: 0, Workers: 4
[2569.915s][debug][gc,phases      ] GC(80)     Total                          Min: 0, Avg: 191.5, Max: 704, Diff: 704, Sum: 766, Workers: 4
[2569.915s][debug][gc,phases      ] GC(80)   ObjectSynchronizer Weak        Min:  0.0, Avg:  0.0, Max:  0.0, Diff:  0.0, Sum:  0.0, Workers: 4
[2569.915s][debug][gc,phases      ] GC(80)     Dead                           Min: 0, Avg:  0.0, Max: 0, Diff: 0, Sum: 0, Workers: 4
[2569.915s][debug][gc,phases      ] GC(80)     Total                          Min: 0, Avg:  9.5, Max: 38, Diff: 38, Sum: 38, Workers: 4
[2569.915s][debug][gc,phases      ] GC(80)   JVMTI Tag Weak OopStorage      Min:  0.0, Avg:  0.0, Max:  0.0, Diff:  0.0, Sum:  0.0, Workers: 4
[2569.915s][debug][gc,phases      ] GC(80)     Dead                           Min: 0, Avg:  0.0, Max: 0, Diff: 0, Sum: 0, Workers: 4
[2569.915s][debug][gc,phases      ] GC(80)     Total                          Min: 0, Avg:  0.0, Max: 0, Diff: 0, Sum: 0, Workers: 4
[2569.915s][debug][gc,phases      ] GC(80)   StringTable Weak               Min:  0.1, Avg:  0.1, Max:  0.1, Diff:  0.0, Sum:  0.4, Workers: 4
[2569.915s][debug][gc,phases      ] GC(80)     Dead                           Min: 0, Avg:  0.0, Max: 0, Diff: 0, Sum: 0, Workers: 4
[2569.915s][debug][gc,phases      ] GC(80)     Total                          Min: 10240, Avg: 10687.8, Max: 11071, Diff: 831, Sum: 42751, Workers: 4
[2569.915s][debug][gc,phases      ] GC(80)   ResolvedMethodTable Weak       Min:  0.0, Avg:  0.0, Max:  0.0, Diff:  0.0, Sum:  0.1, Workers: 4
[2569.915s][debug][gc,phases      ] GC(80)     Dead                           Min: 0, Avg:  0.0, Max: 0, Diff: 0, Sum: 0, Workers: 4
[2569.915s][debug][gc,phases      ] GC(80)     Total                          Min: 1600, Avg: 2160.0, Max: 2432, Diff: 832, Sum: 8640, Workers: 4
[2569.915s][debug][gc,phases      ] GC(80)   JNI Weak                       Min:  0.0, Avg:  0.0, Max:  0.0, Diff:  0.0, Sum:  0.0, Workers: 4
[2569.915s][debug][gc,phases      ] GC(80)     Dead                           Min: 0, Avg:  0.0, Max: 0, Diff: 0, Sum: 0, Workers: 4
[2569.915s][debug][gc,phases      ] GC(80)     Total                          Min: 0, Avg: 11.2, Max: 45, Diff: 45, Sum: 45, Workers: 4
[2569.915s][debug][gc,phases      ] GC(80)   StringDedup Table Weak         Min:  0.0, Avg:  0.0, Max:  0.0, Diff:  0.0, Sum:  0.0, Workers: 4
[2569.915s][debug][gc,phases      ] GC(80)     Dead                           Min: 0, Avg:  0.0, Max: 0, Diff: 0, Sum: 0, Workers: 4
[2569.915s][debug][gc,phases      ] GC(80)     Total                          Min: 0, Avg:  0.0, Max: 0, Diff: 0, Sum: 0, Workers: 4
[2569.915s][debug][gc,phases      ] GC(80)   StringDedup Requests0 Weak     Min:  0.0, Avg:  0.0, Max:  0.0, Diff:  0.0, Sum:  0.0, Workers: 4
[2569.915s][debug][gc,phases      ] GC(80)     Dead                           Min: 0, Avg:  0.0, Max: 0, Diff: 0, Sum: 0, Workers: 4
[2569.915s][debug][gc,phases      ] GC(80)     Total                          Min: 0, Avg:  0.0, Max: 0, Diff: 0, Sum: 0, Workers: 4
[2569.915s][debug][gc,phases      ] GC(80)   StringDedup Requests1 Weak     Min:  0.0, Avg:  0.0, Max:  0.0, Diff:  0.0, Sum:  0.0, Workers: 4
[2569.915s][debug][gc,phases      ] GC(80)     Dead                           Min: 0, Avg:  0.0, Max: 0, Diff: 0, Sum: 0, Workers: 4
[2569.915s][debug][gc,phases      ] GC(80)     Total                          Min: 0, Avg:  0.0, Max: 0, Diff: 0, Sum: 0, Workers: 4
[2569.915s][debug][gc,phases      ] GC(80)   Weak JFR Old Object Samples    Min:  0.0, Avg:  0.0, Max:  0.0, Diff:  0.0, Sum:  0.0, Workers: 4
[2569.915s][debug][gc,phases      ] GC(80)     Dead                           Min: 0, Avg:  0.0, Max: 0, Diff: 0, Sum: 0, Workers: 4
[2569.915s][debug][gc,phases      ] GC(80)     Total                          Min: 0, Avg:  0.0, Max: 0, Diff: 0, Sum: 0, Workers: 4
[2569.915s][debug][gc,phases      ] GC(80) Weak Processing 0.292ms
[2569.915s][debug][gc,age         ] GC(80) Desired survivor size 138936320 bytes, new threshold 15 (max threshold 15)
[2569.915s][info ][gc,heap        ] GC(80) PSYoungGen: 1832528K(1959936K)->5120K(1833472K) Eden: 1827840K(1827840K)->0K(1827840K) From: 4688K(132096K)->5120K(5632K)
[2569.915s][info ][gc,heap        ] GC(80) ParOldGen: 444847K(549888K)->444847K(549888K)
[2569.915s][info ][gc,metaspace   ] GC(80) Metaspace: 79623K(80576K)->79623K(80576K) NonClass: 68423K(68928K)->68423K(68928K) Class: 11200K(11648K)->11200K(11648K)
[2569.915s][info ][gc             ] GC(80) Pause Young (Allocation Failure) 2223M->439M(2327M) 3.341ms
[2569.915s][info ][gc,cpu         ] GC(80) User=0.01s Sys=0.00s Real=0.00s
[2569.915s][info ][safepoint      ] Safepoint "ParallelGCFailedAllocation", Time since last: 39543841333 ns, Reaching safepoint: 41100 ns, At safepoint: 3410292 ns, Total: 3451392 ns
[2586.916s][info ][safepoint      ] Safepoint "Cleanup", Time since last: 17001157148 ns, Reaching safepoint: 101900 ns, At safepoint: 6300 ns, Total: 108200 ns
[2587.917s][info ][safepoint      ] Safepoint "Cleanup", Time since last: 1000111903 ns, Reaching safepoint: 117899 ns, At safepoint: 6100 ns, Total: 123999 ns
[2590.917s][info ][safepoint      ] Safepoint "Cleanup", Time since last: 3000254200 ns, Reaching safepoint: 118500 ns, At safepoint: 24900 ns, Total: 143400 ns
[2593.917s][info ][safepoint      ] Safepoint "Cleanup", Time since last: 3000222088 ns, Reaching safepoint: 101999 ns, At safepoint: 8900 ns, Total: 110899 ns
[2609.612s][info ][gc,start       ] GC(81) Pause Young (Allocation Failure)
[2609.616s][debug][gc,phases      ] GC(81) Scavenge 3.837ms
[2609.616s][debug][gc,ref         ] GC(81) Skipped phase 1 of Reference Processing: no references
[2609.616s][debug][gc,ref         ] GC(81) ReferenceProcessor::execute queues: 1, RefProcThreadModel::Single, marks_oops_alive: false
[2609.616s][debug][gc,ref         ] GC(81) Skipped phase 3 of Reference Processing: no references
[2609.616s][debug][gc,ref         ] GC(81) ReferenceProcessor::execute queues: 1, RefProcThreadModel::Single, marks_oops_alive: false
[2609.616s][debug][gc,phases      ] GC(81) Reference Processing 0.086ms
[2609.616s][debug][gc,phases      ] GC(81)   VM Weak                        Min:  0.0, Avg:  0.0, Max:  0.0, Diff:  0.0, Sum:  0.0, Workers: 4
[2609.616s][debug][gc,phases      ] GC(81)     Dead                           Min: 0, Avg:  0.0, Max: 0, Diff: 0, Sum: 0, Workers: 4
[2609.616s][debug][gc,phases      ] GC(81)     Total                          Min: 0, Avg: 191.5, Max: 446, Diff: 446, Sum: 766, Workers: 4
[2609.616s][debug][gc,phases      ] GC(81)   ObjectSynchronizer Weak        Min:  0.0, Avg:  0.0, Max:  0.0, Diff:  0.0, Sum:  0.0, Workers: 4
[2609.616s][debug][gc,phases      ] GC(81)     Dead                           Min: 0, Avg:  0.0, Max: 0, Diff: 0, Sum: 0, Workers: 4
[2609.616s][debug][gc,phases      ] GC(81)     Total                          Min: 0, Avg:  9.5, Max: 38, Diff: 38, Sum: 38, Workers: 4
[2609.616s][debug][gc,phases      ] GC(81)   JVMTI Tag Weak OopStorage      Min:  0.0, Avg:  0.0, Max:  0.0, Diff:  0.0, Sum:  0.0, Workers: 4
[2609.616s][debug][gc,phases      ] GC(81)     Dead                           Min: 0, Avg:  0.0, Max: 0, Diff: 0, Sum: 0, Workers: 4
[2609.616s][debug][gc,phases      ] GC(81)     Total                          Min: 0, Avg:  0.0, Max: 0, Diff: 0, Sum: 0, Workers: 4
[2609.616s][debug][gc,phases      ] GC(81)   StringTable Weak               Min:  0.0, Avg:  0.1, Max:  0.1, Diff:  0.1, Sum:  0.3, Workers: 4
[2609.616s][debug][gc,phases      ] GC(81)     Dead                           Min: 0, Avg:  0.0, Max: 0, Diff: 0, Sum: 0, Workers: 4
[2609.616s][debug][gc,phases      ] GC(81)     Total                          Min: 0, Avg: 10687.8, Max: 18624, Diff: 18624, Sum: 42751, Workers: 4
[2609.616s][debug][gc,phases      ] GC(81)   ResolvedMethodTable Weak       Min:  0.0, Avg:  0.0, Max:  0.0, Diff:  0.0, Sum:  0.1, Workers: 4
[2609.616s][debug][gc,phases      ] GC(81)     Dead                           Min: 0, Avg:  0.0, Max: 0, Diff: 0, Sum: 0, Workers: 4
[2609.616s][debug][gc,phases      ] GC(81)     Total                          Min: 0, Avg: 2160.0, Max: 3968, Diff: 3968, Sum: 8640, Workers: 4
[2609.616s][debug][gc,phases      ] GC(81)   JNI Weak                       Min:  0.0, Avg:  0.0, Max:  0.0, Diff:  0.0, Sum:  0.0, Workers: 4
[2609.616s][debug][gc,phases      ] GC(81)     Dead                           Min: 0, Avg:  0.0, Max: 0, Diff: 0, Sum: 0, Workers: 4
[2609.616s][debug][gc,phases      ] GC(81)     Total                          Min: 0, Avg: 11.2, Max: 45, Diff: 45, Sum: 45, Workers: 4
[2609.616s][debug][gc,phases      ] GC(81)   StringDedup Table Weak         Min:  0.0, Avg:  0.0, Max:  0.0, Diff:  0.0, Sum:  0.0, Workers: 4
[2609.616s][debug][gc,phases      ] GC(81)     Dead                           Min: 0, Avg:  0.0, Max: 0, Diff: 0, Sum: 0, Workers: 4
[2609.616s][debug][gc,phases      ] GC(81)     Total                          Min: 0, Avg:  0.0, Max: 0, Diff: 0, Sum: 0, Workers: 4
[2609.616s][debug][gc,phases      ] GC(81)   StringDedup Requests0 Weak     Min:  0.0, Avg:  0.0, Max:  0.0, Diff:  0.0, Sum:  0.0, Workers: 4
[2609.616s][debug][gc,phases      ] GC(81)     Dead                           Min: 0, Avg:  0.0, Max: 0, Diff: 0, Sum: 0, Workers: 4
[2609.616s][debug][gc,phases      ] GC(81)     Total                          Min: 0, Avg:  0.0, Max: 0, Diff: 0, Sum: 0, Workers: 4
[2609.616s][debug][gc,phases      ] GC(81)   StringDedup Requests1 Weak     Min:  0.0, Avg:  0.0, Max:  0.0, Diff:  0.0, Sum:  0.0, Workers: 4
[2609.616s][debug][gc,phases      ] GC(81)     Dead                           Min: 0, Avg:  0.0, Max: 0, Diff: 0, Sum: 0, Workers: 4
[2609.616s][debug][gc,phases      ] GC(81)     Total                          Min: 0, Avg:  0.0, Max: 0, Diff: 0, Sum: 0, Workers: 4
[2609.616s][debug][gc,phases      ] GC(81)   Weak JFR Old Object Samples    Min:  0.0, Avg:  0.0, Max:  0.0, Diff:  0.0, Sum:  0.0, Workers: 4
[2609.616s][debug][gc,phases      ] GC(81)     Dead                           Min: 0, Avg:  0.0, Max: 0, Diff: 0, Sum: 0, Workers: 4
[2609.616s][debug][gc,phases      ] GC(81)     Total                          Min: 0, Avg:  0.0, Max: 0, Diff: 0, Sum: 0, Workers: 4
[2609.616s][debug][gc,phases      ] GC(81) Weak Processing 0.307ms
[2609.616s][debug][gc,age         ] GC(81) Desired survivor size 138412032 bytes, new threshold 15 (max threshold 15)
[2609.616s][info ][gc,heap        ] GC(81) PSYoungGen: 1832960K(1833472K)->5392K(1961984K) Eden: 1827840K(1827840K)->0K(1826304K) From: 5120K(5632K)->5392K(135680K)
[2609.616s][info ][gc,heap        ] GC(81) ParOldGen: 444847K(549888K)->444847K(549888K)
[2609.616s][info ][gc,metaspace   ] GC(81) Metaspace: 79627K(80576K)->79627K(80576K) NonClass: 68427K(68928K)->68427K(68928K) Class: 11200K(11648K)->11200K(11648K)
[2609.616s][info ][gc             ] GC(81) Pause Young (Allocation Failure) 2224M->439M(2453M) 4.326ms
[2609.616s][info ][gc,cpu         ] GC(81) User=0.01s Sys=0.00s Real=0.00s
[2609.616s][info ][safepoint      ] Safepoint "ParallelGCFailedAllocation", Time since last: 15694509283 ns, Reaching safepoint: 66000 ns, At safepoint: 4391889 ns, Total: 4457889 ns
[2614.617s][info ][safepoint      ] Safepoint "Cleanup", Time since last: 5000332854 ns, Reaching safepoint: 112700 ns, At safepoint: 9600 ns, Total: 122300 ns
[2615.617s][info ][safepoint      ] Safepoint "Cleanup", Time since last: 1000100566 ns, Reaching safepoint: 112500 ns, At safepoint: 8800 ns, Total: 121300 ns
[2624.618s][info ][safepoint      ] Safepoint "Cleanup", Time since last: 9000638946 ns, Reaching safepoint: 25700 ns, At safepoint: 2500 ns, Total: 28200 ns
[2628.618s][info ][safepoint      ] Safepoint "Cleanup", Time since last: 4000285911 ns, Reaching safepoint: 84700 ns, At safepoint: 12000 ns, Total: 96700 ns
[2634.828s][info ][safepoint      ] Safepoint "Cleanup", Time since last: 6210121064 ns, Reaching safepoint: 45400 ns, At safepoint: 3500 ns, Total: 48900 ns
[2635.828s][info ][safepoint      ] Safepoint "Cleanup", Time since last: 1000094142 ns, Reaching safepoint: 28200 ns, At safepoint: 2300 ns, Total: 30500 ns
[2648.011s][info ][gc,start       ] GC(82) Pause Young (Allocation Failure)
[2648.014s][debug][gc,phases      ] GC(82) Scavenge 3.018ms
[2648.014s][debug][gc,ref         ] GC(82) Skipped phase 1 of Reference Processing: no references
[2648.014s][debug][gc,ref         ] GC(82) ReferenceProcessor::execute queues: 1, RefProcThreadModel::Single, marks_oops_alive: false
[2648.015s][debug][gc,ref         ] GC(82) Skipped phase 3 of Reference Processing: no references
[2648.015s][debug][gc,ref         ] GC(82) ReferenceProcessor::execute queues: 1, RefProcThreadModel::Single, marks_oops_alive: false
[2648.015s][debug][gc,phases      ] GC(82) Reference Processing 0.141ms
[2648.015s][debug][gc,phases      ] GC(82)   VM Weak                        Min:  0.0, Avg:  0.0, Max:  0.0, Diff:  0.0, Sum:  0.0, Workers: 4
[2648.015s][debug][gc,phases      ] GC(82)     Dead                           Min: 0, Avg:  0.0, Max: 0, Diff: 0, Sum: 0, Workers: 4
[2648.015s][debug][gc,phases      ] GC(82)     Total                          Min: 0, Avg: 191.5, Max: 574, Diff: 574, Sum: 766, Workers: 4
[2648.015s][debug][gc,phases      ] GC(82)   ObjectSynchronizer Weak        Min:  0.0, Avg:  0.0, Max:  0.0, Diff:  0.0, Sum:  0.0, Workers: 4
[2648.015s][debug][gc,phases      ] GC(82)     Dead                           Min: 0, Avg:  0.0, Max: 0, Diff: 0, Sum: 0, Workers: 4
[2648.015s][debug][gc,phases      ] GC(82)     Total                          Min: 0, Avg:  9.5, Max: 38, Diff: 38, Sum: 38, Workers: 4
[2648.015s][debug][gc,phases      ] GC(82)   JVMTI Tag Weak OopStorage      Min:  0.0, Avg:  0.0, Max:  0.0, Diff:  0.0, Sum:  0.0, Workers: 4
[2648.015s][debug][gc,phases      ] GC(82)     Dead                           Min: 0, Avg:  0.0, Max: 0, Diff: 0, Sum: 0, Workers: 4
[2648.015s][debug][gc,phases      ] GC(82)     Total                          Min: 0, Avg:  0.0, Max: 0, Diff: 0, Sum: 0, Workers: 4
[2648.015s][debug][gc,phases      ] GC(82)   StringTable Weak               Min:  0.0, Avg:  0.1, Max:  0.1, Diff:  0.1, Sum:  0.4, Workers: 4
[2648.015s][debug][gc,phases      ] GC(82)     Dead                           Min: 0, Avg:  0.0, Max: 0, Diff: 0, Sum: 0, Workers: 4
[2648.015s][debug][gc,phases      ] GC(82)     Total                          Min: 3391, Avg: 10687.8, Max: 13568, Diff: 10177, Sum: 42751, Workers: 4
[2648.015s][debug][gc,phases      ] GC(82)   ResolvedMethodTable Weak       Min:  0.0, Avg:  0.0, Max:  0.0, Diff:  0.0, Sum:  0.1, Workers: 4
[2648.015s][debug][gc,phases      ] GC(82)     Dead                           Min: 0, Avg:  0.0, Max: 0, Diff: 0, Sum: 0, Workers: 4
[2648.015s][debug][gc,phases      ] GC(82)     Total                          Min: 2112, Avg: 2160.0, Max: 2240, Diff: 128, Sum: 8640, Workers: 4
[2648.015s][debug][gc,phases      ] GC(82)   JNI Weak                       Min:  0.0, Avg:  0.0, Max:  0.0, Diff:  0.0, Sum:  0.0, Workers: 4
[2648.015s][debug][gc,phases      ] GC(82)     Dead                           Min: 0, Avg:  0.0, Max: 0, Diff: 0, Sum: 0, Workers: 4
[2648.015s][debug][gc,phases      ] GC(82)     Total                          Min: 0, Avg: 11.2, Max: 45, Diff: 45, Sum: 45, Workers: 4
[2648.015s][debug][gc,phases      ] GC(82)   StringDedup Table Weak         Min:  0.0, Avg:  0.0, Max:  0.0, Diff:  0.0, Sum:  0.0, Workers: 4
[2648.015s][debug][gc,phases      ] GC(82)     Dead                           Min: 0, Avg:  0.0, Max: 0, Diff: 0, Sum: 0, Workers: 4
[2648.015s][debug][gc,phases      ] GC(82)     Total                          Min: 0, Avg:  0.0, Max: 0, Diff: 0, Sum: 0, Workers: 4
[2648.015s][debug][gc,phases      ] GC(82)   StringDedup Requests0 Weak     Min:  0.0, Avg:  0.0, Max:  0.0, Diff:  0.0, Sum:  0.0, Workers: 4
[2648.015s][debug][gc,phases      ] GC(82)     Dead                           Min: 0, Avg:  0.0, Max: 0, Diff: 0, Sum: 0, Workers: 4
[2648.015s][debug][gc,phases      ] GC(82)     Total                          Min: 0, Avg:  0.0, Max: 0, Diff: 0, Sum: 0, Workers: 4
[2648.015s][debug][gc,phases      ] GC(82)   StringDedup Requests1 Weak     Min:  0.0, Avg:  0.0, Max:  0.0, Diff:  0.0, Sum:  0.0, Workers: 4
[2648.015s][debug][gc,phases      ] GC(82)     Dead                           Min: 0, Avg:  0.0, Max: 0, Diff: 0, Sum: 0, Workers: 4
[2648.015s][debug][gc,phases      ] GC(82)     Total                          Min: 0, Avg:  0.0, Max: 0, Diff: 0, Sum: 0, Workers: 4
[2648.015s][debug][gc,phases      ] GC(82)   Weak JFR Old Object Samples    Min:  0.0, Avg:  0.0, Max:  0.0, Diff:  0.0, Sum:  0.0, Workers: 4
[2648.015s][debug][gc,phases      ] GC(82)     Dead                           Min: 0, Avg:  0.0, Max: 0, Diff: 0, Sum: 0, Workers: 4
[2648.015s][debug][gc,phases      ] GC(82)     Total                          Min: 0, Avg:  0.0, Max: 0, Diff: 0, Sum: 0, Workers: 4
[2648.015s][debug][gc,phases      ] GC(82) Weak Processing 0.306ms
[2648.015s][debug][gc,age         ] GC(82) Desired survivor size 136314880 bytes, new threshold 15 (max threshold 15)
[2648.015s][info ][gc,heap        ] GC(82) PSYoungGen: 1831696K(1961984K)->5536K(1961472K) Eden: 1826304K(1826304K)->0K(1826304K) From: 5392K(135680K)->5536K(135168K)
[2648.015s][info ][gc,heap        ] GC(82) ParOldGen: 444847K(549888K)->444847K(549888K)
[2648.015s][info ][gc,metaspace   ] GC(82) Metaspace: 79629K(80576K)->79629K(80576K) NonClass: 68429K(68928K)->68429K(68928K) Class: 11200K(11648K)->11200K(11648K)
[2648.015s][info ][gc             ] GC(82) Pause Young (Allocation Failure) 2223M->439M(2452M) 3.561ms
[2648.015s][info ][gc,cpu         ] GC(82) User=0.02s Sys=0.00s Real=0.00s
[2648.015s][info ][safepoint      ] Safepoint "ParallelGCFailedAllocation", Time since last: 12182899961 ns, Reaching safepoint: 99500 ns, At safepoint: 3635991 ns, Total: 3735491 ns
[2683.017s][info ][safepoint      ] Safepoint "Cleanup", Time since last: 35002329241 ns, Reaching safepoint: 124400 ns, At safepoint: 27400 ns, Total: 151800 ns
[2684.018s][info ][safepoint      ] Safepoint "Cleanup", Time since last: 1000108687 ns, Reaching safepoint: 97399 ns, At safepoint: 4200 ns, Total: 101599 ns
[2685.911s][info ][gc,start       ] GC(83) Pause Young (Allocation Failure)
[2685.916s][debug][gc,phases      ] GC(83) Scavenge 4.431ms
[2685.916s][debug][gc,ref         ] GC(83) Skipped phase 1 of Reference Processing: no references
[2685.916s][debug][gc,ref         ] GC(83) ReferenceProcessor::execute queues: 1, RefProcThreadModel::Single, marks_oops_alive: false
[2685.916s][debug][gc,ref         ] GC(83) Skipped phase 3 of Reference Processing: no references
[2685.916s][debug][gc,ref         ] GC(83) ReferenceProcessor::execute queues: 1, RefProcThreadModel::Single, marks_oops_alive: false
[2685.916s][debug][gc,phases      ] GC(83) Reference Processing 0.107ms
[2685.916s][debug][gc,phases      ] GC(83)   VM Weak                        Min:  0.0, Avg:  0.0, Max:  0.0, Diff:  0.0, Sum:  0.0, Workers: 4
[2685.916s][debug][gc,phases      ] GC(83)     Dead                           Min: 0, Avg:  0.0, Max: 0, Diff: 0, Sum: 0, Workers: 4
[2685.916s][debug][gc,phases      ] GC(83)     Total                          Min: 0, Avg: 191.5, Max: 766, Diff: 766, Sum: 766, Workers: 4
[2685.916s][debug][gc,phases      ] GC(83)   ObjectSynchronizer Weak        Min:  0.0, Avg:  0.0, Max:  0.0, Diff:  0.0, Sum:  0.0, Workers: 4
[2685.916s][debug][gc,phases      ] GC(83)     Dead                           Min: 0, Avg:  0.0, Max: 0, Diff: 0, Sum: 0, Workers: 4
[2685.916s][debug][gc,phases      ] GC(83)     Total                          Min: 0, Avg:  9.5, Max: 38, Diff: 38, Sum: 38, Workers: 4
[2685.916s][debug][gc,phases      ] GC(83)   JVMTI Tag Weak OopStorage      Min:  0.0, Avg:  0.0, Max:  0.0, Diff:  0.0, Sum:  0.0, Workers: 4
[2685.916s][debug][gc,phases      ] GC(83)     Dead                           Min: 0, Avg:  0.0, Max: 0, Diff: 0, Sum: 0, Workers: 4
[2685.916s][debug][gc,phases      ] GC(83)     Total                          Min: 0, Avg:  0.0, Max: 0, Diff: 0, Sum: 0, Workers: 4
[2685.916s][debug][gc,phases      ] GC(83)   StringTable Weak               Min:  0.0, Avg:  0.1, Max:  0.1, Diff:  0.1, Sum:  0.3, Workers: 4
[2685.916s][debug][gc,phases      ] GC(83)     Dead                           Min: 0, Avg:  0.0, Max: 0, Diff: 0, Sum: 0, Workers: 4
[2685.916s][debug][gc,phases      ] GC(83)     Total                          Min: 0, Avg: 10687.8, Max: 16831, Diff: 16831, Sum: 42751, Workers: 4
[2685.916s][debug][gc,phases      ] GC(83)   ResolvedMethodTable Weak       Min:  0.0, Avg:  0.0, Max:  0.0, Diff:  0.0, Sum:  0.1, Workers: 4
[2685.916s][debug][gc,phases      ] GC(83)     Dead                           Min: 0, Avg:  0.0, Max: 0, Diff: 0, Sum: 0, Workers: 4
[2685.916s][debug][gc,phases      ] GC(83)     Total                          Min: 0, Avg: 2160.0, Max: 3840, Diff: 3840, Sum: 8640, Workers: 4
[2685.916s][debug][gc,phases      ] GC(83)   JNI Weak                       Min:  0.0, Avg:  0.0, Max:  0.0, Diff:  0.0, Sum:  0.0, Workers: 4
[2685.916s][debug][gc,phases      ] GC(83)     Dead                           Min: 0, Avg:  0.0, Max: 0, Diff: 0, Sum: 0, Workers: 4
[2685.916s][debug][gc,phases      ] GC(83)     Total                          Min: 0, Avg: 11.2, Max: 45, Diff: 45, Sum: 45, Workers: 4
[2685.916s][debug][gc,phases      ] GC(83)   StringDedup Table Weak         Min:  0.0, Avg:  0.0, Max:  0.0, Diff:  0.0, Sum:  0.0, Workers: 4
[2685.916s][debug][gc,phases      ] GC(83)     Dead                           Min: 0, Avg:  0.0, Max: 0, Diff: 0, Sum: 0, Workers: 4
[2685.916s][debug][gc,phases      ] GC(83)     Total                          Min: 0, Avg:  0.0, Max: 0, Diff: 0, Sum: 0, Workers: 4
[2685.916s][debug][gc,phases      ] GC(83)   StringDedup Requests0 Weak     Min:  0.0, Avg:  0.0, Max:  0.0, Diff:  0.0, Sum:  0.0, Workers: 4
[2685.916s][debug][gc,phases      ] GC(83)     Dead                           Min: 0, Avg:  0.0, Max: 0, Diff: 0, Sum: 0, Workers: 4
[2685.916s][debug][gc,phases      ] GC(83)     Total                          Min: 0, Avg:  0.0, Max: 0, Diff: 0, Sum: 0, Workers: 4
[2685.916s][debug][gc,phases      ] GC(83)   StringDedup Requests1 Weak     Min:  0.0, Avg:  0.0, Max:  0.0, Diff:  0.0, Sum:  0.0, Workers: 4
[2685.916s][debug][gc,phases      ] GC(83)     Dead                           Min: 0, Avg:  0.0, Max: 0, Diff: 0, Sum: 0, Workers: 4
[2685.916s][debug][gc,phases      ] GC(83)     Total                          Min: 0, Avg:  0.0, Max: 0, Diff: 0, Sum: 0, Workers: 4
[2685.916s][debug][gc,phases      ] GC(83)   Weak JFR Old Object Samples    Min:  0.0, Avg:  0.0, Max:  0.0, Diff:  0.0, Sum:  0.0, Workers: 4
[2685.916s][debug][gc,phases      ] GC(83)     Dead                           Min: 0, Avg:  0.0, Max: 0, Diff: 0, Sum: 0, Workers: 4
[2685.916s][debug][gc,phases      ] GC(83)     Total                          Min: 0, Avg:  0.0, Max: 0, Diff: 0, Sum: 0, Workers: 4
[2685.916s][debug][gc,phases      ] GC(83) Weak Processing 0.318ms
[2685.916s][debug][gc,age         ] GC(83) Desired survivor size 133169152 bytes, new threshold 15 (max threshold 15)
[2685.916s][info ][gc,heap        ] GC(83) PSYoungGen: 1831840K(1961472K)->5872K(1967104K) Eden: 1826304K(1826304K)->0K(1833984K) From: 5536K(135168K)->5872K(133120K)
[2685.916s][info ][gc,heap        ] GC(83) ParOldGen: 444847K(549888K)->444847K(549888K)
[2685.916s][info ][gc,metaspace   ] GC(83) Metaspace: 79630K(80576K)->79630K(80576K) NonClass: 68429K(68928K)->68429K(68928K) Class: 11200K(11648K)->11200K(11648K)
[2685.916s][info ][gc             ] GC(83) Pause Young (Allocation Failure) 2223M->440M(2458M) 4.945ms
[2685.916s][info ][gc,cpu         ] GC(83) User=0.01s Sys=0.00s Real=0.00s
[2685.916s][info ][safepoint      ] Safepoint "ParallelGCFailedAllocation", Time since last: 1893570539 ns, Reaching safepoint: 93799 ns, At safepoint: 5011088 ns, Total: 5104887 ns
[2687.917s][info ][safepoint      ] Safepoint "Cleanup", Time since last: 2000143066 ns, Reaching safepoint: 114099 ns, At safepoint: 5200 ns, Total: 119299 ns
[2693.917s][info ][safepoint      ] Safepoint "Cleanup", Time since last: 6000420172 ns, Reaching safepoint: 98500 ns, At safepoint: 3900 ns, Total: 102400 ns
[2703.918s][info ][safepoint      ] Safepoint "Cleanup", Time since last: 10000709201 ns, Reaching safepoint: 105199 ns, At safepoint: 7100 ns, Total: 112299 ns
[2711.919s][info ][safepoint      ] Safepoint "Cleanup", Time since last: 8000544885 ns, Reaching safepoint: 123300 ns, At safepoint: 4900 ns, Total: 128200 ns
[2713.919s][info ][safepoint      ] Safepoint "Cleanup", Time since last: 2000168010 ns, Reaching safepoint: 36600 ns, At safepoint: 19900 ns, Total: 56500 ns
[2720.919s][info ][safepoint      ] Safepoint "Cleanup", Time since last: 7000452555 ns, Reaching safepoint: 102800 ns, At safepoint: 6500 ns, Total: 109300 ns
[2721.919s][info ][safepoint      ] Safepoint "Cleanup", Time since last: 1000100147 ns, Reaching safepoint: 37500 ns, At safepoint: 2700 ns, Total: 40200 ns
[2724.361s][info ][gc,start       ] GC(84) Pause Young (Allocation Failure)
[2724.365s][debug][gc,phases      ] GC(84) Scavenge 4.426ms
[2724.365s][debug][gc,ref         ] GC(84) Skipped phase 1 of Reference Processing: no references
[2724.366s][debug][gc,ref         ] GC(84) ReferenceProcessor::execute queues: 1, RefProcThreadModel::Single, marks_oops_alive: false
[2724.366s][debug][gc,ref         ] GC(84) Skipped phase 3 of Reference Processing: no references
[2724.366s][debug][gc,ref         ] GC(84) ReferenceProcessor::execute queues: 1, RefProcThreadModel::Single, marks_oops_alive: false
[2724.366s][debug][gc,phases      ] GC(84) Reference Processing 0.115ms
[2724.366s][debug][gc,phases      ] GC(84)   VM Weak                        Min:  0.0, Avg:  0.0, Max:  0.0, Diff:  0.0, Sum:  0.0, Workers: 4
[2724.366s][debug][gc,phases      ] GC(84)     Dead                           Min: 0, Avg:  0.0, Max: 0, Diff: 0, Sum: 0, Workers: 4
[2724.366s][debug][gc,phases      ] GC(84)     Total                          Min: 0, Avg: 191.5, Max: 766, Diff: 766, Sum: 766, Workers: 4
[2724.366s][debug][gc,phases      ] GC(84)   ObjectSynchronizer Weak        Min:  0.0, Avg:  0.0, Max:  0.0, Diff:  0.0, Sum:  0.0, Workers: 4
[2724.366s][debug][gc,phases      ] GC(84)     Dead                           Min: 0, Avg:  0.0, Max: 0, Diff: 0, Sum: 0, Workers: 4
[2724.366s][debug][gc,phases      ] GC(84)     Total                          Min: 0, Avg:  9.5, Max: 38, Diff: 38, Sum: 38, Workers: 4
[2724.366s][debug][gc,phases      ] GC(84)   JVMTI Tag Weak OopStorage      Min:  0.0, Avg:  0.0, Max:  0.0, Diff:  0.0, Sum:  0.0, Workers: 4
[2724.366s][debug][gc,phases      ] GC(84)     Dead                           Min: 0, Avg:  0.0, Max: 0, Diff: 0, Sum: 0, Workers: 4
[2724.366s][debug][gc,phases      ] GC(84)     Total                          Min: 0, Avg:  0.0, Max: 0, Diff: 0, Sum: 0, Workers: 4
[2724.366s][debug][gc,phases      ] GC(84)   StringTable Weak               Min:  0.1, Avg:  0.1, Max:  0.1, Diff:  0.0, Sum:  0.4, Workers: 4
[2724.366s][debug][gc,phases      ] GC(84)     Dead                           Min: 0, Avg:  0.0, Max: 0, Diff: 0, Sum: 0, Workers: 4
[2724.366s][debug][gc,phases      ] GC(84)     Total                          Min: 8768, Avg: 10688.0, Max: 11456, Diff: 2688, Sum: 42752, Workers: 4
[2724.366s][debug][gc,phases      ] GC(84)   ResolvedMethodTable Weak       Min:  0.0, Avg:  0.0, Max:  0.0, Diff:  0.0, Sum:  0.1, Workers: 4
[2724.366s][debug][gc,phases      ] GC(84)     Dead                           Min: 0, Avg:  0.0, Max: 0, Diff: 0, Sum: 0, Workers: 4
[2724.366s][debug][gc,phases      ] GC(84)     Total                          Min: 2112, Avg: 2160.0, Max: 2176, Diff: 64, Sum: 8640, Workers: 4
[2724.366s][debug][gc,phases      ] GC(84)   JNI Weak                       Min:  0.0, Avg:  0.0, Max:  0.0, Diff:  0.0, Sum:  0.0, Workers: 4
[2724.366s][debug][gc,phases      ] GC(84)     Dead                           Min: 0, Avg:  0.0, Max: 0, Diff: 0, Sum: 0, Workers: 4
[2724.366s][debug][gc,phases      ] GC(84)     Total                          Min: 0, Avg: 11.2, Max: 45, Diff: 45, Sum: 45, Workers: 4
[2724.366s][debug][gc,phases      ] GC(84)   StringDedup Table Weak         Min:  0.0, Avg:  0.0, Max:  0.0, Diff:  0.0, Sum:  0.0, Workers: 4
[2724.366s][debug][gc,phases      ] GC(84)     Dead                           Min: 0, Avg:  0.0, Max: 0, Diff: 0, Sum: 0, Workers: 4
[2724.366s][debug][gc,phases      ] GC(84)     Total                          Min: 0, Avg:  0.0, Max: 0, Diff: 0, Sum: 0, Workers: 4
[2724.366s][debug][gc,phases      ] GC(84)   StringDedup Requests0 Weak     Min:  0.0, Avg:  0.0, Max:  0.0, Diff:  0.0, Sum:  0.0, Workers: 4
[2724.366s][debug][gc,phases      ] GC(84)     Dead                           Min: 0, Avg:  0.0, Max: 0, Diff: 0, Sum: 0, Workers: 4
[2724.366s][debug][gc,phases      ] GC(84)     Total                          Min: 0, Avg:  0.0, Max: 0, Diff: 0, Sum: 0, Workers: 4
[2724.366s][debug][gc,phases      ] GC(84)   StringDedup Requests1 Weak     Min:  0.0, Avg:  0.0, Max:  0.0, Diff:  0.0, Sum:  0.0, Workers: 4
[2724.366s][debug][gc,phases      ] GC(84)     Dead                           Min: 0, Avg:  0.0, Max: 0, Diff: 0, Sum: 0, Workers: 4
[2724.366s][debug][gc,phases      ] GC(84)     Total                          Min: 0, Avg:  0.0, Max: 0, Diff: 0, Sum: 0, Workers: 4
[2724.366s][debug][gc,phases      ] GC(84)   Weak JFR Old Object Samples    Min:  0.0, Avg:  0.0, Max:  0.0, Diff:  0.0, Sum:  0.0, Workers: 4
[2724.366s][debug][gc,phases      ] GC(84)     Dead                           Min: 0, Avg:  0.0, Max: 0, Diff: 0, Sum: 0, Workers: 4
[2724.366s][debug][gc,phases      ] GC(84)     Total                          Min: 0, Avg:  0.0, Max: 0, Diff: 0, Sum: 0, Workers: 4
[2724.366s][debug][gc,phases      ] GC(84) Weak Processing 0.291ms
[2724.366s][debug][gc,age         ] GC(84) Desired survivor size 129499136 bytes, new threshold 15 (max threshold 15)
[2724.366s][info ][gc,heap        ] GC(84) PSYoungGen: 1839856K(1967104K)->6480K(1964032K) Eden: 1833984K(1833984K)->0K(1833984K) From: 5872K(133120K)->6480K(130048K)
[2724.366s][info ][gc,heap        ] GC(84) ParOldGen: 444847K(549888K)->444855K(549888K)
[2724.366s][info ][gc,metaspace   ] GC(84) Metaspace: 79657K(80640K)->79657K(80640K) NonClass: 68457K(68992K)->68457K(68992K) Class: 11200K(11648K)->11200K(11648K)
[2724.366s][info ][gc             ] GC(84) Pause Young (Allocation Failure) 2231M->440M(2455M) 4.928ms
[2724.366s][info ][gc,cpu         ] GC(84) User=0.02s Sys=0.00s Real=0.00s
[2724.366s][info ][safepoint      ] Safepoint "ParallelGCFailedAllocation", Time since last: 2441393662 ns, Reaching safepoint: 95300 ns, At safepoint: 5009387 ns, Total: 5104687 ns
[2727.366s][info ][safepoint      ] Safepoint "Cleanup", Time since last: 3000216427 ns, Reaching safepoint: 105799 ns, At safepoint: 5300 ns, Total: 111099 ns
[2729.367s][info ][safepoint      ] Safepoint "Cleanup", Time since last: 2000176879 ns, Reaching safepoint: 66400 ns, At safepoint: 6300 ns, Total: 72700 ns
[2730.367s][info ][safepoint      ] Safepoint "Cleanup", Time since last: 1000100138 ns, Reaching safepoint: 109800 ns, At safepoint: 7300 ns, Total: 117100 ns
[2740.368s][info ][safepoint      ] Safepoint "Cleanup", Time since last: 10000652627 ns, Reaching safepoint: 115499 ns, At safepoint: 10900 ns, Total: 126399 ns
[2754.368s][info ][safepoint      ] Safepoint "Cleanup", Time since last: 14000844593 ns, Reaching safepoint: 37300 ns, At safepoint: 3200 ns, Total: 40500 ns
[2759.661s][info ][gc,start       ] GC(85) Pause Young (Allocation Failure)
[2759.665s][debug][gc,phases      ] GC(85) Scavenge 3.990ms
[2759.665s][debug][gc,ref         ] GC(85) Skipped phase 1 of Reference Processing: no references
[2759.665s][debug][gc,ref         ] GC(85) ReferenceProcessor::execute queues: 1, RefProcThreadModel::Single, marks_oops_alive: false
[2759.666s][debug][gc,ref         ] GC(85) Skipped phase 3 of Reference Processing: no references
[2759.666s][debug][gc,ref         ] GC(85) ReferenceProcessor::execute queues: 1, RefProcThreadModel::Single, marks_oops_alive: false
[2759.666s][debug][gc,phases      ] GC(85) Reference Processing 0.122ms
[2759.666s][debug][gc,phases      ] GC(85)   VM Weak                        Min:  0.0, Avg:  0.0, Max:  0.0, Diff:  0.0, Sum:  0.0, Workers: 4
[2759.666s][debug][gc,phases      ] GC(85)     Dead                           Min: 0, Avg:  0.0, Max: 0, Diff: 0, Sum: 0, Workers: 4
[2759.666s][debug][gc,phases      ] GC(85)     Total                          Min: 0, Avg: 191.5, Max: 448, Diff: 448, Sum: 766, Workers: 4
[2759.666s][debug][gc,phases      ] GC(85)   ObjectSynchronizer Weak        Min:  0.0, Avg:  0.0, Max:  0.0, Diff:  0.0, Sum:  0.0, Workers: 4
[2759.666s][debug][gc,phases      ] GC(85)     Dead                           Min: 0, Avg:  0.5, Max: 2, Diff: 2, Sum: 2, Workers: 4
[2759.666s][debug][gc,phases      ] GC(85)     Total                          Min: 0, Avg: 10.0, Max: 40, Diff: 40, Sum: 40, Workers: 4
[2759.666s][debug][gc,phases      ] GC(85)   JVMTI Tag Weak OopStorage      Min:  0.0, Avg:  0.0, Max:  0.0, Diff:  0.0, Sum:  0.0, Workers: 4
[2759.666s][debug][gc,phases      ] GC(85)     Dead                           Min: 0, Avg:  0.0, Max: 0, Diff: 0, Sum: 0, Workers: 4
[2759.666s][debug][gc,phases      ] GC(85)     Total                          Min: 0, Avg:  0.0, Max: 0, Diff: 0, Sum: 0, Workers: 4
[2759.666s][debug][gc,phases      ] GC(85)   StringTable Weak               Min:  0.0, Avg:  0.1, Max:  0.1, Diff:  0.1, Sum:  0.3, Workers: 4
[2759.666s][debug][gc,phases      ] GC(85)     Dead                           Min: 0, Avg:  0.0, Max: 0, Diff: 0, Sum: 0, Workers: 4
[2759.666s][debug][gc,phases      ] GC(85)     Total                          Min: 0, Avg: 10688.5, Max: 19136, Diff: 19136, Sum: 42754, Workers: 4
[2759.666s][debug][gc,phases      ] GC(85)   ResolvedMethodTable Weak       Min:  0.0, Avg:  0.0, Max:  0.0, Diff:  0.0, Sum:  0.1, Workers: 4
[2759.666s][debug][gc,phases      ] GC(85)     Dead                           Min: 0, Avg:  0.0, Max: 0, Diff: 0, Sum: 0, Workers: 4
[2759.666s][debug][gc,phases      ] GC(85)     Total                          Min: 0, Avg: 2160.0, Max: 3840, Diff: 3840, Sum: 8640, Workers: 4
[2759.666s][debug][gc,phases      ] GC(85)   JNI Weak                       Min:  0.0, Avg:  0.0, Max:  0.0, Diff:  0.0, Sum:  0.0, Workers: 4
[2759.666s][debug][gc,phases      ] GC(85)     Dead                           Min: 0, Avg:  0.0, Max: 0, Diff: 0, Sum: 0, Workers: 4
[2759.666s][debug][gc,phases      ] GC(85)     Total                          Min: 0, Avg: 11.2, Max: 45, Diff: 45, Sum: 45, Workers: 4
[2759.666s][debug][gc,phases      ] GC(85)   StringDedup Table Weak         Min:  0.0, Avg:  0.0, Max:  0.0, Diff:  0.0, Sum:  0.0, Workers: 4
[2759.666s][debug][gc,phases      ] GC(85)     Dead                           Min: 0, Avg:  0.0, Max: 0, Diff: 0, Sum: 0, Workers: 4
[2759.666s][debug][gc,phases      ] GC(85)     Total                          Min: 0, Avg:  0.0, Max: 0, Diff: 0, Sum: 0, Workers: 4
[2759.666s][debug][gc,phases      ] GC(85)   StringDedup Requests0 Weak     Min:  0.0, Avg:  0.0, Max:  0.0, Diff:  0.0, Sum:  0.0, Workers: 4
[2759.666s][debug][gc,phases      ] GC(85)     Dead                           Min: 0, Avg:  0.0, Max: 0, Diff: 0, Sum: 0, Workers: 4
[2759.666s][debug][gc,phases      ] GC(85)     Total                          Min: 0, Avg:  0.0, Max: 0, Diff: 0, Sum: 0, Workers: 4
[2759.666s][debug][gc,phases      ] GC(85)   StringDedup Requests1 Weak     Min:  0.0, Avg:  0.0, Max:  0.0, Diff:  0.0, Sum:  0.0, Workers: 4
[2759.666s][debug][gc,phases      ] GC(85)     Dead                           Min: 0, Avg:  0.0, Max: 0, Diff: 0, Sum: 0, Workers: 4
[2759.666s][debug][gc,phases      ] GC(85)     Total                          Min: 0, Avg:  0.0, Max: 0, Diff: 0, Sum: 0, Workers: 4
[2759.666s][debug][gc,phases      ] GC(85)   Weak JFR Old Object Samples    Min:  0.0, Avg:  0.0, Max:  0.0, Diff:  0.0, Sum:  0.0, Workers: 4
[2759.666s][debug][gc,phases      ] GC(85)     Dead                           Min: 0, Avg:  0.0, Max: 0, Diff: 0, Sum: 0, Workers: 4
[2759.666s][debug][gc,phases      ] GC(85)     Total                          Min: 0, Avg:  0.0, Max: 0, Diff: 0, Sum: 0, Workers: 4
[2759.666s][debug][gc,phases      ] GC(85) Weak Processing 0.304ms
[2759.666s][debug][gc,age         ] GC(85) Desired survivor size 125304832 bytes, new threshold 15 (max threshold 15)
[2759.666s][info ][gc,heap        ] GC(85) PSYoungGen: 1840464K(1964032K)->6992K(1974784K) Eden: 1833984K(1833984K)->0K(1848320K) From: 6480K(130048K)->6992K(126464K)
[2759.666s][info ][gc,heap        ] GC(85) ParOldGen: 444855K(549888K)->444855K(549888K)
[2759.666s][info ][gc,metaspace   ] GC(85) Metaspace: 79666K(80640K)->79666K(80640K) NonClass: 68465K(68992K)->68465K(68992K) Class: 11200K(11648K)->11200K(11648K)
[2759.666s][info ][gc             ] GC(85) Pause Young (Allocation Failure) 2231M->441M(2465M) 4.512ms
[2759.666s][info ][gc,cpu         ] GC(85) User=0.02s Sys=0.00s Real=0.00s
[2759.666s][info ][safepoint      ] Safepoint "ParallelGCFailedAllocation", Time since last: 5292771302 ns, Reaching safepoint: 117599 ns, At safepoint: 4575388 ns, Total: 4692987 ns
[2770.667s][info ][safepoint      ] Safepoint "Cleanup", Time since last: 11000693244 ns, Reaching safepoint: 54400 ns, At safepoint: 2500 ns, Total: 56900 ns
[2775.667s][info ][safepoint      ] Safepoint "Cleanup", Time since last: 5000358083 ns, Reaching safepoint: 112400 ns, At safepoint: 6900 ns, Total: 119300 ns
[2789.668s][info ][safepoint      ] Safepoint "Cleanup", Time since last: 14000878031 ns, Reaching safepoint: 45400 ns, At safepoint: 5200 ns, Total: 50600 ns
[2794.669s][info ][safepoint      ] Safepoint "Cleanup", Time since last: 5000360797 ns, Reaching safepoint: 119499 ns, At safepoint: 7600 ns, Total: 127099 ns
[2796.162s][info ][gc,start       ] GC(86) Pause Young (Allocation Failure)
[2796.166s][debug][gc,phases      ] GC(86) Scavenge 4.114ms
[2796.166s][debug][gc,ref         ] GC(86) Skipped phase 1 of Reference Processing: no references
[2796.166s][debug][gc,ref         ] GC(86) ReferenceProcessor::execute queues: 1, RefProcThreadModel::Single, marks_oops_alive: false
[2796.166s][debug][gc,ref         ] GC(86) Skipped phase 3 of Reference Processing: no references
[2796.166s][debug][gc,ref         ] GC(86) ReferenceProcessor::execute queues: 1, RefProcThreadModel::Single, marks_oops_alive: false
[2796.166s][debug][gc,phases      ] GC(86) Reference Processing 0.088ms
[2796.166s][debug][gc,phases      ] GC(86)   VM Weak                        Min:  0.0, Avg:  0.0, Max:  0.0, Diff:  0.0, Sum:  0.0, Workers: 4
[2796.166s][debug][gc,phases      ] GC(86)     Dead                           Min: 0, Avg:  0.0, Max: 0, Diff: 0, Sum: 0, Workers: 4
[2796.166s][debug][gc,phases      ] GC(86)     Total                          Min: 0, Avg: 191.5, Max: 576, Diff: 576, Sum: 766, Workers: 4
[2796.166s][debug][gc,phases      ] GC(86)   ObjectSynchronizer Weak        Min:  0.0, Avg:  0.0, Max:  0.0, Diff:  0.0, Sum:  0.0, Workers: 4
[2796.166s][debug][gc,phases      ] GC(86)     Dead                           Min: 0, Avg:  0.0, Max: 0, Diff: 0, Sum: 0, Workers: 4
[2796.166s][debug][gc,phases      ] GC(86)     Total                          Min: 0, Avg: 10.0, Max: 40, Diff: 40, Sum: 40, Workers: 4
[2796.166s][debug][gc,phases      ] GC(86)   JVMTI Tag Weak OopStorage      Min:  0.0, Avg:  0.0, Max:  0.0, Diff:  0.0, Sum:  0.0, Workers: 4
[2796.166s][debug][gc,phases      ] GC(86)     Dead                           Min: 0, Avg:  0.0, Max: 0, Diff: 0, Sum: 0, Workers: 4
[2796.166s][debug][gc,phases      ] GC(86)     Total                          Min: 0, Avg:  0.0, Max: 0, Diff: 0, Sum: 0, Workers: 4
[2796.166s][debug][gc,phases      ] GC(86)   StringTable Weak               Min:  0.0, Avg:  0.1, Max:  0.1, Diff:  0.1, Sum:  0.3, Workers: 4
[2796.166s][debug][gc,phases      ] GC(86)     Dead                           Min: 0, Avg:  0.0, Max: 0, Diff: 0, Sum: 0, Workers: 4
[2796.166s][debug][gc,phases      ] GC(86)     Total                          Min: 0, Avg: 10688.5, Max: 17664, Diff: 17664, Sum: 42754, Workers: 4
[2796.166s][debug][gc,phases      ] GC(86)   ResolvedMethodTable Weak       Min:  0.0, Avg:  0.0, Max:  0.0, Diff:  0.0, Sum:  0.1, Workers: 4
[2796.166s][debug][gc,phases      ] GC(86)     Dead                           Min: 0, Avg:  0.0, Max: 0, Diff: 0, Sum: 0, Workers: 4
[2796.166s][debug][gc,phases      ] GC(86)     Total                          Min: 0, Avg: 2160.0, Max: 3904, Diff: 3904, Sum: 8640, Workers: 4
[2796.166s][debug][gc,phases      ] GC(86)   JNI Weak                       Min:  0.0, Avg:  0.0, Max:  0.0, Diff:  0.0, Sum:  0.0, Workers: 4
[2796.166s][debug][gc,phases      ] GC(86)     Dead                           Min: 0, Avg:  0.0, Max: 0, Diff: 0, Sum: 0, Workers: 4
[2796.166s][debug][gc,phases      ] GC(86)     Total                          Min: 0, Avg: 11.2, Max: 45, Diff: 45, Sum: 45, Workers: 4
[2796.166s][debug][gc,phases      ] GC(86)   StringDedup Table Weak         Min:  0.0, Avg:  0.0, Max:  0.0, Diff:  0.0, Sum:  0.0, Workers: 4
[2796.166s][debug][gc,phases      ] GC(86)     Dead                           Min: 0, Avg:  0.0, Max: 0, Diff: 0, Sum: 0, Workers: 4
[2796.166s][debug][gc,phases      ] GC(86)     Total                          Min: 0, Avg:  0.0, Max: 0, Diff: 0, Sum: 0, Workers: 4
[2796.166s][debug][gc,phases      ] GC(86)   StringDedup Requests0 Weak     Min:  0.0, Avg:  0.0, Max:  0.0, Diff:  0.0, Sum:  0.0, Workers: 4
[2796.166s][debug][gc,phases      ] GC(86)     Dead                           Min: 0, Avg:  0.0, Max: 0, Diff: 0, Sum: 0, Workers: 4
[2796.166s][debug][gc,phases      ] GC(86)     Total                          Min: 0, Avg:  0.0, Max: 0, Diff: 0, Sum: 0, Workers: 4
[2796.166s][debug][gc,phases      ] GC(86)   StringDedup Requests1 Weak     Min:  0.0, Avg:  0.0, Max:  0.0, Diff:  0.0, Sum:  0.0, Workers: 4
[2796.166s][debug][gc,phases      ] GC(86)     Dead                           Min: 0, Avg:  0.0, Max: 0, Diff: 0, Sum: 0, Workers: 4
[2796.166s][debug][gc,phases      ] GC(86)     Total                          Min: 0, Avg:  0.0, Max: 0, Diff: 0, Sum: 0, Workers: 4
[2796.166s][debug][gc,phases      ] GC(86)   Weak JFR Old Object Samples    Min:  0.0, Avg:  0.0, Max:  0.0, Diff:  0.0, Sum:  0.0, Workers: 4
[2796.166s][debug][gc,phases      ] GC(86)     Dead                           Min: 0, Avg:  0.0, Max: 0, Diff: 0, Sum: 0, Workers: 4
[2796.166s][debug][gc,phases      ] GC(86)     Total                          Min: 0, Avg:  0.0, Max: 0, Diff: 0, Sum: 0, Workers: 4
[2796.166s][debug][gc,phases      ] GC(86) Weak Processing 0.299ms
[2796.166s][debug][gc,age         ] GC(86) Desired survivor size 120586240 bytes, new threshold 15 (max threshold 15)
[2796.166s][info ][gc,heap        ] GC(86) PSYoungGen: 1855312K(1974784K)->7712K(1970688K) Eden: 1848320K(1848320K)->0K(1848320K) From: 6992K(126464K)->7712K(122368K)
[2796.166s][info ][gc,heap        ] GC(86) ParOldGen: 444855K(549888K)->444855K(549888K)
[2796.166s][info ][gc,metaspace   ] GC(86) Metaspace: 79670K(80640K)->79670K(80640K) NonClass: 68469K(68992K)->68469K(68992K) Class: 11200K(11648K)->11200K(11648K)
[2796.166s][info ][gc             ] GC(86) Pause Young (Allocation Failure) 2246M->441M(2461M) 4.597ms
[2796.166s][info ][gc,cpu         ] GC(86) User=0.02s Sys=0.00s Real=0.00s
[2796.166s][info ][safepoint      ] Safepoint "ParallelGCFailedAllocation", Time since last: 1492838984 ns, Reaching safepoint: 93000 ns, At safepoint: 4665088 ns, Total: 4758088 ns
[2799.166s][info ][safepoint      ] Safepoint "Cleanup", Time since last: 3000232323 ns, Reaching safepoint: 102600 ns, At safepoint: 6600 ns, Total: 109200 ns
[2806.167s][info ][safepoint      ] Safepoint "Cleanup", Time since last: 7000492691 ns, Reaching safepoint: 27100 ns, At safepoint: 26500 ns, Total: 53600 ns
[2807.167s][info ][safepoint      ] Safepoint "Cleanup", Time since last: 1000099867 ns, Reaching safepoint: 97900 ns, At safepoint: 4300 ns, Total: 102200 ns
[2822.168s][info ][safepoint      ] Safepoint "Cleanup", Time since last: 15000994398 ns, Reaching safepoint: 39600 ns, At safepoint: 8700 ns, Total: 48300 ns
[2826.169s][info ][safepoint      ] Safepoint "Cleanup", Time since last: 4000285008 ns, Reaching safepoint: 36300 ns, At safepoint: 2600 ns, Total: 38900 ns
[2839.411s][info ][gc,start       ] GC(87) Pause Young (Allocation Failure)
[2839.415s][debug][gc,phases      ] GC(87) Scavenge 4.567ms
[2839.415s][debug][gc,ref         ] GC(87) Skipped phase 1 of Reference Processing: no references
[2839.415s][debug][gc,ref         ] GC(87) ReferenceProcessor::execute queues: 1, RefProcThreadModel::Single, marks_oops_alive: false
[2839.415s][debug][gc,ref         ] GC(87) Skipped phase 3 of Reference Processing: no references
[2839.415s][debug][gc,ref         ] GC(87) ReferenceProcessor::execute queues: 1, RefProcThreadModel::Single, marks_oops_alive: false
[2839.415s][debug][gc,phases      ] GC(87) Reference Processing 0.095ms
[2839.416s][debug][gc,phases      ] GC(87)   VM Weak                        Min:  0.0, Avg:  0.0, Max:  0.0, Diff:  0.0, Sum:  0.0, Workers: 4
[2839.416s][debug][gc,phases      ] GC(87)     Dead                           Min: 0, Avg:  0.0, Max: 0, Diff: 0, Sum: 0, Workers: 4
[2839.416s][debug][gc,phases      ] GC(87)     Total                          Min: 0, Avg: 191.5, Max: 576, Diff: 576, Sum: 766, Workers: 4
[2839.416s][debug][gc,phases      ] GC(87)   ObjectSynchronizer Weak        Min:  0.0, Avg:  0.0, Max:  0.0, Diff:  0.0, Sum:  0.0, Workers: 4
[2839.416s][debug][gc,phases      ] GC(87)     Dead                           Min: 0, Avg:  0.0, Max: 0, Diff: 0, Sum: 0, Workers: 4
[2839.416s][debug][gc,phases      ] GC(87)     Total                          Min: 0, Avg: 10.0, Max: 40, Diff: 40, Sum: 40, Workers: 4
[2839.416s][debug][gc,phases      ] GC(87)   JVMTI Tag Weak OopStorage      Min:  0.0, Avg:  0.0, Max:  0.0, Diff:  0.0, Sum:  0.0, Workers: 4
[2839.416s][debug][gc,phases      ] GC(87)     Dead                           Min: 0, Avg:  0.0, Max: 0, Diff: 0, Sum: 0, Workers: 4
[2839.416s][debug][gc,phases      ] GC(87)     Total                          Min: 0, Avg:  0.0, Max: 0, Diff: 0, Sum: 0, Workers: 4
[2839.416s][debug][gc,phases      ] GC(87)   StringTable Weak               Min:  0.1, Avg:  0.1, Max:  0.1, Diff:  0.0, Sum:  0.4, Workers: 4
[2839.416s][debug][gc,phases      ] GC(87)     Dead                           Min: 0, Avg:  0.0, Max: 0, Diff: 0, Sum: 0, Workers: 4
[2839.416s][debug][gc,phases      ] GC(87)     Total                          Min: 9986, Avg: 10688.5, Max: 11072, Diff: 1086, Sum: 42754, Workers: 4
[2839.416s][debug][gc,phases      ] GC(87)   ResolvedMethodTable Weak       Min:  0.0, Avg:  0.0, Max:  0.0, Diff:  0.0, Sum:  0.1, Workers: 4
[2839.416s][debug][gc,phases      ] GC(87)     Dead                           Min: 0, Avg:  0.0, Max: 0, Diff: 0, Sum: 0, Workers: 4
[2839.416s][debug][gc,phases      ] GC(87)     Total                          Min: 2112, Avg: 2160.0, Max: 2240, Diff: 128, Sum: 8640, Workers: 4
[2839.416s][debug][gc,phases      ] GC(87)   JNI Weak                       Min:  0.0, Avg:  0.0, Max:  0.0, Diff:  0.0, Sum:  0.0, Workers: 4
[2839.416s][debug][gc,phases      ] GC(87)     Dead                           Min: 0, Avg:  0.0, Max: 0, Diff: 0, Sum: 0, Workers: 4
[2839.416s][debug][gc,phases      ] GC(87)     Total                          Min: 0, Avg: 11.2, Max: 45, Diff: 45, Sum: 45, Workers: 4
[2839.416s][debug][gc,phases      ] GC(87)   StringDedup Table Weak         Min:  0.0, Avg:  0.0, Max:  0.0, Diff:  0.0, Sum:  0.0, Workers: 4
[2839.416s][debug][gc,phases      ] GC(87)     Dead                           Min: 0, Avg:  0.0, Max: 0, Diff: 0, Sum: 0, Workers: 4
[2839.416s][debug][gc,phases      ] GC(87)     Total                          Min: 0, Avg:  0.0, Max: 0, Diff: 0, Sum: 0, Workers: 4
[2839.416s][debug][gc,phases      ] GC(87)   StringDedup Requests0 Weak     Min:  0.0, Avg:  0.0, Max:  0.0, Diff:  0.0, Sum:  0.0, Workers: 4
[2839.416s][debug][gc,phases      ] GC(87)     Dead                           Min: 0, Avg:  0.0, Max: 0, Diff: 0, Sum: 0, Workers: 4
[2839.416s][debug][gc,phases      ] GC(87)     Total                          Min: 0, Avg:  0.0, Max: 0, Diff: 0, Sum: 0, Workers: 4
[2839.416s][debug][gc,phases      ] GC(87)   StringDedup Requests1 Weak     Min:  0.0, Avg:  0.0, Max:  0.0, Diff:  0.0, Sum:  0.0, Workers: 4
[2839.416s][debug][gc,phases      ] GC(87)     Dead                           Min: 0, Avg:  0.0, Max: 0, Diff: 0, Sum: 0, Workers: 4
[2839.416s][debug][gc,phases      ] GC(87)     Total                          Min: 0, Avg:  0.0, Max: 0, Diff: 0, Sum: 0, Workers: 4
[2839.416s][debug][gc,phases      ] GC(87)   Weak JFR Old Object Samples    Min:  0.0, Avg:  0.0, Max:  0.0, Diff:  0.0, Sum:  0.0, Workers: 4
[2839.416s][debug][gc,phases      ] GC(87)     Dead                           Min: 0, Avg:  0.0, Max: 0, Diff: 0, Sum: 0, Workers: 4
[2839.416s][debug][gc,phases      ] GC(87)     Total                          Min: 0, Avg:  0.0, Max: 0, Diff: 0, Sum: 0, Workers: 4
[2839.416s][debug][gc,phases      ] GC(87) Weak Processing 0.279ms
[2839.416s][debug][gc,age         ] GC(87) Desired survivor size 115867648 bytes, new threshold 15 (max threshold 15)
[2839.416s][info ][gc,heap        ] GC(87) PSYoungGen: 1856032K(1970688K)->5792K(1984000K) Eden: 1848320K(1848320K)->0K(1866240K) From: 7712K(122368K)->5792K(117760K)
[2839.416s][info ][gc,heap        ] GC(87) ParOldGen: 444855K(549888K)->444855K(549888K)
[2839.416s][info ][gc,metaspace   ] GC(87) Metaspace: 79672K(80640K)->79672K(80640K) NonClass: 68471K(68992K)->68471K(68992K) Class: 11200K(11648K)->11200K(11648K)
[2839.416s][info ][gc             ] GC(87) Pause Young (Allocation Failure) 2246M->440M(2474M) 5.039ms
[2839.416s][info ][gc,cpu         ] GC(87) User=0.02s Sys=0.00s Real=0.00s
[2839.416s][info ][safepoint      ] Safepoint "ParallelGCFailedAllocation", Time since last: 13242020842 ns, Reaching safepoint: 100600 ns, At safepoint: 5105886 ns, Total: 5206486 ns
[2845.416s][info ][safepoint      ] Safepoint "Cleanup", Time since last: 6000385722 ns, Reaching safepoint: 26600 ns, At safepoint: 2200 ns, Total: 28800 ns
[2886.419s][info ][safepoint      ] Safepoint "Cleanup", Time since last: 41002426765 ns, Reaching safepoint: 25900 ns, At safepoint: 2100 ns, Total: 28000 ns
[2891.419s][info ][safepoint      ] Safepoint "Cleanup", Time since last: 5000308506 ns, Reaching safepoint: 39500 ns, At safepoint: 4100 ns, Total: 43600 ns
[2904.961s][info ][gc,start       ] GC(88) Pause Young (Allocation Failure)
[2904.964s][debug][gc,phases      ] GC(88) Scavenge 3.137ms
[2904.964s][debug][gc,ref         ] GC(88) Skipped phase 1 of Reference Processing: no references
[2904.964s][debug][gc,ref         ] GC(88) ReferenceProcessor::execute queues: 1, RefProcThreadModel::Single, marks_oops_alive: false
[2904.964s][debug][gc,ref         ] GC(88) Skipped phase 3 of Reference Processing: no references
[2904.964s][debug][gc,ref         ] GC(88) ReferenceProcessor::execute queues: 1, RefProcThreadModel::Single, marks_oops_alive: false
[2904.964s][debug][gc,phases      ] GC(88) Reference Processing 0.102ms
[2904.964s][debug][gc,phases      ] GC(88)   VM Weak                        Min:  0.0, Avg:  0.0, Max:  0.0, Diff:  0.0, Sum:  0.0, Workers: 4
[2904.964s][debug][gc,phases      ] GC(88)     Dead                           Min: 0, Avg:  0.0, Max: 0, Diff: 0, Sum: 0, Workers: 4
[2904.964s][debug][gc,phases      ] GC(88)     Total                          Min: 0, Avg: 191.5, Max: 384, Diff: 384, Sum: 766, Workers: 4
[2904.964s][debug][gc,phases      ] GC(88)   ObjectSynchronizer Weak        Min:  0.0, Avg:  0.0, Max:  0.0, Diff:  0.0, Sum:  0.0, Workers: 4
[2904.964s][debug][gc,phases      ] GC(88)     Dead                           Min: 0, Avg:  0.0, Max: 0, Diff: 0, Sum: 0, Workers: 4
[2904.964s][debug][gc,phases      ] GC(88)     Total                          Min: 0, Avg: 10.0, Max: 40, Diff: 40, Sum: 40, Workers: 4
[2904.964s][debug][gc,phases      ] GC(88)   JVMTI Tag Weak OopStorage      Min:  0.0, Avg:  0.0, Max:  0.0, Diff:  0.0, Sum:  0.0, Workers: 4
[2904.964s][debug][gc,phases      ] GC(88)     Dead                           Min: 0, Avg:  0.0, Max: 0, Diff: 0, Sum: 0, Workers: 4
[2904.964s][debug][gc,phases      ] GC(88)     Total                          Min: 0, Avg:  0.0, Max: 0, Diff: 0, Sum: 0, Workers: 4
[2904.964s][debug][gc,phases      ] GC(88)   StringTable Weak               Min:  0.0, Avg:  0.1, Max:  0.1, Diff:  0.1, Sum:  0.3, Workers: 4
[2904.964s][debug][gc,phases      ] GC(88)     Dead                           Min: 0, Avg:  0.0, Max: 0, Diff: 0, Sum: 0, Workers: 4
[2904.964s][debug][gc,phases      ] GC(88)     Total                          Min: 0, Avg: 10688.5, Max: 18496, Diff: 18496, Sum: 42754, Workers: 4
[2904.964s][debug][gc,phases      ] GC(88)   ResolvedMethodTable Weak       Min:  0.0, Avg:  0.0, Max:  0.0, Diff:  0.0, Sum:  0.1, Workers: 4
[2904.964s][debug][gc,phases      ] GC(88)     Dead                           Min: 0, Avg:  0.0, Max: 0, Diff: 0, Sum: 0, Workers: 4
[2904.964s][debug][gc,phases      ] GC(88)     Total                          Min: 0, Avg: 2160.0, Max: 3904, Diff: 3904, Sum: 8640, Workers: 4
[2904.964s][debug][gc,phases      ] GC(88)   JNI Weak                       Min:  0.0, Avg:  0.0, Max:  0.0, Diff:  0.0, Sum:  0.0, Workers: 4
[2904.964s][debug][gc,phases      ] GC(88)     Dead                           Min: 0, Avg:  0.0, Max: 0, Diff: 0, Sum: 0, Workers: 4
[2904.964s][debug][gc,phases      ] GC(88)     Total                          Min: 0, Avg: 11.2, Max: 45, Diff: 45, Sum: 45, Workers: 4
[2904.964s][debug][gc,phases      ] GC(88)   StringDedup Table Weak         Min:  0.0, Avg:  0.0, Max:  0.0, Diff:  0.0, Sum:  0.0, Workers: 4
[2904.964s][debug][gc,phases      ] GC(88)     Dead                           Min: 0, Avg:  0.0, Max: 0, Diff: 0, Sum: 0, Workers: 4
[2904.964s][debug][gc,phases      ] GC(88)     Total                          Min: 0, Avg:  0.0, Max: 0, Diff: 0, Sum: 0, Workers: 4
[2904.964s][debug][gc,phases      ] GC(88)   StringDedup Requests0 Weak     Min:  0.0, Avg:  0.0, Max:  0.0, Diff:  0.0, Sum:  0.0, Workers: 4
[2904.964s][debug][gc,phases      ] GC(88)     Dead                           Min: 0, Avg:  0.0, Max: 0, Diff: 0, Sum: 0, Workers: 4
[2904.964s][debug][gc,phases      ] GC(88)     Total                          Min: 0, Avg:  0.0, Max: 0, Diff: 0, Sum: 0, Workers: 4
[2904.964s][debug][gc,phases      ] GC(88)   StringDedup Requests1 Weak     Min:  0.0, Avg:  0.0, Max:  0.0, Diff:  0.0, Sum:  0.0, Workers: 4
[2904.964s][debug][gc,phases      ] GC(88)     Dead                           Min: 0, Avg:  0.0, Max: 0, Diff: 0, Sum: 0, Workers: 4
[2904.964s][debug][gc,phases      ] GC(88)     Total                          Min: 0, Avg:  0.0, Max: 0, Diff: 0, Sum: 0, Workers: 4
[2904.964s][debug][gc,phases      ] GC(88)   Weak JFR Old Object Samples    Min:  0.0, Avg:  0.0, Max:  0.0, Diff:  0.0, Sum:  0.0, Workers: 4
[2904.964s][debug][gc,phases      ] GC(88)     Dead                           Min: 0, Avg:  0.0, Max: 0, Diff: 0, Sum: 0, Workers: 4
[2904.964s][debug][gc,phases      ] GC(88)     Total                          Min: 0, Avg:  0.0, Max: 0, Diff: 0, Sum: 0, Workers: 4
[2904.964s][debug][gc,phases      ] GC(88) Weak Processing 0.301ms
[2904.964s][debug][gc,age         ] GC(88) Desired survivor size 110624768 bytes, new threshold 15 (max threshold 15)
[2904.964s][info ][gc,heap        ] GC(88) PSYoungGen: 1872032K(1984000K)->6048K(1979392K) Eden: 1866240K(1866240K)->0K(1866240K) From: 5792K(117760K)->6048K(113152K)
[2904.964s][info ][gc,heap        ] GC(88) ParOldGen: 444855K(549888K)->444855K(549888K)
[2904.964s][info ][gc,metaspace   ] GC(88) Metaspace: 79672K(80640K)->79672K(80640K) NonClass: 68471K(68992K)->68471K(68992K) Class: 11200K(11648K)->11200K(11648K)
[2904.964s][info ][gc             ] GC(88) Pause Young (Allocation Failure) 2262M->440M(2470M) 3.621ms
[2904.964s][info ][gc,cpu         ] GC(88) User=0.01s Sys=0.00s Real=0.00s
[2904.964s][info ][safepoint      ] Safepoint "ParallelGCFailedAllocation", Time since last: 13541597266 ns, Reaching safepoint: 71400 ns, At safepoint: 3681790 ns, Total: 3753190 ns
[2907.965s][info ][safepoint      ] Safepoint "Cleanup", Time since last: 3000186366 ns, Reaching safepoint: 34200 ns, At safepoint: 2300 ns, Total: 36500 ns
[2909.965s][info ][safepoint      ] Safepoint "Cleanup", Time since last: 2000159074 ns, Reaching safepoint: 24600 ns, At safepoint: 2000 ns, Total: 26600 ns
[2927.966s][info ][safepoint      ] Safepoint "Cleanup", Time since last: 18001112638 ns, Reaching safepoint: 53700 ns, At safepoint: 3100 ns, Total: 56800 ns
[2936.967s][info ][safepoint      ] Safepoint "Cleanup", Time since last: 9000620735 ns, Reaching safepoint: 28500 ns, At safepoint: 2500 ns, Total: 31000 ns
[2942.967s][info ][safepoint      ] Safepoint "Cleanup", Time since last: 6000428394 ns, Reaching safepoint: 53600 ns, At safepoint: 3000 ns, Total: 56600 ns
[2946.967s][info ][safepoint      ] Safepoint "Cleanup", Time since last: 4000290049 ns, Reaching safepoint: 27000 ns, At safepoint: 2400 ns, Total: 29400 ns
[2950.968s][info ][safepoint      ] Safepoint "Cleanup", Time since last: 4000277239 ns, Reaching safepoint: 38200 ns, At safepoint: 2100 ns, Total: 40300 ns
[2951.968s][info ][safepoint      ] Safepoint "Cleanup", Time since last: 1000097658 ns, Reaching safepoint: 38400 ns, At safepoint: 3100 ns, Total: 41500 ns
[2952.968s][info ][safepoint      ] Safepoint "Cleanup", Time since last: 1000117057 ns, Reaching safepoint: 58400 ns, At safepoint: 5700 ns, Total: 64100 ns
[2956.968s][info ][safepoint      ] Safepoint "Cleanup", Time since last: 4000285223 ns, Reaching safepoint: 48500 ns, At safepoint: 2900 ns, Total: 51400 ns
[2964.969s][info ][safepoint      ] Safepoint "Cleanup", Time since last: 8000516716 ns, Reaching safepoint: 40700 ns, At safepoint: 1799 ns, Total: 42499 ns
[2967.969s][info ][safepoint      ] Safepoint "Cleanup", Time since last: 3000220146 ns, Reaching safepoint: 30700 ns, At safepoint: 5600 ns, Total: 36300 ns
[2968.561s][info ][gc,start       ] GC(89) Pause Young (Allocation Failure)
[2968.565s][debug][gc,phases      ] GC(89) Scavenge 4.068ms
[2968.565s][debug][gc,ref         ] GC(89) Skipped phase 1 of Reference Processing: no references
[2968.565s][debug][gc,ref         ] GC(89) ReferenceProcessor::execute queues: 1, RefProcThreadModel::Single, marks_oops_alive: false
[2968.565s][debug][gc,ref         ] GC(89) Skipped phase 3 of Reference Processing: no references
[2968.565s][debug][gc,ref         ] GC(89) ReferenceProcessor::execute queues: 1, RefProcThreadModel::Single, marks_oops_alive: false
[2968.565s][debug][gc,phases      ] GC(89) Reference Processing 0.084ms
[2968.565s][debug][gc,phases      ] GC(89)   VM Weak                        Min:  0.0, Avg:  0.0, Max:  0.0, Diff:  0.0, Sum:  0.0, Workers: 4
[2968.565s][debug][gc,phases      ] GC(89)     Dead                           Min: 0, Avg:  0.0, Max: 0, Diff: 0, Sum: 0, Workers: 4
[2968.565s][debug][gc,phases      ] GC(89)     Total                          Min: 0, Avg: 191.5, Max: 384, Diff: 384, Sum: 766, Workers: 4
[2968.565s][debug][gc,phases      ] GC(89)   ObjectSynchronizer Weak        Min:  0.0, Avg:  0.0, Max:  0.0, Diff:  0.0, Sum:  0.0, Workers: 4
[2968.565s][debug][gc,phases      ] GC(89)     Dead                           Min: 0, Avg:  0.0, Max: 0, Diff: 0, Sum: 0, Workers: 4
[2968.565s][debug][gc,phases      ] GC(89)     Total                          Min: 0, Avg: 10.0, Max: 40, Diff: 40, Sum: 40, Workers: 4
[2968.565s][debug][gc,phases      ] GC(89)   JVMTI Tag Weak OopStorage      Min:  0.0, Avg:  0.0, Max:  0.0, Diff:  0.0, Sum:  0.0, Workers: 4
[2968.565s][debug][gc,phases      ] GC(89)     Dead                           Min: 0, Avg:  0.0, Max: 0, Diff: 0, Sum: 0, Workers: 4
[2968.565s][debug][gc,phases      ] GC(89)     Total                          Min: 0, Avg:  0.0, Max: 0, Diff: 0, Sum: 0, Workers: 4
[2968.565s][debug][gc,phases      ] GC(89)   StringTable Weak               Min:  0.1, Avg:  0.1, Max:  0.1, Diff:  0.0, Sum:  0.4, Workers: 4
[2968.565s][debug][gc,phases      ] GC(89)     Dead                           Min: 0, Avg:  0.0, Max: 0, Diff: 0, Sum: 0, Workers: 4
[2968.565s][debug][gc,phases      ] GC(89)     Total                          Min: 10050, Avg: 10688.5, Max: 11072, Diff: 1022, Sum: 42754, Workers: 4
[2968.565s][debug][gc,phases      ] GC(89)   ResolvedMethodTable Weak       Min:  0.0, Avg:  0.0, Max:  0.0, Diff:  0.0, Sum:  0.1, Workers: 4
[2968.566s][debug][gc,phases      ] GC(89)     Dead                           Min: 0, Avg:  0.0, Max: 0, Diff: 0, Sum: 0, Workers: 4
[2968.566s][debug][gc,phases      ] GC(89)     Total                          Min: 2048, Avg: 2160.0, Max: 2240, Diff: 192, Sum: 8640, Workers: 4
[2968.566s][debug][gc,phases      ] GC(89)   JNI Weak                       Min:  0.0, Avg:  0.0, Max:  0.0, Diff:  0.0, Sum:  0.0, Workers: 4
[2968.566s][debug][gc,phases      ] GC(89)     Dead                           Min: 0, Avg:  0.0, Max: 0, Diff: 0, Sum: 0, Workers: 4
[2968.566s][debug][gc,phases      ] GC(89)     Total                          Min: 0, Avg: 11.2, Max: 45, Diff: 45, Sum: 45, Workers: 4
[2968.566s][debug][gc,phases      ] GC(89)   StringDedup Table Weak         Min:  0.0, Avg:  0.0, Max:  0.0, Diff:  0.0, Sum:  0.0, Workers: 4
[2968.566s][debug][gc,phases      ] GC(89)     Dead                           Min: 0, Avg:  0.0, Max: 0, Diff: 0, Sum: 0, Workers: 4
[2968.566s][debug][gc,phases      ] GC(89)     Total                          Min: 0, Avg:  0.0, Max: 0, Diff: 0, Sum: 0, Workers: 4
[2968.566s][debug][gc,phases      ] GC(89)   StringDedup Requests0 Weak     Min:  0.0, Avg:  0.0, Max:  0.0, Diff:  0.0, Sum:  0.0, Workers: 4
[2968.566s][debug][gc,phases      ] GC(89)     Dead                           Min: 0, Avg:  0.0, Max: 0, Diff: 0, Sum: 0, Workers: 4
[2968.566s][debug][gc,phases      ] GC(89)     Total                          Min: 0, Avg:  0.0, Max: 0, Diff: 0, Sum: 0, Workers: 4
[2968.566s][debug][gc,phases      ] GC(89)   StringDedup Requests1 Weak     Min:  0.0, Avg:  0.0, Max:  0.0, Diff:  0.0, Sum:  0.0, Workers: 4
[2968.566s][debug][gc,phases      ] GC(89)     Dead                           Min: 0, Avg:  0.0, Max: 0, Diff: 0, Sum: 0, Workers: 4
[2968.566s][debug][gc,phases      ] GC(89)     Total                          Min: 0, Avg:  0.0, Max: 0, Diff: 0, Sum: 0, Workers: 4
[2968.566s][debug][gc,phases      ] GC(89)   Weak JFR Old Object Samples    Min:  0.0, Avg:  0.0, Max:  0.0, Diff:  0.0, Sum:  0.0, Workers: 4
[2968.566s][debug][gc,phases      ] GC(89)     Dead                           Min: 0, Avg:  0.0, Max: 0, Diff: 0, Sum: 0, Workers: 4
[2968.566s][debug][gc,phases      ] GC(89)     Total                          Min: 0, Avg:  0.0, Max: 0, Diff: 0, Sum: 0, Workers: 4
[2968.566s][debug][gc,phases      ] GC(89) Weak Processing 0.273ms
[2968.566s][debug][gc,age         ] GC(89) Desired survivor size 105381888 bytes, new threshold 15 (max threshold 15)
[2968.566s][info ][gc,heap        ] GC(89) PSYoungGen: 1872288K(1979392K)->6896K(1994240K) Eden: 1866240K(1866240K)->0K(1886208K) From: 6048K(113152K)->6896K(108032K)
[2968.566s][info ][gc,heap        ] GC(89) ParOldGen: 444855K(549888K)->444855K(549888K)
[2968.566s][info ][gc,metaspace   ] GC(89) Metaspace: 79718K(80640K)->79718K(80640K) NonClass: 68517K(68992K)->68517K(68992K) Class: 11200K(11648K)->11200K(11648K)
[2968.566s][info ][gc             ] GC(89) Pause Young (Allocation Failure) 2262M->441M(2484M) 4.517ms
[2968.566s][info ][gc,cpu         ] GC(89) User=0.02s Sys=0.00s Real=0.00s
[2968.566s][info ][safepoint      ] Safepoint "ParallelGCFailedAllocation", Time since last: 591734971 ns, Reaching safepoint: 98200 ns, At safepoint: 4581787 ns, Total: 4679987 ns
[2970.566s][info ][safepoint      ] Safepoint "Cleanup", Time since last: 2000142693 ns, Reaching safepoint: 24600 ns, At safepoint: 2300 ns, Total: 26900 ns
[2971.566s][info ][safepoint      ] Safepoint "Cleanup", Time since last: 1000091346 ns, Reaching safepoint: 24000 ns, At safepoint: 2100 ns, Total: 26100 ns
[2977.566s][info ][safepoint      ] Safepoint "Cleanup", Time since last: 6000354760 ns, Reaching safepoint: 25800 ns, At safepoint: 2400 ns, Total: 28200 ns
[2985.567s][info ][safepoint      ] Safepoint "Cleanup", Time since last: 8000497613 ns, Reaching safepoint: 33600 ns, At safepoint: 2800 ns, Total: 36400 ns
[2986.567s][info ][safepoint      ] Safepoint "Cleanup", Time since last: 1000107236 ns, Reaching safepoint: 38900 ns, At safepoint: 2800 ns, Total: 41700 ns
[2987.567s][info ][safepoint      ] Safepoint "Cleanup", Time since last: 1000092936 ns, Reaching safepoint: 25200 ns, At safepoint: 2400 ns, Total: 27600 ns
[2990.567s][info ][safepoint      ] Safepoint "Cleanup", Time since last: 3000189004 ns, Reaching safepoint: 34599 ns, At safepoint: 3200 ns, Total: 37799 ns
[2998.568s][info ][safepoint      ] Safepoint "Cleanup", Time since last: 8000524050 ns, Reaching safepoint: 40800 ns, At safepoint: 2400 ns, Total: 43200 ns
[3001.462s][info ][gc,start       ] GC(90) Pause Young (Allocation Failure)
[3001.471s][debug][gc,phases      ] GC(90) Scavenge 8.823ms
[3001.471s][debug][gc,ref         ] GC(90) Skipped phase 1 of Reference Processing: no references
[3001.471s][debug][gc,ref         ] GC(90) ReferenceProcessor::execute queues: 1, RefProcThreadModel::Single, marks_oops_alive: false
[3001.471s][debug][gc,ref         ] GC(90) Skipped phase 3 of Reference Processing: no references
[3001.471s][debug][gc,ref         ] GC(90) ReferenceProcessor::execute queues: 1, RefProcThreadModel::Single, marks_oops_alive: false
[3001.471s][debug][gc,phases      ] GC(90) Reference Processing 0.099ms
[3001.471s][debug][gc,phases      ] GC(90)   VM Weak                        Min:  0.0, Avg:  0.0, Max:  0.0, Diff:  0.0, Sum:  0.0, Workers: 4
[3001.471s][debug][gc,phases      ] GC(90)     Dead                           Min: 0, Avg:  0.0, Max: 0, Diff: 0, Sum: 0, Workers: 4
[3001.471s][debug][gc,phases      ] GC(90)     Total                          Min: 0, Avg: 191.5, Max: 766, Diff: 766, Sum: 766, Workers: 4
[3001.471s][debug][gc,phases      ] GC(90)   ObjectSynchronizer Weak        Min:  0.0, Avg:  0.0, Max:  0.0, Diff:  0.0, Sum:  0.0, Workers: 4
[3001.471s][debug][gc,phases      ] GC(90)     Dead                           Min: 0, Avg:  0.0, Max: 0, Diff: 0, Sum: 0, Workers: 4
[3001.471s][debug][gc,phases      ] GC(90)     Total                          Min: 0, Avg: 10.0, Max: 40, Diff: 40, Sum: 40, Workers: 4
[3001.471s][debug][gc,phases      ] GC(90)   JVMTI Tag Weak OopStorage      Min:  0.0, Avg:  0.0, Max:  0.0, Diff:  0.0, Sum:  0.0, Workers: 4
[3001.471s][debug][gc,phases      ] GC(90)     Dead                           Min: 0, Avg:  0.0, Max: 0, Diff: 0, Sum: 0, Workers: 4
[3001.471s][debug][gc,phases      ] GC(90)     Total                          Min: 0, Avg:  0.0, Max: 0, Diff: 0, Sum: 0, Workers: 4
[3001.471s][debug][gc,phases      ] GC(90)   StringTable Weak               Min:  0.2, Avg:  0.2, Max:  0.2, Diff:  0.0, Sum:  0.6, Workers: 4
[3001.471s][debug][gc,phases      ] GC(90)     Dead                           Min: 0, Avg:  0.0, Max: 0, Diff: 0, Sum: 0, Workers: 4
[3001.471s][debug][gc,phases      ] GC(90)     Total                          Min: 8192, Avg: 10688.5, Max: 16384, Diff: 8192, Sum: 42754, Workers: 4
[3001.471s][debug][gc,phases      ] GC(90)   ResolvedMethodTable Weak       Min:  0.0, Avg:  0.0, Max:  0.0, Diff:  0.0, Sum:  0.1, Workers: 4
[3001.471s][debug][gc,phases      ] GC(90)     Dead                           Min: 0, Avg:  0.0, Max: 0, Diff: 0, Sum: 0, Workers: 4
[3001.471s][debug][gc,phases      ] GC(90)     Total                          Min: 2048, Avg: 2160.0, Max: 2240, Diff: 192, Sum: 8640, Workers: 4
[3001.471s][debug][gc,phases      ] GC(90)   JNI Weak                       Min:  0.0, Avg:  0.0, Max:  0.0, Diff:  0.0, Sum:  0.0, Workers: 4
[3001.471s][debug][gc,phases      ] GC(90)     Dead                           Min: 0, Avg:  0.0, Max: 0, Diff: 0, Sum: 0, Workers: 4
[3001.471s][debug][gc,phases      ] GC(90)     Total                          Min: 0, Avg: 11.2, Max: 45, Diff: 45, Sum: 45, Workers: 4
[3001.471s][debug][gc,phases      ] GC(90)   StringDedup Table Weak         Min:  0.0, Avg:  0.0, Max:  0.0, Diff:  0.0, Sum:  0.0, Workers: 4
[3001.471s][debug][gc,phases      ] GC(90)     Dead                           Min: 0, Avg:  0.0, Max: 0, Diff: 0, Sum: 0, Workers: 4
[3001.471s][debug][gc,phases      ] GC(90)     Total                          Min: 0, Avg:  0.0, Max: 0, Diff: 0, Sum: 0, Workers: 4
[3001.471s][debug][gc,phases      ] GC(90)   StringDedup Requests0 Weak     Min:  0.0, Avg:  0.0, Max:  0.0, Diff:  0.0, Sum:  0.0, Workers: 4
[3001.471s][debug][gc,phases      ] GC(90)     Dead                           Min: 0, Avg:  0.0, Max: 0, Diff: 0, Sum: 0, Workers: 4
[3001.471s][debug][gc,phases      ] GC(90)     Total                          Min: 0, Avg:  0.0, Max: 0, Diff: 0, Sum: 0, Workers: 4
[3001.471s][debug][gc,phases      ] GC(90)   StringDedup Requests1 Weak     Min:  0.0, Avg:  0.0, Max:  0.0, Diff:  0.0, Sum:  0.0, Workers: 4
[3001.471s][debug][gc,phases      ] GC(90)     Dead                           Min: 0, Avg:  0.0, Max: 0, Diff: 0, Sum: 0, Workers: 4
[3001.471s][debug][gc,phases      ] GC(90)     Total                          Min: 0, Avg:  0.0, Max: 0, Diff: 0, Sum: 0, Workers: 4
[3001.471s][debug][gc,phases      ] GC(90)   Weak JFR Old Object Samples    Min:  0.0, Avg:  0.0, Max:  0.0, Diff:  0.0, Sum:  0.0, Workers: 4
[3001.471s][debug][gc,phases      ] GC(90)     Dead                           Min: 0, Avg:  0.0, Max: 0, Diff: 0, Sum: 0, Workers: 4
[3001.471s][debug][gc,phases      ] GC(90)     Total                          Min: 0, Avg:  0.0, Max: 0, Diff: 0, Sum: 0, Workers: 4
[3001.471s][debug][gc,phases      ] GC(90) Weak Processing 0.334ms
[3001.471s][debug][gc,age         ] GC(90) Desired survivor size 98041856 bytes, new threshold 15 (max threshold 15)
[3001.471s][info ][gc,heap        ] GC(90) PSYoungGen: 1893104K(1994240K)->24880K(1989120K) Eden: 1886208K(1886208K)->0K(1886208K) From: 6896K(108032K)->24880K(102912K)
[3001.471s][info ][gc,heap        ] GC(90) ParOldGen: 444855K(549888K)->444855K(549888K)
[3001.471s][info ][gc,metaspace   ] GC(90) Metaspace: 79768K(80704K)->79768K(80704K) NonClass: 68567K(69056K)->68567K(69056K) Class: 11200K(11648K)->11200K(11648K)
[3001.471s][info ][gc             ] GC(90) Pause Young (Allocation Failure) 2283M->458M(2479M) 9.356ms
[3001.472s][info ][gc,cpu         ] GC(90) User=0.04s Sys=0.00s Real=0.01s
[3001.472s][info ][safepoint      ] Safepoint "ParallelGCFailedAllocation", Time since last: 2894094678 ns, Reaching safepoint: 101600 ns, At safepoint: 9434174 ns, Total: 9535774 ns
[3005.472s][info ][safepoint      ] Safepoint "Cleanup", Time since last: 4000261604 ns, Reaching safepoint: 38700 ns, At safepoint: 3000 ns, Total: 41700 ns
[3007.472s][info ][safepoint      ] Safepoint "Cleanup", Time since last: 2000157948 ns, Reaching safepoint: 40600 ns, At safepoint: 2500 ns, Total: 43100 ns
[3008.472s][info ][safepoint      ] Safepoint "Cleanup", Time since last: 1000090623 ns, Reaching safepoint: 24800 ns, At safepoint: 2300 ns, Total: 27100 ns
[3009.472s][info ][safepoint      ] Safepoint "Cleanup", Time since last: 1000101123 ns, Reaching safepoint: 43100 ns, At safepoint: 2600 ns, Total: 45700 ns
[3011.472s][info ][safepoint      ] Safepoint "Cleanup", Time since last: 2000144344 ns, Reaching safepoint: 40300 ns, At safepoint: 2900 ns, Total: 43200 ns
[3012.473s][info ][safepoint      ] Safepoint "Cleanup", Time since last: 1000114220 ns, Reaching safepoint: 26900 ns, At safepoint: 2200 ns, Total: 29100 ns
[3013.473s][info ][safepoint      ] Safepoint "Cleanup", Time since last: 1000102521 ns, Reaching safepoint: 28000 ns, At safepoint: 2100 ns, Total: 30100 ns
[3014.473s][info ][safepoint      ] Safepoint "Cleanup", Time since last: 1000086620 ns, Reaching safepoint: 40799 ns, At safepoint: 2900 ns, Total: 43699 ns
[3016.473s][info ][safepoint      ] Safepoint "Cleanup", Time since last: 2000125838 ns, Reaching safepoint: 27400 ns, At safepoint: 2100 ns, Total: 29500 ns
[3024.962s][info ][gc,start       ] GC(91) Pause Young (Allocation Failure)
[3024.974s][debug][gc,phases      ] GC(91) Scavenge 11.435ms
[3024.974s][debug][gc,ref         ] GC(91) Skipped phase 1 of Reference Processing: no references
[3024.974s][debug][gc,ref         ] GC(91) ReferenceProcessor::execute queues: 1, RefProcThreadModel::Single, marks_oops_alive: false
[3024.974s][debug][gc,ref         ] GC(91) Skipped phase 3 of Reference Processing: no references
[3024.974s][debug][gc,ref         ] GC(91) ReferenceProcessor::execute queues: 1, RefProcThreadModel::Single, marks_oops_alive: false
[3024.974s][debug][gc,phases      ] GC(91) Reference Processing 0.089ms
[3024.974s][debug][gc,phases      ] GC(91)   VM Weak                        Min:  0.0, Avg:  0.0, Max:  0.0, Diff:  0.0, Sum:  0.0, Workers: 4
[3024.974s][debug][gc,phases      ] GC(91)     Dead                           Min: 0, Avg:  0.0, Max: 0, Diff: 0, Sum: 0, Workers: 4
[3024.974s][debug][gc,phases      ] GC(91)     Total                          Min: 0, Avg: 191.5, Max: 448, Diff: 448, Sum: 766, Workers: 4
[3024.974s][debug][gc,phases      ] GC(91)   ObjectSynchronizer Weak        Min:  0.0, Avg:  0.0, Max:  0.0, Diff:  0.0, Sum:  0.0, Workers: 4
[3024.974s][debug][gc,phases      ] GC(91)     Dead                           Min: 0, Avg:  0.0, Max: 0, Diff: 0, Sum: 0, Workers: 4
[3024.974s][debug][gc,phases      ] GC(91)     Total                          Min: 0, Avg: 10.0, Max: 40, Diff: 40, Sum: 40, Workers: 4
[3024.974s][debug][gc,phases      ] GC(91)   JVMTI Tag Weak OopStorage      Min:  0.0, Avg:  0.0, Max:  0.0, Diff:  0.0, Sum:  0.0, Workers: 4
[3024.974s][debug][gc,phases      ] GC(91)     Dead                           Min: 0, Avg:  0.0, Max: 0, Diff: 0, Sum: 0, Workers: 4
[3024.974s][debug][gc,phases      ] GC(91)     Total                          Min: 0, Avg:  0.0, Max: 0, Diff: 0, Sum: 0, Workers: 4
[3024.974s][debug][gc,phases      ] GC(91)   StringTable Weak               Min:  0.1, Avg:  0.1, Max:  0.1, Diff:  0.0, Sum:  0.4, Workers: 4
[3024.974s][debug][gc,phases      ] GC(91)     Dead                           Min: 0, Avg:  0.0, Max: 0, Diff: 0, Sum: 0, Workers: 4
[3024.974s][debug][gc,phases      ] GC(91)     Total                          Min: 10244, Avg: 10689.0, Max: 11712, Diff: 1468, Sum: 42756, Workers: 4
[3024.974s][debug][gc,phases      ] GC(91)   ResolvedMethodTable Weak       Min:  0.0, Avg:  0.0, Max:  0.0, Diff:  0.0, Sum:  0.1, Workers: 4
[3024.974s][debug][gc,phases      ] GC(91)     Dead                           Min: 0, Avg:  0.0, Max: 0, Diff: 0, Sum: 0, Workers: 4
[3024.974s][debug][gc,phases      ] GC(91)     Total                          Min: 2112, Avg: 2160.0, Max: 2240, Diff: 128, Sum: 8640, Workers: 4
[3024.974s][debug][gc,phases      ] GC(91)   JNI Weak                       Min:  0.0, Avg:  0.0, Max:  0.0, Diff:  0.0, Sum:  0.0, Workers: 4
[3024.974s][debug][gc,phases      ] GC(91)     Dead                           Min: 0, Avg:  0.0, Max: 0, Diff: 0, Sum: 0, Workers: 4
[3024.974s][debug][gc,phases      ] GC(91)     Total                          Min: 0, Avg: 11.2, Max: 45, Diff: 45, Sum: 45, Workers: 4
[3024.974s][debug][gc,phases      ] GC(91)   StringDedup Table Weak         Min:  0.0, Avg:  0.0, Max:  0.0, Diff:  0.0, Sum:  0.0, Workers: 4
[3024.974s][debug][gc,phases      ] GC(91)     Dead                           Min: 0, Avg:  0.0, Max: 0, Diff: 0, Sum: 0, Workers: 4
[3024.974s][debug][gc,phases      ] GC(91)     Total                          Min: 0, Avg:  0.0, Max: 0, Diff: 0, Sum: 0, Workers: 4
[3024.974s][debug][gc,phases      ] GC(91)   StringDedup Requests0 Weak     Min:  0.0, Avg:  0.0, Max:  0.0, Diff:  0.0, Sum:  0.0, Workers: 4
[3024.974s][debug][gc,phases      ] GC(91)     Dead                           Min: 0, Avg:  0.0, Max: 0, Diff: 0, Sum: 0, Workers: 4
[3024.974s][debug][gc,phases      ] GC(91)     Total                          Min: 0, Avg:  0.0, Max: 0, Diff: 0, Sum: 0, Workers: 4
[3024.974s][debug][gc,phases      ] GC(91)   StringDedup Requests1 Weak     Min:  0.0, Avg:  0.0, Max:  0.0, Diff:  0.0, Sum:  0.0, Workers: 4
[3024.974s][debug][gc,phases      ] GC(91)     Dead                           Min: 0, Avg:  0.0, Max: 0, Diff: 0, Sum: 0, Workers: 4
[3024.974s][debug][gc,phases      ] GC(91)     Total                          Min: 0, Avg:  0.0, Max: 0, Diff: 0, Sum: 0, Workers: 4
[3024.974s][debug][gc,phases      ] GC(91)   Weak JFR Old Object Samples    Min:  0.0, Avg:  0.0, Max:  0.0, Diff:  0.0, Sum:  0.0, Workers: 4
[3024.974s][debug][gc,phases      ] GC(91)     Dead                           Min: 0, Avg:  0.0, Max: 0, Diff: 0, Sum: 0, Workers: 4
[3024.974s][debug][gc,phases      ] GC(91)     Total                          Min: 0, Avg:  0.0, Max: 0, Diff: 0, Sum: 0, Workers: 4
[3024.974s][debug][gc,phases      ] GC(91) Weak Processing 0.277ms
[3024.974s][debug][gc,age         ] GC(91) Desired survivor size 96468992 bytes, new threshold 15 (max threshold 15)
[3024.974s][info ][gc,heap        ] GC(91) PSYoungGen: 1911088K(1989120K)->39392K(2002944K) Eden: 1886208K(1886208K)->0K(1907200K) From: 24880K(102912K)->39392K(95744K)
[3024.974s][info ][gc,heap        ] GC(91) ParOldGen: 444855K(549888K)->444855K(549888K)
[3024.974s][info ][gc,metaspace   ] GC(91) Metaspace: 79771K(80704K)->79771K(80704K) NonClass: 68571K(69056K)->68571K(69056K) Class: 11200K(11648K)->11200K(11648K)
[3024.974s][info ][gc             ] GC(91) Pause Young (Allocation Failure) 2300M->472M(2493M) 11.889ms
[3024.974s][info ][gc,cpu         ] GC(91) User=0.04s Sys=0.01s Real=0.01s
[3024.974s][info ][safepoint      ] Safepoint "ParallelGCFailedAllocation", Time since last: 8488953169 ns, Reaching safepoint: 93900 ns, At safepoint: 11952166 ns, Total: 12046066 ns
[3026.974s][info ][safepoint      ] Safepoint "Cleanup", Time since last: 2000154827 ns, Reaching safepoint: 107699 ns, At safepoint: 6600 ns, Total: 114299 ns
[3030.975s][info ][safepoint      ] Safepoint "Cleanup", Time since last: 4000267446 ns, Reaching safepoint: 41900 ns, At safepoint: 14500 ns, Total: 56400 ns
[3031.975s][info ][safepoint      ] Safepoint "Cleanup", Time since last: 1000093010 ns, Reaching safepoint: 38499 ns, At safepoint: 6000 ns, Total: 44499 ns
[3034.975s][info ][safepoint      ] Safepoint "Cleanup", Time since last: 3000181527 ns, Reaching safepoint: 44600 ns, At safepoint: 2000 ns, Total: 46600 ns
[3035.975s][info ][safepoint      ] Safepoint "Cleanup", Time since last: 1000101008 ns, Reaching safepoint: 30100 ns, At safepoint: 2300 ns, Total: 32400 ns
[3039.975s][info ][safepoint      ] Safepoint "Cleanup", Time since last: 4000280425 ns, Reaching safepoint: 37800 ns, At safepoint: 3300 ns, Total: 41100 ns
[3040.976s][info ][safepoint      ] Safepoint "Cleanup", Time since last: 1000053705 ns, Reaching safepoint: 30700 ns, At safepoint: 3300 ns, Total: 34000 ns
[3042.976s][info ][safepoint      ] Safepoint "Cleanup", Time since last: 2000169408 ns, Reaching safepoint: 101500 ns, At safepoint: 10800 ns, Total: 112300 ns
[3043.337s][info ][gc,start       ] GC(92) Pause Young (Allocation Failure)
[3043.358s][debug][gc,phases      ] GC(92) Scavenge 20.771ms
[3043.358s][debug][gc,ref         ] GC(92) Skipped phase 1 of Reference Processing: no references
[3043.358s][debug][gc,ref         ] GC(92) ReferenceProcessor::execute queues: 1, RefProcThreadModel::Single, marks_oops_alive: false
[3043.358s][debug][gc,ref         ] GC(92) Skipped phase 3 of Reference Processing: no references
[3043.358s][debug][gc,ref         ] GC(92) ReferenceProcessor::execute queues: 1, RefProcThreadModel::Single, marks_oops_alive: false
[3043.358s][debug][gc,phases      ] GC(92) Reference Processing 0.105ms
[3043.358s][debug][gc,phases      ] GC(92)   VM Weak                        Min:  0.0, Avg:  0.0, Max:  0.0, Diff:  0.0, Sum:  0.0, Workers: 4
[3043.358s][debug][gc,phases      ] GC(92)     Dead                           Min: 0, Avg:  0.0, Max: 0, Diff: 0, Sum: 0, Workers: 4
[3043.358s][debug][gc,phases      ] GC(92)     Total                          Min: 0, Avg: 191.5, Max: 384, Diff: 384, Sum: 766, Workers: 4
[3043.358s][debug][gc,phases      ] GC(92)   ObjectSynchronizer Weak        Min:  0.0, Avg:  0.0, Max:  0.0, Diff:  0.0, Sum:  0.0, Workers: 4
[3043.358s][debug][gc,phases      ] GC(92)     Dead                           Min: 0, Avg:  0.5, Max: 2, Diff: 2, Sum: 2, Workers: 4
[3043.358s][debug][gc,phases      ] GC(92)     Total                          Min: 0, Avg: 10.5, Max: 42, Diff: 42, Sum: 42, Workers: 4
[3043.358s][debug][gc,phases      ] GC(92)   JVMTI Tag Weak OopStorage      Min:  0.0, Avg:  0.0, Max:  0.0, Diff:  0.0, Sum:  0.0, Workers: 4
[3043.358s][debug][gc,phases      ] GC(92)     Dead                           Min: 0, Avg:  0.0, Max: 0, Diff: 0, Sum: 0, Workers: 4
[3043.358s][debug][gc,phases      ] GC(92)     Total                          Min: 0, Avg:  0.0, Max: 0, Diff: 0, Sum: 0, Workers: 4
[3043.358s][debug][gc,phases      ] GC(92)   StringTable Weak               Min:  0.0, Avg:  0.1, Max:  0.1, Diff:  0.1, Sum:  0.3, Workers: 4
[3043.358s][debug][gc,phases      ] GC(92)     Dead                           Min: 0, Avg:  0.0, Max: 0, Diff: 0, Sum: 0, Workers: 4
[3043.358s][debug][gc,phases      ] GC(92)     Total                          Min: 0, Avg: 10689.2, Max: 18432, Diff: 18432, Sum: 42757, Workers: 4
[3043.358s][debug][gc,phases      ] GC(92)   ResolvedMethodTable Weak       Min:  0.0, Avg:  0.0, Max:  0.0, Diff:  0.0, Sum:  0.1, Workers: 4
[3043.358s][debug][gc,phases      ] GC(92)     Dead                           Min: 0, Avg:  0.0, Max: 0, Diff: 0, Sum: 0, Workers: 4
[3043.358s][debug][gc,phases      ] GC(92)     Total                          Min: 0, Avg: 2160.0, Max: 3840, Diff: 3840, Sum: 8640, Workers: 4
[3043.358s][debug][gc,phases      ] GC(92)   JNI Weak                       Min:  0.0, Avg:  0.0, Max:  0.0, Diff:  0.0, Sum:  0.0, Workers: 4
[3043.358s][debug][gc,phases      ] GC(92)     Dead                           Min: 0, Avg:  0.0, Max: 0, Diff: 0, Sum: 0, Workers: 4
[3043.358s][debug][gc,phases      ] GC(92)     Total                          Min: 0, Avg: 11.2, Max: 45, Diff: 45, Sum: 45, Workers: 4
[3043.358s][debug][gc,phases      ] GC(92)   StringDedup Table Weak         Min:  0.0, Avg:  0.0, Max:  0.0, Diff:  0.0, Sum:  0.0, Workers: 4
[3043.358s][debug][gc,phases      ] GC(92)     Dead                           Min: 0, Avg:  0.0, Max: 0, Diff: 0, Sum: 0, Workers: 4
[3043.358s][debug][gc,phases      ] GC(92)     Total                          Min: 0, Avg:  0.0, Max: 0, Diff: 0, Sum: 0, Workers: 4
[3043.358s][debug][gc,phases      ] GC(92)   StringDedup Requests0 Weak     Min:  0.0, Avg:  0.0, Max:  0.0, Diff:  0.0, Sum:  0.0, Workers: 4
[3043.358s][debug][gc,phases      ] GC(92)     Dead                           Min: 0, Avg:  0.0, Max: 0, Diff: 0, Sum: 0, Workers: 4
[3043.358s][debug][gc,phases      ] GC(92)     Total                          Min: 0, Avg:  0.0, Max: 0, Diff: 0, Sum: 0, Workers: 4
[3043.358s][debug][gc,phases      ] GC(92)   StringDedup Requests1 Weak     Min:  0.0, Avg:  0.0, Max:  0.0, Diff:  0.0, Sum:  0.0, Workers: 4
[3043.358s][debug][gc,phases      ] GC(92)     Dead                           Min: 0, Avg:  0.0, Max: 0, Diff: 0, Sum: 0, Workers: 4
[3043.358s][debug][gc,phases      ] GC(92)     Total                          Min: 0, Avg:  0.0, Max: 0, Diff: 0, Sum: 0, Workers: 4
[3043.358s][debug][gc,phases      ] GC(92)   Weak JFR Old Object Samples    Min:  0.0, Avg:  0.0, Max:  0.0, Diff:  0.0, Sum:  0.0, Workers: 4
[3043.358s][debug][gc,phases      ] GC(92)     Dead                           Min: 0, Avg:  0.0, Max: 0, Diff: 0, Sum: 0, Workers: 4
[3043.358s][debug][gc,phases      ] GC(92)     Total                          Min: 0, Avg:  0.0, Max: 0, Diff: 0, Sum: 0, Workers: 4
[3043.358s][debug][gc,phases      ] GC(92) Weak Processing 0.288ms
[3043.358s][debug][gc,age         ] GC(92) Desired survivor size 106430464 bytes, new threshold 15 (max threshold 15)
[3043.358s][info ][gc,heap        ] GC(92) PSYoungGen: 1946592K(2002944K)->70272K(1977856K) Eden: 1907200K(1907200K)->0K(1907200K) From: 39392K(95744K)->70272K(70656K)
[3043.358s][info ][gc,heap        ] GC(92) ParOldGen: 444855K(549888K)->444855K(549888K)
[3043.358s][info ][gc,metaspace   ] GC(92) Metaspace: 79773K(80704K)->79773K(80704K) NonClass: 68572K(69056K)->68572K(69056K) Class: 11200K(11648K)->11200K(11648K)
[3043.358s][info ][gc             ] GC(92) Pause Young (Allocation Failure) 2335M->503M(2468M) 21.272ms
[3043.358s][info ][gc,cpu         ] GC(92) User=0.07s Sys=0.00s Real=0.02s
[3043.358s][info ][safepoint      ] Safepoint "ParallelGCFailedAllocation", Time since last: 361008691 ns, Reaching safepoint: 23600 ns, At safepoint: 21343240 ns, Total: 21366840 ns
[3044.358s][info ][safepoint      ] Safepoint "Cleanup", Time since last: 1000085103 ns, Reaching safepoint: 45900 ns, At safepoint: 2200 ns, Total: 48100 ns
[3045.358s][info ][safepoint      ] Safepoint "Cleanup", Time since last: 1000085803 ns, Reaching safepoint: 35500 ns, At safepoint: 2400 ns, Total: 37900 ns
[3048.359s][info ][safepoint      ] Safepoint "Cleanup", Time since last: 3000200304 ns, Reaching safepoint: 33900 ns, At safepoint: 2300 ns, Total: 36200 ns
[3052.359s][info ][safepoint      ] Safepoint "Cleanup", Time since last: 4000250999 ns, Reaching safepoint: 38900 ns, At safepoint: 3400 ns, Total: 42300 ns
[3069.212s][info ][gc,start       ] GC(93) Pause Young (Allocation Failure)
[3069.231s][debug][gc,phases      ] GC(93) Scavenge 19.195ms
[3069.231s][debug][gc,ref         ] GC(93) Skipped phase 1 of Reference Processing: no references
[3069.231s][debug][gc,ref         ] GC(93) ReferenceProcessor::execute queues: 1, RefProcThreadModel::Single, marks_oops_alive: false
[3069.231s][debug][gc,ref         ] GC(93) Skipped phase 3 of Reference Processing: no references
[3069.231s][debug][gc,ref         ] GC(93) ReferenceProcessor::execute queues: 1, RefProcThreadModel::Single, marks_oops_alive: false
[3069.231s][debug][gc,phases      ] GC(93) Reference Processing 0.104ms
[3069.231s][debug][gc,phases      ] GC(93)   VM Weak                        Min:  0.0, Avg:  0.0, Max:  0.0, Diff:  0.0, Sum:  0.0, Workers: 4
[3069.231s][debug][gc,phases      ] GC(93)     Dead                           Min: 0, Avg:  0.0, Max: 0, Diff: 0, Sum: 0, Workers: 4
[3069.231s][debug][gc,phases      ] GC(93)     Total                          Min: 0, Avg: 191.5, Max: 766, Diff: 766, Sum: 766, Workers: 4
[3069.231s][debug][gc,phases      ] GC(93)   ObjectSynchronizer Weak        Min:  0.0, Avg:  0.0, Max:  0.0, Diff:  0.0, Sum:  0.0, Workers: 4
[3069.231s][debug][gc,phases      ] GC(93)     Dead                           Min: 0, Avg:  0.0, Max: 0, Diff: 0, Sum: 0, Workers: 4
[3069.231s][debug][gc,phases      ] GC(93)     Total                          Min: 0, Avg: 10.5, Max: 42, Diff: 42, Sum: 42, Workers: 4
[3069.231s][debug][gc,phases      ] GC(93)   JVMTI Tag Weak OopStorage      Min:  0.0, Avg:  0.0, Max:  0.0, Diff:  0.0, Sum:  0.0, Workers: 4
[3069.231s][debug][gc,phases      ] GC(93)     Dead                           Min: 0, Avg:  0.0, Max: 0, Diff: 0, Sum: 0, Workers: 4
[3069.231s][debug][gc,phases      ] GC(93)     Total                          Min: 0, Avg:  0.0, Max: 0, Diff: 0, Sum: 0, Workers: 4
[3069.231s][debug][gc,phases      ] GC(93)   StringTable Weak               Min:  0.1, Avg:  0.1, Max:  0.1, Diff:  0.0, Sum:  0.4, Workers: 4
[3069.231s][debug][gc,phases      ] GC(93)     Dead                           Min: 0, Avg:  0.0, Max: 0, Diff: 0, Sum: 0, Workers: 4
[3069.231s][debug][gc,phases      ] GC(93)     Total                          Min: 10504, Avg: 10690.0, Max: 10880, Diff: 376, Sum: 42760, Workers: 4
[3069.231s][debug][gc,phases      ] GC(93)   ResolvedMethodTable Weak       Min:  0.0, Avg:  0.0, Max:  0.0, Diff:  0.0, Sum:  0.1, Workers: 4
[3069.231s][debug][gc,phases      ] GC(93)     Dead                           Min: 0, Avg:  0.0, Max: 0, Diff: 0, Sum: 0, Workers: 4
[3069.231s][debug][gc,phases      ] GC(93)     Total                          Min: 2048, Avg: 2160.0, Max: 2240, Diff: 192, Sum: 8640, Workers: 4
[3069.231s][debug][gc,phases      ] GC(93)   JNI Weak                       Min:  0.0, Avg:  0.0, Max:  0.0, Diff:  0.0, Sum:  0.0, Workers: 4
[3069.231s][debug][gc,phases      ] GC(93)     Dead                           Min: 0, Avg:  0.0, Max: 0, Diff: 0, Sum: 0, Workers: 4
[3069.231s][debug][gc,phases      ] GC(93)     Total                          Min: 0, Avg: 11.2, Max: 45, Diff: 45, Sum: 45, Workers: 4
[3069.231s][debug][gc,phases      ] GC(93)   StringDedup Table Weak         Min:  0.0, Avg:  0.0, Max:  0.0, Diff:  0.0, Sum:  0.0, Workers: 4
[3069.231s][debug][gc,phases      ] GC(93)     Dead                           Min: 0, Avg:  0.0, Max: 0, Diff: 0, Sum: 0, Workers: 4
[3069.231s][debug][gc,phases      ] GC(93)     Total                          Min: 0, Avg:  0.0, Max: 0, Diff: 0, Sum: 0, Workers: 4
[3069.231s][debug][gc,phases      ] GC(93)   StringDedup Requests0 Weak     Min:  0.0, Avg:  0.0, Max:  0.0, Diff:  0.0, Sum:  0.0, Workers: 4
[3069.231s][debug][gc,phases      ] GC(93)     Dead                           Min: 0, Avg:  0.0, Max: 0, Diff: 0, Sum: 0, Workers: 4
[3069.231s][debug][gc,phases      ] GC(93)     Total                          Min: 0, Avg:  0.0, Max: 0, Diff: 0, Sum: 0, Workers: 4
[3069.231s][debug][gc,phases      ] GC(93)   StringDedup Requests1 Weak     Min:  0.0, Avg:  0.0, Max:  0.0, Diff:  0.0, Sum:  0.0, Workers: 4
[3069.231s][debug][gc,phases      ] GC(93)     Dead                           Min: 0, Avg:  0.0, Max: 0, Diff: 0, Sum: 0, Workers: 4
[3069.231s][debug][gc,phases      ] GC(93)     Total                          Min: 0, Avg:  0.0, Max: 0, Diff: 0, Sum: 0, Workers: 4
[3069.231s][debug][gc,phases      ] GC(93)   Weak JFR Old Object Samples    Min:  0.0, Avg:  0.0, Max:  0.0, Diff:  0.0, Sum:  0.0, Workers: 4
[3069.231s][debug][gc,phases      ] GC(93)     Dead                           Min: 0, Avg:  0.0, Max: 0, Diff: 0, Sum: 0, Workers: 4
[3069.231s][debug][gc,phases      ] GC(93)     Total                          Min: 0, Avg:  0.0, Max: 0, Diff: 0, Sum: 0, Workers: 4
[3069.231s][debug][gc,phases      ] GC(93) Weak Processing 0.274ms
[3069.231s][debug][gc,age         ] GC(93) Desired survivor size 117964800 bytes, new threshold 15 (max threshold 15)
[3069.231s][info ][gc,heap        ] GC(93) PSYoungGen: 1977472K(1977856K)->79584K(1970688K) Eden: 1907200K(1907200K)->0K(1866752K) From: 70272K(70656K)->79584K(103936K)
[3069.231s][info ][gc,heap        ] GC(93) ParOldGen: 444855K(549888K)->445211K(549888K)
[3069.231s][info ][gc,metaspace   ] GC(93) Metaspace: 79813K(80768K)->79813K(80768K) NonClass: 68611K(69120K)->68611K(69120K) Class: 11201K(11648K)->11201K(11648K)
[3069.231s][info ][gc             ] GC(93) Pause Young (Allocation Failure) 2365M->512M(2461M) 19.686ms
[3069.231s][info ][gc,cpu         ] GC(93) User=0.08s Sys=0.00s Real=0.02s
[3069.231s][info ][safepoint      ] Safepoint "ParallelGCFailedAllocation", Time since last: 16852697018 ns, Reaching safepoint: 32600 ns, At safepoint: 19762244 ns, Total: 19794844 ns
[3074.232s][info ][safepoint      ] Safepoint "Cleanup", Time since last: 5000301143 ns, Reaching safepoint: 42600 ns, At safepoint: 5700 ns, Total: 48300 ns
[3077.232s][info ][safepoint      ] Safepoint "Cleanup", Time since last: 3000227859 ns, Reaching safepoint: 28700 ns, At safepoint: 2400 ns, Total: 31100 ns
[3086.233s][info ][safepoint      ] Safepoint "Cleanup", Time since last: 9000574051 ns, Reaching safepoint: 28400 ns, At safepoint: 3000 ns, Total: 31400 ns
[3091.233s][info ][safepoint      ] Safepoint "Cleanup", Time since last: 5000312999 ns, Reaching safepoint: 31400 ns, At safepoint: 2600 ns, Total: 34000 ns
[3100.234s][info ][safepoint      ] Safepoint "Cleanup", Time since last: 9000555489 ns, Reaching safepoint: 34900 ns, At safepoint: 2800 ns, Total: 37700 ns
[3101.234s][info ][safepoint      ] Safepoint "Cleanup", Time since last: 1000064874 ns, Reaching safepoint: 36500 ns, At safepoint: 2900 ns, Total: 39400 ns
[3101.261s][info ][gc,start       ] GC(94) Pause Young (Allocation Failure)
[3101.280s][debug][gc,phases      ] GC(94) Scavenge 18.103ms
[3101.280s][debug][gc,ref         ] GC(94) Skipped phase 1 of Reference Processing: no references
[3101.280s][debug][gc,ref         ] GC(94) ReferenceProcessor::execute queues: 1, RefProcThreadModel::Single, marks_oops_alive: false
[3101.280s][debug][gc,ref         ] GC(94) Skipped phase 3 of Reference Processing: no references
[3101.280s][debug][gc,ref         ] GC(94) ReferenceProcessor::execute queues: 1, RefProcThreadModel::Single, marks_oops_alive: false
[3101.280s][debug][gc,phases      ] GC(94) Reference Processing 0.112ms
[3101.280s][debug][gc,phases      ] GC(94)   VM Weak                        Min:  0.0, Avg:  0.0, Max:  0.0, Diff:  0.0, Sum:  0.0, Workers: 4
[3101.280s][debug][gc,phases      ] GC(94)     Dead                           Min: 0, Avg:  0.0, Max: 0, Diff: 0, Sum: 0, Workers: 4
[3101.280s][debug][gc,phases      ] GC(94)     Total                          Min: 0, Avg: 191.5, Max: 766, Diff: 766, Sum: 766, Workers: 4
[3101.280s][debug][gc,phases      ] GC(94)   ObjectSynchronizer Weak        Min:  0.0, Avg:  0.0, Max:  0.0, Diff:  0.0, Sum:  0.0, Workers: 4
[3101.280s][debug][gc,phases      ] GC(94)     Dead                           Min: 0, Avg:  0.0, Max: 0, Diff: 0, Sum: 0, Workers: 4
[3101.280s][debug][gc,phases      ] GC(94)     Total                          Min: 0, Avg: 10.5, Max: 42, Diff: 42, Sum: 42, Workers: 4
[3101.280s][debug][gc,phases      ] GC(94)   JVMTI Tag Weak OopStorage      Min:  0.0, Avg:  0.0, Max:  0.0, Diff:  0.0, Sum:  0.0, Workers: 4
[3101.280s][debug][gc,phases      ] GC(94)     Dead                           Min: 0, Avg:  0.0, Max: 0, Diff: 0, Sum: 0, Workers: 4
[3101.280s][debug][gc,phases      ] GC(94)     Total                          Min: 0, Avg:  0.0, Max: 0, Diff: 0, Sum: 0, Workers: 4
[3101.280s][debug][gc,phases      ] GC(94)   StringTable Weak               Min:  0.1, Avg:  0.1, Max:  0.1, Diff:  0.0, Sum:  0.4, Workers: 4
[3101.280s][debug][gc,phases      ] GC(94)     Dead                           Min: 0, Avg:  0.0, Max: 0, Diff: 0, Sum: 0, Workers: 4
[3101.280s][debug][gc,phases      ] GC(94)     Total                          Min: 9288, Avg: 10690.0, Max: 11584, Diff: 2296, Sum: 42760, Workers: 4
[3101.280s][debug][gc,phases      ] GC(94)   ResolvedMethodTable Weak       Min:  0.0, Avg:  0.0, Max:  0.0, Diff:  0.0, Sum:  0.1, Workers: 4
[3101.280s][debug][gc,phases      ] GC(94)     Dead                           Min: 0, Avg:  0.0, Max: 0, Diff: 0, Sum: 0, Workers: 4
[3101.280s][debug][gc,phases      ] GC(94)     Total                          Min: 1984, Avg: 2160.0, Max: 2304, Diff: 320, Sum: 8640, Workers: 4
[3101.280s][debug][gc,phases      ] GC(94)   JNI Weak                       Min:  0.0, Avg:  0.0, Max:  0.0, Diff:  0.0, Sum:  0.0, Workers: 4
[3101.280s][debug][gc,phases      ] GC(94)     Dead                           Min: 0, Avg:  0.0, Max: 0, Diff: 0, Sum: 0, Workers: 4
[3101.280s][debug][gc,phases      ] GC(94)     Total                          Min: 0, Avg: 11.2, Max: 45, Diff: 45, Sum: 45, Workers: 4
[3101.280s][debug][gc,phases      ] GC(94)   StringDedup Table Weak         Min:  0.0, Avg:  0.0, Max:  0.0, Diff:  0.0, Sum:  0.0, Workers: 4
[3101.280s][debug][gc,phases      ] GC(94)     Dead                           Min: 0, Avg:  0.0, Max: 0, Diff: 0, Sum: 0, Workers: 4
[3101.280s][debug][gc,phases      ] GC(94)     Total                          Min: 0, Avg:  0.0, Max: 0, Diff: 0, Sum: 0, Workers: 4
[3101.280s][debug][gc,phases      ] GC(94)   StringDedup Requests0 Weak     Min:  0.0, Avg:  0.0, Max:  0.0, Diff:  0.0, Sum:  0.0, Workers: 4
[3101.280s][debug][gc,phases      ] GC(94)     Dead                           Min: 0, Avg:  0.0, Max: 0, Diff: 0, Sum: 0, Workers: 4
[3101.280s][debug][gc,phases      ] GC(94)     Total                          Min: 0, Avg:  0.0, Max: 0, Diff: 0, Sum: 0, Workers: 4
[3101.280s][debug][gc,phases      ] GC(94)   StringDedup Requests1 Weak     Min:  0.0, Avg:  0.0, Max:  0.0, Diff:  0.0, Sum:  0.0, Workers: 4
[3101.280s][debug][gc,phases      ] GC(94)     Dead                           Min: 0, Avg:  0.0, Max: 0, Diff: 0, Sum: 0, Workers: 4
[3101.280s][debug][gc,phases      ] GC(94)     Total                          Min: 0, Avg:  0.0, Max: 0, Diff: 0, Sum: 0, Workers: 4
[3101.280s][debug][gc,phases      ] GC(94)   Weak JFR Old Object Samples    Min:  0.0, Avg:  0.0, Max:  0.0, Diff:  0.0, Sum:  0.0, Workers: 4
[3101.280s][debug][gc,phases      ] GC(94)     Dead                           Min: 0, Avg:  0.0, Max: 0, Diff: 0, Sum: 0, Workers: 4
[3101.280s][debug][gc,phases      ] GC(94)     Total                          Min: 0, Avg:  0.0, Max: 0, Diff: 0, Sum: 0, Workers: 4
[3101.280s][debug][gc,phases      ] GC(94) Weak Processing 0.275ms
[3101.280s][debug][gc,age         ] GC(94) Desired survivor size 126877696 bytes, new threshold 15 (max threshold 15)
[3101.280s][info ][gc,heap        ] GC(94) PSYoungGen: 1946336K(1970688K)->81008K(1948160K) Eden: 1866752K(1866752K)->0K(1866752K) From: 79584K(103936K)->81008K(81408K)
[3101.280s][info ][gc,heap        ] GC(94) ParOldGen: 445211K(549888K)->445575K(549888K)
[3101.280s][info ][gc,metaspace   ] GC(94) Metaspace: 79822K(80768K)->79822K(80768K) NonClass: 68620K(69120K)->68620K(69120K) Class: 11201K(11648K)->11201K(11648K)
[3101.280s][info ][gc             ] GC(94) Pause Young (Allocation Failure) 2335M->514M(2439M) 18.587ms
[3101.280s][info ][gc,cpu         ] GC(94) User=0.07s Sys=0.00s Real=0.02s
[3101.280s][info ][safepoint      ] Safepoint "ParallelGCFailedAllocation", Time since last: 27525322 ns, Reaching safepoint: 112100 ns, At safepoint: 18658847 ns, Total: 18770947 ns
[3103.280s][info ][safepoint      ] Safepoint "Cleanup", Time since last: 2000145946 ns, Reaching safepoint: 29800 ns, At safepoint: 2600 ns, Total: 32400 ns
[3105.280s][info ][safepoint      ] Safepoint "Cleanup", Time since last: 2000141345 ns, Reaching safepoint: 24500 ns, At safepoint: 2000 ns, Total: 26500 ns
[3106.281s][info ][safepoint      ] Safepoint "Cleanup", Time since last: 1000091571 ns, Reaching safepoint: 47200 ns, At safepoint: 2200 ns, Total: 49400 ns
[3107.281s][info ][safepoint      ] Safepoint "Cleanup", Time since last: 1000097971 ns, Reaching safepoint: 49400 ns, At safepoint: 4300 ns, Total: 53700 ns
[3108.281s][info ][safepoint      ] Safepoint "Cleanup", Time since last: 1000090771 ns, Reaching safepoint: 24100 ns, At safepoint: 2300 ns, Total: 26400 ns
[3109.281s][info ][safepoint      ] Safepoint "Cleanup", Time since last: 1000101070 ns, Reaching safepoint: 48200 ns, At safepoint: 2800 ns, Total: 51000 ns
[3111.281s][info ][safepoint      ] Safepoint "Cleanup", Time since last: 2000157338 ns, Reaching safepoint: 64800 ns, At safepoint: 6200 ns, Total: 71000 ns
[3113.281s][info ][safepoint      ] Safepoint "Cleanup", Time since last: 2000124337 ns, Reaching safepoint: 112900 ns, At safepoint: 9700 ns, Total: 122600 ns
[3116.282s][info ][safepoint      ] Safepoint "Cleanup", Time since last: 3000197102 ns, Reaching safepoint: 32600 ns, At safepoint: 2400 ns, Total: 35000 ns
[3117.282s][info ][safepoint      ] Safepoint "Cleanup", Time since last: 1000103666 ns, Reaching safepoint: 30300 ns, At safepoint: 2300 ns, Total: 32600 ns
[3123.282s][info ][safepoint      ] Safepoint "Cleanup", Time since last: 6000307689 ns, Reaching safepoint: 45499 ns, At safepoint: 3100 ns, Total: 48599 ns
[3124.282s][info ][safepoint      ] Safepoint "Cleanup", Time since last: 1000051964 ns, Reaching safepoint: 40000 ns, At safepoint: 6700 ns, Total: 46700 ns
[3126.282s][info ][safepoint      ] Safepoint "Cleanup", Time since last: 2000138024 ns, Reaching safepoint: 26700 ns, At safepoint: 2600 ns, Total: 29300 ns
[3134.283s][info ][safepoint      ] Safepoint "Cleanup", Time since last: 8000556681 ns, Reaching safepoint: 40100 ns, At safepoint: 3700 ns, Total: 43800 ns
[3135.876s][info ][gc,start       ] GC(95) Pause Young (Allocation Failure)
[3135.896s][debug][gc,phases      ] GC(95) Scavenge 19.905ms
[3135.896s][debug][gc,ref         ] GC(95) Skipped phase 1 of Reference Processing: no references
[3135.896s][debug][gc,ref         ] GC(95) ReferenceProcessor::execute queues: 1, RefProcThreadModel::Single, marks_oops_alive: false
[3135.896s][debug][gc,ref         ] GC(95) Skipped phase 3 of Reference Processing: no references
[3135.896s][debug][gc,ref         ] GC(95) ReferenceProcessor::execute queues: 1, RefProcThreadModel::Single, marks_oops_alive: false
[3135.896s][debug][gc,phases      ] GC(95) Reference Processing 0.099ms
[3135.896s][debug][gc,phases      ] GC(95)   VM Weak                        Min:  0.0, Avg:  0.0, Max:  0.0, Diff:  0.0, Sum:  0.0, Workers: 4
[3135.896s][debug][gc,phases      ] GC(95)     Dead                           Min: 0, Avg:  0.0, Max: 0, Diff: 0, Sum: 0, Workers: 4
[3135.896s][debug][gc,phases      ] GC(95)     Total                          Min: 0, Avg: 191.8, Max: 640, Diff: 640, Sum: 767, Workers: 4
[3135.896s][debug][gc,phases      ] GC(95)   ObjectSynchronizer Weak        Min:  0.0, Avg:  0.0, Max:  0.0, Diff:  0.0, Sum:  0.0, Workers: 4
[3135.896s][debug][gc,phases      ] GC(95)     Dead                           Min: 0, Avg:  0.0, Max: 0, Diff: 0, Sum: 0, Workers: 4
[3135.896s][debug][gc,phases      ] GC(95)     Total                          Min: 0, Avg: 10.5, Max: 42, Diff: 42, Sum: 42, Workers: 4
[3135.896s][debug][gc,phases      ] GC(95)   JVMTI Tag Weak OopStorage      Min:  0.0, Avg:  0.0, Max:  0.0, Diff:  0.0, Sum:  0.0, Workers: 4
[3135.896s][debug][gc,phases      ] GC(95)     Dead                           Min: 0, Avg:  0.0, Max: 0, Diff: 0, Sum: 0, Workers: 4
[3135.896s][debug][gc,phases      ] GC(95)     Total                          Min: 0, Avg:  0.0, Max: 0, Diff: 0, Sum: 0, Workers: 4
[3135.896s][debug][gc,phases      ] GC(95)   StringTable Weak               Min:  0.1, Avg:  0.1, Max:  0.1, Diff:  0.0, Sum:  0.4, Workers: 4
[3135.896s][debug][gc,phases      ] GC(95)     Dead                           Min: 0, Avg:  0.0, Max: 0, Diff: 0, Sum: 0, Workers: 4
[3135.896s][debug][gc,phases      ] GC(95)     Total                          Min: 10304, Avg: 10692.5, Max: 11200, Diff: 896, Sum: 42770, Workers: 4
[3135.896s][debug][gc,phases      ] GC(95)   ResolvedMethodTable Weak       Min:  0.0, Avg:  0.0, Max:  0.0, Diff:  0.0, Sum:  0.1, Workers: 4
[3135.896s][debug][gc,phases      ] GC(95)     Dead                           Min: 0, Avg:  0.0, Max: 0, Diff: 0, Sum: 0, Workers: 4
[3135.896s][debug][gc,phases      ] GC(95)     Total                          Min: 2048, Avg: 2162.2, Max: 2240, Diff: 192, Sum: 8649, Workers: 4
[3135.896s][debug][gc,phases      ] GC(95)   JNI Weak                       Min:  0.0, Avg:  0.0, Max:  0.0, Diff:  0.0, Sum:  0.0, Workers: 4
[3135.896s][debug][gc,phases      ] GC(95)     Dead                           Min: 0, Avg:  0.0, Max: 0, Diff: 0, Sum: 0, Workers: 4
[3135.896s][debug][gc,phases      ] GC(95)     Total                          Min: 0, Avg: 11.2, Max: 45, Diff: 45, Sum: 45, Workers: 4
[3135.896s][debug][gc,phases      ] GC(95)   StringDedup Table Weak         Min:  0.0, Avg:  0.0, Max:  0.0, Diff:  0.0, Sum:  0.0, Workers: 4
[3135.896s][debug][gc,phases      ] GC(95)     Dead                           Min: 0, Avg:  0.0, Max: 0, Diff: 0, Sum: 0, Workers: 4
[3135.896s][debug][gc,phases      ] GC(95)     Total                          Min: 0, Avg:  0.0, Max: 0, Diff: 0, Sum: 0, Workers: 4
[3135.896s][debug][gc,phases      ] GC(95)   StringDedup Requests0 Weak     Min:  0.0, Avg:  0.0, Max:  0.0, Diff:  0.0, Sum:  0.0, Workers: 4
[3135.896s][debug][gc,phases      ] GC(95)     Dead                           Min: 0, Avg:  0.0, Max: 0, Diff: 0, Sum: 0, Workers: 4
[3135.896s][debug][gc,phases      ] GC(95)     Total                          Min: 0, Avg:  0.0, Max: 0, Diff: 0, Sum: 0, Workers: 4
[3135.896s][debug][gc,phases      ] GC(95)   StringDedup Requests1 Weak     Min:  0.0, Avg:  0.0, Max:  0.0, Diff:  0.0, Sum:  0.0, Workers: 4
[3135.896s][debug][gc,phases      ] GC(95)     Dead                           Min: 0, Avg:  0.0, Max: 0, Diff: 0, Sum: 0, Workers: 4
[3135.896s][debug][gc,phases      ] GC(95)     Total                          Min: 0, Avg:  0.0, Max: 0, Diff: 0, Sum: 0, Workers: 4
[3135.896s][debug][gc,phases      ] GC(95)   Weak JFR Old Object Samples    Min:  0.0, Avg:  0.0, Max:  0.0, Diff:  0.0, Sum:  0.0, Workers: 4
[3135.896s][debug][gc,phases      ] GC(95)     Dead                           Min: 0, Avg:  0.0, Max: 0, Diff: 0, Sum: 0, Workers: 4
[3135.896s][debug][gc,phases      ] GC(95)     Total                          Min: 0, Avg:  0.0, Max: 0, Diff: 0, Sum: 0, Workers: 4
[3135.896s][debug][gc,phases      ] GC(95) Weak Processing 0.294ms
[3135.896s][debug][gc,age         ] GC(95) Desired survivor size 134217728 bytes, new threshold 15 (max threshold 15)
[3135.896s][info ][gc,heap        ] GC(95) PSYoungGen: 1947760K(1948160K)->80368K(1958912K) Eden: 1866752K(1866752K)->0K(1835008K) From: 81008K(81408K)->80368K(123904K)
[3135.896s][info ][gc,heap        ] GC(95) ParOldGen: 445575K(549888K)->445667K(549888K)
[3135.896s][info ][gc,metaspace   ] GC(95) Metaspace: 79849K(80768K)->79849K(80768K) NonClass: 68644K(69120K)->68644K(69120K) Class: 11205K(11648K)->11205K(11648K)
[3135.896s][info ][gc             ] GC(95) Pause Young (Allocation Failure) 2337M->513M(2450M) 20.409ms
[3135.896s][info ][gc,cpu         ] GC(95) User=0.08s Sys=0.00s Real=0.02s
[3135.896s][info ][safepoint      ] Safepoint "ParallelGCFailedAllocation", Time since last: 1592918773 ns, Reaching safepoint: 46800 ns, At safepoint: 20489642 ns, Total: 20536442 ns
[3137.897s][info ][safepoint      ] Safepoint "Cleanup", Time since last: 2000137914 ns, Reaching safepoint: 43200 ns, At safepoint: 5400 ns, Total: 48600 ns
[3139.212s][info ][safepoint      ] Safepoint "Cleanup", Time since last: 1314788461 ns, Reaching safepoint: 125400 ns, At safepoint: 9700 ns, Total: 135100 ns
[3146.212s][info ][safepoint      ] Safepoint "Cleanup", Time since last: 7000489981 ns, Reaching safepoint: 130000 ns, At safepoint: 5100 ns, Total: 135100 ns
[3147.713s][info ][safepoint      ] Safepoint "Cleanup", Time since last: 1500306328 ns, Reaching safepoint: 109200 ns, At safepoint: 13000 ns, Total: 122200 ns
[3149.713s][info ][safepoint      ] Safepoint "Cleanup", Time since last: 2000166804 ns, Reaching safepoint: 114599 ns, At safepoint: 6300 ns, Total: 120899 ns
[3151.713s][info ][safepoint      ] Safepoint "Cleanup", Time since last: 2000161302 ns, Reaching safepoint: 96800 ns, At safepoint: 9700 ns, Total: 106500 ns
[3152.713s][info ][safepoint      ] Safepoint "Cleanup", Time since last: 1000094750 ns, Reaching safepoint: 23700 ns, At safepoint: 2700 ns, Total: 26400 ns
[3154.714s][info ][safepoint      ] Safepoint "Cleanup", Time since last: 2000166799 ns, Reaching safepoint: 24600 ns, At safepoint: 2100 ns, Total: 26700 ns
[3163.714s][info ][safepoint      ] Safepoint "Cleanup", Time since last: 9000543025 ns, Reaching safepoint: 109400 ns, At safepoint: 5900 ns, Total: 115300 ns
[3168.715s][info ][safepoint      ] Safepoint "Cleanup", Time since last: 5000347421 ns, Reaching safepoint: 37700 ns, At safepoint: 3900 ns, Total: 41600 ns
[3171.715s][info ][safepoint      ] Safepoint "Cleanup", Time since last: 3000186828 ns, Reaching safepoint: 39200 ns, At safepoint: 2400 ns, Total: 41600 ns
[3172.715s][info ][safepoint      ] Safepoint "Cleanup", Time since last: 1000103141 ns, Reaching safepoint: 33000 ns, At safepoint: 2400 ns, Total: 35400 ns
[3177.715s][info ][safepoint      ] Safepoint "Cleanup", Time since last: 5000343502 ns, Reaching safepoint: 24400 ns, At safepoint: 2500 ns, Total: 26900 ns
[3185.383s][info ][safepoint      ] Safepoint "Cleanup", Time since last: 7667456056 ns, Reaching safepoint: 40100 ns, At safepoint: 2200 ns, Total: 42300 ns
[3186.383s][info ][safepoint      ] Safepoint "Cleanup", Time since last: 1000086736 ns, Reaching safepoint: 48200 ns, At safepoint: 2300 ns, Total: 50500 ns
[3190.965s][info ][gc,start       ] GC(96) Pause Young (Allocation Failure)
[3190.982s][debug][gc,phases      ] GC(96) Scavenge 17.146ms
[3190.982s][debug][gc,ref         ] GC(96) Skipped phase 1 of Reference Processing: no references
[3190.982s][debug][gc,ref         ] GC(96) ReferenceProcessor::execute queues: 1, RefProcThreadModel::Single, marks_oops_alive: false
[3190.982s][debug][gc,ref         ] GC(96) Skipped phase 3 of Reference Processing: no references
[3190.982s][debug][gc,ref         ] GC(96) ReferenceProcessor::execute queues: 1, RefProcThreadModel::Single, marks_oops_alive: false
[3190.982s][debug][gc,phases      ] GC(96) Reference Processing 0.102ms
[3190.982s][debug][gc,phases      ] GC(96)   VM Weak                        Min:  0.0, Avg:  0.0, Max:  0.0, Diff:  0.0, Sum:  0.0, Workers: 4
[3190.982s][debug][gc,phases      ] GC(96)     Dead                           Min: 0, Avg:  0.0, Max: 0, Diff: 0, Sum: 0, Workers: 4
[3190.982s][debug][gc,phases      ] GC(96)     Total                          Min: 0, Avg: 191.8, Max: 704, Diff: 704, Sum: 767, Workers: 4
[3190.982s][debug][gc,phases      ] GC(96)   ObjectSynchronizer Weak        Min:  0.0, Avg:  0.0, Max:  0.0, Diff:  0.0, Sum:  0.0, Workers: 4
[3190.982s][debug][gc,phases      ] GC(96)     Dead                           Min: 0, Avg:  0.0, Max: 0, Diff: 0, Sum: 0, Workers: 4
[3190.982s][debug][gc,phases      ] GC(96)     Total                          Min: 0, Avg: 10.5, Max: 42, Diff: 42, Sum: 42, Workers: 4
[3190.982s][debug][gc,phases      ] GC(96)   JVMTI Tag Weak OopStorage      Min:  0.0, Avg:  0.0, Max:  0.0, Diff:  0.0, Sum:  0.0, Workers: 4
[3190.982s][debug][gc,phases      ] GC(96)     Dead                           Min: 0, Avg:  0.0, Max: 0, Diff: 0, Sum: 0, Workers: 4
[3190.982s][debug][gc,phases      ] GC(96)     Total                          Min: 0, Avg:  0.0, Max: 0, Diff: 0, Sum: 0, Workers: 4
[3190.982s][debug][gc,phases      ] GC(96)   StringTable Weak               Min:  0.1, Avg:  0.1, Max:  0.1, Diff:  0.1, Sum:  0.4, Workers: 4
[3190.982s][debug][gc,phases      ] GC(96)     Dead                           Min: 0, Avg:  0.0, Max: 0, Diff: 0, Sum: 0, Workers: 4
[3190.982s][debug][gc,phases      ] GC(96)     Total                          Min: 9600, Avg: 10693.0, Max: 12672, Diff: 3072, Sum: 42772, Workers: 4
[3190.982s][debug][gc,phases      ] GC(96)   ResolvedMethodTable Weak       Min:  0.0, Avg:  0.0, Max:  0.0, Diff:  0.0, Sum:  0.1, Workers: 4
[3190.982s][debug][gc,phases      ] GC(96)     Dead                           Min: 0, Avg:  0.0, Max: 0, Diff: 0, Sum: 0, Workers: 4
[3190.982s][debug][gc,phases      ] GC(96)     Total                          Min: 0, Avg: 2162.2, Max: 3209, Diff: 3209, Sum: 8649, Workers: 4
[3190.982s][debug][gc,phases      ] GC(96)   JNI Weak                       Min:  0.0, Avg:  0.0, Max:  0.0, Diff:  0.0, Sum:  0.0, Workers: 4
[3190.982s][debug][gc,phases      ] GC(96)     Dead                           Min: 0, Avg:  0.0, Max: 0, Diff: 0, Sum: 0, Workers: 4
[3190.982s][debug][gc,phases      ] GC(96)     Total                          Min: 0, Avg: 11.2, Max: 45, Diff: 45, Sum: 45, Workers: 4
[3190.982s][debug][gc,phases      ] GC(96)   StringDedup Table Weak         Min:  0.0, Avg:  0.0, Max:  0.0, Diff:  0.0, Sum:  0.0, Workers: 4
[3190.982s][debug][gc,phases      ] GC(96)     Dead                           Min: 0, Avg:  0.0, Max: 0, Diff: 0, Sum: 0, Workers: 4
[3190.982s][debug][gc,phases      ] GC(96)     Total                          Min: 0, Avg:  0.0, Max: 0, Diff: 0, Sum: 0, Workers: 4
[3190.982s][debug][gc,phases      ] GC(96)   StringDedup Requests0 Weak     Min:  0.0, Avg:  0.0, Max:  0.0, Diff:  0.0, Sum:  0.0, Workers: 4
[3190.982s][debug][gc,phases      ] GC(96)     Dead                           Min: 0, Avg:  0.0, Max: 0, Diff: 0, Sum: 0, Workers: 4
[3190.982s][debug][gc,phases      ] GC(96)     Total                          Min: 0, Avg:  0.0, Max: 0, Diff: 0, Sum: 0, Workers: 4
[3190.982s][debug][gc,phases      ] GC(96)   StringDedup Requests1 Weak     Min:  0.0, Avg:  0.0, Max:  0.0, Diff:  0.0, Sum:  0.0, Workers: 4
[3190.982s][debug][gc,phases      ] GC(96)     Dead                           Min: 0, Avg:  0.0, Max: 0, Diff: 0, Sum: 0, Workers: 4
[3190.982s][debug][gc,phases      ] GC(96)     Total                          Min: 0, Avg:  0.0, Max: 0, Diff: 0, Sum: 0, Workers: 4
[3190.982s][debug][gc,phases      ] GC(96)   Weak JFR Old Object Samples    Min:  0.0, Avg:  0.0, Max:  0.0, Diff:  0.0, Sum:  0.0, Workers: 4
[3190.982s][debug][gc,phases      ] GC(96)     Dead                           Min: 0, Avg:  0.0, Max: 0, Diff: 0, Sum: 0, Workers: 4
[3190.982s][debug][gc,phases      ] GC(96)     Total                          Min: 0, Avg:  0.0, Max: 0, Diff: 0, Sum: 0, Workers: 4
[3190.982s][debug][gc,phases      ] GC(96) Weak Processing 0.335ms
[3190.982s][debug][gc,age         ] GC(96) Desired survivor size 138936320 bytes, new threshold 15 (max threshold 15)
[3190.982s][info ][gc,heap        ] GC(96) PSYoungGen: 1915376K(1958912K)->80240K(1915392K) Eden: 1835008K(1835008K)->0K(1835008K) From: 80368K(123904K)->80240K(80384K)
[3190.982s][info ][gc,heap        ] GC(96) ParOldGen: 445667K(549888K)->445863K(549888K)
[3190.982s][info ][gc,metaspace   ] GC(96) Metaspace: 79866K(80832K)->79866K(80832K) NonClass: 68661K(69184K)->68661K(69184K) Class: 11205K(11648K)->11205K(11648K)
[3190.982s][info ][gc             ] GC(96) Pause Young (Allocation Failure) 2305M->513M(2407M) 17.681ms
[3190.982s][info ][gc,cpu         ] GC(96) User=0.07s Sys=0.00s Real=0.02s
[3190.982s][info ][safepoint      ] Safepoint "ParallelGCFailedAllocation", Time since last: 4581518874 ns, Reaching safepoint: 97699 ns, At safepoint: 17746550 ns, Total: 17844249 ns
[3191.982s][info ][safepoint      ] Safepoint "Cleanup", Time since last: 1000075433 ns, Reaching safepoint: 54200 ns, At safepoint: 2600 ns, Total: 56800 ns
[3197.983s][info ][safepoint      ] Safepoint "Cleanup", Time since last: 6000413694 ns, Reaching safepoint: 44000 ns, At safepoint: 3200 ns, Total: 47200 ns
[3201.983s][info ][safepoint      ] Safepoint "Cleanup", Time since last: 4000311521 ns, Reaching safepoint: 47100 ns, At safepoint: 2000 ns, Total: 49100 ns
[3202.983s][info ][safepoint      ] Safepoint "Cleanup", Time since last: 1000092729 ns, Reaching safepoint: 25700 ns, At safepoint: 2000 ns, Total: 27700 ns
[3204.984s][info ][safepoint      ] Safepoint "Cleanup", Time since last: 2000145457 ns, Reaching safepoint: 41700 ns, At safepoint: 17100 ns, Total: 58800 ns
[3210.984s][info ][safepoint      ] Safepoint "Cleanup", Time since last: 6000394763 ns, Reaching safepoint: 42500 ns, At safepoint: 2500 ns, Total: 45000 ns
[3214.984s][info ][safepoint      ] Safepoint "Cleanup", Time since last: 4000244300 ns, Reaching safepoint: 40500 ns, At safepoint: 2300 ns, Total: 42800 ns
[3215.984s][info ][safepoint      ] Safepoint "Cleanup", Time since last: 1000099424 ns, Reaching safepoint: 41500 ns, At safepoint: 4800 ns, Total: 46300 ns
[3220.985s][info ][safepoint      ] Safepoint "Cleanup", Time since last: 5000286516 ns, Reaching safepoint: 30700 ns, At safepoint: 2200 ns, Total: 32900 ns
[3226.985s][info ][safepoint      ] Safepoint "Cleanup", Time since last: 6000370825 ns, Reaching safepoint: 38600 ns, At safepoint: 3700 ns, Total: 42300 ns
[3228.985s][info ][safepoint      ] Safepoint "Cleanup", Time since last: 2000137139 ns, Reaching safepoint: 35300 ns, At safepoint: 11500 ns, Total: 46800 ns
[3243.215s][info ][gc,start       ] GC(97) Pause Young (Allocation Failure)
[3243.236s][debug][gc,phases      ] GC(97) Scavenge 20.234ms
[3243.236s][debug][gc,ref         ] GC(97) Skipped phase 1 of Reference Processing: no references
[3243.236s][debug][gc,ref         ] GC(97) ReferenceProcessor::execute queues: 1, RefProcThreadModel::Single, marks_oops_alive: false
[3243.236s][debug][gc,ref         ] GC(97) Skipped phase 3 of Reference Processing: no references
[3243.236s][debug][gc,ref         ] GC(97) ReferenceProcessor::execute queues: 1, RefProcThreadModel::Single, marks_oops_alive: false
[3243.236s][debug][gc,phases      ] GC(97) Reference Processing 0.088ms
[3243.236s][debug][gc,phases      ] GC(97)   VM Weak                        Min:  0.0, Avg:  0.0, Max:  0.0, Diff:  0.0, Sum:  0.0, Workers: 4
[3243.236s][debug][gc,phases      ] GC(97)     Dead                           Min: 0, Avg:  0.0, Max: 0, Diff: 0, Sum: 0, Workers: 4
[3243.236s][debug][gc,phases      ] GC(97)     Total                          Min: 0, Avg: 191.8, Max: 384, Diff: 384, Sum: 767, Workers: 4
[3243.236s][debug][gc,phases      ] GC(97)   ObjectSynchronizer Weak        Min:  0.0, Avg:  0.0, Max:  0.0, Diff:  0.0, Sum:  0.0, Workers: 4
[3243.236s][debug][gc,phases      ] GC(97)     Dead                           Min: 0, Avg:  0.0, Max: 0, Diff: 0, Sum: 0, Workers: 4
[3243.236s][debug][gc,phases      ] GC(97)     Total                          Min: 0, Avg: 10.5, Max: 42, Diff: 42, Sum: 42, Workers: 4
[3243.236s][debug][gc,phases      ] GC(97)   JVMTI Tag Weak OopStorage      Min:  0.0, Avg:  0.0, Max:  0.0, Diff:  0.0, Sum:  0.0, Workers: 4
[3243.236s][debug][gc,phases      ] GC(97)     Dead                           Min: 0, Avg:  0.0, Max: 0, Diff: 0, Sum: 0, Workers: 4
[3243.236s][debug][gc,phases      ] GC(97)     Total                          Min: 0, Avg:  0.0, Max: 0, Diff: 0, Sum: 0, Workers: 4
[3243.236s][debug][gc,phases      ] GC(97)   StringTable Weak               Min:  0.0, Avg:  0.1, Max:  0.1, Diff:  0.1, Sum:  0.3, Workers: 4
[3243.236s][debug][gc,phases      ] GC(97)     Dead                           Min: 0, Avg:  0.0, Max: 0, Diff: 0, Sum: 0, Workers: 4
[3243.236s][debug][gc,phases      ] GC(97)     Total                          Min: 0, Avg: 10693.2, Max: 19093, Diff: 19093, Sum: 42773, Workers: 4
[3243.236s][debug][gc,phases      ] GC(97)   ResolvedMethodTable Weak       Min:  0.0, Avg:  0.0, Max:  0.0, Diff:  0.0, Sum:  0.1, Workers: 4
[3243.236s][debug][gc,phases      ] GC(97)     Dead                           Min: 0, Avg:  0.0, Max: 0, Diff: 0, Sum: 0, Workers: 4
[3243.236s][debug][gc,phases      ] GC(97)     Total                          Min: 0, Avg: 2162.8, Max: 3840, Diff: 3840, Sum: 8651, Workers: 4
[3243.236s][debug][gc,phases      ] GC(97)   JNI Weak                       Min:  0.0, Avg:  0.0, Max:  0.0, Diff:  0.0, Sum:  0.0, Workers: 4
[3243.236s][debug][gc,phases      ] GC(97)     Dead                           Min: 0, Avg:  0.0, Max: 0, Diff: 0, Sum: 0, Workers: 4
[3243.236s][debug][gc,phases      ] GC(97)     Total                          Min: 0, Avg: 11.2, Max: 45, Diff: 45, Sum: 45, Workers: 4
[3243.236s][debug][gc,phases      ] GC(97)   StringDedup Table Weak         Min:  0.0, Avg:  0.0, Max:  0.0, Diff:  0.0, Sum:  0.0, Workers: 4
[3243.236s][debug][gc,phases      ] GC(97)     Dead                           Min: 0, Avg:  0.0, Max: 0, Diff: 0, Sum: 0, Workers: 4
[3243.236s][debug][gc,phases      ] GC(97)     Total                          Min: 0, Avg:  0.0, Max: 0, Diff: 0, Sum: 0, Workers: 4
[3243.236s][debug][gc,phases      ] GC(97)   StringDedup Requests0 Weak     Min:  0.0, Avg:  0.0, Max:  0.0, Diff:  0.0, Sum:  0.0, Workers: 4
[3243.236s][debug][gc,phases      ] GC(97)     Dead                           Min: 0, Avg:  0.0, Max: 0, Diff: 0, Sum: 0, Workers: 4
[3243.236s][debug][gc,phases      ] GC(97)     Total                          Min: 0, Avg:  0.0, Max: 0, Diff: 0, Sum: 0, Workers: 4
[3243.236s][debug][gc,phases      ] GC(97)   StringDedup Requests1 Weak     Min:  0.0, Avg:  0.0, Max:  0.0, Diff:  0.0, Sum:  0.0, Workers: 4
[3243.236s][debug][gc,phases      ] GC(97)     Dead                           Min: 0, Avg:  0.0, Max: 0, Diff: 0, Sum: 0, Workers: 4
[3243.236s][debug][gc,phases      ] GC(97)     Total                          Min: 0, Avg:  0.0, Max: 0, Diff: 0, Sum: 0, Workers: 4
[3243.236s][debug][gc,phases      ] GC(97)   Weak JFR Old Object Samples    Min:  0.0, Avg:  0.0, Max:  0.0, Diff:  0.0, Sum:  0.0, Workers: 4
[3243.236s][debug][gc,phases      ] GC(97)     Dead                           Min: 0, Avg:  0.0, Max: 0, Diff: 0, Sum: 0, Workers: 4
[3243.236s][debug][gc,phases      ] GC(97)     Total                          Min: 0, Avg:  0.0, Max: 0, Diff: 0, Sum: 0, Workers: 4
[3243.236s][debug][gc,phases      ] GC(97) Weak Processing 0.327ms
[3243.236s][debug][gc,age         ] GC(97) Desired survivor size 142606336 bytes, new threshold 15 (max threshold 15)
[3243.236s][info ][gc,heap        ] GC(97) PSYoungGen: 1915248K(1915392K)->80144K(1954304K) Eden: 1835008K(1835008K)->0K(1818624K) From: 80240K(80384K)->80144K(135680K)
[3243.236s][info ][gc,heap        ] GC(97) ParOldGen: 445863K(549888K)->446040K(549888K)
[3243.236s][info ][gc,metaspace   ] GC(97) Metaspace: 79874K(80832K)->79874K(80832K) NonClass: 68669K(69184K)->68669K(69184K) Class: 11205K(11648K)->11205K(11648K)
[3243.236s][info ][gc             ] GC(97) Pause Young (Allocation Failure) 2305M->513M(2445M) 20.744ms
[3243.236s][info ][gc,cpu         ] GC(97) User=0.08s Sys=0.00s Real=0.02s
[3243.236s][info ][safepoint      ] Safepoint "ParallelGCFailedAllocation", Time since last: 14229895169 ns, Reaching safepoint: 21200 ns, At safepoint: 20812540 ns, Total: 20833740 ns
[3267.238s][info ][safepoint      ] Safepoint "Cleanup", Time since last: 24001407626 ns, Reaching safepoint: 38500 ns, At safepoint: 3100 ns, Total: 41600 ns
[3268.238s][info ][safepoint      ] Safepoint "Cleanup", Time since last: 1000088205 ns, Reaching safepoint: 25800 ns, At safepoint: 2700 ns, Total: 28500 ns
[3269.238s][info ][safepoint      ] Safepoint "Cleanup", Time since last: 1000092204 ns, Reaching safepoint: 42000 ns, At safepoint: 3000 ns, Total: 45000 ns
[3277.238s][info ][safepoint      ] Safepoint "Cleanup", Time since last: 8000506524 ns, Reaching safepoint: 45600 ns, At safepoint: 7300 ns, Total: 52900 ns
[3282.239s][info ][safepoint      ] Safepoint "Cleanup", Time since last: 5000297404 ns, Reaching safepoint: 40800 ns, At safepoint: 2300 ns, Total: 43100 ns
[3290.211s][info ][safepoint      ] Safepoint "ParallelGCFailedAllocation", Time since last: 7972455271 ns, Reaching safepoint: 33400 ns, At safepoint: 6700 ns, Total: 40100 ns
[3290.211s][info ][gc,start       ] GC(98) Pause Young (GCLocker Initiated GC)
[3290.229s][debug][gc,phases      ] GC(98) Scavenge 17.444ms
[3290.229s][debug][gc,ref         ] GC(98) Skipped phase 1 of Reference Processing: no references
[3290.229s][debug][gc,ref         ] GC(98) ReferenceProcessor::execute queues: 1, RefProcThreadModel::Single, marks_oops_alive: false
[3290.229s][debug][gc,ref         ] GC(98) Skipped phase 3 of Reference Processing: no references
[3290.229s][debug][gc,ref         ] GC(98) ReferenceProcessor::execute queues: 1, RefProcThreadModel::Single, marks_oops_alive: false
[3290.229s][debug][gc,phases      ] GC(98) Reference Processing 0.091ms
[3290.229s][debug][gc,phases      ] GC(98)   VM Weak                        Min:  0.0, Avg:  0.0, Max:  0.0, Diff:  0.0, Sum:  0.0, Workers: 4
[3290.229s][debug][gc,phases      ] GC(98)     Dead                           Min: 0, Avg:  0.0, Max: 0, Diff: 0, Sum: 0, Workers: 4
[3290.229s][debug][gc,phases      ] GC(98)     Total                          Min: 0, Avg: 191.8, Max: 576, Diff: 576, Sum: 767, Workers: 4
[3290.229s][debug][gc,phases      ] GC(98)   ObjectSynchronizer Weak        Min:  0.0, Avg:  0.0, Max:  0.0, Diff:  0.0, Sum:  0.0, Workers: 4
[3290.229s][debug][gc,phases      ] GC(98)     Dead                           Min: 0, Avg:  0.0, Max: 0, Diff: 0, Sum: 0, Workers: 4
[3290.229s][debug][gc,phases      ] GC(98)     Total                          Min: 0, Avg: 10.5, Max: 42, Diff: 42, Sum: 42, Workers: 4
[3290.229s][debug][gc,phases      ] GC(98)   JVMTI Tag Weak OopStorage      Min:  0.0, Avg:  0.0, Max:  0.0, Diff:  0.0, Sum:  0.0, Workers: 4
[3290.229s][debug][gc,phases      ] GC(98)     Dead                           Min: 0, Avg:  0.0, Max: 0, Diff: 0, Sum: 0, Workers: 4
[3290.229s][debug][gc,phases      ] GC(98)     Total                          Min: 0, Avg:  0.0, Max: 0, Diff: 0, Sum: 0, Workers: 4
[3290.229s][debug][gc,phases      ] GC(98)   StringTable Weak               Min:  0.1, Avg:  0.1, Max:  0.1, Diff:  0.0, Sum:  0.3, Workers: 4
[3290.229s][debug][gc,phases      ] GC(98)     Dead                           Min: 0, Avg:  0.0, Max: 0, Diff: 0, Sum: 0, Workers: 4
[3290.229s][debug][gc,phases      ] GC(98)     Total                          Min: 10240, Avg: 10693.2, Max: 11605, Diff: 1365, Sum: 42773, Workers: 4
[3290.229s][debug][gc,phases      ] GC(98)   ResolvedMethodTable Weak       Min:  0.0, Avg:  0.0, Max:  0.0, Diff:  0.0, Sum:  0.1, Workers: 4
[3290.229s][debug][gc,phases      ] GC(98)     Dead                           Min: 0, Avg:  0.0, Max: 0, Diff: 0, Sum: 0, Workers: 4
[3290.229s][debug][gc,phases      ] GC(98)     Total                          Min: 2059, Avg: 2162.8, Max: 2240, Diff: 181, Sum: 8651, Workers: 4
[3290.229s][debug][gc,phases      ] GC(98)   JNI Weak                       Min:  0.0, Avg:  0.0, Max:  0.0, Diff:  0.0, Sum:  0.0, Workers: 4
[3290.229s][debug][gc,phases      ] GC(98)     Dead                           Min: 0, Avg:  0.0, Max: 0, Diff: 0, Sum: 0, Workers: 4
[3290.229s][debug][gc,phases      ] GC(98)     Total                          Min: 0, Avg: 11.2, Max: 45, Diff: 45, Sum: 45, Workers: 4
[3290.229s][debug][gc,phases      ] GC(98)   StringDedup Table Weak         Min:  0.0, Avg:  0.0, Max:  0.0, Diff:  0.0, Sum:  0.0, Workers: 4
[3290.229s][debug][gc,phases      ] GC(98)     Dead                           Min: 0, Avg:  0.0, Max: 0, Diff: 0, Sum: 0, Workers: 4
[3290.229s][debug][gc,phases      ] GC(98)     Total                          Min: 0, Avg:  0.0, Max: 0, Diff: 0, Sum: 0, Workers: 4
[3290.229s][debug][gc,phases      ] GC(98)   StringDedup Requests0 Weak     Min:  0.0, Avg:  0.0, Max:  0.0, Diff:  0.0, Sum:  0.0, Workers: 4
[3290.229s][debug][gc,phases      ] GC(98)     Dead                           Min: 0, Avg:  0.0, Max: 0, Diff: 0, Sum: 0, Workers: 4
[3290.229s][debug][gc,phases      ] GC(98)     Total                          Min: 0, Avg:  0.0, Max: 0, Diff: 0, Sum: 0, Workers: 4
[3290.229s][debug][gc,phases      ] GC(98)   StringDedup Requests1 Weak     Min:  0.0, Avg:  0.0, Max:  0.0, Diff:  0.0, Sum:  0.0, Workers: 4
[3290.229s][debug][gc,phases      ] GC(98)     Dead                           Min: 0, Avg:  0.0, Max: 0, Diff: 0, Sum: 0, Workers: 4
[3290.229s][debug][gc,phases      ] GC(98)     Total                          Min: 0, Avg:  0.0, Max: 0, Diff: 0, Sum: 0, Workers: 4
[3290.229s][debug][gc,phases      ] GC(98)   Weak JFR Old Object Samples    Min:  0.0, Avg:  0.0, Max:  0.0, Diff:  0.0, Sum:  0.0, Workers: 4
[3290.229s][debug][gc,phases      ] GC(98)     Dead                           Min: 0, Avg:  0.0, Max: 0, Diff: 0, Sum: 0, Workers: 4
[3290.229s][debug][gc,phases      ] GC(98)     Total                          Min: 0, Avg:  0.0, Max: 0, Diff: 0, Sum: 0, Workers: 4
[3290.229s][debug][gc,phases      ] GC(98) Weak Processing 0.270ms
[3290.229s][debug][gc,age         ] GC(98) Desired survivor size 144703488 bytes, new threshold 15 (max threshold 15)
[3290.229s][info ][gc,heap        ] GC(98) PSYoungGen: 1898768K(1954304K)->80320K(1899008K) Eden: 1818624K(1818624K)->0K(1818624K) From: 80144K(135680K)->80320K(80384K)
[3290.229s][info ][gc,heap        ] GC(98) ParOldGen: 446040K(549888K)->446136K(549888K)
[3290.229s][info ][gc,metaspace   ] GC(98) Metaspace: 79880K(80832K)->79880K(80832K) NonClass: 68674K(69184K)->68674K(69184K) Class: 11205K(11648K)->11205K(11648K)
[3290.229s][info ][gc             ] GC(98) Pause Young (GCLocker Initiated GC) 2289M->514M(2391M) 17.887ms
[3290.229s][info ][gc,cpu         ] GC(98) User=0.07s Sys=0.00s Real=0.02s
[3290.229s][info ][safepoint      ] Safepoint "ParallelGCSystemGC", Time since last: 66899 ns, Reaching safepoint: 14900 ns, At safepoint: 17941348 ns, Total: 17956248 ns
[3306.230s][info ][safepoint      ] Safepoint "Cleanup", Time since last: 16001003814 ns, Reaching safepoint: 26000 ns, At safepoint: 27900 ns, Total: 53900 ns
[3312.231s][info ][safepoint      ] Safepoint "Cleanup", Time since last: 6000398946 ns, Reaching safepoint: 65700 ns, At safepoint: 2900 ns, Total: 68600 ns
[3314.231s][info ][safepoint      ] Safepoint "Cleanup", Time since last: 2000122979 ns, Reaching safepoint: 30900 ns, At safepoint: 3400 ns, Total: 34300 ns
[3320.231s][info ][safepoint      ] Safepoint "Cleanup", Time since last: 6000383531 ns, Reaching safepoint: 51200 ns, At safepoint: 3500 ns, Total: 54700 ns
[3321.231s][info ][safepoint      ] Safepoint "Cleanup", Time since last: 1000087587 ns, Reaching safepoint: 28900 ns, At safepoint: 2200 ns, Total: 31100 ns
[3324.232s][info ][safepoint      ] Safepoint "Cleanup", Time since last: 3000205160 ns, Reaching safepoint: 34800 ns, At safepoint: 20600 ns, Total: 55400 ns
[3331.232s][info ][safepoint      ] Safepoint "Cleanup", Time since last: 7000455896 ns, Reaching safepoint: 23800 ns, At safepoint: 2400 ns, Total: 26200 ns
[3333.232s][info ][safepoint      ] Safepoint "Cleanup", Time since last: 2000153568 ns, Reaching safepoint: 24300 ns, At safepoint: 2300 ns, Total: 26600 ns
[3336.233s][info ][safepoint      ] Safepoint "Cleanup", Time since last: 3000208248 ns, Reaching safepoint: 25900 ns, At safepoint: 2100 ns, Total: 28000 ns
[3338.213s][info ][gc,start       ] GC(99) Pause Young (Allocation Failure)
[3338.232s][debug][gc,phases      ] GC(99) Scavenge 18.528ms
[3338.232s][debug][gc,ref         ] GC(99) Skipped phase 1 of Reference Processing: no references
[3338.232s][debug][gc,ref         ] GC(99) ReferenceProcessor::execute queues: 1, RefProcThreadModel::Single, marks_oops_alive: false
[3338.232s][debug][gc,ref         ] GC(99) Skipped phase 3 of Reference Processing: no references
[3338.232s][debug][gc,ref         ] GC(99) ReferenceProcessor::execute queues: 1, RefProcThreadModel::Single, marks_oops_alive: false
[3338.232s][debug][gc,phases      ] GC(99) Reference Processing 0.097ms
[3338.232s][debug][gc,phases      ] GC(99)   VM Weak                        Min:  0.0, Avg:  0.0, Max:  0.0, Diff:  0.0, Sum:  0.0, Workers: 4
[3338.232s][debug][gc,phases      ] GC(99)     Dead                           Min: 0, Avg:  0.0, Max: 0, Diff: 0, Sum: 0, Workers: 4
[3338.232s][debug][gc,phases      ] GC(99)     Total                          Min: 0, Avg: 191.8, Max: 511, Diff: 511, Sum: 767, Workers: 4
[3338.232s][debug][gc,phases      ] GC(99)   ObjectSynchronizer Weak        Min:  0.0, Avg:  0.0, Max:  0.0, Diff:  0.0, Sum:  0.0, Workers: 4
[3338.232s][debug][gc,phases      ] GC(99)     Dead                           Min: 0, Avg:  0.0, Max: 0, Diff: 0, Sum: 0, Workers: 4
[3338.232s][debug][gc,phases      ] GC(99)     Total                          Min: 0, Avg: 10.5, Max: 42, Diff: 42, Sum: 42, Workers: 4
[3338.232s][debug][gc,phases      ] GC(99)   JVMTI Tag Weak OopStorage      Min:  0.0, Avg:  0.0, Max:  0.0, Diff:  0.0, Sum:  0.0, Workers: 4
[3338.232s][debug][gc,phases      ] GC(99)     Dead                           Min: 0, Avg:  0.0, Max: 0, Diff: 0, Sum: 0, Workers: 4
[3338.232s][debug][gc,phases      ] GC(99)     Total                          Min: 0, Avg:  0.0, Max: 0, Diff: 0, Sum: 0, Workers: 4
[3338.232s][debug][gc,phases      ] GC(99)   StringTable Weak               Min:  0.0, Avg:  0.1, Max:  0.1, Diff:  0.1, Sum:  0.3, Workers: 4
[3338.232s][debug][gc,phases      ] GC(99)     Dead                           Min: 0, Avg:  0.0, Max: 0, Diff: 0, Sum: 0, Workers: 4
[3338.232s][debug][gc,phases      ] GC(99)     Total                          Min: 0, Avg: 10694.5, Max: 18944, Diff: 18944, Sum: 42778, Workers: 4
[3338.232s][debug][gc,phases      ] GC(99)   ResolvedMethodTable Weak       Min:  0.0, Avg:  0.0, Max:  0.0, Diff:  0.0, Sum:  0.1, Workers: 4
[3338.232s][debug][gc,phases      ] GC(99)     Dead                           Min: 0, Avg:  0.0, Max: 0, Diff: 0, Sum: 0, Workers: 4
[3338.232s][debug][gc,phases      ] GC(99)     Total                          Min: 0, Avg: 2163.2, Max: 3853, Diff: 3853, Sum: 8653, Workers: 4
[3338.232s][debug][gc,phases      ] GC(99)   JNI Weak                       Min:  0.0, Avg:  0.0, Max:  0.0, Diff:  0.0, Sum:  0.0, Workers: 4
[3338.232s][debug][gc,phases      ] GC(99)     Dead                           Min: 0, Avg:  0.0, Max: 0, Diff: 0, Sum: 0, Workers: 4
[3338.232s][debug][gc,phases      ] GC(99)     Total                          Min: 0, Avg: 11.2, Max: 45, Diff: 45, Sum: 45, Workers: 4
[3338.232s][debug][gc,phases      ] GC(99)   StringDedup Table Weak         Min:  0.0, Avg:  0.0, Max:  0.0, Diff:  0.0, Sum:  0.0, Workers: 4
[3338.232s][debug][gc,phases      ] GC(99)     Dead                           Min: 0, Avg:  0.0, Max: 0, Diff: 0, Sum: 0, Workers: 4
[3338.232s][debug][gc,phases      ] GC(99)     Total                          Min: 0, Avg:  0.0, Max: 0, Diff: 0, Sum: 0, Workers: 4
[3338.232s][debug][gc,phases      ] GC(99)   StringDedup Requests0 Weak     Min:  0.0, Avg:  0.0, Max:  0.0, Diff:  0.0, Sum:  0.0, Workers: 4
[3338.232s][debug][gc,phases      ] GC(99)     Dead                           Min: 0, Avg:  0.0, Max: 0, Diff: 0, Sum: 0, Workers: 4
[3338.232s][debug][gc,phases      ] GC(99)     Total                          Min: 0, Avg:  0.0, Max: 0, Diff: 0, Sum: 0, Workers: 4
[3338.232s][debug][gc,phases      ] GC(99)   StringDedup Requests1 Weak     Min:  0.0, Avg:  0.0, Max:  0.0, Diff:  0.0, Sum:  0.0, Workers: 4
[3338.232s][debug][gc,phases      ] GC(99)     Dead                           Min: 0, Avg:  0.0, Max: 0, Diff: 0, Sum: 0, Workers: 4
[3338.232s][debug][gc,phases      ] GC(99)     Total                          Min: 0, Avg:  0.0, Max: 0, Diff: 0, Sum: 0, Workers: 4
[3338.232s][debug][gc,phases      ] GC(99)   Weak JFR Old Object Samples    Min:  0.0, Avg:  0.0, Max:  0.0, Diff:  0.0, Sum:  0.0, Workers: 4
[3338.232s][debug][gc,phases      ] GC(99)     Dead                           Min: 0, Avg:  0.0, Max: 0, Diff: 0, Sum: 0, Workers: 4
[3338.232s][debug][gc,phases      ] GC(99)     Total                          Min: 0, Avg:  0.0, Max: 0, Diff: 0, Sum: 0, Workers: 4
[3338.232s][debug][gc,phases      ] GC(99) Weak Processing 0.303ms
[3338.232s][debug][gc,age         ] GC(99) Desired survivor size 146276352 bytes, new threshold 15 (max threshold 15)
[3338.232s][info ][gc,heap        ] GC(99) PSYoungGen: 1898944K(1899008K)->81168K(1952768K) Eden: 1818624K(1818624K)->0K(1811456K) From: 80320K(80384K)->81168K(141312K)
[3338.232s][info ][gc,heap        ] GC(99) ParOldGen: 446138K(549888K)->446234K(549888K)
[3338.232s][info ][gc,metaspace   ] GC(99) Metaspace: 79888K(80832K)->79888K(80832K) NonClass: 68682K(69184K)->68682K(69184K) Class: 11206K(11648K)->11206K(11648K)
[3338.232s][info ][gc             ] GC(99) Pause Young (Allocation Failure) 2290M->515M(2444M) 19.047ms
[3338.232s][info ][gc,cpu         ] GC(99) User=0.08s Sys=0.00s Real=0.02s
[3338.232s][info ][safepoint      ] Safepoint "ParallelGCFailedAllocation", Time since last: 1980553322 ns, Reaching safepoint: 38800 ns, At safepoint: 19133744 ns, Total: 19172544 ns
[3347.233s][info ][safepoint      ] Safepoint "Cleanup", Time since last: 9000548125 ns, Reaching safepoint: 25000 ns, At safepoint: 2500 ns, Total: 27500 ns
[3354.233s][info ][safepoint      ] Safepoint "Cleanup", Time since last: 7000480747 ns, Reaching safepoint: 26900 ns, At safepoint: 2800 ns, Total: 29700 ns
[3373.235s][info ][safepoint      ] Safepoint "Cleanup", Time since last: 19001135813 ns, Reaching safepoint: 39900 ns, At safepoint: 3100 ns, Total: 43000 ns
[3381.911s][info ][gc,start       ] GC(100) Pause Young (Allocation Failure)
[3381.928s][debug][gc,phases      ] GC(100) Scavenge 17.459ms
[3381.928s][debug][gc,ref         ] GC(100) Skipped phase 1 of Reference Processing: no references
[3381.928s][debug][gc,ref         ] GC(100) ReferenceProcessor::execute queues: 1, RefProcThreadModel::Single, marks_oops_alive: false
[3381.928s][debug][gc,ref         ] GC(100) Skipped phase 3 of Reference Processing: no references
[3381.928s][debug][gc,ref         ] GC(100) ReferenceProcessor::execute queues: 1, RefProcThreadModel::Single, marks_oops_alive: false
[3381.928s][debug][gc,phases      ] GC(100) Reference Processing 0.099ms
[3381.928s][debug][gc,phases      ] GC(100)   VM Weak                        Min:  0.0, Avg:  0.0, Max:  0.0, Diff:  0.0, Sum:  0.0, Workers: 4
[3381.928s][debug][gc,phases      ] GC(100)     Dead                           Min: 0, Avg:  0.0, Max: 0, Diff: 0, Sum: 0, Workers: 4
[3381.928s][debug][gc,phases      ] GC(100)     Total                          Min: 0, Avg: 191.8, Max: 767, Diff: 767, Sum: 767, Workers: 4
[3381.928s][debug][gc,phases      ] GC(100)   ObjectSynchronizer Weak        Min:  0.0, Avg:  0.0, Max:  0.0, Diff:  0.0, Sum:  0.0, Workers: 4
[3381.928s][debug][gc,phases      ] GC(100)     Dead                           Min: 0, Avg:  0.0, Max: 0, Diff: 0, Sum: 0, Workers: 4
[3381.928s][debug][gc,phases      ] GC(100)     Total                          Min: 0, Avg: 10.5, Max: 42, Diff: 42, Sum: 42, Workers: 4
[3381.928s][debug][gc,phases      ] GC(100)   JVMTI Tag Weak OopStorage      Min:  0.0, Avg:  0.0, Max:  0.0, Diff:  0.0, Sum:  0.0, Workers: 4
[3381.928s][debug][gc,phases      ] GC(100)     Dead                           Min: 0, Avg:  0.0, Max: 0, Diff: 0, Sum: 0, Workers: 4
[3381.928s][debug][gc,phases      ] GC(100)     Total                          Min: 0, Avg:  0.0, Max: 0, Diff: 0, Sum: 0, Workers: 4
[3381.928s][debug][gc,phases      ] GC(100)   StringTable Weak               Min:  0.1, Avg:  0.1, Max:  0.1, Diff:  0.0, Sum:  0.4, Workers: 4
[3381.928s][debug][gc,phases      ] GC(100)     Dead                           Min: 0, Avg:  0.0, Max: 0, Diff: 0, Sum: 0, Workers: 4
[3381.928s][debug][gc,phases      ] GC(100)     Total                          Min: 8192, Avg: 10694.5, Max: 12416, Diff: 4224, Sum: 42778, Workers: 4
[3381.928s][debug][gc,phases      ] GC(100)   ResolvedMethodTable Weak       Min:  0.0, Avg:  0.0, Max:  0.0, Diff:  0.0, Sum:  0.1, Workers: 4
[3381.928s][debug][gc,phases      ] GC(100)     Dead                           Min: 0, Avg:  0.0, Max: 0, Diff: 0, Sum: 0, Workers: 4
[3381.928s][debug][gc,phases      ] GC(100)     Total                          Min: 1920, Avg: 2163.2, Max: 2432, Diff: 512, Sum: 8653, Workers: 4
[3381.928s][debug][gc,phases      ] GC(100)   JNI Weak                       Min:  0.0, Avg:  0.0, Max:  0.0, Diff:  0.0, Sum:  0.0, Workers: 4
[3381.928s][debug][gc,phases      ] GC(100)     Dead                           Min: 0, Avg:  0.0, Max: 0, Diff: 0, Sum: 0, Workers: 4
[3381.928s][debug][gc,phases      ] GC(100)     Total                          Min: 0, Avg: 11.2, Max: 45, Diff: 45, Sum: 45, Workers: 4
[3381.928s][debug][gc,phases      ] GC(100)   StringDedup Table Weak         Min:  0.0, Avg:  0.0, Max:  0.0, Diff:  0.0, Sum:  0.0, Workers: 4
[3381.928s][debug][gc,phases      ] GC(100)     Dead                           Min: 0, Avg:  0.0, Max: 0, Diff: 0, Sum: 0, Workers: 4
[3381.928s][debug][gc,phases      ] GC(100)     Total                          Min: 0, Avg:  0.0, Max: 0, Diff: 0, Sum: 0, Workers: 4
[3381.928s][debug][gc,phases      ] GC(100)   StringDedup Requests0 Weak     Min:  0.0, Avg:  0.0, Max:  0.0, Diff:  0.0, Sum:  0.0, Workers: 4
[3381.928s][debug][gc,phases      ] GC(100)     Dead                           Min: 0, Avg:  0.0, Max: 0, Diff: 0, Sum: 0, Workers: 4
[3381.928s][debug][gc,phases      ] GC(100)     Total                          Min: 0, Avg:  0.0, Max: 0, Diff: 0, Sum: 0, Workers: 4
[3381.928s][debug][gc,phases      ] GC(100)   StringDedup Requests1 Weak     Min:  0.0, Avg:  0.0, Max:  0.0, Diff:  0.0, Sum:  0.0, Workers: 4
[3381.928s][debug][gc,phases      ] GC(100)     Dead                           Min: 0, Avg:  0.0, Max: 0, Diff: 0, Sum: 0, Workers: 4
[3381.928s][debug][gc,phases      ] GC(100)     Total                          Min: 0, Avg:  0.0, Max: 0, Diff: 0, Sum: 0, Workers: 4
[3381.928s][debug][gc,phases      ] GC(100)   Weak JFR Old Object Samples    Min:  0.0, Avg:  0.0, Max:  0.0, Diff:  0.0, Sum:  0.0, Workers: 4
[3381.928s][debug][gc,phases      ] GC(100)     Dead                           Min: 0, Avg:  0.0, Max: 0, Diff: 0, Sum: 0, Workers: 4
[3381.928s][debug][gc,phases      ] GC(100)     Total                          Min: 0, Avg:  0.0, Max: 0, Diff: 0, Sum: 0, Workers: 4
[3381.928s][debug][gc,phases      ] GC(100) Weak Processing 0.276ms
[3381.928s][debug][gc,age         ] GC(100) Desired survivor size 146800640 bytes, new threshold 15 (max threshold 15)
[3381.928s][info ][gc,heap        ] GC(100) PSYoungGen: 1892624K(1952768K)->80464K(1892352K) Eden: 1811456K(1811456K)->0K(1811456K) From: 81168K(141312K)->80464K(80896K)
[3381.928s][info ][gc,heap        ] GC(100) ParOldGen: 446234K(549888K)->446626K(549888K)
[3381.928s][info ][gc,metaspace   ] GC(100) Metaspace: 79889K(80832K)->79889K(80832K) NonClass: 68683K(69184K)->68683K(69184K) Class: 11206K(11648K)->11206K(11648K)
[3381.928s][info ][gc             ] GC(100) Pause Young (Allocation Failure) 2284M->514M(2385M) 17.934ms
[3381.928s][info ][gc,cpu         ] GC(100) User=0.07s Sys=0.00s Real=0.02s
[3381.929s][info ][safepoint      ] Safepoint "ParallelGCFailedAllocation", Time since last: 8675823485 ns, Reaching safepoint: 98399 ns, At safepoint: 18001448 ns, Total: 18099847 ns
[3392.929s][info ][safepoint      ] Safepoint "Cleanup", Time since last: 11000640044 ns, Reaching safepoint: 45800 ns, At safepoint: 2900 ns, Total: 48700 ns
[3400.930s][info ][safepoint      ] Safepoint "Cleanup", Time since last: 8000516920 ns, Reaching safepoint: 40700 ns, At safepoint: 3000 ns, Total: 43700 ns
[3402.930s][info ][safepoint      ] Safepoint "Cleanup", Time since last: 2000163527 ns, Reaching safepoint: 36400 ns, At safepoint: 3600 ns, Total: 40000 ns
[3404.930s][info ][safepoint      ] Safepoint "Cleanup", Time since last: 2000152626 ns, Reaching safepoint: 25300 ns, At safepoint: 2300 ns, Total: 27600 ns
[3413.931s][info ][safepoint      ] Safepoint "Cleanup", Time since last: 9000546855 ns, Reaching safepoint: 30900 ns, At safepoint: 3200 ns, Total: 34100 ns
[3430.932s][info ][safepoint      ] Safepoint "Cleanup", Time since last: 17001058691 ns, Reaching safepoint: 36200 ns, At safepoint: 16600 ns, Total: 52800 ns
[3432.932s][info ][safepoint      ] Safepoint "Cleanup", Time since last: 2000156811 ns, Reaching safepoint: 26300 ns, At safepoint: 2200 ns, Total: 28500 ns
[3433.306s][info ][gc,start       ] GC(101) Pause Young (Allocation Failure)
[3433.324s][debug][gc,phases      ] GC(101) Scavenge 17.974ms
[3433.324s][debug][gc,ref         ] GC(101) Skipped phase 1 of Reference Processing: no references
[3433.324s][debug][gc,ref         ] GC(101) ReferenceProcessor::execute queues: 1, RefProcThreadModel::Single, marks_oops_alive: false
[3433.324s][debug][gc,ref         ] GC(101) Skipped phase 3 of Reference Processing: no references
[3433.324s][debug][gc,ref         ] GC(101) ReferenceProcessor::execute queues: 1, RefProcThreadModel::Single, marks_oops_alive: false
[3433.324s][debug][gc,phases      ] GC(101) Reference Processing 0.103ms
[3433.324s][debug][gc,phases      ] GC(101)   VM Weak                        Min:  0.0, Avg:  0.0, Max:  0.0, Diff:  0.0, Sum:  0.0, Workers: 4
[3433.324s][debug][gc,phases      ] GC(101)     Dead                           Min: 0, Avg:  0.0, Max: 0, Diff: 0, Sum: 0, Workers: 4
[3433.324s][debug][gc,phases      ] GC(101)     Total                          Min: 0, Avg: 191.8, Max: 767, Diff: 767, Sum: 767, Workers: 4
[3433.324s][debug][gc,phases      ] GC(101)   ObjectSynchronizer Weak        Min:  0.0, Avg:  0.0, Max:  0.0, Diff:  0.0, Sum:  0.0, Workers: 4
[3433.324s][debug][gc,phases      ] GC(101)     Dead                           Min: 0, Avg:  0.0, Max: 0, Diff: 0, Sum: 0, Workers: 4
[3433.325s][debug][gc,phases      ] GC(101)     Total                          Min: 0, Avg: 10.5, Max: 42, Diff: 42, Sum: 42, Workers: 4
[3433.325s][debug][gc,phases      ] GC(101)   JVMTI Tag Weak OopStorage      Min:  0.0, Avg:  0.0, Max:  0.0, Diff:  0.0, Sum:  0.0, Workers: 4
[3433.325s][debug][gc,phases      ] GC(101)     Dead                           Min: 0, Avg:  0.0, Max: 0, Diff: 0, Sum: 0, Workers: 4
[3433.325s][debug][gc,phases      ] GC(101)     Total                          Min: 0, Avg:  0.0, Max: 0, Diff: 0, Sum: 0, Workers: 4
[3433.325s][debug][gc,phases      ] GC(101)   StringTable Weak               Min:  0.1, Avg:  0.1, Max:  0.1, Diff:  0.0, Sum:  0.4, Workers: 4
[3433.325s][debug][gc,phases      ] GC(101)     Dead                           Min: 0, Avg:  0.0, Max: 0, Diff: 0, Sum: 0, Workers: 4
[3433.325s][debug][gc,phases      ] GC(101)     Total                          Min: 10240, Avg: 10694.5, Max: 11034, Diff: 794, Sum: 42778, Workers: 4
[3433.325s][debug][gc,phases      ] GC(101)   ResolvedMethodTable Weak       Min:  0.0, Avg:  0.0, Max:  0.0, Diff:  0.0, Sum:  0.1, Workers: 4
[3433.325s][debug][gc,phases      ] GC(101)     Dead                           Min: 0, Avg:  0.0, Max: 0, Diff: 0, Sum: 0, Workers: 4
[3433.325s][debug][gc,phases      ] GC(101)     Total                          Min: 1485, Avg: 2163.2, Max: 2496, Diff: 1011, Sum: 8653, Workers: 4
[3433.325s][debug][gc,phases      ] GC(101)   JNI Weak                       Min:  0.0, Avg:  0.0, Max:  0.0, Diff:  0.0, Sum:  0.0, Workers: 4
[3433.325s][debug][gc,phases      ] GC(101)     Dead                           Min: 0, Avg:  0.0, Max: 0, Diff: 0, Sum: 0, Workers: 4
[3433.325s][debug][gc,phases      ] GC(101)     Total                          Min: 0, Avg: 11.2, Max: 45, Diff: 45, Sum: 45, Workers: 4
[3433.325s][debug][gc,phases      ] GC(101)   StringDedup Table Weak         Min:  0.0, Avg:  0.0, Max:  0.0, Diff:  0.0, Sum:  0.0, Workers: 4
[3433.325s][debug][gc,phases      ] GC(101)     Dead                           Min: 0, Avg:  0.0, Max: 0, Diff: 0, Sum: 0, Workers: 4
[3433.325s][debug][gc,phases      ] GC(101)     Total                          Min: 0, Avg:  0.0, Max: 0, Diff: 0, Sum: 0, Workers: 4
[3433.325s][debug][gc,phases      ] GC(101)   StringDedup Requests0 Weak     Min:  0.0, Avg:  0.0, Max:  0.0, Diff:  0.0, Sum:  0.0, Workers: 4
[3433.325s][debug][gc,phases      ] GC(101)     Dead                           Min: 0, Avg:  0.0, Max: 0, Diff: 0, Sum: 0, Workers: 4
[3433.325s][debug][gc,phases      ] GC(101)     Total                          Min: 0, Avg:  0.0, Max: 0, Diff: 0, Sum: 0, Workers: 4
[3433.325s][debug][gc,phases      ] GC(101)   StringDedup Requests1 Weak     Min:  0.0, Avg:  0.0, Max:  0.0, Diff:  0.0, Sum:  0.0, Workers: 4
[3433.325s][debug][gc,phases      ] GC(101)     Dead                           Min: 0, Avg:  0.0, Max: 0, Diff: 0, Sum: 0, Workers: 4
[3433.325s][debug][gc,phases      ] GC(101)     Total                          Min: 0, Avg:  0.0, Max: 0, Diff: 0, Sum: 0, Workers: 4
[3433.325s][debug][gc,phases      ] GC(101)   Weak JFR Old Object Samples    Min:  0.0, Avg:  0.0, Max:  0.0, Diff:  0.0, Sum:  0.0, Workers: 4
[3433.325s][debug][gc,phases      ] GC(101)     Dead                           Min: 0, Avg:  0.0, Max: 0, Diff: 0, Sum: 0, Workers: 4
[3433.325s][debug][gc,phases      ] GC(101)     Total                          Min: 0, Avg:  0.0, Max: 0, Diff: 0, Sum: 0, Workers: 4
[3433.325s][debug][gc,phases      ] GC(101) Weak Processing 0.291ms
[3433.325s][debug][gc,age         ] GC(101) Desired survivor size 146276352 bytes, new threshold 15 (max threshold 15)
[3433.325s][info ][gc,heap        ] GC(101) PSYoungGen: 1891920K(1892352K)->80096K(1954304K) Eden: 1811456K(1811456K)->0K(1810944K) From: 80464K(80896K)->80096K(143360K)
[3433.325s][info ][gc,heap        ] GC(101) ParOldGen: 446626K(549888K)->446834K(549888K)
[3433.325s][info ][gc,metaspace   ] GC(101) Metaspace: 79891K(80832K)->79891K(80832K) NonClass: 68684K(69184K)->68684K(69184K) Class: 11206K(11648K)->11206K(11648K)
[3433.325s][info ][gc             ] GC(101) Pause Young (Allocation Failure) 2283M->514M(2445M) 18.480ms
[3433.325s][info ][gc,cpu         ] GC(101) User=0.08s Sys=0.00s Real=0.02s
[3433.325s][info ][safepoint      ] Safepoint "ParallelGCFailedAllocation", Time since last: 374064399 ns, Reaching safepoint: 24600 ns, At safepoint: 18543945 ns, Total: 18568545 ns
[3437.325s][info ][safepoint      ] Safepoint "Cleanup", Time since last: 4000266520 ns, Reaching safepoint: 24000 ns, At safepoint: 2100 ns, Total: 26100 ns
[3438.325s][info ][safepoint      ] Safepoint "Cleanup", Time since last: 1000088454 ns, Reaching safepoint: 37100 ns, At safepoint: 4100 ns, Total: 41200 ns
[3445.326s][info ][safepoint      ] Safepoint "Cleanup", Time since last: 7000468174 ns, Reaching safepoint: 32800 ns, At safepoint: 2000 ns, Total: 34800 ns
[3446.326s][info ][safepoint      ] Safepoint "Cleanup", Time since last: 1000092352 ns, Reaching safepoint: 23800 ns, At safepoint: 24700 ns, Total: 48500 ns
[3447.326s][info ][safepoint      ] Safepoint "Cleanup", Time since last: 1000043152 ns, Reaching safepoint: 27100 ns, At safepoint: 2600 ns, Total: 29700 ns
[3478.328s][info ][safepoint      ] Safepoint "Cleanup", Time since last: 31001862896 ns, Reaching safepoint: 25100 ns, At safepoint: 2600 ns, Total: 27700 ns
[3482.815s][info ][gc,start       ] GC(102) Pause Young (Allocation Failure)
[3482.836s][debug][gc,phases      ] GC(102) Scavenge 20.364ms
[3482.836s][debug][gc,ref         ] GC(102) Skipped phase 1 of Reference Processing: no references
[3482.836s][debug][gc,ref         ] GC(102) ReferenceProcessor::execute queues: 1, RefProcThreadModel::Single, marks_oops_alive: false
[3482.836s][debug][gc,ref         ] GC(102) Skipped phase 3 of Reference Processing: no references
[3482.836s][debug][gc,ref         ] GC(102) ReferenceProcessor::execute queues: 1, RefProcThreadModel::Single, marks_oops_alive: false
[3482.836s][debug][gc,phases      ] GC(102) Reference Processing 0.086ms
[3482.836s][debug][gc,phases      ] GC(102)   VM Weak                        Min:  0.0, Avg:  0.0, Max:  0.0, Diff:  0.0, Sum:  0.0, Workers: 4
[3482.836s][debug][gc,phases      ] GC(102)     Dead                           Min: 0, Avg:  0.0, Max: 0, Diff: 0, Sum: 0, Workers: 4
[3482.836s][debug][gc,phases      ] GC(102)     Total                          Min: 0, Avg: 191.8, Max: 447, Diff: 447, Sum: 767, Workers: 4
[3482.836s][debug][gc,phases      ] GC(102)   ObjectSynchronizer Weak        Min:  0.0, Avg:  0.0, Max:  0.0, Diff:  0.0, Sum:  0.0, Workers: 4
[3482.836s][debug][gc,phases      ] GC(102)     Dead                           Min: 0, Avg:  0.0, Max: 0, Diff: 0, Sum: 0, Workers: 4
[3482.836s][debug][gc,phases      ] GC(102)     Total                          Min: 0, Avg: 10.8, Max: 43, Diff: 43, Sum: 43, Workers: 4
[3482.836s][debug][gc,phases      ] GC(102)   JVMTI Tag Weak OopStorage      Min:  0.0, Avg:  0.0, Max:  0.0, Diff:  0.0, Sum:  0.0, Workers: 4
[3482.836s][debug][gc,phases      ] GC(102)     Dead                           Min: 0, Avg:  0.0, Max: 0, Diff: 0, Sum: 0, Workers: 4
[3482.836s][debug][gc,phases      ] GC(102)     Total                          Min: 0, Avg:  0.0, Max: 0, Diff: 0, Sum: 0, Workers: 4
[3482.836s][debug][gc,phases      ] GC(102)   StringTable Weak               Min:  0.0, Avg:  0.1, Max:  0.1, Diff:  0.1, Sum:  0.3, Workers: 4
[3482.836s][debug][gc,phases      ] GC(102)     Dead                           Min: 0, Avg:  0.0, Max: 0, Diff: 0, Sum: 0, Workers: 4
[3482.836s][debug][gc,phases      ] GC(102)     Total                          Min: 0, Avg: 10694.5, Max: 19264, Diff: 19264, Sum: 42778, Workers: 4
[3482.836s][debug][gc,phases      ] GC(102)   ResolvedMethodTable Weak       Min:  0.0, Avg:  0.0, Max:  0.0, Diff:  0.0, Sum:  0.1, Workers: 4
[3482.836s][debug][gc,phases      ] GC(102)     Dead                           Min: 0, Avg:  0.0, Max: 0, Diff: 0, Sum: 0, Workers: 4
[3482.836s][debug][gc,phases      ] GC(102)     Total                          Min: 0, Avg: 2163.2, Max: 3968, Diff: 3968, Sum: 8653, Workers: 4
[3482.836s][debug][gc,phases      ] GC(102)   JNI Weak                       Min:  0.0, Avg:  0.0, Max:  0.0, Diff:  0.0, Sum:  0.0, Workers: 4
[3482.836s][debug][gc,phases      ] GC(102)     Dead                           Min: 0, Avg:  0.0, Max: 0, Diff: 0, Sum: 0, Workers: 4
[3482.836s][debug][gc,phases      ] GC(102)     Total                          Min: 0, Avg: 11.2, Max: 45, Diff: 45, Sum: 45, Workers: 4
[3482.836s][debug][gc,phases      ] GC(102)   StringDedup Table Weak         Min:  0.0, Avg:  0.0, Max:  0.0, Diff:  0.0, Sum:  0.0, Workers: 4
[3482.836s][debug][gc,phases      ] GC(102)     Dead                           Min: 0, Avg:  0.0, Max: 0, Diff: 0, Sum: 0, Workers: 4
[3482.836s][debug][gc,phases      ] GC(102)     Total                          Min: 0, Avg:  0.0, Max: 0, Diff: 0, Sum: 0, Workers: 4
[3482.836s][debug][gc,phases      ] GC(102)   StringDedup Requests0 Weak     Min:  0.0, Avg:  0.0, Max:  0.0, Diff:  0.0, Sum:  0.0, Workers: 4
[3482.836s][debug][gc,phases      ] GC(102)     Dead                           Min: 0, Avg:  0.0, Max: 0, Diff: 0, Sum: 0, Workers: 4
[3482.836s][debug][gc,phases      ] GC(102)     Total                          Min: 0, Avg:  0.0, Max: 0, Diff: 0, Sum: 0, Workers: 4
[3482.836s][debug][gc,phases      ] GC(102)   StringDedup Requests1 Weak     Min:  0.0, Avg:  0.0, Max:  0.0, Diff:  0.0, Sum:  0.0, Workers: 4
[3482.836s][debug][gc,phases      ] GC(102)     Dead                           Min: 0, Avg:  0.0, Max: 0, Diff: 0, Sum: 0, Workers: 4
[3482.836s][debug][gc,phases      ] GC(102)     Total                          Min: 0, Avg:  0.0, Max: 0, Diff: 0, Sum: 0, Workers: 4
[3482.836s][debug][gc,phases      ] GC(102)   Weak JFR Old Object Samples    Min:  0.0, Avg:  0.0, Max:  0.0, Diff:  0.0, Sum:  0.0, Workers: 4
[3482.836s][debug][gc,phases      ] GC(102)     Dead                           Min: 0, Avg:  0.0, Max: 0, Diff: 0, Sum: 0, Workers: 4
[3482.836s][debug][gc,phases      ] GC(102)     Total                          Min: 0, Avg:  0.0, Max: 0, Diff: 0, Sum: 0, Workers: 4
[3482.836s][debug][gc,phases      ] GC(102) Weak Processing 0.305ms
[3482.836s][debug][gc,age         ] GC(102) Desired survivor size 145227776 bytes, new threshold 15 (max threshold 15)
[3482.836s][info ][gc,heap        ] GC(102) PSYoungGen: 1891040K(1954304K)->80320K(1953792K) Eden: 1810944K(1810944K)->0K(1810944K) From: 80096K(143360K)->80320K(142848K)
[3482.836s][info ][gc,heap        ] GC(102) ParOldGen: 446834K(549888K)->447078K(549888K)
[3482.836s][info ][gc,metaspace   ] GC(102) Metaspace: 79902K(80832K)->79902K(80832K) NonClass: 68696K(69184K)->68696K(69184K) Class: 11206K(11648K)->11206K(11648K)
[3482.836s][info ][gc             ] GC(102) Pause Young (Allocation Failure) 2283M->515M(2445M) 20.847ms
[3482.836s][info ][gc,cpu         ] GC(102) User=0.06s Sys=0.00s Real=0.02s
[3482.836s][info ][safepoint      ] Safepoint "ParallelGCFailedAllocation", Time since last: 4487499836 ns, Reaching safepoint: 24700 ns, At safepoint: 20913738 ns, Total: 20938438 ns
[3483.836s][info ][safepoint      ] Safepoint "Cleanup", Time since last: 1000085543 ns, Reaching safepoint: 29000 ns, At safepoint: 2900 ns, Total: 31900 ns
[3495.837s][info ][safepoint      ] Safepoint "Cleanup", Time since last: 12000771303 ns, Reaching safepoint: 39700 ns, At safepoint: 14300 ns, Total: 54000 ns
[3509.838s][info ][safepoint      ] Safepoint "Cleanup", Time since last: 14000901547 ns, Reaching safepoint: 34500 ns, At safepoint: 18800 ns, Total: 53300 ns
[3536.811s][info ][gc,start       ] GC(103) Pause Young (Allocation Failure)
[3536.829s][debug][gc,phases      ] GC(103) Scavenge 18.156ms
[3536.829s][debug][gc,ref         ] GC(103) Skipped phase 1 of Reference Processing: no references
[3536.829s][debug][gc,ref         ] GC(103) ReferenceProcessor::execute queues: 1, RefProcThreadModel::Single, marks_oops_alive: false
[3536.829s][debug][gc,ref         ] GC(103) Skipped phase 3 of Reference Processing: no references
[3536.829s][debug][gc,ref         ] GC(103) ReferenceProcessor::execute queues: 1, RefProcThreadModel::Single, marks_oops_alive: false
[3536.829s][debug][gc,phases      ] GC(103) Reference Processing 0.102ms
[3536.829s][debug][gc,phases      ] GC(103)   VM Weak                        Min:  0.0, Avg:  0.0, Max:  0.0, Diff:  0.0, Sum:  0.0, Workers: 4
[3536.829s][debug][gc,phases      ] GC(103)     Dead                           Min: 0, Avg:  0.0, Max: 0, Diff: 0, Sum: 0, Workers: 4
[3536.829s][debug][gc,phases      ] GC(103)     Total                          Min: 0, Avg: 191.8, Max: 767, Diff: 767, Sum: 767, Workers: 4
[3536.829s][debug][gc,phases      ] GC(103)   ObjectSynchronizer Weak        Min:  0.0, Avg:  0.0, Max:  0.0, Diff:  0.0, Sum:  0.0, Workers: 4
[3536.829s][debug][gc,phases      ] GC(103)     Dead                           Min: 0, Avg:  0.0, Max: 0, Diff: 0, Sum: 0, Workers: 4
[3536.829s][debug][gc,phases      ] GC(103)     Total                          Min: 0, Avg: 10.8, Max: 43, Diff: 43, Sum: 43, Workers: 4
[3536.829s][debug][gc,phases      ] GC(103)   JVMTI Tag Weak OopStorage      Min:  0.0, Avg:  0.0, Max:  0.0, Diff:  0.0, Sum:  0.0, Workers: 4
[3536.829s][debug][gc,phases      ] GC(103)     Dead                           Min: 0, Avg:  0.0, Max: 0, Diff: 0, Sum: 0, Workers: 4
[3536.829s][debug][gc,phases      ] GC(103)     Total                          Min: 0, Avg:  0.0, Max: 0, Diff: 0, Sum: 0, Workers: 4
[3536.829s][debug][gc,phases      ] GC(103)   StringTable Weak               Min:  0.1, Avg:  0.1, Max:  0.1, Diff:  0.0, Sum:  0.4, Workers: 4
[3536.829s][debug][gc,phases      ] GC(103)     Dead                           Min: 0, Avg:  0.0, Max: 0, Diff: 0, Sum: 0, Workers: 4
[3536.829s][debug][gc,phases      ] GC(103)     Total                          Min: 10496, Avg: 10694.5, Max: 11072, Diff: 576, Sum: 42778, Workers: 4
[3536.829s][debug][gc,phases      ] GC(103)   ResolvedMethodTable Weak       Min:  0.0, Avg:  0.0, Max:  0.0, Diff:  0.0, Sum:  0.1, Workers: 4
[3536.829s][debug][gc,phases      ] GC(103)     Dead                           Min: 0, Avg:  0.0, Max: 0, Diff: 0, Sum: 0, Workers: 4
[3536.829s][debug][gc,phases      ] GC(103)     Total                          Min: 1997, Avg: 2163.2, Max: 2368, Diff: 371, Sum: 8653, Workers: 4
[3536.829s][debug][gc,phases      ] GC(103)   JNI Weak                       Min:  0.0, Avg:  0.0, Max:  0.0, Diff:  0.0, Sum:  0.0, Workers: 4
[3536.829s][debug][gc,phases      ] GC(103)     Dead                           Min: 0, Avg:  0.0, Max: 0, Diff: 0, Sum: 0, Workers: 4
[3536.829s][debug][gc,phases      ] GC(103)     Total                          Min: 0, Avg: 11.2, Max: 45, Diff: 45, Sum: 45, Workers: 4
[3536.829s][debug][gc,phases      ] GC(103)   StringDedup Table Weak         Min:  0.0, Avg:  0.0, Max:  0.0, Diff:  0.0, Sum:  0.0, Workers: 4
[3536.829s][debug][gc,phases      ] GC(103)     Dead                           Min: 0, Avg:  0.0, Max: 0, Diff: 0, Sum: 0, Workers: 4
[3536.830s][debug][gc,phases      ] GC(103)     Total                          Min: 0, Avg:  0.0, Max: 0, Diff: 0, Sum: 0, Workers: 4
[3536.830s][debug][gc,phases      ] GC(103)   StringDedup Requests0 Weak     Min:  0.0, Avg:  0.0, Max:  0.0, Diff:  0.0, Sum:  0.0, Workers: 4
[3536.830s][debug][gc,phases      ] GC(103)     Dead                           Min: 0, Avg:  0.0, Max: 0, Diff: 0, Sum: 0, Workers: 4
[3536.830s][debug][gc,phases      ] GC(103)     Total                          Min: 0, Avg:  0.0, Max: 0, Diff: 0, Sum: 0, Workers: 4
[3536.830s][debug][gc,phases      ] GC(103)   StringDedup Requests1 Weak     Min:  0.0, Avg:  0.0, Max:  0.0, Diff:  0.0, Sum:  0.0, Workers: 4
[3536.830s][debug][gc,phases      ] GC(103)     Dead                           Min: 0, Avg:  0.0, Max: 0, Diff: 0, Sum: 0, Workers: 4
[3536.830s][debug][gc,phases      ] GC(103)     Total                          Min: 0, Avg:  0.0, Max: 0, Diff: 0, Sum: 0, Workers: 4
[3536.830s][debug][gc,phases      ] GC(103)   Weak JFR Old Object Samples    Min:  0.0, Avg:  0.0, Max:  0.0, Diff:  0.0, Sum:  0.0, Workers: 4
[3536.830s][debug][gc,phases      ] GC(103)     Dead                           Min: 0, Avg:  0.0, Max: 0, Diff: 0, Sum: 0, Workers: 4
[3536.830s][debug][gc,phases      ] GC(103)     Total                          Min: 0, Avg:  0.0, Max: 0, Diff: 0, Sum: 0, Workers: 4
[3536.830s][debug][gc,phases      ] GC(103) Weak Processing 0.298ms
[3536.830s][debug][gc,age         ] GC(103) Desired survivor size 143654912 bytes, new threshold 15 (max threshold 15)
[3536.830s][info ][gc,heap        ] GC(103) PSYoungGen: 1891264K(1953792K)->80368K(1956864K) Eden: 1810944K(1810944K)->0K(1815040K) From: 80320K(142848K)->80368K(141824K)
[3536.830s][info ][gc,heap        ] GC(103) ParOldGen: 447078K(549888K)->447350K(549888K)
[3536.830s][info ][gc,metaspace   ] GC(103) Metaspace: 79902K(80832K)->79902K(80832K) NonClass: 68696K(69184K)->68696K(69184K) Class: 11206K(11648K)->11206K(11648K)
[3536.830s][info ][gc             ] GC(103) Pause Young (Allocation Failure) 2283M->515M(2448M) 18.657ms
[3536.830s][info ][gc,cpu         ] GC(103) User=0.07s Sys=0.01s Real=0.02s
[3536.830s][info ][safepoint      ] Safepoint "ParallelGCFailedAllocation", Time since last: 26972844420 ns, Reaching safepoint: 22600 ns, At safepoint: 18726844 ns, Total: 18749444 ns
[3584.833s][info ][safepoint      ] Safepoint "Cleanup", Time since last: 48002859195 ns, Reaching safepoint: 50700 ns, At safepoint: 2100 ns, Total: 52800 ns
[3585.833s][info ][safepoint      ] Safepoint "Cleanup", Time since last: 1000105922 ns, Reaching safepoint: 25500 ns, At safepoint: 2300 ns, Total: 27800 ns
[3586.511s][info ][gc,start       ] GC(104) Pause Young (Allocation Failure)
[3586.530s][debug][gc,phases      ] GC(104) Scavenge 18.761ms
[3586.530s][debug][gc,ref         ] GC(104) Skipped phase 1 of Reference Processing: no references
[3586.530s][debug][gc,ref         ] GC(104) ReferenceProcessor::execute queues: 1, RefProcThreadModel::Single, marks_oops_alive: false
[3586.530s][debug][gc,ref         ] GC(104) Skipped phase 3 of Reference Processing: no references
[3586.530s][debug][gc,ref         ] GC(104) ReferenceProcessor::execute queues: 1, RefProcThreadModel::Single, marks_oops_alive: false
[3586.530s][debug][gc,phases      ] GC(104) Reference Processing 0.095ms
[3586.530s][debug][gc,phases      ] GC(104)   VM Weak                        Min:  0.0, Avg:  0.0, Max:  0.0, Diff:  0.0, Sum:  0.0, Workers: 4
[3586.530s][debug][gc,phases      ] GC(104)     Dead                           Min: 0, Avg:  0.0, Max: 0, Diff: 0, Sum: 0, Workers: 4
[3586.530s][debug][gc,phases      ] GC(104)     Total                          Min: 0, Avg: 191.8, Max: 384, Diff: 384, Sum: 767, Workers: 4
[3586.530s][debug][gc,phases      ] GC(104)   ObjectSynchronizer Weak        Min:  0.0, Avg:  0.0, Max:  0.0, Diff:  0.0, Sum:  0.0, Workers: 4
[3586.530s][debug][gc,phases      ] GC(104)     Dead                           Min: 0, Avg:  0.0, Max: 0, Diff: 0, Sum: 0, Workers: 4
[3586.530s][debug][gc,phases      ] GC(104)     Total                          Min: 0, Avg: 10.8, Max: 43, Diff: 43, Sum: 43, Workers: 4
[3586.530s][debug][gc,phases      ] GC(104)   JVMTI Tag Weak OopStorage      Min:  0.0, Avg:  0.0, Max:  0.0, Diff:  0.0, Sum:  0.0, Workers: 4
[3586.530s][debug][gc,phases      ] GC(104)     Dead                           Min: 0, Avg:  0.0, Max: 0, Diff: 0, Sum: 0, Workers: 4
[3586.530s][debug][gc,phases      ] GC(104)     Total                          Min: 0, Avg:  0.0, Max: 0, Diff: 0, Sum: 0, Workers: 4
[3586.530s][debug][gc,phases      ] GC(104)   StringTable Weak               Min:  0.1, Avg:  0.1, Max:  0.1, Diff:  0.0, Sum:  0.4, Workers: 4
[3586.530s][debug][gc,phases      ] GC(104)     Dead                           Min: 0, Avg:  0.0, Max: 0, Diff: 0, Sum: 0, Workers: 4
[3586.530s][debug][gc,phases      ] GC(104)     Total                          Min: 10112, Avg: 10694.5, Max: 11520, Diff: 1408, Sum: 42778, Workers: 4
[3586.530s][debug][gc,phases      ] GC(104)   ResolvedMethodTable Weak       Min:  0.0, Avg:  0.0, Max:  0.0, Diff:  0.0, Sum:  0.1, Workers: 4
[3586.530s][debug][gc,phases      ] GC(104)     Dead                           Min: 0, Avg:  0.0, Max: 0, Diff: 0, Sum: 0, Workers: 4
[3586.530s][debug][gc,phases      ] GC(104)     Total                          Min: 1600, Avg: 2163.2, Max: 2432, Diff: 832, Sum: 8653, Workers: 4
[3586.530s][debug][gc,phases      ] GC(104)   JNI Weak                       Min:  0.0, Avg:  0.0, Max:  0.0, Diff:  0.0, Sum:  0.0, Workers: 4
[3586.530s][debug][gc,phases      ] GC(104)     Dead                           Min: 0, Avg:  0.0, Max: 0, Diff: 0, Sum: 0, Workers: 4
[3586.530s][debug][gc,phases      ] GC(104)     Total                          Min: 0, Avg: 11.2, Max: 45, Diff: 45, Sum: 45, Workers: 4
[3586.530s][debug][gc,phases      ] GC(104)   StringDedup Table Weak         Min:  0.0, Avg:  0.0, Max:  0.0, Diff:  0.0, Sum:  0.0, Workers: 4
[3586.530s][debug][gc,phases      ] GC(104)     Dead                           Min: 0, Avg:  0.0, Max: 0, Diff: 0, Sum: 0, Workers: 4
[3586.530s][debug][gc,phases      ] GC(104)     Total                          Min: 0, Avg:  0.0, Max: 0, Diff: 0, Sum: 0, Workers: 4
[3586.530s][debug][gc,phases      ] GC(104)   StringDedup Requests0 Weak     Min:  0.0, Avg:  0.0, Max:  0.0, Diff:  0.0, Sum:  0.0, Workers: 4
[3586.530s][debug][gc,phases      ] GC(104)     Dead                           Min: 0, Avg:  0.0, Max: 0, Diff: 0, Sum: 0, Workers: 4
[3586.530s][debug][gc,phases      ] GC(104)     Total                          Min: 0, Avg:  0.0, Max: 0, Diff: 0, Sum: 0, Workers: 4
[3586.530s][debug][gc,phases      ] GC(104)   StringDedup Requests1 Weak     Min:  0.0, Avg:  0.0, Max:  0.0, Diff:  0.0, Sum:  0.0, Workers: 4
[3586.530s][debug][gc,phases      ] GC(104)     Dead                           Min: 0, Avg:  0.0, Max: 0, Diff: 0, Sum: 0, Workers: 4
[3586.530s][debug][gc,phases      ] GC(104)     Total                          Min: 0, Avg:  0.0, Max: 0, Diff: 0, Sum: 0, Workers: 4
[3586.530s][debug][gc,phases      ] GC(104)   Weak JFR Old Object Samples    Min:  0.0, Avg:  0.0, Max:  0.0, Diff:  0.0, Sum:  0.0, Workers: 4
[3586.530s][debug][gc,phases      ] GC(104)     Dead                           Min: 0, Avg:  0.0, Max: 0, Diff: 0, Sum: 0, Workers: 4
[3586.530s][debug][gc,phases      ] GC(104)     Total                          Min: 0, Avg:  0.0, Max: 0, Diff: 0, Sum: 0, Workers: 4
[3586.530s][debug][gc,phases      ] GC(104) Weak Processing 0.272ms
[3586.530s][debug][gc,age         ] GC(104) Desired survivor size 141557760 bytes, new threshold 15 (max threshold 15)
[3586.530s][info ][gc,heap        ] GC(104) PSYoungGen: 1895408K(1956864K)->79616K(1955328K) Eden: 1815040K(1815040K)->0K(1815040K) From: 80368K(141824K)->79616K(140288K)
[3586.530s][info ][gc,heap        ] GC(104) ParOldGen: 447350K(549888K)->447934K(549888K)
[3586.530s][info ][gc,metaspace   ] GC(104) Metaspace: 79906K(80832K)->79906K(80832K) NonClass: 68700K(69184K)->68700K(69184K) Class: 11206K(11648K)->11206K(11648K)
[3586.530s][info ][gc             ] GC(104) Pause Young (Allocation Failure) 2287M->515M(2446M) 19.231ms
[3586.531s][info ][gc,cpu         ] GC(104) User=0.06s Sys=0.00s Real=0.02s
[3586.531s][info ][safepoint      ] Safepoint "ParallelGCFailedAllocation", Time since last: 678463279 ns, Reaching safepoint: 96700 ns, At safepoint: 19298742 ns, Total: 19395442 ns
[3589.531s][info ][safepoint      ] Safepoint "Cleanup", Time since last: 3000173266 ns, Reaching safepoint: 40199 ns, At safepoint: 12000 ns, Total: 52199 ns
[3602.532s][info ][safepoint      ] Safepoint "Cleanup", Time since last: 13000787763 ns, Reaching safepoint: 214600 ns, At safepoint: 19000 ns, Total: 233600 ns
[3605.532s][info ][safepoint      ] Safepoint "Cleanup", Time since last: 3000202656 ns, Reaching safepoint: 23300 ns, At safepoint: 2100 ns, Total: 25400 ns
[3608.862s][info ][gc,start       ] GC(105) Pause Young (Allocation Failure)
[3608.889s][debug][gc,phases      ] GC(105) Scavenge 26.957ms
[3608.889s][debug][gc,ref         ] GC(105) Skipped phase 1 of Reference Processing: no references
[3608.889s][debug][gc,ref         ] GC(105) ReferenceProcessor::execute queues: 1, RefProcThreadModel::Single, marks_oops_alive: false
[3608.889s][debug][gc,ref         ] GC(105) Skipped phase 3 of Reference Processing: no references
[3608.889s][debug][gc,ref         ] GC(105) ReferenceProcessor::execute queues: 1, RefProcThreadModel::Single, marks_oops_alive: false
[3608.889s][debug][gc,phases      ] GC(105) Reference Processing 0.092ms
[3608.890s][debug][gc,phases      ] GC(105)   VM Weak                        Min:  0.0, Avg:  0.0, Max:  0.0, Diff:  0.0, Sum:  0.0, Workers: 4
[3608.890s][debug][gc,phases      ] GC(105)     Dead                           Min: 0, Avg:  0.0, Max: 0, Diff: 0, Sum: 0, Workers: 4
[3608.890s][debug][gc,phases      ] GC(105)     Total                          Min: 0, Avg: 191.8, Max: 511, Diff: 511, Sum: 767, Workers: 4
[3608.890s][debug][gc,phases      ] GC(105)   ObjectSynchronizer Weak        Min:  0.0, Avg:  0.0, Max:  0.0, Diff:  0.0, Sum:  0.0, Workers: 4
[3608.890s][debug][gc,phases      ] GC(105)     Dead                           Min: 0, Avg:  0.0, Max: 0, Diff: 0, Sum: 0, Workers: 4
[3608.890s][debug][gc,phases      ] GC(105)     Total                          Min: 0, Avg: 10.8, Max: 43, Diff: 43, Sum: 43, Workers: 4
[3608.890s][debug][gc,phases      ] GC(105)   JVMTI Tag Weak OopStorage      Min:  0.0, Avg:  0.0, Max:  0.0, Diff:  0.0, Sum:  0.0, Workers: 4
[3608.890s][debug][gc,phases      ] GC(105)     Dead                           Min: 0, Avg:  0.0, Max: 0, Diff: 0, Sum: 0, Workers: 4
[3608.890s][debug][gc,phases      ] GC(105)     Total                          Min: 0, Avg:  0.0, Max: 0, Diff: 0, Sum: 0, Workers: 4
[3608.890s][debug][gc,phases      ] GC(105)   StringTable Weak               Min:  0.0, Avg:  0.1, Max:  0.1, Diff:  0.1, Sum:  0.3, Workers: 4
[3608.890s][debug][gc,phases      ] GC(105)     Dead                           Min: 0, Avg:  0.0, Max: 0, Diff: 0, Sum: 0, Workers: 4
[3608.890s][debug][gc,phases      ] GC(105)     Total                          Min: 0, Avg: 10697.0, Max: 17472, Diff: 17472, Sum: 42788, Workers: 4
[3608.890s][debug][gc,phases      ] GC(105)   ResolvedMethodTable Weak       Min:  0.0, Avg:  0.0, Max:  0.0, Diff:  0.0, Sum:  0.1, Workers: 4
[3608.890s][debug][gc,phases      ] GC(105)     Dead                           Min: 0, Avg:  0.0, Max: 0, Diff: 0, Sum: 0, Workers: 4
[3608.890s][debug][gc,phases      ] GC(105)     Total                          Min: 0, Avg: 2163.2, Max: 3789, Diff: 3789, Sum: 8653, Workers: 4
[3608.890s][debug][gc,phases      ] GC(105)   JNI Weak                       Min:  0.0, Avg:  0.0, Max:  0.0, Diff:  0.0, Sum:  0.0, Workers: 4
[3608.890s][debug][gc,phases      ] GC(105)     Dead                           Min: 0, Avg:  0.0, Max: 0, Diff: 0, Sum: 0, Workers: 4
[3608.890s][debug][gc,phases      ] GC(105)     Total                          Min: 0, Avg: 11.2, Max: 45, Diff: 45, Sum: 45, Workers: 4
[3608.890s][debug][gc,phases      ] GC(105)   StringDedup Table Weak         Min:  0.0, Avg:  0.0, Max:  0.0, Diff:  0.0, Sum:  0.0, Workers: 4
[3608.890s][debug][gc,phases      ] GC(105)     Dead                           Min: 0, Avg:  0.0, Max: 0, Diff: 0, Sum: 0, Workers: 4
[3608.890s][debug][gc,phases      ] GC(105)     Total                          Min: 0, Avg:  0.0, Max: 0, Diff: 0, Sum: 0, Workers: 4
[3608.890s][debug][gc,phases      ] GC(105)   StringDedup Requests0 Weak     Min:  0.0, Avg:  0.0, Max:  0.0, Diff:  0.0, Sum:  0.0, Workers: 4
[3608.890s][debug][gc,phases      ] GC(105)     Dead                           Min: 0, Avg:  0.0, Max: 0, Diff: 0, Sum: 0, Workers: 4
[3608.890s][debug][gc,phases      ] GC(105)     Total                          Min: 0, Avg:  0.0, Max: 0, Diff: 0, Sum: 0, Workers: 4
[3608.890s][debug][gc,phases      ] GC(105)   StringDedup Requests1 Weak     Min:  0.0, Avg:  0.0, Max:  0.0, Diff:  0.0, Sum:  0.0, Workers: 4
[3608.890s][debug][gc,phases      ] GC(105)     Dead                           Min: 0, Avg:  0.0, Max: 0, Diff: 0, Sum: 0, Workers: 4
[3608.890s][debug][gc,phases      ] GC(105)     Total                          Min: 0, Avg:  0.0, Max: 0, Diff: 0, Sum: 0, Workers: 4
[3608.890s][debug][gc,phases      ] GC(105)   Weak JFR Old Object Samples    Min:  0.0, Avg:  0.0, Max:  0.0, Diff:  0.0, Sum:  0.0, Workers: 4
[3608.890s][debug][gc,phases      ] GC(105)     Dead                           Min: 0, Avg:  0.0, Max: 0, Diff: 0, Sum: 0, Workers: 4
[3608.890s][debug][gc,phases      ] GC(105)     Total                          Min: 0, Avg:  0.0, Max: 0, Diff: 0, Sum: 0, Workers: 4
[3608.890s][debug][gc,phases      ] GC(105) Weak Processing 0.317ms
[3608.890s][debug][gc,age         ] GC(105) Desired survivor size 147324928 bytes, new threshold 15 (max threshold 15)
[3608.890s][info ][gc,heap        ] GC(105) PSYoungGen: 1894656K(1955328K)->100656K(1947648K) Eden: 1815040K(1815040K)->0K(1809408K) From: 79616K(140288K)->100656K(138240K)
[3608.890s][info ][gc,heap        ] GC(105) ParOldGen: 447934K(549888K)->466218K(549888K)
[3608.890s][info ][gc,metaspace   ] GC(105) Metaspace: 79929K(80832K)->79929K(80832K) NonClass: 68723K(69184K)->68723K(69184K) Class: 11206K(11648K)->11206K(11648K)
[3608.890s][info ][gc             ] GC(105) Pause Young (Allocation Failure) 2287M->553M(2439M) 27.475ms
[3608.890s][info ][gc,cpu         ] GC(105) User=0.11s Sys=0.00s Real=0.03s
[3608.890s][info ][safepoint      ] Safepoint "ParallelGCFailedAllocation", Time since last: 3330110471 ns, Reaching safepoint: 95099 ns, At safepoint: 27553918 ns, Total: 27649017 ns
[3614.890s][info ][safepoint      ] Safepoint "Cleanup", Time since last: 6000393704 ns, Reaching safepoint: 27300 ns, At safepoint: 2800 ns, Total: 30100 ns
[3615.890s][info ][safepoint      ] Safepoint "Cleanup", Time since last: 1000095817 ns, Reaching safepoint: 23200 ns, At safepoint: 2500 ns, Total: 25700 ns
[3617.891s][info ][safepoint      ] Safepoint "Cleanup", Time since last: 2000153133 ns, Reaching safepoint: 40299 ns, At safepoint: 10300 ns, Total: 50599 ns
[3618.891s][info ][safepoint      ] Safepoint "Cleanup", Time since last: 1000053217 ns, Reaching safepoint: 106999 ns, At safepoint: 8200 ns, Total: 115199 ns
[3620.892s][info ][safepoint      ] Safepoint "Cleanup", Time since last: 2000152232 ns, Reaching safepoint: 762898 ns, At safepoint: 6600 ns, Total: 769498 ns
[3621.892s][info ][safepoint      ] Safepoint "Cleanup", Time since last: 1000094915 ns, Reaching safepoint: 104900 ns, At safepoint: 7800 ns, Total: 112700 ns
[3623.892s][info ][safepoint      ] Safepoint "Cleanup", Time since last: 2000115231 ns, Reaching safepoint: 37200 ns, At safepoint: 2400 ns, Total: 39600 ns
[3625.892s][info ][safepoint      ] Safepoint "Cleanup", Time since last: 2000114830 ns, Reaching safepoint: 112299 ns, At safepoint: 3800 ns, Total: 116099 ns
[3626.893s][info ][safepoint      ] Safepoint "Cleanup", Time since last: 1000137815 ns, Reaching safepoint: 212699 ns, At safepoint: 4700 ns, Total: 217399 ns
[3629.893s][info ][safepoint      ] Safepoint "Cleanup", Time since last: 3000228944 ns, Reaching safepoint: 43799 ns, At safepoint: 3200 ns, Total: 46999 ns
[3633.893s][info ][safepoint      ] Safepoint "Cleanup", Time since last: 4000212656 ns, Reaching safepoint: 73500 ns, At safepoint: 6200 ns, Total: 79700 ns
[3638.894s][info ][safepoint      ] Safepoint "Cleanup", Time since last: 5000353465 ns, Reaching safepoint: 29700 ns, At safepoint: 2500 ns, Total: 32200 ns
[3645.894s][info ][safepoint      ] Safepoint "Cleanup", Time since last: 7000472884 ns, Reaching safepoint: 28000 ns, At safepoint: 2700 ns, Total: 30700 ns
[3648.894s][info ][safepoint      ] Safepoint "Cleanup", Time since last: 3000220434 ns, Reaching safepoint: 37099 ns, At safepoint: 2600 ns, Total: 39699 ns
[3651.222s][info ][gc,start       ] GC(106) Pause Young (Allocation Failure)
[3651.250s][debug][gc,phases      ] GC(106) Scavenge 28.216ms
[3651.250s][debug][gc,ref         ] GC(106) Skipped phase 1 of Reference Processing: no references
[3651.250s][debug][gc,ref         ] GC(106) ReferenceProcessor::execute queues: 1, RefProcThreadModel::Single, marks_oops_alive: false
[3651.250s][debug][gc,ref         ] GC(106) Skipped phase 3 of Reference Processing: no references
[3651.250s][debug][gc,ref         ] GC(106) ReferenceProcessor::execute queues: 1, RefProcThreadModel::Single, marks_oops_alive: false
[3651.250s][debug][gc,phases      ] GC(106) Reference Processing 0.119ms
[3651.250s][debug][gc,phases      ] GC(106)   VM Weak                        Min:  0.0, Avg:  0.0, Max:  0.0, Diff:  0.0, Sum:  0.0, Workers: 4
[3651.250s][debug][gc,phases      ] GC(106)     Dead                           Min: 0, Avg:  0.0, Max: 0, Diff: 0, Sum: 0, Workers: 4
[3651.250s][debug][gc,phases      ] GC(106)     Total                          Min: 0, Avg: 191.8, Max: 767, Diff: 767, Sum: 767, Workers: 4
[3651.250s][debug][gc,phases      ] GC(106)   ObjectSynchronizer Weak        Min:  0.0, Avg:  0.0, Max:  0.0, Diff:  0.0, Sum:  0.0, Workers: 4
[3651.250s][debug][gc,phases      ] GC(106)     Dead                           Min: 0, Avg:  0.0, Max: 0, Diff: 0, Sum: 0, Workers: 4
[3651.250s][debug][gc,phases      ] GC(106)     Total                          Min: 0, Avg: 10.8, Max: 43, Diff: 43, Sum: 43, Workers: 4
[3651.250s][debug][gc,phases      ] GC(106)   JVMTI Tag Weak OopStorage      Min:  0.0, Avg:  0.0, Max:  0.0, Diff:  0.0, Sum:  0.0, Workers: 4
[3651.250s][debug][gc,phases      ] GC(106)     Dead                           Min: 0, Avg:  0.0, Max: 0, Diff: 0, Sum: 0, Workers: 4
[3651.250s][debug][gc,phases      ] GC(106)     Total                          Min: 0, Avg:  0.0, Max: 0, Diff: 0, Sum: 0, Workers: 4
[3651.250s][debug][gc,phases      ] GC(106)   StringTable Weak               Min:  0.0, Avg:  0.1, Max:  0.1, Diff:  0.1, Sum:  0.3, Workers: 4
[3651.250s][debug][gc,phases      ] GC(106)     Dead                           Min: 0, Avg:  0.0, Max: 0, Diff: 0, Sum: 0, Workers: 4
[3651.250s][debug][gc,phases      ] GC(106)     Total                          Min: 0, Avg: 10697.5, Max: 14976, Diff: 14976, Sum: 42790, Workers: 4
[3651.250s][debug][gc,phases      ] GC(106)   ResolvedMethodTable Weak       Min:  0.0, Avg:  0.0, Max:  0.0, Diff:  0.0, Sum:  0.1, Workers: 4
[3651.250s][debug][gc,phases      ] GC(106)     Dead                           Min: 0, Avg:  0.0, Max: 0, Diff: 0, Sum: 0, Workers: 4
[3651.250s][debug][gc,phases      ] GC(106)     Total                          Min: 0, Avg: 2163.8, Max: 3264, Diff: 3264, Sum: 8655, Workers: 4
[3651.250s][debug][gc,phases      ] GC(106)   JNI Weak                       Min:  0.0, Avg:  0.0, Max:  0.0, Diff:  0.0, Sum:  0.0, Workers: 4
[3651.250s][debug][gc,phases      ] GC(106)     Dead                           Min: 0, Avg:  0.0, Max: 0, Diff: 0, Sum: 0, Workers: 4
[3651.250s][debug][gc,phases      ] GC(106)     Total                          Min: 0, Avg: 11.2, Max: 45, Diff: 45, Sum: 45, Workers: 4
[3651.250s][debug][gc,phases      ] GC(106)   StringDedup Table Weak         Min:  0.0, Avg:  0.0, Max:  0.0, Diff:  0.0, Sum:  0.0, Workers: 4
[3651.250s][debug][gc,phases      ] GC(106)     Dead                           Min: 0, Avg:  0.0, Max: 0, Diff: 0, Sum: 0, Workers: 4
[3651.250s][debug][gc,phases      ] GC(106)     Total                          Min: 0, Avg:  0.0, Max: 0, Diff: 0, Sum: 0, Workers: 4
[3651.250s][debug][gc,phases      ] GC(106)   StringDedup Requests0 Weak     Min:  0.0, Avg:  0.0, Max:  0.0, Diff:  0.0, Sum:  0.0, Workers: 4
[3651.250s][debug][gc,phases      ] GC(106)     Dead                           Min: 0, Avg:  0.0, Max: 0, Diff: 0, Sum: 0, Workers: 4
[3651.250s][debug][gc,phases      ] GC(106)     Total                          Min: 0, Avg:  0.0, Max: 0, Diff: 0, Sum: 0, Workers: 4
[3651.250s][debug][gc,phases      ] GC(106)   StringDedup Requests1 Weak     Min:  0.0, Avg:  0.0, Max:  0.0, Diff:  0.0, Sum:  0.0, Workers: 4
[3651.250s][debug][gc,phases      ] GC(106)     Dead                           Min: 0, Avg:  0.0, Max: 0, Diff: 0, Sum: 0, Workers: 4
[3651.250s][debug][gc,phases      ] GC(106)     Total                          Min: 0, Avg:  0.0, Max: 0, Diff: 0, Sum: 0, Workers: 4
[3651.250s][debug][gc,phases      ] GC(106)   Weak JFR Old Object Samples    Min:  0.0, Avg:  0.0, Max:  0.0, Diff:  0.0, Sum:  0.0, Workers: 4
[3651.250s][debug][gc,phases      ] GC(106)     Dead                           Min: 0, Avg:  0.0, Max: 0, Diff: 0, Sum: 0, Workers: 4
[3651.250s][debug][gc,phases      ] GC(106)     Total                          Min: 0, Avg:  0.0, Max: 0, Diff: 0, Sum: 0, Workers: 4
[3651.250s][debug][gc,phases      ] GC(106) Weak Processing 0.385ms
[3651.250s][debug][gc,age         ] GC(106) Desired survivor size 151519232 bytes, new threshold 15 (max threshold 15)
[3651.250s][info ][gc,heap        ] GC(106) PSYoungGen: 1910064K(1947648K)->99728K(1909248K) Eden: 1809408K(1809408K)->0K(1809408K) From: 100656K(138240K)->99728K(99840K)
[3651.250s][info ][gc,heap        ] GC(106) ParOldGen: 466218K(549888K)->483295K(549888K)
[3651.250s][info ][gc,metaspace   ] GC(106) Metaspace: 79952K(80960K)->79952K(80960K) NonClass: 68746K(69312K)->68746K(69312K) Class: 11206K(11648K)->11206K(11648K)
[3651.250s][info ][gc             ] GC(106) Pause Young (Allocation Failure) 2320M->569M(2401M) 28.845ms
[3651.250s][info ][gc,cpu         ] GC(106) User=0.11s Sys=0.00s Real=0.03s
[3651.250s][info ][safepoint      ] Safepoint "ParallelGCFailedAllocation", Time since last: 2327142445 ns, Reaching safepoint: 63499 ns, At safepoint: 28929014 ns, Total: 28992513 ns
[3653.251s][info ][safepoint      ] Safepoint "Cleanup", Time since last: 2000143221 ns, Reaching safepoint: 39700 ns, At safepoint: 2800 ns, Total: 42500 ns
[3655.251s][info ][safepoint      ] Safepoint "Cleanup", Time since last: 2000136520 ns, Reaching safepoint: 47000 ns, At safepoint: 7400 ns, Total: 54400 ns
[3656.251s][info ][safepoint      ] Safepoint "Cleanup", Time since last: 1000103609 ns, Reaching safepoint: 37000 ns, At safepoint: 2100 ns, Total: 39100 ns
[3657.251s][info ][safepoint      ] Safepoint "Cleanup", Time since last: 1000104510 ns, Reaching safepoint: 43200 ns, At safepoint: 2300 ns, Total: 45500 ns
[3662.251s][info ][safepoint      ] Safepoint "Cleanup", Time since last: 5000325345 ns, Reaching safepoint: 36900 ns, At safepoint: 3100 ns, Total: 40000 ns
[3673.965s][info ][safepoint      ] Safepoint "ParallelGCFailedAllocation", Time since last: 11713357654 ns, Reaching safepoint: 23200 ns, At safepoint: 12900 ns, Total: 36100 ns
[3673.965s][info ][gc,start       ] GC(107) Pause Young (GCLocker Initiated GC)
[3673.990s][debug][gc,phases      ] GC(107) Scavenge 25.014ms
[3673.990s][debug][gc,ref         ] GC(107) Skipped phase 1 of Reference Processing: no references
[3673.990s][debug][gc,ref         ] GC(107) ReferenceProcessor::execute queues: 1, RefProcThreadModel::Single, marks_oops_alive: false
[3673.990s][debug][gc,ref         ] GC(107) Skipped phase 3 of Reference Processing: no references
[3673.990s][debug][gc,ref         ] GC(107) ReferenceProcessor::execute queues: 1, RefProcThreadModel::Single, marks_oops_alive: false
[3673.990s][debug][gc,phases      ] GC(107) Reference Processing 0.092ms
[3673.990s][debug][gc,phases      ] GC(107)   VM Weak                        Min:  0.0, Avg:  0.0, Max:  0.0, Diff:  0.0, Sum:  0.0, Workers: 4
[3673.990s][debug][gc,phases      ] GC(107)     Dead                           Min: 0, Avg:  0.0, Max: 0, Diff: 0, Sum: 0, Workers: 4
[3673.990s][debug][gc,phases      ] GC(107)     Total                          Min: 0, Avg: 191.8, Max: 767, Diff: 767, Sum: 767, Workers: 4
[3673.990s][debug][gc,phases      ] GC(107)   ObjectSynchronizer Weak        Min:  0.0, Avg:  0.0, Max:  0.0, Diff:  0.0, Sum:  0.0, Workers: 4
[3673.990s][debug][gc,phases      ] GC(107)     Dead                           Min: 0, Avg:  0.0, Max: 0, Diff: 0, Sum: 0, Workers: 4
[3673.990s][debug][gc,phases      ] GC(107)     Total                          Min: 0, Avg: 10.8, Max: 43, Diff: 43, Sum: 43, Workers: 4
[3673.990s][debug][gc,phases      ] GC(107)   JVMTI Tag Weak OopStorage      Min:  0.0, Avg:  0.0, Max:  0.0, Diff:  0.0, Sum:  0.0, Workers: 4
[3673.990s][debug][gc,phases      ] GC(107)     Dead                           Min: 0, Avg:  0.0, Max: 0, Diff: 0, Sum: 0, Workers: 4
[3673.990s][debug][gc,phases      ] GC(107)     Total                          Min: 0, Avg:  0.0, Max: 0, Diff: 0, Sum: 0, Workers: 4
[3673.990s][debug][gc,phases      ] GC(107)   StringTable Weak               Min:  0.1, Avg:  0.1, Max:  0.1, Diff:  0.0, Sum:  0.4, Workers: 4
[3673.990s][debug][gc,phases      ] GC(107)     Dead                           Min: 0, Avg:  0.0, Max: 0, Diff: 0, Sum: 0, Workers: 4
[3673.990s][debug][gc,phases      ] GC(107)     Total                          Min: 10048, Avg: 10697.5, Max: 11686, Diff: 1638, Sum: 42790, Workers: 4
[3673.990s][debug][gc,phases      ] GC(107)   ResolvedMethodTable Weak       Min:  0.0, Avg:  0.0, Max:  0.0, Diff:  0.0, Sum:  0.1, Workers: 4
[3673.990s][debug][gc,phases      ] GC(107)     Dead                           Min: 0, Avg:  0.0, Max: 0, Diff: 0, Sum: 0, Workers: 4
[3673.990s][debug][gc,phases      ] GC(107)     Total                          Min: 1999, Avg: 2163.8, Max: 2368, Diff: 369, Sum: 8655, Workers: 4
[3673.990s][debug][gc,phases      ] GC(107)   JNI Weak                       Min:  0.0, Avg:  0.0, Max:  0.0, Diff:  0.0, Sum:  0.0, Workers: 4
[3673.990s][debug][gc,phases      ] GC(107)     Dead                           Min: 0, Avg:  0.0, Max: 0, Diff: 0, Sum: 0, Workers: 4
[3673.990s][debug][gc,phases      ] GC(107)     Total                          Min: 0, Avg: 11.2, Max: 45, Diff: 45, Sum: 45, Workers: 4
[3673.990s][debug][gc,phases      ] GC(107)   StringDedup Table Weak         Min:  0.0, Avg:  0.0, Max:  0.0, Diff:  0.0, Sum:  0.0, Workers: 4
[3673.990s][debug][gc,phases      ] GC(107)     Dead                           Min: 0, Avg:  0.0, Max: 0, Diff: 0, Sum: 0, Workers: 4
[3673.990s][debug][gc,phases      ] GC(107)     Total                          Min: 0, Avg:  0.0, Max: 0, Diff: 0, Sum: 0, Workers: 4
[3673.990s][debug][gc,phases      ] GC(107)   StringDedup Requests0 Weak     Min:  0.0, Avg:  0.0, Max:  0.0, Diff:  0.0, Sum:  0.0, Workers: 4
[3673.990s][debug][gc,phases      ] GC(107)     Dead                           Min: 0, Avg:  0.0, Max: 0, Diff: 0, Sum: 0, Workers: 4
[3673.990s][debug][gc,phases      ] GC(107)     Total                          Min: 0, Avg:  0.0, Max: 0, Diff: 0, Sum: 0, Workers: 4
[3673.990s][debug][gc,phases      ] GC(107)   StringDedup Requests1 Weak     Min:  0.0, Avg:  0.0, Max:  0.0, Diff:  0.0, Sum:  0.0, Workers: 4
[3673.990s][debug][gc,phases      ] GC(107)     Dead                           Min: 0, Avg:  0.0, Max: 0, Diff: 0, Sum: 0, Workers: 4
[3673.990s][debug][gc,phases      ] GC(107)     Total                          Min: 0, Avg:  0.0, Max: 0, Diff: 0, Sum: 0, Workers: 4
[3673.990s][debug][gc,phases      ] GC(107)   Weak JFR Old Object Samples    Min:  0.0, Avg:  0.0, Max:  0.0, Diff:  0.0, Sum:  0.0, Workers: 4
[3673.990s][debug][gc,phases      ] GC(107)     Dead                           Min: 0, Avg:  0.0, Max: 0, Diff: 0, Sum: 0, Workers: 4
[3673.990s][debug][gc,phases      ] GC(107)     Total                          Min: 0, Avg:  0.0, Max: 0, Diff: 0, Sum: 0, Workers: 4
[3673.990s][debug][gc,phases      ] GC(107) Weak Processing 0.278ms
[3673.990s][debug][gc,age         ] GC(107) Desired survivor size 146800640 bytes, new threshold 15 (max threshold 15)
[3673.990s][info ][gc,heap        ] GC(107) PSYoungGen: 1909136K(1909248K)->55648K(1953792K) Eden: 1809408K(1809408K)->0K(1805824K) From: 99728K(99840K)->55648K(147968K)
[3673.990s][info ][gc,heap        ] GC(107) ParOldGen: 483295K(549888K)->515295K(549888K)
[3673.990s][info ][gc,metaspace   ] GC(107) Metaspace: 79952K(80960K)->79952K(80960K) NonClass: 68746K(69312K)->68746K(69312K) Class: 11206K(11648K)->11206K(11648K)
[3673.990s][info ][gc             ] GC(107) Pause Young (GCLocker Initiated GC) 2336M->557M(2445M) 25.469ms
[3673.990s][info ][gc,cpu         ] GC(107) User=0.08s Sys=0.00s Real=0.03s
[3673.990s][info ][safepoint      ] Safepoint "ParallelGCSystemGC", Time since last: 57000 ns, Reaching safepoint: 15200 ns, At safepoint: 25531624 ns, Total: 25546824 ns
[3679.991s][info ][safepoint      ] Safepoint "Cleanup", Time since last: 6000368638 ns, Reaching safepoint: 32800 ns, At safepoint: 2600 ns, Total: 35400 ns
[3683.991s][info ][safepoint      ] Safepoint "Cleanup", Time since last: 4000247623 ns, Reaching safepoint: 25500 ns, At safepoint: 2300 ns, Total: 27800 ns
[3685.991s][info ][safepoint      ] Safepoint "Cleanup", Time since last: 2000179510 ns, Reaching safepoint: 115399 ns, At safepoint: 12300 ns, Total: 127699 ns
[3689.465s][info ][gc,start       ] GC(108) Pause Young (Allocation Failure)
[3689.488s][debug][gc,phases      ] GC(108) Scavenge 23.082ms
[3689.488s][debug][gc,ref         ] GC(108) Skipped phase 1 of Reference Processing: no references
[3689.488s][debug][gc,ref         ] GC(108) ReferenceProcessor::execute queues: 1, RefProcThreadModel::Single, marks_oops_alive: false
[3689.488s][debug][gc,ref         ] GC(108) Skipped phase 3 of Reference Processing: no references
[3689.488s][debug][gc,ref         ] GC(108) ReferenceProcessor::execute queues: 1, RefProcThreadModel::Single, marks_oops_alive: false
[3689.488s][debug][gc,phases      ] GC(108) Reference Processing 0.112ms
[3689.489s][debug][gc,phases      ] GC(108)   VM Weak                        Min:  0.0, Avg:  0.0, Max:  0.0, Diff:  0.0, Sum:  0.0, Workers: 4
[3689.489s][debug][gc,phases      ] GC(108)     Dead                           Min: 0, Avg:  0.0, Max: 0, Diff: 0, Sum: 0, Workers: 4
[3689.489s][debug][gc,phases      ] GC(108)     Total                          Min: 0, Avg: 191.8, Max: 704, Diff: 704, Sum: 767, Workers: 4
[3689.489s][debug][gc,phases      ] GC(108)   ObjectSynchronizer Weak        Min:  0.0, Avg:  0.0, Max:  0.0, Diff:  0.0, Sum:  0.0, Workers: 4
[3689.489s][debug][gc,phases      ] GC(108)     Dead                           Min: 0, Avg:  0.0, Max: 0, Diff: 0, Sum: 0, Workers: 4
[3689.489s][debug][gc,phases      ] GC(108)     Total                          Min: 0, Avg: 10.8, Max: 43, Diff: 43, Sum: 43, Workers: 4
[3689.489s][debug][gc,phases      ] GC(108)   JVMTI Tag Weak OopStorage      Min:  0.0, Avg:  0.0, Max:  0.0, Diff:  0.0, Sum:  0.0, Workers: 4
[3689.489s][debug][gc,phases      ] GC(108)     Dead                           Min: 0, Avg:  0.0, Max: 0, Diff: 0, Sum: 0, Workers: 4
[3689.489s][debug][gc,phases      ] GC(108)     Total                          Min: 0, Avg:  0.0, Max: 0, Diff: 0, Sum: 0, Workers: 4
[3689.489s][debug][gc,phases      ] GC(108)   StringTable Weak               Min:  0.0, Avg:  0.1, Max:  0.1, Diff:  0.1, Sum:  0.3, Workers: 4
[3689.489s][debug][gc,phases      ] GC(108)     Dead                           Min: 0, Avg:  0.0, Max: 0, Diff: 0, Sum: 0, Workers: 4
[3689.489s][debug][gc,phases      ] GC(108)     Total                          Min: 0, Avg: 10697.5, Max: 16742, Diff: 16742, Sum: 42790, Workers: 4
[3689.489s][debug][gc,phases      ] GC(108)   ResolvedMethodTable Weak       Min:  0.0, Avg:  0.0, Max:  0.0, Diff:  0.0, Sum:  0.1, Workers: 4
[3689.489s][debug][gc,phases      ] GC(108)     Dead                           Min: 0, Avg:  0.0, Max: 0, Diff: 0, Sum: 0, Workers: 4
[3689.489s][debug][gc,phases      ] GC(108)     Total                          Min: 0, Avg: 2163.8, Max: 3392, Diff: 3392, Sum: 8655, Workers: 4
[3689.489s][debug][gc,phases      ] GC(108)   JNI Weak                       Min:  0.0, Avg:  0.0, Max:  0.0, Diff:  0.0, Sum:  0.0, Workers: 4
[3689.489s][debug][gc,phases      ] GC(108)     Dead                           Min: 0, Avg:  0.0, Max: 0, Diff: 0, Sum: 0, Workers: 4
[3689.489s][debug][gc,phases      ] GC(108)     Total                          Min: 0, Avg: 11.2, Max: 45, Diff: 45, Sum: 45, Workers: 4
[3689.489s][debug][gc,phases      ] GC(108)   StringDedup Table Weak         Min:  0.0, Avg:  0.0, Max:  0.0, Diff:  0.0, Sum:  0.0, Workers: 4
[3689.489s][debug][gc,phases      ] GC(108)     Dead                           Min: 0, Avg:  0.0, Max: 0, Diff: 0, Sum: 0, Workers: 4
[3689.489s][debug][gc,phases      ] GC(108)     Total                          Min: 0, Avg:  0.0, Max: 0, Diff: 0, Sum: 0, Workers: 4
[3689.489s][debug][gc,phases      ] GC(108)   StringDedup Requests0 Weak     Min:  0.0, Avg:  0.0, Max:  0.0, Diff:  0.0, Sum:  0.0, Workers: 4
[3689.489s][debug][gc,phases      ] GC(108)     Dead                           Min: 0, Avg:  0.0, Max: 0, Diff: 0, Sum: 0, Workers: 4
[3689.489s][debug][gc,phases      ] GC(108)     Total                          Min: 0, Avg:  0.0, Max: 0, Diff: 0, Sum: 0, Workers: 4
[3689.489s][debug][gc,phases      ] GC(108)   StringDedup Requests1 Weak     Min:  0.0, Avg:  0.0, Max:  0.0, Diff:  0.0, Sum:  0.0, Workers: 4
[3689.489s][debug][gc,phases      ] GC(108)     Dead                           Min: 0, Avg:  0.0, Max: 0, Diff: 0, Sum: 0, Workers: 4
[3689.489s][debug][gc,phases      ] GC(108)     Total                          Min: 0, Avg:  0.0, Max: 0, Diff: 0, Sum: 0, Workers: 4
[3689.489s][debug][gc,phases      ] GC(108)   Weak JFR Old Object Samples    Min:  0.0, Avg:  0.0, Max:  0.0, Diff:  0.0, Sum:  0.0, Workers: 4
[3689.489s][debug][gc,phases      ] GC(108)     Dead                           Min: 0, Avg:  0.0, Max: 0, Diff: 0, Sum: 0, Workers: 4
[3689.489s][debug][gc,phases      ] GC(108)     Total                          Min: 0, Avg:  0.0, Max: 0, Diff: 0, Sum: 0, Workers: 4
[3689.489s][debug][gc,phases      ] GC(108) Weak Processing 0.322ms
[3689.489s][debug][gc,age         ] GC(108) Desired survivor size 142082048 bytes, new threshold 15 (max threshold 15)
[3689.489s][info ][gc,heap        ] GC(108) PSYoungGen: 1861472K(1953792K)->55120K(1949184K) Eden: 1805824K(1805824K)->0K(1805824K) From: 55648K(147968K)->55120K(143360K)
[3689.489s][info ][gc,heap        ] GC(108) ParOldGen: 515297K(549888K)->523101K(549888K)
[3689.489s][info ][gc,metaspace   ] GC(108) Metaspace: 79953K(80960K)->79953K(80960K) NonClass: 68746K(69312K)->68746K(69312K) Class: 11206K(11648K)->11206K(11648K)
[3689.489s][info ][gc             ] GC(108) Pause Young (Allocation Failure) 2321M->564M(2440M) 23.622ms
[3689.489s][info ][gc,cpu         ] GC(108) User=0.06s Sys=0.00s Real=0.03s
[3689.489s][info ][safepoint      ] Safepoint "ParallelGCFailedAllocation", Time since last: 3473661597 ns, Reaching safepoint: 21300 ns, At safepoint: 23702129 ns, Total: 23723429 ns
[3694.489s][info ][safepoint      ] Safepoint "Cleanup", Time since last: 5000327820 ns, Reaching safepoint: 116800 ns, At safepoint: 4800 ns, Total: 121600 ns
[3707.490s][info ][safepoint      ] Safepoint "Cleanup", Time since last: 13000852035 ns, Reaching safepoint: 24800 ns, At safepoint: 2300 ns, Total: 27100 ns
[3710.626s][info ][gc,start       ] GC(109) Pause Young (Allocation Failure)
[3710.645s][debug][gc,phases      ] GC(109) Scavenge 18.799ms
[3710.645s][debug][gc,ref         ] GC(109) Skipped phase 1 of Reference Processing: no references
[3710.645s][debug][gc,ref         ] GC(109) ReferenceProcessor::execute queues: 1, RefProcThreadModel::Single, marks_oops_alive: false
[3710.645s][debug][gc,ref         ] GC(109) Skipped phase 3 of Reference Processing: no references
[3710.645s][debug][gc,ref         ] GC(109) ReferenceProcessor::execute queues: 1, RefProcThreadModel::Single, marks_oops_alive: false
[3710.645s][debug][gc,phases      ] GC(109) Reference Processing 0.113ms
[3710.645s][debug][gc,phases      ] GC(109)   VM Weak                        Min:  0.0, Avg:  0.0, Max:  0.0, Diff:  0.0, Sum:  0.0, Workers: 4
[3710.645s][debug][gc,phases      ] GC(109)     Dead                           Min: 0, Avg:  0.0, Max: 0, Diff: 0, Sum: 0, Workers: 4
[3710.645s][debug][gc,phases      ] GC(109)     Total                          Min: 0, Avg: 191.8, Max: 448, Diff: 448, Sum: 767, Workers: 4
[3710.645s][debug][gc,phases      ] GC(109)   ObjectSynchronizer Weak        Min:  0.0, Avg:  0.0, Max:  0.0, Diff:  0.0, Sum:  0.0, Workers: 4
[3710.645s][debug][gc,phases      ] GC(109)     Dead                           Min: 0, Avg:  0.0, Max: 0, Diff: 0, Sum: 0, Workers: 4
[3710.645s][debug][gc,phases      ] GC(109)     Total                          Min: 0, Avg: 10.8, Max: 43, Diff: 43, Sum: 43, Workers: 4
[3710.645s][debug][gc,phases      ] GC(109)   JVMTI Tag Weak OopStorage      Min:  0.0, Avg:  0.0, Max:  0.0, Diff:  0.0, Sum:  0.0, Workers: 4
[3710.645s][debug][gc,phases      ] GC(109)     Dead                           Min: 0, Avg:  0.0, Max: 0, Diff: 0, Sum: 0, Workers: 4
[3710.645s][debug][gc,phases      ] GC(109)     Total                          Min: 0, Avg:  0.0, Max: 0, Diff: 0, Sum: 0, Workers: 4
[3710.645s][debug][gc,phases      ] GC(109)   StringTable Weak               Min:  0.1, Avg:  0.1, Max:  0.1, Diff:  0.0, Sum:  0.3, Workers: 4
[3710.645s][debug][gc,phases      ] GC(109)     Dead                           Min: 0, Avg:  0.0, Max: 0, Diff: 0, Sum: 0, Workers: 4
[3710.645s][debug][gc,phases      ] GC(109)     Total                          Min: 9408, Avg: 10697.5, Max: 11840, Diff: 2432, Sum: 42790, Workers: 4
[3710.645s][debug][gc,phases      ] GC(109)   ResolvedMethodTable Weak       Min:  0.0, Avg:  0.0, Max:  0.0, Diff:  0.0, Sum:  0.1, Workers: 4
[3710.645s][debug][gc,phases      ] GC(109)     Dead                           Min: 0, Avg:  0.0, Max: 0, Diff: 0, Sum: 0, Workers: 4
[3710.645s][debug][gc,phases      ] GC(109)     Total                          Min: 1984, Avg: 2163.8, Max: 2368, Diff: 384, Sum: 8655, Workers: 4
[3710.645s][debug][gc,phases      ] GC(109)   JNI Weak                       Min:  0.0, Avg:  0.0, Max:  0.0, Diff:  0.0, Sum:  0.0, Workers: 4
[3710.645s][debug][gc,phases      ] GC(109)     Dead                           Min: 0, Avg:  0.0, Max: 0, Diff: 0, Sum: 0, Workers: 4
[3710.645s][debug][gc,phases      ] GC(109)     Total                          Min: 0, Avg: 11.2, Max: 45, Diff: 45, Sum: 45, Workers: 4
[3710.645s][debug][gc,phases      ] GC(109)   StringDedup Table Weak         Min:  0.0, Avg:  0.0, Max:  0.0, Diff:  0.0, Sum:  0.0, Workers: 4
[3710.645s][debug][gc,phases      ] GC(109)     Dead                           Min: 0, Avg:  0.0, Max: 0, Diff: 0, Sum: 0, Workers: 4
[3710.645s][debug][gc,phases      ] GC(109)     Total                          Min: 0, Avg:  0.0, Max: 0, Diff: 0, Sum: 0, Workers: 4
[3710.645s][debug][gc,phases      ] GC(109)   StringDedup Requests0 Weak     Min:  0.0, Avg:  0.0, Max:  0.0, Diff:  0.0, Sum:  0.0, Workers: 4
[3710.645s][debug][gc,phases      ] GC(109)     Dead                           Min: 0, Avg:  0.0, Max: 0, Diff: 0, Sum: 0, Workers: 4
[3710.645s][debug][gc,phases      ] GC(109)     Total                          Min: 0, Avg:  0.0, Max: 0, Diff: 0, Sum: 0, Workers: 4
[3710.645s][debug][gc,phases      ] GC(109)   StringDedup Requests1 Weak     Min:  0.0, Avg:  0.0, Max:  0.0, Diff:  0.0, Sum:  0.0, Workers: 4
[3710.645s][debug][gc,phases      ] GC(109)     Dead                           Min: 0, Avg:  0.0, Max: 0, Diff: 0, Sum: 0, Workers: 4
[3710.645s][debug][gc,phases      ] GC(109)     Total                          Min: 0, Avg:  0.0, Max: 0, Diff: 0, Sum: 0, Workers: 4
[3710.645s][debug][gc,phases      ] GC(109)   Weak JFR Old Object Samples    Min:  0.0, Avg:  0.0, Max:  0.0, Diff:  0.0, Sum:  0.0, Workers: 4
[3710.645s][debug][gc,phases      ] GC(109)     Dead                           Min: 0, Avg:  0.0, Max: 0, Diff: 0, Sum: 0, Workers: 4
[3710.645s][debug][gc,phases      ] GC(109)     Total                          Min: 0, Avg:  0.0, Max: 0, Diff: 0, Sum: 0, Workers: 4
[3710.645s][debug][gc,phases      ] GC(109) Weak Processing 0.268ms
[3710.646s][debug][gc,age         ] GC(109) Desired survivor size 135790592 bytes, new threshold 15 (max threshold 15)
[3710.646s][info ][gc,heap        ] GC(109) PSYoungGen: 1860944K(1949184K)->72132K(1964544K) Eden: 1805824K(1805824K)->0K(1825792K) From: 55120K(143360K)->72132K(138752K)
[3710.646s][info ][gc,heap        ] GC(109) ParOldGen: 523101K(549888K)->523693K(549888K)
[3710.646s][info ][gc,metaspace   ] GC(109) Metaspace: 79954K(80960K)->79954K(80960K) NonClass: 68747K(69312K)->68747K(69312K) Class: 11206K(11648K)->11206K(11648K)
[3710.646s][info ][gc             ] GC(109) Pause Young (Allocation Failure) 2328M->581M(2455M) 19.278ms
[3710.646s][info ][gc,cpu         ] GC(109) User=0.07s Sys=0.00s Real=0.02s
[3710.646s][info ][safepoint      ] Safepoint "ParallelGCFailedAllocation", Time since last: 3135986598 ns, Reaching safepoint: 103399 ns, At safepoint: 19349442 ns, Total: 19452841 ns
[3713.646s][info ][safepoint      ] Safepoint "Cleanup", Time since last: 3000200004 ns, Reaching safepoint: 38199 ns, At safepoint: 2300 ns, Total: 40499 ns
[3715.646s][info ][safepoint      ] Safepoint "Cleanup", Time since last: 2000143202 ns, Reaching safepoint: 86500 ns, At safepoint: 11400 ns, Total: 97900 ns
[3716.646s][info ][safepoint      ] Safepoint "Cleanup", Time since last: 1000082500 ns, Reaching safepoint: 40300 ns, At safepoint: 3900 ns, Total: 44200 ns
[3736.063s][info ][gc,start       ] GC(110) Pause Young (Allocation Failure)
[3736.083s][debug][gc,phases      ] GC(110) Scavenge 20.084ms
[3736.083s][debug][gc,ref         ] GC(110) Skipped phase 1 of Reference Processing: no references
[3736.083s][debug][gc,ref         ] GC(110) ReferenceProcessor::execute queues: 1, RefProcThreadModel::Single, marks_oops_alive: false
[3736.083s][debug][gc,ref         ] GC(110) Skipped phase 3 of Reference Processing: no references
[3736.083s][debug][gc,ref         ] GC(110) ReferenceProcessor::execute queues: 1, RefProcThreadModel::Single, marks_oops_alive: false
[3736.083s][debug][gc,phases      ] GC(110) Reference Processing 0.094ms
[3736.083s][debug][gc,phases      ] GC(110)   VM Weak                        Min:  0.0, Avg:  0.0, Max:  0.0, Diff:  0.0, Sum:  0.0, Workers: 4
[3736.083s][debug][gc,phases      ] GC(110)     Dead                           Min: 0, Avg:  0.0, Max: 0, Diff: 0, Sum: 0, Workers: 4
[3736.083s][debug][gc,phases      ] GC(110)     Total                          Min: 0, Avg: 191.8, Max: 640, Diff: 640, Sum: 767, Workers: 4
[3736.083s][debug][gc,phases      ] GC(110)   ObjectSynchronizer Weak        Min:  0.0, Avg:  0.0, Max:  0.0, Diff:  0.0, Sum:  0.0, Workers: 4
[3736.083s][debug][gc,phases      ] GC(110)     Dead                           Min: 0, Avg:  0.0, Max: 0, Diff: 0, Sum: 0, Workers: 4
[3736.083s][debug][gc,phases      ] GC(110)     Total                          Min: 0, Avg: 10.8, Max: 43, Diff: 43, Sum: 43, Workers: 4
[3736.083s][debug][gc,phases      ] GC(110)   JVMTI Tag Weak OopStorage      Min:  0.0, Avg:  0.0, Max:  0.0, Diff:  0.0, Sum:  0.0, Workers: 4
[3736.083s][debug][gc,phases      ] GC(110)     Dead                           Min: 0, Avg:  0.0, Max: 0, Diff: 0, Sum: 0, Workers: 4
[3736.083s][debug][gc,phases      ] GC(110)     Total                          Min: 0, Avg:  0.0, Max: 0, Diff: 0, Sum: 0, Workers: 4
[3736.083s][debug][gc,phases      ] GC(110)   StringTable Weak               Min:  0.0, Avg:  0.1, Max:  0.1, Diff:  0.1, Sum:  0.3, Workers: 4
[3736.083s][debug][gc,phases      ] GC(110)     Dead                           Min: 0, Avg:  0.0, Max: 0, Diff: 0, Sum: 0, Workers: 4
[3736.083s][debug][gc,phases      ] GC(110)     Total                          Min: 0, Avg: 10699.8, Max: 17647, Diff: 17647, Sum: 42799, Workers: 4
[3736.083s][debug][gc,phases      ] GC(110)   ResolvedMethodTable Weak       Min:  0.0, Avg:  0.0, Max:  0.0, Diff:  0.0, Sum:  0.1, Workers: 4
[3736.083s][debug][gc,phases      ] GC(110)     Dead                           Min: 0, Avg:  0.0, Max: 0, Diff: 0, Sum: 0, Workers: 4
[3736.083s][debug][gc,phases      ] GC(110)     Total                          Min: 0, Avg: 2163.8, Max: 4096, Diff: 4096, Sum: 8655, Workers: 4
[3736.083s][debug][gc,phases      ] GC(110)   JNI Weak                       Min:  0.0, Avg:  0.0, Max:  0.0, Diff:  0.0, Sum:  0.0, Workers: 4
[3736.083s][debug][gc,phases      ] GC(110)     Dead                           Min: 0, Avg:  0.0, Max: 0, Diff: 0, Sum: 0, Workers: 4
[3736.083s][debug][gc,phases      ] GC(110)     Total                          Min: 0, Avg: 11.2, Max: 45, Diff: 45, Sum: 45, Workers: 4
[3736.083s][debug][gc,phases      ] GC(110)   StringDedup Table Weak         Min:  0.0, Avg:  0.0, Max:  0.0, Diff:  0.0, Sum:  0.0, Workers: 4
[3736.083s][debug][gc,phases      ] GC(110)     Dead                           Min: 0, Avg:  0.0, Max: 0, Diff: 0, Sum: 0, Workers: 4
[3736.083s][debug][gc,phases      ] GC(110)     Total                          Min: 0, Avg:  0.0, Max: 0, Diff: 0, Sum: 0, Workers: 4
[3736.083s][debug][gc,phases      ] GC(110)   StringDedup Requests0 Weak     Min:  0.0, Avg:  0.0, Max:  0.0, Diff:  0.0, Sum:  0.0, Workers: 4
[3736.083s][debug][gc,phases      ] GC(110)     Dead                           Min: 0, Avg:  0.0, Max: 0, Diff: 0, Sum: 0, Workers: 4
[3736.083s][debug][gc,phases      ] GC(110)     Total                          Min: 0, Avg:  0.0, Max: 0, Diff: 0, Sum: 0, Workers: 4
[3736.083s][debug][gc,phases      ] GC(110)   StringDedup Requests1 Weak     Min:  0.0, Avg:  0.0, Max:  0.0, Diff:  0.0, Sum:  0.0, Workers: 4
[3736.083s][debug][gc,phases      ] GC(110)     Dead                           Min: 0, Avg:  0.0, Max: 0, Diff: 0, Sum: 0, Workers: 4
[3736.083s][debug][gc,phases      ] GC(110)     Total                          Min: 0, Avg:  0.0, Max: 0, Diff: 0, Sum: 0, Workers: 4
[3736.083s][debug][gc,phases      ] GC(110)   Weak JFR Old Object Samples    Min:  0.0, Avg:  0.0, Max:  0.0, Diff:  0.0, Sum:  0.0, Workers: 4
[3736.083s][debug][gc,phases      ] GC(110)     Dead                           Min: 0, Avg:  0.0, Max: 0, Diff: 0, Sum: 0, Workers: 4
[3736.083s][debug][gc,phases      ] GC(110)     Total                          Min: 0, Avg:  0.0, Max: 0, Diff: 0, Sum: 0, Workers: 4
[3736.083s][debug][gc,phases      ] GC(110) Weak Processing 0.282ms
[3736.083s][debug][gc,age         ] GC(110) Desired survivor size 137363456 bytes, new threshold 15 (max threshold 15)
[3736.083s][info ][gc,heap        ] GC(110) PSYoungGen: 1897924K(1964544K)->89808K(1958400K) Eden: 1825792K(1825792K)->0K(1825792K) From: 72132K(138752K)->89808K(132608K)
[3736.083s][info ][gc,heap        ] GC(110) ParOldGen: 523693K(549888K)->524017K(549888K)
[3736.083s][info ][gc,metaspace   ] GC(110) Metaspace: 79957K(80960K)->79957K(80960K) NonClass: 68750K(69312K)->68750K(69312K) Class: 11206K(11648K)->11206K(11648K)
[3736.083s][info ][gc             ] GC(110) Pause Young (Allocation Failure) 2364M->599M(2449M) 20.564ms
[3736.083s][info ][gc,cpu         ] GC(110) User=0.08s Sys=0.00s Real=0.02s
[3736.083s][info ][safepoint      ] Safepoint "ParallelGCFailedAllocation", Time since last: 19416281836 ns, Reaching safepoint: 25600 ns, At safepoint: 20630738 ns, Total: 20656338 ns
[3738.083s][info ][safepoint      ] Safepoint "Cleanup", Time since last: 2000141995 ns, Reaching safepoint: 52800 ns, At safepoint: 5200 ns, Total: 58000 ns
[3742.084s][info ][safepoint      ] Safepoint "Cleanup", Time since last: 4000302988 ns, Reaching safepoint: 41100 ns, At safepoint: 2500 ns, Total: 43600 ns
[3795.448s][info ][gc,start       ] GC(111) Pause Young (Allocation Failure)
[3795.470s][debug][gc,phases      ] GC(111) Scavenge 22.641ms
[3795.470s][debug][gc,ref         ] GC(111) Skipped phase 1 of Reference Processing: no references
[3795.470s][debug][gc,ref         ] GC(111) ReferenceProcessor::execute queues: 1, RefProcThreadModel::Single, marks_oops_alive: false
[3795.470s][debug][gc,ref         ] GC(111) Skipped phase 3 of Reference Processing: no references
[3795.470s][debug][gc,ref         ] GC(111) ReferenceProcessor::execute queues: 1, RefProcThreadModel::Single, marks_oops_alive: false
[3795.470s][debug][gc,phases      ] GC(111) Reference Processing 0.107ms
[3795.471s][debug][gc,phases      ] GC(111)   VM Weak                        Min:  0.0, Avg:  0.0, Max:  0.0, Diff:  0.0, Sum:  0.0, Workers: 4
[3795.471s][debug][gc,phases      ] GC(111)     Dead                           Min: 0, Avg:  0.0, Max: 0, Diff: 0, Sum: 0, Workers: 4
[3795.471s][debug][gc,phases      ] GC(111)     Total                          Min: 0, Avg: 191.8, Max: 704, Diff: 704, Sum: 767, Workers: 4
[3795.471s][debug][gc,phases      ] GC(111)   ObjectSynchronizer Weak        Min:  0.0, Avg:  0.0, Max:  0.0, Diff:  0.0, Sum:  0.0, Workers: 4
[3795.471s][debug][gc,phases      ] GC(111)     Dead                           Min: 0, Avg:  0.0, Max: 0, Diff: 0, Sum: 0, Workers: 4
[3795.471s][debug][gc,phases      ] GC(111)     Total                          Min: 0, Avg: 10.8, Max: 43, Diff: 43, Sum: 43, Workers: 4
[3795.471s][debug][gc,phases      ] GC(111)   JVMTI Tag Weak OopStorage      Min:  0.0, Avg:  0.0, Max:  0.0, Diff:  0.0, Sum:  0.0, Workers: 4
[3795.471s][debug][gc,phases      ] GC(111)     Dead                           Min: 0, Avg:  0.0, Max: 0, Diff: 0, Sum: 0, Workers: 4
[3795.471s][debug][gc,phases      ] GC(111)     Total                          Min: 0, Avg:  0.0, Max: 0, Diff: 0, Sum: 0, Workers: 4
[3795.471s][debug][gc,phases      ] GC(111)   StringTable Weak               Min:  0.1, Avg:  0.1, Max:  0.1, Diff:  0.0, Sum:  0.4, Workers: 4
[3795.471s][debug][gc,phases      ] GC(111)     Dead                           Min: 0, Avg:  0.0, Max: 0, Diff: 0, Sum: 0, Workers: 4
[3795.471s][debug][gc,phases      ] GC(111)     Total                          Min: 8768, Avg: 10699.8, Max: 12736, Diff: 3968, Sum: 42799, Workers: 4
[3795.471s][debug][gc,phases      ] GC(111)   ResolvedMethodTable Weak       Min:  0.0, Avg:  0.0, Max:  0.0, Diff:  0.0, Sum:  0.1, Workers: 4
[3795.471s][debug][gc,phases      ] GC(111)     Dead                           Min: 0, Avg:  0.0, Max: 0, Diff: 0, Sum: 0, Workers: 4
[3795.471s][debug][gc,phases      ] GC(111)     Total                          Min: 2112, Avg: 2163.8, Max: 2240, Diff: 128, Sum: 8655, Workers: 4
[3795.471s][debug][gc,phases      ] GC(111)   JNI Weak                       Min:  0.0, Avg:  0.0, Max:  0.0, Diff:  0.0, Sum:  0.0, Workers: 4
[3795.471s][debug][gc,phases      ] GC(111)     Dead                           Min: 0, Avg:  0.0, Max: 0, Diff: 0, Sum: 0, Workers: 4
[3795.471s][debug][gc,phases      ] GC(111)     Total                          Min: 0, Avg: 11.2, Max: 45, Diff: 45, Sum: 45, Workers: 4
[3795.471s][debug][gc,phases      ] GC(111)   StringDedup Table Weak         Min:  0.0, Avg:  0.0, Max:  0.0, Diff:  0.0, Sum:  0.0, Workers: 4
[3795.471s][debug][gc,phases      ] GC(111)     Dead                           Min: 0, Avg:  0.0, Max: 0, Diff: 0, Sum: 0, Workers: 4
[3795.471s][debug][gc,phases      ] GC(111)     Total                          Min: 0, Avg:  0.0, Max: 0, Diff: 0, Sum: 0, Workers: 4
[3795.471s][debug][gc,phases      ] GC(111)   StringDedup Requests0 Weak     Min:  0.0, Avg:  0.0, Max:  0.0, Diff:  0.0, Sum:  0.0, Workers: 4
[3795.471s][debug][gc,phases      ] GC(111)     Dead                           Min: 0, Avg:  0.0, Max: 0, Diff: 0, Sum: 0, Workers: 4
[3795.471s][debug][gc,phases      ] GC(111)     Total                          Min: 0, Avg:  0.0, Max: 0, Diff: 0, Sum: 0, Workers: 4
[3795.471s][debug][gc,phases      ] GC(111)   StringDedup Requests1 Weak     Min:  0.0, Avg:  0.0, Max:  0.0, Diff:  0.0, Sum:  0.0, Workers: 4
[3795.471s][debug][gc,phases      ] GC(111)     Dead                           Min: 0, Avg:  0.0, Max: 0, Diff: 0, Sum: 0, Workers: 4
[3795.471s][debug][gc,phases      ] GC(111)     Total                          Min: 0, Avg:  0.0, Max: 0, Diff: 0, Sum: 0, Workers: 4
[3795.471s][debug][gc,phases      ] GC(111)   Weak JFR Old Object Samples    Min:  0.0, Avg:  0.0, Max:  0.0, Diff:  0.0, Sum:  0.0, Workers: 4
[3795.471s][debug][gc,phases      ] GC(111)     Dead                           Min: 0, Avg:  0.0, Max: 0, Diff: 0, Sum: 0, Workers: 4
[3795.471s][debug][gc,phases      ] GC(111)     Total                          Min: 0, Avg:  0.0, Max: 0, Diff: 0, Sum: 0, Workers: 4
[3795.471s][debug][gc,phases      ] GC(111) Weak Processing 0.310ms
[3795.471s][debug][gc,age         ] GC(111) Desired survivor size 137887744 bytes, new threshold 15 (max threshold 15)
[3795.471s][info ][gc,heap        ] GC(111) PSYoungGen: 1915600K(1958400K)->89872K(1961984K) Eden: 1825792K(1825792K)->0K(1827840K) From: 89808K(132608K)->89872K(134144K)
[3795.471s][info ][gc,heap        ] GC(111) ParOldGen: 524017K(549888K)->524137K(549888K)
[3795.471s][info ][gc,metaspace   ] GC(111) Metaspace: 79963K(80960K)->79963K(80960K) NonClass: 68756K(69312K)->68756K(69312K) Class: 11206K(11648K)->11206K(11648K)
[3795.471s][info ][gc             ] GC(111) Pause Young (Allocation Failure) 2382M->599M(2453M) 23.191ms
[3795.471s][info ][gc,cpu         ] GC(111) User=0.07s Sys=0.00s Real=0.02s
[3795.471s][info ][safepoint      ] Safepoint "ParallelGCFailedAllocation", Time since last: 53363794759 ns, Reaching safepoint: 36700 ns, At safepoint: 23260030 ns, Total: 23296730 ns
[3817.472s][info ][safepoint      ] Safepoint "Cleanup", Time since last: 22001341667 ns, Reaching safepoint: 25800 ns, At safepoint: 2200 ns, Total: 28000 ns
[3840.474s][info ][safepoint      ] Safepoint "Cleanup", Time since last: 23001417618 ns, Reaching safepoint: 42900 ns, At safepoint: 4000 ns, Total: 46900 ns
[3846.474s][info ][safepoint      ] Safepoint "Cleanup", Time since last: 6000383908 ns, Reaching safepoint: 27800 ns, At safepoint: 26900 ns, Total: 54700 ns
[3852.861s][info ][gc,start       ] GC(112) Pause Young (Allocation Failure)
[3852.880s][debug][gc,phases      ] GC(112) Scavenge 19.156ms
[3852.880s][debug][gc,ref         ] GC(112) Skipped phase 1 of Reference Processing: no references
[3852.880s][debug][gc,ref         ] GC(112) ReferenceProcessor::execute queues: 1, RefProcThreadModel::Single, marks_oops_alive: false
[3852.880s][debug][gc,ref         ] GC(112) Skipped phase 3 of Reference Processing: no references
[3852.880s][debug][gc,ref         ] GC(112) ReferenceProcessor::execute queues: 1, RefProcThreadModel::Single, marks_oops_alive: false
[3852.880s][debug][gc,phases      ] GC(112) Reference Processing 0.087ms
[3852.880s][debug][gc,phases      ] GC(112)   VM Weak                        Min:  0.0, Avg:  0.0, Max:  0.0, Diff:  0.0, Sum:  0.0, Workers: 4
[3852.880s][debug][gc,phases      ] GC(112)     Dead                           Min: 0, Avg:  0.0, Max: 0, Diff: 0, Sum: 0, Workers: 4
[3852.880s][debug][gc,phases      ] GC(112)     Total                          Min: 0, Avg: 191.8, Max: 767, Diff: 767, Sum: 767, Workers: 4
[3852.880s][debug][gc,phases      ] GC(112)   ObjectSynchronizer Weak        Min:  0.0, Avg:  0.0, Max:  0.0, Diff:  0.0, Sum:  0.0, Workers: 4
[3852.880s][debug][gc,phases      ] GC(112)     Dead                           Min: 0, Avg:  0.0, Max: 0, Diff: 0, Sum: 0, Workers: 4
[3852.880s][debug][gc,phases      ] GC(112)     Total                          Min: 0, Avg: 10.8, Max: 43, Diff: 43, Sum: 43, Workers: 4
[3852.880s][debug][gc,phases      ] GC(112)   JVMTI Tag Weak OopStorage      Min:  0.0, Avg:  0.0, Max:  0.0, Diff:  0.0, Sum:  0.0, Workers: 4
[3852.880s][debug][gc,phases      ] GC(112)     Dead                           Min: 0, Avg:  0.0, Max: 0, Diff: 0, Sum: 0, Workers: 4
[3852.880s][debug][gc,phases      ] GC(112)     Total                          Min: 0, Avg:  0.0, Max: 0, Diff: 0, Sum: 0, Workers: 4
[3852.880s][debug][gc,phases      ] GC(112)   StringTable Weak               Min:  0.1, Avg:  0.1, Max:  0.1, Diff:  0.0, Sum:  0.4, Workers: 4
[3852.880s][debug][gc,phases      ] GC(112)     Dead                           Min: 0, Avg:  0.0, Max: 0, Diff: 0, Sum: 0, Workers: 4
[3852.880s][debug][gc,phases      ] GC(112)     Total                          Min: 8960, Avg: 10700.2, Max: 11889, Diff: 2929, Sum: 42801, Workers: 4
[3852.880s][debug][gc,phases      ] GC(112)   ResolvedMethodTable Weak       Min:  0.0, Avg:  0.0, Max:  0.0, Diff:  0.0, Sum:  0.1, Workers: 4
[3852.880s][debug][gc,phases      ] GC(112)     Dead                           Min: 0, Avg:  0.0, Max: 0, Diff: 0, Sum: 0, Workers: 4
[3852.880s][debug][gc,phases      ] GC(112)     Total                          Min: 1938, Avg: 2164.5, Max: 2304, Diff: 366, Sum: 8658, Workers: 4
[3852.880s][debug][gc,phases      ] GC(112)   JNI Weak                       Min:  0.0, Avg:  0.0, Max:  0.0, Diff:  0.0, Sum:  0.0, Workers: 4
[3852.880s][debug][gc,phases      ] GC(112)     Dead                           Min: 0, Avg:  0.0, Max: 0, Diff: 0, Sum: 0, Workers: 4
[3852.880s][debug][gc,phases      ] GC(112)     Total                          Min: 0, Avg: 11.2, Max: 45, Diff: 45, Sum: 45, Workers: 4
[3852.880s][debug][gc,phases      ] GC(112)   StringDedup Table Weak         Min:  0.0, Avg:  0.0, Max:  0.0, Diff:  0.0, Sum:  0.0, Workers: 4
[3852.880s][debug][gc,phases      ] GC(112)     Dead                           Min: 0, Avg:  0.0, Max: 0, Diff: 0, Sum: 0, Workers: 4
[3852.880s][debug][gc,phases      ] GC(112)     Total                          Min: 0, Avg:  0.0, Max: 0, Diff: 0, Sum: 0, Workers: 4
[3852.880s][debug][gc,phases      ] GC(112)   StringDedup Requests0 Weak     Min:  0.0, Avg:  0.0, Max:  0.0, Diff:  0.0, Sum:  0.0, Workers: 4
[3852.880s][debug][gc,phases      ] GC(112)     Dead                           Min: 0, Avg:  0.0, Max: 0, Diff: 0, Sum: 0, Workers: 4
[3852.880s][debug][gc,phases      ] GC(112)     Total                          Min: 0, Avg:  0.0, Max: 0, Diff: 0, Sum: 0, Workers: 4
[3852.880s][debug][gc,phases      ] GC(112)   StringDedup Requests1 Weak     Min:  0.0, Avg:  0.0, Max:  0.0, Diff:  0.0, Sum:  0.0, Workers: 4
[3852.880s][debug][gc,phases      ] GC(112)     Dead                           Min: 0, Avg:  0.0, Max: 0, Diff: 0, Sum: 0, Workers: 4
[3852.880s][debug][gc,phases      ] GC(112)     Total                          Min: 0, Avg:  0.0, Max: 0, Diff: 0, Sum: 0, Workers: 4
[3852.880s][debug][gc,phases      ] GC(112)   Weak JFR Old Object Samples    Min:  0.0, Avg:  0.0, Max:  0.0, Diff:  0.0, Sum:  0.0, Workers: 4
[3852.880s][debug][gc,phases      ] GC(112)     Dead                           Min: 0, Avg:  0.0, Max: 0, Diff: 0, Sum: 0, Workers: 4
[3852.880s][debug][gc,phases      ] GC(112)     Total                          Min: 0, Avg:  0.0, Max: 0, Diff: 0, Sum: 0, Workers: 4
[3852.880s][debug][gc,phases      ] GC(112) Weak Processing 0.273ms
[3852.880s][debug][gc,age         ] GC(112) Desired survivor size 137887744 bytes, new threshold 15 (max threshold 15)
[3852.880s][info ][gc,heap        ] GC(112) PSYoungGen: 1917712K(1961984K)->89840K(1962496K) Eden: 1827840K(1827840K)->0K(1827840K) From: 89872K(134144K)->89840K(134656K)
[3852.880s][info ][gc,heap        ] GC(112) ParOldGen: 524137K(549888K)->524269K(549888K)
[3852.880s][info ][gc,metaspace   ] GC(112) Metaspace: 79976K(80960K)->79976K(80960K) NonClass: 68767K(69312K)->68767K(69312K) Class: 11208K(11648K)->11208K(11648K)
[3852.880s][info ][gc             ] GC(112) Pause Young (Allocation Failure) 2384M->599M(2453M) 19.617ms
[3852.880s][info ][gc,cpu         ] GC(112) User=0.08s Sys=0.00s Real=0.02s
[3852.880s][info ][safepoint      ] Safepoint "ParallelGCFailedAllocation", Time since last: 6386531503 ns, Reaching safepoint: 24300 ns, At safepoint: 19678781 ns, Total: 19703081 ns
[3907.992s][info ][gc,start       ] GC(113) Pause Young (Allocation Failure)
[3908.016s][debug][gc,phases      ] GC(113) Scavenge 24.134ms
[3908.016s][debug][gc,ref         ] GC(113) Skipped phase 1 of Reference Processing: no references
[3908.016s][debug][gc,ref         ] GC(113) ReferenceProcessor::execute queues: 1, RefProcThreadModel::Single, marks_oops_alive: false
[3908.016s][debug][gc,ref         ] GC(113) Skipped phase 3 of Reference Processing: no references
[3908.016s][debug][gc,ref         ] GC(113) ReferenceProcessor::execute queues: 1, RefProcThreadModel::Single, marks_oops_alive: false
[3908.016s][debug][gc,phases      ] GC(113) Reference Processing 0.103ms
[3908.017s][debug][gc,phases      ] GC(113)   VM Weak                        Min:  0.0, Avg:  0.0, Max:  0.0, Diff:  0.0, Sum:  0.0, Workers: 4
[3908.017s][debug][gc,phases      ] GC(113)     Dead                           Min: 0, Avg:  0.0, Max: 0, Diff: 0, Sum: 0, Workers: 4
[3908.017s][debug][gc,phases      ] GC(113)     Total                          Min: 0, Avg: 191.8, Max: 447, Diff: 447, Sum: 767, Workers: 4
[3908.017s][debug][gc,phases      ] GC(113)   ObjectSynchronizer Weak        Min:  0.0, Avg:  0.0, Max:  0.0, Diff:  0.0, Sum:  0.0, Workers: 4
[3908.017s][debug][gc,phases      ] GC(113)     Dead                           Min: 0, Avg:  0.0, Max: 0, Diff: 0, Sum: 0, Workers: 4
[3908.017s][debug][gc,phases      ] GC(113)     Total                          Min: 0, Avg: 10.8, Max: 43, Diff: 43, Sum: 43, Workers: 4
[3908.017s][debug][gc,phases      ] GC(113)   JVMTI Tag Weak OopStorage      Min:  0.0, Avg:  0.0, Max:  0.0, Diff:  0.0, Sum:  0.0, Workers: 4
[3908.017s][debug][gc,phases      ] GC(113)     Dead                           Min: 0, Avg:  0.0, Max: 0, Diff: 0, Sum: 0, Workers: 4
[3908.017s][debug][gc,phases      ] GC(113)     Total                          Min: 0, Avg:  0.0, Max: 0, Diff: 0, Sum: 0, Workers: 4
[3908.017s][debug][gc,phases      ] GC(113)   StringTable Weak               Min:  0.1, Avg:  0.1, Max:  0.1, Diff:  0.0, Sum:  0.4, Workers: 4
[3908.017s][debug][gc,phases      ] GC(113)     Dead                           Min: 0, Avg:  0.0, Max: 0, Diff: 0, Sum: 0, Workers: 4
[3908.017s][debug][gc,phases      ] GC(113)     Total                          Min: 10294, Avg: 10701.5, Max: 10880, Diff: 586, Sum: 42806, Workers: 4
[3908.017s][debug][gc,phases      ] GC(113)   ResolvedMethodTable Weak       Min:  0.0, Avg:  0.0, Max:  0.0, Diff:  0.0, Sum:  0.1, Workers: 4
[3908.017s][debug][gc,phases      ] GC(113)     Dead                           Min: 0, Avg:  0.0, Max: 0, Diff: 0, Sum: 0, Workers: 4
[3908.017s][debug][gc,phases      ] GC(113)     Total                          Min: 2112, Avg: 2164.5, Max: 2304, Diff: 192, Sum: 8658, Workers: 4
[3908.017s][debug][gc,phases      ] GC(113)   JNI Weak                       Min:  0.0, Avg:  0.0, Max:  0.0, Diff:  0.0, Sum:  0.0, Workers: 4
[3908.017s][debug][gc,phases      ] GC(113)     Dead                           Min: 0, Avg:  0.0, Max: 0, Diff: 0, Sum: 0, Workers: 4
[3908.017s][debug][gc,phases      ] GC(113)     Total                          Min: 0, Avg: 11.2, Max: 45, Diff: 45, Sum: 45, Workers: 4
[3908.017s][debug][gc,phases      ] GC(113)   StringDedup Table Weak         Min:  0.0, Avg:  0.0, Max:  0.0, Diff:  0.0, Sum:  0.0, Workers: 4
[3908.017s][debug][gc,phases      ] GC(113)     Dead                           Min: 0, Avg:  0.0, Max: 0, Diff: 0, Sum: 0, Workers: 4
[3908.017s][debug][gc,phases      ] GC(113)     Total                          Min: 0, Avg:  0.0, Max: 0, Diff: 0, Sum: 0, Workers: 4
[3908.017s][debug][gc,phases      ] GC(113)   StringDedup Requests0 Weak     Min:  0.0, Avg:  0.0, Max:  0.0, Diff:  0.0, Sum:  0.0, Workers: 4
[3908.017s][debug][gc,phases      ] GC(113)     Dead                           Min: 0, Avg:  0.0, Max: 0, Diff: 0, Sum: 0, Workers: 4
[3908.017s][debug][gc,phases      ] GC(113)     Total                          Min: 0, Avg:  0.0, Max: 0, Diff: 0, Sum: 0, Workers: 4
[3908.017s][debug][gc,phases      ] GC(113)   StringDedup Requests1 Weak     Min:  0.0, Avg:  0.0, Max:  0.0, Diff:  0.0, Sum:  0.0, Workers: 4
[3908.017s][debug][gc,phases      ] GC(113)     Dead                           Min: 0, Avg:  0.0, Max: 0, Diff: 0, Sum: 0, Workers: 4
[3908.017s][debug][gc,phases      ] GC(113)     Total                          Min: 0, Avg:  0.0, Max: 0, Diff: 0, Sum: 0, Workers: 4
[3908.017s][debug][gc,phases      ] GC(113)   Weak JFR Old Object Samples    Min:  0.0, Avg:  0.0, Max:  0.0, Diff:  0.0, Sum:  0.0, Workers: 4
[3908.017s][debug][gc,phases      ] GC(113)     Dead                           Min: 0, Avg:  0.0, Max: 0, Diff: 0, Sum: 0, Workers: 4
[3908.017s][debug][gc,phases      ] GC(113)     Total                          Min: 0, Avg:  0.0, Max: 0, Diff: 0, Sum: 0, Workers: 4
[3908.017s][debug][gc,phases      ] GC(113) Weak Processing 0.267ms
[3908.017s][debug][gc,age         ] GC(113) Desired survivor size 137363456 bytes, new threshold 15 (max threshold 15)
[3908.017s][info ][gc,heap        ] GC(113) PSYoungGen: 1917680K(1962496K)->90134K(1963008K) Eden: 1827840K(1827840K)->0K(1828352K) From: 89840K(134656K)->90134K(134656K)
[3908.017s][info ][gc,heap        ] GC(113) ParOldGen: 524269K(549888K)->524421K(549888K)
[3908.017s][info ][gc,metaspace   ] GC(113) Metaspace: 79994K(80960K)->79994K(80960K) NonClass: 68786K(69312K)->68786K(69312K) Class: 11208K(11648K)->11208K(11648K)
[3908.017s][info ][gc             ] GC(113) Pause Young (Allocation Failure) 2384M->600M(2454M) 24.605ms
[3908.017s][info ][gc,cpu         ] GC(113) User=0.07s Sys=0.00s Real=0.02s
[3908.017s][info ][safepoint      ] Safepoint "ParallelGCFailedAllocation", Time since last: 55111630034 ns, Reaching safepoint: 89000 ns, At safepoint: 24705771 ns, Total: 24794771 ns
[3931.018s][info ][safepoint      ] Safepoint "Cleanup", Time since last: 23001408169 ns, Reaching safepoint: 41400 ns, At safepoint: 2500 ns, Total: 43900 ns
[3944.019s][info ][safepoint      ] Safepoint "Cleanup", Time since last: 13000778162 ns, Reaching safepoint: 23200 ns, At safepoint: 19200 ns, Total: 42400 ns
[3963.262s][info ][gc,start       ] GC(114) Pause Young (Allocation Failure)
[3963.291s][debug][gc,phases      ] GC(114) Scavenge 29.005ms
[3963.291s][debug][gc,ref         ] GC(114) Skipped phase 1 of Reference Processing: no references
[3963.291s][debug][gc,ref         ] GC(114) ReferenceProcessor::execute queues: 1, RefProcThreadModel::Single, marks_oops_alive: false
[3963.291s][debug][gc,ref         ] GC(114) Skipped phase 3 of Reference Processing: no references
[3963.291s][debug][gc,ref         ] GC(114) ReferenceProcessor::execute queues: 1, RefProcThreadModel::Single, marks_oops_alive: false
[3963.291s][debug][gc,phases      ] GC(114) Reference Processing 0.104ms
[3963.291s][debug][gc,phases      ] GC(114)   VM Weak                        Min:  0.0, Avg:  0.0, Max:  0.0, Diff:  0.0, Sum:  0.0, Workers: 4
[3963.291s][debug][gc,phases      ] GC(114)     Dead                           Min: 0, Avg:  0.0, Max: 0, Diff: 0, Sum: 0, Workers: 4
[3963.291s][debug][gc,phases      ] GC(114)     Total                          Min: 0, Avg: 191.8, Max: 704, Diff: 704, Sum: 767, Workers: 4
[3963.291s][debug][gc,phases      ] GC(114)   ObjectSynchronizer Weak        Min:  0.0, Avg:  0.0, Max:  0.0, Diff:  0.0, Sum:  0.0, Workers: 4
[3963.291s][debug][gc,phases      ] GC(114)     Dead                           Min: 0, Avg:  0.0, Max: 0, Diff: 0, Sum: 0, Workers: 4
[3963.291s][debug][gc,phases      ] GC(114)     Total                          Min: 0, Avg: 10.8, Max: 43, Diff: 43, Sum: 43, Workers: 4
[3963.291s][debug][gc,phases      ] GC(114)   JVMTI Tag Weak OopStorage      Min:  0.0, Avg:  0.0, Max:  0.0, Diff:  0.0, Sum:  0.0, Workers: 4
[3963.291s][debug][gc,phases      ] GC(114)     Dead                           Min: 0, Avg:  0.0, Max: 0, Diff: 0, Sum: 0, Workers: 4
[3963.291s][debug][gc,phases      ] GC(114)     Total                          Min: 0, Avg:  0.0, Max: 0, Diff: 0, Sum: 0, Workers: 4
[3963.291s][debug][gc,phases      ] GC(114)   StringTable Weak               Min:  0.0, Avg:  0.1, Max:  0.2, Diff:  0.2, Sum:  0.4, Workers: 4
[3963.291s][debug][gc,phases      ] GC(114)     Dead                           Min: 0, Avg:  0.0, Max: 0, Diff: 0, Sum: 0, Workers: 4
[3963.291s][debug][gc,phases      ] GC(114)     Total                          Min: 0, Avg: 10701.5, Max: 22080, Diff: 22080, Sum: 42806, Workers: 4
[3963.291s][debug][gc,phases      ] GC(114)   ResolvedMethodTable Weak       Min:  0.0, Avg:  0.0, Max:  0.0, Diff:  0.0, Sum:  0.1, Workers: 4
[3963.291s][debug][gc,phases      ] GC(114)     Dead                           Min: 0, Avg:  0.0, Max: 0, Diff: 0, Sum: 0, Workers: 4
[3963.291s][debug][gc,phases      ] GC(114)     Total                          Min: 0, Avg: 2164.5, Max: 4690, Diff: 4690, Sum: 8658, Workers: 4
[3963.291s][debug][gc,phases      ] GC(114)   JNI Weak                       Min:  0.0, Avg:  0.0, Max:  0.0, Diff:  0.0, Sum:  0.0, Workers: 4
[3963.291s][debug][gc,phases      ] GC(114)     Dead                           Min: 0, Avg:  0.0, Max: 0, Diff: 0, Sum: 0, Workers: 4
[3963.291s][debug][gc,phases      ] GC(114)     Total                          Min: 0, Avg: 11.2, Max: 45, Diff: 45, Sum: 45, Workers: 4
[3963.291s][debug][gc,phases      ] GC(114)   StringDedup Table Weak         Min:  0.0, Avg:  0.0, Max:  0.0, Diff:  0.0, Sum:  0.0, Workers: 4
[3963.291s][debug][gc,phases      ] GC(114)     Dead                           Min: 0, Avg:  0.0, Max: 0, Diff: 0, Sum: 0, Workers: 4
[3963.291s][debug][gc,phases      ] GC(114)     Total                          Min: 0, Avg:  0.0, Max: 0, Diff: 0, Sum: 0, Workers: 4
[3963.291s][debug][gc,phases      ] GC(114)   StringDedup Requests0 Weak     Min:  0.0, Avg:  0.0, Max:  0.0, Diff:  0.0, Sum:  0.0, Workers: 4
[3963.291s][debug][gc,phases      ] GC(114)     Dead                           Min: 0, Avg:  0.0, Max: 0, Diff: 0, Sum: 0, Workers: 4
[3963.291s][debug][gc,phases      ] GC(114)     Total                          Min: 0, Avg:  0.0, Max: 0, Diff: 0, Sum: 0, Workers: 4
[3963.291s][debug][gc,phases      ] GC(114)   StringDedup Requests1 Weak     Min:  0.0, Avg:  0.0, Max:  0.0, Diff:  0.0, Sum:  0.0, Workers: 4
[3963.291s][debug][gc,phases      ] GC(114)     Dead                           Min: 0, Avg:  0.0, Max: 0, Diff: 0, Sum: 0, Workers: 4
[3963.291s][debug][gc,phases      ] GC(114)     Total                          Min: 0, Avg:  0.0, Max: 0, Diff: 0, Sum: 0, Workers: 4
[3963.291s][debug][gc,phases      ] GC(114)   Weak JFR Old Object Samples    Min:  0.0, Avg:  0.0, Max:  0.0, Diff:  0.0, Sum:  0.0, Workers: 4
[3963.291s][debug][gc,phases      ] GC(114)     Dead                           Min: 0, Avg:  0.0, Max: 0, Diff: 0, Sum: 0, Workers: 4
[3963.291s][debug][gc,phases      ] GC(114)     Total                          Min: 0, Avg:  0.0, Max: 0, Diff: 0, Sum: 0, Workers: 4
[3963.291s][debug][gc,phases      ] GC(114) Weak Processing 0.413ms
[3963.292s][debug][gc,age         ] GC(114) Desired survivor size 136314880 bytes, new threshold 15 (max threshold 15)
[3963.292s][info ][gc,heap        ] GC(114) PSYoungGen: 1918486K(1963008K)->89472K(1962496K) Eden: 1828352K(1828352K)->0K(1828352K) From: 90134K(134656K)->89472K(134144K)
[3963.292s][info ][gc,heap        ] GC(114) ParOldGen: 524421K(549888K)->524549K(549888K)
[3963.292s][info ][gc,metaspace   ] GC(114) Metaspace: 79998K(80960K)->79998K(80960K) NonClass: 68790K(69312K)->68790K(69312K) Class: 11208K(11648K)->11208K(11648K)
[3963.292s][info ][gc             ] GC(114) Pause Young (Allocation Failure) 2385M->599M(2453M) 29.633ms
[3963.292s][info ][gc,cpu         ] GC(114) User=0.08s Sys=0.00s Real=0.03s
[3963.292s][info ][safepoint      ] Safepoint "ParallelGCFailedAllocation", Time since last: 19242878728 ns, Reaching safepoint: 25600 ns, At safepoint: 29701861 ns, Total: 29727461 ns
[3978.293s][info ][safepoint      ] Safepoint "Cleanup", Time since last: 15000931080 ns, Reaching safepoint: 25500 ns, At safepoint: 1900 ns, Total: 27400 ns
[3993.294s][info ][safepoint      ] Safepoint "Cleanup", Time since last: 15000949641 ns, Reaching safepoint: 27500 ns, At safepoint: 2700 ns, Total: 30200 ns
[4016.261s][info ][gc,start       ] GC(115) Pause Young (Allocation Failure)
[4016.281s][debug][gc,phases      ] GC(115) Scavenge 19.935ms
[4016.281s][debug][gc,ref         ] GC(115) Skipped phase 1 of Reference Processing: no references
[4016.281s][debug][gc,ref         ] GC(115) ReferenceProcessor::execute queues: 1, RefProcThreadModel::Single, marks_oops_alive: false
[4016.281s][debug][gc,ref         ] GC(115) Skipped phase 3 of Reference Processing: no references
[4016.281s][debug][gc,ref         ] GC(115) ReferenceProcessor::execute queues: 1, RefProcThreadModel::Single, marks_oops_alive: false
[4016.281s][debug][gc,phases      ] GC(115) Reference Processing 0.108ms
[4016.281s][debug][gc,phases      ] GC(115)   VM Weak                        Min:  0.0, Avg:  0.0, Max:  0.0, Diff:  0.0, Sum:  0.0, Workers: 4
[4016.281s][debug][gc,phases      ] GC(115)     Dead                           Min: 0, Avg:  0.0, Max: 0, Diff: 0, Sum: 0, Workers: 4
[4016.281s][debug][gc,phases      ] GC(115)     Total                          Min: 0, Avg: 191.8, Max: 767, Diff: 767, Sum: 767, Workers: 4
[4016.281s][debug][gc,phases      ] GC(115)   ObjectSynchronizer Weak        Min:  0.0, Avg:  0.0, Max:  0.0, Diff:  0.0, Sum:  0.0, Workers: 4
[4016.281s][debug][gc,phases      ] GC(115)     Dead                           Min: 0, Avg:  0.0, Max: 0, Diff: 0, Sum: 0, Workers: 4
[4016.281s][debug][gc,phases      ] GC(115)     Total                          Min: 0, Avg: 10.8, Max: 43, Diff: 43, Sum: 43, Workers: 4
[4016.281s][debug][gc,phases      ] GC(115)   JVMTI Tag Weak OopStorage      Min:  0.0, Avg:  0.0, Max:  0.0, Diff:  0.0, Sum:  0.0, Workers: 4
[4016.281s][debug][gc,phases      ] GC(115)     Dead                           Min: 0, Avg:  0.0, Max: 0, Diff: 0, Sum: 0, Workers: 4
[4016.281s][debug][gc,phases      ] GC(115)     Total                          Min: 0, Avg:  0.0, Max: 0, Diff: 0, Sum: 0, Workers: 4
[4016.281s][debug][gc,phases      ] GC(115)   StringTable Weak               Min:  0.1, Avg:  0.1, Max:  0.1, Diff:  0.0, Sum:  0.4, Workers: 4
[4016.281s][debug][gc,phases      ] GC(115)     Dead                           Min: 0, Avg:  0.0, Max: 0, Diff: 0, Sum: 0, Workers: 4
[4016.281s][debug][gc,phases      ] GC(115)     Total                          Min: 9472, Avg: 10701.5, Max: 11328, Diff: 1856, Sum: 42806, Workers: 4
[4016.281s][debug][gc,phases      ] GC(115)   ResolvedMethodTable Weak       Min:  0.0, Avg:  0.0, Max:  0.0, Diff:  0.0, Sum:  0.1, Workers: 4
[4016.281s][debug][gc,phases      ] GC(115)     Dead                           Min: 0, Avg:  0.0, Max: 0, Diff: 0, Sum: 0, Workers: 4
[4016.281s][debug][gc,phases      ] GC(115)     Total                          Min: 2112, Avg: 2164.5, Max: 2194, Diff: 82, Sum: 8658, Workers: 4
[4016.281s][debug][gc,phases      ] GC(115)   JNI Weak                       Min:  0.0, Avg:  0.0, Max:  0.0, Diff:  0.0, Sum:  0.0, Workers: 4
[4016.281s][debug][gc,phases      ] GC(115)     Dead                           Min: 0, Avg:  0.0, Max: 0, Diff: 0, Sum: 0, Workers: 4
[4016.281s][debug][gc,phases      ] GC(115)     Total                          Min: 0, Avg: 11.2, Max: 45, Diff: 45, Sum: 45, Workers: 4
[4016.281s][debug][gc,phases      ] GC(115)   StringDedup Table Weak         Min:  0.0, Avg:  0.0, Max:  0.0, Diff:  0.0, Sum:  0.0, Workers: 4
[4016.281s][debug][gc,phases      ] GC(115)     Dead                           Min: 0, Avg:  0.0, Max: 0, Diff: 0, Sum: 0, Workers: 4
[4016.281s][debug][gc,phases      ] GC(115)     Total                          Min: 0, Avg:  0.0, Max: 0, Diff: 0, Sum: 0, Workers: 4
[4016.281s][debug][gc,phases      ] GC(115)   StringDedup Requests0 Weak     Min:  0.0, Avg:  0.0, Max:  0.0, Diff:  0.0, Sum:  0.0, Workers: 4
[4016.281s][debug][gc,phases      ] GC(115)     Dead                           Min: 0, Avg:  0.0, Max: 0, Diff: 0, Sum: 0, Workers: 4
[4016.281s][debug][gc,phases      ] GC(115)     Total                          Min: 0, Avg:  0.0, Max: 0, Diff: 0, Sum: 0, Workers: 4
[4016.281s][debug][gc,phases      ] GC(115)   StringDedup Requests1 Weak     Min:  0.0, Avg:  0.0, Max:  0.0, Diff:  0.0, Sum:  0.0, Workers: 4
[4016.281s][debug][gc,phases      ] GC(115)     Dead                           Min: 0, Avg:  0.0, Max: 0, Diff: 0, Sum: 0, Workers: 4
[4016.281s][debug][gc,phases      ] GC(115)     Total                          Min: 0, Avg:  0.0, Max: 0, Diff: 0, Sum: 0, Workers: 4
[4016.281s][debug][gc,phases      ] GC(115)   Weak JFR Old Object Samples    Min:  0.0, Avg:  0.0, Max:  0.0, Diff:  0.0, Sum:  0.0, Workers: 4
[4016.281s][debug][gc,phases      ] GC(115)     Dead                           Min: 0, Avg:  0.0, Max: 0, Diff: 0, Sum: 0, Workers: 4
[4016.281s][debug][gc,phases      ] GC(115)     Total                          Min: 0, Avg:  0.0, Max: 0, Diff: 0, Sum: 0, Workers: 4
[4016.281s][debug][gc,phases      ] GC(115) Weak Processing 0.268ms
[4016.281s][debug][gc,age         ] GC(115) Desired survivor size 135266304 bytes, new threshold 15 (max threshold 15)
[4016.281s][info ][gc,heap        ] GC(115) PSYoungGen: 1917824K(1962496K)->89872K(1965056K) Eden: 1828352K(1828352K)->0K(1831936K) From: 89472K(134144K)->89872K(133120K)
[4016.281s][info ][gc,heap        ] GC(115) ParOldGen: 524549K(549888K)->524721K(549888K)
[4016.281s][info ][gc,metaspace   ] GC(115) Metaspace: 80000K(80960K)->80000K(80960K) NonClass: 68791K(69312K)->68791K(69312K) Class: 11208K(11648K)->11208K(11648K)
[4016.281s][info ][gc             ] GC(115) Pause Young (Allocation Failure) 2385M->600M(2456M) 20.419ms
[4016.281s][info ][gc,cpu         ] GC(115) User=0.08s Sys=0.00s Real=0.02s
[4016.281s][info ][safepoint      ] Safepoint "ParallelGCFailedAllocation", Time since last: 22967073470 ns, Reaching safepoint: 111000 ns, At safepoint: 20486069 ns, Total: 20597069 ns
[4022.282s][info ][safepoint      ] Safepoint "Cleanup", Time since last: 6000400913 ns, Reaching safepoint: 36600 ns, At safepoint: 2200 ns, Total: 38800 ns
[4023.282s][info ][safepoint      ] Safepoint "Cleanup", Time since last: 1000070910 ns, Reaching safepoint: 38000 ns, At safepoint: 2600 ns, Total: 40600 ns
[4034.282s][info ][safepoint      ] Safepoint "Cleanup", Time since last: 11000677735 ns, Reaching safepoint: 37600 ns, At safepoint: 3400 ns, Total: 41000 ns
[4058.284s][info ][safepoint      ] Safepoint "Cleanup", Time since last: 24001499600 ns, Reaching safepoint: 31600 ns, At safepoint: 2800 ns, Total: 34400 ns
[4060.284s][info ][safepoint      ] Safepoint "Cleanup", Time since last: 2000159136 ns, Reaching safepoint: 28800 ns, At safepoint: 23200 ns, Total: 52000 ns
[4069.961s][info ][gc,start       ] GC(116) Pause Young (Allocation Failure)
[4069.982s][debug][gc,phases      ] GC(116) Scavenge 20.958ms
[4069.982s][debug][gc,ref         ] GC(116) Skipped phase 1 of Reference Processing: no references
[4069.982s][debug][gc,ref         ] GC(116) ReferenceProcessor::execute queues: 1, RefProcThreadModel::Single, marks_oops_alive: false
[4069.982s][debug][gc,ref         ] GC(116) Skipped phase 3 of Reference Processing: no references
[4069.982s][debug][gc,ref         ] GC(116) ReferenceProcessor::execute queues: 1, RefProcThreadModel::Single, marks_oops_alive: false
[4069.982s][debug][gc,phases      ] GC(116) Reference Processing 0.091ms
[4069.983s][debug][gc,phases      ] GC(116)   VM Weak                        Min:  0.0, Avg:  0.0, Max:  0.0, Diff:  0.0, Sum:  0.0, Workers: 4
[4069.983s][debug][gc,phases      ] GC(116)     Dead                           Min: 0, Avg:  0.0, Max: 0, Diff: 0, Sum: 0, Workers: 4
[4069.983s][debug][gc,phases      ] GC(116)     Total                          Min: 0, Avg: 191.8, Max: 447, Diff: 447, Sum: 767, Workers: 4
[4069.983s][debug][gc,phases      ] GC(116)   ObjectSynchronizer Weak        Min:  0.0, Avg:  0.0, Max:  0.0, Diff:  0.0, Sum:  0.0, Workers: 4
[4069.983s][debug][gc,phases      ] GC(116)     Dead                           Min: 0, Avg:  0.0, Max: 0, Diff: 0, Sum: 0, Workers: 4
[4069.983s][debug][gc,phases      ] GC(116)     Total                          Min: 0, Avg: 10.8, Max: 43, Diff: 43, Sum: 43, Workers: 4
[4069.983s][debug][gc,phases      ] GC(116)   JVMTI Tag Weak OopStorage      Min:  0.0, Avg:  0.0, Max:  0.0, Diff:  0.0, Sum:  0.0, Workers: 4
[4069.983s][debug][gc,phases      ] GC(116)     Dead                           Min: 0, Avg:  0.0, Max: 0, Diff: 0, Sum: 0, Workers: 4
[4069.983s][debug][gc,phases      ] GC(116)     Total                          Min: 0, Avg:  0.0, Max: 0, Diff: 0, Sum: 0, Workers: 4
[4069.983s][debug][gc,phases      ] GC(116)   StringTable Weak               Min:  0.1, Avg:  0.1, Max:  0.1, Diff:  0.0, Sum:  0.4, Workers: 4
[4069.983s][debug][gc,phases      ] GC(116)     Dead                           Min: 0, Avg:  0.0, Max: 0, Diff: 0, Sum: 0, Workers: 4
[4069.983s][debug][gc,phases      ] GC(116)     Total                          Min: 8640, Avg: 10701.5, Max: 12096, Diff: 3456, Sum: 42806, Workers: 4
[4069.983s][debug][gc,phases      ] GC(116)   ResolvedMethodTable Weak       Min:  0.0, Avg:  0.0, Max:  0.0, Diff:  0.0, Sum:  0.1, Workers: 4
[4069.983s][debug][gc,phases      ] GC(116)     Dead                           Min: 0, Avg:  0.0, Max: 0, Diff: 0, Sum: 0, Workers: 4
[4069.983s][debug][gc,phases      ] GC(116)     Total                          Min: 2112, Avg: 2164.5, Max: 2304, Diff: 192, Sum: 8658, Workers: 4
[4069.983s][debug][gc,phases      ] GC(116)   JNI Weak                       Min:  0.0, Avg:  0.0, Max:  0.0, Diff:  0.0, Sum:  0.0, Workers: 4
[4069.983s][debug][gc,phases      ] GC(116)     Dead                           Min: 0, Avg:  0.0, Max: 0, Diff: 0, Sum: 0, Workers: 4
[4069.983s][debug][gc,phases      ] GC(116)     Total                          Min: 0, Avg: 11.2, Max: 45, Diff: 45, Sum: 45, Workers: 4
[4069.983s][debug][gc,phases      ] GC(116)   StringDedup Table Weak         Min:  0.0, Avg:  0.0, Max:  0.0, Diff:  0.0, Sum:  0.0, Workers: 4
[4069.983s][debug][gc,phases      ] GC(116)     Dead                           Min: 0, Avg:  0.0, Max: 0, Diff: 0, Sum: 0, Workers: 4
[4069.983s][debug][gc,phases      ] GC(116)     Total                          Min: 0, Avg:  0.0, Max: 0, Diff: 0, Sum: 0, Workers: 4
[4069.983s][debug][gc,phases      ] GC(116)   StringDedup Requests0 Weak     Min:  0.0, Avg:  0.0, Max:  0.0, Diff:  0.0, Sum:  0.0, Workers: 4
[4069.983s][debug][gc,phases      ] GC(116)     Dead                           Min: 0, Avg:  0.0, Max: 0, Diff: 0, Sum: 0, Workers: 4
[4069.983s][debug][gc,phases      ] GC(116)     Total                          Min: 0, Avg:  0.0, Max: 0, Diff: 0, Sum: 0, Workers: 4
[4069.983s][debug][gc,phases      ] GC(116)   StringDedup Requests1 Weak     Min:  0.0, Avg:  0.0, Max:  0.0, Diff:  0.0, Sum:  0.0, Workers: 4
[4069.983s][debug][gc,phases      ] GC(116)     Dead                           Min: 0, Avg:  0.0, Max: 0, Diff: 0, Sum: 0, Workers: 4
[4069.983s][debug][gc,phases      ] GC(116)     Total                          Min: 0, Avg:  0.0, Max: 0, Diff: 0, Sum: 0, Workers: 4
[4069.983s][debug][gc,phases      ] GC(116)   Weak JFR Old Object Samples    Min:  0.0, Avg:  0.0, Max:  0.0, Diff:  0.0, Sum:  0.0, Workers: 4
[4069.983s][debug][gc,phases      ] GC(116)     Dead                           Min: 0, Avg:  0.0, Max: 0, Diff: 0, Sum: 0, Workers: 4
[4069.983s][debug][gc,phases      ] GC(116)     Total                          Min: 0, Avg:  0.0, Max: 0, Diff: 0, Sum: 0, Workers: 4
[4069.983s][debug][gc,phases      ] GC(116) Weak Processing 0.292ms
[4069.983s][debug][gc,age         ] GC(116) Desired survivor size 134217728 bytes, new threshold 15 (max threshold 15)
[4069.983s][info ][gc,heap        ] GC(116) PSYoungGen: 1921808K(1965056K)->89792K(1964032K) Eden: 1831936K(1831936K)->0K(1831936K) From: 89872K(133120K)->89792K(132096K)
[4069.983s][info ][gc,heap        ] GC(116) ParOldGen: 524721K(549888K)->524893K(549888K)
[4069.983s][info ][gc,metaspace   ] GC(116) Metaspace: 80004K(80960K)->80004K(80960K) NonClass: 68796K(69312K)->68796K(69312K) Class: 11208K(11648K)->11208K(11648K)
[4069.983s][info ][gc             ] GC(116) Pause Young (Allocation Failure) 2389M->600M(2455M) 21.452ms
[4069.983s][info ][gc,cpu         ] GC(116) User=0.06s Sys=0.00s Real=0.02s
[4069.983s][info ][safepoint      ] Safepoint "ParallelGCFailedAllocation", Time since last: 9676953056 ns, Reaching safepoint: 94900 ns, At safepoint: 21515966 ns, Total: 21610866 ns
[4122.065s][info ][gc,start       ] GC(117) Pause Young (Allocation Failure)
[4122.085s][debug][gc,phases      ] GC(117) Scavenge 19.717ms
[4122.085s][debug][gc,ref         ] GC(117) Skipped phase 1 of Reference Processing: no references
[4122.085s][debug][gc,ref         ] GC(117) ReferenceProcessor::execute queues: 1, RefProcThreadModel::Single, marks_oops_alive: false
[4122.085s][debug][gc,ref         ] GC(117) Skipped phase 3 of Reference Processing: no references
[4122.085s][debug][gc,ref         ] GC(117) ReferenceProcessor::execute queues: 1, RefProcThreadModel::Single, marks_oops_alive: false
[4122.085s][debug][gc,phases      ] GC(117) Reference Processing 0.114ms
[4122.085s][debug][gc,phases      ] GC(117)   VM Weak                        Min:  0.0, Avg:  0.0, Max:  0.0, Diff:  0.0, Sum:  0.0, Workers: 4
[4122.085s][debug][gc,phases      ] GC(117)     Dead                           Min: 0, Avg:  0.0, Max: 0, Diff: 0, Sum: 0, Workers: 4
[4122.085s][debug][gc,phases      ] GC(117)     Total                          Min: 0, Avg: 191.8, Max: 767, Diff: 767, Sum: 767, Workers: 4
[4122.085s][debug][gc,phases      ] GC(117)   ObjectSynchronizer Weak        Min:  0.0, Avg:  0.0, Max:  0.0, Diff:  0.0, Sum:  0.0, Workers: 4
[4122.085s][debug][gc,phases      ] GC(117)     Dead                           Min: 0, Avg:  0.0, Max: 0, Diff: 0, Sum: 0, Workers: 4
[4122.085s][debug][gc,phases      ] GC(117)     Total                          Min: 0, Avg: 10.8, Max: 43, Diff: 43, Sum: 43, Workers: 4
[4122.085s][debug][gc,phases      ] GC(117)   JVMTI Tag Weak OopStorage      Min:  0.0, Avg:  0.0, Max:  0.0, Diff:  0.0, Sum:  0.0, Workers: 4
[4122.085s][debug][gc,phases      ] GC(117)     Dead                           Min: 0, Avg:  0.0, Max: 0, Diff: 0, Sum: 0, Workers: 4
[4122.085s][debug][gc,phases      ] GC(117)     Total                          Min: 0, Avg:  0.0, Max: 0, Diff: 0, Sum: 0, Workers: 4
[4122.085s][debug][gc,phases      ] GC(117)   StringTable Weak               Min:  0.1, Avg:  0.1, Max:  0.1, Diff:  0.0, Sum:  0.4, Workers: 4
[4122.085s][debug][gc,phases      ] GC(117)     Dead                           Min: 0, Avg:  0.0, Max: 0, Diff: 0, Sum: 0, Workers: 4
[4122.085s][debug][gc,phases      ] GC(117)     Total                          Min: 9408, Avg: 10701.5, Max: 11456, Diff: 2048, Sum: 42806, Workers: 4
[4122.085s][debug][gc,phases      ] GC(117)   ResolvedMethodTable Weak       Min:  0.0, Avg:  0.0, Max:  0.0, Diff:  0.0, Sum:  0.1, Workers: 4
[4122.085s][debug][gc,phases      ] GC(117)     Dead                           Min: 0, Avg:  0.0, Max: 0, Diff: 0, Sum: 0, Workers: 4
[4122.085s][debug][gc,phases      ] GC(117)     Total                          Min: 2112, Avg: 2164.5, Max: 2240, Diff: 128, Sum: 8658, Workers: 4
[4122.085s][debug][gc,phases      ] GC(117)   JNI Weak                       Min:  0.0, Avg:  0.0, Max:  0.0, Diff:  0.0, Sum:  0.0, Workers: 4
[4122.085s][debug][gc,phases      ] GC(117)     Dead                           Min: 0, Avg:  0.0, Max: 0, Diff: 0, Sum: 0, Workers: 4
[4122.085s][debug][gc,phases      ] GC(117)     Total                          Min: 0, Avg: 11.2, Max: 45, Diff: 45, Sum: 45, Workers: 4
[4122.085s][debug][gc,phases      ] GC(117)   StringDedup Table Weak         Min:  0.0, Avg:  0.0, Max:  0.0, Diff:  0.0, Sum:  0.0, Workers: 4
[4122.085s][debug][gc,phases      ] GC(117)     Dead                           Min: 0, Avg:  0.0, Max: 0, Diff: 0, Sum: 0, Workers: 4
[4122.085s][debug][gc,phases      ] GC(117)     Total                          Min: 0, Avg:  0.0, Max: 0, Diff: 0, Sum: 0, Workers: 4
[4122.085s][debug][gc,phases      ] GC(117)   StringDedup Requests0 Weak     Min:  0.0, Avg:  0.0, Max:  0.0, Diff:  0.0, Sum:  0.0, Workers: 4
[4122.085s][debug][gc,phases      ] GC(117)     Dead                           Min: 0, Avg:  0.0, Max: 0, Diff: 0, Sum: 0, Workers: 4
[4122.085s][debug][gc,phases      ] GC(117)     Total                          Min: 0, Avg:  0.0, Max: 0, Diff: 0, Sum: 0, Workers: 4
[4122.085s][debug][gc,phases      ] GC(117)   StringDedup Requests1 Weak     Min:  0.0, Avg:  0.0, Max:  0.0, Diff:  0.0, Sum:  0.0, Workers: 4
[4122.085s][debug][gc,phases      ] GC(117)     Dead                           Min: 0, Avg:  0.0, Max: 0, Diff: 0, Sum: 0, Workers: 4
[4122.085s][debug][gc,phases      ] GC(117)     Total                          Min: 0, Avg:  0.0, Max: 0, Diff: 0, Sum: 0, Workers: 4
[4122.085s][debug][gc,phases      ] GC(117)   Weak JFR Old Object Samples    Min:  0.0, Avg:  0.0, Max:  0.0, Diff:  0.0, Sum:  0.0, Workers: 4
[4122.085s][debug][gc,phases      ] GC(117)     Dead                           Min: 0, Avg:  0.0, Max: 0, Diff: 0, Sum: 0, Workers: 4
[4122.085s][debug][gc,phases      ] GC(117)     Total                          Min: 0, Avg:  0.0, Max: 0, Diff: 0, Sum: 0, Workers: 4
[4122.085s][debug][gc,phases      ] GC(117) Weak Processing 0.267ms
[4122.085s][debug][gc,age         ] GC(117) Desired survivor size 131596288 bytes, new threshold 15 (max threshold 15)
[4122.085s][info ][gc,heap        ] GC(117) PSYoungGen: 1921728K(1964032K)->87328K(1968640K) Eden: 1831936K(1831936K)->0K(1837568K) From: 89792K(132096K)->87328K(131072K)
[4122.085s][info ][gc,heap        ] GC(117) ParOldGen: 524893K(549888K)->524997K(549888K)
[4122.085s][info ][gc,metaspace   ] GC(117) Metaspace: 80005K(80960K)->80005K(80960K) NonClass: 68797K(69312K)->68797K(69312K) Class: 11208K(11648K)->11208K(11648K)
[4122.085s][info ][gc             ] GC(117) Pause Young (Allocation Failure) 2389M->597M(2459M) 20.204ms
[4122.085s][info ][gc,cpu         ] GC(117) User=0.07s Sys=0.00s Real=0.02s
[4122.085s][info ][safepoint      ] Safepoint "ParallelGCFailedAllocation", Time since last: 52082325368 ns, Reaching safepoint: 22899 ns, At safepoint: 20294365 ns, Total: 20317264 ns
[4154.087s][info ][safepoint      ] Safepoint "Cleanup", Time since last: 32001832725 ns, Reaching safepoint: 45500 ns, At safepoint: 2200 ns, Total: 47700 ns
[4155.087s][info ][safepoint      ] Safepoint "Cleanup", Time since last: 1000099507 ns, Reaching safepoint: 41900 ns, At safepoint: 2600 ns, Total: 44500 ns
[4157.088s][info ][safepoint      ] Safepoint "Cleanup", Time since last: 2000166409 ns, Reaching safepoint: 32000 ns, At safepoint: 2500 ns, Total: 34500 ns
[4161.088s][info ][safepoint      ] Safepoint "Cleanup", Time since last: 4000282594 ns, Reaching safepoint: 23600 ns, At safepoint: 2100 ns, Total: 25700 ns
[4174.089s][info ][safepoint      ] Safepoint "Cleanup", Time since last: 13000651762 ns, Reaching safepoint: 47800 ns, At safepoint: 2800 ns, Total: 50600 ns
[4175.733s][info ][gc,start       ] GC(118) Pause Young (Allocation Failure)
[4175.752s][debug][gc,phases      ] GC(118) Scavenge 18.494ms
[4175.752s][debug][gc,ref         ] GC(118) Skipped phase 1 of Reference Processing: no references
[4175.752s][debug][gc,ref         ] GC(118) ReferenceProcessor::execute queues: 1, RefProcThreadModel::Single, marks_oops_alive: false
[4175.752s][debug][gc,ref         ] GC(118) Skipped phase 3 of Reference Processing: no references
[4175.752s][debug][gc,ref         ] GC(118) ReferenceProcessor::execute queues: 1, RefProcThreadModel::Single, marks_oops_alive: false
[4175.752s][debug][gc,phases      ] GC(118) Reference Processing 0.093ms
[4175.752s][debug][gc,phases      ] GC(118)   VM Weak                        Min:  0.0, Avg:  0.0, Max:  0.0, Diff:  0.0, Sum:  0.0, Workers: 4
[4175.752s][debug][gc,phases      ] GC(118)     Dead                           Min: 0, Avg:  0.0, Max: 0, Diff: 0, Sum: 0, Workers: 4
[4175.752s][debug][gc,phases      ] GC(118)     Total                          Min: 0, Avg: 191.8, Max: 512, Diff: 512, Sum: 767, Workers: 4
[4175.752s][debug][gc,phases      ] GC(118)   ObjectSynchronizer Weak        Min:  0.0, Avg:  0.0, Max:  0.0, Diff:  0.0, Sum:  0.0, Workers: 4
[4175.752s][debug][gc,phases      ] GC(118)     Dead                           Min: 0, Avg:  0.0, Max: 0, Diff: 0, Sum: 0, Workers: 4
[4175.752s][debug][gc,phases      ] GC(118)     Total                          Min: 0, Avg: 10.8, Max: 43, Diff: 43, Sum: 43, Workers: 4
[4175.752s][debug][gc,phases      ] GC(118)   JVMTI Tag Weak OopStorage      Min:  0.0, Avg:  0.0, Max:  0.0, Diff:  0.0, Sum:  0.0, Workers: 4
[4175.752s][debug][gc,phases      ] GC(118)     Dead                           Min: 0, Avg:  0.0, Max: 0, Diff: 0, Sum: 0, Workers: 4
[4175.752s][debug][gc,phases      ] GC(118)     Total                          Min: 0, Avg:  0.0, Max: 0, Diff: 0, Sum: 0, Workers: 4
[4175.752s][debug][gc,phases      ] GC(118)   StringTable Weak               Min:  0.0, Avg:  0.1, Max:  0.1, Diff:  0.1, Sum:  0.4, Workers: 4
[4175.752s][debug][gc,phases      ] GC(118)     Dead                           Min: 0, Avg:  0.0, Max: 0, Diff: 0, Sum: 0, Workers: 4
[4175.752s][debug][gc,phases      ] GC(118)     Total                          Min: 0, Avg: 10701.5, Max: 14336, Diff: 14336, Sum: 42806, Workers: 4
[4175.752s][debug][gc,phases      ] GC(118)   ResolvedMethodTable Weak       Min:  0.0, Avg:  0.0, Max:  0.0, Diff:  0.0, Sum:  0.1, Workers: 4
[4175.752s][debug][gc,phases      ] GC(118)     Dead                           Min: 0, Avg:  0.0, Max: 0, Diff: 0, Sum: 0, Workers: 4
[4175.752s][debug][gc,phases      ] GC(118)     Total                          Min: 0, Avg: 2164.5, Max: 2944, Diff: 2944, Sum: 8658, Workers: 4
[4175.752s][debug][gc,phases      ] GC(118)   JNI Weak                       Min:  0.0, Avg:  0.0, Max:  0.0, Diff:  0.0, Sum:  0.0, Workers: 4
[4175.752s][debug][gc,phases      ] GC(118)     Dead                           Min: 0, Avg:  0.0, Max: 0, Diff: 0, Sum: 0, Workers: 4
[4175.752s][debug][gc,phases      ] GC(118)     Total                          Min: 0, Avg: 11.2, Max: 45, Diff: 45, Sum: 45, Workers: 4
[4175.752s][debug][gc,phases      ] GC(118)   StringDedup Table Weak         Min:  0.0, Avg:  0.0, Max:  0.0, Diff:  0.0, Sum:  0.0, Workers: 4
[4175.752s][debug][gc,phases      ] GC(118)     Dead                           Min: 0, Avg:  0.0, Max: 0, Diff: 0, Sum: 0, Workers: 4
[4175.752s][debug][gc,phases      ] GC(118)     Total                          Min: 0, Avg:  0.0, Max: 0, Diff: 0, Sum: 0, Workers: 4
[4175.752s][debug][gc,phases      ] GC(118)   StringDedup Requests0 Weak     Min:  0.0, Avg:  0.0, Max:  0.0, Diff:  0.0, Sum:  0.0, Workers: 4
[4175.752s][debug][gc,phases      ] GC(118)     Dead                           Min: 0, Avg:  0.0, Max: 0, Diff: 0, Sum: 0, Workers: 4
[4175.752s][debug][gc,phases      ] GC(118)     Total                          Min: 0, Avg:  0.0, Max: 0, Diff: 0, Sum: 0, Workers: 4
[4175.752s][debug][gc,phases      ] GC(118)   StringDedup Requests1 Weak     Min:  0.0, Avg:  0.0, Max:  0.0, Diff:  0.0, Sum:  0.0, Workers: 4
[4175.752s][debug][gc,phases      ] GC(118)     Dead                           Min: 0, Avg:  0.0, Max: 0, Diff: 0, Sum: 0, Workers: 4
[4175.752s][debug][gc,phases      ] GC(118)     Total                          Min: 0, Avg:  0.0, Max: 0, Diff: 0, Sum: 0, Workers: 4
[4175.752s][debug][gc,phases      ] GC(118)   Weak JFR Old Object Samples    Min:  0.0, Avg:  0.0, Max:  0.0, Diff:  0.0, Sum:  0.0, Workers: 4
[4175.752s][debug][gc,phases      ] GC(118)     Dead                           Min: 0, Avg:  0.0, Max: 0, Diff: 0, Sum: 0, Workers: 4
[4175.752s][debug][gc,phases      ] GC(118)     Total                          Min: 0, Avg:  0.0, Max: 0, Diff: 0, Sum: 0, Workers: 4
[4175.752s][debug][gc,phases      ] GC(118) Weak Processing 0.304ms
[4175.752s][debug][gc,age         ] GC(118) Desired survivor size 129499136 bytes, new threshold 15 (max threshold 15)
[4175.752s][info ][gc,heap        ] GC(118) PSYoungGen: 1924896K(1968640K)->87680K(1966080K) Eden: 1837568K(1837568K)->0K(1837568K) From: 87328K(131072K)->87680K(128512K)
[4175.752s][info ][gc,heap        ] GC(118) ParOldGen: 524997K(549888K)->525085K(549888K)
[4175.752s][info ][gc,metaspace   ] GC(118) Metaspace: 80019K(81024K)->80019K(81024K) NonClass: 68810K(69376K)->68810K(69376K) Class: 11208K(11648K)->11208K(11648K)
[4175.752s][info ][gc             ] GC(118) Pause Young (Allocation Failure) 2392M->598M(2457M) 18.993ms
[4175.752s][info ][gc,cpu         ] GC(118) User=0.07s Sys=0.00s Real=0.02s
[4175.752s][info ][safepoint      ] Safepoint "ParallelGCFailedAllocation", Time since last: 1644386587 ns, Reaching safepoint: 23900 ns, At safepoint: 19056265 ns, Total: 19080165 ns
[4184.753s][info ][safepoint      ] Safepoint "Cleanup", Time since last: 9000538715 ns, Reaching safepoint: 53800 ns, At safepoint: 4300 ns, Total: 58100 ns
[4186.753s][info ][safepoint      ] Safepoint "Cleanup", Time since last: 2000184793 ns, Reaching safepoint: 38900 ns, At safepoint: 3700 ns, Total: 42600 ns
[4189.753s][info ][safepoint      ] Safepoint "Cleanup", Time since last: 3000254426 ns, Reaching safepoint: 35800 ns, At safepoint: 2400 ns, Total: 38200 ns
[4230.756s][info ][safepoint      ] Safepoint "Cleanup", Time since last: 41002695572 ns, Reaching safepoint: 26900 ns, At safepoint: 2600 ns, Total: 29500 ns
[4231.634s][info ][gc,start       ] GC(119) Pause Young (Allocation Failure)
[4231.655s][debug][gc,phases      ] GC(119) Scavenge 21.120ms
[4231.655s][debug][gc,ref         ] GC(119) Skipped phase 1 of Reference Processing: no references
[4231.655s][debug][gc,ref         ] GC(119) ReferenceProcessor::execute queues: 1, RefProcThreadModel::Single, marks_oops_alive: false
[4231.655s][debug][gc,ref         ] GC(119) Skipped phase 3 of Reference Processing: no references
[4231.655s][debug][gc,ref         ] GC(119) ReferenceProcessor::execute queues: 1, RefProcThreadModel::Single, marks_oops_alive: false
[4231.655s][debug][gc,phases      ] GC(119) Reference Processing 0.099ms
[4231.656s][debug][gc,phases      ] GC(119)   VM Weak                        Min:  0.0, Avg:  0.0, Max:  0.0, Diff:  0.0, Sum:  0.0, Workers: 4
[4231.656s][debug][gc,phases      ] GC(119)     Dead                           Min: 0, Avg:  0.0, Max: 0, Diff: 0, Sum: 0, Workers: 4
[4231.656s][debug][gc,phases      ] GC(119)     Total                          Min: 0, Avg: 191.8, Max: 447, Diff: 447, Sum: 767, Workers: 4
[4231.656s][debug][gc,phases      ] GC(119)   ObjectSynchronizer Weak        Min:  0.0, Avg:  0.0, Max:  0.0, Diff:  0.0, Sum:  0.0, Workers: 4
[4231.656s][debug][gc,phases      ] GC(119)     Dead                           Min: 0, Avg:  0.0, Max: 0, Diff: 0, Sum: 0, Workers: 4
[4231.656s][debug][gc,phases      ] GC(119)     Total                          Min: 0, Avg: 10.8, Max: 43, Diff: 43, Sum: 43, Workers: 4
[4231.656s][debug][gc,phases      ] GC(119)   JVMTI Tag Weak OopStorage      Min:  0.0, Avg:  0.0, Max:  0.0, Diff:  0.0, Sum:  0.0, Workers: 4
[4231.656s][debug][gc,phases      ] GC(119)     Dead                           Min: 0, Avg:  0.0, Max: 0, Diff: 0, Sum: 0, Workers: 4
[4231.656s][debug][gc,phases      ] GC(119)     Total                          Min: 0, Avg:  0.0, Max: 0, Diff: 0, Sum: 0, Workers: 4
[4231.656s][debug][gc,phases      ] GC(119)   StringTable Weak               Min:  0.0, Avg:  0.1, Max:  0.1, Diff:  0.1, Sum:  0.3, Workers: 4
[4231.656s][debug][gc,phases      ] GC(119)     Dead                           Min: 0, Avg:  0.0, Max: 0, Diff: 0, Sum: 0, Workers: 4
[4231.656s][debug][gc,phases      ] GC(119)     Total                          Min: 0, Avg: 10702.0, Max: 16184, Diff: 16184, Sum: 42808, Workers: 4
[4231.656s][debug][gc,phases      ] GC(119)   ResolvedMethodTable Weak       Min:  0.0, Avg:  0.0, Max:  0.0, Diff:  0.0, Sum:  0.1, Workers: 4
[4231.656s][debug][gc,phases      ] GC(119)     Dead                           Min: 0, Avg:  0.0, Max: 0, Diff: 0, Sum: 0, Workers: 4
[4231.656s][debug][gc,phases      ] GC(119)     Total                          Min: 0, Avg: 2164.5, Max: 3218, Diff: 3218, Sum: 8658, Workers: 4
[4231.656s][debug][gc,phases      ] GC(119)   JNI Weak                       Min:  0.0, Avg:  0.0, Max:  0.0, Diff:  0.0, Sum:  0.0, Workers: 4
[4231.656s][debug][gc,phases      ] GC(119)     Dead                           Min: 0, Avg:  0.0, Max: 0, Diff: 0, Sum: 0, Workers: 4
[4231.656s][debug][gc,phases      ] GC(119)     Total                          Min: 0, Avg: 11.2, Max: 45, Diff: 45, Sum: 45, Workers: 4
[4231.656s][debug][gc,phases      ] GC(119)   StringDedup Table Weak         Min:  0.0, Avg:  0.0, Max:  0.0, Diff:  0.0, Sum:  0.0, Workers: 4
[4231.656s][debug][gc,phases      ] GC(119)     Dead                           Min: 0, Avg:  0.0, Max: 0, Diff: 0, Sum: 0, Workers: 4
[4231.656s][debug][gc,phases      ] GC(119)     Total                          Min: 0, Avg:  0.0, Max: 0, Diff: 0, Sum: 0, Workers: 4
[4231.656s][debug][gc,phases      ] GC(119)   StringDedup Requests0 Weak     Min:  0.0, Avg:  0.0, Max:  0.0, Diff:  0.0, Sum:  0.0, Workers: 4
[4231.656s][debug][gc,phases      ] GC(119)     Dead                           Min: 0, Avg:  0.0, Max: 0, Diff: 0, Sum: 0, Workers: 4
[4231.656s][debug][gc,phases      ] GC(119)     Total                          Min: 0, Avg:  0.0, Max: 0, Diff: 0, Sum: 0, Workers: 4
[4231.656s][debug][gc,phases      ] GC(119)   StringDedup Requests1 Weak     Min:  0.0, Avg:  0.0, Max:  0.0, Diff:  0.0, Sum:  0.0, Workers: 4
[4231.656s][debug][gc,phases      ] GC(119)     Dead                           Min: 0, Avg:  0.0, Max: 0, Diff: 0, Sum: 0, Workers: 4
[4231.656s][debug][gc,phases      ] GC(119)     Total                          Min: 0, Avg:  0.0, Max: 0, Diff: 0, Sum: 0, Workers: 4
[4231.656s][debug][gc,phases      ] GC(119)   Weak JFR Old Object Samples    Min:  0.0, Avg:  0.0, Max:  0.0, Diff:  0.0, Sum:  0.0, Workers: 4
[4231.656s][debug][gc,phases      ] GC(119)     Dead                           Min: 0, Avg:  0.0, Max: 0, Diff: 0, Sum: 0, Workers: 4
[4231.656s][debug][gc,phases      ] GC(119)     Total                          Min: 0, Avg:  0.0, Max: 0, Diff: 0, Sum: 0, Workers: 4
[4231.656s][debug][gc,phases      ] GC(119) Weak Processing 0.309ms
[4231.656s][debug][gc,age         ] GC(119) Desired survivor size 126353408 bytes, new threshold 15 (max threshold 15)
[4231.656s][info ][gc,heap        ] GC(119) PSYoungGen: 1925248K(1966080K)->85200K(1973760K) Eden: 1837568K(1837568K)->0K(1847296K) From: 87680K(128512K)->85200K(126464K)
[4231.656s][info ][gc,heap        ] GC(119) ParOldGen: 525085K(549888K)->525197K(549888K)
[4231.656s][info ][gc,metaspace   ] GC(119) Metaspace: 80026K(81024K)->80026K(81024K) NonClass: 68818K(69376K)->68818K(69376K) Class: 11208K(11648K)->11208K(11648K)
[4231.656s][info ][gc             ] GC(119) Pause Young (Allocation Failure) 2392M->596M(2464M) 21.650ms
[4231.656s][info ][gc,cpu         ] GC(119) User=0.07s Sys=0.00s Real=0.02s
[4231.656s][info ][safepoint      ] Safepoint "ParallelGCFailedAllocation", Time since last: 878163900 ns, Reaching safepoint: 36400 ns, At safepoint: 21722758 ns, Total: 21759158 ns
[4240.657s][info ][safepoint      ] Safepoint "Cleanup", Time since last: 9000604404 ns, Reaching safepoint: 31600 ns, At safepoint: 2900 ns, Total: 34500 ns
[4262.658s][info ][safepoint      ] Safepoint "Cleanup", Time since last: 22001249058 ns, Reaching safepoint: 36299 ns, At safepoint: 2600 ns, Total: 38899 ns
[4292.862s][info ][gc,start       ] GC(120) Pause Young (Allocation Failure)
[4292.880s][debug][gc,phases      ] GC(120) Scavenge 17.578ms
[4292.880s][debug][gc,ref         ] GC(120) Skipped phase 1 of Reference Processing: no references
[4292.880s][debug][gc,ref         ] GC(120) ReferenceProcessor::execute queues: 1, RefProcThreadModel::Single, marks_oops_alive: false
[4292.880s][debug][gc,ref         ] GC(120) Skipped phase 3 of Reference Processing: no references
[4292.880s][debug][gc,ref         ] GC(120) ReferenceProcessor::execute queues: 1, RefProcThreadModel::Single, marks_oops_alive: false
[4292.880s][debug][gc,phases      ] GC(120) Reference Processing 0.107ms
[4292.880s][debug][gc,phases      ] GC(120)   VM Weak                        Min:  0.0, Avg:  0.0, Max:  0.0, Diff:  0.0, Sum:  0.0, Workers: 4
[4292.880s][debug][gc,phases      ] GC(120)     Dead                           Min: 0, Avg:  0.0, Max: 0, Diff: 0, Sum: 0, Workers: 4
[4292.880s][debug][gc,phases      ] GC(120)     Total                          Min: 0, Avg: 191.8, Max: 767, Diff: 767, Sum: 767, Workers: 4
[4292.880s][debug][gc,phases      ] GC(120)   ObjectSynchronizer Weak        Min:  0.0, Avg:  0.0, Max:  0.0, Diff:  0.0, Sum:  0.0, Workers: 4
[4292.880s][debug][gc,phases      ] GC(120)     Dead                           Min: 0, Avg:  0.0, Max: 0, Diff: 0, Sum: 0, Workers: 4
[4292.880s][debug][gc,phases      ] GC(120)     Total                          Min: 0, Avg: 10.8, Max: 43, Diff: 43, Sum: 43, Workers: 4
[4292.880s][debug][gc,phases      ] GC(120)   JVMTI Tag Weak OopStorage      Min:  0.0, Avg:  0.0, Max:  0.0, Diff:  0.0, Sum:  0.0, Workers: 4
[4292.880s][debug][gc,phases      ] GC(120)     Dead                           Min: 0, Avg:  0.0, Max: 0, Diff: 0, Sum: 0, Workers: 4
[4292.880s][debug][gc,phases      ] GC(120)     Total                          Min: 0, Avg:  0.0, Max: 0, Diff: 0, Sum: 0, Workers: 4
[4292.880s][debug][gc,phases      ] GC(120)   StringTable Weak               Min:  0.0, Avg:  0.1, Max:  0.1, Diff:  0.1, Sum:  0.3, Workers: 4
[4292.880s][debug][gc,phases      ] GC(120)     Dead                           Min: 0, Avg:  0.0, Max: 0, Diff: 0, Sum: 0, Workers: 4
[4292.880s][debug][gc,phases      ] GC(120)     Total                          Min: 0, Avg: 10702.0, Max: 15224, Diff: 15224, Sum: 42808, Workers: 4
[4292.880s][debug][gc,phases      ] GC(120)   ResolvedMethodTable Weak       Min:  0.0, Avg:  0.0, Max:  0.0, Diff:  0.0, Sum:  0.1, Workers: 4
[4292.880s][debug][gc,phases      ] GC(120)     Dead                           Min: 0, Avg:  0.0, Max: 0, Diff: 0, Sum: 0, Workers: 4
[4292.880s][debug][gc,phases      ] GC(120)     Total                          Min: 0, Avg: 2164.5, Max: 3538, Diff: 3538, Sum: 8658, Workers: 4
[4292.880s][debug][gc,phases      ] GC(120)   JNI Weak                       Min:  0.0, Avg:  0.0, Max:  0.0, Diff:  0.0, Sum:  0.0, Workers: 4
[4292.880s][debug][gc,phases      ] GC(120)     Dead                           Min: 0, Avg:  0.0, Max: 0, Diff: 0, Sum: 0, Workers: 4
[4292.880s][debug][gc,phases      ] GC(120)     Total                          Min: 0, Avg: 11.2, Max: 45, Diff: 45, Sum: 45, Workers: 4
[4292.880s][debug][gc,phases      ] GC(120)   StringDedup Table Weak         Min:  0.0, Avg:  0.0, Max:  0.0, Diff:  0.0, Sum:  0.0, Workers: 4
[4292.880s][debug][gc,phases      ] GC(120)     Dead                           Min: 0, Avg:  0.0, Max: 0, Diff: 0, Sum: 0, Workers: 4
[4292.880s][debug][gc,phases      ] GC(120)     Total                          Min: 0, Avg:  0.0, Max: 0, Diff: 0, Sum: 0, Workers: 4
[4292.880s][debug][gc,phases      ] GC(120)   StringDedup Requests0 Weak     Min:  0.0, Avg:  0.0, Max:  0.0, Diff:  0.0, Sum:  0.0, Workers: 4
[4292.880s][debug][gc,phases      ] GC(120)     Dead                           Min: 0, Avg:  0.0, Max: 0, Diff: 0, Sum: 0, Workers: 4
[4292.880s][debug][gc,phases      ] GC(120)     Total                          Min: 0, Avg:  0.0, Max: 0, Diff: 0, Sum: 0, Workers: 4
[4292.880s][debug][gc,phases      ] GC(120)   StringDedup Requests1 Weak     Min:  0.0, Avg:  0.0, Max:  0.0, Diff:  0.0, Sum:  0.0, Workers: 4
[4292.880s][debug][gc,phases      ] GC(120)     Dead                           Min: 0, Avg:  0.0, Max: 0, Diff: 0, Sum: 0, Workers: 4
[4292.880s][debug][gc,phases      ] GC(120)     Total                          Min: 0, Avg:  0.0, Max: 0, Diff: 0, Sum: 0, Workers: 4
[4292.880s][debug][gc,phases      ] GC(120)   Weak JFR Old Object Samples    Min:  0.0, Avg:  0.0, Max:  0.0, Diff:  0.0, Sum:  0.0, Workers: 4
[4292.880s][debug][gc,phases      ] GC(120)     Dead                           Min: 0, Avg:  0.0, Max: 0, Diff: 0, Sum: 0, Workers: 4
[4292.880s][debug][gc,phases      ] GC(120)     Total                          Min: 0, Avg:  0.0, Max: 0, Diff: 0, Sum: 0, Workers: 4
[4292.880s][debug][gc,phases      ] GC(120) Weak Processing 0.318ms
[4292.880s][debug][gc,age         ] GC(120) Desired survivor size 122159104 bytes, new threshold 15 (max threshold 15)
[4292.880s][info ][gc,heap        ] GC(120) PSYoungGen: 1932496K(1973760K)->82272K(1970688K) Eden: 1847296K(1847296K)->0K(1847296K) From: 85200K(126464K)->82272K(123392K)
[4292.880s][info ][gc,heap        ] GC(120) ParOldGen: 525197K(549888K)->526323K(549888K)
[4292.880s][info ][gc,metaspace   ] GC(120) Metaspace: 80027K(81024K)->80027K(81024K) NonClass: 68818K(69376K)->68818K(69376K) Class: 11208K(11648K)->11208K(11648K)
[4292.880s][info ][gc             ] GC(120) Pause Young (Allocation Failure) 2400M->594M(2461M) 18.109ms
[4292.880s][info ][gc,cpu         ] GC(120) User=0.07s Sys=0.00s Real=0.02s
[4292.880s][info ][safepoint      ] Safepoint "ParallelGCFailedAllocation", Time since last: 30204181623 ns, Reaching safepoint: 41200 ns, At safepoint: 18166463 ns, Total: 18207663 ns
[4319.882s][info ][safepoint      ] Safepoint "Cleanup", Time since last: 27001621278 ns, Reaching safepoint: 22300 ns, At safepoint: 6100 ns, Total: 28400 ns
[4320.882s][info ][safepoint      ] Safepoint "Cleanup", Time since last: 1000099023 ns, Reaching safepoint: 50700 ns, At safepoint: 3900 ns, Total: 54600 ns
[4322.882s][info ][safepoint      ] Safepoint "Cleanup", Time since last: 2000144341 ns, Reaching safepoint: 36600 ns, At safepoint: 2300 ns, Total: 38900 ns
[4365.813s][info ][gc,start       ] GC(121) Pause Young (Allocation Failure)
[4365.832s][debug][gc,phases      ] GC(121) Scavenge 18.742ms
[4365.832s][debug][gc,ref         ] GC(121) Skipped phase 1 of Reference Processing: no references
[4365.832s][debug][gc,ref         ] GC(121) ReferenceProcessor::execute queues: 1, RefProcThreadModel::Single, marks_oops_alive: false
[4365.832s][debug][gc,ref         ] GC(121) Skipped phase 3 of Reference Processing: no references
[4365.832s][debug][gc,ref         ] GC(121) ReferenceProcessor::execute queues: 1, RefProcThreadModel::Single, marks_oops_alive: false
[4365.832s][debug][gc,phases      ] GC(121) Reference Processing 0.094ms
[4365.832s][debug][gc,phases      ] GC(121)   VM Weak                        Min:  0.0, Avg:  0.0, Max:  0.0, Diff:  0.0, Sum:  0.0, Workers: 4
[4365.832s][debug][gc,phases      ] GC(121)     Dead                           Min: 0, Avg:  0.0, Max: 0, Diff: 0, Sum: 0, Workers: 4
[4365.832s][debug][gc,phases      ] GC(121)     Total                          Min: 0, Avg: 191.8, Max: 575, Diff: 575, Sum: 767, Workers: 4
[4365.832s][debug][gc,phases      ] GC(121)   ObjectSynchronizer Weak        Min:  0.0, Avg:  0.0, Max:  0.0, Diff:  0.0, Sum:  0.0, Workers: 4
[4365.832s][debug][gc,phases      ] GC(121)     Dead                           Min: 0, Avg:  0.0, Max: 0, Diff: 0, Sum: 0, Workers: 4
[4365.832s][debug][gc,phases      ] GC(121)     Total                          Min: 0, Avg: 10.8, Max: 43, Diff: 43, Sum: 43, Workers: 4
[4365.832s][debug][gc,phases      ] GC(121)   JVMTI Tag Weak OopStorage      Min:  0.0, Avg:  0.0, Max:  0.0, Diff:  0.0, Sum:  0.0, Workers: 4
[4365.832s][debug][gc,phases      ] GC(121)     Dead                           Min: 0, Avg:  0.0, Max: 0, Diff: 0, Sum: 0, Workers: 4
[4365.832s][debug][gc,phases      ] GC(121)     Total                          Min: 0, Avg:  0.0, Max: 0, Diff: 0, Sum: 0, Workers: 4
[4365.832s][debug][gc,phases      ] GC(121)   StringTable Weak               Min:  0.1, Avg:  0.1, Max:  0.1, Diff:  0.0, Sum:  0.4, Workers: 4
[4365.832s][debug][gc,phases      ] GC(121)     Dead                           Min: 0, Avg:  0.0, Max: 0, Diff: 0, Sum: 0, Workers: 4
[4365.832s][debug][gc,phases      ] GC(121)     Total                          Min: 10555, Avg: 10702.8, Max: 10816, Diff: 261, Sum: 42811, Workers: 4
[4365.832s][debug][gc,phases      ] GC(121)   ResolvedMethodTable Weak       Min:  0.0, Avg:  0.0, Max:  0.0, Diff:  0.0, Sum:  0.1, Workers: 4
[4365.832s][debug][gc,phases      ] GC(121)     Dead                           Min: 0, Avg:  0.0, Max: 0, Diff: 0, Sum: 0, Workers: 4
[4365.832s][debug][gc,phases      ] GC(121)     Total                          Min: 1280, Avg: 2164.5, Max: 2514, Diff: 1234, Sum: 8658, Workers: 4
[4365.832s][debug][gc,phases      ] GC(121)   JNI Weak                       Min:  0.0, Avg:  0.0, Max:  0.0, Diff:  0.0, Sum:  0.0, Workers: 4
[4365.832s][debug][gc,phases      ] GC(121)     Dead                           Min: 0, Avg:  0.0, Max: 0, Diff: 0, Sum: 0, Workers: 4
[4365.832s][debug][gc,phases      ] GC(121)     Total                          Min: 0, Avg: 11.2, Max: 45, Diff: 45, Sum: 45, Workers: 4
[4365.832s][debug][gc,phases      ] GC(121)   StringDedup Table Weak         Min:  0.0, Avg:  0.0, Max:  0.0, Diff:  0.0, Sum:  0.0, Workers: 4
[4365.832s][debug][gc,phases      ] GC(121)     Dead                           Min: 0, Avg:  0.0, Max: 0, Diff: 0, Sum: 0, Workers: 4
[4365.832s][debug][gc,phases      ] GC(121)     Total                          Min: 0, Avg:  0.0, Max: 0, Diff: 0, Sum: 0, Workers: 4
[4365.832s][debug][gc,phases      ] GC(121)   StringDedup Requests0 Weak     Min:  0.0, Avg:  0.0, Max:  0.0, Diff:  0.0, Sum:  0.0, Workers: 4
[4365.832s][debug][gc,phases      ] GC(121)     Dead                           Min: 0, Avg:  0.0, Max: 0, Diff: 0, Sum: 0, Workers: 4
[4365.832s][debug][gc,phases      ] GC(121)     Total                          Min: 0, Avg:  0.0, Max: 0, Diff: 0, Sum: 0, Workers: 4
[4365.832s][debug][gc,phases      ] GC(121)   StringDedup Requests1 Weak     Min:  0.0, Avg:  0.0, Max:  0.0, Diff:  0.0, Sum:  0.0, Workers: 4
[4365.832s][debug][gc,phases      ] GC(121)     Dead                           Min: 0, Avg:  0.0, Max: 0, Diff: 0, Sum: 0, Workers: 4
[4365.832s][debug][gc,phases      ] GC(121)     Total                          Min: 0, Avg:  0.0, Max: 0, Diff: 0, Sum: 0, Workers: 4
[4365.832s][debug][gc,phases      ] GC(121)   Weak JFR Old Object Samples    Min:  0.0, Avg:  0.0, Max:  0.0, Diff:  0.0, Sum:  0.0, Workers: 4
[4365.832s][debug][gc,phases      ] GC(121)     Dead                           Min: 0, Avg:  0.0, Max: 0, Diff: 0, Sum: 0, Workers: 4
[4365.832s][debug][gc,phases      ] GC(121)     Total                          Min: 0, Avg:  0.0, Max: 0, Diff: 0, Sum: 0, Workers: 4
[4365.832s][debug][gc,phases      ] GC(121) Weak Processing 0.294ms
[4365.832s][debug][gc,age         ] GC(121) Desired survivor size 118489088 bytes, new threshold 15 (max threshold 15)
[4365.832s][info ][gc,heap        ] GC(121) PSYoungGen: 1929568K(1970688K)->79968K(1981440K) Eden: 1847296K(1847296K)->0K(1862144K) From: 82272K(123392K)->79968K(119296K)
[4365.832s][info ][gc,heap        ] GC(121) ParOldGen: 526323K(549888K)->528659K(549888K)
[4365.832s][info ][gc,metaspace   ] GC(121) Metaspace: 80029K(81024K)->80029K(81024K) NonClass: 68821K(69376K)->68821K(69376K) Class: 11208K(11648K)->11208K(11648K)
[4365.832s][info ][gc             ] GC(121) Pause Young (Allocation Failure) 2398M->594M(2472M) 19.249ms
[4365.832s][info ][gc,cpu         ] GC(121) User=0.07s Sys=0.00s Real=0.02s
[4365.832s][info ][safepoint      ] Safepoint "ParallelGCFailedAllocation", Time since last: 42930538485 ns, Reaching safepoint: 27299 ns, At safepoint: 19320859 ns, Total: 19348158 ns
[4450.413s][info ][gc,start       ] GC(122) Pause Young (Allocation Failure)
[4450.431s][debug][gc,phases      ] GC(122) Scavenge 17.793ms
[4450.431s][debug][gc,ref         ] GC(122) Skipped phase 1 of Reference Processing: no references
[4450.431s][debug][gc,ref         ] GC(122) ReferenceProcessor::execute queues: 1, RefProcThreadModel::Single, marks_oops_alive: false
[4450.431s][debug][gc,ref         ] GC(122) Skipped phase 3 of Reference Processing: no references
[4450.431s][debug][gc,ref         ] GC(122) ReferenceProcessor::execute queues: 1, RefProcThreadModel::Single, marks_oops_alive: false
[4450.431s][debug][gc,phases      ] GC(122) Reference Processing 0.093ms
[4450.432s][debug][gc,phases      ] GC(122)   VM Weak                        Min:  0.0, Avg:  0.0, Max:  0.0, Diff:  0.0, Sum:  0.0, Workers: 4
[4450.432s][debug][gc,phases      ] GC(122)     Dead                           Min: 0, Avg:  0.0, Max: 0, Diff: 0, Sum: 0, Workers: 4
[4450.432s][debug][gc,phases      ] GC(122)     Total                          Min: 0, Avg: 191.8, Max: 767, Diff: 767, Sum: 767, Workers: 4
[4450.432s][debug][gc,phases      ] GC(122)   ObjectSynchronizer Weak        Min:  0.0, Avg:  0.0, Max:  0.0, Diff:  0.0, Sum:  0.0, Workers: 4
[4450.432s][debug][gc,phases      ] GC(122)     Dead                           Min: 0, Avg:  0.0, Max: 0, Diff: 0, Sum: 0, Workers: 4
[4450.432s][debug][gc,phases      ] GC(122)     Total                          Min: 0, Avg: 10.8, Max: 43, Diff: 43, Sum: 43, Workers: 4
[4450.432s][debug][gc,phases      ] GC(122)   JVMTI Tag Weak OopStorage      Min:  0.0, Avg:  0.0, Max:  0.0, Diff:  0.0, Sum:  0.0, Workers: 4
[4450.432s][debug][gc,phases      ] GC(122)     Dead                           Min: 0, Avg:  0.0, Max: 0, Diff: 0, Sum: 0, Workers: 4
[4450.432s][debug][gc,phases      ] GC(122)     Total                          Min: 0, Avg:  0.0, Max: 0, Diff: 0, Sum: 0, Workers: 4
[4450.432s][debug][gc,phases      ] GC(122)   StringTable Weak               Min:  0.1, Avg:  0.1, Max:  0.1, Diff:  0.0, Sum:  0.3, Workers: 4
[4450.432s][debug][gc,phases      ] GC(122)     Dead                           Min: 0, Avg:  0.0, Max: 0, Diff: 0, Sum: 0, Workers: 4
[4450.432s][debug][gc,phases      ] GC(122)     Total                          Min: 8320, Avg: 10702.8, Max: 12347, Diff: 4027, Sum: 42811, Workers: 4
[4450.432s][debug][gc,phases      ] GC(122)   ResolvedMethodTable Weak       Min:  0.0, Avg:  0.0, Max:  0.0, Diff:  0.0, Sum:  0.1, Workers: 4
[4450.432s][debug][gc,phases      ] GC(122)     Dead                           Min: 0, Avg:  0.0, Max: 0, Diff: 0, Sum: 0, Workers: 4
[4450.432s][debug][gc,phases      ] GC(122)     Total                          Min: 1920, Avg: 2164.5, Max: 2304, Diff: 384, Sum: 8658, Workers: 4
[4450.432s][debug][gc,phases      ] GC(122)   JNI Weak                       Min:  0.0, Avg:  0.0, Max:  0.0, Diff:  0.0, Sum:  0.0, Workers: 4
[4450.432s][debug][gc,phases      ] GC(122)     Dead                           Min: 0, Avg:  0.0, Max: 0, Diff: 0, Sum: 0, Workers: 4
[4450.432s][debug][gc,phases      ] GC(122)     Total                          Min: 0, Avg: 11.2, Max: 45, Diff: 45, Sum: 45, Workers: 4
[4450.432s][debug][gc,phases      ] GC(122)   StringDedup Table Weak         Min:  0.0, Avg:  0.0, Max:  0.0, Diff:  0.0, Sum:  0.0, Workers: 4
[4450.432s][debug][gc,phases      ] GC(122)     Dead                           Min: 0, Avg:  0.0, Max: 0, Diff: 0, Sum: 0, Workers: 4
[4450.432s][debug][gc,phases      ] GC(122)     Total                          Min: 0, Avg:  0.0, Max: 0, Diff: 0, Sum: 0, Workers: 4
[4450.432s][debug][gc,phases      ] GC(122)   StringDedup Requests0 Weak     Min:  0.0, Avg:  0.0, Max:  0.0, Diff:  0.0, Sum:  0.0, Workers: 4
[4450.432s][debug][gc,phases      ] GC(122)     Dead                           Min: 0, Avg:  0.0, Max: 0, Diff: 0, Sum: 0, Workers: 4
[4450.432s][debug][gc,phases      ] GC(122)     Total                          Min: 0, Avg:  0.0, Max: 0, Diff: 0, Sum: 0, Workers: 4
[4450.432s][debug][gc,phases      ] GC(122)   StringDedup Requests1 Weak     Min:  0.0, Avg:  0.0, Max:  0.0, Diff:  0.0, Sum:  0.0, Workers: 4
[4450.432s][debug][gc,phases      ] GC(122)     Dead                           Min: 0, Avg:  0.0, Max: 0, Diff: 0, Sum: 0, Workers: 4
[4450.432s][debug][gc,phases      ] GC(122)     Total                          Min: 0, Avg:  0.0, Max: 0, Diff: 0, Sum: 0, Workers: 4
[4450.432s][debug][gc,phases      ] GC(122)   Weak JFR Old Object Samples    Min:  0.0, Avg:  0.0, Max:  0.0, Diff:  0.0, Sum:  0.0, Workers: 4
[4450.432s][debug][gc,phases      ] GC(122)     Dead                           Min: 0, Avg:  0.0, Max: 0, Diff: 0, Sum: 0, Workers: 4
[4450.432s][debug][gc,phases      ] GC(122)     Total                          Min: 0, Avg:  0.0, Max: 0, Diff: 0, Sum: 0, Workers: 4
[4450.432s][debug][gc,phases      ] GC(122) Weak Processing 0.283ms
[4450.432s][debug][gc,age         ] GC(122) Desired survivor size 117440512 bytes, new threshold 15 (max threshold 15)
[4450.432s][info ][gc,heap        ] GC(122) PSYoungGen: 1942112K(1981440K)->68176K(1977856K) Eden: 1862144K(1862144K)->0K(1862144K) From: 79968K(119296K)->68176K(115712K)
[4450.432s][info ][gc,heap        ] GC(122) ParOldGen: 528659K(549888K)->541563K(549888K)
[4450.432s][info ][gc,metaspace   ] GC(122) Metaspace: 80029K(81024K)->80029K(81024K) NonClass: 68821K(69376K)->68821K(69376K) Class: 11208K(11648K)->11208K(11648K)
[4450.432s][info ][gc             ] GC(122) Pause Young (Allocation Failure) 2412M->595M(2468M) 18.285ms
[4450.432s][info ][gc,cpu         ] GC(122) User=0.07s Sys=0.00s Real=0.02s
[4450.432s][debug][gc,phases      ] GC(123) Pre Compact 0.008ms
[4450.432s][info ][gc,start       ] GC(123) Pause Full (Ergonomics)
[4450.432s][info ][gc,phases,start] GC(123) Marking Phase
[4450.535s][debug][gc,phases      ] GC(123) Par Mark 103.077ms
[4450.535s][debug][gc,ref         ] GC(123) ReferenceProcessor::execute queues: 4, RefProcThreadModel::Multi, marks_oops_alive: true
[4450.536s][debug][gc,ref         ] GC(123) ReferenceProcessor::execute queues: 4, RefProcThreadModel::Multi, marks_oops_alive: false
[4450.536s][debug][gc,ref         ] GC(123) Skipped phase 3 of Reference Processing: no references
[4450.536s][debug][gc,ref         ] GC(123) ReferenceProcessor::execute queues: 1, RefProcThreadModel::Single, marks_oops_alive: false
[4450.536s][debug][gc,phases      ] GC(123) Reference Processing 1.045ms
[4450.536s][debug][gc,phases      ] GC(123)   VM Weak                        Min:  0.0, Avg:  0.0, Max:  0.0, Diff:  0.0, Sum:  0.0, Workers: 4
[4450.536s][debug][gc,phases      ] GC(123)     Dead                           Min: 0, Avg: 34.2, Max: 109, Diff: 109, Sum: 137, Workers: 4
[4450.536s][debug][gc,phases      ] GC(123)     Total                          Min: 0, Avg: 191.8, Max: 512, Diff: 512, Sum: 767, Workers: 4
[4450.536s][debug][gc,phases      ] GC(123)   ObjectSynchronizer Weak        Min:  0.0, Avg:  0.0, Max:  0.0, Diff:  0.0, Sum:  0.0, Workers: 4
[4450.536s][debug][gc,phases      ] GC(123)     Dead                           Min: 0, Avg:  0.0, Max: 0, Diff: 0, Sum: 0, Workers: 4
[4450.536s][debug][gc,phases      ] GC(123)     Total                          Min: 0, Avg: 10.8, Max: 43, Diff: 43, Sum: 43, Workers: 4
[4450.536s][debug][gc,phases      ] GC(123)   JVMTI Tag Weak OopStorage      Min:  0.0, Avg:  0.0, Max:  0.0, Diff:  0.0, Sum:  0.0, Workers: 4
[4450.536s][debug][gc,phases      ] GC(123)     Dead                           Min: 0, Avg:  0.0, Max: 0, Diff: 0, Sum: 0, Workers: 4
[4450.536s][debug][gc,phases      ] GC(123)     Total                          Min: 0, Avg:  0.0, Max: 0, Diff: 0, Sum: 0, Workers: 4
[4450.536s][debug][gc,phases      ] GC(123)   StringTable Weak               Min:  0.1, Avg:  0.1, Max:  0.1, Diff:  0.0, Sum:  0.5, Workers: 4
[4450.536s][debug][gc,phases      ] GC(123)     Dead                           Min: 67, Avg: 294.2, Max: 603, Diff: 536, Sum: 1177, Workers: 4
[4450.536s][debug][gc,phases      ] GC(123)     Total                          Min: 10240, Avg: 10702.8, Max: 11003, Diff: 763, Sum: 42811, Workers: 4
[4450.536s][debug][gc,phases      ] GC(123)   ResolvedMethodTable Weak       Min:  0.0, Avg:  0.0, Max:  0.0, Diff:  0.0, Sum:  0.1, Workers: 4
[4450.536s][debug][gc,phases      ] GC(123)     Dead                           Min: 20, Avg: 36.2, Max: 52, Diff: 32, Sum: 145, Workers: 4
[4450.536s][debug][gc,phases      ] GC(123)     Total                          Min: 1280, Avg: 2164.5, Max: 2624, Diff: 1344, Sum: 8658, Workers: 4
[4450.536s][debug][gc,phases      ] GC(123)   JNI Weak                       Min:  0.0, Avg:  0.0, Max:  0.0, Diff:  0.0, Sum:  0.0, Workers: 4
[4450.536s][debug][gc,phases      ] GC(123)     Dead                           Min: 0, Avg:  0.0, Max: 0, Diff: 0, Sum: 0, Workers: 4
[4450.536s][debug][gc,phases      ] GC(123)     Total                          Min: 0, Avg: 11.2, Max: 45, Diff: 45, Sum: 45, Workers: 4
[4450.536s][debug][gc,phases      ] GC(123)   StringDedup Table Weak         Min:  0.0, Avg:  0.0, Max:  0.0, Diff:  0.0, Sum:  0.0, Workers: 4
[4450.536s][debug][gc,phases      ] GC(123)     Dead                           Min: 0, Avg:  0.0, Max: 0, Diff: 0, Sum: 0, Workers: 4
[4450.536s][debug][gc,phases      ] GC(123)     Total                          Min: 0, Avg:  0.0, Max: 0, Diff: 0, Sum: 0, Workers: 4
[4450.536s][debug][gc,phases      ] GC(123)   StringDedup Requests0 Weak     Min:  0.0, Avg:  0.0, Max:  0.0, Diff:  0.0, Sum:  0.0, Workers: 4
[4450.536s][debug][gc,phases      ] GC(123)     Dead                           Min: 0, Avg:  0.0, Max: 0, Diff: 0, Sum: 0, Workers: 4
[4450.536s][debug][gc,phases      ] GC(123)     Total                          Min: 0, Avg:  0.0, Max: 0, Diff: 0, Sum: 0, Workers: 4
[4450.536s][debug][gc,phases      ] GC(123)   StringDedup Requests1 Weak     Min:  0.0, Avg:  0.0, Max:  0.0, Diff:  0.0, Sum:  0.0, Workers: 4
[4450.536s][debug][gc,phases      ] GC(123)     Dead                           Min: 0, Avg:  0.0, Max: 0, Diff: 0, Sum: 0, Workers: 4
[4450.536s][debug][gc,phases      ] GC(123)     Total                          Min: 0, Avg:  0.0, Max: 0, Diff: 0, Sum: 0, Workers: 4
[4450.536s][debug][gc,phases      ] GC(123)   Weak JFR Old Object Samples    Min:  0.0, Avg:  0.0, Max:  0.0, Diff:  0.0, Sum:  0.0, Workers: 4
[4450.536s][debug][gc,phases      ] GC(123)     Dead                           Min: 0, Avg:  0.0, Max: 0, Diff: 0, Sum: 0, Workers: 4
[4450.536s][debug][gc,phases      ] GC(123)     Total                          Min: 0, Avg:  0.0, Max: 0, Diff: 0, Sum: 0, Workers: 4
[4450.536s][debug][gc,phases      ] GC(123) Weak Processing 0.314ms
[4450.537s][debug][gc,phases      ] GC(123) ClassLoaderData 0.568ms
[4450.537s][debug][gc,phases      ] GC(123) Trigger cleanups 0.007ms
[4450.565s][debug][gc,phases      ] GC(123) Class Unloading 28.194ms
[4450.565s][info ][gc,phases      ] GC(123) Marking Phase 132.800ms
[4450.565s][info ][gc,phases,start] GC(123) Summary Phase
[4450.565s][info ][gc,phases      ] GC(123) Summary Phase 0.018ms
[4450.565s][info ][gc,phases,start] GC(123) Adjust Roots
[4450.577s][info ][gc,phases      ] GC(123) Adjust Roots 12.804ms
[4450.577s][info ][gc,phases,start] GC(123) Compaction Phase
[4450.688s][info ][gc,phases      ] GC(123) Compaction Phase 110.831ms
[4450.688s][info ][gc,phases,start] GC(123) Post Compact
[4450.690s][info ][gc,phases      ] GC(123) Post Compact 1.255ms
[4450.690s][info ][gc,heap        ] GC(123) PSYoungGen: 68176K(1977856K)->0K(1982464K) Eden: 0K(1862144K)->0K(1867776K) From: 68176K(115712K)->0K(114688K)
[4450.690s][info ][gc,heap        ] GC(123) ParOldGen: 541563K(549888K)->423977K(552448K)
[4450.690s][info ][gc,metaspace   ] GC(123) Metaspace: 80029K(81024K)->79738K(81024K) NonClass: 68821K(69376K)->68599K(69376K) Class: 11208K(11648K)->11138K(11648K)
[4450.690s][info ][gc             ] GC(123) Pause Full (Ergonomics) 595M->414M(2475M) 257.857ms
[4450.690s][info ][gc,cpu         ] GC(123) User=0.84s Sys=0.00s Real=0.26s
[4450.690s][info ][safepoint      ] Safepoint "ParallelGCFailedAllocation", Time since last: 84581315281 ns, Reaching safepoint: 26600 ns, At safepoint: 276257680 ns, Total: 276284280 ns
[4460.690s][info ][safepoint      ] Safepoint "Cleanup", Time since last: 10000539002 ns, Reaching safepoint: 27000 ns, At safepoint: 23300 ns, Total: 50300 ns
[4503.693s][info ][safepoint      ] Safepoint "Cleanup", Time since last: 43002597525 ns, Reaching safepoint: 38500 ns, At safepoint: 2400 ns, Total: 40900 ns
[4504.693s][info ][safepoint      ] Safepoint "Cleanup", Time since last: 1000115198 ns, Reaching safepoint: 30500 ns, At safepoint: 3200 ns, Total: 33700 ns
[4520.594s][info ][gc,start       ] GC(124) Pause Young (Allocation Failure)
[4520.598s][debug][gc,phases      ] GC(124) Scavenge 4.046ms
[4520.598s][debug][gc,ref         ] GC(124) Skipped phase 1 of Reference Processing: no references
[4520.598s][debug][gc,ref         ] GC(124) ReferenceProcessor::execute queues: 1, RefProcThreadModel::Single, marks_oops_alive: false
[4520.598s][debug][gc,ref         ] GC(124) Skipped phase 3 of Reference Processing: no references
[4520.598s][debug][gc,ref         ] GC(124) Skipped phase 4 of Reference Processing: no references
[4520.598s][debug][gc,phases      ] GC(124) Reference Processing 0.078ms
[4520.598s][debug][gc,phases      ] GC(124)   VM Weak                        Min:  0.0, Avg:  0.0, Max:  0.0, Diff:  0.0, Sum:  0.0, Workers: 4
[4520.598s][debug][gc,phases      ] GC(124)     Dead                           Min: 0, Avg:  0.0, Max: 0, Diff: 0, Sum: 0, Workers: 4
[4520.598s][debug][gc,phases      ] GC(124)     Total                          Min: 0, Avg: 157.5, Max: 567, Diff: 567, Sum: 630, Workers: 4
[4520.598s][debug][gc,phases      ] GC(124)   ObjectSynchronizer Weak        Min:  0.0, Avg:  0.0, Max:  0.0, Diff:  0.0, Sum:  0.0, Workers: 4
[4520.598s][debug][gc,phases      ] GC(124)     Dead                           Min: 0, Avg:  0.0, Max: 0, Diff: 0, Sum: 0, Workers: 4
[4520.598s][debug][gc,phases      ] GC(124)     Total                          Min: 0, Avg: 10.8, Max: 43, Diff: 43, Sum: 43, Workers: 4
[4520.598s][debug][gc,phases      ] GC(124)   JVMTI Tag Weak OopStorage      Min:  0.0, Avg:  0.0, Max:  0.0, Diff:  0.0, Sum:  0.0, Workers: 4
[4520.598s][debug][gc,phases      ] GC(124)     Dead                           Min: 0, Avg:  0.0, Max: 0, Diff: 0, Sum: 0, Workers: 4
[4520.598s][debug][gc,phases      ] GC(124)     Total                          Min: 0, Avg:  0.0, Max: 0, Diff: 0, Sum: 0, Workers: 4
[4520.598s][debug][gc,phases      ] GC(124)   StringTable Weak               Min:  0.0, Avg:  0.1, Max:  0.1, Diff:  0.1, Sum:  0.3, Workers: 4
[4520.598s][debug][gc,phases      ] GC(124)     Dead                           Min: 0, Avg:  0.0, Max: 0, Diff: 0, Sum: 0, Workers: 4
[4520.598s][debug][gc,phases      ] GC(124)     Total                          Min: 0, Avg: 10702.8, Max: 18368, Diff: 18368, Sum: 42811, Workers: 4
[4520.598s][debug][gc,phases      ] GC(124)   ResolvedMethodTable Weak       Min:  0.0, Avg:  0.0, Max:  0.0, Diff:  0.0, Sum:  0.1, Workers: 4
[4520.598s][debug][gc,phases      ] GC(124)     Dead                           Min: 0, Avg:  0.0, Max: 0, Diff: 0, Sum: 0, Workers: 4
[4520.598s][debug][gc,phases      ] GC(124)     Total                          Min: 0, Avg: 2164.5, Max: 3922, Diff: 3922, Sum: 8658, Workers: 4
[4520.598s][debug][gc,phases      ] GC(124)   JNI Weak                       Min:  0.0, Avg:  0.0, Max:  0.0, Diff:  0.0, Sum:  0.0, Workers: 4
[4520.598s][debug][gc,phases      ] GC(124)     Dead                           Min: 0, Avg:  0.0, Max: 0, Diff: 0, Sum: 0, Workers: 4
[4520.598s][debug][gc,phases      ] GC(124)     Total                          Min: 0, Avg: 11.2, Max: 45, Diff: 45, Sum: 45, Workers: 4
[4520.598s][debug][gc,phases      ] GC(124)   StringDedup Table Weak         Min:  0.0, Avg:  0.0, Max:  0.0, Diff:  0.0, Sum:  0.0, Workers: 4
[4520.598s][debug][gc,phases      ] GC(124)     Dead                           Min: 0, Avg:  0.0, Max: 0, Diff: 0, Sum: 0, Workers: 4
[4520.598s][debug][gc,phases      ] GC(124)     Total                          Min: 0, Avg:  0.0, Max: 0, Diff: 0, Sum: 0, Workers: 4
[4520.598s][debug][gc,phases      ] GC(124)   StringDedup Requests0 Weak     Min:  0.0, Avg:  0.0, Max:  0.0, Diff:  0.0, Sum:  0.0, Workers: 4
[4520.598s][debug][gc,phases      ] GC(124)     Dead                           Min: 0, Avg:  0.0, Max: 0, Diff: 0, Sum: 0, Workers: 4
[4520.598s][debug][gc,phases      ] GC(124)     Total                          Min: 0, Avg:  0.0, Max: 0, Diff: 0, Sum: 0, Workers: 4
[4520.598s][debug][gc,phases      ] GC(124)   StringDedup Requests1 Weak     Min:  0.0, Avg:  0.0, Max:  0.0, Diff:  0.0, Sum:  0.0, Workers: 4
[4520.598s][debug][gc,phases      ] GC(124)     Dead                           Min: 0, Avg:  0.0, Max: 0, Diff: 0, Sum: 0, Workers: 4
[4520.598s][debug][gc,phases      ] GC(124)     Total                          Min: 0, Avg:  0.0, Max: 0, Diff: 0, Sum: 0, Workers: 4
[4520.598s][debug][gc,phases      ] GC(124)   Weak JFR Old Object Samples    Min:  0.0, Avg:  0.0, Max:  0.0, Diff:  0.0, Sum:  0.0, Workers: 4
[4520.598s][debug][gc,phases      ] GC(124)     Dead                           Min: 0, Avg:  0.0, Max: 0, Diff: 0, Sum: 0, Workers: 4
[4520.598s][debug][gc,phases      ] GC(124)     Total                          Min: 0, Avg:  0.0, Max: 0, Diff: 0, Sum: 0, Workers: 4
[4520.598s][debug][gc,phases      ] GC(124) Weak Processing 0.327ms
[4520.598s][debug][gc,age         ] GC(124) Desired survivor size 127401984 bytes, new threshold 15 (max threshold 15)
[4520.598s][info ][gc,heap        ] GC(124) PSYoungGen: 1867776K(1982464K)->3024K(1870848K) Eden: 1867776K(1867776K)->0K(1867776K) From: 0K(114688K)->3024K(3072K)
[4520.598s][info ][gc,heap        ] GC(124) ParOldGen: 423977K(552448K)->423977K(552448K)
[4520.598s][info ][gc,metaspace   ] GC(124) Metaspace: 79738K(81024K)->79738K(81024K) NonClass: 68600K(69376K)->68600K(69376K) Class: 11138K(11648K)->11138K(11648K)
[4520.598s][info ][gc             ] GC(124) Pause Young (Allocation Failure) 2238M->416M(2366M) 4.550ms
[4520.598s][info ][gc,cpu         ] GC(124) User=0.01s Sys=0.00s Real=0.00s
[4520.598s][info ][safepoint      ] Safepoint "ParallelGCFailedAllocation", Time since last: 15900467174 ns, Reaching safepoint: 114099 ns, At safepoint: 4620890 ns, Total: 4734989 ns
[4521.598s][info ][safepoint      ] Safepoint "Cleanup", Time since last: 1000080081 ns, Reaching safepoint: 36400 ns, At safepoint: 2200 ns, Total: 38600 ns
[4527.599s][info ][safepoint      ] Safepoint "Cleanup", Time since last: 6000418270 ns, Reaching safepoint: 40399 ns, At safepoint: 2300 ns, Total: 42699 ns
[4528.599s][info ][safepoint      ] Safepoint "Cleanup", Time since last: 1000107375 ns, Reaching safepoint: 35000 ns, At safepoint: 2400 ns, Total: 37400 ns
[4529.599s][info ][safepoint      ] Safepoint "Cleanup", Time since last: 1000109674 ns, Reaching safepoint: 31000 ns, At safepoint: 2200 ns, Total: 33200 ns
[4530.599s][info ][safepoint      ] Safepoint "Cleanup", Time since last: 1000122773 ns, Reaching safepoint: 60099 ns, At safepoint: 2900 ns, Total: 62999 ns
[4532.600s][info ][safepoint      ] Safepoint "Cleanup", Time since last: 2000185443 ns, Reaching safepoint: 105400 ns, At safepoint: 4900 ns, Total: 110300 ns
[4533.600s][info ][safepoint      ] Safepoint "Cleanup", Time since last: 1000113170 ns, Reaching safepoint: 53900 ns, At safepoint: 4200 ns, Total: 58100 ns
[4534.600s][info ][safepoint      ] Safepoint "Cleanup", Time since last: 1000104469 ns, Reaching safepoint: 106899 ns, At safepoint: 9400 ns, Total: 116299 ns
[4541.601s][info ][safepoint      ] Safepoint "Cleanup", Time since last: 7000501657 ns, Reaching safepoint: 46400 ns, At safepoint: 4100 ns, Total: 50500 ns
[4562.602s][info ][safepoint      ] Safepoint "Cleanup", Time since last: 21001303596 ns, Reaching safepoint: 37100 ns, At safepoint: 2300 ns, Total: 39400 ns
[4567.602s][info ][safepoint      ] Safepoint "Cleanup", Time since last: 5000319901 ns, Reaching safepoint: 28100 ns, At safepoint: 2500 ns, Total: 30600 ns
[4568.602s][info ][safepoint      ] Safepoint "Cleanup", Time since last: 1000109238 ns, Reaching safepoint: 39700 ns, At safepoint: 2100 ns, Total: 41800 ns
[4571.811s][info ][gc,start       ] GC(125) Pause Young (Allocation Failure)
[4571.816s][debug][gc,phases      ] GC(125) Scavenge 5.061ms
[4571.816s][debug][gc,ref         ] GC(125) Skipped phase 1 of Reference Processing: no references
[4571.817s][debug][gc,ref         ] GC(125) ReferenceProcessor::execute queues: 1, RefProcThreadModel::Single, marks_oops_alive: false
[4571.817s][debug][gc,ref         ] GC(125) Skipped phase 3 of Reference Processing: no references
[4571.817s][debug][gc,ref         ] GC(125) ReferenceProcessor::execute queues: 1, RefProcThreadModel::Single, marks_oops_alive: false
[4571.817s][debug][gc,phases      ] GC(125) Reference Processing 0.077ms
[4571.817s][debug][gc,phases      ] GC(125)   VM Weak                        Min:  0.0, Avg:  0.0, Max:  0.0, Diff:  0.0, Sum:  0.0, Workers: 4
[4571.817s][debug][gc,phases      ] GC(125)     Dead                           Min: 0, Avg:  0.0, Max: 0, Diff: 0, Sum: 0, Workers: 4
[4571.817s][debug][gc,phases      ] GC(125)     Total                          Min: 0, Avg: 157.5, Max: 630, Diff: 630, Sum: 630, Workers: 4
[4571.817s][debug][gc,phases      ] GC(125)   ObjectSynchronizer Weak        Min:  0.0, Avg:  0.0, Max:  0.0, Diff:  0.0, Sum:  0.0, Workers: 4
[4571.817s][debug][gc,phases      ] GC(125)     Dead                           Min: 0, Avg:  0.0, Max: 0, Diff: 0, Sum: 0, Workers: 4
[4571.817s][debug][gc,phases      ] GC(125)     Total                          Min: 0, Avg: 10.8, Max: 43, Diff: 43, Sum: 43, Workers: 4
[4571.817s][debug][gc,phases      ] GC(125)   JVMTI Tag Weak OopStorage      Min:  0.0, Avg:  0.0, Max:  0.0, Diff:  0.0, Sum:  0.0, Workers: 4
[4571.817s][debug][gc,phases      ] GC(125)     Dead                           Min: 0, Avg:  0.0, Max: 0, Diff: 0, Sum: 0, Workers: 4
[4571.817s][debug][gc,phases      ] GC(125)     Total                          Min: 0, Avg:  0.0, Max: 0, Diff: 0, Sum: 0, Workers: 4
[4571.817s][debug][gc,phases      ] GC(125)   StringTable Weak               Min:  0.1, Avg:  0.1, Max:  0.1, Diff:  0.0, Sum:  0.4, Workers: 4
[4571.817s][debug][gc,phases      ] GC(125)     Dead                           Min: 0, Avg:  0.0, Max: 0, Diff: 0, Sum: 0, Workers: 4
[4571.817s][debug][gc,phases      ] GC(125)     Total                          Min: 9792, Avg: 10703.0, Max: 11516, Diff: 1724, Sum: 42812, Workers: 4
[4571.817s][debug][gc,phases      ] GC(125)   ResolvedMethodTable Weak       Min:  0.0, Avg:  0.0, Max:  0.0, Diff:  0.0, Sum:  0.1, Workers: 4
[4571.817s][debug][gc,phases      ] GC(125)     Dead                           Min: 0, Avg:  0.0, Max: 0, Diff: 0, Sum: 0, Workers: 4
[4571.817s][debug][gc,phases      ] GC(125)     Total                          Min: 2112, Avg: 2164.8, Max: 2195, Diff: 83, Sum: 8659, Workers: 4
[4571.817s][debug][gc,phases      ] GC(125)   JNI Weak                       Min:  0.0, Avg:  0.0, Max:  0.0, Diff:  0.0, Sum:  0.0, Workers: 4
[4571.817s][debug][gc,phases      ] GC(125)     Dead                           Min: 0, Avg:  0.0, Max: 0, Diff: 0, Sum: 0, Workers: 4
[4571.817s][debug][gc,phases      ] GC(125)     Total                          Min: 0, Avg: 11.2, Max: 45, Diff: 45, Sum: 45, Workers: 4
[4571.817s][debug][gc,phases      ] GC(125)   StringDedup Table Weak         Min:  0.0, Avg:  0.0, Max:  0.0, Diff:  0.0, Sum:  0.0, Workers: 4
[4571.817s][debug][gc,phases      ] GC(125)     Dead                           Min: 0, Avg:  0.0, Max: 0, Diff: 0, Sum: 0, Workers: 4
[4571.817s][debug][gc,phases      ] GC(125)     Total                          Min: 0, Avg:  0.0, Max: 0, Diff: 0, Sum: 0, Workers: 4
[4571.817s][debug][gc,phases      ] GC(125)   StringDedup Requests0 Weak     Min:  0.0, Avg:  0.0, Max:  0.0, Diff:  0.0, Sum:  0.0, Workers: 4
[4571.817s][debug][gc,phases      ] GC(125)     Dead                           Min: 0, Avg:  0.0, Max: 0, Diff: 0, Sum: 0, Workers: 4
[4571.817s][debug][gc,phases      ] GC(125)     Total                          Min: 0, Avg:  0.0, Max: 0, Diff: 0, Sum: 0, Workers: 4
[4571.817s][debug][gc,phases      ] GC(125)   StringDedup Requests1 Weak     Min:  0.0, Avg:  0.0, Max:  0.0, Diff:  0.0, Sum:  0.0, Workers: 4
[4571.817s][debug][gc,phases      ] GC(125)     Dead                           Min: 0, Avg:  0.0, Max: 0, Diff: 0, Sum: 0, Workers: 4
[4571.817s][debug][gc,phases      ] GC(125)     Total                          Min: 0, Avg:  0.0, Max: 0, Diff: 0, Sum: 0, Workers: 4
[4571.817s][debug][gc,phases      ] GC(125)   Weak JFR Old Object Samples    Min:  0.0, Avg:  0.0, Max:  0.0, Diff:  0.0, Sum:  0.0, Workers: 4
[4571.817s][debug][gc,phases      ] GC(125)     Dead                           Min: 0, Avg:  0.0, Max: 0, Diff: 0, Sum: 0, Workers: 4
[4571.817s][debug][gc,phases      ] GC(125)     Total                          Min: 0, Avg:  0.0, Max: 0, Diff: 0, Sum: 0, Workers: 4
[4571.817s][debug][gc,phases      ] GC(125) Weak Processing 0.268ms
[4571.817s][debug][gc,age         ] GC(125) Desired survivor size 132120576 bytes, new threshold 15 (max threshold 15)
[4571.817s][info ][gc,heap        ] GC(125) PSYoungGen: 1870800K(1870848K)->16640K(1963520K) Eden: 1867776K(1867776K)->0K(1839104K) From: 3024K(3072K)->16640K(124416K)
[4571.817s][info ][gc,heap        ] GC(125) ParOldGen: 423977K(552448K)->423985K(552448K)
[4571.817s][info ][gc,metaspace   ] GC(125) Metaspace: 79768K(81024K)->79768K(81024K) NonClass: 68629K(69376K)->68629K(69376K) Class: 11139K(11648K)->11139K(11648K)
[4571.817s][info ][gc             ] GC(125) Pause Young (Allocation Failure) 2240M->430M(2457M) 5.494ms
[4571.817s][info ][gc,cpu         ] GC(125) User=0.02s Sys=0.00s Real=0.00s
[4571.817s][info ][safepoint      ] Safepoint "ParallelGCFailedAllocation", Time since last: 3208938313 ns, Reaching safepoint: 24700 ns, At safepoint: 5550587 ns, Total: 5575287 ns
[4572.817s][info ][safepoint      ] Safepoint "Cleanup", Time since last: 1000048234 ns, Reaching safepoint: 39400 ns, At safepoint: 2600 ns, Total: 42000 ns
[4574.817s][info ][safepoint      ] Safepoint "Cleanup", Time since last: 2000155465 ns, Reaching safepoint: 26000 ns, At safepoint: 2500 ns, Total: 28500 ns
[4575.817s][info ][safepoint      ] Safepoint "Cleanup", Time since last: 1000106031 ns, Reaching safepoint: 34200 ns, At safepoint: 2300 ns, Total: 36500 ns
[4576.817s][info ][safepoint      ] Safepoint "Cleanup", Time since last: 1000106730 ns, Reaching safepoint: 37500 ns, At safepoint: 3300 ns, Total: 40800 ns
[4588.818s][info ][safepoint      ] Safepoint "Cleanup", Time since last: 12000789795 ns, Reaching safepoint: 38300 ns, At safepoint: 7900 ns, Total: 46200 ns
[4597.113s][info ][safepoint      ] Safepoint "Cleanup", Time since last: 8294291927 ns, Reaching safepoint: 118099 ns, At safepoint: 11300 ns, Total: 129399 ns
[4598.113s][info ][safepoint      ] Safepoint "Cleanup", Time since last: 1000109112 ns, Reaching safepoint: 97300 ns, At safepoint: 7500 ns, Total: 104800 ns
[4607.113s][info ][safepoint      ] Safepoint "Cleanup", Time since last: 9000500969 ns, Reaching safepoint: 26200 ns, At safepoint: 2500 ns, Total: 28700 ns
[4634.889s][info ][gc,start       ] GC(126) Pause Young (Allocation Failure)
[4634.894s][debug][gc,phases      ] GC(126) Scavenge 4.172ms
[4634.894s][debug][gc,ref         ] GC(126) Skipped phase 1 of Reference Processing: no references
[4634.894s][debug][gc,ref         ] GC(126) ReferenceProcessor::execute queues: 1, RefProcThreadModel::Single, marks_oops_alive: false
[4634.894s][debug][gc,ref         ] GC(126) Skipped phase 3 of Reference Processing: no references
[4634.894s][debug][gc,ref         ] GC(126) ReferenceProcessor::execute queues: 1, RefProcThreadModel::Single, marks_oops_alive: false
[4634.894s][debug][gc,phases      ] GC(126) Reference Processing 0.092ms
[4634.894s][debug][gc,phases      ] GC(126)   VM Weak                        Min:  0.0, Avg:  0.0, Max:  0.0, Diff:  0.0, Sum:  0.0, Workers: 4
[4634.894s][debug][gc,phases      ] GC(126)     Dead                           Min: 0, Avg:  0.0, Max: 0, Diff: 0, Sum: 0, Workers: 4
[4634.894s][debug][gc,phases      ] GC(126)     Total                          Min: 0, Avg: 157.5, Max: 566, Diff: 566, Sum: 630, Workers: 4
[4634.894s][debug][gc,phases      ] GC(126)   ObjectSynchronizer Weak        Min:  0.0, Avg:  0.0, Max:  0.0, Diff:  0.0, Sum:  0.0, Workers: 4
[4634.894s][debug][gc,phases      ] GC(126)     Dead                           Min: 0, Avg:  0.0, Max: 0, Diff: 0, Sum: 0, Workers: 4
[4634.894s][debug][gc,phases      ] GC(126)     Total                          Min: 0, Avg: 10.8, Max: 43, Diff: 43, Sum: 43, Workers: 4
[4634.894s][debug][gc,phases      ] GC(126)   JVMTI Tag Weak OopStorage      Min:  0.0, Avg:  0.0, Max:  0.0, Diff:  0.0, Sum:  0.0, Workers: 4
[4634.894s][debug][gc,phases      ] GC(126)     Dead                           Min: 0, Avg:  0.0, Max: 0, Diff: 0, Sum: 0, Workers: 4
[4634.894s][debug][gc,phases      ] GC(126)     Total                          Min: 0, Avg:  0.0, Max: 0, Diff: 0, Sum: 0, Workers: 4
[4634.894s][debug][gc,phases      ] GC(126)   StringTable Weak               Min:  0.1, Avg:  0.1, Max:  0.1, Diff:  0.0, Sum:  0.4, Workers: 4
[4634.894s][debug][gc,phases      ] GC(126)     Dead                           Min: 0, Avg:  0.0, Max: 0, Diff: 0, Sum: 0, Workers: 4
[4634.894s][debug][gc,phases      ] GC(126)     Total                          Min: 10368, Avg: 10703.0, Max: 10880, Diff: 512, Sum: 42812, Workers: 4
[4634.894s][debug][gc,phases      ] GC(126)   ResolvedMethodTable Weak       Min:  0.0, Avg:  0.0, Max:  0.0, Diff:  0.0, Sum:  0.1, Workers: 4
[4634.894s][debug][gc,phases      ] GC(126)     Dead                           Min: 0, Avg:  0.0, Max: 0, Diff: 0, Sum: 0, Workers: 4
[4634.894s][debug][gc,phases      ] GC(126)     Total                          Min: 2131, Avg: 2164.8, Max: 2176, Diff: 45, Sum: 8659, Workers: 4
[4634.894s][debug][gc,phases      ] GC(126)   JNI Weak                       Min:  0.0, Avg:  0.0, Max:  0.0, Diff:  0.0, Sum:  0.0, Workers: 4
[4634.894s][debug][gc,phases      ] GC(126)     Dead                           Min: 0, Avg:  0.0, Max: 0, Diff: 0, Sum: 0, Workers: 4
[4634.894s][debug][gc,phases      ] GC(126)     Total                          Min: 0, Avg: 11.2, Max: 45, Diff: 45, Sum: 45, Workers: 4
[4634.894s][debug][gc,phases      ] GC(126)   StringDedup Table Weak         Min:  0.0, Avg:  0.0, Max:  0.0, Diff:  0.0, Sum:  0.0, Workers: 4
[4634.894s][debug][gc,phases      ] GC(126)     Dead                           Min: 0, Avg:  0.0, Max: 0, Diff: 0, Sum: 0, Workers: 4
[4634.894s][debug][gc,phases      ] GC(126)     Total                          Min: 0, Avg:  0.0, Max: 0, Diff: 0, Sum: 0, Workers: 4
[4634.894s][debug][gc,phases      ] GC(126)   StringDedup Requests0 Weak     Min:  0.0, Avg:  0.0, Max:  0.0, Diff:  0.0, Sum:  0.0, Workers: 4
[4634.894s][debug][gc,phases      ] GC(126)     Dead                           Min: 0, Avg:  0.0, Max: 0, Diff: 0, Sum: 0, Workers: 4
[4634.894s][debug][gc,phases      ] GC(126)     Total                          Min: 0, Avg:  0.0, Max: 0, Diff: 0, Sum: 0, Workers: 4
[4634.894s][debug][gc,phases      ] GC(126)   StringDedup Requests1 Weak     Min:  0.0, Avg:  0.0, Max:  0.0, Diff:  0.0, Sum:  0.0, Workers: 4
[4634.894s][debug][gc,phases      ] GC(126)     Dead                           Min: 0, Avg:  0.0, Max: 0, Diff: 0, Sum: 0, Workers: 4
[4634.894s][debug][gc,phases      ] GC(126)     Total                          Min: 0, Avg:  0.0, Max: 0, Diff: 0, Sum: 0, Workers: 4
[4634.894s][debug][gc,phases      ] GC(126)   Weak JFR Old Object Samples    Min:  0.0, Avg:  0.0, Max:  0.0, Diff:  0.0, Sum:  0.0, Workers: 4
[4634.894s][debug][gc,phases      ] GC(126)     Dead                           Min: 0, Avg:  0.0, Max: 0, Diff: 0, Sum: 0, Workers: 4
[4634.894s][debug][gc,phases      ] GC(126)     Total                          Min: 0, Avg:  0.0, Max: 0, Diff: 0, Sum: 0, Workers: 4
[4634.894s][debug][gc,phases      ] GC(126) Weak Processing 0.280ms
[4634.894s][debug][gc,age         ] GC(126) Desired survivor size 134742016 bytes, new threshold 15 (max threshold 15)
[4634.894s][info ][gc,heap        ] GC(126) PSYoungGen: 1855744K(1963520K)->15672K(1854976K) Eden: 1839104K(1839104K)->0K(1839104K) From: 16640K(124416K)->15672K(15872K)
[4634.894s][info ][gc,heap        ] GC(126) ParOldGen: 423985K(552448K)->423985K(552448K)
[4634.894s][info ][gc,metaspace   ] GC(126) Metaspace: 79772K(81024K)->79772K(81024K) NonClass: 68632K(69376K)->68632K(69376K) Class: 11139K(11648K)->11139K(11648K)
[4634.894s][info ][gc             ] GC(126) Pause Young (Allocation Failure) 2226M->429M(2351M) 4.631ms
[4634.894s][info ][gc,cpu         ] GC(126) User=0.02s Sys=0.00s Real=0.00s
[4634.894s][info ][safepoint      ] Safepoint "ParallelGCFailedAllocation", Time since last: 27775743939 ns, Reaching safepoint: 102699 ns, At safepoint: 4713889 ns, Total: 4816588 ns
[4639.894s][info ][safepoint      ] Safepoint "Cleanup", Time since last: 5000341898 ns, Reaching safepoint: 36000 ns, At safepoint: 8100 ns, Total: 44100 ns
[4642.895s][info ][safepoint      ] Safepoint "Cleanup", Time since last: 3000240129 ns, Reaching safepoint: 27300 ns, At safepoint: 2400 ns, Total: 29700 ns
[4646.895s][info ][safepoint      ] Safepoint "Cleanup", Time since last: 4000287795 ns, Reaching safepoint: 25900 ns, At safepoint: 2300 ns, Total: 28200 ns
[4648.895s][info ][safepoint      ] Safepoint "Cleanup", Time since last: 2000090743 ns, Reaching safepoint: 27100 ns, At safepoint: 21999 ns, Total: 49099 ns
[4653.895s][info ][safepoint      ] Safepoint "Cleanup", Time since last: 5000316144 ns, Reaching safepoint: 39600 ns, At safepoint: 2900 ns, Total: 42500 ns
[4655.896s][info ][safepoint      ] Safepoint "Cleanup", Time since last: 2000157332 ns, Reaching safepoint: 27400 ns, At safepoint: 2700 ns, Total: 30100 ns
[4675.421s][info ][gc,start       ] GC(127) Pause Young (Allocation Failure)
[4675.429s][debug][gc,phases      ] GC(127) Scavenge 7.731ms
[4675.429s][debug][gc,ref         ] GC(127) Skipped phase 1 of Reference Processing: no references
[4675.429s][debug][gc,ref         ] GC(127) ReferenceProcessor::execute queues: 1, RefProcThreadModel::Single, marks_oops_alive: false
[4675.429s][debug][gc,ref         ] GC(127) Skipped phase 3 of Reference Processing: no references
[4675.429s][debug][gc,ref         ] GC(127) ReferenceProcessor::execute queues: 1, RefProcThreadModel::Single, marks_oops_alive: false
[4675.429s][debug][gc,phases      ] GC(127) Reference Processing 0.108ms
[4675.429s][debug][gc,phases      ] GC(127)   VM Weak                        Min:  0.0, Avg:  0.0, Max:  0.0, Diff:  0.0, Sum:  0.0, Workers: 4
[4675.429s][debug][gc,phases      ] GC(127)     Dead                           Min: 0, Avg:  0.0, Max: 0, Diff: 0, Sum: 0, Workers: 4
[4675.429s][debug][gc,phases      ] GC(127)     Total                          Min: 0, Avg: 157.5, Max: 567, Diff: 567, Sum: 630, Workers: 4
[4675.429s][debug][gc,phases      ] GC(127)   ObjectSynchronizer Weak        Min:  0.0, Avg:  0.0, Max:  0.0, Diff:  0.0, Sum:  0.0, Workers: 4
[4675.429s][debug][gc,phases      ] GC(127)     Dead                           Min: 0, Avg:  0.0, Max: 0, Diff: 0, Sum: 0, Workers: 4
[4675.429s][debug][gc,phases      ] GC(127)     Total                          Min: 0, Avg: 10.8, Max: 43, Diff: 43, Sum: 43, Workers: 4
[4675.429s][debug][gc,phases      ] GC(127)   JVMTI Tag Weak OopStorage      Min:  0.0, Avg:  0.0, Max:  0.0, Diff:  0.0, Sum:  0.0, Workers: 4
[4675.429s][debug][gc,phases      ] GC(127)     Dead                           Min: 0, Avg:  0.0, Max: 0, Diff: 0, Sum: 0, Workers: 4
[4675.429s][debug][gc,phases      ] GC(127)     Total                          Min: 0, Avg:  0.0, Max: 0, Diff: 0, Sum: 0, Workers: 4
[4675.429s][debug][gc,phases      ] GC(127)   StringTable Weak               Min:  0.1, Avg:  0.1, Max:  0.1, Diff:  0.0, Sum:  0.4, Workers: 4
[4675.429s][debug][gc,phases      ] GC(127)     Dead                           Min: 0, Avg:  0.0, Max: 0, Diff: 0, Sum: 0, Workers: 4
[4675.429s][debug][gc,phases      ] GC(127)     Total                          Min: 8956, Avg: 10703.0, Max: 11968, Diff: 3012, Sum: 42812, Workers: 4
[4675.429s][debug][gc,phases      ] GC(127)   ResolvedMethodTable Weak       Min:  0.0, Avg:  0.0, Max:  0.0, Diff:  0.0, Sum:  0.1, Workers: 4
[4675.429s][debug][gc,phases      ] GC(127)     Dead                           Min: 0, Avg:  0.0, Max: 0, Diff: 0, Sum: 0, Workers: 4
[4675.429s][debug][gc,phases      ] GC(127)     Total                          Min: 2048, Avg: 2164.8, Max: 2368, Diff: 320, Sum: 8659, Workers: 4
[4675.429s][debug][gc,phases      ] GC(127)   JNI Weak                       Min:  0.0, Avg:  0.0, Max:  0.0, Diff:  0.0, Sum:  0.0, Workers: 4
[4675.429s][debug][gc,phases      ] GC(127)     Dead                           Min: 0, Avg:  0.0, Max: 0, Diff: 0, Sum: 0, Workers: 4
[4675.429s][debug][gc,phases      ] GC(127)     Total                          Min: 0, Avg: 11.2, Max: 45, Diff: 45, Sum: 45, Workers: 4
[4675.429s][debug][gc,phases      ] GC(127)   StringDedup Table Weak         Min:  0.0, Avg:  0.0, Max:  0.0, Diff:  0.0, Sum:  0.0, Workers: 4
[4675.429s][debug][gc,phases      ] GC(127)     Dead                           Min: 0, Avg:  0.0, Max: 0, Diff: 0, Sum: 0, Workers: 4
[4675.429s][debug][gc,phases      ] GC(127)     Total                          Min: 0, Avg:  0.0, Max: 0, Diff: 0, Sum: 0, Workers: 4
[4675.429s][debug][gc,phases      ] GC(127)   StringDedup Requests0 Weak     Min:  0.0, Avg:  0.0, Max:  0.0, Diff:  0.0, Sum:  0.0, Workers: 4
[4675.429s][debug][gc,phases      ] GC(127)     Dead                           Min: 0, Avg:  0.0, Max: 0, Diff: 0, Sum: 0, Workers: 4
[4675.429s][debug][gc,phases      ] GC(127)     Total                          Min: 0, Avg:  0.0, Max: 0, Diff: 0, Sum: 0, Workers: 4
[4675.429s][debug][gc,phases      ] GC(127)   StringDedup Requests1 Weak     Min:  0.0, Avg:  0.0, Max:  0.0, Diff:  0.0, Sum:  0.0, Workers: 4
[4675.429s][debug][gc,phases      ] GC(127)     Dead                           Min: 0, Avg:  0.0, Max: 0, Diff: 0, Sum: 0, Workers: 4
[4675.429s][debug][gc,phases      ] GC(127)     Total                          Min: 0, Avg:  0.0, Max: 0, Diff: 0, Sum: 0, Workers: 4
[4675.429s][debug][gc,phases      ] GC(127)   Weak JFR Old Object Samples    Min:  0.0, Avg:  0.0, Max:  0.0, Diff:  0.0, Sum:  0.0, Workers: 4
[4675.429s][debug][gc,phases      ] GC(127)     Dead                           Min: 0, Avg:  0.0, Max: 0, Diff: 0, Sum: 0, Workers: 4
[4675.429s][debug][gc,phases      ] GC(127)     Total                          Min: 0, Avg:  0.0, Max: 0, Diff: 0, Sum: 0, Workers: 4
[4675.429s][debug][gc,phases      ] GC(127) Weak Processing 0.284ms
[4675.429s][debug][gc,age         ] GC(127) Desired survivor size 133693440 bytes, new threshold 15 (max threshold 15)
[4675.429s][info ][gc,heap        ] GC(127) PSYoungGen: 1854776K(1854976K)->25744K(1966592K) Eden: 1839104K(1839104K)->0K(1835008K) From: 15672K(15872K)->25744K(131584K)
[4675.429s][info ][gc,heap        ] GC(127) ParOldGen: 423985K(552448K)->423985K(552448K)
[4675.429s][info ][gc,metaspace   ] GC(127) Metaspace: 79777K(81024K)->79777K(81024K) NonClass: 68638K(69376K)->68638K(69376K) Class: 11139K(11648K)->11139K(11648K)
[4675.429s][info ][gc             ] GC(127) Pause Young (Allocation Failure) 2225M->439M(2460M) 8.221ms
[4675.429s][info ][gc,cpu         ] GC(127) User=0.03s Sys=0.00s Real=0.01s
[4675.429s][info ][safepoint      ] Safepoint "ParallelGCFailedAllocation", Time since last: 19525308924 ns, Reaching safepoint: 36100 ns, At safepoint: 8281780 ns, Total: 8317880 ns
[4677.429s][info ][safepoint      ] Safepoint "Cleanup", Time since last: 2000138400 ns, Reaching safepoint: 23000 ns, At safepoint: 2000 ns, Total: 25000 ns
[4697.431s][info ][safepoint      ] Safepoint "Cleanup", Time since last: 20001282847 ns, Reaching safepoint: 36000 ns, At safepoint: 3100 ns, Total: 39100 ns
[4711.432s][info ][safepoint      ] Safepoint "Cleanup", Time since last: 14000869126 ns, Reaching safepoint: 39300 ns, At safepoint: 28400 ns, Total: 67700 ns
[4713.432s][info ][safepoint      ] Safepoint "Cleanup", Time since last: 2000130050 ns, Reaching safepoint: 39900 ns, At safepoint: 2000 ns, Total: 41900 ns
[4720.060s][info ][gc,start       ] GC(128) Pause Young (Allocation Failure)
[4720.067s][debug][gc,phases      ] GC(128) Scavenge 6.800ms
[4720.067s][debug][gc,ref         ] GC(128) Skipped phase 1 of Reference Processing: no references
[4720.067s][debug][gc,ref         ] GC(128) ReferenceProcessor::execute queues: 1, RefProcThreadModel::Single, marks_oops_alive: false
[4720.067s][debug][gc,ref         ] GC(128) Skipped phase 3 of Reference Processing: no references
[4720.067s][debug][gc,ref         ] GC(128) ReferenceProcessor::execute queues: 1, RefProcThreadModel::Single, marks_oops_alive: false
[4720.067s][debug][gc,phases      ] GC(128) Reference Processing 0.084ms
[4720.067s][debug][gc,phases      ] GC(128)   VM Weak                        Min:  0.0, Avg:  0.0, Max:  0.0, Diff:  0.0, Sum:  0.0, Workers: 4
[4720.067s][debug][gc,phases      ] GC(128)     Dead                           Min: 0, Avg:  0.0, Max: 0, Diff: 0, Sum: 0, Workers: 4
[4720.067s][debug][gc,phases      ] GC(128)     Total                          Min: 0, Avg: 157.5, Max: 630, Diff: 630, Sum: 630, Workers: 4
[4720.067s][debug][gc,phases      ] GC(128)   ObjectSynchronizer Weak        Min:  0.0, Avg:  0.0, Max:  0.0, Diff:  0.0, Sum:  0.0, Workers: 4
[4720.067s][debug][gc,phases      ] GC(128)     Dead                           Min: 0, Avg:  0.0, Max: 0, Diff: 0, Sum: 0, Workers: 4
[4720.067s][debug][gc,phases      ] GC(128)     Total                          Min: 0, Avg: 10.8, Max: 43, Diff: 43, Sum: 43, Workers: 4
[4720.067s][debug][gc,phases      ] GC(128)   JVMTI Tag Weak OopStorage      Min:  0.0, Avg:  0.0, Max:  0.0, Diff:  0.0, Sum:  0.0, Workers: 4
[4720.067s][debug][gc,phases      ] GC(128)     Dead                           Min: 0, Avg:  0.0, Max: 0, Diff: 0, Sum: 0, Workers: 4
[4720.067s][debug][gc,phases      ] GC(128)     Total                          Min: 0, Avg:  0.0, Max: 0, Diff: 0, Sum: 0, Workers: 4
[4720.067s][debug][gc,phases      ] GC(128)   StringTable Weak               Min:  0.1, Avg:  0.1, Max:  0.1, Diff:  0.0, Sum:  0.4, Workers: 4
[4720.067s][debug][gc,phases      ] GC(128)     Dead                           Min: 0, Avg:  0.0, Max: 0, Diff: 0, Sum: 0, Workers: 4
[4720.067s][debug][gc,phases      ] GC(128)     Total                          Min: 9344, Avg: 10703.0, Max: 12668, Diff: 3324, Sum: 42812, Workers: 4
[4720.067s][debug][gc,phases      ] GC(128)   ResolvedMethodTable Weak       Min:  0.0, Avg:  0.0, Max:  0.0, Diff:  0.0, Sum:  0.1, Workers: 4
[4720.067s][debug][gc,phases      ] GC(128)     Dead                           Min: 0, Avg:  0.0, Max: 0, Diff: 0, Sum: 0, Workers: 4
[4720.067s][debug][gc,phases      ] GC(128)     Total                          Min: 2048, Avg: 2164.8, Max: 2323, Diff: 275, Sum: 8659, Workers: 4
[4720.067s][debug][gc,phases      ] GC(128)   JNI Weak                       Min:  0.0, Avg:  0.0, Max:  0.0, Diff:  0.0, Sum:  0.0, Workers: 4
[4720.067s][debug][gc,phases      ] GC(128)     Dead                           Min: 0, Avg:  0.0, Max: 0, Diff: 0, Sum: 0, Workers: 4
[4720.067s][debug][gc,phases      ] GC(128)     Total                          Min: 0, Avg: 11.2, Max: 45, Diff: 45, Sum: 45, Workers: 4
[4720.067s][debug][gc,phases      ] GC(128)   StringDedup Table Weak         Min:  0.0, Avg:  0.0, Max:  0.0, Diff:  0.0, Sum:  0.0, Workers: 4
[4720.067s][debug][gc,phases      ] GC(128)     Dead                           Min: 0, Avg:  0.0, Max: 0, Diff: 0, Sum: 0, Workers: 4
[4720.067s][debug][gc,phases      ] GC(128)     Total                          Min: 0, Avg:  0.0, Max: 0, Diff: 0, Sum: 0, Workers: 4
[4720.067s][debug][gc,phases      ] GC(128)   StringDedup Requests0 Weak     Min:  0.0, Avg:  0.0, Max:  0.0, Diff:  0.0, Sum:  0.0, Workers: 4
[4720.067s][debug][gc,phases      ] GC(128)     Dead                           Min: 0, Avg:  0.0, Max: 0, Diff: 0, Sum: 0, Workers: 4
[4720.067s][debug][gc,phases      ] GC(128)     Total                          Min: 0, Avg:  0.0, Max: 0, Diff: 0, Sum: 0, Workers: 4
[4720.067s][debug][gc,phases      ] GC(128)   StringDedup Requests1 Weak     Min:  0.0, Avg:  0.0, Max:  0.0, Diff:  0.0, Sum:  0.0, Workers: 4
[4720.067s][debug][gc,phases      ] GC(128)     Dead                           Min: 0, Avg:  0.0, Max: 0, Diff: 0, Sum: 0, Workers: 4
[4720.067s][debug][gc,phases      ] GC(128)     Total                          Min: 0, Avg:  0.0, Max: 0, Diff: 0, Sum: 0, Workers: 4
[4720.067s][debug][gc,phases      ] GC(128)   Weak JFR Old Object Samples    Min:  0.0, Avg:  0.0, Max:  0.0, Diff:  0.0, Sum:  0.0, Workers: 4
[4720.067s][debug][gc,phases      ] GC(128)     Dead                           Min: 0, Avg:  0.0, Max: 0, Diff: 0, Sum: 0, Workers: 4
[4720.068s][debug][gc,phases      ] GC(128)     Total                          Min: 0, Avg:  0.0, Max: 0, Diff: 0, Sum: 0, Workers: 4
[4720.068s][debug][gc,phases      ] GC(128) Weak Processing 0.274ms
[4720.068s][debug][gc,age         ] GC(128) Desired survivor size 132120576 bytes, new threshold 15 (max threshold 15)
[4720.068s][info ][gc,heap        ] GC(128) PSYoungGen: 1860752K(1966592K)->26064K(1965568K) Eden: 1835008K(1835008K)->0K(1835008K) From: 25744K(131584K)->26064K(130560K)
[4720.068s][info ][gc,heap        ] GC(128) ParOldGen: 423985K(552448K)->423985K(552448K)
[4720.068s][info ][gc,metaspace   ] GC(128) Metaspace: 79782K(81024K)->79782K(81024K) NonClass: 68643K(69376K)->68643K(69376K) Class: 11139K(11648K)->11139K(11648K)
[4720.068s][info ][gc             ] GC(128) Pause Young (Allocation Failure) 2231M->439M(2459M) 7.244ms
[4720.068s][info ][gc,cpu         ] GC(128) User=0.02s Sys=0.00s Real=0.01s
[4720.068s][info ][safepoint      ] Safepoint "ParallelGCFailedAllocation", Time since last: 6628269277 ns, Reaching safepoint: 105799 ns, At safepoint: 7307582 ns, Total: 7413381 ns
[4745.069s][info ][safepoint      ] Safepoint "Cleanup", Time since last: 25001471193 ns, Reaching safepoint: 36400 ns, At safepoint: 2300 ns, Total: 38700 ns
[4746.069s][info ][safepoint      ] Safepoint "Cleanup", Time since last: 1000097903 ns, Reaching safepoint: 37400 ns, At safepoint: 2100 ns, Total: 39500 ns
[4769.692s][info ][safepoint      ] Safepoint "ParallelGCFailedAllocation", Time since last: 23622690244 ns, Reaching safepoint: 24000 ns, At safepoint: 7300 ns, Total: 31300 ns
[4769.693s][info ][gc,start       ] GC(129) Pause Young (GCLocker Initiated GC)
[4769.700s][debug][gc,phases      ] GC(129) Scavenge 7.144ms
[4769.700s][debug][gc,ref         ] GC(129) Skipped phase 1 of Reference Processing: no references
[4769.700s][debug][gc,ref         ] GC(129) ReferenceProcessor::execute queues: 1, RefProcThreadModel::Single, marks_oops_alive: false
[4769.700s][debug][gc,ref         ] GC(129) Skipped phase 3 of Reference Processing: no references
[4769.700s][debug][gc,ref         ] GC(129) ReferenceProcessor::execute queues: 1, RefProcThreadModel::Single, marks_oops_alive: false
[4769.700s][debug][gc,phases      ] GC(129) Reference Processing 0.088ms
[4769.700s][debug][gc,phases      ] GC(129)   VM Weak                        Min:  0.0, Avg:  0.0, Max:  0.0, Diff:  0.0, Sum:  0.0, Workers: 4
[4769.700s][debug][gc,phases      ] GC(129)     Dead                           Min: 0, Avg:  0.0, Max: 0, Diff: 0, Sum: 0, Workers: 4
[4769.700s][debug][gc,phases      ] GC(129)     Total                          Min: 0, Avg: 157.5, Max: 630, Diff: 630, Sum: 630, Workers: 4
[4769.700s][debug][gc,phases      ] GC(129)   ObjectSynchronizer Weak        Min:  0.0, Avg:  0.0, Max:  0.0, Diff:  0.0, Sum:  0.0, Workers: 4
[4769.700s][debug][gc,phases      ] GC(129)     Dead                           Min: 0, Avg:  0.0, Max: 0, Diff: 0, Sum: 0, Workers: 4
[4769.700s][debug][gc,phases      ] GC(129)     Total                          Min: 0, Avg: 10.8, Max: 43, Diff: 43, Sum: 43, Workers: 4
[4769.700s][debug][gc,phases      ] GC(129)   JVMTI Tag Weak OopStorage      Min:  0.0, Avg:  0.0, Max:  0.0, Diff:  0.0, Sum:  0.0, Workers: 4
[4769.700s][debug][gc,phases      ] GC(129)     Dead                           Min: 0, Avg:  0.0, Max: 0, Diff: 0, Sum: 0, Workers: 4
[4769.700s][debug][gc,phases      ] GC(129)     Total                          Min: 0, Avg:  0.0, Max: 0, Diff: 0, Sum: 0, Workers: 4
[4769.700s][debug][gc,phases      ] GC(129)   StringTable Weak               Min:  0.0, Avg:  0.1, Max:  0.1, Diff:  0.1, Sum:  0.4, Workers: 4
[4769.700s][debug][gc,phases      ] GC(129)     Dead                           Min: 0, Avg:  0.0, Max: 0, Diff: 0, Sum: 0, Workers: 4
[4769.700s][debug][gc,phases      ] GC(129)     Total                          Min: 0, Avg: 10703.0, Max: 14528, Diff: 14528, Sum: 42812, Workers: 4
[4769.700s][debug][gc,phases      ] GC(129)   ResolvedMethodTable Weak       Min:  0.0, Avg:  0.0, Max:  0.0, Diff:  0.0, Sum:  0.1, Workers: 4
[4769.700s][debug][gc,phases      ] GC(129)     Dead                           Min: 0, Avg:  0.0, Max: 0, Diff: 0, Sum: 0, Workers: 4
[4769.700s][debug][gc,phases      ] GC(129)     Total                          Min: 0, Avg: 2164.8, Max: 3008, Diff: 3008, Sum: 8659, Workers: 4
[4769.700s][debug][gc,phases      ] GC(129)   JNI Weak                       Min:  0.0, Avg:  0.0, Max:  0.0, Diff:  0.0, Sum:  0.0, Workers: 4
[4769.700s][debug][gc,phases      ] GC(129)     Dead                           Min: 0, Avg:  0.0, Max: 0, Diff: 0, Sum: 0, Workers: 4
[4769.700s][debug][gc,phases      ] GC(129)     Total                          Min: 0, Avg: 11.2, Max: 45, Diff: 45, Sum: 45, Workers: 4
[4769.700s][debug][gc,phases      ] GC(129)   StringDedup Table Weak         Min:  0.0, Avg:  0.0, Max:  0.0, Diff:  0.0, Sum:  0.0, Workers: 4
[4769.700s][debug][gc,phases      ] GC(129)     Dead                           Min: 0, Avg:  0.0, Max: 0, Diff: 0, Sum: 0, Workers: 4
[4769.700s][debug][gc,phases      ] GC(129)     Total                          Min: 0, Avg:  0.0, Max: 0, Diff: 0, Sum: 0, Workers: 4
[4769.700s][debug][gc,phases      ] GC(129)   StringDedup Requests0 Weak     Min:  0.0, Avg:  0.0, Max:  0.0, Diff:  0.0, Sum:  0.0, Workers: 4
[4769.700s][debug][gc,phases      ] GC(129)     Dead                           Min: 0, Avg:  0.0, Max: 0, Diff: 0, Sum: 0, Workers: 4
[4769.700s][debug][gc,phases      ] GC(129)     Total                          Min: 0, Avg:  0.0, Max: 0, Diff: 0, Sum: 0, Workers: 4
[4769.700s][debug][gc,phases      ] GC(129)   StringDedup Requests1 Weak     Min:  0.0, Avg:  0.0, Max:  0.0, Diff:  0.0, Sum:  0.0, Workers: 4
[4769.701s][debug][gc,phases      ] GC(129)     Dead                           Min: 0, Avg:  0.0, Max: 0, Diff: 0, Sum: 0, Workers: 4
[4769.701s][debug][gc,phases      ] GC(129)     Total                          Min: 0, Avg:  0.0, Max: 0, Diff: 0, Sum: 0, Workers: 4
[4769.701s][debug][gc,phases      ] GC(129)   Weak JFR Old Object Samples    Min:  0.0, Avg:  0.0, Max:  0.0, Diff:  0.0, Sum:  0.0, Workers: 4
[4769.701s][debug][gc,phases      ] GC(129)     Dead                           Min: 0, Avg:  0.0, Max: 0, Diff: 0, Sum: 0, Workers: 4
[4769.701s][debug][gc,phases      ] GC(129)     Total                          Min: 0, Avg:  0.0, Max: 0, Diff: 0, Sum: 0, Workers: 4
[4769.701s][debug][gc,phases      ] GC(129) Weak Processing 0.336ms
[4769.701s][debug][gc,age         ] GC(129) Desired survivor size 129499136 bytes, new threshold 15 (max threshold 15)
[4769.701s][info ][gc,heap        ] GC(129) PSYoungGen: 1861072K(1965568K)->25237K(1970688K) Eden: 1835008K(1835008K)->0K(1841664K) From: 26064K(130560K)->25237K(129024K)
[4769.701s][info ][gc,heap        ] GC(129) ParOldGen: 424104K(552448K)->424104K(552448K)
[4769.701s][info ][gc,metaspace   ] GC(129) Metaspace: 79782K(81024K)->79782K(81024K) NonClass: 68643K(69376K)->68643K(69376K) Class: 11139K(11648K)->11139K(11648K)
[4769.701s][info ][gc             ] GC(129) Pause Young (GCLocker Initiated GC) 2231M->438M(2464M) 7.639ms
[4769.701s][info ][gc,cpu         ] GC(129) User=0.03s Sys=0.00s Real=0.01s
[4769.701s][info ][safepoint      ] Safepoint "ParallelGCSystemGC", Time since last: 904798 ns, Reaching safepoint: 44100 ns, At safepoint: 7693681 ns, Total: 7737781 ns
[4774.701s][info ][safepoint      ] Safepoint "Cleanup", Time since last: 5000342734 ns, Reaching safepoint: 45100 ns, At safepoint: 2500 ns, Total: 47600 ns
[4803.703s][info ][safepoint      ] Safepoint "Cleanup", Time since last: 29001876030 ns, Reaching safepoint: 37700 ns, At safepoint: 4400 ns, Total: 42100 ns
[4808.703s][info ][safepoint      ] Safepoint "Cleanup", Time since last: 5000374636 ns, Reaching safepoint: 42799 ns, At safepoint: 15800 ns, Total: 58599 ns
[4812.704s][info ][safepoint      ] Safepoint "Cleanup", Time since last: 4000255959 ns, Reaching safepoint: 39400 ns, At safepoint: 3700 ns, Total: 43100 ns
[4816.658s][info ][gc,start       ] GC(130) Pause Young (Allocation Failure)
[4816.665s][debug][gc,phases      ] GC(130) Scavenge 6.816ms
[4816.665s][debug][gc,ref         ] GC(130) Skipped phase 1 of Reference Processing: no references
[4816.665s][debug][gc,ref         ] GC(130) ReferenceProcessor::execute queues: 1, RefProcThreadModel::Single, marks_oops_alive: false
[4816.665s][debug][gc,ref         ] GC(130) Skipped phase 3 of Reference Processing: no references
[4816.665s][debug][gc,ref         ] GC(130) ReferenceProcessor::execute queues: 1, RefProcThreadModel::Single, marks_oops_alive: false
[4816.665s][debug][gc,phases      ] GC(130) Reference Processing 0.090ms
[4816.665s][debug][gc,phases      ] GC(130)   VM Weak                        Min:  0.0, Avg:  0.0, Max:  0.0, Diff:  0.0, Sum:  0.0, Workers: 4
[4816.665s][debug][gc,phases      ] GC(130)     Dead                           Min: 0, Avg:  0.0, Max: 0, Diff: 0, Sum: 0, Workers: 4
[4816.665s][debug][gc,phases      ] GC(130)     Total                          Min: 0, Avg: 157.5, Max: 403, Diff: 403, Sum: 630, Workers: 4
[4816.665s][debug][gc,phases      ] GC(130)   ObjectSynchronizer Weak        Min:  0.0, Avg:  0.0, Max:  0.0, Diff:  0.0, Sum:  0.0, Workers: 4
[4816.665s][debug][gc,phases      ] GC(130)     Dead                           Min: 0, Avg:  0.0, Max: 0, Diff: 0, Sum: 0, Workers: 4
[4816.665s][debug][gc,phases      ] GC(130)     Total                          Min: 0, Avg: 10.8, Max: 43, Diff: 43, Sum: 43, Workers: 4
[4816.665s][debug][gc,phases      ] GC(130)   JVMTI Tag Weak OopStorage      Min:  0.0, Avg:  0.0, Max:  0.0, Diff:  0.0, Sum:  0.0, Workers: 4
[4816.665s][debug][gc,phases      ] GC(130)     Dead                           Min: 0, Avg:  0.0, Max: 0, Diff: 0, Sum: 0, Workers: 4
[4816.665s][debug][gc,phases      ] GC(130)     Total                          Min: 0, Avg:  0.0, Max: 0, Diff: 0, Sum: 0, Workers: 4
[4816.665s][debug][gc,phases      ] GC(130)   StringTable Weak               Min:  0.1, Avg:  0.1, Max:  0.1, Diff:  0.0, Sum:  0.4, Workers: 4
[4816.665s][debug][gc,phases      ] GC(130)     Dead                           Min: 0, Avg:  0.0, Max: 0, Diff: 0, Sum: 0, Workers: 4
[4816.665s][debug][gc,phases      ] GC(130)     Total                          Min: 10240, Avg: 10703.0, Max: 11004, Diff: 764, Sum: 42812, Workers: 4
[4816.665s][debug][gc,phases      ] GC(130)   ResolvedMethodTable Weak       Min:  0.0, Avg:  0.0, Max:  0.0, Diff:  0.0, Sum:  0.1, Workers: 4
[4816.665s][debug][gc,phases      ] GC(130)     Dead                           Min: 0, Avg:  0.0, Max: 0, Diff: 0, Sum: 0, Workers: 4
[4816.665s][debug][gc,phases      ] GC(130)     Total                          Min: 2112, Avg: 2164.8, Max: 2195, Diff: 83, Sum: 8659, Workers: 4
[4816.665s][debug][gc,phases      ] GC(130)   JNI Weak                       Min:  0.0, Avg:  0.0, Max:  0.0, Diff:  0.0, Sum:  0.0, Workers: 4
[4816.665s][debug][gc,phases      ] GC(130)     Dead                           Min: 0, Avg:  0.0, Max: 0, Diff: 0, Sum: 0, Workers: 4
[4816.665s][debug][gc,phases      ] GC(130)     Total                          Min: 0, Avg: 11.2, Max: 45, Diff: 45, Sum: 45, Workers: 4
[4816.665s][debug][gc,phases      ] GC(130)   StringDedup Table Weak         Min:  0.0, Avg:  0.0, Max:  0.0, Diff:  0.0, Sum:  0.0, Workers: 4
[4816.665s][debug][gc,phases      ] GC(130)     Dead                           Min: 0, Avg:  0.0, Max: 0, Diff: 0, Sum: 0, Workers: 4
[4816.665s][debug][gc,phases      ] GC(130)     Total                          Min: 0, Avg:  0.0, Max: 0, Diff: 0, Sum: 0, Workers: 4
[4816.665s][debug][gc,phases      ] GC(130)   StringDedup Requests0 Weak     Min:  0.0, Avg:  0.0, Max:  0.0, Diff:  0.0, Sum:  0.0, Workers: 4
[4816.665s][debug][gc,phases      ] GC(130)     Dead                           Min: 0, Avg:  0.0, Max: 0, Diff: 0, Sum: 0, Workers: 4
[4816.665s][debug][gc,phases      ] GC(130)     Total                          Min: 0, Avg:  0.0, Max: 0, Diff: 0, Sum: 0, Workers: 4
[4816.665s][debug][gc,phases      ] GC(130)   StringDedup Requests1 Weak     Min:  0.0, Avg:  0.0, Max:  0.0, Diff:  0.0, Sum:  0.0, Workers: 4
[4816.665s][debug][gc,phases      ] GC(130)     Dead                           Min: 0, Avg:  0.0, Max: 0, Diff: 0, Sum: 0, Workers: 4
[4816.665s][debug][gc,phases      ] GC(130)     Total                          Min: 0, Avg:  0.0, Max: 0, Diff: 0, Sum: 0, Workers: 4
[4816.665s][debug][gc,phases      ] GC(130)   Weak JFR Old Object Samples    Min:  0.0, Avg:  0.0, Max:  0.0, Diff:  0.0, Sum:  0.0, Workers: 4
[4816.665s][debug][gc,phases      ] GC(130)     Dead                           Min: 0, Avg:  0.0, Max: 0, Diff: 0, Sum: 0, Workers: 4
[4816.665s][debug][gc,phases      ] GC(130)     Total                          Min: 0, Avg:  0.0, Max: 0, Diff: 0, Sum: 0, Workers: 4
[4816.665s][debug][gc,phases      ] GC(130) Weak Processing 0.287ms
[4816.665s][debug][gc,age         ] GC(130) Desired survivor size 126877696 bytes, new threshold 15 (max threshold 15)
[4816.665s][info ][gc,heap        ] GC(130) PSYoungGen: 1866901K(1970688K)->25104K(1968128K) Eden: 1841664K(1841664K)->0K(1841664K) From: 25237K(129024K)->25104K(126464K)
[4816.665s][info ][gc,heap        ] GC(130) ParOldGen: 424106K(552448K)->424106K(552448K)
[4816.665s][info ][gc,metaspace   ] GC(130) Metaspace: 79793K(81024K)->79793K(81024K) NonClass: 68654K(69376K)->68654K(69376K) Class: 11139K(11648K)->11139K(11648K)
[4816.665s][info ][gc             ] GC(130) Pause Young (Allocation Failure) 2237M->438M(2461M) 7.284ms
[4816.665s][info ][gc,cpu         ] GC(130) User=0.03s Sys=0.00s Real=0.01s
[4816.666s][info ][safepoint      ] Safepoint "ParallelGCFailedAllocation", Time since last: 3954510066 ns, Reaching safepoint: 27099 ns, At safepoint: 7346682 ns, Total: 7373781 ns
[4822.666s][info ][safepoint      ] Safepoint "Cleanup", Time since last: 6000352058 ns, Reaching safepoint: 102700 ns, At safepoint: 4000 ns, Total: 106700 ns
[4825.666s][info ][safepoint      ] Safepoint "Cleanup", Time since last: 3000234671 ns, Reaching safepoint: 130100 ns, At safepoint: 6000 ns, Total: 136100 ns
[4826.666s][info ][safepoint      ] Safepoint "Cleanup", Time since last: 1000098756 ns, Reaching safepoint: 41400 ns, At safepoint: 2600 ns, Total: 44000 ns
[4830.667s][info ][safepoint      ] Safepoint "Cleanup", Time since last: 4000293119 ns, Reaching safepoint: 42600 ns, At safepoint: 3800 ns, Total: 46400 ns
[4842.668s][info ][safepoint      ] Safepoint "Cleanup", Time since last: 12000798406 ns, Reaching safepoint: 39100 ns, At safepoint: 7300 ns, Total: 46400 ns
[4844.668s][info ][safepoint      ] Safepoint "Cleanup", Time since last: 2000170793 ns, Reaching safepoint: 25500 ns, At safepoint: 2600 ns, Total: 28100 ns
[4849.668s][info ][safepoint      ] Safepoint "Cleanup", Time since last: 5000335125 ns, Reaching safepoint: 36800 ns, At safepoint: 3300 ns, Total: 40100 ns
[4851.668s][info ][safepoint      ] Safepoint "Cleanup", Time since last: 2000138887 ns, Reaching safepoint: 53099 ns, At safepoint: 2600 ns, Total: 55699 ns
[4865.669s][info ][safepoint      ] Safepoint "Cleanup", Time since last: 14000864448 ns, Reaching safepoint: 32600 ns, At safepoint: 22600 ns, Total: 55200 ns
[4870.557s][info ][gc,start       ] GC(131) Pause Young (Allocation Failure)
[4870.564s][debug][gc,phases      ] GC(131) Scavenge 7.333ms
[4870.564s][debug][gc,ref         ] GC(131) Skipped phase 1 of Reference Processing: no references
[4870.564s][debug][gc,ref         ] GC(131) ReferenceProcessor::execute queues: 1, RefProcThreadModel::Single, marks_oops_alive: false
[4870.564s][debug][gc,ref         ] GC(131) Skipped phase 3 of Reference Processing: no references
[4870.564s][debug][gc,ref         ] GC(131) ReferenceProcessor::execute queues: 1, RefProcThreadModel::Single, marks_oops_alive: false
[4870.564s][debug][gc,phases      ] GC(131) Reference Processing 0.086ms
[4870.564s][debug][gc,phases      ] GC(131)   VM Weak                        Min:  0.0, Avg:  0.0, Max:  0.0, Diff:  0.0, Sum:  0.0, Workers: 4
[4870.564s][debug][gc,phases      ] GC(131)     Dead                           Min: 0, Avg:  0.0, Max: 0, Diff: 0, Sum: 0, Workers: 4
[4870.564s][debug][gc,phases      ] GC(131)     Total                          Min: 0, Avg: 157.5, Max: 630, Diff: 630, Sum: 630, Workers: 4
[4870.564s][debug][gc,phases      ] GC(131)   ObjectSynchronizer Weak        Min:  0.0, Avg:  0.0, Max:  0.0, Diff:  0.0, Sum:  0.0, Workers: 4
[4870.564s][debug][gc,phases      ] GC(131)     Dead                           Min: 0, Avg:  0.0, Max: 0, Diff: 0, Sum: 0, Workers: 4
[4870.564s][debug][gc,phases      ] GC(131)     Total                          Min: 0, Avg: 11.2, Max: 45, Diff: 45, Sum: 45, Workers: 4
[4870.564s][debug][gc,phases      ] GC(131)   JVMTI Tag Weak OopStorage      Min:  0.0, Avg:  0.0, Max:  0.0, Diff:  0.0, Sum:  0.0, Workers: 4
[4870.564s][debug][gc,phases      ] GC(131)     Dead                           Min: 0, Avg:  0.0, Max: 0, Diff: 0, Sum: 0, Workers: 4
[4870.564s][debug][gc,phases      ] GC(131)     Total                          Min: 0, Avg:  0.0, Max: 0, Diff: 0, Sum: 0, Workers: 4
[4870.564s][debug][gc,phases      ] GC(131)   StringTable Weak               Min:  0.1, Avg:  0.1, Max:  0.1, Diff:  0.0, Sum:  0.4, Workers: 4
[4870.564s][debug][gc,phases      ] GC(131)     Dead                           Min: 0, Avg:  0.0, Max: 0, Diff: 0, Sum: 0, Workers: 4
[4870.564s][debug][gc,phases      ] GC(131)     Total                          Min: 9664, Avg: 10703.5, Max: 11520, Diff: 1856, Sum: 42814, Workers: 4
[4870.564s][debug][gc,phases      ] GC(131)   ResolvedMethodTable Weak       Min:  0.0, Avg:  0.0, Max:  0.0, Diff:  0.0, Sum:  0.1, Workers: 4
[4870.564s][debug][gc,phases      ] GC(131)     Dead                           Min: 0, Avg:  0.0, Max: 0, Diff: 0, Sum: 0, Workers: 4
[4870.564s][debug][gc,phases      ] GC(131)     Total                          Min: 2112, Avg: 2164.8, Max: 2195, Diff: 83, Sum: 8659, Workers: 4
[4870.564s][debug][gc,phases      ] GC(131)   JNI Weak                       Min:  0.0, Avg:  0.0, Max:  0.0, Diff:  0.0, Sum:  0.0, Workers: 4
[4870.564s][debug][gc,phases      ] GC(131)     Dead                           Min: 0, Avg:  0.0, Max: 0, Diff: 0, Sum: 0, Workers: 4
[4870.564s][debug][gc,phases      ] GC(131)     Total                          Min: 0, Avg: 11.2, Max: 45, Diff: 45, Sum: 45, Workers: 4
[4870.564s][debug][gc,phases      ] GC(131)   StringDedup Table Weak         Min:  0.0, Avg:  0.0, Max:  0.0, Diff:  0.0, Sum:  0.0, Workers: 4
[4870.564s][debug][gc,phases      ] GC(131)     Dead                           Min: 0, Avg:  0.0, Max: 0, Diff: 0, Sum: 0, Workers: 4
[4870.564s][debug][gc,phases      ] GC(131)     Total                          Min: 0, Avg:  0.0, Max: 0, Diff: 0, Sum: 0, Workers: 4
[4870.564s][debug][gc,phases      ] GC(131)   StringDedup Requests0 Weak     Min:  0.0, Avg:  0.0, Max:  0.0, Diff:  0.0, Sum:  0.0, Workers: 4
[4870.564s][debug][gc,phases      ] GC(131)     Dead                           Min: 0, Avg:  0.0, Max: 0, Diff: 0, Sum: 0, Workers: 4
[4870.564s][debug][gc,phases      ] GC(131)     Total                          Min: 0, Avg:  0.0, Max: 0, Diff: 0, Sum: 0, Workers: 4
[4870.564s][debug][gc,phases      ] GC(131)   StringDedup Requests1 Weak     Min:  0.0, Avg:  0.0, Max:  0.0, Diff:  0.0, Sum:  0.0, Workers: 4
[4870.564s][debug][gc,phases      ] GC(131)     Dead                           Min: 0, Avg:  0.0, Max: 0, Diff: 0, Sum: 0, Workers: 4
[4870.564s][debug][gc,phases      ] GC(131)     Total                          Min: 0, Avg:  0.0, Max: 0, Diff: 0, Sum: 0, Workers: 4
[4870.564s][debug][gc,phases      ] GC(131)   Weak JFR Old Object Samples    Min:  0.0, Avg:  0.0, Max:  0.0, Diff:  0.0, Sum:  0.0, Workers: 4
[4870.564s][debug][gc,phases      ] GC(131)     Dead                           Min: 0, Avg:  0.0, Max: 0, Diff: 0, Sum: 0, Workers: 4
[4870.564s][debug][gc,phases      ] GC(131)     Total                          Min: 0, Avg:  0.0, Max: 0, Diff: 0, Sum: 0, Workers: 4
[4870.564s][debug][gc,phases      ] GC(131) Weak Processing 0.282ms
[4870.564s][debug][gc,age         ] GC(131) Desired survivor size 123207680 bytes, new threshold 15 (max threshold 15)
[4870.564s][info ][gc,heap        ] GC(131) PSYoungGen: 1866768K(1968128K)->25098K(1976832K) Eden: 1841664K(1841664K)->0K(1852928K) From: 25104K(126464K)->25098K(123904K)
[4870.564s][info ][gc,heap        ] GC(131) ParOldGen: 424106K(552448K)->424106K(552448K)
[4870.564s][info ][gc,metaspace   ] GC(131) Metaspace: 79813K(81024K)->79813K(81024K) NonClass: 68672K(69376K)->68672K(69376K) Class: 11140K(11648K)->11140K(11648K)
[4870.564s][info ][gc             ] GC(131) Pause Young (Allocation Failure) 2237M->438M(2470M) 7.794ms
[4870.564s][info ][gc,cpu         ] GC(131) User=0.03s Sys=0.00s Real=0.01s
[4870.564s][info ][safepoint      ] Safepoint "ParallelGCFailedAllocation", Time since last: 4887041763 ns, Reaching safepoint: 98399 ns, At safepoint: 7862980 ns, Total: 7961379 ns
[4881.565s][info ][safepoint      ] Safepoint "Cleanup", Time since last: 11000675835 ns, Reaching safepoint: 24400 ns, At safepoint: 2200 ns, Total: 26600 ns
[4886.565s][info ][safepoint      ] Safepoint "Cleanup", Time since last: 5000329733 ns, Reaching safepoint: 54899 ns, At safepoint: 4600 ns, Total: 59499 ns
[4887.566s][info ][safepoint      ] Safepoint "Cleanup", Time since last: 1000104625 ns, Reaching safepoint: 39000 ns, At safepoint: 3800 ns, Total: 42800 ns
[4898.566s][info ][safepoint      ] Safepoint "Cleanup", Time since last: 11000653445 ns, Reaching safepoint: 37000 ns, At safepoint: 2700 ns, Total: 39700 ns
[4906.567s][info ][safepoint      ] Safepoint "Cleanup", Time since last: 8000498142 ns, Reaching safepoint: 34100 ns, At safepoint: 3200 ns, Total: 37300 ns
[4921.568s][info ][safepoint      ] Safepoint "Cleanup", Time since last: 15000946487 ns, Reaching safepoint: 28600 ns, At safepoint: 2600 ns, Total: 31200 ns
[4922.568s][info ][safepoint      ] Safepoint "Cleanup", Time since last: 1000102709 ns, Reaching safepoint: 38700 ns, At safepoint: 2700 ns, Total: 41400 ns
[4923.568s][info ][safepoint      ] Safepoint "Cleanup", Time since last: 1000106008 ns, Reaching safepoint: 26600 ns, At safepoint: 2300 ns, Total: 28900 ns
[4931.812s][info ][gc,start       ] GC(132) Pause Young (Allocation Failure)
[4931.818s][debug][gc,phases      ] GC(132) Scavenge 6.241ms
[4931.818s][debug][gc,ref         ] GC(132) Skipped phase 1 of Reference Processing: no references
[4931.818s][debug][gc,ref         ] GC(132) ReferenceProcessor::execute queues: 1, RefProcThreadModel::Single, marks_oops_alive: false
[4931.818s][debug][gc,ref         ] GC(132) Skipped phase 3 of Reference Processing: no references
[4931.818s][debug][gc,ref         ] GC(132) ReferenceProcessor::execute queues: 1, RefProcThreadModel::Single, marks_oops_alive: false
[4931.818s][debug][gc,phases      ] GC(132) Reference Processing 0.082ms
[4931.818s][debug][gc,phases      ] GC(132)   VM Weak                        Min:  0.0, Avg:  0.0, Max:  0.0, Diff:  0.0, Sum:  0.0, Workers: 4
[4931.819s][debug][gc,phases      ] GC(132)     Dead                           Min: 0, Avg:  0.0, Max: 0, Diff: 0, Sum: 0, Workers: 4
[4931.819s][debug][gc,phases      ] GC(132)     Total                          Min: 0, Avg: 157.5, Max: 567, Diff: 567, Sum: 630, Workers: 4
[4931.819s][debug][gc,phases      ] GC(132)   ObjectSynchronizer Weak        Min:  0.0, Avg:  0.0, Max:  0.0, Diff:  0.0, Sum:  0.0, Workers: 4
[4931.819s][debug][gc,phases      ] GC(132)     Dead                           Min: 0, Avg:  0.0, Max: 0, Diff: 0, Sum: 0, Workers: 4
[4931.819s][debug][gc,phases      ] GC(132)     Total                          Min: 0, Avg: 11.2, Max: 45, Diff: 45, Sum: 45, Workers: 4
[4931.819s][debug][gc,phases      ] GC(132)   JVMTI Tag Weak OopStorage      Min:  0.0, Avg:  0.0, Max:  0.0, Diff:  0.0, Sum:  0.0, Workers: 4
[4931.819s][debug][gc,phases      ] GC(132)     Dead                           Min: 0, Avg:  0.0, Max: 0, Diff: 0, Sum: 0, Workers: 4
[4931.819s][debug][gc,phases      ] GC(132)     Total                          Min: 0, Avg:  0.0, Max: 0, Diff: 0, Sum: 0, Workers: 4
[4931.819s][debug][gc,phases      ] GC(132)   StringTable Weak               Min:  0.1, Avg:  0.1, Max:  0.1, Diff:  0.0, Sum:  0.3, Workers: 4
[4931.819s][debug][gc,phases      ] GC(132)     Dead                           Min: 0, Avg:  0.0, Max: 0, Diff: 0, Sum: 0, Workers: 4
[4931.819s][debug][gc,phases      ] GC(132)     Total                          Min: 9607, Avg: 10705.8, Max: 11648, Diff: 2041, Sum: 42823, Workers: 4
[4931.819s][debug][gc,phases      ] GC(132)   ResolvedMethodTable Weak       Min:  0.0, Avg:  0.0, Max:  0.0, Diff:  0.0, Sum:  0.1, Workers: 4
[4931.819s][debug][gc,phases      ] GC(132)     Dead                           Min: 0, Avg:  0.0, Max: 0, Diff: 0, Sum: 0, Workers: 4
[4931.819s][debug][gc,phases      ] GC(132)     Total                          Min: 1920, Avg: 2164.8, Max: 2368, Diff: 448, Sum: 8659, Workers: 4
[4931.819s][debug][gc,phases      ] GC(132)   JNI Weak                       Min:  0.0, Avg:  0.0, Max:  0.0, Diff:  0.0, Sum:  0.0, Workers: 4
[4931.819s][debug][gc,phases      ] GC(132)     Dead                           Min: 0, Avg:  0.0, Max: 0, Diff: 0, Sum: 0, Workers: 4
[4931.819s][debug][gc,phases      ] GC(132)     Total                          Min: 0, Avg: 11.2, Max: 45, Diff: 45, Sum: 45, Workers: 4
[4931.819s][debug][gc,phases      ] GC(132)   StringDedup Table Weak         Min:  0.0, Avg:  0.0, Max:  0.0, Diff:  0.0, Sum:  0.0, Workers: 4
[4931.819s][debug][gc,phases      ] GC(132)     Dead                           Min: 0, Avg:  0.0, Max: 0, Diff: 0, Sum: 0, Workers: 4
[4931.819s][debug][gc,phases      ] GC(132)     Total                          Min: 0, Avg:  0.0, Max: 0, Diff: 0, Sum: 0, Workers: 4
[4931.819s][debug][gc,phases      ] GC(132)   StringDedup Requests0 Weak     Min:  0.0, Avg:  0.0, Max:  0.0, Diff:  0.0, Sum:  0.0, Workers: 4
[4931.819s][debug][gc,phases      ] GC(132)     Dead                           Min: 0, Avg:  0.0, Max: 0, Diff: 0, Sum: 0, Workers: 4
[4931.819s][debug][gc,phases      ] GC(132)     Total                          Min: 0, Avg:  0.0, Max: 0, Diff: 0, Sum: 0, Workers: 4
[4931.819s][debug][gc,phases      ] GC(132)   StringDedup Requests1 Weak     Min:  0.0, Avg:  0.0, Max:  0.0, Diff:  0.0, Sum:  0.0, Workers: 4
[4931.819s][debug][gc,phases      ] GC(132)     Dead                           Min: 0, Avg:  0.0, Max: 0, Diff: 0, Sum: 0, Workers: 4
[4931.819s][debug][gc,phases      ] GC(132)     Total                          Min: 0, Avg:  0.0, Max: 0, Diff: 0, Sum: 0, Workers: 4
[4931.819s][debug][gc,phases      ] GC(132)   Weak JFR Old Object Samples    Min:  0.0, Avg:  0.0, Max:  0.0, Diff:  0.0, Sum:  0.0, Workers: 4
[4931.819s][debug][gc,phases      ] GC(132)     Dead                           Min: 0, Avg:  0.0, Max: 0, Diff: 0, Sum: 0, Workers: 4
[4931.819s][debug][gc,phases      ] GC(132)     Total                          Min: 0, Avg:  0.0, Max: 0, Diff: 0, Sum: 0, Workers: 4
[4931.819s][debug][gc,phases      ] GC(132) Weak Processing 0.265ms
[4931.819s][debug][gc,age         ] GC(132) Desired survivor size 120061952 bytes, new threshold 15 (max threshold 15)
[4931.819s][info ][gc,heap        ] GC(132) PSYoungGen: 1878026K(1976832K)->24432K(1973248K) Eden: 1852928K(1852928K)->0K(1852928K) From: 25098K(123904K)->24432K(120320K)
[4931.819s][info ][gc,heap        ] GC(132) ParOldGen: 424106K(552448K)->424106K(552448K)
[4931.819s][info ][gc,metaspace   ] GC(132) Metaspace: 79834K(81024K)->79834K(81024K) NonClass: 68690K(69376K)->68690K(69376K) Class: 11143K(11648K)->11143K(11648K)
[4931.819s][info ][gc             ] GC(132) Pause Young (Allocation Failure) 2248M->438M(2466M) 6.698ms
[4931.819s][info ][gc,cpu         ] GC(132) User=0.03s Sys=0.00s Real=0.01s
[4931.819s][info ][safepoint      ] Safepoint "ParallelGCFailedAllocation", Time since last: 8243801820 ns, Reaching safepoint: 25400 ns, At safepoint: 6780482 ns, Total: 6805882 ns
[4936.819s][info ][safepoint      ] Safepoint "Cleanup", Time since last: 5000320518 ns, Reaching safepoint: 42899 ns, At safepoint: 2000 ns, Total: 44899 ns
[4987.768s][info ][gc,start       ] GC(133) Pause Young (Allocation Failure)
[4987.774s][debug][gc,phases      ] GC(133) Scavenge 6.864ms
[4987.774s][debug][gc,ref         ] GC(133) Skipped phase 1 of Reference Processing: no references
[4987.775s][debug][gc,ref         ] GC(133) ReferenceProcessor::execute queues: 1, RefProcThreadModel::Single, marks_oops_alive: false
[4987.775s][debug][gc,ref         ] GC(133) Skipped phase 3 of Reference Processing: no references
[4987.775s][debug][gc,ref         ] GC(133) ReferenceProcessor::execute queues: 1, RefProcThreadModel::Single, marks_oops_alive: false
[4987.775s][debug][gc,phases      ] GC(133) Reference Processing 0.088ms
[4987.775s][debug][gc,phases      ] GC(133)   VM Weak                        Min:  0.0, Avg:  0.0, Max:  0.0, Diff:  0.0, Sum:  0.0, Workers: 4
[4987.775s][debug][gc,phases      ] GC(133)     Dead                           Min: 0, Avg:  0.0, Max: 0, Diff: 0, Sum: 0, Workers: 4
[4987.775s][debug][gc,phases      ] GC(133)     Total                          Min: 0, Avg: 157.5, Max: 630, Diff: 630, Sum: 630, Workers: 4
[4987.775s][debug][gc,phases      ] GC(133)   ObjectSynchronizer Weak        Min:  0.0, Avg:  0.0, Max:  0.0, Diff:  0.0, Sum:  0.0, Workers: 4
[4987.775s][debug][gc,phases      ] GC(133)     Dead                           Min: 0, Avg:  0.0, Max: 0, Diff: 0, Sum: 0, Workers: 4
[4987.775s][debug][gc,phases      ] GC(133)     Total                          Min: 0, Avg: 11.2, Max: 45, Diff: 45, Sum: 45, Workers: 4
[4987.775s][debug][gc,phases      ] GC(133)   JVMTI Tag Weak OopStorage      Min:  0.0, Avg:  0.0, Max:  0.0, Diff:  0.0, Sum:  0.0, Workers: 4
[4987.775s][debug][gc,phases      ] GC(133)     Dead                           Min: 0, Avg:  0.0, Max: 0, Diff: 0, Sum: 0, Workers: 4
[4987.775s][debug][gc,phases      ] GC(133)     Total                          Min: 0, Avg:  0.0, Max: 0, Diff: 0, Sum: 0, Workers: 4
[4987.775s][debug][gc,phases      ] GC(133)   StringTable Weak               Min:  0.1, Avg:  0.1, Max:  0.1, Diff:  0.0, Sum:  0.4, Workers: 4
[4987.775s][debug][gc,phases      ] GC(133)     Dead                           Min: 0, Avg:  0.0, Max: 0, Diff: 0, Sum: 0, Workers: 4
[4987.775s][debug][gc,phases      ] GC(133)     Total                          Min: 10368, Avg: 10705.8, Max: 11136, Diff: 768, Sum: 42823, Workers: 4
[4987.775s][debug][gc,phases      ] GC(133)   ResolvedMethodTable Weak       Min:  0.0, Avg:  0.0, Max:  0.0, Diff:  0.0, Sum:  0.1, Workers: 4
[4987.775s][debug][gc,phases      ] GC(133)     Dead                           Min: 0, Avg:  0.0, Max: 0, Diff: 0, Sum: 0, Workers: 4
[4987.775s][debug][gc,phases      ] GC(133)     Total                          Min: 2131, Avg: 2164.8, Max: 2176, Diff: 45, Sum: 8659, Workers: 4
[4987.775s][debug][gc,phases      ] GC(133)   JNI Weak                       Min:  0.0, Avg:  0.0, Max:  0.0, Diff:  0.0, Sum:  0.0, Workers: 4
[4987.775s][debug][gc,phases      ] GC(133)     Dead                           Min: 0, Avg:  0.0, Max: 0, Diff: 0, Sum: 0, Workers: 4
[4987.775s][debug][gc,phases      ] GC(133)     Total                          Min: 0, Avg: 11.2, Max: 45, Diff: 45, Sum: 45, Workers: 4
[4987.775s][debug][gc,phases      ] GC(133)   StringDedup Table Weak         Min:  0.0, Avg:  0.0, Max:  0.0, Diff:  0.0, Sum:  0.0, Workers: 4
[4987.775s][debug][gc,phases      ] GC(133)     Dead                           Min: 0, Avg:  0.0, Max: 0, Diff: 0, Sum: 0, Workers: 4
[4987.775s][debug][gc,phases      ] GC(133)     Total                          Min: 0, Avg:  0.0, Max: 0, Diff: 0, Sum: 0, Workers: 4
[4987.775s][debug][gc,phases      ] GC(133)   StringDedup Requests0 Weak     Min:  0.0, Avg:  0.0, Max:  0.0, Diff:  0.0, Sum:  0.0, Workers: 4
[4987.775s][debug][gc,phases      ] GC(133)     Dead                           Min: 0, Avg:  0.0, Max: 0, Diff: 0, Sum: 0, Workers: 4
[4987.775s][debug][gc,phases      ] GC(133)     Total                          Min: 0, Avg:  0.0, Max: 0, Diff: 0, Sum: 0, Workers: 4
[4987.775s][debug][gc,phases      ] GC(133)   StringDedup Requests1 Weak     Min:  0.0, Avg:  0.0, Max:  0.0, Diff:  0.0, Sum:  0.0, Workers: 4
[4987.775s][debug][gc,phases      ] GC(133)     Dead                           Min: 0, Avg:  0.0, Max: 0, Diff: 0, Sum: 0, Workers: 4
[4987.775s][debug][gc,phases      ] GC(133)     Total                          Min: 0, Avg:  0.0, Max: 0, Diff: 0, Sum: 0, Workers: 4
[4987.775s][debug][gc,phases      ] GC(133)   Weak JFR Old Object Samples    Min:  0.0, Avg:  0.0, Max:  0.0, Diff:  0.0, Sum:  0.0, Workers: 4
[4987.775s][debug][gc,phases      ] GC(133)     Dead                           Min: 0, Avg:  0.0, Max: 0, Diff: 0, Sum: 0, Workers: 4
[4987.775s][debug][gc,phases      ] GC(133)     Total                          Min: 0, Avg:  0.0, Max: 0, Diff: 0, Sum: 0, Workers: 4
[4987.775s][debug][gc,phases      ] GC(133) Weak Processing 0.289ms
[4987.775s][debug][gc,age         ] GC(133) Desired survivor size 115867648 bytes, new threshold 15 (max threshold 15)
[4987.775s][info ][gc,heap        ] GC(133) PSYoungGen: 1877360K(1973248K)->25675K(1984000K) Eden: 1852928K(1852928K)->0K(1866752K) From: 24432K(120320K)->25675K(117248K)
[4987.775s][info ][gc,heap        ] GC(133) ParOldGen: 424106K(552448K)->424106K(552448K)
[4987.775s][info ][gc,metaspace   ] GC(133) Metaspace: 79834K(81024K)->79834K(81024K) NonClass: 68690K(69376K)->68690K(69376K) Class: 11143K(11648K)->11143K(11648K)
[4987.775s][info ][gc             ] GC(133) Pause Young (Allocation Failure) 2247M->439M(2477M) 7.332ms
[4987.775s][info ][gc,cpu         ] GC(133) User=0.03s Sys=0.00s Real=0.00s
[4987.775s][info ][safepoint      ] Safepoint "ParallelGCFailedAllocation", Time since last: 50948339916 ns, Reaching safepoint: 107900 ns, At safepoint: 7406180 ns, Total: 7514080 ns
[5038.861s][info ][gc,start       ] GC(134) Pause Young (Allocation Failure)
[5038.868s][debug][gc,phases      ] GC(134) Scavenge 6.701ms
[5038.868s][debug][gc,ref         ] GC(134) Skipped phase 1 of Reference Processing: no references
[5038.868s][debug][gc,ref         ] GC(134) ReferenceProcessor::execute queues: 1, RefProcThreadModel::Single, marks_oops_alive: false
[5038.868s][debug][gc,ref         ] GC(134) Skipped phase 3 of Reference Processing: no references
[5038.868s][debug][gc,ref         ] GC(134) ReferenceProcessor::execute queues: 1, RefProcThreadModel::Single, marks_oops_alive: false
[5038.868s][debug][gc,phases      ] GC(134) Reference Processing 0.093ms
[5038.868s][debug][gc,phases      ] GC(134)   VM Weak                        Min:  0.0, Avg:  0.0, Max:  0.0, Diff:  0.0, Sum:  0.0, Workers: 4
[5038.868s][debug][gc,phases      ] GC(134)     Dead                           Min: 0, Avg:  0.0, Max: 0, Diff: 0, Sum: 0, Workers: 4
[5038.868s][debug][gc,phases      ] GC(134)     Total                          Min: 0, Avg: 157.5, Max: 459, Diff: 459, Sum: 630, Workers: 4
[5038.868s][debug][gc,phases      ] GC(134)   ObjectSynchronizer Weak        Min:  0.0, Avg:  0.0, Max:  0.0, Diff:  0.0, Sum:  0.0, Workers: 4
[5038.868s][debug][gc,phases      ] GC(134)     Dead                           Min: 0, Avg:  0.0, Max: 0, Diff: 0, Sum: 0, Workers: 4
[5038.868s][debug][gc,phases      ] GC(134)     Total                          Min: 0, Avg: 11.2, Max: 45, Diff: 45, Sum: 45, Workers: 4
[5038.868s][debug][gc,phases      ] GC(134)   JVMTI Tag Weak OopStorage      Min:  0.0, Avg:  0.0, Max:  0.0, Diff:  0.0, Sum:  0.0, Workers: 4
[5038.868s][debug][gc,phases      ] GC(134)     Dead                           Min: 0, Avg:  0.0, Max: 0, Diff: 0, Sum: 0, Workers: 4
[5038.868s][debug][gc,phases      ] GC(134)     Total                          Min: 0, Avg:  0.0, Max: 0, Diff: 0, Sum: 0, Workers: 4
[5038.868s][debug][gc,phases      ] GC(134)   StringTable Weak               Min:  0.0, Avg:  0.1, Max:  0.1, Diff:  0.1, Sum:  0.3, Workers: 4
[5038.868s][debug][gc,phases      ] GC(134)     Dead                           Min: 0, Avg:  0.0, Max: 0, Diff: 0, Sum: 0, Workers: 4
[5038.868s][debug][gc,phases      ] GC(134)     Total                          Min: 0, Avg: 10705.8, Max: 19143, Diff: 19143, Sum: 42823, Workers: 4
[5038.868s][debug][gc,phases      ] GC(134)   ResolvedMethodTable Weak       Min:  0.0, Avg:  0.0, Max:  0.0, Diff:  0.0, Sum:  0.1, Workers: 4
[5038.868s][debug][gc,phases      ] GC(134)     Dead                           Min: 0, Avg:  0.0, Max: 0, Diff: 0, Sum: 0, Workers: 4
[5038.868s][debug][gc,phases      ] GC(134)     Total                          Min: 0, Avg: 2164.8, Max: 3923, Diff: 3923, Sum: 8659, Workers: 4
[5038.868s][debug][gc,phases      ] GC(134)   JNI Weak                       Min:  0.0, Avg:  0.0, Max:  0.0, Diff:  0.0, Sum:  0.0, Workers: 4
[5038.868s][debug][gc,phases      ] GC(134)     Dead                           Min: 0, Avg:  0.0, Max: 0, Diff: 0, Sum: 0, Workers: 4
[5038.868s][debug][gc,phases      ] GC(134)     Total                          Min: 0, Avg: 11.2, Max: 45, Diff: 45, Sum: 45, Workers: 4
[5038.868s][debug][gc,phases      ] GC(134)   StringDedup Table Weak         Min:  0.0, Avg:  0.0, Max:  0.0, Diff:  0.0, Sum:  0.0, Workers: 4
[5038.868s][debug][gc,phases      ] GC(134)     Dead                           Min: 0, Avg:  0.0, Max: 0, Diff: 0, Sum: 0, Workers: 4
[5038.868s][debug][gc,phases      ] GC(134)     Total                          Min: 0, Avg:  0.0, Max: 0, Diff: 0, Sum: 0, Workers: 4
[5038.868s][debug][gc,phases      ] GC(134)   StringDedup Requests0 Weak     Min:  0.0, Avg:  0.0, Max:  0.0, Diff:  0.0, Sum:  0.0, Workers: 4
[5038.868s][debug][gc,phases      ] GC(134)     Dead                           Min: 0, Avg:  0.0, Max: 0, Diff: 0, Sum: 0, Workers: 4
[5038.868s][debug][gc,phases      ] GC(134)     Total                          Min: 0, Avg:  0.0, Max: 0, Diff: 0, Sum: 0, Workers: 4
[5038.868s][debug][gc,phases      ] GC(134)   StringDedup Requests1 Weak     Min:  0.0, Avg:  0.0, Max:  0.0, Diff:  0.0, Sum:  0.0, Workers: 4
[5038.868s][debug][gc,phases      ] GC(134)     Dead                           Min: 0, Avg:  0.0, Max: 0, Diff: 0, Sum: 0, Workers: 4
[5038.868s][debug][gc,phases      ] GC(134)     Total                          Min: 0, Avg:  0.0, Max: 0, Diff: 0, Sum: 0, Workers: 4
[5038.868s][debug][gc,phases      ] GC(134)   Weak JFR Old Object Samples    Min:  0.0, Avg:  0.0, Max:  0.0, Diff:  0.0, Sum:  0.0, Workers: 4
[5038.868s][debug][gc,phases      ] GC(134)     Dead                           Min: 0, Avg:  0.0, Max: 0, Diff: 0, Sum: 0, Workers: 4
[5038.868s][debug][gc,phases      ] GC(134)     Total                          Min: 0, Avg:  0.0, Max: 0, Diff: 0, Sum: 0, Workers: 4
[5038.868s][debug][gc,phases      ] GC(134) Weak Processing 0.275ms
[5038.868s][debug][gc,age         ] GC(134) Desired survivor size 111673344 bytes, new threshold 15 (max threshold 15)
[5038.868s][info ][gc,heap        ] GC(134) PSYoungGen: 1892427K(1984000K)->25031K(1979904K) Eden: 1866752K(1866752K)->0K(1866752K) From: 25675K(117248K)->25031K(113152K)
[5038.868s][info ][gc,heap        ] GC(134) ParOldGen: 424106K(552448K)->424106K(552448K)
[5038.868s][info ][gc,metaspace   ] GC(134) Metaspace: 79838K(81024K)->79838K(81024K) NonClass: 68694K(69376K)->68694K(69376K) Class: 11143K(11648K)->11143K(11648K)
[5038.868s][info ][gc             ] GC(134) Pause Young (Allocation Failure) 2262M->438M(2473M) 7.166ms
[5038.868s][info ][gc,cpu         ] GC(134) User=0.02s Sys=0.00s Real=0.01s
[5038.868s][info ][safepoint      ] Safepoint "ParallelGCFailedAllocation", Time since last: 51085900129 ns, Reaching safepoint: 99299 ns, At safepoint: 7234181 ns, Total: 7333480 ns
[5049.869s][info ][safepoint      ] Safepoint "Cleanup", Time since last: 11000595662 ns, Reaching safepoint: 37200 ns, At safepoint: 2600 ns, Total: 39800 ns
[5050.869s][info ][safepoint      ] Safepoint "Cleanup", Time since last: 1000096258 ns, Reaching safepoint: 36799 ns, At safepoint: 2300 ns, Total: 39099 ns
[5059.870s][info ][safepoint      ] Safepoint "Cleanup", Time since last: 9000584907 ns, Reaching safepoint: 25500 ns, At safepoint: 2400 ns, Total: 27900 ns
[5060.870s][info ][safepoint      ] Safepoint "Cleanup", Time since last: 1000090354 ns, Reaching safepoint: 27500 ns, At safepoint: 2600 ns, Total: 30100 ns
[5068.870s][info ][safepoint      ] Safepoint "Cleanup", Time since last: 8000461324 ns, Reaching safepoint: 35000 ns, At safepoint: 2100 ns, Total: 37100 ns
[5101.095s][info ][gc,start       ] GC(135) Pause Young (Allocation Failure)
[5101.102s][debug][gc,phases      ] GC(135) Scavenge 7.089ms
[5101.102s][debug][gc,ref         ] GC(135) Skipped phase 1 of Reference Processing: no references
[5101.102s][debug][gc,ref         ] GC(135) ReferenceProcessor::execute queues: 1, RefProcThreadModel::Single, marks_oops_alive: false
[5101.102s][debug][gc,ref         ] GC(135) Skipped phase 3 of Reference Processing: no references
[5101.102s][debug][gc,ref         ] GC(135) ReferenceProcessor::execute queues: 1, RefProcThreadModel::Single, marks_oops_alive: false
[5101.102s][debug][gc,phases      ] GC(135) Reference Processing 0.090ms
[5101.102s][debug][gc,phases      ] GC(135)   VM Weak                        Min:  0.0, Avg:  0.0, Max:  0.0, Diff:  0.0, Sum:  0.0, Workers: 4
[5101.102s][debug][gc,phases      ] GC(135)     Dead                           Min: 0, Avg:  0.0, Max: 0, Diff: 0, Sum: 0, Workers: 4
[5101.102s][debug][gc,phases      ] GC(135)     Total                          Min: 0, Avg: 157.5, Max: 509, Diff: 509, Sum: 630, Workers: 4
[5101.102s][debug][gc,phases      ] GC(135)   ObjectSynchronizer Weak        Min:  0.0, Avg:  0.0, Max:  0.0, Diff:  0.0, Sum:  0.0, Workers: 4
[5101.102s][debug][gc,phases      ] GC(135)     Dead                           Min: 0, Avg:  0.0, Max: 0, Diff: 0, Sum: 0, Workers: 4
[5101.102s][debug][gc,phases      ] GC(135)     Total                          Min: 0, Avg: 11.2, Max: 45, Diff: 45, Sum: 45, Workers: 4
[5101.102s][debug][gc,phases      ] GC(135)   JVMTI Tag Weak OopStorage      Min:  0.0, Avg:  0.0, Max:  0.0, Diff:  0.0, Sum:  0.0, Workers: 4
[5101.102s][debug][gc,phases      ] GC(135)     Dead                           Min: 0, Avg:  0.0, Max: 0, Diff: 0, Sum: 0, Workers: 4
[5101.102s][debug][gc,phases      ] GC(135)     Total                          Min: 0, Avg:  0.0, Max: 0, Diff: 0, Sum: 0, Workers: 4
[5101.102s][debug][gc,phases      ] GC(135)   StringTable Weak               Min:  0.0, Avg:  0.1, Max:  0.1, Diff:  0.1, Sum:  0.4, Workers: 4
[5101.102s][debug][gc,phases      ] GC(135)     Dead                           Min: 0, Avg:  0.0, Max: 0, Diff: 0, Sum: 0, Workers: 4
[5101.102s][debug][gc,phases      ] GC(135)     Total                          Min: 0, Avg: 10706.5, Max: 14410, Diff: 14410, Sum: 42826, Workers: 4
[5101.102s][debug][gc,phases      ] GC(135)   ResolvedMethodTable Weak       Min:  0.0, Avg:  0.0, Max:  0.0, Diff:  0.0, Sum:  0.1, Workers: 4
[5101.102s][debug][gc,phases      ] GC(135)     Dead                           Min: 0, Avg:  0.0, Max: 0, Diff: 0, Sum: 0, Workers: 4
[5101.102s][debug][gc,phases      ] GC(135)     Total                          Min: 0, Avg: 2164.8, Max: 2963, Diff: 2963, Sum: 8659, Workers: 4
[5101.102s][debug][gc,phases      ] GC(135)   JNI Weak                       Min:  0.0, Avg:  0.0, Max:  0.0, Diff:  0.0, Sum:  0.0, Workers: 4
[5101.102s][debug][gc,phases      ] GC(135)     Dead                           Min: 0, Avg:  0.0, Max: 0, Diff: 0, Sum: 0, Workers: 4
[5101.102s][debug][gc,phases      ] GC(135)     Total                          Min: 0, Avg: 11.2, Max: 45, Diff: 45, Sum: 45, Workers: 4
[5101.102s][debug][gc,phases      ] GC(135)   StringDedup Table Weak         Min:  0.0, Avg:  0.0, Max:  0.0, Diff:  0.0, Sum:  0.0, Workers: 4
[5101.102s][debug][gc,phases      ] GC(135)     Dead                           Min: 0, Avg:  0.0, Max: 0, Diff: 0, Sum: 0, Workers: 4
[5101.102s][debug][gc,phases      ] GC(135)     Total                          Min: 0, Avg:  0.0, Max: 0, Diff: 0, Sum: 0, Workers: 4
[5101.102s][debug][gc,phases      ] GC(135)   StringDedup Requests0 Weak     Min:  0.0, Avg:  0.0, Max:  0.0, Diff:  0.0, Sum:  0.0, Workers: 4
[5101.102s][debug][gc,phases      ] GC(135)     Dead                           Min: 0, Avg:  0.0, Max: 0, Diff: 0, Sum: 0, Workers: 4
[5101.102s][debug][gc,phases      ] GC(135)     Total                          Min: 0, Avg:  0.0, Max: 0, Diff: 0, Sum: 0, Workers: 4
[5101.102s][debug][gc,phases      ] GC(135)   StringDedup Requests1 Weak     Min:  0.0, Avg:  0.0, Max:  0.0, Diff:  0.0, Sum:  0.0, Workers: 4
[5101.102s][debug][gc,phases      ] GC(135)     Dead                           Min: 0, Avg:  0.0, Max: 0, Diff: 0, Sum: 0, Workers: 4
[5101.102s][debug][gc,phases      ] GC(135)     Total                          Min: 0, Avg:  0.0, Max: 0, Diff: 0, Sum: 0, Workers: 4
[5101.102s][debug][gc,phases      ] GC(135)   Weak JFR Old Object Samples    Min:  0.0, Avg:  0.0, Max:  0.0, Diff:  0.0, Sum:  0.0, Workers: 4
[5101.102s][debug][gc,phases      ] GC(135)     Dead                           Min: 0, Avg:  0.0, Max: 0, Diff: 0, Sum: 0, Workers: 4
[5101.102s][debug][gc,phases      ] GC(135)     Total                          Min: 0, Avg:  0.0, Max: 0, Diff: 0, Sum: 0, Workers: 4
[5101.102s][debug][gc,phases      ] GC(135) Weak Processing 0.306ms
[5101.102s][debug][gc,age         ] GC(135) Desired survivor size 107479040 bytes, new threshold 15 (max threshold 15)
[5101.102s][info ][gc,heap        ] GC(135) PSYoungGen: 1891783K(1979904K)->24743K(1992192K) Eden: 1866752K(1866752K)->0K(1883136K) From: 25031K(113152K)->24743K(109056K)
[5101.102s][info ][gc,heap        ] GC(135) ParOldGen: 424106K(552448K)->424114K(552448K)
[5101.102s][info ][gc,metaspace   ] GC(135) Metaspace: 79845K(81024K)->79845K(81024K) NonClass: 68701K(69376K)->68701K(69376K) Class: 11143K(11648K)->11143K(11648K)
[5101.102s][info ][gc             ] GC(135) Pause Young (Allocation Failure) 2261M->438M(2485M) 7.586ms
[5101.102s][info ][gc,cpu         ] GC(135) User=0.03s Sys=0.00s Real=0.01s
[5101.102s][info ][safepoint      ] Safepoint "ParallelGCFailedAllocation", Time since last: 32224527993 ns, Reaching safepoint: 27800 ns, At safepoint: 7649680 ns, Total: 7677480 ns
[5117.103s][info ][safepoint      ] Safepoint "Cleanup", Time since last: 16000995219 ns, Reaching safepoint: 26400 ns, At safepoint: 3000 ns, Total: 29400 ns
[5122.705s][info ][gc,start       ] GC(136) Pause Young (Allocation Failure)
[5122.722s][debug][gc,phases      ] GC(136) Scavenge 16.455ms
[5122.722s][debug][gc,ref         ] GC(136) Skipped phase 1 of Reference Processing: no references
[5122.722s][debug][gc,ref         ] GC(136) ReferenceProcessor::execute queues: 1, RefProcThreadModel::Single, marks_oops_alive: false
[5122.722s][debug][gc,ref         ] GC(136) Skipped phase 3 of Reference Processing: no references
[5122.722s][debug][gc,ref         ] GC(136) ReferenceProcessor::execute queues: 1, RefProcThreadModel::Single, marks_oops_alive: false
[5122.722s][debug][gc,phases      ] GC(136) Reference Processing 0.103ms
[5122.722s][debug][gc,phases      ] GC(136)   VM Weak                        Min:  0.0, Avg:  0.0, Max:  0.0, Diff:  0.0, Sum:  0.0, Workers: 4
[5122.722s][debug][gc,phases      ] GC(136)     Dead                           Min: 0, Avg:  0.0, Max: 0, Diff: 0, Sum: 0, Workers: 4
[5122.722s][debug][gc,phases      ] GC(136)     Total                          Min: 0, Avg: 157.5, Max: 630, Diff: 630, Sum: 630, Workers: 4
[5122.722s][debug][gc,phases      ] GC(136)   ObjectSynchronizer Weak        Min:  0.0, Avg:  0.0, Max:  0.0, Diff:  0.0, Sum:  0.0, Workers: 4
[5122.722s][debug][gc,phases      ] GC(136)     Dead                           Min: 0, Avg:  0.0, Max: 0, Diff: 0, Sum: 0, Workers: 4
[5122.722s][debug][gc,phases      ] GC(136)     Total                          Min: 0, Avg: 11.2, Max: 45, Diff: 45, Sum: 45, Workers: 4
[5122.722s][debug][gc,phases      ] GC(136)   JVMTI Tag Weak OopStorage      Min:  0.0, Avg:  0.0, Max:  0.0, Diff:  0.0, Sum:  0.0, Workers: 4
[5122.722s][debug][gc,phases      ] GC(136)     Dead                           Min: 0, Avg:  0.0, Max: 0, Diff: 0, Sum: 0, Workers: 4
[5122.722s][debug][gc,phases      ] GC(136)     Total                          Min: 0, Avg:  0.0, Max: 0, Diff: 0, Sum: 0, Workers: 4
[5122.722s][debug][gc,phases      ] GC(136)   StringTable Weak               Min:  0.1, Avg:  0.1, Max:  0.1, Diff:  0.0, Sum:  0.4, Workers: 4
[5122.722s][debug][gc,phases      ] GC(136)     Dead                           Min: 0, Avg:  0.0, Max: 0, Diff: 0, Sum: 0, Workers: 4
[5122.722s][debug][gc,phases      ] GC(136)     Total                          Min: 9600, Avg: 10707.2, Max: 11520, Diff: 1920, Sum: 42829, Workers: 4
[5122.722s][debug][gc,phases      ] GC(136)   ResolvedMethodTable Weak       Min:  0.0, Avg:  0.0, Max:  0.0, Diff:  0.0, Sum:  0.1, Workers: 4
[5122.722s][debug][gc,phases      ] GC(136)     Dead                           Min: 0, Avg:  0.0, Max: 0, Diff: 0, Sum: 0, Workers: 4
[5122.722s][debug][gc,phases      ] GC(136)     Total                          Min: 1408, Avg: 2164.8, Max: 2579, Diff: 1171, Sum: 8659, Workers: 4
[5122.722s][debug][gc,phases      ] GC(136)   JNI Weak                       Min:  0.0, Avg:  0.0, Max:  0.0, Diff:  0.0, Sum:  0.0, Workers: 4
[5122.722s][debug][gc,phases      ] GC(136)     Dead                           Min: 0, Avg:  0.0, Max: 0, Diff: 0, Sum: 0, Workers: 4
[5122.722s][debug][gc,phases      ] GC(136)     Total                          Min: 0, Avg: 11.2, Max: 45, Diff: 45, Sum: 45, Workers: 4
[5122.722s][debug][gc,phases      ] GC(136)   StringDedup Table Weak         Min:  0.0, Avg:  0.0, Max:  0.0, Diff:  0.0, Sum:  0.0, Workers: 4
[5122.722s][debug][gc,phases      ] GC(136)     Dead                           Min: 0, Avg:  0.0, Max: 0, Diff: 0, Sum: 0, Workers: 4
[5122.722s][debug][gc,phases      ] GC(136)     Total                          Min: 0, Avg:  0.0, Max: 0, Diff: 0, Sum: 0, Workers: 4
[5122.722s][debug][gc,phases      ] GC(136)   StringDedup Requests0 Weak     Min:  0.0, Avg:  0.0, Max:  0.0, Diff:  0.0, Sum:  0.0, Workers: 4
[5122.722s][debug][gc,phases      ] GC(136)     Dead                           Min: 0, Avg:  0.0, Max: 0, Diff: 0, Sum: 0, Workers: 4
[5122.722s][debug][gc,phases      ] GC(136)     Total                          Min: 0, Avg:  0.0, Max: 0, Diff: 0, Sum: 0, Workers: 4
[5122.722s][debug][gc,phases      ] GC(136)   StringDedup Requests1 Weak     Min:  0.0, Avg:  0.0, Max:  0.0, Diff:  0.0, Sum:  0.0, Workers: 4
[5122.722s][debug][gc,phases      ] GC(136)     Dead                           Min: 0, Avg:  0.0, Max: 0, Diff: 0, Sum: 0, Workers: 4
[5122.722s][debug][gc,phases      ] GC(136)     Total                          Min: 0, Avg:  0.0, Max: 0, Diff: 0, Sum: 0, Workers: 4
[5122.722s][debug][gc,phases      ] GC(136)   Weak JFR Old Object Samples    Min:  0.0, Avg:  0.0, Max:  0.0, Diff:  0.0, Sum:  0.0, Workers: 4
[5122.722s][debug][gc,phases      ] GC(136)     Dead                           Min: 0, Avg:  0.0, Max: 0, Diff: 0, Sum: 0, Workers: 4
[5122.722s][debug][gc,phases      ] GC(136)     Total                          Min: 0, Avg:  0.0, Max: 0, Diff: 0, Sum: 0, Workers: 4
[5122.722s][debug][gc,phases      ] GC(136) Weak Processing 0.268ms
[5122.722s][debug][gc,age         ] GC(136) Desired survivor size 106430464 bytes, new threshold 15 (max threshold 15)
[5122.722s][info ][gc,heap        ] GC(136) PSYoungGen: 1907879K(1992192K)->53802K(1988096K) Eden: 1883136K(1883136K)->0K(1883136K) From: 24743K(109056K)->53802K(104960K)
[5122.722s][info ][gc,heap        ] GC(136) ParOldGen: 424114K(552448K)->424114K(552448K)
[5122.722s][info ][gc,metaspace   ] GC(136) Metaspace: 79849K(81024K)->79849K(81024K) NonClass: 68705K(69376K)->68705K(69376K) Class: 11143K(11648K)->11143K(11648K)
[5122.722s][info ][gc             ] GC(136) Pause Young (Allocation Failure) 2277M->466M(2481M) 16.924ms
[5122.722s][info ][gc,cpu         ] GC(136) User=0.05s Sys=0.00s Real=0.02s
[5122.722s][info ][safepoint      ] Safepoint "ParallelGCFailedAllocation", Time since last: 5601845973 ns, Reaching safepoint: 26700 ns, At safepoint: 16988355 ns, Total: 17015055 ns
[5155.724s][info ][safepoint      ] Safepoint "Cleanup", Time since last: 33001907377 ns, Reaching safepoint: 26900 ns, At safepoint: 2400 ns, Total: 29300 ns
[5162.725s][info ][safepoint      ] Safepoint "Cleanup", Time since last: 7000468366 ns, Reaching safepoint: 40900 ns, At safepoint: 4600 ns, Total: 45500 ns
[5179.360s][info ][gc,start       ] GC(137) Pause Young (Allocation Failure)
[5179.373s][debug][gc,phases      ] GC(137) Scavenge 12.702ms
[5179.373s][debug][gc,ref         ] GC(137) Skipped phase 1 of Reference Processing: no references
[5179.373s][debug][gc,ref         ] GC(137) ReferenceProcessor::execute queues: 1, RefProcThreadModel::Single, marks_oops_alive: false
[5179.373s][debug][gc,ref         ] GC(137) Skipped phase 3 of Reference Processing: no references
[5179.373s][debug][gc,ref         ] GC(137) ReferenceProcessor::execute queues: 1, RefProcThreadModel::Single, marks_oops_alive: false
[5179.373s][debug][gc,phases      ] GC(137) Reference Processing 0.095ms
[5179.373s][debug][gc,phases      ] GC(137)   VM Weak                        Min:  0.0, Avg:  0.0, Max:  0.0, Diff:  0.0, Sum:  0.0, Workers: 4
[5179.373s][debug][gc,phases      ] GC(137)     Dead                           Min: 0, Avg:  0.0, Max: 0, Diff: 0, Sum: 0, Workers: 4
[5179.373s][debug][gc,phases      ] GC(137)     Total                          Min: 0, Avg: 157.5, Max: 317, Diff: 317, Sum: 630, Workers: 4
[5179.373s][debug][gc,phases      ] GC(137)   ObjectSynchronizer Weak        Min:  0.0, Avg:  0.0, Max:  0.0, Diff:  0.0, Sum:  0.0, Workers: 4
[5179.373s][debug][gc,phases      ] GC(137)     Dead                           Min: 0, Avg:  0.0, Max: 0, Diff: 0, Sum: 0, Workers: 4
[5179.373s][debug][gc,phases      ] GC(137)     Total                          Min: 0, Avg: 11.2, Max: 45, Diff: 45, Sum: 45, Workers: 4
[5179.373s][debug][gc,phases      ] GC(137)   JVMTI Tag Weak OopStorage      Min:  0.0, Avg:  0.0, Max:  0.0, Diff:  0.0, Sum:  0.0, Workers: 4
[5179.373s][debug][gc,phases      ] GC(137)     Dead                           Min: 0, Avg:  0.0, Max: 0, Diff: 0, Sum: 0, Workers: 4
[5179.373s][debug][gc,phases      ] GC(137)     Total                          Min: 0, Avg:  0.0, Max: 0, Diff: 0, Sum: 0, Workers: 4
[5179.373s][debug][gc,phases      ] GC(137)   StringTable Weak               Min:  0.1, Avg:  0.1, Max:  0.1, Diff:  0.0, Sum:  0.4, Workers: 4
[5179.373s][debug][gc,phases      ] GC(137)     Dead                           Min: 0, Avg:  0.0, Max: 0, Diff: 0, Sum: 0, Workers: 4
[5179.373s][debug][gc,phases      ] GC(137)     Total                          Min: 9728, Avg: 10707.2, Max: 11264, Diff: 1536, Sum: 42829, Workers: 4
[5179.373s][debug][gc,phases      ] GC(137)   ResolvedMethodTable Weak       Min:  0.0, Avg:  0.0, Max:  0.0, Diff:  0.0, Sum:  0.1, Workers: 4
[5179.373s][debug][gc,phases      ] GC(137)     Dead                           Min: 0, Avg:  0.0, Max: 0, Diff: 0, Sum: 0, Workers: 4
[5179.373s][debug][gc,phases      ] GC(137)     Total                          Min: 2067, Avg: 2164.8, Max: 2240, Diff: 173, Sum: 8659, Workers: 4
[5179.373s][debug][gc,phases      ] GC(137)   JNI Weak                       Min:  0.0, Avg:  0.0, Max:  0.0, Diff:  0.0, Sum:  0.0, Workers: 4
[5179.373s][debug][gc,phases      ] GC(137)     Dead                           Min: 0, Avg:  0.0, Max: 0, Diff: 0, Sum: 0, Workers: 4
[5179.373s][debug][gc,phases      ] GC(137)     Total                          Min: 0, Avg: 11.2, Max: 45, Diff: 45, Sum: 45, Workers: 4
[5179.373s][debug][gc,phases      ] GC(137)   StringDedup Table Weak         Min:  0.0, Avg:  0.0, Max:  0.0, Diff:  0.0, Sum:  0.0, Workers: 4
[5179.373s][debug][gc,phases      ] GC(137)     Dead                           Min: 0, Avg:  0.0, Max: 0, Diff: 0, Sum: 0, Workers: 4
[5179.373s][debug][gc,phases      ] GC(137)     Total                          Min: 0, Avg:  0.0, Max: 0, Diff: 0, Sum: 0, Workers: 4
[5179.373s][debug][gc,phases      ] GC(137)   StringDedup Requests0 Weak     Min:  0.0, Avg:  0.0, Max:  0.0, Diff:  0.0, Sum:  0.0, Workers: 4
[5179.373s][debug][gc,phases      ] GC(137)     Dead                           Min: 0, Avg:  0.0, Max: 0, Diff: 0, Sum: 0, Workers: 4
[5179.373s][debug][gc,phases      ] GC(137)     Total                          Min: 0, Avg:  0.0, Max: 0, Diff: 0, Sum: 0, Workers: 4
[5179.373s][debug][gc,phases      ] GC(137)   StringDedup Requests1 Weak     Min:  0.0, Avg:  0.0, Max:  0.0, Diff:  0.0, Sum:  0.0, Workers: 4
[5179.373s][debug][gc,phases      ] GC(137)     Dead                           Min: 0, Avg:  0.0, Max: 0, Diff: 0, Sum: 0, Workers: 4
[5179.373s][debug][gc,phases      ] GC(137)     Total                          Min: 0, Avg:  0.0, Max: 0, Diff: 0, Sum: 0, Workers: 4
[5179.373s][debug][gc,phases      ] GC(137)   Weak JFR Old Object Samples    Min:  0.0, Avg:  0.0, Max:  0.0, Diff:  0.0, Sum:  0.0, Workers: 4
[5179.373s][debug][gc,phases      ] GC(137)     Dead                           Min: 0, Avg:  0.0, Max: 0, Diff: 0, Sum: 0, Workers: 4
[5179.373s][debug][gc,phases      ] GC(137)     Total                          Min: 0, Avg:  0.0, Max: 0, Diff: 0, Sum: 0, Workers: 4
[5179.374s][debug][gc,phases      ] GC(137) Weak Processing 0.297ms
[5179.374s][debug][gc,age         ] GC(137) Desired survivor size 103284736 bytes, new threshold 15 (max threshold 15)
[5179.374s][info ][gc,heap        ] GC(137) PSYoungGen: 1936938K(1988096K)->50352K(1996288K) Eden: 1883136K(1883136K)->0K(1892352K) From: 53802K(104960K)->50352K(103936K)
[5179.374s][info ][gc,heap        ] GC(137) ParOldGen: 424114K(552448K)->424122K(552448K)
[5179.374s][info ][gc,metaspace   ] GC(137) Metaspace: 79853K(81024K)->79853K(81024K) NonClass: 68710K(69376K)->68710K(69376K) Class: 11143K(11648K)->11143K(11648K)
[5179.374s][info ][gc             ] GC(137) Pause Young (Allocation Failure) 2305M->463M(2489M) 13.194ms
[5179.374s][info ][gc,cpu         ] GC(137) User=0.05s Sys=0.00s Real=0.01s
[5179.374s][info ][safepoint      ] Safepoint "ParallelGCFailedAllocation", Time since last: 16635513128 ns, Reaching safepoint: 117200 ns, At safepoint: 13270265 ns, Total: 13387465 ns
[5266.761s][info ][gc,start       ] GC(138) Pause Young (Allocation Failure)
[5266.773s][debug][gc,phases      ] GC(138) Scavenge 12.284ms
[5266.773s][debug][gc,ref         ] GC(138) Skipped phase 1 of Reference Processing: no references
[5266.773s][debug][gc,ref         ] GC(138) ReferenceProcessor::execute queues: 1, RefProcThreadModel::Single, marks_oops_alive: false
[5266.773s][debug][gc,ref         ] GC(138) Skipped phase 3 of Reference Processing: no references
[5266.773s][debug][gc,ref         ] GC(138) ReferenceProcessor::execute queues: 1, RefProcThreadModel::Single, marks_oops_alive: false
[5266.773s][debug][gc,phases      ] GC(138) Reference Processing 0.090ms
[5266.773s][debug][gc,phases      ] GC(138)   VM Weak                        Min:  0.0, Avg:  0.0, Max:  0.0, Diff:  0.0, Sum:  0.0, Workers: 4
[5266.773s][debug][gc,phases      ] GC(138)     Dead                           Min: 0, Avg:  0.0, Max: 0, Diff: 0, Sum: 0, Workers: 4
[5266.773s][debug][gc,phases      ] GC(138)     Total                          Min: 0, Avg: 157.5, Max: 567, Diff: 567, Sum: 630, Workers: 4
[5266.774s][debug][gc,phases      ] GC(138)   ObjectSynchronizer Weak        Min:  0.0, Avg:  0.0, Max:  0.0, Diff:  0.0, Sum:  0.0, Workers: 4
[5266.774s][debug][gc,phases      ] GC(138)     Dead                           Min: 0, Avg:  0.0, Max: 0, Diff: 0, Sum: 0, Workers: 4
[5266.774s][debug][gc,phases      ] GC(138)     Total                          Min: 0, Avg: 11.2, Max: 45, Diff: 45, Sum: 45, Workers: 4
[5266.774s][debug][gc,phases      ] GC(138)   JVMTI Tag Weak OopStorage      Min:  0.0, Avg:  0.0, Max:  0.0, Diff:  0.0, Sum:  0.0, Workers: 4
[5266.774s][debug][gc,phases      ] GC(138)     Dead                           Min: 0, Avg:  0.0, Max: 0, Diff: 0, Sum: 0, Workers: 4
[5266.774s][debug][gc,phases      ] GC(138)     Total                          Min: 0, Avg:  0.0, Max: 0, Diff: 0, Sum: 0, Workers: 4
[5266.774s][debug][gc,phases      ] GC(138)   StringTable Weak               Min:  0.0, Avg:  0.1, Max:  0.1, Diff:  0.1, Sum:  0.4, Workers: 4
[5266.774s][debug][gc,phases      ] GC(138)     Dead                           Min: 0, Avg:  0.0, Max: 0, Diff: 0, Sum: 0, Workers: 4
[5266.774s][debug][gc,phases      ] GC(138)     Total                          Min: 0, Avg: 10707.2, Max: 20557, Diff: 20557, Sum: 42829, Workers: 4
[5266.774s][debug][gc,phases      ] GC(138)   ResolvedMethodTable Weak       Min:  0.0, Avg:  0.0, Max:  0.0, Diff:  0.0, Sum:  0.1, Workers: 4
[5266.774s][debug][gc,phases      ] GC(138)     Dead                           Min: 0, Avg:  0.0, Max: 0, Diff: 0, Sum: 0, Workers: 4
[5266.774s][debug][gc,phases      ] GC(138)     Total                          Min: 0, Avg: 2164.8, Max: 3667, Diff: 3667, Sum: 8659, Workers: 4
[5266.774s][debug][gc,phases      ] GC(138)   JNI Weak                       Min:  0.0, Avg:  0.0, Max:  0.0, Diff:  0.0, Sum:  0.0, Workers: 4
[5266.774s][debug][gc,phases      ] GC(138)     Dead                           Min: 0, Avg:  0.0, Max: 0, Diff: 0, Sum: 0, Workers: 4
[5266.774s][debug][gc,phases      ] GC(138)     Total                          Min: 0, Avg: 11.2, Max: 45, Diff: 45, Sum: 45, Workers: 4
[5266.774s][debug][gc,phases      ] GC(138)   StringDedup Table Weak         Min:  0.0, Avg:  0.0, Max:  0.0, Diff:  0.0, Sum:  0.0, Workers: 4
[5266.774s][debug][gc,phases      ] GC(138)     Dead                           Min: 0, Avg:  0.0, Max: 0, Diff: 0, Sum: 0, Workers: 4
[5266.774s][debug][gc,phases      ] GC(138)     Total                          Min: 0, Avg:  0.0, Max: 0, Diff: 0, Sum: 0, Workers: 4
[5266.774s][debug][gc,phases      ] GC(138)   StringDedup Requests0 Weak     Min:  0.0, Avg:  0.0, Max:  0.0, Diff:  0.0, Sum:  0.0, Workers: 4
[5266.774s][debug][gc,phases      ] GC(138)     Dead                           Min: 0, Avg:  0.0, Max: 0, Diff: 0, Sum: 0, Workers: 4
[5266.774s][debug][gc,phases      ] GC(138)     Total                          Min: 0, Avg:  0.0, Max: 0, Diff: 0, Sum: 0, Workers: 4
[5266.774s][debug][gc,phases      ] GC(138)   StringDedup Requests1 Weak     Min:  0.0, Avg:  0.0, Max:  0.0, Diff:  0.0, Sum:  0.0, Workers: 4
[5266.774s][debug][gc,phases      ] GC(138)     Dead                           Min: 0, Avg:  0.0, Max: 0, Diff: 0, Sum: 0, Workers: 4
[5266.774s][debug][gc,phases      ] GC(138)     Total                          Min: 0, Avg:  0.0, Max: 0, Diff: 0, Sum: 0, Workers: 4
[5266.774s][debug][gc,phases      ] GC(138)   Weak JFR Old Object Samples    Min:  0.0, Avg:  0.0, Max:  0.0, Diff:  0.0, Sum:  0.0, Workers: 4
[5266.774s][debug][gc,phases      ] GC(138)     Dead                           Min: 0, Avg:  0.0, Max: 0, Diff: 0, Sum: 0, Workers: 4
[5266.774s][debug][gc,phases      ] GC(138)     Total                          Min: 0, Avg:  0.0, Max: 0, Diff: 0, Sum: 0, Workers: 4
[5266.774s][debug][gc,phases      ] GC(138) Weak Processing 0.308ms
[5266.774s][debug][gc,age         ] GC(138) Desired survivor size 100663296 bytes, new threshold 15 (max threshold 15)
[5266.774s][info ][gc,heap        ] GC(138) PSYoungGen: 1942704K(1996288K)->50248K(1993216K) Eden: 1892352K(1892352K)->0K(1892352K) From: 50352K(103936K)->50248K(100864K)
[5266.774s][info ][gc,heap        ] GC(138) ParOldGen: 424122K(552448K)->424122K(552448K)
[5266.774s][info ][gc,metaspace   ] GC(138) Metaspace: 79853K(81024K)->79853K(81024K) NonClass: 68710K(69376K)->68710K(69376K) Class: 11143K(11648K)->11143K(11648K)
[5266.774s][info ][gc             ] GC(138) Pause Young (Allocation Failure) 2311M->463M(2486M) 12.774ms
[5266.774s][info ][gc,cpu         ] GC(138) User=0.04s Sys=0.00s Real=0.01s
[5266.774s][info ][safepoint      ] Safepoint "ParallelGCFailedAllocation", Time since last: 87387197684 ns, Reaching safepoint: 31300 ns, At safepoint: 12849166 ns, Total: 12880466 ns
[5305.776s][info ][safepoint      ] Safepoint "Cleanup", Time since last: 39002437992 ns, Reaching safepoint: 41200 ns, At safepoint: 2400 ns, Total: 43600 ns
[5306.776s][info ][safepoint      ] Safepoint "Cleanup", Time since last: 1000100588 ns, Reaching safepoint: 29700 ns, At safepoint: 7000 ns, Total: 36700 ns
[5319.777s][info ][safepoint      ] Safepoint "Cleanup", Time since last: 13000792222 ns, Reaching safepoint: 49400 ns, At safepoint: 6200 ns, Total: 55600 ns
[5353.011s][info ][gc,start       ] GC(139) Pause Young (Allocation Failure)
[5353.023s][debug][gc,phases      ] GC(139) Scavenge 12.411ms
[5353.023s][debug][gc,ref         ] GC(139) Skipped phase 1 of Reference Processing: no references
[5353.023s][debug][gc,ref         ] GC(139) ReferenceProcessor::execute queues: 1, RefProcThreadModel::Single, marks_oops_alive: false
[5353.023s][debug][gc,ref         ] GC(139) Skipped phase 3 of Reference Processing: no references
[5353.023s][debug][gc,ref         ] GC(139) ReferenceProcessor::execute queues: 1, RefProcThreadModel::Single, marks_oops_alive: false
[5353.023s][debug][gc,phases      ] GC(139) Reference Processing 0.090ms
[5353.024s][debug][gc,phases      ] GC(139)   VM Weak                        Min:  0.0, Avg:  0.0, Max:  0.0, Diff:  0.0, Sum:  0.0, Workers: 4
[5353.024s][debug][gc,phases      ] GC(139)     Dead                           Min: 0, Avg:  0.0, Max: 0, Diff: 0, Sum: 0, Workers: 4
[5353.024s][debug][gc,phases      ] GC(139)     Total                          Min: 0, Avg: 157.5, Max: 510, Diff: 510, Sum: 630, Workers: 4
[5353.024s][debug][gc,phases      ] GC(139)   ObjectSynchronizer Weak        Min:  0.0, Avg:  0.0, Max:  0.0, Diff:  0.0, Sum:  0.0, Workers: 4
[5353.024s][debug][gc,phases      ] GC(139)     Dead                           Min: 0, Avg:  0.0, Max: 0, Diff: 0, Sum: 0, Workers: 4
[5353.024s][debug][gc,phases      ] GC(139)     Total                          Min: 0, Avg: 11.2, Max: 45, Diff: 45, Sum: 45, Workers: 4
[5353.024s][debug][gc,phases      ] GC(139)   JVMTI Tag Weak OopStorage      Min:  0.0, Avg:  0.0, Max:  0.0, Diff:  0.0, Sum:  0.0, Workers: 4
[5353.024s][debug][gc,phases      ] GC(139)     Dead                           Min: 0, Avg:  0.0, Max: 0, Diff: 0, Sum: 0, Workers: 4
[5353.024s][debug][gc,phases      ] GC(139)     Total                          Min: 0, Avg:  0.0, Max: 0, Diff: 0, Sum: 0, Workers: 4
[5353.024s][debug][gc,phases      ] GC(139)   StringTable Weak               Min:  0.0, Avg:  0.1, Max:  0.1, Diff:  0.1, Sum:  0.3, Workers: 4
[5353.024s][debug][gc,phases      ] GC(139)     Dead                           Min: 0, Avg:  0.0, Max: 0, Diff: 0, Sum: 0, Workers: 4
[5353.024s][debug][gc,phases      ] GC(139)     Total                          Min: 0, Avg: 10707.2, Max: 19136, Diff: 19136, Sum: 42829, Workers: 4
[5353.024s][debug][gc,phases      ] GC(139)   ResolvedMethodTable Weak       Min:  0.0, Avg:  0.0, Max:  0.0, Diff:  0.0, Sum:  0.1, Workers: 4
[5353.024s][debug][gc,phases      ] GC(139)     Dead                           Min: 0, Avg:  0.0, Max: 0, Diff: 0, Sum: 0, Workers: 4
[5353.024s][debug][gc,phases      ] GC(139)     Total                          Min: 0, Avg: 2164.8, Max: 3968, Diff: 3968, Sum: 8659, Workers: 4
[5353.024s][debug][gc,phases      ] GC(139)   JNI Weak                       Min:  0.0, Avg:  0.0, Max:  0.0, Diff:  0.0, Sum:  0.0, Workers: 4
[5353.024s][debug][gc,phases      ] GC(139)     Dead                           Min: 0, Avg:  0.0, Max: 0, Diff: 0, Sum: 0, Workers: 4
[5353.024s][debug][gc,phases      ] GC(139)     Total                          Min: 0, Avg: 11.2, Max: 45, Diff: 45, Sum: 45, Workers: 4
[5353.024s][debug][gc,phases      ] GC(139)   StringDedup Table Weak         Min:  0.0, Avg:  0.0, Max:  0.0, Diff:  0.0, Sum:  0.0, Workers: 4
[5353.024s][debug][gc,phases      ] GC(139)     Dead                           Min: 0, Avg:  0.0, Max: 0, Diff: 0, Sum: 0, Workers: 4
[5353.024s][debug][gc,phases      ] GC(139)     Total                          Min: 0, Avg:  0.0, Max: 0, Diff: 0, Sum: 0, Workers: 4
[5353.024s][debug][gc,phases      ] GC(139)   StringDedup Requests0 Weak     Min:  0.0, Avg:  0.0, Max:  0.0, Diff:  0.0, Sum:  0.0, Workers: 4
[5353.024s][debug][gc,phases      ] GC(139)     Dead                           Min: 0, Avg:  0.0, Max: 0, Diff: 0, Sum: 0, Workers: 4
[5353.024s][debug][gc,phases      ] GC(139)     Total                          Min: 0, Avg:  0.0, Max: 0, Diff: 0, Sum: 0, Workers: 4
[5353.024s][debug][gc,phases      ] GC(139)   StringDedup Requests1 Weak     Min:  0.0, Avg:  0.0, Max:  0.0, Diff:  0.0, Sum:  0.0, Workers: 4
[5353.024s][debug][gc,phases      ] GC(139)     Dead                           Min: 0, Avg:  0.0, Max: 0, Diff: 0, Sum: 0, Workers: 4
[5353.024s][debug][gc,phases      ] GC(139)     Total                          Min: 0, Avg:  0.0, Max: 0, Diff: 0, Sum: 0, Workers: 4
[5353.024s][debug][gc,phases      ] GC(139)   Weak JFR Old Object Samples    Min:  0.0, Avg:  0.0, Max:  0.0, Diff:  0.0, Sum:  0.0, Workers: 4
[5353.024s][debug][gc,phases      ] GC(139)     Dead                           Min: 0, Avg:  0.0, Max: 0, Diff: 0, Sum: 0, Workers: 4
[5353.024s][debug][gc,phases      ] GC(139)     Total                          Min: 0, Avg:  0.0, Max: 0, Diff: 0, Sum: 0, Workers: 4
[5353.024s][debug][gc,phases      ] GC(139) Weak Processing 0.298ms
[5353.024s][debug][gc,age         ] GC(139) Desired survivor size 97517568 bytes, new threshold 15 (max threshold 15)
[5353.024s][info ][gc,heap        ] GC(139) PSYoungGen: 1942600K(1993216K)->49728K(2001920K) Eden: 1892352K(1892352K)->0K(1903616K) From: 50248K(100864K)->49728K(98304K)
[5353.024s][info ][gc,heap        ] GC(139) ParOldGen: 424122K(552448K)->424375K(552448K)
[5353.024s][info ][gc,metaspace   ] GC(139) Metaspace: 79857K(81024K)->79857K(81024K) NonClass: 68713K(69376K)->68713K(69376K) Class: 11143K(11648K)->11143K(11648K)
[5353.024s][info ][gc             ] GC(139) Pause Young (Allocation Failure) 2311M->462M(2494M) 12.888ms
[5353.024s][info ][gc,cpu         ] GC(139) User=0.04s Sys=0.00s Real=0.01s
[5353.024s][info ][safepoint      ] Safepoint "ParallelGCFailedAllocation", Time since last: 33233642364 ns, Reaching safepoint: 64099 ns, At safepoint: 12983365 ns, Total: 13047464 ns
[5421.028s][info ][safepoint      ] Safepoint "Cleanup", Time since last: 68003940100 ns, Reaching safepoint: 40500 ns, At safepoint: 3200 ns, Total: 43700 ns
[5430.028s][info ][safepoint      ] Safepoint "Cleanup", Time since last: 9000583688 ns, Reaching safepoint: 43000 ns, At safepoint: 2200 ns, Total: 45200 ns
[5431.029s][info ][safepoint      ] Safepoint "Cleanup", Time since last: 1000074864 ns, Reaching safepoint: 38300 ns, At safepoint: 7700 ns, Total: 46000 ns
[5438.813s][info ][gc,start       ] GC(140) Pause Young (Allocation Failure)
[5438.831s][debug][gc,phases      ] GC(140) Scavenge 17.843ms
[5438.831s][debug][gc,ref         ] GC(140) Skipped phase 1 of Reference Processing: no references
[5438.831s][debug][gc,ref         ] GC(140) ReferenceProcessor::execute queues: 1, RefProcThreadModel::Single, marks_oops_alive: false
[5438.831s][debug][gc,ref         ] GC(140) Skipped phase 3 of Reference Processing: no references
[5438.831s][debug][gc,ref         ] GC(140) ReferenceProcessor::execute queues: 1, RefProcThreadModel::Single, marks_oops_alive: false
[5438.831s][debug][gc,phases      ] GC(140) Reference Processing 0.107ms
[5438.833s][debug][gc,phases      ] GC(140)   VM Weak                        Min:  0.0, Avg:  0.0, Max:  0.0, Diff:  0.0, Sum:  0.0, Workers: 4
[5438.833s][debug][gc,phases      ] GC(140)     Dead                           Min: 0, Avg:  0.0, Max: 0, Diff: 0, Sum: 0, Workers: 4
[5438.833s][debug][gc,phases      ] GC(140)     Total                          Min: 0, Avg: 157.5, Max: 367, Diff: 367, Sum: 630, Workers: 4
[5438.833s][debug][gc,phases      ] GC(140)   ObjectSynchronizer Weak        Min:  0.0, Avg:  0.0, Max:  0.0, Diff:  0.0, Sum:  0.0, Workers: 4
[5438.833s][debug][gc,phases      ] GC(140)     Dead                           Min: 0, Avg:  0.0, Max: 0, Diff: 0, Sum: 0, Workers: 4
[5438.833s][debug][gc,phases      ] GC(140)     Total                          Min: 0, Avg: 11.2, Max: 45, Diff: 45, Sum: 45, Workers: 4
[5438.833s][debug][gc,phases      ] GC(140)   JVMTI Tag Weak OopStorage      Min:  0.0, Avg:  0.0, Max:  0.0, Diff:  0.0, Sum:  0.0, Workers: 4
[5438.833s][debug][gc,phases      ] GC(140)     Dead                           Min: 0, Avg:  0.0, Max: 0, Diff: 0, Sum: 0, Workers: 4
[5438.833s][debug][gc,phases      ] GC(140)     Total                          Min: 0, Avg:  0.0, Max: 0, Diff: 0, Sum: 0, Workers: 4
[5438.833s][debug][gc,phases      ] GC(140)   StringTable Weak               Min:  0.1, Avg:  0.5, Max:  1.5, Diff:  1.4, Sum:  1.9, Workers: 4
[5438.833s][debug][gc,phases      ] GC(140)     Dead                           Min: 0, Avg:  0.0, Max: 0, Diff: 0, Sum: 0, Workers: 4
[5438.833s][debug][gc,phases      ] GC(140)     Total                          Min: 2560, Avg: 10707.2, Max: 19597, Diff: 17037, Sum: 42829, Workers: 4
[5438.833s][debug][gc,phases      ] GC(140)   ResolvedMethodTable Weak       Min:  0.0, Avg:  0.0, Max:  0.0, Diff:  0.0, Sum:  0.1, Workers: 4
[5438.833s][debug][gc,phases      ] GC(140)     Dead                           Min: 0, Avg:  0.0, Max: 0, Diff: 0, Sum: 0, Workers: 4
[5438.833s][debug][gc,phases      ] GC(140)     Total                          Min: 0, Avg: 2164.8, Max: 3027, Diff: 3027, Sum: 8659, Workers: 4
[5438.833s][debug][gc,phases      ] GC(140)   JNI Weak                       Min:  0.0, Avg:  0.0, Max:  0.0, Diff:  0.0, Sum:  0.0, Workers: 4
[5438.833s][debug][gc,phases      ] GC(140)     Dead                           Min: 0, Avg:  0.0, Max: 0, Diff: 0, Sum: 0, Workers: 4
[5438.833s][debug][gc,phases      ] GC(140)     Total                          Min: 0, Avg: 11.2, Max: 45, Diff: 45, Sum: 45, Workers: 4
[5438.833s][debug][gc,phases      ] GC(140)   StringDedup Table Weak         Min:  0.0, Avg:  0.0, Max:  0.0, Diff:  0.0, Sum:  0.0, Workers: 4
[5438.833s][debug][gc,phases      ] GC(140)     Dead                           Min: 0, Avg:  0.0, Max: 0, Diff: 0, Sum: 0, Workers: 4
[5438.833s][debug][gc,phases      ] GC(140)     Total                          Min: 0, Avg:  0.0, Max: 0, Diff: 0, Sum: 0, Workers: 4
[5438.833s][debug][gc,phases      ] GC(140)   StringDedup Requests0 Weak     Min:  0.0, Avg:  0.0, Max:  0.0, Diff:  0.0, Sum:  0.0, Workers: 4
[5438.833s][debug][gc,phases      ] GC(140)     Dead                           Min: 0, Avg:  0.0, Max: 0, Diff: 0, Sum: 0, Workers: 4
[5438.833s][debug][gc,phases      ] GC(140)     Total                          Min: 0, Avg:  0.0, Max: 0, Diff: 0, Sum: 0, Workers: 4
[5438.833s][debug][gc,phases      ] GC(140)   StringDedup Requests1 Weak     Min:  0.0, Avg:  0.0, Max:  0.0, Diff:  0.0, Sum:  0.0, Workers: 4
[5438.833s][debug][gc,phases      ] GC(140)     Dead                           Min: 0, Avg:  0.0, Max: 0, Diff: 0, Sum: 0, Workers: 4
[5438.833s][debug][gc,phases      ] GC(140)     Total                          Min: 0, Avg:  0.0, Max: 0, Diff: 0, Sum: 0, Workers: 4
[5438.833s][debug][gc,phases      ] GC(140)   Weak JFR Old Object Samples    Min:  0.0, Avg:  0.0, Max:  0.0, Diff:  0.0, Sum:  0.0, Workers: 4
[5438.833s][debug][gc,phases      ] GC(140)     Dead                           Min: 0, Avg:  0.0, Max: 0, Diff: 0, Sum: 0, Workers: 4
[5438.833s][debug][gc,phases      ] GC(140)     Total                          Min: 0, Avg:  0.0, Max: 0, Diff: 0, Sum: 0, Workers: 4
[5438.833s][debug][gc,phases      ] GC(140) Weak Processing 1.716ms
[5438.833s][debug][gc,age         ] GC(140) Desired survivor size 92798976 bytes, new threshold 15 (max threshold 15)
[5438.833s][info ][gc,heap        ] GC(140) PSYoungGen: 1953344K(2001920K)->41480K(1998848K) Eden: 1903616K(1903616K)->0K(1903616K) From: 49728K(98304K)->41480K(95232K)
[5438.833s][info ][gc,heap        ] GC(140) ParOldGen: 424375K(552448K)->433423K(552448K)
[5438.833s][info ][gc,metaspace   ] GC(140) Metaspace: 79862K(81024K)->79862K(81024K) NonClass: 68718K(69376K)->68718K(69376K) Class: 11143K(11648K)->11143K(11648K)
[5438.833s][info ][gc             ] GC(140) Pause Young (Allocation Failure) 2321M->463M(2491M) 19.835ms
[5438.833s][info ][gc,cpu         ] GC(140) User=0.04s Sys=0.01s Real=0.02s
[5438.833s][info ][safepoint      ] Safepoint "ParallelGCFailedAllocation", Time since last: 7784446301 ns, Reaching safepoint: 124800 ns, At safepoint: 19919045 ns, Total: 20043845 ns
[5527.511s][info ][gc,start       ] GC(141) Pause Young (Allocation Failure)
[5527.523s][debug][gc,phases      ] GC(141) Scavenge 11.786ms
[5527.523s][debug][gc,ref         ] GC(141) Skipped phase 1 of Reference Processing: no references
[5527.523s][debug][gc,ref         ] GC(141) ReferenceProcessor::execute queues: 1, RefProcThreadModel::Single, marks_oops_alive: false
[5527.523s][debug][gc,ref         ] GC(141) Skipped phase 3 of Reference Processing: no references
[5527.523s][debug][gc,ref         ] GC(141) ReferenceProcessor::execute queues: 1, RefProcThreadModel::Single, marks_oops_alive: false
[5527.523s][debug][gc,phases      ] GC(141) Reference Processing 0.108ms
[5527.524s][debug][gc,phases      ] GC(141)   VM Weak                        Min:  0.0, Avg:  0.0, Max:  0.0, Diff:  0.0, Sum:  0.0, Workers: 4
[5527.524s][debug][gc,phases      ] GC(141)     Dead                           Min: 0, Avg:  0.0, Max: 0, Diff: 0, Sum: 0, Workers: 4
[5527.524s][debug][gc,phases      ] GC(141)     Total                          Min: 0, Avg: 157.5, Max: 423, Diff: 423, Sum: 630, Workers: 4
[5527.524s][debug][gc,phases      ] GC(141)   ObjectSynchronizer Weak        Min:  0.0, Avg:  0.0, Max:  0.0, Diff:  0.0, Sum:  0.0, Workers: 4
[5527.524s][debug][gc,phases      ] GC(141)     Dead                           Min: 0, Avg:  0.0, Max: 0, Diff: 0, Sum: 0, Workers: 4
[5527.524s][debug][gc,phases      ] GC(141)     Total                          Min: 0, Avg: 11.2, Max: 45, Diff: 45, Sum: 45, Workers: 4
[5527.524s][debug][gc,phases      ] GC(141)   JVMTI Tag Weak OopStorage      Min:  0.0, Avg:  0.0, Max:  0.0, Diff:  0.0, Sum:  0.0, Workers: 4
[5527.524s][debug][gc,phases      ] GC(141)     Dead                           Min: 0, Avg:  0.0, Max: 0, Diff: 0, Sum: 0, Workers: 4
[5527.524s][debug][gc,phases      ] GC(141)     Total                          Min: 0, Avg:  0.0, Max: 0, Diff: 0, Sum: 0, Workers: 4
[5527.524s][debug][gc,phases      ] GC(141)   StringTable Weak               Min:  0.0, Avg:  0.1, Max:  0.1, Diff:  0.1, Sum:  0.3, Workers: 4
[5527.524s][debug][gc,phases      ] GC(141)     Dead                           Min: 0, Avg:  0.0, Max: 0, Diff: 0, Sum: 0, Workers: 4
[5527.524s][debug][gc,phases      ] GC(141)     Total                          Min: 0, Avg: 10707.2, Max: 19597, Diff: 19597, Sum: 42829, Workers: 4
[5527.524s][debug][gc,phases      ] GC(141)   ResolvedMethodTable Weak       Min:  0.0, Avg:  0.0, Max:  0.0, Diff:  0.0, Sum:  0.1, Workers: 4
[5527.524s][debug][gc,phases      ] GC(141)     Dead                           Min: 0, Avg:  0.0, Max: 0, Diff: 0, Sum: 0, Workers: 4
[5527.524s][debug][gc,phases      ] GC(141)     Total                          Min: 0, Avg: 2164.8, Max: 3776, Diff: 3776, Sum: 8659, Workers: 4
[5527.524s][debug][gc,phases      ] GC(141)   JNI Weak                       Min:  0.0, Avg:  0.0, Max:  0.0, Diff:  0.0, Sum:  0.0, Workers: 4
[5527.524s][debug][gc,phases      ] GC(141)     Dead                           Min: 0, Avg:  0.0, Max: 0, Diff: 0, Sum: 0, Workers: 4
[5527.524s][debug][gc,phases      ] GC(141)     Total                          Min: 0, Avg: 11.2, Max: 45, Diff: 45, Sum: 45, Workers: 4
[5527.524s][debug][gc,phases      ] GC(141)   StringDedup Table Weak         Min:  0.0, Avg:  0.0, Max:  0.0, Diff:  0.0, Sum:  0.0, Workers: 4
[5527.524s][debug][gc,phases      ] GC(141)     Dead                           Min: 0, Avg:  0.0, Max: 0, Diff: 0, Sum: 0, Workers: 4
[5527.524s][debug][gc,phases      ] GC(141)     Total                          Min: 0, Avg:  0.0, Max: 0, Diff: 0, Sum: 0, Workers: 4
[5527.524s][debug][gc,phases      ] GC(141)   StringDedup Requests0 Weak     Min:  0.0, Avg:  0.0, Max:  0.0, Diff:  0.0, Sum:  0.0, Workers: 4
[5527.524s][debug][gc,phases      ] GC(141)     Dead                           Min: 0, Avg:  0.0, Max: 0, Diff: 0, Sum: 0, Workers: 4
[5527.524s][debug][gc,phases      ] GC(141)     Total                          Min: 0, Avg:  0.0, Max: 0, Diff: 0, Sum: 0, Workers: 4
[5527.524s][debug][gc,phases      ] GC(141)   StringDedup Requests1 Weak     Min:  0.0, Avg:  0.0, Max:  0.0, Diff:  0.0, Sum:  0.0, Workers: 4
[5527.524s][debug][gc,phases      ] GC(141)     Dead                           Min: 0, Avg:  0.0, Max: 0, Diff: 0, Sum: 0, Workers: 4
[5527.524s][debug][gc,phases      ] GC(141)     Total                          Min: 0, Avg:  0.0, Max: 0, Diff: 0, Sum: 0, Workers: 4
[5527.524s][debug][gc,phases      ] GC(141)   Weak JFR Old Object Samples    Min:  0.0, Avg:  0.0, Max:  0.0, Diff:  0.0, Sum:  0.0, Workers: 4
[5527.524s][debug][gc,phases      ] GC(141)     Dead                           Min: 0, Avg:  0.0, Max: 0, Diff: 0, Sum: 0, Workers: 4
[5527.524s][debug][gc,phases      ] GC(141)     Total                          Min: 0, Avg:  0.0, Max: 0, Diff: 0, Sum: 0, Workers: 4
[5527.524s][debug][gc,phases      ] GC(141) Weak Processing 0.296ms
[5527.524s][debug][gc,age         ] GC(141) Desired survivor size 88080384 bytes, new threshold 15 (max threshold 15)
[5527.524s][info ][gc,heap        ] GC(141) PSYoungGen: 1945096K(1998848K)->41271K(2011136K) Eden: 1903616K(1903616K)->0K(1920512K) From: 41480K(95232K)->41271K(90624K)
[5527.524s][info ][gc,heap        ] GC(141) ParOldGen: 433423K(552448K)->433511K(552448K)
[5527.524s][info ][gc,metaspace   ] GC(141) Metaspace: 79865K(81024K)->79865K(81024K) NonClass: 68721K(69376K)->68721K(69376K) Class: 11143K(11648K)->11143K(11648K)
[5527.524s][info ][gc             ] GC(141) Pause Young (Allocation Failure) 2322M->463M(2503M) 12.307ms
[5527.524s][info ][gc,cpu         ] GC(141) User=0.03s Sys=0.00s Real=0.01s
[5527.524s][info ][safepoint      ] Safepoint "ParallelGCFailedAllocation", Time since last: 88678307304 ns, Reaching safepoint: 24700 ns, At safepoint: 12369666 ns, Total: 12394366 ns
[5562.526s][info ][safepoint      ] Safepoint "Cleanup", Time since last: 35002072061 ns, Reaching safepoint: 44300 ns, At safepoint: 2000 ns, Total: 46300 ns
[5572.527s][info ][safepoint      ] Safepoint "Cleanup", Time since last: 10000623145 ns, Reaching safepoint: 54200 ns, At safepoint: 22500 ns, Total: 76700 ns
[5577.527s][info ][safepoint      ] Safepoint "Cleanup", Time since last: 5000340418 ns, Reaching safepoint: 30500 ns, At safepoint: 2500 ns, Total: 33000 ns
[5617.111s][info ][gc,start       ] GC(142) Pause Young (Allocation Failure)
[5617.121s][debug][gc,phases      ] GC(142) Scavenge 9.490ms
[5617.121s][debug][gc,ref         ] GC(142) Skipped phase 1 of Reference Processing: no references
[5617.121s][debug][gc,ref         ] GC(142) ReferenceProcessor::execute queues: 1, RefProcThreadModel::Single, marks_oops_alive: false
[5617.121s][debug][gc,ref         ] GC(142) Skipped phase 3 of Reference Processing: no references
[5617.121s][debug][gc,ref         ] GC(142) Skipped phase 4 of Reference Processing: no references
[5617.121s][debug][gc,phases      ] GC(142) Reference Processing 0.087ms
[5617.121s][debug][gc,phases      ] GC(142)   VM Weak                        Min:  0.0, Avg:  0.0, Max:  0.0, Diff:  0.0, Sum:  0.0, Workers: 4
[5617.121s][debug][gc,phases      ] GC(142)     Dead                           Min: 0, Avg:  0.0, Max: 0, Diff: 0, Sum: 0, Workers: 4
[5617.121s][debug][gc,phases      ] GC(142)     Total                          Min: 0, Avg: 157.5, Max: 323, Diff: 323, Sum: 630, Workers: 4
[5617.121s][debug][gc,phases      ] GC(142)   ObjectSynchronizer Weak        Min:  0.0, Avg:  0.0, Max:  0.0, Diff:  0.0, Sum:  0.0, Workers: 4
[5617.121s][debug][gc,phases      ] GC(142)     Dead                           Min: 0, Avg:  0.0, Max: 0, Diff: 0, Sum: 0, Workers: 4
[5617.121s][debug][gc,phases      ] GC(142)     Total                          Min: 0, Avg: 11.2, Max: 45, Diff: 45, Sum: 45, Workers: 4
[5617.121s][debug][gc,phases      ] GC(142)   JVMTI Tag Weak OopStorage      Min:  0.0, Avg:  0.0, Max:  0.0, Diff:  0.0, Sum:  0.0, Workers: 4
[5617.121s][debug][gc,phases      ] GC(142)     Dead                           Min: 0, Avg:  0.0, Max: 0, Diff: 0, Sum: 0, Workers: 4
[5617.121s][debug][gc,phases      ] GC(142)     Total                          Min: 0, Avg:  0.0, Max: 0, Diff: 0, Sum: 0, Workers: 4
[5617.121s][debug][gc,phases      ] GC(142)   StringTable Weak               Min:  0.0, Avg:  0.1, Max:  0.1, Diff:  0.1, Sum:  0.3, Workers: 4
[5617.121s][debug][gc,phases      ] GC(142)     Dead                           Min: 0, Avg:  0.0, Max: 0, Diff: 0, Sum: 0, Workers: 4
[5617.121s][debug][gc,phases      ] GC(142)     Total                          Min: 0, Avg: 10707.2, Max: 16448, Diff: 16448, Sum: 42829, Workers: 4
[5617.121s][debug][gc,phases      ] GC(142)   ResolvedMethodTable Weak       Min:  0.0, Avg:  0.0, Max:  0.0, Diff:  0.0, Sum:  0.1, Workers: 4
[5617.121s][debug][gc,phases      ] GC(142)     Dead                           Min: 0, Avg:  0.0, Max: 0, Diff: 0, Sum: 0, Workers: 4
[5617.121s][debug][gc,phases      ] GC(142)     Total                          Min: 0, Avg: 2164.8, Max: 3072, Diff: 3072, Sum: 8659, Workers: 4
[5617.121s][debug][gc,phases      ] GC(142)   JNI Weak                       Min:  0.0, Avg:  0.0, Max:  0.0, Diff:  0.0, Sum:  0.0, Workers: 4
[5617.121s][debug][gc,phases      ] GC(142)     Dead                           Min: 0, Avg:  0.0, Max: 0, Diff: 0, Sum: 0, Workers: 4
[5617.121s][debug][gc,phases      ] GC(142)     Total                          Min: 0, Avg: 11.2, Max: 45, Diff: 45, Sum: 45, Workers: 4
[5617.121s][debug][gc,phases      ] GC(142)   StringDedup Table Weak         Min:  0.0, Avg:  0.0, Max:  0.0, Diff:  0.0, Sum:  0.0, Workers: 4
[5617.121s][debug][gc,phases      ] GC(142)     Dead                           Min: 0, Avg:  0.0, Max: 0, Diff: 0, Sum: 0, Workers: 4
[5617.121s][debug][gc,phases      ] GC(142)     Total                          Min: 0, Avg:  0.0, Max: 0, Diff: 0, Sum: 0, Workers: 4
[5617.121s][debug][gc,phases      ] GC(142)   StringDedup Requests0 Weak     Min:  0.0, Avg:  0.0, Max:  0.0, Diff:  0.0, Sum:  0.0, Workers: 4
[5617.121s][debug][gc,phases      ] GC(142)     Dead                           Min: 0, Avg:  0.0, Max: 0, Diff: 0, Sum: 0, Workers: 4
[5617.121s][debug][gc,phases      ] GC(142)     Total                          Min: 0, Avg:  0.0, Max: 0, Diff: 0, Sum: 0, Workers: 4
[5617.121s][debug][gc,phases      ] GC(142)   StringDedup Requests1 Weak     Min:  0.0, Avg:  0.0, Max:  0.0, Diff:  0.0, Sum:  0.0, Workers: 4
[5617.121s][debug][gc,phases      ] GC(142)     Dead                           Min: 0, Avg:  0.0, Max: 0, Diff: 0, Sum: 0, Workers: 4
[5617.121s][debug][gc,phases      ] GC(142)     Total                          Min: 0, Avg:  0.0, Max: 0, Diff: 0, Sum: 0, Workers: 4
[5617.121s][debug][gc,phases      ] GC(142)   Weak JFR Old Object Samples    Min:  0.0, Avg:  0.0, Max:  0.0, Diff:  0.0, Sum:  0.0, Workers: 4
[5617.121s][debug][gc,phases      ] GC(142)     Dead                           Min: 0, Avg:  0.0, Max: 0, Diff: 0, Sum: 0, Workers: 4
[5617.121s][debug][gc,phases      ] GC(142)     Total                          Min: 0, Avg:  0.0, Max: 0, Diff: 0, Sum: 0, Workers: 4
[5617.121s][debug][gc,phases      ] GC(142) Weak Processing 0.287ms
[5617.121s][debug][gc,age         ] GC(142) Desired survivor size 85458944 bytes, new threshold 15 (max threshold 15)
[5617.121s][info ][gc,heap        ] GC(142) PSYoungGen: 1961783K(2011136K)->34295K(2006528K) Eden: 1920512K(1920512K)->0K(1920512K) From: 41271K(90624K)->34295K(86016K)
[5617.121s][info ][gc,heap        ] GC(142) ParOldGen: 433511K(552448K)->441067K(552448K)
[5617.121s][info ][gc,metaspace   ] GC(142) Metaspace: 79867K(81024K)->79867K(81024K) NonClass: 68724K(69376K)->68724K(69376K) Class: 11143K(11648K)->11143K(11648K)
[5617.121s][info ][gc             ] GC(142) Pause Young (Allocation Failure) 2339M->464M(2499M) 9.973ms
[5617.121s][info ][gc,cpu         ] GC(142) User=0.04s Sys=0.00s Real=0.01s
[5617.121s][info ][safepoint      ] Safepoint "ParallelGCFailedAllocation", Time since last: 39584193688 ns, Reaching safepoint: 31800 ns, At safepoint: 10045273 ns, Total: 10077073 ns
[5672.514s][info ][gc,start       ] GC(143) Pause Young (Allocation Failure)
[5672.525s][debug][gc,phases      ] GC(143) Scavenge 11.100ms
[5672.525s][debug][gc,ref         ] GC(143) Skipped phase 1 of Reference Processing: no references
[5672.525s][debug][gc,ref         ] GC(143) ReferenceProcessor::execute queues: 1, RefProcThreadModel::Single, marks_oops_alive: false
[5672.525s][debug][gc,ref         ] GC(143) Skipped phase 3 of Reference Processing: no references
[5672.525s][debug][gc,ref         ] GC(143) ReferenceProcessor::execute queues: 1, RefProcThreadModel::Single, marks_oops_alive: false
[5672.525s][debug][gc,phases      ] GC(143) Reference Processing 0.087ms
[5672.525s][debug][gc,phases      ] GC(143)   VM Weak                        Min:  0.0, Avg:  0.0, Max:  0.0, Diff:  0.0, Sum:  0.0, Workers: 4
[5672.525s][debug][gc,phases      ] GC(143)     Dead                           Min: 0, Avg:  0.0, Max: 0, Diff: 0, Sum: 0, Workers: 4
[5672.525s][debug][gc,phases      ] GC(143)     Total                          Min: 0, Avg: 157.5, Max: 630, Diff: 630, Sum: 630, Workers: 4
[5672.525s][debug][gc,phases      ] GC(143)   ObjectSynchronizer Weak        Min:  0.0, Avg:  0.0, Max:  0.0, Diff:  0.0, Sum:  0.0, Workers: 4
[5672.525s][debug][gc,phases      ] GC(143)     Dead                           Min: 0, Avg:  0.0, Max: 0, Diff: 0, Sum: 0, Workers: 4
[5672.525s][debug][gc,phases      ] GC(143)     Total                          Min: 0, Avg: 11.2, Max: 45, Diff: 45, Sum: 45, Workers: 4
[5672.525s][debug][gc,phases      ] GC(143)   JVMTI Tag Weak OopStorage      Min:  0.0, Avg:  0.0, Max:  0.0, Diff:  0.0, Sum:  0.0, Workers: 4
[5672.525s][debug][gc,phases      ] GC(143)     Dead                           Min: 0, Avg:  0.0, Max: 0, Diff: 0, Sum: 0, Workers: 4
[5672.525s][debug][gc,phases      ] GC(143)     Total                          Min: 0, Avg:  0.0, Max: 0, Diff: 0, Sum: 0, Workers: 4
[5672.525s][debug][gc,phases      ] GC(143)   StringTable Weak               Min:  0.1, Avg:  0.1, Max:  0.1, Diff:  0.0, Sum:  0.5, Workers: 4
[5672.525s][debug][gc,phases      ] GC(143)     Dead                           Min: 0, Avg:  0.0, Max: 0, Diff: 0, Sum: 0, Workers: 4
[5672.525s][debug][gc,phases      ] GC(143)     Total                          Min: 640, Avg: 10707.2, Max: 17280, Diff: 16640, Sum: 42829, Workers: 4
[5672.525s][debug][gc,phases      ] GC(143)   ResolvedMethodTable Weak       Min:  0.0, Avg:  0.0, Max:  0.0, Diff:  0.0, Sum:  0.1, Workers: 4
[5672.525s][debug][gc,phases      ] GC(143)     Dead                           Min: 0, Avg:  0.0, Max: 0, Diff: 0, Sum: 0, Workers: 4
[5672.525s][debug][gc,phases      ] GC(143)     Total                          Min: 0, Avg: 2164.8, Max: 3840, Diff: 3840, Sum: 8659, Workers: 4
[5672.525s][debug][gc,phases      ] GC(143)   JNI Weak                       Min:  0.0, Avg:  0.0, Max:  0.0, Diff:  0.0, Sum:  0.0, Workers: 4
[5672.525s][debug][gc,phases      ] GC(143)     Dead                           Min: 0, Avg:  0.0, Max: 0, Diff: 0, Sum: 0, Workers: 4
[5672.525s][debug][gc,phases      ] GC(143)     Total                          Min: 0, Avg: 11.2, Max: 45, Diff: 45, Sum: 45, Workers: 4
[5672.525s][debug][gc,phases      ] GC(143)   StringDedup Table Weak         Min:  0.0, Avg:  0.0, Max:  0.0, Diff:  0.0, Sum:  0.0, Workers: 4
[5672.525s][debug][gc,phases      ] GC(143)     Dead                           Min: 0, Avg:  0.0, Max: 0, Diff: 0, Sum: 0, Workers: 4
[5672.525s][debug][gc,phases      ] GC(143)     Total                          Min: 0, Avg:  0.0, Max: 0, Diff: 0, Sum: 0, Workers: 4
[5672.525s][debug][gc,phases      ] GC(143)   StringDedup Requests0 Weak     Min:  0.0, Avg:  0.0, Max:  0.0, Diff:  0.0, Sum:  0.0, Workers: 4
[5672.525s][debug][gc,phases      ] GC(143)     Dead                           Min: 0, Avg:  0.0, Max: 0, Diff: 0, Sum: 0, Workers: 4
[5672.525s][debug][gc,phases      ] GC(143)     Total                          Min: 0, Avg:  0.0, Max: 0, Diff: 0, Sum: 0, Workers: 4
[5672.525s][debug][gc,phases      ] GC(143)   StringDedup Requests1 Weak     Min:  0.0, Avg:  0.0, Max:  0.0, Diff:  0.0, Sum:  0.0, Workers: 4
[5672.525s][debug][gc,phases      ] GC(143)     Dead                           Min: 0, Avg:  0.0, Max: 0, Diff: 0, Sum: 0, Workers: 4
[5672.525s][debug][gc,phases      ] GC(143)     Total                          Min: 0, Avg:  0.0, Max: 0, Diff: 0, Sum: 0, Workers: 4
[5672.525s][debug][gc,phases      ] GC(143)   Weak JFR Old Object Samples    Min:  0.0, Avg:  0.0, Max:  0.0, Diff:  0.0, Sum:  0.0, Workers: 4
[5672.525s][debug][gc,phases      ] GC(143)     Dead                           Min: 0, Avg:  0.0, Max: 0, Diff: 0, Sum: 0, Workers: 4
[5672.525s][debug][gc,phases      ] GC(143)     Total                          Min: 0, Avg:  0.0, Max: 0, Diff: 0, Sum: 0, Workers: 4
[5672.525s][debug][gc,phases      ] GC(143) Weak Processing 0.307ms
[5672.525s][debug][gc,age         ] GC(143) Desired survivor size 82313216 bytes, new threshold 15 (max threshold 15)
[5672.525s][info ][gc,heap        ] GC(143) PSYoungGen: 1954807K(2006528K)->34256K(2016768K) Eden: 1920512K(1920512K)->0K(1933312K) From: 34295K(86016K)->34256K(83456K)
[5672.525s][info ][gc,heap        ] GC(143) ParOldGen: 441067K(552448K)->441327K(552448K)
[5672.525s][info ][gc,metaspace   ] GC(143) Metaspace: 79868K(81024K)->79868K(81024K) NonClass: 68724K(69376K)->68724K(69376K) Class: 11143K(11648K)->11143K(11648K)
[5672.525s][info ][gc             ] GC(143) Pause Young (Allocation Failure) 2339M->464M(2509M) 11.589ms
[5672.525s][info ][gc,cpu         ] GC(143) User=0.04s Sys=0.00s Real=0.01s
[5672.525s][info ][safepoint      ] Safepoint "ParallelGCFailedAllocation", Time since last: 55392381074 ns, Reaching safepoint: 37000 ns, At safepoint: 11663868 ns, Total: 11700868 ns
[5675.526s][info ][safepoint      ] Safepoint "Cleanup", Time since last: 3000204196 ns, Reaching safepoint: 38300 ns, At safepoint: 2700 ns, Total: 41000 ns
[5678.526s][info ][safepoint      ] Safepoint "Cleanup", Time since last: 3000218296 ns, Reaching safepoint: 37500 ns, At safepoint: 3900 ns, Total: 41400 ns
[5679.526s][info ][safepoint      ] Safepoint "Cleanup", Time since last: 1000095932 ns, Reaching safepoint: 41200 ns, At safepoint: 2600 ns, Total: 43800 ns
[5680.526s][info ][safepoint      ] Safepoint "Cleanup", Time since last: 1000102831 ns, Reaching safepoint: 44300 ns, At safepoint: 3600 ns, Total: 47900 ns
[5681.526s][info ][safepoint      ] Safepoint "Cleanup", Time since last: 1000103732 ns, Reaching safepoint: 48400 ns, At safepoint: 4400 ns, Total: 52800 ns
[5684.527s][info ][safepoint      ] Safepoint "Cleanup", Time since last: 3000247294 ns, Reaching safepoint: 41199 ns, At safepoint: 5200 ns, Total: 46399 ns
[5685.527s][info ][safepoint      ] Safepoint "Cleanup", Time since last: 1000103532 ns, Reaching safepoint: 42899 ns, At safepoint: 5300 ns, Total: 48199 ns
[5686.527s][info ][safepoint      ] Safepoint "Cleanup", Time since last: 1000109631 ns, Reaching safepoint: 105800 ns, At safepoint: 7300 ns, Total: 113100 ns
[5730.530s][info ][safepoint      ] Safepoint "Cleanup", Time since last: 44002699872 ns, Reaching safepoint: 51599 ns, At safepoint: 3100 ns, Total: 54699 ns
[5741.438s][info ][gc,start       ] GC(144) Pause Young (Allocation Failure)
[5741.447s][debug][gc,phases      ] GC(144) Scavenge 8.667ms
[5741.447s][debug][gc,ref         ] GC(144) Skipped phase 1 of Reference Processing: no references
[5741.447s][debug][gc,ref         ] GC(144) ReferenceProcessor::execute queues: 1, RefProcThreadModel::Single, marks_oops_alive: false
[5741.447s][debug][gc,ref         ] GC(144) Skipped phase 3 of Reference Processing: no references
[5741.447s][debug][gc,ref         ] GC(144) ReferenceProcessor::execute queues: 1, RefProcThreadModel::Single, marks_oops_alive: false
[5741.447s][debug][gc,phases      ] GC(144) Reference Processing 0.090ms
[5741.447s][debug][gc,phases      ] GC(144)   VM Weak                        Min:  0.0, Avg:  0.0, Max:  0.0, Diff:  0.0, Sum:  0.0, Workers: 4
[5741.447s][debug][gc,phases      ] GC(144)     Dead                           Min: 0, Avg:  0.0, Max: 0, Diff: 0, Sum: 0, Workers: 4
[5741.447s][debug][gc,phases      ] GC(144)     Total                          Min: 0, Avg: 157.5, Max: 630, Diff: 630, Sum: 630, Workers: 4
[5741.447s][debug][gc,phases      ] GC(144)   ObjectSynchronizer Weak        Min:  0.0, Avg:  0.0, Max:  0.0, Diff:  0.0, Sum:  0.0, Workers: 4
[5741.447s][debug][gc,phases      ] GC(144)     Dead                           Min: 0, Avg:  0.0, Max: 0, Diff: 0, Sum: 0, Workers: 4
[5741.447s][debug][gc,phases      ] GC(144)     Total                          Min: 0, Avg: 11.2, Max: 45, Diff: 45, Sum: 45, Workers: 4
[5741.447s][debug][gc,phases      ] GC(144)   JVMTI Tag Weak OopStorage      Min:  0.0, Avg:  0.0, Max:  0.0, Diff:  0.0, Sum:  0.0, Workers: 4
[5741.447s][debug][gc,phases      ] GC(144)     Dead                           Min: 0, Avg:  0.0, Max: 0, Diff: 0, Sum: 0, Workers: 4
[5741.447s][debug][gc,phases      ] GC(144)     Total                          Min: 0, Avg:  0.0, Max: 0, Diff: 0, Sum: 0, Workers: 4
[5741.447s][debug][gc,phases      ] GC(144)   StringTable Weak               Min:  0.1, Avg:  0.1, Max:  0.1, Diff:  0.0, Sum:  0.4, Workers: 4
[5741.447s][debug][gc,phases      ] GC(144)     Dead                           Min: 0, Avg:  0.2, Max: 1, Diff: 1, Sum: 1, Workers: 4
[5741.447s][debug][gc,phases      ] GC(144)     Total                          Min: 8256, Avg: 10708.8, Max: 12416, Diff: 4160, Sum: 42835, Workers: 4
[5741.447s][debug][gc,phases      ] GC(144)   ResolvedMethodTable Weak       Min:  0.0, Avg:  0.0, Max:  0.0, Diff:  0.0, Sum:  0.1, Workers: 4
[5741.447s][debug][gc,phases      ] GC(144)     Dead                           Min: 0, Avg:  0.0, Max: 0, Diff: 0, Sum: 0, Workers: 4
[5741.447s][debug][gc,phases      ] GC(144)     Total                          Min: 726, Avg: 2165.5, Max: 3008, Diff: 2282, Sum: 8662, Workers: 4
[5741.447s][debug][gc,phases      ] GC(144)   JNI Weak                       Min:  0.0, Avg:  0.0, Max:  0.0, Diff:  0.0, Sum:  0.0, Workers: 4
[5741.447s][debug][gc,phases      ] GC(144)     Dead                           Min: 0, Avg:  0.0, Max: 0, Diff: 0, Sum: 0, Workers: 4
[5741.447s][debug][gc,phases      ] GC(144)     Total                          Min: 0, Avg: 11.2, Max: 45, Diff: 45, Sum: 45, Workers: 4
[5741.447s][debug][gc,phases      ] GC(144)   StringDedup Table Weak         Min:  0.0, Avg:  0.0, Max:  0.0, Diff:  0.0, Sum:  0.0, Workers: 4
[5741.447s][debug][gc,phases      ] GC(144)     Dead                           Min: 0, Avg:  0.0, Max: 0, Diff: 0, Sum: 0, Workers: 4
[5741.447s][debug][gc,phases      ] GC(144)     Total                          Min: 0, Avg:  0.0, Max: 0, Diff: 0, Sum: 0, Workers: 4
[5741.447s][debug][gc,phases      ] GC(144)   StringDedup Requests0 Weak     Min:  0.0, Avg:  0.0, Max:  0.0, Diff:  0.0, Sum:  0.0, Workers: 4
[5741.447s][debug][gc,phases      ] GC(144)     Dead                           Min: 0, Avg:  0.0, Max: 0, Diff: 0, Sum: 0, Workers: 4
[5741.447s][debug][gc,phases      ] GC(144)     Total                          Min: 0, Avg:  0.0, Max: 0, Diff: 0, Sum: 0, Workers: 4
[5741.447s][debug][gc,phases      ] GC(144)   StringDedup Requests1 Weak     Min:  0.0, Avg:  0.0, Max:  0.0, Diff:  0.0, Sum:  0.0, Workers: 4
[5741.447s][debug][gc,phases      ] GC(144)     Dead                           Min: 0, Avg:  0.0, Max: 0, Diff: 0, Sum: 0, Workers: 4
[5741.447s][debug][gc,phases      ] GC(144)     Total                          Min: 0, Avg:  0.0, Max: 0, Diff: 0, Sum: 0, Workers: 4
[5741.447s][debug][gc,phases      ] GC(144)   Weak JFR Old Object Samples    Min:  0.0, Avg:  0.0, Max:  0.0, Diff:  0.0, Sum:  0.0, Workers: 4
[5741.447s][debug][gc,phases      ] GC(144)     Dead                           Min: 0, Avg:  0.0, Max: 0, Diff: 0, Sum: 0, Workers: 4
[5741.447s][debug][gc,phases      ] GC(144)     Total                          Min: 0, Avg:  0.0, Max: 0, Diff: 0, Sum: 0, Workers: 4
[5741.447s][debug][gc,phases      ] GC(144) Weak Processing 0.288ms
[5741.447s][debug][gc,age         ] GC(144) Desired survivor size 79691776 bytes, new threshold 15 (max threshold 15)
[5741.447s][info ][gc,heap        ] GC(144) PSYoungGen: 1967568K(2016768K)->34048K(2013696K) Eden: 1933312K(1933312K)->0K(1933312K) From: 34256K(83456K)->34048K(80384K)
[5741.447s][info ][gc,heap        ] GC(144) ParOldGen: 441327K(552448K)->441574K(552448K)
[5741.447s][info ][gc,metaspace   ] GC(144) Metaspace: 79891K(81024K)->79891K(81024K) NonClass: 68745K(69376K)->68745K(69376K) Class: 11145K(11648K)->11145K(11648K)
[5741.447s][info ][gc             ] GC(144) Pause Young (Allocation Failure) 2352M->464M(2506M) 9.146ms
[5741.447s][info ][gc,cpu         ] GC(144) User=0.03s Sys=0.00s Real=0.02s
[5741.448s][info ][safepoint      ] Safepoint "ParallelGCFailedAllocation", Time since last: 10908597245 ns, Reaching safepoint: 45600 ns, At safepoint: 9207675 ns, Total: 9253275 ns
[5750.448s][info ][safepoint      ] Safepoint "Cleanup", Time since last: 9000556428 ns, Reaching safepoint: 39000 ns, At safepoint: 3100 ns, Total: 42100 ns
[5754.448s][info ][safepoint      ] Safepoint "Cleanup", Time since last: 4000301599 ns, Reaching safepoint: 53800 ns, At safepoint: 4400 ns, Total: 58200 ns
[5773.450s][info ][safepoint      ] Safepoint "Cleanup", Time since last: 19001248853 ns, Reaching safepoint: 37399 ns, At safepoint: 7000 ns, Total: 44399 ns
[5816.665s][info ][gc,start       ] GC(145) Pause Young (Allocation Failure)
[5816.674s][debug][gc,phases      ] GC(145) Scavenge 8.386ms
[5816.674s][debug][gc,ref         ] GC(145) Skipped phase 1 of Reference Processing: no references
[5816.674s][debug][gc,ref         ] GC(145) ReferenceProcessor::execute queues: 1, RefProcThreadModel::Single, marks_oops_alive: false
[5816.674s][debug][gc,ref         ] GC(145) Skipped phase 3 of Reference Processing: no references
[5816.674s][debug][gc,ref         ] GC(145) ReferenceProcessor::execute queues: 1, RefProcThreadModel::Single, marks_oops_alive: false
[5816.674s][debug][gc,phases      ] GC(145) Reference Processing 0.100ms
[5816.674s][debug][gc,phases      ] GC(145)   VM Weak                        Min:  0.0, Avg:  0.0, Max:  0.0, Diff:  0.0, Sum:  0.0, Workers: 4
[5816.674s][debug][gc,phases      ] GC(145)     Dead                           Min: 0, Avg:  0.0, Max: 0, Diff: 0, Sum: 0, Workers: 4
[5816.674s][debug][gc,phases      ] GC(145)     Total                          Min: 0, Avg: 157.5, Max: 403, Diff: 403, Sum: 630, Workers: 4
[5816.674s][debug][gc,phases      ] GC(145)   ObjectSynchronizer Weak        Min:  0.0, Avg:  0.0, Max:  0.0, Diff:  0.0, Sum:  0.0, Workers: 4
[5816.674s][debug][gc,phases      ] GC(145)     Dead                           Min: 0, Avg:  0.0, Max: 0, Diff: 0, Sum: 0, Workers: 4
[5816.674s][debug][gc,phases      ] GC(145)     Total                          Min: 0, Avg: 11.2, Max: 45, Diff: 45, Sum: 45, Workers: 4
[5816.674s][debug][gc,phases      ] GC(145)   JVMTI Tag Weak OopStorage      Min:  0.0, Avg:  0.0, Max:  0.0, Diff:  0.0, Sum:  0.0, Workers: 4
[5816.674s][debug][gc,phases      ] GC(145)     Dead                           Min: 0, Avg:  0.0, Max: 0, Diff: 0, Sum: 0, Workers: 4
[5816.674s][debug][gc,phases      ] GC(145)     Total                          Min: 0, Avg:  0.0, Max: 0, Diff: 0, Sum: 0, Workers: 4
[5816.674s][debug][gc,phases      ] GC(145)   StringTable Weak               Min:  0.1, Avg:  0.1, Max:  0.1, Diff:  0.0, Sum:  0.4, Workers: 4
[5816.674s][debug][gc,phases      ] GC(145)     Dead                           Min: 0, Avg:  0.0, Max: 0, Diff: 0, Sum: 0, Workers: 4
[5816.674s][debug][gc,phases      ] GC(145)     Total                          Min: 10112, Avg: 10708.8, Max: 11647, Diff: 1535, Sum: 42835, Workers: 4
[5816.674s][debug][gc,phases      ] GC(145)   ResolvedMethodTable Weak       Min:  0.0, Avg:  0.0, Max:  0.0, Diff:  0.0, Sum:  0.1, Workers: 4
[5816.674s][debug][gc,phases      ] GC(145)     Dead                           Min: 0, Avg:  0.0, Max: 0, Diff: 0, Sum: 0, Workers: 4
[5816.674s][debug][gc,phases      ] GC(145)     Total                          Min: 2070, Avg: 2165.5, Max: 2304, Diff: 234, Sum: 8662, Workers: 4
[5816.674s][debug][gc,phases      ] GC(145)   JNI Weak                       Min:  0.0, Avg:  0.0, Max:  0.0, Diff:  0.0, Sum:  0.0, Workers: 4
[5816.674s][debug][gc,phases      ] GC(145)     Dead                           Min: 0, Avg:  0.0, Max: 0, Diff: 0, Sum: 0, Workers: 4
[5816.674s][debug][gc,phases      ] GC(145)     Total                          Min: 0, Avg: 11.2, Max: 45, Diff: 45, Sum: 45, Workers: 4
[5816.674s][debug][gc,phases      ] GC(145)   StringDedup Table Weak         Min:  0.0, Avg:  0.0, Max:  0.0, Diff:  0.0, Sum:  0.0, Workers: 4
[5816.674s][debug][gc,phases      ] GC(145)     Dead                           Min: 0, Avg:  0.0, Max: 0, Diff: 0, Sum: 0, Workers: 4
[5816.674s][debug][gc,phases      ] GC(145)     Total                          Min: 0, Avg:  0.0, Max: 0, Diff: 0, Sum: 0, Workers: 4
[5816.674s][debug][gc,phases      ] GC(145)   StringDedup Requests0 Weak     Min:  0.0, Avg:  0.0, Max:  0.0, Diff:  0.0, Sum:  0.0, Workers: 4
[5816.674s][debug][gc,phases      ] GC(145)     Dead                           Min: 0, Avg:  0.0, Max: 0, Diff: 0, Sum: 0, Workers: 4
[5816.674s][debug][gc,phases      ] GC(145)     Total                          Min: 0, Avg:  0.0, Max: 0, Diff: 0, Sum: 0, Workers: 4
[5816.674s][debug][gc,phases      ] GC(145)   StringDedup Requests1 Weak     Min:  0.0, Avg:  0.0, Max:  0.0, Diff:  0.0, Sum:  0.0, Workers: 4
[5816.674s][debug][gc,phases      ] GC(145)     Dead                           Min: 0, Avg:  0.0, Max: 0, Diff: 0, Sum: 0, Workers: 4
[5816.674s][debug][gc,phases      ] GC(145)     Total                          Min: 0, Avg:  0.0, Max: 0, Diff: 0, Sum: 0, Workers: 4
[5816.674s][debug][gc,phases      ] GC(145)   Weak JFR Old Object Samples    Min:  0.0, Avg:  0.0, Max:  0.0, Diff:  0.0, Sum:  0.0, Workers: 4
[5816.674s][debug][gc,phases      ] GC(145)     Dead                           Min: 0, Avg:  0.0, Max: 0, Diff: 0, Sum: 0, Workers: 4
[5816.674s][debug][gc,phases      ] GC(145)     Total                          Min: 0, Avg:  0.0, Max: 0, Diff: 0, Sum: 0, Workers: 4
[5816.674s][debug][gc,phases      ] GC(145) Weak Processing 0.291ms
[5816.674s][debug][gc,age         ] GC(145) Desired survivor size 77070336 bytes, new threshold 15 (max threshold 15)
[5816.674s][info ][gc,heap        ] GC(145) PSYoungGen: 1967360K(2013696K)->33632K(2021888K) Eden: 1933312K(1933312K)->0K(1944064K) From: 34048K(80384K)->33632K(77824K)
[5816.674s][info ][gc,heap        ] GC(145) ParOldGen: 441574K(552448K)->441750K(552448K)
[5816.674s][info ][gc,metaspace   ] GC(145) Metaspace: 79893K(81024K)->79893K(81024K) NonClass: 68748K(69376K)->68748K(69376K) Class: 11145K(11648K)->11145K(11648K)
[5816.674s][info ][gc             ] GC(145) Pause Young (Allocation Failure) 2352M->464M(2514M) 8.866ms
[5816.674s][info ][gc,cpu         ] GC(145) User=0.02s Sys=0.00s Real=0.01s
[5816.674s][info ][safepoint      ] Safepoint "ParallelGCFailedAllocation", Time since last: 43215574122 ns, Reaching safepoint: 23100 ns, At safepoint: 8943375 ns, Total: 8966475 ns
[5840.676s][info ][safepoint      ] Safepoint "Cleanup", Time since last: 24001400646 ns, Reaching safepoint: 44600 ns, At safepoint: 2900 ns, Total: 47500 ns
[5907.912s][info ][gc,start       ] GC(146) Pause Young (Allocation Failure)
[5907.920s][debug][gc,phases      ] GC(146) Scavenge 7.898ms
[5907.920s][debug][gc,ref         ] GC(146) Skipped phase 1 of Reference Processing: no references
[5907.920s][debug][gc,ref         ] GC(146) ReferenceProcessor::execute queues: 1, RefProcThreadModel::Single, marks_oops_alive: false
[5907.920s][debug][gc,ref         ] GC(146) Skipped phase 3 of Reference Processing: no references
[5907.920s][debug][gc,ref         ] GC(146) ReferenceProcessor::execute queues: 1, RefProcThreadModel::Single, marks_oops_alive: false
[5907.920s][debug][gc,phases      ] GC(146) Reference Processing 0.094ms
[5907.920s][debug][gc,phases      ] GC(146)   VM Weak                        Min:  0.0, Avg:  0.0, Max:  0.0, Diff:  0.0, Sum:  0.0, Workers: 4
[5907.920s][debug][gc,phases      ] GC(146)     Dead                           Min: 0, Avg:  0.0, Max: 0, Diff: 0, Sum: 0, Workers: 4
[5907.920s][debug][gc,phases      ] GC(146)     Total                          Min: 0, Avg: 157.5, Max: 630, Diff: 630, Sum: 630, Workers: 4
[5907.920s][debug][gc,phases      ] GC(146)   ObjectSynchronizer Weak        Min:  0.0, Avg:  0.0, Max:  0.0, Diff:  0.0, Sum:  0.0, Workers: 4
[5907.920s][debug][gc,phases      ] GC(146)     Dead                           Min: 0, Avg:  0.0, Max: 0, Diff: 0, Sum: 0, Workers: 4
[5907.920s][debug][gc,phases      ] GC(146)     Total                          Min: 0, Avg: 11.2, Max: 45, Diff: 45, Sum: 45, Workers: 4
[5907.920s][debug][gc,phases      ] GC(146)   JVMTI Tag Weak OopStorage      Min:  0.0, Avg:  0.0, Max:  0.0, Diff:  0.0, Sum:  0.0, Workers: 4
[5907.920s][debug][gc,phases      ] GC(146)     Dead                           Min: 0, Avg:  0.0, Max: 0, Diff: 0, Sum: 0, Workers: 4
[5907.920s][debug][gc,phases      ] GC(146)     Total                          Min: 0, Avg:  0.0, Max: 0, Diff: 0, Sum: 0, Workers: 4
[5907.920s][debug][gc,phases      ] GC(146)   StringTable Weak               Min:  0.1, Avg:  0.1, Max:  0.1, Diff:  0.0, Sum:  0.4, Workers: 4
[5907.920s][debug][gc,phases      ] GC(146)     Dead                           Min: 0, Avg:  0.0, Max: 0, Diff: 0, Sum: 0, Workers: 4
[5907.920s][debug][gc,phases      ] GC(146)     Total                          Min: 8384, Avg: 10708.8, Max: 13076, Diff: 4692, Sum: 42835, Workers: 4
[5907.920s][debug][gc,phases      ] GC(146)   ResolvedMethodTable Weak       Min:  0.0, Avg:  0.0, Max:  0.0, Diff:  0.0, Sum:  0.1, Workers: 4
[5907.920s][debug][gc,phases      ] GC(146)     Dead                           Min: 0, Avg:  0.0, Max: 0, Diff: 0, Sum: 0, Workers: 4
[5907.920s][debug][gc,phases      ] GC(146)     Total                          Min: 2070, Avg: 2165.5, Max: 2304, Diff: 234, Sum: 8662, Workers: 4
[5907.920s][debug][gc,phases      ] GC(146)   JNI Weak                       Min:  0.0, Avg:  0.0, Max:  0.0, Diff:  0.0, Sum:  0.0, Workers: 4
[5907.920s][debug][gc,phases      ] GC(146)     Dead                           Min: 0, Avg:  0.0, Max: 0, Diff: 0, Sum: 0, Workers: 4
[5907.920s][debug][gc,phases      ] GC(146)     Total                          Min: 0, Avg: 11.2, Max: 45, Diff: 45, Sum: 45, Workers: 4
[5907.920s][debug][gc,phases      ] GC(146)   StringDedup Table Weak         Min:  0.0, Avg:  0.0, Max:  0.0, Diff:  0.0, Sum:  0.0, Workers: 4
[5907.920s][debug][gc,phases      ] GC(146)     Dead                           Min: 0, Avg:  0.0, Max: 0, Diff: 0, Sum: 0, Workers: 4
[5907.920s][debug][gc,phases      ] GC(146)     Total                          Min: 0, Avg:  0.0, Max: 0, Diff: 0, Sum: 0, Workers: 4
[5907.920s][debug][gc,phases      ] GC(146)   StringDedup Requests0 Weak     Min:  0.0, Avg:  0.0, Max:  0.0, Diff:  0.0, Sum:  0.0, Workers: 4
[5907.920s][debug][gc,phases      ] GC(146)     Dead                           Min: 0, Avg:  0.0, Max: 0, Diff: 0, Sum: 0, Workers: 4
[5907.920s][debug][gc,phases      ] GC(146)     Total                          Min: 0, Avg:  0.0, Max: 0, Diff: 0, Sum: 0, Workers: 4
[5907.920s][debug][gc,phases      ] GC(146)   StringDedup Requests1 Weak     Min:  0.0, Avg:  0.0, Max:  0.0, Diff:  0.0, Sum:  0.0, Workers: 4
[5907.920s][debug][gc,phases      ] GC(146)     Dead                           Min: 0, Avg:  0.0, Max: 0, Diff: 0, Sum: 0, Workers: 4
[5907.920s][debug][gc,phases      ] GC(146)     Total                          Min: 0, Avg:  0.0, Max: 0, Diff: 0, Sum: 0, Workers: 4
[5907.920s][debug][gc,phases      ] GC(146)   Weak JFR Old Object Samples    Min:  0.0, Avg:  0.0, Max:  0.0, Diff:  0.0, Sum:  0.0, Workers: 4
[5907.920s][debug][gc,phases      ] GC(146)     Dead                           Min: 0, Avg:  0.0, Max: 0, Diff: 0, Sum: 0, Workers: 4
[5907.920s][debug][gc,phases      ] GC(146)     Total                          Min: 0, Avg:  0.0, Max: 0, Diff: 0, Sum: 0, Workers: 4
[5907.920s][debug][gc,phases      ] GC(146) Weak Processing 0.290ms
[5907.920s][debug][gc,age         ] GC(146) Desired survivor size 74448896 bytes, new threshold 15 (max threshold 15)
[5907.920s][info ][gc,heap        ] GC(146) PSYoungGen: 1977696K(2021888K)->33680K(2019328K) Eden: 1944064K(1944064K)->0K(1944064K) From: 33632K(77824K)->33680K(75264K)
[5907.920s][info ][gc,heap        ] GC(146) ParOldGen: 441750K(552448K)->441830K(552448K)
[5907.920s][info ][gc,metaspace   ] GC(146) Metaspace: 79893K(81024K)->79893K(81024K) NonClass: 68748K(69376K)->68748K(69376K) Class: 11145K(11648K)->11145K(11648K)
[5907.920s][info ][gc             ] GC(146) Pause Young (Allocation Failure) 2362M->464M(2511M) 8.385ms
[5907.920s][info ][gc,cpu         ] GC(146) User=0.03s Sys=0.00s Real=0.01s
[5907.920s][info ][safepoint      ] Safepoint "ParallelGCFailedAllocation", Time since last: 67236073258 ns, Reaching safepoint: 28800 ns, At safepoint: 8445585 ns, Total: 8474385 ns
[5999.611s][info ][gc,start       ] GC(147) Pause Young (Allocation Failure)
[5999.619s][debug][gc,phases      ] GC(147) Scavenge 8.445ms
[5999.619s][debug][gc,ref         ] GC(147) Skipped phase 1 of Reference Processing: no references
[5999.619s][debug][gc,ref         ] GC(147) ReferenceProcessor::execute queues: 1, RefProcThreadModel::Single, marks_oops_alive: false
[5999.619s][debug][gc,ref         ] GC(147) Skipped phase 3 of Reference Processing: no references
[5999.619s][debug][gc,ref         ] GC(147) ReferenceProcessor::execute queues: 1, RefProcThreadModel::Single, marks_oops_alive: false
[5999.619s][debug][gc,phases      ] GC(147) Reference Processing 0.104ms
[5999.620s][debug][gc,phases      ] GC(147)   VM Weak                        Min:  0.0, Avg:  0.0, Max:  0.0, Diff:  0.0, Sum:  0.0, Workers: 4
[5999.620s][debug][gc,phases      ] GC(147)     Dead                           Min: 0, Avg:  0.0, Max: 0, Diff: 0, Sum: 0, Workers: 4
[5999.620s][debug][gc,phases      ] GC(147)     Total                          Min: 0, Avg: 157.5, Max: 424, Diff: 424, Sum: 630, Workers: 4
[5999.620s][debug][gc,phases      ] GC(147)   ObjectSynchronizer Weak        Min:  0.0, Avg:  0.0, Max:  0.0, Diff:  0.0, Sum:  0.0, Workers: 4
[5999.620s][debug][gc,phases      ] GC(147)     Dead                           Min: 0, Avg:  0.0, Max: 0, Diff: 0, Sum: 0, Workers: 4
[5999.620s][debug][gc,phases      ] GC(147)     Total                          Min: 0, Avg: 11.2, Max: 45, Diff: 45, Sum: 45, Workers: 4
[5999.620s][debug][gc,phases      ] GC(147)   JVMTI Tag Weak OopStorage      Min:  0.0, Avg:  0.0, Max:  0.0, Diff:  0.0, Sum:  0.0, Workers: 4
[5999.620s][debug][gc,phases      ] GC(147)     Dead                           Min: 0, Avg:  0.0, Max: 0, Diff: 0, Sum: 0, Workers: 4
[5999.620s][debug][gc,phases      ] GC(147)     Total                          Min: 0, Avg:  0.0, Max: 0, Diff: 0, Sum: 0, Workers: 4
[5999.620s][debug][gc,phases      ] GC(147)   StringTable Weak               Min:  0.1, Avg:  0.1, Max:  0.1, Diff:  0.0, Sum:  0.4, Workers: 4
[5999.620s][debug][gc,phases      ] GC(147)     Dead                           Min: 0, Avg:  0.0, Max: 0, Diff: 0, Sum: 0, Workers: 4
[5999.620s][debug][gc,phases      ] GC(147)     Total                          Min: 10451, Avg: 10708.8, Max: 10880, Diff: 429, Sum: 42835, Workers: 4
[5999.620s][debug][gc,phases      ] GC(147)   ResolvedMethodTable Weak       Min:  0.0, Avg:  0.0, Max:  0.0, Diff:  0.0, Sum:  0.1, Workers: 4
[5999.620s][debug][gc,phases      ] GC(147)     Dead                           Min: 0, Avg:  0.0, Max: 0, Diff: 0, Sum: 0, Workers: 4
[5999.620s][debug][gc,phases      ] GC(147)     Total                          Min: 2112, Avg: 2165.5, Max: 2198, Diff: 86, Sum: 8662, Workers: 4
[5999.620s][debug][gc,phases      ] GC(147)   JNI Weak                       Min:  0.0, Avg:  0.0, Max:  0.0, Diff:  0.0, Sum:  0.0, Workers: 4
[5999.620s][debug][gc,phases      ] GC(147)     Dead                           Min: 0, Avg:  0.0, Max: 0, Diff: 0, Sum: 0, Workers: 4
[5999.620s][debug][gc,phases      ] GC(147)     Total                          Min: 0, Avg: 11.2, Max: 45, Diff: 45, Sum: 45, Workers: 4
[5999.620s][debug][gc,phases      ] GC(147)   StringDedup Table Weak         Min:  0.0, Avg:  0.0, Max:  0.0, Diff:  0.0, Sum:  0.0, Workers: 4
[5999.620s][debug][gc,phases      ] GC(147)     Dead                           Min: 0, Avg:  0.0, Max: 0, Diff: 0, Sum: 0, Workers: 4
[5999.620s][debug][gc,phases      ] GC(147)     Total                          Min: 0, Avg:  0.0, Max: 0, Diff: 0, Sum: 0, Workers: 4
[5999.620s][debug][gc,phases      ] GC(147)   StringDedup Requests0 Weak     Min:  0.0, Avg:  0.0, Max:  0.0, Diff:  0.0, Sum:  0.0, Workers: 4
[5999.620s][debug][gc,phases      ] GC(147)     Dead                           Min: 0, Avg:  0.0, Max: 0, Diff: 0, Sum: 0, Workers: 4
[5999.620s][debug][gc,phases      ] GC(147)     Total                          Min: 0, Avg:  0.0, Max: 0, Diff: 0, Sum: 0, Workers: 4
[5999.620s][debug][gc,phases      ] GC(147)   StringDedup Requests1 Weak     Min:  0.0, Avg:  0.0, Max:  0.0, Diff:  0.0, Sum:  0.0, Workers: 4
[5999.620s][debug][gc,phases      ] GC(147)     Dead                           Min: 0, Avg:  0.0, Max: 0, Diff: 0, Sum: 0, Workers: 4
[5999.620s][debug][gc,phases      ] GC(147)     Total                          Min: 0, Avg:  0.0, Max: 0, Diff: 0, Sum: 0, Workers: 4
[5999.620s][debug][gc,phases      ] GC(147)   Weak JFR Old Object Samples    Min:  0.0, Avg:  0.0, Max:  0.0, Diff:  0.0, Sum:  0.0, Workers: 4
[5999.620s][debug][gc,phases      ] GC(147)     Dead                           Min: 0, Avg:  0.0, Max: 0, Diff: 0, Sum: 0, Workers: 4
[5999.620s][debug][gc,phases      ] GC(147)     Total                          Min: 0, Avg:  0.0, Max: 0, Diff: 0, Sum: 0, Workers: 4
[5999.620s][debug][gc,phases      ] GC(147) Weak Processing 0.275ms
[5999.620s][debug][gc,age         ] GC(147) Desired survivor size 72351744 bytes, new threshold 15 (max threshold 15)
[5999.620s][info ][gc,heap        ] GC(147) PSYoungGen: 1977744K(2019328K)->33392K(2026496K) Eden: 1944064K(1944064K)->0K(1953792K) From: 33680K(75264K)->33392K(72704K)
[5999.620s][info ][gc,heap        ] GC(147) ParOldGen: 441830K(552448K)->442006K(552448K)
[5999.620s][info ][gc,metaspace   ] GC(147) Metaspace: 79894K(81024K)->79894K(81024K) NonClass: 68748K(69376K)->68748K(69376K) Class: 11145K(11648K)->11145K(11648K)
[5999.620s][info ][gc             ] GC(147) Pause Young (Allocation Failure) 2362M->464M(2518M) 8.924ms
[5999.620s][info ][gc,cpu         ] GC(147) User=0.04s Sys=0.00s Real=0.01s
[5999.620s][info ][safepoint      ] Safepoint "ParallelGCFailedAllocation", Time since last: 91690380120 ns, Reaching safepoint: 95200 ns, At safepoint: 8989283 ns, Total: 9084483 ns
[6091.060s][info ][gc,start       ] GC(148) Pause Young (Allocation Failure)
[6091.068s][debug][gc,phases      ] GC(148) Scavenge 8.031ms
[6091.068s][debug][gc,ref         ] GC(148) Skipped phase 1 of Reference Processing: no references
[6091.068s][debug][gc,ref         ] GC(148) ReferenceProcessor::execute queues: 1, RefProcThreadModel::Single, marks_oops_alive: false
[6091.068s][debug][gc,ref         ] GC(148) Skipped phase 3 of Reference Processing: no references
[6091.068s][debug][gc,ref         ] GC(148) ReferenceProcessor::execute queues: 1, RefProcThreadModel::Single, marks_oops_alive: false
[6091.068s][debug][gc,phases      ] GC(148) Reference Processing 0.088ms
[6091.068s][debug][gc,phases      ] GC(148)   VM Weak                        Min:  0.0, Avg:  0.0, Max:  0.0, Diff:  0.0, Sum:  0.0, Workers: 4
[6091.068s][debug][gc,phases      ] GC(148)     Dead                           Min: 0, Avg:  0.0, Max: 0, Diff: 0, Sum: 0, Workers: 4
[6091.068s][debug][gc,phases      ] GC(148)     Total                          Min: 0, Avg: 157.5, Max: 567, Diff: 567, Sum: 630, Workers: 4
[6091.068s][debug][gc,phases      ] GC(148)   ObjectSynchronizer Weak        Min:  0.0, Avg:  0.0, Max:  0.0, Diff:  0.0, Sum:  0.0, Workers: 4
[6091.068s][debug][gc,phases      ] GC(148)     Dead                           Min: 0, Avg:  0.0, Max: 0, Diff: 0, Sum: 0, Workers: 4
[6091.068s][debug][gc,phases      ] GC(148)     Total                          Min: 0, Avg: 11.2, Max: 45, Diff: 45, Sum: 45, Workers: 4
[6091.068s][debug][gc,phases      ] GC(148)   JVMTI Tag Weak OopStorage      Min:  0.0, Avg:  0.0, Max:  0.0, Diff:  0.0, Sum:  0.0, Workers: 4
[6091.068s][debug][gc,phases      ] GC(148)     Dead                           Min: 0, Avg:  0.0, Max: 0, Diff: 0, Sum: 0, Workers: 4
[6091.068s][debug][gc,phases      ] GC(148)     Total                          Min: 0, Avg:  0.0, Max: 0, Diff: 0, Sum: 0, Workers: 4
[6091.068s][debug][gc,phases      ] GC(148)   StringTable Weak               Min:  0.1, Avg:  0.1, Max:  0.1, Diff:  0.0, Sum:  0.4, Workers: 4
[6091.068s][debug][gc,phases      ] GC(148)     Dead                           Min: 0, Avg:  0.0, Max: 0, Diff: 0, Sum: 0, Workers: 4
[6091.068s][debug][gc,phases      ] GC(148)     Total                          Min: 8191, Avg: 10709.8, Max: 12480, Diff: 4289, Sum: 42839, Workers: 4
[6091.068s][debug][gc,phases      ] GC(148)   ResolvedMethodTable Weak       Min:  0.0, Avg:  0.0, Max:  0.0, Diff:  0.0, Sum:  0.1, Workers: 4
[6091.068s][debug][gc,phases      ] GC(148)     Dead                           Min: 0, Avg:  0.0, Max: 0, Diff: 0, Sum: 0, Workers: 4
[6091.068s][debug][gc,phases      ] GC(148)     Total                          Min: 2134, Avg: 2165.5, Max: 2176, Diff: 42, Sum: 8662, Workers: 4
[6091.068s][debug][gc,phases      ] GC(148)   JNI Weak                       Min:  0.0, Avg:  0.0, Max:  0.0, Diff:  0.0, Sum:  0.0, Workers: 4
[6091.068s][debug][gc,phases      ] GC(148)     Dead                           Min: 0, Avg:  0.0, Max: 0, Diff: 0, Sum: 0, Workers: 4
[6091.068s][debug][gc,phases      ] GC(148)     Total                          Min: 0, Avg: 11.2, Max: 45, Diff: 45, Sum: 45, Workers: 4
[6091.068s][debug][gc,phases      ] GC(148)   StringDedup Table Weak         Min:  0.0, Avg:  0.0, Max:  0.0, Diff:  0.0, Sum:  0.0, Workers: 4
[6091.068s][debug][gc,phases      ] GC(148)     Dead                           Min: 0, Avg:  0.0, Max: 0, Diff: 0, Sum: 0, Workers: 4
[6091.068s][debug][gc,phases      ] GC(148)     Total                          Min: 0, Avg:  0.0, Max: 0, Diff: 0, Sum: 0, Workers: 4
[6091.068s][debug][gc,phases      ] GC(148)   StringDedup Requests0 Weak     Min:  0.0, Avg:  0.0, Max:  0.0, Diff:  0.0, Sum:  0.0, Workers: 4
[6091.068s][debug][gc,phases      ] GC(148)     Dead                           Min: 0, Avg:  0.0, Max: 0, Diff: 0, Sum: 0, Workers: 4
[6091.068s][debug][gc,phases      ] GC(148)     Total                          Min: 0, Avg:  0.0, Max: 0, Diff: 0, Sum: 0, Workers: 4
[6091.068s][debug][gc,phases      ] GC(148)   StringDedup Requests1 Weak     Min:  0.0, Avg:  0.0, Max:  0.0, Diff:  0.0, Sum:  0.0, Workers: 4
[6091.068s][debug][gc,phases      ] GC(148)     Dead                           Min: 0, Avg:  0.0, Max: 0, Diff: 0, Sum: 0, Workers: 4
[6091.068s][debug][gc,phases      ] GC(148)     Total                          Min: 0, Avg:  0.0, Max: 0, Diff: 0, Sum: 0, Workers: 4
[6091.068s][debug][gc,phases      ] GC(148)   Weak JFR Old Object Samples    Min:  0.0, Avg:  0.0, Max:  0.0, Diff:  0.0, Sum:  0.0, Workers: 4
[6091.068s][debug][gc,phases      ] GC(148)     Dead                           Min: 0, Avg:  0.0, Max: 0, Diff: 0, Sum: 0, Workers: 4
[6091.068s][debug][gc,phases      ] GC(148)     Total                          Min: 0, Avg:  0.0, Max: 0, Diff: 0, Sum: 0, Workers: 4
[6091.068s][debug][gc,phases      ] GC(148) Weak Processing 0.275ms
[6091.068s][debug][gc,age         ] GC(148) Desired survivor size 69730304 bytes, new threshold 15 (max threshold 15)
[6091.068s][info ][gc,heap        ] GC(148) PSYoungGen: 1987184K(2026496K)->33200K(2024448K) Eden: 1953792K(1953792K)->0K(1953792K) From: 33392K(72704K)->33200K(70656K)
[6091.068s][info ][gc,heap        ] GC(148) ParOldGen: 442006K(552448K)->442227K(552448K)
[6091.068s][info ][gc,metaspace   ] GC(148) Metaspace: 79898K(81024K)->79898K(81024K) NonClass: 68752K(69376K)->68752K(69376K) Class: 11145K(11648K)->11145K(11648K)
[6091.068s][info ][gc             ] GC(148) Pause Young (Allocation Failure) 2372M->464M(2516M) 8.508ms
[6091.068s][info ][gc,cpu         ] GC(148) User=0.03s Sys=0.00s Real=0.01s
[6091.068s][info ][safepoint      ] Safepoint "ParallelGCFailedAllocation", Time since last: 91439927075 ns, Reaching safepoint: 26000 ns, At safepoint: 8566882 ns, Total: 8592882 ns
[6102.069s][info ][safepoint      ] Safepoint "Cleanup", Time since last: 11000667634 ns, Reaching safepoint: 44400 ns, At safepoint: 2400 ns, Total: 46800 ns
[6119.070s][info ][safepoint      ] Safepoint "Cleanup", Time since last: 17001006930 ns, Reaching safepoint: 39100 ns, At safepoint: 2700 ns, Total: 41800 ns
[6125.070s][info ][safepoint      ] Safepoint "Cleanup", Time since last: 6000409504 ns, Reaching safepoint: 31000 ns, At safepoint: 2700 ns, Total: 33700 ns
[6141.071s][info ][safepoint      ] Safepoint "Cleanup", Time since last: 16000945870 ns, Reaching safepoint: 36600 ns, At safepoint: 3000 ns, Total: 39600 ns
[6172.074s][info ][safepoint      ] Safepoint "Cleanup", Time since last: 31001990208 ns, Reaching safepoint: 26100 ns, At safepoint: 2300 ns, Total: 28400 ns
[6174.074s][info ][safepoint      ] Safepoint "Cleanup", Time since last: 2000140319 ns, Reaching safepoint: 41300 ns, At safepoint: 3800 ns, Total: 45100 ns
[6175.074s][info ][safepoint      ] Safepoint "Cleanup", Time since last: 1000099858 ns, Reaching safepoint: 40000 ns, At safepoint: 2700 ns, Total: 42700 ns
[6183.561s][info ][gc,start       ] GC(149) Pause Young (Allocation Failure)
[6183.570s][debug][gc,phases      ] GC(149) Scavenge 8.659ms
[6183.570s][debug][gc,ref         ] GC(149) Skipped phase 1 of Reference Processing: no references
[6183.570s][debug][gc,ref         ] GC(149) ReferenceProcessor::execute queues: 1, RefProcThreadModel::Single, marks_oops_alive: false
[6183.570s][debug][gc,ref         ] GC(149) Skipped phase 3 of Reference Processing: no references
[6183.570s][debug][gc,ref         ] GC(149) ReferenceProcessor::execute queues: 1, RefProcThreadModel::Single, marks_oops_alive: false
[6183.570s][debug][gc,phases      ] GC(149) Reference Processing 0.082ms
[6183.570s][debug][gc,phases      ] GC(149)   VM Weak                        Min:  0.0, Avg:  0.0, Max:  0.0, Diff:  0.0, Sum:  0.0, Workers: 4
[6183.570s][debug][gc,phases      ] GC(149)     Dead                           Min: 0, Avg:  0.0, Max: 0, Diff: 0, Sum: 0, Workers: 4
[6183.570s][debug][gc,phases      ] GC(149)     Total                          Min: 0, Avg: 157.5, Max: 459, Diff: 459, Sum: 630, Workers: 4
[6183.570s][debug][gc,phases      ] GC(149)   ObjectSynchronizer Weak        Min:  0.0, Avg:  0.0, Max:  0.0, Diff:  0.0, Sum:  0.0, Workers: 4
[6183.570s][debug][gc,phases      ] GC(149)     Dead                           Min: 0, Avg:  0.0, Max: 0, Diff: 0, Sum: 0, Workers: 4
[6183.570s][debug][gc,phases      ] GC(149)     Total                          Min: 0, Avg: 11.2, Max: 45, Diff: 45, Sum: 45, Workers: 4
[6183.570s][debug][gc,phases      ] GC(149)   JVMTI Tag Weak OopStorage      Min:  0.0, Avg:  0.0, Max:  0.0, Diff:  0.0, Sum:  0.0, Workers: 4
[6183.570s][debug][gc,phases      ] GC(149)     Dead                           Min: 0, Avg:  0.0, Max: 0, Diff: 0, Sum: 0, Workers: 4
[6183.570s][debug][gc,phases      ] GC(149)     Total                          Min: 0, Avg:  0.0, Max: 0, Diff: 0, Sum: 0, Workers: 4
[6183.570s][debug][gc,phases      ] GC(149)   StringTable Weak               Min:  0.0, Avg:  0.1, Max:  0.1, Diff:  0.1, Sum:  0.3, Workers: 4
[6183.570s][debug][gc,phases      ] GC(149)     Dead                           Min: 0, Avg:  0.0, Max: 0, Diff: 0, Sum: 0, Workers: 4
[6183.570s][debug][gc,phases      ] GC(149)     Total                          Min: 0, Avg: 10709.8, Max: 18560, Diff: 18560, Sum: 42839, Workers: 4
[6183.570s][debug][gc,phases      ] GC(149)   ResolvedMethodTable Weak       Min:  0.0, Avg:  0.0, Max:  0.0, Diff:  0.0, Sum:  0.1, Workers: 4
[6183.570s][debug][gc,phases      ] GC(149)     Dead                           Min: 0, Avg:  0.0, Max: 0, Diff: 0, Sum: 0, Workers: 4
[6183.570s][debug][gc,phases      ] GC(149)     Total                          Min: 0, Avg: 2165.5, Max: 3904, Diff: 3904, Sum: 8662, Workers: 4
[6183.570s][debug][gc,phases      ] GC(149)   JNI Weak                       Min:  0.0, Avg:  0.0, Max:  0.0, Diff:  0.0, Sum:  0.0, Workers: 4
[6183.570s][debug][gc,phases      ] GC(149)     Dead                           Min: 0, Avg:  0.0, Max: 0, Diff: 0, Sum: 0, Workers: 4
[6183.570s][debug][gc,phases      ] GC(149)     Total                          Min: 0, Avg: 11.2, Max: 45, Diff: 45, Sum: 45, Workers: 4
[6183.570s][debug][gc,phases      ] GC(149)   StringDedup Table Weak         Min:  0.0, Avg:  0.0, Max:  0.0, Diff:  0.0, Sum:  0.0, Workers: 4
[6183.570s][debug][gc,phases      ] GC(149)     Dead                           Min: 0, Avg:  0.0, Max: 0, Diff: 0, Sum: 0, Workers: 4
[6183.570s][debug][gc,phases      ] GC(149)     Total                          Min: 0, Avg:  0.0, Max: 0, Diff: 0, Sum: 0, Workers: 4
[6183.570s][debug][gc,phases      ] GC(149)   StringDedup Requests0 Weak     Min:  0.0, Avg:  0.0, Max:  0.0, Diff:  0.0, Sum:  0.0, Workers: 4
[6183.570s][debug][gc,phases      ] GC(149)     Dead                           Min: 0, Avg:  0.0, Max: 0, Diff: 0, Sum: 0, Workers: 4
[6183.570s][debug][gc,phases      ] GC(149)     Total                          Min: 0, Avg:  0.0, Max: 0, Diff: 0, Sum: 0, Workers: 4
[6183.570s][debug][gc,phases      ] GC(149)   StringDedup Requests1 Weak     Min:  0.0, Avg:  0.0, Max:  0.0, Diff:  0.0, Sum:  0.0, Workers: 4
[6183.570s][debug][gc,phases      ] GC(149)     Dead                           Min: 0, Avg:  0.0, Max: 0, Diff: 0, Sum: 0, Workers: 4
[6183.570s][debug][gc,phases      ] GC(149)     Total                          Min: 0, Avg:  0.0, Max: 0, Diff: 0, Sum: 0, Workers: 4
[6183.570s][debug][gc,phases      ] GC(149)   Weak JFR Old Object Samples    Min:  0.0, Avg:  0.0, Max:  0.0, Diff:  0.0, Sum:  0.0, Workers: 4
[6183.570s][debug][gc,phases      ] GC(149)     Dead                           Min: 0, Avg:  0.0, Max: 0, Diff: 0, Sum: 0, Workers: 4
[6183.570s][debug][gc,phases      ] GC(149)     Total                          Min: 0, Avg:  0.0, Max: 0, Diff: 0, Sum: 0, Workers: 4
[6183.570s][debug][gc,phases      ] GC(149) Weak Processing 0.304ms
[6183.570s][debug][gc,age         ] GC(149) Desired survivor size 67633152 bytes, new threshold 15 (max threshold 15)
[6183.570s][info ][gc,heap        ] GC(149) PSYoungGen: 1986992K(2024448K)->32784K(2031104K) Eden: 1953792K(1953792K)->0K(1963008K) From: 33200K(70656K)->32784K(68096K)
[6183.570s][info ][gc,heap        ] GC(149) ParOldGen: 442227K(552448K)->442595K(552448K)
[6183.570s][info ][gc,metaspace   ] GC(149) Metaspace: 79906K(81024K)->79906K(81024K) NonClass: 68761K(69376K)->68761K(69376K) Class: 11145K(11648K)->11145K(11648K)
[6183.570s][info ][gc             ] GC(149) Pause Young (Allocation Failure) 2372M->464M(2523M) 9.138ms
[6183.570s][info ][gc,cpu         ] GC(149) User=0.03s Sys=0.00s Real=0.01s
[6183.570s][info ][safepoint      ] Safepoint "ParallelGCFailedAllocation", Time since last: 8486941878 ns, Reaching safepoint: 113799 ns, At safepoint: 9204381 ns, Total: 9318180 ns
[6212.572s][info ][safepoint      ] Safepoint "Cleanup", Time since last: 29001795864 ns, Reaching safepoint: 34500 ns, At safepoint: 3700 ns, Total: 38200 ns
[6275.361s][info ][gc,start       ] GC(150) Pause Young (Allocation Failure)
[6275.369s][debug][gc,phases      ] GC(150) Scavenge 7.871ms
[6275.369s][debug][gc,ref         ] GC(150) Skipped phase 1 of Reference Processing: no references
[6275.369s][debug][gc,ref         ] GC(150) ReferenceProcessor::execute queues: 1, RefProcThreadModel::Single, marks_oops_alive: false
[6275.369s][debug][gc,ref         ] GC(150) Skipped phase 3 of Reference Processing: no references
[6275.369s][debug][gc,ref         ] GC(150) ReferenceProcessor::execute queues: 1, RefProcThreadModel::Single, marks_oops_alive: false
[6275.369s][debug][gc,phases      ] GC(150) Reference Processing 0.106ms
[6275.369s][debug][gc,phases      ] GC(150)   VM Weak                        Min:  0.0, Avg:  0.0, Max:  0.0, Diff:  0.0, Sum:  0.0, Workers: 4
[6275.369s][debug][gc,phases      ] GC(150)     Dead                           Min: 0, Avg:  0.0, Max: 0, Diff: 0, Sum: 0, Workers: 4
[6275.369s][debug][gc,phases      ] GC(150)     Total                          Min: 0, Avg: 157.5, Max: 630, Diff: 630, Sum: 630, Workers: 4
[6275.369s][debug][gc,phases      ] GC(150)   ObjectSynchronizer Weak        Min:  0.0, Avg:  0.0, Max:  0.0, Diff:  0.0, Sum:  0.0, Workers: 4
[6275.369s][debug][gc,phases      ] GC(150)     Dead                           Min: 0, Avg:  0.0, Max: 0, Diff: 0, Sum: 0, Workers: 4
[6275.369s][debug][gc,phases      ] GC(150)     Total                          Min: 0, Avg: 11.2, Max: 45, Diff: 45, Sum: 45, Workers: 4
[6275.369s][debug][gc,phases      ] GC(150)   JVMTI Tag Weak OopStorage      Min:  0.0, Avg:  0.0, Max:  0.0, Diff:  0.0, Sum:  0.0, Workers: 4
[6275.369s][debug][gc,phases      ] GC(150)     Dead                           Min: 0, Avg:  0.0, Max: 0, Diff: 0, Sum: 0, Workers: 4
[6275.369s][debug][gc,phases      ] GC(150)     Total                          Min: 0, Avg:  0.0, Max: 0, Diff: 0, Sum: 0, Workers: 4
[6275.369s][debug][gc,phases      ] GC(150)   StringTable Weak               Min:  0.0, Avg:  0.1, Max:  0.1, Diff:  0.1, Sum:  0.3, Workers: 4
[6275.369s][debug][gc,phases      ] GC(150)     Dead                           Min: 0, Avg:  0.0, Max: 0, Diff: 0, Sum: 0, Workers: 4
[6275.369s][debug][gc,phases      ] GC(150)     Total                          Min: 0, Avg: 10709.8, Max: 18112, Diff: 18112, Sum: 42839, Workers: 4
[6275.369s][debug][gc,phases      ] GC(150)   ResolvedMethodTable Weak       Min:  0.0, Avg:  0.0, Max:  0.0, Diff:  0.0, Sum:  0.1, Workers: 4
[6275.369s][debug][gc,phases      ] GC(150)     Dead                           Min: 0, Avg:  0.0, Max: 0, Diff: 0, Sum: 0, Workers: 4
[6275.369s][debug][gc,phases      ] GC(150)     Total                          Min: 0, Avg: 2165.5, Max: 3456, Diff: 3456, Sum: 8662, Workers: 4
[6275.369s][debug][gc,phases      ] GC(150)   JNI Weak                       Min:  0.0, Avg:  0.0, Max:  0.0, Diff:  0.0, Sum:  0.0, Workers: 4
[6275.369s][debug][gc,phases      ] GC(150)     Dead                           Min: 0, Avg:  0.0, Max: 0, Diff: 0, Sum: 0, Workers: 4
[6275.369s][debug][gc,phases      ] GC(150)     Total                          Min: 0, Avg: 11.2, Max: 45, Diff: 45, Sum: 45, Workers: 4
[6275.369s][debug][gc,phases      ] GC(150)   StringDedup Table Weak         Min:  0.0, Avg:  0.0, Max:  0.0, Diff:  0.0, Sum:  0.0, Workers: 4
[6275.369s][debug][gc,phases      ] GC(150)     Dead                           Min: 0, Avg:  0.0, Max: 0, Diff: 0, Sum: 0, Workers: 4
[6275.369s][debug][gc,phases      ] GC(150)     Total                          Min: 0, Avg:  0.0, Max: 0, Diff: 0, Sum: 0, Workers: 4
[6275.369s][debug][gc,phases      ] GC(150)   StringDedup Requests0 Weak     Min:  0.0, Avg:  0.0, Max:  0.0, Diff:  0.0, Sum:  0.0, Workers: 4
[6275.369s][debug][gc,phases      ] GC(150)     Dead                           Min: 0, Avg:  0.0, Max: 0, Diff: 0, Sum: 0, Workers: 4
[6275.369s][debug][gc,phases      ] GC(150)     Total                          Min: 0, Avg:  0.0, Max: 0, Diff: 0, Sum: 0, Workers: 4
[6275.369s][debug][gc,phases      ] GC(150)   StringDedup Requests1 Weak     Min:  0.0, Avg:  0.0, Max:  0.0, Diff:  0.0, Sum:  0.0, Workers: 4
[6275.369s][debug][gc,phases      ] GC(150)     Dead                           Min: 0, Avg:  0.0, Max: 0, Diff: 0, Sum: 0, Workers: 4
[6275.369s][debug][gc,phases      ] GC(150)     Total                          Min: 0, Avg:  0.0, Max: 0, Diff: 0, Sum: 0, Workers: 4
[6275.369s][debug][gc,phases      ] GC(150)   Weak JFR Old Object Samples    Min:  0.0, Avg:  0.0, Max:  0.0, Diff:  0.0, Sum:  0.0, Workers: 4
[6275.369s][debug][gc,phases      ] GC(150)     Dead                           Min: 0, Avg:  0.0, Max: 0, Diff: 0, Sum: 0, Workers: 4
[6275.369s][debug][gc,phases      ] GC(150)     Total                          Min: 0, Avg:  0.0, Max: 0, Diff: 0, Sum: 0, Workers: 4
[6275.369s][debug][gc,phases      ] GC(150) Weak Processing 0.302ms
[6275.369s][debug][gc,age         ] GC(150) Desired survivor size 66060288 bytes, new threshold 15 (max threshold 15)
[6275.369s][info ][gc,heap        ] GC(150) PSYoungGen: 1995792K(2031104K)->32528K(2029056K) Eden: 1963008K(1963008K)->0K(1963008K) From: 32784K(68096K)->32528K(66048K)
[6275.369s][info ][gc,heap        ] GC(150) ParOldGen: 442595K(552448K)->442987K(552448K)
[6275.369s][info ][gc,metaspace   ] GC(150) Metaspace: 79913K(81024K)->79913K(81024K) NonClass: 68767K(69376K)->68767K(69376K) Class: 11145K(11648K)->11145K(11648K)
[6275.369s][info ][gc             ] GC(150) Pause Young (Allocation Failure) 2381M->464M(2521M) 8.383ms
[6275.369s][info ][gc,cpu         ] GC(150) User=0.03s Sys=0.00s Real=0.01s
[6275.369s][info ][safepoint      ] Safepoint "ParallelGCFailedAllocation", Time since last: 62788985247 ns, Reaching safepoint: 97600 ns, At safepoint: 8451781 ns, Total: 8549381 ns
[6277.370s][info ][safepoint      ] Safepoint "Cleanup", Time since last: 2000140817 ns, Reaching safepoint: 30700 ns, At safepoint: 30800 ns, Total: 61500 ns
[6290.370s][info ][safepoint      ] Safepoint "Cleanup", Time since last: 13000767977 ns, Reaching safepoint: 46500 ns, At safepoint: 2900 ns, Total: 49400 ns
[6330.373s][info ][safepoint      ] Safepoint "Cleanup", Time since last: 40002448692 ns, Reaching safepoint: 102600 ns, At safepoint: 6800 ns, Total: 109400 ns
[6334.860s][info ][gc,start       ] GC(151) Pause Young (Allocation Failure)
[6334.870s][debug][gc,phases      ] GC(151) Scavenge 9.704ms
[6334.870s][debug][gc,ref         ] GC(151) Skipped phase 1 of Reference Processing: no references
[6334.870s][debug][gc,ref         ] GC(151) ReferenceProcessor::execute queues: 1, RefProcThreadModel::Single, marks_oops_alive: false
[6334.870s][debug][gc,ref         ] GC(151) Skipped phase 3 of Reference Processing: no references
[6334.870s][debug][gc,ref         ] GC(151) ReferenceProcessor::execute queues: 1, RefProcThreadModel::Single, marks_oops_alive: false
[6334.870s][debug][gc,phases      ] GC(151) Reference Processing 0.090ms
[6334.870s][debug][gc,phases      ] GC(151)   VM Weak                        Min:  0.0, Avg:  0.0, Max:  0.0, Diff:  0.0, Sum:  0.0, Workers: 4
[6334.870s][debug][gc,phases      ] GC(151)     Dead                           Min: 0, Avg:  0.0, Max: 0, Diff: 0, Sum: 0, Workers: 4
[6334.870s][debug][gc,phases      ] GC(151)     Total                          Min: 0, Avg: 157.5, Max: 630, Diff: 630, Sum: 630, Workers: 4
[6334.870s][debug][gc,phases      ] GC(151)   ObjectSynchronizer Weak        Min:  0.0, Avg:  0.0, Max:  0.0, Diff:  0.0, Sum:  0.0, Workers: 4
[6334.870s][debug][gc,phases      ] GC(151)     Dead                           Min: 0, Avg:  0.0, Max: 0, Diff: 0, Sum: 0, Workers: 4
[6334.870s][debug][gc,phases      ] GC(151)     Total                          Min: 0, Avg: 11.2, Max: 45, Diff: 45, Sum: 45, Workers: 4
[6334.870s][debug][gc,phases      ] GC(151)   JVMTI Tag Weak OopStorage      Min:  0.0, Avg:  0.0, Max:  0.0, Diff:  0.0, Sum:  0.0, Workers: 4
[6334.870s][debug][gc,phases      ] GC(151)     Dead                           Min: 0, Avg:  0.0, Max: 0, Diff: 0, Sum: 0, Workers: 4
[6334.870s][debug][gc,phases      ] GC(151)     Total                          Min: 0, Avg:  0.0, Max: 0, Diff: 0, Sum: 0, Workers: 4
[6334.870s][debug][gc,phases      ] GC(151)   StringTable Weak               Min:  0.1, Avg:  0.1, Max:  0.1, Diff:  0.0, Sum:  0.3, Workers: 4
[6334.870s][debug][gc,phases      ] GC(151)     Dead                           Min: 0, Avg:  0.0, Max: 0, Diff: 0, Sum: 0, Workers: 4
[6334.870s][debug][gc,phases      ] GC(151)     Total                          Min: 9471, Avg: 10711.0, Max: 11456, Diff: 1985, Sum: 42844, Workers: 4
[6334.870s][debug][gc,phases      ] GC(151)   ResolvedMethodTable Weak       Min:  0.0, Avg:  0.0, Max:  0.0, Diff:  0.0, Sum:  0.1, Workers: 4
[6334.870s][debug][gc,phases      ] GC(151)     Dead                           Min: 0, Avg:  0.0, Max: 0, Diff: 0, Sum: 0, Workers: 4
[6334.870s][debug][gc,phases      ] GC(151)     Total                          Min: 2048, Avg: 2165.5, Max: 2326, Diff: 278, Sum: 8662, Workers: 4
[6334.870s][debug][gc,phases      ] GC(151)   JNI Weak                       Min:  0.0, Avg:  0.0, Max:  0.0, Diff:  0.0, Sum:  0.0, Workers: 4
[6334.870s][debug][gc,phases      ] GC(151)     Dead                           Min: 0, Avg:  0.0, Max: 0, Diff: 0, Sum: 0, Workers: 4
[6334.870s][debug][gc,phases      ] GC(151)     Total                          Min: 0, Avg: 11.2, Max: 45, Diff: 45, Sum: 45, Workers: 4
[6334.870s][debug][gc,phases      ] GC(151)   StringDedup Table Weak         Min:  0.0, Avg:  0.0, Max:  0.0, Diff:  0.0, Sum:  0.0, Workers: 4
[6334.870s][debug][gc,phases      ] GC(151)     Dead                           Min: 0, Avg:  0.0, Max: 0, Diff: 0, Sum: 0, Workers: 4
[6334.870s][debug][gc,phases      ] GC(151)     Total                          Min: 0, Avg:  0.0, Max: 0, Diff: 0, Sum: 0, Workers: 4
[6334.870s][debug][gc,phases      ] GC(151)   StringDedup Requests0 Weak     Min:  0.0, Avg:  0.0, Max:  0.0, Diff:  0.0, Sum:  0.0, Workers: 4
[6334.870s][debug][gc,phases      ] GC(151)     Dead                           Min: 0, Avg:  0.0, Max: 0, Diff: 0, Sum: 0, Workers: 4
[6334.870s][debug][gc,phases      ] GC(151)     Total                          Min: 0, Avg:  0.0, Max: 0, Diff: 0, Sum: 0, Workers: 4
[6334.870s][debug][gc,phases      ] GC(151)   StringDedup Requests1 Weak     Min:  0.0, Avg:  0.0, Max:  0.0, Diff:  0.0, Sum:  0.0, Workers: 4
[6334.870s][debug][gc,phases      ] GC(151)     Dead                           Min: 0, Avg:  0.0, Max: 0, Diff: 0, Sum: 0, Workers: 4
[6334.870s][debug][gc,phases      ] GC(151)     Total                          Min: 0, Avg:  0.0, Max: 0, Diff: 0, Sum: 0, Workers: 4
[6334.870s][debug][gc,phases      ] GC(151)   Weak JFR Old Object Samples    Min:  0.0, Avg:  0.0, Max:  0.0, Diff:  0.0, Sum:  0.0, Workers: 4
[6334.870s][debug][gc,phases      ] GC(151)     Dead                           Min: 0, Avg:  0.0, Max: 0, Diff: 0, Sum: 0, Workers: 4
[6334.870s][debug][gc,phases      ] GC(151)     Total                          Min: 0, Avg:  0.0, Max: 0, Diff: 0, Sum: 0, Workers: 4
[6334.870s][debug][gc,phases      ] GC(151) Weak Processing 0.264ms
[6334.870s][debug][gc,age         ] GC(151) Desired survivor size 68681728 bytes, new threshold 15 (max threshold 15)
[6334.870s][info ][gc,heap        ] GC(151) PSYoungGen: 1995536K(2029056K)->5104K(2027520K) Eden: 1963008K(1963008K)->0K(1963008K) From: 32528K(66048K)->5104K(64512K)
[6334.870s][info ][gc,heap        ] GC(151) ParOldGen: 442987K(552448K)->473295K(552448K)
[6334.870s][info ][gc,metaspace   ] GC(151) Metaspace: 79918K(81024K)->79918K(81024K) NonClass: 68772K(69376K)->68772K(69376K) Class: 11145K(11648K)->11145K(11648K)
[6334.870s][info ][gc             ] GC(151) Pause Young (Allocation Failure) 2381M->467M(2519M) 10.149ms
[6334.870s][info ][gc,cpu         ] GC(151) User=0.04s Sys=0.00s Real=0.01s
[6334.870s][info ][safepoint      ] Safepoint "ParallelGCFailedAllocation", Time since last: 4486674633 ns, Reaching safepoint: 26900 ns, At safepoint: 10215677 ns, Total: 10242577 ns
[6344.871s][info ][safepoint      ] Safepoint "Cleanup", Time since last: 10000583161 ns, Reaching safepoint: 38899 ns, At safepoint: 3600 ns, Total: 42499 ns
[6360.873s][info ][safepoint      ] Safepoint "Cleanup", Time since last: 16001909136 ns, Reaching safepoint: 101699 ns, At safepoint: 13000 ns, Total: 114699 ns
[6361.873s][info ][safepoint      ] Safepoint "Cleanup", Time since last: 1000093290 ns, Reaching safepoint: 40300 ns, At safepoint: 18100 ns, Total: 58400 ns
[6371.873s][info ][safepoint      ] Safepoint "Cleanup", Time since last: 10000661456 ns, Reaching safepoint: 41399 ns, At safepoint: 3000 ns, Total: 44399 ns
[6372.874s][info ][safepoint      ] Safepoint "Cleanup", Time since last: 1000100882 ns, Reaching safepoint: 37100 ns, At safepoint: 3600 ns, Total: 40700 ns
[6379.161s][info ][gc,start       ] GC(152) Pause Young (Allocation Failure)
[6379.165s][debug][gc,phases      ] GC(152) Scavenge 3.491ms
[6379.165s][debug][gc,ref         ] GC(152) Skipped phase 1 of Reference Processing: no references
[6379.165s][debug][gc,ref         ] GC(152) ReferenceProcessor::execute queues: 1, RefProcThreadModel::Single, marks_oops_alive: false
[6379.165s][debug][gc,ref         ] GC(152) Skipped phase 3 of Reference Processing: no references
[6379.165s][debug][gc,ref         ] GC(152) ReferenceProcessor::execute queues: 1, RefProcThreadModel::Single, marks_oops_alive: false
[6379.165s][debug][gc,phases      ] GC(152) Reference Processing 0.089ms
[6379.165s][debug][gc,phases      ] GC(152)   VM Weak                        Min:  0.0, Avg:  0.0, Max:  0.0, Diff:  0.0, Sum:  0.0, Workers: 4
[6379.165s][debug][gc,phases      ] GC(152)     Dead                           Min: 0, Avg:  0.0, Max: 0, Diff: 0, Sum: 0, Workers: 4
[6379.165s][debug][gc,phases      ] GC(152)     Total                          Min: 0, Avg: 157.5, Max: 460, Diff: 460, Sum: 630, Workers: 4
[6379.165s][debug][gc,phases      ] GC(152)   ObjectSynchronizer Weak        Min:  0.0, Avg:  0.0, Max:  0.0, Diff:  0.0, Sum:  0.0, Workers: 4
[6379.165s][debug][gc,phases      ] GC(152)     Dead                           Min: 0, Avg:  0.0, Max: 0, Diff: 0, Sum: 0, Workers: 4
[6379.165s][debug][gc,phases      ] GC(152)     Total                          Min: 0, Avg: 11.2, Max: 45, Diff: 45, Sum: 45, Workers: 4
[6379.165s][debug][gc,phases      ] GC(152)   JVMTI Tag Weak OopStorage      Min:  0.0, Avg:  0.0, Max:  0.0, Diff:  0.0, Sum:  0.0, Workers: 4
[6379.165s][debug][gc,phases      ] GC(152)     Dead                           Min: 0, Avg:  0.0, Max: 0, Diff: 0, Sum: 0, Workers: 4
[6379.165s][debug][gc,phases      ] GC(152)     Total                          Min: 0, Avg:  0.0, Max: 0, Diff: 0, Sum: 0, Workers: 4
[6379.165s][debug][gc,phases      ] GC(152)   StringTable Weak               Min:  0.1, Avg:  0.1, Max:  0.1, Diff:  0.0, Sum:  0.4, Workers: 4
[6379.165s][debug][gc,phases      ] GC(152)     Dead                           Min: 0, Avg:  0.0, Max: 0, Diff: 0, Sum: 0, Workers: 4
[6379.165s][debug][gc,phases      ] GC(152)     Total                          Min: 10304, Avg: 10711.0, Max: 11008, Diff: 704, Sum: 42844, Workers: 4
[6379.165s][debug][gc,phases      ] GC(152)   ResolvedMethodTable Weak       Min:  0.0, Avg:  0.0, Max:  0.0, Diff:  0.0, Sum:  0.1, Workers: 4
[6379.165s][debug][gc,phases      ] GC(152)     Dead                           Min: 0, Avg:  0.0, Max: 0, Diff: 0, Sum: 0, Workers: 4
[6379.165s][debug][gc,phases      ] GC(152)     Total                          Min: 2070, Avg: 2165.5, Max: 2240, Diff: 170, Sum: 8662, Workers: 4
[6379.165s][debug][gc,phases      ] GC(152)   JNI Weak                       Min:  0.0, Avg:  0.0, Max:  0.0, Diff:  0.0, Sum:  0.0, Workers: 4
[6379.165s][debug][gc,phases      ] GC(152)     Dead                           Min: 0, Avg:  0.0, Max: 0, Diff: 0, Sum: 0, Workers: 4
[6379.165s][debug][gc,phases      ] GC(152)     Total                          Min: 0, Avg: 11.2, Max: 45, Diff: 45, Sum: 45, Workers: 4
[6379.165s][debug][gc,phases      ] GC(152)   StringDedup Table Weak         Min:  0.0, Avg:  0.0, Max:  0.0, Diff:  0.0, Sum:  0.0, Workers: 4
[6379.165s][debug][gc,phases      ] GC(152)     Dead                           Min: 0, Avg:  0.0, Max: 0, Diff: 0, Sum: 0, Workers: 4
[6379.165s][debug][gc,phases      ] GC(152)     Total                          Min: 0, Avg:  0.0, Max: 0, Diff: 0, Sum: 0, Workers: 4
[6379.165s][debug][gc,phases      ] GC(152)   StringDedup Requests0 Weak     Min:  0.0, Avg:  0.0, Max:  0.0, Diff:  0.0, Sum:  0.0, Workers: 4
[6379.165s][debug][gc,phases      ] GC(152)     Dead                           Min: 0, Avg:  0.0, Max: 0, Diff: 0, Sum: 0, Workers: 4
[6379.165s][debug][gc,phases      ] GC(152)     Total                          Min: 0, Avg:  0.0, Max: 0, Diff: 0, Sum: 0, Workers: 4
[6379.165s][debug][gc,phases      ] GC(152)   StringDedup Requests1 Weak     Min:  0.0, Avg:  0.0, Max:  0.0, Diff:  0.0, Sum:  0.0, Workers: 4
[6379.165s][debug][gc,phases      ] GC(152)     Dead                           Min: 0, Avg:  0.0, Max: 0, Diff: 0, Sum: 0, Workers: 4
[6379.165s][debug][gc,phases      ] GC(152)     Total                          Min: 0, Avg:  0.0, Max: 0, Diff: 0, Sum: 0, Workers: 4
[6379.165s][debug][gc,phases      ] GC(152)   Weak JFR Old Object Samples    Min:  0.0, Avg:  0.0, Max:  0.0, Diff:  0.0, Sum:  0.0, Workers: 4
[6379.165s][debug][gc,phases      ] GC(152)     Dead                           Min: 0, Avg:  0.0, Max: 0, Diff: 0, Sum: 0, Workers: 4
[6379.165s][debug][gc,phases      ] GC(152)     Total                          Min: 0, Avg:  0.0, Max: 0, Diff: 0, Sum: 0, Workers: 4
[6379.165s][debug][gc,phases      ] GC(152) Weak Processing 0.273ms
[6379.165s][debug][gc,age         ] GC(152) Desired survivor size 70254592 bytes, new threshold 15 (max threshold 15)
[6379.165s][info ][gc,heap        ] GC(152) PSYoungGen: 1968112K(2027520K)->5232K(1968640K) Eden: 1963008K(1963008K)->0K(1963008K) From: 5104K(64512K)->5232K(5632K)
[6379.165s][info ][gc,heap        ] GC(152) ParOldGen: 473295K(552448K)->473599K(552448K)
[6379.165s][info ][gc,metaspace   ] GC(152) Metaspace: 79923K(81024K)->79923K(81024K) NonClass: 68777K(69376K)->68777K(69376K) Class: 11145K(11648K)->11145K(11648K)
[6379.165s][info ][gc             ] GC(152) Pause Young (Allocation Failure) 2384M->467M(2462M) 3.943ms
[6379.165s][info ][gc,cpu         ] GC(152) User=0.01s Sys=0.00s Real=0.00s
[6379.165s][info ][safepoint      ] Safepoint "ParallelGCFailedAllocation", Time since last: 6287386407 ns, Reaching safepoint: 49500 ns, At safepoint: 4010691 ns, Total: 4060191 ns
[6425.160s][info ][safepoint      ] Safepoint "ParallelGCFailedAllocation", Time since last: 45994924903 ns, Reaching safepoint: 70099 ns, At safepoint: 11500 ns, Total: 81599 ns
[6425.160s][info ][gc,start       ] GC(153) Pause Young (GCLocker Initiated GC)
[6425.164s][debug][gc,phases      ] GC(153) Scavenge 3.553ms
[6425.164s][debug][gc,ref         ] GC(153) Skipped phase 1 of Reference Processing: no references
[6425.164s][debug][gc,ref         ] GC(153) ReferenceProcessor::execute queues: 1, RefProcThreadModel::Single, marks_oops_alive: false
[6425.164s][debug][gc,ref         ] GC(153) Skipped phase 3 of Reference Processing: no references
[6425.164s][debug][gc,ref         ] GC(153) ReferenceProcessor::execute queues: 1, RefProcThreadModel::Single, marks_oops_alive: false
[6425.164s][debug][gc,phases      ] GC(153) Reference Processing 0.095ms
[6425.164s][debug][gc,phases      ] GC(153)   VM Weak                        Min:  0.0, Avg:  0.0, Max:  0.0, Diff:  0.0, Sum:  0.0, Workers: 4
[6425.164s][debug][gc,phases      ] GC(153)     Dead                           Min: 0, Avg:  0.0, Max: 0, Diff: 0, Sum: 0, Workers: 4
[6425.164s][debug][gc,phases      ] GC(153)     Total                          Min: 0, Avg: 157.5, Max: 630, Diff: 630, Sum: 630, Workers: 4
[6425.164s][debug][gc,phases      ] GC(153)   ObjectSynchronizer Weak        Min:  0.0, Avg:  0.0, Max:  0.0, Diff:  0.0, Sum:  0.0, Workers: 4
[6425.164s][debug][gc,phases      ] GC(153)     Dead                           Min: 0, Avg:  0.0, Max: 0, Diff: 0, Sum: 0, Workers: 4
[6425.164s][debug][gc,phases      ] GC(153)     Total                          Min: 0, Avg: 11.2, Max: 45, Diff: 45, Sum: 45, Workers: 4
[6425.164s][debug][gc,phases      ] GC(153)   JVMTI Tag Weak OopStorage      Min:  0.0, Avg:  0.0, Max:  0.0, Diff:  0.0, Sum:  0.0, Workers: 4
[6425.164s][debug][gc,phases      ] GC(153)     Dead                           Min: 0, Avg:  0.0, Max: 0, Diff: 0, Sum: 0, Workers: 4
[6425.164s][debug][gc,phases      ] GC(153)     Total                          Min: 0, Avg:  0.0, Max: 0, Diff: 0, Sum: 0, Workers: 4
[6425.164s][debug][gc,phases      ] GC(153)   StringTable Weak               Min:  0.0, Avg:  0.1, Max:  0.1, Diff:  0.1, Sum:  0.3, Workers: 4
[6425.164s][debug][gc,phases      ] GC(153)     Dead                           Min: 0, Avg:  0.0, Max: 0, Diff: 0, Sum: 0, Workers: 4
[6425.164s][debug][gc,phases      ] GC(153)     Total                          Min: 0, Avg: 10711.0, Max: 17920, Diff: 17920, Sum: 42844, Workers: 4
[6425.164s][debug][gc,phases      ] GC(153)   ResolvedMethodTable Weak       Min:  0.0, Avg:  0.0, Max:  0.0, Diff:  0.0, Sum:  0.1, Workers: 4
[6425.164s][debug][gc,phases      ] GC(153)     Dead                           Min: 0, Avg:  0.0, Max: 0, Diff: 0, Sum: 0, Workers: 4
[6425.164s][debug][gc,phases      ] GC(153)     Total                          Min: 0, Avg: 2165.5, Max: 2966, Diff: 2966, Sum: 8662, Workers: 4
[6425.164s][debug][gc,phases      ] GC(153)   JNI Weak                       Min:  0.0, Avg:  0.0, Max:  0.0, Diff:  0.0, Sum:  0.0, Workers: 4
[6425.164s][debug][gc,phases      ] GC(153)     Dead                           Min: 0, Avg:  0.0, Max: 0, Diff: 0, Sum: 0, Workers: 4
[6425.164s][debug][gc,phases      ] GC(153)     Total                          Min: 0, Avg: 11.2, Max: 45, Diff: 45, Sum: 45, Workers: 4
[6425.164s][debug][gc,phases      ] GC(153)   StringDedup Table Weak         Min:  0.0, Avg:  0.0, Max:  0.0, Diff:  0.0, Sum:  0.0, Workers: 4
[6425.164s][debug][gc,phases      ] GC(153)     Dead                           Min: 0, Avg:  0.0, Max: 0, Diff: 0, Sum: 0, Workers: 4
[6425.164s][debug][gc,phases      ] GC(153)     Total                          Min: 0, Avg:  0.0, Max: 0, Diff: 0, Sum: 0, Workers: 4
[6425.164s][debug][gc,phases      ] GC(153)   StringDedup Requests0 Weak     Min:  0.0, Avg:  0.0, Max:  0.0, Diff:  0.0, Sum:  0.0, Workers: 4
[6425.164s][debug][gc,phases      ] GC(153)     Dead                           Min: 0, Avg:  0.0, Max: 0, Diff: 0, Sum: 0, Workers: 4
[6425.164s][debug][gc,phases      ] GC(153)     Total                          Min: 0, Avg:  0.0, Max: 0, Diff: 0, Sum: 0, Workers: 4
[6425.164s][debug][gc,phases      ] GC(153)   StringDedup Requests1 Weak     Min:  0.0, Avg:  0.0, Max:  0.0, Diff:  0.0, Sum:  0.0, Workers: 4
[6425.164s][debug][gc,phases      ] GC(153)     Dead                           Min: 0, Avg:  0.0, Max: 0, Diff: 0, Sum: 0, Workers: 4
[6425.164s][debug][gc,phases      ] GC(153)     Total                          Min: 0, Avg:  0.0, Max: 0, Diff: 0, Sum: 0, Workers: 4
[6425.164s][debug][gc,phases      ] GC(153)   Weak JFR Old Object Samples    Min:  0.0, Avg:  0.0, Max:  0.0, Diff:  0.0, Sum:  0.0, Workers: 4
[6425.164s][debug][gc,phases      ] GC(153)     Dead                           Min: 0, Avg:  0.0, Max: 0, Diff: 0, Sum: 0, Workers: 4
[6425.164s][debug][gc,phases      ] GC(153)     Total                          Min: 0, Avg:  0.0, Max: 0, Diff: 0, Sum: 0, Workers: 4
[6425.164s][debug][gc,phases      ] GC(153) Weak Processing 0.302ms
[6425.164s][debug][gc,age         ] GC(153) Desired survivor size 70778880 bytes, new threshold 15 (max threshold 15)
[6425.164s][info ][gc,heap        ] GC(153) PSYoungGen: 1968240K(1968640K)->6312K(2027520K) Eden: 1963008K(1963008K)->0K(1958912K) From: 5232K(5632K)->6312K(68608K)
[6425.164s][info ][gc,heap        ] GC(153) ParOldGen: 474111K(552448K)->474143K(552448K)
[6425.164s][info ][gc,metaspace   ] GC(153) Metaspace: 79927K(81024K)->79927K(81024K) NonClass: 68781K(69376K)->68781K(69376K) Class: 11145K(11648K)->11145K(11648K)
[6425.164s][info ][gc             ] GC(153) Pause Young (GCLocker Initiated GC) 2385M->469M(2519M) 4.028ms
[6425.164s][info ][gc,cpu         ] GC(153) User=0.02s Sys=0.00s Real=0.00s
[6425.164s][info ][safepoint      ] Safepoint "ParallelGCSystemGC", Time since last: 79600 ns, Reaching safepoint: 85500 ns, At safepoint: 4089890 ns, Total: 4175390 ns
[6451.166s][info ][safepoint      ] Safepoint "Cleanup", Time since last: 26001485150 ns, Reaching safepoint: 28500 ns, At safepoint: 2000 ns, Total: 30500 ns
[6463.167s][info ][safepoint      ] Safepoint "Cleanup", Time since last: 12000707793 ns, Reaching safepoint: 47800 ns, At safepoint: 7200 ns, Total: 55000 ns
[6465.653s][info ][gc,start       ] GC(154) Pause Young (Allocation Failure)
[6465.656s][debug][gc,phases      ] GC(154) Scavenge 3.662ms
[6465.656s][debug][gc,ref         ] GC(154) Skipped phase 1 of Reference Processing: no references
[6465.656s][debug][gc,ref         ] GC(154) ReferenceProcessor::execute queues: 1, RefProcThreadModel::Single, marks_oops_alive: false
[6465.656s][debug][gc,ref         ] GC(154) Skipped phase 3 of Reference Processing: no references
[6465.656s][debug][gc,ref         ] GC(154) ReferenceProcessor::execute queues: 1, RefProcThreadModel::Single, marks_oops_alive: false
[6465.656s][debug][gc,phases      ] GC(154) Reference Processing 0.086ms
[6465.657s][debug][gc,phases      ] GC(154)   VM Weak                        Min:  0.0, Avg:  0.0, Max:  0.0, Diff:  0.0, Sum:  0.0, Workers: 4
[6465.657s][debug][gc,phases      ] GC(154)     Dead                           Min: 0, Avg:  0.0, Max: 0, Diff: 0, Sum: 0, Workers: 4
[6465.657s][debug][gc,phases      ] GC(154)     Total                          Min: 0, Avg: 157.5, Max: 630, Diff: 630, Sum: 630, Workers: 4
[6465.657s][debug][gc,phases      ] GC(154)   ObjectSynchronizer Weak        Min:  0.0, Avg:  0.0, Max:  0.0, Diff:  0.0, Sum:  0.0, Workers: 4
[6465.657s][debug][gc,phases      ] GC(154)     Dead                           Min: 0, Avg:  0.0, Max: 0, Diff: 0, Sum: 0, Workers: 4
[6465.657s][debug][gc,phases      ] GC(154)     Total                          Min: 0, Avg: 11.2, Max: 45, Diff: 45, Sum: 45, Workers: 4
[6465.657s][debug][gc,phases      ] GC(154)   JVMTI Tag Weak OopStorage      Min:  0.0, Avg:  0.0, Max:  0.0, Diff:  0.0, Sum:  0.0, Workers: 4
[6465.657s][debug][gc,phases      ] GC(154)     Dead                           Min: 0, Avg:  0.0, Max: 0, Diff: 0, Sum: 0, Workers: 4
[6465.657s][debug][gc,phases      ] GC(154)     Total                          Min: 0, Avg:  0.0, Max: 0, Diff: 0, Sum: 0, Workers: 4
[6465.657s][debug][gc,phases      ] GC(154)   StringTable Weak               Min:  0.1, Avg:  0.1, Max:  0.1, Diff:  0.0, Sum:  0.4, Workers: 4
[6465.657s][debug][gc,phases      ] GC(154)     Dead                           Min: 0, Avg:  0.0, Max: 0, Diff: 0, Sum: 0, Workers: 4
[6465.657s][debug][gc,phases      ] GC(154)     Total                          Min: 10332, Avg: 10711.0, Max: 10944, Diff: 612, Sum: 42844, Workers: 4
[6465.657s][debug][gc,phases      ] GC(154)   ResolvedMethodTable Weak       Min:  0.0, Avg:  0.0, Max:  0.0, Diff:  0.0, Sum:  0.1, Workers: 4
[6465.657s][debug][gc,phases      ] GC(154)     Dead                           Min: 0, Avg:  0.0, Max: 0, Diff: 0, Sum: 0, Workers: 4
[6465.657s][debug][gc,phases      ] GC(154)     Total                          Min: 2070, Avg: 2165.5, Max: 2240, Diff: 170, Sum: 8662, Workers: 4
[6465.657s][debug][gc,phases      ] GC(154)   JNI Weak                       Min:  0.0, Avg:  0.0, Max:  0.0, Diff:  0.0, Sum:  0.0, Workers: 4
[6465.657s][debug][gc,phases      ] GC(154)     Dead                           Min: 0, Avg:  0.0, Max: 0, Diff: 0, Sum: 0, Workers: 4
[6465.657s][debug][gc,phases      ] GC(154)     Total                          Min: 0, Avg: 11.2, Max: 45, Diff: 45, Sum: 45, Workers: 4
[6465.657s][debug][gc,phases      ] GC(154)   StringDedup Table Weak         Min:  0.0, Avg:  0.0, Max:  0.0, Diff:  0.0, Sum:  0.0, Workers: 4
[6465.657s][debug][gc,phases      ] GC(154)     Dead                           Min: 0, Avg:  0.0, Max: 0, Diff: 0, Sum: 0, Workers: 4
[6465.657s][debug][gc,phases      ] GC(154)     Total                          Min: 0, Avg:  0.0, Max: 0, Diff: 0, Sum: 0, Workers: 4
[6465.657s][debug][gc,phases      ] GC(154)   StringDedup Requests0 Weak     Min:  0.0, Avg:  0.0, Max:  0.0, Diff:  0.0, Sum:  0.0, Workers: 4
[6465.657s][debug][gc,phases      ] GC(154)     Dead                           Min: 0, Avg:  0.0, Max: 0, Diff: 0, Sum: 0, Workers: 4
[6465.657s][debug][gc,phases      ] GC(154)     Total                          Min: 0, Avg:  0.0, Max: 0, Diff: 0, Sum: 0, Workers: 4
[6465.657s][debug][gc,phases      ] GC(154)   StringDedup Requests1 Weak     Min:  0.0, Avg:  0.0, Max:  0.0, Diff:  0.0, Sum:  0.0, Workers: 4
[6465.657s][debug][gc,phases      ] GC(154)     Dead                           Min: 0, Avg:  0.0, Max: 0, Diff: 0, Sum: 0, Workers: 4
[6465.657s][debug][gc,phases      ] GC(154)     Total                          Min: 0, Avg:  0.0, Max: 0, Diff: 0, Sum: 0, Workers: 4
[6465.657s][debug][gc,phases      ] GC(154)   Weak JFR Old Object Samples    Min:  0.0, Avg:  0.0, Max:  0.0, Diff:  0.0, Sum:  0.0, Workers: 4
[6465.657s][debug][gc,phases      ] GC(154)     Dead                           Min: 0, Avg:  0.0, Max: 0, Diff: 0, Sum: 0, Workers: 4
[6465.657s][debug][gc,phases      ] GC(154)     Total                          Min: 0, Avg:  0.0, Max: 0, Diff: 0, Sum: 0, Workers: 4
[6465.657s][debug][gc,phases      ] GC(154) Weak Processing 0.271ms
[6465.657s][debug][gc,age         ] GC(154) Desired survivor size 70778880 bytes, new threshold 15 (max threshold 15)
[6465.657s][info ][gc,heap        ] GC(154) PSYoungGen: 1965224K(2027520K)->6128K(2028032K) Eden: 1958912K(1958912K)->0K(1958912K) From: 6312K(68608K)->6128K(69120K)
[6465.657s][info ][gc,heap        ] GC(154) ParOldGen: 474144K(552448K)->474176K(552448K)
[6465.657s][info ][gc,metaspace   ] GC(154) Metaspace: 79932K(81024K)->79932K(81024K) NonClass: 68786K(69376K)->68786K(69376K) Class: 11145K(11648K)->11145K(11648K)
[6465.657s][info ][gc             ] GC(154) Pause Young (Allocation Failure) 2382M->469M(2520M) 4.110ms
[6465.657s][info ][gc,cpu         ] GC(154) User=0.02s Sys=0.00s Real=0.00s
[6465.657s][info ][safepoint      ] Safepoint "ParallelGCFailedAllocation", Time since last: 2485939684 ns, Reaching safepoint: 25200 ns, At safepoint: 4181390 ns, Total: 4206590 ns
[6483.658s][info ][safepoint      ] Safepoint "Cleanup", Time since last: 18001118950 ns, Reaching safepoint: 34300 ns, At safepoint: 2500 ns, Total: 36800 ns
[6493.659s][info ][safepoint      ] Safepoint "Cleanup", Time since last: 10000666956 ns, Reaching safepoint: 28499 ns, At safepoint: 2500 ns, Total: 30999 ns
[6510.002s][info ][gc,start       ] GC(155) Pause Young (Allocation Failure)
[6510.005s][debug][gc,phases      ] GC(155) Scavenge 3.493ms
[6510.005s][debug][gc,ref         ] GC(155) Skipped phase 1 of Reference Processing: no references
[6510.005s][debug][gc,ref         ] GC(155) ReferenceProcessor::execute queues: 1, RefProcThreadModel::Single, marks_oops_alive: false
[6510.005s][debug][gc,ref         ] GC(155) Skipped phase 3 of Reference Processing: no references
[6510.005s][debug][gc,ref         ] GC(155) ReferenceProcessor::execute queues: 1, RefProcThreadModel::Single, marks_oops_alive: false
[6510.005s][debug][gc,phases      ] GC(155) Reference Processing 0.089ms
[6510.005s][debug][gc,phases      ] GC(155)   VM Weak                        Min:  0.0, Avg:  0.0, Max:  0.0, Diff:  0.0, Sum:  0.0, Workers: 4
[6510.006s][debug][gc,phases      ] GC(155)     Dead                           Min: 0, Avg:  0.0, Max: 0, Diff: 0, Sum: 0, Workers: 4
[6510.006s][debug][gc,phases      ] GC(155)     Total                          Min: 0, Avg: 157.5, Max: 630, Diff: 630, Sum: 630, Workers: 4
[6510.006s][debug][gc,phases      ] GC(155)   ObjectSynchronizer Weak        Min:  0.0, Avg:  0.0, Max:  0.0, Diff:  0.0, Sum:  0.0, Workers: 4
[6510.006s][debug][gc,phases      ] GC(155)     Dead                           Min: 0, Avg:  0.0, Max: 0, Diff: 0, Sum: 0, Workers: 4
[6510.006s][debug][gc,phases      ] GC(155)     Total                          Min: 0, Avg: 11.2, Max: 45, Diff: 45, Sum: 45, Workers: 4
[6510.006s][debug][gc,phases      ] GC(155)   JVMTI Tag Weak OopStorage      Min:  0.0, Avg:  0.0, Max:  0.0, Diff:  0.0, Sum:  0.0, Workers: 4
[6510.006s][debug][gc,phases      ] GC(155)     Dead                           Min: 0, Avg:  0.0, Max: 0, Diff: 0, Sum: 0, Workers: 4
[6510.006s][debug][gc,phases      ] GC(155)     Total                          Min: 0, Avg:  0.0, Max: 0, Diff: 0, Sum: 0, Workers: 4
[6510.006s][debug][gc,phases      ] GC(155)   StringTable Weak               Min:  0.1, Avg:  0.1, Max:  0.1, Diff:  0.0, Sum:  0.4, Workers: 4
[6510.006s][debug][gc,phases      ] GC(155)     Dead                           Min: 0, Avg:  0.0, Max: 0, Diff: 0, Sum: 0, Workers: 4
[6510.006s][debug][gc,phases      ] GC(155)     Total                          Min: 9727, Avg: 10711.0, Max: 11392, Diff: 1665, Sum: 42844, Workers: 4
[6510.006s][debug][gc,phases      ] GC(155)   ResolvedMethodTable Weak       Min:  0.0, Avg:  0.0, Max:  0.0, Diff:  0.0, Sum:  0.1, Workers: 4
[6510.006s][debug][gc,phases      ] GC(155)     Dead                           Min: 0, Avg:  0.0, Max: 0, Diff: 0, Sum: 0, Workers: 4
[6510.006s][debug][gc,phases      ] GC(155)     Total                          Min: 2112, Avg: 2165.5, Max: 2198, Diff: 86, Sum: 8662, Workers: 4
[6510.006s][debug][gc,phases      ] GC(155)   JNI Weak                       Min:  0.0, Avg:  0.0, Max:  0.0, Diff:  0.0, Sum:  0.0, Workers: 4
[6510.006s][debug][gc,phases      ] GC(155)     Dead                           Min: 0, Avg:  0.0, Max: 0, Diff: 0, Sum: 0, Workers: 4
[6510.006s][debug][gc,phases      ] GC(155)     Total                          Min: 0, Avg: 11.2, Max: 45, Diff: 45, Sum: 45, Workers: 4
[6510.006s][debug][gc,phases      ] GC(155)   StringDedup Table Weak         Min:  0.0, Avg:  0.0, Max:  0.0, Diff:  0.0, Sum:  0.0, Workers: 4
[6510.006s][debug][gc,phases      ] GC(155)     Dead                           Min: 0, Avg:  0.0, Max: 0, Diff: 0, Sum: 0, Workers: 4
[6510.006s][debug][gc,phases      ] GC(155)     Total                          Min: 0, Avg:  0.0, Max: 0, Diff: 0, Sum: 0, Workers: 4
[6510.006s][debug][gc,phases      ] GC(155)   StringDedup Requests0 Weak     Min:  0.0, Avg:  0.0, Max:  0.0, Diff:  0.0, Sum:  0.0, Workers: 4
[6510.006s][debug][gc,phases      ] GC(155)     Dead                           Min: 0, Avg:  0.0, Max: 0, Diff: 0, Sum: 0, Workers: 4
[6510.006s][debug][gc,phases      ] GC(155)     Total                          Min: 0, Avg:  0.0, Max: 0, Diff: 0, Sum: 0, Workers: 4
[6510.006s][debug][gc,phases      ] GC(155)   StringDedup Requests1 Weak     Min:  0.0, Avg:  0.0, Max:  0.0, Diff:  0.0, Sum:  0.0, Workers: 4
[6510.006s][debug][gc,phases      ] GC(155)     Dead                           Min: 0, Avg:  0.0, Max: 0, Diff: 0, Sum: 0, Workers: 4
[6510.006s][debug][gc,phases      ] GC(155)     Total                          Min: 0, Avg:  0.0, Max: 0, Diff: 0, Sum: 0, Workers: 4
[6510.006s][debug][gc,phases      ] GC(155)   Weak JFR Old Object Samples    Min:  0.0, Avg:  0.0, Max:  0.0, Diff:  0.0, Sum:  0.0, Workers: 4
[6510.006s][debug][gc,phases      ] GC(155)     Dead                           Min: 0, Avg:  0.0, Max: 0, Diff: 0, Sum: 0, Workers: 4
[6510.006s][debug][gc,phases      ] GC(155)     Total                          Min: 0, Avg:  0.0, Max: 0, Diff: 0, Sum: 0, Workers: 4
[6510.006s][debug][gc,phases      ] GC(155) Weak Processing 0.280ms
[6510.006s][debug][gc,age         ] GC(155) Desired survivor size 69730304 bytes, new threshold 15 (max threshold 15)
[6510.006s][info ][gc,heap        ] GC(155) PSYoungGen: 1965040K(2028032K)->5936K(2029056K) Eden: 1958912K(1958912K)->0K(1959936K) From: 6128K(69120K)->5936K(69120K)
[6510.006s][info ][gc,heap        ] GC(155) ParOldGen: 474176K(552448K)->474208K(552448K)
[6510.006s][info ][gc,metaspace   ] GC(155) Metaspace: 79936K(81024K)->79936K(81024K) NonClass: 68791K(69376K)->68791K(69376K) Class: 11145K(11648K)->11145K(11648K)
[6510.006s][info ][gc             ] GC(155) Pause Young (Allocation Failure) 2382M->468M(2521M) 3.958ms
[6510.006s][info ][gc,cpu         ] GC(155) User=0.01s Sys=0.00s Real=0.00s
[6510.006s][info ][safepoint      ] Safepoint "ParallelGCFailedAllocation", Time since last: 16342981448 ns, Reaching safepoint: 96299 ns, At safepoint: 4029591 ns, Total: 4125890 ns
[6521.006s][info ][safepoint      ] Safepoint "Cleanup", Time since last: 11000663594 ns, Reaching safepoint: 121900 ns, At safepoint: 11000 ns, Total: 132900 ns
[6522.007s][info ][safepoint      ] Safepoint "Cleanup", Time since last: 1000097087 ns, Reaching safepoint: 46699 ns, At safepoint: 3300 ns, Total: 49999 ns
[6530.007s][info ][safepoint      ] Safepoint "Cleanup", Time since last: 8000463378 ns, Reaching safepoint: 38400 ns, At safepoint: 4300 ns, Total: 42700 ns
[6543.661s][info ][gc,start       ] GC(156) Pause Young (Allocation Failure)
[6543.671s][debug][gc,phases      ] GC(156) Scavenge 9.996ms
[6543.671s][debug][gc,ref         ] GC(156) Skipped phase 1 of Reference Processing: no references
[6543.671s][debug][gc,ref         ] GC(156) ReferenceProcessor::execute queues: 1, RefProcThreadModel::Single, marks_oops_alive: false
[6543.671s][debug][gc,ref         ] GC(156) Skipped phase 3 of Reference Processing: no references
[6543.671s][debug][gc,ref         ] GC(156) ReferenceProcessor::execute queues: 1, RefProcThreadModel::Single, marks_oops_alive: false
[6543.671s][debug][gc,phases      ] GC(156) Reference Processing 0.089ms
[6543.671s][debug][gc,phases      ] GC(156)   VM Weak                        Min:  0.0, Avg:  0.0, Max:  0.0, Diff:  0.0, Sum:  0.0, Workers: 4
[6543.671s][debug][gc,phases      ] GC(156)     Dead                           Min: 0, Avg:  0.0, Max: 0, Diff: 0, Sum: 0, Workers: 4
[6543.671s][debug][gc,phases      ] GC(156)     Total                          Min: 0, Avg: 157.5, Max: 630, Diff: 630, Sum: 630, Workers: 4
[6543.671s][debug][gc,phases      ] GC(156)   ObjectSynchronizer Weak        Min:  0.0, Avg:  0.0, Max:  0.0, Diff:  0.0, Sum:  0.0, Workers: 4
[6543.671s][debug][gc,phases      ] GC(156)     Dead                           Min: 0, Avg:  0.0, Max: 0, Diff: 0, Sum: 0, Workers: 4
[6543.671s][debug][gc,phases      ] GC(156)     Total                          Min: 0, Avg: 11.2, Max: 45, Diff: 45, Sum: 45, Workers: 4
[6543.671s][debug][gc,phases      ] GC(156)   JVMTI Tag Weak OopStorage      Min:  0.0, Avg:  0.0, Max:  0.0, Diff:  0.0, Sum:  0.0, Workers: 4
[6543.671s][debug][gc,phases      ] GC(156)     Dead                           Min: 0, Avg:  0.0, Max: 0, Diff: 0, Sum: 0, Workers: 4
[6543.671s][debug][gc,phases      ] GC(156)     Total                          Min: 0, Avg:  0.0, Max: 0, Diff: 0, Sum: 0, Workers: 4
[6543.671s][debug][gc,phases      ] GC(156)   StringTable Weak               Min:  0.1, Avg:  0.1, Max:  0.1, Diff:  0.0, Sum:  0.4, Workers: 4
[6543.671s][debug][gc,phases      ] GC(156)     Dead                           Min: 0, Avg:  0.2, Max: 1, Diff: 1, Sum: 1, Workers: 4
[6543.671s][debug][gc,phases      ] GC(156)     Total                          Min: 10111, Avg: 10718.8, Max: 11071, Diff: 960, Sum: 42875, Workers: 4
[6543.671s][debug][gc,phases      ] GC(156)   ResolvedMethodTable Weak       Min:  0.0, Avg:  0.0, Max:  0.0, Diff:  0.0, Sum:  0.1, Workers: 4
[6543.671s][debug][gc,phases      ] GC(156)     Dead                           Min: 0, Avg:  0.0, Max: 0, Diff: 0, Sum: 0, Workers: 4
[6543.671s][debug][gc,phases      ] GC(156)     Total                          Min: 2112, Avg: 2167.2, Max: 2205, Diff: 93, Sum: 8669, Workers: 4
[6543.671s][debug][gc,phases      ] GC(156)   JNI Weak                       Min:  0.0, Avg:  0.0, Max:  0.0, Diff:  0.0, Sum:  0.0, Workers: 4
[6543.671s][debug][gc,phases      ] GC(156)     Dead                           Min: 0, Avg:  0.0, Max: 0, Diff: 0, Sum: 0, Workers: 4
[6543.671s][debug][gc,phases      ] GC(156)     Total                          Min: 0, Avg: 11.2, Max: 45, Diff: 45, Sum: 45, Workers: 4
[6543.671s][debug][gc,phases      ] GC(156)   StringDedup Table Weak         Min:  0.0, Avg:  0.0, Max:  0.0, Diff:  0.0, Sum:  0.0, Workers: 4
[6543.671s][debug][gc,phases      ] GC(156)     Dead                           Min: 0, Avg:  0.0, Max: 0, Diff: 0, Sum: 0, Workers: 4
[6543.671s][debug][gc,phases      ] GC(156)     Total                          Min: 0, Avg:  0.0, Max: 0, Diff: 0, Sum: 0, Workers: 4
[6543.671s][debug][gc,phases      ] GC(156)   StringDedup Requests0 Weak     Min:  0.0, Avg:  0.0, Max:  0.0, Diff:  0.0, Sum:  0.0, Workers: 4
[6543.671s][debug][gc,phases      ] GC(156)     Dead                           Min: 0, Avg:  0.0, Max: 0, Diff: 0, Sum: 0, Workers: 4
[6543.671s][debug][gc,phases      ] GC(156)     Total                          Min: 0, Avg:  0.0, Max: 0, Diff: 0, Sum: 0, Workers: 4
[6543.671s][debug][gc,phases      ] GC(156)   StringDedup Requests1 Weak     Min:  0.0, Avg:  0.0, Max:  0.0, Diff:  0.0, Sum:  0.0, Workers: 4
[6543.671s][debug][gc,phases      ] GC(156)     Dead                           Min: 0, Avg:  0.0, Max: 0, Diff: 0, Sum: 0, Workers: 4
[6543.671s][debug][gc,phases      ] GC(156)     Total                          Min: 0, Avg:  0.0, Max: 0, Diff: 0, Sum: 0, Workers: 4
[6543.671s][debug][gc,phases      ] GC(156)   Weak JFR Old Object Samples    Min:  0.0, Avg:  0.0, Max:  0.0, Diff:  0.0, Sum:  0.0, Workers: 4
[6543.671s][debug][gc,phases      ] GC(156)     Dead                           Min: 0, Avg:  0.0, Max: 0, Diff: 0, Sum: 0, Workers: 4
[6543.671s][debug][gc,phases      ] GC(156)     Total                          Min: 0, Avg:  0.0, Max: 0, Diff: 0, Sum: 0, Workers: 4
[6543.672s][debug][gc,phases      ] GC(156) Weak Processing 0.273ms
[6543.672s][debug][gc,age         ] GC(156) Desired survivor size 66060288 bytes, new threshold 15 (max threshold 15)
[6543.672s][info ][gc,heap        ] GC(156) PSYoungGen: 1965872K(2029056K)->26688K(2028032K) Eden: 1959936K(1959936K)->0K(1959936K) From: 5936K(69120K)->26688K(68096K)
[6543.672s][info ][gc,heap        ] GC(156) ParOldGen: 474208K(552448K)->474240K(552448K)
[6543.672s][info ][gc,metaspace   ] GC(156) Metaspace: 79963K(81024K)->79963K(81024K) NonClass: 68814K(69376K)->68814K(69376K) Class: 11148K(11648K)->11148K(11648K)
[6543.672s][info ][gc             ] GC(156) Pause Young (Allocation Failure) 2382M->489M(2520M) 10.454ms
[6543.672s][info ][gc,cpu         ] GC(156) User=0.03s Sys=0.00s Real=0.01s
[6543.672s][info ][safepoint      ] Safepoint "ParallelGCFailedAllocation", Time since last: 13653832444 ns, Reaching safepoint: 64399 ns, At safepoint: 10531175 ns, Total: 10595574 ns
[6544.672s][info ][safepoint      ] Safepoint "Cleanup", Time since last: 1000077875 ns, Reaching safepoint: 30100 ns, At safepoint: 2900 ns, Total: 33000 ns
[6551.672s][info ][safepoint      ] Safepoint "Cleanup", Time since last: 7000401510 ns, Reaching safepoint: 28800 ns, At safepoint: 3300 ns, Total: 32100 ns
[6589.811s][info ][gc,start       ] GC(157) Pause Young (Allocation Failure)
[6589.817s][debug][gc,phases      ] GC(157) Scavenge 6.462ms
[6589.817s][debug][gc,ref         ] GC(157) Skipped phase 1 of Reference Processing: no references
[6589.818s][debug][gc,ref         ] GC(157) ReferenceProcessor::execute queues: 1, RefProcThreadModel::Single, marks_oops_alive: false
[6589.818s][debug][gc,ref         ] GC(157) Skipped phase 3 of Reference Processing: no references
[6589.818s][debug][gc,ref         ] GC(157) ReferenceProcessor::execute queues: 1, RefProcThreadModel::Single, marks_oops_alive: false
[6589.818s][debug][gc,phases      ] GC(157) Reference Processing 0.086ms
[6589.818s][debug][gc,phases      ] GC(157)   VM Weak                        Min:  0.0, Avg:  0.0, Max:  0.0, Diff:  0.0, Sum:  0.0, Workers: 4
[6589.818s][debug][gc,phases      ] GC(157)     Dead                           Min: 0, Avg:  0.0, Max: 0, Diff: 0, Sum: 0, Workers: 4
[6589.818s][debug][gc,phases      ] GC(157)     Total                          Min: 0, Avg: 157.5, Max: 566, Diff: 566, Sum: 630, Workers: 4
[6589.818s][debug][gc,phases      ] GC(157)   ObjectSynchronizer Weak        Min:  0.0, Avg:  0.0, Max:  0.0, Diff:  0.0, Sum:  0.0, Workers: 4
[6589.818s][debug][gc,phases      ] GC(157)     Dead                           Min: 0, Avg:  0.0, Max: 0, Diff: 0, Sum: 0, Workers: 4
[6589.818s][debug][gc,phases      ] GC(157)     Total                          Min: 0, Avg: 11.2, Max: 45, Diff: 45, Sum: 45, Workers: 4
[6589.818s][debug][gc,phases      ] GC(157)   JVMTI Tag Weak OopStorage      Min:  0.0, Avg:  0.0, Max:  0.0, Diff:  0.0, Sum:  0.0, Workers: 4
[6589.818s][debug][gc,phases      ] GC(157)     Dead                           Min: 0, Avg:  0.0, Max: 0, Diff: 0, Sum: 0, Workers: 4
[6589.818s][debug][gc,phases      ] GC(157)     Total                          Min: 0, Avg:  0.0, Max: 0, Diff: 0, Sum: 0, Workers: 4
[6589.818s][debug][gc,phases      ] GC(157)   StringTable Weak               Min:  0.0, Avg:  0.1, Max:  0.1, Diff:  0.1, Sum:  0.3, Workers: 4
[6589.818s][debug][gc,phases      ] GC(157)     Dead                           Min: 0, Avg:  0.0, Max: 0, Diff: 0, Sum: 0, Workers: 4
[6589.818s][debug][gc,phases      ] GC(157)     Total                          Min: 0, Avg: 10718.8, Max: 19581, Diff: 19581, Sum: 42875, Workers: 4
[6589.818s][debug][gc,phases      ] GC(157)   ResolvedMethodTable Weak       Min:  0.0, Avg:  0.0, Max:  0.0, Diff:  0.0, Sum:  0.1, Workers: 4
[6589.818s][debug][gc,phases      ] GC(157)     Dead                           Min: 0, Avg:  0.0, Max: 0, Diff: 0, Sum: 0, Workers: 4
[6589.818s][debug][gc,phases      ] GC(157)     Total                          Min: 0, Avg: 2167.2, Max: 3712, Diff: 3712, Sum: 8669, Workers: 4
[6589.818s][debug][gc,phases      ] GC(157)   JNI Weak                       Min:  0.0, Avg:  0.0, Max:  0.0, Diff:  0.0, Sum:  0.0, Workers: 4
[6589.818s][debug][gc,phases      ] GC(157)     Dead                           Min: 0, Avg:  0.0, Max: 0, Diff: 0, Sum: 0, Workers: 4
[6589.818s][debug][gc,phases      ] GC(157)     Total                          Min: 0, Avg: 11.2, Max: 45, Diff: 45, Sum: 45, Workers: 4
[6589.818s][debug][gc,phases      ] GC(157)   StringDedup Table Weak         Min:  0.0, Avg:  0.0, Max:  0.0, Diff:  0.0, Sum:  0.0, Workers: 4
[6589.818s][debug][gc,phases      ] GC(157)     Dead                           Min: 0, Avg:  0.0, Max: 0, Diff: 0, Sum: 0, Workers: 4
[6589.818s][debug][gc,phases      ] GC(157)     Total                          Min: 0, Avg:  0.0, Max: 0, Diff: 0, Sum: 0, Workers: 4
[6589.818s][debug][gc,phases      ] GC(157)   StringDedup Requests0 Weak     Min:  0.0, Avg:  0.0, Max:  0.0, Diff:  0.0, Sum:  0.0, Workers: 4
[6589.818s][debug][gc,phases      ] GC(157)     Dead                           Min: 0, Avg:  0.0, Max: 0, Diff: 0, Sum: 0, Workers: 4
[6589.818s][debug][gc,phases      ] GC(157)     Total                          Min: 0, Avg:  0.0, Max: 0, Diff: 0, Sum: 0, Workers: 4
[6589.818s][debug][gc,phases      ] GC(157)   StringDedup Requests1 Weak     Min:  0.0, Avg:  0.0, Max:  0.0, Diff:  0.0, Sum:  0.0, Workers: 4
[6589.818s][debug][gc,phases      ] GC(157)     Dead                           Min: 0, Avg:  0.0, Max: 0, Diff: 0, Sum: 0, Workers: 4
[6589.818s][debug][gc,phases      ] GC(157)     Total                          Min: 0, Avg:  0.0, Max: 0, Diff: 0, Sum: 0, Workers: 4
[6589.818s][debug][gc,phases      ] GC(157)   Weak JFR Old Object Samples    Min:  0.0, Avg:  0.0, Max:  0.0, Diff:  0.0, Sum:  0.0, Workers: 4
[6589.818s][debug][gc,phases      ] GC(157)     Dead                           Min: 0, Avg:  0.0, Max: 0, Diff: 0, Sum: 0, Workers: 4
[6589.818s][debug][gc,phases      ] GC(157)     Total                          Min: 0, Avg:  0.0, Max: 0, Diff: 0, Sum: 0, Workers: 4
[6589.818s][debug][gc,phases      ] GC(157) Weak Processing 0.289ms
[6589.818s][debug][gc,age         ] GC(157) Desired survivor size 62390272 bytes, new threshold 15 (max threshold 15)
[6589.818s][info ][gc,heap        ] GC(157) PSYoungGen: 1986624K(2028032K)->21793K(2036224K) Eden: 1959936K(1959936K)->0K(1971712K) From: 26688K(68096K)->21793K(64512K)
[6589.818s][info ][gc,heap        ] GC(157) ParOldGen: 474240K(552448K)->474280K(552448K)
[6589.818s][info ][gc,metaspace   ] GC(157) Metaspace: 79964K(81024K)->79964K(81024K) NonClass: 68815K(69376K)->68815K(69376K) Class: 11148K(11648K)->11148K(11648K)
[6589.818s][info ][gc             ] GC(157) Pause Young (Allocation Failure) 2403M->484M(2528M) 6.944ms
[6589.818s][info ][gc,cpu         ] GC(157) User=0.03s Sys=0.01s Real=0.00s
[6589.818s][info ][safepoint      ] Safepoint "ParallelGCFailedAllocation", Time since last: 38138717506 ns, Reaching safepoint: 64200 ns, At safepoint: 7009483 ns, Total: 7073683 ns
[6609.819s][info ][safepoint      ] Safepoint "Cleanup", Time since last: 20001197249 ns, Reaching safepoint: 38300 ns, At safepoint: 3600 ns, Total: 41900 ns
[6628.820s][info ][safepoint      ] Safepoint "Cleanup", Time since last: 19001216132 ns, Reaching safepoint: 25900 ns, At safepoint: 2500 ns, Total: 28400 ns
[6639.711s][info ][gc,start       ] GC(158) Pause Young (Allocation Failure)
[6639.717s][debug][gc,phases      ] GC(158) Scavenge 5.661ms
[6639.717s][debug][gc,ref         ] GC(158) Skipped phase 1 of Reference Processing: no references
[6639.717s][debug][gc,ref         ] GC(158) ReferenceProcessor::execute queues: 1, RefProcThreadModel::Single, marks_oops_alive: false
[6639.717s][debug][gc,ref         ] GC(158) Skipped phase 3 of Reference Processing: no references
[6639.717s][debug][gc,ref         ] GC(158) ReferenceProcessor::execute queues: 1, RefProcThreadModel::Single, marks_oops_alive: false
[6639.717s][debug][gc,phases      ] GC(158) Reference Processing 0.086ms
[6639.717s][debug][gc,phases      ] GC(158)   VM Weak                        Min:  0.0, Avg:  0.0, Max:  0.0, Diff:  0.0, Sum:  0.0, Workers: 4
[6639.717s][debug][gc,phases      ] GC(158)     Dead                           Min: 0, Avg:  0.0, Max: 0, Diff: 0, Sum: 0, Workers: 4
[6639.717s][debug][gc,phases      ] GC(158)     Total                          Min: 0, Avg: 157.5, Max: 630, Diff: 630, Sum: 630, Workers: 4
[6639.717s][debug][gc,phases      ] GC(158)   ObjectSynchronizer Weak        Min:  0.0, Avg:  0.0, Max:  0.0, Diff:  0.0, Sum:  0.0, Workers: 4
[6639.717s][debug][gc,phases      ] GC(158)     Dead                           Min: 0, Avg:  0.0, Max: 0, Diff: 0, Sum: 0, Workers: 4
[6639.717s][debug][gc,phases      ] GC(158)     Total                          Min: 0, Avg: 11.2, Max: 45, Diff: 45, Sum: 45, Workers: 4
[6639.717s][debug][gc,phases      ] GC(158)   JVMTI Tag Weak OopStorage      Min:  0.0, Avg:  0.0, Max:  0.0, Diff:  0.0, Sum:  0.0, Workers: 4
[6639.717s][debug][gc,phases      ] GC(158)     Dead                           Min: 0, Avg:  0.0, Max: 0, Diff: 0, Sum: 0, Workers: 4
[6639.717s][debug][gc,phases      ] GC(158)     Total                          Min: 0, Avg:  0.0, Max: 0, Diff: 0, Sum: 0, Workers: 4
[6639.717s][debug][gc,phases      ] GC(158)   StringTable Weak               Min:  0.1, Avg:  0.1, Max:  0.1, Diff:  0.0, Sum:  0.3, Workers: 4
[6639.717s][debug][gc,phases      ] GC(158)     Dead                           Min: 0, Avg:  0.0, Max: 0, Diff: 0, Sum: 0, Workers: 4
[6639.717s][debug][gc,phases      ] GC(158)     Total                          Min: 9407, Avg: 10719.2, Max: 11519, Diff: 2112, Sum: 42877, Workers: 4
[6639.717s][debug][gc,phases      ] GC(158)   ResolvedMethodTable Weak       Min:  0.0, Avg:  0.0, Max:  0.0, Diff:  0.0, Sum:  0.1, Workers: 4
[6639.717s][debug][gc,phases      ] GC(158)     Dead                           Min: 0, Avg:  0.0, Max: 0, Diff: 0, Sum: 0, Workers: 4
[6639.717s][debug][gc,phases      ] GC(158)     Total                          Min: 1949, Avg: 2167.2, Max: 2368, Diff: 419, Sum: 8669, Workers: 4
[6639.717s][debug][gc,phases      ] GC(158)   JNI Weak                       Min:  0.0, Avg:  0.0, Max:  0.0, Diff:  0.0, Sum:  0.0, Workers: 4
[6639.717s][debug][gc,phases      ] GC(158)     Dead                           Min: 0, Avg:  0.0, Max: 0, Diff: 0, Sum: 0, Workers: 4
[6639.717s][debug][gc,phases      ] GC(158)     Total                          Min: 0, Avg: 11.2, Max: 45, Diff: 45, Sum: 45, Workers: 4
[6639.717s][debug][gc,phases      ] GC(158)   StringDedup Table Weak         Min:  0.0, Avg:  0.0, Max:  0.0, Diff:  0.0, Sum:  0.0, Workers: 4
[6639.717s][debug][gc,phases      ] GC(158)     Dead                           Min: 0, Avg:  0.0, Max: 0, Diff: 0, Sum: 0, Workers: 4
[6639.717s][debug][gc,phases      ] GC(158)     Total                          Min: 0, Avg:  0.0, Max: 0, Diff: 0, Sum: 0, Workers: 4
[6639.717s][debug][gc,phases      ] GC(158)   StringDedup Requests0 Weak     Min:  0.0, Avg:  0.0, Max:  0.0, Diff:  0.0, Sum:  0.0, Workers: 4
[6639.717s][debug][gc,phases      ] GC(158)     Dead                           Min: 0, Avg:  0.0, Max: 0, Diff: 0, Sum: 0, Workers: 4
[6639.717s][debug][gc,phases      ] GC(158)     Total                          Min: 0, Avg:  0.0, Max: 0, Diff: 0, Sum: 0, Workers: 4
[6639.717s][debug][gc,phases      ] GC(158)   StringDedup Requests1 Weak     Min:  0.0, Avg:  0.0, Max:  0.0, Diff:  0.0, Sum:  0.0, Workers: 4
[6639.717s][debug][gc,phases      ] GC(158)     Dead                           Min: 0, Avg:  0.0, Max: 0, Diff: 0, Sum: 0, Workers: 4
[6639.717s][debug][gc,phases      ] GC(158)     Total                          Min: 0, Avg:  0.0, Max: 0, Diff: 0, Sum: 0, Workers: 4
[6639.717s][debug][gc,phases      ] GC(158)   Weak JFR Old Object Samples    Min:  0.0, Avg:  0.0, Max:  0.0, Diff:  0.0, Sum:  0.0, Workers: 4
[6639.717s][debug][gc,phases      ] GC(158)     Dead                           Min: 0, Avg:  0.0, Max: 0, Diff: 0, Sum: 0, Workers: 4
[6639.717s][debug][gc,phases      ] GC(158)     Total                          Min: 0, Avg:  0.0, Max: 0, Diff: 0, Sum: 0, Workers: 4
[6639.717s][debug][gc,phases      ] GC(158) Weak Processing 0.270ms
[6639.717s][debug][gc,age         ] GC(158) Desired survivor size 59244544 bytes, new threshold 15 (max threshold 15)
[6639.717s][info ][gc,heap        ] GC(158) PSYoungGen: 1993505K(2036224K)->20640K(2032640K) Eden: 1971712K(1971712K)->0K(1971712K) From: 21793K(64512K)->20640K(60928K)
[6639.717s][info ][gc,heap        ] GC(158) ParOldGen: 474280K(552448K)->474456K(552448K)
[6639.717s][info ][gc,metaspace   ] GC(158) Metaspace: 79971K(81024K)->79971K(81024K) NonClass: 68822K(69376K)->68822K(69376K) Class: 11148K(11648K)->11148K(11648K)
[6639.717s][info ][gc             ] GC(158) Pause Young (Allocation Failure) 2409M->483M(2524M) 6.107ms
[6639.717s][info ][gc,cpu         ] GC(158) User=0.02s Sys=0.00s Real=0.00s
[6639.717s][info ][safepoint      ] Safepoint "ParallelGCFailedAllocation", Time since last: 10890432723 ns, Reaching safepoint: 98300 ns, At safepoint: 6176884 ns, Total: 6275184 ns
[6651.718s][info ][safepoint      ] Safepoint "Cleanup", Time since last: 12000770523 ns, Reaching safepoint: 37100 ns, At safepoint: 4100 ns, Total: 41200 ns
[6675.719s][info ][safepoint      ] Safepoint "Cleanup", Time since last: 24001414565 ns, Reaching safepoint: 34600 ns, At safepoint: 2200 ns, Total: 36800 ns
[6684.265s][info ][gc,start       ] GC(159) Pause Young (Allocation Failure)
[6684.272s][debug][gc,phases      ] GC(159) Scavenge 7.020ms
[6684.272s][debug][gc,ref         ] GC(159) Skipped phase 1 of Reference Processing: no references
[6684.272s][debug][gc,ref         ] GC(159) ReferenceProcessor::execute queues: 1, RefProcThreadModel::Single, marks_oops_alive: false
[6684.272s][debug][gc,ref         ] GC(159) Skipped phase 3 of Reference Processing: no references
[6684.272s][debug][gc,ref         ] GC(159) ReferenceProcessor::execute queues: 1, RefProcThreadModel::Single, marks_oops_alive: false
[6684.272s][debug][gc,phases      ] GC(159) Reference Processing 0.086ms
[6684.272s][debug][gc,phases      ] GC(159)   VM Weak                        Min:  0.0, Avg:  0.0, Max:  0.0, Diff:  0.0, Sum:  0.0, Workers: 4
[6684.272s][debug][gc,phases      ] GC(159)     Dead                           Min: 0, Avg:  0.0, Max: 0, Diff: 0, Sum: 0, Workers: 4
[6684.272s][debug][gc,phases      ] GC(159)     Total                          Min: 0, Avg: 157.5, Max: 630, Diff: 630, Sum: 630, Workers: 4
[6684.272s][debug][gc,phases      ] GC(159)   ObjectSynchronizer Weak        Min:  0.0, Avg:  0.0, Max:  0.0, Diff:  0.0, Sum:  0.0, Workers: 4
[6684.272s][debug][gc,phases      ] GC(159)     Dead                           Min: 0, Avg:  0.0, Max: 0, Diff: 0, Sum: 0, Workers: 4
[6684.272s][debug][gc,phases      ] GC(159)     Total                          Min: 0, Avg: 11.2, Max: 45, Diff: 45, Sum: 45, Workers: 4
[6684.272s][debug][gc,phases      ] GC(159)   JVMTI Tag Weak OopStorage      Min:  0.0, Avg:  0.0, Max:  0.0, Diff:  0.0, Sum:  0.0, Workers: 4
[6684.272s][debug][gc,phases      ] GC(159)     Dead                           Min: 0, Avg:  0.0, Max: 0, Diff: 0, Sum: 0, Workers: 4
[6684.272s][debug][gc,phases      ] GC(159)     Total                          Min: 0, Avg:  0.0, Max: 0, Diff: 0, Sum: 0, Workers: 4
[6684.272s][debug][gc,phases      ] GC(159)   StringTable Weak               Min:  0.0, Avg:  0.1, Max:  0.1, Diff:  0.1, Sum:  0.3, Workers: 4
[6684.272s][debug][gc,phases      ] GC(159)     Dead                           Min: 0, Avg:  0.0, Max: 0, Diff: 0, Sum: 0, Workers: 4
[6684.272s][debug][gc,phases      ] GC(159)     Total                          Min: 0, Avg: 10719.2, Max: 18685, Diff: 18685, Sum: 42877, Workers: 4
[6684.272s][debug][gc,phases      ] GC(159)   ResolvedMethodTable Weak       Min:  0.0, Avg:  0.0, Max:  0.0, Diff:  0.0, Sum:  0.1, Workers: 4
[6684.272s][debug][gc,phases      ] GC(159)     Dead                           Min: 0, Avg:  0.0, Max: 0, Diff: 0, Sum: 0, Workers: 4
[6684.272s][debug][gc,phases      ] GC(159)     Total                          Min: 0, Avg: 2167.2, Max: 3904, Diff: 3904, Sum: 8669, Workers: 4
[6684.272s][debug][gc,phases      ] GC(159)   JNI Weak                       Min:  0.0, Avg:  0.0, Max:  0.0, Diff:  0.0, Sum:  0.0, Workers: 4
[6684.272s][debug][gc,phases      ] GC(159)     Dead                           Min: 0, Avg:  0.0, Max: 0, Diff: 0, Sum: 0, Workers: 4
[6684.272s][debug][gc,phases      ] GC(159)     Total                          Min: 0, Avg: 11.2, Max: 45, Diff: 45, Sum: 45, Workers: 4
[6684.272s][debug][gc,phases      ] GC(159)   StringDedup Table Weak         Min:  0.0, Avg:  0.0, Max:  0.0, Diff:  0.0, Sum:  0.0, Workers: 4
[6684.272s][debug][gc,phases      ] GC(159)     Dead                           Min: 0, Avg:  0.0, Max: 0, Diff: 0, Sum: 0, Workers: 4
[6684.272s][debug][gc,phases      ] GC(159)     Total                          Min: 0, Avg:  0.0, Max: 0, Diff: 0, Sum: 0, Workers: 4
[6684.272s][debug][gc,phases      ] GC(159)   StringDedup Requests0 Weak     Min:  0.0, Avg:  0.0, Max:  0.0, Diff:  0.0, Sum:  0.0, Workers: 4
[6684.272s][debug][gc,phases      ] GC(159)     Dead                           Min: 0, Avg:  0.0, Max: 0, Diff: 0, Sum: 0, Workers: 4
[6684.272s][debug][gc,phases      ] GC(159)     Total                          Min: 0, Avg:  0.0, Max: 0, Diff: 0, Sum: 0, Workers: 4
[6684.272s][debug][gc,phases      ] GC(159)   StringDedup Requests1 Weak     Min:  0.0, Avg:  0.0, Max:  0.0, Diff:  0.0, Sum:  0.0, Workers: 4
[6684.272s][debug][gc,phases      ] GC(159)     Dead                           Min: 0, Avg:  0.0, Max: 0, Diff: 0, Sum: 0, Workers: 4
[6684.272s][debug][gc,phases      ] GC(159)     Total                          Min: 0, Avg:  0.0, Max: 0, Diff: 0, Sum: 0, Workers: 4
[6684.272s][debug][gc,phases      ] GC(159)   Weak JFR Old Object Samples    Min:  0.0, Avg:  0.0, Max:  0.0, Diff:  0.0, Sum:  0.0, Workers: 4
[6684.272s][debug][gc,phases      ] GC(159)     Dead                           Min: 0, Avg:  0.0, Max: 0, Diff: 0, Sum: 0, Workers: 4
[6684.272s][debug][gc,phases      ] GC(159)     Total                          Min: 0, Avg:  0.0, Max: 0, Diff: 0, Sum: 0, Workers: 4
[6684.272s][debug][gc,phases      ] GC(159) Weak Processing 0.281ms
[6684.272s][debug][gc,age         ] GC(159) Desired survivor size 56623104 bytes, new threshold 15 (max threshold 15)
[6684.272s][info ][gc,heap        ] GC(159) PSYoungGen: 1992352K(2032640K)->21440K(2041856K) Eden: 1971712K(1971712K)->0K(1984000K) From: 20640K(60928K)->21440K(57856K)
[6684.272s][info ][gc,heap        ] GC(159) ParOldGen: 474456K(552448K)->474488K(552448K)
[6684.272s][info ][gc,metaspace   ] GC(159) Metaspace: 79975K(81024K)->79975K(81024K) NonClass: 68826K(69376K)->68826K(69376K) Class: 11148K(11648K)->11148K(11648K)
[6684.272s][info ][gc             ] GC(159) Pause Young (Allocation Failure) 2408M->484M(2533M) 7.503ms
[6684.272s][info ][gc,cpu         ] GC(159) User=0.03s Sys=0.00s Real=0.01s
[6684.272s][info ][safepoint      ] Safepoint "ParallelGCFailedAllocation", Time since last: 8545374247 ns, Reaching safepoint: 21500 ns, At safepoint: 7563281 ns, Total: 7584781 ns
[6702.274s][info ][safepoint      ] Safepoint "Cleanup", Time since last: 18001612434 ns, Reaching safepoint: 26700 ns, At safepoint: 2399 ns, Total: 29099 ns
[6731.712s][info ][gc,start       ] GC(160) Pause Young (Allocation Failure)
[6731.718s][debug][gc,phases      ] GC(160) Scavenge 5.657ms
[6731.718s][debug][gc,ref         ] GC(160) Skipped phase 1 of Reference Processing: no references
[6731.718s][debug][gc,ref         ] GC(160) ReferenceProcessor::execute queues: 1, RefProcThreadModel::Single, marks_oops_alive: false
[6731.718s][debug][gc,ref         ] GC(160) Skipped phase 3 of Reference Processing: no references
[6731.718s][debug][gc,ref         ] GC(160) ReferenceProcessor::execute queues: 1, RefProcThreadModel::Single, marks_oops_alive: false
[6731.718s][debug][gc,phases      ] GC(160) Reference Processing 0.096ms
[6731.718s][debug][gc,phases      ] GC(160)   VM Weak                        Min:  0.0, Avg:  0.0, Max:  0.0, Diff:  0.0, Sum:  0.0, Workers: 4
[6731.718s][debug][gc,phases      ] GC(160)     Dead                           Min: 0, Avg:  0.0, Max: 0, Diff: 0, Sum: 0, Workers: 4
[6731.718s][debug][gc,phases      ] GC(160)     Total                          Min: 0, Avg: 157.5, Max: 317, Diff: 317, Sum: 630, Workers: 4
[6731.718s][debug][gc,phases      ] GC(160)   ObjectSynchronizer Weak        Min:  0.0, Avg:  0.0, Max:  0.0, Diff:  0.0, Sum:  0.0, Workers: 4
[6731.718s][debug][gc,phases      ] GC(160)     Dead                           Min: 0, Avg:  0.0, Max: 0, Diff: 0, Sum: 0, Workers: 4
[6731.718s][debug][gc,phases      ] GC(160)     Total                          Min: 0, Avg: 11.2, Max: 45, Diff: 45, Sum: 45, Workers: 4
[6731.718s][debug][gc,phases      ] GC(160)   JVMTI Tag Weak OopStorage      Min:  0.0, Avg:  0.0, Max:  0.0, Diff:  0.0, Sum:  0.0, Workers: 4
[6731.718s][debug][gc,phases      ] GC(160)     Dead                           Min: 0, Avg:  0.0, Max: 0, Diff: 0, Sum: 0, Workers: 4
[6731.718s][debug][gc,phases      ] GC(160)     Total                          Min: 0, Avg:  0.0, Max: 0, Diff: 0, Sum: 0, Workers: 4
[6731.718s][debug][gc,phases      ] GC(160)   StringTable Weak               Min:  0.0, Avg:  0.1, Max:  0.1, Diff:  0.1, Sum:  0.3, Workers: 4
[6731.718s][debug][gc,phases      ] GC(160)     Dead                           Min: 0, Avg:  0.0, Max: 0, Diff: 0, Sum: 0, Workers: 4
[6731.718s][debug][gc,phases      ] GC(160)     Total                          Min: 0, Avg: 10719.2, Max: 18687, Diff: 18687, Sum: 42877, Workers: 4
[6731.718s][debug][gc,phases      ] GC(160)   ResolvedMethodTable Weak       Min:  0.0, Avg:  0.0, Max:  0.0, Diff:  0.0, Sum:  0.1, Workers: 4
[6731.718s][debug][gc,phases      ] GC(160)     Dead                           Min: 0, Avg:  0.0, Max: 0, Diff: 0, Sum: 0, Workers: 4
[6731.718s][debug][gc,phases      ] GC(160)     Total                          Min: 0, Avg: 2167.2, Max: 3648, Diff: 3648, Sum: 8669, Workers: 4
[6731.718s][debug][gc,phases      ] GC(160)   JNI Weak                       Min:  0.0, Avg:  0.0, Max:  0.0, Diff:  0.0, Sum:  0.0, Workers: 4
[6731.718s][debug][gc,phases      ] GC(160)     Dead                           Min: 0, Avg:  0.0, Max: 0, Diff: 0, Sum: 0, Workers: 4
[6731.718s][debug][gc,phases      ] GC(160)     Total                          Min: 0, Avg: 11.2, Max: 45, Diff: 45, Sum: 45, Workers: 4
[6731.718s][debug][gc,phases      ] GC(160)   StringDedup Table Weak         Min:  0.0, Avg:  0.0, Max:  0.0, Diff:  0.0, Sum:  0.0, Workers: 4
[6731.718s][debug][gc,phases      ] GC(160)     Dead                           Min: 0, Avg:  0.0, Max: 0, Diff: 0, Sum: 0, Workers: 4
[6731.718s][debug][gc,phases      ] GC(160)     Total                          Min: 0, Avg:  0.0, Max: 0, Diff: 0, Sum: 0, Workers: 4
[6731.718s][debug][gc,phases      ] GC(160)   StringDedup Requests0 Weak     Min:  0.0, Avg:  0.0, Max:  0.0, Diff:  0.0, Sum:  0.0, Workers: 4
[6731.718s][debug][gc,phases      ] GC(160)     Dead                           Min: 0, Avg:  0.0, Max: 0, Diff: 0, Sum: 0, Workers: 4
[6731.718s][debug][gc,phases      ] GC(160)     Total                          Min: 0, Avg:  0.0, Max: 0, Diff: 0, Sum: 0, Workers: 4
[6731.718s][debug][gc,phases      ] GC(160)   StringDedup Requests1 Weak     Min:  0.0, Avg:  0.0, Max:  0.0, Diff:  0.0, Sum:  0.0, Workers: 4
[6731.718s][debug][gc,phases      ] GC(160)     Dead                           Min: 0, Avg:  0.0, Max: 0, Diff: 0, Sum: 0, Workers: 4
[6731.718s][debug][gc,phases      ] GC(160)     Total                          Min: 0, Avg:  0.0, Max: 0, Diff: 0, Sum: 0, Workers: 4
[6731.718s][debug][gc,phases      ] GC(160)   Weak JFR Old Object Samples    Min:  0.0, Avg:  0.0, Max:  0.0, Diff:  0.0, Sum:  0.0, Workers: 4
[6731.718s][debug][gc,phases      ] GC(160)     Dead                           Min: 0, Avg:  0.0, Max: 0, Diff: 0, Sum: 0, Workers: 4
[6731.718s][debug][gc,phases      ] GC(160)     Total                          Min: 0, Avg:  0.0, Max: 0, Diff: 0, Sum: 0, Workers: 4
[6731.718s][debug][gc,phases      ] GC(160) Weak Processing 0.292ms
[6731.718s][debug][gc,age         ] GC(160) Desired survivor size 53477376 bytes, new threshold 15 (max threshold 15)
[6731.718s][info ][gc,heap        ] GC(160) PSYoungGen: 2005440K(2041856K)->21456K(2039296K) Eden: 1984000K(1984000K)->0K(1984000K) From: 21440K(57856K)->21456K(55296K)
[6731.718s][info ][gc,heap        ] GC(160) ParOldGen: 474488K(552448K)->474520K(552448K)
[6731.718s][info ][gc,metaspace   ] GC(160) Metaspace: 79976K(81024K)->79976K(81024K) NonClass: 68828K(69376K)->68828K(69376K) Class: 11148K(11648K)->11148K(11648K)
[6731.718s][info ][gc             ] GC(160) Pause Young (Allocation Failure) 2421M->484M(2531M) 6.150ms
[6731.718s][info ][gc,cpu         ] GC(160) User=0.02s Sys=0.00s Real=0.00s
[6731.718s][info ][safepoint      ] Safepoint "ParallelGCFailedAllocation", Time since last: 29438185965 ns, Reaching safepoint: 34000 ns, At safepoint: 6207184 ns, Total: 6241184 ns
[6749.720s][info ][safepoint      ] Safepoint "Cleanup", Time since last: 18001147017 ns, Reaching safepoint: 38700 ns, At safepoint: 3700 ns, Total: 42400 ns
[6760.720s][info ][safepoint      ] Safepoint "Cleanup", Time since last: 11000726432 ns, Reaching safepoint: 39800 ns, At safepoint: 3399 ns, Total: 43199 ns
[6774.252s][info ][gc,start       ] GC(161) Pause Young (Allocation Failure)
[6774.261s][debug][gc,phases      ] GC(161) Scavenge 8.192ms
[6774.261s][debug][gc,ref         ] GC(161) Skipped phase 1 of Reference Processing: no references
[6774.261s][debug][gc,ref         ] GC(161) ReferenceProcessor::execute queues: 1, RefProcThreadModel::Single, marks_oops_alive: false
[6774.261s][debug][gc,ref         ] GC(161) Skipped phase 3 of Reference Processing: no references
[6774.261s][debug][gc,ref         ] GC(161) ReferenceProcessor::execute queues: 1, RefProcThreadModel::Single, marks_oops_alive: false
[6774.261s][debug][gc,phases      ] GC(161) Reference Processing 0.086ms
[6774.261s][debug][gc,phases      ] GC(161)   VM Weak                        Min:  0.0, Avg:  0.0, Max:  0.0, Diff:  0.0, Sum:  0.0, Workers: 4
[6774.261s][debug][gc,phases      ] GC(161)     Dead                           Min: 0, Avg:  0.0, Max: 0, Diff: 0, Sum: 0, Workers: 4
[6774.261s][debug][gc,phases      ] GC(161)     Total                          Min: 0, Avg: 157.5, Max: 630, Diff: 630, Sum: 630, Workers: 4
[6774.261s][debug][gc,phases      ] GC(161)   ObjectSynchronizer Weak        Min:  0.0, Avg:  0.0, Max:  0.0, Diff:  0.0, Sum:  0.0, Workers: 4
[6774.261s][debug][gc,phases      ] GC(161)     Dead                           Min: 0, Avg:  0.0, Max: 0, Diff: 0, Sum: 0, Workers: 4
[6774.261s][debug][gc,phases      ] GC(161)     Total                          Min: 0, Avg: 11.2, Max: 45, Diff: 45, Sum: 45, Workers: 4
[6774.261s][debug][gc,phases      ] GC(161)   JVMTI Tag Weak OopStorage      Min:  0.0, Avg:  0.0, Max:  0.0, Diff:  0.0, Sum:  0.0, Workers: 4
[6774.261s][debug][gc,phases      ] GC(161)     Dead                           Min: 0, Avg:  0.0, Max: 0, Diff: 0, Sum: 0, Workers: 4
[6774.261s][debug][gc,phases      ] GC(161)     Total                          Min: 0, Avg:  0.0, Max: 0, Diff: 0, Sum: 0, Workers: 4
[6774.261s][debug][gc,phases      ] GC(161)   StringTable Weak               Min:  0.1, Avg:  0.1, Max:  0.1, Diff:  0.0, Sum:  0.4, Workers: 4
[6774.261s][debug][gc,phases      ] GC(161)     Dead                           Min: 0, Avg:  0.0, Max: 0, Diff: 0, Sum: 0, Workers: 4
[6774.261s][debug][gc,phases      ] GC(161)     Total                          Min: 9216, Avg: 10720.5, Max: 11458, Diff: 2242, Sum: 42882, Workers: 4
[6774.261s][debug][gc,phases      ] GC(161)   ResolvedMethodTable Weak       Min:  0.0, Avg:  0.0, Max:  0.0, Diff:  0.0, Sum:  0.1, Workers: 4
[6774.261s][debug][gc,phases      ] GC(161)     Dead                           Min: 0, Avg:  0.0, Max: 0, Diff: 0, Sum: 0, Workers: 4
[6774.261s][debug][gc,phases      ] GC(161)     Total                          Min: 2048, Avg: 2167.2, Max: 2269, Diff: 221, Sum: 8669, Workers: 4
[6774.261s][debug][gc,phases      ] GC(161)   JNI Weak                       Min:  0.0, Avg:  0.0, Max:  0.0, Diff:  0.0, Sum:  0.0, Workers: 4
[6774.261s][debug][gc,phases      ] GC(161)     Dead                           Min: 0, Avg:  0.0, Max: 0, Diff: 0, Sum: 0, Workers: 4
[6774.261s][debug][gc,phases      ] GC(161)     Total                          Min: 0, Avg: 11.2, Max: 45, Diff: 45, Sum: 45, Workers: 4
[6774.261s][debug][gc,phases      ] GC(161)   StringDedup Table Weak         Min:  0.0, Avg:  0.0, Max:  0.0, Diff:  0.0, Sum:  0.0, Workers: 4
[6774.261s][debug][gc,phases      ] GC(161)     Dead                           Min: 0, Avg:  0.0, Max: 0, Diff: 0, Sum: 0, Workers: 4
[6774.261s][debug][gc,phases      ] GC(161)     Total                          Min: 0, Avg:  0.0, Max: 0, Diff: 0, Sum: 0, Workers: 4
[6774.261s][debug][gc,phases      ] GC(161)   StringDedup Requests0 Weak     Min:  0.0, Avg:  0.0, Max:  0.0, Diff:  0.0, Sum:  0.0, Workers: 4
[6774.261s][debug][gc,phases      ] GC(161)     Dead                           Min: 0, Avg:  0.0, Max: 0, Diff: 0, Sum: 0, Workers: 4
[6774.261s][debug][gc,phases      ] GC(161)     Total                          Min: 0, Avg:  0.0, Max: 0, Diff: 0, Sum: 0, Workers: 4
[6774.261s][debug][gc,phases      ] GC(161)   StringDedup Requests1 Weak     Min:  0.0, Avg:  0.0, Max:  0.0, Diff:  0.0, Sum:  0.0, Workers: 4
[6774.261s][debug][gc,phases      ] GC(161)     Dead                           Min: 0, Avg:  0.0, Max: 0, Diff: 0, Sum: 0, Workers: 4
[6774.261s][debug][gc,phases      ] GC(161)     Total                          Min: 0, Avg:  0.0, Max: 0, Diff: 0, Sum: 0, Workers: 4
[6774.261s][debug][gc,phases      ] GC(161)   Weak JFR Old Object Samples    Min:  0.0, Avg:  0.0, Max:  0.0, Diff:  0.0, Sum:  0.0, Workers: 4
[6774.261s][debug][gc,phases      ] GC(161)     Dead                           Min: 0, Avg:  0.0, Max: 0, Diff: 0, Sum: 0, Workers: 4
[6774.261s][debug][gc,phases      ] GC(161)     Total                          Min: 0, Avg:  0.0, Max: 0, Diff: 0, Sum: 0, Workers: 4
[6774.261s][debug][gc,phases      ] GC(161) Weak Processing 0.274ms
[6774.261s][debug][gc,age         ] GC(161) Desired survivor size 50855936 bytes, new threshold 15 (max threshold 15)
[6774.261s][info ][gc,heap        ] GC(161) PSYoungGen: 2005456K(2039296K)->21296K(2047488K) Eden: 1984000K(1984000K)->0K(1995264K) From: 21456K(55296K)->21296K(52224K)
[6774.261s][info ][gc,heap        ] GC(161) ParOldGen: 474520K(552448K)->474560K(552448K)
[6774.261s][info ][gc,metaspace   ] GC(161) Metaspace: 79977K(81024K)->79977K(81024K) NonClass: 68828K(69376K)->68828K(69376K) Class: 11148K(11648K)->11148K(11648K)
[6774.261s][info ][gc             ] GC(161) Pause Young (Allocation Failure) 2421M->484M(2539M) 8.644ms
[6774.261s][info ][gc,cpu         ] GC(161) User=0.02s Sys=0.00s Real=0.01s
[6774.261s][info ][safepoint      ] Safepoint "ParallelGCFailedAllocation", Time since last: 13531954710 ns, Reaching safepoint: 27700 ns, At safepoint: 8734677 ns, Total: 8762377 ns
[6818.264s][info ][safepoint      ] Safepoint "Cleanup", Time since last: 44002790531 ns, Reaching safepoint: 117600 ns, At safepoint: 14300 ns, Total: 131900 ns
[6819.353s][info ][safepoint      ] Safepoint "Cleanup", Time since last: 1088808639 ns, Reaching safepoint: 66100 ns, At safepoint: 11600 ns, Total: 77700 ns
[6821.498s][info ][gc,start       ] GC(162) Pause Young (Allocation Failure)
[6821.504s][debug][gc,phases      ] GC(162) Scavenge 5.921ms
[6821.504s][debug][gc,ref         ] GC(162) Skipped phase 1 of Reference Processing: no references
[6821.504s][debug][gc,ref         ] GC(162) ReferenceProcessor::execute queues: 1, RefProcThreadModel::Single, marks_oops_alive: false
[6821.504s][debug][gc,ref         ] GC(162) Skipped phase 3 of Reference Processing: no references
[6821.504s][debug][gc,ref         ] GC(162) ReferenceProcessor::execute queues: 1, RefProcThreadModel::Single, marks_oops_alive: false
[6821.504s][debug][gc,phases      ] GC(162) Reference Processing 0.088ms
[6821.504s][debug][gc,phases      ] GC(162)   VM Weak                        Min:  0.0, Avg:  0.0, Max:  0.0, Diff:  0.0, Sum:  0.0, Workers: 4
[6821.504s][debug][gc,phases      ] GC(162)     Dead                           Min: 0, Avg:  0.0, Max: 0, Diff: 0, Sum: 0, Workers: 4
[6821.504s][debug][gc,phases      ] GC(162)     Total                          Min: 0, Avg: 157.5, Max: 459, Diff: 459, Sum: 630, Workers: 4
[6821.504s][debug][gc,phases      ] GC(162)   ObjectSynchronizer Weak        Min:  0.0, Avg:  0.0, Max:  0.0, Diff:  0.0, Sum:  0.0, Workers: 4
[6821.504s][debug][gc,phases      ] GC(162)     Dead                           Min: 0, Avg:  0.0, Max: 0, Diff: 0, Sum: 0, Workers: 4
[6821.504s][debug][gc,phases      ] GC(162)     Total                          Min: 0, Avg: 11.2, Max: 45, Diff: 45, Sum: 45, Workers: 4
[6821.504s][debug][gc,phases      ] GC(162)   JVMTI Tag Weak OopStorage      Min:  0.0, Avg:  0.0, Max:  0.0, Diff:  0.0, Sum:  0.0, Workers: 4
[6821.504s][debug][gc,phases      ] GC(162)     Dead                           Min: 0, Avg:  0.0, Max: 0, Diff: 0, Sum: 0, Workers: 4
[6821.504s][debug][gc,phases      ] GC(162)     Total                          Min: 0, Avg:  0.0, Max: 0, Diff: 0, Sum: 0, Workers: 4
[6821.504s][debug][gc,phases      ] GC(162)   StringTable Weak               Min:  0.0, Avg:  0.1, Max:  0.1, Diff:  0.1, Sum:  0.3, Workers: 4
[6821.504s][debug][gc,phases      ] GC(162)     Dead                           Min: 0, Avg:  0.0, Max: 0, Diff: 0, Sum: 0, Workers: 4
[6821.504s][debug][gc,phases      ] GC(162)     Total                          Min: 0, Avg: 10720.5, Max: 14658, Diff: 14658, Sum: 42882, Workers: 4
[6821.504s][debug][gc,phases      ] GC(162)   ResolvedMethodTable Weak       Min:  0.0, Avg:  0.0, Max:  0.0, Diff:  0.0, Sum:  0.1, Workers: 4
[6821.504s][debug][gc,phases      ] GC(162)     Dead                           Min: 0, Avg:  0.0, Max: 0, Diff: 0, Sum: 0, Workers: 4
[6821.504s][debug][gc,phases      ] GC(162)     Total                          Min: 0, Avg: 2167.2, Max: 2973, Diff: 2973, Sum: 8669, Workers: 4
[6821.504s][debug][gc,phases      ] GC(162)   JNI Weak                       Min:  0.0, Avg:  0.0, Max:  0.0, Diff:  0.0, Sum:  0.0, Workers: 4
[6821.504s][debug][gc,phases      ] GC(162)     Dead                           Min: 0, Avg:  0.0, Max: 0, Diff: 0, Sum: 0, Workers: 4
[6821.504s][debug][gc,phases      ] GC(162)     Total                          Min: 0, Avg: 11.2, Max: 45, Diff: 45, Sum: 45, Workers: 4
[6821.504s][debug][gc,phases      ] GC(162)   StringDedup Table Weak         Min:  0.0, Avg:  0.0, Max:  0.0, Diff:  0.0, Sum:  0.0, Workers: 4
[6821.504s][debug][gc,phases      ] GC(162)     Dead                           Min: 0, Avg:  0.0, Max: 0, Diff: 0, Sum: 0, Workers: 4
[6821.504s][debug][gc,phases      ] GC(162)     Total                          Min: 0, Avg:  0.0, Max: 0, Diff: 0, Sum: 0, Workers: 4
[6821.504s][debug][gc,phases      ] GC(162)   StringDedup Requests0 Weak     Min:  0.0, Avg:  0.0, Max:  0.0, Diff:  0.0, Sum:  0.0, Workers: 4
[6821.504s][debug][gc,phases      ] GC(162)     Dead                           Min: 0, Avg:  0.0, Max: 0, Diff: 0, Sum: 0, Workers: 4
[6821.504s][debug][gc,phases      ] GC(162)     Total                          Min: 0, Avg:  0.0, Max: 0, Diff: 0, Sum: 0, Workers: 4
[6821.504s][debug][gc,phases      ] GC(162)   StringDedup Requests1 Weak     Min:  0.0, Avg:  0.0, Max:  0.0, Diff:  0.0, Sum:  0.0, Workers: 4
[6821.504s][debug][gc,phases      ] GC(162)     Dead                           Min: 0, Avg:  0.0, Max: 0, Diff: 0, Sum: 0, Workers: 4
[6821.504s][debug][gc,phases      ] GC(162)     Total                          Min: 0, Avg:  0.0, Max: 0, Diff: 0, Sum: 0, Workers: 4
[6821.504s][debug][gc,phases      ] GC(162)   Weak JFR Old Object Samples    Min:  0.0, Avg:  0.0, Max:  0.0, Diff:  0.0, Sum:  0.0, Workers: 4
[6821.504s][debug][gc,phases      ] GC(162)     Dead                           Min: 0, Avg:  0.0, Max: 0, Diff: 0, Sum: 0, Workers: 4
[6821.504s][debug][gc,phases      ] GC(162)     Total                          Min: 0, Avg:  0.0, Max: 0, Diff: 0, Sum: 0, Workers: 4
[6821.504s][debug][gc,phases      ] GC(162) Weak Processing 0.298ms
[6821.504s][debug][gc,age         ] GC(162) Desired survivor size 48758784 bytes, new threshold 15 (max threshold 15)
[6821.504s][info ][gc,heap        ] GC(162) PSYoungGen: 2016560K(2047488K)->21392K(2044928K) Eden: 1995264K(1995264K)->0K(1995264K) From: 21296K(52224K)->21392K(49664K)
[6821.504s][info ][gc,heap        ] GC(162) ParOldGen: 474560K(552448K)->474592K(552448K)
[6821.504s][info ][gc,metaspace   ] GC(162) Metaspace: 79979K(81024K)->79979K(81024K) NonClass: 68830K(69376K)->68830K(69376K) Class: 11148K(11648K)->11148K(11648K)
[6821.504s][info ][gc             ] GC(162) Pause Young (Allocation Failure) 2432M->484M(2536M) 6.404ms
[6821.504s][info ][gc,cpu         ] GC(162) User=0.03s Sys=0.00s Real=0.01s
[6821.504s][info ][safepoint      ] Safepoint "ParallelGCFailedAllocation", Time since last: 2144969960 ns, Reaching safepoint: 51400 ns, At safepoint: 6468383 ns, Total: 6519783 ns
[6824.505s][info ][safepoint      ] Safepoint "Cleanup", Time since last: 3000221588 ns, Reaching safepoint: 49200 ns, At safepoint: 3700 ns, Total: 52900 ns
[6837.506s][info ][safepoint      ] Safepoint "Cleanup", Time since last: 13000842685 ns, Reaching safepoint: 40000 ns, At safepoint: 3300 ns, Total: 43300 ns
[6885.464s][info ][safepoint      ] Safepoint "Cleanup", Time since last: 47958008794 ns, Reaching safepoint: 109099 ns, At safepoint: 5500 ns, Total: 114599 ns
[6893.111s][info ][gc,start       ] GC(163) Pause Young (Allocation Failure)
[6893.119s][debug][gc,phases      ] GC(163) Scavenge 7.952ms
[6893.119s][debug][gc,ref         ] GC(163) Skipped phase 1 of Reference Processing: no references
[6893.119s][debug][gc,ref         ] GC(163) ReferenceProcessor::execute queues: 1, RefProcThreadModel::Single, marks_oops_alive: false
[6893.119s][debug][gc,ref         ] GC(163) Skipped phase 3 of Reference Processing: no references
[6893.119s][debug][gc,ref         ] GC(163) ReferenceProcessor::execute queues: 1, RefProcThreadModel::Single, marks_oops_alive: false
[6893.119s][debug][gc,phases      ] GC(163) Reference Processing 0.087ms
[6893.119s][debug][gc,phases      ] GC(163)   VM Weak                        Min:  0.0, Avg:  0.0, Max:  0.0, Diff:  0.0, Sum:  0.0, Workers: 4
[6893.119s][debug][gc,phases      ] GC(163)     Dead                           Min: 0, Avg:  0.0, Max: 0, Diff: 0, Sum: 0, Workers: 4
[6893.119s][debug][gc,phases      ] GC(163)     Total                          Min: 0, Avg: 157.5, Max: 317, Diff: 317, Sum: 630, Workers: 4
[6893.119s][debug][gc,phases      ] GC(163)   ObjectSynchronizer Weak        Min:  0.0, Avg:  0.0, Max:  0.0, Diff:  0.0, Sum:  0.0, Workers: 4
[6893.119s][debug][gc,phases      ] GC(163)     Dead                           Min: 0, Avg:  0.0, Max: 0, Diff: 0, Sum: 0, Workers: 4
[6893.119s][debug][gc,phases      ] GC(163)     Total                          Min: 0, Avg: 11.2, Max: 45, Diff: 45, Sum: 45, Workers: 4
[6893.119s][debug][gc,phases      ] GC(163)   JVMTI Tag Weak OopStorage      Min:  0.0, Avg:  0.0, Max:  0.0, Diff:  0.0, Sum:  0.0, Workers: 4
[6893.119s][debug][gc,phases      ] GC(163)     Dead                           Min: 0, Avg:  0.0, Max: 0, Diff: 0, Sum: 0, Workers: 4
[6893.119s][debug][gc,phases      ] GC(163)     Total                          Min: 0, Avg:  0.0, Max: 0, Diff: 0, Sum: 0, Workers: 4
[6893.119s][debug][gc,phases      ] GC(163)   StringTable Weak               Min:  0.1, Avg:  0.1, Max:  0.1, Diff:  0.0, Sum:  0.4, Workers: 4
[6893.119s][debug][gc,phases      ] GC(163)     Dead                           Min: 0, Avg:  0.0, Max: 0, Diff: 0, Sum: 0, Workers: 4
[6893.119s][debug][gc,phases      ] GC(163)     Total                          Min: 10115, Avg: 10720.8, Max: 11136, Diff: 1021, Sum: 42883, Workers: 4
[6893.119s][debug][gc,phases      ] GC(163)   ResolvedMethodTable Weak       Min:  0.0, Avg:  0.0, Max:  0.0, Diff:  0.0, Sum:  0.1, Workers: 4
[6893.119s][debug][gc,phases      ] GC(163)     Dead                           Min: 0, Avg:  0.0, Max: 0, Diff: 0, Sum: 0, Workers: 4
[6893.119s][debug][gc,phases      ] GC(163)     Total                          Min: 2141, Avg: 2167.2, Max: 2176, Diff: 35, Sum: 8669, Workers: 4
[6893.119s][debug][gc,phases      ] GC(163)   JNI Weak                       Min:  0.0, Avg:  0.0, Max:  0.0, Diff:  0.0, Sum:  0.0, Workers: 4
[6893.119s][debug][gc,phases      ] GC(163)     Dead                           Min: 0, Avg:  0.0, Max: 0, Diff: 0, Sum: 0, Workers: 4
[6893.119s][debug][gc,phases      ] GC(163)     Total                          Min: 0, Avg: 11.2, Max: 45, Diff: 45, Sum: 45, Workers: 4
[6893.119s][debug][gc,phases      ] GC(163)   StringDedup Table Weak         Min:  0.0, Avg:  0.0, Max:  0.0, Diff:  0.0, Sum:  0.0, Workers: 4
[6893.119s][debug][gc,phases      ] GC(163)     Dead                           Min: 0, Avg:  0.0, Max: 0, Diff: 0, Sum: 0, Workers: 4
[6893.119s][debug][gc,phases      ] GC(163)     Total                          Min: 0, Avg:  0.0, Max: 0, Diff: 0, Sum: 0, Workers: 4
[6893.119s][debug][gc,phases      ] GC(163)   StringDedup Requests0 Weak     Min:  0.0, Avg:  0.0, Max:  0.0, Diff:  0.0, Sum:  0.0, Workers: 4
[6893.119s][debug][gc,phases      ] GC(163)     Dead                           Min: 0, Avg:  0.0, Max: 0, Diff: 0, Sum: 0, Workers: 4
[6893.119s][debug][gc,phases      ] GC(163)     Total                          Min: 0, Avg:  0.0, Max: 0, Diff: 0, Sum: 0, Workers: 4
[6893.119s][debug][gc,phases      ] GC(163)   StringDedup Requests1 Weak     Min:  0.0, Avg:  0.0, Max:  0.0, Diff:  0.0, Sum:  0.0, Workers: 4
[6893.119s][debug][gc,phases      ] GC(163)     Dead                           Min: 0, Avg:  0.0, Max: 0, Diff: 0, Sum: 0, Workers: 4
[6893.119s][debug][gc,phases      ] GC(163)     Total                          Min: 0, Avg:  0.0, Max: 0, Diff: 0, Sum: 0, Workers: 4
[6893.119s][debug][gc,phases      ] GC(163)   Weak JFR Old Object Samples    Min:  0.0, Avg:  0.0, Max:  0.0, Diff:  0.0, Sum:  0.0, Workers: 4
[6893.119s][debug][gc,phases      ] GC(163)     Dead                           Min: 0, Avg:  0.0, Max: 0, Diff: 0, Sum: 0, Workers: 4
[6893.119s][debug][gc,phases      ] GC(163)     Total                          Min: 0, Avg:  0.0, Max: 0, Diff: 0, Sum: 0, Workers: 4
[6893.119s][debug][gc,phases      ] GC(163) Weak Processing 0.283ms
[6893.119s][debug][gc,age         ] GC(163) Desired survivor size 46661632 bytes, new threshold 15 (max threshold 15)
[6893.119s][info ][gc,heap        ] GC(163) PSYoungGen: 2016656K(2044928K)->21424K(2051584K) Eden: 1995264K(1995264K)->0K(2003968K) From: 21392K(49664K)->21424K(47616K)
[6893.119s][info ][gc,heap        ] GC(163) ParOldGen: 474592K(552448K)->474616K(552448K)
[6893.119s][info ][gc,metaspace   ] GC(163) Metaspace: 79981K(81024K)->79981K(81024K) NonClass: 68833K(69376K)->68833K(69376K) Class: 11148K(11648K)->11148K(11648K)
[6893.119s][info ][gc             ] GC(163) Pause Young (Allocation Failure) 2432M->484M(2543M) 8.420ms
[6893.119s][info ][gc,cpu         ] GC(163) User=0.02s Sys=0.00s Real=0.01s
[6893.119s][info ][safepoint      ] Safepoint "ParallelGCFailedAllocation", Time since last: 7647062956 ns, Reaching safepoint: 94699 ns, At safepoint: 8488279 ns, Total: 8582978 ns
[6965.124s][info ][safepoint      ] Safepoint "Cleanup", Time since last: 72004313941 ns, Reaching safepoint: 40300 ns, At safepoint: 2100 ns, Total: 42400 ns
[6972.400s][info ][gc,start       ] GC(164) Pause Young (Allocation Failure)
[6972.409s][debug][gc,phases      ] GC(164) Scavenge 8.236ms
[6972.409s][debug][gc,ref         ] GC(164) Skipped phase 1 of Reference Processing: no references
[6972.409s][debug][gc,ref         ] GC(164) ReferenceProcessor::execute queues: 1, RefProcThreadModel::Single, marks_oops_alive: false
[6972.409s][debug][gc,ref         ] GC(164) Skipped phase 3 of Reference Processing: no references
[6972.409s][debug][gc,ref         ] GC(164) ReferenceProcessor::execute queues: 1, RefProcThreadModel::Single, marks_oops_alive: false
[6972.409s][debug][gc,phases      ] GC(164) Reference Processing 0.091ms
[6972.409s][debug][gc,phases      ] GC(164)   VM Weak                        Min:  0.0, Avg:  0.0, Max:  0.0, Diff:  0.0, Sum:  0.0, Workers: 4
[6972.409s][debug][gc,phases      ] GC(164)     Dead                           Min: 0, Avg:  0.0, Max: 0, Diff: 0, Sum: 0, Workers: 4
[6972.409s][debug][gc,phases      ] GC(164)     Total                          Min: 0, Avg: 157.5, Max: 630, Diff: 630, Sum: 630, Workers: 4
[6972.409s][debug][gc,phases      ] GC(164)   ObjectSynchronizer Weak        Min:  0.0, Avg:  0.0, Max:  0.0, Diff:  0.0, Sum:  0.0, Workers: 4
[6972.409s][debug][gc,phases      ] GC(164)     Dead                           Min: 0, Avg:  0.0, Max: 0, Diff: 0, Sum: 0, Workers: 4
[6972.409s][debug][gc,phases      ] GC(164)     Total                          Min: 0, Avg: 11.2, Max: 45, Diff: 45, Sum: 45, Workers: 4
[6972.409s][debug][gc,phases      ] GC(164)   JVMTI Tag Weak OopStorage      Min:  0.0, Avg:  0.0, Max:  0.0, Diff:  0.0, Sum:  0.0, Workers: 4
[6972.409s][debug][gc,phases      ] GC(164)     Dead                           Min: 0, Avg:  0.0, Max: 0, Diff: 0, Sum: 0, Workers: 4
[6972.409s][debug][gc,phases      ] GC(164)     Total                          Min: 0, Avg:  0.0, Max: 0, Diff: 0, Sum: 0, Workers: 4
[6972.409s][debug][gc,phases      ] GC(164)   StringTable Weak               Min:  0.0, Avg:  0.1, Max:  0.1, Diff:  0.1, Sum:  0.3, Workers: 4
[6972.409s][debug][gc,phases      ] GC(164)     Dead                           Min: 0, Avg:  0.8, Max: 3, Diff: 3, Sum: 3, Workers: 4
[6972.409s][debug][gc,phases      ] GC(164)     Total                          Min: 0, Avg: 10724.2, Max: 18496, Diff: 18496, Sum: 42897, Workers: 4
[6972.409s][debug][gc,phases      ] GC(164)   ResolvedMethodTable Weak       Min:  0.0, Avg:  0.0, Max:  0.0, Diff:  0.0, Sum:  0.1, Workers: 4
[6972.409s][debug][gc,phases      ] GC(164)     Dead                           Min: 0, Avg:  0.0, Max: 0, Diff: 0, Sum: 0, Workers: 4
[6972.409s][debug][gc,phases      ] GC(164)     Total                          Min: 0, Avg: 2171.2, Max: 3776, Diff: 3776, Sum: 8685, Workers: 4
[6972.409s][debug][gc,phases      ] GC(164)   JNI Weak                       Min:  0.0, Avg:  0.0, Max:  0.0, Diff:  0.0, Sum:  0.0, Workers: 4
[6972.409s][debug][gc,phases      ] GC(164)     Dead                           Min: 0, Avg:  0.0, Max: 0, Diff: 0, Sum: 0, Workers: 4
[6972.409s][debug][gc,phases      ] GC(164)     Total                          Min: 0, Avg: 11.2, Max: 45, Diff: 45, Sum: 45, Workers: 4
[6972.409s][debug][gc,phases      ] GC(164)   StringDedup Table Weak         Min:  0.0, Avg:  0.0, Max:  0.0, Diff:  0.0, Sum:  0.0, Workers: 4
[6972.409s][debug][gc,phases      ] GC(164)     Dead                           Min: 0, Avg:  0.0, Max: 0, Diff: 0, Sum: 0, Workers: 4
[6972.409s][debug][gc,phases      ] GC(164)     Total                          Min: 0, Avg:  0.0, Max: 0, Diff: 0, Sum: 0, Workers: 4
[6972.409s][debug][gc,phases      ] GC(164)   StringDedup Requests0 Weak     Min:  0.0, Avg:  0.0, Max:  0.0, Diff:  0.0, Sum:  0.0, Workers: 4
[6972.409s][debug][gc,phases      ] GC(164)     Dead                           Min: 0, Avg:  0.0, Max: 0, Diff: 0, Sum: 0, Workers: 4
[6972.409s][debug][gc,phases      ] GC(164)     Total                          Min: 0, Avg:  0.0, Max: 0, Diff: 0, Sum: 0, Workers: 4
[6972.409s][debug][gc,phases      ] GC(164)   StringDedup Requests1 Weak     Min:  0.0, Avg:  0.0, Max:  0.0, Diff:  0.0, Sum:  0.0, Workers: 4
[6972.409s][debug][gc,phases      ] GC(164)     Dead                           Min: 0, Avg:  0.0, Max: 0, Diff: 0, Sum: 0, Workers: 4
[6972.409s][debug][gc,phases      ] GC(164)     Total                          Min: 0, Avg:  0.0, Max: 0, Diff: 0, Sum: 0, Workers: 4
[6972.409s][debug][gc,phases      ] GC(164)   Weak JFR Old Object Samples    Min:  0.0, Avg:  0.0, Max:  0.0, Diff:  0.0, Sum:  0.0, Workers: 4
[6972.409s][debug][gc,phases      ] GC(164)     Dead                           Min: 0, Avg:  0.0, Max: 0, Diff: 0, Sum: 0, Workers: 4
[6972.409s][debug][gc,phases      ] GC(164)     Total                          Min: 0, Avg:  0.0, Max: 0, Diff: 0, Sum: 0, Workers: 4
[6972.409s][debug][gc,phases      ] GC(164) Weak Processing 0.320ms
[6972.409s][debug][gc,age         ] GC(164) Desired survivor size 44564480 bytes, new threshold 15 (max threshold 15)
[6972.409s][info ][gc,heap        ] GC(164) PSYoungGen: 2025392K(2051584K)->21296K(2049536K) Eden: 2003968K(2003968K)->0K(2003968K) From: 21424K(47616K)->21296K(45568K)
[6972.409s][info ][gc,heap        ] GC(164) ParOldGen: 474616K(552448K)->474648K(552448K)
[6972.409s][info ][gc,metaspace   ] GC(164) Metaspace: 80010K(81024K)->80010K(81024K) NonClass: 68855K(69376K)->68855K(69376K) Class: 11155K(11648K)->11155K(11648K)
[6972.409s][info ][gc             ] GC(164) Pause Young (Allocation Failure) 2441M->484M(2541M) 8.738ms
[6972.409s][info ][gc,cpu         ] GC(164) User=0.02s Sys=0.00s Real=0.01s
[6972.409s][info ][safepoint      ] Safepoint "ParallelGCFailedAllocation", Time since last: 7276759160 ns, Reaching safepoint: 27200 ns, At safepoint: 8805277 ns, Total: 8832477 ns
[7029.636s][info ][safepoint      ] Safepoint "Cleanup", Time since last: 57226235315 ns, Reaching safepoint: 105599 ns, At safepoint: 11700 ns, Total: 117299 ns
[7029.747s][info ][gc,start       ] GC(165) Pause Young (Allocation Failure)
[7029.783s][debug][gc,phases      ] GC(165) Scavenge 36.234ms
[7029.783s][debug][gc,ref         ] GC(165) Skipped phase 1 of Reference Processing: no references
[7029.783s][debug][gc,ref         ] GC(165) ReferenceProcessor::execute queues: 1, RefProcThreadModel::Single, marks_oops_alive: false
[7029.783s][debug][gc,ref         ] GC(165) Skipped phase 3 of Reference Processing: no references
[7029.783s][debug][gc,ref         ] GC(165) ReferenceProcessor::execute queues: 1, RefProcThreadModel::Single, marks_oops_alive: false
[7029.783s][debug][gc,phases      ] GC(165) Reference Processing 0.091ms
[7029.783s][debug][gc,phases      ] GC(165)   VM Weak                        Min:  0.0, Avg:  0.0, Max:  0.0, Diff:  0.0, Sum:  0.0, Workers: 4
[7029.783s][debug][gc,phases      ] GC(165)     Dead                           Min: 0, Avg:  0.0, Max: 0, Diff: 0, Sum: 0, Workers: 4
[7029.783s][debug][gc,phases      ] GC(165)     Total                          Min: 0, Avg: 157.5, Max: 630, Diff: 630, Sum: 630, Workers: 4
[7029.783s][debug][gc,phases      ] GC(165)   ObjectSynchronizer Weak        Min:  0.0, Avg:  0.0, Max:  0.0, Diff:  0.0, Sum:  0.0, Workers: 4
[7029.783s][debug][gc,phases      ] GC(165)     Dead                           Min: 0, Avg:  0.0, Max: 0, Diff: 0, Sum: 0, Workers: 4
[7029.783s][debug][gc,phases      ] GC(165)     Total                          Min: 0, Avg: 11.2, Max: 45, Diff: 45, Sum: 45, Workers: 4
[7029.783s][debug][gc,phases      ] GC(165)   JVMTI Tag Weak OopStorage      Min:  0.0, Avg:  0.0, Max:  0.0, Diff:  0.0, Sum:  0.0, Workers: 4
[7029.783s][debug][gc,phases      ] GC(165)     Dead                           Min: 0, Avg:  0.0, Max: 0, Diff: 0, Sum: 0, Workers: 4
[7029.783s][debug][gc,phases      ] GC(165)     Total                          Min: 0, Avg:  0.0, Max: 0, Diff: 0, Sum: 0, Workers: 4
[7029.783s][debug][gc,phases      ] GC(165)   StringTable Weak               Min:  0.0, Avg:  0.1, Max:  0.1, Diff:  0.1, Sum:  0.3, Workers: 4
[7029.783s][debug][gc,phases      ] GC(165)     Dead                           Min: 0, Avg:  0.0, Max: 0, Diff: 0, Sum: 0, Workers: 4
[7029.783s][debug][gc,phases      ] GC(165)     Total                          Min: 0, Avg: 10724.2, Max: 18432, Diff: 18432, Sum: 42897, Workers: 4
[7029.783s][debug][gc,phases      ] GC(165)   ResolvedMethodTable Weak       Min:  0.0, Avg:  0.0, Max:  0.0, Diff:  0.0, Sum:  0.1, Workers: 4
[7029.783s][debug][gc,phases      ] GC(165)     Dead                           Min: 0, Avg:  0.0, Max: 0, Diff: 0, Sum: 0, Workers: 4
[7029.783s][debug][gc,phases      ] GC(165)     Total                          Min: 0, Avg: 2171.2, Max: 3968, Diff: 3968, Sum: 8685, Workers: 4
[7029.783s][debug][gc,phases      ] GC(165)   JNI Weak                       Min:  0.0, Avg:  0.0, Max:  0.0, Diff:  0.0, Sum:  0.0, Workers: 4
[7029.783s][debug][gc,phases      ] GC(165)     Dead                           Min: 0, Avg:  0.0, Max: 0, Diff: 0, Sum: 0, Workers: 4
[7029.783s][debug][gc,phases      ] GC(165)     Total                          Min: 0, Avg: 11.2, Max: 45, Diff: 45, Sum: 45, Workers: 4
[7029.783s][debug][gc,phases      ] GC(165)   StringDedup Table Weak         Min:  0.0, Avg:  0.0, Max:  0.0, Diff:  0.0, Sum:  0.0, Workers: 4
[7029.783s][debug][gc,phases      ] GC(165)     Dead                           Min: 0, Avg:  0.0, Max: 0, Diff: 0, Sum: 0, Workers: 4
[7029.783s][debug][gc,phases      ] GC(165)     Total                          Min: 0, Avg:  0.0, Max: 0, Diff: 0, Sum: 0, Workers: 4
[7029.783s][debug][gc,phases      ] GC(165)   StringDedup Requests0 Weak     Min:  0.0, Avg:  0.0, Max:  0.0, Diff:  0.0, Sum:  0.0, Workers: 4
[7029.783s][debug][gc,phases      ] GC(165)     Dead                           Min: 0, Avg:  0.0, Max: 0, Diff: 0, Sum: 0, Workers: 4
[7029.783s][debug][gc,phases      ] GC(165)     Total                          Min: 0, Avg:  0.0, Max: 0, Diff: 0, Sum: 0, Workers: 4
[7029.783s][debug][gc,phases      ] GC(165)   StringDedup Requests1 Weak     Min:  0.0, Avg:  0.0, Max:  0.0, Diff:  0.0, Sum:  0.0, Workers: 4
[7029.783s][debug][gc,phases      ] GC(165)     Dead                           Min: 0, Avg:  0.0, Max: 0, Diff: 0, Sum: 0, Workers: 4
[7029.783s][debug][gc,phases      ] GC(165)     Total                          Min: 0, Avg:  0.0, Max: 0, Diff: 0, Sum: 0, Workers: 4
[7029.783s][debug][gc,phases      ] GC(165)   Weak JFR Old Object Samples    Min:  0.0, Avg:  0.0, Max:  0.0, Diff:  0.0, Sum:  0.0, Workers: 4
[7029.783s][debug][gc,phases      ] GC(165)     Dead                           Min: 0, Avg:  0.0, Max: 0, Diff: 0, Sum: 0, Workers: 4
[7029.783s][debug][gc,phases      ] GC(165)     Total                          Min: 0, Avg:  0.0, Max: 0, Diff: 0, Sum: 0, Workers: 4
[7029.783s][debug][gc,phases      ] GC(165) Weak Processing 0.304ms
[7029.783s][debug][gc,age         ] GC(165) Desired survivor size 60293120 bytes, new threshold 14 (max threshold 15)
[7029.783s][info ][gc,heap        ] GC(165) PSYoungGen: 2025232K(2049536K)->43496K(2022912K) Eden: 2003935K(2003968K)->0K(1979392K) From: 21296K(45568K)->43496K(43520K)
[7029.783s][info ][gc,heap        ] GC(165) ParOldGen: 474648K(552448K)->501620K(552448K)
[7029.783s][info ][gc,metaspace   ] GC(165) Metaspace: 80014K(81024K)->80014K(81024K) NonClass: 68859K(69376K)->68859K(69376K) Class: 11155K(11648K)->11155K(11648K)
[7029.783s][info ][gc             ] GC(165) Pause Young (Allocation Failure) 2441M->532M(2515M) 36.741ms
[7029.783s][info ][gc,cpu         ] GC(165) User=0.10s Sys=0.00s Real=0.04s
[7029.783s][info ][safepoint      ] Safepoint "ParallelGCFailedAllocation", Time since last: 106599925 ns, Reaching safepoint: 4289588 ns, At safepoint: 36819305 ns, Total: 41108893 ns
[7030.783s][info ][safepoint      ] Safepoint "Cleanup", Time since last: 1000059411 ns, Reaching safepoint: 43500 ns, At safepoint: 2300 ns, Total: 45800 ns
[7034.784s][info ][safepoint      ] Safepoint "Cleanup", Time since last: 4000285443 ns, Reaching safepoint: 49300 ns, At safepoint: 6900 ns, Total: 56200 ns
[7079.115s][info ][gc,start       ] GC(166) Pause Young (Allocation Failure)
[7079.129s][debug][gc,phases      ] GC(166) Scavenge 13.623ms
[7079.129s][debug][gc,ref         ] GC(166) Skipped phase 1 of Reference Processing: no references
[7079.129s][debug][gc,ref         ] GC(166) ReferenceProcessor::execute queues: 1, RefProcThreadModel::Single, marks_oops_alive: false
[7079.129s][debug][gc,ref         ] GC(166) Skipped phase 3 of Reference Processing: no references
[7079.129s][debug][gc,ref         ] GC(166) ReferenceProcessor::execute queues: 1, RefProcThreadModel::Single, marks_oops_alive: false
[7079.129s][debug][gc,phases      ] GC(166) Reference Processing 0.091ms
[7079.129s][debug][gc,phases      ] GC(166)   VM Weak                        Min:  0.0, Avg:  0.0, Max:  0.0, Diff:  0.0, Sum:  0.0, Workers: 4
[7079.129s][debug][gc,phases      ] GC(166)     Dead                           Min: 0, Avg:  0.0, Max: 0, Diff: 0, Sum: 0, Workers: 4
[7079.129s][debug][gc,phases      ] GC(166)     Total                          Min: 0, Avg: 157.5, Max: 566, Diff: 566, Sum: 630, Workers: 4
[7079.129s][debug][gc,phases      ] GC(166)   ObjectSynchronizer Weak        Min:  0.0, Avg:  0.0, Max:  0.0, Diff:  0.0, Sum:  0.0, Workers: 4
[7079.129s][debug][gc,phases      ] GC(166)     Dead                           Min: 0, Avg:  0.0, Max: 0, Diff: 0, Sum: 0, Workers: 4
[7079.129s][debug][gc,phases      ] GC(166)     Total                          Min: 0, Avg: 11.2, Max: 45, Diff: 45, Sum: 45, Workers: 4
[7079.129s][debug][gc,phases      ] GC(166)   JVMTI Tag Weak OopStorage      Min:  0.0, Avg:  0.0, Max:  0.0, Diff:  0.0, Sum:  0.0, Workers: 4
[7079.129s][debug][gc,phases      ] GC(166)     Dead                           Min: 0, Avg:  0.0, Max: 0, Diff: 0, Sum: 0, Workers: 4
[7079.129s][debug][gc,phases      ] GC(166)     Total                          Min: 0, Avg:  0.0, Max: 0, Diff: 0, Sum: 0, Workers: 4
[7079.129s][debug][gc,phases      ] GC(166)   StringTable Weak               Min:  0.1, Avg:  0.1, Max:  0.1, Diff:  0.0, Sum:  0.4, Workers: 4
[7079.129s][debug][gc,phases      ] GC(166)     Dead                           Min: 0, Avg:  0.0, Max: 0, Diff: 0, Sum: 0, Workers: 4
[7079.129s][debug][gc,phases      ] GC(166)     Total                          Min: 8980, Avg: 10724.2, Max: 11456, Diff: 2476, Sum: 42897, Workers: 4
[7079.129s][debug][gc,phases      ] GC(166)   ResolvedMethodTable Weak       Min:  0.0, Avg:  0.0, Max:  0.0, Diff:  0.0, Sum:  0.1, Workers: 4
[7079.129s][debug][gc,phases      ] GC(166)     Dead                           Min: 0, Avg:  0.0, Max: 0, Diff: 0, Sum: 0, Workers: 4
[7079.129s][debug][gc,phases      ] GC(166)     Total                          Min: 2094, Avg: 2171.2, Max: 2240, Diff: 146, Sum: 8685, Workers: 4
[7079.129s][debug][gc,phases      ] GC(166)   JNI Weak                       Min:  0.0, Avg:  0.0, Max:  0.0, Diff:  0.0, Sum:  0.0, Workers: 4
[7079.129s][debug][gc,phases      ] GC(166)     Dead                           Min: 0, Avg:  0.0, Max: 0, Diff: 0, Sum: 0, Workers: 4
[7079.129s][debug][gc,phases      ] GC(166)     Total                          Min: 0, Avg: 11.2, Max: 45, Diff: 45, Sum: 45, Workers: 4
[7079.129s][debug][gc,phases      ] GC(166)   StringDedup Table Weak         Min:  0.0, Avg:  0.0, Max:  0.0, Diff:  0.0, Sum:  0.0, Workers: 4
[7079.129s][debug][gc,phases      ] GC(166)     Dead                           Min: 0, Avg:  0.0, Max: 0, Diff: 0, Sum: 0, Workers: 4
[7079.129s][debug][gc,phases      ] GC(166)     Total                          Min: 0, Avg:  0.0, Max: 0, Diff: 0, Sum: 0, Workers: 4
[7079.129s][debug][gc,phases      ] GC(166)   StringDedup Requests0 Weak     Min:  0.0, Avg:  0.0, Max:  0.0, Diff:  0.0, Sum:  0.0, Workers: 4
[7079.129s][debug][gc,phases      ] GC(166)     Dead                           Min: 0, Avg:  0.0, Max: 0, Diff: 0, Sum: 0, Workers: 4
[7079.129s][debug][gc,phases      ] GC(166)     Total                          Min: 0, Avg:  0.0, Max: 0, Diff: 0, Sum: 0, Workers: 4
[7079.129s][debug][gc,phases      ] GC(166)   StringDedup Requests1 Weak     Min:  0.0, Avg:  0.0, Max:  0.0, Diff:  0.0, Sum:  0.0, Workers: 4
[7079.129s][debug][gc,phases      ] GC(166)     Dead                           Min: 0, Avg:  0.0, Max: 0, Diff: 0, Sum: 0, Workers: 4
[7079.129s][debug][gc,phases      ] GC(166)     Total                          Min: 0, Avg:  0.0, Max: 0, Diff: 0, Sum: 0, Workers: 4
[7079.129s][debug][gc,phases      ] GC(166)   Weak JFR Old Object Samples    Min:  0.0, Avg:  0.0, Max:  0.0, Diff:  0.0, Sum:  0.0, Workers: 4
[7079.129s][debug][gc,phases      ] GC(166)     Dead                           Min: 0, Avg:  0.0, Max: 0, Diff: 0, Sum: 0, Workers: 4
[7079.129s][debug][gc,phases      ] GC(166)     Total                          Min: 0, Avg:  0.0, Max: 0, Diff: 0, Sum: 0, Workers: 4
[7079.129s][debug][gc,phases      ] GC(166) Weak Processing 0.273ms
[7079.129s][debug][gc,age         ] GC(166) Desired survivor size 64487424 bytes, new threshold 15 (max threshold 15)
[7079.129s][info ][gc,heap        ] GC(166) PSYoungGen: 2022888K(2022912K)->46320K(2025984K) Eden: 1979392K(1979392K)->0K(1979392K) From: 43496K(43520K)->46320K(46592K)
[7079.129s][info ][gc,heap        ] GC(166) ParOldGen: 501620K(552448K)->501740K(552448K)
[7079.129s][info ][gc,metaspace   ] GC(166) Metaspace: 80016K(81024K)->80016K(81024K) NonClass: 68861K(69376K)->68861K(69376K) Class: 11155K(11648K)->11155K(11648K)
[7079.129s][info ][gc             ] GC(166) Pause Young (Allocation Failure) 2465M->535M(2518M) 14.087ms
[7079.129s][info ][gc,cpu         ] GC(166) User=0.05s Sys=0.00s Real=0.02s
[7079.129s][info ][safepoint      ] Safepoint "ParallelGCFailedAllocation", Time since last: 44331190413 ns, Reaching safepoint: 27500 ns, At safepoint: 14180563 ns, Total: 14208063 ns
[7087.130s][info ][safepoint      ] Safepoint "Cleanup", Time since last: 8000488309 ns, Reaching safepoint: 27800 ns, At safepoint: 2600 ns, Total: 30400 ns
[7133.132s][info ][safepoint      ] Safepoint "Cleanup", Time since last: 46002753932 ns, Reaching safepoint: 39400 ns, At safepoint: 2200 ns, Total: 41600 ns
[7143.711s][info ][gc,start       ] GC(167) Pause Young (Allocation Failure)
[7143.723s][debug][gc,phases      ] GC(167) Scavenge 11.810ms
[7143.723s][debug][gc,ref         ] GC(167) Skipped phase 1 of Reference Processing: no references
[7143.723s][debug][gc,ref         ] GC(167) ReferenceProcessor::execute queues: 1, RefProcThreadModel::Single, marks_oops_alive: false
[7143.723s][debug][gc,ref         ] GC(167) Skipped phase 3 of Reference Processing: no references
[7143.723s][debug][gc,ref         ] GC(167) ReferenceProcessor::execute queues: 1, RefProcThreadModel::Single, marks_oops_alive: false
[7143.723s][debug][gc,phases      ] GC(167) Reference Processing 0.101ms
[7143.724s][debug][gc,phases      ] GC(167)   VM Weak                        Min:  0.0, Avg:  0.0, Max:  0.0, Diff:  0.0, Sum:  0.0, Workers: 4
[7143.724s][debug][gc,phases      ] GC(167)     Dead                           Min: 0, Avg:  0.0, Max: 0, Diff: 0, Sum: 0, Workers: 4
[7143.724s][debug][gc,phases      ] GC(167)     Total                          Min: 0, Avg: 157.5, Max: 403, Diff: 403, Sum: 630, Workers: 4
[7143.724s][debug][gc,phases      ] GC(167)   ObjectSynchronizer Weak        Min:  0.0, Avg:  0.0, Max:  0.0, Diff:  0.0, Sum:  0.0, Workers: 4
[7143.724s][debug][gc,phases      ] GC(167)     Dead                           Min: 0, Avg:  0.0, Max: 0, Diff: 0, Sum: 0, Workers: 4
[7143.724s][debug][gc,phases      ] GC(167)     Total                          Min: 0, Avg: 11.2, Max: 45, Diff: 45, Sum: 45, Workers: 4
[7143.724s][debug][gc,phases      ] GC(167)   JVMTI Tag Weak OopStorage      Min:  0.0, Avg:  0.0, Max:  0.0, Diff:  0.0, Sum:  0.0, Workers: 4
[7143.724s][debug][gc,phases      ] GC(167)     Dead                           Min: 0, Avg:  0.0, Max: 0, Diff: 0, Sum: 0, Workers: 4
[7143.724s][debug][gc,phases      ] GC(167)     Total                          Min: 0, Avg:  0.0, Max: 0, Diff: 0, Sum: 0, Workers: 4
[7143.724s][debug][gc,phases      ] GC(167)   StringTable Weak               Min:  0.1, Avg:  0.1, Max:  0.1, Diff:  0.0, Sum:  0.4, Workers: 4
[7143.724s][debug][gc,phases      ] GC(167)     Dead                           Min: 0, Avg:  0.0, Max: 0, Diff: 0, Sum: 0, Workers: 4
[7143.724s][debug][gc,phases      ] GC(167)     Total                          Min: 8960, Avg: 10724.2, Max: 11454, Diff: 2494, Sum: 42897, Workers: 4
[7143.724s][debug][gc,phases      ] GC(167)   ResolvedMethodTable Weak       Min:  0.0, Avg:  0.0, Max:  0.0, Diff:  0.0, Sum:  0.1, Workers: 4
[7143.724s][debug][gc,phases      ] GC(167)     Dead                           Min: 0, Avg:  0.0, Max: 0, Diff: 0, Sum: 0, Workers: 4
[7143.724s][debug][gc,phases      ] GC(167)     Total                          Min: 2047, Avg: 2171.2, Max: 2286, Diff: 239, Sum: 8685, Workers: 4
[7143.724s][debug][gc,phases      ] GC(167)   JNI Weak                       Min:  0.0, Avg:  0.0, Max:  0.0, Diff:  0.0, Sum:  0.0, Workers: 4
[7143.724s][debug][gc,phases      ] GC(167)     Dead                           Min: 0, Avg:  0.0, Max: 0, Diff: 0, Sum: 0, Workers: 4
[7143.724s][debug][gc,phases      ] GC(167)     Total                          Min: 0, Avg: 11.2, Max: 45, Diff: 45, Sum: 45, Workers: 4
[7143.724s][debug][gc,phases      ] GC(167)   StringDedup Table Weak         Min:  0.0, Avg:  0.0, Max:  0.0, Diff:  0.0, Sum:  0.0, Workers: 4
[7143.724s][debug][gc,phases      ] GC(167)     Dead                           Min: 0, Avg:  0.0, Max: 0, Diff: 0, Sum: 0, Workers: 4
[7143.724s][debug][gc,phases      ] GC(167)     Total                          Min: 0, Avg:  0.0, Max: 0, Diff: 0, Sum: 0, Workers: 4
[7143.724s][debug][gc,phases      ] GC(167)   StringDedup Requests0 Weak     Min:  0.0, Avg:  0.0, Max:  0.0, Diff:  0.0, Sum:  0.0, Workers: 4
[7143.724s][debug][gc,phases      ] GC(167)     Dead                           Min: 0, Avg:  0.0, Max: 0, Diff: 0, Sum: 0, Workers: 4
[7143.724s][debug][gc,phases      ] GC(167)     Total                          Min: 0, Avg:  0.0, Max: 0, Diff: 0, Sum: 0, Workers: 4
[7143.724s][debug][gc,phases      ] GC(167)   StringDedup Requests1 Weak     Min:  0.0, Avg:  0.0, Max:  0.0, Diff:  0.0, Sum:  0.0, Workers: 4
[7143.724s][debug][gc,phases      ] GC(167)     Dead                           Min: 0, Avg:  0.0, Max: 0, Diff: 0, Sum: 0, Workers: 4
[7143.724s][debug][gc,phases      ] GC(167)     Total                          Min: 0, Avg:  0.0, Max: 0, Diff: 0, Sum: 0, Workers: 4
[7143.724s][debug][gc,phases      ] GC(167)   Weak JFR Old Object Samples    Min:  0.0, Avg:  0.0, Max:  0.0, Diff:  0.0, Sum:  0.0, Workers: 4
[7143.724s][debug][gc,phases      ] GC(167)     Dead                           Min: 0, Avg:  0.0, Max: 0, Diff: 0, Sum: 0, Workers: 4
[7143.724s][debug][gc,phases      ] GC(167)     Total                          Min: 0, Avg:  0.0, Max: 0, Diff: 0, Sum: 0, Workers: 4
[7143.724s][debug][gc,phases      ] GC(167) Weak Processing 0.287ms
[7143.724s][debug][gc,age         ] GC(167) Desired survivor size 67633152 bytes, new threshold 15 (max threshold 15)
[7143.724s][info ][gc,heap        ] GC(167) PSYoungGen: 2025712K(2025984K)->47184K(2028032K) Eden: 1979392K(1979392K)->0K(1965056K) From: 46320K(46592K)->47184K(62976K)
[7143.724s][info ][gc,heap        ] GC(167) ParOldGen: 501740K(552448K)->501740K(552448K)
[7143.724s][info ][gc,metaspace   ] GC(167) Metaspace: 80018K(81024K)->80018K(81024K) NonClass: 68863K(69376K)->68863K(69376K) Class: 11155K(11648K)->11155K(11648K)
[7143.724s][info ][gc             ] GC(167) Pause Young (Allocation Failure) 2468M->536M(2520M) 12.293ms
[7143.724s][info ][gc,cpu         ] GC(167) User=0.05s Sys=0.00s Real=0.01s
[7143.724s][info ][safepoint      ] Safepoint "ParallelGCFailedAllocation", Time since last: 10578843908 ns, Reaching safepoint: 25699 ns, At safepoint: 12371368 ns, Total: 12397067 ns
[7144.724s][info ][safepoint      ] Safepoint "Cleanup", Time since last: 1000077491 ns, Reaching safepoint: 28700 ns, At safepoint: 2700 ns, Total: 31400 ns
[7160.725s][info ][safepoint      ] Safepoint "Cleanup", Time since last: 16000976428 ns, Reaching safepoint: 24300 ns, At safepoint: 2300 ns, Total: 26600 ns
[7164.725s][info ][safepoint      ] Safepoint "Cleanup", Time since last: 4000286251 ns, Reaching safepoint: 34400 ns, At safepoint: 5500 ns, Total: 39900 ns
[7168.725s][info ][safepoint      ] Safepoint "Cleanup", Time since last: 4000282948 ns, Reaching safepoint: 41100 ns, At safepoint: 3700 ns, Total: 44800 ns
[7169.726s][info ][safepoint      ] Safepoint "Cleanup", Time since last: 1000112186 ns, Reaching safepoint: 98100 ns, At safepoint: 7300 ns, Total: 105400 ns
[7177.726s][info ][safepoint      ] Safepoint "Cleanup", Time since last: 8000539788 ns, Reaching safepoint: 27200 ns, At safepoint: 2800 ns, Total: 30000 ns
[7180.727s][info ][safepoint      ] Safepoint "Cleanup", Time since last: 3000219255 ns, Reaching safepoint: 40400 ns, At safepoint: 2500 ns, Total: 42900 ns
[7181.727s][info ][safepoint      ] Safepoint "Cleanup", Time since last: 1000118285 ns, Reaching safepoint: 40700 ns, At safepoint: 2500 ns, Total: 43200 ns
[7184.727s][info ][safepoint      ] Safepoint "Cleanup", Time since last: 3000223353 ns, Reaching safepoint: 26400 ns, At safepoint: 2900 ns, Total: 29300 ns
[7187.727s][info ][safepoint      ] Safepoint "Cleanup", Time since last: 3000223252 ns, Reaching safepoint: 39200 ns, At safepoint: 4100 ns, Total: 43300 ns
[7188.727s][info ][safepoint      ] Safepoint "Cleanup", Time since last: 1000101184 ns, Reaching safepoint: 41800 ns, At safepoint: 4600 ns, Total: 46400 ns
[7217.069s][info ][gc,start       ] GC(168) Pause Young (Allocation Failure)
[7217.082s][debug][gc,phases      ] GC(168) Scavenge 12.796ms
[7217.082s][debug][gc,ref         ] GC(168) Skipped phase 1 of Reference Processing: no references
[7217.082s][debug][gc,ref         ] GC(168) ReferenceProcessor::execute queues: 1, RefProcThreadModel::Single, marks_oops_alive: false
[7217.082s][debug][gc,ref         ] GC(168) Skipped phase 3 of Reference Processing: no references
[7217.082s][debug][gc,ref         ] GC(168) ReferenceProcessor::execute queues: 1, RefProcThreadModel::Single, marks_oops_alive: false
[7217.082s][debug][gc,phases      ] GC(168) Reference Processing 0.089ms
[7217.082s][debug][gc,phases      ] GC(168)   VM Weak                        Min:  0.0, Avg:  0.0, Max:  0.0, Diff:  0.0, Sum:  0.0, Workers: 4
[7217.082s][debug][gc,phases      ] GC(168)     Dead                           Min: 0, Avg:  0.0, Max: 0, Diff: 0, Sum: 0, Workers: 4
[7217.082s][debug][gc,phases      ] GC(168)     Total                          Min: 0, Avg: 157.5, Max: 630, Diff: 630, Sum: 630, Workers: 4
[7217.082s][debug][gc,phases      ] GC(168)   ObjectSynchronizer Weak        Min:  0.0, Avg:  0.0, Max:  0.0, Diff:  0.0, Sum:  0.0, Workers: 4
[7217.082s][debug][gc,phases      ] GC(168)     Dead                           Min: 0, Avg:  0.0, Max: 0, Diff: 0, Sum: 0, Workers: 4
[7217.082s][debug][gc,phases      ] GC(168)     Total                          Min: 0, Avg: 11.2, Max: 45, Diff: 45, Sum: 45, Workers: 4
[7217.082s][debug][gc,phases      ] GC(168)   JVMTI Tag Weak OopStorage      Min:  0.0, Avg:  0.0, Max:  0.0, Diff:  0.0, Sum:  0.0, Workers: 4
[7217.082s][debug][gc,phases      ] GC(168)     Dead                           Min: 0, Avg:  0.0, Max: 0, Diff: 0, Sum: 0, Workers: 4
[7217.082s][debug][gc,phases      ] GC(168)     Total                          Min: 0, Avg:  0.0, Max: 0, Diff: 0, Sum: 0, Workers: 4
[7217.082s][debug][gc,phases      ] GC(168)   StringTable Weak               Min:  0.0, Avg:  0.1, Max:  0.1, Diff:  0.1, Sum:  0.4, Workers: 4
[7217.083s][debug][gc,phases      ] GC(168)     Dead                           Min: 0, Avg:  0.0, Max: 0, Diff: 0, Sum: 0, Workers: 4
[7217.083s][debug][gc,phases      ] GC(168)     Total                          Min: 0, Avg: 10725.0, Max: 14934, Diff: 14934, Sum: 42900, Workers: 4
[7217.083s][debug][gc,phases      ] GC(168)   ResolvedMethodTable Weak       Min:  0.0, Avg:  0.0, Max:  0.0, Diff:  0.0, Sum:  0.1, Workers: 4
[7217.083s][debug][gc,phases      ] GC(168)     Dead                           Min: 0, Avg:  0.0, Max: 0, Diff: 0, Sum: 0, Workers: 4
[7217.083s][debug][gc,phases      ] GC(168)     Total                          Min: 0, Avg: 2171.2, Max: 3200, Diff: 3200, Sum: 8685, Workers: 4
[7217.083s][debug][gc,phases      ] GC(168)   JNI Weak                       Min:  0.0, Avg:  0.0, Max:  0.0, Diff:  0.0, Sum:  0.0, Workers: 4
[7217.083s][debug][gc,phases      ] GC(168)     Dead                           Min: 0, Avg:  0.0, Max: 0, Diff: 0, Sum: 0, Workers: 4
[7217.083s][debug][gc,phases      ] GC(168)     Total                          Min: 0, Avg: 11.2, Max: 45, Diff: 45, Sum: 45, Workers: 4
[7217.083s][debug][gc,phases      ] GC(168)   StringDedup Table Weak         Min:  0.0, Avg:  0.0, Max:  0.0, Diff:  0.0, Sum:  0.0, Workers: 4
[7217.083s][debug][gc,phases      ] GC(168)     Dead                           Min: 0, Avg:  0.0, Max: 0, Diff: 0, Sum: 0, Workers: 4
[7217.083s][debug][gc,phases      ] GC(168)     Total                          Min: 0, Avg:  0.0, Max: 0, Diff: 0, Sum: 0, Workers: 4
[7217.083s][debug][gc,phases      ] GC(168)   StringDedup Requests0 Weak     Min:  0.0, Avg:  0.0, Max:  0.0, Diff:  0.0, Sum:  0.0, Workers: 4
[7217.083s][debug][gc,phases      ] GC(168)     Dead                           Min: 0, Avg:  0.0, Max: 0, Diff: 0, Sum: 0, Workers: 4
[7217.083s][debug][gc,phases      ] GC(168)     Total                          Min: 0, Avg:  0.0, Max: 0, Diff: 0, Sum: 0, Workers: 4
[7217.083s][debug][gc,phases      ] GC(168)   StringDedup Requests1 Weak     Min:  0.0, Avg:  0.0, Max:  0.0, Diff:  0.0, Sum:  0.0, Workers: 4
[7217.083s][debug][gc,phases      ] GC(168)     Dead                           Min: 0, Avg:  0.0, Max: 0, Diff: 0, Sum: 0, Workers: 4
[7217.083s][debug][gc,phases      ] GC(168)     Total                          Min: 0, Avg:  0.0, Max: 0, Diff: 0, Sum: 0, Workers: 4
[7217.083s][debug][gc,phases      ] GC(168)   Weak JFR Old Object Samples    Min:  0.0, Avg:  0.0, Max:  0.0, Diff:  0.0, Sum:  0.0, Workers: 4
[7217.083s][debug][gc,phases      ] GC(168)     Dead                           Min: 0, Avg:  0.0, Max: 0, Diff: 0, Sum: 0, Workers: 4
[7217.083s][debug][gc,phases      ] GC(168)     Total                          Min: 0, Avg:  0.0, Max: 0, Diff: 0, Sum: 0, Workers: 4
[7217.083s][debug][gc,phases      ] GC(168) Weak Processing 0.329ms
[7217.083s][debug][gc,age         ] GC(168) Desired survivor size 70254592 bytes, new threshold 15 (max threshold 15)
[7217.083s][info ][gc,heap        ] GC(168) PSYoungGen: 2012240K(2028032K)->47072K(2012160K) Eden: 1965056K(1965056K)->0K(1965056K) From: 47184K(62976K)->47072K(47104K)
[7217.083s][info ][gc,heap        ] GC(168) ParOldGen: 501740K(552448K)->502092K(552448K)
[7217.083s][info ][gc,metaspace   ] GC(168) Metaspace: 80019K(81024K)->80019K(81024K) NonClass: 68864K(69376K)->68864K(69376K) Class: 11155K(11648K)->11155K(11648K)
[7217.083s][info ][gc             ] GC(168) Pause Young (Allocation Failure) 2455M->536M(2504M) 13.325ms
[7217.083s][info ][gc,cpu         ] GC(168) User=0.04s Sys=0.00s Real=0.01s
[7217.083s][info ][safepoint      ] Safepoint "ParallelGCFailedAllocation", Time since last: 28341861096 ns, Reaching safepoint: 43000 ns, At safepoint: 13407465 ns, Total: 13450465 ns
[7232.084s][info ][safepoint      ] Safepoint "Cleanup", Time since last: 15000918780 ns, Reaching safepoint: 38999 ns, At safepoint: 3400 ns, Total: 42399 ns
[7235.084s][info ][safepoint      ] Safepoint "Cleanup", Time since last: 3000231332 ns, Reaching safepoint: 42300 ns, At safepoint: 29300 ns, Total: 71600 ns
[7241.084s][info ][safepoint      ] Safepoint "Cleanup", Time since last: 6000429961 ns, Reaching safepoint: 44100 ns, At safepoint: 3600 ns, Total: 47700 ns
[7286.212s][info ][gc,start       ] GC(169) Pause Young (Allocation Failure)
[7286.224s][debug][gc,phases      ] GC(169) Scavenge 12.057ms
[7286.224s][debug][gc,ref         ] GC(169) Skipped phase 1 of Reference Processing: no references
[7286.224s][debug][gc,ref         ] GC(169) ReferenceProcessor::execute queues: 1, RefProcThreadModel::Single, marks_oops_alive: false
[7286.224s][debug][gc,ref         ] GC(169) Skipped phase 3 of Reference Processing: no references
[7286.224s][debug][gc,ref         ] GC(169) ReferenceProcessor::execute queues: 1, RefProcThreadModel::Single, marks_oops_alive: false
[7286.224s][debug][gc,phases      ] GC(169) Reference Processing 0.089ms
[7286.224s][debug][gc,phases      ] GC(169)   VM Weak                        Min:  0.0, Avg:  0.0, Max:  0.0, Diff:  0.0, Sum:  0.0, Workers: 4
[7286.224s][debug][gc,phases      ] GC(169)     Dead                           Min: 0, Avg:  0.0, Max: 0, Diff: 0, Sum: 0, Workers: 4
[7286.224s][debug][gc,phases      ] GC(169)     Total                          Min: 0, Avg: 157.5, Max: 566, Diff: 566, Sum: 630, Workers: 4
[7286.224s][debug][gc,phases      ] GC(169)   ObjectSynchronizer Weak        Min:  0.0, Avg:  0.0, Max:  0.0, Diff:  0.0, Sum:  0.0, Workers: 4
[7286.224s][debug][gc,phases      ] GC(169)     Dead                           Min: 0, Avg:  0.0, Max: 0, Diff: 0, Sum: 0, Workers: 4
[7286.224s][debug][gc,phases      ] GC(169)     Total                          Min: 0, Avg: 11.2, Max: 45, Diff: 45, Sum: 45, Workers: 4
[7286.224s][debug][gc,phases      ] GC(169)   JVMTI Tag Weak OopStorage      Min:  0.0, Avg:  0.0, Max:  0.0, Diff:  0.0, Sum:  0.0, Workers: 4
[7286.224s][debug][gc,phases      ] GC(169)     Dead                           Min: 0, Avg:  0.0, Max: 0, Diff: 0, Sum: 0, Workers: 4
[7286.224s][debug][gc,phases      ] GC(169)     Total                          Min: 0, Avg:  0.0, Max: 0, Diff: 0, Sum: 0, Workers: 4
[7286.224s][debug][gc,phases      ] GC(169)   StringTable Weak               Min:  0.1, Avg:  0.1, Max:  0.1, Diff:  0.0, Sum:  0.4, Workers: 4
[7286.224s][debug][gc,phases      ] GC(169)     Dead                           Min: 0, Avg:  0.0, Max: 0, Diff: 0, Sum: 0, Workers: 4
[7286.224s][debug][gc,phases      ] GC(169)     Total                          Min: 10495, Avg: 10725.0, Max: 10880, Diff: 385, Sum: 42900, Workers: 4
[7286.224s][debug][gc,phases      ] GC(169)   ResolvedMethodTable Weak       Min:  0.0, Avg:  0.0, Max:  0.0, Diff:  0.0, Sum:  0.1, Workers: 4
[7286.224s][debug][gc,phases      ] GC(169)     Dead                           Min: 0, Avg:  0.0, Max: 0, Diff: 0, Sum: 0, Workers: 4
[7286.224s][debug][gc,phases      ] GC(169)     Total                          Min: 2093, Avg: 2171.2, Max: 2240, Diff: 147, Sum: 8685, Workers: 4
[7286.224s][debug][gc,phases      ] GC(169)   JNI Weak                       Min:  0.0, Avg:  0.0, Max:  0.0, Diff:  0.0, Sum:  0.0, Workers: 4
[7286.224s][debug][gc,phases      ] GC(169)     Dead                           Min: 0, Avg:  0.0, Max: 0, Diff: 0, Sum: 0, Workers: 4
[7286.224s][debug][gc,phases      ] GC(169)     Total                          Min: 0, Avg: 11.2, Max: 45, Diff: 45, Sum: 45, Workers: 4
[7286.224s][debug][gc,phases      ] GC(169)   StringDedup Table Weak         Min:  0.0, Avg:  0.0, Max:  0.0, Diff:  0.0, Sum:  0.0, Workers: 4
[7286.224s][debug][gc,phases      ] GC(169)     Dead                           Min: 0, Avg:  0.0, Max: 0, Diff: 0, Sum: 0, Workers: 4
[7286.224s][debug][gc,phases      ] GC(169)     Total                          Min: 0, Avg:  0.0, Max: 0, Diff: 0, Sum: 0, Workers: 4
[7286.224s][debug][gc,phases      ] GC(169)   StringDedup Requests0 Weak     Min:  0.0, Avg:  0.0, Max:  0.0, Diff:  0.0, Sum:  0.0, Workers: 4
[7286.224s][debug][gc,phases      ] GC(169)     Dead                           Min: 0, Avg:  0.0, Max: 0, Diff: 0, Sum: 0, Workers: 4
[7286.224s][debug][gc,phases      ] GC(169)     Total                          Min: 0, Avg:  0.0, Max: 0, Diff: 0, Sum: 0, Workers: 4
[7286.224s][debug][gc,phases      ] GC(169)   StringDedup Requests1 Weak     Min:  0.0, Avg:  0.0, Max:  0.0, Diff:  0.0, Sum:  0.0, Workers: 4
[7286.224s][debug][gc,phases      ] GC(169)     Dead                           Min: 0, Avg:  0.0, Max: 0, Diff: 0, Sum: 0, Workers: 4
[7286.224s][debug][gc,phases      ] GC(169)     Total                          Min: 0, Avg:  0.0, Max: 0, Diff: 0, Sum: 0, Workers: 4
[7286.224s][debug][gc,phases      ] GC(169)   Weak JFR Old Object Samples    Min:  0.0, Avg:  0.0, Max:  0.0, Diff:  0.0, Sum:  0.0, Workers: 4
[7286.224s][debug][gc,phases      ] GC(169)     Dead                           Min: 0, Avg:  0.0, Max: 0, Diff: 0, Sum: 0, Workers: 4
[7286.224s][debug][gc,phases      ] GC(169)     Total                          Min: 0, Avg:  0.0, Max: 0, Diff: 0, Sum: 0, Workers: 4
[7286.224s][debug][gc,phases      ] GC(169) Weak Processing 0.282ms
[7286.224s][debug][gc,age         ] GC(169) Desired survivor size 71827456 bytes, new threshold 15 (max threshold 15)
[7286.224s][info ][gc,heap        ] GC(169) PSYoungGen: 2012128K(2012160K)->47216K(2025472K) Eden: 1965056K(1965056K)->0K(1956864K) From: 47072K(47104K)->47216K(68608K)
[7286.224s][info ][gc,heap        ] GC(169) ParOldGen: 502092K(552448K)->502252K(552448K)
[7286.224s][info ][gc,metaspace   ] GC(169) Metaspace: 80023K(81024K)->80023K(81024K) NonClass: 68868K(69376K)->68868K(69376K) Class: 11155K(11648K)->11155K(11648K)
[7286.224s][info ][gc             ] GC(169) Pause Young (Allocation Failure) 2455M->536M(2517M) 12.530ms
[7286.224s][info ][gc,cpu         ] GC(169) User=0.05s Sys=0.00s Real=0.01s
[7286.224s][info ][safepoint      ] Safepoint "ParallelGCFailedAllocation", Time since last: 45127244378 ns, Reaching safepoint: 24300 ns, At safepoint: 12591667 ns, Total: 12615967 ns
[7288.224s][info ][safepoint      ] Safepoint "Cleanup", Time since last: 2000144341 ns, Reaching safepoint: 41300 ns, At safepoint: 2100 ns, Total: 43400 ns
[7291.225s][info ][safepoint      ] Safepoint "Cleanup", Time since last: 3000234410 ns, Reaching safepoint: 30500 ns, At safepoint: 2500 ns, Total: 33000 ns
[7301.225s][info ][safepoint      ] Safepoint "Cleanup", Time since last: 10000666994 ns, Reaching safepoint: 28800 ns, At safepoint: 23800 ns, Total: 52600 ns
[7360.211s][info ][gc,start       ] GC(170) Pause Young (Allocation Failure)
[7360.223s][debug][gc,phases      ] GC(170) Scavenge 11.949ms
[7360.223s][debug][gc,ref         ] GC(170) Skipped phase 1 of Reference Processing: no references
[7360.223s][debug][gc,ref         ] GC(170) ReferenceProcessor::execute queues: 1, RefProcThreadModel::Single, marks_oops_alive: false
[7360.223s][debug][gc,ref         ] GC(170) Skipped phase 3 of Reference Processing: no references
[7360.223s][debug][gc,ref         ] GC(170) ReferenceProcessor::execute queues: 1, RefProcThreadModel::Single, marks_oops_alive: false
[7360.223s][debug][gc,phases      ] GC(170) Reference Processing 0.101ms
[7360.223s][debug][gc,phases      ] GC(170)   VM Weak                        Min:  0.0, Avg:  0.0, Max:  0.0, Diff:  0.0, Sum:  0.0, Workers: 4
[7360.223s][debug][gc,phases      ] GC(170)     Dead                           Min: 0, Avg:  0.0, Max: 0, Diff: 0, Sum: 0, Workers: 4
[7360.223s][debug][gc,phases      ] GC(170)     Total                          Min: 0, Avg: 157.5, Max: 630, Diff: 630, Sum: 630, Workers: 4
[7360.223s][debug][gc,phases      ] GC(170)   ObjectSynchronizer Weak        Min:  0.0, Avg:  0.0, Max:  0.0, Diff:  0.0, Sum:  0.0, Workers: 4
[7360.223s][debug][gc,phases      ] GC(170)     Dead                           Min: 0, Avg:  0.0, Max: 0, Diff: 0, Sum: 0, Workers: 4
[7360.223s][debug][gc,phases      ] GC(170)     Total                          Min: 0, Avg: 11.2, Max: 45, Diff: 45, Sum: 45, Workers: 4
[7360.223s][debug][gc,phases      ] GC(170)   JVMTI Tag Weak OopStorage      Min:  0.0, Avg:  0.0, Max:  0.0, Diff:  0.0, Sum:  0.0, Workers: 4
[7360.223s][debug][gc,phases      ] GC(170)     Dead                           Min: 0, Avg:  0.0, Max: 0, Diff: 0, Sum: 0, Workers: 4
[7360.223s][debug][gc,phases      ] GC(170)     Total                          Min: 0, Avg:  0.0, Max: 0, Diff: 0, Sum: 0, Workers: 4
[7360.223s][debug][gc,phases      ] GC(170)   StringTable Weak               Min:  0.0, Avg:  0.1, Max:  0.1, Diff:  0.1, Sum:  0.3, Workers: 4
[7360.223s][debug][gc,phases      ] GC(170)     Dead                           Min: 0, Avg:  0.0, Max: 0, Diff: 0, Sum: 0, Workers: 4
[7360.223s][debug][gc,phases      ] GC(170)     Total                          Min: 0, Avg: 10725.2, Max: 15831, Diff: 15831, Sum: 42901, Workers: 4
[7360.223s][debug][gc,phases      ] GC(170)   ResolvedMethodTable Weak       Min:  0.0, Avg:  0.0, Max:  0.0, Diff:  0.0, Sum:  0.1, Workers: 4
[7360.223s][debug][gc,phases      ] GC(170)     Dead                           Min: 0, Avg:  0.0, Max: 0, Diff: 0, Sum: 0, Workers: 4
[7360.223s][debug][gc,phases      ] GC(170)     Total                          Min: 0, Avg: 2171.2, Max: 4013, Diff: 4013, Sum: 8685, Workers: 4
[7360.223s][debug][gc,phases      ] GC(170)   JNI Weak                       Min:  0.0, Avg:  0.0, Max:  0.0, Diff:  0.0, Sum:  0.0, Workers: 4
[7360.223s][debug][gc,phases      ] GC(170)     Dead                           Min: 0, Avg:  0.0, Max: 0, Diff: 0, Sum: 0, Workers: 4
[7360.223s][debug][gc,phases      ] GC(170)     Total                          Min: 0, Avg: 11.2, Max: 45, Diff: 45, Sum: 45, Workers: 4
[7360.223s][debug][gc,phases      ] GC(170)   StringDedup Table Weak         Min:  0.0, Avg:  0.0, Max:  0.0, Diff:  0.0, Sum:  0.0, Workers: 4
[7360.223s][debug][gc,phases      ] GC(170)     Dead                           Min: 0, Avg:  0.0, Max: 0, Diff: 0, Sum: 0, Workers: 4
[7360.223s][debug][gc,phases      ] GC(170)     Total                          Min: 0, Avg:  0.0, Max: 0, Diff: 0, Sum: 0, Workers: 4
[7360.223s][debug][gc,phases      ] GC(170)   StringDedup Requests0 Weak     Min:  0.0, Avg:  0.0, Max:  0.0, Diff:  0.0, Sum:  0.0, Workers: 4
[7360.223s][debug][gc,phases      ] GC(170)     Dead                           Min: 0, Avg:  0.0, Max: 0, Diff: 0, Sum: 0, Workers: 4
[7360.223s][debug][gc,phases      ] GC(170)     Total                          Min: 0, Avg:  0.0, Max: 0, Diff: 0, Sum: 0, Workers: 4
[7360.223s][debug][gc,phases      ] GC(170)   StringDedup Requests1 Weak     Min:  0.0, Avg:  0.0, Max:  0.0, Diff:  0.0, Sum:  0.0, Workers: 4
[7360.223s][debug][gc,phases      ] GC(170)     Dead                           Min: 0, Avg:  0.0, Max: 0, Diff: 0, Sum: 0, Workers: 4
[7360.223s][debug][gc,phases      ] GC(170)     Total                          Min: 0, Avg:  0.0, Max: 0, Diff: 0, Sum: 0, Workers: 4
[7360.223s][debug][gc,phases      ] GC(170)   Weak JFR Old Object Samples    Min:  0.0, Avg:  0.0, Max:  0.0, Diff:  0.0, Sum:  0.0, Workers: 4
[7360.223s][debug][gc,phases      ] GC(170)     Dead                           Min: 0, Avg:  0.0, Max: 0, Diff: 0, Sum: 0, Workers: 4
[7360.223s][debug][gc,phases      ] GC(170)     Total                          Min: 0, Avg:  0.0, Max: 0, Diff: 0, Sum: 0, Workers: 4
[7360.223s][debug][gc,phases      ] GC(170) Weak Processing 0.317ms
[7360.223s][debug][gc,age         ] GC(170) Desired survivor size 73400320 bytes, new threshold 15 (max threshold 15)
[7360.223s][info ][gc,heap        ] GC(170) PSYoungGen: 2004080K(2025472K)->47584K(2004480K) Eden: 1956864K(1956864K)->0K(1956864K) From: 47216K(68608K)->47584K(47616K)
[7360.223s][info ][gc,heap        ] GC(170) ParOldGen: 502252K(552448K)->502284K(552448K)
[7360.223s][info ][gc,metaspace   ] GC(170) Metaspace: 80024K(81024K)->80024K(81024K) NonClass: 68868K(69376K)->68868K(69376K) Class: 11155K(11648K)->11155K(11648K)
[7360.223s][info ][gc             ] GC(170) Pause Young (Allocation Failure) 2447M->536M(2497M) 12.458ms
[7360.223s][info ][gc,cpu         ] GC(170) User=0.05s Sys=0.00s Real=0.01s
[7360.223s][info ][safepoint      ] Safepoint "ParallelGCFailedAllocation", Time since last: 58985445808 ns, Reaching safepoint: 36799 ns, At safepoint: 12521367 ns, Total: 12558166 ns
[7365.224s][info ][safepoint      ] Safepoint "Cleanup", Time since last: 5000323610 ns, Reaching safepoint: 120300 ns, At safepoint: 9100 ns, Total: 129400 ns
[7367.224s][info ][safepoint      ] Safepoint "Cleanup", Time since last: 2000156623 ns, Reaching safepoint: 40400 ns, At safepoint: 3400 ns, Total: 43800 ns
[7374.225s][info ][safepoint      ] Safepoint "Cleanup", Time since last: 7000429727 ns, Reaching safepoint: 26700 ns, At safepoint: 2400 ns, Total: 29100 ns
[7407.361s][info ][gc,start       ] GC(171) Pause Young (Allocation Failure)
[7407.376s][debug][gc,phases      ] GC(171) Scavenge 14.989ms
[7407.376s][debug][gc,ref         ] GC(171) Skipped phase 1 of Reference Processing: no references
[7407.376s][debug][gc,ref         ] GC(171) ReferenceProcessor::execute queues: 1, RefProcThreadModel::Single, marks_oops_alive: false
[7407.376s][debug][gc,ref         ] GC(171) Skipped phase 3 of Reference Processing: no references
[7407.376s][debug][gc,ref         ] GC(171) ReferenceProcessor::execute queues: 1, RefProcThreadModel::Single, marks_oops_alive: false
[7407.376s][debug][gc,phases      ] GC(171) Reference Processing 0.087ms
[7407.376s][debug][gc,phases      ] GC(171)   VM Weak                        Min:  0.0, Avg:  0.0, Max:  0.0, Diff:  0.0, Sum:  0.0, Workers: 4
[7407.376s][debug][gc,phases      ] GC(171)     Dead                           Min: 0, Avg:  0.0, Max: 0, Diff: 0, Sum: 0, Workers: 4
[7407.376s][debug][gc,phases      ] GC(171)     Total                          Min: 0, Avg: 157.5, Max: 630, Diff: 630, Sum: 630, Workers: 4
[7407.376s][debug][gc,phases      ] GC(171)   ObjectSynchronizer Weak        Min:  0.0, Avg:  0.0, Max:  0.0, Diff:  0.0, Sum:  0.0, Workers: 4
[7407.376s][debug][gc,phases      ] GC(171)     Dead                           Min: 0, Avg:  0.0, Max: 0, Diff: 0, Sum: 0, Workers: 4
[7407.376s][debug][gc,phases      ] GC(171)     Total                          Min: 0, Avg: 11.2, Max: 45, Diff: 45, Sum: 45, Workers: 4
[7407.376s][debug][gc,phases      ] GC(171)   JVMTI Tag Weak OopStorage      Min:  0.0, Avg:  0.0, Max:  0.0, Diff:  0.0, Sum:  0.0, Workers: 4
[7407.376s][debug][gc,phases      ] GC(171)     Dead                           Min: 0, Avg:  0.0, Max: 0, Diff: 0, Sum: 0, Workers: 4
[7407.376s][debug][gc,phases      ] GC(171)     Total                          Min: 0, Avg:  0.0, Max: 0, Diff: 0, Sum: 0, Workers: 4
[7407.376s][debug][gc,phases      ] GC(171)   StringTable Weak               Min:  0.1, Avg:  0.1, Max:  0.1, Diff:  0.0, Sum:  0.4, Workers: 4
[7407.376s][debug][gc,phases      ] GC(171)     Dead                           Min: 0, Avg:  0.0, Max: 0, Diff: 0, Sum: 0, Workers: 4
[7407.376s][debug][gc,phases      ] GC(171)     Total                          Min: 10176, Avg: 10725.2, Max: 11328, Diff: 1152, Sum: 42901, Workers: 4
[7407.376s][debug][gc,phases      ] GC(171)   ResolvedMethodTable Weak       Min:  0.0, Avg:  0.0, Max:  0.0, Diff:  0.0, Sum:  0.1, Workers: 4
[7407.376s][debug][gc,phases      ] GC(171)     Dead                           Min: 0, Avg:  0.0, Max: 0, Diff: 0, Sum: 0, Workers: 4
[7407.376s][debug][gc,phases      ] GC(171)     Total                          Min: 2047, Avg: 2171.2, Max: 2286, Diff: 239, Sum: 8685, Workers: 4
[7407.376s][debug][gc,phases      ] GC(171)   JNI Weak                       Min:  0.0, Avg:  0.0, Max:  0.0, Diff:  0.0, Sum:  0.0, Workers: 4
[7407.376s][debug][gc,phases      ] GC(171)     Dead                           Min: 0, Avg:  0.0, Max: 0, Diff: 0, Sum: 0, Workers: 4
[7407.376s][debug][gc,phases      ] GC(171)     Total                          Min: 0, Avg: 11.2, Max: 45, Diff: 45, Sum: 45, Workers: 4
[7407.376s][debug][gc,phases      ] GC(171)   StringDedup Table Weak         Min:  0.0, Avg:  0.0, Max:  0.0, Diff:  0.0, Sum:  0.0, Workers: 4
[7407.376s][debug][gc,phases      ] GC(171)     Dead                           Min: 0, Avg:  0.0, Max: 0, Diff: 0, Sum: 0, Workers: 4
[7407.376s][debug][gc,phases      ] GC(171)     Total                          Min: 0, Avg:  0.0, Max: 0, Diff: 0, Sum: 0, Workers: 4
[7407.376s][debug][gc,phases      ] GC(171)   StringDedup Requests0 Weak     Min:  0.0, Avg:  0.0, Max:  0.0, Diff:  0.0, Sum:  0.0, Workers: 4
[7407.376s][debug][gc,phases      ] GC(171)     Dead                           Min: 0, Avg:  0.0, Max: 0, Diff: 0, Sum: 0, Workers: 4
[7407.376s][debug][gc,phases      ] GC(171)     Total                          Min: 0, Avg:  0.0, Max: 0, Diff: 0, Sum: 0, Workers: 4
[7407.376s][debug][gc,phases      ] GC(171)   StringDedup Requests1 Weak     Min:  0.0, Avg:  0.0, Max:  0.0, Diff:  0.0, Sum:  0.0, Workers: 4
[7407.376s][debug][gc,phases      ] GC(171)     Dead                           Min: 0, Avg:  0.0, Max: 0, Diff: 0, Sum: 0, Workers: 4
[7407.376s][debug][gc,phases      ] GC(171)     Total                          Min: 0, Avg:  0.0, Max: 0, Diff: 0, Sum: 0, Workers: 4
[7407.376s][debug][gc,phases      ] GC(171)   Weak JFR Old Object Samples    Min:  0.0, Avg:  0.0, Max:  0.0, Diff:  0.0, Sum:  0.0, Workers: 4
[7407.376s][debug][gc,phases      ] GC(171)     Dead                           Min: 0, Avg:  0.0, Max: 0, Diff: 0, Sum: 0, Workers: 4
[7407.376s][debug][gc,phases      ] GC(171)     Total                          Min: 0, Avg:  0.0, Max: 0, Diff: 0, Sum: 0, Workers: 4
[7407.376s][debug][gc,phases      ] GC(171) Weak Processing 0.278ms
[7407.376s][debug][gc,age         ] GC(171) Desired survivor size 75497472 bytes, new threshold 15 (max threshold 15)
[7407.376s][info ][gc,heap        ] GC(171) PSYoungGen: 2004448K(2004480K)->50544K(2021376K) Eden: 1956864K(1956864K)->0K(1949696K) From: 47584K(47616K)->50544K(71680K)
[7407.376s][info ][gc,heap        ] GC(171) ParOldGen: 502284K(552448K)->512388K(552448K)
[7407.376s][info ][gc,metaspace   ] GC(171) Metaspace: 80035K(81024K)->80035K(81024K) NonClass: 68880K(69376K)->68880K(69376K) Class: 11155K(11648K)->11155K(11648K)
[7407.376s][info ][gc             ] GC(171) Pause Young (Allocation Failure) 2447M->549M(2513M) 15.442ms
[7407.376s][info ][gc,cpu         ] GC(171) User=0.05s Sys=0.00s Real=0.01s
[7407.376s][info ][safepoint      ] Safepoint "ParallelGCFailedAllocation", Time since last: 33136009395 ns, Reaching safepoint: 99099 ns, At safepoint: 15527459 ns, Total: 15626558 ns
[7443.378s][info ][safepoint      ] Safepoint "Cleanup", Time since last: 36002119606 ns, Reaching safepoint: 29500 ns, At safepoint: 2500 ns, Total: 32000 ns
[7455.379s][info ][safepoint      ] Safepoint "Cleanup", Time since last: 12000662242 ns, Reaching safepoint: 28300 ns, At safepoint: 25700 ns, Total: 54000 ns
[7467.380s][info ][safepoint      ] Safepoint "Cleanup", Time since last: 12000764430 ns, Reaching safepoint: 25000 ns, At safepoint: 2200 ns, Total: 27200 ns
[7470.364s][info ][gc,start       ] GC(172) Pause Young (Allocation Failure)
[7470.377s][debug][gc,phases      ] GC(172) Scavenge 12.601ms
[7470.377s][debug][gc,ref         ] GC(172) Skipped phase 1 of Reference Processing: no references
[7470.377s][debug][gc,ref         ] GC(172) ReferenceProcessor::execute queues: 1, RefProcThreadModel::Single, marks_oops_alive: false
[7470.377s][debug][gc,ref         ] GC(172) Skipped phase 3 of Reference Processing: no references
[7470.377s][debug][gc,ref         ] GC(172) ReferenceProcessor::execute queues: 1, RefProcThreadModel::Single, marks_oops_alive: false
[7470.377s][debug][gc,phases      ] GC(172) Reference Processing 0.101ms
[7470.377s][debug][gc,phases      ] GC(172)   VM Weak                        Min:  0.0, Avg:  0.0, Max:  0.0, Diff:  0.0, Sum:  0.0, Workers: 4
[7470.377s][debug][gc,phases      ] GC(172)     Dead                           Min: 0, Avg:  0.0, Max: 0, Diff: 0, Sum: 0, Workers: 4
[7470.377s][debug][gc,phases      ] GC(172)     Total                          Min: 0, Avg: 157.5, Max: 573, Diff: 573, Sum: 630, Workers: 4
[7470.377s][debug][gc,phases      ] GC(172)   ObjectSynchronizer Weak        Min:  0.0, Avg:  0.0, Max:  0.0, Diff:  0.0, Sum:  0.0, Workers: 4
[7470.377s][debug][gc,phases      ] GC(172)     Dead                           Min: 0, Avg:  0.0, Max: 0, Diff: 0, Sum: 0, Workers: 4
[7470.377s][debug][gc,phases      ] GC(172)     Total                          Min: 0, Avg: 11.2, Max: 45, Diff: 45, Sum: 45, Workers: 4
[7470.377s][debug][gc,phases      ] GC(172)   JVMTI Tag Weak OopStorage      Min:  0.0, Avg:  0.0, Max:  0.0, Diff:  0.0, Sum:  0.0, Workers: 4
[7470.377s][debug][gc,phases      ] GC(172)     Dead                           Min: 0, Avg:  0.0, Max: 0, Diff: 0, Sum: 0, Workers: 4
[7470.377s][debug][gc,phases      ] GC(172)     Total                          Min: 0, Avg:  0.0, Max: 0, Diff: 0, Sum: 0, Workers: 4
[7470.377s][debug][gc,phases      ] GC(172)   StringTable Weak               Min:  0.1, Avg:  0.1, Max:  0.1, Diff:  0.0, Sum:  0.4, Workers: 4
[7470.377s][debug][gc,phases      ] GC(172)     Dead                           Min: 0, Avg:  0.0, Max: 0, Diff: 0, Sum: 0, Workers: 4
[7470.377s][debug][gc,phases      ] GC(172)     Total                          Min: 9600, Avg: 10725.2, Max: 12181, Diff: 2581, Sum: 42901, Workers: 4
[7470.377s][debug][gc,phases      ] GC(172)   ResolvedMethodTable Weak       Min:  0.0, Avg:  0.0, Max:  0.0, Diff:  0.0, Sum:  0.1, Workers: 4
[7470.377s][debug][gc,phases      ] GC(172)     Dead                           Min: 0, Avg:  0.0, Max: 0, Diff: 0, Sum: 0, Workers: 4
[7470.377s][debug][gc,phases      ] GC(172)     Total                          Min: 1920, Avg: 2171.2, Max: 2478, Diff: 558, Sum: 8685, Workers: 4
[7470.377s][debug][gc,phases      ] GC(172)   JNI Weak                       Min:  0.0, Avg:  0.0, Max:  0.0, Diff:  0.0, Sum:  0.0, Workers: 4
[7470.377s][debug][gc,phases      ] GC(172)     Dead                           Min: 0, Avg:  0.0, Max: 0, Diff: 0, Sum: 0, Workers: 4
[7470.377s][debug][gc,phases      ] GC(172)     Total                          Min: 0, Avg: 11.2, Max: 45, Diff: 45, Sum: 45, Workers: 4
[7470.377s][debug][gc,phases      ] GC(172)   StringDedup Table Weak         Min:  0.0, Avg:  0.0, Max:  0.0, Diff:  0.0, Sum:  0.0, Workers: 4
[7470.377s][debug][gc,phases      ] GC(172)     Dead                           Min: 0, Avg:  0.0, Max: 0, Diff: 0, Sum: 0, Workers: 4
[7470.377s][debug][gc,phases      ] GC(172)     Total                          Min: 0, Avg:  0.0, Max: 0, Diff: 0, Sum: 0, Workers: 4
[7470.377s][debug][gc,phases      ] GC(172)   StringDedup Requests0 Weak     Min:  0.0, Avg:  0.0, Max:  0.0, Diff:  0.0, Sum:  0.0, Workers: 4
[7470.377s][debug][gc,phases      ] GC(172)     Dead                           Min: 0, Avg:  0.0, Max: 0, Diff: 0, Sum: 0, Workers: 4
[7470.377s][debug][gc,phases      ] GC(172)     Total                          Min: 0, Avg:  0.0, Max: 0, Diff: 0, Sum: 0, Workers: 4
[7470.377s][debug][gc,phases      ] GC(172)   StringDedup Requests1 Weak     Min:  0.0, Avg:  0.0, Max:  0.0, Diff:  0.0, Sum:  0.0, Workers: 4
[7470.377s][debug][gc,phases      ] GC(172)     Dead                           Min: 0, Avg:  0.0, Max: 0, Diff: 0, Sum: 0, Workers: 4
[7470.377s][debug][gc,phases      ] GC(172)     Total                          Min: 0, Avg:  0.0, Max: 0, Diff: 0, Sum: 0, Workers: 4
[7470.377s][debug][gc,phases      ] GC(172)   Weak JFR Old Object Samples    Min:  0.0, Avg:  0.0, Max:  0.0, Diff:  0.0, Sum:  0.0, Workers: 4
[7470.377s][debug][gc,phases      ] GC(172)     Dead                           Min: 0, Avg:  0.0, Max: 0, Diff: 0, Sum: 0, Workers: 4
[7470.377s][debug][gc,phases      ] GC(172)     Total                          Min: 0, Avg:  0.0, Max: 0, Diff: 0, Sum: 0, Workers: 4
[7470.377s][debug][gc,phases      ] GC(172) Weak Processing 0.293ms
[7470.377s][debug][gc,age         ] GC(172) Desired survivor size 77070336 bytes, new threshold 15 (max threshold 15)
[7470.377s][info ][gc,heap        ] GC(172) PSYoungGen: 2000240K(2021376K)->51040K(2000896K) Eden: 1949696K(1949696K)->0K(1949696K) From: 50544K(71680K)->51040K(51200K)
[7470.377s][info ][gc,heap        ] GC(172) ParOldGen: 512388K(552448K)->512468K(552448K)
[7470.378s][info ][gc,metaspace   ] GC(172) Metaspace: 80040K(81024K)->80040K(81024K) NonClass: 68884K(69376K)->68884K(69376K) Class: 11155K(11648K)->11155K(11648K)
[7470.378s][info ][gc             ] GC(172) Pause Young (Allocation Failure) 2453M->550M(2493M) 13.088ms
[7470.378s][info ][gc,cpu         ] GC(172) User=0.05s Sys=0.00s Real=0.01s
[7470.378s][info ][safepoint      ] Safepoint "ParallelGCFailedAllocation", Time since last: 2984502297 ns, Reaching safepoint: 40300 ns, At safepoint: 13155965 ns, Total: 13196265 ns
[7504.380s][info ][safepoint      ] Safepoint "Cleanup", Time since last: 34002001309 ns, Reaching safepoint: 38300 ns, At safepoint: 1900 ns, Total: 40200 ns
[7513.380s][info ][safepoint      ] Safepoint "Cleanup", Time since last: 9000598237 ns, Reaching safepoint: 43299 ns, At safepoint: 6700 ns, Total: 49999 ns
[7514.380s][info ][safepoint      ] Safepoint "Cleanup", Time since last: 1000100348 ns, Reaching safepoint: 37700 ns, At safepoint: 3500 ns, Total: 41200 ns
[7517.381s][info ][safepoint      ] Safepoint "Cleanup", Time since last: 3000235644 ns, Reaching safepoint: 31100 ns, At safepoint: 2600 ns, Total: 33700 ns
[7519.381s][info ][safepoint      ] Safepoint "Cleanup", Time since last: 2000169195 ns, Reaching safepoint: 45000 ns, At safepoint: 7600 ns, Total: 52600 ns
[7522.381s][info ][safepoint      ] Safepoint "Cleanup", Time since last: 3000219143 ns, Reaching safepoint: 35000 ns, At safepoint: 2700 ns, Total: 37700 ns
[7523.381s][info ][safepoint      ] Safepoint "Cleanup", Time since last: 1000104647 ns, Reaching safepoint: 22400 ns, At safepoint: 2300 ns, Total: 24700 ns
[7530.382s][info ][safepoint      ] Safepoint "Cleanup", Time since last: 7000389430 ns, Reaching safepoint: 22800 ns, At safepoint: 1900 ns, Total: 24700 ns
[7536.020s][info ][safepoint      ] Safepoint "ParallelGCFailedAllocation", Time since last: 5638366540 ns, Reaching safepoint: 95600 ns, At safepoint: 21500 ns, Total: 117100 ns
[7536.020s][info ][gc,start       ] GC(173) Pause Young (GCLocker Initiated GC)
[7536.034s][debug][gc,phases      ] GC(173) Scavenge 13.638ms
[7536.034s][debug][gc,ref         ] GC(173) Skipped phase 1 of Reference Processing: no references
[7536.034s][debug][gc,ref         ] GC(173) ReferenceProcessor::execute queues: 1, RefProcThreadModel::Single, marks_oops_alive: false
[7536.034s][debug][gc,ref         ] GC(173) Skipped phase 3 of Reference Processing: no references
[7536.034s][debug][gc,ref         ] GC(173) ReferenceProcessor::execute queues: 1, RefProcThreadModel::Single, marks_oops_alive: false
[7536.034s][debug][gc,phases      ] GC(173) Reference Processing 0.102ms
[7536.034s][debug][gc,phases      ] GC(173)   VM Weak                        Min:  0.0, Avg:  0.0, Max:  0.0, Diff:  0.0, Sum:  0.0, Workers: 4
[7536.034s][debug][gc,phases      ] GC(173)     Dead                           Min: 0, Avg:  0.0, Max: 0, Diff: 0, Sum: 0, Workers: 4
[7536.034s][debug][gc,phases      ] GC(173)     Total                          Min: 0, Avg: 157.5, Max: 423, Diff: 423, Sum: 630, Workers: 4
[7536.034s][debug][gc,phases      ] GC(173)   ObjectSynchronizer Weak        Min:  0.0, Avg:  0.0, Max:  0.0, Diff:  0.0, Sum:  0.0, Workers: 4
[7536.034s][debug][gc,phases      ] GC(173)     Dead                           Min: 0, Avg:  0.0, Max: 0, Diff: 0, Sum: 0, Workers: 4
[7536.034s][debug][gc,phases      ] GC(173)     Total                          Min: 0, Avg: 11.2, Max: 45, Diff: 45, Sum: 45, Workers: 4
[7536.034s][debug][gc,phases      ] GC(173)   JVMTI Tag Weak OopStorage      Min:  0.0, Avg:  0.0, Max:  0.0, Diff:  0.0, Sum:  0.0, Workers: 4
[7536.034s][debug][gc,phases      ] GC(173)     Dead                           Min: 0, Avg:  0.0, Max: 0, Diff: 0, Sum: 0, Workers: 4
[7536.034s][debug][gc,phases      ] GC(173)     Total                          Min: 0, Avg:  0.0, Max: 0, Diff: 0, Sum: 0, Workers: 4
[7536.034s][debug][gc,phases      ] GC(173)   StringTable Weak               Min:  0.0, Avg:  0.1, Max:  0.1, Diff:  0.1, Sum:  0.3, Workers: 4
[7536.034s][debug][gc,phases      ] GC(173)     Dead                           Min: 0, Avg:  0.0, Max: 0, Diff: 0, Sum: 0, Workers: 4
[7536.034s][debug][gc,phases      ] GC(173)     Total                          Min: 0, Avg: 10725.2, Max: 18111, Diff: 18111, Sum: 42901, Workers: 4
[7536.034s][debug][gc,phases      ] GC(173)   ResolvedMethodTable Weak       Min:  0.0, Avg:  0.0, Max:  0.0, Diff:  0.0, Sum:  0.1, Workers: 4
[7536.034s][debug][gc,phases      ] GC(173)     Dead                           Min: 0, Avg:  0.0, Max: 0, Diff: 0, Sum: 0, Workers: 4
[7536.034s][debug][gc,phases      ] GC(173)     Total                          Min: 0, Avg: 2171.2, Max: 3904, Diff: 3904, Sum: 8685, Workers: 4
[7536.034s][debug][gc,phases      ] GC(173)   JNI Weak                       Min:  0.0, Avg:  0.0, Max:  0.0, Diff:  0.0, Sum:  0.0, Workers: 4
[7536.034s][debug][gc,phases      ] GC(173)     Dead                           Min: 0, Avg:  0.0, Max: 0, Diff: 0, Sum: 0, Workers: 4
[7536.034s][debug][gc,phases      ] GC(173)     Total                          Min: 0, Avg: 11.2, Max: 45, Diff: 45, Sum: 45, Workers: 4
[7536.034s][debug][gc,phases      ] GC(173)   StringDedup Table Weak         Min:  0.0, Avg:  0.0, Max:  0.0, Diff:  0.0, Sum:  0.0, Workers: 4
[7536.034s][debug][gc,phases      ] GC(173)     Dead                           Min: 0, Avg:  0.0, Max: 0, Diff: 0, Sum: 0, Workers: 4
[7536.034s][debug][gc,phases      ] GC(173)     Total                          Min: 0, Avg:  0.0, Max: 0, Diff: 0, Sum: 0, Workers: 4
[7536.034s][debug][gc,phases      ] GC(173)   StringDedup Requests0 Weak     Min:  0.0, Avg:  0.0, Max:  0.0, Diff:  0.0, Sum:  0.0, Workers: 4
[7536.034s][debug][gc,phases      ] GC(173)     Dead                           Min: 0, Avg:  0.0, Max: 0, Diff: 0, Sum: 0, Workers: 4
[7536.034s][debug][gc,phases      ] GC(173)     Total                          Min: 0, Avg:  0.0, Max: 0, Diff: 0, Sum: 0, Workers: 4
[7536.034s][debug][gc,phases      ] GC(173)   StringDedup Requests1 Weak     Min:  0.0, Avg:  0.0, Max:  0.0, Diff:  0.0, Sum:  0.0, Workers: 4
[7536.034s][debug][gc,phases      ] GC(173)     Dead                           Min: 0, Avg:  0.0, Max: 0, Diff: 0, Sum: 0, Workers: 4
[7536.034s][debug][gc,phases      ] GC(173)     Total                          Min: 0, Avg:  0.0, Max: 0, Diff: 0, Sum: 0, Workers: 4
[7536.034s][debug][gc,phases      ] GC(173)   Weak JFR Old Object Samples    Min:  0.0, Avg:  0.0, Max:  0.0, Diff:  0.0, Sum:  0.0, Workers: 4
[7536.034s][debug][gc,phases      ] GC(173)     Dead                           Min: 0, Avg:  0.0, Max: 0, Diff: 0, Sum: 0, Workers: 4
[7536.034s][debug][gc,phases      ] GC(173)     Total                          Min: 0, Avg:  0.0, Max: 0, Diff: 0, Sum: 0, Workers: 4
[7536.034s][debug][gc,phases      ] GC(173) Weak Processing 0.311ms
[7536.034s][debug][gc,age         ] GC(173) Desired survivor size 78118912 bytes, new threshold 15 (max threshold 15)
[7536.034s][info ][gc,heap        ] GC(173) PSYoungGen: 2000736K(2000896K)->51334K(2019840K) Eden: 1949696K(1949696K)->0K(1944576K) From: 51040K(51200K)->51334K(75264K)
[7536.034s][info ][gc,heap        ] GC(173) ParOldGen: 512468K(552448K)->512500K(552448K)
[7536.034s][info ][gc,metaspace   ] GC(173) Metaspace: 80057K(81024K)->80057K(81024K) NonClass: 68902K(69376K)->68902K(69376K) Class: 11155K(11648K)->11155K(11648K)
[7536.034s][info ][gc             ] GC(173) Pause Young (GCLocker Initiated GC) 2454M->550M(2512M) 14.125ms
[7536.034s][info ][gc,cpu         ] GC(173) User=0.05s Sys=0.00s Real=0.01s
[7536.034s][info ][safepoint      ] Safepoint "ParallelGCSystemGC", Time since last: 68900 ns, Reaching safepoint: 81000 ns, At safepoint: 14185662 ns, Total: 14266662 ns
[7551.035s][info ][safepoint      ] Safepoint "Cleanup", Time since last: 15000881588 ns, Reaching safepoint: 27300 ns, At safepoint: 2100 ns, Total: 29400 ns
[7560.036s][info ][safepoint      ] Safepoint "Cleanup", Time since last: 9000619805 ns, Reaching safepoint: 26000 ns, At safepoint: 6700 ns, Total: 32700 ns
[7569.037s][info ][safepoint      ] Safepoint "Cleanup", Time since last: 9000565999 ns, Reaching safepoint: 28600 ns, At safepoint: 2600 ns, Total: 31200 ns
[7579.037s][info ][safepoint      ] Safepoint "Cleanup", Time since last: 10000573237 ns, Reaching safepoint: 54199 ns, At safepoint: 3700 ns, Total: 57899 ns
[7583.038s][info ][safepoint      ] Safepoint "Cleanup", Time since last: 4000312673 ns, Reaching safepoint: 36800 ns, At safepoint: 3300 ns, Total: 40100 ns
[7587.160s][info ][gc,start       ] GC(174) Pause Young (Allocation Failure)
[7587.176s][debug][gc,phases      ] GC(174) Scavenge 15.751ms
[7587.176s][debug][gc,ref         ] GC(174) Skipped phase 1 of Reference Processing: no references
[7587.176s][debug][gc,ref         ] GC(174) ReferenceProcessor::execute queues: 1, RefProcThreadModel::Single, marks_oops_alive: false
[7587.176s][debug][gc,ref         ] GC(174) Skipped phase 3 of Reference Processing: no references
[7587.176s][debug][gc,ref         ] GC(174) ReferenceProcessor::execute queues: 1, RefProcThreadModel::Single, marks_oops_alive: false
[7587.176s][debug][gc,phases      ] GC(174) Reference Processing 0.111ms
[7587.176s][debug][gc,phases      ] GC(174)   VM Weak                        Min:  0.0, Avg:  0.0, Max:  0.0, Diff:  0.0, Sum:  0.0, Workers: 4
[7587.176s][debug][gc,phases      ] GC(174)     Dead                           Min: 0, Avg:  0.0, Max: 0, Diff: 0, Sum: 0, Workers: 4
[7587.176s][debug][gc,phases      ] GC(174)     Total                          Min: 0, Avg: 157.5, Max: 566, Diff: 566, Sum: 630, Workers: 4
[7587.176s][debug][gc,phases      ] GC(174)   ObjectSynchronizer Weak        Min:  0.0, Avg:  0.0, Max:  0.0, Diff:  0.0, Sum:  0.0, Workers: 4
[7587.176s][debug][gc,phases      ] GC(174)     Dead                           Min: 0, Avg:  0.0, Max: 0, Diff: 0, Sum: 0, Workers: 4
[7587.176s][debug][gc,phases      ] GC(174)     Total                          Min: 0, Avg: 11.2, Max: 45, Diff: 45, Sum: 45, Workers: 4
[7587.176s][debug][gc,phases      ] GC(174)   JVMTI Tag Weak OopStorage      Min:  0.0, Avg:  0.0, Max:  0.0, Diff:  0.0, Sum:  0.0, Workers: 4
[7587.176s][debug][gc,phases      ] GC(174)     Dead                           Min: 0, Avg:  0.0, Max: 0, Diff: 0, Sum: 0, Workers: 4
[7587.176s][debug][gc,phases      ] GC(174)     Total                          Min: 0, Avg:  0.0, Max: 0, Diff: 0, Sum: 0, Workers: 4
[7587.176s][debug][gc,phases      ] GC(174)   StringTable Weak               Min:  0.0, Avg:  0.1, Max:  0.1, Diff:  0.1, Sum:  0.3, Workers: 4
[7587.176s][debug][gc,phases      ] GC(174)     Dead                           Min: 0, Avg:  0.0, Max: 0, Diff: 0, Sum: 0, Workers: 4
[7587.176s][debug][gc,phases      ] GC(174)     Total                          Min: 0, Avg: 10727.8, Max: 14562, Diff: 14562, Sum: 42911, Workers: 4
[7587.176s][debug][gc,phases      ] GC(174)   ResolvedMethodTable Weak       Min:  0.0, Avg:  0.0, Max:  0.0, Diff:  0.0, Sum:  0.1, Workers: 4
[7587.176s][debug][gc,phases      ] GC(174)     Dead                           Min: 0, Avg:  0.0, Max: 0, Diff: 0, Sum: 0, Workers: 4
[7587.176s][debug][gc,phases      ] GC(174)     Total                          Min: 0, Avg: 2171.2, Max: 3520, Diff: 3520, Sum: 8685, Workers: 4
[7587.176s][debug][gc,phases      ] GC(174)   JNI Weak                       Min:  0.0, Avg:  0.0, Max:  0.0, Diff:  0.0, Sum:  0.0, Workers: 4
[7587.176s][debug][gc,phases      ] GC(174)     Dead                           Min: 0, Avg:  0.0, Max: 0, Diff: 0, Sum: 0, Workers: 4
[7587.176s][debug][gc,phases      ] GC(174)     Total                          Min: 0, Avg: 11.2, Max: 45, Diff: 45, Sum: 45, Workers: 4
[7587.176s][debug][gc,phases      ] GC(174)   StringDedup Table Weak         Min:  0.0, Avg:  0.0, Max:  0.0, Diff:  0.0, Sum:  0.0, Workers: 4
[7587.176s][debug][gc,phases      ] GC(174)     Dead                           Min: 0, Avg:  0.0, Max: 0, Diff: 0, Sum: 0, Workers: 4
[7587.176s][debug][gc,phases      ] GC(174)     Total                          Min: 0, Avg:  0.0, Max: 0, Diff: 0, Sum: 0, Workers: 4
[7587.176s][debug][gc,phases      ] GC(174)   StringDedup Requests0 Weak     Min:  0.0, Avg:  0.0, Max:  0.0, Diff:  0.0, Sum:  0.0, Workers: 4
[7587.176s][debug][gc,phases      ] GC(174)     Dead                           Min: 0, Avg:  0.0, Max: 0, Diff: 0, Sum: 0, Workers: 4
[7587.176s][debug][gc,phases      ] GC(174)     Total                          Min: 0, Avg:  0.0, Max: 0, Diff: 0, Sum: 0, Workers: 4
[7587.176s][debug][gc,phases      ] GC(174)   StringDedup Requests1 Weak     Min:  0.0, Avg:  0.0, Max:  0.0, Diff:  0.0, Sum:  0.0, Workers: 4
[7587.176s][debug][gc,phases      ] GC(174)     Dead                           Min: 0, Avg:  0.0, Max: 0, Diff: 0, Sum: 0, Workers: 4
[7587.176s][debug][gc,phases      ] GC(174)     Total                          Min: 0, Avg:  0.0, Max: 0, Diff: 0, Sum: 0, Workers: 4
[7587.176s][debug][gc,phases      ] GC(174)   Weak JFR Old Object Samples    Min:  0.0, Avg:  0.0, Max:  0.0, Diff:  0.0, Sum:  0.0, Workers: 4
[7587.176s][debug][gc,phases      ] GC(174)     Dead                           Min: 0, Avg:  0.0, Max: 0, Diff: 0, Sum: 0, Workers: 4
[7587.176s][debug][gc,phases      ] GC(174)     Total                          Min: 0, Avg:  0.0, Max: 0, Diff: 0, Sum: 0, Workers: 4
[7587.177s][debug][gc,phases      ] GC(174) Weak Processing 0.317ms
[7587.177s][debug][gc,age         ] GC(174) Desired survivor size 80216064 bytes, new threshold 15 (max threshold 15)
[7587.177s][info ][gc,heap        ] GC(174) PSYoungGen: 1995910K(2019840K)->55408K(2000384K) Eden: 1944576K(1944576K)->0K(1944576K) From: 51334K(75264K)->55408K(55808K)
[7587.177s][info ][gc,heap        ] GC(174) ParOldGen: 512502K(552448K)->512622K(552448K)
[7587.177s][info ][gc,metaspace   ] GC(174) Metaspace: 80067K(81024K)->80067K(81024K) NonClass: 68911K(69376K)->68911K(69376K) Class: 11155K(11648K)->11155K(11648K)
[7587.177s][info ][gc             ] GC(174) Pause Young (Allocation Failure) 2449M->554M(2493M) 16.286ms
[7587.177s][info ][gc,cpu         ] GC(174) User=0.06s Sys=0.00s Real=0.01s
[7587.177s][info ][safepoint      ] Safepoint "ParallelGCFailedAllocation", Time since last: 4122558447 ns, Reaching safepoint: 30899 ns, At safepoint: 16352857 ns, Total: 16383756 ns
[7589.177s][info ][safepoint      ] Safepoint "Cleanup", Time since last: 2000107385 ns, Reaching safepoint: 45700 ns, At safepoint: 2900 ns, Total: 48600 ns
[7591.177s][info ][safepoint      ] Safepoint "Cleanup", Time since last: 2000155585 ns, Reaching safepoint: 102500 ns, At safepoint: 7000 ns, Total: 109500 ns
[7592.177s][info ][safepoint      ] Safepoint "Cleanup", Time since last: 1000076743 ns, Reaching safepoint: 49499 ns, At safepoint: 6700 ns, Total: 56199 ns
[7594.177s][info ][safepoint      ] Safepoint "Cleanup", Time since last: 2000156485 ns, Reaching safepoint: 38400 ns, At safepoint: 3600 ns, Total: 42000 ns
[7597.178s][info ][safepoint      ] Safepoint "Cleanup", Time since last: 3000188127 ns, Reaching safepoint: 61799 ns, At safepoint: 2500 ns, Total: 64299 ns
[7600.178s][info ][safepoint      ] Safepoint "Cleanup", Time since last: 3000217426 ns, Reaching safepoint: 27800 ns, At safepoint: 2500 ns, Total: 30300 ns
[7603.178s][info ][safepoint      ] Safepoint "Cleanup", Time since last: 3000166426 ns, Reaching safepoint: 32900 ns, At safepoint: 27799 ns, Total: 60699 ns
[7605.178s][info ][safepoint      ] Safepoint "Cleanup", Time since last: 2000158784 ns, Reaching safepoint: 35700 ns, At safepoint: 4000 ns, Total: 39700 ns
[7613.179s][info ][safepoint      ] Safepoint "Cleanup", Time since last: 8000513230 ns, Reaching safepoint: 52100 ns, At safepoint: 2800 ns, Total: 54900 ns
[7615.179s][info ][safepoint      ] Safepoint "Cleanup", Time since last: 2000143782 ns, Reaching safepoint: 25900 ns, At safepoint: 2400 ns, Total: 28300 ns
[7616.179s][info ][safepoint      ] Safepoint "Cleanup", Time since last: 1000075241 ns, Reaching safepoint: 30299 ns, At safepoint: 7800 ns, Total: 38099 ns
[7624.011s][info ][gc,start       ] GC(175) Pause Young (Allocation Failure)
[7624.029s][debug][gc,phases      ] GC(175) Scavenge 17.791ms
[7624.029s][debug][gc,ref         ] GC(175) Skipped phase 1 of Reference Processing: no references
[7624.029s][debug][gc,ref         ] GC(175) ReferenceProcessor::execute queues: 1, RefProcThreadModel::Single, marks_oops_alive: false
[7624.029s][debug][gc,ref         ] GC(175) Skipped phase 3 of Reference Processing: no references
[7624.029s][debug][gc,ref         ] GC(175) ReferenceProcessor::execute queues: 1, RefProcThreadModel::Single, marks_oops_alive: false
[7624.029s][debug][gc,phases      ] GC(175) Reference Processing 0.100ms
[7624.029s][debug][gc,phases      ] GC(175)   VM Weak                        Min:  0.0, Avg:  0.0, Max:  0.0, Diff:  0.0, Sum:  0.0, Workers: 4
[7624.029s][debug][gc,phases      ] GC(175)     Dead                           Min: 0, Avg:  0.0, Max: 0, Diff: 0, Sum: 0, Workers: 4
[7624.029s][debug][gc,phases      ] GC(175)     Total                          Min: 0, Avg: 157.5, Max: 509, Diff: 509, Sum: 630, Workers: 4
[7624.029s][debug][gc,phases      ] GC(175)   ObjectSynchronizer Weak        Min:  0.0, Avg:  0.0, Max:  0.0, Diff:  0.0, Sum:  0.0, Workers: 4
[7624.029s][debug][gc,phases      ] GC(175)     Dead                           Min: 0, Avg:  0.0, Max: 0, Diff: 0, Sum: 0, Workers: 4
[7624.029s][debug][gc,phases      ] GC(175)     Total                          Min: 0, Avg: 11.2, Max: 45, Diff: 45, Sum: 45, Workers: 4
[7624.029s][debug][gc,phases      ] GC(175)   JVMTI Tag Weak OopStorage      Min:  0.0, Avg:  0.0, Max:  0.0, Diff:  0.0, Sum:  0.0, Workers: 4
[7624.029s][debug][gc,phases      ] GC(175)     Dead                           Min: 0, Avg:  0.0, Max: 0, Diff: 0, Sum: 0, Workers: 4
[7624.029s][debug][gc,phases      ] GC(175)     Total                          Min: 0, Avg:  0.0, Max: 0, Diff: 0, Sum: 0, Workers: 4
[7624.029s][debug][gc,phases      ] GC(175)   StringTable Weak               Min:  0.1, Avg:  0.1, Max:  0.1, Diff:  0.0, Sum:  0.4, Workers: 4
[7624.029s][debug][gc,phases      ] GC(175)     Dead                           Min: 0, Avg:  0.0, Max: 0, Diff: 0, Sum: 0, Workers: 4
[7624.029s][debug][gc,phases      ] GC(175)     Total                          Min: 9728, Avg: 10728.0, Max: 11200, Diff: 1472, Sum: 42912, Workers: 4
[7624.029s][debug][gc,phases      ] GC(175)   ResolvedMethodTable Weak       Min:  0.0, Avg:  0.0, Max:  0.0, Diff:  0.0, Sum:  0.1, Workers: 4
[7624.029s][debug][gc,phases      ] GC(175)     Dead                           Min: 0, Avg:  0.0, Max: 0, Diff: 0, Sum: 0, Workers: 4
[7624.029s][debug][gc,phases      ] GC(175)     Total                          Min: 2048, Avg: 2171.2, Max: 2432, Diff: 384, Sum: 8685, Workers: 4
[7624.029s][debug][gc,phases      ] GC(175)   JNI Weak                       Min:  0.0, Avg:  0.0, Max:  0.0, Diff:  0.0, Sum:  0.0, Workers: 4
[7624.029s][debug][gc,phases      ] GC(175)     Dead                           Min: 0, Avg:  0.0, Max: 0, Diff: 0, Sum: 0, Workers: 4
[7624.029s][debug][gc,phases      ] GC(175)     Total                          Min: 0, Avg: 11.2, Max: 45, Diff: 45, Sum: 45, Workers: 4
[7624.029s][debug][gc,phases      ] GC(175)   StringDedup Table Weak         Min:  0.0, Avg:  0.0, Max:  0.0, Diff:  0.0, Sum:  0.0, Workers: 4
[7624.029s][debug][gc,phases      ] GC(175)     Dead                           Min: 0, Avg:  0.0, Max: 0, Diff: 0, Sum: 0, Workers: 4
[7624.029s][debug][gc,phases      ] GC(175)     Total                          Min: 0, Avg:  0.0, Max: 0, Diff: 0, Sum: 0, Workers: 4
[7624.029s][debug][gc,phases      ] GC(175)   StringDedup Requests0 Weak     Min:  0.0, Avg:  0.0, Max:  0.0, Diff:  0.0, Sum:  0.0, Workers: 4
[7624.029s][debug][gc,phases      ] GC(175)     Dead                           Min: 0, Avg:  0.0, Max: 0, Diff: 0, Sum: 0, Workers: 4
[7624.029s][debug][gc,phases      ] GC(175)     Total                          Min: 0, Avg:  0.0, Max: 0, Diff: 0, Sum: 0, Workers: 4
[7624.029s][debug][gc,phases      ] GC(175)   StringDedup Requests1 Weak     Min:  0.0, Avg:  0.0, Max:  0.0, Diff:  0.0, Sum:  0.0, Workers: 4
[7624.029s][debug][gc,phases      ] GC(175)     Dead                           Min: 0, Avg:  0.0, Max: 0, Diff: 0, Sum: 0, Workers: 4
[7624.029s][debug][gc,phases      ] GC(175)     Total                          Min: 0, Avg:  0.0, Max: 0, Diff: 0, Sum: 0, Workers: 4
[7624.029s][debug][gc,phases      ] GC(175)   Weak JFR Old Object Samples    Min:  0.0, Avg:  0.0, Max:  0.0, Diff:  0.0, Sum:  0.0, Workers: 4
[7624.029s][debug][gc,phases      ] GC(175)     Dead                           Min: 0, Avg:  0.0, Max: 0, Diff: 0, Sum: 0, Workers: 4
[7624.029s][debug][gc,phases      ] GC(175)     Total                          Min: 0, Avg:  0.0, Max: 0, Diff: 0, Sum: 0, Workers: 4
[7624.029s][debug][gc,phases      ] GC(175) Weak Processing 0.274ms
[7624.029s][debug][gc,age         ] GC(175) Desired survivor size 81264640 bytes, new threshold 15 (max threshold 15)
[7624.029s][info ][gc,heap        ] GC(175) PSYoungGen: 1999984K(2000384K)->53920K(2016768K) Eden: 1944576K(1944576K)->0K(1938432K) From: 55408K(55808K)->53920K(78336K)
[7624.029s][info ][gc,heap        ] GC(175) ParOldGen: 512622K(552448K)->512726K(552448K)
[7624.029s][info ][gc,metaspace   ] GC(175) Metaspace: 80083K(81088K)->80083K(81088K) NonClass: 68928K(69440K)->68928K(69440K) Class: 11155K(11648K)->11155K(11648K)
[7624.029s][info ][gc             ] GC(175) Pause Young (Allocation Failure) 2453M->553M(2509M) 18.255ms
[7624.029s][info ][gc,cpu         ] GC(175) User=0.06s Sys=0.00s Real=0.02s
[7624.029s][info ][safepoint      ] Safepoint "ParallelGCFailedAllocation", Time since last: 7831472875 ns, Reaching safepoint: 93800 ns, At safepoint: 18328151 ns, Total: 18421951 ns
[7634.030s][info ][safepoint      ] Safepoint "Cleanup", Time since last: 10000563700 ns, Reaching safepoint: 42400 ns, At safepoint: 19300 ns, Total: 61700 ns
[7636.030s][info ][safepoint      ] Safepoint "Cleanup", Time since last: 2000150979 ns, Reaching safepoint: 26500 ns, At safepoint: 2800 ns, Total: 29300 ns
[7638.030s][info ][safepoint      ] Safepoint "Cleanup", Time since last: 2000170979 ns, Reaching safepoint: 42000 ns, At safepoint: 3000 ns, Total: 45000 ns
[7641.030s][info ][safepoint      ] Safepoint "Cleanup", Time since last: 3000223018 ns, Reaching safepoint: 38200 ns, At safepoint: 2900 ns, Total: 41100 ns
[7647.031s][info ][safepoint      ] Safepoint "Cleanup", Time since last: 6000368635 ns, Reaching safepoint: 27700 ns, At safepoint: 2500 ns, Total: 30200 ns
[7658.031s][info ][safepoint      ] Safepoint "Cleanup", Time since last: 11000669925 ns, Reaching safepoint: 26599 ns, At safepoint: 2700 ns, Total: 29299 ns
[7661.032s][info ][safepoint      ] Safepoint "Cleanup", Time since last: 3000217515 ns, Reaching safepoint: 28200 ns, At safepoint: 2500 ns, Total: 30700 ns
[7664.032s][info ][safepoint      ] Safepoint "Cleanup", Time since last: 3000222914 ns, Reaching safepoint: 45300 ns, At safepoint: 3100 ns, Total: 48400 ns
[7666.032s][info ][safepoint      ] Safepoint "Cleanup", Time since last: 2000152775 ns, Reaching safepoint: 38200 ns, At safepoint: 4000 ns, Total: 42200 ns
[7668.032s][info ][safepoint      ] Safepoint "Cleanup", Time since last: 2000177576 ns, Reaching safepoint: 41200 ns, At safepoint: 3599 ns, Total: 44799 ns
[7671.815s][info ][gc,start       ] GC(176) Pause Young (Allocation Failure)
[7671.829s][debug][gc,phases      ] GC(176) Scavenge 14.180ms
[7671.829s][debug][gc,ref         ] GC(176) Skipped phase 1 of Reference Processing: no references
[7671.829s][debug][gc,ref         ] GC(176) ReferenceProcessor::execute queues: 1, RefProcThreadModel::Single, marks_oops_alive: false
[7671.830s][debug][gc,ref         ] GC(176) Skipped phase 3 of Reference Processing: no references
[7671.830s][debug][gc,ref         ] GC(176) ReferenceProcessor::execute queues: 1, RefProcThreadModel::Single, marks_oops_alive: false
[7671.830s][debug][gc,phases      ] GC(176) Reference Processing 0.081ms
[7671.830s][debug][gc,phases      ] GC(176)   VM Weak                        Min:  0.0, Avg:  0.0, Max:  0.0, Diff:  0.0, Sum:  0.0, Workers: 4
[7671.830s][debug][gc,phases      ] GC(176)     Dead                           Min: 0, Avg:  0.0, Max: 0, Diff: 0, Sum: 0, Workers: 4
[7671.830s][debug][gc,phases      ] GC(176)     Total                          Min: 0, Avg: 158.8, Max: 635, Diff: 635, Sum: 635, Workers: 4
[7671.830s][debug][gc,phases      ] GC(176)   ObjectSynchronizer Weak        Min:  0.0, Avg:  0.0, Max:  0.0, Diff:  0.0, Sum:  0.0, Workers: 4
[7671.830s][debug][gc,phases      ] GC(176)     Dead                           Min: 0, Avg:  0.0, Max: 0, Diff: 0, Sum: 0, Workers: 4
[7671.830s][debug][gc,phases      ] GC(176)     Total                          Min: 0, Avg: 11.2, Max: 45, Diff: 45, Sum: 45, Workers: 4
[7671.830s][debug][gc,phases      ] GC(176)   JVMTI Tag Weak OopStorage      Min:  0.0, Avg:  0.0, Max:  0.0, Diff:  0.0, Sum:  0.0, Workers: 4
[7671.830s][debug][gc,phases      ] GC(176)     Dead                           Min: 0, Avg:  0.0, Max: 0, Diff: 0, Sum: 0, Workers: 4
[7671.830s][debug][gc,phases      ] GC(176)     Total                          Min: 0, Avg:  0.0, Max: 0, Diff: 0, Sum: 0, Workers: 4
[7671.830s][debug][gc,phases      ] GC(176)   StringTable Weak               Min:  0.1, Avg:  0.1, Max:  0.1, Diff:  0.0, Sum:  0.3, Workers: 4
[7671.830s][debug][gc,phases      ] GC(176)     Dead                           Min: 0, Avg:  0.0, Max: 0, Diff: 0, Sum: 0, Workers: 4
[7671.830s][debug][gc,phases      ] GC(176)     Total                          Min: 10240, Avg: 10728.0, Max: 11619, Diff: 1379, Sum: 42912, Workers: 4
[7671.830s][debug][gc,phases      ] GC(176)   ResolvedMethodTable Weak       Min:  0.0, Avg:  0.0, Max:  0.0, Diff:  0.0, Sum:  0.1, Workers: 4
[7671.830s][debug][gc,phases      ] GC(176)     Dead                           Min: 0, Avg:  0.0, Max: 0, Diff: 0, Sum: 0, Workers: 4
[7671.830s][debug][gc,phases      ] GC(176)     Total                          Min: 1981, Avg: 2172.5, Max: 2368, Diff: 387, Sum: 8690, Workers: 4
[7671.830s][debug][gc,phases      ] GC(176)   JNI Weak                       Min:  0.0, Avg:  0.0, Max:  0.0, Diff:  0.0, Sum:  0.0, Workers: 4
[7671.830s][debug][gc,phases      ] GC(176)     Dead                           Min: 0, Avg:  0.0, Max: 0, Diff: 0, Sum: 0, Workers: 4
[7671.830s][debug][gc,phases      ] GC(176)     Total                          Min: 0, Avg: 11.2, Max: 45, Diff: 45, Sum: 45, Workers: 4
[7671.830s][debug][gc,phases      ] GC(176)   StringDedup Table Weak         Min:  0.0, Avg:  0.0, Max:  0.0, Diff:  0.0, Sum:  0.0, Workers: 4
[7671.830s][debug][gc,phases      ] GC(176)     Dead                           Min: 0, Avg:  0.0, Max: 0, Diff: 0, Sum: 0, Workers: 4
[7671.830s][debug][gc,phases      ] GC(176)     Total                          Min: 0, Avg:  0.0, Max: 0, Diff: 0, Sum: 0, Workers: 4
[7671.830s][debug][gc,phases      ] GC(176)   StringDedup Requests0 Weak     Min:  0.0, Avg:  0.0, Max:  0.0, Diff:  0.0, Sum:  0.0, Workers: 4
[7671.830s][debug][gc,phases      ] GC(176)     Dead                           Min: 0, Avg:  0.0, Max: 0, Diff: 0, Sum: 0, Workers: 4
[7671.830s][debug][gc,phases      ] GC(176)     Total                          Min: 0, Avg:  0.0, Max: 0, Diff: 0, Sum: 0, Workers: 4
[7671.830s][debug][gc,phases      ] GC(176)   StringDedup Requests1 Weak     Min:  0.0, Avg:  0.0, Max:  0.0, Diff:  0.0, Sum:  0.0, Workers: 4
[7671.830s][debug][gc,phases      ] GC(176)     Dead                           Min: 0, Avg:  0.0, Max: 0, Diff: 0, Sum: 0, Workers: 4
[7671.830s][debug][gc,phases      ] GC(176)     Total                          Min: 0, Avg:  0.0, Max: 0, Diff: 0, Sum: 0, Workers: 4
[7671.830s][debug][gc,phases      ] GC(176)   Weak JFR Old Object Samples    Min:  0.0, Avg:  0.0, Max:  0.0, Diff:  0.0, Sum:  0.0, Workers: 4
[7671.830s][debug][gc,phases      ] GC(176)     Dead                           Min: 0, Avg:  0.0, Max: 0, Diff: 0, Sum: 0, Workers: 4
[7671.830s][debug][gc,phases      ] GC(176)     Total                          Min: 0, Avg:  0.0, Max: 0, Diff: 0, Sum: 0, Workers: 4
[7671.830s][debug][gc,phases      ] GC(176) Weak Processing 0.272ms
[7671.830s][debug][gc,age         ] GC(176) Desired survivor size 81788928 bytes, new threshold 15 (max threshold 15)
[7671.830s][info ][gc,heap        ] GC(176) PSYoungGen: 1992352K(2016768K)->53792K(1992704K) Eden: 1938432K(1938432K)->0K(1938432K) From: 53920K(78336K)->53792K(54272K)
[7671.830s][info ][gc,heap        ] GC(176) ParOldGen: 512726K(552448K)->512878K(552448K)
[7671.830s][info ][gc,metaspace   ] GC(176) Metaspace: 80100K(81088K)->80100K(81088K) NonClass: 68942K(69440K)->68942K(69440K) Class: 11158K(11648K)->11158K(11648K)
[7671.830s][info ][gc             ] GC(176) Pause Young (Allocation Failure) 2446M->553M(2485M) 14.632ms
[7671.830s][info ][gc,cpu         ] GC(176) User=0.05s Sys=0.01s Real=0.02s
[7671.830s][info ][safepoint      ] Safepoint "ParallelGCFailedAllocation", Time since last: 3782809330 ns, Reaching safepoint: 35100 ns, At safepoint: 14692560 ns, Total: 14727660 ns
[7681.831s][info ][safepoint      ] Safepoint "Cleanup", Time since last: 10000628872 ns, Reaching safepoint: 34600 ns, At safepoint: 20900 ns, Total: 55500 ns
[7688.831s][info ][safepoint      ] Safepoint "Cleanup", Time since last: 7000459657 ns, Reaching safepoint: 37400 ns, At safepoint: 3300 ns, Total: 40700 ns
[7699.832s][info ][safepoint      ] Safepoint "Cleanup", Time since last: 11000645698 ns, Reaching safepoint: 25800 ns, At safepoint: 1900 ns, Total: 27700 ns
[7710.832s][info ][safepoint      ] Safepoint "Cleanup", Time since last: 11000650092 ns, Reaching safepoint: 36400 ns, At safepoint: 3600 ns, Total: 40000 ns
[7713.654s][info ][gc,start       ] GC(177) Pause Young (Allocation Failure)
[7713.670s][debug][gc,phases      ] GC(177) Scavenge 15.448ms
[7713.670s][debug][gc,ref         ] GC(177) Skipped phase 1 of Reference Processing: no references
[7713.670s][debug][gc,ref         ] GC(177) ReferenceProcessor::execute queues: 1, RefProcThreadModel::Single, marks_oops_alive: false
[7713.670s][debug][gc,ref         ] GC(177) Skipped phase 3 of Reference Processing: no references
[7713.670s][debug][gc,ref         ] GC(177) ReferenceProcessor::execute queues: 1, RefProcThreadModel::Single, marks_oops_alive: false
[7713.670s][debug][gc,phases      ] GC(177) Reference Processing 0.089ms
[7713.670s][debug][gc,phases      ] GC(177)   VM Weak                        Min:  0.0, Avg:  0.0, Max:  0.0, Diff:  0.0, Sum:  0.0, Workers: 4
[7713.670s][debug][gc,phases      ] GC(177)     Dead                           Min: 0, Avg:  0.0, Max: 0, Diff: 0, Sum: 0, Workers: 4
[7713.670s][debug][gc,phases      ] GC(177)     Total                          Min: 0, Avg: 158.8, Max: 571, Diff: 571, Sum: 635, Workers: 4
[7713.670s][debug][gc,phases      ] GC(177)   ObjectSynchronizer Weak        Min:  0.0, Avg:  0.0, Max:  0.0, Diff:  0.0, Sum:  0.0, Workers: 4
[7713.670s][debug][gc,phases      ] GC(177)     Dead                           Min: 0, Avg:  0.0, Max: 0, Diff: 0, Sum: 0, Workers: 4
[7713.670s][debug][gc,phases      ] GC(177)     Total                          Min: 0, Avg: 11.2, Max: 45, Diff: 45, Sum: 45, Workers: 4
[7713.670s][debug][gc,phases      ] GC(177)   JVMTI Tag Weak OopStorage      Min:  0.0, Avg:  0.0, Max:  0.0, Diff:  0.0, Sum:  0.0, Workers: 4
[7713.670s][debug][gc,phases      ] GC(177)     Dead                           Min: 0, Avg:  0.0, Max: 0, Diff: 0, Sum: 0, Workers: 4
[7713.670s][debug][gc,phases      ] GC(177)     Total                          Min: 0, Avg:  0.0, Max: 0, Diff: 0, Sum: 0, Workers: 4
[7713.670s][debug][gc,phases      ] GC(177)   StringTable Weak               Min:  0.0, Avg:  0.1, Max:  0.1, Diff:  0.1, Sum:  0.3, Workers: 4
[7713.670s][debug][gc,phases      ] GC(177)     Dead                           Min: 0, Avg:  0.0, Max: 0, Diff: 0, Sum: 0, Workers: 4
[7713.670s][debug][gc,phases      ] GC(177)     Total                          Min: 0, Avg: 10728.0, Max: 18813, Diff: 18813, Sum: 42912, Workers: 4
[7713.670s][debug][gc,phases      ] GC(177)   ResolvedMethodTable Weak       Min:  0.0, Avg:  0.0, Max:  0.0, Diff:  0.0, Sum:  0.1, Workers: 4
[7713.670s][debug][gc,phases      ] GC(177)     Dead                           Min: 0, Avg:  0.0, Max: 0, Diff: 0, Sum: 0, Workers: 4
[7713.670s][debug][gc,phases      ] GC(177)     Total                          Min: 0, Avg: 2172.5, Max: 3957, Diff: 3957, Sum: 8690, Workers: 4
[7713.670s][debug][gc,phases      ] GC(177)   JNI Weak                       Min:  0.0, Avg:  0.0, Max:  0.0, Diff:  0.0, Sum:  0.0, Workers: 4
[7713.670s][debug][gc,phases      ] GC(177)     Dead                           Min: 0, Avg:  0.0, Max: 0, Diff: 0, Sum: 0, Workers: 4
[7713.670s][debug][gc,phases      ] GC(177)     Total                          Min: 0, Avg: 11.2, Max: 45, Diff: 45, Sum: 45, Workers: 4
[7713.670s][debug][gc,phases      ] GC(177)   StringDedup Table Weak         Min:  0.0, Avg:  0.0, Max:  0.0, Diff:  0.0, Sum:  0.0, Workers: 4
[7713.670s][debug][gc,phases      ] GC(177)     Dead                           Min: 0, Avg:  0.0, Max: 0, Diff: 0, Sum: 0, Workers: 4
[7713.670s][debug][gc,phases      ] GC(177)     Total                          Min: 0, Avg:  0.0, Max: 0, Diff: 0, Sum: 0, Workers: 4
[7713.670s][debug][gc,phases      ] GC(177)   StringDedup Requests0 Weak     Min:  0.0, Avg:  0.0, Max:  0.0, Diff:  0.0, Sum:  0.0, Workers: 4
[7713.670s][debug][gc,phases      ] GC(177)     Dead                           Min: 0, Avg:  0.0, Max: 0, Diff: 0, Sum: 0, Workers: 4
[7713.670s][debug][gc,phases      ] GC(177)     Total                          Min: 0, Avg:  0.0, Max: 0, Diff: 0, Sum: 0, Workers: 4
[7713.670s][debug][gc,phases      ] GC(177)   StringDedup Requests1 Weak     Min:  0.0, Avg:  0.0, Max:  0.0, Diff:  0.0, Sum:  0.0, Workers: 4
[7713.670s][debug][gc,phases      ] GC(177)     Dead                           Min: 0, Avg:  0.0, Max: 0, Diff: 0, Sum: 0, Workers: 4
[7713.670s][debug][gc,phases      ] GC(177)     Total                          Min: 0, Avg:  0.0, Max: 0, Diff: 0, Sum: 0, Workers: 4
[7713.670s][debug][gc,phases      ] GC(177)   Weak JFR Old Object Samples    Min:  0.0, Avg:  0.0, Max:  0.0, Diff:  0.0, Sum:  0.0, Workers: 4
[7713.670s][debug][gc,phases      ] GC(177)     Dead                           Min: 0, Avg:  0.0, Max: 0, Diff: 0, Sum: 0, Workers: 4
[7713.670s][debug][gc,phases      ] GC(177)     Total                          Min: 0, Avg:  0.0, Max: 0, Diff: 0, Sum: 0, Workers: 4
[7713.670s][debug][gc,phases      ] GC(177) Weak Processing 0.306ms
[7713.670s][debug][gc,age         ] GC(177) Desired survivor size 82313216 bytes, new threshold 15 (max threshold 15)
[7713.670s][info ][gc,heap        ] GC(177) PSYoungGen: 1992224K(1992704K)->54112K(2016256K) Eden: 1938432K(1938432K)->0K(1936384K) From: 53792K(54272K)->54112K(79872K)
[7713.670s][info ][gc,heap        ] GC(177) ParOldGen: 512878K(552448K)->513030K(552448K)
[7713.670s][info ][gc,metaspace   ] GC(177) Metaspace: 80104K(81088K)->80104K(81088K) NonClass: 68945K(69440K)->68945K(69440K) Class: 11158K(11648K)->11158K(11648K)
[7713.670s][info ][gc             ] GC(177) Pause Young (Allocation Failure) 2446M->553M(2508M) 15.949ms
[7713.670s][info ][gc,cpu         ] GC(177) User=0.06s Sys=0.00s Real=0.02s
[7713.670s][info ][safepoint      ] Safepoint "ParallelGCFailedAllocation", Time since last: 2821792481 ns, Reaching safepoint: 27000 ns, At safepoint: 16021657 ns, Total: 16048657 ns
[7714.670s][info ][safepoint      ] Safepoint "Cleanup", Time since last: 1000082335 ns, Reaching safepoint: 37900 ns, At safepoint: 2800 ns, Total: 40700 ns
[7715.671s][info ][safepoint      ] Safepoint "Cleanup", Time since last: 1000103035 ns, Reaching safepoint: 38200 ns, At safepoint: 6200 ns, Total: 44400 ns
[7720.671s][info ][safepoint      ] Safepoint "Cleanup", Time since last: 5000353075 ns, Reaching safepoint: 105099 ns, At safepoint: 17000 ns, Total: 122099 ns
[7723.671s][info ][safepoint      ] Safepoint "Cleanup", Time since last: 3000211804 ns, Reaching safepoint: 36600 ns, At safepoint: 2400 ns, Total: 39000 ns
[7727.672s][info ][safepoint      ] Safepoint "Cleanup", Time since last: 4000241138 ns, Reaching safepoint: 39800 ns, At safepoint: 4200 ns, Total: 44000 ns
[7730.672s][info ][safepoint      ] Safepoint "Cleanup", Time since last: 3000225003 ns, Reaching safepoint: 25500 ns, At safepoint: 6300 ns, Total: 31800 ns
[7733.672s][info ][safepoint      ] Safepoint "Cleanup", Time since last: 3000217603 ns, Reaching safepoint: 52199 ns, At safepoint: 2700 ns, Total: 54899 ns
[7734.672s][info ][safepoint      ] Safepoint "Cleanup", Time since last: 1000104834 ns, Reaching safepoint: 41900 ns, At safepoint: 3000 ns, Total: 44900 ns
[7744.673s][info ][safepoint      ] Safepoint "Cleanup", Time since last: 10000662638 ns, Reaching safepoint: 29900 ns, At safepoint: 2500 ns, Total: 32400 ns
[7752.416s][info ][gc,start       ] GC(178) Pause Young (Allocation Failure)
[7752.431s][debug][gc,phases      ] GC(178) Scavenge 14.370ms
[7752.431s][debug][gc,ref         ] GC(178) Skipped phase 1 of Reference Processing: no references
[7752.431s][debug][gc,ref         ] GC(178) ReferenceProcessor::execute queues: 1, RefProcThreadModel::Single, marks_oops_alive: false
[7752.431s][debug][gc,ref         ] GC(178) Skipped phase 3 of Reference Processing: no references
[7752.431s][debug][gc,ref         ] GC(178) ReferenceProcessor::execute queues: 1, RefProcThreadModel::Single, marks_oops_alive: false
[7752.431s][debug][gc,phases      ] GC(178) Reference Processing 0.086ms
[7752.431s][debug][gc,phases      ] GC(178)   VM Weak                        Min:  0.0, Avg:  0.0, Max:  0.0, Diff:  0.0, Sum:  0.0, Workers: 4
[7752.431s][debug][gc,phases      ] GC(178)     Dead                           Min: 0, Avg:  0.0, Max: 0, Diff: 0, Sum: 0, Workers: 4
[7752.431s][debug][gc,phases      ] GC(178)     Total                          Min: 0, Avg: 158.8, Max: 510, Diff: 510, Sum: 635, Workers: 4
[7752.431s][debug][gc,phases      ] GC(178)   ObjectSynchronizer Weak        Min:  0.0, Avg:  0.0, Max:  0.0, Diff:  0.0, Sum:  0.0, Workers: 4
[7752.431s][debug][gc,phases      ] GC(178)     Dead                           Min: 0, Avg:  0.0, Max: 0, Diff: 0, Sum: 0, Workers: 4
[7752.431s][debug][gc,phases      ] GC(178)     Total                          Min: 0, Avg: 11.2, Max: 45, Diff: 45, Sum: 45, Workers: 4
[7752.431s][debug][gc,phases      ] GC(178)   JVMTI Tag Weak OopStorage      Min:  0.0, Avg:  0.0, Max:  0.0, Diff:  0.0, Sum:  0.0, Workers: 4
[7752.431s][debug][gc,phases      ] GC(178)     Dead                           Min: 0, Avg:  0.0, Max: 0, Diff: 0, Sum: 0, Workers: 4
[7752.431s][debug][gc,phases      ] GC(178)     Total                          Min: 0, Avg:  0.0, Max: 0, Diff: 0, Sum: 0, Workers: 4
[7752.431s][debug][gc,phases      ] GC(178)   StringTable Weak               Min:  0.1, Avg:  0.1, Max:  0.1, Diff:  0.0, Sum:  0.4, Workers: 4
[7752.431s][debug][gc,phases      ] GC(178)     Dead                           Min: 0, Avg:  0.0, Max: 0, Diff: 0, Sum: 0, Workers: 4
[7752.431s][debug][gc,phases      ] GC(178)     Total                          Min: 7935, Avg: 10728.2, Max: 12672, Diff: 4737, Sum: 42913, Workers: 4
[7752.431s][debug][gc,phases      ] GC(178)   ResolvedMethodTable Weak       Min:  0.0, Avg:  0.0, Max:  0.0, Diff:  0.0, Sum:  0.1, Workers: 4
[7752.431s][debug][gc,phases      ] GC(178)     Dead                           Min: 0, Avg:  0.0, Max: 0, Diff: 0, Sum: 0, Workers: 4
[7752.431s][debug][gc,phases      ] GC(178)     Total                          Min: 2045, Avg: 2173.0, Max: 2368, Diff: 323, Sum: 8692, Workers: 4
[7752.431s][debug][gc,phases      ] GC(178)   JNI Weak                       Min:  0.0, Avg:  0.0, Max:  0.0, Diff:  0.0, Sum:  0.0, Workers: 4
[7752.431s][debug][gc,phases      ] GC(178)     Dead                           Min: 0, Avg:  0.0, Max: 0, Diff: 0, Sum: 0, Workers: 4
[7752.431s][debug][gc,phases      ] GC(178)     Total                          Min: 0, Avg: 11.2, Max: 45, Diff: 45, Sum: 45, Workers: 4
[7752.431s][debug][gc,phases      ] GC(178)   StringDedup Table Weak         Min:  0.0, Avg:  0.0, Max:  0.0, Diff:  0.0, Sum:  0.0, Workers: 4
[7752.431s][debug][gc,phases      ] GC(178)     Dead                           Min: 0, Avg:  0.0, Max: 0, Diff: 0, Sum: 0, Workers: 4
[7752.431s][debug][gc,phases      ] GC(178)     Total                          Min: 0, Avg:  0.0, Max: 0, Diff: 0, Sum: 0, Workers: 4
[7752.431s][debug][gc,phases      ] GC(178)   StringDedup Requests0 Weak     Min:  0.0, Avg:  0.0, Max:  0.0, Diff:  0.0, Sum:  0.0, Workers: 4
[7752.431s][debug][gc,phases      ] GC(178)     Dead                           Min: 0, Avg:  0.0, Max: 0, Diff: 0, Sum: 0, Workers: 4
[7752.431s][debug][gc,phases      ] GC(178)     Total                          Min: 0, Avg:  0.0, Max: 0, Diff: 0, Sum: 0, Workers: 4
[7752.431s][debug][gc,phases      ] GC(178)   StringDedup Requests1 Weak     Min:  0.0, Avg:  0.0, Max:  0.0, Diff:  0.0, Sum:  0.0, Workers: 4
[7752.431s][debug][gc,phases      ] GC(178)     Dead                           Min: 0, Avg:  0.0, Max: 0, Diff: 0, Sum: 0, Workers: 4
[7752.431s][debug][gc,phases      ] GC(178)     Total                          Min: 0, Avg:  0.0, Max: 0, Diff: 0, Sum: 0, Workers: 4
[7752.431s][debug][gc,phases      ] GC(178)   Weak JFR Old Object Samples    Min:  0.0, Avg:  0.0, Max:  0.0, Diff:  0.0, Sum:  0.0, Workers: 4
[7752.431s][debug][gc,phases      ] GC(178)     Dead                           Min: 0, Avg:  0.0, Max: 0, Diff: 0, Sum: 0, Workers: 4
[7752.431s][debug][gc,phases      ] GC(178)     Total                          Min: 0, Avg:  0.0, Max: 0, Diff: 0, Sum: 0, Workers: 4
[7752.431s][debug][gc,phases      ] GC(178) Weak Processing 0.282ms
[7752.431s][debug][gc,age         ] GC(178) Desired survivor size 81264640 bytes, new threshold 15 (max threshold 15)
[7752.431s][info ][gc,heap        ] GC(178) PSYoungGen: 1990496K(2016256K)->51648K(2016768K) Eden: 1936384K(1936384K)->0K(1936384K) From: 54112K(79872K)->51648K(80384K)
[7752.431s][info ][gc,heap        ] GC(178) ParOldGen: 513030K(552448K)->513202K(552448K)
[7752.431s][info ][gc,metaspace   ] GC(178) Metaspace: 80109K(81088K)->80109K(81088K) NonClass: 68950K(69440K)->68950K(69440K) Class: 11158K(11648K)->11158K(11648K)
[7752.431s][info ][gc             ] GC(178) Pause Young (Allocation Failure) 2444M->551M(2509M) 14.845ms
[7752.431s][info ][gc,cpu         ] GC(178) User=0.05s Sys=0.00s Real=0.02s
[7752.431s][info ][safepoint      ] Safepoint "ParallelGCFailedAllocation", Time since last: 7743399153 ns, Reaching safepoint: 24400 ns, At safepoint: 14941860 ns, Total: 14966260 ns
[7778.433s][info ][safepoint      ] Safepoint "Cleanup", Time since last: 26001571246 ns, Reaching safepoint: 45200 ns, At safepoint: 19700 ns, Total: 64900 ns
[7795.812s][info ][gc,start       ] GC(179) Pause Young (Allocation Failure)
[7795.829s][debug][gc,phases      ] GC(179) Scavenge 16.673ms
[7795.829s][debug][gc,ref         ] GC(179) Skipped phase 1 of Reference Processing: no references
[7795.829s][debug][gc,ref         ] GC(179) ReferenceProcessor::execute queues: 1, RefProcThreadModel::Single, marks_oops_alive: false
[7795.829s][debug][gc,ref         ] GC(179) Skipped phase 3 of Reference Processing: no references
[7795.829s][debug][gc,ref         ] GC(179) ReferenceProcessor::execute queues: 1, RefProcThreadModel::Single, marks_oops_alive: false
[7795.829s][debug][gc,phases      ] GC(179) Reference Processing 0.085ms
[7795.829s][debug][gc,phases      ] GC(179)   VM Weak                        Min:  0.0, Avg:  0.0, Max:  0.0, Diff:  0.0, Sum:  0.0, Workers: 4
[7795.829s][debug][gc,phases      ] GC(179)     Dead                           Min: 0, Avg:  0.0, Max: 0, Diff: 0, Sum: 0, Workers: 4
[7795.829s][debug][gc,phases      ] GC(179)     Total                          Min: 0, Avg: 158.8, Max: 571, Diff: 571, Sum: 635, Workers: 4
[7795.829s][debug][gc,phases      ] GC(179)   ObjectSynchronizer Weak        Min:  0.0, Avg:  0.0, Max:  0.0, Diff:  0.0, Sum:  0.0, Workers: 4
[7795.829s][debug][gc,phases      ] GC(179)     Dead                           Min: 0, Avg:  0.0, Max: 0, Diff: 0, Sum: 0, Workers: 4
[7795.829s][debug][gc,phases      ] GC(179)     Total                          Min: 0, Avg: 11.2, Max: 45, Diff: 45, Sum: 45, Workers: 4
[7795.829s][debug][gc,phases      ] GC(179)   JVMTI Tag Weak OopStorage      Min:  0.0, Avg:  0.0, Max:  0.0, Diff:  0.0, Sum:  0.0, Workers: 4
[7795.829s][debug][gc,phases      ] GC(179)     Dead                           Min: 0, Avg:  0.0, Max: 0, Diff: 0, Sum: 0, Workers: 4
[7795.829s][debug][gc,phases      ] GC(179)     Total                          Min: 0, Avg:  0.0, Max: 0, Diff: 0, Sum: 0, Workers: 4
[7795.829s][debug][gc,phases      ] GC(179)   StringTable Weak               Min:  0.0, Avg:  0.1, Max:  0.1, Diff:  0.1, Sum:  0.3, Workers: 4
[7795.829s][debug][gc,phases      ] GC(179)     Dead                           Min: 0, Avg:  0.0, Max: 0, Diff: 0, Sum: 0, Workers: 4
[7795.829s][debug][gc,phases      ] GC(179)     Total                          Min: 0, Avg: 10728.2, Max: 16801, Diff: 16801, Sum: 42913, Workers: 4
[7795.829s][debug][gc,phases      ] GC(179)   ResolvedMethodTable Weak       Min:  0.0, Avg:  0.0, Max:  0.0, Diff:  0.0, Sum:  0.1, Workers: 4
[7795.829s][debug][gc,phases      ] GC(179)     Dead                           Min: 0, Avg:  0.0, Max: 0, Diff: 0, Sum: 0, Workers: 4
[7795.829s][debug][gc,phases      ] GC(179)     Total                          Min: 0, Avg: 2173.0, Max: 3831, Diff: 3831, Sum: 8692, Workers: 4
[7795.829s][debug][gc,phases      ] GC(179)   JNI Weak                       Min:  0.0, Avg:  0.0, Max:  0.0, Diff:  0.0, Sum:  0.0, Workers: 4
[7795.829s][debug][gc,phases      ] GC(179)     Dead                           Min: 0, Avg:  0.0, Max: 0, Diff: 0, Sum: 0, Workers: 4
[7795.829s][debug][gc,phases      ] GC(179)     Total                          Min: 0, Avg: 11.2, Max: 45, Diff: 45, Sum: 45, Workers: 4
[7795.829s][debug][gc,phases      ] GC(179)   StringDedup Table Weak         Min:  0.0, Avg:  0.0, Max:  0.0, Diff:  0.0, Sum:  0.0, Workers: 4
[7795.829s][debug][gc,phases      ] GC(179)     Dead                           Min: 0, Avg:  0.0, Max: 0, Diff: 0, Sum: 0, Workers: 4
[7795.829s][debug][gc,phases      ] GC(179)     Total                          Min: 0, Avg:  0.0, Max: 0, Diff: 0, Sum: 0, Workers: 4
[7795.829s][debug][gc,phases      ] GC(179)   StringDedup Requests0 Weak     Min:  0.0, Avg:  0.0, Max:  0.0, Diff:  0.0, Sum:  0.0, Workers: 4
[7795.829s][debug][gc,phases      ] GC(179)     Dead                           Min: 0, Avg:  0.0, Max: 0, Diff: 0, Sum: 0, Workers: 4
[7795.829s][debug][gc,phases      ] GC(179)     Total                          Min: 0, Avg:  0.0, Max: 0, Diff: 0, Sum: 0, Workers: 4
[7795.829s][debug][gc,phases      ] GC(179)   StringDedup Requests1 Weak     Min:  0.0, Avg:  0.0, Max:  0.0, Diff:  0.0, Sum:  0.0, Workers: 4
[7795.829s][debug][gc,phases      ] GC(179)     Dead                           Min: 0, Avg:  0.0, Max: 0, Diff: 0, Sum: 0, Workers: 4
[7795.829s][debug][gc,phases      ] GC(179)     Total                          Min: 0, Avg:  0.0, Max: 0, Diff: 0, Sum: 0, Workers: 4
[7795.829s][debug][gc,phases      ] GC(179)   Weak JFR Old Object Samples    Min:  0.0, Avg:  0.0, Max:  0.0, Diff:  0.0, Sum:  0.0, Workers: 4
[7795.829s][debug][gc,phases      ] GC(179)     Dead                           Min: 0, Avg:  0.0, Max: 0, Diff: 0, Sum: 0, Workers: 4
[7795.829s][debug][gc,phases      ] GC(179)     Total                          Min: 0, Avg:  0.0, Max: 0, Diff: 0, Sum: 0, Workers: 4
[7795.829s][debug][gc,phases      ] GC(179) Weak Processing 0.303ms
[7795.829s][debug][gc,age         ] GC(179) Desired survivor size 80216064 bytes, new threshold 15 (max threshold 15)
[7795.829s][info ][gc,heap        ] GC(179) PSYoungGen: 1988032K(2016768K)->51440K(2018816K) Eden: 1936384K(1936384K)->0K(1939456K) From: 51648K(80384K)->51440K(79360K)
[7795.829s][info ][gc,heap        ] GC(179) ParOldGen: 513202K(552448K)->513574K(552448K)
[7795.829s][info ][gc,metaspace   ] GC(179) Metaspace: 80115K(81088K)->80115K(81088K) NonClass: 68956K(69440K)->68956K(69440K) Class: 11158K(11648K)->11158K(11648K)
[7795.829s][info ][gc             ] GC(179) Pause Young (Allocation Failure) 2442M->551M(2511M) 17.167ms
[7795.829s][info ][gc,cpu         ] GC(179) User=0.06s Sys=0.00s Real=0.02s
[7795.829s][info ][safepoint      ] Safepoint "ParallelGCFailedAllocation", Time since last: 17378887028 ns, Reaching safepoint: 112900 ns, At safepoint: 17238554 ns, Total: 17351454 ns
[7801.830s][info ][safepoint      ] Safepoint "Cleanup", Time since last: 6000376786 ns, Reaching safepoint: 23900 ns, At safepoint: 2700 ns, Total: 26600 ns
[7830.831s][info ][safepoint      ] Safepoint "Cleanup", Time since last: 29001763976 ns, Reaching safepoint: 50900 ns, At safepoint: 6400 ns, Total: 57300 ns
[7837.832s][info ][safepoint      ] Safepoint "Cleanup", Time since last: 7000477206 ns, Reaching safepoint: 34500 ns, At safepoint: 3100 ns, Total: 37600 ns
[7839.819s][info ][gc,start       ] GC(180) Pause Young (Allocation Failure)
[7839.833s][debug][gc,phases      ] GC(180) Scavenge 13.903ms
[7839.833s][debug][gc,ref         ] GC(180) Skipped phase 1 of Reference Processing: no references
[7839.833s][debug][gc,ref         ] GC(180) ReferenceProcessor::execute queues: 1, RefProcThreadModel::Single, marks_oops_alive: false
[7839.833s][debug][gc,ref         ] GC(180) Skipped phase 3 of Reference Processing: no references
[7839.833s][debug][gc,ref         ] GC(180) ReferenceProcessor::execute queues: 1, RefProcThreadModel::Single, marks_oops_alive: false
[7839.833s][debug][gc,phases      ] GC(180) Reference Processing 0.086ms
[7839.833s][debug][gc,phases      ] GC(180)   VM Weak                        Min:  0.0, Avg:  0.0, Max:  0.0, Diff:  0.0, Sum:  0.0, Workers: 4
[7839.833s][debug][gc,phases      ] GC(180)     Dead                           Min: 0, Avg:  0.0, Max: 0, Diff: 0, Sum: 0, Workers: 4
[7839.833s][debug][gc,phases      ] GC(180)     Total                          Min: 0, Avg: 158.8, Max: 635, Diff: 635, Sum: 635, Workers: 4
[7839.833s][debug][gc,phases      ] GC(180)   ObjectSynchronizer Weak        Min:  0.0, Avg:  0.0, Max:  0.0, Diff:  0.0, Sum:  0.0, Workers: 4
[7839.833s][debug][gc,phases      ] GC(180)     Dead                           Min: 0, Avg:  0.0, Max: 0, Diff: 0, Sum: 0, Workers: 4
[7839.833s][debug][gc,phases      ] GC(180)     Total                          Min: 0, Avg: 11.2, Max: 45, Diff: 45, Sum: 45, Workers: 4
[7839.833s][debug][gc,phases      ] GC(180)   JVMTI Tag Weak OopStorage      Min:  0.0, Avg:  0.0, Max:  0.0, Diff:  0.0, Sum:  0.0, Workers: 4
[7839.833s][debug][gc,phases      ] GC(180)     Dead                           Min: 0, Avg:  0.0, Max: 0, Diff: 0, Sum: 0, Workers: 4
[7839.834s][debug][gc,phases      ] GC(180)     Total                          Min: 0, Avg:  0.0, Max: 0, Diff: 0, Sum: 0, Workers: 4
[7839.834s][debug][gc,phases      ] GC(180)   StringTable Weak               Min:  0.1, Avg:  0.1, Max:  0.1, Diff:  0.0, Sum:  0.4, Workers: 4
[7839.834s][debug][gc,phases      ] GC(180)     Dead                           Min: 0, Avg:  0.0, Max: 0, Diff: 0, Sum: 0, Workers: 4
[7839.834s][debug][gc,phases      ] GC(180)     Total                          Min: 10047, Avg: 10728.2, Max: 11264, Diff: 1217, Sum: 42913, Workers: 4
[7839.834s][debug][gc,phases      ] GC(180)   ResolvedMethodTable Weak       Min:  0.0, Avg:  0.0, Max:  0.0, Diff:  0.0, Sum:  0.1, Workers: 4
[7839.834s][debug][gc,phases      ] GC(180)     Dead                           Min: 0, Avg:  0.0, Max: 0, Diff: 0, Sum: 0, Workers: 4
[7839.834s][debug][gc,phases      ] GC(180)     Total                          Min: 2045, Avg: 2173.0, Max: 2368, Diff: 323, Sum: 8692, Workers: 4
[7839.834s][debug][gc,phases      ] GC(180)   JNI Weak                       Min:  0.0, Avg:  0.0, Max:  0.0, Diff:  0.0, Sum:  0.0, Workers: 4
[7839.834s][debug][gc,phases      ] GC(180)     Dead                           Min: 0, Avg:  0.0, Max: 0, Diff: 0, Sum: 0, Workers: 4
[7839.834s][debug][gc,phases      ] GC(180)     Total                          Min: 0, Avg: 11.2, Max: 45, Diff: 45, Sum: 45, Workers: 4
[7839.834s][debug][gc,phases      ] GC(180)   StringDedup Table Weak         Min:  0.0, Avg:  0.0, Max:  0.0, Diff:  0.0, Sum:  0.0, Workers: 4
[7839.834s][debug][gc,phases      ] GC(180)     Dead                           Min: 0, Avg:  0.0, Max: 0, Diff: 0, Sum: 0, Workers: 4
[7839.834s][debug][gc,phases      ] GC(180)     Total                          Min: 0, Avg:  0.0, Max: 0, Diff: 0, Sum: 0, Workers: 4
[7839.834s][debug][gc,phases      ] GC(180)   StringDedup Requests0 Weak     Min:  0.0, Avg:  0.0, Max:  0.0, Diff:  0.0, Sum:  0.0, Workers: 4
[7839.834s][debug][gc,phases      ] GC(180)     Dead                           Min: 0, Avg:  0.0, Max: 0, Diff: 0, Sum: 0, Workers: 4
[7839.834s][debug][gc,phases      ] GC(180)     Total                          Min: 0, Avg:  0.0, Max: 0, Diff: 0, Sum: 0, Workers: 4
[7839.834s][debug][gc,phases      ] GC(180)   StringDedup Requests1 Weak     Min:  0.0, Avg:  0.0, Max:  0.0, Diff:  0.0, Sum:  0.0, Workers: 4
[7839.834s][debug][gc,phases      ] GC(180)     Dead                           Min: 0, Avg:  0.0, Max: 0, Diff: 0, Sum: 0, Workers: 4
[7839.834s][debug][gc,phases      ] GC(180)     Total                          Min: 0, Avg:  0.0, Max: 0, Diff: 0, Sum: 0, Workers: 4
[7839.834s][debug][gc,phases      ] GC(180)   Weak JFR Old Object Samples    Min:  0.0, Avg:  0.0, Max:  0.0, Diff:  0.0, Sum:  0.0, Workers: 4
[7839.834s][debug][gc,phases      ] GC(180)     Dead                           Min: 0, Avg:  0.0, Max: 0, Diff: 0, Sum: 0, Workers: 4
[7839.834s][debug][gc,phases      ] GC(180)     Total                          Min: 0, Avg:  0.0, Max: 0, Diff: 0, Sum: 0, Workers: 4
[7839.834s][debug][gc,phases      ] GC(180) Weak Processing 0.302ms
[7839.834s][debug][gc,age         ] GC(180) Desired survivor size 77070336 bytes, new threshold 15 (max threshold 15)
[7839.834s][info ][gc,heap        ] GC(180) PSYoungGen: 1990896K(2018816K)->44608K(2017792K) Eden: 1939456K(1939456K)->0K(1939456K) From: 51440K(79360K)->44608K(78336K)
[7839.834s][info ][gc,heap        ] GC(180) ParOldGen: 513574K(552448K)->520818K(552448K)
[7839.834s][info ][gc,metaspace   ] GC(180) Metaspace: 80118K(81088K)->80118K(81088K) NonClass: 68959K(69440K)->68959K(69440K) Class: 11158K(11648K)->11158K(11648K)
[7839.834s][info ][gc             ] GC(180) Pause Young (Allocation Failure) 2445M->552M(2510M) 14.383ms
[7839.834s][info ][gc,cpu         ] GC(180) User=0.05s Sys=0.00s Real=0.01s
[7839.834s][info ][safepoint      ] Safepoint "ParallelGCFailedAllocation", Time since last: 1987296893 ns, Reaching safepoint: 22400 ns, At safepoint: 14477961 ns, Total: 14500361 ns
[7851.834s][info ][safepoint      ] Safepoint "Cleanup", Time since last: 12000712648 ns, Reaching safepoint: 34300 ns, At safepoint: 2400 ns, Total: 36700 ns
[7883.461s][info ][gc,start       ] GC(181) Pause Young (Allocation Failure)
[7883.476s][debug][gc,phases      ] GC(181) Scavenge 14.548ms
[7883.476s][debug][gc,ref         ] GC(181) Skipped phase 1 of Reference Processing: no references
[7883.476s][debug][gc,ref         ] GC(181) ReferenceProcessor::execute queues: 1, RefProcThreadModel::Single, marks_oops_alive: false
[7883.476s][debug][gc,ref         ] GC(181) Skipped phase 3 of Reference Processing: no references
[7883.476s][debug][gc,ref         ] GC(181) ReferenceProcessor::execute queues: 1, RefProcThreadModel::Single, marks_oops_alive: false
[7883.476s][debug][gc,phases      ] GC(181) Reference Processing 0.092ms
[7883.476s][debug][gc,phases      ] GC(181)   VM Weak                        Min:  0.0, Avg:  0.0, Max:  0.0, Diff:  0.0, Sum:  0.0, Workers: 4
[7883.476s][debug][gc,phases      ] GC(181)     Dead                           Min: 0, Avg:  0.0, Max: 0, Diff: 0, Sum: 0, Workers: 4
[7883.476s][debug][gc,phases      ] GC(181)     Total                          Min: 0, Avg: 158.8, Max: 400, Diff: 400, Sum: 635, Workers: 4
[7883.476s][debug][gc,phases      ] GC(181)   ObjectSynchronizer Weak        Min:  0.0, Avg:  0.0, Max:  0.0, Diff:  0.0, Sum:  0.0, Workers: 4
[7883.476s][debug][gc,phases      ] GC(181)     Dead                           Min: 0, Avg:  0.0, Max: 0, Diff: 0, Sum: 0, Workers: 4
[7883.476s][debug][gc,phases      ] GC(181)     Total                          Min: 0, Avg: 11.2, Max: 45, Diff: 45, Sum: 45, Workers: 4
[7883.476s][debug][gc,phases      ] GC(181)   JVMTI Tag Weak OopStorage      Min:  0.0, Avg:  0.0, Max:  0.0, Diff:  0.0, Sum:  0.0, Workers: 4
[7883.476s][debug][gc,phases      ] GC(181)     Dead                           Min: 0, Avg:  0.0, Max: 0, Diff: 0, Sum: 0, Workers: 4
[7883.476s][debug][gc,phases      ] GC(181)     Total                          Min: 0, Avg:  0.0, Max: 0, Diff: 0, Sum: 0, Workers: 4
[7883.476s][debug][gc,phases      ] GC(181)   StringTable Weak               Min:  0.0, Avg:  0.1, Max:  0.1, Diff:  0.1, Sum:  0.3, Workers: 4
[7883.476s][debug][gc,phases      ] GC(181)     Dead                           Min: 0, Avg:  0.0, Max: 0, Diff: 0, Sum: 0, Workers: 4
[7883.476s][debug][gc,phases      ] GC(181)     Total                          Min: 0, Avg: 10728.2, Max: 15295, Diff: 15295, Sum: 42913, Workers: 4
[7883.476s][debug][gc,phases      ] GC(181)   ResolvedMethodTable Weak       Min:  0.0, Avg:  0.0, Max:  0.0, Diff:  0.0, Sum:  0.1, Workers: 4
[7883.476s][debug][gc,phases      ] GC(181)     Dead                           Min: 0, Avg:  0.0, Max: 0, Diff: 0, Sum: 0, Workers: 4
[7883.476s][debug][gc,phases      ] GC(181)     Total                          Min: 0, Avg: 2173.0, Max: 3575, Diff: 3575, Sum: 8692, Workers: 4
[7883.476s][debug][gc,phases      ] GC(181)   JNI Weak                       Min:  0.0, Avg:  0.0, Max:  0.0, Diff:  0.0, Sum:  0.0, Workers: 4
[7883.476s][debug][gc,phases      ] GC(181)     Dead                           Min: 0, Avg:  0.0, Max: 0, Diff: 0, Sum: 0, Workers: 4
[7883.476s][debug][gc,phases      ] GC(181)     Total                          Min: 0, Avg: 11.2, Max: 45, Diff: 45, Sum: 45, Workers: 4
[7883.476s][debug][gc,phases      ] GC(181)   StringDedup Table Weak         Min:  0.0, Avg:  0.0, Max:  0.0, Diff:  0.0, Sum:  0.0, Workers: 4
[7883.476s][debug][gc,phases      ] GC(181)     Dead                           Min: 0, Avg:  0.0, Max: 0, Diff: 0, Sum: 0, Workers: 4
[7883.476s][debug][gc,phases      ] GC(181)     Total                          Min: 0, Avg:  0.0, Max: 0, Diff: 0, Sum: 0, Workers: 4
[7883.476s][debug][gc,phases      ] GC(181)   StringDedup Requests0 Weak     Min:  0.0, Avg:  0.0, Max:  0.0, Diff:  0.0, Sum:  0.0, Workers: 4
[7883.476s][debug][gc,phases      ] GC(181)     Dead                           Min: 0, Avg:  0.0, Max: 0, Diff: 0, Sum: 0, Workers: 4
[7883.476s][debug][gc,phases      ] GC(181)     Total                          Min: 0, Avg:  0.0, Max: 0, Diff: 0, Sum: 0, Workers: 4
[7883.476s][debug][gc,phases      ] GC(181)   StringDedup Requests1 Weak     Min:  0.0, Avg:  0.0, Max:  0.0, Diff:  0.0, Sum:  0.0, Workers: 4
[7883.476s][debug][gc,phases      ] GC(181)     Dead                           Min: 0, Avg:  0.0, Max: 0, Diff: 0, Sum: 0, Workers: 4
[7883.476s][debug][gc,phases      ] GC(181)     Total                          Min: 0, Avg:  0.0, Max: 0, Diff: 0, Sum: 0, Workers: 4
[7883.476s][debug][gc,phases      ] GC(181)   Weak JFR Old Object Samples    Min:  0.0, Avg:  0.0, Max:  0.0, Diff:  0.0, Sum:  0.0, Workers: 4
[7883.476s][debug][gc,phases      ] GC(181)     Dead                           Min: 0, Avg:  0.0, Max: 0, Diff: 0, Sum: 0, Workers: 4
[7883.476s][debug][gc,phases      ] GC(181)     Total                          Min: 0, Avg:  0.0, Max: 0, Diff: 0, Sum: 0, Workers: 4
[7883.476s][debug][gc,phases      ] GC(181) Weak Processing 0.301ms
[7883.476s][debug][gc,age         ] GC(181) Desired survivor size 77594624 bytes, new threshold 15 (max threshold 15)
[7883.476s][info ][gc,heap        ] GC(181) PSYoungGen: 1984064K(2017792K)->24544K(2020864K) Eden: 1939456K(1939456K)->0K(1945600K) From: 44608K(78336K)->24544K(75264K)
[7883.476s][info ][gc,heap        ] GC(181) ParOldGen: 520818K(552448K)->540662K(552448K)
[7883.476s][info ][gc,metaspace   ] GC(181) Metaspace: 80121K(81088K)->80121K(81088K) NonClass: 68962K(69440K)->68962K(69440K) Class: 11158K(11648K)->11158K(11648K)
[7883.476s][info ][gc             ] GC(181) Pause Young (Allocation Failure) 2446M->551M(2513M) 15.056ms
[7883.476s][info ][gc,cpu         ] GC(181) User=0.06s Sys=0.00s Real=0.01s
[7883.476s][debug][gc,phases      ] GC(182) Pre Compact 0.013ms
[7883.476s][info ][gc,start       ] GC(182) Pause Full (Ergonomics)
[7883.476s][info ][gc,phases,start] GC(182) Marking Phase
[7883.578s][debug][gc,phases      ] GC(182) Par Mark 101.991ms
[7883.578s][debug][gc,ref         ] GC(182) ReferenceProcessor::execute queues: 4, RefProcThreadModel::Multi, marks_oops_alive: true
[7883.578s][debug][gc,ref         ] GC(182) ReferenceProcessor::execute queues: 4, RefProcThreadModel::Multi, marks_oops_alive: false
[7883.579s][debug][gc,ref         ] GC(182) Skipped phase 3 of Reference Processing: no references
[7883.579s][debug][gc,ref         ] GC(182) ReferenceProcessor::execute queues: 1, RefProcThreadModel::Single, marks_oops_alive: false
[7883.579s][debug][gc,phases      ] GC(182) Reference Processing 0.682ms
[7883.579s][debug][gc,phases      ] GC(182)   VM Weak                        Min:  0.0, Avg:  0.0, Max:  0.0, Diff:  0.0, Sum:  0.0, Workers: 4
[7883.579s][debug][gc,phases      ] GC(182)     Dead                           Min: 0, Avg:  4.0, Max: 8, Diff: 8, Sum: 16, Workers: 4
[7883.579s][debug][gc,phases      ] GC(182)     Total                          Min: 0, Avg: 158.8, Max: 510, Diff: 510, Sum: 635, Workers: 4
[7883.579s][debug][gc,phases      ] GC(182)   ObjectSynchronizer Weak        Min:  0.0, Avg:  0.0, Max:  0.0, Diff:  0.0, Sum:  0.0, Workers: 4
[7883.579s][debug][gc,phases      ] GC(182)     Dead                           Min: 0, Avg:  0.0, Max: 0, Diff: 0, Sum: 0, Workers: 4
[7883.579s][debug][gc,phases      ] GC(182)     Total                          Min: 0, Avg: 11.2, Max: 45, Diff: 45, Sum: 45, Workers: 4
[7883.579s][debug][gc,phases      ] GC(182)   JVMTI Tag Weak OopStorage      Min:  0.0, Avg:  0.0, Max:  0.0, Diff:  0.0, Sum:  0.0, Workers: 4
[7883.579s][debug][gc,phases      ] GC(182)     Dead                           Min: 0, Avg:  0.0, Max: 0, Diff: 0, Sum: 0, Workers: 4
[7883.579s][debug][gc,phases      ] GC(182)     Total                          Min: 0, Avg:  0.0, Max: 0, Diff: 0, Sum: 0, Workers: 4
[7883.579s][debug][gc,phases      ] GC(182)   StringTable Weak               Min:  0.0, Avg:  0.1, Max:  0.2, Diff:  0.2, Sum:  0.5, Workers: 4
[7883.579s][debug][gc,phases      ] GC(182)     Dead                           Min: 0, Avg:  8.0, Max: 25, Diff: 25, Sum: 32, Workers: 4
[7883.579s][debug][gc,phases      ] GC(182)     Total                          Min: 0, Avg: 10728.2, Max: 16356, Diff: 16356, Sum: 42913, Workers: 4
[7883.579s][debug][gc,phases      ] GC(182)   ResolvedMethodTable Weak       Min:  0.0, Avg:  0.0, Max:  0.0, Diff:  0.0, Sum:  0.1, Workers: 4
[7883.579s][debug][gc,phases      ] GC(182)     Dead                           Min: 0, Avg:  4.5, Max: 18, Diff: 18, Sum: 18, Workers: 4
[7883.579s][debug][gc,phases      ] GC(182)     Total                          Min: 0, Avg: 2173.0, Max: 3200, Diff: 3200, Sum: 8692, Workers: 4
[7883.579s][debug][gc,phases      ] GC(182)   JNI Weak                       Min:  0.0, Avg:  0.0, Max:  0.0, Diff:  0.0, Sum:  0.0, Workers: 4
[7883.579s][debug][gc,phases      ] GC(182)     Dead                           Min: 0, Avg:  0.0, Max: 0, Diff: 0, Sum: 0, Workers: 4
[7883.579s][debug][gc,phases      ] GC(182)     Total                          Min: 0, Avg: 11.2, Max: 45, Diff: 45, Sum: 45, Workers: 4
[7883.579s][debug][gc,phases      ] GC(182)   StringDedup Table Weak         Min:  0.0, Avg:  0.0, Max:  0.0, Diff:  0.0, Sum:  0.0, Workers: 4
[7883.579s][debug][gc,phases      ] GC(182)     Dead                           Min: 0, Avg:  0.0, Max: 0, Diff: 0, Sum: 0, Workers: 4
[7883.579s][debug][gc,phases      ] GC(182)     Total                          Min: 0, Avg:  0.0, Max: 0, Diff: 0, Sum: 0, Workers: 4
[7883.579s][debug][gc,phases      ] GC(182)   StringDedup Requests0 Weak     Min:  0.0, Avg:  0.0, Max:  0.0, Diff:  0.0, Sum:  0.0, Workers: 4
[7883.579s][debug][gc,phases      ] GC(182)     Dead                           Min: 0, Avg:  0.0, Max: 0, Diff: 0, Sum: 0, Workers: 4
[7883.579s][debug][gc,phases      ] GC(182)     Total                          Min: 0, Avg:  0.0, Max: 0, Diff: 0, Sum: 0, Workers: 4
[7883.579s][debug][gc,phases      ] GC(182)   StringDedup Requests1 Weak     Min:  0.0, Avg:  0.0, Max:  0.0, Diff:  0.0, Sum:  0.0, Workers: 4
[7883.579s][debug][gc,phases      ] GC(182)     Dead                           Min: 0, Avg:  0.0, Max: 0, Diff: 0, Sum: 0, Workers: 4
[7883.579s][debug][gc,phases      ] GC(182)     Total                          Min: 0, Avg:  0.0, Max: 0, Diff: 0, Sum: 0, Workers: 4
[7883.579s][debug][gc,phases      ] GC(182)   Weak JFR Old Object Samples    Min:  0.0, Avg:  0.0, Max:  0.0, Diff:  0.0, Sum:  0.0, Workers: 4
[7883.579s][debug][gc,phases      ] GC(182)     Dead                           Min: 0, Avg:  0.0, Max: 0, Diff: 0, Sum: 0, Workers: 4
[7883.579s][debug][gc,phases      ] GC(182)     Total                          Min: 0, Avg:  0.0, Max: 0, Diff: 0, Sum: 0, Workers: 4
[7883.579s][debug][gc,phases      ] GC(182) Weak Processing 0.363ms
[7883.579s][debug][gc,phases      ] GC(182) ClassLoaderData 0.187ms
[7883.579s][debug][gc,phases      ] GC(182) Trigger cleanups 0.007ms
[7883.607s][debug][gc,phases      ] GC(182) Class Unloading 28.062ms
[7883.607s][info ][gc,phases      ] GC(182) Marking Phase 131.222ms
[7883.607s][info ][gc,phases,start] GC(182) Summary Phase
[7883.607s][info ][gc,phases      ] GC(182) Summary Phase 0.017ms
[7883.607s][info ][gc,phases,start] GC(182) Adjust Roots
[7883.620s][info ][gc,phases      ] GC(182) Adjust Roots 12.941ms
[7883.620s][info ][gc,phases,start] GC(182) Compaction Phase
[7883.731s][info ][gc,phases      ] GC(182) Compaction Phase 110.229ms
[7883.731s][info ][gc,phases,start] GC(182) Post Compact
[7883.732s][info ][gc,phases      ] GC(182) Post Compact 1.046ms
[7883.732s][info ][gc,heap        ] GC(182) PSYoungGen: 24544K(2020864K)->0K(2021376K) Eden: 0K(1945600K)->0K(1945600K) From: 24544K(75264K)->0K(75776K)
[7883.732s][info ][gc,heap        ] GC(182) ParOldGen: 540662K(552448K)->407227K(570368K)
[7883.732s][info ][gc,metaspace   ] GC(182) Metaspace: 80121K(81088K)->80089K(81088K) NonClass: 68962K(69440K)->68939K(69440K) Class: 11158K(11648K)->11150K(11648K)
[7883.732s][info ][gc             ] GC(182) Pause Full (Ergonomics) 551M->397M(2531M) 255.622ms
[7883.732s][info ][gc,cpu         ] GC(182) User=0.79s Sys=0.00s Real=0.26s
[7883.732s][info ][safepoint      ] Safepoint "ParallelGCFailedAllocation", Time since last: 31626384903 ns, Reaching safepoint: 99600 ns, At safepoint: 270834376 ns, Total: 270933976 ns
[7931.861s][info ][gc,start       ] GC(183) Pause Young (Allocation Failure)
[7931.864s][debug][gc,phases      ] GC(183) Scavenge 2.583ms
[7931.864s][debug][gc,ref         ] GC(183) Skipped phase 1 of Reference Processing: no references
[7931.864s][debug][gc,ref         ] GC(183) ReferenceProcessor::execute queues: 1, RefProcThreadModel::Single, marks_oops_alive: false
[7931.864s][debug][gc,ref         ] GC(183) Skipped phase 3 of Reference Processing: no references
[7931.864s][debug][gc,ref         ] GC(183) ReferenceProcessor::execute queues: 1, RefProcThreadModel::Single, marks_oops_alive: false
[7931.864s][debug][gc,phases      ] GC(183) Reference Processing 0.098ms
[7931.864s][debug][gc,phases      ] GC(183)   VM Weak                        Min:  0.0, Avg:  0.0, Max:  0.0, Diff:  0.0, Sum:  0.0, Workers: 4
[7931.864s][debug][gc,phases      ] GC(183)     Dead                           Min: 0, Avg:  0.0, Max: 0, Diff: 0, Sum: 0, Workers: 4
[7931.864s][debug][gc,phases      ] GC(183)     Total                          Min: 0, Avg: 154.8, Max: 502, Diff: 502, Sum: 619, Workers: 4
[7931.864s][debug][gc,phases      ] GC(183)   ObjectSynchronizer Weak        Min:  0.0, Avg:  0.0, Max:  0.0, Diff:  0.0, Sum:  0.0, Workers: 4
[7931.864s][debug][gc,phases      ] GC(183)     Dead                           Min: 0, Avg:  0.0, Max: 0, Diff: 0, Sum: 0, Workers: 4
[7931.864s][debug][gc,phases      ] GC(183)     Total                          Min: 0, Avg: 11.2, Max: 45, Diff: 45, Sum: 45, Workers: 4
[7931.864s][debug][gc,phases      ] GC(183)   JVMTI Tag Weak OopStorage      Min:  0.0, Avg:  0.0, Max:  0.0, Diff:  0.0, Sum:  0.0, Workers: 4
[7931.864s][debug][gc,phases      ] GC(183)     Dead                           Min: 0, Avg:  0.0, Max: 0, Diff: 0, Sum: 0, Workers: 4
[7931.864s][debug][gc,phases      ] GC(183)     Total                          Min: 0, Avg:  0.0, Max: 0, Diff: 0, Sum: 0, Workers: 4
[7931.864s][debug][gc,phases      ] GC(183)   StringTable Weak               Min:  0.1, Avg:  0.1, Max:  0.1, Diff:  0.0, Sum:  0.4, Workers: 4
[7931.864s][debug][gc,phases      ] GC(183)     Dead                           Min: 0, Avg:  0.0, Max: 0, Diff: 0, Sum: 0, Workers: 4
[7931.864s][debug][gc,phases      ] GC(183)     Total                          Min: 9600, Avg: 10728.2, Max: 11300, Diff: 1700, Sum: 42913, Workers: 4
[7931.864s][debug][gc,phases      ] GC(183)   ResolvedMethodTable Weak       Min:  0.0, Avg:  0.0, Max:  0.0, Diff:  0.0, Sum:  0.1, Workers: 4
[7931.864s][debug][gc,phases      ] GC(183)     Dead                           Min: 0, Avg:  0.0, Max: 0, Diff: 0, Sum: 0, Workers: 4
[7931.864s][debug][gc,phases      ] GC(183)     Total                          Min: 2112, Avg: 2173.0, Max: 2231, Diff: 119, Sum: 8692, Workers: 4
[7931.864s][debug][gc,phases      ] GC(183)   JNI Weak                       Min:  0.0, Avg:  0.0, Max:  0.0, Diff:  0.0, Sum:  0.0, Workers: 4
[7931.864s][debug][gc,phases      ] GC(183)     Dead                           Min: 0, Avg:  0.0, Max: 0, Diff: 0, Sum: 0, Workers: 4
[7931.864s][debug][gc,phases      ] GC(183)     Total                          Min: 0, Avg: 11.2, Max: 45, Diff: 45, Sum: 45, Workers: 4
[7931.864s][debug][gc,phases      ] GC(183)   StringDedup Table Weak         Min:  0.0, Avg:  0.0, Max:  0.0, Diff:  0.0, Sum:  0.0, Workers: 4
[7931.864s][debug][gc,phases      ] GC(183)     Dead                           Min: 0, Avg:  0.0, Max: 0, Diff: 0, Sum: 0, Workers: 4
[7931.864s][debug][gc,phases      ] GC(183)     Total                          Min: 0, Avg:  0.0, Max: 0, Diff: 0, Sum: 0, Workers: 4
[7931.864s][debug][gc,phases      ] GC(183)   StringDedup Requests0 Weak     Min:  0.0, Avg:  0.0, Max:  0.0, Diff:  0.0, Sum:  0.0, Workers: 4
[7931.864s][debug][gc,phases      ] GC(183)     Dead                           Min: 0, Avg:  0.0, Max: 0, Diff: 0, Sum: 0, Workers: 4
[7931.864s][debug][gc,phases      ] GC(183)     Total                          Min: 0, Avg:  0.0, Max: 0, Diff: 0, Sum: 0, Workers: 4
[7931.864s][debug][gc,phases      ] GC(183)   StringDedup Requests1 Weak     Min:  0.0, Avg:  0.0, Max:  0.0, Diff:  0.0, Sum:  0.0, Workers: 4
[7931.864s][debug][gc,phases      ] GC(183)     Dead                           Min: 0, Avg:  0.0, Max: 0, Diff: 0, Sum: 0, Workers: 4
[7931.864s][debug][gc,phases      ] GC(183)     Total                          Min: 0, Avg:  0.0, Max: 0, Diff: 0, Sum: 0, Workers: 4
[7931.864s][debug][gc,phases      ] GC(183)   Weak JFR Old Object Samples    Min:  0.0, Avg:  0.0, Max:  0.0, Diff:  0.0, Sum:  0.0, Workers: 4
[7931.864s][debug][gc,phases      ] GC(183)     Dead                           Min: 0, Avg:  0.0, Max: 0, Diff: 0, Sum: 0, Workers: 4
[7931.864s][debug][gc,phases      ] GC(183)     Total                          Min: 0, Avg:  0.0, Max: 0, Diff: 0, Sum: 0, Workers: 4
[7931.864s][debug][gc,phases      ] GC(183) Weak Processing 0.277ms
[7931.864s][debug][gc,age         ] GC(183) Desired survivor size 81264640 bytes, new threshold 15 (max threshold 15)
[7931.864s][info ][gc,heap        ] GC(183) PSYoungGen: 1945600K(2021376K)->3936K(2014208K) Eden: 1945600K(1945600K)->0K(1938432K) From: 0K(75776K)->3936K(75776K)
[7931.864s][info ][gc,heap        ] GC(183) ParOldGen: 407227K(570368K)->407227K(570368K)
[7931.864s][info ][gc,metaspace   ] GC(183) Metaspace: 80090K(81088K)->80090K(81088K) NonClass: 68939K(69440K)->68939K(69440K) Class: 11150K(11648K)->11150K(11648K)
[7931.864s][info ][gc             ] GC(183) Pause Young (Allocation Failure) 2297M->401M(2524M) 3.044ms
[7931.864s][info ][gc,cpu         ] GC(183) User=0.01s Sys=0.00s Real=0.00s
[7931.864s][info ][safepoint      ] Safepoint "ParallelGCFailedAllocation", Time since last: 48129287677 ns, Reaching safepoint: 43600 ns, At safepoint: 3108900 ns, Total: 3152500 ns
[7980.631s][info ][safepoint      ] Safepoint "ParallelGCFailedAllocation", Time since last: 48766366693 ns, Reaching safepoint: 27300 ns, At safepoint: 24600 ns, Total: 51900 ns
[7980.631s][info ][gc,start       ] GC(184) Pause Young (GCLocker Initiated GC)
[7980.634s][debug][gc,phases      ] GC(184) Scavenge 2.841ms
[7980.634s][debug][gc,ref         ] GC(184) Skipped phase 1 of Reference Processing: no references
[7980.634s][debug][gc,ref         ] GC(184) ReferenceProcessor::execute queues: 1, RefProcThreadModel::Single, marks_oops_alive: false
[7980.634s][debug][gc,ref         ] GC(184) Skipped phase 3 of Reference Processing: no references
[7980.634s][debug][gc,ref         ] GC(184) ReferenceProcessor::execute queues: 1, RefProcThreadModel::Single, marks_oops_alive: false
[7980.634s][debug][gc,phases      ] GC(184) Reference Processing 0.091ms
[7980.634s][debug][gc,phases      ] GC(184)   VM Weak                        Min:  0.0, Avg:  0.0, Max:  0.0, Diff:  0.0, Sum:  0.0, Workers: 4
[7980.634s][debug][gc,phases      ] GC(184)     Dead                           Min: 0, Avg:  0.0, Max: 0, Diff: 0, Sum: 0, Workers: 4
[7980.634s][debug][gc,phases      ] GC(184)     Total                          Min: 0, Avg: 154.8, Max: 619, Diff: 619, Sum: 619, Workers: 4
[7980.634s][debug][gc,phases      ] GC(184)   ObjectSynchronizer Weak        Min:  0.0, Avg:  0.0, Max:  0.0, Diff:  0.0, Sum:  0.0, Workers: 4
[7980.634s][debug][gc,phases      ] GC(184)     Dead                           Min: 0, Avg:  0.0, Max: 0, Diff: 0, Sum: 0, Workers: 4
[7980.634s][debug][gc,phases      ] GC(184)     Total                          Min: 0, Avg: 11.2, Max: 45, Diff: 45, Sum: 45, Workers: 4
[7980.634s][debug][gc,phases      ] GC(184)   JVMTI Tag Weak OopStorage      Min:  0.0, Avg:  0.0, Max:  0.0, Diff:  0.0, Sum:  0.0, Workers: 4
[7980.634s][debug][gc,phases      ] GC(184)     Dead                           Min: 0, Avg:  0.0, Max: 0, Diff: 0, Sum: 0, Workers: 4
[7980.634s][debug][gc,phases      ] GC(184)     Total                          Min: 0, Avg:  0.0, Max: 0, Diff: 0, Sum: 0, Workers: 4
[7980.634s][debug][gc,phases      ] GC(184)   StringTable Weak               Min:  0.0, Avg:  0.1, Max:  0.1, Diff:  0.1, Sum:  0.3, Workers: 4
[7980.634s][debug][gc,phases      ] GC(184)     Dead                           Min: 0, Avg:  0.2, Max: 1, Diff: 1, Sum: 1, Workers: 4
[7980.634s][debug][gc,phases      ] GC(184)     Total                          Min: 0, Avg: 10728.8, Max: 18470, Diff: 18470, Sum: 42915, Workers: 4
[7980.634s][debug][gc,phases      ] GC(184)   ResolvedMethodTable Weak       Min:  0.0, Avg:  0.0, Max:  0.0, Diff:  0.0, Sum:  0.1, Workers: 4
[7980.634s][debug][gc,phases      ] GC(184)     Dead                           Min: 0, Avg:  0.0, Max: 0, Diff: 0, Sum: 0, Workers: 4
[7980.634s][debug][gc,phases      ] GC(184)     Total                          Min: 0, Avg: 2174.2, Max: 3708, Diff: 3708, Sum: 8697, Workers: 4
[7980.634s][debug][gc,phases      ] GC(184)   JNI Weak                       Min:  0.0, Avg:  0.0, Max:  0.0, Diff:  0.0, Sum:  0.0, Workers: 4
[7980.634s][debug][gc,phases      ] GC(184)     Dead                           Min: 0, Avg:  0.0, Max: 0, Diff: 0, Sum: 0, Workers: 4
[7980.634s][debug][gc,phases      ] GC(184)     Total                          Min: 0, Avg: 11.2, Max: 45, Diff: 45, Sum: 45, Workers: 4
[7980.634s][debug][gc,phases      ] GC(184)   StringDedup Table Weak         Min:  0.0, Avg:  0.0, Max:  0.0, Diff:  0.0, Sum:  0.0, Workers: 4
[7980.634s][debug][gc,phases      ] GC(184)     Dead                           Min: 0, Avg:  0.0, Max: 0, Diff: 0, Sum: 0, Workers: 4
[7980.634s][debug][gc,phases      ] GC(184)     Total                          Min: 0, Avg:  0.0, Max: 0, Diff: 0, Sum: 0, Workers: 4
[7980.634s][debug][gc,phases      ] GC(184)   StringDedup Requests0 Weak     Min:  0.0, Avg:  0.0, Max:  0.0, Diff:  0.0, Sum:  0.0, Workers: 4
[7980.634s][debug][gc,phases      ] GC(184)     Dead                           Min: 0, Avg:  0.0, Max: 0, Diff: 0, Sum: 0, Workers: 4
[7980.634s][debug][gc,phases      ] GC(184)     Total                          Min: 0, Avg:  0.0, Max: 0, Diff: 0, Sum: 0, Workers: 4
[7980.634s][debug][gc,phases      ] GC(184)   StringDedup Requests1 Weak     Min:  0.0, Avg:  0.0, Max:  0.0, Diff:  0.0, Sum:  0.0, Workers: 4
[7980.634s][debug][gc,phases      ] GC(184)     Dead                           Min: 0, Avg:  0.0, Max: 0, Diff: 0, Sum: 0, Workers: 4
[7980.634s][debug][gc,phases      ] GC(184)     Total                          Min: 0, Avg:  0.0, Max: 0, Diff: 0, Sum: 0, Workers: 4
[7980.634s][debug][gc,phases      ] GC(184)   Weak JFR Old Object Samples    Min:  0.0, Avg:  0.0, Max:  0.0, Diff:  0.0, Sum:  0.0, Workers: 4
[7980.634s][debug][gc,phases      ] GC(184)     Dead                           Min: 0, Avg:  0.0, Max: 0, Diff: 0, Sum: 0, Workers: 4
[7980.634s][debug][gc,phases      ] GC(184)     Total                          Min: 0, Avg:  0.0, Max: 0, Diff: 0, Sum: 0, Workers: 4
[7980.634s][debug][gc,phases      ] GC(184) Weak Processing 0.286ms
[7980.634s][debug][gc,age         ] GC(184) Desired survivor size 83361792 bytes, new threshold 15 (max threshold 15)
[7980.634s][info ][gc,heap        ] GC(184) PSYoungGen: 1942368K(2014208K)->5855K(1944576K) Eden: 1938432K(1938432K)->0K(1938432K) From: 3936K(75776K)->5855K(6144K)
[7980.634s][info ][gc,heap        ] GC(184) ParOldGen: 407267K(570368K)->407267K(570368K)
[7980.634s][info ][gc,metaspace   ] GC(184) Metaspace: 80096K(81088K)->80096K(81088K) NonClass: 68944K(69440K)->68944K(69440K) Class: 11152K(11648K)->11152K(11648K)
[7980.634s][info ][gc             ] GC(184) Pause Young (GCLocker Initiated GC) 2294M->403M(2456M) 3.286ms
[7980.634s][info ][gc,cpu         ] GC(184) User=0.00s Sys=0.00s Real=0.00s
[7980.634s][info ][safepoint      ] Safepoint "ParallelGCSystemGC", Time since last: 396200 ns, Reaching safepoint: 20100 ns, At safepoint: 3336999 ns, Total: 3357099 ns
[8022.637s][info ][safepoint      ] Safepoint "Cleanup", Time since last: 42002511315 ns, Reaching safepoint: 34900 ns, At safepoint: 3600 ns, Total: 38500 ns
[8029.910s][info ][gc,start       ] GC(185) Pause Young (Allocation Failure)
[8029.913s][debug][gc,phases      ] GC(185) Scavenge 2.872ms
[8029.913s][debug][gc,ref         ] GC(185) Skipped phase 1 of Reference Processing: no references
[8029.913s][debug][gc,ref         ] GC(185) ReferenceProcessor::execute queues: 1, RefProcThreadModel::Single, marks_oops_alive: false
[8029.913s][debug][gc,ref         ] GC(185) Skipped phase 3 of Reference Processing: no references
[8029.913s][debug][gc,ref         ] GC(185) ReferenceProcessor::execute queues: 1, RefProcThreadModel::Single, marks_oops_alive: false
[8029.913s][debug][gc,phases      ] GC(185) Reference Processing 0.095ms
[8029.914s][debug][gc,phases      ] GC(185)   VM Weak                        Min:  0.0, Avg:  0.0, Max:  0.0, Diff:  0.0, Sum:  0.0, Workers: 4
[8029.914s][debug][gc,phases      ] GC(185)     Dead                           Min: 0, Avg:  0.0, Max: 0, Diff: 0, Sum: 0, Workers: 4
[8029.914s][debug][gc,phases      ] GC(185)     Total                          Min: 0, Avg: 154.8, Max: 619, Diff: 619, Sum: 619, Workers: 4
[8029.914s][debug][gc,phases      ] GC(185)   ObjectSynchronizer Weak        Min:  0.0, Avg:  0.0, Max:  0.0, Diff:  0.0, Sum:  0.0, Workers: 4
[8029.914s][debug][gc,phases      ] GC(185)     Dead                           Min: 0, Avg:  0.0, Max: 0, Diff: 0, Sum: 0, Workers: 4
[8029.914s][debug][gc,phases      ] GC(185)     Total                          Min: 0, Avg: 11.2, Max: 45, Diff: 45, Sum: 45, Workers: 4
[8029.914s][debug][gc,phases      ] GC(185)   JVMTI Tag Weak OopStorage      Min:  0.0, Avg:  0.0, Max:  0.0, Diff:  0.0, Sum:  0.0, Workers: 4
[8029.914s][debug][gc,phases      ] GC(185)     Dead                           Min: 0, Avg:  0.0, Max: 0, Diff: 0, Sum: 0, Workers: 4
[8029.914s][debug][gc,phases      ] GC(185)     Total                          Min: 0, Avg:  0.0, Max: 0, Diff: 0, Sum: 0, Workers: 4
[8029.914s][debug][gc,phases      ] GC(185)   StringTable Weak               Min:  0.0, Avg:  0.1, Max:  0.1, Diff:  0.1, Sum:  0.3, Workers: 4
[8029.914s][debug][gc,phases      ] GC(185)     Dead                           Min: 0, Avg:  0.0, Max: 0, Diff: 0, Sum: 0, Workers: 4
[8029.914s][debug][gc,phases      ] GC(185)     Total                          Min: 0, Avg: 10728.8, Max: 18791, Diff: 18791, Sum: 42915, Workers: 4
[8029.914s][debug][gc,phases      ] GC(185)   ResolvedMethodTable Weak       Min:  0.0, Avg:  0.0, Max:  0.0, Diff:  0.0, Sum:  0.1, Workers: 4
[8029.914s][debug][gc,phases      ] GC(185)     Dead                           Min: 0, Avg:  0.0, Max: 0, Diff: 0, Sum: 0, Workers: 4
[8029.914s][debug][gc,phases      ] GC(185)     Total                          Min: 0, Avg: 2174.2, Max: 3901, Diff: 3901, Sum: 8697, Workers: 4
[8029.914s][debug][gc,phases      ] GC(185)   JNI Weak                       Min:  0.0, Avg:  0.0, Max:  0.0, Diff:  0.0, Sum:  0.0, Workers: 4
[8029.914s][debug][gc,phases      ] GC(185)     Dead                           Min: 0, Avg:  0.0, Max: 0, Diff: 0, Sum: 0, Workers: 4
[8029.914s][debug][gc,phases      ] GC(185)     Total                          Min: 0, Avg: 11.2, Max: 45, Diff: 45, Sum: 45, Workers: 4
[8029.914s][debug][gc,phases      ] GC(185)   StringDedup Table Weak         Min:  0.0, Avg:  0.0, Max:  0.0, Diff:  0.0, Sum:  0.0, Workers: 4
[8029.914s][debug][gc,phases      ] GC(185)     Dead                           Min: 0, Avg:  0.0, Max: 0, Diff: 0, Sum: 0, Workers: 4
[8029.914s][debug][gc,phases      ] GC(185)     Total                          Min: 0, Avg:  0.0, Max: 0, Diff: 0, Sum: 0, Workers: 4
[8029.914s][debug][gc,phases      ] GC(185)   StringDedup Requests0 Weak     Min:  0.0, Avg:  0.0, Max:  0.0, Diff:  0.0, Sum:  0.0, Workers: 4
[8029.914s][debug][gc,phases      ] GC(185)     Dead                           Min: 0, Avg:  0.0, Max: 0, Diff: 0, Sum: 0, Workers: 4
[8029.914s][debug][gc,phases      ] GC(185)     Total                          Min: 0, Avg:  0.0, Max: 0, Diff: 0, Sum: 0, Workers: 4
[8029.914s][debug][gc,phases      ] GC(185)   StringDedup Requests1 Weak     Min:  0.0, Avg:  0.0, Max:  0.0, Diff:  0.0, Sum:  0.0, Workers: 4
[8029.914s][debug][gc,phases      ] GC(185)     Dead                           Min: 0, Avg:  0.0, Max: 0, Diff: 0, Sum: 0, Workers: 4
[8029.914s][debug][gc,phases      ] GC(185)     Total                          Min: 0, Avg:  0.0, Max: 0, Diff: 0, Sum: 0, Workers: 4
[8029.914s][debug][gc,phases      ] GC(185)   Weak JFR Old Object Samples    Min:  0.0, Avg:  0.0, Max:  0.0, Diff:  0.0, Sum:  0.0, Workers: 4
[8029.914s][debug][gc,phases      ] GC(185)     Dead                           Min: 0, Avg:  0.0, Max: 0, Diff: 0, Sum: 0, Workers: 4
[8029.914s][debug][gc,phases      ] GC(185)     Total                          Min: 0, Avg:  0.0, Max: 0, Diff: 0, Sum: 0, Workers: 4
[8029.914s][debug][gc,phases      ] GC(185) Weak Processing 0.299ms
[8029.914s][debug][gc,age         ] GC(185) Desired survivor size 83886080 bytes, new threshold 15 (max threshold 15)
[8029.914s][info ][gc,heap        ] GC(185) PSYoungGen: 1944287K(1944576K)->5104K(2014720K) Eden: 1938432K(1938432K)->0K(1933312K) From: 5855K(6144K)->5104K(81408K)
[8029.914s][info ][gc,heap        ] GC(185) ParOldGen: 407269K(570368K)->407269K(570368K)
[8029.914s][info ][gc,metaspace   ] GC(185) Metaspace: 80096K(81088K)->80096K(81088K) NonClass: 68944K(69440K)->68944K(69440K) Class: 11152K(11648K)->11152K(11648K)
[8029.914s][info ][gc             ] GC(185) Pause Young (Allocation Failure) 2296M->402M(2524M) 3.357ms
[8029.914s][info ][gc,cpu         ] GC(185) User=0.01s Sys=0.00s Real=0.00s
[8029.914s][info ][safepoint      ] Safepoint "ParallelGCFailedAllocation", Time since last: 7273363766 ns, Reaching safepoint: 96800 ns, At safepoint: 3419899 ns, Total: 3516699 ns
[8043.915s][info ][safepoint      ] Safepoint "Cleanup", Time since last: 14000930156 ns, Reaching safepoint: 49200 ns, At safepoint: 6600 ns, Total: 55800 ns
[8053.916s][info ][safepoint      ] Safepoint "Cleanup", Time since last: 10000706262 ns, Reaching safepoint: 108400 ns, At safepoint: 7600 ns, Total: 116000 ns
[8072.917s][info ][safepoint      ] Safepoint "Cleanup", Time since last: 19001105056 ns, Reaching safepoint: 23600 ns, At safepoint: 2300 ns, Total: 25900 ns
[8073.721s][info ][gc,start       ] GC(186) Pause Young (Allocation Failure)
[8073.725s][debug][gc,phases      ] GC(186) Scavenge 4.393ms
[8073.725s][debug][gc,ref         ] GC(186) Skipped phase 1 of Reference Processing: no references
[8073.725s][debug][gc,ref         ] GC(186) ReferenceProcessor::execute queues: 1, RefProcThreadModel::Single, marks_oops_alive: false
[8073.726s][debug][gc,ref         ] GC(186) Skipped phase 3 of Reference Processing: no references
[8073.726s][debug][gc,ref         ] GC(186) Skipped phase 4 of Reference Processing: no references
[8073.726s][debug][gc,phases      ] GC(186) Reference Processing 0.102ms
[8073.726s][debug][gc,phases      ] GC(186)   VM Weak                        Min:  0.0, Avg:  0.0, Max:  0.0, Diff:  0.0, Sum:  0.0, Workers: 4
[8073.726s][debug][gc,phases      ] GC(186)     Dead                           Min: 0, Avg:  0.0, Max: 0, Diff: 0, Sum: 0, Workers: 4
[8073.726s][debug][gc,phases      ] GC(186)     Total                          Min: 0, Avg: 154.8, Max: 364, Diff: 364, Sum: 619, Workers: 4
[8073.726s][debug][gc,phases      ] GC(186)   ObjectSynchronizer Weak        Min:  0.0, Avg:  0.0, Max:  0.0, Diff:  0.0, Sum:  0.0, Workers: 4
[8073.726s][debug][gc,phases      ] GC(186)     Dead                           Min: 0, Avg:  0.0, Max: 0, Diff: 0, Sum: 0, Workers: 4
[8073.726s][debug][gc,phases      ] GC(186)     Total                          Min: 0, Avg: 11.2, Max: 45, Diff: 45, Sum: 45, Workers: 4
[8073.726s][debug][gc,phases      ] GC(186)   JVMTI Tag Weak OopStorage      Min:  0.0, Avg:  0.0, Max:  0.0, Diff:  0.0, Sum:  0.0, Workers: 4
[8073.726s][debug][gc,phases      ] GC(186)     Dead                           Min: 0, Avg:  0.0, Max: 0, Diff: 0, Sum: 0, Workers: 4
[8073.726s][debug][gc,phases      ] GC(186)     Total                          Min: 0, Avg:  0.0, Max: 0, Diff: 0, Sum: 0, Workers: 4
[8073.726s][debug][gc,phases      ] GC(186)   StringTable Weak               Min:  0.0, Avg:  0.1, Max:  0.1, Diff:  0.1, Sum:  0.3, Workers: 4
[8073.726s][debug][gc,phases      ] GC(186)     Dead                           Min: 0, Avg:  0.0, Max: 0, Diff: 0, Sum: 0, Workers: 4
[8073.726s][debug][gc,phases      ] GC(186)     Total                          Min: 0, Avg: 10729.5, Max: 18813, Diff: 18813, Sum: 42918, Workers: 4
[8073.726s][debug][gc,phases      ] GC(186)   ResolvedMethodTable Weak       Min:  0.0, Avg:  0.0, Max:  0.0, Diff:  0.0, Sum:  0.1, Workers: 4
[8073.726s][debug][gc,phases      ] GC(186)     Dead                           Min: 0, Avg:  0.0, Max: 0, Diff: 0, Sum: 0, Workers: 4
[8073.726s][debug][gc,phases      ] GC(186)     Total                          Min: 0, Avg: 2174.2, Max: 3968, Diff: 3968, Sum: 8697, Workers: 4
[8073.726s][debug][gc,phases      ] GC(186)   JNI Weak                       Min:  0.0, Avg:  0.0, Max:  0.0, Diff:  0.0, Sum:  0.0, Workers: 4
[8073.726s][debug][gc,phases      ] GC(186)     Dead                           Min: 0, Avg:  0.0, Max: 0, Diff: 0, Sum: 0, Workers: 4
[8073.726s][debug][gc,phases      ] GC(186)     Total                          Min: 0, Avg: 11.2, Max: 45, Diff: 45, Sum: 45, Workers: 4
[8073.726s][debug][gc,phases      ] GC(186)   StringDedup Table Weak         Min:  0.0, Avg:  0.0, Max:  0.0, Diff:  0.0, Sum:  0.0, Workers: 4
[8073.726s][debug][gc,phases      ] GC(186)     Dead                           Min: 0, Avg:  0.0, Max: 0, Diff: 0, Sum: 0, Workers: 4
[8073.726s][debug][gc,phases      ] GC(186)     Total                          Min: 0, Avg:  0.0, Max: 0, Diff: 0, Sum: 0, Workers: 4
[8073.726s][debug][gc,phases      ] GC(186)   StringDedup Requests0 Weak     Min:  0.0, Avg:  0.0, Max:  0.0, Diff:  0.0, Sum:  0.0, Workers: 4
[8073.726s][debug][gc,phases      ] GC(186)     Dead                           Min: 0, Avg:  0.0, Max: 0, Diff: 0, Sum: 0, Workers: 4
[8073.726s][debug][gc,phases      ] GC(186)     Total                          Min: 0, Avg:  0.0, Max: 0, Diff: 0, Sum: 0, Workers: 4
[8073.726s][debug][gc,phases      ] GC(186)   StringDedup Requests1 Weak     Min:  0.0, Avg:  0.0, Max:  0.0, Diff:  0.0, Sum:  0.0, Workers: 4
[8073.726s][debug][gc,phases      ] GC(186)     Dead                           Min: 0, Avg:  0.0, Max: 0, Diff: 0, Sum: 0, Workers: 4
[8073.726s][debug][gc,phases      ] GC(186)     Total                          Min: 0, Avg:  0.0, Max: 0, Diff: 0, Sum: 0, Workers: 4
[8073.726s][debug][gc,phases      ] GC(186)   Weak JFR Old Object Samples    Min:  0.0, Avg:  0.0, Max:  0.0, Diff:  0.0, Sum:  0.0, Workers: 4
[8073.726s][debug][gc,phases      ] GC(186)     Dead                           Min: 0, Avg:  0.0, Max: 0, Diff: 0, Sum: 0, Workers: 4
[8073.726s][debug][gc,phases      ] GC(186)     Total                          Min: 0, Avg:  0.0, Max: 0, Diff: 0, Sum: 0, Workers: 4
[8073.726s][debug][gc,phases      ] GC(186) Weak Processing 0.309ms
[8073.726s][debug][gc,age         ] GC(186) Desired survivor size 83886080 bytes, new threshold 15 (max threshold 15)
[8073.726s][info ][gc,heap        ] GC(186) PSYoungGen: 1938416K(2014720K)->6245K(2015232K) Eden: 1933312K(1933312K)->0K(1933312K) From: 5104K(81408K)->6245K(81920K)
[8073.726s][info ][gc,heap        ] GC(186) ParOldGen: 407269K(570368K)->407269K(570368K)
[8073.726s][info ][gc,metaspace   ] GC(186) Metaspace: 80109K(81088K)->80109K(81088K) NonClass: 68957K(69440K)->68957K(69440K) Class: 11152K(11648K)->11152K(11648K)
[8073.726s][info ][gc             ] GC(186) Pause Young (Allocation Failure) 2290M->403M(2525M) 4.894ms
[8073.726s][info ][gc,cpu         ] GC(186) User=0.01s Sys=0.00s Real=0.00s
[8073.726s][info ][safepoint      ] Safepoint "ParallelGCFailedAllocation", Time since last: 804120007 ns, Reaching safepoint: 92400 ns, At safepoint: 4964797 ns, Total: 5057197 ns
[8077.726s][info ][safepoint      ] Safepoint "Cleanup", Time since last: 4000271711 ns, Reaching safepoint: 43800 ns, At safepoint: 9800 ns, Total: 53600 ns
[8082.727s][info ][safepoint      ] Safepoint "Cleanup", Time since last: 5000284637 ns, Reaching safepoint: 28000 ns, At safepoint: 2700 ns, Total: 30700 ns
[8084.727s][info ][safepoint      ] Safepoint "Cleanup", Time since last: 2000167351 ns, Reaching safepoint: 42000 ns, At safepoint: 5300 ns, Total: 47300 ns
[8089.727s][info ][safepoint      ] Safepoint "Cleanup", Time since last: 5000317920 ns, Reaching safepoint: 40400 ns, At safepoint: 3500 ns, Total: 43900 ns
[8093.727s][info ][safepoint      ] Safepoint "Cleanup", Time since last: 4000289796 ns, Reaching safepoint: 23900 ns, At safepoint: 2300 ns, Total: 26200 ns
[8102.728s][info ][safepoint      ] Safepoint "Cleanup", Time since last: 9000579651 ns, Reaching safepoint: 36700 ns, At safepoint: 3500 ns, Total: 40200 ns
[8105.728s][info ][safepoint      ] Safepoint "Cleanup", Time since last: 3000220325 ns, Reaching safepoint: 39500 ns, At safepoint: 4100 ns, Total: 43600 ns
[8116.709s][info ][gc,start       ] GC(187) Pause Young (Allocation Failure)
[8116.712s][debug][gc,phases      ] GC(187) Scavenge 2.976ms
[8116.712s][debug][gc,ref         ] GC(187) Skipped phase 1 of Reference Processing: no references
[8116.712s][debug][gc,ref         ] GC(187) ReferenceProcessor::execute queues: 1, RefProcThreadModel::Single, marks_oops_alive: false
[8116.712s][debug][gc,ref         ] GC(187) Skipped phase 3 of Reference Processing: no references
[8116.712s][debug][gc,ref         ] GC(187) ReferenceProcessor::execute queues: 1, RefProcThreadModel::Single, marks_oops_alive: false
[8116.712s][debug][gc,phases      ] GC(187) Reference Processing 0.075ms
[8116.712s][debug][gc,phases      ] GC(187)   VM Weak                        Min:  0.0, Avg:  0.0, Max:  0.0, Diff:  0.0, Sum:  0.0, Workers: 4
[8116.712s][debug][gc,phases      ] GC(187)     Dead                           Min: 0, Avg:  0.0, Max: 0, Diff: 0, Sum: 0, Workers: 4
[8116.712s][debug][gc,phases      ] GC(187)     Total                          Min: 0, Avg: 154.8, Max: 619, Diff: 619, Sum: 619, Workers: 4
[8116.712s][debug][gc,phases      ] GC(187)   ObjectSynchronizer Weak        Min:  0.0, Avg:  0.0, Max:  0.0, Diff:  0.0, Sum:  0.0, Workers: 4
[8116.712s][debug][gc,phases      ] GC(187)     Dead                           Min: 0, Avg:  0.0, Max: 0, Diff: 0, Sum: 0, Workers: 4
[8116.712s][debug][gc,phases      ] GC(187)     Total                          Min: 0, Avg: 11.2, Max: 45, Diff: 45, Sum: 45, Workers: 4
[8116.712s][debug][gc,phases      ] GC(187)   JVMTI Tag Weak OopStorage      Min:  0.0, Avg:  0.0, Max:  0.0, Diff:  0.0, Sum:  0.0, Workers: 4
[8116.712s][debug][gc,phases      ] GC(187)     Dead                           Min: 0, Avg:  0.0, Max: 0, Diff: 0, Sum: 0, Workers: 4
[8116.712s][debug][gc,phases      ] GC(187)     Total                          Min: 0, Avg:  0.0, Max: 0, Diff: 0, Sum: 0, Workers: 4
[8116.712s][debug][gc,phases      ] GC(187)   StringTable Weak               Min:  0.1, Avg:  0.1, Max:  0.1, Diff:  0.0, Sum:  0.4, Workers: 4
[8116.712s][debug][gc,phases      ] GC(187)     Dead                           Min: 0, Avg:  0.0, Max: 0, Diff: 0, Sum: 0, Workers: 4
[8116.712s][debug][gc,phases      ] GC(187)     Total                          Min: 10111, Avg: 10729.5, Max: 11775, Diff: 1664, Sum: 42918, Workers: 4
[8116.712s][debug][gc,phases      ] GC(187)   ResolvedMethodTable Weak       Min:  0.0, Avg:  0.0, Max:  0.0, Diff:  0.0, Sum:  0.1, Workers: 4
[8116.712s][debug][gc,phases      ] GC(187)     Dead                           Min: 0, Avg:  0.0, Max: 0, Diff: 0, Sum: 0, Workers: 4
[8116.712s][debug][gc,phases      ] GC(187)     Total                          Min: 2172, Avg: 2174.2, Max: 2176, Diff: 4, Sum: 8697, Workers: 4
[8116.712s][debug][gc,phases      ] GC(187)   JNI Weak                       Min:  0.0, Avg:  0.0, Max:  0.0, Diff:  0.0, Sum:  0.0, Workers: 4
[8116.712s][debug][gc,phases      ] GC(187)     Dead                           Min: 0, Avg:  0.0, Max: 0, Diff: 0, Sum: 0, Workers: 4
[8116.712s][debug][gc,phases      ] GC(187)     Total                          Min: 0, Avg: 11.2, Max: 45, Diff: 45, Sum: 45, Workers: 4
[8116.712s][debug][gc,phases      ] GC(187)   StringDedup Table Weak         Min:  0.0, Avg:  0.0, Max:  0.0, Diff:  0.0, Sum:  0.0, Workers: 4
[8116.712s][debug][gc,phases      ] GC(187)     Dead                           Min: 0, Avg:  0.0, Max: 0, Diff: 0, Sum: 0, Workers: 4
[8116.712s][debug][gc,phases      ] GC(187)     Total                          Min: 0, Avg:  0.0, Max: 0, Diff: 0, Sum: 0, Workers: 4
[8116.712s][debug][gc,phases      ] GC(187)   StringDedup Requests0 Weak     Min:  0.0, Avg:  0.0, Max:  0.0, Diff:  0.0, Sum:  0.0, Workers: 4
[8116.712s][debug][gc,phases      ] GC(187)     Dead                           Min: 0, Avg:  0.0, Max: 0, Diff: 0, Sum: 0, Workers: 4
[8116.712s][debug][gc,phases      ] GC(187)     Total                          Min: 0, Avg:  0.0, Max: 0, Diff: 0, Sum: 0, Workers: 4
[8116.712s][debug][gc,phases      ] GC(187)   StringDedup Requests1 Weak     Min:  0.0, Avg:  0.0, Max:  0.0, Diff:  0.0, Sum:  0.0, Workers: 4
[8116.712s][debug][gc,phases      ] GC(187)     Dead                           Min: 0, Avg:  0.0, Max: 0, Diff: 0, Sum: 0, Workers: 4
[8116.712s][debug][gc,phases      ] GC(187)     Total                          Min: 0, Avg:  0.0, Max: 0, Diff: 0, Sum: 0, Workers: 4
[8116.712s][debug][gc,phases      ] GC(187)   Weak JFR Old Object Samples    Min:  0.0, Avg:  0.0, Max:  0.0, Diff:  0.0, Sum:  0.0, Workers: 4
[8116.712s][debug][gc,phases      ] GC(187)     Dead                           Min: 0, Avg:  0.0, Max: 0, Diff: 0, Sum: 0, Workers: 4
[8116.712s][debug][gc,phases      ] GC(187)     Total                          Min: 0, Avg:  0.0, Max: 0, Diff: 0, Sum: 0, Workers: 4
[8116.712s][debug][gc,phases      ] GC(187) Weak Processing 0.271ms
[8116.712s][debug][gc,age         ] GC(187) Desired survivor size 82837504 bytes, new threshold 15 (max threshold 15)
[8116.712s][info ][gc,heap        ] GC(187) PSYoungGen: 1939557K(2015232K)->5808K(2016256K) Eden: 1933312K(1933312K)->0K(1934336K) From: 6245K(81920K)->5808K(81920K)
[8116.712s][info ][gc,heap        ] GC(187) ParOldGen: 407269K(570368K)->407269K(570368K)
[8116.712s][info ][gc,metaspace   ] GC(187) Metaspace: 80115K(81088K)->80115K(81088K) NonClass: 68963K(69440K)->68963K(69440K) Class: 11152K(11648K)->11152K(11648K)
[8116.712s][info ][gc             ] GC(187) Pause Young (Allocation Failure) 2291M->403M(2526M) 3.409ms
[8116.713s][info ][gc,cpu         ] GC(187) User=0.01s Sys=0.00s Real=0.00s
[8116.713s][info ][safepoint      ] Safepoint "ParallelGCFailedAllocation", Time since last: 10980699059 ns, Reaching safepoint: 23600 ns, At safepoint: 3474598 ns, Total: 3498198 ns
[8130.714s][info ][safepoint      ] Safepoint "Cleanup", Time since last: 14000909958 ns, Reaching safepoint: 114400 ns, At safepoint: 7300 ns, Total: 121700 ns
[8146.716s][info ][safepoint      ] Safepoint "Cleanup", Time since last: 16001089520 ns, Reaching safepoint: 1036199 ns, At safepoint: 7700 ns, Total: 1043899 ns
[8157.716s][info ][safepoint      ] Safepoint "Cleanup", Time since last: 11000702473 ns, Reaching safepoint: 37200 ns, At safepoint: 2800 ns, Total: 40000 ns
[8159.866s][info ][gc,start       ] GC(188) Pause Young (Allocation Failure)
[8159.871s][debug][gc,phases      ] GC(188) Scavenge 4.486ms
[8159.871s][debug][gc,ref         ] GC(188) Skipped phase 1 of Reference Processing: no references
[8159.871s][debug][gc,ref         ] GC(188) ReferenceProcessor::execute queues: 1, RefProcThreadModel::Single, marks_oops_alive: false
[8159.871s][debug][gc,ref         ] GC(188) Skipped phase 3 of Reference Processing: no references
[8159.871s][debug][gc,ref         ] GC(188) ReferenceProcessor::execute queues: 1, RefProcThreadModel::Single, marks_oops_alive: false
[8159.871s][debug][gc,phases      ] GC(188) Reference Processing 0.084ms
[8159.871s][debug][gc,phases      ] GC(188)   VM Weak                        Min:  0.0, Avg:  0.0, Max:  0.0, Diff:  0.0, Sum:  0.0, Workers: 4
[8159.871s][debug][gc,phases      ] GC(188)     Dead                           Min: 0, Avg:  0.0, Max: 0, Diff: 0, Sum: 0, Workers: 4
[8159.871s][debug][gc,phases      ] GC(188)     Total                          Min: 0, Avg: 154.8, Max: 563, Diff: 563, Sum: 619, Workers: 4
[8159.871s][debug][gc,phases      ] GC(188)   ObjectSynchronizer Weak        Min:  0.0, Avg:  0.0, Max:  0.0, Diff:  0.0, Sum:  0.0, Workers: 4
[8159.871s][debug][gc,phases      ] GC(188)     Dead                           Min: 0, Avg:  0.0, Max: 0, Diff: 0, Sum: 0, Workers: 4
[8159.871s][debug][gc,phases      ] GC(188)     Total                          Min: 0, Avg: 11.2, Max: 45, Diff: 45, Sum: 45, Workers: 4
[8159.871s][debug][gc,phases      ] GC(188)   JVMTI Tag Weak OopStorage      Min:  0.0, Avg:  0.0, Max:  0.0, Diff:  0.0, Sum:  0.0, Workers: 4
[8159.871s][debug][gc,phases      ] GC(188)     Dead                           Min: 0, Avg:  0.0, Max: 0, Diff: 0, Sum: 0, Workers: 4
[8159.871s][debug][gc,phases      ] GC(188)     Total                          Min: 0, Avg:  0.0, Max: 0, Diff: 0, Sum: 0, Workers: 4
[8159.871s][debug][gc,phases      ] GC(188)   StringTable Weak               Min:  0.1, Avg:  0.1, Max:  0.1, Diff:  0.0, Sum:  0.4, Workers: 4
[8159.871s][debug][gc,phases      ] GC(188)     Dead                           Min: 0, Avg:  0.0, Max: 0, Diff: 0, Sum: 0, Workers: 4
[8159.871s][debug][gc,phases      ] GC(188)     Total                          Min: 8745, Avg: 10729.5, Max: 12989, Diff: 4244, Sum: 42918, Workers: 4
[8159.871s][debug][gc,phases      ] GC(188)   ResolvedMethodTable Weak       Min:  0.0, Avg:  0.0, Max:  0.0, Diff:  0.0, Sum:  0.1, Workers: 4
[8159.871s][debug][gc,phases      ] GC(188)     Dead                           Min: 0, Avg:  0.0, Max: 0, Diff: 0, Sum: 0, Workers: 4
[8159.871s][debug][gc,phases      ] GC(188)     Total                          Min: 1984, Avg: 2174.2, Max: 2492, Diff: 508, Sum: 8697, Workers: 4
[8159.871s][debug][gc,phases      ] GC(188)   JNI Weak                       Min:  0.0, Avg:  0.0, Max:  0.0, Diff:  0.0, Sum:  0.0, Workers: 4
[8159.871s][debug][gc,phases      ] GC(188)     Dead                           Min: 0, Avg:  0.0, Max: 0, Diff: 0, Sum: 0, Workers: 4
[8159.871s][debug][gc,phases      ] GC(188)     Total                          Min: 0, Avg: 11.2, Max: 45, Diff: 45, Sum: 45, Workers: 4
[8159.871s][debug][gc,phases      ] GC(188)   StringDedup Table Weak         Min:  0.0, Avg:  0.0, Max:  0.0, Diff:  0.0, Sum:  0.0, Workers: 4
[8159.871s][debug][gc,phases      ] GC(188)     Dead                           Min: 0, Avg:  0.0, Max: 0, Diff: 0, Sum: 0, Workers: 4
[8159.871s][debug][gc,phases      ] GC(188)     Total                          Min: 0, Avg:  0.0, Max: 0, Diff: 0, Sum: 0, Workers: 4
[8159.871s][debug][gc,phases      ] GC(188)   StringDedup Requests0 Weak     Min:  0.0, Avg:  0.0, Max:  0.0, Diff:  0.0, Sum:  0.0, Workers: 4
[8159.871s][debug][gc,phases      ] GC(188)     Dead                           Min: 0, Avg:  0.0, Max: 0, Diff: 0, Sum: 0, Workers: 4
[8159.871s][debug][gc,phases      ] GC(188)     Total                          Min: 0, Avg:  0.0, Max: 0, Diff: 0, Sum: 0, Workers: 4
[8159.871s][debug][gc,phases      ] GC(188)   StringDedup Requests1 Weak     Min:  0.0, Avg:  0.0, Max:  0.0, Diff:  0.0, Sum:  0.0, Workers: 4
[8159.871s][debug][gc,phases      ] GC(188)     Dead                           Min: 0, Avg:  0.0, Max: 0, Diff: 0, Sum: 0, Workers: 4
[8159.871s][debug][gc,phases      ] GC(188)     Total                          Min: 0, Avg:  0.0, Max: 0, Diff: 0, Sum: 0, Workers: 4
[8159.871s][debug][gc,phases      ] GC(188)   Weak JFR Old Object Samples    Min:  0.0, Avg:  0.0, Max:  0.0, Diff:  0.0, Sum:  0.0, Workers: 4
[8159.871s][debug][gc,phases      ] GC(188)     Dead                           Min: 0, Avg:  0.0, Max: 0, Diff: 0, Sum: 0, Workers: 4
[8159.871s][debug][gc,phases      ] GC(188)     Total                          Min: 0, Avg:  0.0, Max: 0, Diff: 0, Sum: 0, Workers: 4
[8159.871s][debug][gc,phases      ] GC(188) Weak Processing 0.274ms
[8159.871s][debug][gc,age         ] GC(188) Desired survivor size 81264640 bytes, new threshold 15 (max threshold 15)
[8159.871s][info ][gc,heap        ] GC(188) PSYoungGen: 1940144K(2016256K)->5664K(2015232K) Eden: 1934336K(1934336K)->0K(1934336K) From: 5808K(81920K)->5664K(80896K)
[8159.871s][info ][gc,heap        ] GC(188) ParOldGen: 407269K(570368K)->407269K(570368K)
[8159.871s][info ][gc,metaspace   ] GC(188) Metaspace: 80126K(81088K)->80126K(81088K) NonClass: 68974K(69440K)->68974K(69440K) Class: 11152K(11648K)->11152K(11648K)
[8159.871s][info ][gc             ] GC(188) Pause Young (Allocation Failure) 2292M->403M(2525M) 4.934ms
[8159.871s][info ][gc,cpu         ] GC(188) User=0.02s Sys=0.00s Real=0.01s
[8159.871s][info ][safepoint      ] Safepoint "ParallelGCFailedAllocation", Time since last: 2149783970 ns, Reaching safepoint: 23100 ns, At safepoint: 4994896 ns, Total: 5017996 ns
[8173.872s][info ][safepoint      ] Safepoint "Cleanup", Time since last: 14000840565 ns, Reaching safepoint: 45100 ns, At safepoint: 2600 ns, Total: 47700 ns
[8185.873s][info ][safepoint      ] Safepoint "Cleanup", Time since last: 12000812389 ns, Reaching safepoint: 27000 ns, At safepoint: 2100 ns, Total: 29100 ns
[8194.874s][info ][safepoint      ] Safepoint "Cleanup", Time since last: 9000587481 ns, Reaching safepoint: 28700 ns, At safepoint: 2600 ns, Total: 31300 ns
[8201.965s][info ][gc,start       ] GC(189) Pause Young (Allocation Failure)
[8201.968s][debug][gc,phases      ] GC(189) Scavenge 2.912ms
[8201.968s][debug][gc,ref         ] GC(189) Skipped phase 1 of Reference Processing: no references
[8201.968s][debug][gc,ref         ] GC(189) ReferenceProcessor::execute queues: 1, RefProcThreadModel::Single, marks_oops_alive: false
[8201.968s][debug][gc,ref         ] GC(189) Skipped phase 3 of Reference Processing: no references
[8201.968s][debug][gc,ref         ] GC(189) ReferenceProcessor::execute queues: 1, RefProcThreadModel::Single, marks_oops_alive: false
[8201.968s][debug][gc,phases      ] GC(189) Reference Processing 0.083ms
[8201.968s][debug][gc,phases      ] GC(189)   VM Weak                        Min:  0.0, Avg:  0.0, Max:  0.0, Diff:  0.0, Sum:  0.0, Workers: 4
[8201.968s][debug][gc,phases      ] GC(189)     Dead                           Min: 0, Avg:  0.0, Max: 0, Diff: 0, Sum: 0, Workers: 4
[8201.968s][debug][gc,phases      ] GC(189)     Total                          Min: 0, Avg: 154.8, Max: 619, Diff: 619, Sum: 619, Workers: 4
[8201.968s][debug][gc,phases      ] GC(189)   ObjectSynchronizer Weak        Min:  0.0, Avg:  0.0, Max:  0.0, Diff:  0.0, Sum:  0.0, Workers: 4
[8201.968s][debug][gc,phases      ] GC(189)     Dead                           Min: 0, Avg:  0.0, Max: 0, Diff: 0, Sum: 0, Workers: 4
[8201.968s][debug][gc,phases      ] GC(189)     Total                          Min: 0, Avg: 11.2, Max: 45, Diff: 45, Sum: 45, Workers: 4
[8201.968s][debug][gc,phases      ] GC(189)   JVMTI Tag Weak OopStorage      Min:  0.0, Avg:  0.0, Max:  0.0, Diff:  0.0, Sum:  0.0, Workers: 4
[8201.968s][debug][gc,phases      ] GC(189)     Dead                           Min: 0, Avg:  0.0, Max: 0, Diff: 0, Sum: 0, Workers: 4
[8201.968s][debug][gc,phases      ] GC(189)     Total                          Min: 0, Avg:  0.0, Max: 0, Diff: 0, Sum: 0, Workers: 4
[8201.968s][debug][gc,phases      ] GC(189)   StringTable Weak               Min:  0.1, Avg:  0.1, Max:  0.1, Diff:  0.0, Sum:  0.4, Workers: 4
[8201.968s][debug][gc,phases      ] GC(189)     Dead                           Min: 0, Avg:  0.0, Max: 0, Diff: 0, Sum: 0, Workers: 4
[8201.968s][debug][gc,phases      ] GC(189)     Total                          Min: 10175, Avg: 10729.5, Max: 11005, Diff: 830, Sum: 42918, Workers: 4
[8201.968s][debug][gc,phases      ] GC(189)   ResolvedMethodTable Weak       Min:  0.0, Avg:  0.0, Max:  0.0, Diff:  0.0, Sum:  0.1, Workers: 4
[8201.968s][debug][gc,phases      ] GC(189)     Dead                           Min: 0, Avg:  0.0, Max: 0, Diff: 0, Sum: 0, Workers: 4
[8201.968s][debug][gc,phases      ] GC(189)     Total                          Min: 2105, Avg: 2174.2, Max: 2240, Diff: 135, Sum: 8697, Workers: 4
[8201.968s][debug][gc,phases      ] GC(189)   JNI Weak                       Min:  0.0, Avg:  0.0, Max:  0.0, Diff:  0.0, Sum:  0.0, Workers: 4
[8201.968s][debug][gc,phases      ] GC(189)     Dead                           Min: 0, Avg:  0.0, Max: 0, Diff: 0, Sum: 0, Workers: 4
[8201.968s][debug][gc,phases      ] GC(189)     Total                          Min: 0, Avg: 11.2, Max: 45, Diff: 45, Sum: 45, Workers: 4
[8201.968s][debug][gc,phases      ] GC(189)   StringDedup Table Weak         Min:  0.0, Avg:  0.0, Max:  0.0, Diff:  0.0, Sum:  0.0, Workers: 4
[8201.968s][debug][gc,phases      ] GC(189)     Dead                           Min: 0, Avg:  0.0, Max: 0, Diff: 0, Sum: 0, Workers: 4
[8201.968s][debug][gc,phases      ] GC(189)     Total                          Min: 0, Avg:  0.0, Max: 0, Diff: 0, Sum: 0, Workers: 4
[8201.968s][debug][gc,phases      ] GC(189)   StringDedup Requests0 Weak     Min:  0.0, Avg:  0.0, Max:  0.0, Diff:  0.0, Sum:  0.0, Workers: 4
[8201.968s][debug][gc,phases      ] GC(189)     Dead                           Min: 0, Avg:  0.0, Max: 0, Diff: 0, Sum: 0, Workers: 4
[8201.968s][debug][gc,phases      ] GC(189)     Total                          Min: 0, Avg:  0.0, Max: 0, Diff: 0, Sum: 0, Workers: 4
[8201.968s][debug][gc,phases      ] GC(189)   StringDedup Requests1 Weak     Min:  0.0, Avg:  0.0, Max:  0.0, Diff:  0.0, Sum:  0.0, Workers: 4
[8201.968s][debug][gc,phases      ] GC(189)     Dead                           Min: 0, Avg:  0.0, Max: 0, Diff: 0, Sum: 0, Workers: 4
[8201.968s][debug][gc,phases      ] GC(189)     Total                          Min: 0, Avg:  0.0, Max: 0, Diff: 0, Sum: 0, Workers: 4
[8201.968s][debug][gc,phases      ] GC(189)   Weak JFR Old Object Samples    Min:  0.0, Avg:  0.0, Max:  0.0, Diff:  0.0, Sum:  0.0, Workers: 4
[8201.968s][debug][gc,phases      ] GC(189)     Dead                           Min: 0, Avg:  0.0, Max: 0, Diff: 0, Sum: 0, Workers: 4
[8201.968s][debug][gc,phases      ] GC(189)     Total                          Min: 0, Avg:  0.0, Max: 0, Diff: 0, Sum: 0, Workers: 4
[8201.968s][debug][gc,phases      ] GC(189) Weak Processing 0.281ms
[8201.968s][debug][gc,age         ] GC(189) Desired survivor size 79167488 bytes, new threshold 15 (max threshold 15)
[8201.968s][info ][gc,heap        ] GC(189) PSYoungGen: 1940000K(2015232K)->5888K(2019840K) Eden: 1934336K(1934336K)->0K(1940480K) From: 5664K(80896K)->5888K(79360K)
[8201.968s][info ][gc,heap        ] GC(189) ParOldGen: 407269K(570368K)->407269K(570368K)
[8201.968s][info ][gc,metaspace   ] GC(189) Metaspace: 80127K(81088K)->80127K(81088K) NonClass: 68975K(69440K)->68975K(69440K) Class: 11152K(11648K)->11152K(11648K)
[8201.968s][info ][gc             ] GC(189) Pause Young (Allocation Failure) 2292M->403M(2529M) 3.366ms
[8201.968s][info ][gc,cpu         ] GC(189) User=0.01s Sys=0.00s Real=0.01s
[8201.968s][info ][safepoint      ] Safepoint "ParallelGCFailedAllocation", Time since last: 7091171145 ns, Reaching safepoint: 22300 ns, At safepoint: 3426197 ns, Total: 3448497 ns
[8207.969s][info ][safepoint      ] Safepoint "Cleanup", Time since last: 6000387386 ns, Reaching safepoint: 45300 ns, At safepoint: 11900 ns, Total: 57200 ns
[8212.969s][info ][safepoint      ] Safepoint "Cleanup", Time since last: 5000296400 ns, Reaching safepoint: 34900 ns, At safepoint: 2700 ns, Total: 37600 ns
[8219.970s][info ][safepoint      ] Safepoint "Cleanup", Time since last: 7000494391 ns, Reaching safepoint: 46300 ns, At safepoint: 2100 ns, Total: 48400 ns
[8225.970s][info ][safepoint      ] Safepoint "Cleanup", Time since last: 6000416007 ns, Reaching safepoint: 36700 ns, At safepoint: 17900 ns, Total: 54600 ns
[8228.970s][info ][safepoint      ] Safepoint "Cleanup", Time since last: 3000204569 ns, Reaching safepoint: 39000 ns, At safepoint: 7000 ns, Total: 46000 ns
[8236.971s][info ][safepoint      ] Safepoint "Cleanup", Time since last: 8000493540 ns, Reaching safepoint: 37600 ns, At safepoint: 4300 ns, Total: 41900 ns
[8244.862s][info ][gc,start       ] GC(190) Pause Young (Allocation Failure)
[8244.867s][debug][gc,phases      ] GC(190) Scavenge 5.025ms
[8244.867s][debug][gc,ref         ] GC(190) Skipped phase 1 of Reference Processing: no references
[8244.867s][debug][gc,ref         ] GC(190) ReferenceProcessor::execute queues: 1, RefProcThreadModel::Single, marks_oops_alive: false
[8244.867s][debug][gc,ref         ] GC(190) Skipped phase 3 of Reference Processing: no references
[8244.867s][debug][gc,ref         ] GC(190) ReferenceProcessor::execute queues: 1, RefProcThreadModel::Single, marks_oops_alive: false
[8244.867s][debug][gc,phases      ] GC(190) Reference Processing 0.079ms
[8244.868s][debug][gc,phases      ] GC(190)   VM Weak                        Min:  0.0, Avg:  0.0, Max:  0.0, Diff:  0.0, Sum:  0.0, Workers: 4
[8244.868s][debug][gc,phases      ] GC(190)     Dead                           Min: 0, Avg:  0.0, Max: 0, Diff: 0, Sum: 0, Workers: 4
[8244.868s][debug][gc,phases      ] GC(190)     Total                          Min: 0, Avg: 154.8, Max: 558, Diff: 558, Sum: 619, Workers: 4
[8244.868s][debug][gc,phases      ] GC(190)   ObjectSynchronizer Weak        Min:  0.0, Avg:  0.0, Max:  0.0, Diff:  0.0, Sum:  0.0, Workers: 4
[8244.868s][debug][gc,phases      ] GC(190)     Dead                           Min: 0, Avg:  0.0, Max: 0, Diff: 0, Sum: 0, Workers: 4
[8244.868s][debug][gc,phases      ] GC(190)     Total                          Min: 0, Avg: 11.2, Max: 45, Diff: 45, Sum: 45, Workers: 4
[8244.868s][debug][gc,phases      ] GC(190)   JVMTI Tag Weak OopStorage      Min:  0.0, Avg:  0.0, Max:  0.0, Diff:  0.0, Sum:  0.0, Workers: 4
[8244.868s][debug][gc,phases      ] GC(190)     Dead                           Min: 0, Avg:  0.0, Max: 0, Diff: 0, Sum: 0, Workers: 4
[8244.868s][debug][gc,phases      ] GC(190)     Total                          Min: 0, Avg:  0.0, Max: 0, Diff: 0, Sum: 0, Workers: 4
[8244.868s][debug][gc,phases      ] GC(190)   StringTable Weak               Min:  0.1, Avg:  0.1, Max:  0.1, Diff:  0.0, Sum:  0.4, Workers: 4
[8244.868s][debug][gc,phases      ] GC(190)     Dead                           Min: 0, Avg:  0.0, Max: 0, Diff: 0, Sum: 0, Workers: 4
[8244.868s][debug][gc,phases      ] GC(190)     Total                          Min: 10112, Avg: 10729.5, Max: 11881, Diff: 1769, Sum: 42918, Workers: 4
[8244.868s][debug][gc,phases      ] GC(190)   ResolvedMethodTable Weak       Min:  0.0, Avg:  0.0, Max:  0.0, Diff:  0.0, Sum:  0.1, Workers: 4
[8244.868s][debug][gc,phases      ] GC(190)     Dead                           Min: 0, Avg:  0.0, Max: 0, Diff: 0, Sum: 0, Workers: 4
[8244.868s][debug][gc,phases      ] GC(190)     Total                          Min: 2045, Avg: 2174.2, Max: 2432, Diff: 387, Sum: 8697, Workers: 4
[8244.868s][debug][gc,phases      ] GC(190)   JNI Weak                       Min:  0.0, Avg:  0.0, Max:  0.0, Diff:  0.0, Sum:  0.0, Workers: 4
[8244.868s][debug][gc,phases      ] GC(190)     Dead                           Min: 0, Avg:  0.0, Max: 0, Diff: 0, Sum: 0, Workers: 4
[8244.868s][debug][gc,phases      ] GC(190)     Total                          Min: 0, Avg: 11.2, Max: 45, Diff: 45, Sum: 45, Workers: 4
[8244.868s][debug][gc,phases      ] GC(190)   StringDedup Table Weak         Min:  0.0, Avg:  0.0, Max:  0.0, Diff:  0.0, Sum:  0.0, Workers: 4
[8244.868s][debug][gc,phases      ] GC(190)     Dead                           Min: 0, Avg:  0.0, Max: 0, Diff: 0, Sum: 0, Workers: 4
[8244.868s][debug][gc,phases      ] GC(190)     Total                          Min: 0, Avg:  0.0, Max: 0, Diff: 0, Sum: 0, Workers: 4
[8244.868s][debug][gc,phases      ] GC(190)   StringDedup Requests0 Weak     Min:  0.0, Avg:  0.0, Max:  0.0, Diff:  0.0, Sum:  0.0, Workers: 4
[8244.868s][debug][gc,phases      ] GC(190)     Dead                           Min: 0, Avg:  0.0, Max: 0, Diff: 0, Sum: 0, Workers: 4
[8244.868s][debug][gc,phases      ] GC(190)     Total                          Min: 0, Avg:  0.0, Max: 0, Diff: 0, Sum: 0, Workers: 4
[8244.868s][debug][gc,phases      ] GC(190)   StringDedup Requests1 Weak     Min:  0.0, Avg:  0.0, Max:  0.0, Diff:  0.0, Sum:  0.0, Workers: 4
[8244.868s][debug][gc,phases      ] GC(190)     Dead                           Min: 0, Avg:  0.0, Max: 0, Diff: 0, Sum: 0, Workers: 4
[8244.868s][debug][gc,phases      ] GC(190)     Total                          Min: 0, Avg:  0.0, Max: 0, Diff: 0, Sum: 0, Workers: 4
[8244.868s][debug][gc,phases      ] GC(190)   Weak JFR Old Object Samples    Min:  0.0, Avg:  0.0, Max:  0.0, Diff:  0.0, Sum:  0.0, Workers: 4
[8244.868s][debug][gc,phases      ] GC(190)     Dead                           Min: 0, Avg:  0.0, Max: 0, Diff: 0, Sum: 0, Workers: 4
[8244.868s][debug][gc,phases      ] GC(190)     Total                          Min: 0, Avg:  0.0, Max: 0, Diff: 0, Sum: 0, Workers: 4
[8244.868s][debug][gc,phases      ] GC(190) Weak Processing 0.267ms
[8244.868s][debug][gc,age         ] GC(190) Desired survivor size 77070336 bytes, new threshold 15 (max threshold 15)
[8244.868s][info ][gc,heap        ] GC(190) PSYoungGen: 1946368K(2019840K)->5712K(2017792K) Eden: 1940480K(1940480K)->0K(1940480K) From: 5888K(79360K)->5712K(77312K)
[8244.868s][info ][gc,heap        ] GC(190) ParOldGen: 407269K(570368K)->407269K(570368K)
[8244.868s][info ][gc,metaspace   ] GC(190) Metaspace: 80129K(81088K)->80129K(81088K) NonClass: 68977K(69440K)->68977K(69440K) Class: 11152K(11648K)->11152K(11648K)
[8244.868s][info ][gc             ] GC(190) Pause Young (Allocation Failure) 2298M->403M(2527M) 5.463ms
[8244.868s][info ][gc,cpu         ] GC(190) User=0.01s Sys=0.01s Real=0.01s
[8244.868s][info ][safepoint      ] Safepoint "ParallelGCFailedAllocation", Time since last: 7891328589 ns, Reaching safepoint: 118700 ns, At safepoint: 5533794 ns, Total: 5652494 ns
[8246.868s][info ][safepoint      ] Safepoint "Cleanup", Time since last: 2000154122 ns, Reaching safepoint: 29400 ns, At safepoint: 2600 ns, Total: 32000 ns
[8261.869s][info ][safepoint      ] Safepoint "Cleanup", Time since last: 15000940852 ns, Reaching safepoint: 39100 ns, At safepoint: 4100 ns, Total: 43200 ns
[8269.869s][info ][safepoint      ] Safepoint "Cleanup", Time since last: 8000516203 ns, Reaching safepoint: 44100 ns, At safepoint: 2500 ns, Total: 46600 ns
[8292.871s][info ][safepoint      ] Safepoint "Cleanup", Time since last: 23001412725 ns, Reaching safepoint: 47500 ns, At safepoint: 8900 ns, Total: 56400 ns
[8296.412s][info ][gc,start       ] GC(191) Pause Young (Allocation Failure)
[8296.415s][debug][gc,phases      ] GC(191) Scavenge 2.984ms
[8296.416s][debug][gc,ref         ] GC(191) Skipped phase 1 of Reference Processing: no references
[8296.416s][debug][gc,ref         ] GC(191) ReferenceProcessor::execute queues: 1, RefProcThreadModel::Single, marks_oops_alive: false
[8296.416s][debug][gc,ref         ] GC(191) Skipped phase 3 of Reference Processing: no references
[8296.416s][debug][gc,ref         ] GC(191) ReferenceProcessor::execute queues: 1, RefProcThreadModel::Single, marks_oops_alive: false
[8296.416s][debug][gc,phases      ] GC(191) Reference Processing 0.096ms
[8296.416s][debug][gc,phases      ] GC(191)   VM Weak                        Min:  0.0, Avg:  0.0, Max:  0.0, Diff:  0.0, Sum:  0.0, Workers: 4
[8296.416s][debug][gc,phases      ] GC(191)     Dead                           Min: 0, Avg:  0.0, Max: 0, Diff: 0, Sum: 0, Workers: 4
[8296.416s][debug][gc,phases      ] GC(191)     Total                          Min: 0, Avg: 154.8, Max: 619, Diff: 619, Sum: 619, Workers: 4
[8296.416s][debug][gc,phases      ] GC(191)   ObjectSynchronizer Weak        Min:  0.0, Avg:  0.0, Max:  0.0, Diff:  0.0, Sum:  0.0, Workers: 4
[8296.416s][debug][gc,phases      ] GC(191)     Dead                           Min: 0, Avg:  0.0, Max: 0, Diff: 0, Sum: 0, Workers: 4
[8296.416s][debug][gc,phases      ] GC(191)     Total                          Min: 0, Avg: 11.2, Max: 45, Diff: 45, Sum: 45, Workers: 4
[8296.416s][debug][gc,phases      ] GC(191)   JVMTI Tag Weak OopStorage      Min:  0.0, Avg:  0.0, Max:  0.0, Diff:  0.0, Sum:  0.0, Workers: 4
[8296.416s][debug][gc,phases      ] GC(191)     Dead                           Min: 0, Avg:  0.0, Max: 0, Diff: 0, Sum: 0, Workers: 4
[8296.416s][debug][gc,phases      ] GC(191)     Total                          Min: 0, Avg:  0.0, Max: 0, Diff: 0, Sum: 0, Workers: 4
[8296.416s][debug][gc,phases      ] GC(191)   StringTable Weak               Min:  0.1, Avg:  0.1, Max:  0.1, Diff:  0.0, Sum:  0.4, Workers: 4
[8296.416s][debug][gc,phases      ] GC(191)     Dead                           Min: 0, Avg:  0.2, Max: 1, Diff: 1, Sum: 1, Workers: 4
[8296.416s][debug][gc,phases      ] GC(191)     Total                          Min: 9645, Avg: 10730.0, Max: 11519, Diff: 1874, Sum: 42920, Workers: 4
[8296.416s][debug][gc,phases      ] GC(191)   ResolvedMethodTable Weak       Min:  0.0, Avg:  0.0, Max:  0.0, Diff:  0.0, Sum:  0.1, Workers: 4
[8296.416s][debug][gc,phases      ] GC(191)     Dead                           Min: 0, Avg:  0.0, Max: 0, Diff: 0, Sum: 0, Workers: 4
[8296.416s][debug][gc,phases      ] GC(191)     Total                          Min: 2045, Avg: 2174.8, Max: 2302, Diff: 257, Sum: 8699, Workers: 4
[8296.416s][debug][gc,phases      ] GC(191)   JNI Weak                       Min:  0.0, Avg:  0.0, Max:  0.0, Diff:  0.0, Sum:  0.0, Workers: 4
[8296.416s][debug][gc,phases      ] GC(191)     Dead                           Min: 0, Avg:  0.0, Max: 0, Diff: 0, Sum: 0, Workers: 4
[8296.416s][debug][gc,phases      ] GC(191)     Total                          Min: 0, Avg: 11.2, Max: 45, Diff: 45, Sum: 45, Workers: 4
[8296.416s][debug][gc,phases      ] GC(191)   StringDedup Table Weak         Min:  0.0, Avg:  0.0, Max:  0.0, Diff:  0.0, Sum:  0.0, Workers: 4
[8296.416s][debug][gc,phases      ] GC(191)     Dead                           Min: 0, Avg:  0.0, Max: 0, Diff: 0, Sum: 0, Workers: 4
[8296.416s][debug][gc,phases      ] GC(191)     Total                          Min: 0, Avg:  0.0, Max: 0, Diff: 0, Sum: 0, Workers: 4
[8296.416s][debug][gc,phases      ] GC(191)   StringDedup Requests0 Weak     Min:  0.0, Avg:  0.0, Max:  0.0, Diff:  0.0, Sum:  0.0, Workers: 4
[8296.416s][debug][gc,phases      ] GC(191)     Dead                           Min: 0, Avg:  0.0, Max: 0, Diff: 0, Sum: 0, Workers: 4
[8296.416s][debug][gc,phases      ] GC(191)     Total                          Min: 0, Avg:  0.0, Max: 0, Diff: 0, Sum: 0, Workers: 4
[8296.416s][debug][gc,phases      ] GC(191)   StringDedup Requests1 Weak     Min:  0.0, Avg:  0.0, Max:  0.0, Diff:  0.0, Sum:  0.0, Workers: 4
[8296.416s][debug][gc,phases      ] GC(191)     Dead                           Min: 0, Avg:  0.0, Max: 0, Diff: 0, Sum: 0, Workers: 4
[8296.416s][debug][gc,phases      ] GC(191)     Total                          Min: 0, Avg:  0.0, Max: 0, Diff: 0, Sum: 0, Workers: 4
[8296.416s][debug][gc,phases      ] GC(191)   Weak JFR Old Object Samples    Min:  0.0, Avg:  0.0, Max:  0.0, Diff:  0.0, Sum:  0.0, Workers: 4
[8296.416s][debug][gc,phases      ] GC(191)     Dead                           Min: 0, Avg:  0.0, Max: 0, Diff: 0, Sum: 0, Workers: 4
[8296.416s][debug][gc,phases      ] GC(191)     Total                          Min: 0, Avg:  0.0, Max: 0, Diff: 0, Sum: 0, Workers: 4
[8296.416s][debug][gc,phases      ] GC(191) Weak Processing 0.282ms
[8296.416s][debug][gc,age         ] GC(191) Desired survivor size 74448896 bytes, new threshold 15 (max threshold 15)
[8296.416s][info ][gc,heap        ] GC(191) PSYoungGen: 1946192K(2017792K)->5696K(2024448K) Eden: 1940480K(1940480K)->0K(1949184K) From: 5712K(77312K)->5696K(75264K)
[8296.416s][info ][gc,heap        ] GC(191) ParOldGen: 407269K(570368K)->407269K(570368K)
[8296.416s][info ][gc,metaspace   ] GC(191) Metaspace: 80137K(81088K)->80137K(81088K) NonClass: 68984K(69440K)->68984K(69440K) Class: 11153K(11648K)->11153K(11648K)
[8296.416s][info ][gc             ] GC(191) Pause Young (Allocation Failure) 2298M->403M(2534M) 3.449ms
[8296.416s][info ][gc,cpu         ] GC(191) User=0.01s Sys=0.00s Real=0.00s
[8296.416s][info ][safepoint      ] Safepoint "ParallelGCFailedAllocation", Time since last: 3541423796 ns, Reaching safepoint: 47000 ns, At safepoint: 3504896 ns, Total: 3551896 ns
[8307.417s][info ][safepoint      ] Safepoint "Cleanup", Time since last: 11000629794 ns, Reaching safepoint: 26300 ns, At safepoint: 3100 ns, Total: 29400 ns
[8340.419s][info ][safepoint      ] Safepoint "Cleanup", Time since last: 33001919937 ns, Reaching safepoint: 26500 ns, At safepoint: 2500 ns, Total: 29000 ns
[8346.419s][info ][safepoint      ] Safepoint "Cleanup", Time since last: 6000407066 ns, Reaching safepoint: 47800 ns, At safepoint: 21900 ns, Total: 69700 ns
[8355.161s][info ][gc,start       ] GC(192) Pause Young (Allocation Failure)
[8355.165s][debug][gc,phases      ] GC(192) Scavenge 3.945ms
[8355.165s][debug][gc,ref         ] GC(192) Skipped phase 1 of Reference Processing: no references
[8355.165s][debug][gc,ref         ] GC(192) ReferenceProcessor::execute queues: 1, RefProcThreadModel::Single, marks_oops_alive: false
[8355.165s][debug][gc,ref         ] GC(192) Skipped phase 3 of Reference Processing: no references
[8355.165s][debug][gc,ref         ] GC(192) ReferenceProcessor::execute queues: 1, RefProcThreadModel::Single, marks_oops_alive: false
[8355.165s][debug][gc,phases      ] GC(192) Reference Processing 0.088ms
[8355.165s][debug][gc,phases      ] GC(192)   VM Weak                        Min:  0.0, Avg:  0.0, Max:  0.0, Diff:  0.0, Sum:  0.0, Workers: 4
[8355.165s][debug][gc,phases      ] GC(192)     Dead                           Min: 0, Avg:  0.0, Max: 0, Diff: 0, Sum: 0, Workers: 4
[8355.165s][debug][gc,phases      ] GC(192)     Total                          Min: 0, Avg: 154.8, Max: 356, Diff: 356, Sum: 619, Workers: 4
[8355.165s][debug][gc,phases      ] GC(192)   ObjectSynchronizer Weak        Min:  0.0, Avg:  0.0, Max:  0.0, Diff:  0.0, Sum:  0.0, Workers: 4
[8355.165s][debug][gc,phases      ] GC(192)     Dead                           Min: 0, Avg:  0.0, Max: 0, Diff: 0, Sum: 0, Workers: 4
[8355.165s][debug][gc,phases      ] GC(192)     Total                          Min: 0, Avg: 11.2, Max: 45, Diff: 45, Sum: 45, Workers: 4
[8355.165s][debug][gc,phases      ] GC(192)   JVMTI Tag Weak OopStorage      Min:  0.0, Avg:  0.0, Max:  0.0, Diff:  0.0, Sum:  0.0, Workers: 4
[8355.165s][debug][gc,phases      ] GC(192)     Dead                           Min: 0, Avg:  0.0, Max: 0, Diff: 0, Sum: 0, Workers: 4
[8355.165s][debug][gc,phases      ] GC(192)     Total                          Min: 0, Avg:  0.0, Max: 0, Diff: 0, Sum: 0, Workers: 4
[8355.165s][debug][gc,phases      ] GC(192)   StringTable Weak               Min:  0.1, Avg:  0.1, Max:  0.1, Diff:  0.0, Sum:  0.4, Workers: 4
[8355.165s][debug][gc,phases      ] GC(192)     Dead                           Min: 0, Avg:  0.0, Max: 0, Diff: 0, Sum: 0, Workers: 4
[8355.165s][debug][gc,phases      ] GC(192)     Total                          Min: 10238, Avg: 10730.0, Max: 11519, Diff: 1281, Sum: 42920, Workers: 4
[8355.165s][debug][gc,phases      ] GC(192)   ResolvedMethodTable Weak       Min:  0.0, Avg:  0.0, Max:  0.0, Diff:  0.0, Sum:  0.1, Workers: 4
[8355.165s][debug][gc,phases      ] GC(192)     Dead                           Min: 0, Avg:  0.0, Max: 0, Diff: 0, Sum: 0, Workers: 4
[8355.165s][debug][gc,phases      ] GC(192)     Total                          Min: 1981, Avg: 2174.8, Max: 2302, Diff: 321, Sum: 8699, Workers: 4
[8355.165s][debug][gc,phases      ] GC(192)   JNI Weak                       Min:  0.0, Avg:  0.0, Max:  0.0, Diff:  0.0, Sum:  0.0, Workers: 4
[8355.165s][debug][gc,phases      ] GC(192)     Dead                           Min: 0, Avg:  0.0, Max: 0, Diff: 0, Sum: 0, Workers: 4
[8355.165s][debug][gc,phases      ] GC(192)     Total                          Min: 0, Avg: 11.2, Max: 45, Diff: 45, Sum: 45, Workers: 4
[8355.165s][debug][gc,phases      ] GC(192)   StringDedup Table Weak         Min:  0.0, Avg:  0.0, Max:  0.0, Diff:  0.0, Sum:  0.0, Workers: 4
[8355.165s][debug][gc,phases      ] GC(192)     Dead                           Min: 0, Avg:  0.0, Max: 0, Diff: 0, Sum: 0, Workers: 4
[8355.165s][debug][gc,phases      ] GC(192)     Total                          Min: 0, Avg:  0.0, Max: 0, Diff: 0, Sum: 0, Workers: 4
[8355.165s][debug][gc,phases      ] GC(192)   StringDedup Requests0 Weak     Min:  0.0, Avg:  0.0, Max:  0.0, Diff:  0.0, Sum:  0.0, Workers: 4
[8355.165s][debug][gc,phases      ] GC(192)     Dead                           Min: 0, Avg:  0.0, Max: 0, Diff: 0, Sum: 0, Workers: 4
[8355.165s][debug][gc,phases      ] GC(192)     Total                          Min: 0, Avg:  0.0, Max: 0, Diff: 0, Sum: 0, Workers: 4
[8355.165s][debug][gc,phases      ] GC(192)   StringDedup Requests1 Weak     Min:  0.0, Avg:  0.0, Max:  0.0, Diff:  0.0, Sum:  0.0, Workers: 4
[8355.165s][debug][gc,phases      ] GC(192)     Dead                           Min: 0, Avg:  0.0, Max: 0, Diff: 0, Sum: 0, Workers: 4
[8355.165s][debug][gc,phases      ] GC(192)     Total                          Min: 0, Avg:  0.0, Max: 0, Diff: 0, Sum: 0, Workers: 4
[8355.165s][debug][gc,phases      ] GC(192)   Weak JFR Old Object Samples    Min:  0.0, Avg:  0.0, Max:  0.0, Diff:  0.0, Sum:  0.0, Workers: 4
[8355.165s][debug][gc,phases      ] GC(192)     Dead                           Min: 0, Avg:  0.0, Max: 0, Diff: 0, Sum: 0, Workers: 4
[8355.165s][debug][gc,phases      ] GC(192)     Total                          Min: 0, Avg:  0.0, Max: 0, Diff: 0, Sum: 0, Workers: 4
[8355.165s][debug][gc,phases      ] GC(192) Weak Processing 0.270ms
[8355.165s][debug][gc,age         ] GC(192) Desired survivor size 71827456 bytes, new threshold 15 (max threshold 15)
[8355.165s][info ][gc,heap        ] GC(192) PSYoungGen: 1954880K(2024448K)->5872K(2021888K) Eden: 1949184K(1949184K)->0K(1949184K) From: 5696K(75264K)->5872K(72704K)
[8355.165s][info ][gc,heap        ] GC(192) ParOldGen: 407269K(570368K)->407269K(570368K)
[8355.165s][info ][gc,metaspace   ] GC(192) Metaspace: 80139K(81088K)->80139K(81088K) NonClass: 68985K(69440K)->68985K(69440K) Class: 11153K(11648K)->11153K(11648K)
[8355.165s][info ][gc             ] GC(192) Pause Young (Allocation Failure) 2306M->403M(2531M) 4.401ms
[8355.165s][info ][gc,cpu         ] GC(192) User=0.01s Sys=0.00s Real=0.00s
[8355.165s][info ][safepoint      ] Safepoint "ParallelGCFailedAllocation", Time since last: 8741696731 ns, Reaching safepoint: 99900 ns, At safepoint: 4470294 ns, Total: 4570194 ns
[8380.167s][info ][safepoint      ] Safepoint "Cleanup", Time since last: 25001441966 ns, Reaching safepoint: 39700 ns, At safepoint: 36500 ns, Total: 76200 ns
[8412.169s][info ][safepoint      ] Safepoint "Cleanup", Time since last: 32001921190 ns, Reaching safepoint: 38100 ns, At safepoint: 22900 ns, Total: 61000 ns
[8415.864s][info ][gc,start       ] GC(193) Pause Young (Allocation Failure)
[8415.867s][debug][gc,phases      ] GC(193) Scavenge 2.461ms
[8415.867s][debug][gc,ref         ] GC(193) Skipped phase 1 of Reference Processing: no references
[8415.867s][debug][gc,ref         ] GC(193) ReferenceProcessor::execute queues: 1, RefProcThreadModel::Single, marks_oops_alive: false
[8415.867s][debug][gc,ref         ] GC(193) Skipped phase 3 of Reference Processing: no references
[8415.867s][debug][gc,ref         ] GC(193) ReferenceProcessor::execute queues: 1, RefProcThreadModel::Single, marks_oops_alive: false
[8415.867s][debug][gc,phases      ] GC(193) Reference Processing 0.095ms
[8415.867s][debug][gc,phases      ] GC(193)   VM Weak                        Min:  0.0, Avg:  0.0, Max:  0.0, Diff:  0.0, Sum:  0.0, Workers: 4
[8415.867s][debug][gc,phases      ] GC(193)     Dead                           Min: 0, Avg:  0.0, Max: 0, Diff: 0, Sum: 0, Workers: 4
[8415.867s][debug][gc,phases      ] GC(193)     Total                          Min: 0, Avg: 154.8, Max: 494, Diff: 494, Sum: 619, Workers: 4
[8415.867s][debug][gc,phases      ] GC(193)   ObjectSynchronizer Weak        Min:  0.0, Avg:  0.0, Max:  0.0, Diff:  0.0, Sum:  0.0, Workers: 4
[8415.867s][debug][gc,phases      ] GC(193)     Dead                           Min: 0, Avg:  0.0, Max: 0, Diff: 0, Sum: 0, Workers: 4
[8415.867s][debug][gc,phases      ] GC(193)     Total                          Min: 0, Avg: 11.2, Max: 45, Diff: 45, Sum: 45, Workers: 4
[8415.867s][debug][gc,phases      ] GC(193)   JVMTI Tag Weak OopStorage      Min:  0.0, Avg:  0.0, Max:  0.0, Diff:  0.0, Sum:  0.0, Workers: 4
[8415.867s][debug][gc,phases      ] GC(193)     Dead                           Min: 0, Avg:  0.0, Max: 0, Diff: 0, Sum: 0, Workers: 4
[8415.867s][debug][gc,phases      ] GC(193)     Total                          Min: 0, Avg:  0.0, Max: 0, Diff: 0, Sum: 0, Workers: 4
[8415.867s][debug][gc,phases      ] GC(193)   StringTable Weak               Min:  0.0, Avg:  0.1, Max:  0.1, Diff:  0.1, Sum:  0.3, Workers: 4
[8415.867s][debug][gc,phases      ] GC(193)     Dead                           Min: 0, Avg:  0.0, Max: 0, Diff: 0, Sum: 0, Workers: 4
[8415.867s][debug][gc,phases      ] GC(193)     Total                          Min: 0, Avg: 10730.0, Max: 19181, Diff: 19181, Sum: 42920, Workers: 4
[8415.867s][debug][gc,phases      ] GC(193)   ResolvedMethodTable Weak       Min:  0.0, Avg:  0.0, Max:  0.0, Diff:  0.0, Sum:  0.1, Workers: 4
[8415.867s][debug][gc,phases      ] GC(193)     Dead                           Min: 0, Avg:  0.0, Max: 0, Diff: 0, Sum: 0, Workers: 4
[8415.867s][debug][gc,phases      ] GC(193)     Total                          Min: 0, Avg: 2174.8, Max: 3901, Diff: 3901, Sum: 8699, Workers: 4
[8415.867s][debug][gc,phases      ] GC(193)   JNI Weak                       Min:  0.0, Avg:  0.0, Max:  0.0, Diff:  0.0, Sum:  0.0, Workers: 4
[8415.867s][debug][gc,phases      ] GC(193)     Dead                           Min: 0, Avg:  0.0, Max: 0, Diff: 0, Sum: 0, Workers: 4
[8415.867s][debug][gc,phases      ] GC(193)     Total                          Min: 0, Avg: 11.2, Max: 45, Diff: 45, Sum: 45, Workers: 4
[8415.867s][debug][gc,phases      ] GC(193)   StringDedup Table Weak         Min:  0.0, Avg:  0.0, Max:  0.0, Diff:  0.0, Sum:  0.0, Workers: 4
[8415.867s][debug][gc,phases      ] GC(193)     Dead                           Min: 0, Avg:  0.0, Max: 0, Diff: 0, Sum: 0, Workers: 4
[8415.867s][debug][gc,phases      ] GC(193)     Total                          Min: 0, Avg:  0.0, Max: 0, Diff: 0, Sum: 0, Workers: 4
[8415.867s][debug][gc,phases      ] GC(193)   StringDedup Requests0 Weak     Min:  0.0, Avg:  0.0, Max:  0.0, Diff:  0.0, Sum:  0.0, Workers: 4
[8415.867s][debug][gc,phases      ] GC(193)     Dead                           Min: 0, Avg:  0.0, Max: 0, Diff: 0, Sum: 0, Workers: 4
[8415.867s][debug][gc,phases      ] GC(193)     Total                          Min: 0, Avg:  0.0, Max: 0, Diff: 0, Sum: 0, Workers: 4
[8415.867s][debug][gc,phases      ] GC(193)   StringDedup Requests1 Weak     Min:  0.0, Avg:  0.0, Max:  0.0, Diff:  0.0, Sum:  0.0, Workers: 4
[8415.867s][debug][gc,phases      ] GC(193)     Dead                           Min: 0, Avg:  0.0, Max: 0, Diff: 0, Sum: 0, Workers: 4
[8415.867s][debug][gc,phases      ] GC(193)     Total                          Min: 0, Avg:  0.0, Max: 0, Diff: 0, Sum: 0, Workers: 4
[8415.867s][debug][gc,phases      ] GC(193)   Weak JFR Old Object Samples    Min:  0.0, Avg:  0.0, Max:  0.0, Diff:  0.0, Sum:  0.0, Workers: 4
[8415.867s][debug][gc,phases      ] GC(193)     Dead                           Min: 0, Avg:  0.0, Max: 0, Diff: 0, Sum: 0, Workers: 4
[8415.867s][debug][gc,phases      ] GC(193)     Total                          Min: 0, Avg:  0.0, Max: 0, Diff: 0, Sum: 0, Workers: 4
[8415.867s][debug][gc,phases      ] GC(193) Weak Processing 0.280ms
[8415.867s][debug][gc,age         ] GC(193) Desired survivor size 68681728 bytes, new threshold 15 (max threshold 15)
[8415.867s][info ][gc,heap        ] GC(193) PSYoungGen: 1955056K(2021888K)->5648K(2030080K) Eden: 1949184K(1949184K)->0K(1959936K) From: 5872K(72704K)->5648K(70144K)
[8415.867s][info ][gc,heap        ] GC(193) ParOldGen: 407269K(570368K)->407269K(570368K)
[8415.867s][info ][gc,metaspace   ] GC(193) Metaspace: 80139K(81088K)->80139K(81088K) NonClass: 68986K(69440K)->68986K(69440K) Class: 11153K(11648K)->11153K(11648K)
[8415.867s][info ][gc             ] GC(193) Pause Young (Allocation Failure) 2306M->403M(2539M) 2.936ms
[8415.867s][info ][gc,cpu         ] GC(193) User=0.01s Sys=0.00s Real=0.01s
[8415.867s][info ][safepoint      ] Safepoint "ParallelGCFailedAllocation", Time since last: 3695285454 ns, Reaching safepoint: 27600 ns, At safepoint: 2998296 ns, Total: 3025896 ns
[8430.868s][info ][safepoint      ] Safepoint "Cleanup", Time since last: 15000830878 ns, Reaching safepoint: 49100 ns, At safepoint: 4000 ns, Total: 53100 ns
[8465.870s][info ][safepoint      ] Safepoint "Cleanup", Time since last: 35002167016 ns, Reaching safepoint: 38800 ns, At safepoint: 4100 ns, Total: 42900 ns
[8467.870s][info ][safepoint      ] Safepoint "Cleanup", Time since last: 2000160447 ns, Reaching safepoint: 44399 ns, At safepoint: 6100 ns, Total: 50499 ns
[8475.865s][info ][gc,start       ] GC(194) Pause Young (Allocation Failure)
[8475.868s][debug][gc,phases      ] GC(194) Scavenge 3.017ms
[8475.868s][debug][gc,ref         ] GC(194) Skipped phase 1 of Reference Processing: no references
[8475.868s][debug][gc,ref         ] GC(194) ReferenceProcessor::execute queues: 1, RefProcThreadModel::Single, marks_oops_alive: false
[8475.868s][debug][gc,ref         ] GC(194) Skipped phase 3 of Reference Processing: no references
[8475.868s][debug][gc,ref         ] GC(194) ReferenceProcessor::execute queues: 1, RefProcThreadModel::Single, marks_oops_alive: false
[8475.868s][debug][gc,phases      ] GC(194) Reference Processing 0.084ms
[8475.869s][debug][gc,phases      ] GC(194)   VM Weak                        Min:  0.0, Avg:  0.0, Max:  0.0, Diff:  0.0, Sum:  0.0, Workers: 4
[8475.869s][debug][gc,phases      ] GC(194)     Dead                           Min: 0, Avg:  0.0, Max: 0, Diff: 0, Sum: 0, Workers: 4
[8475.869s][debug][gc,phases      ] GC(194)     Total                          Min: 0, Avg: 154.8, Max: 425, Diff: 425, Sum: 619, Workers: 4
[8475.869s][debug][gc,phases      ] GC(194)   ObjectSynchronizer Weak        Min:  0.0, Avg:  0.0, Max:  0.0, Diff:  0.0, Sum:  0.0, Workers: 4
[8475.869s][debug][gc,phases      ] GC(194)     Dead                           Min: 0, Avg:  0.0, Max: 0, Diff: 0, Sum: 0, Workers: 4
[8475.869s][debug][gc,phases      ] GC(194)     Total                          Min: 0, Avg: 11.2, Max: 45, Diff: 45, Sum: 45, Workers: 4
[8475.869s][debug][gc,phases      ] GC(194)   JVMTI Tag Weak OopStorage      Min:  0.0, Avg:  0.0, Max:  0.0, Diff:  0.0, Sum:  0.0, Workers: 4
[8475.869s][debug][gc,phases      ] GC(194)     Dead                           Min: 0, Avg:  0.0, Max: 0, Diff: 0, Sum: 0, Workers: 4
[8475.869s][debug][gc,phases      ] GC(194)     Total                          Min: 0, Avg:  0.0, Max: 0, Diff: 0, Sum: 0, Workers: 4
[8475.869s][debug][gc,phases      ] GC(194)   StringTable Weak               Min:  0.0, Avg:  0.1, Max:  0.1, Diff:  0.1, Sum:  0.3, Workers: 4
[8475.869s][debug][gc,phases      ] GC(194)     Dead                           Min: 0, Avg:  0.0, Max: 0, Diff: 0, Sum: 0, Workers: 4
[8475.869s][debug][gc,phases      ] GC(194)     Total                          Min: 0, Avg: 10730.0, Max: 17341, Diff: 17341, Sum: 42920, Workers: 4
[8475.869s][debug][gc,phases      ] GC(194)   ResolvedMethodTable Weak       Min:  0.0, Avg:  0.0, Max:  0.0, Diff:  0.0, Sum:  0.1, Workers: 4
[8475.869s][debug][gc,phases      ] GC(194)     Dead                           Min: 0, Avg:  0.0, Max: 0, Diff: 0, Sum: 0, Workers: 4
[8475.869s][debug][gc,phases      ] GC(194)     Total                          Min: 0, Avg: 2174.8, Max: 3579, Diff: 3579, Sum: 8699, Workers: 4
[8475.869s][debug][gc,phases      ] GC(194)   JNI Weak                       Min:  0.0, Avg:  0.0, Max:  0.0, Diff:  0.0, Sum:  0.0, Workers: 4
[8475.869s][debug][gc,phases      ] GC(194)     Dead                           Min: 0, Avg:  0.0, Max: 0, Diff: 0, Sum: 0, Workers: 4
[8475.869s][debug][gc,phases      ] GC(194)     Total                          Min: 0, Avg: 11.2, Max: 45, Diff: 45, Sum: 45, Workers: 4
[8475.869s][debug][gc,phases      ] GC(194)   StringDedup Table Weak         Min:  0.0, Avg:  0.0, Max:  0.0, Diff:  0.0, Sum:  0.0, Workers: 4
[8475.869s][debug][gc,phases      ] GC(194)     Dead                           Min: 0, Avg:  0.0, Max: 0, Diff: 0, Sum: 0, Workers: 4
[8475.869s][debug][gc,phases      ] GC(194)     Total                          Min: 0, Avg:  0.0, Max: 0, Diff: 0, Sum: 0, Workers: 4
[8475.869s][debug][gc,phases      ] GC(194)   StringDedup Requests0 Weak     Min:  0.0, Avg:  0.0, Max:  0.0, Diff:  0.0, Sum:  0.0, Workers: 4
[8475.869s][debug][gc,phases      ] GC(194)     Dead                           Min: 0, Avg:  0.0, Max: 0, Diff: 0, Sum: 0, Workers: 4
[8475.869s][debug][gc,phases      ] GC(194)     Total                          Min: 0, Avg:  0.0, Max: 0, Diff: 0, Sum: 0, Workers: 4
[8475.869s][debug][gc,phases      ] GC(194)   StringDedup Requests1 Weak     Min:  0.0, Avg:  0.0, Max:  0.0, Diff:  0.0, Sum:  0.0, Workers: 4
[8475.869s][debug][gc,phases      ] GC(194)     Dead                           Min: 0, Avg:  0.0, Max: 0, Diff: 0, Sum: 0, Workers: 4
[8475.869s][debug][gc,phases      ] GC(194)     Total                          Min: 0, Avg:  0.0, Max: 0, Diff: 0, Sum: 0, Workers: 4
[8475.869s][debug][gc,phases      ] GC(194)   Weak JFR Old Object Samples    Min:  0.0, Avg:  0.0, Max:  0.0, Diff:  0.0, Sum:  0.0, Workers: 4
[8475.869s][debug][gc,phases      ] GC(194)     Dead                           Min: 0, Avg:  0.0, Max: 0, Diff: 0, Sum: 0, Workers: 4
[8475.869s][debug][gc,phases      ] GC(194)     Total                          Min: 0, Avg:  0.0, Max: 0, Diff: 0, Sum: 0, Workers: 4
[8475.869s][debug][gc,phases      ] GC(194) Weak Processing 0.308ms
[8475.869s][debug][gc,age         ] GC(194) Desired survivor size 65536000 bytes, new threshold 15 (max threshold 15)
[8475.869s][info ][gc,heap        ] GC(194) PSYoungGen: 1965584K(2030080K)->5952K(2027008K) Eden: 1959936K(1959936K)->0K(1959936K) From: 5648K(70144K)->5952K(67072K)
[8475.869s][info ][gc,heap        ] GC(194) ParOldGen: 407269K(570368K)->407269K(570368K)
[8475.869s][info ][gc,metaspace   ] GC(194) Metaspace: 80142K(81088K)->80142K(81088K) NonClass: 68989K(69440K)->68989K(69440K) Class: 11153K(11648K)->11153K(11648K)
[8475.869s][info ][gc             ] GC(194) Pause Young (Allocation Failure) 2317M->403M(2536M) 3.499ms
[8475.869s][info ][gc,cpu         ] GC(194) User=0.02s Sys=0.00s Real=0.01s
[8475.869s][info ][safepoint      ] Safepoint "ParallelGCFailedAllocation", Time since last: 7994738232 ns, Reaching safepoint: 26000 ns, At safepoint: 3582795 ns, Total: 3608795 ns
[8536.911s][info ][gc,start       ] GC(195) Pause Young (Allocation Failure)
[8536.915s][debug][gc,phases      ] GC(195) Scavenge 3.909ms
[8536.915s][debug][gc,ref         ] GC(195) Skipped phase 1 of Reference Processing: no references
[8536.915s][debug][gc,ref         ] GC(195) ReferenceProcessor::execute queues: 1, RefProcThreadModel::Single, marks_oops_alive: false
[8536.915s][debug][gc,ref         ] GC(195) Skipped phase 3 of Reference Processing: no references
[8536.915s][debug][gc,ref         ] GC(195) ReferenceProcessor::execute queues: 1, RefProcThreadModel::Single, marks_oops_alive: false
[8536.915s][debug][gc,phases      ] GC(195) Reference Processing 0.092ms
[8536.916s][debug][gc,phases      ] GC(195)   VM Weak                        Min:  0.0, Avg:  0.0, Max:  0.0, Diff:  0.0, Sum:  0.0, Workers: 4
[8536.916s][debug][gc,phases      ] GC(195)     Dead                           Min: 0, Avg:  0.0, Max: 0, Diff: 0, Sum: 0, Workers: 4
[8536.916s][debug][gc,phases      ] GC(195)     Total                          Min: 0, Avg: 154.8, Max: 417, Diff: 417, Sum: 619, Workers: 4
[8536.916s][debug][gc,phases      ] GC(195)   ObjectSynchronizer Weak        Min:  0.0, Avg:  0.0, Max:  0.0, Diff:  0.0, Sum:  0.0, Workers: 4
[8536.916s][debug][gc,phases      ] GC(195)     Dead                           Min: 0, Avg:  0.0, Max: 0, Diff: 0, Sum: 0, Workers: 4
[8536.916s][debug][gc,phases      ] GC(195)     Total                          Min: 0, Avg: 11.2, Max: 45, Diff: 45, Sum: 45, Workers: 4
[8536.916s][debug][gc,phases      ] GC(195)   JVMTI Tag Weak OopStorage      Min:  0.0, Avg:  0.0, Max:  0.0, Diff:  0.0, Sum:  0.0, Workers: 4
[8536.916s][debug][gc,phases      ] GC(195)     Dead                           Min: 0, Avg:  0.0, Max: 0, Diff: 0, Sum: 0, Workers: 4
[8536.916s][debug][gc,phases      ] GC(195)     Total                          Min: 0, Avg:  0.0, Max: 0, Diff: 0, Sum: 0, Workers: 4
[8536.916s][debug][gc,phases      ] GC(195)   StringTable Weak               Min:  0.1, Avg:  0.1, Max:  0.1, Diff:  0.0, Sum:  0.4, Workers: 4
[8536.916s][debug][gc,phases      ] GC(195)     Dead                           Min: 0, Avg:  0.0, Max: 0, Diff: 0, Sum: 0, Workers: 4
[8536.916s][debug][gc,phases      ] GC(195)     Total                          Min: 10367, Avg: 10730.0, Max: 11006, Diff: 639, Sum: 42920, Workers: 4
[8536.916s][debug][gc,phases      ] GC(195)   ResolvedMethodTable Weak       Min:  0.0, Avg:  0.0, Max:  0.0, Diff:  0.0, Sum:  0.1, Workers: 4
[8536.916s][debug][gc,phases      ] GC(195)     Dead                           Min: 0, Avg:  0.0, Max: 0, Diff: 0, Sum: 0, Workers: 4
[8536.916s][debug][gc,phases      ] GC(195)     Total                          Min: 1920, Avg: 2174.8, Max: 2302, Diff: 382, Sum: 8699, Workers: 4
[8536.916s][debug][gc,phases      ] GC(195)   JNI Weak                       Min:  0.0, Avg:  0.0, Max:  0.0, Diff:  0.0, Sum:  0.0, Workers: 4
[8536.916s][debug][gc,phases      ] GC(195)     Dead                           Min: 0, Avg:  0.0, Max: 0, Diff: 0, Sum: 0, Workers: 4
[8536.916s][debug][gc,phases      ] GC(195)     Total                          Min: 0, Avg: 11.2, Max: 45, Diff: 45, Sum: 45, Workers: 4
[8536.916s][debug][gc,phases      ] GC(195)   StringDedup Table Weak         Min:  0.0, Avg:  0.0, Max:  0.0, Diff:  0.0, Sum:  0.0, Workers: 4
[8536.916s][debug][gc,phases      ] GC(195)     Dead                           Min: 0, Avg:  0.0, Max: 0, Diff: 0, Sum: 0, Workers: 4
[8536.916s][debug][gc,phases      ] GC(195)     Total                          Min: 0, Avg:  0.0, Max: 0, Diff: 0, Sum: 0, Workers: 4
[8536.916s][debug][gc,phases      ] GC(195)   StringDedup Requests0 Weak     Min:  0.0, Avg:  0.0, Max:  0.0, Diff:  0.0, Sum:  0.0, Workers: 4
[8536.916s][debug][gc,phases      ] GC(195)     Dead                           Min: 0, Avg:  0.0, Max: 0, Diff: 0, Sum: 0, Workers: 4
[8536.916s][debug][gc,phases      ] GC(195)     Total                          Min: 0, Avg:  0.0, Max: 0, Diff: 0, Sum: 0, Workers: 4
[8536.916s][debug][gc,phases      ] GC(195)   StringDedup Requests1 Weak     Min:  0.0, Avg:  0.0, Max:  0.0, Diff:  0.0, Sum:  0.0, Workers: 4
[8536.916s][debug][gc,phases      ] GC(195)     Dead                           Min: 0, Avg:  0.0, Max: 0, Diff: 0, Sum: 0, Workers: 4
[8536.916s][debug][gc,phases      ] GC(195)     Total                          Min: 0, Avg:  0.0, Max: 0, Diff: 0, Sum: 0, Workers: 4
[8536.916s][debug][gc,phases      ] GC(195)   Weak JFR Old Object Samples    Min:  0.0, Avg:  0.0, Max:  0.0, Diff:  0.0, Sum:  0.0, Workers: 4
[8536.916s][debug][gc,phases      ] GC(195)     Dead                           Min: 0, Avg:  0.0, Max: 0, Diff: 0, Sum: 0, Workers: 4
[8536.916s][debug][gc,phases      ] GC(195)     Total                          Min: 0, Avg:  0.0, Max: 0, Diff: 0, Sum: 0, Workers: 4
[8536.916s][debug][gc,phases      ] GC(195) Weak Processing 0.273ms
[8536.916s][debug][gc,age         ] GC(195) Desired survivor size 62914560 bytes, new threshold 15 (max threshold 15)
[8536.916s][info ][gc,heap        ] GC(195) PSYoungGen: 1965888K(2027008K)->6048K(2035712K) Eden: 1959936K(1959936K)->0K(1971712K) From: 5952K(67072K)->6048K(64000K)
[8536.916s][info ][gc,heap        ] GC(195) ParOldGen: 407269K(570368K)->407269K(570368K)
[8536.916s][info ][gc,metaspace   ] GC(195) Metaspace: 80142K(81088K)->80142K(81088K) NonClass: 68989K(69440K)->68989K(69440K) Class: 11153K(11648K)->11153K(11648K)
[8536.916s][info ][gc             ] GC(195) Pause Young (Allocation Failure) 2317M->403M(2545M) 4.359ms
[8536.916s][info ][gc,cpu         ] GC(195) User=0.01s Sys=0.00s Real=0.00s
[8536.916s][info ][safepoint      ] Safepoint "ParallelGCFailedAllocation", Time since last: 61042497873 ns, Reaching safepoint: 102100 ns, At safepoint: 4441493 ns, Total: 4543593 ns
[8567.918s][info ][safepoint      ] Safepoint "Cleanup", Time since last: 31001871113 ns, Reaching safepoint: 41000 ns, At safepoint: 2300 ns, Total: 43300 ns
[8581.919s][info ][safepoint      ] Safepoint "Cleanup", Time since last: 14000853870 ns, Reaching safepoint: 38100 ns, At safepoint: 3400 ns, Total: 41500 ns
[8594.076s][info ][gc,start       ] GC(196) Pause Young (Allocation Failure)
[8594.078s][debug][gc,phases      ] GC(196) Scavenge 2.586ms
[8594.078s][debug][gc,ref         ] GC(196) Skipped phase 1 of Reference Processing: no references
[8594.078s][debug][gc,ref         ] GC(196) ReferenceProcessor::execute queues: 1, RefProcThreadModel::Single, marks_oops_alive: false
[8594.078s][debug][gc,ref         ] GC(196) Skipped phase 3 of Reference Processing: no references
[8594.078s][debug][gc,ref         ] GC(196) ReferenceProcessor::execute queues: 1, RefProcThreadModel::Single, marks_oops_alive: false
[8594.078s][debug][gc,phases      ] GC(196) Reference Processing 0.084ms
[8594.078s][debug][gc,phases      ] GC(196)   VM Weak                        Min:  0.0, Avg:  0.0, Max:  0.0, Diff:  0.0, Sum:  0.0, Workers: 4
[8594.079s][debug][gc,phases      ] GC(196)     Dead                           Min: 0, Avg:  0.0, Max: 0, Diff: 0, Sum: 0, Workers: 4
[8594.079s][debug][gc,phases      ] GC(196)     Total                          Min: 0, Avg: 154.8, Max: 438, Diff: 438, Sum: 619, Workers: 4
[8594.079s][debug][gc,phases      ] GC(196)   ObjectSynchronizer Weak        Min:  0.0, Avg:  0.0, Max:  0.0, Diff:  0.0, Sum:  0.0, Workers: 4
[8594.079s][debug][gc,phases      ] GC(196)     Dead                           Min: 0, Avg:  0.0, Max: 0, Diff: 0, Sum: 0, Workers: 4
[8594.079s][debug][gc,phases      ] GC(196)     Total                          Min: 0, Avg: 11.2, Max: 45, Diff: 45, Sum: 45, Workers: 4
[8594.079s][debug][gc,phases      ] GC(196)   JVMTI Tag Weak OopStorage      Min:  0.0, Avg:  0.0, Max:  0.0, Diff:  0.0, Sum:  0.0, Workers: 4
[8594.079s][debug][gc,phases      ] GC(196)     Dead                           Min: 0, Avg:  0.0, Max: 0, Diff: 0, Sum: 0, Workers: 4
[8594.079s][debug][gc,phases      ] GC(196)     Total                          Min: 0, Avg:  0.0, Max: 0, Diff: 0, Sum: 0, Workers: 4
[8594.079s][debug][gc,phases      ] GC(196)   StringTable Weak               Min:  0.0, Avg:  0.1, Max:  0.1, Diff:  0.1, Sum:  0.3, Workers: 4
[8594.079s][debug][gc,phases      ] GC(196)     Dead                           Min: 0, Avg:  0.0, Max: 0, Diff: 0, Sum: 0, Workers: 4
[8594.079s][debug][gc,phases      ] GC(196)     Total                          Min: 0, Avg: 10730.2, Max: 18751, Diff: 18751, Sum: 42921, Workers: 4
[8594.079s][debug][gc,phases      ] GC(196)   ResolvedMethodTable Weak       Min:  0.0, Avg:  0.0, Max:  0.0, Diff:  0.0, Sum:  0.1, Workers: 4
[8594.079s][debug][gc,phases      ] GC(196)     Dead                           Min: 0, Avg:  0.0, Max: 0, Diff: 0, Sum: 0, Workers: 4
[8594.079s][debug][gc,phases      ] GC(196)     Total                          Min: 0, Avg: 2174.8, Max: 3710, Diff: 3710, Sum: 8699, Workers: 4
[8594.079s][debug][gc,phases      ] GC(196)   JNI Weak                       Min:  0.0, Avg:  0.0, Max:  0.0, Diff:  0.0, Sum:  0.0, Workers: 4
[8594.079s][debug][gc,phases      ] GC(196)     Dead                           Min: 0, Avg:  0.0, Max: 0, Diff: 0, Sum: 0, Workers: 4
[8594.079s][debug][gc,phases      ] GC(196)     Total                          Min: 0, Avg: 11.2, Max: 45, Diff: 45, Sum: 45, Workers: 4
[8594.079s][debug][gc,phases      ] GC(196)   StringDedup Table Weak         Min:  0.0, Avg:  0.0, Max:  0.0, Diff:  0.0, Sum:  0.0, Workers: 4
[8594.079s][debug][gc,phases      ] GC(196)     Dead                           Min: 0, Avg:  0.0, Max: 0, Diff: 0, Sum: 0, Workers: 4
[8594.079s][debug][gc,phases      ] GC(196)     Total                          Min: 0, Avg:  0.0, Max: 0, Diff: 0, Sum: 0, Workers: 4
[8594.079s][debug][gc,phases      ] GC(196)   StringDedup Requests0 Weak     Min:  0.0, Avg:  0.0, Max:  0.0, Diff:  0.0, Sum:  0.0, Workers: 4
[8594.079s][debug][gc,phases      ] GC(196)     Dead                           Min: 0, Avg:  0.0, Max: 0, Diff: 0, Sum: 0, Workers: 4
[8594.079s][debug][gc,phases      ] GC(196)     Total                          Min: 0, Avg:  0.0, Max: 0, Diff: 0, Sum: 0, Workers: 4
[8594.079s][debug][gc,phases      ] GC(196)   StringDedup Requests1 Weak     Min:  0.0, Avg:  0.0, Max:  0.0, Diff:  0.0, Sum:  0.0, Workers: 4
[8594.079s][debug][gc,phases      ] GC(196)     Dead                           Min: 0, Avg:  0.0, Max: 0, Diff: 0, Sum: 0, Workers: 4
[8594.079s][debug][gc,phases      ] GC(196)     Total                          Min: 0, Avg:  0.0, Max: 0, Diff: 0, Sum: 0, Workers: 4
[8594.079s][debug][gc,phases      ] GC(196)   Weak JFR Old Object Samples    Min:  0.0, Avg:  0.0, Max:  0.0, Diff:  0.0, Sum:  0.0, Workers: 4
[8594.079s][debug][gc,phases      ] GC(196)     Dead                           Min: 0, Avg:  0.0, Max: 0, Diff: 0, Sum: 0, Workers: 4
[8594.079s][debug][gc,phases      ] GC(196)     Total                          Min: 0, Avg:  0.0, Max: 0, Diff: 0, Sum: 0, Workers: 4
[8594.079s][debug][gc,phases      ] GC(196) Weak Processing 0.285ms
[8594.079s][debug][gc,age         ] GC(196) Desired survivor size 59768832 bytes, new threshold 15 (max threshold 15)
[8594.079s][info ][gc,heap        ] GC(196) PSYoungGen: 1977760K(2035712K)->6144K(2033152K) Eden: 1971712K(1971712K)->0K(1971712K) From: 6048K(64000K)->6144K(61440K)
[8594.079s][info ][gc,heap        ] GC(196) ParOldGen: 407269K(570368K)->407269K(570368K)
[8594.079s][info ][gc,metaspace   ] GC(196) Metaspace: 80144K(81088K)->80144K(81088K) NonClass: 68991K(69440K)->68991K(69440K) Class: 11153K(11648K)->11153K(11648K)
[8594.079s][info ][gc             ] GC(196) Pause Young (Allocation Failure) 2329M->403M(2542M) 3.054ms
[8594.079s][info ][gc,cpu         ] GC(196) User=0.01s Sys=0.00s Real=0.01s
[8594.079s][info ][safepoint      ] Safepoint "ParallelGCFailedAllocation", Time since last: 12156930283 ns, Reaching safepoint: 27200 ns, At safepoint: 3133395 ns, Total: 3160595 ns
[8595.079s][info ][safepoint      ] Safepoint "Cleanup", Time since last: 1000078594 ns, Reaching safepoint: 29600 ns, At safepoint: 2400 ns, Total: 32000 ns
[8604.079s][info ][safepoint      ] Safepoint "Cleanup", Time since last: 9000526996 ns, Reaching safepoint: 36400 ns, At safepoint: 2300 ns, Total: 38700 ns
[8611.080s][info ][safepoint      ] Safepoint "Cleanup", Time since last: 7000406451 ns, Reaching safepoint: 30100 ns, At safepoint: 2500 ns, Total: 32600 ns
[8628.081s][info ][safepoint      ] Safepoint "Cleanup", Time since last: 17001064696 ns, Reaching safepoint: 34600 ns, At safepoint: 23900 ns, Total: 58500 ns
[8630.081s][info ][safepoint      ] Safepoint "Cleanup", Time since last: 2000169607 ns, Reaching safepoint: 34500 ns, At safepoint: 5000 ns, Total: 39500 ns
[8649.161s][info ][gc,start       ] GC(197) Pause Young (Allocation Failure)
[8649.164s][debug][gc,phases      ] GC(197) Scavenge 3.082ms
[8649.164s][debug][gc,ref         ] GC(197) Skipped phase 1 of Reference Processing: no references
[8649.164s][debug][gc,ref         ] GC(197) ReferenceProcessor::execute queues: 1, RefProcThreadModel::Single, marks_oops_alive: false
[8649.164s][debug][gc,ref         ] GC(197) Skipped phase 3 of Reference Processing: no references
[8649.164s][debug][gc,ref         ] GC(197) ReferenceProcessor::execute queues: 1, RefProcThreadModel::Single, marks_oops_alive: false
[8649.164s][debug][gc,phases      ] GC(197) Reference Processing 0.089ms
[8649.164s][debug][gc,phases      ] GC(197)   VM Weak                        Min:  0.0, Avg:  0.0, Max:  0.0, Diff:  0.0, Sum:  0.0, Workers: 4
[8649.164s][debug][gc,phases      ] GC(197)     Dead                           Min: 0, Avg:  0.0, Max: 0, Diff: 0, Sum: 0, Workers: 4
[8649.164s][debug][gc,phases      ] GC(197)     Total                          Min: 0, Avg: 154.8, Max: 502, Diff: 502, Sum: 619, Workers: 4
[8649.164s][debug][gc,phases      ] GC(197)   ObjectSynchronizer Weak        Min:  0.0, Avg:  0.0, Max:  0.0, Diff:  0.0, Sum:  0.0, Workers: 4
[8649.164s][debug][gc,phases      ] GC(197)     Dead                           Min: 0, Avg:  0.0, Max: 0, Diff: 0, Sum: 0, Workers: 4
[8649.164s][debug][gc,phases      ] GC(197)     Total                          Min: 0, Avg: 11.2, Max: 45, Diff: 45, Sum: 45, Workers: 4
[8649.164s][debug][gc,phases      ] GC(197)   JVMTI Tag Weak OopStorage      Min:  0.0, Avg:  0.0, Max:  0.0, Diff:  0.0, Sum:  0.0, Workers: 4
[8649.164s][debug][gc,phases      ] GC(197)     Dead                           Min: 0, Avg:  0.0, Max: 0, Diff: 0, Sum: 0, Workers: 4
[8649.164s][debug][gc,phases      ] GC(197)     Total                          Min: 0, Avg:  0.0, Max: 0, Diff: 0, Sum: 0, Workers: 4
[8649.164s][debug][gc,phases      ] GC(197)   StringTable Weak               Min:  0.0, Avg:  0.1, Max:  0.1, Diff:  0.1, Sum:  0.4, Workers: 4
[8649.164s][debug][gc,phases      ] GC(197)     Dead                           Min: 0, Avg:  0.0, Max: 0, Diff: 0, Sum: 0, Workers: 4
[8649.164s][debug][gc,phases      ] GC(197)     Total                          Min: 0, Avg: 10730.2, Max: 19326, Diff: 19326, Sum: 42921, Workers: 4
[8649.164s][debug][gc,phases      ] GC(197)   ResolvedMethodTable Weak       Min:  0.0, Avg:  0.0, Max:  0.0, Diff:  0.0, Sum:  0.1, Workers: 4
[8649.164s][debug][gc,phases      ] GC(197)     Dead                           Min: 0, Avg:  0.0, Max: 0, Diff: 0, Sum: 0, Workers: 4
[8649.164s][debug][gc,phases      ] GC(197)     Total                          Min: 0, Avg: 2174.8, Max: 3005, Diff: 3005, Sum: 8699, Workers: 4
[8649.164s][debug][gc,phases      ] GC(197)   JNI Weak                       Min:  0.0, Avg:  0.0, Max:  0.0, Diff:  0.0, Sum:  0.0, Workers: 4
[8649.164s][debug][gc,phases      ] GC(197)     Dead                           Min: 0, Avg:  0.0, Max: 0, Diff: 0, Sum: 0, Workers: 4
[8649.164s][debug][gc,phases      ] GC(197)     Total                          Min: 0, Avg: 11.2, Max: 45, Diff: 45, Sum: 45, Workers: 4
[8649.164s][debug][gc,phases      ] GC(197)   StringDedup Table Weak         Min:  0.0, Avg:  0.0, Max:  0.0, Diff:  0.0, Sum:  0.0, Workers: 4
[8649.164s][debug][gc,phases      ] GC(197)     Dead                           Min: 0, Avg:  0.0, Max: 0, Diff: 0, Sum: 0, Workers: 4
[8649.164s][debug][gc,phases      ] GC(197)     Total                          Min: 0, Avg:  0.0, Max: 0, Diff: 0, Sum: 0, Workers: 4
[8649.164s][debug][gc,phases      ] GC(197)   StringDedup Requests0 Weak     Min:  0.0, Avg:  0.0, Max:  0.0, Diff:  0.0, Sum:  0.0, Workers: 4
[8649.164s][debug][gc,phases      ] GC(197)     Dead                           Min: 0, Avg:  0.0, Max: 0, Diff: 0, Sum: 0, Workers: 4
[8649.164s][debug][gc,phases      ] GC(197)     Total                          Min: 0, Avg:  0.0, Max: 0, Diff: 0, Sum: 0, Workers: 4
[8649.164s][debug][gc,phases      ] GC(197)   StringDedup Requests1 Weak     Min:  0.0, Avg:  0.0, Max:  0.0, Diff:  0.0, Sum:  0.0, Workers: 4
[8649.164s][debug][gc,phases      ] GC(197)     Dead                           Min: 0, Avg:  0.0, Max: 0, Diff: 0, Sum: 0, Workers: 4
[8649.164s][debug][gc,phases      ] GC(197)     Total                          Min: 0, Avg:  0.0, Max: 0, Diff: 0, Sum: 0, Workers: 4
[8649.164s][debug][gc,phases      ] GC(197)   Weak JFR Old Object Samples    Min:  0.0, Avg:  0.0, Max:  0.0, Diff:  0.0, Sum:  0.0, Workers: 4
[8649.164s][debug][gc,phases      ] GC(197)     Dead                           Min: 0, Avg:  0.0, Max: 0, Diff: 0, Sum: 0, Workers: 4
[8649.164s][debug][gc,phases      ] GC(197)     Total                          Min: 0, Avg:  0.0, Max: 0, Diff: 0, Sum: 0, Workers: 4
[8649.164s][debug][gc,phases      ] GC(197) Weak Processing 0.346ms
[8649.164s][debug][gc,age         ] GC(197) Desired survivor size 56623104 bytes, new threshold 15 (max threshold 15)
[8649.164s][info ][gc,heap        ] GC(197) PSYoungGen: 1977856K(2033152K)->5984K(2041856K) Eden: 1971712K(1971712K)->0K(1983488K) From: 6144K(61440K)->5984K(58368K)
[8649.164s][info ][gc,heap        ] GC(197) ParOldGen: 407269K(570368K)->407269K(570368K)
[8649.164s][info ][gc,metaspace   ] GC(197) Metaspace: 80145K(81088K)->80145K(81088K) NonClass: 68992K(69440K)->68992K(69440K) Class: 11153K(11648K)->11153K(11648K)
[8649.164s][info ][gc             ] GC(197) Pause Young (Allocation Failure) 2329M->403M(2551M) 3.614ms
[8649.164s][info ][gc,cpu         ] GC(197) User=0.01s Sys=0.00s Real=0.00s
[8649.164s][info ][safepoint      ] Safepoint "ParallelGCFailedAllocation", Time since last: 19079461957 ns, Reaching safepoint: 95900 ns, At safepoint: 3678394 ns, Total: 3774294 ns
[8672.166s][info ][safepoint      ] Safepoint "Cleanup", Time since last: 23001479518 ns, Reaching safepoint: 35900 ns, At safepoint: 10100 ns, Total: 46000 ns
[8678.234s][info ][safepoint      ] Safepoint "Cleanup", Time since last: 6068420200 ns, Reaching safepoint: 47600 ns, At safepoint: 3100 ns, Total: 50700 ns
[8691.235s][info ][safepoint      ] Safepoint "Cleanup", Time since last: 13000797605 ns, Reaching safepoint: 34900 ns, At safepoint: 24700 ns, Total: 59600 ns
[8699.236s][info ][safepoint      ] Safepoint "Cleanup", Time since last: 8000529555 ns, Reaching safepoint: 45500 ns, At safepoint: 6000 ns, Total: 51500 ns
[8704.361s][info ][gc,start       ] GC(198) Pause Young (Allocation Failure)
[8704.364s][debug][gc,phases      ] GC(198) Scavenge 2.794ms
[8704.364s][debug][gc,ref         ] GC(198) Skipped phase 1 of Reference Processing: no references
[8704.364s][debug][gc,ref         ] GC(198) ReferenceProcessor::execute queues: 1, RefProcThreadModel::Single, marks_oops_alive: false
[8704.364s][debug][gc,ref         ] GC(198) Skipped phase 3 of Reference Processing: no references
[8704.364s][debug][gc,ref         ] GC(198) ReferenceProcessor::execute queues: 1, RefProcThreadModel::Single, marks_oops_alive: false
[8704.364s][debug][gc,phases      ] GC(198) Reference Processing 0.081ms
[8704.364s][debug][gc,phases      ] GC(198)   VM Weak                        Min:  0.0, Avg:  0.0, Max:  0.0, Diff:  0.0, Sum:  0.0, Workers: 4
[8704.364s][debug][gc,phases      ] GC(198)     Dead                           Min: 0, Avg:  0.0, Max: 0, Diff: 0, Sum: 0, Workers: 4
[8704.364s][debug][gc,phases      ] GC(198)     Total                          Min: 0, Avg: 154.8, Max: 494, Diff: 494, Sum: 619, Workers: 4
[8704.364s][debug][gc,phases      ] GC(198)   ObjectSynchronizer Weak        Min:  0.0, Avg:  0.0, Max:  0.0, Diff:  0.0, Sum:  0.0, Workers: 4
[8704.364s][debug][gc,phases      ] GC(198)     Dead                           Min: 0, Avg:  0.0, Max: 0, Diff: 0, Sum: 0, Workers: 4
[8704.364s][debug][gc,phases      ] GC(198)     Total                          Min: 0, Avg: 11.2, Max: 45, Diff: 45, Sum: 45, Workers: 4
[8704.364s][debug][gc,phases      ] GC(198)   JVMTI Tag Weak OopStorage      Min:  0.0, Avg:  0.0, Max:  0.0, Diff:  0.0, Sum:  0.0, Workers: 4
[8704.364s][debug][gc,phases      ] GC(198)     Dead                           Min: 0, Avg:  0.0, Max: 0, Diff: 0, Sum: 0, Workers: 4
[8704.364s][debug][gc,phases      ] GC(198)     Total                          Min: 0, Avg:  0.0, Max: 0, Diff: 0, Sum: 0, Workers: 4
[8704.364s][debug][gc,phases      ] GC(198)   StringTable Weak               Min:  0.1, Avg:  0.1, Max:  0.1, Diff:  0.0, Sum:  0.4, Workers: 4
[8704.364s][debug][gc,phases      ] GC(198)     Dead                           Min: 0, Avg:  0.0, Max: 0, Diff: 0, Sum: 0, Workers: 4
[8704.364s][debug][gc,phases      ] GC(198)     Total                          Min: 9325, Avg: 10730.2, Max: 12221, Diff: 2896, Sum: 42921, Workers: 4
[8704.364s][debug][gc,phases      ] GC(198)   ResolvedMethodTable Weak       Min:  0.0, Avg:  0.0, Max:  0.0, Diff:  0.0, Sum:  0.1, Workers: 4
[8704.364s][debug][gc,phases      ] GC(198)     Dead                           Min: 0, Avg:  0.0, Max: 0, Diff: 0, Sum: 0, Workers: 4
[8704.364s][debug][gc,phases      ] GC(198)     Total                          Min: 2048, Avg: 2174.8, Max: 2427, Diff: 379, Sum: 8699, Workers: 4
[8704.364s][debug][gc,phases      ] GC(198)   JNI Weak                       Min:  0.0, Avg:  0.0, Max:  0.0, Diff:  0.0, Sum:  0.0, Workers: 4
[8704.364s][debug][gc,phases      ] GC(198)     Dead                           Min: 0, Avg:  0.0, Max: 0, Diff: 0, Sum: 0, Workers: 4
[8704.364s][debug][gc,phases      ] GC(198)     Total                          Min: 0, Avg: 11.2, Max: 45, Diff: 45, Sum: 45, Workers: 4
[8704.364s][debug][gc,phases      ] GC(198)   StringDedup Table Weak         Min:  0.0, Avg:  0.0, Max:  0.0, Diff:  0.0, Sum:  0.0, Workers: 4
[8704.364s][debug][gc,phases      ] GC(198)     Dead                           Min: 0, Avg:  0.0, Max: 0, Diff: 0, Sum: 0, Workers: 4
[8704.364s][debug][gc,phases      ] GC(198)     Total                          Min: 0, Avg:  0.0, Max: 0, Diff: 0, Sum: 0, Workers: 4
[8704.364s][debug][gc,phases      ] GC(198)   StringDedup Requests0 Weak     Min:  0.0, Avg:  0.0, Max:  0.0, Diff:  0.0, Sum:  0.0, Workers: 4
[8704.364s][debug][gc,phases      ] GC(198)     Dead                           Min: 0, Avg:  0.0, Max: 0, Diff: 0, Sum: 0, Workers: 4
[8704.364s][debug][gc,phases      ] GC(198)     Total                          Min: 0, Avg:  0.0, Max: 0, Diff: 0, Sum: 0, Workers: 4
[8704.364s][debug][gc,phases      ] GC(198)   StringDedup Requests1 Weak     Min:  0.0, Avg:  0.0, Max:  0.0, Diff:  0.0, Sum:  0.0, Workers: 4
[8704.364s][debug][gc,phases      ] GC(198)     Dead                           Min: 0, Avg:  0.0, Max: 0, Diff: 0, Sum: 0, Workers: 4
[8704.364s][debug][gc,phases      ] GC(198)     Total                          Min: 0, Avg:  0.0, Max: 0, Diff: 0, Sum: 0, Workers: 4
[8704.364s][debug][gc,phases      ] GC(198)   Weak JFR Old Object Samples    Min:  0.0, Avg:  0.0, Max:  0.0, Diff:  0.0, Sum:  0.0, Workers: 4
[8704.364s][debug][gc,phases      ] GC(198)     Dead                           Min: 0, Avg:  0.0, Max: 0, Diff: 0, Sum: 0, Workers: 4
[8704.364s][debug][gc,phases      ] GC(198)     Total                          Min: 0, Avg:  0.0, Max: 0, Diff: 0, Sum: 0, Workers: 4
[8704.364s][debug][gc,phases      ] GC(198) Weak Processing 0.276ms
[8704.364s][debug][gc,age         ] GC(198) Desired survivor size 54001664 bytes, new threshold 15 (max threshold 15)
[8704.364s][info ][gc,heap        ] GC(198) PSYoungGen: 1989472K(2041856K)->5840K(2038784K) Eden: 1983488K(1983488K)->0K(1983488K) From: 5984K(58368K)->5840K(55296K)
[8704.364s][info ][gc,heap        ] GC(198) ParOldGen: 407269K(570368K)->407725K(570368K)
[8704.364s][info ][gc,metaspace   ] GC(198) Metaspace: 80148K(81088K)->80148K(81088K) NonClass: 68994K(69440K)->68994K(69440K) Class: 11153K(11648K)->11153K(11648K)
[8704.364s][info ][gc             ] GC(198) Pause Young (Allocation Failure) 2340M->403M(2548M) 3.243ms
[8704.364s][info ][gc,cpu         ] GC(198) User=0.01s Sys=0.00s Real=0.00s
[8704.364s][info ][safepoint      ] Safepoint "ParallelGCFailedAllocation", Time since last: 5125194461 ns, Reaching safepoint: 39700 ns, At safepoint: 3311195 ns, Total: 3350895 ns
[8713.365s][info ][safepoint      ] Safepoint "Cleanup", Time since last: 9000607714 ns, Reaching safepoint: 26700 ns, At safepoint: 2400 ns, Total: 29100 ns
[8722.366s][info ][safepoint      ] Safepoint "Cleanup", Time since last: 9000648936 ns, Reaching safepoint: 26600 ns, At safepoint: 2600 ns, Total: 29200 ns
[8730.366s][info ][safepoint      ] Safepoint "Cleanup", Time since last: 8000549510 ns, Reaching safepoint: 108100 ns, At safepoint: 12600 ns, Total: 120700 ns
[8732.367s][info ][safepoint      ] Safepoint "Cleanup", Time since last: 2000157693 ns, Reaching safepoint: 35200 ns, At safepoint: 2500 ns, Total: 37700 ns
[8733.367s][info ][safepoint      ] Safepoint "Cleanup", Time since last: 1000110045 ns, Reaching safepoint: 30700 ns, At safepoint: 2800 ns, Total: 33500 ns
[8736.367s][info ][safepoint      ] Safepoint "Cleanup", Time since last: 3000220030 ns, Reaching safepoint: 24300 ns, At safepoint: 2600 ns, Total: 26900 ns
[8738.367s][info ][safepoint      ] Safepoint "Cleanup", Time since last: 2000124282 ns, Reaching safepoint: 34100 ns, At safepoint: 3100 ns, Total: 37200 ns
[8741.367s][info ][safepoint      ] Safepoint "Cleanup", Time since last: 3000328616 ns, Reaching safepoint: 44500 ns, At safepoint: 8000 ns, Total: 52500 ns
[8744.368s][info ][safepoint      ] Safepoint "Cleanup", Time since last: 3000211107 ns, Reaching safepoint: 24400 ns, At safepoint: 2500 ns, Total: 26900 ns
[8753.464s][info ][gc,start       ] GC(199) Pause Young (Allocation Failure)
[8753.467s][debug][gc,phases      ] GC(199) Scavenge 2.981ms
[8753.467s][debug][gc,ref         ] GC(199) Skipped phase 1 of Reference Processing: no references
[8753.467s][debug][gc,ref         ] GC(199) ReferenceProcessor::execute queues: 1, RefProcThreadModel::Single, marks_oops_alive: false
[8753.467s][debug][gc,ref         ] GC(199) Skipped phase 3 of Reference Processing: no references
[8753.467s][debug][gc,ref         ] GC(199) ReferenceProcessor::execute queues: 1, RefProcThreadModel::Single, marks_oops_alive: false
[8753.468s][debug][gc,phases      ] GC(199) Reference Processing 0.090ms
[8753.468s][debug][gc,phases      ] GC(199)   VM Weak                        Min:  0.0, Avg:  0.0, Max:  0.0, Diff:  0.0, Sum:  0.0, Workers: 4
[8753.468s][debug][gc,phases      ] GC(199)     Dead                           Min: 0, Avg:  0.0, Max: 0, Diff: 0, Sum: 0, Workers: 4
[8753.468s][debug][gc,phases      ] GC(199)     Total                          Min: 0, Avg: 154.8, Max: 619, Diff: 619, Sum: 619, Workers: 4
[8753.468s][debug][gc,phases      ] GC(199)   ObjectSynchronizer Weak        Min:  0.0, Avg:  0.0, Max:  0.0, Diff:  0.0, Sum:  0.0, Workers: 4
[8753.468s][debug][gc,phases      ] GC(199)     Dead                           Min: 0, Avg:  0.0, Max: 0, Diff: 0, Sum: 0, Workers: 4
[8753.468s][debug][gc,phases      ] GC(199)     Total                          Min: 0, Avg: 11.2, Max: 45, Diff: 45, Sum: 45, Workers: 4
[8753.468s][debug][gc,phases      ] GC(199)   JVMTI Tag Weak OopStorage      Min:  0.0, Avg:  0.0, Max:  0.0, Diff:  0.0, Sum:  0.0, Workers: 4
[8753.468s][debug][gc,phases      ] GC(199)     Dead                           Min: 0, Avg:  0.0, Max: 0, Diff: 0, Sum: 0, Workers: 4
[8753.468s][debug][gc,phases      ] GC(199)     Total                          Min: 0, Avg:  0.0, Max: 0, Diff: 0, Sum: 0, Workers: 4
[8753.468s][debug][gc,phases      ] GC(199)   StringTable Weak               Min:  0.1, Avg:  0.1, Max:  0.1, Diff:  0.0, Sum:  0.4, Workers: 4
[8753.468s][debug][gc,phases      ] GC(199)     Dead                           Min: 0, Avg:  0.0, Max: 0, Diff: 0, Sum: 0, Workers: 4
[8753.468s][debug][gc,phases      ] GC(199)     Total                          Min: 9330, Avg: 10731.8, Max: 11392, Diff: 2062, Sum: 42927, Workers: 4
[8753.468s][debug][gc,phases      ] GC(199)   ResolvedMethodTable Weak       Min:  0.0, Avg:  0.0, Max:  0.0, Diff:  0.0, Sum:  0.1, Workers: 4
[8753.468s][debug][gc,phases      ] GC(199)     Dead                           Min: 0, Avg:  0.0, Max: 0, Diff: 0, Sum: 0, Workers: 4
[8753.468s][debug][gc,phases      ] GC(199)     Total                          Min: 2109, Avg: 2175.2, Max: 2240, Diff: 131, Sum: 8701, Workers: 4
[8753.468s][debug][gc,phases      ] GC(199)   JNI Weak                       Min:  0.0, Avg:  0.0, Max:  0.0, Diff:  0.0, Sum:  0.0, Workers: 4
[8753.468s][debug][gc,phases      ] GC(199)     Dead                           Min: 0, Avg:  0.0, Max: 0, Diff: 0, Sum: 0, Workers: 4
[8753.468s][debug][gc,phases      ] GC(199)     Total                          Min: 0, Avg: 11.2, Max: 45, Diff: 45, Sum: 45, Workers: 4
[8753.468s][debug][gc,phases      ] GC(199)   StringDedup Table Weak         Min:  0.0, Avg:  0.0, Max:  0.0, Diff:  0.0, Sum:  0.0, Workers: 4
[8753.468s][debug][gc,phases      ] GC(199)     Dead                           Min: 0, Avg:  0.0, Max: 0, Diff: 0, Sum: 0, Workers: 4
[8753.468s][debug][gc,phases      ] GC(199)     Total                          Min: 0, Avg:  0.0, Max: 0, Diff: 0, Sum: 0, Workers: 4
[8753.468s][debug][gc,phases      ] GC(199)   StringDedup Requests0 Weak     Min:  0.0, Avg:  0.0, Max:  0.0, Diff:  0.0, Sum:  0.0, Workers: 4
[8753.468s][debug][gc,phases      ] GC(199)     Dead                           Min: 0, Avg:  0.0, Max: 0, Diff: 0, Sum: 0, Workers: 4
[8753.468s][debug][gc,phases      ] GC(199)     Total                          Min: 0, Avg:  0.0, Max: 0, Diff: 0, Sum: 0, Workers: 4
[8753.468s][debug][gc,phases      ] GC(199)   StringDedup Requests1 Weak     Min:  0.0, Avg:  0.0, Max:  0.0, Diff:  0.0, Sum:  0.0, Workers: 4
[8753.468s][debug][gc,phases      ] GC(199)     Dead                           Min: 0, Avg:  0.0, Max: 0, Diff: 0, Sum: 0, Workers: 4
[8753.468s][debug][gc,phases      ] GC(199)     Total                          Min: 0, Avg:  0.0, Max: 0, Diff: 0, Sum: 0, Workers: 4
[8753.468s][debug][gc,phases      ] GC(199)   Weak JFR Old Object Samples    Min:  0.0, Avg:  0.0, Max:  0.0, Diff:  0.0, Sum:  0.0, Workers: 4
[8753.468s][debug][gc,phases      ] GC(199)     Dead                           Min: 0, Avg:  0.0, Max: 0, Diff: 0, Sum: 0, Workers: 4
[8753.468s][debug][gc,phases      ] GC(199)     Total                          Min: 0, Avg:  0.0, Max: 0, Diff: 0, Sum: 0, Workers: 4
[8753.468s][debug][gc,phases      ] GC(199) Weak Processing 0.297ms
[8753.468s][debug][gc,age         ] GC(199) Desired survivor size 50855936 bytes, new threshold 15 (max threshold 15)
[8753.468s][info ][gc,heap        ] GC(199) PSYoungGen: 1989328K(2038784K)->5456K(2047488K) Eden: 1983488K(1983488K)->0K(1994752K) From: 5840K(55296K)->5456K(52736K)
[8753.468s][info ][gc,heap        ] GC(199) ParOldGen: 407725K(570368K)->407929K(570368K)
[8753.468s][info ][gc,metaspace   ] GC(199) Metaspace: 80152K(81088K)->80152K(81088K) NonClass: 68998K(69440K)->68998K(69440K) Class: 11153K(11648K)->11153K(11648K)
[8753.468s][info ][gc             ] GC(199) Pause Young (Allocation Failure) 2340M->403M(2556M) 3.461ms
[8753.468s][info ][gc,cpu         ] GC(199) User=0.01s Sys=0.00s Real=0.01s
[8753.468s][info ][safepoint      ] Safepoint "ParallelGCFailedAllocation", Time since last: 9096592603 ns, Reaching safepoint: 41800 ns, At safepoint: 3520194 ns, Total: 3561994 ns
[8778.469s][info ][safepoint      ] Safepoint "Cleanup", Time since last: 25001552377 ns, Reaching safepoint: 40700 ns, At safepoint: 24200 ns, Total: 64900 ns
[8797.361s][info ][gc,start       ] GC(200) Pause Young (Allocation Failure)
[8797.366s][debug][gc,phases      ] GC(200) Scavenge 4.458ms
[8797.366s][debug][gc,ref         ] GC(200) Skipped phase 1 of Reference Processing: no references
[8797.366s][debug][gc,ref         ] GC(200) ReferenceProcessor::execute queues: 1, RefProcThreadModel::Single, marks_oops_alive: false
[8797.366s][debug][gc,ref         ] GC(200) Skipped phase 3 of Reference Processing: no references
[8797.366s][debug][gc,ref         ] GC(200) ReferenceProcessor::execute queues: 1, RefProcThreadModel::Single, marks_oops_alive: false
[8797.366s][debug][gc,phases      ] GC(200) Reference Processing 0.082ms
[8797.366s][debug][gc,phases      ] GC(200)   VM Weak                        Min:  0.0, Avg:  0.0, Max:  0.0, Diff:  0.0, Sum:  0.0, Workers: 4
[8797.366s][debug][gc,phases      ] GC(200)     Dead                           Min: 0, Avg:  0.0, Max: 0, Diff: 0, Sum: 0, Workers: 4
[8797.366s][debug][gc,phases      ] GC(200)     Total                          Min: 0, Avg: 154.8, Max: 619, Diff: 619, Sum: 619, Workers: 4
[8797.366s][debug][gc,phases      ] GC(200)   ObjectSynchronizer Weak        Min:  0.0, Avg:  0.0, Max:  0.0, Diff:  0.0, Sum:  0.0, Workers: 4
[8797.366s][debug][gc,phases      ] GC(200)     Dead                           Min: 0, Avg:  0.0, Max: 0, Diff: 0, Sum: 0, Workers: 4
[8797.366s][debug][gc,phases      ] GC(200)     Total                          Min: 0, Avg: 11.2, Max: 45, Diff: 45, Sum: 45, Workers: 4
[8797.366s][debug][gc,phases      ] GC(200)   JVMTI Tag Weak OopStorage      Min:  0.0, Avg:  0.0, Max:  0.0, Diff:  0.0, Sum:  0.0, Workers: 4
[8797.366s][debug][gc,phases      ] GC(200)     Dead                           Min: 0, Avg:  0.0, Max: 0, Diff: 0, Sum: 0, Workers: 4
[8797.366s][debug][gc,phases      ] GC(200)     Total                          Min: 0, Avg:  0.0, Max: 0, Diff: 0, Sum: 0, Workers: 4
[8797.366s][debug][gc,phases      ] GC(200)   StringTable Weak               Min:  0.0, Avg:  0.1, Max:  0.1, Diff:  0.1, Sum:  0.3, Workers: 4
[8797.366s][debug][gc,phases      ] GC(200)     Dead                           Min: 0, Avg:  0.0, Max: 0, Diff: 0, Sum: 0, Workers: 4
[8797.366s][debug][gc,phases      ] GC(200)     Total                          Min: 0, Avg: 10731.8, Max: 17137, Diff: 17137, Sum: 42927, Workers: 4
[8797.366s][debug][gc,phases      ] GC(200)   ResolvedMethodTable Weak       Min:  0.0, Avg:  0.0, Max:  0.0, Diff:  0.0, Sum:  0.1, Workers: 4
[8797.366s][debug][gc,phases      ] GC(200)     Dead                           Min: 0, Avg:  0.0, Max: 0, Diff: 0, Sum: 0, Workers: 4
[8797.366s][debug][gc,phases      ] GC(200)     Total                          Min: 0, Avg: 2175.2, Max: 3904, Diff: 3904, Sum: 8701, Workers: 4
[8797.366s][debug][gc,phases      ] GC(200)   JNI Weak                       Min:  0.0, Avg:  0.0, Max:  0.0, Diff:  0.0, Sum:  0.0, Workers: 4
[8797.366s][debug][gc,phases      ] GC(200)     Dead                           Min: 0, Avg:  0.0, Max: 0, Diff: 0, Sum: 0, Workers: 4
[8797.366s][debug][gc,phases      ] GC(200)     Total                          Min: 0, Avg: 11.2, Max: 45, Diff: 45, Sum: 45, Workers: 4
[8797.366s][debug][gc,phases      ] GC(200)   StringDedup Table Weak         Min:  0.0, Avg:  0.0, Max:  0.0, Diff:  0.0, Sum:  0.0, Workers: 4
[8797.366s][debug][gc,phases      ] GC(200)     Dead                           Min: 0, Avg:  0.0, Max: 0, Diff: 0, Sum: 0, Workers: 4
[8797.366s][debug][gc,phases      ] GC(200)     Total                          Min: 0, Avg:  0.0, Max: 0, Diff: 0, Sum: 0, Workers: 4
[8797.366s][debug][gc,phases      ] GC(200)   StringDedup Requests0 Weak     Min:  0.0, Avg:  0.0, Max:  0.0, Diff:  0.0, Sum:  0.0, Workers: 4
[8797.366s][debug][gc,phases      ] GC(200)     Dead                           Min: 0, Avg:  0.0, Max: 0, Diff: 0, Sum: 0, Workers: 4
[8797.366s][debug][gc,phases      ] GC(200)     Total                          Min: 0, Avg:  0.0, Max: 0, Diff: 0, Sum: 0, Workers: 4
[8797.366s][debug][gc,phases      ] GC(200)   StringDedup Requests1 Weak     Min:  0.0, Avg:  0.0, Max:  0.0, Diff:  0.0, Sum:  0.0, Workers: 4
[8797.366s][debug][gc,phases      ] GC(200)     Dead                           Min: 0, Avg:  0.0, Max: 0, Diff: 0, Sum: 0, Workers: 4
[8797.366s][debug][gc,phases      ] GC(200)     Total                          Min: 0, Avg:  0.0, Max: 0, Diff: 0, Sum: 0, Workers: 4
[8797.366s][debug][gc,phases      ] GC(200)   Weak JFR Old Object Samples    Min:  0.0, Avg:  0.0, Max:  0.0, Diff:  0.0, Sum:  0.0, Workers: 4
[8797.366s][debug][gc,phases      ] GC(200)     Dead                           Min: 0, Avg:  0.0, Max: 0, Diff: 0, Sum: 0, Workers: 4
[8797.366s][debug][gc,phases      ] GC(200)     Total                          Min: 0, Avg:  0.0, Max: 0, Diff: 0, Sum: 0, Workers: 4
[8797.366s][debug][gc,phases      ] GC(200) Weak Processing 0.305ms
[8797.366s][debug][gc,age         ] GC(200) Desired survivor size 48234496 bytes, new threshold 15 (max threshold 15)
[8797.366s][info ][gc,heap        ] GC(200) PSYoungGen: 2000208K(2047488K)->5408K(2044416K) Eden: 1994752K(1994752K)->0K(1994752K) From: 5456K(52736K)->5408K(49664K)
[8797.366s][info ][gc,heap        ] GC(200) ParOldGen: 407929K(570368K)->408049K(570368K)
[8797.366s][info ][gc,metaspace   ] GC(200) Metaspace: 80154K(81088K)->80154K(81088K) NonClass: 69000K(69440K)->69000K(69440K) Class: 11153K(11648K)->11153K(11648K)
[8797.366s][info ][gc             ] GC(200) Pause Young (Allocation Failure) 2351M->403M(2553M) 4.943ms
[8797.366s][info ][gc,cpu         ] GC(200) User=0.01s Sys=0.00s Real=0.00s
[8797.366s][info ][safepoint      ] Safepoint "ParallelGCFailedAllocation", Time since last: 18891595824 ns, Reaching safepoint: 99800 ns, At safepoint: 5009991 ns, Total: 5109791 ns
[8802.366s][info ][safepoint      ] Safepoint "Cleanup", Time since last: 5000239331 ns, Reaching safepoint: 43900 ns, At safepoint: 2600 ns, Total: 46500 ns
[8805.367s][info ][safepoint      ] Safepoint "Cleanup", Time since last: 3000176248 ns, Reaching safepoint: 39900 ns, At safepoint: 2900 ns, Total: 42800 ns
[8839.369s][info ][safepoint      ] Safepoint "Cleanup", Time since last: 34002056313 ns, Reaching safepoint: 47300 ns, At safepoint: 7700 ns, Total: 55000 ns
[8840.369s][info ][safepoint      ] Safepoint "Cleanup", Time since last: 1000113455 ns, Reaching safepoint: 35100 ns, At safepoint: 2900 ns, Total: 38000 ns
[8841.211s][info ][gc,start       ] GC(201) Pause Young (Allocation Failure)
[8841.214s][debug][gc,phases      ] GC(201) Scavenge 2.886ms
[8841.214s][debug][gc,ref         ] GC(201) Skipped phase 1 of Reference Processing: no references
[8841.214s][debug][gc,ref         ] GC(201) ReferenceProcessor::execute queues: 1, RefProcThreadModel::Single, marks_oops_alive: false
[8841.214s][debug][gc,ref         ] GC(201) Skipped phase 3 of Reference Processing: no references
[8841.214s][debug][gc,ref         ] GC(201) ReferenceProcessor::execute queues: 1, RefProcThreadModel::Single, marks_oops_alive: false
[8841.214s][debug][gc,phases      ] GC(201) Reference Processing 0.081ms
[8841.214s][debug][gc,phases      ] GC(201)   VM Weak                        Min:  0.0, Avg:  0.0, Max:  0.0, Diff:  0.0, Sum:  0.0, Workers: 4
[8841.214s][debug][gc,phases      ] GC(201)     Dead                           Min: 0, Avg:  0.0, Max: 0, Diff: 0, Sum: 0, Workers: 4
[8841.214s][debug][gc,phases      ] GC(201)     Total                          Min: 0, Avg: 154.8, Max: 502, Diff: 502, Sum: 619, Workers: 4
[8841.214s][debug][gc,phases      ] GC(201)   ObjectSynchronizer Weak        Min:  0.0, Avg:  0.0, Max:  0.0, Diff:  0.0, Sum:  0.0, Workers: 4
[8841.214s][debug][gc,phases      ] GC(201)     Dead                           Min: 0, Avg:  0.0, Max: 0, Diff: 0, Sum: 0, Workers: 4
[8841.214s][debug][gc,phases      ] GC(201)     Total                          Min: 0, Avg: 11.2, Max: 45, Diff: 45, Sum: 45, Workers: 4
[8841.214s][debug][gc,phases      ] GC(201)   JVMTI Tag Weak OopStorage      Min:  0.0, Avg:  0.0, Max:  0.0, Diff:  0.0, Sum:  0.0, Workers: 4
[8841.214s][debug][gc,phases      ] GC(201)     Dead                           Min: 0, Avg:  0.0, Max: 0, Diff: 0, Sum: 0, Workers: 4
[8841.214s][debug][gc,phases      ] GC(201)     Total                          Min: 0, Avg:  0.0, Max: 0, Diff: 0, Sum: 0, Workers: 4
[8841.214s][debug][gc,phases      ] GC(201)   StringTable Weak               Min:  0.1, Avg:  0.1, Max:  0.1, Diff:  0.0, Sum:  0.4, Workers: 4
[8841.214s][debug][gc,phases      ] GC(201)     Dead                           Min: 0, Avg:  0.0, Max: 0, Diff: 0, Sum: 0, Workers: 4
[8841.214s][debug][gc,phases      ] GC(201)     Total                          Min: 10112, Avg: 10731.8, Max: 11774, Diff: 1662, Sum: 42927, Workers: 4
[8841.214s][debug][gc,phases      ] GC(201)   ResolvedMethodTable Weak       Min:  0.0, Avg:  0.0, Max:  0.0, Diff:  0.0, Sum:  0.1, Workers: 4
[8841.214s][debug][gc,phases      ] GC(201)     Dead                           Min: 0, Avg:  0.0, Max: 0, Diff: 0, Sum: 0, Workers: 4
[8841.214s][debug][gc,phases      ] GC(201)     Total                          Min: 2048, Avg: 2175.2, Max: 2365, Diff: 317, Sum: 8701, Workers: 4
[8841.214s][debug][gc,phases      ] GC(201)   JNI Weak                       Min:  0.0, Avg:  0.0, Max:  0.0, Diff:  0.0, Sum:  0.0, Workers: 4
[8841.214s][debug][gc,phases      ] GC(201)     Dead                           Min: 0, Avg:  0.0, Max: 0, Diff: 0, Sum: 0, Workers: 4
[8841.214s][debug][gc,phases      ] GC(201)     Total                          Min: 0, Avg: 11.2, Max: 45, Diff: 45, Sum: 45, Workers: 4
[8841.214s][debug][gc,phases      ] GC(201)   StringDedup Table Weak         Min:  0.0, Avg:  0.0, Max:  0.0, Diff:  0.0, Sum:  0.0, Workers: 4
[8841.214s][debug][gc,phases      ] GC(201)     Dead                           Min: 0, Avg:  0.0, Max: 0, Diff: 0, Sum: 0, Workers: 4
[8841.214s][debug][gc,phases      ] GC(201)     Total                          Min: 0, Avg:  0.0, Max: 0, Diff: 0, Sum: 0, Workers: 4
[8841.214s][debug][gc,phases      ] GC(201)   StringDedup Requests0 Weak     Min:  0.0, Avg:  0.0, Max:  0.0, Diff:  0.0, Sum:  0.0, Workers: 4
[8841.214s][debug][gc,phases      ] GC(201)     Dead                           Min: 0, Avg:  0.0, Max: 0, Diff: 0, Sum: 0, Workers: 4
[8841.214s][debug][gc,phases      ] GC(201)     Total                          Min: 0, Avg:  0.0, Max: 0, Diff: 0, Sum: 0, Workers: 4
[8841.214s][debug][gc,phases      ] GC(201)   StringDedup Requests1 Weak     Min:  0.0, Avg:  0.0, Max:  0.0, Diff:  0.0, Sum:  0.0, Workers: 4
[8841.214s][debug][gc,phases      ] GC(201)     Dead                           Min: 0, Avg:  0.0, Max: 0, Diff: 0, Sum: 0, Workers: 4
[8841.214s][debug][gc,phases      ] GC(201)     Total                          Min: 0, Avg:  0.0, Max: 0, Diff: 0, Sum: 0, Workers: 4
[8841.214s][debug][gc,phases      ] GC(201)   Weak JFR Old Object Samples    Min:  0.0, Avg:  0.0, Max:  0.0, Diff:  0.0, Sum:  0.0, Workers: 4
[8841.214s][debug][gc,phases      ] GC(201)     Dead                           Min: 0, Avg:  0.0, Max: 0, Diff: 0, Sum: 0, Workers: 4
[8841.214s][debug][gc,phases      ] GC(201)     Total                          Min: 0, Avg:  0.0, Max: 0, Diff: 0, Sum: 0, Workers: 4
[8841.214s][debug][gc,phases      ] GC(201) Weak Processing 0.266ms
[8841.214s][debug][gc,age         ] GC(201) Desired survivor size 45613056 bytes, new threshold 15 (max threshold 15)
[8841.214s][info ][gc,heap        ] GC(201) PSYoungGen: 2000160K(2044416K)->5600K(2052608K) Eden: 1994752K(1994752K)->0K(2005504K) From: 5408K(49664K)->5600K(47104K)
[8841.214s][info ][gc,heap        ] GC(201) ParOldGen: 408049K(570368K)->408125K(570368K)
[8841.214s][info ][gc,metaspace   ] GC(201) Metaspace: 80156K(81088K)->80156K(81088K) NonClass: 69002K(69440K)->69002K(69440K) Class: 11153K(11648K)->11153K(11648K)
[8841.214s][info ][gc             ] GC(201) Pause Young (Allocation Failure) 2351M->404M(2561M) 3.323ms
[8841.214s][info ][gc,cpu         ] GC(201) User=0.01s Sys=0.00s Real=0.00s
[8841.214s][info ][safepoint      ] Safepoint "ParallelGCFailedAllocation", Time since last: 841583746 ns, Reaching safepoint: 120800 ns, At safepoint: 3393393 ns, Total: 3514193 ns
[8854.215s][info ][safepoint      ] Safepoint "Cleanup", Time since last: 13000899830 ns, Reaching safepoint: 105400 ns, At safepoint: 6900 ns, Total: 112300 ns
[8855.215s][info ][safepoint      ] Safepoint "Cleanup", Time since last: 1000101243 ns, Reaching safepoint: 123900 ns, At safepoint: 7700 ns, Total: 131600 ns
[8857.216s][info ][safepoint      ] Safepoint "Cleanup", Time since last: 2000162784 ns, Reaching safepoint: 49700 ns, At safepoint: 6700 ns, Total: 56400 ns
[8890.218s][info ][safepoint      ] Safepoint "Cleanup", Time since last: 33001981772 ns, Reaching safepoint: 60300 ns, At safepoint: 6900 ns, Total: 67200 ns
[8893.011s][info ][gc,start       ] GC(202) Pause Young (Allocation Failure)
[8893.015s][debug][gc,phases      ] GC(202) Scavenge 4.266ms
[8893.015s][debug][gc,ref         ] GC(202) Skipped phase 1 of Reference Processing: no references
[8893.015s][debug][gc,ref         ] GC(202) ReferenceProcessor::execute queues: 1, RefProcThreadModel::Single, marks_oops_alive: false
[8893.015s][debug][gc,ref         ] GC(202) Skipped phase 3 of Reference Processing: no references
[8893.015s][debug][gc,ref         ] GC(202) ReferenceProcessor::execute queues: 1, RefProcThreadModel::Single, marks_oops_alive: false
[8893.015s][debug][gc,phases      ] GC(202) Reference Processing 0.095ms
[8893.016s][debug][gc,phases      ] GC(202)   VM Weak                        Min:  0.0, Avg:  0.0, Max:  0.0, Diff:  0.0, Sum:  0.0, Workers: 4
[8893.016s][debug][gc,phases      ] GC(202)     Dead                           Min: 0, Avg:  0.0, Max: 0, Diff: 0, Sum: 0, Workers: 4
[8893.016s][debug][gc,phases      ] GC(202)     Total                          Min: 0, Avg: 154.8, Max: 370, Diff: 370, Sum: 619, Workers: 4
[8893.016s][debug][gc,phases      ] GC(202)   ObjectSynchronizer Weak        Min:  0.0, Avg:  0.0, Max:  0.0, Diff:  0.0, Sum:  0.0, Workers: 4
[8893.016s][debug][gc,phases      ] GC(202)     Dead                           Min: 0, Avg:  0.0, Max: 0, Diff: 0, Sum: 0, Workers: 4
[8893.016s][debug][gc,phases      ] GC(202)     Total                          Min: 0, Avg: 11.2, Max: 45, Diff: 45, Sum: 45, Workers: 4
[8893.016s][debug][gc,phases      ] GC(202)   JVMTI Tag Weak OopStorage      Min:  0.0, Avg:  0.0, Max:  0.0, Diff:  0.0, Sum:  0.0, Workers: 4
[8893.016s][debug][gc,phases      ] GC(202)     Dead                           Min: 0, Avg:  0.0, Max: 0, Diff: 0, Sum: 0, Workers: 4
[8893.016s][debug][gc,phases      ] GC(202)     Total                          Min: 0, Avg:  0.0, Max: 0, Diff: 0, Sum: 0, Workers: 4
[8893.016s][debug][gc,phases      ] GC(202)   StringTable Weak               Min:  0.1, Avg:  0.1, Max:  0.1, Diff:  0.0, Sum:  0.4, Workers: 4
[8893.016s][debug][gc,phases      ] GC(202)     Dead                           Min: 0, Avg:  0.0, Max: 0, Diff: 0, Sum: 0, Workers: 4
[8893.016s][debug][gc,phases      ] GC(202)     Total                          Min: 10304, Avg: 10731.8, Max: 11379, Diff: 1075, Sum: 42927, Workers: 4
[8893.016s][debug][gc,phases      ] GC(202)   ResolvedMethodTable Weak       Min:  0.0, Avg:  0.0, Max:  0.0, Diff:  0.0, Sum:  0.1, Workers: 4
[8893.016s][debug][gc,phases      ] GC(202)     Dead                           Min: 0, Avg:  0.0, Max: 0, Diff: 0, Sum: 0, Workers: 4
[8893.016s][debug][gc,phases      ] GC(202)     Total                          Min: 2173, Avg: 2175.2, Max: 2176, Diff: 3, Sum: 8701, Workers: 4
[8893.016s][debug][gc,phases      ] GC(202)   JNI Weak                       Min:  0.0, Avg:  0.0, Max:  0.0, Diff:  0.0, Sum:  0.0, Workers: 4
[8893.016s][debug][gc,phases      ] GC(202)     Dead                           Min: 0, Avg:  0.0, Max: 0, Diff: 0, Sum: 0, Workers: 4
[8893.016s][debug][gc,phases      ] GC(202)     Total                          Min: 0, Avg: 11.2, Max: 45, Diff: 45, Sum: 45, Workers: 4
[8893.016s][debug][gc,phases      ] GC(202)   StringDedup Table Weak         Min:  0.0, Avg:  0.0, Max:  0.0, Diff:  0.0, Sum:  0.0, Workers: 4
[8893.016s][debug][gc,phases      ] GC(202)     Dead                           Min: 0, Avg:  0.0, Max: 0, Diff: 0, Sum: 0, Workers: 4
[8893.016s][debug][gc,phases      ] GC(202)     Total                          Min: 0, Avg:  0.0, Max: 0, Diff: 0, Sum: 0, Workers: 4
[8893.016s][debug][gc,phases      ] GC(202)   StringDedup Requests0 Weak     Min:  0.0, Avg:  0.0, Max:  0.0, Diff:  0.0, Sum:  0.0, Workers: 4
[8893.016s][debug][gc,phases      ] GC(202)     Dead                           Min: 0, Avg:  0.0, Max: 0, Diff: 0, Sum: 0, Workers: 4
[8893.016s][debug][gc,phases      ] GC(202)     Total                          Min: 0, Avg:  0.0, Max: 0, Diff: 0, Sum: 0, Workers: 4
[8893.016s][debug][gc,phases      ] GC(202)   StringDedup Requests1 Weak     Min:  0.0, Avg:  0.0, Max:  0.0, Diff:  0.0, Sum:  0.0, Workers: 4
[8893.016s][debug][gc,phases      ] GC(202)     Dead                           Min: 0, Avg:  0.0, Max: 0, Diff: 0, Sum: 0, Workers: 4
[8893.016s][debug][gc,phases      ] GC(202)     Total                          Min: 0, Avg:  0.0, Max: 0, Diff: 0, Sum: 0, Workers: 4
[8893.016s][debug][gc,phases      ] GC(202)   Weak JFR Old Object Samples    Min:  0.0, Avg:  0.0, Max:  0.0, Diff:  0.0, Sum:  0.0, Workers: 4
[8893.016s][debug][gc,phases      ] GC(202)     Dead                           Min: 0, Avg:  0.0, Max: 0, Diff: 0, Sum: 0, Workers: 4
[8893.016s][debug][gc,phases      ] GC(202)     Total                          Min: 0, Avg:  0.0, Max: 0, Diff: 0, Sum: 0, Workers: 4
[8893.016s][debug][gc,phases      ] GC(202) Weak Processing 0.272ms
[8893.016s][debug][gc,age         ] GC(202) Desired survivor size 42991616 bytes, new threshold 15 (max threshold 15)
[8893.016s][info ][gc,heap        ] GC(202) PSYoungGen: 2011104K(2052608K)->5584K(2050048K) Eden: 2005504K(2005504K)->0K(2005504K) From: 5600K(47104K)->5584K(44544K)
[8893.016s][info ][gc,heap        ] GC(202) ParOldGen: 408125K(570368K)->408149K(570368K)
[8893.016s][info ][gc,metaspace   ] GC(202) Metaspace: 80157K(81088K)->80157K(81088K) NonClass: 69003K(69440K)->69003K(69440K) Class: 11153K(11648K)->11153K(11648K)
[8893.016s][info ][gc             ] GC(202) Pause Young (Allocation Failure) 2362M->404M(2559M) 4.722ms
[8893.016s][info ][gc,cpu         ] GC(202) User=0.01s Sys=0.01s Real=0.00s
[8893.016s][info ][safepoint      ] Safepoint "ParallelGCFailedAllocation", Time since last: 2793327140 ns, Reaching safepoint: 109299 ns, At safepoint: 4787691 ns, Total: 4896990 ns
[8902.016s][info ][safepoint      ] Safepoint "Cleanup", Time since last: 9000573316 ns, Reaching safepoint: 52499 ns, At safepoint: 18500 ns, Total: 70999 ns
[8933.018s][info ][safepoint      ] Safepoint "Cleanup", Time since last: 31001939384 ns, Reaching safepoint: 33800 ns, At safepoint: 19100 ns, Total: 52900 ns
[8934.019s][info ][safepoint      ] Safepoint "Cleanup", Time since last: 1000093489 ns, Reaching safepoint: 37200 ns, At safepoint: 2600 ns, Total: 39800 ns
[8938.019s][info ][safepoint      ] Safepoint "Cleanup", Time since last: 4000289649 ns, Reaching safepoint: 38000 ns, At safepoint: 2000 ns, Total: 40000 ns
[8939.019s][info ][safepoint      ] Safepoint "Cleanup", Time since last: 1000104686 ns, Reaching safepoint: 43100 ns, At safepoint: 6400 ns, Total: 49500 ns
[8943.160s][info ][gc,start       ] GC(203) Pause Young (Allocation Failure)
[8943.164s][debug][gc,phases      ] GC(203) Scavenge 3.312ms
[8943.164s][debug][gc,ref         ] GC(203) Skipped phase 1 of Reference Processing: no references
[8943.164s][debug][gc,ref         ] GC(203) ReferenceProcessor::execute queues: 1, RefProcThreadModel::Single, marks_oops_alive: false
[8943.164s][debug][gc,ref         ] GC(203) Skipped phase 3 of Reference Processing: no references
[8943.164s][debug][gc,ref         ] GC(203) ReferenceProcessor::execute queues: 1, RefProcThreadModel::Single, marks_oops_alive: false
[8943.164s][debug][gc,phases      ] GC(203) Reference Processing 0.081ms
[8943.164s][debug][gc,phases      ] GC(203)   VM Weak                        Min:  0.0, Avg:  0.0, Max:  0.0, Diff:  0.0, Sum:  0.0, Workers: 4
[8943.164s][debug][gc,phases      ] GC(203)     Dead                           Min: 0, Avg:  0.0, Max: 0, Diff: 0, Sum: 0, Workers: 4
[8943.164s][debug][gc,phases      ] GC(203)     Total                          Min: 0, Avg: 154.8, Max: 395, Diff: 395, Sum: 619, Workers: 4
[8943.164s][debug][gc,phases      ] GC(203)   ObjectSynchronizer Weak        Min:  0.0, Avg:  0.0, Max:  0.0, Diff:  0.0, Sum:  0.0, Workers: 4
[8943.164s][debug][gc,phases      ] GC(203)     Dead                           Min: 0, Avg:  0.0, Max: 0, Diff: 0, Sum: 0, Workers: 4
[8943.164s][debug][gc,phases      ] GC(203)     Total                          Min: 0, Avg: 11.2, Max: 45, Diff: 45, Sum: 45, Workers: 4
[8943.164s][debug][gc,phases      ] GC(203)   JVMTI Tag Weak OopStorage      Min:  0.0, Avg:  0.0, Max:  0.0, Diff:  0.0, Sum:  0.0, Workers: 4
[8943.164s][debug][gc,phases      ] GC(203)     Dead                           Min: 0, Avg:  0.0, Max: 0, Diff: 0, Sum: 0, Workers: 4
[8943.164s][debug][gc,phases      ] GC(203)     Total                          Min: 0, Avg:  0.0, Max: 0, Diff: 0, Sum: 0, Workers: 4
[8943.164s][debug][gc,phases      ] GC(203)   StringTable Weak               Min:  0.1, Avg:  0.1, Max:  0.1, Diff:  0.0, Sum:  0.3, Workers: 4
[8943.164s][debug][gc,phases      ] GC(203)     Dead                           Min: 0, Avg:  0.0, Max: 0, Diff: 0, Sum: 0, Workers: 4
[8943.164s][debug][gc,phases      ] GC(203)     Total                          Min: 10110, Avg: 10732.0, Max: 12031, Diff: 1921, Sum: 42928, Workers: 4
[8943.164s][debug][gc,phases      ] GC(203)   ResolvedMethodTable Weak       Min:  0.0, Avg:  0.0, Max:  0.0, Diff:  0.0, Sum:  0.1, Workers: 4
[8943.164s][debug][gc,phases      ] GC(203)     Dead                           Min: 0, Avg:  0.0, Max: 0, Diff: 0, Sum: 0, Workers: 4
[8943.164s][debug][gc,phases      ] GC(203)     Total                          Min: 1981, Avg: 2175.2, Max: 2496, Diff: 515, Sum: 8701, Workers: 4
[8943.164s][debug][gc,phases      ] GC(203)   JNI Weak                       Min:  0.0, Avg:  0.0, Max:  0.0, Diff:  0.0, Sum:  0.0, Workers: 4
[8943.164s][debug][gc,phases      ] GC(203)     Dead                           Min: 0, Avg:  0.0, Max: 0, Diff: 0, Sum: 0, Workers: 4
[8943.164s][debug][gc,phases      ] GC(203)     Total                          Min: 0, Avg: 11.2, Max: 45, Diff: 45, Sum: 45, Workers: 4
[8943.164s][debug][gc,phases      ] GC(203)   StringDedup Table Weak         Min:  0.0, Avg:  0.0, Max:  0.0, Diff:  0.0, Sum:  0.0, Workers: 4
[8943.164s][debug][gc,phases      ] GC(203)     Dead                           Min: 0, Avg:  0.0, Max: 0, Diff: 0, Sum: 0, Workers: 4
[8943.164s][debug][gc,phases      ] GC(203)     Total                          Min: 0, Avg:  0.0, Max: 0, Diff: 0, Sum: 0, Workers: 4
[8943.164s][debug][gc,phases      ] GC(203)   StringDedup Requests0 Weak     Min:  0.0, Avg:  0.0, Max:  0.0, Diff:  0.0, Sum:  0.0, Workers: 4
[8943.164s][debug][gc,phases      ] GC(203)     Dead                           Min: 0, Avg:  0.0, Max: 0, Diff: 0, Sum: 0, Workers: 4
[8943.164s][debug][gc,phases      ] GC(203)     Total                          Min: 0, Avg:  0.0, Max: 0, Diff: 0, Sum: 0, Workers: 4
[8943.164s][debug][gc,phases      ] GC(203)   StringDedup Requests1 Weak     Min:  0.0, Avg:  0.0, Max:  0.0, Diff:  0.0, Sum:  0.0, Workers: 4
[8943.164s][debug][gc,phases      ] GC(203)     Dead                           Min: 0, Avg:  0.0, Max: 0, Diff: 0, Sum: 0, Workers: 4
[8943.164s][debug][gc,phases      ] GC(203)     Total                          Min: 0, Avg:  0.0, Max: 0, Diff: 0, Sum: 0, Workers: 4
[8943.164s][debug][gc,phases      ] GC(203)   Weak JFR Old Object Samples    Min:  0.0, Avg:  0.0, Max:  0.0, Diff:  0.0, Sum:  0.0, Workers: 4
[8943.164s][debug][gc,phases      ] GC(203)     Dead                           Min: 0, Avg:  0.0, Max: 0, Diff: 0, Sum: 0, Workers: 4
[8943.164s][debug][gc,phases      ] GC(203)     Total                          Min: 0, Avg:  0.0, Max: 0, Diff: 0, Sum: 0, Workers: 4
[8943.164s][debug][gc,phases      ] GC(203) Weak Processing 0.270ms
[8943.164s][debug][gc,age         ] GC(203) Desired survivor size 40894464 bytes, new threshold 15 (max threshold 15)
[8943.164s][info ][gc,heap        ] GC(203) PSYoungGen: 2011088K(2050048K)->5680K(2057216K) Eden: 2005504K(2005504K)->0K(2015232K) From: 5584K(44544K)->5680K(41984K)
[8943.164s][info ][gc,heap        ] GC(203) ParOldGen: 408149K(570368K)->408181K(570368K)
[8943.164s][info ][gc,metaspace   ] GC(203) Metaspace: 80158K(81088K)->80158K(81088K) NonClass: 69005K(69440K)->69005K(69440K) Class: 11153K(11648K)->11153K(11648K)
[8943.164s][info ][gc             ] GC(203) Pause Young (Allocation Failure) 2362M->404M(2566M) 3.751ms
[8943.164s][info ][gc,cpu         ] GC(203) User=0.01s Sys=0.00s Real=0.00s
[8943.164s][info ][safepoint      ] Safepoint "ParallelGCFailedAllocation", Time since last: 4141261667 ns, Reaching safepoint: 97700 ns, At safepoint: 3816693 ns, Total: 3914393 ns
[8964.166s][info ][safepoint      ] Safepoint "Cleanup", Time since last: 21001321707 ns, Reaching safepoint: 27200 ns, At safepoint: 2200 ns, Total: 29400 ns
[8973.166s][info ][safepoint      ] Safepoint "Cleanup", Time since last: 9000605508 ns, Reaching safepoint: 36600 ns, At safepoint: 3500 ns, Total: 40100 ns
[8979.167s][info ][safepoint      ] Safepoint "Cleanup", Time since last: 6000371678 ns, Reaching safepoint: 57900 ns, At safepoint: 3700 ns, Total: 61600 ns
[8993.659s][info ][gc,start       ] GC(204) Pause Young (Allocation Failure)
[8993.662s][debug][gc,phases      ] GC(204) Scavenge 3.037ms
[8993.662s][debug][gc,ref         ] GC(204) Skipped phase 1 of Reference Processing: no references
[8993.662s][debug][gc,ref         ] GC(204) ReferenceProcessor::execute queues: 1, RefProcThreadModel::Single, marks_oops_alive: false
[8993.662s][debug][gc,ref         ] GC(204) Skipped phase 3 of Reference Processing: no references
[8993.662s][debug][gc,ref         ] GC(204) ReferenceProcessor::execute queues: 1, RefProcThreadModel::Single, marks_oops_alive: false
[8993.662s][debug][gc,phases      ] GC(204) Reference Processing 0.096ms
[8993.663s][debug][gc,phases      ] GC(204)   VM Weak                        Min:  0.0, Avg:  0.0, Max:  0.0, Diff:  0.0, Sum:  0.0, Workers: 4
[8993.663s][debug][gc,phases      ] GC(204)     Dead                           Min: 0, Avg:  0.0, Max: 0, Diff: 0, Sum: 0, Workers: 4
[8993.663s][debug][gc,phases      ] GC(204)     Total                          Min: 0, Avg: 154.8, Max: 438, Diff: 438, Sum: 619, Workers: 4
[8993.663s][debug][gc,phases      ] GC(204)   ObjectSynchronizer Weak        Min:  0.0, Avg:  0.0, Max:  0.0, Diff:  0.0, Sum:  0.0, Workers: 4
[8993.663s][debug][gc,phases      ] GC(204)     Dead                           Min: 0, Avg:  0.0, Max: 0, Diff: 0, Sum: 0, Workers: 4
[8993.663s][debug][gc,phases      ] GC(204)     Total                          Min: 0, Avg: 11.2, Max: 45, Diff: 45, Sum: 45, Workers: 4
[8993.663s][debug][gc,phases      ] GC(204)   JVMTI Tag Weak OopStorage      Min:  0.0, Avg:  0.0, Max:  0.0, Diff:  0.0, Sum:  0.0, Workers: 4
[8993.663s][debug][gc,phases      ] GC(204)     Dead                           Min: 0, Avg:  0.0, Max: 0, Diff: 0, Sum: 0, Workers: 4
[8993.663s][debug][gc,phases      ] GC(204)     Total                          Min: 0, Avg:  0.0, Max: 0, Diff: 0, Sum: 0, Workers: 4
[8993.663s][debug][gc,phases      ] GC(204)   StringTable Weak               Min:  0.0, Avg:  0.1, Max:  0.1, Diff:  0.1, Sum:  0.3, Workers: 4
[8993.663s][debug][gc,phases      ] GC(204)     Dead                           Min: 0, Avg:  0.0, Max: 0, Diff: 0, Sum: 0, Workers: 4
[8993.663s][debug][gc,phases      ] GC(204)     Total                          Min: 0, Avg: 10732.0, Max: 18236, Diff: 18236, Sum: 42928, Workers: 4
[8993.663s][debug][gc,phases      ] GC(204)   ResolvedMethodTable Weak       Min:  0.0, Avg:  0.0, Max:  0.0, Diff:  0.0, Sum:  0.1, Workers: 4
[8993.663s][debug][gc,phases      ] GC(204)     Dead                           Min: 0, Avg:  0.0, Max: 0, Diff: 0, Sum: 0, Workers: 4
[8993.663s][debug][gc,phases      ] GC(204)     Total                          Min: 0, Avg: 2175.2, Max: 3200, Diff: 3200, Sum: 8701, Workers: 4
[8993.663s][debug][gc,phases      ] GC(204)   JNI Weak                       Min:  0.0, Avg:  0.0, Max:  0.0, Diff:  0.0, Sum:  0.0, Workers: 4
[8993.663s][debug][gc,phases      ] GC(204)     Dead                           Min: 0, Avg:  0.0, Max: 0, Diff: 0, Sum: 0, Workers: 4
[8993.663s][debug][gc,phases      ] GC(204)     Total                          Min: 0, Avg: 11.2, Max: 45, Diff: 45, Sum: 45, Workers: 4
[8993.663s][debug][gc,phases      ] GC(204)   StringDedup Table Weak         Min:  0.0, Avg:  0.0, Max:  0.0, Diff:  0.0, Sum:  0.0, Workers: 4
[8993.663s][debug][gc,phases      ] GC(204)     Dead                           Min: 0, Avg:  0.0, Max: 0, Diff: 0, Sum: 0, Workers: 4
[8993.663s][debug][gc,phases      ] GC(204)     Total                          Min: 0, Avg:  0.0, Max: 0, Diff: 0, Sum: 0, Workers: 4
[8993.663s][debug][gc,phases      ] GC(204)   StringDedup Requests0 Weak     Min:  0.0, Avg:  0.0, Max:  0.0, Diff:  0.0, Sum:  0.0, Workers: 4
[8993.663s][debug][gc,phases      ] GC(204)     Dead                           Min: 0, Avg:  0.0, Max: 0, Diff: 0, Sum: 0, Workers: 4
[8993.663s][debug][gc,phases      ] GC(204)     Total                          Min: 0, Avg:  0.0, Max: 0, Diff: 0, Sum: 0, Workers: 4
[8993.663s][debug][gc,phases      ] GC(204)   StringDedup Requests1 Weak     Min:  0.0, Avg:  0.0, Max:  0.0, Diff:  0.0, Sum:  0.0, Workers: 4
[8993.663s][debug][gc,phases      ] GC(204)     Dead                           Min: 0, Avg:  0.0, Max: 0, Diff: 0, Sum: 0, Workers: 4
[8993.663s][debug][gc,phases      ] GC(204)     Total                          Min: 0, Avg:  0.0, Max: 0, Diff: 0, Sum: 0, Workers: 4
[8993.663s][debug][gc,phases      ] GC(204)   Weak JFR Old Object Samples    Min:  0.0, Avg:  0.0, Max:  0.0, Diff:  0.0, Sum:  0.0, Workers: 4
[8993.663s][debug][gc,phases      ] GC(204)     Dead                           Min: 0, Avg:  0.0, Max: 0, Diff: 0, Sum: 0, Workers: 4
[8993.663s][debug][gc,phases      ] GC(204)     Total                          Min: 0, Avg:  0.0, Max: 0, Diff: 0, Sum: 0, Workers: 4
[8993.663s][debug][gc,phases      ] GC(204) Weak Processing 0.301ms
[8993.663s][debug][gc,age         ] GC(204) Desired survivor size 38273024 bytes, new threshold 15 (max threshold 15)
[8993.663s][info ][gc,heap        ] GC(204) PSYoungGen: 2020912K(2057216K)->5872K(2055168K) Eden: 2015232K(2015232K)->0K(2015232K) From: 5680K(41984K)->5872K(39936K)
[8993.663s][info ][gc,heap        ] GC(204) ParOldGen: 408181K(570368K)->408221K(570368K)
[8993.663s][info ][gc,metaspace   ] GC(204) Metaspace: 80163K(81088K)->80163K(81088K) NonClass: 69008K(69440K)->69008K(69440K) Class: 11154K(11648K)->11154K(11648K)
[8993.663s][info ][gc             ] GC(204) Pause Young (Allocation Failure) 2372M->404M(2564M) 3.532ms
[8993.663s][info ][gc,cpu         ] GC(204) User=0.01s Sys=0.00s Real=0.00s
[8993.663s][info ][safepoint      ] Safepoint "ParallelGCFailedAllocation", Time since last: 14492595145 ns, Reaching safepoint: 26800 ns, At safepoint: 3589193 ns, Total: 3615993 ns
[8997.663s][info ][safepoint      ] Safepoint "Cleanup", Time since last: 4000285808 ns, Reaching safepoint: 106900 ns, At safepoint: 5700 ns, Total: 112600 ns
[8998.663s][info ][safepoint      ] Safepoint "Cleanup", Time since last: 1000080750 ns, Reaching safepoint: 110400 ns, At safepoint: 6700 ns, Total: 117100 ns
[9018.665s][info ][safepoint      ] Safepoint "Cleanup", Time since last: 20001354794 ns, Reaching safepoint: 114299 ns, At safepoint: 6800 ns, Total: 121099 ns
[9019.665s][info ][safepoint      ] Safepoint "Cleanup", Time since last: 1000100539 ns, Reaching safepoint: 29600 ns, At safepoint: 2900 ns, Total: 32500 ns
[9027.666s][info ][safepoint      ] Safepoint "Cleanup", Time since last: 8000653792 ns, Reaching safepoint: 107000 ns, At safepoint: 6600 ns, Total: 113600 ns
[9043.663s][info ][gc,start       ] GC(205) Pause Young (Allocation Failure)
[9043.666s][debug][gc,phases      ] GC(205) Scavenge 3.159ms
[9043.666s][debug][gc,ref         ] GC(205) Skipped phase 1 of Reference Processing: no references
[9043.666s][debug][gc,ref         ] GC(205) ReferenceProcessor::execute queues: 1, RefProcThreadModel::Single, marks_oops_alive: false
[9043.666s][debug][gc,ref         ] GC(205) Skipped phase 3 of Reference Processing: no references
[9043.666s][debug][gc,ref         ] GC(205) ReferenceProcessor::execute queues: 1, RefProcThreadModel::Single, marks_oops_alive: false
[9043.666s][debug][gc,phases      ] GC(205) Reference Processing 0.084ms
[9043.666s][debug][gc,phases      ] GC(205)   VM Weak                        Min:  0.0, Avg:  0.0, Max:  0.0, Diff:  0.0, Sum:  0.0, Workers: 4
[9043.666s][debug][gc,phases      ] GC(205)     Dead                           Min: 0, Avg:  0.0, Max: 0, Diff: 0, Sum: 0, Workers: 4
[9043.666s][debug][gc,phases      ] GC(205)     Total                          Min: 0, Avg: 154.8, Max: 456, Diff: 456, Sum: 619, Workers: 4
[9043.666s][debug][gc,phases      ] GC(205)   ObjectSynchronizer Weak        Min:  0.0, Avg:  0.0, Max:  0.0, Diff:  0.0, Sum:  0.0, Workers: 4
[9043.666s][debug][gc,phases      ] GC(205)     Dead                           Min: 0, Avg:  0.0, Max: 0, Diff: 0, Sum: 0, Workers: 4
[9043.666s][debug][gc,phases      ] GC(205)     Total                          Min: 0, Avg: 11.2, Max: 45, Diff: 45, Sum: 45, Workers: 4
[9043.666s][debug][gc,phases      ] GC(205)   JVMTI Tag Weak OopStorage      Min:  0.0, Avg:  0.0, Max:  0.0, Diff:  0.0, Sum:  0.0, Workers: 4
[9043.666s][debug][gc,phases      ] GC(205)     Dead                           Min: 0, Avg:  0.0, Max: 0, Diff: 0, Sum: 0, Workers: 4
[9043.666s][debug][gc,phases      ] GC(205)     Total                          Min: 0, Avg:  0.0, Max: 0, Diff: 0, Sum: 0, Workers: 4
[9043.666s][debug][gc,phases      ] GC(205)   StringTable Weak               Min:  0.1, Avg:  0.1, Max:  0.1, Diff:  0.0, Sum:  0.4, Workers: 4
[9043.666s][debug][gc,phases      ] GC(205)     Dead                           Min: 0, Avg:  0.2, Max: 1, Diff: 1, Sum: 1, Workers: 4
[9043.666s][debug][gc,phases      ] GC(205)     Total                          Min: 10556, Avg: 10732.5, Max: 10943, Diff: 387, Sum: 42930, Workers: 4
[9043.666s][debug][gc,phases      ] GC(205)   ResolvedMethodTable Weak       Min:  0.0, Avg:  0.0, Max:  0.0, Diff:  0.0, Sum:  0.1, Workers: 4
[9043.666s][debug][gc,phases      ] GC(205)     Dead                           Min: 0, Avg:  0.0, Max: 0, Diff: 0, Sum: 0, Workers: 4
[9043.666s][debug][gc,phases      ] GC(205)     Total                          Min: 2111, Avg: 2175.8, Max: 2240, Diff: 129, Sum: 8703, Workers: 4
[9043.666s][debug][gc,phases      ] GC(205)   JNI Weak                       Min:  0.0, Avg:  0.0, Max:  0.0, Diff:  0.0, Sum:  0.0, Workers: 4
[9043.666s][debug][gc,phases      ] GC(205)     Dead                           Min: 0, Avg:  0.0, Max: 0, Diff: 0, Sum: 0, Workers: 4
[9043.666s][debug][gc,phases      ] GC(205)     Total                          Min: 0, Avg: 11.2, Max: 45, Diff: 45, Sum: 45, Workers: 4
[9043.666s][debug][gc,phases      ] GC(205)   StringDedup Table Weak         Min:  0.0, Avg:  0.0, Max:  0.0, Diff:  0.0, Sum:  0.0, Workers: 4
[9043.666s][debug][gc,phases      ] GC(205)     Dead                           Min: 0, Avg:  0.0, Max: 0, Diff: 0, Sum: 0, Workers: 4
[9043.666s][debug][gc,phases      ] GC(205)     Total                          Min: 0, Avg:  0.0, Max: 0, Diff: 0, Sum: 0, Workers: 4
[9043.666s][debug][gc,phases      ] GC(205)   StringDedup Requests0 Weak     Min:  0.0, Avg:  0.0, Max:  0.0, Diff:  0.0, Sum:  0.0, Workers: 4
[9043.666s][debug][gc,phases      ] GC(205)     Dead                           Min: 0, Avg:  0.0, Max: 0, Diff: 0, Sum: 0, Workers: 4
[9043.666s][debug][gc,phases      ] GC(205)     Total                          Min: 0, Avg:  0.0, Max: 0, Diff: 0, Sum: 0, Workers: 4
[9043.666s][debug][gc,phases      ] GC(205)   StringDedup Requests1 Weak     Min:  0.0, Avg:  0.0, Max:  0.0, Diff:  0.0, Sum:  0.0, Workers: 4
[9043.666s][debug][gc,phases      ] GC(205)     Dead                           Min: 0, Avg:  0.0, Max: 0, Diff: 0, Sum: 0, Workers: 4
[9043.666s][debug][gc,phases      ] GC(205)     Total                          Min: 0, Avg:  0.0, Max: 0, Diff: 0, Sum: 0, Workers: 4
[9043.666s][debug][gc,phases      ] GC(205)   Weak JFR Old Object Samples    Min:  0.0, Avg:  0.0, Max:  0.0, Diff:  0.0, Sum:  0.0, Workers: 4
[9043.666s][debug][gc,phases      ] GC(205)     Dead                           Min: 0, Avg:  0.0, Max: 0, Diff: 0, Sum: 0, Workers: 4
[9043.666s][debug][gc,phases      ] GC(205)     Total                          Min: 0, Avg:  0.0, Max: 0, Diff: 0, Sum: 0, Workers: 4
[9043.666s][debug][gc,phases      ] GC(205) Weak Processing 0.293ms
[9043.666s][debug][gc,age         ] GC(205) Desired survivor size 36175872 bytes, new threshold 15 (max threshold 15)
[9043.666s][info ][gc,heap        ] GC(205) PSYoungGen: 2021104K(2055168K)->5888K(2061824K) Eden: 2015232K(2015232K)->0K(2024448K) From: 5872K(39936K)->5888K(37376K)
[9043.666s][info ][gc,heap        ] GC(205) ParOldGen: 408221K(570368K)->408310K(570368K)
[9043.666s][info ][gc,metaspace   ] GC(205) Metaspace: 80172K(81088K)->80172K(81088K) NonClass: 69017K(69440K)->69017K(69440K) Class: 11155K(11648K)->11155K(11648K)
[9043.666s][info ][gc             ] GC(205) Pause Young (Allocation Failure) 2372M->404M(2570M) 3.641ms
[9043.666s][info ][gc,cpu         ] GC(205) User=0.01s Sys=0.01s Real=0.00s
[9043.666s][info ][safepoint      ] Safepoint "ParallelGCFailedAllocation", Time since last: 15996832293 ns, Reaching safepoint: 28400 ns, At safepoint: 3702492 ns, Total: 3730892 ns
[9051.667s][info ][safepoint      ] Safepoint "Cleanup", Time since last: 8000491893 ns, Reaching safepoint: 117600 ns, At safepoint: 5800 ns, Total: 123400 ns
[9074.669s][info ][safepoint      ] Safepoint "Cleanup", Time since last: 23001485276 ns, Reaching safepoint: 32299 ns, At safepoint: 2400 ns, Total: 34699 ns
[9085.669s][info ][safepoint      ] Safepoint "Cleanup", Time since last: 11000730089 ns, Reaching safepoint: 41600 ns, At safepoint: 21600 ns, Total: 63200 ns
[9093.112s][info ][gc,start       ] GC(206) Pause Young (Allocation Failure)
[9093.116s][debug][gc,phases      ] GC(206) Scavenge 3.330ms
[9093.116s][debug][gc,ref         ] GC(206) Skipped phase 1 of Reference Processing: no references
[9093.116s][debug][gc,ref         ] GC(206) ReferenceProcessor::execute queues: 1, RefProcThreadModel::Single, marks_oops_alive: false
[9093.116s][debug][gc,ref         ] GC(206) Skipped phase 3 of Reference Processing: no references
[9093.116s][debug][gc,ref         ] GC(206) ReferenceProcessor::execute queues: 1, RefProcThreadModel::Single, marks_oops_alive: false
[9093.116s][debug][gc,phases      ] GC(206) Reference Processing 0.081ms
[9093.116s][debug][gc,phases      ] GC(206)   VM Weak                        Min:  0.0, Avg:  0.0, Max:  0.0, Diff:  0.0, Sum:  0.0, Workers: 4
[9093.116s][debug][gc,phases      ] GC(206)     Dead                           Min: 0, Avg:  0.0, Max: 0, Diff: 0, Sum: 0, Workers: 4
[9093.116s][debug][gc,phases      ] GC(206)     Total                          Min: 0, Avg: 154.8, Max: 364, Diff: 364, Sum: 619, Workers: 4
[9093.116s][debug][gc,phases      ] GC(206)   ObjectSynchronizer Weak        Min:  0.0, Avg:  0.0, Max:  0.0, Diff:  0.0, Sum:  0.0, Workers: 4
[9093.116s][debug][gc,phases      ] GC(206)     Dead                           Min: 0, Avg:  0.0, Max: 0, Diff: 0, Sum: 0, Workers: 4
[9093.116s][debug][gc,phases      ] GC(206)     Total                          Min: 0, Avg: 11.2, Max: 45, Diff: 45, Sum: 45, Workers: 4
[9093.116s][debug][gc,phases      ] GC(206)   JVMTI Tag Weak OopStorage      Min:  0.0, Avg:  0.0, Max:  0.0, Diff:  0.0, Sum:  0.0, Workers: 4
[9093.116s][debug][gc,phases      ] GC(206)     Dead                           Min: 0, Avg:  0.0, Max: 0, Diff: 0, Sum: 0, Workers: 4
[9093.116s][debug][gc,phases      ] GC(206)     Total                          Min: 0, Avg:  0.0, Max: 0, Diff: 0, Sum: 0, Workers: 4
[9093.116s][debug][gc,phases      ] GC(206)   StringTable Weak               Min:  0.1, Avg:  0.1, Max:  0.1, Diff:  0.0, Sum:  0.4, Workers: 4
[9093.116s][debug][gc,phases      ] GC(206)     Dead                           Min: 0, Avg:  0.0, Max: 0, Diff: 0, Sum: 0, Workers: 4
[9093.116s][debug][gc,phases      ] GC(206)     Total                          Min: 9727, Avg: 10732.5, Max: 11326, Diff: 1599, Sum: 42930, Workers: 4
[9093.116s][debug][gc,phases      ] GC(206)   ResolvedMethodTable Weak       Min:  0.0, Avg:  0.0, Max:  0.0, Diff:  0.0, Sum:  0.1, Workers: 4
[9093.116s][debug][gc,phases      ] GC(206)     Dead                           Min: 0, Avg:  0.0, Max: 0, Diff: 0, Sum: 0, Workers: 4
[9093.116s][debug][gc,phases      ] GC(206)     Total                          Min: 2112, Avg: 2175.8, Max: 2240, Diff: 128, Sum: 8703, Workers: 4
[9093.116s][debug][gc,phases      ] GC(206)   JNI Weak                       Min:  0.0, Avg:  0.0, Max:  0.0, Diff:  0.0, Sum:  0.0, Workers: 4
[9093.116s][debug][gc,phases      ] GC(206)     Dead                           Min: 0, Avg:  0.0, Max: 0, Diff: 0, Sum: 0, Workers: 4
[9093.116s][debug][gc,phases      ] GC(206)     Total                          Min: 0, Avg: 11.2, Max: 45, Diff: 45, Sum: 45, Workers: 4
[9093.116s][debug][gc,phases      ] GC(206)   StringDedup Table Weak         Min:  0.0, Avg:  0.0, Max:  0.0, Diff:  0.0, Sum:  0.0, Workers: 4
[9093.116s][debug][gc,phases      ] GC(206)     Dead                           Min: 0, Avg:  0.0, Max: 0, Diff: 0, Sum: 0, Workers: 4
[9093.116s][debug][gc,phases      ] GC(206)     Total                          Min: 0, Avg:  0.0, Max: 0, Diff: 0, Sum: 0, Workers: 4
[9093.116s][debug][gc,phases      ] GC(206)   StringDedup Requests0 Weak     Min:  0.0, Avg:  0.0, Max:  0.0, Diff:  0.0, Sum:  0.0, Workers: 4
[9093.116s][debug][gc,phases      ] GC(206)     Dead                           Min: 0, Avg:  0.0, Max: 0, Diff: 0, Sum: 0, Workers: 4
[9093.116s][debug][gc,phases      ] GC(206)     Total                          Min: 0, Avg:  0.0, Max: 0, Diff: 0, Sum: 0, Workers: 4
[9093.116s][debug][gc,phases      ] GC(206)   StringDedup Requests1 Weak     Min:  0.0, Avg:  0.0, Max:  0.0, Diff:  0.0, Sum:  0.0, Workers: 4
[9093.116s][debug][gc,phases      ] GC(206)     Dead                           Min: 0, Avg:  0.0, Max: 0, Diff: 0, Sum: 0, Workers: 4
[9093.116s][debug][gc,phases      ] GC(206)     Total                          Min: 0, Avg:  0.0, Max: 0, Diff: 0, Sum: 0, Workers: 4
[9093.116s][debug][gc,phases      ] GC(206)   Weak JFR Old Object Samples    Min:  0.0, Avg:  0.0, Max:  0.0, Diff:  0.0, Sum:  0.0, Workers: 4
[9093.116s][debug][gc,phases      ] GC(206)     Dead                           Min: 0, Avg:  0.0, Max: 0, Diff: 0, Sum: 0, Workers: 4
[9093.116s][debug][gc,phases      ] GC(206)     Total                          Min: 0, Avg:  0.0, Max: 0, Diff: 0, Sum: 0, Workers: 4
[9093.116s][debug][gc,phases      ] GC(206) Weak Processing 0.279ms
[9093.116s][debug][gc,age         ] GC(206) Desired survivor size 34078720 bytes, new threshold 15 (max threshold 15)
[9093.116s][info ][gc,heap        ] GC(206) PSYoungGen: 2030336K(2061824K)->6224K(2059776K) Eden: 2024448K(2024448K)->0K(2024448K) From: 5888K(37376K)->6224K(35328K)
[9093.116s][info ][gc,heap        ] GC(206) ParOldGen: 408310K(570368K)->408394K(570368K)
[9093.116s][info ][gc,metaspace   ] GC(206) Metaspace: 80180K(81088K)->80180K(81088K) NonClass: 69025K(69440K)->69025K(69440K) Class: 11155K(11648K)->11155K(11648K)
[9093.116s][info ][gc             ] GC(206) Pause Young (Allocation Failure) 2381M->404M(2568M) 3.787ms
[9093.116s][info ][gc,cpu         ] GC(206) User=0.01s Sys=0.00s Real=0.00s
[9093.116s][info ][safepoint      ] Safepoint "ParallelGCFailedAllocation", Time since last: 7442819343 ns, Reaching safepoint: 108500 ns, At safepoint: 3849792 ns, Total: 3958292 ns
[9096.116s][info ][safepoint      ] Safepoint "Cleanup", Time since last: 3000207104 ns, Reaching safepoint: 25000 ns, At safepoint: 2600 ns, Total: 27600 ns
[9107.117s][info ][safepoint      ] Safepoint "Cleanup", Time since last: 11000705079 ns, Reaching safepoint: 33500 ns, At safepoint: 2700 ns, Total: 36200 ns
[9128.118s][info ][safepoint      ] Safepoint "Cleanup", Time since last: 21001297008 ns, Reaching safepoint: 38500 ns, At safepoint: 4100 ns, Total: 42600 ns
[9139.964s][info ][gc,start       ] GC(207) Pause Young (Allocation Failure)
[9139.967s][debug][gc,phases      ] GC(207) Scavenge 3.381ms
[9139.967s][debug][gc,ref         ] GC(207) Skipped phase 1 of Reference Processing: no references
[9139.967s][debug][gc,ref         ] GC(207) ReferenceProcessor::execute queues: 1, RefProcThreadModel::Single, marks_oops_alive: false
[9139.967s][debug][gc,ref         ] GC(207) Skipped phase 3 of Reference Processing: no references
[9139.967s][debug][gc,ref         ] GC(207) ReferenceProcessor::execute queues: 1, RefProcThreadModel::Single, marks_oops_alive: false
[9139.967s][debug][gc,phases      ] GC(207) Reference Processing 0.085ms
[9139.967s][debug][gc,phases      ] GC(207)   VM Weak                        Min:  0.0, Avg:  0.0, Max:  0.0, Diff:  0.0, Sum:  0.0, Workers: 4
[9139.967s][debug][gc,phases      ] GC(207)     Dead                           Min: 0, Avg:  0.0, Max: 0, Diff: 0, Sum: 0, Workers: 4
[9139.967s][debug][gc,phases      ] GC(207)     Total                          Min: 0, Avg: 154.8, Max: 512, Diff: 512, Sum: 619, Workers: 4
[9139.967s][debug][gc,phases      ] GC(207)   ObjectSynchronizer Weak        Min:  0.0, Avg:  0.0, Max:  0.0, Diff:  0.0, Sum:  0.0, Workers: 4
[9139.967s][debug][gc,phases      ] GC(207)     Dead                           Min: 0, Avg:  0.0, Max: 0, Diff: 0, Sum: 0, Workers: 4
[9139.967s][debug][gc,phases      ] GC(207)     Total                          Min: 0, Avg: 11.2, Max: 45, Diff: 45, Sum: 45, Workers: 4
[9139.967s][debug][gc,phases      ] GC(207)   JVMTI Tag Weak OopStorage      Min:  0.0, Avg:  0.0, Max:  0.0, Diff:  0.0, Sum:  0.0, Workers: 4
[9139.967s][debug][gc,phases      ] GC(207)     Dead                           Min: 0, Avg:  0.0, Max: 0, Diff: 0, Sum: 0, Workers: 4
[9139.967s][debug][gc,phases      ] GC(207)     Total                          Min: 0, Avg:  0.0, Max: 0, Diff: 0, Sum: 0, Workers: 4
[9139.967s][debug][gc,phases      ] GC(207)   StringTable Weak               Min:  0.0, Avg:  0.1, Max:  0.1, Diff:  0.1, Sum:  0.3, Workers: 4
[9139.968s][debug][gc,phases      ] GC(207)     Dead                           Min: 0, Avg:  0.0, Max: 0, Diff: 0, Sum: 0, Workers: 4
[9139.968s][debug][gc,phases      ] GC(207)     Total                          Min: 0, Avg: 10732.5, Max: 19253, Diff: 19253, Sum: 42930, Workers: 4
[9139.968s][debug][gc,phases      ] GC(207)   ResolvedMethodTable Weak       Min:  0.0, Avg:  0.0, Max:  0.0, Diff:  0.0, Sum:  0.1, Workers: 4
[9139.968s][debug][gc,phases      ] GC(207)     Dead                           Min: 0, Avg:  0.0, Max: 0, Diff: 0, Sum: 0, Workers: 4
[9139.968s][debug][gc,phases      ] GC(207)     Total                          Min: 0, Avg: 2175.8, Max: 3776, Diff: 3776, Sum: 8703, Workers: 4
[9139.968s][debug][gc,phases      ] GC(207)   JNI Weak                       Min:  0.0, Avg:  0.0, Max:  0.0, Diff:  0.0, Sum:  0.0, Workers: 4
[9139.968s][debug][gc,phases      ] GC(207)     Dead                           Min: 0, Avg:  0.0, Max: 0, Diff: 0, Sum: 0, Workers: 4
[9139.968s][debug][gc,phases      ] GC(207)     Total                          Min: 0, Avg: 11.2, Max: 45, Diff: 45, Sum: 45, Workers: 4
[9139.968s][debug][gc,phases      ] GC(207)   StringDedup Table Weak         Min:  0.0, Avg:  0.0, Max:  0.0, Diff:  0.0, Sum:  0.0, Workers: 4
[9139.968s][debug][gc,phases      ] GC(207)     Dead                           Min: 0, Avg:  0.0, Max: 0, Diff: 0, Sum: 0, Workers: 4
[9139.968s][debug][gc,phases      ] GC(207)     Total                          Min: 0, Avg:  0.0, Max: 0, Diff: 0, Sum: 0, Workers: 4
[9139.968s][debug][gc,phases      ] GC(207)   StringDedup Requests0 Weak     Min:  0.0, Avg:  0.0, Max:  0.0, Diff:  0.0, Sum:  0.0, Workers: 4
[9139.968s][debug][gc,phases      ] GC(207)     Dead                           Min: 0, Avg:  0.0, Max: 0, Diff: 0, Sum: 0, Workers: 4
[9139.968s][debug][gc,phases      ] GC(207)     Total                          Min: 0, Avg:  0.0, Max: 0, Diff: 0, Sum: 0, Workers: 4
[9139.968s][debug][gc,phases      ] GC(207)   StringDedup Requests1 Weak     Min:  0.0, Avg:  0.0, Max:  0.0, Diff:  0.0, Sum:  0.0, Workers: 4
[9139.968s][debug][gc,phases      ] GC(207)     Dead                           Min: 0, Avg:  0.0, Max: 0, Diff: 0, Sum: 0, Workers: 4
[9139.968s][debug][gc,phases      ] GC(207)     Total                          Min: 0, Avg:  0.0, Max: 0, Diff: 0, Sum: 0, Workers: 4
[9139.968s][debug][gc,phases      ] GC(207)   Weak JFR Old Object Samples    Min:  0.0, Avg:  0.0, Max:  0.0, Diff:  0.0, Sum:  0.0, Workers: 4
[9139.968s][debug][gc,phases      ] GC(207)     Dead                           Min: 0, Avg:  0.0, Max: 0, Diff: 0, Sum: 0, Workers: 4
[9139.968s][debug][gc,phases      ] GC(207)     Total                          Min: 0, Avg:  0.0, Max: 0, Diff: 0, Sum: 0, Workers: 4
[9139.968s][debug][gc,phases      ] GC(207) Weak Processing 0.288ms
[9139.968s][debug][gc,age         ] GC(207) Desired survivor size 31981568 bytes, new threshold 15 (max threshold 15)
[9139.968s][info ][gc,heap        ] GC(207) PSYoungGen: 2030672K(2059776K)->6240K(2065920K) Eden: 2024448K(2024448K)->0K(2032640K) From: 6224K(35328K)->6240K(33280K)
[9139.968s][info ][gc,heap        ] GC(207) ParOldGen: 408394K(570368K)->408498K(570368K)
[9139.968s][info ][gc,metaspace   ] GC(207) Metaspace: 80182K(81088K)->80182K(81088K) NonClass: 69027K(69440K)->69027K(69440K) Class: 11155K(11648K)->11155K(11648K)
[9139.968s][info ][gc             ] GC(207) Pause Young (Allocation Failure) 2381M->405M(2574M) 3.846ms
[9139.968s][info ][gc,cpu         ] GC(207) User=0.01s Sys=0.00s Real=0.01s
[9139.968s][info ][safepoint      ] Safepoint "ParallelGCFailedAllocation", Time since last: 11845283117 ns, Reaching safepoint: 25700 ns, At safepoint: 3902792 ns, Total: 3928492 ns
[9150.968s][info ][safepoint      ] Safepoint "Cleanup", Time since last: 11000656768 ns, Reaching safepoint: 29000 ns, At safepoint: 5900 ns, Total: 34900 ns
[9151.968s][info ][safepoint      ] Safepoint "Cleanup", Time since last: 1000104876 ns, Reaching safepoint: 39500 ns, At safepoint: 2600 ns, Total: 42100 ns
[9156.969s][info ][safepoint      ] Safepoint "Cleanup", Time since last: 5000273775 ns, Reaching safepoint: 35800 ns, At safepoint: 2500 ns, Total: 38300 ns
[9192.091s][info ][safepoint      ] Safepoint "ParallelGCFailedAllocation", Time since last: 35122437501 ns, Reaching safepoint: 39500 ns, At safepoint: 13200 ns, Total: 52700 ns
[9192.092s][info ][gc,start       ] GC(208) Pause Young (GCLocker Initiated GC)
[9192.096s][debug][gc,phases      ] GC(208) Scavenge 4.090ms
[9192.096s][debug][gc,ref         ] GC(208) Skipped phase 1 of Reference Processing: no references
[9192.096s][debug][gc,ref         ] GC(208) ReferenceProcessor::execute queues: 1, RefProcThreadModel::Single, marks_oops_alive: false
[9192.096s][debug][gc,ref         ] GC(208) Skipped phase 3 of Reference Processing: no references
[9192.096s][debug][gc,ref         ] GC(208) ReferenceProcessor::execute queues: 1, RefProcThreadModel::Single, marks_oops_alive: false
[9192.096s][debug][gc,phases      ] GC(208) Reference Processing 0.095ms
[9192.097s][debug][gc,phases      ] GC(208)   VM Weak                        Min:  0.0, Avg:  0.0, Max:  0.0, Diff:  0.0, Sum:  0.0, Workers: 4
[9192.097s][debug][gc,phases      ] GC(208)     Dead                           Min: 0, Avg:  0.0, Max: 0, Diff: 0, Sum: 0, Workers: 4
[9192.097s][debug][gc,phases      ] GC(208)     Total                          Min: 0, Avg: 154.8, Max: 563, Diff: 563, Sum: 619, Workers: 4
[9192.097s][debug][gc,phases      ] GC(208)   ObjectSynchronizer Weak        Min:  0.0, Avg:  0.0, Max:  0.0, Diff:  0.0, Sum:  0.0, Workers: 4
[9192.097s][debug][gc,phases      ] GC(208)     Dead                           Min: 0, Avg:  0.0, Max: 0, Diff: 0, Sum: 0, Workers: 4
[9192.097s][debug][gc,phases      ] GC(208)     Total                          Min: 0, Avg: 11.2, Max: 45, Diff: 45, Sum: 45, Workers: 4
[9192.097s][debug][gc,phases      ] GC(208)   JVMTI Tag Weak OopStorage      Min:  0.0, Avg:  0.0, Max:  0.0, Diff:  0.0, Sum:  0.0, Workers: 4
[9192.097s][debug][gc,phases      ] GC(208)     Dead                           Min: 0, Avg:  0.0, Max: 0, Diff: 0, Sum: 0, Workers: 4
[9192.097s][debug][gc,phases      ] GC(208)     Total                          Min: 0, Avg:  0.0, Max: 0, Diff: 0, Sum: 0, Workers: 4
[9192.097s][debug][gc,phases      ] GC(208)   StringTable Weak               Min:  0.1, Avg:  0.1, Max:  0.1, Diff:  0.0, Sum:  0.4, Workers: 4
[9192.097s][debug][gc,phases      ] GC(208)     Dead                           Min: 0, Avg:  0.0, Max: 0, Diff: 0, Sum: 0, Workers: 4
[9192.097s][debug][gc,phases      ] GC(208)     Total                          Min: 10240, Avg: 10732.5, Max: 11455, Diff: 1215, Sum: 42930, Workers: 4
[9192.097s][debug][gc,phases      ] GC(208)   ResolvedMethodTable Weak       Min:  0.0, Avg:  0.0, Max:  0.0, Diff:  0.0, Sum:  0.1, Workers: 4
[9192.097s][debug][gc,phases      ] GC(208)     Dead                           Min: 0, Avg:  0.0, Max: 0, Diff: 0, Sum: 0, Workers: 4
[9192.097s][debug][gc,phases      ] GC(208)     Total                          Min: 639, Avg: 2175.8, Max: 2752, Diff: 2113, Sum: 8703, Workers: 4
[9192.097s][debug][gc,phases      ] GC(208)   JNI Weak                       Min:  0.0, Avg:  0.0, Max:  0.0, Diff:  0.0, Sum:  0.0, Workers: 4
[9192.097s][debug][gc,phases      ] GC(208)     Dead                           Min: 0, Avg:  0.0, Max: 0, Diff: 0, Sum: 0, Workers: 4
[9192.097s][debug][gc,phases      ] GC(208)     Total                          Min: 0, Avg: 11.2, Max: 45, Diff: 45, Sum: 45, Workers: 4
[9192.097s][debug][gc,phases      ] GC(208)   StringDedup Table Weak         Min:  0.0, Avg:  0.0, Max:  0.0, Diff:  0.0, Sum:  0.0, Workers: 4
[9192.097s][debug][gc,phases      ] GC(208)     Dead                           Min: 0, Avg:  0.0, Max: 0, Diff: 0, Sum: 0, Workers: 4
[9192.097s][debug][gc,phases      ] GC(208)     Total                          Min: 0, Avg:  0.0, Max: 0, Diff: 0, Sum: 0, Workers: 4
[9192.097s][debug][gc,phases      ] GC(208)   StringDedup Requests0 Weak     Min:  0.0, Avg:  0.0, Max:  0.0, Diff:  0.0, Sum:  0.0, Workers: 4
[9192.097s][debug][gc,phases      ] GC(208)     Dead                           Min: 0, Avg:  0.0, Max: 0, Diff: 0, Sum: 0, Workers: 4
[9192.097s][debug][gc,phases      ] GC(208)     Total                          Min: 0, Avg:  0.0, Max: 0, Diff: 0, Sum: 0, Workers: 4
[9192.097s][debug][gc,phases      ] GC(208)   StringDedup Requests1 Weak     Min:  0.0, Avg:  0.0, Max:  0.0, Diff:  0.0, Sum:  0.0, Workers: 4
[9192.097s][debug][gc,phases      ] GC(208)     Dead                           Min: 0, Avg:  0.0, Max: 0, Diff: 0, Sum: 0, Workers: 4
[9192.097s][debug][gc,phases      ] GC(208)     Total                          Min: 0, Avg:  0.0, Max: 0, Diff: 0, Sum: 0, Workers: 4
[9192.097s][debug][gc,phases      ] GC(208)   Weak JFR Old Object Samples    Min:  0.0, Avg:  0.0, Max:  0.0, Diff:  0.0, Sum:  0.0, Workers: 4
[9192.097s][debug][gc,phases      ] GC(208)     Dead                           Min: 0, Avg:  0.0, Max: 0, Diff: 0, Sum: 0, Workers: 4
[9192.097s][debug][gc,phases      ] GC(208)     Total                          Min: 0, Avg:  0.0, Max: 0, Diff: 0, Sum: 0, Workers: 4
[9192.097s][debug][gc,phases      ] GC(208) Weak Processing 0.274ms
[9192.097s][debug][gc,age         ] GC(208) Desired survivor size 29884416 bytes, new threshold 15 (max threshold 15)
[9192.097s][info ][gc,heap        ] GC(208) PSYoungGen: 2038880K(2065920K)->6619K(2063872K) Eden: 2032640K(2032640K)->0K(2032640K) From: 6240K(33280K)->6619K(31232K)
[9192.097s][info ][gc,heap        ] GC(208) ParOldGen: 408524K(570368K)->408564K(570368K)
[9192.097s][info ][gc,metaspace   ] GC(208) Metaspace: 80184K(81088K)->80184K(81088K) NonClass: 69029K(69440K)->69029K(69440K) Class: 11155K(11648K)->11155K(11648K)
[9192.097s][info ][gc             ] GC(208) Pause Young (GCLocker Initiated GC) 2390M->405M(2572M) 4.558ms
[9192.097s][info ][gc,cpu         ] GC(208) User=0.01s Sys=0.00s Real=0.00s
[9192.097s][info ][safepoint      ] Safepoint "ParallelGCSystemGC", Time since last: 900798 ns, Reaching safepoint: 54300 ns, At safepoint: 4616591 ns, Total: 4670891 ns
[9196.097s][info ][safepoint      ] Safepoint "Cleanup", Time since last: 4000272937 ns, Reaching safepoint: 27700 ns, At safepoint: 2400 ns, Total: 30100 ns
[9236.893s][info ][safepoint      ] Safepoint "ParallelGCFailedAllocation", Time since last: 40795499917 ns, Reaching safepoint: 110700 ns, At safepoint: 31200 ns, Total: 141900 ns
[9236.893s][info ][gc,start       ] GC(209) Pause Young (GCLocker Initiated GC)
[9236.898s][debug][gc,phases      ] GC(209) Scavenge 4.765ms
[9236.898s][debug][gc,ref         ] GC(209) Skipped phase 1 of Reference Processing: no references
[9236.898s][debug][gc,ref         ] GC(209) ReferenceProcessor::execute queues: 1, RefProcThreadModel::Single, marks_oops_alive: false
[9236.898s][debug][gc,ref         ] GC(209) Skipped phase 3 of Reference Processing: no references
[9236.898s][debug][gc,ref         ] GC(209) ReferenceProcessor::execute queues: 1, RefProcThreadModel::Single, marks_oops_alive: false
[9236.898s][debug][gc,phases      ] GC(209) Reference Processing 0.116ms
[9236.898s][debug][gc,phases      ] GC(209)   VM Weak                        Min:  0.0, Avg:  0.0, Max:  0.0, Diff:  0.0, Sum:  0.0, Workers: 4
[9236.898s][debug][gc,phases      ] GC(209)     Dead                           Min: 0, Avg:  0.0, Max: 0, Diff: 0, Sum: 0, Workers: 4
[9236.898s][debug][gc,phases      ] GC(209)     Total                          Min: 0, Avg: 154.8, Max: 619, Diff: 619, Sum: 619, Workers: 4
[9236.898s][debug][gc,phases      ] GC(209)   ObjectSynchronizer Weak        Min:  0.0, Avg:  0.0, Max:  0.0, Diff:  0.0, Sum:  0.0, Workers: 4
[9236.898s][debug][gc,phases      ] GC(209)     Dead                           Min: 0, Avg:  0.0, Max: 0, Diff: 0, Sum: 0, Workers: 4
[9236.898s][debug][gc,phases      ] GC(209)     Total                          Min: 0, Avg: 11.2, Max: 45, Diff: 45, Sum: 45, Workers: 4
[9236.898s][debug][gc,phases      ] GC(209)   JVMTI Tag Weak OopStorage      Min:  0.0, Avg:  0.0, Max:  0.0, Diff:  0.0, Sum:  0.0, Workers: 4
[9236.898s][debug][gc,phases      ] GC(209)     Dead                           Min: 0, Avg:  0.0, Max: 0, Diff: 0, Sum: 0, Workers: 4
[9236.898s][debug][gc,phases      ] GC(209)     Total                          Min: 0, Avg:  0.0, Max: 0, Diff: 0, Sum: 0, Workers: 4
[9236.898s][debug][gc,phases      ] GC(209)   StringTable Weak               Min:  0.0, Avg:  0.1, Max:  0.2, Diff:  0.2, Sum:  0.5, Workers: 4
[9236.898s][debug][gc,phases      ] GC(209)     Dead                           Min: 0, Avg:  0.0, Max: 0, Diff: 0, Sum: 0, Workers: 4
[9236.898s][debug][gc,phases      ] GC(209)     Total                          Min: 0, Avg: 10732.5, Max: 18488, Diff: 18488, Sum: 42930, Workers: 4
[9236.898s][debug][gc,phases      ] GC(209)   ResolvedMethodTable Weak       Min:  0.0, Avg:  0.0, Max:  0.0, Diff:  0.0, Sum:  0.1, Workers: 4
[9236.898s][debug][gc,phases      ] GC(209)     Dead                           Min: 0, Avg:  0.0, Max: 0, Diff: 0, Sum: 0, Workers: 4
[9236.898s][debug][gc,phases      ] GC(209)     Total                          Min: 0, Avg: 2175.8, Max: 2944, Diff: 2944, Sum: 8703, Workers: 4
[9236.898s][debug][gc,phases      ] GC(209)   JNI Weak                       Min:  0.0, Avg:  0.0, Max:  0.0, Diff:  0.0, Sum:  0.0, Workers: 4
[9236.898s][debug][gc,phases      ] GC(209)     Dead                           Min: 0, Avg:  0.0, Max: 0, Diff: 0, Sum: 0, Workers: 4
[9236.898s][debug][gc,phases      ] GC(209)     Total                          Min: 0, Avg: 11.2, Max: 45, Diff: 45, Sum: 45, Workers: 4
[9236.898s][debug][gc,phases      ] GC(209)   StringDedup Table Weak         Min:  0.0, Avg:  0.0, Max:  0.0, Diff:  0.0, Sum:  0.0, Workers: 4
[9236.898s][debug][gc,phases      ] GC(209)     Dead                           Min: 0, Avg:  0.0, Max: 0, Diff: 0, Sum: 0, Workers: 4
[9236.898s][debug][gc,phases      ] GC(209)     Total                          Min: 0, Avg:  0.0, Max: 0, Diff: 0, Sum: 0, Workers: 4
[9236.898s][debug][gc,phases      ] GC(209)   StringDedup Requests0 Weak     Min:  0.0, Avg:  0.0, Max:  0.0, Diff:  0.0, Sum:  0.0, Workers: 4
[9236.898s][debug][gc,phases      ] GC(209)     Dead                           Min: 0, Avg:  0.0, Max: 0, Diff: 0, Sum: 0, Workers: 4
[9236.898s][debug][gc,phases      ] GC(209)     Total                          Min: 0, Avg:  0.0, Max: 0, Diff: 0, Sum: 0, Workers: 4
[9236.898s][debug][gc,phases      ] GC(209)   StringDedup Requests1 Weak     Min:  0.0, Avg:  0.0, Max:  0.0, Diff:  0.0, Sum:  0.0, Workers: 4
[9236.898s][debug][gc,phases      ] GC(209)     Dead                           Min: 0, Avg:  0.0, Max: 0, Diff: 0, Sum: 0, Workers: 4
[9236.898s][debug][gc,phases      ] GC(209)     Total                          Min: 0, Avg:  0.0, Max: 0, Diff: 0, Sum: 0, Workers: 4
[9236.898s][debug][gc,phases      ] GC(209)   Weak JFR Old Object Samples    Min:  0.0, Avg:  0.0, Max:  0.0, Diff:  0.0, Sum:  0.0, Workers: 4
[9236.898s][debug][gc,phases      ] GC(209)     Dead                           Min: 0, Avg:  0.0, Max: 0, Diff: 0, Sum: 0, Workers: 4
[9236.898s][debug][gc,phases      ] GC(209)     Total                          Min: 0, Avg:  0.0, Max: 0, Diff: 0, Sum: 0, Workers: 4
[9236.898s][debug][gc,phases      ] GC(209) Weak Processing 0.391ms
[9236.898s][debug][gc,age         ] GC(209) Desired survivor size 28311552 bytes, new threshold 15 (max threshold 15)
[9236.898s][info ][gc,heap        ] GC(209) PSYoungGen: 2039259K(2063872K)->7119K(2069504K) Eden: 2032640K(2032640K)->0K(2040320K) From: 6619K(31232K)->7119K(29184K)
[9236.898s][info ][gc,heap        ] GC(209) ParOldGen: 408572K(570368K)->408604K(570368K)
[9236.898s][info ][gc,metaspace   ] GC(209) Metaspace: 80185K(81088K)->80185K(81088K) NonClass: 69030K(69440K)->69030K(69440K) Class: 11155K(11648K)->11155K(11648K)
[9236.899s][info ][gc             ] GC(209) Pause Young (GCLocker Initiated GC) 2390M->405M(2578M) 5.350ms
[9236.899s][info ][gc,cpu         ] GC(209) User=0.02s Sys=0.00s Real=0.00s
[9236.899s][info ][safepoint      ] Safepoint "ParallelGCSystemGC", Time since last: 248300 ns, Reaching safepoint: 99199 ns, At safepoint: 5414289 ns, Total: 5513488 ns
[9248.899s][info ][safepoint      ] Safepoint "Cleanup", Time since last: 12000769099 ns, Reaching safepoint: 42800 ns, At safepoint: 2500 ns, Total: 45300 ns
[9264.901s][info ][safepoint      ] Safepoint "Cleanup", Time since last: 16001098789 ns, Reaching safepoint: 37800 ns, At safepoint: 2200 ns, Total: 40000 ns
[9269.901s][info ][safepoint      ] Safepoint "Cleanup", Time since last: 5000380966 ns, Reaching safepoint: 43400 ns, At safepoint: 22000 ns, Total: 65400 ns
[9272.232s][info ][safepoint      ] Safepoint "ParallelGCFailedAllocation", Time since last: 2330694581 ns, Reaching safepoint: 22400 ns, At safepoint: 8500 ns, Total: 30900 ns
[9272.232s][info ][gc,start       ] GC(210) Pause Young (GCLocker Initiated GC)
[9272.242s][debug][gc,phases      ] GC(210) Scavenge 9.295ms
[9272.242s][debug][gc,ref         ] GC(210) Skipped phase 1 of Reference Processing: no references
[9272.242s][debug][gc,ref         ] GC(210) ReferenceProcessor::execute queues: 1, RefProcThreadModel::Single, marks_oops_alive: false
[9272.242s][debug][gc,ref         ] GC(210) Skipped phase 3 of Reference Processing: no references
[9272.242s][debug][gc,ref         ] GC(210) ReferenceProcessor::execute queues: 1, RefProcThreadModel::Single, marks_oops_alive: false
[9272.242s][debug][gc,phases      ] GC(210) Reference Processing 0.088ms
[9272.242s][debug][gc,phases      ] GC(210)   VM Weak                        Min:  0.0, Avg:  0.0, Max:  0.0, Diff:  0.0, Sum:  0.0, Workers: 4
[9272.242s][debug][gc,phases      ] GC(210)     Dead                           Min: 0, Avg:  0.0, Max: 0, Diff: 0, Sum: 0, Workers: 4
[9272.242s][debug][gc,phases      ] GC(210)     Total                          Min: 0, Avg: 154.8, Max: 619, Diff: 619, Sum: 619, Workers: 4
[9272.242s][debug][gc,phases      ] GC(210)   ObjectSynchronizer Weak        Min:  0.0, Avg:  0.0, Max:  0.0, Diff:  0.0, Sum:  0.0, Workers: 4
[9272.242s][debug][gc,phases      ] GC(210)     Dead                           Min: 0, Avg:  0.0, Max: 0, Diff: 0, Sum: 0, Workers: 4
[9272.242s][debug][gc,phases      ] GC(210)     Total                          Min: 0, Avg: 11.2, Max: 45, Diff: 45, Sum: 45, Workers: 4
[9272.242s][debug][gc,phases      ] GC(210)   JVMTI Tag Weak OopStorage      Min:  0.0, Avg:  0.0, Max:  0.0, Diff:  0.0, Sum:  0.0, Workers: 4
[9272.242s][debug][gc,phases      ] GC(210)     Dead                           Min: 0, Avg:  0.0, Max: 0, Diff: 0, Sum: 0, Workers: 4
[9272.242s][debug][gc,phases      ] GC(210)     Total                          Min: 0, Avg:  0.0, Max: 0, Diff: 0, Sum: 0, Workers: 4
[9272.242s][debug][gc,phases      ] GC(210)   StringTable Weak               Min:  0.1, Avg:  0.1, Max:  0.1, Diff:  0.0, Sum:  0.4, Workers: 4
[9272.242s][debug][gc,phases      ] GC(210)     Dead                           Min: 0, Avg:  0.0, Max: 0, Diff: 0, Sum: 0, Workers: 4
[9272.242s][debug][gc,phases      ] GC(210)     Total                          Min: 10493, Avg: 10732.5, Max: 11264, Diff: 771, Sum: 42930, Workers: 4
[9272.242s][debug][gc,phases      ] GC(210)   ResolvedMethodTable Weak       Min:  0.0, Avg:  0.0, Max:  0.0, Diff:  0.0, Sum:  0.1, Workers: 4
[9272.242s][debug][gc,phases      ] GC(210)     Dead                           Min: 0, Avg:  0.0, Max: 0, Diff: 0, Sum: 0, Workers: 4
[9272.242s][debug][gc,phases      ] GC(210)     Total                          Min: 2112, Avg: 2175.8, Max: 2304, Diff: 192, Sum: 8703, Workers: 4
[9272.242s][debug][gc,phases      ] GC(210)   JNI Weak                       Min:  0.0, Avg:  0.0, Max:  0.0, Diff:  0.0, Sum:  0.0, Workers: 4
[9272.242s][debug][gc,phases      ] GC(210)     Dead                           Min: 0, Avg:  0.0, Max: 0, Diff: 0, Sum: 0, Workers: 4
[9272.242s][debug][gc,phases      ] GC(210)     Total                          Min: 0, Avg: 11.2, Max: 45, Diff: 45, Sum: 45, Workers: 4
[9272.242s][debug][gc,phases      ] GC(210)   StringDedup Table Weak         Min:  0.0, Avg:  0.0, Max:  0.0, Diff:  0.0, Sum:  0.0, Workers: 4
[9272.242s][debug][gc,phases      ] GC(210)     Dead                           Min: 0, Avg:  0.0, Max: 0, Diff: 0, Sum: 0, Workers: 4
[9272.242s][debug][gc,phases      ] GC(210)     Total                          Min: 0, Avg:  0.0, Max: 0, Diff: 0, Sum: 0, Workers: 4
[9272.242s][debug][gc,phases      ] GC(210)   StringDedup Requests0 Weak     Min:  0.0, Avg:  0.0, Max:  0.0, Diff:  0.0, Sum:  0.0, Workers: 4
[9272.242s][debug][gc,phases      ] GC(210)     Dead                           Min: 0, Avg:  0.0, Max: 0, Diff: 0, Sum: 0, Workers: 4
[9272.242s][debug][gc,phases      ] GC(210)     Total                          Min: 0, Avg:  0.0, Max: 0, Diff: 0, Sum: 0, Workers: 4
[9272.242s][debug][gc,phases      ] GC(210)   StringDedup Requests1 Weak     Min:  0.0, Avg:  0.0, Max:  0.0, Diff:  0.0, Sum:  0.0, Workers: 4
[9272.242s][debug][gc,phases      ] GC(210)     Dead                           Min: 0, Avg:  0.0, Max: 0, Diff: 0, Sum: 0, Workers: 4
[9272.242s][debug][gc,phases      ] GC(210)     Total                          Min: 0, Avg:  0.0, Max: 0, Diff: 0, Sum: 0, Workers: 4
[9272.242s][debug][gc,phases      ] GC(210)   Weak JFR Old Object Samples    Min:  0.0, Avg:  0.0, Max:  0.0, Diff:  0.0, Sum:  0.0, Workers: 4
[9272.242s][debug][gc,phases      ] GC(210)     Dead                           Min: 0, Avg:  0.0, Max: 0, Diff: 0, Sum: 0, Workers: 4
[9272.242s][debug][gc,phases      ] GC(210)     Total                          Min: 0, Avg:  0.0, Max: 0, Diff: 0, Sum: 0, Workers: 4
[9272.242s][debug][gc,phases      ] GC(210) Weak Processing 0.270ms
[9272.242s][debug][gc,age         ] GC(210) Desired survivor size 33554432 bytes, new threshold 14 (max threshold 15)
[9272.242s][info ][gc,heap        ] GC(210) PSYoungGen: 2047439K(2069504K)->27640K(2067968K) Eden: 2040320K(2040320K)->0K(2040320K) From: 7119K(29184K)->27640K(27648K)
[9272.242s][info ][gc,heap        ] GC(210) ParOldGen: 408609K(570368K)->409029K(570368K)
[9272.242s][info ][gc,metaspace   ] GC(210) Metaspace: 80185K(81088K)->80185K(81088K) NonClass: 69030K(69440K)->69030K(69440K) Class: 11155K(11648K)->11155K(11648K)
[9272.242s][info ][gc             ] GC(210) Pause Young (GCLocker Initiated GC) 2398M->426M(2576M) 9.723ms
[9272.242s][info ][gc,cpu         ] GC(210) User=0.04s Sys=0.00s Real=0.01s
[9272.242s][info ][safepoint      ] Safepoint "ParallelGCSystemGC", Time since last: 527999 ns, Reaching safepoint: 112699 ns, At safepoint: 9780980 ns, Total: 9893679 ns
[9304.244s][info ][safepoint      ] Safepoint "Cleanup", Time since last: 32001949150 ns, Reaching safepoint: 43200 ns, At safepoint: 2300 ns, Total: 45500 ns
[9313.245s][info ][safepoint      ] Safepoint "Cleanup", Time since last: 9000587181 ns, Reaching safepoint: 38800 ns, At safepoint: 3900 ns, Total: 42700 ns
[9314.245s][info ][safepoint      ] Safepoint "Cleanup", Time since last: 1000106819 ns, Reaching safepoint: 43100 ns, At safepoint: 2900 ns, Total: 46000 ns
[9315.245s][info ][safepoint      ] Safepoint "Cleanup", Time since last: 1000114818 ns, Reaching safepoint: 38200 ns, At safepoint: 2000 ns, Total: 40200 ns
[9324.246s][info ][safepoint      ] Safepoint "Cleanup", Time since last: 9000588851 ns, Reaching safepoint: 25400 ns, At safepoint: 2200 ns, Total: 27600 ns
[9326.115s][info ][gc,start       ] GC(211) Pause Young (Allocation Failure)
[9326.122s][debug][gc,phases      ] GC(211) Scavenge 6.972ms
[9326.122s][debug][gc,ref         ] GC(211) Skipped phase 1 of Reference Processing: no references
[9326.122s][debug][gc,ref         ] GC(211) ReferenceProcessor::execute queues: 1, RefProcThreadModel::Single, marks_oops_alive: false
[9326.122s][debug][gc,ref         ] GC(211) Skipped phase 3 of Reference Processing: no references
[9326.122s][debug][gc,ref         ] GC(211) ReferenceProcessor::execute queues: 1, RefProcThreadModel::Single, marks_oops_alive: false
[9326.122s][debug][gc,phases      ] GC(211) Reference Processing 0.087ms
[9326.122s][debug][gc,phases      ] GC(211)   VM Weak                        Min:  0.0, Avg:  0.0, Max:  0.0, Diff:  0.0, Sum:  0.0, Workers: 4
[9326.122s][debug][gc,phases      ] GC(211)     Dead                           Min: 0, Avg:  0.0, Max: 0, Diff: 0, Sum: 0, Workers: 4
[9326.122s][debug][gc,phases      ] GC(211)     Total                          Min: 0, Avg: 154.8, Max: 619, Diff: 619, Sum: 619, Workers: 4
[9326.122s][debug][gc,phases      ] GC(211)   ObjectSynchronizer Weak        Min:  0.0, Avg:  0.0, Max:  0.0, Diff:  0.0, Sum:  0.0, Workers: 4
[9326.122s][debug][gc,phases      ] GC(211)     Dead                           Min: 0, Avg:  0.0, Max: 0, Diff: 0, Sum: 0, Workers: 4
[9326.122s][debug][gc,phases      ] GC(211)     Total                          Min: 0, Avg: 11.2, Max: 45, Diff: 45, Sum: 45, Workers: 4
[9326.122s][debug][gc,phases      ] GC(211)   JVMTI Tag Weak OopStorage      Min:  0.0, Avg:  0.0, Max:  0.0, Diff:  0.0, Sum:  0.0, Workers: 4
[9326.122s][debug][gc,phases      ] GC(211)     Dead                           Min: 0, Avg:  0.0, Max: 0, Diff: 0, Sum: 0, Workers: 4
[9326.122s][debug][gc,phases      ] GC(211)     Total                          Min: 0, Avg:  0.0, Max: 0, Diff: 0, Sum: 0, Workers: 4
[9326.122s][debug][gc,phases      ] GC(211)   StringTable Weak               Min:  0.1, Avg:  0.1, Max:  0.1, Diff:  0.0, Sum:  0.4, Workers: 4
[9326.122s][debug][gc,phases      ] GC(211)     Dead                           Min: 0, Avg:  0.0, Max: 0, Diff: 0, Sum: 0, Workers: 4
[9326.122s][debug][gc,phases      ] GC(211)     Total                          Min: 10494, Avg: 10732.8, Max: 10936, Diff: 442, Sum: 42931, Workers: 4
[9326.122s][debug][gc,phases      ] GC(211)   ResolvedMethodTable Weak       Min:  0.0, Avg:  0.0, Max:  0.0, Diff:  0.0, Sum:  0.1, Workers: 4
[9326.122s][debug][gc,phases      ] GC(211)     Dead                           Min: 0, Avg:  0.0, Max: 0, Diff: 0, Sum: 0, Workers: 4
[9326.122s][debug][gc,phases      ] GC(211)     Total                          Min: 2112, Avg: 2176.0, Max: 2240, Diff: 128, Sum: 8704, Workers: 4
[9326.122s][debug][gc,phases      ] GC(211)   JNI Weak                       Min:  0.0, Avg:  0.0, Max:  0.0, Diff:  0.0, Sum:  0.0, Workers: 4
[9326.122s][debug][gc,phases      ] GC(211)     Dead                           Min: 0, Avg:  0.0, Max: 0, Diff: 0, Sum: 0, Workers: 4
[9326.122s][debug][gc,phases      ] GC(211)     Total                          Min: 0, Avg: 11.2, Max: 45, Diff: 45, Sum: 45, Workers: 4
[9326.122s][debug][gc,phases      ] GC(211)   StringDedup Table Weak         Min:  0.0, Avg:  0.0, Max:  0.0, Diff:  0.0, Sum:  0.0, Workers: 4
[9326.122s][debug][gc,phases      ] GC(211)     Dead                           Min: 0, Avg:  0.0, Max: 0, Diff: 0, Sum: 0, Workers: 4
[9326.122s][debug][gc,phases      ] GC(211)     Total                          Min: 0, Avg:  0.0, Max: 0, Diff: 0, Sum: 0, Workers: 4
[9326.122s][debug][gc,phases      ] GC(211)   StringDedup Requests0 Weak     Min:  0.0, Avg:  0.0, Max:  0.0, Diff:  0.0, Sum:  0.0, Workers: 4
[9326.122s][debug][gc,phases      ] GC(211)     Dead                           Min: 0, Avg:  0.0, Max: 0, Diff: 0, Sum: 0, Workers: 4
[9326.122s][debug][gc,phases      ] GC(211)     Total                          Min: 0, Avg:  0.0, Max: 0, Diff: 0, Sum: 0, Workers: 4
[9326.122s][debug][gc,phases      ] GC(211)   StringDedup Requests1 Weak     Min:  0.0, Avg:  0.0, Max:  0.0, Diff:  0.0, Sum:  0.0, Workers: 4
[9326.122s][debug][gc,phases      ] GC(211)     Dead                           Min: 0, Avg:  0.0, Max: 0, Diff: 0, Sum: 0, Workers: 4
[9326.122s][debug][gc,phases      ] GC(211)     Total                          Min: 0, Avg:  0.0, Max: 0, Diff: 0, Sum: 0, Workers: 4
[9326.122s][debug][gc,phases      ] GC(211)   Weak JFR Old Object Samples    Min:  0.0, Avg:  0.0, Max:  0.0, Diff:  0.0, Sum:  0.0, Workers: 4
[9326.122s][debug][gc,phases      ] GC(211)     Dead                           Min: 0, Avg:  0.0, Max: 0, Diff: 0, Sum: 0, Workers: 4
[9326.122s][debug][gc,phases      ] GC(211)     Total                          Min: 0, Avg:  0.0, Max: 0, Diff: 0, Sum: 0, Workers: 4
[9326.122s][debug][gc,phases      ] GC(211) Weak Processing 0.273ms
[9326.122s][debug][gc,age         ] GC(211) Desired survivor size 37748736 bytes, new threshold 15 (max threshold 15)
[9326.122s][info ][gc,heap        ] GC(211) PSYoungGen: 2067960K(2067968K)->26672K(2052608K) Eden: 2040320K(2040320K)->0K(2023424K) From: 27640K(27648K)->26672K(29184K)
[9326.122s][info ][gc,heap        ] GC(211) ParOldGen: 409031K(570368K)->409139K(570368K)
[9326.122s][info ][gc,metaspace   ] GC(211) Metaspace: 80190K(81088K)->80190K(81088K) NonClass: 69035K(69440K)->69035K(69440K) Class: 11155K(11648K)->11155K(11648K)
[9326.122s][info ][gc             ] GC(211) Pause Young (Allocation Failure) 2418M->425M(2561M) 7.417ms
[9326.122s][info ][gc,cpu         ] GC(211) User=0.03s Sys=0.01s Real=0.01s
[9326.123s][info ][safepoint      ] Safepoint "ParallelGCFailedAllocation", Time since last: 1869348103 ns, Reaching safepoint: 22500 ns, At safepoint: 7492485 ns, Total: 7514985 ns
[9339.123s][info ][safepoint      ] Safepoint "Cleanup", Time since last: 13000810669 ns, Reaching safepoint: 58000 ns, At safepoint: 7500 ns, Total: 65500 ns
[9341.124s][info ][safepoint      ] Safepoint "Cleanup", Time since last: 2000160922 ns, Reaching safepoint: 36200 ns, At safepoint: 2600 ns, Total: 38800 ns
[9346.124s][info ][safepoint      ] Safepoint "Cleanup", Time since last: 5000372649 ns, Reaching safepoint: 37000 ns, At safepoint: 3000 ns, Total: 40000 ns
[9347.124s][info ][safepoint      ] Safepoint "Cleanup", Time since last: 1000110509 ns, Reaching safepoint: 35600 ns, At safepoint: 3500 ns, Total: 39100 ns
[9352.124s][info ][safepoint      ] Safepoint "Cleanup", Time since last: 5000282840 ns, Reaching safepoint: 42700 ns, At safepoint: 2300 ns, Total: 45000 ns
[9355.125s][info ][safepoint      ] Safepoint "Cleanup", Time since last: 3000221721 ns, Reaching safepoint: 35700 ns, At safepoint: 3400 ns, Total: 39100 ns
[9356.125s][info ][safepoint      ] Safepoint "Cleanup", Time since last: 1000104207 ns, Reaching safepoint: 26600 ns, At safepoint: 2100 ns, Total: 28700 ns
[9357.125s][info ][safepoint      ] Safepoint "Cleanup", Time since last: 1000089006 ns, Reaching safepoint: 33100 ns, At safepoint: 3000 ns, Total: 36100 ns
[9368.126s][info ][safepoint      ] Safepoint "Cleanup", Time since last: 11000696750 ns, Reaching safepoint: 52400 ns, At safepoint: 5900 ns, Total: 58300 ns
[9373.739s][info ][gc,start       ] GC(212) Pause Young (Allocation Failure)
[9373.746s][debug][gc,phases      ] GC(212) Scavenge 6.657ms
[9373.746s][debug][gc,ref         ] GC(212) Skipped phase 1 of Reference Processing: no references
[9373.746s][debug][gc,ref         ] GC(212) ReferenceProcessor::execute queues: 1, RefProcThreadModel::Single, marks_oops_alive: false
[9373.746s][debug][gc,ref         ] GC(212) Skipped phase 3 of Reference Processing: no references
[9373.746s][debug][gc,ref         ] GC(212) ReferenceProcessor::execute queues: 1, RefProcThreadModel::Single, marks_oops_alive: false
[9373.746s][debug][gc,phases      ] GC(212) Reference Processing 0.083ms
[9373.746s][debug][gc,phases      ] GC(212)   VM Weak                        Min:  0.0, Avg:  0.0, Max:  0.0, Diff:  0.0, Sum:  0.0, Workers: 4
[9373.746s][debug][gc,phases      ] GC(212)     Dead                           Min: 0, Avg:  0.0, Max: 0, Diff: 0, Sum: 0, Workers: 4
[9373.746s][debug][gc,phases      ] GC(212)     Total                          Min: 0, Avg: 154.8, Max: 619, Diff: 619, Sum: 619, Workers: 4
[9373.746s][debug][gc,phases      ] GC(212)   ObjectSynchronizer Weak        Min:  0.0, Avg:  0.0, Max:  0.0, Diff:  0.0, Sum:  0.0, Workers: 4
[9373.746s][debug][gc,phases      ] GC(212)     Dead                           Min: 0, Avg:  0.0, Max: 0, Diff: 0, Sum: 0, Workers: 4
[9373.746s][debug][gc,phases      ] GC(212)     Total                          Min: 0, Avg: 11.2, Max: 45, Diff: 45, Sum: 45, Workers: 4
[9373.746s][debug][gc,phases      ] GC(212)   JVMTI Tag Weak OopStorage      Min:  0.0, Avg:  0.0, Max:  0.0, Diff:  0.0, Sum:  0.0, Workers: 4
[9373.746s][debug][gc,phases      ] GC(212)     Dead                           Min: 0, Avg:  0.0, Max: 0, Diff: 0, Sum: 0, Workers: 4
[9373.746s][debug][gc,phases      ] GC(212)     Total                          Min: 0, Avg:  0.0, Max: 0, Diff: 0, Sum: 0, Workers: 4
[9373.746s][debug][gc,phases      ] GC(212)   StringTable Weak               Min:  0.1, Avg:  0.1, Max:  0.1, Diff:  0.0, Sum:  0.3, Workers: 4
[9373.746s][debug][gc,phases      ] GC(212)     Dead                           Min: 0, Avg:  0.0, Max: 0, Diff: 0, Sum: 0, Workers: 4
[9373.746s][debug][gc,phases      ] GC(212)     Total                          Min: 10176, Avg: 10733.0, Max: 12029, Diff: 1853, Sum: 42932, Workers: 4
[9373.746s][debug][gc,phases      ] GC(212)   ResolvedMethodTable Weak       Min:  0.0, Avg:  0.0, Max:  0.0, Diff:  0.0, Sum:  0.1, Workers: 4
[9373.746s][debug][gc,phases      ] GC(212)     Dead                           Min: 0, Avg:  0.0, Max: 0, Diff: 0, Sum: 0, Workers: 4
[9373.746s][debug][gc,phases      ] GC(212)     Total                          Min: 2048, Avg: 2176.0, Max: 2304, Diff: 256, Sum: 8704, Workers: 4
[9373.746s][debug][gc,phases      ] GC(212)   JNI Weak                       Min:  0.0, Avg:  0.0, Max:  0.0, Diff:  0.0, Sum:  0.0, Workers: 4
[9373.746s][debug][gc,phases      ] GC(212)     Dead                           Min: 0, Avg:  0.0, Max: 0, Diff: 0, Sum: 0, Workers: 4
[9373.746s][debug][gc,phases      ] GC(212)     Total                          Min: 0, Avg: 11.2, Max: 45, Diff: 45, Sum: 45, Workers: 4
[9373.746s][debug][gc,phases      ] GC(212)   StringDedup Table Weak         Min:  0.0, Avg:  0.0, Max:  0.0, Diff:  0.0, Sum:  0.0, Workers: 4
[9373.746s][debug][gc,phases      ] GC(212)     Dead                           Min: 0, Avg:  0.0, Max: 0, Diff: 0, Sum: 0, Workers: 4
[9373.746s][debug][gc,phases      ] GC(212)     Total                          Min: 0, Avg:  0.0, Max: 0, Diff: 0, Sum: 0, Workers: 4
[9373.746s][debug][gc,phases      ] GC(212)   StringDedup Requests0 Weak     Min:  0.0, Avg:  0.0, Max:  0.0, Diff:  0.0, Sum:  0.0, Workers: 4
[9373.746s][debug][gc,phases      ] GC(212)     Dead                           Min: 0, Avg:  0.0, Max: 0, Diff: 0, Sum: 0, Workers: 4
[9373.746s][debug][gc,phases      ] GC(212)     Total                          Min: 0, Avg:  0.0, Max: 0, Diff: 0, Sum: 0, Workers: 4
[9373.746s][debug][gc,phases      ] GC(212)   StringDedup Requests1 Weak     Min:  0.0, Avg:  0.0, Max:  0.0, Diff:  0.0, Sum:  0.0, Workers: 4
[9373.746s][debug][gc,phases      ] GC(212)     Dead                           Min: 0, Avg:  0.0, Max: 0, Diff: 0, Sum: 0, Workers: 4
[9373.746s][debug][gc,phases      ] GC(212)     Total                          Min: 0, Avg:  0.0, Max: 0, Diff: 0, Sum: 0, Workers: 4
[9373.746s][debug][gc,phases      ] GC(212)   Weak JFR Old Object Samples    Min:  0.0, Avg:  0.0, Max:  0.0, Diff:  0.0, Sum:  0.0, Workers: 4
[9373.746s][debug][gc,phases      ] GC(212)     Dead                           Min: 0, Avg:  0.0, Max: 0, Diff: 0, Sum: 0, Workers: 4
[9373.746s][debug][gc,phases      ] GC(212)     Total                          Min: 0, Avg:  0.0, Max: 0, Diff: 0, Sum: 0, Workers: 4
[9373.746s][debug][gc,phases      ] GC(212) Weak Processing 0.266ms
[9373.746s][debug][gc,age         ] GC(212) Desired survivor size 40370176 bytes, new threshold 15 (max threshold 15)
[9373.746s][info ][gc,heap        ] GC(212) PSYoungGen: 2050096K(2052608K)->25320K(2049024K) Eden: 2023424K(2023424K)->0K(2023424K) From: 26672K(29184K)->25320K(25600K)
[9373.746s][info ][gc,heap        ] GC(212) ParOldGen: 409139K(570368K)->409139K(570368K)
[9373.746s][info ][gc,metaspace   ] GC(212) Metaspace: 80201K(81152K)->80201K(81152K) NonClass: 69044K(69504K)->69044K(69504K) Class: 11156K(11648K)->11156K(11648K)
[9373.746s][info ][gc             ] GC(212) Pause Young (Allocation Failure) 2401M->424M(2558M) 7.096ms
[9373.746s][info ][gc,cpu         ] GC(212) User=0.02s Sys=0.01s Real=0.00s
[9373.746s][info ][safepoint      ] Safepoint "ParallelGCFailedAllocation", Time since last: 5613188326 ns, Reaching safepoint: 24100 ns, At safepoint: 7155885 ns, Total: 7179985 ns
[9382.747s][info ][safepoint      ] Safepoint "Cleanup", Time since last: 9000540703 ns, Reaching safepoint: 109199 ns, At safepoint: 7400 ns, Total: 116599 ns
[9384.747s][info ][safepoint      ] Safepoint "Cleanup", Time since last: 2000172498 ns, Reaching safepoint: 72200 ns, At safepoint: 5000 ns, Total: 77200 ns
[9385.747s][info ][safepoint      ] Safepoint "Cleanup", Time since last: 1000100698 ns, Reaching safepoint: 40300 ns, At safepoint: 2900 ns, Total: 43200 ns
[9387.747s][info ][safepoint      ] Safepoint "Cleanup", Time since last: 2000119096 ns, Reaching safepoint: 29200 ns, At safepoint: 2700 ns, Total: 31900 ns
[9396.748s][info ][safepoint      ] Safepoint "Cleanup", Time since last: 9000602070 ns, Reaching safepoint: 29300 ns, At safepoint: 3000 ns, Total: 32300 ns
[9405.749s][info ][safepoint      ] Safepoint "Cleanup", Time since last: 9000578849 ns, Reaching safepoint: 60800 ns, At safepoint: 2700 ns, Total: 63500 ns
[9407.749s][info ][safepoint      ] Safepoint "Cleanup", Time since last: 2000172386 ns, Reaching safepoint: 48999 ns, At safepoint: 4100 ns, Total: 53099 ns
[9409.749s][info ][safepoint      ] Safepoint "Cleanup", Time since last: 2000177485 ns, Reaching safepoint: 39500 ns, At safepoint: 2500 ns, Total: 42000 ns
[9411.749s][info ][safepoint      ] Safepoint "Cleanup", Time since last: 2000178584 ns, Reaching safepoint: 44200 ns, At safepoint: 4800 ns, Total: 49000 ns
[9419.750s][info ][safepoint      ] Safepoint "Cleanup", Time since last: 8000538325 ns, Reaching safepoint: 40300 ns, At safepoint: 2600 ns, Total: 42900 ns
[9420.211s][info ][gc,start       ] GC(213) Pause Young (Allocation Failure)
[9420.219s][debug][gc,phases      ] GC(213) Scavenge 7.466ms
[9420.219s][debug][gc,ref         ] GC(213) Skipped phase 1 of Reference Processing: no references
[9420.219s][debug][gc,ref         ] GC(213) ReferenceProcessor::execute queues: 1, RefProcThreadModel::Single, marks_oops_alive: false
[9420.219s][debug][gc,ref         ] GC(213) Skipped phase 3 of Reference Processing: no references
[9420.219s][debug][gc,ref         ] GC(213) ReferenceProcessor::execute queues: 1, RefProcThreadModel::Single, marks_oops_alive: false
[9420.219s][debug][gc,phases      ] GC(213) Reference Processing 0.095ms
[9420.219s][debug][gc,phases      ] GC(213)   VM Weak                        Min:  0.0, Avg:  0.0, Max:  0.0, Diff:  0.0, Sum:  0.0, Workers: 4
[9420.219s][debug][gc,phases      ] GC(213)     Dead                           Min: 0, Avg:  0.0, Max: 0, Diff: 0, Sum: 0, Workers: 4
[9420.219s][debug][gc,phases      ] GC(213)     Total                          Min: 0, Avg: 154.8, Max: 563, Diff: 563, Sum: 619, Workers: 4
[9420.219s][debug][gc,phases      ] GC(213)   ObjectSynchronizer Weak        Min:  0.0, Avg:  0.0, Max:  0.0, Diff:  0.0, Sum:  0.0, Workers: 4
[9420.219s][debug][gc,phases      ] GC(213)     Dead                           Min: 0, Avg:  0.0, Max: 0, Diff: 0, Sum: 0, Workers: 4
[9420.219s][debug][gc,phases      ] GC(213)     Total                          Min: 0, Avg: 11.2, Max: 45, Diff: 45, Sum: 45, Workers: 4
[9420.219s][debug][gc,phases      ] GC(213)   JVMTI Tag Weak OopStorage      Min:  0.0, Avg:  0.0, Max:  0.0, Diff:  0.0, Sum:  0.0, Workers: 4
[9420.219s][debug][gc,phases      ] GC(213)     Dead                           Min: 0, Avg:  0.0, Max: 0, Diff: 0, Sum: 0, Workers: 4
[9420.219s][debug][gc,phases      ] GC(213)     Total                          Min: 0, Avg:  0.0, Max: 0, Diff: 0, Sum: 0, Workers: 4
[9420.219s][debug][gc,phases      ] GC(213)   StringTable Weak               Min:  0.0, Avg:  0.1, Max:  0.1, Diff:  0.1, Sum:  0.3, Workers: 4
[9420.219s][debug][gc,phases      ] GC(213)     Dead                           Min: 0, Avg:  0.5, Max: 2, Diff: 2, Sum: 2, Workers: 4
[9420.219s][debug][gc,phases      ] GC(213)     Total                          Min: 0, Avg: 10734.2, Max: 17467, Diff: 17467, Sum: 42937, Workers: 4
[9420.219s][debug][gc,phases      ] GC(213)   ResolvedMethodTable Weak       Min:  0.0, Avg:  0.0, Max:  0.0, Diff:  0.0, Sum:  0.1, Workers: 4
[9420.219s][debug][gc,phases      ] GC(213)     Dead                           Min: 0, Avg:  0.0, Max: 0, Diff: 0, Sum: 0, Workers: 4
[9420.219s][debug][gc,phases      ] GC(213)     Total                          Min: 0, Avg: 2178.0, Max: 3904, Diff: 3904, Sum: 8712, Workers: 4
[9420.219s][debug][gc,phases      ] GC(213)   JNI Weak                       Min:  0.0, Avg:  0.0, Max:  0.0, Diff:  0.0, Sum:  0.0, Workers: 4
[9420.219s][debug][gc,phases      ] GC(213)     Dead                           Min: 0, Avg:  0.0, Max: 0, Diff: 0, Sum: 0, Workers: 4
[9420.219s][debug][gc,phases      ] GC(213)     Total                          Min: 0, Avg: 11.2, Max: 45, Diff: 45, Sum: 45, Workers: 4
[9420.219s][debug][gc,phases      ] GC(213)   StringDedup Table Weak         Min:  0.0, Avg:  0.0, Max:  0.0, Diff:  0.0, Sum:  0.0, Workers: 4
[9420.219s][debug][gc,phases      ] GC(213)     Dead                           Min: 0, Avg:  0.0, Max: 0, Diff: 0, Sum: 0, Workers: 4
[9420.219s][debug][gc,phases      ] GC(213)     Total                          Min: 0, Avg:  0.0, Max: 0, Diff: 0, Sum: 0, Workers: 4
[9420.219s][debug][gc,phases      ] GC(213)   StringDedup Requests0 Weak     Min:  0.0, Avg:  0.0, Max:  0.0, Diff:  0.0, Sum:  0.0, Workers: 4
[9420.219s][debug][gc,phases      ] GC(213)     Dead                           Min: 0, Avg:  0.0, Max: 0, Diff: 0, Sum: 0, Workers: 4
[9420.219s][debug][gc,phases      ] GC(213)     Total                          Min: 0, Avg:  0.0, Max: 0, Diff: 0, Sum: 0, Workers: 4
[9420.219s][debug][gc,phases      ] GC(213)   StringDedup Requests1 Weak     Min:  0.0, Avg:  0.0, Max:  0.0, Diff:  0.0, Sum:  0.0, Workers: 4
[9420.219s][debug][gc,phases      ] GC(213)     Dead                           Min: 0, Avg:  0.0, Max: 0, Diff: 0, Sum: 0, Workers: 4
[9420.219s][debug][gc,phases      ] GC(213)     Total                          Min: 0, Avg:  0.0, Max: 0, Diff: 0, Sum: 0, Workers: 4
[9420.219s][debug][gc,phases      ] GC(213)   Weak JFR Old Object Samples    Min:  0.0, Avg:  0.0, Max:  0.0, Diff:  0.0, Sum:  0.0, Workers: 4
[9420.219s][debug][gc,phases      ] GC(213)     Dead                           Min: 0, Avg:  0.0, Max: 0, Diff: 0, Sum: 0, Workers: 4
[9420.219s][debug][gc,phases      ] GC(213)     Total                          Min: 0, Avg:  0.0, Max: 0, Diff: 0, Sum: 0, Workers: 4
[9420.219s][debug][gc,phases      ] GC(213) Weak Processing 0.306ms
[9420.219s][debug][gc,age         ] GC(213) Desired survivor size 39321600 bytes, new threshold 15 (max threshold 15)
[9420.219s][info ][gc,heap        ] GC(213) PSYoungGen: 2048744K(2049024K)->18288K(2058752K) Eden: 2023424K(2023424K)->0K(2019328K) From: 25320K(25600K)->18288K(39424K)
[9420.219s][info ][gc,heap        ] GC(213) ParOldGen: 409139K(570368K)->409183K(570368K)
[9420.219s][info ][gc,metaspace   ] GC(213) Metaspace: 80239K(81152K)->80239K(81152K) NonClass: 69078K(69504K)->69078K(69504K) Class: 11161K(11648K)->11161K(11648K)
[9420.219s][info ][gc             ] GC(213) Pause Young (Allocation Failure) 2400M->417M(2567M) 7.963ms
[9420.219s][info ][gc,cpu         ] GC(213) User=0.03s Sys=0.00s Real=0.01s
[9420.219s][info ][safepoint      ] Safepoint "ParallelGCFailedAllocation", Time since last: 461284427 ns, Reaching safepoint: 81900 ns, At safepoint: 8043183 ns, Total: 8125083 ns
[9424.220s][info ][safepoint      ] Safepoint "Cleanup", Time since last: 4000250456 ns, Reaching safepoint: 47300 ns, At safepoint: 3000 ns, Total: 50300 ns
[9432.220s][info ][safepoint      ] Safepoint "Cleanup", Time since last: 8000534301 ns, Reaching safepoint: 38900 ns, At safepoint: 3600 ns, Total: 42500 ns
[9437.221s][info ][safepoint      ] Safepoint "Cleanup", Time since last: 5000353930 ns, Reaching safepoint: 39300 ns, At safepoint: 3800 ns, Total: 43100 ns
[9439.221s][info ][safepoint      ] Safepoint "Cleanup", Time since last: 2000117671 ns, Reaching safepoint: 33300 ns, At safepoint: 2800 ns, Total: 36100 ns
[9448.221s][info ][safepoint      ] Safepoint "Cleanup", Time since last: 9000551955 ns, Reaching safepoint: 43200 ns, At safepoint: 3700 ns, Total: 46900 ns
[9449.221s][info ][safepoint      ] Safepoint "Cleanup", Time since last: 1000101483 ns, Reaching safepoint: 83000 ns, At safepoint: 6000 ns, Total: 89000 ns
[9453.222s][info ][safepoint      ] Safepoint "Cleanup", Time since last: 4000239029 ns, Reaching safepoint: 27100 ns, At safepoint: 2600 ns, Total: 29700 ns
[9454.222s][info ][safepoint      ] Safepoint "Cleanup", Time since last: 1000105681 ns, Reaching safepoint: 32000 ns, At safepoint: 2600 ns, Total: 34600 ns
[9466.311s][info ][gc,start       ] GC(214) Pause Young (Allocation Failure)
[9466.319s][debug][gc,phases      ] GC(214) Scavenge 7.463ms
[9466.319s][debug][gc,ref         ] GC(214) Skipped phase 1 of Reference Processing: no references
[9466.319s][debug][gc,ref         ] GC(214) ReferenceProcessor::execute queues: 1, RefProcThreadModel::Single, marks_oops_alive: false
[9466.319s][debug][gc,ref         ] GC(214) Skipped phase 3 of Reference Processing: no references
[9466.319s][debug][gc,ref         ] GC(214) ReferenceProcessor::execute queues: 1, RefProcThreadModel::Single, marks_oops_alive: false
[9466.319s][debug][gc,phases      ] GC(214) Reference Processing 0.090ms
[9466.319s][debug][gc,phases      ] GC(214)   VM Weak                        Min:  0.0, Avg:  0.0, Max:  0.0, Diff:  0.0, Sum:  0.0, Workers: 4
[9466.319s][debug][gc,phases      ] GC(214)     Dead                           Min: 0, Avg:  0.0, Max: 0, Diff: 0, Sum: 0, Workers: 4
[9466.319s][debug][gc,phases      ] GC(214)     Total                          Min: 0, Avg: 154.8, Max: 619, Diff: 619, Sum: 619, Workers: 4
[9466.319s][debug][gc,phases      ] GC(214)   ObjectSynchronizer Weak        Min:  0.0, Avg:  0.0, Max:  0.0, Diff:  0.0, Sum:  0.0, Workers: 4
[9466.319s][debug][gc,phases      ] GC(214)     Dead                           Min: 0, Avg:  0.0, Max: 0, Diff: 0, Sum: 0, Workers: 4
[9466.319s][debug][gc,phases      ] GC(214)     Total                          Min: 0, Avg: 11.2, Max: 45, Diff: 45, Sum: 45, Workers: 4
[9466.319s][debug][gc,phases      ] GC(214)   JVMTI Tag Weak OopStorage      Min:  0.0, Avg:  0.0, Max:  0.0, Diff:  0.0, Sum:  0.0, Workers: 4
[9466.319s][debug][gc,phases      ] GC(214)     Dead                           Min: 0, Avg:  0.0, Max: 0, Diff: 0, Sum: 0, Workers: 4
[9466.319s][debug][gc,phases      ] GC(214)     Total                          Min: 0, Avg:  0.0, Max: 0, Diff: 0, Sum: 0, Workers: 4
[9466.319s][debug][gc,phases      ] GC(214)   StringTable Weak               Min:  0.0, Avg:  0.1, Max:  0.1, Diff:  0.1, Sum:  0.3, Workers: 4
[9466.319s][debug][gc,phases      ] GC(214)     Dead                           Min: 0, Avg:  0.0, Max: 0, Diff: 0, Sum: 0, Workers: 4
[9466.319s][debug][gc,phases      ] GC(214)     Total                          Min: 0, Avg: 10734.5, Max: 18303, Diff: 18303, Sum: 42938, Workers: 4
[9466.319s][debug][gc,phases      ] GC(214)   ResolvedMethodTable Weak       Min:  0.0, Avg:  0.0, Max:  0.0, Diff:  0.0, Sum:  0.1, Workers: 4
[9466.319s][debug][gc,phases      ] GC(214)     Dead                           Min: 0, Avg:  0.0, Max: 0, Diff: 0, Sum: 0, Workers: 4
[9466.319s][debug][gc,phases      ] GC(214)     Total                          Min: 0, Avg: 2178.0, Max: 3776, Diff: 3776, Sum: 8712, Workers: 4
[9466.319s][debug][gc,phases      ] GC(214)   JNI Weak                       Min:  0.0, Avg:  0.0, Max:  0.0, Diff:  0.0, Sum:  0.0, Workers: 4
[9466.319s][debug][gc,phases      ] GC(214)     Dead                           Min: 0, Avg:  0.0, Max: 0, Diff: 0, Sum: 0, Workers: 4
[9466.319s][debug][gc,phases      ] GC(214)     Total                          Min: 0, Avg: 11.2, Max: 45, Diff: 45, Sum: 45, Workers: 4
[9466.319s][debug][gc,phases      ] GC(214)   StringDedup Table Weak         Min:  0.0, Avg:  0.0, Max:  0.0, Diff:  0.0, Sum:  0.0, Workers: 4
[9466.319s][debug][gc,phases      ] GC(214)     Dead                           Min: 0, Avg:  0.0, Max: 0, Diff: 0, Sum: 0, Workers: 4
[9466.319s][debug][gc,phases      ] GC(214)     Total                          Min: 0, Avg:  0.0, Max: 0, Diff: 0, Sum: 0, Workers: 4
[9466.319s][debug][gc,phases      ] GC(214)   StringDedup Requests0 Weak     Min:  0.0, Avg:  0.0, Max:  0.0, Diff:  0.0, Sum:  0.0, Workers: 4
[9466.319s][debug][gc,phases      ] GC(214)     Dead                           Min: 0, Avg:  0.0, Max: 0, Diff: 0, Sum: 0, Workers: 4
[9466.319s][debug][gc,phases      ] GC(214)     Total                          Min: 0, Avg:  0.0, Max: 0, Diff: 0, Sum: 0, Workers: 4
[9466.319s][debug][gc,phases      ] GC(214)   StringDedup Requests1 Weak     Min:  0.0, Avg:  0.0, Max:  0.0, Diff:  0.0, Sum:  0.0, Workers: 4
[9466.319s][debug][gc,phases      ] GC(214)     Dead                           Min: 0, Avg:  0.0, Max: 0, Diff: 0, Sum: 0, Workers: 4
[9466.319s][debug][gc,phases      ] GC(214)     Total                          Min: 0, Avg:  0.0, Max: 0, Diff: 0, Sum: 0, Workers: 4
[9466.319s][debug][gc,phases      ] GC(214)   Weak JFR Old Object Samples    Min:  0.0, Avg:  0.0, Max:  0.0, Diff:  0.0, Sum:  0.0, Workers: 4
[9466.319s][debug][gc,phases      ] GC(214)     Dead                           Min: 0, Avg:  0.0, Max: 0, Diff: 0, Sum: 0, Workers: 4
[9466.319s][debug][gc,phases      ] GC(214)     Total                          Min: 0, Avg:  0.0, Max: 0, Diff: 0, Sum: 0, Workers: 4
[9466.319s][debug][gc,phases      ] GC(214) Weak Processing 0.281ms
[9466.319s][debug][gc,age         ] GC(214) Desired survivor size 38797312 bytes, new threshold 15 (max threshold 15)
[9466.319s][info ][gc,heap        ] GC(214) PSYoungGen: 2037616K(2058752K)->19168K(2057728K) Eden: 2019328K(2019328K)->0K(2019328K) From: 18288K(39424K)->19168K(38400K)
[9466.319s][info ][gc,heap        ] GC(214) ParOldGen: 409183K(570368K)->409215K(570368K)
[9466.319s][info ][gc,metaspace   ] GC(214) Metaspace: 80242K(81152K)->80242K(81152K) NonClass: 69080K(69504K)->69080K(69504K) Class: 11161K(11648K)->11161K(11648K)
[9466.319s][info ][gc             ] GC(214) Pause Young (Allocation Failure) 2389M->418M(2566M) 7.936ms
[9466.319s][info ][gc,cpu         ] GC(214) User=0.03s Sys=0.00s Real=0.01s
[9466.319s][info ][safepoint      ] Safepoint "ParallelGCFailedAllocation", Time since last: 12089476874 ns, Reaching safepoint: 95400 ns, At safepoint: 8003283 ns, Total: 8098683 ns
[9480.734s][info ][safepoint      ] Safepoint "Cleanup", Time since last: 14414604302 ns, Reaching safepoint: 45600 ns, At safepoint: 2500 ns, Total: 48100 ns
[9507.736s][info ][safepoint      ] Safepoint "Cleanup", Time since last: 27001663463 ns, Reaching safepoint: 40300 ns, At safepoint: 4000 ns, Total: 44300 ns
[9512.665s][info ][gc,start       ] GC(215) Pause Young (Allocation Failure)
[9512.673s][debug][gc,phases      ] GC(215) Scavenge 8.324ms
[9512.673s][debug][gc,ref         ] GC(215) Skipped phase 1 of Reference Processing: no references
[9512.673s][debug][gc,ref         ] GC(215) ReferenceProcessor::execute queues: 1, RefProcThreadModel::Single, marks_oops_alive: false
[9512.673s][debug][gc,ref         ] GC(215) Skipped phase 3 of Reference Processing: no references
[9512.673s][debug][gc,ref         ] GC(215) ReferenceProcessor::execute queues: 1, RefProcThreadModel::Single, marks_oops_alive: false
[9512.673s][debug][gc,phases      ] GC(215) Reference Processing 0.084ms
[9512.673s][debug][gc,phases      ] GC(215)   VM Weak                        Min:  0.0, Avg:  0.0, Max:  0.0, Diff:  0.0, Sum:  0.0, Workers: 4
[9512.673s][debug][gc,phases      ] GC(215)     Dead                           Min: 0, Avg:  0.0, Max: 0, Diff: 0, Sum: 0, Workers: 4
[9512.673s][debug][gc,phases      ] GC(215)     Total                          Min: 0, Avg: 154.8, Max: 619, Diff: 619, Sum: 619, Workers: 4
[9512.673s][debug][gc,phases      ] GC(215)   ObjectSynchronizer Weak        Min:  0.0, Avg:  0.0, Max:  0.0, Diff:  0.0, Sum:  0.0, Workers: 4
[9512.673s][debug][gc,phases      ] GC(215)     Dead                           Min: 0, Avg:  0.0, Max: 0, Diff: 0, Sum: 0, Workers: 4
[9512.673s][debug][gc,phases      ] GC(215)     Total                          Min: 0, Avg: 11.2, Max: 45, Diff: 45, Sum: 45, Workers: 4
[9512.673s][debug][gc,phases      ] GC(215)   JVMTI Tag Weak OopStorage      Min:  0.0, Avg:  0.0, Max:  0.0, Diff:  0.0, Sum:  0.0, Workers: 4
[9512.673s][debug][gc,phases      ] GC(215)     Dead                           Min: 0, Avg:  0.0, Max: 0, Diff: 0, Sum: 0, Workers: 4
[9512.673s][debug][gc,phases      ] GC(215)     Total                          Min: 0, Avg:  0.0, Max: 0, Diff: 0, Sum: 0, Workers: 4
[9512.673s][debug][gc,phases      ] GC(215)   StringTable Weak               Min:  0.1, Avg:  0.1, Max:  0.1, Diff:  0.0, Sum:  0.4, Workers: 4
[9512.673s][debug][gc,phases      ] GC(215)     Dead                           Min: 0, Avg:  0.0, Max: 0, Diff: 0, Sum: 0, Workers: 4
[9512.673s][debug][gc,phases      ] GC(215)     Total                          Min: 10110, Avg: 10734.5, Max: 11392, Diff: 1282, Sum: 42938, Workers: 4
[9512.673s][debug][gc,phases      ] GC(215)   ResolvedMethodTable Weak       Min:  0.0, Avg:  0.0, Max:  0.0, Diff:  0.0, Sum:  0.1, Workers: 4
[9512.673s][debug][gc,phases      ] GC(215)     Dead                           Min: 0, Avg:  0.0, Max: 0, Diff: 0, Sum: 0, Workers: 4
[9512.673s][debug][gc,phases      ] GC(215)     Total                          Min: 1992, Avg: 2178.0, Max: 2432, Diff: 440, Sum: 8712, Workers: 4
[9512.673s][debug][gc,phases      ] GC(215)   JNI Weak                       Min:  0.0, Avg:  0.0, Max:  0.0, Diff:  0.0, Sum:  0.0, Workers: 4
[9512.673s][debug][gc,phases      ] GC(215)     Dead                           Min: 0, Avg:  0.0, Max: 0, Diff: 0, Sum: 0, Workers: 4
[9512.673s][debug][gc,phases      ] GC(215)     Total                          Min: 0, Avg: 11.2, Max: 45, Diff: 45, Sum: 45, Workers: 4
[9512.673s][debug][gc,phases      ] GC(215)   StringDedup Table Weak         Min:  0.0, Avg:  0.0, Max:  0.0, Diff:  0.0, Sum:  0.0, Workers: 4
[9512.673s][debug][gc,phases      ] GC(215)     Dead                           Min: 0, Avg:  0.0, Max: 0, Diff: 0, Sum: 0, Workers: 4
[9512.673s][debug][gc,phases      ] GC(215)     Total                          Min: 0, Avg:  0.0, Max: 0, Diff: 0, Sum: 0, Workers: 4
[9512.673s][debug][gc,phases      ] GC(215)   StringDedup Requests0 Weak     Min:  0.0, Avg:  0.0, Max:  0.0, Diff:  0.0, Sum:  0.0, Workers: 4
[9512.673s][debug][gc,phases      ] GC(215)     Dead                           Min: 0, Avg:  0.0, Max: 0, Diff: 0, Sum: 0, Workers: 4
[9512.673s][debug][gc,phases      ] GC(215)     Total                          Min: 0, Avg:  0.0, Max: 0, Diff: 0, Sum: 0, Workers: 4
[9512.673s][debug][gc,phases      ] GC(215)   StringDedup Requests1 Weak     Min:  0.0, Avg:  0.0, Max:  0.0, Diff:  0.0, Sum:  0.0, Workers: 4
[9512.673s][debug][gc,phases      ] GC(215)     Dead                           Min: 0, Avg:  0.0, Max: 0, Diff: 0, Sum: 0, Workers: 4
[9512.673s][debug][gc,phases      ] GC(215)     Total                          Min: 0, Avg:  0.0, Max: 0, Diff: 0, Sum: 0, Workers: 4
[9512.673s][debug][gc,phases      ] GC(215)   Weak JFR Old Object Samples    Min:  0.0, Avg:  0.0, Max:  0.0, Diff:  0.0, Sum:  0.0, Workers: 4
[9512.673s][debug][gc,phases      ] GC(215)     Dead                           Min: 0, Avg:  0.0, Max: 0, Diff: 0, Sum: 0, Workers: 4
[9512.673s][debug][gc,phases      ] GC(215)     Total                          Min: 0, Avg:  0.0, Max: 0, Diff: 0, Sum: 0, Workers: 4
[9512.673s][debug][gc,phases      ] GC(215) Weak Processing 0.264ms
[9512.673s][debug][gc,age         ] GC(215) Desired survivor size 36700160 bytes, new threshold 15 (max threshold 15)
[9512.673s][info ][gc,heap        ] GC(215) PSYoungGen: 2038496K(2057728K)->14848K(2061312K) Eden: 2019328K(2019328K)->0K(2023424K) From: 19168K(38400K)->14848K(37888K)
[9512.673s][info ][gc,heap        ] GC(215) ParOldGen: 409215K(570368K)->409295K(570368K)
[9512.673s][info ][gc,metaspace   ] GC(215) Metaspace: 80242K(81152K)->80242K(81152K) NonClass: 69080K(69504K)->69080K(69504K) Class: 11161K(11648K)->11161K(11648K)
[9512.673s][info ][gc             ] GC(215) Pause Young (Allocation Failure) 2390M->414M(2570M) 8.779ms
[9512.673s][info ][gc,cpu         ] GC(215) User=0.03s Sys=0.00s Real=0.01s
[9512.673s][info ][safepoint      ] Safepoint "ParallelGCFailedAllocation", Time since last: 4928710599 ns, Reaching safepoint: 24800 ns, At safepoint: 8837481 ns, Total: 8862281 ns
[9516.674s][info ][safepoint      ] Safepoint "Cleanup", Time since last: 4000264874 ns, Reaching safepoint: 37900 ns, At safepoint: 3100 ns, Total: 41000 ns
[9519.674s][info ][safepoint      ] Safepoint "Cleanup", Time since last: 3000233703 ns, Reaching safepoint: 60000 ns, At safepoint: 5900 ns, Total: 65900 ns
[9520.674s][info ][safepoint      ] Safepoint "Cleanup", Time since last: 1000096467 ns, Reaching safepoint: 38300 ns, At safepoint: 4100 ns, Total: 42400 ns
[9522.674s][info ][safepoint      ] Safepoint "Cleanup", Time since last: 2000164234 ns, Reaching safepoint: 41500 ns, At safepoint: 2400 ns, Total: 43900 ns
[9523.675s][info ][safepoint      ] Safepoint "Cleanup", Time since last: 1000116466 ns, Reaching safepoint: 47100 ns, At safepoint: 2700 ns, Total: 49800 ns
[9532.675s][info ][safepoint      ] Safepoint "Cleanup", Time since last: 9000597591 ns, Reaching safepoint: 29200 ns, At safepoint: 2300 ns, Total: 31500 ns
[9533.675s][info ][safepoint      ] Safepoint "Cleanup", Time since last: 1000103565 ns, Reaching safepoint: 40700 ns, At safepoint: 2800 ns, Total: 43500 ns
[9535.675s][info ][safepoint      ] Safepoint "Cleanup", Time since last: 2000135729 ns, Reaching safepoint: 56500 ns, At safepoint: 2500 ns, Total: 59000 ns
[9537.676s][info ][safepoint      ] Safepoint "Cleanup", Time since last: 2000166328 ns, Reaching safepoint: 39800 ns, At safepoint: 3500 ns, Total: 43300 ns
[9542.676s][info ][safepoint      ] Safepoint "Cleanup", Time since last: 5000361816 ns, Reaching safepoint: 58000 ns, At safepoint: 4800 ns, Total: 62800 ns
[9546.676s][info ][safepoint      ] Safepoint "Cleanup", Time since last: 4000293750 ns, Reaching safepoint: 41900 ns, At safepoint: 29700 ns, Total: 71600 ns
[9552.677s][info ][safepoint      ] Safepoint "Cleanup", Time since last: 6000419969 ns, Reaching safepoint: 37600 ns, At safepoint: 4300 ns, Total: 41900 ns
[9562.417s][info ][gc,start       ] GC(216) Pause Young (Allocation Failure)
[9562.424s][debug][gc,phases      ] GC(216) Scavenge 6.953ms
[9562.424s][debug][gc,ref         ] GC(216) Skipped phase 1 of Reference Processing: no references
[9562.424s][debug][gc,ref         ] GC(216) ReferenceProcessor::execute queues: 1, RefProcThreadModel::Single, marks_oops_alive: false
[9562.424s][debug][gc,ref         ] GC(216) Skipped phase 3 of Reference Processing: no references
[9562.424s][debug][gc,ref         ] GC(216) ReferenceProcessor::execute queues: 1, RefProcThreadModel::Single, marks_oops_alive: false
[9562.424s][debug][gc,phases      ] GC(216) Reference Processing 0.086ms
[9562.424s][debug][gc,phases      ] GC(216)   VM Weak                        Min:  0.0, Avg:  0.0, Max:  0.0, Diff:  0.0, Sum:  0.0, Workers: 4
[9562.424s][debug][gc,phases      ] GC(216)     Dead                           Min: 0, Avg:  0.0, Max: 0, Diff: 0, Sum: 0, Workers: 4
[9562.424s][debug][gc,phases      ] GC(216)     Total                          Min: 0, Avg: 154.8, Max: 318, Diff: 318, Sum: 619, Workers: 4
[9562.424s][debug][gc,phases      ] GC(216)   ObjectSynchronizer Weak        Min:  0.0, Avg:  0.0, Max:  0.0, Diff:  0.0, Sum:  0.0, Workers: 4
[9562.424s][debug][gc,phases      ] GC(216)     Dead                           Min: 0, Avg:  0.0, Max: 0, Diff: 0, Sum: 0, Workers: 4
[9562.424s][debug][gc,phases      ] GC(216)     Total                          Min: 0, Avg: 11.2, Max: 45, Diff: 45, Sum: 45, Workers: 4
[9562.424s][debug][gc,phases      ] GC(216)   JVMTI Tag Weak OopStorage      Min:  0.0, Avg:  0.0, Max:  0.0, Diff:  0.0, Sum:  0.0, Workers: 4
[9562.424s][debug][gc,phases      ] GC(216)     Dead                           Min: 0, Avg:  0.0, Max: 0, Diff: 0, Sum: 0, Workers: 4
[9562.424s][debug][gc,phases      ] GC(216)     Total                          Min: 0, Avg:  0.0, Max: 0, Diff: 0, Sum: 0, Workers: 4
[9562.424s][debug][gc,phases      ] GC(216)   StringTable Weak               Min:  0.0, Avg:  0.1, Max:  0.1, Diff:  0.1, Sum:  0.3, Workers: 4
[9562.424s][debug][gc,phases      ] GC(216)     Dead                           Min: 0, Avg:  0.0, Max: 0, Diff: 0, Sum: 0, Workers: 4
[9562.424s][debug][gc,phases      ] GC(216)     Total                          Min: 0, Avg: 10734.8, Max: 19581, Diff: 19581, Sum: 42939, Workers: 4
[9562.424s][debug][gc,phases      ] GC(216)   ResolvedMethodTable Weak       Min:  0.0, Avg:  0.0, Max:  0.0, Diff:  0.0, Sum:  0.1, Workers: 4
[9562.424s][debug][gc,phases      ] GC(216)     Dead                           Min: 0, Avg:  0.0, Max: 0, Diff: 0, Sum: 0, Workers: 4
[9562.424s][debug][gc,phases      ] GC(216)     Total                          Min: 0, Avg: 2178.0, Max: 3968, Diff: 3968, Sum: 8712, Workers: 4
[9562.424s][debug][gc,phases      ] GC(216)   JNI Weak                       Min:  0.0, Avg:  0.0, Max:  0.0, Diff:  0.0, Sum:  0.0, Workers: 4
[9562.424s][debug][gc,phases      ] GC(216)     Dead                           Min: 0, Avg:  0.0, Max: 0, Diff: 0, Sum: 0, Workers: 4
[9562.424s][debug][gc,phases      ] GC(216)     Total                          Min: 0, Avg: 11.2, Max: 45, Diff: 45, Sum: 45, Workers: 4
[9562.424s][debug][gc,phases      ] GC(216)   StringDedup Table Weak         Min:  0.0, Avg:  0.0, Max:  0.0, Diff:  0.0, Sum:  0.0, Workers: 4
[9562.424s][debug][gc,phases      ] GC(216)     Dead                           Min: 0, Avg:  0.0, Max: 0, Diff: 0, Sum: 0, Workers: 4
[9562.424s][debug][gc,phases      ] GC(216)     Total                          Min: 0, Avg:  0.0, Max: 0, Diff: 0, Sum: 0, Workers: 4
[9562.424s][debug][gc,phases      ] GC(216)   StringDedup Requests0 Weak     Min:  0.0, Avg:  0.0, Max:  0.0, Diff:  0.0, Sum:  0.0, Workers: 4
[9562.424s][debug][gc,phases      ] GC(216)     Dead                           Min: 0, Avg:  0.0, Max: 0, Diff: 0, Sum: 0, Workers: 4
[9562.424s][debug][gc,phases      ] GC(216)     Total                          Min: 0, Avg:  0.0, Max: 0, Diff: 0, Sum: 0, Workers: 4
[9562.424s][debug][gc,phases      ] GC(216)   StringDedup Requests1 Weak     Min:  0.0, Avg:  0.0, Max:  0.0, Diff:  0.0, Sum:  0.0, Workers: 4
[9562.424s][debug][gc,phases      ] GC(216)     Dead                           Min: 0, Avg:  0.0, Max: 0, Diff: 0, Sum: 0, Workers: 4
[9562.424s][debug][gc,phases      ] GC(216)     Total                          Min: 0, Avg:  0.0, Max: 0, Diff: 0, Sum: 0, Workers: 4
[9562.424s][debug][gc,phases      ] GC(216)   Weak JFR Old Object Samples    Min:  0.0, Avg:  0.0, Max:  0.0, Diff:  0.0, Sum:  0.0, Workers: 4
[9562.424s][debug][gc,phases      ] GC(216)     Dead                           Min: 0, Avg:  0.0, Max: 0, Diff: 0, Sum: 0, Workers: 4
[9562.424s][debug][gc,phases      ] GC(216)     Total                          Min: 0, Avg:  0.0, Max: 0, Diff: 0, Sum: 0, Workers: 4
[9562.424s][debug][gc,phases      ] GC(216) Weak Processing 0.286ms
[9562.424s][debug][gc,age         ] GC(216) Desired survivor size 34603008 bytes, new threshold 15 (max threshold 15)
[9562.424s][info ][gc,heap        ] GC(216) PSYoungGen: 2038272K(2061312K)->14832K(2059264K) Eden: 2023424K(2023424K)->0K(2023424K) From: 14848K(37888K)->14832K(35840K)
[9562.424s][info ][gc,heap        ] GC(216) ParOldGen: 409295K(570368K)->409443K(570368K)
[9562.424s][info ][gc,metaspace   ] GC(216) Metaspace: 80266K(81152K)->80266K(81152K) NonClass: 69103K(69504K)->69103K(69504K) Class: 11162K(11648K)->11162K(11648K)
[9562.424s][info ][gc             ] GC(216) Pause Young (Allocation Failure) 2390M->414M(2568M) 7.424ms
[9562.424s][info ][gc,cpu         ] GC(216) User=0.02s Sys=0.00s Real=0.01s
[9562.424s][info ][safepoint      ] Safepoint "ParallelGCFailedAllocation", Time since last: 9739660959 ns, Reaching safepoint: 28700 ns, At safepoint: 7480584 ns, Total: 7509284 ns
[9567.424s][info ][safepoint      ] Safepoint "Cleanup", Time since last: 5000303993 ns, Reaching safepoint: 39200 ns, At safepoint: 2800 ns, Total: 42000 ns
[9576.425s][info ][safepoint      ] Safepoint "Cleanup", Time since last: 9000598216 ns, Reaching safepoint: 51200 ns, At safepoint: 36700 ns, Total: 87900 ns
[9579.189s][info ][safepoint      ] Safepoint "Cleanup", Time since last: 2763948776 ns, Reaching safepoint: 118199 ns, At safepoint: 7100 ns, Total: 125299 ns
[9580.189s][info ][safepoint      ] Safepoint "Cleanup", Time since last: 1000097956 ns, Reaching safepoint: 48700 ns, At safepoint: 7000 ns, Total: 55700 ns
[9604.191s][info ][safepoint      ] Safepoint "Cleanup", Time since last: 24001433091 ns, Reaching safepoint: 40800 ns, At safepoint: 2600 ns, Total: 43400 ns
[9614.061s][info ][gc,start       ] GC(217) Pause Young (Allocation Failure)
[9614.066s][debug][gc,phases      ] GC(217) Scavenge 4.817ms
[9614.066s][debug][gc,ref         ] GC(217) Skipped phase 1 of Reference Processing: no references
[9614.066s][debug][gc,ref         ] GC(217) ReferenceProcessor::execute queues: 1, RefProcThreadModel::Single, marks_oops_alive: false
[9614.066s][debug][gc,ref         ] GC(217) Skipped phase 3 of Reference Processing: no references
[9614.066s][debug][gc,ref         ] GC(217) ReferenceProcessor::execute queues: 1, RefProcThreadModel::Single, marks_oops_alive: false
[9614.066s][debug][gc,phases      ] GC(217) Reference Processing 0.084ms
[9614.066s][debug][gc,phases      ] GC(217)   VM Weak                        Min:  0.0, Avg:  0.0, Max:  0.0, Diff:  0.0, Sum:  0.0, Workers: 4
[9614.066s][debug][gc,phases      ] GC(217)     Dead                           Min: 0, Avg:  0.0, Max: 0, Diff: 0, Sum: 0, Workers: 4
[9614.066s][debug][gc,phases      ] GC(217)     Total                          Min: 0, Avg: 154.8, Max: 619, Diff: 619, Sum: 619, Workers: 4
[9614.066s][debug][gc,phases      ] GC(217)   ObjectSynchronizer Weak        Min:  0.0, Avg:  0.0, Max:  0.0, Diff:  0.0, Sum:  0.0, Workers: 4
[9614.066s][debug][gc,phases      ] GC(217)     Dead                           Min: 0, Avg:  0.0, Max: 0, Diff: 0, Sum: 0, Workers: 4
[9614.066s][debug][gc,phases      ] GC(217)     Total                          Min: 0, Avg: 11.2, Max: 45, Diff: 45, Sum: 45, Workers: 4
[9614.066s][debug][gc,phases      ] GC(217)   JVMTI Tag Weak OopStorage      Min:  0.0, Avg:  0.0, Max:  0.0, Diff:  0.0, Sum:  0.0, Workers: 4
[9614.066s][debug][gc,phases      ] GC(217)     Dead                           Min: 0, Avg:  0.0, Max: 0, Diff: 0, Sum: 0, Workers: 4
[9614.066s][debug][gc,phases      ] GC(217)     Total                          Min: 0, Avg:  0.0, Max: 0, Diff: 0, Sum: 0, Workers: 4
[9614.066s][debug][gc,phases      ] GC(217)   StringTable Weak               Min:  0.1, Avg:  0.1, Max:  0.1, Diff:  0.0, Sum:  0.4, Workers: 4
[9614.066s][debug][gc,phases      ] GC(217)     Dead                           Min: 0, Avg:  0.0, Max: 0, Diff: 0, Sum: 0, Workers: 4
[9614.066s][debug][gc,phases      ] GC(217)     Total                          Min: 10620, Avg: 10734.8, Max: 10944, Diff: 324, Sum: 42939, Workers: 4
[9614.066s][debug][gc,phases      ] GC(217)   ResolvedMethodTable Weak       Min:  0.0, Avg:  0.0, Max:  0.0, Diff:  0.0, Sum:  0.1, Workers: 4
[9614.066s][debug][gc,phases      ] GC(217)     Dead                           Min: 0, Avg:  0.0, Max: 0, Diff: 0, Sum: 0, Workers: 4
[9614.066s][debug][gc,phases      ] GC(217)     Total                          Min: 2112, Avg: 2178.0, Max: 2240, Diff: 128, Sum: 8712, Workers: 4
[9614.066s][debug][gc,phases      ] GC(217)   JNI Weak                       Min:  0.0, Avg:  0.0, Max:  0.0, Diff:  0.0, Sum:  0.0, Workers: 4
[9614.066s][debug][gc,phases      ] GC(217)     Dead                           Min: 0, Avg:  0.0, Max: 0, Diff: 0, Sum: 0, Workers: 4
[9614.066s][debug][gc,phases      ] GC(217)     Total                          Min: 0, Avg: 11.2, Max: 45, Diff: 45, Sum: 45, Workers: 4
[9614.066s][debug][gc,phases      ] GC(217)   StringDedup Table Weak         Min:  0.0, Avg:  0.0, Max:  0.0, Diff:  0.0, Sum:  0.0, Workers: 4
[9614.066s][debug][gc,phases      ] GC(217)     Dead                           Min: 0, Avg:  0.0, Max: 0, Diff: 0, Sum: 0, Workers: 4
[9614.066s][debug][gc,phases      ] GC(217)     Total                          Min: 0, Avg:  0.0, Max: 0, Diff: 0, Sum: 0, Workers: 4
[9614.066s][debug][gc,phases      ] GC(217)   StringDedup Requests0 Weak     Min:  0.0, Avg:  0.0, Max:  0.0, Diff:  0.0, Sum:  0.0, Workers: 4
[9614.066s][debug][gc,phases      ] GC(217)     Dead                           Min: 0, Avg:  0.0, Max: 0, Diff: 0, Sum: 0, Workers: 4
[9614.066s][debug][gc,phases      ] GC(217)     Total                          Min: 0, Avg:  0.0, Max: 0, Diff: 0, Sum: 0, Workers: 4
[9614.066s][debug][gc,phases      ] GC(217)   StringDedup Requests1 Weak     Min:  0.0, Avg:  0.0, Max:  0.0, Diff:  0.0, Sum:  0.0, Workers: 4
[9614.066s][debug][gc,phases      ] GC(217)     Dead                           Min: 0, Avg:  0.0, Max: 0, Diff: 0, Sum: 0, Workers: 4
[9614.066s][debug][gc,phases      ] GC(217)     Total                          Min: 0, Avg:  0.0, Max: 0, Diff: 0, Sum: 0, Workers: 4
[9614.066s][debug][gc,phases      ] GC(217)   Weak JFR Old Object Samples    Min:  0.0, Avg:  0.0, Max:  0.0, Diff:  0.0, Sum:  0.0, Workers: 4
[9614.066s][debug][gc,phases      ] GC(217)     Dead                           Min: 0, Avg:  0.0, Max: 0, Diff: 0, Sum: 0, Workers: 4
[9614.066s][debug][gc,phases      ] GC(217)     Total                          Min: 0, Avg:  0.0, Max: 0, Diff: 0, Sum: 0, Workers: 4
[9614.066s][debug][gc,phases      ] GC(217) Weak Processing 0.285ms
[9614.066s][debug][gc,age         ] GC(217) Desired survivor size 33030144 bytes, new threshold 15 (max threshold 15)
[9614.066s][info ][gc,heap        ] GC(217) PSYoungGen: 2038256K(2059264K)->14624K(2064896K) Eden: 2023424K(2023424K)->0K(2031104K) From: 14832K(35840K)->14624K(33792K)
[9614.066s][info ][gc,heap        ] GC(217) ParOldGen: 409443K(570368K)->409491K(570368K)
[9614.066s][info ][gc,metaspace   ] GC(217) Metaspace: 80270K(81152K)->80270K(81152K) NonClass: 69107K(69504K)->69107K(69504K) Class: 11162K(11648K)->11162K(11648K)
[9614.066s][info ][gc             ] GC(217) Pause Young (Allocation Failure) 2390M->414M(2573M) 5.296ms
[9614.066s][info ][gc,cpu         ] GC(217) User=0.02s Sys=0.00s Real=0.00s
[9614.066s][info ][safepoint      ] Safepoint "ParallelGCFailedAllocation", Time since last: 9869914089 ns, Reaching safepoint: 95400 ns, At safepoint: 5370288 ns, Total: 5465688 ns
[9619.067s][info ][safepoint      ] Safepoint "Cleanup", Time since last: 5000316348 ns, Reaching safepoint: 106000 ns, At safepoint: 12400 ns, Total: 118400 ns
[9622.067s][info ][safepoint      ] Safepoint "Cleanup", Time since last: 3000231047 ns, Reaching safepoint: 35800 ns, At safepoint: 2699 ns, Total: 38499 ns
[9624.067s][info ][safepoint      ] Safepoint "Cleanup", Time since last: 2000163697 ns, Reaching safepoint: 37900 ns, At safepoint: 2900 ns, Total: 40800 ns
[9625.067s][info ][safepoint      ] Safepoint "Cleanup", Time since last: 1000064549 ns, Reaching safepoint: 42400 ns, At safepoint: 3600 ns, Total: 46000 ns
[9626.067s][info ][safepoint      ] Safepoint "Cleanup", Time since last: 1000094548 ns, Reaching safepoint: 37699 ns, At safepoint: 3000 ns, Total: 40699 ns
[9630.068s][info ][safepoint      ] Safepoint "Cleanup", Time since last: 4000266691 ns, Reaching safepoint: 32700 ns, At safepoint: 2600 ns, Total: 35300 ns
[9631.068s][info ][safepoint      ] Safepoint "Cleanup", Time since last: 1000127147 ns, Reaching safepoint: 44800 ns, At safepoint: 2500 ns, Total: 47300 ns
[9633.068s][info ][safepoint      ] Safepoint "Cleanup", Time since last: 2000155994 ns, Reaching safepoint: 42700 ns, At safepoint: 2400 ns, Total: 45100 ns
[9649.069s][info ][safepoint      ] Safepoint "Cleanup", Time since last: 16000967630 ns, Reaching safepoint: 35000 ns, At safepoint: 3300 ns, Total: 38300 ns
[9654.069s][info ][safepoint      ] Safepoint "Cleanup", Time since last: 5000340719 ns, Reaching safepoint: 40500 ns, At safepoint: 4800 ns, Total: 45300 ns
[9660.070s][info ][safepoint      ] Safepoint "Cleanup", Time since last: 6000338559 ns, Reaching safepoint: 102199 ns, At safepoint: 5700 ns, Total: 107899 ns
[9660.881s][info ][safepoint      ] Safepoint "ParallelGCFailedAllocation", Time since last: 811058051 ns, Reaching safepoint: 98399 ns, At safepoint: 21600 ns, Total: 119999 ns
[9660.881s][info ][gc,start       ] GC(218) Pause Young (GCLocker Initiated GC)
[9660.886s][debug][gc,phases      ] GC(218) Scavenge 4.716ms
[9660.886s][debug][gc,ref         ] GC(218) Skipped phase 1 of Reference Processing: no references
[9660.886s][debug][gc,ref         ] GC(218) ReferenceProcessor::execute queues: 1, RefProcThreadModel::Single, marks_oops_alive: false
[9660.886s][debug][gc,ref         ] GC(218) Skipped phase 3 of Reference Processing: no references
[9660.886s][debug][gc,ref         ] GC(218) ReferenceProcessor::execute queues: 1, RefProcThreadModel::Single, marks_oops_alive: false
[9660.886s][debug][gc,phases      ] GC(218) Reference Processing 0.087ms
[9660.886s][debug][gc,phases      ] GC(218)   VM Weak                        Min:  0.0, Avg:  0.0, Max:  0.0, Diff:  0.0, Sum:  0.0, Workers: 4
[9660.886s][debug][gc,phases      ] GC(218)     Dead                           Min: 0, Avg:  0.0, Max: 0, Diff: 0, Sum: 0, Workers: 4
[9660.886s][debug][gc,phases      ] GC(218)     Total                          Min: 0, Avg: 154.8, Max: 619, Diff: 619, Sum: 619, Workers: 4
[9660.886s][debug][gc,phases      ] GC(218)   ObjectSynchronizer Weak        Min:  0.0, Avg:  0.0, Max:  0.0, Diff:  0.0, Sum:  0.0, Workers: 4
[9660.886s][debug][gc,phases      ] GC(218)     Dead                           Min: 0, Avg:  0.0, Max: 0, Diff: 0, Sum: 0, Workers: 4
[9660.886s][debug][gc,phases      ] GC(218)     Total                          Min: 0, Avg: 11.2, Max: 45, Diff: 45, Sum: 45, Workers: 4
[9660.886s][debug][gc,phases      ] GC(218)   JVMTI Tag Weak OopStorage      Min:  0.0, Avg:  0.0, Max:  0.0, Diff:  0.0, Sum:  0.0, Workers: 4
[9660.886s][debug][gc,phases      ] GC(218)     Dead                           Min: 0, Avg:  0.0, Max: 0, Diff: 0, Sum: 0, Workers: 4
[9660.886s][debug][gc,phases      ] GC(218)     Total                          Min: 0, Avg:  0.0, Max: 0, Diff: 0, Sum: 0, Workers: 4
[9660.886s][debug][gc,phases      ] GC(218)   StringTable Weak               Min:  0.1, Avg:  0.1, Max:  0.1, Diff:  0.0, Sum:  0.4, Workers: 4
[9660.886s][debug][gc,phases      ] GC(218)     Dead                           Min: 0, Avg:  0.5, Max: 2, Diff: 2, Sum: 2, Workers: 4
[9660.886s][debug][gc,phases      ] GC(218)     Total                          Min: 10176, Avg: 10736.2, Max: 10944, Diff: 768, Sum: 42945, Workers: 4
[9660.886s][debug][gc,phases      ] GC(218)   ResolvedMethodTable Weak       Min:  0.0, Avg:  0.0, Max:  0.0, Diff:  0.0, Sum:  0.1, Workers: 4
[9660.886s][debug][gc,phases      ] GC(218)     Dead                           Min: 0, Avg:  0.0, Max: 0, Diff: 0, Sum: 0, Workers: 4
[9660.886s][debug][gc,phases      ] GC(218)     Total                          Min: 2112, Avg: 2181.2, Max: 2240, Diff: 128, Sum: 8725, Workers: 4
[9660.886s][debug][gc,phases      ] GC(218)   JNI Weak                       Min:  0.0, Avg:  0.0, Max:  0.0, Diff:  0.0, Sum:  0.0, Workers: 4
[9660.886s][debug][gc,phases      ] GC(218)     Dead                           Min: 0, Avg:  0.0, Max: 0, Diff: 0, Sum: 0, Workers: 4
[9660.886s][debug][gc,phases      ] GC(218)     Total                          Min: 0, Avg: 11.2, Max: 45, Diff: 45, Sum: 45, Workers: 4
[9660.886s][debug][gc,phases      ] GC(218)   StringDedup Table Weak         Min:  0.0, Avg:  0.0, Max:  0.0, Diff:  0.0, Sum:  0.0, Workers: 4
[9660.886s][debug][gc,phases      ] GC(218)     Dead                           Min: 0, Avg:  0.0, Max: 0, Diff: 0, Sum: 0, Workers: 4
[9660.886s][debug][gc,phases      ] GC(218)     Total                          Min: 0, Avg:  0.0, Max: 0, Diff: 0, Sum: 0, Workers: 4
[9660.886s][debug][gc,phases      ] GC(218)   StringDedup Requests0 Weak     Min:  0.0, Avg:  0.0, Max:  0.0, Diff:  0.0, Sum:  0.0, Workers: 4
[9660.886s][debug][gc,phases      ] GC(218)     Dead                           Min: 0, Avg:  0.0, Max: 0, Diff: 0, Sum: 0, Workers: 4
[9660.886s][debug][gc,phases      ] GC(218)     Total                          Min: 0, Avg:  0.0, Max: 0, Diff: 0, Sum: 0, Workers: 4
[9660.886s][debug][gc,phases      ] GC(218)   StringDedup Requests1 Weak     Min:  0.0, Avg:  0.0, Max:  0.0, Diff:  0.0, Sum:  0.0, Workers: 4
[9660.886s][debug][gc,phases      ] GC(218)     Dead                           Min: 0, Avg:  0.0, Max: 0, Diff: 0, Sum: 0, Workers: 4
[9660.886s][debug][gc,phases      ] GC(218)     Total                          Min: 0, Avg:  0.0, Max: 0, Diff: 0, Sum: 0, Workers: 4
[9660.886s][debug][gc,phases      ] GC(218)   Weak JFR Old Object Samples    Min:  0.0, Avg:  0.0, Max:  0.0, Diff:  0.0, Sum:  0.0, Workers: 4
[9660.886s][debug][gc,phases      ] GC(218)     Dead                           Min: 0, Avg:  0.0, Max: 0, Diff: 0, Sum: 0, Workers: 4
[9660.886s][debug][gc,phases      ] GC(218)     Total                          Min: 0, Avg:  0.0, Max: 0, Diff: 0, Sum: 0, Workers: 4
[9660.886s][debug][gc,phases      ] GC(218) Weak Processing 0.278ms
[9660.886s][debug][gc,age         ] GC(218) Desired survivor size 31457280 bytes, new threshold 15 (max threshold 15)
[9660.886s][info ][gc,heap        ] GC(218) PSYoungGen: 2045728K(2064896K)->15070K(2063360K) Eden: 2031104K(2031104K)->0K(2031104K) From: 14624K(33792K)->15070K(32256K)
[9660.886s][info ][gc,heap        ] GC(218) ParOldGen: 409492K(570368K)->409592K(570368K)
[9660.886s][info ][gc,metaspace   ] GC(218) Metaspace: 80299K(81216K)->80299K(81216K) NonClass: 69131K(69568K)->69131K(69568K) Class: 11167K(11648K)->11167K(11648K)
[9660.886s][info ][gc             ] GC(218) Pause Young (GCLocker Initiated GC) 2397M->414M(2572M) 5.153ms
[9660.886s][info ][gc,cpu         ] GC(218) User=0.02s Sys=0.00s Real=0.00s
[9660.886s][info ][safepoint      ] Safepoint "ParallelGCSystemGC", Time since last: 77700 ns, Reaching safepoint: 96600 ns, At safepoint: 5221089 ns, Total: 5317689 ns
[9662.887s][info ][safepoint      ] Safepoint "Cleanup", Time since last: 2000152184 ns, Reaching safepoint: 48300 ns, At safepoint: 2900 ns, Total: 51200 ns
[9665.887s][info ][safepoint      ] Safepoint "Cleanup", Time since last: 3000216026 ns, Reaching safepoint: 35000 ns, At safepoint: 2500 ns, Total: 37500 ns
[9673.888s][info ][safepoint      ] Safepoint "Cleanup", Time since last: 8000538029 ns, Reaching safepoint: 27600 ns, At safepoint: 2200 ns, Total: 29800 ns
[9674.888s][info ][safepoint      ] Safepoint "Cleanup", Time since last: 1000097040 ns, Reaching safepoint: 41200 ns, At safepoint: 3100 ns, Total: 44300 ns
[9677.888s][info ][safepoint      ] Safepoint "Cleanup", Time since last: 3000209421 ns, Reaching safepoint: 46299 ns, At safepoint: 29700 ns, Total: 75999 ns
[9681.888s][info ][safepoint      ] Safepoint "Cleanup", Time since last: 4000280259 ns, Reaching safepoint: 30500 ns, At safepoint: 2600 ns, Total: 33100 ns
[9682.888s][info ][safepoint      ] Safepoint "Cleanup", Time since last: 1000109939 ns, Reaching safepoint: 41000 ns, At safepoint: 9200 ns, Total: 50200 ns
[9685.889s][info ][safepoint      ] Safepoint "Cleanup", Time since last: 3000232117 ns, Reaching safepoint: 40100 ns, At safepoint: 4900 ns, Total: 45000 ns
[9691.889s][info ][safepoint      ] Safepoint "Cleanup", Time since last: 6000414229 ns, Reaching safepoint: 45100 ns, At safepoint: 3000 ns, Total: 48100 ns
[9695.889s][info ][safepoint      ] Safepoint "Cleanup", Time since last: 4000243851 ns, Reaching safepoint: 43100 ns, At safepoint: 2800 ns, Total: 45900 ns
[9696.890s][info ][safepoint      ] Safepoint "Cleanup", Time since last: 1000133837 ns, Reaching safepoint: 41900 ns, At safepoint: 2400 ns, Total: 44300 ns
[9705.723s][info ][gc,start       ] GC(219) Pause Young (Allocation Failure)
[9705.728s][debug][gc,phases      ] GC(219) Scavenge 5.157ms
[9705.728s][debug][gc,ref         ] GC(219) Skipped phase 1 of Reference Processing: no references
[9705.728s][debug][gc,ref         ] GC(219) ReferenceProcessor::execute queues: 1, RefProcThreadModel::Single, marks_oops_alive: false
[9705.728s][debug][gc,ref         ] GC(219) Skipped phase 3 of Reference Processing: no references
[9705.728s][debug][gc,ref         ] GC(219) ReferenceProcessor::execute queues: 1, RefProcThreadModel::Single, marks_oops_alive: false
[9705.728s][debug][gc,phases      ] GC(219) Reference Processing 0.085ms
[9705.728s][debug][gc,phases      ] GC(219)   VM Weak                        Min:  0.0, Avg:  0.0, Max:  0.0, Diff:  0.0, Sum:  0.0, Workers: 4
[9705.728s][debug][gc,phases      ] GC(219)     Dead                           Min: 0, Avg:  0.0, Max: 0, Diff: 0, Sum: 0, Workers: 4
[9705.728s][debug][gc,phases      ] GC(219)     Total                          Min: 0, Avg: 154.8, Max: 558, Diff: 558, Sum: 619, Workers: 4
[9705.728s][debug][gc,phases      ] GC(219)   ObjectSynchronizer Weak        Min:  0.0, Avg:  0.0, Max:  0.0, Diff:  0.0, Sum:  0.0, Workers: 4
[9705.728s][debug][gc,phases      ] GC(219)     Dead                           Min: 0, Avg:  0.0, Max: 0, Diff: 0, Sum: 0, Workers: 4
[9705.728s][debug][gc,phases      ] GC(219)     Total                          Min: 0, Avg: 11.2, Max: 45, Diff: 45, Sum: 45, Workers: 4
[9705.728s][debug][gc,phases      ] GC(219)   JVMTI Tag Weak OopStorage      Min:  0.0, Avg:  0.0, Max:  0.0, Diff:  0.0, Sum:  0.0, Workers: 4
[9705.728s][debug][gc,phases      ] GC(219)     Dead                           Min: 0, Avg:  0.0, Max: 0, Diff: 0, Sum: 0, Workers: 4
[9705.728s][debug][gc,phases      ] GC(219)     Total                          Min: 0, Avg:  0.0, Max: 0, Diff: 0, Sum: 0, Workers: 4
[9705.728s][debug][gc,phases      ] GC(219)   StringTable Weak               Min:  0.1, Avg:  0.1, Max:  0.1, Diff:  0.0, Sum:  0.4, Workers: 4
[9705.728s][debug][gc,phases      ] GC(219)     Dead                           Min: 0, Avg:  0.0, Max: 0, Diff: 0, Sum: 0, Workers: 4
[9705.728s][debug][gc,phases      ] GC(219)     Total                          Min: 10432, Avg: 10736.2, Max: 10881, Diff: 449, Sum: 42945, Workers: 4
[9705.728s][debug][gc,phases      ] GC(219)   ResolvedMethodTable Weak       Min:  0.0, Avg:  0.0, Max:  0.0, Diff:  0.0, Sum:  0.1, Workers: 4
[9705.728s][debug][gc,phases      ] GC(219)     Dead                           Min: 0, Avg:  0.0, Max: 0, Diff: 0, Sum: 0, Workers: 4
[9705.728s][debug][gc,phases      ] GC(219)     Total                          Min: 2112, Avg: 2181.2, Max: 2389, Diff: 277, Sum: 8725, Workers: 4
[9705.728s][debug][gc,phases      ] GC(219)   JNI Weak                       Min:  0.0, Avg:  0.0, Max:  0.0, Diff:  0.0, Sum:  0.0, Workers: 4
[9705.728s][debug][gc,phases      ] GC(219)     Dead                           Min: 0, Avg:  0.0, Max: 0, Diff: 0, Sum: 0, Workers: 4
[9705.728s][debug][gc,phases      ] GC(219)     Total                          Min: 0, Avg: 11.2, Max: 45, Diff: 45, Sum: 45, Workers: 4
[9705.728s][debug][gc,phases      ] GC(219)   StringDedup Table Weak         Min:  0.0, Avg:  0.0, Max:  0.0, Diff:  0.0, Sum:  0.0, Workers: 4
[9705.728s][debug][gc,phases      ] GC(219)     Dead                           Min: 0, Avg:  0.0, Max: 0, Diff: 0, Sum: 0, Workers: 4
[9705.728s][debug][gc,phases      ] GC(219)     Total                          Min: 0, Avg:  0.0, Max: 0, Diff: 0, Sum: 0, Workers: 4
[9705.728s][debug][gc,phases      ] GC(219)   StringDedup Requests0 Weak     Min:  0.0, Avg:  0.0, Max:  0.0, Diff:  0.0, Sum:  0.0, Workers: 4
[9705.728s][debug][gc,phases      ] GC(219)     Dead                           Min: 0, Avg:  0.0, Max: 0, Diff: 0, Sum: 0, Workers: 4
[9705.728s][debug][gc,phases      ] GC(219)     Total                          Min: 0, Avg:  0.0, Max: 0, Diff: 0, Sum: 0, Workers: 4
[9705.728s][debug][gc,phases      ] GC(219)   StringDedup Requests1 Weak     Min:  0.0, Avg:  0.0, Max:  0.0, Diff:  0.0, Sum:  0.0, Workers: 4
[9705.728s][debug][gc,phases      ] GC(219)     Dead                           Min: 0, Avg:  0.0, Max: 0, Diff: 0, Sum: 0, Workers: 4
[9705.728s][debug][gc,phases      ] GC(219)     Total                          Min: 0, Avg:  0.0, Max: 0, Diff: 0, Sum: 0, Workers: 4
[9705.728s][debug][gc,phases      ] GC(219)   Weak JFR Old Object Samples    Min:  0.0, Avg:  0.0, Max:  0.0, Diff:  0.0, Sum:  0.0, Workers: 4
[9705.728s][debug][gc,phases      ] GC(219)     Dead                           Min: 0, Avg:  0.0, Max: 0, Diff: 0, Sum: 0, Workers: 4
[9705.728s][debug][gc,phases      ] GC(219)     Total                          Min: 0, Avg:  0.0, Max: 0, Diff: 0, Sum: 0, Workers: 4
[9705.728s][debug][gc,phases      ] GC(219) Weak Processing 0.278ms
[9705.728s][debug][gc,age         ] GC(219) Desired survivor size 29884416 bytes, new threshold 15 (max threshold 15)
[9705.728s][info ][gc,heap        ] GC(219) PSYoungGen: 2046174K(2063360K)->14416K(2067968K) Eden: 2031104K(2031104K)->0K(2037248K) From: 15070K(32256K)->14416K(30720K)
[9705.728s][info ][gc,heap        ] GC(219) ParOldGen: 409594K(570368K)->409674K(570368K)
[9705.728s][info ][gc,metaspace   ] GC(219) Metaspace: 80308K(81216K)->80308K(81216K) NonClass: 69140K(69568K)->69140K(69568K) Class: 11167K(11648K)->11167K(11648K)
[9705.728s][info ][gc             ] GC(219) Pause Young (Allocation Failure) 2398M->414M(2576M) 5.626ms
[9705.728s][info ][gc,cpu         ] GC(219) User=0.02s Sys=0.00s Real=0.01s
[9705.728s][info ][safepoint      ] Safepoint "ParallelGCFailedAllocation", Time since last: 8832921591 ns, Reaching safepoint: 41200 ns, At safepoint: 5695888 ns, Total: 5737088 ns
[9714.729s][info ][safepoint      ] Safepoint "Cleanup", Time since last: 9000544917 ns, Reaching safepoint: 39400 ns, At safepoint: 2600 ns, Total: 42000 ns
[9715.729s][info ][safepoint      ] Safepoint "Cleanup", Time since last: 1000099835 ns, Reaching safepoint: 24700 ns, At safepoint: 2700 ns, Total: 27400 ns
[9730.730s][info ][safepoint      ] Safepoint "Cleanup", Time since last: 15000964902 ns, Reaching safepoint: 47000 ns, At safepoint: 5700 ns, Total: 52700 ns
[9740.731s][info ][safepoint      ] Safepoint "Cleanup", Time since last: 10000647818 ns, Reaching safepoint: 36600 ns, At safepoint: 2800 ns, Total: 39400 ns
[9743.731s][info ][safepoint      ] Safepoint "Cleanup", Time since last: 3000232193 ns, Reaching safepoint: 40700 ns, At safepoint: 3100 ns, Total: 43800 ns
[9753.464s][info ][gc,start       ] GC(220) Pause Young (Allocation Failure)
[9753.471s][debug][gc,phases      ] GC(220) Scavenge 6.248ms
[9753.471s][debug][gc,ref         ] GC(220) Skipped phase 1 of Reference Processing: no references
[9753.471s][debug][gc,ref         ] GC(220) ReferenceProcessor::execute queues: 1, RefProcThreadModel::Single, marks_oops_alive: false
[9753.471s][debug][gc,ref         ] GC(220) Skipped phase 3 of Reference Processing: no references
[9753.471s][debug][gc,ref         ] GC(220) ReferenceProcessor::execute queues: 1, RefProcThreadModel::Single, marks_oops_alive: false
[9753.471s][debug][gc,phases      ] GC(220) Reference Processing 0.100ms
[9753.471s][debug][gc,phases      ] GC(220)   VM Weak                        Min:  0.0, Avg:  0.0, Max:  0.0, Diff:  0.0, Sum:  0.0, Workers: 4
[9753.471s][debug][gc,phases      ] GC(220)     Dead                           Min: 0, Avg:  0.0, Max: 0, Diff: 0, Sum: 0, Workers: 4
[9753.471s][debug][gc,phases      ] GC(220)     Total                          Min: 0, Avg: 154.8, Max: 619, Diff: 619, Sum: 619, Workers: 4
[9753.471s][debug][gc,phases      ] GC(220)   ObjectSynchronizer Weak        Min:  0.0, Avg:  0.0, Max:  0.0, Diff:  0.0, Sum:  0.0, Workers: 4
[9753.471s][debug][gc,phases      ] GC(220)     Dead                           Min: 0, Avg:  0.0, Max: 0, Diff: 0, Sum: 0, Workers: 4
[9753.471s][debug][gc,phases      ] GC(220)     Total                          Min: 0, Avg: 11.2, Max: 45, Diff: 45, Sum: 45, Workers: 4
[9753.471s][debug][gc,phases      ] GC(220)   JVMTI Tag Weak OopStorage      Min:  0.0, Avg:  0.0, Max:  0.0, Diff:  0.0, Sum:  0.0, Workers: 4
[9753.471s][debug][gc,phases      ] GC(220)     Dead                           Min: 0, Avg:  0.0, Max: 0, Diff: 0, Sum: 0, Workers: 4
[9753.471s][debug][gc,phases      ] GC(220)     Total                          Min: 0, Avg:  0.0, Max: 0, Diff: 0, Sum: 0, Workers: 4
[9753.471s][debug][gc,phases      ] GC(220)   StringTable Weak               Min:  0.1, Avg:  0.1, Max:  0.1, Diff:  0.0, Sum:  0.4, Workers: 4
[9753.471s][debug][gc,phases      ] GC(220)     Dead                           Min: 0, Avg:  0.0, Max: 0, Diff: 0, Sum: 0, Workers: 4
[9753.471s][debug][gc,phases      ] GC(220)     Total                          Min: 9408, Avg: 10736.2, Max: 12608, Diff: 3200, Sum: 42945, Workers: 4
[9753.471s][debug][gc,phases      ] GC(220)   ResolvedMethodTable Weak       Min:  0.0, Avg:  0.0, Max:  0.0, Diff:  0.0, Sum:  0.1, Workers: 4
[9753.471s][debug][gc,phases      ] GC(220)     Dead                           Min: 0, Avg:  0.0, Max: 0, Diff: 0, Sum: 0, Workers: 4
[9753.471s][debug][gc,phases      ] GC(220)     Total                          Min: 2069, Avg: 2181.2, Max: 2368, Diff: 299, Sum: 8725, Workers: 4
[9753.471s][debug][gc,phases      ] GC(220)   JNI Weak                       Min:  0.0, Avg:  0.0, Max:  0.0, Diff:  0.0, Sum:  0.0, Workers: 4
[9753.471s][debug][gc,phases      ] GC(220)     Dead                           Min: 0, Avg:  0.0, Max: 0, Diff: 0, Sum: 0, Workers: 4
[9753.471s][debug][gc,phases      ] GC(220)     Total                          Min: 0, Avg: 11.2, Max: 45, Diff: 45, Sum: 45, Workers: 4
[9753.471s][debug][gc,phases      ] GC(220)   StringDedup Table Weak         Min:  0.0, Avg:  0.0, Max:  0.0, Diff:  0.0, Sum:  0.0, Workers: 4
[9753.471s][debug][gc,phases      ] GC(220)     Dead                           Min: 0, Avg:  0.0, Max: 0, Diff: 0, Sum: 0, Workers: 4
[9753.471s][debug][gc,phases      ] GC(220)     Total                          Min: 0, Avg:  0.0, Max: 0, Diff: 0, Sum: 0, Workers: 4
[9753.471s][debug][gc,phases      ] GC(220)   StringDedup Requests0 Weak     Min:  0.0, Avg:  0.0, Max:  0.0, Diff:  0.0, Sum:  0.0, Workers: 4
[9753.471s][debug][gc,phases      ] GC(220)     Dead                           Min: 0, Avg:  0.0, Max: 0, Diff: 0, Sum: 0, Workers: 4
[9753.471s][debug][gc,phases      ] GC(220)     Total                          Min: 0, Avg:  0.0, Max: 0, Diff: 0, Sum: 0, Workers: 4
[9753.471s][debug][gc,phases      ] GC(220)   StringDedup Requests1 Weak     Min:  0.0, Avg:  0.0, Max:  0.0, Diff:  0.0, Sum:  0.0, Workers: 4
[9753.471s][debug][gc,phases      ] GC(220)     Dead                           Min: 0, Avg:  0.0, Max: 0, Diff: 0, Sum: 0, Workers: 4
[9753.471s][debug][gc,phases      ] GC(220)     Total                          Min: 0, Avg:  0.0, Max: 0, Diff: 0, Sum: 0, Workers: 4
[9753.471s][debug][gc,phases      ] GC(220)   Weak JFR Old Object Samples    Min:  0.0, Avg:  0.0, Max:  0.0, Diff:  0.0, Sum:  0.0, Workers: 4
[9753.471s][debug][gc,phases      ] GC(220)     Dead                           Min: 0, Avg:  0.0, Max: 0, Diff: 0, Sum: 0, Workers: 4
[9753.471s][debug][gc,phases      ] GC(220)     Total                          Min: 0, Avg:  0.0, Max: 0, Diff: 0, Sum: 0, Workers: 4
[9753.471s][debug][gc,phases      ] GC(220) Weak Processing 0.294ms
[9753.471s][debug][gc,age         ] GC(220) Desired survivor size 28311552 bytes, new threshold 15 (max threshold 15)
[9753.471s][info ][gc,heap        ] GC(220) PSYoungGen: 2051664K(2067968K)->14304K(2066432K) Eden: 2037248K(2037248K)->0K(2037248K) From: 14416K(30720K)->14304K(29184K)
[9753.471s][info ][gc,heap        ] GC(220) ParOldGen: 409674K(570368K)->409790K(570368K)
[9753.471s][info ][gc,metaspace   ] GC(220) Metaspace: 80312K(81216K)->80312K(81216K) NonClass: 69144K(69568K)->69144K(69568K) Class: 11167K(11648K)->11167K(11648K)
[9753.471s][info ][gc             ] GC(220) Pause Young (Allocation Failure) 2403M->414M(2575M) 6.741ms
[9753.471s][info ][gc,cpu         ] GC(220) User=0.02s Sys=0.00s Real=0.01s
[9753.471s][info ][safepoint      ] Safepoint "ParallelGCFailedAllocation", Time since last: 9733258481 ns, Reaching safepoint: 41000 ns, At safepoint: 6806785 ns, Total: 6847785 ns
[9760.472s][info ][safepoint      ] Safepoint "Cleanup", Time since last: 7000457004 ns, Reaching safepoint: 48300 ns, At safepoint: 3400 ns, Total: 51700 ns
[9763.472s][info ][safepoint      ] Safepoint "Cleanup", Time since last: 3000148785 ns, Reaching safepoint: 37200 ns, At safepoint: 2200 ns, Total: 39400 ns
[9764.472s][info ][safepoint      ] Safepoint "Cleanup", Time since last: 1000097328 ns, Reaching safepoint: 38500 ns, At safepoint: 12400 ns, Total: 50900 ns
[9765.472s][info ][safepoint      ] Safepoint "Cleanup", Time since last: 1000096628 ns, Reaching safepoint: 30700 ns, At safepoint: 2400 ns, Total: 33100 ns
[9767.472s][info ][safepoint      ] Safepoint "Cleanup", Time since last: 2000174656 ns, Reaching safepoint: 37000 ns, At safepoint: 3500 ns, Total: 40500 ns
[9770.473s][info ][safepoint      ] Safepoint "Cleanup", Time since last: 3000196982 ns, Reaching safepoint: 37200 ns, At safepoint: 22400 ns, Total: 59600 ns
[9773.473s][info ][safepoint      ] Safepoint "Cleanup", Time since last: 3000221782 ns, Reaching safepoint: 39099 ns, At safepoint: 2600 ns, Total: 41699 ns
[9777.473s][info ][safepoint      ] Safepoint "Cleanup", Time since last: 4000302007 ns, Reaching safepoint: 40000 ns, At safepoint: 2600 ns, Total: 42600 ns
[9782.473s][info ][safepoint      ] Safepoint "Cleanup", Time since last: 5000343031 ns, Reaching safepoint: 28800 ns, At safepoint: 2500 ns, Total: 31300 ns
[9783.474s][info ][safepoint      ] Safepoint "Cleanup", Time since last: 1000098026 ns, Reaching safepoint: 37800 ns, At safepoint: 3700 ns, Total: 41500 ns
[9787.474s][info ][safepoint      ] Safepoint "Cleanup", Time since last: 4000263002 ns, Reaching safepoint: 39400 ns, At safepoint: 4200 ns, Total: 43600 ns
[9796.475s][info ][safepoint      ] Safepoint "Cleanup", Time since last: 9000527823 ns, Reaching safepoint: 110300 ns, At safepoint: 7400 ns, Total: 117700 ns
[9800.475s][info ][safepoint      ] Safepoint "Cleanup", Time since last: 4000323696 ns, Reaching safepoint: 29000 ns, At safepoint: 27399 ns, Total: 56399 ns
[9801.475s][info ][safepoint      ] Safepoint "Cleanup", Time since last: 1000095124 ns, Reaching safepoint: 27800 ns, At safepoint: 2700 ns, Total: 30500 ns
[9803.475s][info ][safepoint      ] Safepoint "Cleanup", Time since last: 2000162247 ns, Reaching safepoint: 33900 ns, At safepoint: 2700 ns, Total: 36600 ns
[9804.475s][info ][safepoint      ] Safepoint "Cleanup", Time since last: 1000105223 ns, Reaching safepoint: 40600 ns, At safepoint: 2900 ns, Total: 43500 ns
[9805.612s][info ][gc,start       ] GC(221) Pause Young (Allocation Failure)
[9805.617s][debug][gc,phases      ] GC(221) Scavenge 5.166ms
[9805.617s][debug][gc,ref         ] GC(221) Skipped phase 1 of Reference Processing: no references
[9805.617s][debug][gc,ref         ] GC(221) ReferenceProcessor::execute queues: 1, RefProcThreadModel::Single, marks_oops_alive: false
[9805.617s][debug][gc,ref         ] GC(221) Skipped phase 3 of Reference Processing: no references
[9805.617s][debug][gc,ref         ] GC(221) ReferenceProcessor::execute queues: 1, RefProcThreadModel::Single, marks_oops_alive: false
[9805.617s][debug][gc,phases      ] GC(221) Reference Processing 0.098ms
[9805.617s][debug][gc,phases      ] GC(221)   VM Weak                        Min:  0.0, Avg:  0.0, Max:  0.0, Diff:  0.0, Sum:  0.0, Workers: 4
[9805.617s][debug][gc,phases      ] GC(221)     Dead                           Min: 0, Avg:  0.0, Max: 0, Diff: 0, Sum: 0, Workers: 4
[9805.617s][debug][gc,phases      ] GC(221)     Total                          Min: 0, Avg: 154.8, Max: 619, Diff: 619, Sum: 619, Workers: 4
[9805.617s][debug][gc,phases      ] GC(221)   ObjectSynchronizer Weak        Min:  0.0, Avg:  0.0, Max:  0.0, Diff:  0.0, Sum:  0.0, Workers: 4
[9805.617s][debug][gc,phases      ] GC(221)     Dead                           Min: 0, Avg:  0.0, Max: 0, Diff: 0, Sum: 0, Workers: 4
[9805.617s][debug][gc,phases      ] GC(221)     Total                          Min: 0, Avg: 11.2, Max: 45, Diff: 45, Sum: 45, Workers: 4
[9805.617s][debug][gc,phases      ] GC(221)   JVMTI Tag Weak OopStorage      Min:  0.0, Avg:  0.0, Max:  0.0, Diff:  0.0, Sum:  0.0, Workers: 4
[9805.617s][debug][gc,phases      ] GC(221)     Dead                           Min: 0, Avg:  0.0, Max: 0, Diff: 0, Sum: 0, Workers: 4
[9805.617s][debug][gc,phases      ] GC(221)     Total                          Min: 0, Avg:  0.0, Max: 0, Diff: 0, Sum: 0, Workers: 4
[9805.617s][debug][gc,phases      ] GC(221)   StringTable Weak               Min:  0.1, Avg:  0.1, Max:  0.1, Diff:  0.0, Sum:  0.4, Workers: 4
[9805.618s][debug][gc,phases      ] GC(221)     Dead                           Min: 0, Avg:  0.0, Max: 0, Diff: 0, Sum: 0, Workers: 4
[9805.618s][debug][gc,phases      ] GC(221)     Total                          Min: 9344, Avg: 10736.2, Max: 11520, Diff: 2176, Sum: 42945, Workers: 4
[9805.618s][debug][gc,phases      ] GC(221)   ResolvedMethodTable Weak       Min:  0.0, Avg:  0.0, Max:  0.0, Diff:  0.0, Sum:  0.1, Workers: 4
[9805.618s][debug][gc,phases      ] GC(221)     Dead                           Min: 0, Avg:  0.0, Max: 0, Diff: 0, Sum: 0, Workers: 4
[9805.618s][debug][gc,phases      ] GC(221)     Total                          Min: 2005, Avg: 2181.2, Max: 2304, Diff: 299, Sum: 8725, Workers: 4
[9805.618s][debug][gc,phases      ] GC(221)   JNI Weak                       Min:  0.0, Avg:  0.0, Max:  0.0, Diff:  0.0, Sum:  0.0, Workers: 4
[9805.618s][debug][gc,phases      ] GC(221)     Dead                           Min: 0, Avg:  0.0, Max: 0, Diff: 0, Sum: 0, Workers: 4
[9805.618s][debug][gc,phases      ] GC(221)     Total                          Min: 0, Avg: 11.2, Max: 45, Diff: 45, Sum: 45, Workers: 4
[9805.618s][debug][gc,phases      ] GC(221)   StringDedup Table Weak         Min:  0.0, Avg:  0.0, Max:  0.0, Diff:  0.0, Sum:  0.0, Workers: 4
[9805.618s][debug][gc,phases      ] GC(221)     Dead                           Min: 0, Avg:  0.0, Max: 0, Diff: 0, Sum: 0, Workers: 4
[9805.618s][debug][gc,phases      ] GC(221)     Total                          Min: 0, Avg:  0.0, Max: 0, Diff: 0, Sum: 0, Workers: 4
[9805.618s][debug][gc,phases      ] GC(221)   StringDedup Requests0 Weak     Min:  0.0, Avg:  0.0, Max:  0.0, Diff:  0.0, Sum:  0.0, Workers: 4
[9805.618s][debug][gc,phases      ] GC(221)     Dead                           Min: 0, Avg:  0.0, Max: 0, Diff: 0, Sum: 0, Workers: 4
[9805.618s][debug][gc,phases      ] GC(221)     Total                          Min: 0, Avg:  0.0, Max: 0, Diff: 0, Sum: 0, Workers: 4
[9805.618s][debug][gc,phases      ] GC(221)   StringDedup Requests1 Weak     Min:  0.0, Avg:  0.0, Max:  0.0, Diff:  0.0, Sum:  0.0, Workers: 4
[9805.618s][debug][gc,phases      ] GC(221)     Dead                           Min: 0, Avg:  0.0, Max: 0, Diff: 0, Sum: 0, Workers: 4
[9805.618s][debug][gc,phases      ] GC(221)     Total                          Min: 0, Avg:  0.0, Max: 0, Diff: 0, Sum: 0, Workers: 4
[9805.618s][debug][gc,phases      ] GC(221)   Weak JFR Old Object Samples    Min:  0.0, Avg:  0.0, Max:  0.0, Diff:  0.0, Sum:  0.0, Workers: 4
[9805.618s][debug][gc,phases      ] GC(221)     Dead                           Min: 0, Avg:  0.0, Max: 0, Diff: 0, Sum: 0, Workers: 4
[9805.618s][debug][gc,phases      ] GC(221)     Total                          Min: 0, Avg:  0.0, Max: 0, Diff: 0, Sum: 0, Workers: 4
[9805.618s][debug][gc,phases      ] GC(221) Weak Processing 0.280ms
[9805.618s][debug][gc,age         ] GC(221) Desired survivor size 27262976 bytes, new threshold 15 (max threshold 15)
[9805.618s][info ][gc,heap        ] GC(221) PSYoungGen: 2051552K(2066432K)->15088K(2070528K) Eden: 2037248K(2037248K)->0K(2042880K) From: 14304K(29184K)->15088K(27648K)
[9805.618s][info ][gc,heap        ] GC(221) ParOldGen: 409790K(570368K)->409846K(570368K)
[9805.618s][info ][gc,metaspace   ] GC(221) Metaspace: 80332K(81216K)->80332K(81216K) NonClass: 69165K(69568K)->69165K(69568K) Class: 11167K(11648K)->11167K(11648K)
[9805.618s][info ][gc             ] GC(221) Pause Young (Allocation Failure) 2403M->414M(2579M) 5.643ms
[9805.618s][info ][gc,cpu         ] GC(221) User=0.02s Sys=0.00s Real=0.00s
[9805.618s][info ][safepoint      ] Safepoint "ParallelGCFailedAllocation", Time since last: 1136404827 ns, Reaching safepoint: 80099 ns, At safepoint: 5711688 ns, Total: 5791787 ns
[9808.618s][info ][safepoint      ] Safepoint "Cleanup", Time since last: 3000162569 ns, Reaching safepoint: 25700 ns, At safepoint: 2400 ns, Total: 28100 ns
[9820.619s][info ][safepoint      ] Safepoint "Cleanup", Time since last: 12000755066 ns, Reaching safepoint: 36700 ns, At safepoint: 2700 ns, Total: 39400 ns
[9823.619s][info ][safepoint      ] Safepoint "Cleanup", Time since last: 3000205164 ns, Reaching safepoint: 30799 ns, At safepoint: 2500 ns, Total: 33299 ns
[9831.619s][info ][safepoint      ] Safepoint "Cleanup", Time since last: 8000476666 ns, Reaching safepoint: 24200 ns, At safepoint: 2300 ns, Total: 26500 ns
[9833.620s][info ][safepoint      ] Safepoint "Cleanup", Time since last: 2000164140 ns, Reaching safepoint: 34700 ns, At safepoint: 2400 ns, Total: 37100 ns
[9853.562s][info ][gc,start       ] GC(222) Pause Young (Allocation Failure)
[9853.567s][debug][gc,phases      ] GC(222) Scavenge 4.876ms
[9853.567s][debug][gc,ref         ] GC(222) Skipped phase 1 of Reference Processing: no references
[9853.567s][debug][gc,ref         ] GC(222) ReferenceProcessor::execute queues: 1, RefProcThreadModel::Single, marks_oops_alive: false
[9853.567s][debug][gc,ref         ] GC(222) Skipped phase 3 of Reference Processing: no references
[9853.567s][debug][gc,ref         ] GC(222) ReferenceProcessor::execute queues: 1, RefProcThreadModel::Single, marks_oops_alive: false
[9853.567s][debug][gc,phases      ] GC(222) Reference Processing 0.092ms
[9853.567s][debug][gc,phases      ] GC(222)   VM Weak                        Min:  0.0, Avg:  0.0, Max:  0.0, Diff:  0.0, Sum:  0.0, Workers: 4
[9853.567s][debug][gc,phases      ] GC(222)     Dead                           Min: 0, Avg:  0.0, Max: 0, Diff: 0, Sum: 0, Workers: 4
[9853.567s][debug][gc,phases      ] GC(222)     Total                          Min: 0, Avg: 154.8, Max: 619, Diff: 619, Sum: 619, Workers: 4
[9853.567s][debug][gc,phases      ] GC(222)   ObjectSynchronizer Weak        Min:  0.0, Avg:  0.0, Max:  0.0, Diff:  0.0, Sum:  0.0, Workers: 4
[9853.567s][debug][gc,phases      ] GC(222)     Dead                           Min: 0, Avg:  0.0, Max: 0, Diff: 0, Sum: 0, Workers: 4
[9853.567s][debug][gc,phases      ] GC(222)     Total                          Min: 0, Avg: 11.2, Max: 45, Diff: 45, Sum: 45, Workers: 4
[9853.567s][debug][gc,phases      ] GC(222)   JVMTI Tag Weak OopStorage      Min:  0.0, Avg:  0.0, Max:  0.0, Diff:  0.0, Sum:  0.0, Workers: 4
[9853.567s][debug][gc,phases      ] GC(222)     Dead                           Min: 0, Avg:  0.0, Max: 0, Diff: 0, Sum: 0, Workers: 4
[9853.567s][debug][gc,phases      ] GC(222)     Total                          Min: 0, Avg:  0.0, Max: 0, Diff: 0, Sum: 0, Workers: 4
[9853.567s][debug][gc,phases      ] GC(222)   StringTable Weak               Min:  0.1, Avg:  0.1, Max:  0.1, Diff:  0.0, Sum:  0.4, Workers: 4
[9853.567s][debug][gc,phases      ] GC(222)     Dead                           Min: 0, Avg:  0.0, Max: 0, Diff: 0, Sum: 0, Workers: 4
[9853.567s][debug][gc,phases      ] GC(222)     Total                          Min: 9600, Avg: 10736.2, Max: 11264, Diff: 1664, Sum: 42945, Workers: 4
[9853.567s][debug][gc,phases      ] GC(222)   ResolvedMethodTable Weak       Min:  0.0, Avg:  0.0, Max:  0.0, Diff:  0.0, Sum:  0.1, Workers: 4
[9853.567s][debug][gc,phases      ] GC(222)     Dead                           Min: 0, Avg:  0.0, Max: 0, Diff: 0, Sum: 0, Workers: 4
[9853.567s][debug][gc,phases      ] GC(222)     Total                          Min: 2048, Avg: 2181.2, Max: 2432, Diff: 384, Sum: 8725, Workers: 4
[9853.567s][debug][gc,phases      ] GC(222)   JNI Weak                       Min:  0.0, Avg:  0.0, Max:  0.0, Diff:  0.0, Sum:  0.0, Workers: 4
[9853.567s][debug][gc,phases      ] GC(222)     Dead                           Min: 0, Avg:  0.0, Max: 0, Diff: 0, Sum: 0, Workers: 4
[9853.567s][debug][gc,phases      ] GC(222)     Total                          Min: 0, Avg: 11.2, Max: 45, Diff: 45, Sum: 45, Workers: 4
[9853.567s][debug][gc,phases      ] GC(222)   StringDedup Table Weak         Min:  0.0, Avg:  0.0, Max:  0.0, Diff:  0.0, Sum:  0.0, Workers: 4
[9853.567s][debug][gc,phases      ] GC(222)     Dead                           Min: 0, Avg:  0.0, Max: 0, Diff: 0, Sum: 0, Workers: 4
[9853.567s][debug][gc,phases      ] GC(222)     Total                          Min: 0, Avg:  0.0, Max: 0, Diff: 0, Sum: 0, Workers: 4
[9853.567s][debug][gc,phases      ] GC(222)   StringDedup Requests0 Weak     Min:  0.0, Avg:  0.0, Max:  0.0, Diff:  0.0, Sum:  0.0, Workers: 4
[9853.567s][debug][gc,phases      ] GC(222)     Dead                           Min: 0, Avg:  0.0, Max: 0, Diff: 0, Sum: 0, Workers: 4
[9853.567s][debug][gc,phases      ] GC(222)     Total                          Min: 0, Avg:  0.0, Max: 0, Diff: 0, Sum: 0, Workers: 4
[9853.567s][debug][gc,phases      ] GC(222)   StringDedup Requests1 Weak     Min:  0.0, Avg:  0.0, Max:  0.0, Diff:  0.0, Sum:  0.0, Workers: 4
[9853.567s][debug][gc,phases      ] GC(222)     Dead                           Min: 0, Avg:  0.0, Max: 0, Diff: 0, Sum: 0, Workers: 4
[9853.567s][debug][gc,phases      ] GC(222)     Total                          Min: 0, Avg:  0.0, Max: 0, Diff: 0, Sum: 0, Workers: 4
[9853.567s][debug][gc,phases      ] GC(222)   Weak JFR Old Object Samples    Min:  0.0, Avg:  0.0, Max:  0.0, Diff:  0.0, Sum:  0.0, Workers: 4
[9853.567s][debug][gc,phases      ] GC(222)     Dead                           Min: 0, Avg:  0.0, Max: 0, Diff: 0, Sum: 0, Workers: 4
[9853.567s][debug][gc,phases      ] GC(222)     Total                          Min: 0, Avg:  0.0, Max: 0, Diff: 0, Sum: 0, Workers: 4
[9853.567s][debug][gc,phases      ] GC(222) Weak Processing 0.273ms
[9853.567s][debug][gc,age         ] GC(222) Desired survivor size 26214400 bytes, new threshold 15 (max threshold 15)
[9853.567s][info ][gc,heap        ] GC(222) PSYoungGen: 2057968K(2070528K)->14720K(2069504K) Eden: 2042880K(2042880K)->0K(2042880K) From: 15088K(27648K)->14720K(26624K)
[9853.567s][info ][gc,heap        ] GC(222) ParOldGen: 409846K(570368K)->409890K(570368K)
[9853.567s][info ][gc,metaspace   ] GC(222) Metaspace: 80340K(81216K)->80340K(81216K) NonClass: 69172K(69568K)->69172K(69568K) Class: 11167K(11648K)->11167K(11648K)
[9853.567s][info ][gc             ] GC(222) Pause Young (Allocation Failure) 2409M->414M(2578M) 5.345ms
[9853.567s][info ][gc,cpu         ] GC(222) User=0.02s Sys=0.00s Real=0.01s
[9853.567s][info ][safepoint      ] Safepoint "ParallelGCFailedAllocation", Time since last: 19942187408 ns, Reaching safepoint: 27200 ns, At safepoint: 5401388 ns, Total: 5428588 ns
[9876.569s][info ][safepoint      ] Safepoint "Cleanup", Time since last: 23001405484 ns, Reaching safepoint: 40100 ns, At safepoint: 3400 ns, Total: 43500 ns
[9881.569s][info ][safepoint      ] Safepoint "Cleanup", Time since last: 5000361676 ns, Reaching safepoint: 44500 ns, At safepoint: 4300 ns, Total: 48800 ns
[9882.569s][info ][safepoint      ] Safepoint "Cleanup", Time since last: 1000102515 ns, Reaching safepoint: 26700 ns, At safepoint: 2600 ns, Total: 29300 ns
[9884.569s][info ][safepoint      ] Safepoint "Cleanup", Time since last: 2000121530 ns, Reaching safepoint: 46300 ns, At safepoint: 2900 ns, Total: 49200 ns
[9888.570s][info ][safepoint      ] Safepoint "Cleanup", Time since last: 4000288758 ns, Reaching safepoint: 45899 ns, At safepoint: 5000 ns, Total: 50899 ns
[9893.570s][info ][safepoint      ] Safepoint "Cleanup", Time since last: 5000359971 ns, Reaching safepoint: 43100 ns, At safepoint: 3700 ns, Total: 46800 ns
[9897.570s][info ][safepoint      ] Safepoint "Cleanup", Time since last: 4000284954 ns, Reaching safepoint: 37400 ns, At safepoint: 3100 ns, Total: 40500 ns
[9902.571s][info ][safepoint      ] Safepoint "Cleanup", Time since last: 5000312366 ns, Reaching safepoint: 47400 ns, At safepoint: 12700 ns, Total: 60100 ns
[9905.571s][info ][safepoint      ] Safepoint "Cleanup", Time since last: 3000236838 ns, Reaching safepoint: 41700 ns, At safepoint: 4900 ns, Total: 46600 ns
[9906.464s][info ][gc,start       ] GC(223) Pause Young (Allocation Failure)
[9906.470s][debug][gc,phases      ] GC(223) Scavenge 5.205ms
[9906.470s][debug][gc,ref         ] GC(223) Skipped phase 1 of Reference Processing: no references
[9906.470s][debug][gc,ref         ] GC(223) ReferenceProcessor::execute queues: 1, RefProcThreadModel::Single, marks_oops_alive: false
[9906.470s][debug][gc,ref         ] GC(223) Skipped phase 3 of Reference Processing: no references
[9906.470s][debug][gc,ref         ] GC(223) ReferenceProcessor::execute queues: 1, RefProcThreadModel::Single, marks_oops_alive: false
[9906.470s][debug][gc,phases      ] GC(223) Reference Processing 0.093ms
[9906.470s][debug][gc,phases      ] GC(223)   VM Weak                        Min:  0.0, Avg:  0.0, Max:  0.0, Diff:  0.0, Sum:  0.0, Workers: 4
[9906.470s][debug][gc,phases      ] GC(223)     Dead                           Min: 0, Avg:  0.0, Max: 0, Diff: 0, Sum: 0, Workers: 4
[9906.470s][debug][gc,phases      ] GC(223)     Total                          Min: 0, Avg: 154.8, Max: 619, Diff: 619, Sum: 619, Workers: 4
[9906.470s][debug][gc,phases      ] GC(223)   ObjectSynchronizer Weak        Min:  0.0, Avg:  0.0, Max:  0.0, Diff:  0.0, Sum:  0.0, Workers: 4
[9906.470s][debug][gc,phases      ] GC(223)     Dead                           Min: 0, Avg:  0.0, Max: 0, Diff: 0, Sum: 0, Workers: 4
[9906.470s][debug][gc,phases      ] GC(223)     Total                          Min: 0, Avg: 11.2, Max: 45, Diff: 45, Sum: 45, Workers: 4
[9906.470s][debug][gc,phases      ] GC(223)   JVMTI Tag Weak OopStorage      Min:  0.0, Avg:  0.0, Max:  0.0, Diff:  0.0, Sum:  0.0, Workers: 4
[9906.470s][debug][gc,phases      ] GC(223)     Dead                           Min: 0, Avg:  0.0, Max: 0, Diff: 0, Sum: 0, Workers: 4
[9906.470s][debug][gc,phases      ] GC(223)     Total                          Min: 0, Avg:  0.0, Max: 0, Diff: 0, Sum: 0, Workers: 4
[9906.470s][debug][gc,phases      ] GC(223)   StringTable Weak               Min:  0.1, Avg:  0.1, Max:  0.1, Diff:  0.0, Sum:  0.4, Workers: 4
[9906.470s][debug][gc,phases      ] GC(223)     Dead                           Min: 0, Avg:  0.0, Max: 0, Diff: 0, Sum: 0, Workers: 4
[9906.470s][debug][gc,phases      ] GC(223)     Total                          Min: 10304, Avg: 10736.2, Max: 11009, Diff: 705, Sum: 42945, Workers: 4
[9906.470s][debug][gc,phases      ] GC(223)   ResolvedMethodTable Weak       Min:  0.0, Avg:  0.0, Max:  0.0, Diff:  0.0, Sum:  0.1, Workers: 4
[9906.470s][debug][gc,phases      ] GC(223)     Dead                           Min: 0, Avg:  0.0, Max: 0, Diff: 0, Sum: 0, Workers: 4
[9906.470s][debug][gc,phases      ] GC(223)     Total                          Min: 2112, Avg: 2181.2, Max: 2240, Diff: 128, Sum: 8725, Workers: 4
[9906.470s][debug][gc,phases      ] GC(223)   JNI Weak                       Min:  0.0, Avg:  0.0, Max:  0.0, Diff:  0.0, Sum:  0.0, Workers: 4
[9906.470s][debug][gc,phases      ] GC(223)     Dead                           Min: 0, Avg:  0.0, Max: 0, Diff: 0, Sum: 0, Workers: 4
[9906.470s][debug][gc,phases      ] GC(223)     Total                          Min: 0, Avg: 11.2, Max: 45, Diff: 45, Sum: 45, Workers: 4
[9906.470s][debug][gc,phases      ] GC(223)   StringDedup Table Weak         Min:  0.0, Avg:  0.0, Max:  0.0, Diff:  0.0, Sum:  0.0, Workers: 4
[9906.470s][debug][gc,phases      ] GC(223)     Dead                           Min: 0, Avg:  0.0, Max: 0, Diff: 0, Sum: 0, Workers: 4
[9906.470s][debug][gc,phases      ] GC(223)     Total                          Min: 0, Avg:  0.0, Max: 0, Diff: 0, Sum: 0, Workers: 4
[9906.470s][debug][gc,phases      ] GC(223)   StringDedup Requests0 Weak     Min:  0.0, Avg:  0.0, Max:  0.0, Diff:  0.0, Sum:  0.0, Workers: 4
[9906.470s][debug][gc,phases      ] GC(223)     Dead                           Min: 0, Avg:  0.0, Max: 0, Diff: 0, Sum: 0, Workers: 4
[9906.470s][debug][gc,phases      ] GC(223)     Total                          Min: 0, Avg:  0.0, Max: 0, Diff: 0, Sum: 0, Workers: 4
[9906.470s][debug][gc,phases      ] GC(223)   StringDedup Requests1 Weak     Min:  0.0, Avg:  0.0, Max:  0.0, Diff:  0.0, Sum:  0.0, Workers: 4
[9906.470s][debug][gc,phases      ] GC(223)     Dead                           Min: 0, Avg:  0.0, Max: 0, Diff: 0, Sum: 0, Workers: 4
[9906.470s][debug][gc,phases      ] GC(223)     Total                          Min: 0, Avg:  0.0, Max: 0, Diff: 0, Sum: 0, Workers: 4
[9906.470s][debug][gc,phases      ] GC(223)   Weak JFR Old Object Samples    Min:  0.0, Avg:  0.0, Max:  0.0, Diff:  0.0, Sum:  0.0, Workers: 4
[9906.470s][debug][gc,phases      ] GC(223)     Dead                           Min: 0, Avg:  0.0, Max: 0, Diff: 0, Sum: 0, Workers: 4
[9906.470s][debug][gc,phases      ] GC(223)     Total                          Min: 0, Avg:  0.0, Max: 0, Diff: 0, Sum: 0, Workers: 4
[9906.470s][debug][gc,phases      ] GC(223) Weak Processing 0.293ms
[9906.470s][debug][gc,age         ] GC(223) Desired survivor size 25165824 bytes, new threshold 15 (max threshold 15)
[9906.470s][info ][gc,heap        ] GC(223) PSYoungGen: 2057600K(2069504K)->14720K(2072576K) Eden: 2042880K(2042880K)->0K(2046976K) From: 14720K(26624K)->14720K(25600K)
[9906.470s][info ][gc,heap        ] GC(223) ParOldGen: 409890K(570368K)->409930K(570368K)
[9906.470s][info ][gc,metaspace   ] GC(223) Metaspace: 80350K(81216K)->80350K(81216K) NonClass: 69182K(69568K)->69182K(69568K) Class: 11167K(11648K)->11167K(11648K)
[9906.470s][info ][gc             ] GC(223) Pause Young (Allocation Failure) 2409M->414M(2581M) 5.705ms
[9906.470s][info ][gc,cpu         ] GC(223) User=0.02s Sys=0.01s Real=0.01s
[9906.470s][info ][safepoint      ] Safepoint "ParallelGCFailedAllocation", Time since last: 893357646 ns, Reaching safepoint: 30100 ns, At safepoint: 5780188 ns, Total: 5810288 ns
[9923.471s][info ][safepoint      ] Safepoint "Cleanup", Time since last: 17000948101 ns, Reaching safepoint: 40199 ns, At safepoint: 3800 ns, Total: 43999 ns
[9926.472s][info ][safepoint      ] Safepoint "Cleanup", Time since last: 3000264633 ns, Reaching safepoint: 44200 ns, At safepoint: 2400 ns, Total: 46600 ns
[9930.472s][info ][safepoint      ] Safepoint "Cleanup", Time since last: 4000290542 ns, Reaching safepoint: 28300 ns, At safepoint: 2400 ns, Total: 30700 ns
[9966.611s][info ][gc,start       ] GC(224) Pause Young (Allocation Failure)
[9966.617s][debug][gc,phases      ] GC(224) Scavenge 6.123ms
[9966.617s][debug][gc,ref         ] GC(224) Skipped phase 1 of Reference Processing: no references
[9966.617s][debug][gc,ref         ] GC(224) ReferenceProcessor::execute queues: 1, RefProcThreadModel::Single, marks_oops_alive: false
[9966.617s][debug][gc,ref         ] GC(224) Skipped phase 3 of Reference Processing: no references
[9966.617s][debug][gc,ref         ] GC(224) ReferenceProcessor::execute queues: 1, RefProcThreadModel::Single, marks_oops_alive: false
[9966.617s][debug][gc,phases      ] GC(224) Reference Processing 0.091ms
[9966.618s][debug][gc,phases      ] GC(224)   VM Weak                        Min:  0.0, Avg:  0.0, Max:  0.0, Diff:  0.0, Sum:  0.0, Workers: 4
[9966.618s][debug][gc,phases      ] GC(224)     Dead                           Min: 0, Avg:  0.0, Max: 0, Diff: 0, Sum: 0, Workers: 4
[9966.618s][debug][gc,phases      ] GC(224)     Total                          Min: 0, Avg: 154.8, Max: 456, Diff: 456, Sum: 619, Workers: 4
[9966.618s][debug][gc,phases      ] GC(224)   ObjectSynchronizer Weak        Min:  0.0, Avg:  0.0, Max:  0.0, Diff:  0.0, Sum:  0.0, Workers: 4
[9966.618s][debug][gc,phases      ] GC(224)     Dead                           Min: 0, Avg:  0.0, Max: 0, Diff: 0, Sum: 0, Workers: 4
[9966.618s][debug][gc,phases      ] GC(224)     Total                          Min: 0, Avg: 11.2, Max: 45, Diff: 45, Sum: 45, Workers: 4
[9966.618s][debug][gc,phases      ] GC(224)   JVMTI Tag Weak OopStorage      Min:  0.0, Avg:  0.0, Max:  0.0, Diff:  0.0, Sum:  0.0, Workers: 4
[9966.618s][debug][gc,phases      ] GC(224)     Dead                           Min: 0, Avg:  0.0, Max: 0, Diff: 0, Sum: 0, Workers: 4
[9966.618s][debug][gc,phases      ] GC(224)     Total                          Min: 0, Avg:  0.0, Max: 0, Diff: 0, Sum: 0, Workers: 4
[9966.618s][debug][gc,phases      ] GC(224)   StringTable Weak               Min:  0.1, Avg:  0.1, Max:  0.1, Diff:  0.0, Sum:  0.4, Workers: 4
[9966.618s][debug][gc,phases      ] GC(224)     Dead                           Min: 0, Avg:  0.0, Max: 0, Diff: 0, Sum: 0, Workers: 4
[9966.618s][debug][gc,phases      ] GC(224)     Total                          Min: 9984, Avg: 10736.2, Max: 12416, Diff: 2432, Sum: 42945, Workers: 4
[9966.618s][debug][gc,phases      ] GC(224)   ResolvedMethodTable Weak       Min:  0.0, Avg:  0.0, Max:  0.0, Diff:  0.0, Sum:  0.1, Workers: 4
[9966.618s][debug][gc,phases      ] GC(224)     Dead                           Min: 0, Avg:  0.0, Max: 0, Diff: 0, Sum: 0, Workers: 4
[9966.618s][debug][gc,phases      ] GC(224)     Total                          Min: 2133, Avg: 2181.2, Max: 2240, Diff: 107, Sum: 8725, Workers: 4
[9966.618s][debug][gc,phases      ] GC(224)   JNI Weak                       Min:  0.0, Avg:  0.0, Max:  0.0, Diff:  0.0, Sum:  0.0, Workers: 4
[9966.618s][debug][gc,phases      ] GC(224)     Dead                           Min: 0, Avg:  0.0, Max: 0, Diff: 0, Sum: 0, Workers: 4
[9966.618s][debug][gc,phases      ] GC(224)     Total                          Min: 0, Avg: 11.2, Max: 45, Diff: 45, Sum: 45, Workers: 4
[9966.618s][debug][gc,phases      ] GC(224)   StringDedup Table Weak         Min:  0.0, Avg:  0.0, Max:  0.0, Diff:  0.0, Sum:  0.0, Workers: 4
[9966.618s][debug][gc,phases      ] GC(224)     Dead                           Min: 0, Avg:  0.0, Max: 0, Diff: 0, Sum: 0, Workers: 4
[9966.618s][debug][gc,phases      ] GC(224)     Total                          Min: 0, Avg:  0.0, Max: 0, Diff: 0, Sum: 0, Workers: 4
[9966.618s][debug][gc,phases      ] GC(224)   StringDedup Requests0 Weak     Min:  0.0, Avg:  0.0, Max:  0.0, Diff:  0.0, Sum:  0.0, Workers: 4
[9966.618s][debug][gc,phases      ] GC(224)     Dead                           Min: 0, Avg:  0.0, Max: 0, Diff: 0, Sum: 0, Workers: 4
[9966.618s][debug][gc,phases      ] GC(224)     Total                          Min: 0, Avg:  0.0, Max: 0, Diff: 0, Sum: 0, Workers: 4
[9966.618s][debug][gc,phases      ] GC(224)   StringDedup Requests1 Weak     Min:  0.0, Avg:  0.0, Max:  0.0, Diff:  0.0, Sum:  0.0, Workers: 4
[9966.618s][debug][gc,phases      ] GC(224)     Dead                           Min: 0, Avg:  0.0, Max: 0, Diff: 0, Sum: 0, Workers: 4
[9966.618s][debug][gc,phases      ] GC(224)     Total                          Min: 0, Avg:  0.0, Max: 0, Diff: 0, Sum: 0, Workers: 4
[9966.618s][debug][gc,phases      ] GC(224)   Weak JFR Old Object Samples    Min:  0.0, Avg:  0.0, Max:  0.0, Diff:  0.0, Sum:  0.0, Workers: 4
[9966.618s][debug][gc,phases      ] GC(224)     Dead                           Min: 0, Avg:  0.0, Max: 0, Diff: 0, Sum: 0, Workers: 4
[9966.618s][debug][gc,phases      ] GC(224)     Total                          Min: 0, Avg:  0.0, Max: 0, Diff: 0, Sum: 0, Workers: 4
[9966.618s][debug][gc,phases      ] GC(224) Weak Processing 0.269ms
[9966.618s][debug][gc,age         ] GC(224) Desired survivor size 24117248 bytes, new threshold 15 (max threshold 15)
[9966.618s][info ][gc,heap        ] GC(224) PSYoungGen: 2061696K(2072576K)->14656K(2071552K) Eden: 2046976K(2046976K)->0K(2046976K) From: 14720K(25600K)->14656K(24576K)
[9966.618s][info ][gc,heap        ] GC(224) ParOldGen: 409930K(570368K)->409954K(570368K)
[9966.618s][info ][gc,metaspace   ] GC(224) Metaspace: 80353K(81216K)->80353K(81216K) NonClass: 69186K(69568K)->69186K(69568K) Class: 11167K(11648K)->11167K(11648K)
[9966.618s][info ][gc             ] GC(224) Pause Young (Allocation Failure) 2413M->414M(2580M) 6.580ms
[9966.618s][info ][gc,cpu         ] GC(224) User=0.01s Sys=0.00s Real=0.00s
[9966.618s][info ][safepoint      ] Safepoint "ParallelGCFailedAllocation", Time since last: 36139189625 ns, Reaching safepoint: 96499 ns, At safepoint: 6656048 ns, Total: 6752547 ns
[9982.619s][info ][safepoint      ] Safepoint "Cleanup", Time since last: 16001045406 ns, Reaching safepoint: 44800 ns, At safepoint: 3000 ns, Total: 47800 ns
[9986.619s][info ][safepoint      ] Safepoint "Cleanup", Time since last: 4000300431 ns, Reaching safepoint: 45799 ns, At safepoint: 4200 ns, Total: 49999 ns
[9991.620s][info ][safepoint      ] Safepoint "Cleanup", Time since last: 5000359873 ns, Reaching safepoint: 35300 ns, At safepoint: 2400 ns, Total: 37700 ns
[9997.620s][info ][safepoint      ] Safepoint "Cleanup", Time since last: 6000424353 ns, Reaching safepoint: 41100 ns, At safepoint: 4300 ns, Total: 45400 ns
[10002.621s][info ][safepoint      ] Safepoint "Cleanup", Time since last: 5000347778 ns, Reaching safepoint: 47000 ns, At safepoint: 3500 ns, Total: 50500 ns
[10022.622s][info ][safepoint      ] Safepoint "Cleanup", Time since last: 20001209056 ns, Reaching safepoint: 36400 ns, At safepoint: 5500 ns, Total: 41900 ns
[10024.622s][info ][safepoint      ] Safepoint "Cleanup", Time since last: 2000162169 ns, Reaching safepoint: 93899 ns, At safepoint: 7400 ns, Total: 101299 ns
[10025.163s][info ][gc,start       ] GC(225) Pause Young (Allocation Failure)
[10025.168s][debug][gc,phases      ] GC(225) Scavenge 5.443ms
[10025.168s][debug][gc,ref         ] GC(225) Skipped phase 1 of Reference Processing: no references
[10025.168s][debug][gc,ref         ] GC(225) ReferenceProcessor::execute queues: 1, RefProcThreadModel::Single, marks_oops_alive: false
[10025.168s][debug][gc,ref         ] GC(225) Skipped phase 3 of Reference Processing: no references
[10025.168s][debug][gc,ref         ] GC(225) ReferenceProcessor::execute queues: 1, RefProcThreadModel::Single, marks_oops_alive: false
[10025.168s][debug][gc,phases      ] GC(225) Reference Processing 0.083ms
[10025.168s][debug][gc,phases      ] GC(225)   VM Weak                        Min:  0.0, Avg:  0.0, Max:  0.0, Diff:  0.0, Sum:  0.0, Workers: 4
[10025.168s][debug][gc,phases      ] GC(225)     Dead                           Min: 0, Avg:  0.0, Max: 0, Diff: 0, Sum: 0, Workers: 4
[10025.168s][debug][gc,phases      ] GC(225)     Total                          Min: 0, Avg: 154.8, Max: 619, Diff: 619, Sum: 619, Workers: 4
[10025.168s][debug][gc,phases      ] GC(225)   ObjectSynchronizer Weak        Min:  0.0, Avg:  0.0, Max:  0.0, Diff:  0.0, Sum:  0.0, Workers: 4
[10025.168s][debug][gc,phases      ] GC(225)     Dead                           Min: 0, Avg:  0.0, Max: 0, Diff: 0, Sum: 0, Workers: 4
[10025.168s][debug][gc,phases      ] GC(225)     Total                          Min: 0, Avg: 11.2, Max: 45, Diff: 45, Sum: 45, Workers: 4
[10025.168s][debug][gc,phases      ] GC(225)   JVMTI Tag Weak OopStorage      Min:  0.0, Avg:  0.0, Max:  0.0, Diff:  0.0, Sum:  0.0, Workers: 4
[10025.168s][debug][gc,phases      ] GC(225)     Dead                           Min: 0, Avg:  0.0, Max: 0, Diff: 0, Sum: 0, Workers: 4
[10025.168s][debug][gc,phases      ] GC(225)     Total                          Min: 0, Avg:  0.0, Max: 0, Diff: 0, Sum: 0, Workers: 4
[10025.168s][debug][gc,phases      ] GC(225)   StringTable Weak               Min:  0.1, Avg:  0.1, Max:  0.1, Diff:  0.0, Sum:  0.3, Workers: 4
[10025.168s][debug][gc,phases      ] GC(225)     Dead                           Min: 0, Avg:  0.0, Max: 0, Diff: 0, Sum: 0, Workers: 4
[10025.168s][debug][gc,phases      ] GC(225)     Total                          Min: 9856, Avg: 10736.2, Max: 11329, Diff: 1473, Sum: 42945, Workers: 4
[10025.168s][debug][gc,phases      ] GC(225)   ResolvedMethodTable Weak       Min:  0.0, Avg:  0.0, Max:  0.0, Diff:  0.0, Sum:  0.1, Workers: 4
[10025.168s][debug][gc,phases      ] GC(225)     Dead                           Min: 0, Avg:  0.0, Max: 0, Diff: 0, Sum: 0, Workers: 4
[10025.168s][debug][gc,phases      ] GC(225)     Total                          Min: 1984, Avg: 2181.2, Max: 2304, Diff: 320, Sum: 8725, Workers: 4
[10025.168s][debug][gc,phases      ] GC(225)   JNI Weak                       Min:  0.0, Avg:  0.0, Max:  0.0, Diff:  0.0, Sum:  0.0, Workers: 4
[10025.168s][debug][gc,phases      ] GC(225)     Dead                           Min: 0, Avg:  0.0, Max: 0, Diff: 0, Sum: 0, Workers: 4
[10025.168s][debug][gc,phases      ] GC(225)     Total                          Min: 0, Avg: 11.2, Max: 45, Diff: 45, Sum: 45, Workers: 4
[10025.168s][debug][gc,phases      ] GC(225)   StringDedup Table Weak         Min:  0.0, Avg:  0.0, Max:  0.0, Diff:  0.0, Sum:  0.0, Workers: 4
[10025.168s][debug][gc,phases      ] GC(225)     Dead                           Min: 0, Avg:  0.0, Max: 0, Diff: 0, Sum: 0, Workers: 4
[10025.168s][debug][gc,phases      ] GC(225)     Total                          Min: 0, Avg:  0.0, Max: 0, Diff: 0, Sum: 0, Workers: 4
[10025.168s][debug][gc,phases      ] GC(225)   StringDedup Requests0 Weak     Min:  0.0, Avg:  0.0, Max:  0.0, Diff:  0.0, Sum:  0.0, Workers: 4
[10025.168s][debug][gc,phases      ] GC(225)     Dead                           Min: 0, Avg:  0.0, Max: 0, Diff: 0, Sum: 0, Workers: 4
[10025.168s][debug][gc,phases      ] GC(225)     Total                          Min: 0, Avg:  0.0, Max: 0, Diff: 0, Sum: 0, Workers: 4
[10025.168s][debug][gc,phases      ] GC(225)   StringDedup Requests1 Weak     Min:  0.0, Avg:  0.0, Max:  0.0, Diff:  0.0, Sum:  0.0, Workers: 4
[10025.169s][debug][gc,phases      ] GC(225)     Dead                           Min: 0, Avg:  0.0, Max: 0, Diff: 0, Sum: 0, Workers: 4
[10025.169s][debug][gc,phases      ] GC(225)     Total                          Min: 0, Avg:  0.0, Max: 0, Diff: 0, Sum: 0, Workers: 4
[10025.169s][debug][gc,phases      ] GC(225)   Weak JFR Old Object Samples    Min:  0.0, Avg:  0.0, Max:  0.0, Diff:  0.0, Sum:  0.0, Workers: 4
[10025.169s][debug][gc,phases      ] GC(225)     Dead                           Min: 0, Avg:  0.0, Max: 0, Diff: 0, Sum: 0, Workers: 4
[10025.169s][debug][gc,phases      ] GC(225)     Total                          Min: 0, Avg:  0.0, Max: 0, Diff: 0, Sum: 0, Workers: 4
[10025.169s][debug][gc,phases      ] GC(225) Weak Processing 0.261ms
[10025.169s][debug][gc,age         ] GC(225) Desired survivor size 24641536 bytes, new threshold 15 (max threshold 15)
[10025.169s][info ][gc,heap        ] GC(225) PSYoungGen: 2061632K(2071552K)->6928K(2072576K) Eden: 2046976K(2046976K)->0K(2049024K) From: 14656K(24576K)->6928K(23552K)
[10025.169s][info ][gc,heap        ] GC(225) ParOldGen: 409954K(570368K)->418682K(570368K)
[10025.169s][info ][gc,metaspace   ] GC(225) Metaspace: 80361K(81280K)->80361K(81280K) NonClass: 69194K(69632K)->69194K(69632K) Class: 11167K(11648K)->11167K(11648K)
[10025.169s][info ][gc             ] GC(225) Pause Young (Allocation Failure) 2413M->415M(2581M) 5.880ms
[10025.169s][info ][gc,cpu         ] GC(225) User=0.02s Sys=0.00s Real=0.01s
[10025.169s][info ][safepoint      ] Safepoint "ParallelGCFailedAllocation", Time since last: 540577951 ns, Reaching safepoint: 34300 ns, At safepoint: 5937457 ns, Total: 5971757 ns
[10034.169s][info ][safepoint      ] Safepoint "Cleanup", Time since last: 9000564631 ns, Reaching safepoint: 39899 ns, At safepoint: 5000 ns, Total: 44899 ns
[10044.170s][info ][safepoint      ] Safepoint "Cleanup", Time since last: 10000659875 ns, Reaching safepoint: 41400 ns, At safepoint: 22500 ns, Total: 63900 ns
[10068.171s][info ][safepoint      ] Safepoint "Cleanup", Time since last: 24001442892 ns, Reaching safepoint: 40800 ns, At safepoint: 3100 ns, Total: 43900 ns
[10072.172s][info ][safepoint      ] Safepoint "Cleanup", Time since last: 4000257584 ns, Reaching safepoint: 37399 ns, At safepoint: 11600 ns, Total: 48999 ns
[10078.586s][info ][safepoint      ] Safepoint "ParallelGCFailedAllocation", Time since last: 6413916324 ns, Reaching safepoint: 101499 ns, At safepoint: 17000 ns, Total: 118499 ns
[10078.587s][info ][gc,start       ] GC(226) Pause Young (GCLocker Initiated GC)
[10078.593s][debug][gc,phases      ] GC(226) Scavenge 5.445ms
[10078.593s][debug][gc,ref         ] GC(226) Skipped phase 1 of Reference Processing: no references
[10078.593s][debug][gc,ref         ] GC(226) ReferenceProcessor::execute queues: 1, RefProcThreadModel::Single, marks_oops_alive: false
[10078.593s][debug][gc,ref         ] GC(226) Skipped phase 3 of Reference Processing: no references
[10078.593s][debug][gc,ref         ] GC(226) ReferenceProcessor::execute queues: 1, RefProcThreadModel::Single, marks_oops_alive: false
[10078.593s][debug][gc,phases      ] GC(226) Reference Processing 0.096ms
[10078.593s][debug][gc,phases      ] GC(226)   VM Weak                        Min:  0.0, Avg:  0.0, Max:  0.0, Diff:  0.0, Sum:  0.0, Workers: 4
[10078.593s][debug][gc,phases      ] GC(226)     Dead                           Min: 0, Avg:  0.0, Max: 0, Diff: 0, Sum: 0, Workers: 4
[10078.593s][debug][gc,phases      ] GC(226)     Total                          Min: 0, Avg: 154.8, Max: 619, Diff: 619, Sum: 619, Workers: 4
[10078.593s][debug][gc,phases      ] GC(226)   ObjectSynchronizer Weak        Min:  0.0, Avg:  0.0, Max:  0.0, Diff:  0.0, Sum:  0.0, Workers: 4
[10078.593s][debug][gc,phases      ] GC(226)     Dead                           Min: 0, Avg:  0.0, Max: 0, Diff: 0, Sum: 0, Workers: 4
[10078.593s][debug][gc,phases      ] GC(226)     Total                          Min: 0, Avg: 11.2, Max: 45, Diff: 45, Sum: 45, Workers: 4
[10078.593s][debug][gc,phases      ] GC(226)   JVMTI Tag Weak OopStorage      Min:  0.0, Avg:  0.0, Max:  0.0, Diff:  0.0, Sum:  0.0, Workers: 4
[10078.593s][debug][gc,phases      ] GC(226)     Dead                           Min: 0, Avg:  0.0, Max: 0, Diff: 0, Sum: 0, Workers: 4
[10078.593s][debug][gc,phases      ] GC(226)     Total                          Min: 0, Avg:  0.0, Max: 0, Diff: 0, Sum: 0, Workers: 4
[10078.593s][debug][gc,phases      ] GC(226)   StringTable Weak               Min:  0.1, Avg:  0.1, Max:  0.1, Diff:  0.0, Sum:  0.4, Workers: 4
[10078.593s][debug][gc,phases      ] GC(226)     Dead                           Min: 0, Avg:  0.0, Max: 0, Diff: 0, Sum: 0, Workers: 4
[10078.593s][debug][gc,phases      ] GC(226)     Total                          Min: 10240, Avg: 10736.2, Max: 11136, Diff: 896, Sum: 42945, Workers: 4
[10078.593s][debug][gc,phases      ] GC(226)   ResolvedMethodTable Weak       Min:  0.0, Avg:  0.0, Max:  0.0, Diff:  0.0, Sum:  0.1, Workers: 4
[10078.593s][debug][gc,phases      ] GC(226)     Dead                           Min: 0, Avg:  0.0, Max: 0, Diff: 0, Sum: 0, Workers: 4
[10078.593s][debug][gc,phases      ] GC(226)     Total                          Min: 1344, Avg: 2181.2, Max: 2517, Diff: 1173, Sum: 8725, Workers: 4
[10078.593s][debug][gc,phases      ] GC(226)   JNI Weak                       Min:  0.0, Avg:  0.0, Max:  0.0, Diff:  0.0, Sum:  0.0, Workers: 4
[10078.593s][debug][gc,phases      ] GC(226)     Dead                           Min: 0, Avg:  0.0, Max: 0, Diff: 0, Sum: 0, Workers: 4
[10078.593s][debug][gc,phases      ] GC(226)     Total                          Min: 0, Avg: 11.2, Max: 45, Diff: 45, Sum: 45, Workers: 4
[10078.593s][debug][gc,phases      ] GC(226)   StringDedup Table Weak         Min:  0.0, Avg:  0.0, Max:  0.0, Diff:  0.0, Sum:  0.0, Workers: 4
[10078.593s][debug][gc,phases      ] GC(226)     Dead                           Min: 0, Avg:  0.0, Max: 0, Diff: 0, Sum: 0, Workers: 4
[10078.593s][debug][gc,phases      ] GC(226)     Total                          Min: 0, Avg:  0.0, Max: 0, Diff: 0, Sum: 0, Workers: 4
[10078.593s][debug][gc,phases      ] GC(226)   StringDedup Requests0 Weak     Min:  0.0, Avg:  0.0, Max:  0.0, Diff:  0.0, Sum:  0.0, Workers: 4
[10078.593s][debug][gc,phases      ] GC(226)     Dead                           Min: 0, Avg:  0.0, Max: 0, Diff: 0, Sum: 0, Workers: 4
[10078.593s][debug][gc,phases      ] GC(226)     Total                          Min: 0, Avg:  0.0, Max: 0, Diff: 0, Sum: 0, Workers: 4
[10078.593s][debug][gc,phases      ] GC(226)   StringDedup Requests1 Weak     Min:  0.0, Avg:  0.0, Max:  0.0, Diff:  0.0, Sum:  0.0, Workers: 4
[10078.593s][debug][gc,phases      ] GC(226)     Dead                           Min: 0, Avg:  0.0, Max: 0, Diff: 0, Sum: 0, Workers: 4
[10078.593s][debug][gc,phases      ] GC(226)     Total                          Min: 0, Avg:  0.0, Max: 0, Diff: 0, Sum: 0, Workers: 4
[10078.593s][debug][gc,phases      ] GC(226)   Weak JFR Old Object Samples    Min:  0.0, Avg:  0.0, Max:  0.0, Diff:  0.0, Sum:  0.0, Workers: 4
[10078.593s][debug][gc,phases      ] GC(226)     Dead                           Min: 0, Avg:  0.0, Max: 0, Diff: 0, Sum: 0, Workers: 4
[10078.593s][debug][gc,phases      ] GC(226)     Total                          Min: 0, Avg:  0.0, Max: 0, Diff: 0, Sum: 0, Workers: 4
[10078.593s][debug][gc,phases      ] GC(226) Weak Processing 0.268ms
[10078.593s][debug][gc,age         ] GC(226) Desired survivor size 24641536 bytes, new threshold 15 (max threshold 15)
[10078.593s][info ][gc,heap        ] GC(226) PSYoungGen: 2055952K(2072576K)->7768K(2073088K) Eden: 2049024K(2049024K)->0K(2049024K) From: 6928K(23552K)->7768K(24064K)
[10078.593s][info ][gc,heap        ] GC(226) ParOldGen: 418709K(570368K)->418757K(570368K)
[10078.593s][info ][gc,metaspace   ] GC(226) Metaspace: 80364K(81280K)->80364K(81280K) NonClass: 69196K(69632K)->69196K(69632K) Class: 11167K(11648K)->11167K(11648K)
[10078.593s][info ][gc             ] GC(226) Pause Young (GCLocker Initiated GC) 2416M->416M(2581M) 5.885ms
[10078.593s][info ][gc,cpu         ] GC(226) User=0.02s Sys=0.00s Real=0.00s
[10078.593s][info ][safepoint      ] Safepoint "ParallelGCSystemGC", Time since last: 1334991 ns, Reaching safepoint: 90299 ns, At safepoint: 5958959 ns, Total: 6049258 ns
[10087.594s][info ][safepoint      ] Safepoint "Cleanup", Time since last: 9000592448 ns, Reaching safepoint: 42900 ns, At safepoint: 3400 ns, Total: 46300 ns
[10110.595s][info ][safepoint      ] Safepoint "Cleanup", Time since last: 23001412251 ns, Reaching safepoint: 36899 ns, At safepoint: 18700 ns, Total: 55599 ns
[10117.596s][info ][safepoint      ] Safepoint "Cleanup", Time since last: 7000456832 ns, Reaching safepoint: 24400 ns, At safepoint: 2400 ns, Total: 26800 ns
[10132.264s][info ][gc,start       ] GC(227) Pause Young (Allocation Failure)
[10132.269s][debug][gc,phases      ] GC(227) Scavenge 5.142ms
[10132.269s][debug][gc,ref         ] GC(227) Skipped phase 1 of Reference Processing: no references
[10132.270s][debug][gc,ref         ] GC(227) ReferenceProcessor::execute queues: 1, RefProcThreadModel::Single, marks_oops_alive: false
[10132.270s][debug][gc,ref         ] GC(227) Skipped phase 3 of Reference Processing: no references
[10132.270s][debug][gc,ref         ] GC(227) ReferenceProcessor::execute queues: 1, RefProcThreadModel::Single, marks_oops_alive: false
[10132.270s][debug][gc,phases      ] GC(227) Reference Processing 0.101ms
[10132.270s][debug][gc,phases      ] GC(227)   VM Weak                        Min:  0.0, Avg:  0.0, Max:  0.0, Diff:  0.0, Sum:  0.0, Workers: 4
[10132.270s][debug][gc,phases      ] GC(227)     Dead                           Min: 0, Avg:  0.0, Max: 0, Diff: 0, Sum: 0, Workers: 4
[10132.270s][debug][gc,phases      ] GC(227)     Total                          Min: 0, Avg: 154.8, Max: 502, Diff: 502, Sum: 619, Workers: 4
[10132.270s][debug][gc,phases      ] GC(227)   ObjectSynchronizer Weak        Min:  0.0, Avg:  0.0, Max:  0.0, Diff:  0.0, Sum:  0.0, Workers: 4
[10132.270s][debug][gc,phases      ] GC(227)     Dead                           Min: 0, Avg:  0.0, Max: 0, Diff: 0, Sum: 0, Workers: 4
[10132.270s][debug][gc,phases      ] GC(227)     Total                          Min: 0, Avg: 11.2, Max: 45, Diff: 45, Sum: 45, Workers: 4
[10132.270s][debug][gc,phases      ] GC(227)   JVMTI Tag Weak OopStorage      Min:  0.0, Avg:  0.0, Max:  0.0, Diff:  0.0, Sum:  0.0, Workers: 4
[10132.270s][debug][gc,phases      ] GC(227)     Dead                           Min: 0, Avg:  0.0, Max: 0, Diff: 0, Sum: 0, Workers: 4
[10132.270s][debug][gc,phases      ] GC(227)     Total                          Min: 0, Avg:  0.0, Max: 0, Diff: 0, Sum: 0, Workers: 4
[10132.270s][debug][gc,phases      ] GC(227)   StringTable Weak               Min:  0.1, Avg:  0.1, Max:  0.1, Diff:  0.0, Sum:  0.4, Workers: 4
[10132.270s][debug][gc,phases      ] GC(227)     Dead                           Min: 0, Avg:  0.0, Max: 0, Diff: 0, Sum: 0, Workers: 4
[10132.270s][debug][gc,phases      ] GC(227)     Total                          Min: 7040, Avg: 10736.2, Max: 12288, Diff: 5248, Sum: 42945, Workers: 4
[10132.270s][debug][gc,phases      ] GC(227)   ResolvedMethodTable Weak       Min:  0.0, Avg:  0.0, Max:  0.0, Diff:  0.0, Sum:  0.1, Workers: 4
[10132.270s][debug][gc,phases      ] GC(227)     Dead                           Min: 0, Avg:  0.0, Max: 0, Diff: 0, Sum: 0, Workers: 4
[10132.270s][debug][gc,phases      ] GC(227)     Total                          Min: 1216, Avg: 2181.2, Max: 2752, Diff: 1536, Sum: 8725, Workers: 4
[10132.270s][debug][gc,phases      ] GC(227)   JNI Weak                       Min:  0.0, Avg:  0.0, Max:  0.0, Diff:  0.0, Sum:  0.0, Workers: 4
[10132.270s][debug][gc,phases      ] GC(227)     Dead                           Min: 0, Avg:  0.0, Max: 0, Diff: 0, Sum: 0, Workers: 4
[10132.270s][debug][gc,phases      ] GC(227)     Total                          Min: 0, Avg: 11.2, Max: 45, Diff: 45, Sum: 45, Workers: 4
[10132.270s][debug][gc,phases      ] GC(227)   StringDedup Table Weak         Min:  0.0, Avg:  0.0, Max:  0.0, Diff:  0.0, Sum:  0.0, Workers: 4
[10132.270s][debug][gc,phases      ] GC(227)     Dead                           Min: 0, Avg:  0.0, Max: 0, Diff: 0, Sum: 0, Workers: 4
[10132.270s][debug][gc,phases      ] GC(227)     Total                          Min: 0, Avg:  0.0, Max: 0, Diff: 0, Sum: 0, Workers: 4
[10132.270s][debug][gc,phases      ] GC(227)   StringDedup Requests0 Weak     Min:  0.0, Avg:  0.0, Max:  0.0, Diff:  0.0, Sum:  0.0, Workers: 4
[10132.270s][debug][gc,phases      ] GC(227)     Dead                           Min: 0, Avg:  0.0, Max: 0, Diff: 0, Sum: 0, Workers: 4
[10132.270s][debug][gc,phases      ] GC(227)     Total                          Min: 0, Avg:  0.0, Max: 0, Diff: 0, Sum: 0, Workers: 4
[10132.270s][debug][gc,phases      ] GC(227)   StringDedup Requests1 Weak     Min:  0.0, Avg:  0.0, Max:  0.0, Diff:  0.0, Sum:  0.0, Workers: 4
[10132.270s][debug][gc,phases      ] GC(227)     Dead                           Min: 0, Avg:  0.0, Max: 0, Diff: 0, Sum: 0, Workers: 4
[10132.270s][debug][gc,phases      ] GC(227)     Total                          Min: 0, Avg:  0.0, Max: 0, Diff: 0, Sum: 0, Workers: 4
[10132.270s][debug][gc,phases      ] GC(227)   Weak JFR Old Object Samples    Min:  0.0, Avg:  0.0, Max:  0.0, Diff:  0.0, Sum:  0.0, Workers: 4
[10132.270s][debug][gc,phases      ] GC(227)     Dead                           Min: 0, Avg:  0.0, Max: 0, Diff: 0, Sum: 0, Workers: 4
[10132.270s][debug][gc,phases      ] GC(227)     Total                          Min: 0, Avg:  0.0, Max: 0, Diff: 0, Sum: 0, Workers: 4
[10132.270s][debug][gc,phases      ] GC(227) Weak Processing 0.309ms
[10132.270s][debug][gc,age         ] GC(227) Desired survivor size 24641536 bytes, new threshold 15 (max threshold 15)
[10132.270s][info ][gc,heap        ] GC(227) PSYoungGen: 2056792K(2073088K)->6816K(2073088K) Eden: 2049024K(2049024K)->0K(2049024K) From: 7768K(24064K)->6816K(24064K)
[10132.270s][info ][gc,heap        ] GC(227) ParOldGen: 418759K(570368K)->418847K(570368K)
[10132.270s][info ][gc,metaspace   ] GC(227) Metaspace: 80364K(81280K)->80364K(81280K) NonClass: 69197K(69632K)->69197K(69632K) Class: 11167K(11648K)->11167K(11648K)
[10132.270s][info ][gc             ] GC(227) Pause Young (Allocation Failure) 2417M->415M(2581M) 5.648ms
[10132.270s][info ][gc,cpu         ] GC(227) User=0.02s Sys=0.00s Real=0.01s
[10132.270s][info ][safepoint      ] Safepoint "ParallelGCFailedAllocation", Time since last: 14668455202 ns, Reaching safepoint: 30400 ns, At safepoint: 5718763 ns, Total: 5749163 ns
[10165.272s][info ][safepoint      ] Safepoint "Cleanup", Time since last: 33001812280 ns, Reaching safepoint: 42000 ns, At safepoint: 8100 ns, Total: 50100 ns
[10166.272s][info ][safepoint      ] Safepoint "Cleanup", Time since last: 1000091162 ns, Reaching safepoint: 47300 ns, At safepoint: 9400 ns, Total: 56700 ns
[10172.272s][info ][safepoint      ] Safepoint "Cleanup", Time since last: 6000415810 ns, Reaching safepoint: 78499 ns, At safepoint: 2700 ns, Total: 81199 ns
[10181.273s][info ][safepoint      ] Safepoint "Cleanup", Time since last: 9000579903 ns, Reaching safepoint: 25999 ns, At safepoint: 2600 ns, Total: 28599 ns
[10182.273s][info ][safepoint      ] Safepoint "Cleanup", Time since last: 1000106966 ns, Reaching safepoint: 42100 ns, At safepoint: 2300 ns, Total: 44400 ns
[10183.273s][info ][safepoint      ] Safepoint "Cleanup", Time since last: 1000097171 ns, Reaching safepoint: 37100 ns, At safepoint: 2600 ns, Total: 39700 ns
[10184.273s][info ][safepoint      ] Safepoint "Cleanup", Time since last: 1000108678 ns, Reaching safepoint: 40800 ns, At safepoint: 2300 ns, Total: 43100 ns
[10195.661s][info ][gc,start       ] GC(228) Pause Young (Allocation Failure)
[10195.665s][debug][gc,phases      ] GC(228) Scavenge 3.750ms
[10195.665s][debug][gc,ref         ] GC(228) Skipped phase 1 of Reference Processing: no references
[10195.665s][debug][gc,ref         ] GC(228) ReferenceProcessor::execute queues: 1, RefProcThreadModel::Single, marks_oops_alive: false
[10195.665s][debug][gc,ref         ] GC(228) ReferenceProcessor::execute queues: 4, RefProcThreadModel::Multi, marks_oops_alive: true
[10195.665s][debug][gc,ref         ] GC(228) ReferenceProcessor::execute queues: 1, RefProcThreadModel::Single, marks_oops_alive: false
[10195.665s][debug][gc,phases      ] GC(228) Reference Processing 0.173ms
[10195.665s][debug][gc,phases      ] GC(228)   VM Weak                        Min:  0.0, Avg:  0.0, Max:  0.0, Diff:  0.0, Sum:  0.0, Workers: 4
[10195.665s][debug][gc,phases      ] GC(228)     Dead                           Min: 0, Avg:  0.0, Max: 0, Diff: 0, Sum: 0, Workers: 4
[10195.665s][debug][gc,phases      ] GC(228)     Total                          Min: 0, Avg: 156.5, Max: 626, Diff: 626, Sum: 626, Workers: 4
[10195.665s][debug][gc,phases      ] GC(228)   ObjectSynchronizer Weak        Min:  0.0, Avg:  0.0, Max:  0.0, Diff:  0.0, Sum:  0.0, Workers: 4
[10195.665s][debug][gc,phases      ] GC(228)     Dead                           Min: 0, Avg:  0.0, Max: 0, Diff: 0, Sum: 0, Workers: 4
[10195.665s][debug][gc,phases      ] GC(228)     Total                          Min: 0, Avg: 11.5, Max: 46, Diff: 46, Sum: 46, Workers: 4
[10195.665s][debug][gc,phases      ] GC(228)   JVMTI Tag Weak OopStorage      Min:  0.0, Avg:  0.0, Max:  0.0, Diff:  0.0, Sum:  0.0, Workers: 4
[10195.665s][debug][gc,phases      ] GC(228)     Dead                           Min: 0, Avg:  0.0, Max: 0, Diff: 0, Sum: 0, Workers: 4
[10195.665s][debug][gc,phases      ] GC(228)     Total                          Min: 0, Avg:  0.0, Max: 0, Diff: 0, Sum: 0, Workers: 4
[10195.665s][debug][gc,phases      ] GC(228)   StringTable Weak               Min:  0.0, Avg:  0.1, Max:  0.1, Diff:  0.1, Sum:  0.3, Workers: 4
[10195.665s][debug][gc,phases      ] GC(228)     Dead                           Min: 0, Avg:  1.2, Max: 5, Diff: 5, Sum: 5, Workers: 4
[10195.665s][debug][gc,phases      ] GC(228)     Total                          Min: 0, Avg: 10745.2, Max: 18237, Diff: 18237, Sum: 42981, Workers: 4
[10195.665s][debug][gc,phases      ] GC(228)   ResolvedMethodTable Weak       Min:  0.0, Avg:  0.0, Max:  0.0, Diff:  0.0, Sum:  0.1, Workers: 4
[10195.665s][debug][gc,phases      ] GC(228)     Dead                           Min: 0, Avg:  0.0, Max: 0, Diff: 0, Sum: 0, Workers: 4
[10195.665s][debug][gc,phases      ] GC(228)     Total                          Min: 0, Avg: 2193.0, Max: 3968, Diff: 3968, Sum: 8772, Workers: 4
[10195.665s][debug][gc,phases      ] GC(228)   JNI Weak                       Min:  0.0, Avg:  0.0, Max:  0.0, Diff:  0.0, Sum:  0.0, Workers: 4
[10195.665s][debug][gc,phases      ] GC(228)     Dead                           Min: 0, Avg:  0.0, Max: 0, Diff: 0, Sum: 0, Workers: 4
[10195.665s][debug][gc,phases      ] GC(228)     Total                          Min: 0, Avg: 11.2, Max: 45, Diff: 45, Sum: 45, Workers: 4
[10195.665s][debug][gc,phases      ] GC(228)   StringDedup Table Weak         Min:  0.0, Avg:  0.0, Max:  0.0, Diff:  0.0, Sum:  0.0, Workers: 4
[10195.665s][debug][gc,phases      ] GC(228)     Dead                           Min: 0, Avg:  0.0, Max: 0, Diff: 0, Sum: 0, Workers: 4
[10195.665s][debug][gc,phases      ] GC(228)     Total                          Min: 0, Avg:  0.0, Max: 0, Diff: 0, Sum: 0, Workers: 4
[10195.665s][debug][gc,phases      ] GC(228)   StringDedup Requests0 Weak     Min:  0.0, Avg:  0.0, Max:  0.0, Diff:  0.0, Sum:  0.0, Workers: 4
[10195.665s][debug][gc,phases      ] GC(228)     Dead                           Min: 0, Avg:  0.0, Max: 0, Diff: 0, Sum: 0, Workers: 4
[10195.665s][debug][gc,phases      ] GC(228)     Total                          Min: 0, Avg:  0.0, Max: 0, Diff: 0, Sum: 0, Workers: 4
[10195.665s][debug][gc,phases      ] GC(228)   StringDedup Requests1 Weak     Min:  0.0, Avg:  0.0, Max:  0.0, Diff:  0.0, Sum:  0.0, Workers: 4
[10195.665s][debug][gc,phases      ] GC(228)     Dead                           Min: 0, Avg:  0.0, Max: 0, Diff: 0, Sum: 0, Workers: 4
[10195.665s][debug][gc,phases      ] GC(228)     Total                          Min: 0, Avg:  0.0, Max: 0, Diff: 0, Sum: 0, Workers: 4
[10195.665s][debug][gc,phases      ] GC(228)   Weak JFR Old Object Samples    Min:  0.0, Avg:  0.0, Max:  0.0, Diff:  0.0, Sum:  0.0, Workers: 4
[10195.665s][debug][gc,phases      ] GC(228)     Dead                           Min: 0, Avg:  0.0, Max: 0, Diff: 0, Sum: 0, Workers: 4
[10195.665s][debug][gc,phases      ] GC(228)     Total                          Min: 0, Avg:  0.0, Max: 0, Diff: 0, Sum: 0, Workers: 4
[10195.665s][debug][gc,phases      ] GC(228) Weak Processing 0.300ms
[10195.665s][debug][gc,age         ] GC(228) Desired survivor size 24641536 bytes, new threshold 15 (max threshold 15)
[10195.665s][info ][gc,heap        ] GC(228) PSYoungGen: 2055840K(2073088K)->6944K(2073088K) Eden: 2049024K(2049024K)->0K(2049024K) From: 6816K(24064K)->6944K(24064K)
[10195.665s][info ][gc,heap        ] GC(228) ParOldGen: 418847K(570368K)->419039K(570368K)
[10195.665s][info ][gc,metaspace   ] GC(228) Metaspace: 80528K(81408K)->80528K(81408K) NonClass: 69326K(69760K)->69326K(69760K) Class: 11202K(11648K)->11202K(11648K)
[10195.665s][info ][gc             ] GC(228) Pause Young (Allocation Failure) 2416M->415M(2581M) 4.315ms
[10195.665s][info ][gc,cpu         ] GC(228) User=0.01s Sys=0.00s Real=0.00s
[10195.665s][info ][safepoint      ] Safepoint "ParallelGCFailedAllocation", Time since last: 11387366840 ns, Reaching safepoint: 120500 ns, At safepoint: 4377973 ns, Total: 4498473 ns
[10225.667s][info ][safepoint      ] Safepoint "Cleanup", Time since last: 30001808129 ns, Reaching safepoint: 40900 ns, At safepoint: 4000 ns, Total: 44900 ns
[10228.667s][info ][safepoint      ] Safepoint "Cleanup", Time since last: 3000221727 ns, Reaching safepoint: 37700 ns, At safepoint: 2500 ns, Total: 40200 ns
[10250.580s][info ][gc,start       ] GC(229) Pause Young (Allocation Failure)
[10250.584s][debug][gc,phases      ] GC(229) Scavenge 3.458ms
[10250.584s][debug][gc,ref         ] GC(229) Skipped phase 1 of Reference Processing: no references
[10250.584s][debug][gc,ref         ] GC(229) ReferenceProcessor::execute queues: 1, RefProcThreadModel::Single, marks_oops_alive: false
[10250.584s][debug][gc,ref         ] GC(229) Skipped phase 3 of Reference Processing: no references
[10250.584s][debug][gc,ref         ] GC(229) ReferenceProcessor::execute queues: 1, RefProcThreadModel::Single, marks_oops_alive: false
[10250.584s][debug][gc,phases      ] GC(229) Reference Processing 0.087ms
[10250.584s][debug][gc,phases      ] GC(229)   VM Weak                        Min:  0.0, Avg:  0.0, Max:  0.0, Diff:  0.0, Sum:  0.0, Workers: 4
[10250.584s][debug][gc,phases      ] GC(229)     Dead                           Min: 0, Avg:  0.0, Max: 0, Diff: 0, Sum: 0, Workers: 4
[10250.584s][debug][gc,phases      ] GC(229)     Total                          Min: 0, Avg: 156.5, Max: 566, Diff: 566, Sum: 626, Workers: 4
[10250.584s][debug][gc,phases      ] GC(229)   ObjectSynchronizer Weak        Min:  0.0, Avg:  0.0, Max:  0.0, Diff:  0.0, Sum:  0.0, Workers: 4
[10250.584s][debug][gc,phases      ] GC(229)     Dead                           Min: 0, Avg:  0.0, Max: 0, Diff: 0, Sum: 0, Workers: 4
[10250.584s][debug][gc,phases      ] GC(229)     Total                          Min: 0, Avg: 11.5, Max: 46, Diff: 46, Sum: 46, Workers: 4
[10250.584s][debug][gc,phases      ] GC(229)   JVMTI Tag Weak OopStorage      Min:  0.0, Avg:  0.0, Max:  0.0, Diff:  0.0, Sum:  0.0, Workers: 4
[10250.584s][debug][gc,phases      ] GC(229)     Dead                           Min: 0, Avg:  0.0, Max: 0, Diff: 0, Sum: 0, Workers: 4
[10250.584s][debug][gc,phases      ] GC(229)     Total                          Min: 0, Avg:  0.0, Max: 0, Diff: 0, Sum: 0, Workers: 4
[10250.584s][debug][gc,phases      ] GC(229)   StringTable Weak               Min:  0.1, Avg:  0.1, Max:  0.1, Diff:  0.0, Sum:  0.4, Workers: 4
[10250.584s][debug][gc,phases      ] GC(229)     Dead                           Min: 0, Avg:  0.0, Max: 0, Diff: 0, Sum: 0, Workers: 4
[10250.584s][debug][gc,phases      ] GC(229)     Total                          Min: 10600, Avg: 10745.2, Max: 10816, Diff: 216, Sum: 42981, Workers: 4
[10250.584s][debug][gc,phases      ] GC(229)   ResolvedMethodTable Weak       Min:  0.0, Avg:  0.0, Max:  0.0, Diff:  0.0, Sum:  0.1, Workers: 4
[10250.584s][debug][gc,phases      ] GC(229)     Dead                           Min: 0, Avg:  0.0, Max: 0, Diff: 0, Sum: 0, Workers: 4
[10250.584s][debug][gc,phases      ] GC(229)     Total                          Min: 2176, Avg: 2193.0, Max: 2240, Diff: 64, Sum: 8772, Workers: 4
[10250.584s][debug][gc,phases      ] GC(229)   JNI Weak                       Min:  0.0, Avg:  0.0, Max:  0.0, Diff:  0.0, Sum:  0.0, Workers: 4
[10250.584s][debug][gc,phases      ] GC(229)     Dead                           Min: 0, Avg:  0.0, Max: 0, Diff: 0, Sum: 0, Workers: 4
[10250.584s][debug][gc,phases      ] GC(229)     Total                          Min: 0, Avg: 11.2, Max: 45, Diff: 45, Sum: 45, Workers: 4
[10250.584s][debug][gc,phases      ] GC(229)   StringDedup Table Weak         Min:  0.0, Avg:  0.0, Max:  0.0, Diff:  0.0, Sum:  0.0, Workers: 4
[10250.584s][debug][gc,phases      ] GC(229)     Dead                           Min: 0, Avg:  0.0, Max: 0, Diff: 0, Sum: 0, Workers: 4
[10250.584s][debug][gc,phases      ] GC(229)     Total                          Min: 0, Avg:  0.0, Max: 0, Diff: 0, Sum: 0, Workers: 4
[10250.584s][debug][gc,phases      ] GC(229)   StringDedup Requests0 Weak     Min:  0.0, Avg:  0.0, Max:  0.0, Diff:  0.0, Sum:  0.0, Workers: 4
[10250.584s][debug][gc,phases      ] GC(229)     Dead                           Min: 0, Avg:  0.0, Max: 0, Diff: 0, Sum: 0, Workers: 4
[10250.584s][debug][gc,phases      ] GC(229)     Total                          Min: 0, Avg:  0.0, Max: 0, Diff: 0, Sum: 0, Workers: 4
[10250.584s][debug][gc,phases      ] GC(229)   StringDedup Requests1 Weak     Min:  0.0, Avg:  0.0, Max:  0.0, Diff:  0.0, Sum:  0.0, Workers: 4
[10250.584s][debug][gc,phases      ] GC(229)     Dead                           Min: 0, Avg:  0.0, Max: 0, Diff: 0, Sum: 0, Workers: 4
[10250.584s][debug][gc,phases      ] GC(229)     Total                          Min: 0, Avg:  0.0, Max: 0, Diff: 0, Sum: 0, Workers: 4
[10250.584s][debug][gc,phases      ] GC(229)   Weak JFR Old Object Samples    Min:  0.0, Avg:  0.0, Max:  0.0, Diff:  0.0, Sum:  0.0, Workers: 4
[10250.584s][debug][gc,phases      ] GC(229)     Dead                           Min: 0, Avg:  0.0, Max: 0, Diff: 0, Sum: 0, Workers: 4
[10250.584s][debug][gc,phases      ] GC(229)     Total                          Min: 0, Avg:  0.0, Max: 0, Diff: 0, Sum: 0, Workers: 4
[10250.584s][debug][gc,phases      ] GC(229) Weak Processing 0.273ms
[10250.584s][debug][gc,age         ] GC(229) Desired survivor size 24117248 bytes, new threshold 15 (max threshold 15)
[10250.584s][info ][gc,heap        ] GC(229) PSYoungGen: 2055968K(2073088K)->6720K(2073600K) Eden: 2049024K(2049024K)->0K(2049536K) From: 6944K(24064K)->6720K(24064K)
[10250.584s][info ][gc,heap        ] GC(229) ParOldGen: 419039K(570368K)->419159K(570368K)
[10250.584s][info ][gc,metaspace   ] GC(229) Metaspace: 80530K(81408K)->80530K(81408K) NonClass: 69328K(69760K)->69328K(69760K) Class: 11202K(11648K)->11202K(11648K)
[10250.584s][info ][gc             ] GC(229) Pause Young (Allocation Failure) 2416M->415M(2582M) 3.903ms
[10250.584s][info ][gc,cpu         ] GC(229) User=0.01s Sys=0.00s Real=0.00s
[10250.584s][info ][safepoint      ] Safepoint "ParallelGCFailedAllocation", Time since last: 21912882721 ns, Reaching safepoint: 24800 ns, At safepoint: 3987977 ns, Total: 4012777 ns
[10263.585s][info ][safepoint      ] Safepoint "Cleanup", Time since last: 13000799155 ns, Reaching safepoint: 36700 ns, At safepoint: 2800 ns, Total: 39500 ns
[10299.587s][info ][safepoint      ] Safepoint "Cleanup", Time since last: 36002110349 ns, Reaching safepoint: 42300 ns, At safepoint: 3600 ns, Total: 45900 ns
[10306.662s][info ][gc,start       ] GC(230) Pause Young (Allocation Failure)
[10306.665s][debug][gc,phases      ] GC(230) Scavenge 3.296ms
[10306.665s][debug][gc,ref         ] GC(230) Skipped phase 1 of Reference Processing: no references
[10306.665s][debug][gc,ref         ] GC(230) ReferenceProcessor::execute queues: 1, RefProcThreadModel::Single, marks_oops_alive: false
[10306.665s][debug][gc,ref         ] GC(230) Skipped phase 3 of Reference Processing: no references
[10306.665s][debug][gc,ref         ] GC(230) ReferenceProcessor::execute queues: 1, RefProcThreadModel::Single, marks_oops_alive: false
[10306.665s][debug][gc,phases      ] GC(230) Reference Processing 0.079ms
[10306.665s][debug][gc,phases      ] GC(230)   VM Weak                        Min:  0.0, Avg:  0.0, Max:  0.0, Diff:  0.0, Sum:  0.0, Workers: 4
[10306.665s][debug][gc,phases      ] GC(230)     Dead                           Min: 0, Avg:  0.0, Max: 0, Diff: 0, Sum: 0, Workers: 4
[10306.665s][debug][gc,phases      ] GC(230)     Total                          Min: 0, Avg: 156.5, Max: 626, Diff: 626, Sum: 626, Workers: 4
[10306.665s][debug][gc,phases      ] GC(230)   ObjectSynchronizer Weak        Min:  0.0, Avg:  0.0, Max:  0.0, Diff:  0.0, Sum:  0.0, Workers: 4
[10306.665s][debug][gc,phases      ] GC(230)     Dead                           Min: 0, Avg:  0.0, Max: 0, Diff: 0, Sum: 0, Workers: 4
[10306.665s][debug][gc,phases      ] GC(230)     Total                          Min: 0, Avg: 11.5, Max: 46, Diff: 46, Sum: 46, Workers: 4
[10306.665s][debug][gc,phases      ] GC(230)   JVMTI Tag Weak OopStorage      Min:  0.0, Avg:  0.0, Max:  0.0, Diff:  0.0, Sum:  0.0, Workers: 4
[10306.665s][debug][gc,phases      ] GC(230)     Dead                           Min: 0, Avg:  0.0, Max: 0, Diff: 0, Sum: 0, Workers: 4
[10306.665s][debug][gc,phases      ] GC(230)     Total                          Min: 0, Avg:  0.0, Max: 0, Diff: 0, Sum: 0, Workers: 4
[10306.665s][debug][gc,phases      ] GC(230)   StringTable Weak               Min:  0.1, Avg:  0.1, Max:  0.1, Diff:  0.0, Sum:  0.4, Workers: 4
[10306.665s][debug][gc,phases      ] GC(230)     Dead                           Min: 0, Avg:  0.0, Max: 0, Diff: 0, Sum: 0, Workers: 4
[10306.665s][debug][gc,phases      ] GC(230)     Total                          Min: 10240, Avg: 10745.2, Max: 11197, Diff: 957, Sum: 42981, Workers: 4
[10306.665s][debug][gc,phases      ] GC(230)   ResolvedMethodTable Weak       Min:  0.0, Avg:  0.0, Max:  0.0, Diff:  0.0, Sum:  0.1, Workers: 4
[10306.665s][debug][gc,phases      ] GC(230)     Dead                           Min: 0, Avg:  0.0, Max: 0, Diff: 0, Sum: 0, Workers: 4
[10306.665s][debug][gc,phases      ] GC(230)     Total                          Min: 2116, Avg: 2193.0, Max: 2304, Diff: 188, Sum: 8772, Workers: 4
[10306.665s][debug][gc,phases      ] GC(230)   JNI Weak                       Min:  0.0, Avg:  0.0, Max:  0.0, Diff:  0.0, Sum:  0.0, Workers: 4
[10306.665s][debug][gc,phases      ] GC(230)     Dead                           Min: 0, Avg:  0.0, Max: 0, Diff: 0, Sum: 0, Workers: 4
[10306.665s][debug][gc,phases      ] GC(230)     Total                          Min: 0, Avg: 11.2, Max: 45, Diff: 45, Sum: 45, Workers: 4
[10306.665s][debug][gc,phases      ] GC(230)   StringDedup Table Weak         Min:  0.0, Avg:  0.0, Max:  0.0, Diff:  0.0, Sum:  0.0, Workers: 4
[10306.665s][debug][gc,phases      ] GC(230)     Dead                           Min: 0, Avg:  0.0, Max: 0, Diff: 0, Sum: 0, Workers: 4
[10306.665s][debug][gc,phases      ] GC(230)     Total                          Min: 0, Avg:  0.0, Max: 0, Diff: 0, Sum: 0, Workers: 4
[10306.665s][debug][gc,phases      ] GC(230)   StringDedup Requests0 Weak     Min:  0.0, Avg:  0.0, Max:  0.0, Diff:  0.0, Sum:  0.0, Workers: 4
[10306.665s][debug][gc,phases      ] GC(230)     Dead                           Min: 0, Avg:  0.0, Max: 0, Diff: 0, Sum: 0, Workers: 4
[10306.665s][debug][gc,phases      ] GC(230)     Total                          Min: 0, Avg:  0.0, Max: 0, Diff: 0, Sum: 0, Workers: 4
[10306.665s][debug][gc,phases      ] GC(230)   StringDedup Requests1 Weak     Min:  0.0, Avg:  0.0, Max:  0.0, Diff:  0.0, Sum:  0.0, Workers: 4
[10306.665s][debug][gc,phases      ] GC(230)     Dead                           Min: 0, Avg:  0.0, Max: 0, Diff: 0, Sum: 0, Workers: 4
[10306.665s][debug][gc,phases      ] GC(230)     Total                          Min: 0, Avg:  0.0, Max: 0, Diff: 0, Sum: 0, Workers: 4
[10306.665s][debug][gc,phases      ] GC(230)   Weak JFR Old Object Samples    Min:  0.0, Avg:  0.0, Max:  0.0, Diff:  0.0, Sum:  0.0, Workers: 4
[10306.665s][debug][gc,phases      ] GC(230)     Dead                           Min: 0, Avg:  0.0, Max: 0, Diff: 0, Sum: 0, Workers: 4
[10306.665s][debug][gc,phases      ] GC(230)     Total                          Min: 0, Avg:  0.0, Max: 0, Diff: 0, Sum: 0, Workers: 4
[10306.665s][debug][gc,phases      ] GC(230) Weak Processing 0.285ms
[10306.665s][debug][gc,age         ] GC(230) Desired survivor size 24117248 bytes, new threshold 15 (max threshold 15)
[10306.665s][info ][gc,heap        ] GC(230) PSYoungGen: 2056256K(2073600K)->6208K(2073088K) Eden: 2049536K(2049536K)->0K(2049536K) From: 6720K(24064K)->6208K(23552K)
[10306.665s][info ][gc,heap        ] GC(230) ParOldGen: 419159K(570368K)->419535K(570368K)
[10306.665s][info ][gc,metaspace   ] GC(230) Metaspace: 80534K(81408K)->80534K(81408K) NonClass: 69332K(69760K)->69332K(69760K) Class: 11202K(11648K)->11202K(11648K)
[10306.665s][info ][gc             ] GC(230) Pause Young (Allocation Failure) 2417M->415M(2581M) 3.743ms
[10306.665s][info ][gc,cpu         ] GC(230) User=0.01s Sys=0.00s Real=0.00s
[10306.665s][info ][safepoint      ] Safepoint "ParallelGCFailedAllocation", Time since last: 7074075378 ns, Reaching safepoint: 39400 ns, At safepoint: 3823479 ns, Total: 3862879 ns
[10330.667s][info ][safepoint      ] Safepoint "Cleanup", Time since last: 24001508541 ns, Reaching safepoint: 99499 ns, At safepoint: 6600 ns, Total: 106099 ns
[10354.668s][info ][safepoint      ] Safepoint "Cleanup", Time since last: 24001496786 ns, Reaching safepoint: 30300 ns, At safepoint: 2800 ns, Total: 33100 ns
[10357.582s][info ][safepoint      ] Safepoint "ParallelGCFailedAllocation", Time since last: 2914002569 ns, Reaching safepoint: 22300 ns, At safepoint: 9000 ns, Total: 31300 ns
[10357.583s][info ][gc,start       ] GC(231) Pause Young (GCLocker Initiated GC)
[10357.587s][debug][gc,phases      ] GC(231) Scavenge 3.309ms
[10357.587s][debug][gc,ref         ] GC(231) Skipped phase 1 of Reference Processing: no references
[10357.587s][debug][gc,ref         ] GC(231) ReferenceProcessor::execute queues: 1, RefProcThreadModel::Single, marks_oops_alive: false
[10357.587s][debug][gc,ref         ] GC(231) Skipped phase 3 of Reference Processing: no references
[10357.587s][debug][gc,ref         ] GC(231) ReferenceProcessor::execute queues: 1, RefProcThreadModel::Single, marks_oops_alive: false
[10357.587s][debug][gc,phases      ] GC(231) Reference Processing 0.096ms
[10357.587s][debug][gc,phases      ] GC(231)   VM Weak                        Min:  0.0, Avg:  0.0, Max:  0.0, Diff:  0.0, Sum:  0.0, Workers: 4
[10357.587s][debug][gc,phases      ] GC(231)     Dead                           Min: 0, Avg:  0.0, Max: 0, Diff: 0, Sum: 0, Workers: 4
[10357.587s][debug][gc,phases      ] GC(231)     Total                          Min: 0, Avg: 156.5, Max: 626, Diff: 626, Sum: 626, Workers: 4
[10357.587s][debug][gc,phases      ] GC(231)   ObjectSynchronizer Weak        Min:  0.0, Avg:  0.0, Max:  0.0, Diff:  0.0, Sum:  0.0, Workers: 4
[10357.587s][debug][gc,phases      ] GC(231)     Dead                           Min: 0, Avg:  0.0, Max: 0, Diff: 0, Sum: 0, Workers: 4
[10357.587s][debug][gc,phases      ] GC(231)     Total                          Min: 0, Avg: 11.5, Max: 46, Diff: 46, Sum: 46, Workers: 4
[10357.587s][debug][gc,phases      ] GC(231)   JVMTI Tag Weak OopStorage      Min:  0.0, Avg:  0.0, Max:  0.0, Diff:  0.0, Sum:  0.0, Workers: 4
[10357.587s][debug][gc,phases      ] GC(231)     Dead                           Min: 0, Avg:  0.0, Max: 0, Diff: 0, Sum: 0, Workers: 4
[10357.587s][debug][gc,phases      ] GC(231)     Total                          Min: 0, Avg:  0.0, Max: 0, Diff: 0, Sum: 0, Workers: 4
[10357.587s][debug][gc,phases      ] GC(231)   StringTable Weak               Min:  0.1, Avg:  0.1, Max:  0.1, Diff:  0.0, Sum:  0.4, Workers: 4
[10357.587s][debug][gc,phases      ] GC(231)     Dead                           Min: 0, Avg:  0.0, Max: 0, Diff: 0, Sum: 0, Workers: 4
[10357.587s][debug][gc,phases      ] GC(231)     Total                          Min: 9323, Avg: 10745.5, Max: 11456, Diff: 2133, Sum: 42982, Workers: 4
[10357.587s][debug][gc,phases      ] GC(231)   ResolvedMethodTable Weak       Min:  0.0, Avg:  0.0, Max:  0.0, Diff:  0.0, Sum:  0.1, Workers: 4
[10357.587s][debug][gc,phases      ] GC(231)     Dead                           Min: 0, Avg:  0.0, Max: 0, Diff: 0, Sum: 0, Workers: 4
[10357.587s][debug][gc,phases      ] GC(231)     Total                          Min: 2116, Avg: 2193.0, Max: 2304, Diff: 188, Sum: 8772, Workers: 4
[10357.587s][debug][gc,phases      ] GC(231)   JNI Weak                       Min:  0.0, Avg:  0.0, Max:  0.0, Diff:  0.0, Sum:  0.0, Workers: 4
[10357.587s][debug][gc,phases      ] GC(231)     Dead                           Min: 0, Avg:  0.0, Max: 0, Diff: 0, Sum: 0, Workers: 4
[10357.587s][debug][gc,phases      ] GC(231)     Total                          Min: 0, Avg: 11.2, Max: 45, Diff: 45, Sum: 45, Workers: 4
[10357.587s][debug][gc,phases      ] GC(231)   StringDedup Table Weak         Min:  0.0, Avg:  0.0, Max:  0.0, Diff:  0.0, Sum:  0.0, Workers: 4
[10357.587s][debug][gc,phases      ] GC(231)     Dead                           Min: 0, Avg:  0.0, Max: 0, Diff: 0, Sum: 0, Workers: 4
[10357.587s][debug][gc,phases      ] GC(231)     Total                          Min: 0, Avg:  0.0, Max: 0, Diff: 0, Sum: 0, Workers: 4
[10357.587s][debug][gc,phases      ] GC(231)   StringDedup Requests0 Weak     Min:  0.0, Avg:  0.0, Max:  0.0, Diff:  0.0, Sum:  0.0, Workers: 4
[10357.587s][debug][gc,phases      ] GC(231)     Dead                           Min: 0, Avg:  0.0, Max: 0, Diff: 0, Sum: 0, Workers: 4
[10357.587s][debug][gc,phases      ] GC(231)     Total                          Min: 0, Avg:  0.0, Max: 0, Diff: 0, Sum: 0, Workers: 4
[10357.587s][debug][gc,phases      ] GC(231)   StringDedup Requests1 Weak     Min:  0.0, Avg:  0.0, Max:  0.0, Diff:  0.0, Sum:  0.0, Workers: 4
[10357.587s][debug][gc,phases      ] GC(231)     Dead                           Min: 0, Avg:  0.0, Max: 0, Diff: 0, Sum: 0, Workers: 4
[10357.587s][debug][gc,phases      ] GC(231)     Total                          Min: 0, Avg:  0.0, Max: 0, Diff: 0, Sum: 0, Workers: 4
[10357.587s][debug][gc,phases      ] GC(231)   Weak JFR Old Object Samples    Min:  0.0, Avg:  0.0, Max:  0.0, Diff:  0.0, Sum:  0.0, Workers: 4
[10357.587s][debug][gc,phases      ] GC(231)     Dead                           Min: 0, Avg:  0.0, Max: 0, Diff: 0, Sum: 0, Workers: 4
[10357.587s][debug][gc,phases      ] GC(231)     Total                          Min: 0, Avg:  0.0, Max: 0, Diff: 0, Sum: 0, Workers: 4
[10357.587s][debug][gc,phases      ] GC(231) Weak Processing 0.295ms
[10357.587s][debug][gc,age         ] GC(231) Desired survivor size 23068672 bytes, new threshold 15 (max threshold 15)
[10357.587s][info ][gc,heap        ] GC(231) PSYoungGen: 2055744K(2073088K)->7192K(2074624K) Eden: 2049536K(2049536K)->0K(2051072K) From: 6208K(23552K)->7192K(23552K)
[10357.587s][info ][gc,heap        ] GC(231) ParOldGen: 419558K(570368K)->419678K(570368K)
[10357.587s][info ][gc,metaspace   ] GC(231) Metaspace: 80534K(81408K)->80534K(81408K) NonClass: 69332K(69760K)->69332K(69760K) Class: 11202K(11648K)->11202K(11648K)
[10357.587s][info ][gc             ] GC(231) Pause Young (GCLocker Initiated GC) 2417M->416M(2583M) 3.771ms
[10357.587s][info ][gc,cpu         ] GC(231) User=0.02s Sys=0.00s Real=0.01s
[10357.587s][info ][safepoint      ] Safepoint "ParallelGCSystemGC", Time since last: 799795 ns, Reaching safepoint: 88600 ns, At safepoint: 3830180 ns, Total: 3918780 ns
[10371.588s][info ][safepoint      ] Safepoint "Cleanup", Time since last: 14000847733 ns, Reaching safepoint: 58700 ns, At safepoint: 2600 ns, Total: 61300 ns
[10380.589s][info ][safepoint      ] Safepoint "Cleanup", Time since last: 9000525364 ns, Reaching safepoint: 42299 ns, At safepoint: 3600 ns, Total: 45899 ns
[10382.589s][info ][safepoint      ] Safepoint "Cleanup", Time since last: 2000180240 ns, Reaching safepoint: 35900 ns, At safepoint: 3900 ns, Total: 39800 ns
[10386.589s][info ][safepoint      ] Safepoint "Cleanup", Time since last: 4000235630 ns, Reaching safepoint: 32000 ns, At safepoint: 2200 ns, Total: 34200 ns
[10387.589s][info ][safepoint      ] Safepoint "Cleanup", Time since last: 1000103043 ns, Reaching safepoint: 48400 ns, At safepoint: 4700 ns, Total: 53100 ns
[10426.592s][info ][safepoint      ] Safepoint "Cleanup", Time since last: 39002365537 ns, Reaching safepoint: 37900 ns, At safepoint: 22800 ns, Total: 60700 ns
[10458.594s][info ][safepoint      ] Safepoint "Cleanup", Time since last: 32001963959 ns, Reaching safepoint: 28500 ns, At safepoint: 29800 ns, Total: 58300 ns
[10507.597s][info ][safepoint      ] Safepoint "Cleanup", Time since last: 49002867992 ns, Reaching safepoint: 128899 ns, At safepoint: 8400 ns, Total: 137299 ns
[10508.123s][info ][gc,heap,exit   ] Heap
[10508.123s][info ][gc,heap,exit   ]  PSYoungGen      total 2074624K, used 1601035K [0x0000000780000000, 0x0000000800000000, 0x0000000800000000)
[10508.123s][info ][gc,heap,exit   ]   eden space 2051072K, 77% used [0x0000000780000000,0x00000007e147cae0,0x00000007fd300000)
[10508.123s][info ][gc,heap,exit   ]   from space 23552K, 30% used [0x00000007fe900000,0x00000007ff006220,0x0000000800000000)
[10508.123s][info ][gc,heap,exit   ]   to   space 22528K, 0% used [0x00000007fd300000,0x00000007fd300000,0x00000007fe900000)
[10508.123s][info ][gc,heap,exit   ]  ParOldGen       total 570368K, used 419678K [0x0000000740000000, 0x0000000762d00000, 0x0000000780000000)
[10508.123s][info ][gc,heap,exit   ]   object space 570368K, 73% used [0x0000000740000000,0x00000007599d7a88,0x0000000762d00000)
[10508.123s][info ][gc,heap,exit   ]  Metaspace       used 80657K, committed 81536K, reserved 1122304K
[10508.123s][info ][gc,heap,exit   ]   class space    used 11219K, committed 11648K, reserved 1048576K
