[0.004s][info][gc] Using Parallel
[0.008s][info][gc,init] Version: 17.0.6+10-LTS (release)
[0.008s][info][gc,init] CPUs: 4 total, 4 available
[0.008s][info][gc,init] Memory: 16009M
[0.008s][info][gc,init] Large Page Support: Disabled
[0.008s][info][gc,init] NUMA Support: Disabled
[0.008s][info][gc,init] Compressed Oops: Enabled (Zero based)
[0.008s][info][gc,init] Alignments: Space 512K, Generation 512K, Heap 2M
[0.008s][info][gc,init] Heap Min Capacity: 2054M
[0.008s][info][gc,init] Heap Initial Capacity: 2054M
[0.008s][info][gc,init] Heap Max Capacity: 3G
[0.008s][info][gc,init] Pre-touch: Disabled
[0.008s][info][gc,init] Parallel Workers: 4
[0.008s][info][gc,metaspace] CDS archive(s) mapped at: [0x0000000800000000-0x0000000800be1000-0x0000000800be1000), size 12455936, SharedBaseAddress: 0x0000000800000000, ArchiveRelocationMode: 0.
[0.008s][info][gc,metaspace] Compressed class space mapped at: 0x0000000800c00000-0x0000000840c00000, reserved size: 1073741824
[0.008s][info][gc,metaspace] Narrow klass base: 0x0000000800000000, Narrow klass shift: 0, Narrow klass range: 0x100000000
[0.751s][info][safepoint   ] Safepoint "ICBufferFull", Time since last: 735244611 ns, Reaching safepoint: 153600 ns, At safepoint: 2600 ns, Total: 156200 ns
[1.131s][info][safepoint   ] Safepoint "ICBufferFull", Time since last: 380239393 ns, Reaching safepoint: 213400 ns, At safepoint: 11900 ns, Total: 225300 ns
[1.595s][info][gc,start    ] GC(0) Pause Young (Metadata GC Threshold)
[1.609s][debug][gc,phases   ] GC(0) Scavenge 13.567ms
[1.609s][debug][gc,ref      ] GC(0) Skipped phase 1 of Reference Processing: no references
[1.609s][debug][gc,ref      ] GC(0) ReferenceProcessor::execute queues: 3, RefProcThreadModel::Multi, marks_oops_alive: false
[1.609s][debug][gc,ref      ] GC(0) Skipped phase 3 of Reference Processing: no references
[1.609s][debug][gc,ref      ] GC(0) ReferenceProcessor::execute queues: 1, RefProcThreadModel::Single, marks_oops_alive: false
[1.609s][debug][gc,phases   ] GC(0) Reference Processing 0.403ms
[1.609s][debug][gc,phases   ] GC(0)   VM Weak                        Min:  0.0, Avg:  0.0, Max:  0.0, Diff:  0.0, Sum:  0.0, Workers: 4
[1.609s][debug][gc,phases   ] GC(0)     Dead                           Min: 0, Avg:  0.0, Max: 0, Diff: 0, Sum: 0, Workers: 4
[1.609s][debug][gc,phases   ] GC(0)     Total                          Min: 0, Avg: 55.8, Max: 223, Diff: 223, Sum: 223, Workers: 4
[1.609s][debug][gc,phases   ] GC(0)   ObjectSynchronizer Weak        Min:  0.0, Avg:  0.0, Max:  0.0, Diff:  0.0, Sum:  0.0, Workers: 4
[1.609s][debug][gc,phases   ] GC(0)     Dead                           Min: 0, Avg:  0.2, Max: 1, Diff: 1, Sum: 1, Workers: 4
[1.609s][debug][gc,phases   ] GC(0)     Total                          Min: 0, Avg:  1.5, Max: 6, Diff: 6, Sum: 6, Workers: 4
[1.609s][debug][gc,phases   ] GC(0)   JVMTI Tag Weak OopStorage      Min:  0.0, Avg:  0.0, Max:  0.0, Diff:  0.0, Sum:  0.0, Workers: 4
[1.609s][debug][gc,phases   ] GC(0)     Dead                           Min: 0, Avg:  0.0, Max: 0, Diff: 0, Sum: 0, Workers: 4
[1.609s][debug][gc,phases   ] GC(0)     Total                          Min: 0, Avg:  0.0, Max: 0, Diff: 0, Sum: 0, Workers: 4
[1.609s][debug][gc,phases   ] GC(0)   StringTable Weak               Min:  0.0, Avg:  0.1, Max:  0.1, Diff:  0.1, Sum:  0.3, Workers: 4
[1.609s][debug][gc,phases   ] GC(0)     Dead                           Min: 0, Avg:  6.5, Max: 13, Diff: 13, Sum: 26, Workers: 4
[1.609s][debug][gc,phases   ] GC(0)     Total                          Min: 0, Avg: 3272.5, Max: 6946, Diff: 6946, Sum: 13090, Workers: 4
[1.609s][debug][gc,phases   ] GC(0)   ResolvedMethodTable Weak       Min:  0.0, Avg:  0.0, Max:  0.0, Diff:  0.0, Sum:  0.0, Workers: 4
[1.609s][debug][gc,phases   ] GC(0)     Dead                           Min: 0, Avg: 20.2, Max: 56, Diff: 56, Sum: 81, Workers: 4
[1.609s][debug][gc,phases   ] GC(0)     Total                          Min: 0, Avg: 311.5, Max: 640, Diff: 640, Sum: 1246, Workers: 4
[1.609s][debug][gc,phases   ] GC(0)   JNI Weak                       Min:  0.0, Avg:  0.0, Max:  0.0, Diff:  0.0, Sum:  0.0, Workers: 4
[1.609s][debug][gc,phases   ] GC(0)     Dead                           Min: 0, Avg:  0.0, Max: 0, Diff: 0, Sum: 0, Workers: 4
[1.609s][debug][gc,phases   ] GC(0)     Total                          Min: 0, Avg: 11.2, Max: 45, Diff: 45, Sum: 45, Workers: 4
[1.609s][debug][gc,phases   ] GC(0)   StringDedup Table Weak         Min:  0.0, Avg:  0.0, Max:  0.0, Diff:  0.0, Sum:  0.0, Workers: 4
[1.609s][debug][gc,phases   ] GC(0)     Dead                           Min: 0, Avg:  0.0, Max: 0, Diff: 0, Sum: 0, Workers: 4
[1.609s][debug][gc,phases   ] GC(0)     Total                          Min: 0, Avg:  0.0, Max: 0, Diff: 0, Sum: 0, Workers: 4
[1.609s][debug][gc,phases   ] GC(0)   StringDedup Requests0 Weak     Min:  0.0, Avg:  0.0, Max:  0.0, Diff:  0.0, Sum:  0.0, Workers: 4
[1.609s][debug][gc,phases   ] GC(0)     Dead                           Min: 0, Avg:  0.0, Max: 0, Diff: 0, Sum: 0, Workers: 4
[1.609s][debug][gc,phases   ] GC(0)     Total                          Min: 0, Avg:  0.0, Max: 0, Diff: 0, Sum: 0, Workers: 4
[1.609s][debug][gc,phases   ] GC(0)   StringDedup Requests1 Weak     Min:  0.0, Avg:  0.0, Max:  0.0, Diff:  0.0, Sum:  0.0, Workers: 4
[1.609s][debug][gc,phases   ] GC(0)     Dead                           Min: 0, Avg:  0.0, Max: 0, Diff: 0, Sum: 0, Workers: 4
[1.609s][debug][gc,phases   ] GC(0)     Total                          Min: 0, Avg:  0.0, Max: 0, Diff: 0, Sum: 0, Workers: 4
[1.609s][debug][gc,phases   ] GC(0)   Weak JFR Old Object Samples    Min:  0.0, Avg:  0.0, Max:  0.0, Diff:  0.0, Sum:  0.0, Workers: 4
[1.609s][debug][gc,phases   ] GC(0)     Dead                           Min: 0, Avg:  0.0, Max: 0, Diff: 0, Sum: 0, Workers: 4
[1.609s][debug][gc,phases   ] GC(0)     Total                          Min: 0, Avg:  0.0, Max: 0, Diff: 0, Sum: 0, Workers: 4
[1.609s][debug][gc,phases   ] GC(0) Weak Processing 0.420ms
[1.609s][debug][gc,age      ] GC(0) Desired survivor size 536870912 bytes, new threshold 7 (max threshold 15)
[1.609s][info ][gc,heap     ] GC(0) PSYoungGen: 232103K(1572864K)->30739K(1572864K) Eden: 232103K(1048576K)->0K(1048576K) From: 0K(524288K)->30739K(524288K)
[1.609s][info ][gc,heap     ] GC(0) ParOldGen: 0K(6144K)->96K(6144K)
[1.609s][info ][gc,metaspace] GC(0) Metaspace: 21181K(21504K)->21181K(21504K) NonClass: 18683K(18880K)->18683K(18880K) Class: 2498K(2624K)->2498K(2624K)
[1.609s][info ][gc          ] GC(0) Pause Young (Metadata GC Threshold) 226M->30M(1542M) 14.731ms
[1.609s][info ][gc,cpu      ] GC(0) User=0.04s Sys=0.01s Real=0.01s
[1.610s][debug][gc,phases   ] GC(1) Pre Compact 0.015ms
[1.610s][info ][gc,start    ] GC(1) Pause Full (Metadata GC Threshold)
[1.610s][info ][gc,phases,start] GC(1) Marking Phase
[1.617s][debug][gc,phases      ] GC(1) Par Mark 7.065ms
[1.617s][debug][gc,ref         ] GC(1) Skipped phase 1 of Reference Processing: no references
[1.617s][debug][gc,ref         ] GC(1) ReferenceProcessor::execute queues: 3, RefProcThreadModel::Multi, marks_oops_alive: false
[1.617s][debug][gc,ref         ] GC(1) Skipped phase 3 of Reference Processing: no references
[1.617s][debug][gc,ref         ] GC(1) ReferenceProcessor::execute queues: 1, RefProcThreadModel::Single, marks_oops_alive: false
[1.617s][debug][gc,phases      ] GC(1) Reference Processing 0.134ms
[1.617s][debug][gc,phases      ] GC(1)   VM Weak                        Min:  0.0, Avg:  0.0, Max:  0.0, Diff:  0.0, Sum:  0.0, Workers: 4
[1.617s][debug][gc,phases      ] GC(1)     Dead                           Min: 0, Avg:  0.0, Max: 0, Diff: 0, Sum: 0, Workers: 4
[1.617s][debug][gc,phases      ] GC(1)     Total                          Min: 0, Avg: 55.8, Max: 192, Diff: 192, Sum: 223, Workers: 4
[1.617s][debug][gc,phases      ] GC(1)   ObjectSynchronizer Weak        Min:  0.0, Avg:  0.0, Max:  0.0, Diff:  0.0, Sum:  0.0, Workers: 4
[1.617s][debug][gc,phases      ] GC(1)     Dead                           Min: 0, Avg:  0.0, Max: 0, Diff: 0, Sum: 0, Workers: 4
[1.617s][debug][gc,phases      ] GC(1)     Total                          Min: 0, Avg:  1.5, Max: 6, Diff: 6, Sum: 6, Workers: 4
[1.617s][debug][gc,phases      ] GC(1)   JVMTI Tag Weak OopStorage      Min:  0.0, Avg:  0.0, Max:  0.0, Diff:  0.0, Sum:  0.0, Workers: 4
[1.617s][debug][gc,phases      ] GC(1)     Dead                           Min: 0, Avg:  0.0, Max: 0, Diff: 0, Sum: 0, Workers: 4
[1.617s][debug][gc,phases      ] GC(1)     Total                          Min: 0, Avg:  0.0, Max: 0, Diff: 0, Sum: 0, Workers: 4
[1.617s][debug][gc,phases      ] GC(1)   StringTable Weak               Min:  0.0, Avg:  0.0, Max:  0.1, Diff:  0.1, Sum:  0.1, Workers: 4
[1.617s][debug][gc,phases      ] GC(1)     Dead                           Min: 0, Avg:  0.0, Max: 0, Diff: 0, Sum: 0, Workers: 4
[1.617s][debug][gc,phases      ] GC(1)     Total                          Min: 0, Avg: 3272.5, Max: 4928, Diff: 4928, Sum: 13090, Workers: 4
[1.617s][debug][gc,phases      ] GC(1)   ResolvedMethodTable Weak       Min:  0.0, Avg:  0.0, Max:  0.0, Diff:  0.0, Sum:  0.0, Workers: 4
[1.617s][debug][gc,phases      ] GC(1)     Dead                           Min: 0, Avg:  0.0, Max: 0, Diff: 0, Sum: 0, Workers: 4
[1.617s][debug][gc,phases      ] GC(1)     Total                          Min: 0, Avg: 311.5, Max: 448, Diff: 448, Sum: 1246, Workers: 4
[1.617s][debug][gc,phases      ] GC(1)   JNI Weak                       Min:  0.0, Avg:  0.0, Max:  0.0, Diff:  0.0, Sum:  0.0, Workers: 4
[1.617s][debug][gc,phases      ] GC(1)     Dead                           Min: 0, Avg:  0.0, Max: 0, Diff: 0, Sum: 0, Workers: 4
[1.617s][debug][gc,phases      ] GC(1)     Total                          Min: 0, Avg: 11.2, Max: 45, Diff: 45, Sum: 45, Workers: 4
[1.617s][debug][gc,phases      ] GC(1)   StringDedup Table Weak         Min:  0.0, Avg:  0.0, Max:  0.0, Diff:  0.0, Sum:  0.0, Workers: 4
[1.617s][debug][gc,phases      ] GC(1)     Dead                           Min: 0, Avg:  0.0, Max: 0, Diff: 0, Sum: 0, Workers: 4
[1.617s][debug][gc,phases      ] GC(1)     Total                          Min: 0, Avg:  0.0, Max: 0, Diff: 0, Sum: 0, Workers: 4
[1.617s][debug][gc,phases      ] GC(1)   StringDedup Requests0 Weak     Min:  0.0, Avg:  0.0, Max:  0.0, Diff:  0.0, Sum:  0.0, Workers: 4
[1.617s][debug][gc,phases      ] GC(1)     Dead                           Min: 0, Avg:  0.0, Max: 0, Diff: 0, Sum: 0, Workers: 4
[1.617s][debug][gc,phases      ] GC(1)     Total                          Min: 0, Avg:  0.0, Max: 0, Diff: 0, Sum: 0, Workers: 4
[1.617s][debug][gc,phases      ] GC(1)   StringDedup Requests1 Weak     Min:  0.0, Avg:  0.0, Max:  0.0, Diff:  0.0, Sum:  0.0, Workers: 4
[1.617s][debug][gc,phases      ] GC(1)     Dead                           Min: 0, Avg:  0.0, Max: 0, Diff: 0, Sum: 0, Workers: 4
[1.617s][debug][gc,phases      ] GC(1)     Total                          Min: 0, Avg:  0.0, Max: 0, Diff: 0, Sum: 0, Workers: 4
[1.617s][debug][gc,phases      ] GC(1)   Weak JFR Old Object Samples    Min:  0.0, Avg:  0.0, Max:  0.0, Diff:  0.0, Sum:  0.0, Workers: 4
[1.617s][debug][gc,phases      ] GC(1)     Dead                           Min: 0, Avg:  0.0, Max: 0, Diff: 0, Sum: 0, Workers: 4
[1.617s][debug][gc,phases      ] GC(1)     Total                          Min: 0, Avg:  0.0, Max: 0, Diff: 0, Sum: 0, Workers: 4
[1.617s][debug][gc,phases      ] GC(1) Weak Processing 0.206ms
[1.617s][debug][gc,phases      ] GC(1) ClassLoaderData 0.011ms
[1.617s][debug][gc,phases      ] GC(1) Trigger cleanups 0.000ms
[1.620s][debug][gc,phases      ] GC(1) Class Unloading 2.597ms
[1.620s][info ][gc,phases      ] GC(1) Marking Phase 10.078ms
[1.620s][info ][gc,phases,start] GC(1) Summary Phase
[1.620s][info ][gc,phases      ] GC(1) Summary Phase 0.006ms
[1.620s][info ][gc,phases,start] GC(1) Adjust Roots
[1.623s][info ][gc,phases      ] GC(1) Adjust Roots 3.235ms
[1.623s][info ][gc,phases,start] GC(1) Compaction Phase
[1.636s][info ][gc,phases      ] GC(1) Compaction Phase 13.335ms
[1.636s][info ][gc,phases,start] GC(1) Post Compact
[1.637s][info ][gc,phases      ] GC(1) Post Compact 0.644ms
[1.637s][info ][gc,heap        ] GC(1) PSYoungGen: 30739K(1572864K)->25001K(1572864K) Eden: 0K(1048576K)->0K(1048576K) From: 30739K(524288K)->25001K(524288K)
[1.637s][info ][gc,heap        ] GC(1) ParOldGen: 96K(6144K)->5701K(6144K)
[1.637s][info ][gc,metaspace   ] GC(1) Metaspace: 21181K(21504K)->21181K(21504K) NonClass: 18683K(18880K)->18683K(18880K) Class: 2498K(2624K)->2498K(2624K)
[1.637s][info ][gc             ] GC(1) Pause Full (Metadata GC Threshold) 30M->29M(1542M) 27.409ms
[1.637s][info ][gc,cpu         ] GC(1) User=0.06s Sys=0.02s Real=0.03s
[1.637s][info ][safepoint      ] Safepoint "CollectForMetadataAllocation", Time since last: 463504936 ns, Reaching safepoint: 147400 ns, At safepoint: 42257622 ns, Total: 42405022 ns
[1.764s][info ][safepoint      ] Safepoint "ICBufferFull", Time since last: 126800166 ns, Reaching safepoint: 156400 ns, At safepoint: 10400 ns, Total: 166800 ns
[1.861s][info ][safepoint      ] Safepoint "ICBufferFull", Time since last: 96501178 ns, Reaching safepoint: 130200 ns, At safepoint: 6600 ns, Total: 136800 ns
[1.995s][info ][safepoint      ] Safepoint "ICBufferFull", Time since last: 134581788 ns, Reaching safepoint: 142701 ns, At safepoint: 2200 ns, Total: 144901 ns
[2.315s][info ][safepoint      ] Safepoint "ICBufferFull", Time since last: 319309822 ns, Reaching safepoint: 163301 ns, At safepoint: 9700 ns, Total: 173001 ns
[2.466s][info ][safepoint      ] Safepoint "ICBufferFull", Time since last: 150892536 ns, Reaching safepoint: 237301 ns, At safepoint: 7900 ns, Total: 245201 ns
[2.558s][info ][safepoint      ] Safepoint "ICBufferFull", Time since last: 91555565 ns, Reaching safepoint: 147800 ns, At safepoint: 2300 ns, Total: 150100 ns
[2.765s][info ][safepoint      ] Safepoint "ICBufferFull", Time since last: 206930899 ns, Reaching safepoint: 198400 ns, At safepoint: 5000 ns, Total: 203400 ns
[2.903s][info ][safepoint      ] Safepoint "ICBufferFull", Time since last: 138258300 ns, Reaching safepoint: 147200 ns, At safepoint: 10400 ns, Total: 157600 ns
[3.178s][info ][safepoint      ] Safepoint "ICBufferFull", Time since last: 274568996 ns, Reaching safepoint: 171000 ns, At safepoint: 7400 ns, Total: 178400 ns
[3.404s][info ][gc,start       ] GC(2) Pause Young (Metadata GC Threshold)
[3.458s][debug][gc,phases      ] GC(2) Scavenge 54.576ms
[3.458s][debug][gc,ref         ] GC(2) Skipped phase 1 of Reference Processing: no references
[3.459s][debug][gc,ref         ] GC(2) ReferenceProcessor::execute queues: 4, RefProcThreadModel::Multi, marks_oops_alive: false
[3.459s][debug][gc,ref         ] GC(2) Skipped phase 3 of Reference Processing: no references
[3.459s][debug][gc,ref         ] GC(2) ReferenceProcessor::execute queues: 1, RefProcThreadModel::Single, marks_oops_alive: false
[3.459s][debug][gc,phases      ] GC(2) Reference Processing 0.470ms
[3.459s][debug][gc,phases      ] GC(2)   VM Weak                        Min:  0.0, Avg:  0.0, Max:  0.0, Diff:  0.0, Sum:  0.0, Workers: 4
[3.459s][debug][gc,phases      ] GC(2)     Dead                           Min: 0, Avg:  0.0, Max: 0, Diff: 0, Sum: 0, Workers: 4
[3.459s][debug][gc,phases      ] GC(2)     Total                          Min: 0, Avg: 80.0, Max: 320, Diff: 320, Sum: 320, Workers: 4
[3.459s][debug][gc,phases      ] GC(2)   ObjectSynchronizer Weak        Min:  0.0, Avg:  0.0, Max:  0.0, Diff:  0.0, Sum:  0.0, Workers: 4
[3.459s][debug][gc,phases      ] GC(2)     Dead                           Min: 0, Avg:  0.0, Max: 0, Diff: 0, Sum: 0, Workers: 4
[3.459s][debug][gc,phases      ] GC(2)     Total                          Min: 0, Avg:  1.5, Max: 6, Diff: 6, Sum: 6, Workers: 4
[3.459s][debug][gc,phases      ] GC(2)   JVMTI Tag Weak OopStorage      Min:  0.0, Avg:  0.0, Max:  0.0, Diff:  0.0, Sum:  0.0, Workers: 4
[3.459s][debug][gc,phases      ] GC(2)     Dead                           Min: 0, Avg:  0.0, Max: 0, Diff: 0, Sum: 0, Workers: 4
[3.459s][debug][gc,phases      ] GC(2)     Total                          Min: 0, Avg:  0.0, Max: 0, Diff: 0, Sum: 0, Workers: 4
[3.459s][debug][gc,phases      ] GC(2)   StringTable Weak               Min:  0.0, Avg:  0.2, Max:  0.2, Diff:  0.2, Sum:  0.7, Workers: 4
[3.459s][debug][gc,phases      ] GC(2)     Dead                           Min: 0, Avg:  1.5, Max: 3, Diff: 3, Sum: 6, Workers: 4
[3.459s][debug][gc,phases      ] GC(2)     Total                          Min: 0, Avg: 6506.0, Max: 9024, Diff: 9024, Sum: 26024, Workers: 4
[3.459s][debug][gc,phases      ] GC(2)   ResolvedMethodTable Weak       Min:  0.0, Avg:  0.0, Max:  0.0, Diff:  0.0, Sum:  0.1, Workers: 4
[3.459s][debug][gc,phases      ] GC(2)     Dead                           Min: 0, Avg: 14.2, Max: 25, Diff: 25, Sum: 57, Workers: 4
[3.459s][debug][gc,phases      ] GC(2)     Total                          Min: 0, Avg: 600.5, Max: 895, Diff: 895, Sum: 2402, Workers: 4
[3.459s][debug][gc,phases      ] GC(2)   JNI Weak                       Min:  0.0, Avg:  0.0, Max:  0.0, Diff:  0.0, Sum:  0.0, Workers: 4
[3.459s][debug][gc,phases      ] GC(2)     Dead                           Min: 0, Avg:  0.0, Max: 0, Diff: 0, Sum: 0, Workers: 4
[3.459s][debug][gc,phases      ] GC(2)     Total                          Min: 0, Avg: 11.2, Max: 45, Diff: 45, Sum: 45, Workers: 4
[3.459s][debug][gc,phases      ] GC(2)   StringDedup Table Weak         Min:  0.0, Avg:  0.0, Max:  0.0, Diff:  0.0, Sum:  0.0, Workers: 4
[3.459s][debug][gc,phases      ] GC(2)     Dead                           Min: 0, Avg:  0.0, Max: 0, Diff: 0, Sum: 0, Workers: 4
[3.459s][debug][gc,phases      ] GC(2)     Total                          Min: 0, Avg:  0.0, Max: 0, Diff: 0, Sum: 0, Workers: 4
[3.459s][debug][gc,phases      ] GC(2)   StringDedup Requests0 Weak     Min:  0.0, Avg:  0.0, Max:  0.0, Diff:  0.0, Sum:  0.0, Workers: 4
[3.459s][debug][gc,phases      ] GC(2)     Dead                           Min: 0, Avg:  0.0, Max: 0, Diff: 0, Sum: 0, Workers: 4
[3.459s][debug][gc,phases      ] GC(2)     Total                          Min: 0, Avg:  0.0, Max: 0, Diff: 0, Sum: 0, Workers: 4
[3.459s][debug][gc,phases      ] GC(2)   StringDedup Requests1 Weak     Min:  0.0, Avg:  0.0, Max:  0.0, Diff:  0.0, Sum:  0.0, Workers: 4
[3.459s][debug][gc,phases      ] GC(2)     Dead                           Min: 0, Avg:  0.0, Max: 0, Diff: 0, Sum: 0, Workers: 4
[3.459s][debug][gc,phases      ] GC(2)     Total                          Min: 0, Avg:  0.0, Max: 0, Diff: 0, Sum: 0, Workers: 4
[3.459s][debug][gc,phases      ] GC(2)   Weak JFR Old Object Samples    Min:  0.0, Avg:  0.0, Max:  0.0, Diff:  0.0, Sum:  0.0, Workers: 4
[3.459s][debug][gc,phases      ] GC(2)     Dead                           Min: 0, Avg:  0.0, Max: 0, Diff: 0, Sum: 0, Workers: 4
[3.459s][debug][gc,phases      ] GC(2)     Total                          Min: 0, Avg:  0.0, Max: 0, Diff: 0, Sum: 0, Workers: 4
[3.459s][debug][gc,phases      ] GC(2) Weak Processing 0.499ms
[3.459s][debug][gc,age         ] GC(2) Desired survivor size 536870912 bytes, new threshold 7 (max threshold 15)
[3.459s][info ][gc,heap        ] GC(2) PSYoungGen: 549323K(1572864K)->85042K(1572864K) Eden: 524322K(1048576K)->0K(1048576K) From: 25001K(524288K)->85042K(524288K)
[3.459s][info ][gc,heap        ] GC(2) ParOldGen: 5701K(6144K)->5709K(6144K)
[3.459s][info ][gc,metaspace   ] GC(2) Metaspace: 35330K(35840K)->35330K(35840K) NonClass: 30657K(30912K)->30657K(30912K) Class: 4672K(4928K)->4672K(4928K)
[3.459s][info ][gc             ] GC(2) Pause Young (Metadata GC Threshold) 542M->88M(1542M) 55.696ms
[3.459s][info ][gc,cpu         ] GC(2) User=0.15s Sys=0.02s Real=0.05s
[3.459s][debug][gc,phases      ] GC(3) Pre Compact 0.012ms
[3.459s][info ][gc,start       ] GC(3) Pause Full (Metadata GC Threshold)
[3.459s][info ][gc,phases,start] GC(3) Marking Phase
[3.490s][debug][gc,phases      ] GC(3) Par Mark 30.227ms
[3.490s][debug][gc,ref         ] GC(3) Skipped phase 1 of Reference Processing: no references
[3.490s][debug][gc,ref         ] GC(3) ReferenceProcessor::execute queues: 4, RefProcThreadModel::Multi, marks_oops_alive: false
[3.490s][debug][gc,ref         ] GC(3) Skipped phase 3 of Reference Processing: no references
[3.490s][debug][gc,ref         ] GC(3) ReferenceProcessor::execute queues: 1, RefProcThreadModel::Single, marks_oops_alive: false
[3.490s][debug][gc,phases      ] GC(3) Reference Processing 0.283ms
[3.490s][debug][gc,phases      ] GC(3)   VM Weak                        Min:  0.0, Avg:  0.0, Max:  0.0, Diff:  0.0, Sum:  0.0, Workers: 4
[3.490s][debug][gc,phases      ] GC(3)     Dead                           Min: 0, Avg:  0.0, Max: 0, Diff: 0, Sum: 0, Workers: 4
[3.490s][debug][gc,phases      ] GC(3)     Total                          Min: 0, Avg: 80.0, Max: 320, Diff: 320, Sum: 320, Workers: 4
[3.490s][debug][gc,phases      ] GC(3)   ObjectSynchronizer Weak        Min:  0.0, Avg:  0.0, Max:  0.0, Diff:  0.0, Sum:  0.0, Workers: 4
[3.490s][debug][gc,phases      ] GC(3)     Dead                           Min: 0, Avg:  0.0, Max: 0, Diff: 0, Sum: 0, Workers: 4
[3.490s][debug][gc,phases      ] GC(3)     Total                          Min: 0, Avg:  1.5, Max: 6, Diff: 6, Sum: 6, Workers: 4
[3.490s][debug][gc,phases      ] GC(3)   JVMTI Tag Weak OopStorage      Min:  0.0, Avg:  0.0, Max:  0.0, Diff:  0.0, Sum:  0.0, Workers: 4
[3.490s][debug][gc,phases      ] GC(3)     Dead                           Min: 0, Avg:  0.0, Max: 0, Diff: 0, Sum: 0, Workers: 4
[3.490s][debug][gc,phases      ] GC(3)     Total                          Min: 0, Avg:  0.0, Max: 0, Diff: 0, Sum: 0, Workers: 4
[3.490s][debug][gc,phases      ] GC(3)   StringTable Weak               Min:  0.0, Avg:  0.1, Max:  0.1, Diff:  0.1, Sum:  0.3, Workers: 4
[3.490s][debug][gc,phases      ] GC(3)     Dead                           Min: 0, Avg:  0.0, Max: 0, Diff: 0, Sum: 0, Workers: 4
[3.490s][debug][gc,phases      ] GC(3)     Total                          Min: 0, Avg: 6506.0, Max: 9384, Diff: 9384, Sum: 26024, Workers: 4
[3.490s][debug][gc,phases      ] GC(3)   ResolvedMethodTable Weak       Min:  0.0, Avg:  0.0, Max:  0.0, Diff:  0.0, Sum:  0.0, Workers: 4
[3.490s][debug][gc,phases      ] GC(3)     Dead                           Min: 0, Avg:  0.0, Max: 0, Diff: 0, Sum: 0, Workers: 4
[3.490s][debug][gc,phases      ] GC(3)     Total                          Min: 0, Avg: 600.5, Max: 831, Diff: 831, Sum: 2402, Workers: 4
[3.490s][debug][gc,phases      ] GC(3)   JNI Weak                       Min:  0.0, Avg:  0.0, Max:  0.0, Diff:  0.0, Sum:  0.0, Workers: 4
[3.490s][debug][gc,phases      ] GC(3)     Dead                           Min: 0, Avg:  0.0, Max: 0, Diff: 0, Sum: 0, Workers: 4
[3.490s][debug][gc,phases      ] GC(3)     Total                          Min: 0, Avg: 11.2, Max: 45, Diff: 45, Sum: 45, Workers: 4
[3.490s][debug][gc,phases      ] GC(3)   StringDedup Table Weak         Min:  0.0, Avg:  0.0, Max:  0.0, Diff:  0.0, Sum:  0.0, Workers: 4
[3.490s][debug][gc,phases      ] GC(3)     Dead                           Min: 0, Avg:  0.0, Max: 0, Diff: 0, Sum: 0, Workers: 4
[3.490s][debug][gc,phases      ] GC(3)     Total                          Min: 0, Avg:  0.0, Max: 0, Diff: 0, Sum: 0, Workers: 4
[3.490s][debug][gc,phases      ] GC(3)   StringDedup Requests0 Weak     Min:  0.0, Avg:  0.0, Max:  0.0, Diff:  0.0, Sum:  0.0, Workers: 4
[3.490s][debug][gc,phases      ] GC(3)     Dead                           Min: 0, Avg:  0.0, Max: 0, Diff: 0, Sum: 0, Workers: 4
[3.490s][debug][gc,phases      ] GC(3)     Total                          Min: 0, Avg:  0.0, Max: 0, Diff: 0, Sum: 0, Workers: 4
[3.490s][debug][gc,phases      ] GC(3)   StringDedup Requests1 Weak     Min:  0.0, Avg:  0.0, Max:  0.0, Diff:  0.0, Sum:  0.0, Workers: 4
[3.490s][debug][gc,phases      ] GC(3)     Dead                           Min: 0, Avg:  0.0, Max: 0, Diff: 0, Sum: 0, Workers: 4
[3.490s][debug][gc,phases      ] GC(3)     Total                          Min: 0, Avg:  0.0, Max: 0, Diff: 0, Sum: 0, Workers: 4
[3.490s][debug][gc,phases      ] GC(3)   Weak JFR Old Object Samples    Min:  0.0, Avg:  0.0, Max:  0.0, Diff:  0.0, Sum:  0.0, Workers: 4
[3.490s][debug][gc,phases      ] GC(3)     Dead                           Min: 0, Avg:  0.0, Max: 0, Diff: 0, Sum: 0, Workers: 4
[3.490s][debug][gc,phases      ] GC(3)     Total                          Min: 0, Avg:  0.0, Max: 0, Diff: 0, Sum: 0, Workers: 4
[3.490s][debug][gc,phases      ] GC(3) Weak Processing 0.274ms
[3.490s][debug][gc,phases      ] GC(3) ClassLoaderData 0.038ms
[3.490s][debug][gc,phases      ] GC(3) Trigger cleanups 0.000ms
[3.495s][debug][gc,phases      ] GC(3) Class Unloading 5.124ms
[3.496s][info ][gc,phases      ] GC(3) Marking Phase 36.022ms
[3.496s][info ][gc,phases,start] GC(3) Summary Phase
[3.496s][info ][gc,phases      ] GC(3) Summary Phase 0.007ms
[3.496s][info ][gc,phases,start] GC(3) Adjust Roots
[3.503s][info ][gc,phases      ] GC(3) Adjust Roots 7.731ms
[3.503s][info ][gc,phases,start] GC(3) Compaction Phase
[3.864s][info ][gc,phases      ] GC(3) Compaction Phase 360.410ms
[3.864s][info ][gc,phases,start] GC(3) Post Compact
[3.864s][info ][gc,phases      ] GC(3) Post Compact 0.694ms
[3.864s][info ][gc,heap        ] GC(3) PSYoungGen: 85042K(1572864K)->84316K(1572864K) Eden: 0K(1048576K)->0K(1048576K) From: 85042K(524288K)->84316K(524288K)
[3.864s][info ][gc,heap        ] GC(3) ParOldGen: 5709K(6144K)->6084K(6144K)
[3.864s][info ][gc,metaspace   ] GC(3) Metaspace: 35330K(35840K)->35330K(35840K) NonClass: 30657K(30912K)->30657K(30912K) Class: 4672K(4928K)->4672K(4928K)
[3.864s][info ][gc             ] GC(3) Pause Full (Metadata GC Threshold) 88M->88M(1542M) 404.972ms
[3.864s][info ][gc,cpu         ] GC(3) User=0.86s Sys=0.01s Real=0.41s
[3.864s][info ][safepoint      ] Safepoint "CollectForMetadataAllocation", Time since last: 225595155 ns, Reaching safepoint: 166200 ns, At safepoint: 460790038 ns, Total: 460956238 ns
[4.297s][info ][safepoint      ] Safepoint "ICBufferFull", Time since last: 432698458 ns, Reaching safepoint: 207700 ns, At safepoint: 6400 ns, Total: 214100 ns
[4.784s][info ][safepoint      ] Safepoint "ICBufferFull", Time since last: 486061116 ns, Reaching safepoint: 153800 ns, At safepoint: 4900 ns, Total: 158700 ns
[4.958s][info ][safepoint      ] Safepoint "ICBufferFull", Time since last: 173992907 ns, Reaching safepoint: 157001 ns, At safepoint: 7200 ns, Total: 164201 ns
[5.092s][info ][safepoint      ] Safepoint "ICBufferFull", Time since last: 133928990 ns, Reaching safepoint: 172800 ns, At safepoint: 3300 ns, Total: 176100 ns
[5.225s][info ][safepoint      ] Safepoint "ICBufferFull", Time since last: 133223490 ns, Reaching safepoint: 163200 ns, At safepoint: 7800 ns, Total: 171000 ns
[5.724s][info ][safepoint      ] Safepoint "ICBufferFull", Time since last: 498292256 ns, Reaching safepoint: 140801 ns, At safepoint: 2400 ns, Total: 143201 ns
[6.144s][info ][safepoint      ] Safepoint "ICBufferFull", Time since last: 420418129 ns, Reaching safepoint: 227701 ns, At safepoint: 12100 ns, Total: 239801 ns
[6.325s][info ][safepoint      ] Safepoint "ICBufferFull", Time since last: 180591830 ns, Reaching safepoint: 176500 ns, At safepoint: 2800 ns, Total: 179300 ns
[6.475s][info ][safepoint      ] Safepoint "ICBufferFull", Time since last: 149639439 ns, Reaching safepoint: 164200 ns, At safepoint: 6200 ns, Total: 170400 ns
[7.171s][info ][safepoint      ] Safepoint "ICBufferFull", Time since last: 695418141 ns, Reaching safepoint: 171000 ns, At safepoint: 6600 ns, Total: 177600 ns
[7.400s][info ][safepoint      ] Safepoint "ICBufferFull", Time since last: 229254975 ns, Reaching safepoint: 148900 ns, At safepoint: 4600 ns, Total: 153500 ns
[7.407s][debug][gc,phases      ] GC(4) Pre Compact 0.019ms
[7.407s][info ][gc,start       ] GC(4) Pause Full (Metadata GC Threshold)
[7.407s][info ][gc,phases,start] GC(4) Marking Phase
[7.465s][debug][gc,phases      ] GC(4) Par Mark 57.533ms
[7.465s][debug][gc,ref         ] GC(4) Skipped phase 1 of Reference Processing: no references
[7.465s][debug][gc,ref         ] GC(4) ReferenceProcessor::execute queues: 4, RefProcThreadModel::Multi, marks_oops_alive: false
[7.466s][debug][gc,ref         ] GC(4) Skipped phase 3 of Reference Processing: no references
[7.466s][debug][gc,ref         ] GC(4) ReferenceProcessor::execute queues: 4, RefProcThreadModel::Multi, marks_oops_alive: false
[7.466s][debug][gc,phases      ] GC(4) Reference Processing 1.540ms
[7.467s][debug][gc,phases      ] GC(4)   VM Weak                        Min:  0.0, Avg:  0.0, Max:  0.0, Diff:  0.0, Sum:  0.0, Workers: 4
[7.467s][debug][gc,phases      ] GC(4)     Dead                           Min: 0, Avg:  0.0, Max: 0, Diff: 0, Sum: 0, Workers: 4
[7.467s][debug][gc,phases      ] GC(4)     Total                          Min: 0, Avg: 137.0, Max: 420, Diff: 420, Sum: 548, Workers: 4
[7.467s][debug][gc,phases      ] GC(4)   ObjectSynchronizer Weak        Min:  0.0, Avg:  0.0, Max:  0.0, Diff:  0.0, Sum:  0.0, Workers: 4
[7.467s][debug][gc,phases      ] GC(4)     Dead                           Min: 0, Avg:  1.8, Max: 7, Diff: 7, Sum: 7, Workers: 4
[7.467s][debug][gc,phases      ] GC(4)     Total                          Min: 0, Avg:  5.8, Max: 23, Diff: 23, Sum: 23, Workers: 4
[7.467s][debug][gc,phases      ] GC(4)   JVMTI Tag Weak OopStorage      Min:  0.0, Avg:  0.0, Max:  0.0, Diff:  0.0, Sum:  0.0, Workers: 4
[7.467s][debug][gc,phases      ] GC(4)     Dead                           Min: 0, Avg:  0.0, Max: 0, Diff: 0, Sum: 0, Workers: 4
[7.467s][debug][gc,phases      ] GC(4)     Total                          Min: 0, Avg:  0.0, Max: 0, Diff: 0, Sum: 0, Workers: 4
[7.467s][debug][gc,phases      ] GC(4)   StringTable Weak               Min:  0.1, Avg:  0.1, Max:  0.1, Diff:  0.0, Sum:  0.5, Workers: 4
[7.467s][debug][gc,phases      ] GC(4)     Dead                           Min: 2, Avg:  5.8, Max: 9, Diff: 7, Sum: 23, Workers: 4
[7.467s][debug][gc,phases      ] GC(4)     Total                          Min: 7872, Avg: 8984.5, Max: 10048, Diff: 2176, Sum: 35938, Workers: 4
[7.467s][debug][gc,phases      ] GC(4)   ResolvedMethodTable Weak       Min:  0.0, Avg:  0.0, Max:  0.0, Diff:  0.0, Sum:  0.1, Workers: 4
[7.467s][debug][gc,phases      ] GC(4)     Dead                           Min: 22, Avg: 92.0, Max: 179, Diff: 157, Sum: 368, Workers: 4
[7.467s][debug][gc,phases      ] GC(4)     Total                          Min: 1581, Avg: 1659.2, Max: 1728, Diff: 147, Sum: 6637, Workers: 4
[7.467s][debug][gc,phases      ] GC(4)   JNI Weak                       Min:  0.0, Avg:  0.0, Max:  0.0, Diff:  0.0, Sum:  0.0, Workers: 4
[7.467s][debug][gc,phases      ] GC(4)     Dead                           Min: 0, Avg:  0.0, Max: 0, Diff: 0, Sum: 0, Workers: 4
[7.467s][debug][gc,phases      ] GC(4)     Total                          Min: 0, Avg: 13.5, Max: 54, Diff: 54, Sum: 54, Workers: 4
[7.467s][debug][gc,phases      ] GC(4)   StringDedup Table Weak         Min:  0.0, Avg:  0.0, Max:  0.0, Diff:  0.0, Sum:  0.0, Workers: 4
[7.467s][debug][gc,phases      ] GC(4)     Dead                           Min: 0, Avg:  0.0, Max: 0, Diff: 0, Sum: 0, Workers: 4
[7.467s][debug][gc,phases      ] GC(4)     Total                          Min: 0, Avg:  0.0, Max: 0, Diff: 0, Sum: 0, Workers: 4
[7.467s][debug][gc,phases      ] GC(4)   StringDedup Requests0 Weak     Min:  0.0, Avg:  0.0, Max:  0.0, Diff:  0.0, Sum:  0.0, Workers: 4
[7.467s][debug][gc,phases      ] GC(4)     Dead                           Min: 0, Avg:  0.0, Max: 0, Diff: 0, Sum: 0, Workers: 4
[7.467s][debug][gc,phases      ] GC(4)     Total                          Min: 0, Avg:  0.0, Max: 0, Diff: 0, Sum: 0, Workers: 4
[7.467s][debug][gc,phases      ] GC(4)   StringDedup Requests1 Weak     Min:  0.0, Avg:  0.0, Max:  0.0, Diff:  0.0, Sum:  0.0, Workers: 4
[7.467s][debug][gc,phases      ] GC(4)     Dead                           Min: 0, Avg:  0.0, Max: 0, Diff: 0, Sum: 0, Workers: 4
[7.467s][debug][gc,phases      ] GC(4)     Total                          Min: 0, Avg:  0.0, Max: 0, Diff: 0, Sum: 0, Workers: 4
[7.467s][debug][gc,phases      ] GC(4)   Weak JFR Old Object Samples    Min:  0.0, Avg:  0.0, Max:  0.0, Diff:  0.0, Sum:  0.0, Workers: 4
[7.467s][debug][gc,phases      ] GC(4)     Dead                           Min: 0, Avg:  0.0, Max: 0, Diff: 0, Sum: 0, Workers: 4
[7.467s][debug][gc,phases      ] GC(4)     Total                          Min: 0, Avg:  0.0, Max: 0, Diff: 0, Sum: 0, Workers: 4
[7.467s][debug][gc,phases      ] GC(4) Weak Processing 0.300ms
[7.467s][debug][gc,phases      ] GC(4) ClassLoaderData 0.062ms
[7.467s][debug][gc,phases      ] GC(4) Trigger cleanups 0.000ms
[7.474s][debug][gc,phases      ] GC(4) Class Unloading 6.992ms
[7.474s][info ][gc,phases      ] GC(4) Marking Phase 66.486ms
[7.474s][info ][gc,phases,start] GC(4) Summary Phase
[7.474s][info ][gc,phases      ] GC(4) Summary Phase 0.019ms
[7.474s][info ][gc,phases,start] GC(4) Adjust Roots
[7.483s][info ][gc,phases      ] GC(4) Adjust Roots 9.113ms
[7.483s][info ][gc,phases,start] GC(4) Compaction Phase
[7.636s][info ][gc,phases      ] GC(4) Compaction Phase 153.596ms
[7.637s][info ][gc,phases,start] GC(4) Post Compact
[7.640s][info ][gc,phases      ] GC(4) Post Compact 3.218ms
[7.640s][info ][gc,heap        ] GC(4) PSYoungGen: 1052667K(1572864K)->116408K(1572864K) Eden: 968351K(1048576K)->116408K(1048576K) From: 84316K(524288K)->0K(524288K)
[7.640s][info ][gc,heap        ] GC(4) ParOldGen: 6084K(6144K)->6132K(6144K)
[7.640s][info ][gc,metaspace   ] GC(4) Metaspace: 59052K(59776K)->59052K(59776K) NonClass: 50248K(50624K)->50248K(50624K) Class: 8803K(9152K)->8803K(9152K)
[7.640s][info ][gc             ] GC(4) Pause Full (Metadata GC Threshold) 1033M->119M(1542M) 232.558ms
[7.640s][info ][gc,cpu         ] GC(4) User=0.74s Sys=0.02s Real=0.24s
[7.640s][info ][safepoint      ] Safepoint "CollectForMetadataAllocation", Time since last: 7098221 ns, Reaching safepoint: 113201 ns, At safepoint: 232654984 ns, Total: 232768185 ns
[8.640s][info ][safepoint      ] Safepoint "Cleanup", Time since last: 1000085549 ns, Reaching safepoint: 192301 ns, At safepoint: 15600 ns, Total: 207901 ns
[9.944s][info ][safepoint      ] Safepoint "Cleanup", Time since last: 1303981059 ns, Reaching safepoint: 57400 ns, At safepoint: 6200 ns, Total: 63600 ns
[10.311s][info ][safepoint      ] Safepoint "ICBufferFull", Time since last: 366984390 ns, Reaching safepoint: 222901 ns, At safepoint: 10300 ns, Total: 233201 ns
[10.695s][debug][gc,phases      ] GC(5) Pre Compact 0.017ms
[10.695s][info ][gc,start       ] GC(5) Pause Full (Ergonomics)
[10.695s][info ][gc,phases,start] GC(5) Marking Phase
[11.015s][debug][gc,phases      ] GC(5) Par Mark 319.725ms
[11.015s][debug][gc,ref         ] GC(5) Skipped phase 1 of Reference Processing: no references
[11.015s][debug][gc,ref         ] GC(5) ReferenceProcessor::execute queues: 4, RefProcThreadModel::Multi, marks_oops_alive: false
[11.016s][debug][gc,ref         ] GC(5) Skipped phase 3 of Reference Processing: no references
[11.016s][debug][gc,ref         ] GC(5) ReferenceProcessor::execute queues: 1, RefProcThreadModel::Single, marks_oops_alive: false
[11.016s][debug][gc,phases      ] GC(5) Reference Processing 0.861ms
[11.016s][debug][gc,phases      ] GC(5)   VM Weak                        Min:  0.0, Avg:  0.0, Max:  0.0, Diff:  0.0, Sum:  0.0, Workers: 4
[11.016s][debug][gc,phases      ] GC(5)     Dead                           Min: 0, Avg:  0.8, Max: 3, Diff: 3, Sum: 3, Workers: 4
[11.016s][debug][gc,phases      ] GC(5)     Total                          Min: 0, Avg: 143.8, Max: 447, Diff: 447, Sum: 575, Workers: 4
[11.016s][debug][gc,phases      ] GC(5)   ObjectSynchronizer Weak        Min:  0.0, Avg:  0.0, Max:  0.0, Diff:  0.0, Sum:  0.0, Workers: 4
[11.016s][debug][gc,phases      ] GC(5)     Dead                           Min: 0, Avg:  0.0, Max: 0, Diff: 0, Sum: 0, Workers: 4
[11.016s][debug][gc,phases      ] GC(5)     Total                          Min: 0, Avg:  5.8, Max: 23, Diff: 23, Sum: 23, Workers: 4
[11.016s][debug][gc,phases      ] GC(5)   JVMTI Tag Weak OopStorage      Min:  0.0, Avg:  0.0, Max:  0.0, Diff:  0.0, Sum:  0.0, Workers: 4
[11.016s][debug][gc,phases      ] GC(5)     Dead                           Min: 0, Avg:  0.0, Max: 0, Diff: 0, Sum: 0, Workers: 4
[11.016s][debug][gc,phases      ] GC(5)     Total                          Min: 0, Avg:  0.0, Max: 0, Diff: 0, Sum: 0, Workers: 4
[11.016s][debug][gc,phases      ] GC(5)   StringTable Weak               Min:  0.0, Avg:  0.1, Max:  0.1, Diff:  0.1, Sum:  0.4, Workers: 4
[11.016s][debug][gc,phases      ] GC(5)     Dead                           Min: 0, Avg:  1.5, Max: 3, Diff: 3, Sum: 6, Workers: 4
[11.016s][debug][gc,phases      ] GC(5)     Total                          Min: 0, Avg: 9074.5, Max: 14410, Diff: 14410, Sum: 36298, Workers: 4
[11.016s][debug][gc,phases      ] GC(5)   ResolvedMethodTable Weak       Min:  0.0, Avg:  0.0, Max:  0.0, Diff:  0.0, Sum:  0.1, Workers: 4
[11.016s][debug][gc,phases      ] GC(5)     Dead                           Min: 0, Avg:  9.2, Max: 25, Diff: 25, Sum: 37, Workers: 4
[11.016s][debug][gc,phases      ] GC(5)     Total                          Min: 0, Avg: 1622.2, Max: 2286, Diff: 2286, Sum: 6489, Workers: 4
[11.016s][debug][gc,phases      ] GC(5)   JNI Weak                       Min:  0.0, Avg:  0.0, Max:  0.0, Diff:  0.0, Sum:  0.0, Workers: 4
[11.016s][debug][gc,phases      ] GC(5)     Dead                           Min: 0, Avg:  0.0, Max: 0, Diff: 0, Sum: 0, Workers: 4
[11.016s][debug][gc,phases      ] GC(5)     Total                          Min: 0, Avg: 14.5, Max: 48, Diff: 48, Sum: 58, Workers: 4
[11.016s][debug][gc,phases      ] GC(5)   StringDedup Table Weak         Min:  0.0, Avg:  0.0, Max:  0.0, Diff:  0.0, Sum:  0.0, Workers: 4
[11.016s][debug][gc,phases      ] GC(5)     Dead                           Min: 0, Avg:  0.0, Max: 0, Diff: 0, Sum: 0, Workers: 4
[11.016s][debug][gc,phases      ] GC(5)     Total                          Min: 0, Avg:  0.0, Max: 0, Diff: 0, Sum: 0, Workers: 4
[11.016s][debug][gc,phases      ] GC(5)   StringDedup Requests0 Weak     Min:  0.0, Avg:  0.0, Max:  0.0, Diff:  0.0, Sum:  0.0, Workers: 4
[11.016s][debug][gc,phases      ] GC(5)     Dead                           Min: 0, Avg:  0.0, Max: 0, Diff: 0, Sum: 0, Workers: 4
[11.016s][debug][gc,phases      ] GC(5)     Total                          Min: 0, Avg:  0.0, Max: 0, Diff: 0, Sum: 0, Workers: 4
[11.016s][debug][gc,phases      ] GC(5)   StringDedup Requests1 Weak     Min:  0.0, Avg:  0.0, Max:  0.0, Diff:  0.0, Sum:  0.0, Workers: 4
[11.016s][debug][gc,phases      ] GC(5)     Dead                           Min: 0, Avg:  0.0, Max: 0, Diff: 0, Sum: 0, Workers: 4
[11.016s][debug][gc,phases      ] GC(5)     Total                          Min: 0, Avg:  0.0, Max: 0, Diff: 0, Sum: 0, Workers: 4
[11.016s][debug][gc,phases      ] GC(5)   Weak JFR Old Object Samples    Min:  0.0, Avg:  0.0, Max:  0.0, Diff:  0.0, Sum:  0.0, Workers: 4
[11.016s][debug][gc,phases      ] GC(5)     Dead                           Min: 0, Avg:  0.0, Max: 0, Diff: 0, Sum: 0, Workers: 4
[11.016s][debug][gc,phases      ] GC(5)     Total                          Min: 0, Avg:  0.0, Max: 0, Diff: 0, Sum: 0, Workers: 4
[11.016s][debug][gc,phases      ] GC(5) Weak Processing 0.351ms
[11.016s][debug][gc,phases      ] GC(5) ClassLoaderData 0.141ms
[11.016s][debug][gc,phases      ] GC(5) Trigger cleanups 0.007ms
[11.028s][debug][gc,phases      ] GC(5) Class Unloading 11.803ms
[11.028s][info ][gc,phases      ] GC(5) Marking Phase 332.877ms
[11.028s][info ][gc,phases,start] GC(5) Summary Phase
[11.028s][info ][gc,phases      ] GC(5) Summary Phase 0.021ms
[11.028s][info ][gc,phases,start] GC(5) Adjust Roots
[11.035s][info ][gc,phases      ] GC(5) Adjust Roots 7.139ms
[11.035s][info ][gc,phases,start] GC(5) Compaction Phase
[11.785s][info ][gc,phases      ] GC(5) Compaction Phase 750.076ms
[11.785s][info ][gc,phases,start] GC(5) Post Compact
[11.788s][info ][gc,phases      ] GC(5) Post Compact 2.741ms
[11.788s][info ][gc,heap        ] GC(5) PSYoungGen: 1048576K(1572864K)->663699K(1572864K) Eden: 1048576K(1048576K)->663699K(1048576K) From: 0K(524288K)->0K(524288K)
[11.788s][info ][gc,heap        ] GC(5) ParOldGen: 6132K(6144K)->6125K(18944K)
[11.788s][info ][gc,metaspace   ] GC(5) Metaspace: 60394K(61184K)->60389K(61184K) NonClass: 51422K(51840K)->51418K(51840K) Class: 8972K(9344K)->8970K(9344K)
[11.788s][info ][gc             ] GC(5) Pause Full (Ergonomics) 1029M->654M(1554M) 1093.042ms
[11.788s][info ][gc,cpu         ] GC(5) User=3.76s Sys=0.02s Real=1.09s
[11.788s][info ][safepoint      ] Safepoint "ParallelGCFailedAllocation", Time since last: 383240339 ns, Reaching safepoint: 144500 ns, At safepoint: 1093156458 ns, Total: 1093300958 ns
[12.033s][info ][safepoint      ] Safepoint "ICBufferFull", Time since last: 244502729 ns, Reaching safepoint: 153000 ns, At safepoint: 16100 ns, Total: 169100 ns
[12.364s][info ][safepoint      ] Safepoint "ICBufferFull", Time since last: 331313892 ns, Reaching safepoint: 154200 ns, At safepoint: 8200 ns, Total: 162400 ns
[12.670s][info ][gc,start       ] GC(6) Pause Young (Allocation Failure)
[13.084s][debug][gc,phases      ] GC(6) Scavenge 413.877ms
[13.084s][debug][gc,ref         ] GC(6) Skipped phase 1 of Reference Processing: no references
[13.084s][debug][gc,ref         ] GC(6) ReferenceProcessor::execute queues: 4, RefProcThreadModel::Multi, marks_oops_alive: false
[13.084s][debug][gc,ref         ] GC(6) Skipped phase 3 of Reference Processing: no references
[13.084s][debug][gc,ref         ] GC(6) ReferenceProcessor::execute queues: 1, RefProcThreadModel::Single, marks_oops_alive: false
[13.084s][debug][gc,phases      ] GC(6) Reference Processing 0.354ms
[13.085s][debug][gc,phases      ] GC(6)   VM Weak                        Min:  0.0, Avg:  0.0, Max:  0.0, Diff:  0.0, Sum:  0.0, Workers: 4
[13.085s][debug][gc,phases      ] GC(6)     Dead                           Min: 0, Avg:  0.0, Max: 0, Diff: 0, Sum: 0, Workers: 4
[13.085s][debug][gc,phases      ] GC(6)     Total                          Min: 0, Avg: 147.0, Max: 384, Diff: 384, Sum: 588, Workers: 4
[13.085s][debug][gc,phases      ] GC(6)   ObjectSynchronizer Weak        Min:  0.0, Avg:  0.0, Max:  0.0, Diff:  0.0, Sum:  0.0, Workers: 4
[13.085s][debug][gc,phases      ] GC(6)     Dead                           Min: 0, Avg:  0.0, Max: 0, Diff: 0, Sum: 0, Workers: 4
[13.085s][debug][gc,phases      ] GC(6)     Total                          Min: 0, Avg:  5.8, Max: 23, Diff: 23, Sum: 23, Workers: 4
[13.085s][debug][gc,phases      ] GC(6)   JVMTI Tag Weak OopStorage      Min:  0.0, Avg:  0.0, Max:  0.0, Diff:  0.0, Sum:  0.0, Workers: 4
[13.085s][debug][gc,phases      ] GC(6)     Dead                           Min: 0, Avg:  0.0, Max: 0, Diff: 0, Sum: 0, Workers: 4
[13.085s][debug][gc,phases      ] GC(6)     Total                          Min: 0, Avg:  0.0, Max: 0, Diff: 0, Sum: 0, Workers: 4
[13.085s][debug][gc,phases      ] GC(6)   StringTable Weak               Min:  0.0, Avg:  0.2, Max:  0.3, Diff:  0.3, Sum:  0.8, Workers: 4
[13.085s][debug][gc,phases      ] GC(6)     Dead                           Min: 0, Avg:  1.2, Max: 5, Diff: 5, Sum: 5, Workers: 4
[13.085s][debug][gc,phases      ] GC(6)     Total                          Min: 0, Avg: 9135.0, Max: 16573, Diff: 16573, Sum: 36540, Workers: 4
[13.085s][debug][gc,phases      ] GC(6)   ResolvedMethodTable Weak       Min:  0.0, Avg:  0.0, Max:  0.1, Diff:  0.1, Sum:  0.2, Workers: 4
[13.085s][debug][gc,phases      ] GC(6)     Dead                           Min: 0, Avg: 10.0, Max: 23, Diff: 23, Sum: 40, Workers: 4
[13.085s][debug][gc,phases      ] GC(6)     Total                          Min: 0, Avg: 1668.5, Max: 3200, Diff: 3200, Sum: 6674, Workers: 4
[13.085s][debug][gc,phases      ] GC(6)   JNI Weak                       Min:  0.0, Avg:  0.0, Max:  0.0, Diff:  0.0, Sum:  0.0, Workers: 4
[13.085s][debug][gc,phases      ] GC(6)     Dead                           Min: 0, Avg:  0.0, Max: 0, Diff: 0, Sum: 0, Workers: 4
[13.085s][debug][gc,phases      ] GC(6)     Total                          Min: 0, Avg: 14.2, Max: 48, Diff: 48, Sum: 57, Workers: 4
[13.085s][debug][gc,phases      ] GC(6)   StringDedup Table Weak         Min:  0.0, Avg:  0.0, Max:  0.0, Diff:  0.0, Sum:  0.0, Workers: 4
[13.085s][debug][gc,phases      ] GC(6)     Dead                           Min: 0, Avg:  0.0, Max: 0, Diff: 0, Sum: 0, Workers: 4
[13.085s][debug][gc,phases      ] GC(6)     Total                          Min: 0, Avg:  0.0, Max: 0, Diff: 0, Sum: 0, Workers: 4
[13.085s][debug][gc,phases      ] GC(6)   StringDedup Requests0 Weak     Min:  0.0, Avg:  0.0, Max:  0.0, Diff:  0.0, Sum:  0.0, Workers: 4
[13.085s][debug][gc,phases      ] GC(6)     Dead                           Min: 0, Avg:  0.0, Max: 0, Diff: 0, Sum: 0, Workers: 4
[13.085s][debug][gc,phases      ] GC(6)     Total                          Min: 0, Avg:  0.0, Max: 0, Diff: 0, Sum: 0, Workers: 4
[13.085s][debug][gc,phases      ] GC(6)   StringDedup Requests1 Weak     Min:  0.0, Avg:  0.0, Max:  0.0, Diff:  0.0, Sum:  0.0, Workers: 4
[13.085s][debug][gc,phases      ] GC(6)     Dead                           Min: 0, Avg:  0.0, Max: 0, Diff: 0, Sum: 0, Workers: 4
[13.085s][debug][gc,phases      ] GC(6)     Total                          Min: 0, Avg:  0.0, Max: 0, Diff: 0, Sum: 0, Workers: 4
[13.085s][debug][gc,phases      ] GC(6)   Weak JFR Old Object Samples    Min:  0.0, Avg:  0.0, Max:  0.0, Diff:  0.0, Sum:  0.0, Workers: 4
[13.085s][debug][gc,phases      ] GC(6)     Dead                           Min: 0, Avg:  0.0, Max: 0, Diff: 0, Sum: 0, Workers: 4
[13.085s][debug][gc,phases      ] GC(6)     Total                          Min: 0, Avg:  0.0, Max: 0, Diff: 0, Sum: 0, Workers: 4
[13.085s][debug][gc,phases      ] GC(6) Weak Processing 0.492ms
[13.085s][debug][gc,age         ] GC(6) Desired survivor size 536870912 bytes, new threshold 7 (max threshold 15)
[13.085s][info ][gc,heap        ] GC(6) PSYoungGen: 1048576K(1572864K)->524260K(1572864K) Eden: 1048576K(1048576K)->0K(1048576K) From: 0K(524288K)->524260K(524288K)
[13.085s][info ][gc,heap        ] GC(6) ParOldGen: 6125K(18944K)->203158K(203264K)
[13.085s][info ][gc,metaspace   ] GC(6) Metaspace: 61428K(62144K)->61428K(62144K) NonClass: 52338K(52736K)->52338K(52736K) Class: 9089K(9408K)->9089K(9408K)
[13.085s][info ][gc             ] GC(6) Pause Young (Allocation Failure) 1029M->710M(1734M) 414.846ms
[13.085s][info ][gc,cpu         ] GC(6) User=1.16s Sys=0.28s Real=0.42s
[13.085s][debug][gc,phases      ] GC(7) Pre Compact 0.008ms
[13.085s][info ][gc,start       ] GC(7) Pause Full (Ergonomics)
[13.085s][info ][gc,phases,start] GC(7) Marking Phase
[13.375s][debug][gc,phases      ] GC(7) Par Mark 289.946ms
[13.375s][debug][gc,ref         ] GC(7) Skipped phase 1 of Reference Processing: no references
[13.375s][debug][gc,ref         ] GC(7) ReferenceProcessor::execute queues: 4, RefProcThreadModel::Multi, marks_oops_alive: false
[13.375s][debug][gc,ref         ] GC(7) Skipped phase 3 of Reference Processing: no references
[13.375s][debug][gc,ref         ] GC(7) ReferenceProcessor::execute queues: 1, RefProcThreadModel::Single, marks_oops_alive: false
[13.375s][debug][gc,phases      ] GC(7) Reference Processing 0.290ms
[13.375s][debug][gc,phases      ] GC(7)   VM Weak                        Min:  0.0, Avg:  0.0, Max:  0.0, Diff:  0.0, Sum:  0.0, Workers: 4
[13.375s][debug][gc,phases      ] GC(7)     Dead                           Min: 0, Avg:  0.0, Max: 0, Diff: 0, Sum: 0, Workers: 4
[13.375s][debug][gc,phases      ] GC(7)     Total                          Min: 64, Avg: 147.0, Max: 268, Diff: 204, Sum: 588, Workers: 4
[13.375s][debug][gc,phases      ] GC(7)   ObjectSynchronizer Weak        Min:  0.0, Avg:  0.0, Max:  0.0, Diff:  0.0, Sum:  0.0, Workers: 4
[13.375s][debug][gc,phases      ] GC(7)     Dead                           Min: 0, Avg:  0.0, Max: 0, Diff: 0, Sum: 0, Workers: 4
[13.375s][debug][gc,phases      ] GC(7)     Total                          Min: 0, Avg:  5.8, Max: 23, Diff: 23, Sum: 23, Workers: 4
[13.375s][debug][gc,phases      ] GC(7)   JVMTI Tag Weak OopStorage      Min:  0.0, Avg:  0.0, Max:  0.0, Diff:  0.0, Sum:  0.0, Workers: 4
[13.376s][debug][gc,phases      ] GC(7)     Dead                           Min: 0, Avg:  0.0, Max: 0, Diff: 0, Sum: 0, Workers: 4
[13.376s][debug][gc,phases      ] GC(7)     Total                          Min: 0, Avg:  0.0, Max: 0, Diff: 0, Sum: 0, Workers: 4
[13.376s][debug][gc,phases      ] GC(7)   StringTable Weak               Min:  0.1, Avg:  0.1, Max:  0.1, Diff:  0.0, Sum:  0.5, Workers: 4
[13.376s][debug][gc,phases      ] GC(7)     Dead                           Min: 0, Avg:  0.0, Max: 0, Diff: 0, Sum: 0, Workers: 4
[13.376s][debug][gc,phases      ] GC(7)     Total                          Min: 8701, Avg: 9135.0, Max: 9536, Diff: 835, Sum: 36540, Workers: 4
[13.376s][debug][gc,phases      ] GC(7)   ResolvedMethodTable Weak       Min:  0.0, Avg:  0.0, Max:  0.0, Diff:  0.0, Sum:  0.1, Workers: 4
[13.376s][debug][gc,phases      ] GC(7)     Dead                           Min: 0, Avg:  0.0, Max: 0, Diff: 0, Sum: 0, Workers: 4
[13.376s][debug][gc,phases      ] GC(7)     Total                          Min: 850, Avg: 1668.5, Max: 2048, Diff: 1198, Sum: 6674, Workers: 4
[13.376s][debug][gc,phases      ] GC(7)   JNI Weak                       Min:  0.0, Avg:  0.0, Max:  0.0, Diff:  0.0, Sum:  0.0, Workers: 4
[13.376s][debug][gc,phases      ] GC(7)     Dead                           Min: 0, Avg:  0.0, Max: 0, Diff: 0, Sum: 0, Workers: 4
[13.376s][debug][gc,phases      ] GC(7)     Total                          Min: 0, Avg: 14.2, Max: 48, Diff: 48, Sum: 57, Workers: 4
[13.376s][debug][gc,phases      ] GC(7)   StringDedup Table Weak         Min:  0.0, Avg:  0.0, Max:  0.0, Diff:  0.0, Sum:  0.0, Workers: 4
[13.376s][debug][gc,phases      ] GC(7)     Dead                           Min: 0, Avg:  0.0, Max: 0, Diff: 0, Sum: 0, Workers: 4
[13.376s][debug][gc,phases      ] GC(7)     Total                          Min: 0, Avg:  0.0, Max: 0, Diff: 0, Sum: 0, Workers: 4
[13.376s][debug][gc,phases      ] GC(7)   StringDedup Requests0 Weak     Min:  0.0, Avg:  0.0, Max:  0.0, Diff:  0.0, Sum:  0.0, Workers: 4
[13.376s][debug][gc,phases      ] GC(7)     Dead                           Min: 0, Avg:  0.0, Max: 0, Diff: 0, Sum: 0, Workers: 4
[13.376s][debug][gc,phases      ] GC(7)     Total                          Min: 0, Avg:  0.0, Max: 0, Diff: 0, Sum: 0, Workers: 4
[13.376s][debug][gc,phases      ] GC(7)   StringDedup Requests1 Weak     Min:  0.0, Avg:  0.0, Max:  0.0, Diff:  0.0, Sum:  0.0, Workers: 4
[13.376s][debug][gc,phases      ] GC(7)     Dead                           Min: 0, Avg:  0.0, Max: 0, Diff: 0, Sum: 0, Workers: 4
[13.376s][debug][gc,phases      ] GC(7)     Total                          Min: 0, Avg:  0.0, Max: 0, Diff: 0, Sum: 0, Workers: 4
[13.376s][debug][gc,phases      ] GC(7)   Weak JFR Old Object Samples    Min:  0.0, Avg:  0.0, Max:  0.0, Diff:  0.0, Sum:  0.0, Workers: 4
[13.376s][debug][gc,phases      ] GC(7)     Dead                           Min: 0, Avg:  0.0, Max: 0, Diff: 0, Sum: 0, Workers: 4
[13.376s][debug][gc,phases      ] GC(7)     Total                          Min: 0, Avg:  0.0, Max: 0, Diff: 0, Sum: 0, Workers: 4
[13.376s][debug][gc,phases      ] GC(7) Weak Processing 0.303ms
[13.376s][debug][gc,phases      ] GC(7) ClassLoaderData 0.069ms
[13.376s][debug][gc,phases      ] GC(7) Trigger cleanups 0.000ms
[13.383s][debug][gc,phases      ] GC(7) Class Unloading 7.578ms
[13.383s][info ][gc,phases      ] GC(7) Marking Phase 298.251ms
[13.383s][info ][gc,phases,start] GC(7) Summary Phase
[13.383s][info ][gc,phases      ] GC(7) Summary Phase 0.017ms
[13.383s][info ][gc,phases,start] GC(7) Adjust Roots
[13.393s][info ][gc,phases      ] GC(7) Adjust Roots 10.260ms
[13.393s][info ][gc,phases,start] GC(7) Compaction Phase
[14.291s][info ][gc,phases      ] GC(7) Compaction Phase 897.723ms
[14.291s][info ][gc,phases,start] GC(7) Post Compact
[14.294s][info ][gc,phases      ] GC(7) Post Compact 2.416ms
[14.294s][info ][gc,heap        ] GC(7) PSYoungGen: 524260K(1572864K)->514687K(1572864K) Eden: 0K(1048576K)->0K(1048576K) From: 524260K(524288K)->514687K(524288K)
[14.294s][info ][gc,heap        ] GC(7) ParOldGen: 203158K(203264K)->202938K(422912K)
[14.294s][info ][gc,metaspace   ] GC(7) Metaspace: 61428K(62144K)->61428K(62144K) NonClass: 52338K(52736K)->52338K(52736K) Class: 9089K(9408K)->9089K(9408K)
[14.294s][info ][gc             ] GC(7) Pause Full (Ergonomics) 710M->700M(1949M) 1209.021ms
[14.294s][info ][gc,cpu         ] GC(7) User=4.24s Sys=0.01s Real=1.21s
[14.294s][info ][safepoint      ] Safepoint "ParallelGCFailedAllocation", Time since last: 305764215 ns, Reaching safepoint: 173701 ns, At safepoint: 1623982075 ns, Total: 1624155776 ns
[14.833s][info ][safepoint      ] Safepoint "ICBufferFull", Time since last: 538648423 ns, Reaching safepoint: 204501 ns, At safepoint: 15300 ns, Total: 219801 ns
[15.116s][info ][safepoint      ] Safepoint "ICBufferFull", Time since last: 282468451 ns, Reaching safepoint: 250001 ns, At safepoint: 10300 ns, Total: 260301 ns
[15.480s][info ][gc,start       ] GC(8) Pause Young (Allocation Failure)
[15.768s][debug][gc,phases      ] GC(8) Scavenge 287.368ms
[15.768s][debug][gc,ref         ] GC(8) Skipped phase 1 of Reference Processing: no references
[15.768s][debug][gc,ref         ] GC(8) ReferenceProcessor::execute queues: 4, RefProcThreadModel::Multi, marks_oops_alive: false
[15.768s][debug][gc,ref         ] GC(8) Skipped phase 3 of Reference Processing: no references
[15.768s][debug][gc,ref         ] GC(8) ReferenceProcessor::execute queues: 1, RefProcThreadModel::Single, marks_oops_alive: false
[15.768s][debug][gc,phases      ] GC(8) Reference Processing 0.555ms
[15.769s][debug][gc,phases      ] GC(8)   VM Weak                        Min:  0.0, Avg:  0.0, Max:  0.0, Diff:  0.0, Sum:  0.0, Workers: 4
[15.769s][debug][gc,phases      ] GC(8)     Dead                           Min: 0, Avg:  0.0, Max: 0, Diff: 0, Sum: 0, Workers: 4
[15.769s][debug][gc,phases      ] GC(8)     Total                          Min: 0, Avg: 148.2, Max: 337, Diff: 337, Sum: 593, Workers: 4
[15.769s][debug][gc,phases      ] GC(8)   ObjectSynchronizer Weak        Min:  0.0, Avg:  0.0, Max:  0.0, Diff:  0.0, Sum:  0.0, Workers: 4
[15.769s][debug][gc,phases      ] GC(8)     Dead                           Min: 0, Avg:  0.0, Max: 0, Diff: 0, Sum: 0, Workers: 4
[15.769s][debug][gc,phases      ] GC(8)     Total                          Min: 0, Avg:  5.8, Max: 23, Diff: 23, Sum: 23, Workers: 4
[15.769s][debug][gc,phases      ] GC(8)   JVMTI Tag Weak OopStorage      Min:  0.0, Avg:  0.0, Max:  0.0, Diff:  0.0, Sum:  0.0, Workers: 4
[15.769s][debug][gc,phases      ] GC(8)     Dead                           Min: 0, Avg:  0.0, Max: 0, Diff: 0, Sum: 0, Workers: 4
[15.769s][debug][gc,phases      ] GC(8)     Total                          Min: 0, Avg:  0.0, Max: 0, Diff: 0, Sum: 0, Workers: 4
[15.769s][debug][gc,phases      ] GC(8)   StringTable Weak               Min:  0.0, Avg:  0.2, Max:  0.3, Diff:  0.3, Sum:  0.8, Workers: 4
[15.769s][debug][gc,phases      ] GC(8)     Dead                           Min: 0, Avg:  0.2, Max: 1, Diff: 1, Sum: 1, Workers: 4
[15.769s][debug][gc,phases      ] GC(8)     Total                          Min: 0, Avg: 9157.2, Max: 14485, Diff: 14485, Sum: 36629, Workers: 4
[15.769s][debug][gc,phases      ] GC(8)   ResolvedMethodTable Weak       Min:  0.0, Avg:  0.0, Max:  0.1, Diff:  0.1, Sum:  0.2, Workers: 4
[15.769s][debug][gc,phases      ] GC(8)     Dead                           Min: 0, Avg:  5.8, Max: 22, Diff: 22, Sum: 23, Workers: 4
[15.769s][debug][gc,phases      ] GC(8)     Total                          Min: 0, Avg: 1682.0, Max: 2816, Diff: 2816, Sum: 6728, Workers: 4
[15.769s][debug][gc,phases      ] GC(8)   JNI Weak                       Min:  0.0, Avg:  0.0, Max:  0.0, Diff:  0.0, Sum:  0.0, Workers: 4
[15.769s][debug][gc,phases      ] GC(8)     Dead                           Min: 0, Avg:  0.0, Max: 0, Diff: 0, Sum: 0, Workers: 4
[15.769s][debug][gc,phases      ] GC(8)     Total                          Min: 0, Avg: 12.5, Max: 50, Diff: 50, Sum: 50, Workers: 4
[15.769s][debug][gc,phases      ] GC(8)   StringDedup Table Weak         Min:  0.0, Avg:  0.0, Max:  0.0, Diff:  0.0, Sum:  0.0, Workers: 4
[15.769s][debug][gc,phases      ] GC(8)     Dead                           Min: 0, Avg:  0.0, Max: 0, Diff: 0, Sum: 0, Workers: 4
[15.769s][debug][gc,phases      ] GC(8)     Total                          Min: 0, Avg:  0.0, Max: 0, Diff: 0, Sum: 0, Workers: 4
[15.769s][debug][gc,phases      ] GC(8)   StringDedup Requests0 Weak     Min:  0.0, Avg:  0.0, Max:  0.0, Diff:  0.0, Sum:  0.0, Workers: 4
[15.769s][debug][gc,phases      ] GC(8)     Dead                           Min: 0, Avg:  0.0, Max: 0, Diff: 0, Sum: 0, Workers: 4
[15.769s][debug][gc,phases      ] GC(8)     Total                          Min: 0, Avg:  0.0, Max: 0, Diff: 0, Sum: 0, Workers: 4
[15.769s][debug][gc,phases      ] GC(8)   StringDedup Requests1 Weak     Min:  0.0, Avg:  0.0, Max:  0.0, Diff:  0.0, Sum:  0.0, Workers: 4
[15.769s][debug][gc,phases      ] GC(8)     Dead                           Min: 0, Avg:  0.0, Max: 0, Diff: 0, Sum: 0, Workers: 4
[15.769s][debug][gc,phases      ] GC(8)     Total                          Min: 0, Avg:  0.0, Max: 0, Diff: 0, Sum: 0, Workers: 4
[15.769s][debug][gc,phases      ] GC(8)   Weak JFR Old Object Samples    Min:  0.0, Avg:  0.0, Max:  0.0, Diff:  0.0, Sum:  0.0, Workers: 4
[15.769s][debug][gc,phases      ] GC(8)     Dead                           Min: 0, Avg:  0.0, Max: 0, Diff: 0, Sum: 0, Workers: 4
[15.769s][debug][gc,phases      ] GC(8)     Total                          Min: 0, Avg:  0.0, Max: 0, Diff: 0, Sum: 0, Workers: 4
[15.769s][debug][gc,phases      ] GC(8) Weak Processing 0.511ms
[15.769s][debug][gc,age         ] GC(8) Desired survivor size 536870912 bytes, new threshold 7 (max threshold 15)
[15.769s][info ][gc,heap        ] GC(8) PSYoungGen: 1563263K(1572864K)->501604K(1572864K) Eden: 1048576K(1048576K)->0K(1048576K) From: 514687K(524288K)->501604K(524288K)
[15.769s][info ][gc,heap        ] GC(8) ParOldGen: 202938K(422912K)->202938K(422912K)
[15.769s][info ][gc,metaspace   ] GC(8) Metaspace: 61667K(62464K)->61667K(62464K) NonClass: 52548K(52992K)->52548K(52992K) Class: 9118K(9472K)->9118K(9472K)
[15.769s][info ][gc             ] GC(8) Pause Young (Allocation Failure) 1724M->688M(1949M) 288.549ms
[15.769s][info ][gc,cpu         ] GC(8) User=0.84s Sys=0.14s Real=0.28s
[15.769s][info ][safepoint      ] Safepoint "ParallelGCFailedAllocation", Time since last: 364702202 ns, Reaching safepoint: 133101 ns, At safepoint: 288619772 ns, Total: 288752873 ns
[16.623s][info ][safepoint      ] Safepoint "ICBufferFull", Time since last: 853439386 ns, Reaching safepoint: 223800 ns, At safepoint: 13901 ns, Total: 237701 ns
[16.912s][info ][safepoint      ] Safepoint "ICBufferFull", Time since last: 288937176 ns, Reaching safepoint: 256601 ns, At safepoint: 13700 ns, Total: 270301 ns
[17.287s][info ][safepoint      ] Safepoint "ICBufferFull", Time since last: 375391340 ns, Reaching safepoint: 173601 ns, At safepoint: 1600 ns, Total: 175201 ns
[17.409s][info ][safepoint      ] Safepoint "ICBufferFull", Time since last: 121072968 ns, Reaching safepoint: 221501 ns, At safepoint: 7000 ns, Total: 228501 ns
[17.604s][info ][safepoint      ] Safepoint "ICBufferFull", Time since last: 195011493 ns, Reaching safepoint: 266501 ns, At safepoint: 8200 ns, Total: 274701 ns
[17.814s][info ][safepoint      ] Safepoint "ParallelGCFailedAllocation", Time since last: 209895239 ns, Reaching safepoint: 145100 ns, At safepoint: 12300 ns, Total: 157400 ns
[17.814s][info ][gc,start       ] GC(9) Pause Young (GCLocker Initiated GC)
[17.899s][debug][gc,phases      ] GC(9) Scavenge 84.797ms
[17.899s][debug][gc,ref         ] GC(9) Skipped phase 1 of Reference Processing: no references
[17.899s][debug][gc,ref         ] GC(9) ReferenceProcessor::execute queues: 4, RefProcThreadModel::Multi, marks_oops_alive: false
[17.900s][debug][gc,ref         ] GC(9) Skipped phase 3 of Reference Processing: no references
[17.900s][debug][gc,ref         ] GC(9) ReferenceProcessor::execute queues: 1, RefProcThreadModel::Single, marks_oops_alive: false
[17.900s][debug][gc,phases      ] GC(9) Reference Processing 0.611ms
[17.900s][debug][gc,phases      ] GC(9)   VM Weak                        Min:  0.0, Avg:  0.0, Max:  0.0, Diff:  0.0, Sum:  0.0, Workers: 4
[17.900s][debug][gc,phases      ] GC(9)     Dead                           Min: 0, Avg:  0.0, Max: 0, Diff: 0, Sum: 0, Workers: 4
[17.900s][debug][gc,phases      ] GC(9)     Total                          Min: 0, Avg: 153.2, Max: 448, Diff: 448, Sum: 613, Workers: 4
[17.900s][debug][gc,phases      ] GC(9)   ObjectSynchronizer Weak        Min:  0.0, Avg:  0.0, Max:  0.0, Diff:  0.0, Sum:  0.0, Workers: 4
[17.900s][debug][gc,phases      ] GC(9)     Dead                           Min: 0, Avg:  0.0, Max: 0, Diff: 0, Sum: 0, Workers: 4
[17.900s][debug][gc,phases      ] GC(9)     Total                          Min: 0, Avg:  5.8, Max: 23, Diff: 23, Sum: 23, Workers: 4
[17.900s][debug][gc,phases      ] GC(9)   JVMTI Tag Weak OopStorage      Min:  0.0, Avg:  0.0, Max:  0.0, Diff:  0.0, Sum:  0.0, Workers: 4
[17.900s][debug][gc,phases      ] GC(9)     Dead                           Min: 0, Avg:  0.0, Max: 0, Diff: 0, Sum: 0, Workers: 4
[17.900s][debug][gc,phases      ] GC(9)     Total                          Min: 0, Avg:  0.0, Max: 0, Diff: 0, Sum: 0, Workers: 4
[17.900s][debug][gc,phases      ] GC(9)   StringTable Weak               Min:  0.0, Avg:  0.2, Max:  0.4, Diff:  0.4, Sum:  0.9, Workers: 4
[17.900s][debug][gc,phases      ] GC(9)     Dead                           Min: 0, Avg:  1.5, Max: 5, Diff: 5, Sum: 6, Workers: 4
[17.900s][debug][gc,phases      ] GC(9)     Total                          Min: 0, Avg: 9343.0, Max: 19135, Diff: 19135, Sum: 37372, Workers: 4
[17.900s][debug][gc,phases      ] GC(9)   ResolvedMethodTable Weak       Min:  0.0, Avg:  0.1, Max:  0.1, Diff:  0.1, Sum:  0.2, Workers: 4
[17.900s][debug][gc,phases      ] GC(9)     Dead                           Min: 0, Avg: 18.0, Max: 50, Diff: 50, Sum: 72, Workers: 4
[17.900s][debug][gc,phases      ] GC(9)     Total                          Min: 0, Avg: 1789.8, Max: 3704, Diff: 3704, Sum: 7159, Workers: 4
[17.900s][debug][gc,phases      ] GC(9)   JNI Weak                       Min:  0.0, Avg:  0.0, Max:  0.0, Diff:  0.0, Sum:  0.0, Workers: 4
[17.900s][debug][gc,phases      ] GC(9)     Dead                           Min: 0, Avg:  0.0, Max: 0, Diff: 0, Sum: 0, Workers: 4
[17.900s][debug][gc,phases      ] GC(9)     Total                          Min: 0, Avg: 14.8, Max: 45, Diff: 45, Sum: 59, Workers: 4
[17.900s][debug][gc,phases      ] GC(9)   StringDedup Table Weak         Min:  0.0, Avg:  0.0, Max:  0.0, Diff:  0.0, Sum:  0.0, Workers: 4
[17.900s][debug][gc,phases      ] GC(9)     Dead                           Min: 0, Avg:  0.0, Max: 0, Diff: 0, Sum: 0, Workers: 4
[17.900s][debug][gc,phases      ] GC(9)     Total                          Min: 0, Avg:  0.0, Max: 0, Diff: 0, Sum: 0, Workers: 4
[17.900s][debug][gc,phases      ] GC(9)   StringDedup Requests0 Weak     Min:  0.0, Avg:  0.0, Max:  0.0, Diff:  0.0, Sum:  0.0, Workers: 4
[17.900s][debug][gc,phases      ] GC(9)     Dead                           Min: 0, Avg:  0.0, Max: 0, Diff: 0, Sum: 0, Workers: 4
[17.900s][debug][gc,phases      ] GC(9)     Total                          Min: 0, Avg:  0.0, Max: 0, Diff: 0, Sum: 0, Workers: 4
[17.900s][debug][gc,phases      ] GC(9)   StringDedup Requests1 Weak     Min:  0.0, Avg:  0.0, Max:  0.0, Diff:  0.0, Sum:  0.0, Workers: 4
[17.900s][debug][gc,phases      ] GC(9)     Dead                           Min: 0, Avg:  0.0, Max: 0, Diff: 0, Sum: 0, Workers: 4
[17.900s][debug][gc,phases      ] GC(9)     Total                          Min: 0, Avg:  0.0, Max: 0, Diff: 0, Sum: 0, Workers: 4
[17.900s][debug][gc,phases      ] GC(9)   Weak JFR Old Object Samples    Min:  0.0, Avg:  0.0, Max:  0.0, Diff:  0.0, Sum:  0.0, Workers: 4
[17.900s][debug][gc,phases      ] GC(9)     Dead                           Min: 0, Avg:  0.0, Max: 0, Diff: 0, Sum: 0, Workers: 4
[17.900s][debug][gc,phases      ] GC(9)     Total                          Min: 0, Avg:  0.0, Max: 0, Diff: 0, Sum: 0, Workers: 4
[17.901s][debug][gc,phases      ] GC(9) Weak Processing 0.804ms
[17.901s][debug][gc,age         ] GC(9) Desired survivor size 536870912 bytes, new threshold 6 (max threshold 15)
[17.901s][info ][gc,heap        ] GC(9) PSYoungGen: 1550180K(1572864K)->233373K(1572864K) Eden: 1048576K(1048576K)->0K(1048576K) From: 501604K(524288K)->233373K(524288K)
[17.901s][info ][gc,heap        ] GC(9) ParOldGen: 202954K(422912K)->202962K(422912K)
[17.901s][info ][gc,metaspace   ] GC(9) Metaspace: 64071K(64832K)->64071K(64832K) NonClass: 54628K(55040K)->54628K(55040K) Class: 9442K(9792K)->9442K(9792K)
[17.901s][info ][gc             ] GC(9) Pause Young (GCLocker Initiated GC) 1712M->426M(1949M) 86.322ms
[17.901s][info ][gc,cpu         ] GC(9) User=0.29s Sys=0.01s Real=0.09s
[17.901s][info ][safepoint      ] Safepoint "ParallelGCSystemGC", Time since last: 69501 ns, Reaching safepoint: 15200 ns, At safepoint: 86395263 ns, Total: 86410463 ns
[18.329s][info ][safepoint      ] Safepoint "ICBufferFull", Time since last: 428282105 ns, Reaching safepoint: 295001 ns, At safepoint: 7200 ns, Total: 302201 ns
[18.977s][info ][safepoint      ] Safepoint "ICBufferFull", Time since last: 647588677 ns, Reaching safepoint: 166201 ns, At safepoint: 7100 ns, Total: 173301 ns
[19.977s][info ][safepoint      ] Safepoint "Cleanup", Time since last: 1000114762 ns, Reaching safepoint: 264501 ns, At safepoint: 6300 ns, Total: 270801 ns
[20.837s][info ][safepoint      ] Safepoint "ICBufferFull", Time since last: 859636540 ns, Reaching safepoint: 195101 ns, At safepoint: 11900 ns, Total: 207001 ns
[21.067s][info ][safepoint      ] Safepoint "ICBufferFull", Time since last: 229434405 ns, Reaching safepoint: 249700 ns, At safepoint: 6200 ns, Total: 255900 ns
[21.328s][info ][safepoint      ] Safepoint "ICBufferFull", Time since last: 260363703 ns, Reaching safepoint: 251301 ns, At safepoint: 10900 ns, Total: 262201 ns
[21.488s][info ][safepoint      ] Safepoint "ICBufferFull", Time since last: 159868392 ns, Reaching safepoint: 233901 ns, At safepoint: 16800 ns, Total: 250701 ns
[21.993s][info ][safepoint      ] Safepoint "ICBufferFull", Time since last: 504916057 ns, Reaching safepoint: 264000 ns, At safepoint: 14200 ns, Total: 278200 ns
[22.207s][info ][gc,start       ] GC(10) Pause Young (Allocation Failure)
[22.328s][debug][gc,phases      ] GC(10) Scavenge 121.025ms
[22.328s][debug][gc,ref         ] GC(10) Skipped phase 1 of Reference Processing: no references
[22.328s][debug][gc,ref         ] GC(10) ReferenceProcessor::execute queues: 4, RefProcThreadModel::Multi, marks_oops_alive: false
[22.329s][debug][gc,ref         ] GC(10) Skipped phase 3 of Reference Processing: no references
[22.329s][debug][gc,ref         ] GC(10) ReferenceProcessor::execute queues: 1, RefProcThreadModel::Single, marks_oops_alive: false
[22.329s][debug][gc,phases      ] GC(10) Reference Processing 0.675ms
[22.329s][debug][gc,phases      ] GC(10)   VM Weak                        Min:  0.0, Avg:  0.0, Max:  0.0, Diff:  0.0, Sum:  0.0, Workers: 4
[22.329s][debug][gc,phases      ] GC(10)     Dead                           Min: 0, Avg:  0.0, Max: 0, Diff: 0, Sum: 0, Workers: 4
[22.329s][debug][gc,phases      ] GC(10)     Total                          Min: 0, Avg: 159.8, Max: 447, Diff: 447, Sum: 639, Workers: 4
[22.329s][debug][gc,phases      ] GC(10)   ObjectSynchronizer Weak        Min:  0.0, Avg:  0.0, Max:  0.0, Diff:  0.0, Sum:  0.0, Workers: 4
[22.329s][debug][gc,phases      ] GC(10)     Dead                           Min: 0, Avg:  0.5, Max: 2, Diff: 2, Sum: 2, Workers: 4
[22.329s][debug][gc,phases      ] GC(10)     Total                          Min: 0, Avg:  7.0, Max: 28, Diff: 28, Sum: 28, Workers: 4
[22.329s][debug][gc,phases      ] GC(10)   JVMTI Tag Weak OopStorage      Min:  0.0, Avg:  0.0, Max:  0.0, Diff:  0.0, Sum:  0.0, Workers: 4
[22.329s][debug][gc,phases      ] GC(10)     Dead                           Min: 0, Avg:  0.0, Max: 0, Diff: 0, Sum: 0, Workers: 4
[22.329s][debug][gc,phases      ] GC(10)     Total                          Min: 0, Avg:  0.0, Max: 0, Diff: 0, Sum: 0, Workers: 4
[22.329s][debug][gc,phases      ] GC(10)   StringTable Weak               Min:  0.0, Avg:  0.2, Max:  0.5, Diff:  0.5, Sum:  1.0, Workers: 4
[22.329s][debug][gc,phases      ] GC(10)     Dead                           Min: 0, Avg:  1.8, Max: 5, Diff: 5, Sum: 7, Workers: 4
[22.330s][debug][gc,phases      ] GC(10)     Total                          Min: 0, Avg: 10141.5, Max: 20470, Diff: 20470, Sum: 40566, Workers: 4
[22.330s][debug][gc,phases      ] GC(10)   ResolvedMethodTable Weak       Min:  0.0, Avg:  0.1, Max:  0.1, Diff:  0.1, Sum:  0.2, Workers: 4
[22.330s][debug][gc,phases      ] GC(10)     Dead                           Min: 0, Avg: 28.8, Max: 68, Diff: 68, Sum: 115, Workers: 4
[22.330s][debug][gc,phases      ] GC(10)     Total                          Min: 0, Avg: 1928.2, Max: 3968, Diff: 3968, Sum: 7713, Workers: 4
[22.330s][debug][gc,phases      ] GC(10)   JNI Weak                       Min:  0.0, Avg:  0.0, Max:  0.0, Diff:  0.0, Sum:  0.0, Workers: 4
[22.330s][debug][gc,phases      ] GC(10)     Dead                           Min: 0, Avg:  0.0, Max: 0, Diff: 0, Sum: 0, Workers: 4
[22.330s][debug][gc,phases      ] GC(10)     Total                          Min: 0, Avg: 26.2, Max: 57, Diff: 57, Sum: 105, Workers: 4
[22.330s][debug][gc,phases      ] GC(10)   StringDedup Table Weak         Min:  0.0, Avg:  0.0, Max:  0.0, Diff:  0.0, Sum:  0.0, Workers: 4
[22.330s][debug][gc,phases      ] GC(10)     Dead                           Min: 0, Avg:  0.0, Max: 0, Diff: 0, Sum: 0, Workers: 4
[22.330s][debug][gc,phases      ] GC(10)     Total                          Min: 0, Avg:  0.0, Max: 0, Diff: 0, Sum: 0, Workers: 4
[22.330s][debug][gc,phases      ] GC(10)   StringDedup Requests0 Weak     Min:  0.0, Avg:  0.0, Max:  0.0, Diff:  0.0, Sum:  0.0, Workers: 4
[22.330s][debug][gc,phases      ] GC(10)     Dead                           Min: 0, Avg:  0.0, Max: 0, Diff: 0, Sum: 0, Workers: 4
[22.330s][debug][gc,phases      ] GC(10)     Total                          Min: 0, Avg:  0.0, Max: 0, Diff: 0, Sum: 0, Workers: 4
[22.330s][debug][gc,phases      ] GC(10)   StringDedup Requests1 Weak     Min:  0.0, Avg:  0.0, Max:  0.0, Diff:  0.0, Sum:  0.0, Workers: 4
[22.330s][debug][gc,phases      ] GC(10)     Dead                           Min: 0, Avg:  0.0, Max: 0, Diff: 0, Sum: 0, Workers: 4
[22.330s][debug][gc,phases      ] GC(10)     Total                          Min: 0, Avg:  0.0, Max: 0, Diff: 0, Sum: 0, Workers: 4
[22.330s][debug][gc,phases      ] GC(10)   Weak JFR Old Object Samples    Min:  0.0, Avg:  0.0, Max:  0.0, Diff:  0.0, Sum:  0.0, Workers: 4
[22.330s][debug][gc,phases      ] GC(10)     Dead                           Min: 0, Avg:  0.0, Max: 0, Diff: 0, Sum: 0, Workers: 4
[22.330s][debug][gc,phases      ] GC(10)     Total                          Min: 0, Avg:  0.0, Max: 0, Diff: 0, Sum: 0, Workers: 4
[22.330s][debug][gc,phases      ] GC(10) Weak Processing 0.854ms
[22.330s][debug][gc,age         ] GC(10) Desired survivor size 536870912 bytes, new threshold 5 (max threshold 15)
[22.330s][info ][gc,heap        ] GC(10) PSYoungGen: 1281949K(1572864K)->264168K(1572864K) Eden: 1048576K(1048576K)->0K(1048576K) From: 233373K(524288K)->264168K(524288K)
[22.330s][info ][gc,heap        ] GC(10) ParOldGen: 202963K(422912K)->202971K(422912K)
[22.330s][info ][gc,metaspace   ] GC(10) Metaspace: 72844K(73664K)->72844K(73664K) NonClass: 62277K(62720K)->62277K(62720K) Class: 10566K(10944K)->10566K(10944K)
[22.330s][info ][gc             ] GC(10) Pause Young (Allocation Failure) 1450M->456M(1949M) 122.696ms
[22.330s][info ][gc,cpu         ] GC(10) User=0.41s Sys=0.01s Real=0.12s
[22.330s][info ][safepoint      ] Safepoint "ParallelGCFailedAllocation", Time since last: 214000061 ns, Reaching safepoint: 130401 ns, At safepoint: 122779779 ns, Total: 122910180 ns
[22.606s][info ][safepoint      ] Safepoint "ICBufferFull", Time since last: 276107254 ns, Reaching safepoint: 241401 ns, At safepoint: 15300 ns, Total: 256701 ns
[22.723s][info ][safepoint      ] Safepoint "ICBufferFull", Time since last: 117078462 ns, Reaching safepoint: 164301 ns, At safepoint: 15400 ns, Total: 179701 ns
[22.828s][info ][safepoint      ] Safepoint "ICBufferFull", Time since last: 104097822 ns, Reaching safepoint: 241400 ns, At safepoint: 10900 ns, Total: 252300 ns
[23.071s][info ][safepoint      ] Safepoint "ICBufferFull", Time since last: 243310853 ns, Reaching safepoint: 259000 ns, At safepoint: 12401 ns, Total: 271401 ns
[23.187s][info ][safepoint      ] Safepoint "ICBufferFull", Time since last: 115398558 ns, Reaching safepoint: 253000 ns, At safepoint: 17200 ns, Total: 270200 ns
[23.477s][info ][safepoint      ] Safepoint "ICBufferFull", Time since last: 290277601 ns, Reaching safepoint: 188900 ns, At safepoint: 5500 ns, Total: 194400 ns
[23.852s][info ][safepoint      ] Safepoint "ICBufferFull", Time since last: 374383162 ns, Reaching safepoint: 169800 ns, At safepoint: 6100 ns, Total: 175900 ns
[24.616s][info ][safepoint      ] Safepoint "ICBufferFull", Time since last: 763843375 ns, Reaching safepoint: 244301 ns, At safepoint: 8900 ns, Total: 253201 ns
[25.022s][info ][safepoint      ] Safepoint "ParallelGCFailedAllocation", Time since last: 406143764 ns, Reaching safepoint: 106200 ns, At safepoint: 10100 ns, Total: 116300 ns
[25.022s][info ][gc,start       ] GC(11) Pause Young (GCLocker Initiated GC)
[25.133s][debug][gc,phases      ] GC(11) Scavenge 110.213ms
[25.133s][debug][gc,ref         ] GC(11) Skipped phase 1 of Reference Processing: no references
[25.133s][debug][gc,ref         ] GC(11) ReferenceProcessor::execute queues: 2, RefProcThreadModel::Multi, marks_oops_alive: false
[25.133s][debug][gc,ref         ] GC(11) Skipped phase 3 of Reference Processing: no references
[25.133s][debug][gc,ref         ] GC(11) ReferenceProcessor::execute queues: 1, RefProcThreadModel::Single, marks_oops_alive: false
[25.133s][debug][gc,phases      ] GC(11) Reference Processing 0.256ms
[25.133s][debug][gc,phases      ] GC(11)   VM Weak                        Min:  0.0, Avg:  0.0, Max:  0.0, Diff:  0.0, Sum:  0.0, Workers: 4
[25.133s][debug][gc,phases      ] GC(11)     Dead                           Min: 0, Avg:  0.0, Max: 0, Diff: 0, Sum: 0, Workers: 4
[25.133s][debug][gc,phases      ] GC(11)     Total                          Min: 64, Avg: 176.0, Max: 384, Diff: 320, Sum: 704, Workers: 4
[25.133s][debug][gc,phases      ] GC(11)   ObjectSynchronizer Weak        Min:  0.0, Avg:  0.0, Max:  0.0, Diff:  0.0, Sum:  0.0, Workers: 4
[25.133s][debug][gc,phases      ] GC(11)     Dead                           Min: 0, Avg:  0.0, Max: 0, Diff: 0, Sum: 0, Workers: 4
[25.133s][debug][gc,phases      ] GC(11)     Total                          Min: 0, Avg:  7.5, Max: 30, Diff: 30, Sum: 30, Workers: 4
[25.133s][debug][gc,phases      ] GC(11)   JVMTI Tag Weak OopStorage      Min:  0.0, Avg:  0.0, Max:  0.0, Diff:  0.0, Sum:  0.0, Workers: 4
[25.133s][debug][gc,phases      ] GC(11)     Dead                           Min: 0, Avg:  0.0, Max: 0, Diff: 0, Sum: 0, Workers: 4
[25.133s][debug][gc,phases      ] GC(11)     Total                          Min: 0, Avg:  0.0, Max: 0, Diff: 0, Sum: 0, Workers: 4
[25.133s][debug][gc,phases      ] GC(11)   StringTable Weak               Min:  0.3, Avg:  0.3, Max:  0.3, Diff:  0.0, Sum:  1.1, Workers: 4
[25.133s][debug][gc,phases      ] GC(11)     Dead                           Min: 0, Avg:  2.0, Max: 8, Diff: 8, Sum: 8, Workers: 4
[25.133s][debug][gc,phases      ] GC(11)     Total                          Min: 9600, Avg: 10251.0, Max: 10560, Diff: 960, Sum: 41004, Workers: 4
[25.133s][debug][gc,phases      ] GC(11)   ResolvedMethodTable Weak       Min:  0.1, Avg:  0.1, Max:  0.1, Diff:  0.0, Sum:  0.3, Workers: 4
[25.133s][debug][gc,phases      ] GC(11)     Dead                           Min: 1, Avg: 11.5, Max: 20, Diff: 19, Sum: 46, Workers: 4
[25.133s][debug][gc,phases      ] GC(11)     Total                          Min: 1720, Avg: 2029.8, Max: 2175, Diff: 455, Sum: 8119, Workers: 4
[25.133s][debug][gc,phases      ] GC(11)   JNI Weak                       Min:  0.0, Avg:  0.0, Max:  0.0, Diff:  0.0, Sum:  0.0, Workers: 4
[25.133s][debug][gc,phases      ] GC(11)     Dead                           Min: 0, Avg:  0.0, Max: 0, Diff: 0, Sum: 0, Workers: 4
[25.133s][debug][gc,phases      ] GC(11)     Total                          Min: 0, Avg: 22.5, Max: 57, Diff: 57, Sum: 90, Workers: 4
[25.133s][debug][gc,phases      ] GC(11)   StringDedup Table Weak         Min:  0.0, Avg:  0.0, Max:  0.0, Diff:  0.0, Sum:  0.0, Workers: 4
[25.133s][debug][gc,phases      ] GC(11)     Dead                           Min: 0, Avg:  0.0, Max: 0, Diff: 0, Sum: 0, Workers: 4
[25.133s][debug][gc,phases      ] GC(11)     Total                          Min: 0, Avg:  0.0, Max: 0, Diff: 0, Sum: 0, Workers: 4
[25.133s][debug][gc,phases      ] GC(11)   StringDedup Requests0 Weak     Min:  0.0, Avg:  0.0, Max:  0.0, Diff:  0.0, Sum:  0.0, Workers: 4
[25.133s][debug][gc,phases      ] GC(11)     Dead                           Min: 0, Avg:  0.0, Max: 0, Diff: 0, Sum: 0, Workers: 4
[25.133s][debug][gc,phases      ] GC(11)     Total                          Min: 0, Avg:  0.0, Max: 0, Diff: 0, Sum: 0, Workers: 4
[25.133s][debug][gc,phases      ] GC(11)   StringDedup Requests1 Weak     Min:  0.0, Avg:  0.0, Max:  0.0, Diff:  0.0, Sum:  0.0, Workers: 4
[25.133s][debug][gc,phases      ] GC(11)     Dead                           Min: 0, Avg:  0.0, Max: 0, Diff: 0, Sum: 0, Workers: 4
[25.133s][debug][gc,phases      ] GC(11)     Total                          Min: 0, Avg:  0.0, Max: 0, Diff: 0, Sum: 0, Workers: 4
[25.133s][debug][gc,phases      ] GC(11)   Weak JFR Old Object Samples    Min:  0.0, Avg:  0.0, Max:  0.0, Diff:  0.0, Sum:  0.0, Workers: 4
[25.133s][debug][gc,phases      ] GC(11)     Dead                           Min: 0, Avg:  0.0, Max: 0, Diff: 0, Sum: 0, Workers: 4
[25.133s][debug][gc,phases      ] GC(11)     Total                          Min: 0, Avg:  0.0, Max: 0, Diff: 0, Sum: 0, Workers: 4
[25.133s][debug][gc,phases      ] GC(11) Weak Processing 0.491ms
[25.133s][debug][gc,age         ] GC(11) Desired survivor size 536870912 bytes, new threshold 4 (max threshold 15)
[25.133s][info ][gc,heap        ] GC(11) PSYoungGen: 1312744K(1572864K)->193111K(1572864K) Eden: 1048576K(1048576K)->0K(1048576K) From: 264168K(524288K)->193111K(524288K)
[25.133s][info ][gc,heap        ] GC(11) ParOldGen: 202987K(422912K)->281229K(422912K)
[25.133s][info ][gc,metaspace   ] GC(11) Metaspace: 74902K(75840K)->74902K(75840K) NonClass: 64083K(64576K)->64083K(64576K) Class: 10819K(11264K)->10819K(11264K)
[25.133s][info ][gc             ] GC(11) Pause Young (GCLocker Initiated GC) 1480M->463M(1949M) 111.049ms
[25.134s][info ][gc,cpu         ] GC(11) User=0.36s Sys=0.01s Real=0.11s
[25.134s][debug][gc,phases      ] GC(12) Pre Compact 0.009ms
[25.134s][info ][gc,start       ] GC(12) Pause Full (Ergonomics)
[25.134s][info ][gc,phases,start] GC(12) Marking Phase
[25.227s][debug][gc,phases      ] GC(12) Par Mark 92.902ms
[25.227s][debug][gc,ref         ] GC(12) Skipped phase 1 of Reference Processing: no references
[25.227s][debug][gc,ref         ] GC(12) ReferenceProcessor::execute queues: 4, RefProcThreadModel::Multi, marks_oops_alive: false
[25.227s][debug][gc,ref         ] GC(12) Skipped phase 3 of Reference Processing: no references
[25.227s][debug][gc,ref         ] GC(12) ReferenceProcessor::execute queues: 1, RefProcThreadModel::Single, marks_oops_alive: false
[25.227s][debug][gc,phases      ] GC(12) Reference Processing 0.647ms
[25.227s][debug][gc,phases      ] GC(12)   VM Weak                        Min:  0.0, Avg:  0.0, Max:  0.0, Diff:  0.0, Sum:  0.0, Workers: 4
[25.227s][debug][gc,phases      ] GC(12)     Dead                           Min: 0, Avg:  0.0, Max: 0, Diff: 0, Sum: 0, Workers: 4
[25.227s][debug][gc,phases      ] GC(12)     Total                          Min: 0, Avg: 176.0, Max: 384, Diff: 384, Sum: 704, Workers: 4
[25.227s][debug][gc,phases      ] GC(12)   ObjectSynchronizer Weak        Min:  0.0, Avg:  0.0, Max:  0.0, Diff:  0.0, Sum:  0.0, Workers: 4
[25.227s][debug][gc,phases      ] GC(12)     Dead                           Min: 0, Avg:  0.0, Max: 0, Diff: 0, Sum: 0, Workers: 4
[25.227s][debug][gc,phases      ] GC(12)     Total                          Min: 0, Avg:  7.5, Max: 30, Diff: 30, Sum: 30, Workers: 4
[25.227s][debug][gc,phases      ] GC(12)   JVMTI Tag Weak OopStorage      Min:  0.0, Avg:  0.0, Max:  0.0, Diff:  0.0, Sum:  0.0, Workers: 4
[25.227s][debug][gc,phases      ] GC(12)     Dead                           Min: 0, Avg:  0.0, Max: 0, Diff: 0, Sum: 0, Workers: 4
[25.227s][debug][gc,phases      ] GC(12)     Total                          Min: 0, Avg:  0.0, Max: 0, Diff: 0, Sum: 0, Workers: 4
[25.227s][debug][gc,phases      ] GC(12)   StringTable Weak               Min:  0.1, Avg:  0.1, Max:  0.1, Diff:  0.0, Sum:  0.5, Workers: 4
[25.227s][debug][gc,phases      ] GC(12)     Dead                           Min: 0, Avg:  0.0, Max: 0, Diff: 0, Sum: 0, Workers: 4
[25.227s][debug][gc,phases      ] GC(12)     Total                          Min: 9152, Avg: 10251.0, Max: 10944, Diff: 1792, Sum: 41004, Workers: 4
[25.227s][debug][gc,phases      ] GC(12)   ResolvedMethodTable Weak       Min:  0.0, Avg:  0.0, Max:  0.0, Diff:  0.0, Sum:  0.1, Workers: 4
[25.227s][debug][gc,phases      ] GC(12)     Dead                           Min: 0, Avg:  0.0, Max: 0, Diff: 0, Sum: 0, Workers: 4
[25.227s][debug][gc,phases      ] GC(12)     Total                          Min: 1982, Avg: 2029.8, Max: 2048, Diff: 66, Sum: 8119, Workers: 4
[25.227s][debug][gc,phases      ] GC(12)   JNI Weak                       Min:  0.0, Avg:  0.0, Max:  0.0, Diff:  0.0, Sum:  0.0, Workers: 4
[25.228s][debug][gc,phases      ] GC(12)     Dead                           Min: 0, Avg:  0.0, Max: 0, Diff: 0, Sum: 0, Workers: 4
[25.228s][debug][gc,phases      ] GC(12)     Total                          Min: 0, Avg: 22.5, Max: 45, Diff: 45, Sum: 90, Workers: 4
[25.228s][debug][gc,phases      ] GC(12)   StringDedup Table Weak         Min:  0.0, Avg:  0.0, Max:  0.0, Diff:  0.0, Sum:  0.0, Workers: 4
[25.228s][debug][gc,phases      ] GC(12)     Dead                           Min: 0, Avg:  0.0, Max: 0, Diff: 0, Sum: 0, Workers: 4
[25.228s][debug][gc,phases      ] GC(12)     Total                          Min: 0, Avg:  0.0, Max: 0, Diff: 0, Sum: 0, Workers: 4
[25.228s][debug][gc,phases      ] GC(12)   StringDedup Requests0 Weak     Min:  0.0, Avg:  0.0, Max:  0.0, Diff:  0.0, Sum:  0.0, Workers: 4
[25.228s][debug][gc,phases      ] GC(12)     Dead                           Min: 0, Avg:  0.0, Max: 0, Diff: 0, Sum: 0, Workers: 4
[25.228s][debug][gc,phases      ] GC(12)     Total                          Min: 0, Avg:  0.0, Max: 0, Diff: 0, Sum: 0, Workers: 4
[25.228s][debug][gc,phases      ] GC(12)   StringDedup Requests1 Weak     Min:  0.0, Avg:  0.0, Max:  0.0, Diff:  0.0, Sum:  0.0, Workers: 4
[25.228s][debug][gc,phases      ] GC(12)     Dead                           Min: 0, Avg:  0.0, Max: 0, Diff: 0, Sum: 0, Workers: 4
[25.228s][debug][gc,phases      ] GC(12)     Total                          Min: 0, Avg:  0.0, Max: 0, Diff: 0, Sum: 0, Workers: 4
[25.228s][debug][gc,phases      ] GC(12)   Weak JFR Old Object Samples    Min:  0.0, Avg:  0.0, Max:  0.0, Diff:  0.0, Sum:  0.0, Workers: 4
[25.228s][debug][gc,phases      ] GC(12)     Dead                           Min: 0, Avg:  0.0, Max: 0, Diff: 0, Sum: 0, Workers: 4
[25.228s][debug][gc,phases      ] GC(12)     Total                          Min: 0, Avg:  0.0, Max: 0, Diff: 0, Sum: 0, Workers: 4
[25.228s][debug][gc,phases      ] GC(12) Weak Processing 0.332ms
[25.228s][debug][gc,phases      ] GC(12) ClassLoaderData 0.083ms
[25.228s][debug][gc,phases      ] GC(12) Trigger cleanups 0.000ms
[25.240s][debug][gc,phases      ] GC(12) Class Unloading 12.186ms
[25.240s][info ][gc,phases      ] GC(12) Marking Phase 106.224ms
[25.240s][info ][gc,phases,start] GC(12) Summary Phase
[25.240s][info ][gc,phases      ] GC(12) Summary Phase 0.023ms
[25.240s][info ][gc,phases,start] GC(12) Adjust Roots
[25.256s][info ][gc,phases      ] GC(12) Adjust Roots 15.719ms
[25.256s][info ][gc,phases,start] GC(12) Compaction Phase
[25.519s][info ][gc,phases      ] GC(12) Compaction Phase 263.868ms
[25.519s][info ][gc,phases,start] GC(12) Post Compact
[25.522s][info ][gc,phases      ] GC(12) Post Compact 2.059ms
[25.522s][info ][gc,heap        ] GC(12) PSYoungGen: 193111K(1572864K)->0K(1572864K) Eden: 0K(1048576K)->0K(1048576K) From: 193111K(524288K)->0K(524288K)
[25.522s][info ][gc,heap        ] GC(12) ParOldGen: 281229K(422912K)->317663K(516608K)
[25.522s][info ][gc,metaspace   ] GC(12) Metaspace: 74902K(75840K)->74902K(75840K) NonClass: 64083K(64576K)->64083K(64576K) Class: 10819K(11264K)->10819K(11264K)
[25.522s][info ][gc             ] GC(12) Pause Full (Ergonomics) 463M->310M(2040M) 388.170ms
[25.522s][info ][gc,cpu         ] GC(12) User=1.30s Sys=0.01s Real=0.39s
[25.522s][info ][safepoint      ] Safepoint "ParallelGCSystemGC", Time since last: 64600 ns, Reaching safepoint: 13400 ns, At safepoint: 499327459 ns, Total: 499340859 ns
[26.053s][info ][safepoint      ] Safepoint "ICBufferFull", Time since last: 530966657 ns, Reaching safepoint: 178601 ns, At safepoint: 5200 ns, Total: 183801 ns
[26.425s][info ][safepoint      ] Safepoint "ICBufferFull", Time since last: 371432162 ns, Reaching safepoint: 180301 ns, At safepoint: 10000 ns, Total: 190301 ns
[27.332s][info ][gc,start       ] GC(13) Pause Young (Allocation Failure)
[27.365s][debug][gc,phases      ] GC(13) Scavenge 33.173ms
[27.365s][debug][gc,ref         ] GC(13) Skipped phase 1 of Reference Processing: no references
[27.365s][debug][gc,ref         ] GC(13) ReferenceProcessor::execute queues: 1, RefProcThreadModel::Single, marks_oops_alive: false
[27.365s][debug][gc,ref         ] GC(13) Skipped phase 3 of Reference Processing: no references
[27.365s][debug][gc,ref         ] GC(13) ReferenceProcessor::execute queues: 1, RefProcThreadModel::Single, marks_oops_alive: false
[27.365s][debug][gc,phases      ] GC(13) Reference Processing 0.109ms
[27.366s][debug][gc,phases      ] GC(13)   VM Weak                        Min:  0.0, Avg:  0.0, Max:  0.0, Diff:  0.0, Sum:  0.0, Workers: 4
[27.366s][debug][gc,phases      ] GC(13)     Dead                           Min: 0, Avg:  0.0, Max: 0, Diff: 0, Sum: 0, Workers: 4
[27.366s][debug][gc,phases      ] GC(13)     Total                          Min: 0, Avg: 176.0, Max: 640, Diff: 640, Sum: 704, Workers: 4
[27.366s][debug][gc,phases      ] GC(13)   ObjectSynchronizer Weak        Min:  0.0, Avg:  0.0, Max:  0.0, Diff:  0.0, Sum:  0.0, Workers: 4
[27.366s][debug][gc,phases      ] GC(13)     Dead                           Min: 0, Avg:  0.0, Max: 0, Diff: 0, Sum: 0, Workers: 4
[27.366s][debug][gc,phases      ] GC(13)     Total                          Min: 0, Avg:  7.5, Max: 30, Diff: 30, Sum: 30, Workers: 4
[27.366s][debug][gc,phases      ] GC(13)   JVMTI Tag Weak OopStorage      Min:  0.0, Avg:  0.0, Max:  0.0, Diff:  0.0, Sum:  0.0, Workers: 4
[27.366s][debug][gc,phases      ] GC(13)     Dead                           Min: 0, Avg:  0.0, Max: 0, Diff: 0, Sum: 0, Workers: 4
[27.366s][debug][gc,phases      ] GC(13)     Total                          Min: 0, Avg:  0.0, Max: 0, Diff: 0, Sum: 0, Workers: 4
[27.366s][debug][gc,phases      ] GC(13)   StringTable Weak               Min:  0.0, Avg:  0.1, Max:  0.2, Diff:  0.2, Sum:  0.3, Workers: 4
[27.366s][debug][gc,phases      ] GC(13)     Dead                           Min: 0, Avg:  0.0, Max: 0, Diff: 0, Sum: 0, Workers: 4
[27.366s][debug][gc,phases      ] GC(13)     Total                          Min: 0, Avg: 10269.0, Max: 24000, Diff: 24000, Sum: 41076, Workers: 4
[27.366s][debug][gc,phases      ] GC(13)   ResolvedMethodTable Weak       Min:  0.0, Avg:  0.0, Max:  0.0, Diff:  0.0, Sum:  0.1, Workers: 4
[27.366s][debug][gc,phases      ] GC(13)     Dead                           Min: 0, Avg:  0.0, Max: 0, Diff: 0, Sum: 0, Workers: 4
[27.366s][debug][gc,phases      ] GC(13)     Total                          Min: 0, Avg: 2030.2, Max: 5114, Diff: 5114, Sum: 8121, Workers: 4
[27.366s][debug][gc,phases      ] GC(13)   JNI Weak                       Min:  0.0, Avg:  0.0, Max:  0.0, Diff:  0.0, Sum:  0.0, Workers: 4
[27.366s][debug][gc,phases      ] GC(13)     Dead                           Min: 0, Avg:  0.0, Max: 0, Diff: 0, Sum: 0, Workers: 4
[27.366s][debug][gc,phases      ] GC(13)     Total                          Min: 0, Avg: 19.0, Max: 68, Diff: 68, Sum: 76, Workers: 4
[27.366s][debug][gc,phases      ] GC(13)   StringDedup Table Weak         Min:  0.0, Avg:  0.0, Max:  0.0, Diff:  0.0, Sum:  0.0, Workers: 4
[27.366s][debug][gc,phases      ] GC(13)     Dead                           Min: 0, Avg:  0.0, Max: 0, Diff: 0, Sum: 0, Workers: 4
[27.366s][debug][gc,phases      ] GC(13)     Total                          Min: 0, Avg:  0.0, Max: 0, Diff: 0, Sum: 0, Workers: 4
[27.366s][debug][gc,phases      ] GC(13)   StringDedup Requests0 Weak     Min:  0.0, Avg:  0.0, Max:  0.0, Diff:  0.0, Sum:  0.0, Workers: 4
[27.366s][debug][gc,phases      ] GC(13)     Dead                           Min: 0, Avg:  0.0, Max: 0, Diff: 0, Sum: 0, Workers: 4
[27.366s][debug][gc,phases      ] GC(13)     Total                          Min: 0, Avg:  0.0, Max: 0, Diff: 0, Sum: 0, Workers: 4
[27.366s][debug][gc,phases      ] GC(13)   StringDedup Requests1 Weak     Min:  0.0, Avg:  0.0, Max:  0.0, Diff:  0.0, Sum:  0.0, Workers: 4
[27.366s][debug][gc,phases      ] GC(13)     Dead                           Min: 0, Avg:  0.0, Max: 0, Diff: 0, Sum: 0, Workers: 4
[27.366s][debug][gc,phases      ] GC(13)     Total                          Min: 0, Avg:  0.0, Max: 0, Diff: 0, Sum: 0, Workers: 4
[27.366s][debug][gc,phases      ] GC(13)   Weak JFR Old Object Samples    Min:  0.0, Avg:  0.0, Max:  0.0, Diff:  0.0, Sum:  0.0, Workers: 4
[27.366s][debug][gc,phases      ] GC(13)     Dead                           Min: 0, Avg:  0.0, Max: 0, Diff: 0, Sum: 0, Workers: 4
[27.366s][debug][gc,phases      ] GC(13)     Total                          Min: 0, Avg:  0.0, Max: 0, Diff: 0, Sum: 0, Workers: 4
[27.366s][debug][gc,phases      ] GC(13) Weak Processing 0.372ms
[27.366s][debug][gc,age         ] GC(13) Desired survivor size 536870912 bytes, new threshold 3 (max threshold 15)
[27.366s][info ][gc,heap        ] GC(13) PSYoungGen: 1048576K(1572864K)->55424K(1572864K) Eden: 1048576K(1048576K)->0K(1048576K) From: 0K(524288K)->55424K(524288K)
[27.366s][info ][gc,heap        ] GC(13) ParOldGen: 317664K(516608K)->317664K(516608K)
[27.366s][info ][gc,metaspace   ] GC(13) Metaspace: 75087K(76032K)->75087K(76032K) NonClass: 64267K(64768K)->64267K(64768K) Class: 10820K(11264K)->10820K(11264K)
[27.366s][info ][gc             ] GC(13) Pause Young (Allocation Failure) 1334M->364M(2040M) 33.778ms
[27.366s][info ][gc,cpu         ] GC(13) User=0.10s Sys=0.00s Real=0.03s
[27.366s][info ][safepoint      ] Safepoint "ParallelGCFailedAllocation", Time since last: 907193243 ns, Reaching safepoint: 195801 ns, At safepoint: 33856706 ns, Total: 34052507 ns
[28.031s][info ][safepoint      ] Safepoint "ICBufferFull", Time since last: 665105489 ns, Reaching safepoint: 186501 ns, At safepoint: 13500 ns, Total: 200001 ns
[29.031s][info ][safepoint      ] Safepoint "Cleanup", Time since last: 1000107451 ns, Reaching safepoint: 203100 ns, At safepoint: 8601 ns, Total: 211701 ns
[30.032s][info ][safepoint      ] Safepoint "Cleanup", Time since last: 1000840662 ns, Reaching safepoint: 221101 ns, At safepoint: 12300 ns, Total: 233401 ns
[30.677s][info ][safepoint      ] Safepoint "ICBufferFull", Time since last: 644098642 ns, Reaching safepoint: 190300 ns, At safepoint: 8500 ns, Total: 198800 ns
[31.677s][info ][safepoint      ] Safepoint "Cleanup", Time since last: 1000124277 ns, Reaching safepoint: 287700 ns, At safepoint: 8401 ns, Total: 296101 ns
[32.435s][info ][safepoint      ] Safepoint "ICBufferFull", Time since last: 757390111 ns, Reaching safepoint: 162901 ns, At safepoint: 5900 ns, Total: 168801 ns
[33.425s][info ][safepoint      ] Safepoint "ICBufferFull", Time since last: 990582063 ns, Reaching safepoint: 155900 ns, At safepoint: 10100 ns, Total: 166000 ns
[34.426s][info ][safepoint      ] Safepoint "Cleanup", Time since last: 1000119003 ns, Reaching safepoint: 160201 ns, At safepoint: 7100 ns, Total: 167301 ns
[35.310s][info ][gc,start       ] GC(14) Pause Young (Allocation Failure)
[35.323s][debug][gc,phases      ] GC(14) Scavenge 12.736ms
[35.323s][debug][gc,ref         ] GC(14) Skipped phase 1 of Reference Processing: no references
[35.323s][debug][gc,ref         ] GC(14) ReferenceProcessor::execute queues: 1, RefProcThreadModel::Single, marks_oops_alive: false
[35.323s][debug][gc,ref         ] GC(14) Skipped phase 3 of Reference Processing: no references
[35.323s][debug][gc,ref         ] GC(14) ReferenceProcessor::execute queues: 1, RefProcThreadModel::Single, marks_oops_alive: false
[35.323s][debug][gc,phases      ] GC(14) Reference Processing 0.102ms
[35.323s][debug][gc,phases      ] GC(14)   VM Weak                        Min:  0.0, Avg:  0.0, Max:  0.0, Diff:  0.0, Sum:  0.0, Workers: 4
[35.323s][debug][gc,phases      ] GC(14)     Dead                           Min: 0, Avg:  0.0, Max: 0, Diff: 0, Sum: 0, Workers: 4
[35.323s][debug][gc,phases      ] GC(14)     Total                          Min: 0, Avg: 177.5, Max: 646, Diff: 646, Sum: 710, Workers: 4
[35.323s][debug][gc,phases      ] GC(14)   ObjectSynchronizer Weak        Min:  0.0, Avg:  0.0, Max:  0.0, Diff:  0.0, Sum:  0.0, Workers: 4
[35.323s][debug][gc,phases      ] GC(14)     Dead                           Min: 0, Avg:  0.0, Max: 0, Diff: 0, Sum: 0, Workers: 4
[35.323s][debug][gc,phases      ] GC(14)     Total                          Min: 0, Avg:  7.5, Max: 30, Diff: 30, Sum: 30, Workers: 4
[35.323s][debug][gc,phases      ] GC(14)   JVMTI Tag Weak OopStorage      Min:  0.0, Avg:  0.0, Max:  0.0, Diff:  0.0, Sum:  0.0, Workers: 4
[35.323s][debug][gc,phases      ] GC(14)     Dead                           Min: 0, Avg:  0.0, Max: 0, Diff: 0, Sum: 0, Workers: 4
[35.323s][debug][gc,phases      ] GC(14)     Total                          Min: 0, Avg:  0.0, Max: 0, Diff: 0, Sum: 0, Workers: 4
[35.323s][debug][gc,phases      ] GC(14)   StringTable Weak               Min:  0.1, Avg:  0.1, Max:  0.1, Diff:  0.0, Sum:  0.4, Workers: 4
[35.323s][debug][gc,phases      ] GC(14)     Dead                           Min: 0, Avg:  0.2, Max: 1, Diff: 1, Sum: 1, Workers: 4
[35.323s][debug][gc,phases      ] GC(14)     Total                          Min: 8528, Avg: 10388.0, Max: 11136, Diff: 2608, Sum: 41552, Workers: 4
[35.323s][debug][gc,phases      ] GC(14)   ResolvedMethodTable Weak       Min:  0.0, Avg:  0.0, Max:  0.0, Diff:  0.0, Sum:  0.1, Workers: 4
[35.323s][debug][gc,phases      ] GC(14)     Dead                           Min: 0, Avg:  0.0, Max: 0, Diff: 0, Sum: 0, Workers: 4
[35.323s][debug][gc,phases      ] GC(14)     Total                          Min: 1984, Avg: 2045.2, Max: 2112, Diff: 128, Sum: 8181, Workers: 4
[35.323s][debug][gc,phases      ] GC(14)   JNI Weak                       Min:  0.0, Avg:  0.0, Max:  0.0, Diff:  0.0, Sum:  0.0, Workers: 4
[35.323s][debug][gc,phases      ] GC(14)     Dead                           Min: 0, Avg:  0.0, Max: 0, Diff: 0, Sum: 0, Workers: 4
[35.323s][debug][gc,phases      ] GC(14)     Total                          Min: 0, Avg: 14.5, Max: 58, Diff: 58, Sum: 58, Workers: 4
[35.323s][debug][gc,phases      ] GC(14)   StringDedup Table Weak         Min:  0.0, Avg:  0.0, Max:  0.0, Diff:  0.0, Sum:  0.0, Workers: 4
[35.323s][debug][gc,phases      ] GC(14)     Dead                           Min: 0, Avg:  0.0, Max: 0, Diff: 0, Sum: 0, Workers: 4
[35.323s][debug][gc,phases      ] GC(14)     Total                          Min: 0, Avg:  0.0, Max: 0, Diff: 0, Sum: 0, Workers: 4
[35.323s][debug][gc,phases      ] GC(14)   StringDedup Requests0 Weak     Min:  0.0, Avg:  0.0, Max:  0.0, Diff:  0.0, Sum:  0.0, Workers: 4
[35.323s][debug][gc,phases      ] GC(14)     Dead                           Min: 0, Avg:  0.0, Max: 0, Diff: 0, Sum: 0, Workers: 4
[35.323s][debug][gc,phases      ] GC(14)     Total                          Min: 0, Avg:  0.0, Max: 0, Diff: 0, Sum: 0, Workers: 4
[35.323s][debug][gc,phases      ] GC(14)   StringDedup Requests1 Weak     Min:  0.0, Avg:  0.0, Max:  0.0, Diff:  0.0, Sum:  0.0, Workers: 4
[35.323s][debug][gc,phases      ] GC(14)     Dead                           Min: 0, Avg:  0.0, Max: 0, Diff: 0, Sum: 0, Workers: 4
[35.323s][debug][gc,phases      ] GC(14)     Total                          Min: 0, Avg:  0.0, Max: 0, Diff: 0, Sum: 0, Workers: 4
[35.323s][debug][gc,phases      ] GC(14)   Weak JFR Old Object Samples    Min:  0.0, Avg:  0.0, Max:  0.0, Diff:  0.0, Sum:  0.0, Workers: 4
[35.323s][debug][gc,phases      ] GC(14)     Dead                           Min: 0, Avg:  0.0, Max: 0, Diff: 0, Sum: 0, Workers: 4
[35.323s][debug][gc,phases      ] GC(14)     Total                          Min: 0, Avg:  0.0, Max: 0, Diff: 0, Sum: 0, Workers: 4
[35.323s][debug][gc,phases      ] GC(14) Weak Processing 0.275ms
[35.323s][debug][gc,age         ] GC(14) Desired survivor size 536870912 bytes, new threshold 2 (max threshold 15)
[35.323s][info ][gc,heap        ] GC(14) PSYoungGen: 1104000K(1572864K)->50016K(1572864K) Eden: 1048576K(1048576K)->0K(1048576K) From: 55424K(524288K)->50016K(524288K)
[35.323s][info ][gc,heap        ] GC(14) ParOldGen: 317664K(516608K)->317664K(516608K)
[35.323s][info ][gc,metaspace   ] GC(14) Metaspace: 75673K(76544K)->75673K(76544K) NonClass: 64817K(65280K)->64817K(65280K) Class: 10856K(11264K)->10856K(11264K)
[35.323s][info ][gc             ] GC(14) Pause Young (Allocation Failure) 1388M->359M(2040M) 13.228ms
[35.323s][info ][gc,cpu         ] GC(14) User=0.05s Sys=0.00s Real=0.02s
[35.323s][info ][safepoint      ] Safepoint "ParallelGCFailedAllocation", Time since last: 883914138 ns, Reaching safepoint: 188801 ns, At safepoint: 13295143 ns, Total: 13483944 ns
[36.323s][info ][safepoint      ] Safepoint "Cleanup", Time since last: 1000087121 ns, Reaching safepoint: 121800 ns, At safepoint: 3400 ns, Total: 125200 ns
[37.324s][info ][safepoint      ] Safepoint "Cleanup", Time since last: 1000109730 ns, Reaching safepoint: 91601 ns, At safepoint: 5400 ns, Total: 97001 ns
[38.880s][info ][safepoint      ] Safepoint "Cleanup", Time since last: 1556146445 ns, Reaching safepoint: 173901 ns, At safepoint: 7100 ns, Total: 181001 ns
[40.335s][info ][safepoint      ] Safepoint "Cleanup", Time since last: 1454631437 ns, Reaching safepoint: 98401 ns, At safepoint: 2300 ns, Total: 100701 ns
[41.335s][info ][safepoint      ] Safepoint "Cleanup", Time since last: 1000096068 ns, Reaching safepoint: 51701 ns, At safepoint: 1800 ns, Total: 53501 ns
[42.335s][info ][safepoint      ] Safepoint "Cleanup", Time since last: 1000089678 ns, Reaching safepoint: 184800 ns, At safepoint: 5900 ns, Total: 190700 ns
[43.335s][info ][safepoint      ] Safepoint "Cleanup", Time since last: 1000110488 ns, Reaching safepoint: 175601 ns, At safepoint: 5500 ns, Total: 181101 ns
[44.336s][info ][safepoint      ] Safepoint "Cleanup", Time since last: 1000100797 ns, Reaching safepoint: 83500 ns, At safepoint: 2500 ns, Total: 86000 ns
[45.336s][info ][safepoint      ] Safepoint "Cleanup", Time since last: 1000098507 ns, Reaching safepoint: 70800 ns, At safepoint: 5100 ns, Total: 75900 ns
[46.336s][info ][safepoint      ] Safepoint "Cleanup", Time since last: 1000065716 ns, Reaching safepoint: 54200 ns, At safepoint: 1900 ns, Total: 56100 ns
[47.336s][info ][safepoint      ] Safepoint "Cleanup", Time since last: 1000096925 ns, Reaching safepoint: 40400 ns, At safepoint: 2100 ns, Total: 42500 ns
[48.336s][info ][safepoint      ] Safepoint "Cleanup", Time since last: 1000105935 ns, Reaching safepoint: 49700 ns, At safepoint: 2600 ns, Total: 52300 ns
[49.336s][info ][safepoint      ] Safepoint "Cleanup", Time since last: 1000101244 ns, Reaching safepoint: 53600 ns, At safepoint: 2300 ns, Total: 55900 ns
[50.336s][info ][safepoint      ] Safepoint "Cleanup", Time since last: 1000096453 ns, Reaching safepoint: 48000 ns, At safepoint: 2300 ns, Total: 50300 ns
[51.873s][info ][safepoint      ] Safepoint "Cleanup", Time since last: 1536158369 ns, Reaching safepoint: 104200 ns, At safepoint: 2700 ns, Total: 106900 ns
[52.873s][info ][safepoint      ] Safepoint "Cleanup", Time since last: 1000105977 ns, Reaching safepoint: 98601 ns, At safepoint: 2400 ns, Total: 101001 ns
[53.873s][info ][safepoint      ] Safepoint "Cleanup", Time since last: 1000093586 ns, Reaching safepoint: 87400 ns, At safepoint: 2500 ns, Total: 89900 ns
[54.873s][info ][safepoint      ] Safepoint "Cleanup", Time since last: 1000094995 ns, Reaching safepoint: 73800 ns, At safepoint: 2400 ns, Total: 76200 ns
[55.873s][info ][safepoint      ] Safepoint "Cleanup", Time since last: 1000111905 ns, Reaching safepoint: 58900 ns, At safepoint: 2600 ns, Total: 61500 ns
[56.874s][info ][safepoint      ] Safepoint "Cleanup", Time since last: 1000099014 ns, Reaching safepoint: 48900 ns, At safepoint: 2600 ns, Total: 51500 ns
[57.874s][info ][safepoint      ] Safepoint "Cleanup", Time since last: 1000096623 ns, Reaching safepoint: 70700 ns, At safepoint: 2100 ns, Total: 72800 ns
[58.874s][info ][safepoint      ] Safepoint "Cleanup", Time since last: 1000105232 ns, Reaching safepoint: 53101 ns, At safepoint: 2600 ns, Total: 55701 ns
[59.874s][info ][safepoint      ] Safepoint "Cleanup", Time since last: 1000115741 ns, Reaching safepoint: 34900 ns, At safepoint: 2500 ns, Total: 37400 ns
[60.874s][info ][safepoint      ] Safepoint "Cleanup", Time since last: 1000100950 ns, Reaching safepoint: 48901 ns, At safepoint: 3800 ns, Total: 52701 ns
[61.134s][info ][gc,start       ] GC(15) Pause Young (Allocation Failure)
[61.155s][debug][gc,phases      ] GC(15) Scavenge 21.717ms
[61.155s][debug][gc,ref         ] GC(15) Skipped phase 1 of Reference Processing: no references
[61.155s][debug][gc,ref         ] GC(15) ReferenceProcessor::execute queues: 1, RefProcThreadModel::Single, marks_oops_alive: false
[61.155s][debug][gc,ref         ] GC(15) Skipped phase 3 of Reference Processing: no references
[61.155s][debug][gc,ref         ] GC(15) ReferenceProcessor::execute queues: 1, RefProcThreadModel::Single, marks_oops_alive: false
[61.155s][debug][gc,phases      ] GC(15) Reference Processing 0.110ms
[61.156s][debug][gc,phases      ] GC(15)   VM Weak                        Min:  0.0, Avg:  0.0, Max:  0.0, Diff:  0.0, Sum:  0.0, Workers: 4
[61.156s][debug][gc,phases      ] GC(15)     Dead                           Min: 0, Avg:  0.0, Max: 0, Diff: 0, Sum: 0, Workers: 4
[61.156s][debug][gc,phases      ] GC(15)     Total                          Min: 0, Avg: 177.5, Max: 518, Diff: 518, Sum: 710, Workers: 4
[61.156s][debug][gc,phases      ] GC(15)   ObjectSynchronizer Weak        Min:  0.0, Avg:  0.0, Max:  0.0, Diff:  0.0, Sum:  0.0, Workers: 4
[61.156s][debug][gc,phases      ] GC(15)     Dead                           Min: 0, Avg:  0.0, Max: 0, Diff: 0, Sum: 0, Workers: 4
[61.156s][debug][gc,phases      ] GC(15)     Total                          Min: 0, Avg:  7.5, Max: 30, Diff: 30, Sum: 30, Workers: 4
[61.156s][debug][gc,phases      ] GC(15)   JVMTI Tag Weak OopStorage      Min:  0.0, Avg:  0.0, Max:  0.0, Diff:  0.0, Sum:  0.0, Workers: 4
[61.156s][debug][gc,phases      ] GC(15)     Dead                           Min: 0, Avg:  0.0, Max: 0, Diff: 0, Sum: 0, Workers: 4
[61.156s][debug][gc,phases      ] GC(15)     Total                          Min: 0, Avg:  0.0, Max: 0, Diff: 0, Sum: 0, Workers: 4
[61.156s][debug][gc,phases      ] GC(15)   StringTable Weak               Min:  0.0, Avg:  0.1, Max:  0.1, Diff:  0.1, Sum:  0.4, Workers: 4
[61.156s][debug][gc,phases      ] GC(15)     Dead                           Min: 0, Avg:  0.2, Max: 1, Diff: 1, Sum: 1, Workers: 4
[61.156s][debug][gc,phases      ] GC(15)     Total                          Min: 0, Avg: 10418.2, Max: 14848, Diff: 14848, Sum: 41673, Workers: 4
[61.156s][debug][gc,phases      ] GC(15)   ResolvedMethodTable Weak       Min:  0.0, Avg:  0.0, Max:  0.0, Diff:  0.0, Sum:  0.1, Workers: 4
[61.156s][debug][gc,phases      ] GC(15)     Dead                           Min: 0, Avg:  0.0, Max: 0, Diff: 0, Sum: 0, Workers: 4
[61.156s][debug][gc,phases      ] GC(15)     Total                          Min: 0, Avg: 2049.8, Max: 2880, Diff: 2880, Sum: 8199, Workers: 4
[61.156s][debug][gc,phases      ] GC(15)   JNI Weak                       Min:  0.0, Avg:  0.0, Max:  0.0, Diff:  0.0, Sum:  0.0, Workers: 4
[61.156s][debug][gc,phases      ] GC(15)     Dead                           Min: 0, Avg:  0.0, Max: 0, Diff: 0, Sum: 0, Workers: 4
[61.156s][debug][gc,phases      ] GC(15)     Total                          Min: 0, Avg: 11.2, Max: 45, Diff: 45, Sum: 45, Workers: 4
[61.156s][debug][gc,phases      ] GC(15)   StringDedup Table Weak         Min:  0.0, Avg:  0.0, Max:  0.0, Diff:  0.0, Sum:  0.0, Workers: 4
[61.156s][debug][gc,phases      ] GC(15)     Dead                           Min: 0, Avg:  0.0, Max: 0, Diff: 0, Sum: 0, Workers: 4
[61.156s][debug][gc,phases      ] GC(15)     Total                          Min: 0, Avg:  0.0, Max: 0, Diff: 0, Sum: 0, Workers: 4
[61.156s][debug][gc,phases      ] GC(15)   StringDedup Requests0 Weak     Min:  0.0, Avg:  0.0, Max:  0.0, Diff:  0.0, Sum:  0.0, Workers: 4
[61.156s][debug][gc,phases      ] GC(15)     Dead                           Min: 0, Avg:  0.0, Max: 0, Diff: 0, Sum: 0, Workers: 4
[61.156s][debug][gc,phases      ] GC(15)     Total                          Min: 0, Avg:  0.0, Max: 0, Diff: 0, Sum: 0, Workers: 4
[61.156s][debug][gc,phases      ] GC(15)   StringDedup Requests1 Weak     Min:  0.0, Avg:  0.0, Max:  0.0, Diff:  0.0, Sum:  0.0, Workers: 4
[61.156s][debug][gc,phases      ] GC(15)     Dead                           Min: 0, Avg:  0.0, Max: 0, Diff: 0, Sum: 0, Workers: 4
[61.156s][debug][gc,phases      ] GC(15)     Total                          Min: 0, Avg:  0.0, Max: 0, Diff: 0, Sum: 0, Workers: 4
[61.156s][debug][gc,phases      ] GC(15)   Weak JFR Old Object Samples    Min:  0.0, Avg:  0.0, Max:  0.0, Diff:  0.0, Sum:  0.0, Workers: 4
[61.156s][debug][gc,phases      ] GC(15)     Dead                           Min: 0, Avg:  0.0, Max: 0, Diff: 0, Sum: 0, Workers: 4
[61.156s][debug][gc,phases      ] GC(15)     Total                          Min: 0, Avg:  0.0, Max: 0, Diff: 0, Sum: 0, Workers: 4
[61.156s][debug][gc,phases      ] GC(15) Weak Processing 0.362ms
[61.156s][debug][gc,age         ] GC(15) Desired survivor size 536870912 bytes, new threshold 1 (max threshold 15)
[61.156s][info ][gc,heap        ] GC(15) PSYoungGen: 1098592K(1572864K)->14272K(1572864K) Eden: 1048576K(1048576K)->0K(1048576K) From: 50016K(524288K)->14272K(524288K)
[61.156s][info ][gc,heap        ] GC(15) ParOldGen: 317664K(516608K)->357776K(516608K)
[61.156s][info ][gc,metaspace   ] GC(15) Metaspace: 76128K(77120K)->76128K(77120K) NonClass: 65260K(65792K)->65260K(65792K) Class: 10867K(11328K)->10867K(11328K)
[61.156s][info ][gc             ] GC(15) Pause Young (Allocation Failure) 1383M->363M(2040M) 22.306ms
[61.156s][info ][gc,cpu         ] GC(15) User=0.07s Sys=0.00s Real=0.02s
[61.156s][info ][safepoint      ] Safepoint "ParallelGCFailedAllocation", Time since last: 259221195 ns, Reaching safepoint: 41800 ns, At safepoint: 22382578 ns, Total: 22424378 ns
[62.156s][info ][safepoint      ] Safepoint "Cleanup", Time since last: 1000085762 ns, Reaching safepoint: 54400 ns, At safepoint: 10900 ns, Total: 65300 ns
[63.156s][info ][safepoint      ] Safepoint "Cleanup", Time since last: 1000115671 ns, Reaching safepoint: 42000 ns, At safepoint: 2100 ns, Total: 44100 ns
[64.156s][info ][safepoint      ] Safepoint "Cleanup", Time since last: 1000095980 ns, Reaching safepoint: 53201 ns, At safepoint: 2700 ns, Total: 55901 ns
[65.157s][info ][safepoint      ] Safepoint "Cleanup", Time since last: 1000102289 ns, Reaching safepoint: 53500 ns, At safepoint: 2600 ns, Total: 56100 ns
[66.157s][info ][safepoint      ] Safepoint "Cleanup", Time since last: 1000102098 ns, Reaching safepoint: 60201 ns, At safepoint: 2700 ns, Total: 62901 ns
[67.157s][info ][safepoint      ] Safepoint "Cleanup", Time since last: 1000112607 ns, Reaching safepoint: 52400 ns, At safepoint: 2700 ns, Total: 55100 ns
[68.157s][info ][safepoint      ] Safepoint "Cleanup", Time since last: 1000116616 ns, Reaching safepoint: 63701 ns, At safepoint: 2800 ns, Total: 66501 ns
[69.157s][info ][safepoint      ] Safepoint "Cleanup", Time since last: 1000098525 ns, Reaching safepoint: 42400 ns, At safepoint: 4200 ns, Total: 46600 ns
[70.157s][info ][safepoint      ] Safepoint "Cleanup", Time since last: 1000106534 ns, Reaching safepoint: 43001 ns, At safepoint: 9000 ns, Total: 52001 ns
[71.157s][info ][safepoint      ] Safepoint "Cleanup", Time since last: 1000090643 ns, Reaching safepoint: 39100 ns, At safepoint: 4600 ns, Total: 43700 ns
[72.158s][info ][safepoint      ] Safepoint "Cleanup", Time since last: 1000099852 ns, Reaching safepoint: 45100 ns, At safepoint: 3900 ns, Total: 49000 ns
[73.158s][info ][safepoint      ] Safepoint "Cleanup", Time since last: 1000071761 ns, Reaching safepoint: 51000 ns, At safepoint: 3600 ns, Total: 54600 ns
[74.158s][info ][safepoint      ] Safepoint "Cleanup", Time since last: 1000105670 ns, Reaching safepoint: 50401 ns, At safepoint: 2500 ns, Total: 52901 ns
[75.158s][info ][safepoint      ] Safepoint "Cleanup", Time since last: 1000106879 ns, Reaching safepoint: 43600 ns, At safepoint: 4800 ns, Total: 48400 ns
[76.558s][info ][safepoint      ] Safepoint "Cleanup", Time since last: 1399922825 ns, Reaching safepoint: 185101 ns, At safepoint: 14700 ns, Total: 199801 ns
[76.813s][info ][safepoint      ] Safepoint "ICBufferFull", Time since last: 254245614 ns, Reaching safepoint: 212201 ns, At safepoint: 4000 ns, Total: 216201 ns
[77.813s][info ][safepoint      ] Safepoint "Cleanup", Time since last: 1000102802 ns, Reaching safepoint: 130400 ns, At safepoint: 7300 ns, Total: 137700 ns
[78.813s][info ][safepoint      ] Safepoint "Cleanup", Time since last: 1000103612 ns, Reaching safepoint: 76300 ns, At safepoint: 8500 ns, Total: 84800 ns
[79.813s][info ][safepoint      ] Safepoint "Cleanup", Time since last: 1000120620 ns, Reaching safepoint: 77900 ns, At safepoint: 2400 ns, Total: 80300 ns
[80.813s][info ][safepoint      ] Safepoint "Cleanup", Time since last: 1000106629 ns, Reaching safepoint: 57500 ns, At safepoint: 3000 ns, Total: 60500 ns
[81.814s][info ][safepoint      ] Safepoint "Cleanup", Time since last: 1000108338 ns, Reaching safepoint: 62300 ns, At safepoint: 5500 ns, Total: 67800 ns
[82.814s][info ][safepoint      ] Safepoint "Cleanup", Time since last: 1000106446 ns, Reaching safepoint: 54100 ns, At safepoint: 4900 ns, Total: 59000 ns
[83.814s][info ][safepoint      ] Safepoint "Cleanup", Time since last: 1000103255 ns, Reaching safepoint: 75601 ns, At safepoint: 2700 ns, Total: 78301 ns
[84.814s][info ][safepoint      ] Safepoint "Cleanup", Time since last: 1000105463 ns, Reaching safepoint: 96601 ns, At safepoint: 3200 ns, Total: 99801 ns
[85.786s][info ][gc,start       ] GC(16) Pause Young (Allocation Failure)
[85.797s][debug][gc,phases      ] GC(16) Scavenge 11.470ms
[85.797s][debug][gc,ref         ] GC(16) Skipped phase 1 of Reference Processing: no references
[85.797s][debug][gc,ref         ] GC(16) ReferenceProcessor::execute queues: 1, RefProcThreadModel::Single, marks_oops_alive: false
[85.797s][debug][gc,ref         ] GC(16) Skipped phase 3 of Reference Processing: no references
[85.797s][debug][gc,ref         ] GC(16) ReferenceProcessor::execute queues: 1, RefProcThreadModel::Single, marks_oops_alive: false
[85.797s][debug][gc,phases      ] GC(16) Reference Processing 0.095ms
[85.799s][debug][gc,phases      ] GC(16)   VM Weak                        Min:  0.0, Avg:  0.0, Max:  0.0, Diff:  0.0, Sum:  0.0, Workers: 4
[85.799s][debug][gc,phases      ] GC(16)     Dead                           Min: 0, Avg:  0.0, Max: 0, Diff: 0, Sum: 0, Workers: 4
[85.799s][debug][gc,phases      ] GC(16)     Total                          Min: 0, Avg: 177.8, Max: 519, Diff: 519, Sum: 711, Workers: 4
[85.799s][debug][gc,phases      ] GC(16)   ObjectSynchronizer Weak        Min:  0.0, Avg:  0.0, Max:  0.0, Diff:  0.0, Sum:  0.0, Workers: 4
[85.799s][debug][gc,phases      ] GC(16)     Dead                           Min: 0, Avg:  0.0, Max: 0, Diff: 0, Sum: 0, Workers: 4
[85.799s][debug][gc,phases      ] GC(16)     Total                          Min: 0, Avg:  7.5, Max: 30, Diff: 30, Sum: 30, Workers: 4
[85.799s][debug][gc,phases      ] GC(16)   JVMTI Tag Weak OopStorage      Min:  0.0, Avg:  0.0, Max:  0.0, Diff:  0.0, Sum:  0.0, Workers: 4
[85.799s][debug][gc,phases      ] GC(16)     Dead                           Min: 0, Avg:  0.0, Max: 0, Diff: 0, Sum: 0, Workers: 4
[85.799s][debug][gc,phases      ] GC(16)     Total                          Min: 0, Avg:  0.0, Max: 0, Diff: 0, Sum: 0, Workers: 4
[85.799s][debug][gc,phases      ] GC(16)   StringTable Weak               Min:  0.0, Avg:  0.1, Max:  0.2, Diff:  0.2, Sum:  0.5, Workers: 4
[85.799s][debug][gc,phases      ] GC(16)     Dead                           Min: 0, Avg:  0.0, Max: 0, Diff: 0, Sum: 0, Workers: 4
[85.799s][debug][gc,phases      ] GC(16)     Total                          Min: 0, Avg: 10433.2, Max: 17861, Diff: 17861, Sum: 41733, Workers: 4
[85.799s][debug][gc,phases      ] GC(16)   ResolvedMethodTable Weak       Min:  0.0, Avg:  0.3, Max:  1.2, Diff:  1.2, Sum:  1.3, Workers: 4
[85.799s][debug][gc,phases      ] GC(16)     Dead                           Min: 0, Avg:  0.2, Max: 1, Diff: 1, Sum: 1, Workers: 4
[85.799s][debug][gc,phases      ] GC(16)     Total                          Min: 0, Avg: 2000.2, Max: 3204, Diff: 3204, Sum: 8001, Workers: 4
[85.799s][debug][gc,phases      ] GC(16)   JNI Weak                       Min:  0.0, Avg:  0.0, Max:  0.0, Diff:  0.0, Sum:  0.0, Workers: 4
[85.799s][debug][gc,phases      ] GC(16)     Dead                           Min: 0, Avg:  0.0, Max: 0, Diff: 0, Sum: 0, Workers: 4
[85.799s][debug][gc,phases      ] GC(16)     Total                          Min: 0, Avg: 11.2, Max: 45, Diff: 45, Sum: 45, Workers: 4
[85.799s][debug][gc,phases      ] GC(16)   StringDedup Table Weak         Min:  0.0, Avg:  0.0, Max:  0.0, Diff:  0.0, Sum:  0.0, Workers: 4
[85.799s][debug][gc,phases      ] GC(16)     Dead                           Min: 0, Avg:  0.0, Max: 0, Diff: 0, Sum: 0, Workers: 4
[85.799s][debug][gc,phases      ] GC(16)     Total                          Min: 0, Avg:  0.0, Max: 0, Diff: 0, Sum: 0, Workers: 4
[85.799s][debug][gc,phases      ] GC(16)   StringDedup Requests0 Weak     Min:  0.0, Avg:  0.0, Max:  0.0, Diff:  0.0, Sum:  0.0, Workers: 4
[85.799s][debug][gc,phases      ] GC(16)     Dead                           Min: 0, Avg:  0.0, Max: 0, Diff: 0, Sum: 0, Workers: 4
[85.799s][debug][gc,phases      ] GC(16)     Total                          Min: 0, Avg:  0.0, Max: 0, Diff: 0, Sum: 0, Workers: 4
[85.799s][debug][gc,phases      ] GC(16)   StringDedup Requests1 Weak     Min:  0.0, Avg:  0.0, Max:  0.0, Diff:  0.0, Sum:  0.0, Workers: 4
[85.799s][debug][gc,phases      ] GC(16)     Dead                           Min: 0, Avg:  0.0, Max: 0, Diff: 0, Sum: 0, Workers: 4
[85.799s][debug][gc,phases      ] GC(16)     Total                          Min: 0, Avg:  0.0, Max: 0, Diff: 0, Sum: 0, Workers: 4
[85.799s][debug][gc,phases      ] GC(16)   Weak JFR Old Object Samples    Min:  0.0, Avg:  0.0, Max:  0.0, Diff:  0.0, Sum:  0.0, Workers: 4
[85.799s][debug][gc,phases      ] GC(16)     Dead                           Min: 0, Avg:  0.0, Max: 0, Diff: 0, Sum: 0, Workers: 4
[85.799s][debug][gc,phases      ] GC(16)     Total                          Min: 0, Avg:  0.0, Max: 0, Diff: 0, Sum: 0, Workers: 4
[85.799s][debug][gc,phases      ] GC(16) Weak Processing 1.604ms
[85.799s][debug][gc,age         ] GC(16) Desired survivor size 536870912 bytes, new threshold 1 (max threshold 15)
[85.799s][info ][gc,heap        ] GC(16) PSYoungGen: 1062848K(1572864K)->7274K(1572864K) Eden: 1048576K(1048576K)->0K(1048576K) From: 14272K(524288K)->7274K(524288K)
[85.799s][info ][gc,heap        ] GC(16) ParOldGen: 357776K(516608K)->371561K(516608K)
[85.799s][info ][gc,metaspace   ] GC(16) Metaspace: 76391K(77376K)->76391K(77376K) NonClass: 65517K(66048K)->65517K(66048K) Class: 10873K(11328K)->10873K(11328K)
[85.799s][info ][gc             ] GC(16) Pause Young (Allocation Failure) 1387M->369M(2040M) 13.291ms
[85.799s][info ][gc,cpu         ] GC(16) User=0.04s Sys=0.00s Real=0.01s
[85.799s][info ][safepoint      ] Safepoint "ParallelGCFailedAllocation", Time since last: 971323866 ns, Reaching safepoint: 128001 ns, At safepoint: 13363449 ns, Total: 13491450 ns
[87.395s][info ][safepoint      ] Safepoint "Cleanup", Time since last: 1595461376 ns, Reaching safepoint: 113301 ns, At safepoint: 7400 ns, Total: 120701 ns
[88.395s][info ][safepoint      ] Safepoint "Cleanup", Time since last: 1000080294 ns, Reaching safepoint: 43901 ns, At safepoint: 3100 ns, Total: 47001 ns
[89.395s][info ][safepoint      ] Safepoint "Cleanup", Time since last: 1000111603 ns, Reaching safepoint: 54400 ns, At safepoint: 2500 ns, Total: 56900 ns
[90.395s][info ][safepoint      ] Safepoint "Cleanup", Time since last: 1000109112 ns, Reaching safepoint: 53100 ns, At safepoint: 3700 ns, Total: 56800 ns
[91.395s][info ][safepoint      ] Safepoint "Cleanup", Time since last: 1000052921 ns, Reaching safepoint: 26300 ns, At safepoint: 2700 ns, Total: 29000 ns
[92.395s][info ][safepoint      ] Safepoint "Cleanup", Time since last: 1000103729 ns, Reaching safepoint: 64000 ns, At safepoint: 6100 ns, Total: 70100 ns
[93.395s][info ][safepoint      ] Safepoint "Cleanup", Time since last: 1000131238 ns, Reaching safepoint: 50100 ns, At safepoint: 3100 ns, Total: 53200 ns
[94.396s][info ][safepoint      ] Safepoint "Cleanup", Time since last: 1000092747 ns, Reaching safepoint: 36100 ns, At safepoint: 2300 ns, Total: 38400 ns
[95.396s][info ][safepoint      ] Safepoint "Cleanup", Time since last: 1000106755 ns, Reaching safepoint: 48800 ns, At safepoint: 9800 ns, Total: 58600 ns
[96.396s][info ][safepoint      ] Safepoint "Cleanup", Time since last: 1000119063 ns, Reaching safepoint: 94601 ns, At safepoint: 6600 ns, Total: 101201 ns
[97.396s][info ][safepoint      ] Safepoint "Cleanup", Time since last: 1000095572 ns, Reaching safepoint: 36700 ns, At safepoint: 3200 ns, Total: 39900 ns
[98.396s][info ][safepoint      ] Safepoint "Cleanup", Time since last: 1000096780 ns, Reaching safepoint: 59000 ns, At safepoint: 2400 ns, Total: 61400 ns
[99.396s][info ][safepoint      ] Safepoint "Cleanup", Time since last: 1000121289 ns, Reaching safepoint: 55700 ns, At safepoint: 8700 ns, Total: 64400 ns
[100.397s][info ][safepoint      ] Safepoint "Cleanup", Time since last: 1000116498 ns, Reaching safepoint: 132300 ns, At safepoint: 5300 ns, Total: 137600 ns
[101.397s][info ][safepoint      ] Safepoint "Cleanup", Time since last: 1000122906 ns, Reaching safepoint: 67600 ns, At safepoint: 3900 ns, Total: 71500 ns
[102.397s][info ][safepoint      ] Safepoint "Cleanup", Time since last: 1000104714 ns, Reaching safepoint: 57201 ns, At safepoint: 2300 ns, Total: 59501 ns
[103.397s][info ][safepoint      ] Safepoint "Cleanup", Time since last: 1000090522 ns, Reaching safepoint: 47500 ns, At safepoint: 4300 ns, Total: 51800 ns
[104.397s][info ][safepoint      ] Safepoint "Cleanup", Time since last: 1000106831 ns, Reaching safepoint: 57900 ns, At safepoint: 2800 ns, Total: 60700 ns
[105.398s][info ][safepoint      ] Safepoint "Cleanup", Time since last: 1000104540 ns, Reaching safepoint: 52200 ns, At safepoint: 2100 ns, Total: 54300 ns
[106.398s][info ][safepoint      ] Safepoint "Cleanup", Time since last: 1000107648 ns, Reaching safepoint: 50500 ns, At safepoint: 2500 ns, Total: 53000 ns
[107.283s][info ][gc,start       ] GC(17) Pause Young (Allocation Failure)
[107.287s][debug][gc,phases      ] GC(17) Scavenge 4.008ms
[107.288s][debug][gc,ref         ] GC(17) Skipped phase 1 of Reference Processing: no references
[107.288s][debug][gc,ref         ] GC(17) ReferenceProcessor::execute queues: 1, RefProcThreadModel::Single, marks_oops_alive: false
[107.288s][debug][gc,ref         ] GC(17) Skipped phase 3 of Reference Processing: no references
[107.288s][debug][gc,ref         ] GC(17) ReferenceProcessor::execute queues: 1, RefProcThreadModel::Single, marks_oops_alive: false
[107.288s][debug][gc,phases      ] GC(17) Reference Processing 0.086ms
[107.288s][debug][gc,phases      ] GC(17)   VM Weak                        Min:  0.0, Avg:  0.0, Max:  0.0, Diff:  0.0, Sum:  0.0, Workers: 4
[107.288s][debug][gc,phases      ] GC(17)     Dead                           Min: 0, Avg:  0.0, Max: 0, Diff: 0, Sum: 0, Workers: 4
[107.288s][debug][gc,phases      ] GC(17)     Total                          Min: 0, Avg: 178.8, Max: 448, Diff: 448, Sum: 715, Workers: 4
[107.288s][debug][gc,phases      ] GC(17)   ObjectSynchronizer Weak        Min:  0.0, Avg:  0.0, Max:  0.0, Diff:  0.0, Sum:  0.0, Workers: 4
[107.288s][debug][gc,phases      ] GC(17)     Dead                           Min: 0, Avg:  0.0, Max: 0, Diff: 0, Sum: 0, Workers: 4
[107.288s][debug][gc,phases      ] GC(17)     Total                          Min: 0, Avg:  7.5, Max: 30, Diff: 30, Sum: 30, Workers: 4
[107.288s][debug][gc,phases      ] GC(17)   JVMTI Tag Weak OopStorage      Min:  0.0, Avg:  0.0, Max:  0.0, Diff:  0.0, Sum:  0.0, Workers: 4
[107.288s][debug][gc,phases      ] GC(17)     Dead                           Min: 0, Avg:  0.0, Max: 0, Diff: 0, Sum: 0, Workers: 4
[107.288s][debug][gc,phases      ] GC(17)     Total                          Min: 0, Avg:  0.0, Max: 0, Diff: 0, Sum: 0, Workers: 4
[107.288s][debug][gc,phases      ] GC(17)   StringTable Weak               Min:  0.0, Avg:  0.1, Max:  0.1, Diff:  0.1, Sum:  0.3, Workers: 4
[107.288s][debug][gc,phases      ] GC(17)     Dead                           Min: 0, Avg:  0.2, Max: 1, Diff: 1, Sum: 1, Workers: 4
[107.288s][debug][gc,phases      ] GC(17)     Total                          Min: 0, Avg: 10446.0, Max: 18111, Diff: 18111, Sum: 41784, Workers: 4
[107.288s][debug][gc,phases      ] GC(17)   ResolvedMethodTable Weak       Min:  0.0, Avg:  0.0, Max:  0.0, Diff:  0.0, Sum:  0.1, Workers: 4
[107.288s][debug][gc,phases      ] GC(17)     Dead                           Min: 0, Avg:  0.2, Max: 1, Diff: 1, Sum: 1, Workers: 4
[107.288s][debug][gc,phases      ] GC(17)     Total                          Min: 0, Avg: 2004.5, Max: 2781, Diff: 2781, Sum: 8018, Workers: 4
[107.288s][debug][gc,phases      ] GC(17)   JNI Weak                       Min:  0.0, Avg:  0.0, Max:  0.0, Diff:  0.0, Sum:  0.0, Workers: 4
[107.288s][debug][gc,phases      ] GC(17)     Dead                           Min: 0, Avg:  0.0, Max: 0, Diff: 0, Sum: 0, Workers: 4
[107.288s][debug][gc,phases      ] GC(17)     Total                          Min: 0, Avg: 11.2, Max: 45, Diff: 45, Sum: 45, Workers: 4
[107.288s][debug][gc,phases      ] GC(17)   StringDedup Table Weak         Min:  0.0, Avg:  0.0, Max:  0.0, Diff:  0.0, Sum:  0.0, Workers: 4
[107.288s][debug][gc,phases      ] GC(17)     Dead                           Min: 0, Avg:  0.0, Max: 0, Diff: 0, Sum: 0, Workers: 4
[107.288s][debug][gc,phases      ] GC(17)     Total                          Min: 0, Avg:  0.0, Max: 0, Diff: 0, Sum: 0, Workers: 4
[107.288s][debug][gc,phases      ] GC(17)   StringDedup Requests0 Weak     Min:  0.0, Avg:  0.0, Max:  0.0, Diff:  0.0, Sum:  0.0, Workers: 4
[107.288s][debug][gc,phases      ] GC(17)     Dead                           Min: 0, Avg:  0.0, Max: 0, Diff: 0, Sum: 0, Workers: 4
[107.288s][debug][gc,phases      ] GC(17)     Total                          Min: 0, Avg:  0.0, Max: 0, Diff: 0, Sum: 0, Workers: 4
[107.288s][debug][gc,phases      ] GC(17)   StringDedup Requests1 Weak     Min:  0.0, Avg:  0.0, Max:  0.0, Diff:  0.0, Sum:  0.0, Workers: 4
[107.288s][debug][gc,phases      ] GC(17)     Dead                           Min: 0, Avg:  0.0, Max: 0, Diff: 0, Sum: 0, Workers: 4
[107.288s][debug][gc,phases      ] GC(17)     Total                          Min: 0, Avg:  0.0, Max: 0, Diff: 0, Sum: 0, Workers: 4
[107.288s][debug][gc,phases      ] GC(17)   Weak JFR Old Object Samples    Min:  0.0, Avg:  0.0, Max:  0.0, Diff:  0.0, Sum:  0.0, Workers: 4
[107.288s][debug][gc,phases      ] GC(17)     Dead                           Min: 0, Avg:  0.0, Max: 0, Diff: 0, Sum: 0, Workers: 4
[107.288s][debug][gc,phases      ] GC(17)     Total                          Min: 0, Avg:  0.0, Max: 0, Diff: 0, Sum: 0, Workers: 4
[107.288s][debug][gc,phases      ] GC(17) Weak Processing 0.320ms
[107.288s][debug][gc,age         ] GC(17) Desired survivor size 536870912 bytes, new threshold 1 (max threshold 15)
[107.288s][info ][gc,heap        ] GC(17) PSYoungGen: 1055850K(1572864K)->3200K(1572864K) Eden: 1048576K(1048576K)->0K(1048576K) From: 7274K(524288K)->3200K(524288K)
[107.288s][info ][gc,heap        ] GC(17) ParOldGen: 371561K(516608K)->377689K(516608K)
[107.288s][info ][gc,metaspace   ] GC(17) Metaspace: 76537K(77504K)->76537K(77504K) NonClass: 65656K(66176K)->65656K(66176K) Class: 10880K(11328K)->10880K(11328K)
[107.288s][info ][gc             ] GC(17) Pause Young (Allocation Failure) 1393M->371M(2040M) 4.521ms
[107.288s][info ][gc,cpu         ] GC(17) User=0.02s Sys=0.00s Real=0.00s
[107.288s][info ][safepoint      ] Safepoint "ParallelGCFailedAllocation", Time since last: 885654414 ns, Reaching safepoint: 56900 ns, At safepoint: 4578518 ns, Total: 4635418 ns
[108.288s][info ][safepoint      ] Safepoint "Cleanup", Time since last: 1000078863 ns, Reaching safepoint: 50600 ns, At safepoint: 2400 ns, Total: 53000 ns
[109.288s][info ][safepoint      ] Safepoint "Cleanup", Time since last: 1000097672 ns, Reaching safepoint: 47300 ns, At safepoint: 2200 ns, Total: 49500 ns
[110.288s][info ][safepoint      ] Safepoint "Cleanup", Time since last: 1000107280 ns, Reaching safepoint: 46200 ns, At safepoint: 2600 ns, Total: 48800 ns
[111.289s][info ][safepoint      ] Safepoint "Cleanup", Time since last: 1000098789 ns, Reaching safepoint: 71000 ns, At safepoint: 1800 ns, Total: 72800 ns
[113.100s][info ][safepoint      ] Safepoint "Cleanup", Time since last: 1811335462 ns, Reaching safepoint: 124101 ns, At safepoint: 7800 ns, Total: 131901 ns
[114.100s][info ][safepoint      ] Safepoint "Cleanup", Time since last: 1000099211 ns, Reaching safepoint: 92501 ns, At safepoint: 2300 ns, Total: 94801 ns
[115.100s][info ][safepoint      ] Safepoint "Cleanup", Time since last: 1000103119 ns, Reaching safepoint: 71901 ns, At safepoint: 3000 ns, Total: 74901 ns
[116.101s][info ][safepoint      ] Safepoint "Cleanup", Time since last: 1000110327 ns, Reaching safepoint: 63501 ns, At safepoint: 2900 ns, Total: 66401 ns
[117.101s][info ][safepoint      ] Safepoint "Cleanup", Time since last: 1000100836 ns, Reaching safepoint: 63300 ns, At safepoint: 6100 ns, Total: 69400 ns
[118.101s][info ][safepoint      ] Safepoint "Cleanup", Time since last: 1000093944 ns, Reaching safepoint: 59800 ns, At safepoint: 3100 ns, Total: 62900 ns
[120.101s][info ][safepoint      ] Safepoint "Cleanup", Time since last: 2000174413 ns, Reaching safepoint: 98300 ns, At safepoint: 6800 ns, Total: 105100 ns
[121.101s][info ][safepoint      ] Safepoint "Cleanup", Time since last: 1000110869 ns, Reaching safepoint: 88900 ns, At safepoint: 5100 ns, Total: 94000 ns
[122.102s][info ][safepoint      ] Safepoint "Cleanup", Time since last: 1000115777 ns, Reaching safepoint: 44000 ns, At safepoint: 3700 ns, Total: 47700 ns
[123.102s][info ][safepoint      ] Safepoint "Cleanup", Time since last: 1000109085 ns, Reaching safepoint: 38400 ns, At safepoint: 2400 ns, Total: 40800 ns
[124.102s][info ][safepoint      ] Safepoint "Cleanup", Time since last: 1000107593 ns, Reaching safepoint: 85901 ns, At safepoint: 7000 ns, Total: 92901 ns
[125.102s][info ][safepoint      ] Safepoint "Cleanup", Time since last: 1000115500 ns, Reaching safepoint: 89401 ns, At safepoint: 8800 ns, Total: 98201 ns
[126.102s][info ][safepoint      ] Safepoint "Cleanup", Time since last: 1000108209 ns, Reaching safepoint: 65000 ns, At safepoint: 5600 ns, Total: 70600 ns
[127.971s][info ][safepoint      ] Safepoint "Cleanup", Time since last: 1868185510 ns, Reaching safepoint: 89501 ns, At safepoint: 9300 ns, Total: 98801 ns
[128.971s][info ][safepoint      ] Safepoint "Cleanup", Time since last: 1000090332 ns, Reaching safepoint: 48100 ns, At safepoint: 2800 ns, Total: 50900 ns
[129.971s][info ][safepoint      ] Safepoint "Cleanup", Time since last: 1000110740 ns, Reaching safepoint: 50200 ns, At safepoint: 2400 ns, Total: 52600 ns
[130.971s][info ][safepoint      ] Safepoint "Cleanup", Time since last: 1000099948 ns, Reaching safepoint: 44100 ns, At safepoint: 11400 ns, Total: 55500 ns
[131.183s][info ][gc,start       ] GC(18) Pause Young (Allocation Failure)
[131.187s][debug][gc,phases      ] GC(18) Scavenge 3.274ms
[131.187s][debug][gc,ref         ] GC(18) Skipped phase 1 of Reference Processing: no references
[131.187s][debug][gc,ref         ] GC(18) ReferenceProcessor::execute queues: 1, RefProcThreadModel::Single, marks_oops_alive: false
[131.187s][debug][gc,ref         ] GC(18) Skipped phase 3 of Reference Processing: no references
[131.187s][debug][gc,ref         ] GC(18) ReferenceProcessor::execute queues: 1, RefProcThreadModel::Single, marks_oops_alive: false
[131.187s][debug][gc,phases      ] GC(18) Reference Processing 0.086ms
[131.187s][debug][gc,phases      ] GC(18)   VM Weak                        Min:  0.0, Avg:  0.0, Max:  0.0, Diff:  0.0, Sum:  0.0, Workers: 4
[131.187s][debug][gc,phases      ] GC(18)     Dead                           Min: 0, Avg:  0.0, Max: 0, Diff: 0, Sum: 0, Workers: 4
[131.187s][debug][gc,phases      ] GC(18)     Total                          Min: 0, Avg: 179.0, Max: 704, Diff: 704, Sum: 716, Workers: 4
[131.187s][debug][gc,phases      ] GC(18)   ObjectSynchronizer Weak        Min:  0.0, Avg:  0.0, Max:  0.0, Diff:  0.0, Sum:  0.0, Workers: 4
[131.187s][debug][gc,phases      ] GC(18)     Dead                           Min: 0, Avg:  0.0, Max: 0, Diff: 0, Sum: 0, Workers: 4
[131.187s][debug][gc,phases      ] GC(18)     Total                          Min: 0, Avg:  7.5, Max: 30, Diff: 30, Sum: 30, Workers: 4
[131.187s][debug][gc,phases      ] GC(18)   JVMTI Tag Weak OopStorage      Min:  0.0, Avg:  0.0, Max:  0.0, Diff:  0.0, Sum:  0.0, Workers: 4
[131.187s][debug][gc,phases      ] GC(18)     Dead                           Min: 0, Avg:  0.0, Max: 0, Diff: 0, Sum: 0, Workers: 4
[131.187s][debug][gc,phases      ] GC(18)     Total                          Min: 0, Avg:  0.0, Max: 0, Diff: 0, Sum: 0, Workers: 4
[131.187s][debug][gc,phases      ] GC(18)   StringTable Weak               Min:  0.1, Avg:  0.1, Max:  0.1, Diff:  0.0, Sum:  0.4, Workers: 4
[131.187s][debug][gc,phases      ] GC(18)     Dead                           Min: 0, Avg:  0.2, Max: 1, Diff: 1, Sum: 1, Workers: 4
[131.187s][debug][gc,phases      ] GC(18)     Total                          Min: 9600, Avg: 10462.5, Max: 11003, Diff: 1403, Sum: 41850, Workers: 4
[131.187s][debug][gc,phases      ] GC(18)   ResolvedMethodTable Weak       Min:  0.0, Avg:  0.0, Max:  0.0, Diff:  0.0, Sum:  0.1, Workers: 4
[131.187s][debug][gc,phases      ] GC(18)     Dead                           Min: 0, Avg:  0.0, Max: 0, Diff: 0, Sum: 0, Workers: 4
[131.187s][debug][gc,phases      ] GC(18)     Total                          Min: 1873, Avg: 2011.2, Max: 2165, Diff: 292, Sum: 8045, Workers: 4
[131.187s][debug][gc,phases      ] GC(18)   JNI Weak                       Min:  0.0, Avg:  0.0, Max:  0.0, Diff:  0.0, Sum:  0.0, Workers: 4
[131.187s][debug][gc,phases      ] GC(18)     Dead                           Min: 0, Avg:  0.0, Max: 0, Diff: 0, Sum: 0, Workers: 4
[131.187s][debug][gc,phases      ] GC(18)     Total                          Min: 0, Avg: 11.2, Max: 45, Diff: 45, Sum: 45, Workers: 4
[131.187s][debug][gc,phases      ] GC(18)   StringDedup Table Weak         Min:  0.0, Avg:  0.0, Max:  0.0, Diff:  0.0, Sum:  0.0, Workers: 4
[131.187s][debug][gc,phases      ] GC(18)     Dead                           Min: 0, Avg:  0.0, Max: 0, Diff: 0, Sum: 0, Workers: 4
[131.187s][debug][gc,phases      ] GC(18)     Total                          Min: 0, Avg:  0.0, Max: 0, Diff: 0, Sum: 0, Workers: 4
[131.187s][debug][gc,phases      ] GC(18)   StringDedup Requests0 Weak     Min:  0.0, Avg:  0.0, Max:  0.0, Diff:  0.0, Sum:  0.0, Workers: 4
[131.187s][debug][gc,phases      ] GC(18)     Dead                           Min: 0, Avg:  0.0, Max: 0, Diff: 0, Sum: 0, Workers: 4
[131.187s][debug][gc,phases      ] GC(18)     Total                          Min: 0, Avg:  0.0, Max: 0, Diff: 0, Sum: 0, Workers: 4
[131.187s][debug][gc,phases      ] GC(18)   StringDedup Requests1 Weak     Min:  0.0, Avg:  0.0, Max:  0.0, Diff:  0.0, Sum:  0.0, Workers: 4
[131.187s][debug][gc,phases      ] GC(18)     Dead                           Min: 0, Avg:  0.0, Max: 0, Diff: 0, Sum: 0, Workers: 4
[131.187s][debug][gc,phases      ] GC(18)     Total                          Min: 0, Avg:  0.0, Max: 0, Diff: 0, Sum: 0, Workers: 4
[131.187s][debug][gc,phases      ] GC(18)   Weak JFR Old Object Samples    Min:  0.0, Avg:  0.0, Max:  0.0, Diff:  0.0, Sum:  0.0, Workers: 4
[131.187s][debug][gc,phases      ] GC(18)     Dead                           Min: 0, Avg:  0.0, Max: 0, Diff: 0, Sum: 0, Workers: 4
[131.187s][debug][gc,phases      ] GC(18)     Total                          Min: 0, Avg:  0.0, Max: 0, Diff: 0, Sum: 0, Workers: 4
[131.187s][debug][gc,phases      ] GC(18) Weak Processing 0.282ms
[131.187s][debug][gc,age         ] GC(18) Desired survivor size 536870912 bytes, new threshold 1 (max threshold 15)
[131.187s][info ][gc,heap        ] GC(18) PSYoungGen: 1051776K(1572864K)->2240K(1572864K) Eden: 1048576K(1048576K)->0K(1048576K) From: 3200K(524288K)->2240K(524288K)
[131.187s][info ][gc,heap        ] GC(18) ParOldGen: 377689K(516608K)->379449K(516608K)
[131.187s][info ][gc,metaspace   ] GC(18) Metaspace: 76753K(77696K)->76753K(77696K) NonClass: 65852K(66368K)->65852K(66368K) Class: 10901K(11328K)->10901K(11328K)
[131.187s][info ][gc             ] GC(18) Pause Young (Allocation Failure) 1395M->372M(2040M) 3.741ms
[131.187s][info ][gc,cpu         ] GC(18) User=0.02s Sys=0.00s Real=0.00s
[131.187s][info ][safepoint      ] Safepoint "ParallelGCFailedAllocation", Time since last: 212342060 ns, Reaching safepoint: 36301 ns, At safepoint: 3809015 ns, Total: 3845316 ns
[132.187s][info ][safepoint      ] Safepoint "Cleanup", Time since last: 1000081157 ns, Reaching safepoint: 24801 ns, At safepoint: 3100 ns, Total: 27901 ns
[134.188s][info ][safepoint      ] Safepoint "Cleanup", Time since last: 2000225438 ns, Reaching safepoint: 47701 ns, At safepoint: 3600 ns, Total: 51301 ns
[135.188s][info ][safepoint      ] Safepoint "Cleanup", Time since last: 1000100381 ns, Reaching safepoint: 50100 ns, At safepoint: 6200 ns, Total: 56300 ns
[137.188s][info ][safepoint      ] Safepoint "Cleanup", Time since last: 2000155286 ns, Reaching safepoint: 34500 ns, At safepoint: 9000 ns, Total: 43500 ns
[139.188s][info ][safepoint      ] Safepoint "Cleanup", Time since last: 2000153417 ns, Reaching safepoint: 28600 ns, At safepoint: 2600 ns, Total: 31200 ns
[140.188s][info ][safepoint      ] Safepoint "Cleanup", Time since last: 1000099621 ns, Reaching safepoint: 45700 ns, At safepoint: 3700 ns, Total: 49400 ns
[141.188s][info ][safepoint      ] Safepoint "Cleanup", Time since last: 1000098728 ns, Reaching safepoint: 42301 ns, At safepoint: 4500 ns, Total: 46801 ns
[142.189s][info ][safepoint      ] Safepoint "Cleanup", Time since last: 1000103736 ns, Reaching safepoint: 37100 ns, At safepoint: 3600 ns, Total: 40700 ns
[143.189s][info ][safepoint      ] Safepoint "Cleanup", Time since last: 1000103644 ns, Reaching safepoint: 74000 ns, At safepoint: 3500 ns, Total: 77500 ns
[144.189s][info ][safepoint      ] Safepoint "Cleanup", Time since last: 1000107752 ns, Reaching safepoint: 71200 ns, At safepoint: 6800 ns, Total: 78000 ns
[145.189s][info ][safepoint      ] Safepoint "Cleanup", Time since last: 1000098159 ns, Reaching safepoint: 51300 ns, At safepoint: 5200 ns, Total: 56500 ns
[146.189s][info ][safepoint      ] Safepoint "Cleanup", Time since last: 1000085467 ns, Reaching safepoint: 26000 ns, At safepoint: 2100 ns, Total: 28100 ns
[147.189s][info ][safepoint      ] Safepoint "Cleanup", Time since last: 1000091375 ns, Reaching safepoint: 44800 ns, At safepoint: 3900 ns, Total: 48700 ns
[148.190s][info ][safepoint      ] Safepoint "Cleanup", Time since last: 1000076083 ns, Reaching safepoint: 28600 ns, At safepoint: 2600 ns, Total: 31200 ns
[149.190s][info ][safepoint      ] Safepoint "Cleanup", Time since last: 1000096990 ns, Reaching safepoint: 36200 ns, At safepoint: 5200 ns, Total: 41400 ns
[150.190s][info ][safepoint      ] Safepoint "Cleanup", Time since last: 1000096398 ns, Reaching safepoint: 31100 ns, At safepoint: 2300 ns, Total: 33400 ns
[151.190s][info ][safepoint      ] Safepoint "Cleanup", Time since last: 1000096406 ns, Reaching safepoint: 53400 ns, At safepoint: 5900 ns, Total: 59300 ns
[152.190s][info ][safepoint      ] Safepoint "Cleanup", Time since last: 1000117713 ns, Reaching safepoint: 31600 ns, At safepoint: 2800 ns, Total: 34400 ns
[153.190s][info ][safepoint      ] Safepoint "Cleanup", Time since last: 1000100021 ns, Reaching safepoint: 47400 ns, At safepoint: 7200 ns, Total: 54600 ns
[155.190s][info ][safepoint      ] Safepoint "Cleanup", Time since last: 2000161364 ns, Reaching safepoint: 43500 ns, At safepoint: 2600 ns, Total: 46100 ns
[156.191s][info ][safepoint      ] Safepoint "Cleanup", Time since last: 1000113644 ns, Reaching safepoint: 71500 ns, At safepoint: 2100 ns, Total: 73600 ns
[157.191s][info ][safepoint      ] Safepoint "Cleanup", Time since last: 1000096851 ns, Reaching safepoint: 48101 ns, At safepoint: 4100 ns, Total: 52201 ns
[158.191s][info ][safepoint      ] Safepoint "Cleanup", Time since last: 1000102958 ns, Reaching safepoint: 27700 ns, At safepoint: 2900 ns, Total: 30600 ns
[159.191s][info ][safepoint      ] Safepoint "Cleanup", Time since last: 1000121367 ns, Reaching safepoint: 44900 ns, At safepoint: 3800 ns, Total: 48700 ns
[159.682s][info ][gc,start       ] GC(19) Pause Young (Allocation Failure)
[159.686s][debug][gc,phases      ] GC(19) Scavenge 4.193ms
[159.686s][debug][gc,ref         ] GC(19) Skipped phase 1 of Reference Processing: no references
[159.686s][debug][gc,ref         ] GC(19) ReferenceProcessor::execute queues: 1, RefProcThreadModel::Single, marks_oops_alive: false
[159.686s][debug][gc,ref         ] GC(19) Skipped phase 3 of Reference Processing: no references
[159.686s][debug][gc,ref         ] GC(19) ReferenceProcessor::execute queues: 1, RefProcThreadModel::Single, marks_oops_alive: false
[159.686s][debug][gc,phases      ] GC(19) Reference Processing 0.081ms
[159.686s][debug][gc,phases      ] GC(19)   VM Weak                        Min:  0.0, Avg:  0.0, Max:  0.0, Diff:  0.0, Sum:  0.0, Workers: 4
[159.686s][debug][gc,phases      ] GC(19)     Dead                           Min: 0, Avg:  0.0, Max: 0, Diff: 0, Sum: 0, Workers: 4
[159.686s][debug][gc,phases      ] GC(19)     Total                          Min: 0, Avg: 179.0, Max: 588, Diff: 588, Sum: 716, Workers: 4
[159.686s][debug][gc,phases      ] GC(19)   ObjectSynchronizer Weak        Min:  0.0, Avg:  0.0, Max:  0.0, Diff:  0.0, Sum:  0.0, Workers: 4
[159.686s][debug][gc,phases      ] GC(19)     Dead                           Min: 0, Avg:  0.0, Max: 0, Diff: 0, Sum: 0, Workers: 4
[159.686s][debug][gc,phases      ] GC(19)     Total                          Min: 0, Avg:  7.5, Max: 30, Diff: 30, Sum: 30, Workers: 4
[159.686s][debug][gc,phases      ] GC(19)   JVMTI Tag Weak OopStorage      Min:  0.0, Avg:  0.0, Max:  0.0, Diff:  0.0, Sum:  0.0, Workers: 4
[159.686s][debug][gc,phases      ] GC(19)     Dead                           Min: 0, Avg:  0.0, Max: 0, Diff: 0, Sum: 0, Workers: 4
[159.686s][debug][gc,phases      ] GC(19)     Total                          Min: 0, Avg:  0.0, Max: 0, Diff: 0, Sum: 0, Workers: 4
[159.686s][debug][gc,phases      ] GC(19)   StringTable Weak               Min:  0.0, Avg:  0.1, Max:  0.1, Diff:  0.1, Sum:  0.3, Workers: 4
[159.686s][debug][gc,phases      ] GC(19)     Dead                           Min: 0, Avg:  0.0, Max: 0, Diff: 0, Sum: 0, Workers: 4
[159.686s][debug][gc,phases      ] GC(19)     Total                          Min: 0, Avg: 10468.2, Max: 17984, Diff: 17984, Sum: 41873, Workers: 4
[159.686s][debug][gc,phases      ] GC(19)   ResolvedMethodTable Weak       Min:  0.0, Avg:  0.0, Max:  0.0, Diff:  0.0, Sum:  0.1, Workers: 4
[159.686s][debug][gc,phases      ] GC(19)     Dead                           Min: 0, Avg:  0.0, Max: 0, Diff: 0, Sum: 0, Workers: 4
[159.686s][debug][gc,phases      ] GC(19)     Total                          Min: 0, Avg: 2012.2, Max: 3303, Diff: 3303, Sum: 8049, Workers: 4
[159.686s][debug][gc,phases      ] GC(19)   JNI Weak                       Min:  0.0, Avg:  0.0, Max:  0.0, Diff:  0.0, Sum:  0.0, Workers: 4
[159.686s][debug][gc,phases      ] GC(19)     Dead                           Min: 0, Avg:  0.0, Max: 0, Diff: 0, Sum: 0, Workers: 4
[159.686s][debug][gc,phases      ] GC(19)     Total                          Min: 0, Avg: 11.2, Max: 45, Diff: 45, Sum: 45, Workers: 4
[159.686s][debug][gc,phases      ] GC(19)   StringDedup Table Weak         Min:  0.0, Avg:  0.0, Max:  0.0, Diff:  0.0, Sum:  0.0, Workers: 4
[159.686s][debug][gc,phases      ] GC(19)     Dead                           Min: 0, Avg:  0.0, Max: 0, Diff: 0, Sum: 0, Workers: 4
[159.686s][debug][gc,phases      ] GC(19)     Total                          Min: 0, Avg:  0.0, Max: 0, Diff: 0, Sum: 0, Workers: 4
[159.686s][debug][gc,phases      ] GC(19)   StringDedup Requests0 Weak     Min:  0.0, Avg:  0.0, Max:  0.0, Diff:  0.0, Sum:  0.0, Workers: 4
[159.686s][debug][gc,phases      ] GC(19)     Dead                           Min: 0, Avg:  0.0, Max: 0, Diff: 0, Sum: 0, Workers: 4
[159.686s][debug][gc,phases      ] GC(19)     Total                          Min: 0, Avg:  0.0, Max: 0, Diff: 0, Sum: 0, Workers: 4
[159.686s][debug][gc,phases      ] GC(19)   StringDedup Requests1 Weak     Min:  0.0, Avg:  0.0, Max:  0.0, Diff:  0.0, Sum:  0.0, Workers: 4
[159.686s][debug][gc,phases      ] GC(19)     Dead                           Min: 0, Avg:  0.0, Max: 0, Diff: 0, Sum: 0, Workers: 4
[159.686s][debug][gc,phases      ] GC(19)     Total                          Min: 0, Avg:  0.0, Max: 0, Diff: 0, Sum: 0, Workers: 4
[159.686s][debug][gc,phases      ] GC(19)   Weak JFR Old Object Samples    Min:  0.0, Avg:  0.0, Max:  0.0, Diff:  0.0, Sum:  0.0, Workers: 4
[159.686s][debug][gc,phases      ] GC(19)     Dead                           Min: 0, Avg:  0.0, Max: 0, Diff: 0, Sum: 0, Workers: 4
[159.686s][debug][gc,phases      ] GC(19)     Total                          Min: 0, Avg:  0.0, Max: 0, Diff: 0, Sum: 0, Workers: 4
[159.686s][debug][gc,phases      ] GC(19) Weak Processing 0.294ms
[159.686s][debug][gc,age         ] GC(19) Desired survivor size 536870912 bytes, new threshold 1 (max threshold 15)
[159.686s][info ][gc,heap        ] GC(19) PSYoungGen: 1050816K(1572864K)->2656K(1572864K) Eden: 1048576K(1048576K)->0K(1048576K) From: 2240K(524288K)->2656K(524288K)
[159.686s][info ][gc,heap        ] GC(19) ParOldGen: 379449K(516608K)->380377K(516608K)
[159.686s][info ][gc,metaspace   ] GC(19) Metaspace: 76835K(77760K)->76835K(77760K) NonClass: 65931K(66432K)->65931K(66432K) Class: 10903K(11328K)->10903K(11328K)
[159.686s][info ][gc             ] GC(19) Pause Young (Allocation Failure) 1396M->374M(2040M) 4.658ms
[159.686s][info ][gc,cpu         ] GC(19) User=0.01s Sys=0.00s Real=0.00s
[159.686s][info ][safepoint      ] Safepoint "ParallelGCFailedAllocation", Time since last: 490475295 ns, Reaching safepoint: 37600 ns, At safepoint: 4714421 ns, Total: 4752021 ns
[160.686s][info ][safepoint      ] Safepoint "Cleanup", Time since last: 1000077677 ns, Reaching safepoint: 43300 ns, At safepoint: 2900 ns, Total: 46200 ns
[161.687s][info ][safepoint      ] Safepoint "Cleanup", Time since last: 1000097285 ns, Reaching safepoint: 46000 ns, At safepoint: 2700 ns, Total: 48700 ns
[163.687s][info ][safepoint      ] Safepoint "Cleanup", Time since last: 2000164992 ns, Reaching safepoint: 73100 ns, At safepoint: 2200 ns, Total: 75300 ns
[164.687s][info ][safepoint      ] Safepoint "Cleanup", Time since last: 1000100008 ns, Reaching safepoint: 67700 ns, At safepoint: 5500 ns, Total: 73200 ns
[165.687s][info ][safepoint      ] Safepoint "Cleanup", Time since last: 1000107615 ns, Reaching safepoint: 43000 ns, At safepoint: 3900 ns, Total: 46900 ns
[167.687s][info ][safepoint      ] Safepoint "Cleanup", Time since last: 2000171252 ns, Reaching safepoint: 47900 ns, At safepoint: 3600 ns, Total: 51500 ns
[168.688s][info ][safepoint      ] Safepoint "Cleanup", Time since last: 1000095437 ns, Reaching safepoint: 35300 ns, At safepoint: 2400 ns, Total: 37700 ns
[169.688s][info ][safepoint      ] Safepoint "Cleanup", Time since last: 1000106544 ns, Reaching safepoint: 41800 ns, At safepoint: 3600 ns, Total: 45400 ns
[170.688s][info ][safepoint      ] Safepoint "Cleanup", Time since last: 1000066852 ns, Reaching safepoint: 34600 ns, At safepoint: 12400 ns, Total: 47000 ns
[171.688s][info ][safepoint      ] Safepoint "Cleanup", Time since last: 1000097259 ns, Reaching safepoint: 38100 ns, At safepoint: 10700 ns, Total: 48800 ns
[172.688s][info ][safepoint      ] Safepoint "Cleanup", Time since last: 1000111267 ns, Reaching safepoint: 48800 ns, At safepoint: 3300 ns, Total: 52100 ns
[173.688s][info ][safepoint      ] Safepoint "Cleanup", Time since last: 1000100874 ns, Reaching safepoint: 37000 ns, At safepoint: 2200 ns, Total: 39200 ns
[175.688s][info ][safepoint      ] Safepoint "Cleanup", Time since last: 2000166369 ns, Reaching safepoint: 34700 ns, At safepoint: 2700 ns, Total: 37400 ns
[177.689s][info ][safepoint      ] Safepoint "Cleanup", Time since last: 2000161599 ns, Reaching safepoint: 46800 ns, At safepoint: 2000 ns, Total: 48800 ns
[178.689s][info ][safepoint      ] Safepoint "Cleanup", Time since last: 1000095410 ns, Reaching safepoint: 44500 ns, At safepoint: 5300 ns, Total: 49800 ns
[179.689s][info ][safepoint      ] Safepoint "Cleanup", Time since last: 1000109118 ns, Reaching safepoint: 42000 ns, At safepoint: 2800 ns, Total: 44800 ns
[180.689s][info ][safepoint      ] Safepoint "Cleanup", Time since last: 1000114724 ns, Reaching safepoint: 30001 ns, At safepoint: 2100 ns, Total: 32101 ns
[181.689s][info ][safepoint      ] Safepoint "Cleanup", Time since last: 1000103131 ns, Reaching safepoint: 39301 ns, At safepoint: 3100 ns, Total: 42401 ns
[182.689s][info ][safepoint      ] Safepoint "Cleanup", Time since last: 1000099838 ns, Reaching safepoint: 56201 ns, At safepoint: 7600 ns, Total: 63801 ns
[183.690s][info ][safepoint      ] Safepoint "Cleanup", Time since last: 1000107446 ns, Reaching safepoint: 49500 ns, At safepoint: 5300 ns, Total: 54800 ns
[184.292s][info ][safepoint      ] Safepoint "ParallelGCFailedAllocation", Time since last: 602490282 ns, Reaching safepoint: 116200 ns, At safepoint: 14801 ns, Total: 131001 ns
[184.293s][info ][gc,start       ] GC(20) Pause Young (GCLocker Initiated GC)
[184.297s][debug][gc,phases      ] GC(20) Scavenge 4.277ms
[184.297s][debug][gc,ref         ] GC(20) Skipped phase 1 of Reference Processing: no references
[184.297s][debug][gc,ref         ] GC(20) ReferenceProcessor::execute queues: 1, RefProcThreadModel::Single, marks_oops_alive: false
[184.297s][debug][gc,ref         ] GC(20) Skipped phase 3 of Reference Processing: no references
[184.297s][debug][gc,ref         ] GC(20) ReferenceProcessor::execute queues: 1, RefProcThreadModel::Single, marks_oops_alive: false
[184.297s][debug][gc,phases      ] GC(20) Reference Processing 0.083ms
[184.297s][debug][gc,phases      ] GC(20)   VM Weak                        Min:  0.0, Avg:  0.0, Max:  0.0, Diff:  0.0, Sum:  0.0, Workers: 4
[184.297s][debug][gc,phases      ] GC(20)     Dead                           Min: 0, Avg:  0.0, Max: 0, Diff: 0, Sum: 0, Workers: 4
[184.297s][debug][gc,phases      ] GC(20)     Total                          Min: 0, Avg: 179.0, Max: 704, Diff: 704, Sum: 716, Workers: 4
[184.297s][debug][gc,phases      ] GC(20)   ObjectSynchronizer Weak        Min:  0.0, Avg:  0.0, Max:  0.0, Diff:  0.0, Sum:  0.0, Workers: 4
[184.297s][debug][gc,phases      ] GC(20)     Dead                           Min: 0, Avg:  0.0, Max: 0, Diff: 0, Sum: 0, Workers: 4
[184.297s][debug][gc,phases      ] GC(20)     Total                          Min: 0, Avg:  7.5, Max: 30, Diff: 30, Sum: 30, Workers: 4
[184.297s][debug][gc,phases      ] GC(20)   JVMTI Tag Weak OopStorage      Min:  0.0, Avg:  0.0, Max:  0.0, Diff:  0.0, Sum:  0.0, Workers: 4
[184.297s][debug][gc,phases      ] GC(20)     Dead                           Min: 0, Avg:  0.0, Max: 0, Diff: 0, Sum: 0, Workers: 4
[184.297s][debug][gc,phases      ] GC(20)     Total                          Min: 0, Avg:  0.0, Max: 0, Diff: 0, Sum: 0, Workers: 4
[184.297s][debug][gc,phases      ] GC(20)   StringTable Weak               Min:  0.0, Avg:  0.1, Max:  0.2, Diff:  0.2, Sum:  0.4, Workers: 4
[184.297s][debug][gc,phases      ] GC(20)     Dead                           Min: 0, Avg:  0.0, Max: 0, Diff: 0, Sum: 0, Workers: 4
[184.297s][debug][gc,phases      ] GC(20)     Total                          Min: 0, Avg: 10475.0, Max: 21804, Diff: 21804, Sum: 41900, Workers: 4
[184.297s][debug][gc,phases      ] GC(20)   ResolvedMethodTable Weak       Min:  0.0, Avg:  0.0, Max:  0.0, Diff:  0.0, Sum:  0.1, Workers: 4
[184.297s][debug][gc,phases      ] GC(20)     Dead                           Min: 0, Avg:  0.0, Max: 0, Diff: 0, Sum: 0, Workers: 4
[184.298s][debug][gc,phases      ] GC(20)     Total                          Min: 0, Avg: 2012.8, Max: 4051, Diff: 4051, Sum: 8051, Workers: 4
[184.298s][debug][gc,phases      ] GC(20)   JNI Weak                       Min:  0.0, Avg:  0.0, Max:  0.0, Diff:  0.0, Sum:  0.0, Workers: 4
[184.298s][debug][gc,phases      ] GC(20)     Dead                           Min: 0, Avg:  0.0, Max: 0, Diff: 0, Sum: 0, Workers: 4
[184.298s][debug][gc,phases      ] GC(20)     Total                          Min: 0, Avg: 11.2, Max: 45, Diff: 45, Sum: 45, Workers: 4
[184.298s][debug][gc,phases      ] GC(20)   StringDedup Table Weak         Min:  0.0, Avg:  0.0, Max:  0.0, Diff:  0.0, Sum:  0.0, Workers: 4
[184.298s][debug][gc,phases      ] GC(20)     Dead                           Min: 0, Avg:  0.0, Max: 0, Diff: 0, Sum: 0, Workers: 4
[184.298s][debug][gc,phases      ] GC(20)     Total                          Min: 0, Avg:  0.0, Max: 0, Diff: 0, Sum: 0, Workers: 4
[184.298s][debug][gc,phases      ] GC(20)   StringDedup Requests0 Weak     Min:  0.0, Avg:  0.0, Max:  0.0, Diff:  0.0, Sum:  0.0, Workers: 4
[184.298s][debug][gc,phases      ] GC(20)     Dead                           Min: 0, Avg:  0.0, Max: 0, Diff: 0, Sum: 0, Workers: 4
[184.298s][debug][gc,phases      ] GC(20)     Total                          Min: 0, Avg:  0.0, Max: 0, Diff: 0, Sum: 0, Workers: 4
[184.298s][debug][gc,phases      ] GC(20)   StringDedup Requests1 Weak     Min:  0.0, Avg:  0.0, Max:  0.0, Diff:  0.0, Sum:  0.0, Workers: 4
[184.298s][debug][gc,phases      ] GC(20)     Dead                           Min: 0, Avg:  0.0, Max: 0, Diff: 0, Sum: 0, Workers: 4
[184.298s][debug][gc,phases      ] GC(20)     Total                          Min: 0, Avg:  0.0, Max: 0, Diff: 0, Sum: 0, Workers: 4
[184.298s][debug][gc,phases      ] GC(20)   Weak JFR Old Object Samples    Min:  0.0, Avg:  0.0, Max:  0.0, Diff:  0.0, Sum:  0.0, Workers: 4
[184.298s][debug][gc,phases      ] GC(20)     Dead                           Min: 0, Avg:  0.0, Max: 0, Diff: 0, Sum: 0, Workers: 4
[184.298s][debug][gc,phases      ] GC(20)     Total                          Min: 0, Avg:  0.0, Max: 0, Diff: 0, Sum: 0, Workers: 4
[184.298s][debug][gc,phases      ] GC(20) Weak Processing 0.554ms
[184.298s][debug][gc,age         ] GC(20) Desired survivor size 536870912 bytes, new threshold 1 (max threshold 15)
[184.298s][info ][gc,heap        ] GC(20) PSYoungGen: 1051232K(1572864K)->2526K(1572864K) Eden: 1048576K(1048576K)->0K(1048576K) From: 2656K(524288K)->2526K(524288K)
[184.298s][info ][gc,heap        ] GC(20) ParOldGen: 380429K(516608K)->382105K(516608K)
[184.298s][info ][gc,metaspace   ] GC(20) Metaspace: 76863K(77760K)->76863K(77760K) NonClass: 65958K(66432K)->65958K(66432K) Class: 10905K(11328K)->10905K(11328K)
[184.298s][info ][gc             ] GC(20) Pause Young (GCLocker Initiated GC) 1398M->375M(2040M) 4.988ms
[184.298s][info ][gc,cpu         ] GC(20) User=0.01s Sys=0.00s Real=0.00s
[184.298s][info ][safepoint      ] Safepoint "ParallelGCSystemGC", Time since last: 389101 ns, Reaching safepoint: 21800 ns, At safepoint: 5043823 ns, Total: 5065623 ns
[185.298s][info ][safepoint      ] Safepoint "Cleanup", Time since last: 1000081357 ns, Reaching safepoint: 43601 ns, At safepoint: 2200 ns, Total: 45801 ns
[187.298s][info ][safepoint      ] Safepoint "Cleanup", Time since last: 2000162936 ns, Reaching safepoint: 41700 ns, At safepoint: 9200 ns, Total: 50900 ns
[188.298s][info ][safepoint      ] Safepoint "Cleanup", Time since last: 1000083279 ns, Reaching safepoint: 33201 ns, At safepoint: 2400 ns, Total: 35601 ns
[189.298s][info ][safepoint      ] Safepoint "Cleanup", Time since last: 1000110286 ns, Reaching safepoint: 61300 ns, At safepoint: 3100 ns, Total: 64400 ns
[190.637s][info ][safepoint      ] Safepoint "Cleanup", Time since last: 1339030018 ns, Reaching safepoint: 104601 ns, At safepoint: 3500 ns, Total: 108101 ns
[191.984s][info ][safepoint      ] Safepoint "Cleanup", Time since last: 1346828964 ns, Reaching safepoint: 61701 ns, At safepoint: 2600 ns, Total: 64301 ns
[192.984s][info ][safepoint      ] Safepoint "Cleanup", Time since last: 1000100012 ns, Reaching safepoint: 52400 ns, At safepoint: 10500 ns, Total: 62900 ns
[193.985s][info ][safepoint      ] Safepoint "Cleanup", Time since last: 1000099820 ns, Reaching safepoint: 45300 ns, At safepoint: 3500 ns, Total: 48800 ns
[194.985s][info ][safepoint      ] Safepoint "Cleanup", Time since last: 1000098126 ns, Reaching safepoint: 45200 ns, At safepoint: 5200 ns, Total: 50400 ns
[198.985s][info ][safepoint      ] Safepoint "Cleanup", Time since last: 4000270075 ns, Reaching safepoint: 45500 ns, At safepoint: 3700 ns, Total: 49200 ns
[199.985s][info ][safepoint      ] Safepoint "Cleanup", Time since last: 1000098761 ns, Reaching safepoint: 53001 ns, At safepoint: 7200 ns, Total: 60201 ns
[201.986s][info ][safepoint      ] Safepoint "Cleanup", Time since last: 2000171343 ns, Reaching safepoint: 114000 ns, At safepoint: 6800 ns, Total: 120800 ns
[202.986s][info ][safepoint      ] Safepoint "Cleanup", Time since last: 1000089382 ns, Reaching safepoint: 107701 ns, At safepoint: 5300 ns, Total: 113001 ns
[203.986s][info ][safepoint      ] Safepoint "Cleanup", Time since last: 1000094889 ns, Reaching safepoint: 26800 ns, At safepoint: 2600 ns, Total: 29400 ns
[204.986s][info ][safepoint      ] Safepoint "Cleanup", Time since last: 1000107496 ns, Reaching safepoint: 40700 ns, At safepoint: 2200 ns, Total: 42900 ns
[205.986s][info ][safepoint      ] Safepoint "Cleanup", Time since last: 1000101403 ns, Reaching safepoint: 48300 ns, At safepoint: 5400 ns, Total: 53700 ns
[206.986s][info ][safepoint      ] Safepoint "Cleanup", Time since last: 1000049109 ns, Reaching safepoint: 39801 ns, At safepoint: 2200 ns, Total: 42001 ns
[207.232s][info ][gc,start       ] GC(21) Pause Young (Allocation Failure)
[207.235s][debug][gc,phases      ] GC(21) Scavenge 3.322ms
[207.235s][debug][gc,ref         ] GC(21) Skipped phase 1 of Reference Processing: no references
[207.235s][debug][gc,ref         ] GC(21) ReferenceProcessor::execute queues: 1, RefProcThreadModel::Single, marks_oops_alive: false
[207.235s][debug][gc,ref         ] GC(21) Skipped phase 3 of Reference Processing: no references
[207.235s][debug][gc,ref         ] GC(21) ReferenceProcessor::execute queues: 1, RefProcThreadModel::Single, marks_oops_alive: false
[207.235s][debug][gc,phases      ] GC(21) Reference Processing 0.081ms
[207.236s][debug][gc,phases      ] GC(21)   VM Weak                        Min:  0.0, Avg:  0.0, Max:  0.0, Diff:  0.0, Sum:  0.0, Workers: 4
[207.236s][debug][gc,phases      ] GC(21)     Dead                           Min: 0, Avg:  0.0, Max: 0, Diff: 0, Sum: 0, Workers: 4
[207.236s][debug][gc,phases      ] GC(21)     Total                          Min: 0, Avg: 180.2, Max: 576, Diff: 576, Sum: 721, Workers: 4
[207.236s][debug][gc,phases      ] GC(21)   ObjectSynchronizer Weak        Min:  0.0, Avg:  0.0, Max:  0.0, Diff:  0.0, Sum:  0.0, Workers: 4
[207.236s][debug][gc,phases      ] GC(21)     Dead                           Min: 0, Avg:  0.0, Max: 0, Diff: 0, Sum: 0, Workers: 4
[207.236s][debug][gc,phases      ] GC(21)     Total                          Min: 0, Avg:  7.5, Max: 30, Diff: 30, Sum: 30, Workers: 4
[207.236s][debug][gc,phases      ] GC(21)   JVMTI Tag Weak OopStorage      Min:  0.0, Avg:  0.0, Max:  0.0, Diff:  0.0, Sum:  0.0, Workers: 4
[207.236s][debug][gc,phases      ] GC(21)     Dead                           Min: 0, Avg:  0.0, Max: 0, Diff: 0, Sum: 0, Workers: 4
[207.236s][debug][gc,phases      ] GC(21)     Total                          Min: 0, Avg:  0.0, Max: 0, Diff: 0, Sum: 0, Workers: 4
[207.236s][debug][gc,phases      ] GC(21)   StringTable Weak               Min:  0.1, Avg:  0.1, Max:  0.1, Diff:  0.0, Sum:  0.4, Workers: 4
[207.236s][debug][gc,phases      ] GC(21)     Dead                           Min: 0, Avg:  0.5, Max: 2, Diff: 2, Sum: 2, Workers: 4
[207.236s][debug][gc,phases      ] GC(21)     Total                          Min: 10240, Avg: 10483.0, Max: 10816, Diff: 576, Sum: 41932, Workers: 4
[207.236s][debug][gc,phases      ] GC(21)   ResolvedMethodTable Weak       Min:  0.0, Avg:  0.0, Max:  0.0, Diff:  0.0, Sum:  0.1, Workers: 4
[207.236s][debug][gc,phases      ] GC(21)     Dead                           Min: 0, Avg:  4.5, Max: 13, Diff: 13, Sum: 18, Workers: 4
[207.236s][debug][gc,phases      ] GC(21)     Total                          Min: 1280, Avg: 2029.5, Max: 2549, Diff: 1269, Sum: 8118, Workers: 4
[207.236s][debug][gc,phases      ] GC(21)   JNI Weak                       Min:  0.0, Avg:  0.0, Max:  0.0, Diff:  0.0, Sum:  0.0, Workers: 4
[207.236s][debug][gc,phases      ] GC(21)     Dead                           Min: 0, Avg:  0.0, Max: 0, Diff: 0, Sum: 0, Workers: 4
[207.236s][debug][gc,phases      ] GC(21)     Total                          Min: 0, Avg: 11.2, Max: 45, Diff: 45, Sum: 45, Workers: 4
[207.236s][debug][gc,phases      ] GC(21)   StringDedup Table Weak         Min:  0.0, Avg:  0.0, Max:  0.0, Diff:  0.0, Sum:  0.0, Workers: 4
[207.236s][debug][gc,phases      ] GC(21)     Dead                           Min: 0, Avg:  0.0, Max: 0, Diff: 0, Sum: 0, Workers: 4
[207.236s][debug][gc,phases      ] GC(21)     Total                          Min: 0, Avg:  0.0, Max: 0, Diff: 0, Sum: 0, Workers: 4
[207.236s][debug][gc,phases      ] GC(21)   StringDedup Requests0 Weak     Min:  0.0, Avg:  0.0, Max:  0.0, Diff:  0.0, Sum:  0.0, Workers: 4
[207.236s][debug][gc,phases      ] GC(21)     Dead                           Min: 0, Avg:  0.0, Max: 0, Diff: 0, Sum: 0, Workers: 4
[207.236s][debug][gc,phases      ] GC(21)     Total                          Min: 0, Avg:  0.0, Max: 0, Diff: 0, Sum: 0, Workers: 4
[207.236s][debug][gc,phases      ] GC(21)   StringDedup Requests1 Weak     Min:  0.0, Avg:  0.0, Max:  0.0, Diff:  0.0, Sum:  0.0, Workers: 4
[207.236s][debug][gc,phases      ] GC(21)     Dead                           Min: 0, Avg:  0.0, Max: 0, Diff: 0, Sum: 0, Workers: 4
[207.236s][debug][gc,phases      ] GC(21)     Total                          Min: 0, Avg:  0.0, Max: 0, Diff: 0, Sum: 0, Workers: 4
[207.236s][debug][gc,phases      ] GC(21)   Weak JFR Old Object Samples    Min:  0.0, Avg:  0.0, Max:  0.0, Diff:  0.0, Sum:  0.0, Workers: 4
[207.236s][debug][gc,phases      ] GC(21)     Dead                           Min: 0, Avg:  0.0, Max: 0, Diff: 0, Sum: 0, Workers: 4
[207.236s][debug][gc,phases      ] GC(21)     Total                          Min: 0, Avg:  0.0, Max: 0, Diff: 0, Sum: 0, Workers: 4
[207.236s][debug][gc,phases      ] GC(21) Weak Processing 0.325ms
[207.236s][debug][gc,age         ] GC(21) Desired survivor size 536870912 bytes, new threshold 1 (max threshold 15)
[207.236s][info ][gc,heap        ] GC(21) PSYoungGen: 1051102K(1572864K)->3328K(1572864K) Eden: 1048576K(1048576K)->0K(1048576K) From: 2526K(524288K)->3328K(524288K)
[207.236s][info ][gc,heap        ] GC(21) ParOldGen: 382107K(516608K)->382715K(516608K)
[207.236s][info ][gc,metaspace   ] GC(21) Metaspace: 77067K(78016K)->77067K(78016K) NonClass: 66137K(66624K)->66137K(66624K) Class: 10929K(11392K)->10929K(11392K)
[207.236s][info ][gc             ] GC(21) Pause Young (Allocation Failure) 1399M->376M(2040M) 3.818ms
[207.236s][info ][gc,cpu         ] GC(21) User=0.01s Sys=0.00s Real=0.00s
[207.236s][info ][safepoint      ] Safepoint "ParallelGCFailedAllocation", Time since last: 245693533 ns, Reaching safepoint: 52100 ns, At safepoint: 3875918 ns, Total: 3928018 ns
[208.236s][info ][safepoint      ] Safepoint "Cleanup", Time since last: 1000079118 ns, Reaching safepoint: 44201 ns, At safepoint: 4100 ns, Total: 48301 ns
[209.236s][info ][safepoint      ] Safepoint "Cleanup", Time since last: 1000098725 ns, Reaching safepoint: 37500 ns, At safepoint: 2600 ns, Total: 40100 ns
[210.236s][info ][safepoint      ] Safepoint "Cleanup", Time since last: 1000100531 ns, Reaching safepoint: 51801 ns, At safepoint: 8100 ns, Total: 59901 ns
[212.237s][info ][safepoint      ] Safepoint "Cleanup", Time since last: 2000164684 ns, Reaching safepoint: 46200 ns, At safepoint: 3600 ns, Total: 49800 ns
[213.237s][info ][safepoint      ] Safepoint "Cleanup", Time since last: 1000100052 ns, Reaching safepoint: 52600 ns, At safepoint: 4200 ns, Total: 56800 ns
[215.237s][info ][safepoint      ] Safepoint "Cleanup", Time since last: 2000119024 ns, Reaching safepoint: 43401 ns, At safepoint: 2900 ns, Total: 46301 ns
[216.237s][info ][safepoint      ] Safepoint "Cleanup", Time since last: 1000095472 ns, Reaching safepoint: 42500 ns, At safepoint: 2700 ns, Total: 45200 ns
[217.237s][info ][safepoint      ] Safepoint "Cleanup", Time since last: 1000105879 ns, Reaching safepoint: 38601 ns, At safepoint: 2900 ns, Total: 41501 ns
[218.237s][info ][safepoint      ] Safepoint "Cleanup", Time since last: 1000137886 ns, Reaching safepoint: 28800 ns, At safepoint: 2500 ns, Total: 31300 ns
[219.237s][info ][safepoint      ] Safepoint "Cleanup", Time since last: 1000094892 ns, Reaching safepoint: 38200 ns, At safepoint: 2700 ns, Total: 40900 ns
[220.238s][info ][safepoint      ] Safepoint "Cleanup", Time since last: 1000105200 ns, Reaching safepoint: 26000 ns, At safepoint: 2500 ns, Total: 28500 ns
[221.238s][info ][safepoint      ] Safepoint "Cleanup", Time since last: 1000108706 ns, Reaching safepoint: 41400 ns, At safepoint: 9600 ns, Total: 51000 ns
[222.238s][info ][safepoint      ] Safepoint "Cleanup", Time since last: 1000119413 ns, Reaching safepoint: 45600 ns, At safepoint: 3300 ns, Total: 48900 ns
[223.238s][info ][safepoint      ] Safepoint "Cleanup", Time since last: 1000100519 ns, Reaching safepoint: 25400 ns, At safepoint: 2900 ns, Total: 28300 ns
[224.238s][info ][safepoint      ] Safepoint "Cleanup", Time since last: 1000108026 ns, Reaching safepoint: 41400 ns, At safepoint: 4100 ns, Total: 45500 ns
[226.238s][info ][safepoint      ] Safepoint "Cleanup", Time since last: 2000168272 ns, Reaching safepoint: 44500 ns, At safepoint: 2400 ns, Total: 46900 ns
[227.421s][info ][safepoint      ] Safepoint "Cleanup", Time since last: 1182726913 ns, Reaching safepoint: 55700 ns, At safepoint: 5100 ns, Total: 60800 ns
[228.421s][info ][safepoint      ] Safepoint "Cleanup", Time since last: 1000076754 ns, Reaching safepoint: 54000 ns, At safepoint: 2500 ns, Total: 56500 ns
[231.422s][info ][safepoint      ] Safepoint "Cleanup", Time since last: 3000209399 ns, Reaching safepoint: 49300 ns, At safepoint: 2600 ns, Total: 51900 ns
[232.422s][info ][safepoint      ] Safepoint "Cleanup", Time since last: 1000098180 ns, Reaching safepoint: 55900 ns, At safepoint: 3700 ns, Total: 59600 ns
[233.422s][info ][safepoint      ] Safepoint "Cleanup", Time since last: 1000097487 ns, Reaching safepoint: 29000 ns, At safepoint: 2300 ns, Total: 31300 ns
[233.978s][info ][gc,start       ] GC(22) Pause Young (Allocation Failure)
[233.981s][debug][gc,phases      ] GC(22) Scavenge 3.269ms
[233.981s][debug][gc,ref         ] GC(22) Skipped phase 1 of Reference Processing: no references
[233.981s][debug][gc,ref         ] GC(22) ReferenceProcessor::execute queues: 1, RefProcThreadModel::Single, marks_oops_alive: false
[233.981s][debug][gc,ref         ] GC(22) Skipped phase 3 of Reference Processing: no references
[233.981s][debug][gc,ref         ] GC(22) ReferenceProcessor::execute queues: 1, RefProcThreadModel::Single, marks_oops_alive: false
[233.981s][debug][gc,phases      ] GC(22) Reference Processing 0.097ms
[233.981s][debug][gc,phases      ] GC(22)   VM Weak                        Min:  0.0, Avg:  0.0, Max:  0.0, Diff:  0.0, Sum:  0.0, Workers: 4
[233.981s][debug][gc,phases      ] GC(22)     Dead                           Min: 0, Avg:  0.0, Max: 0, Diff: 0, Sum: 0, Workers: 4
[233.981s][debug][gc,phases      ] GC(22)     Total                          Min: 0, Avg: 181.2, Max: 576, Diff: 576, Sum: 725, Workers: 4
[233.981s][debug][gc,phases      ] GC(22)   ObjectSynchronizer Weak        Min:  0.0, Avg:  0.0, Max:  0.0, Diff:  0.0, Sum:  0.0, Workers: 4
[233.981s][debug][gc,phases      ] GC(22)     Dead                           Min: 0, Avg:  0.0, Max: 0, Diff: 0, Sum: 0, Workers: 4
[233.981s][debug][gc,phases      ] GC(22)     Total                          Min: 0, Avg:  7.5, Max: 30, Diff: 30, Sum: 30, Workers: 4
[233.981s][debug][gc,phases      ] GC(22)   JVMTI Tag Weak OopStorage      Min:  0.0, Avg:  0.0, Max:  0.0, Diff:  0.0, Sum:  0.0, Workers: 4
[233.981s][debug][gc,phases      ] GC(22)     Dead                           Min: 0, Avg:  0.0, Max: 0, Diff: 0, Sum: 0, Workers: 4
[233.981s][debug][gc,phases      ] GC(22)     Total                          Min: 0, Avg:  0.0, Max: 0, Diff: 0, Sum: 0, Workers: 4
[233.981s][debug][gc,phases      ] GC(22)   StringTable Weak               Min:  0.1, Avg:  0.1, Max:  0.1, Diff:  0.0, Sum:  0.4, Workers: 4
[233.981s][debug][gc,phases      ] GC(22)     Dead                           Min: 0, Avg:  0.2, Max: 1, Diff: 1, Sum: 1, Workers: 4
[233.981s][debug][gc,phases      ] GC(22)     Total                          Min: 10048, Avg: 10490.2, Max: 10688, Diff: 640, Sum: 41961, Workers: 4
[233.981s][debug][gc,phases      ] GC(22)   ResolvedMethodTable Weak       Min:  0.0, Avg:  0.0, Max:  0.0, Diff:  0.0, Sum:  0.1, Workers: 4
[233.981s][debug][gc,phases      ] GC(22)     Dead                           Min: 0, Avg:  0.0, Max: 0, Diff: 0, Sum: 0, Workers: 4
[233.981s][debug][gc,phases      ] GC(22)     Total                          Min: 1660, Avg: 2035.0, Max: 2241, Diff: 581, Sum: 8140, Workers: 4
[233.981s][debug][gc,phases      ] GC(22)   JNI Weak                       Min:  0.0, Avg:  0.0, Max:  0.0, Diff:  0.0, Sum:  0.0, Workers: 4
[233.981s][debug][gc,phases      ] GC(22)     Dead                           Min: 0, Avg:  0.0, Max: 0, Diff: 0, Sum: 0, Workers: 4
[233.981s][debug][gc,phases      ] GC(22)     Total                          Min: 0, Avg: 11.2, Max: 45, Diff: 45, Sum: 45, Workers: 4
[233.981s][debug][gc,phases      ] GC(22)   StringDedup Table Weak         Min:  0.0, Avg:  0.0, Max:  0.0, Diff:  0.0, Sum:  0.0, Workers: 4
[233.981s][debug][gc,phases      ] GC(22)     Dead                           Min: 0, Avg:  0.0, Max: 0, Diff: 0, Sum: 0, Workers: 4
[233.981s][debug][gc,phases      ] GC(22)     Total                          Min: 0, Avg:  0.0, Max: 0, Diff: 0, Sum: 0, Workers: 4
[233.981s][debug][gc,phases      ] GC(22)   StringDedup Requests0 Weak     Min:  0.0, Avg:  0.0, Max:  0.0, Diff:  0.0, Sum:  0.0, Workers: 4
[233.981s][debug][gc,phases      ] GC(22)     Dead                           Min: 0, Avg:  0.0, Max: 0, Diff: 0, Sum: 0, Workers: 4
[233.981s][debug][gc,phases      ] GC(22)     Total                          Min: 0, Avg:  0.0, Max: 0, Diff: 0, Sum: 0, Workers: 4
[233.981s][debug][gc,phases      ] GC(22)   StringDedup Requests1 Weak     Min:  0.0, Avg:  0.0, Max:  0.0, Diff:  0.0, Sum:  0.0, Workers: 4
[233.981s][debug][gc,phases      ] GC(22)     Dead                           Min: 0, Avg:  0.0, Max: 0, Diff: 0, Sum: 0, Workers: 4
[233.981s][debug][gc,phases      ] GC(22)     Total                          Min: 0, Avg:  0.0, Max: 0, Diff: 0, Sum: 0, Workers: 4
[233.981s][debug][gc,phases      ] GC(22)   Weak JFR Old Object Samples    Min:  0.0, Avg:  0.0, Max:  0.0, Diff:  0.0, Sum:  0.0, Workers: 4
[233.981s][debug][gc,phases      ] GC(22)     Dead                           Min: 0, Avg:  0.0, Max: 0, Diff: 0, Sum: 0, Workers: 4
[233.981s][debug][gc,phases      ] GC(22)     Total                          Min: 0, Avg:  0.0, Max: 0, Diff: 0, Sum: 0, Workers: 4
[233.981s][debug][gc,phases      ] GC(22) Weak Processing 0.300ms
[233.982s][debug][gc,age         ] GC(22) Desired survivor size 536870912 bytes, new threshold 1 (max threshold 15)
[233.982s][info ][gc,heap        ] GC(22) PSYoungGen: 1051904K(1572864K)->1584K(1572864K) Eden: 1048576K(1048576K)->0K(1048576K) From: 3328K(524288K)->1584K(524288K)
[233.982s][info ][gc,heap        ] GC(22) ParOldGen: 382715K(516608K)->384956K(516608K)
[233.982s][info ][gc,metaspace   ] GC(22) Metaspace: 77153K(78080K)->77153K(78080K) NonClass: 66211K(66688K)->66211K(66688K) Class: 10941K(11392K)->10941K(11392K)
[233.982s][info ][gc             ] GC(22) Pause Young (Allocation Failure) 1400M->377M(2040M) 3.775ms
[233.982s][info ][gc,cpu         ] GC(22) User=0.02s Sys=0.00s Real=0.01s
[233.982s][info ][safepoint      ] Safepoint "ParallelGCFailedAllocation", Time since last: 555815562 ns, Reaching safepoint: 58500 ns, At safepoint: 3844119 ns, Total: 3902619 ns
[235.982s][info ][safepoint      ] Safepoint "Cleanup", Time since last: 2000161499 ns, Reaching safepoint: 118100 ns, At safepoint: 7900 ns, Total: 126000 ns
[237.982s][info ][safepoint      ] Safepoint "Cleanup", Time since last: 2000196525 ns, Reaching safepoint: 119201 ns, At safepoint: 7900 ns, Total: 127101 ns
[238.982s][info ][safepoint      ] Safepoint "Cleanup", Time since last: 1000100422 ns, Reaching safepoint: 102000 ns, At safepoint: 7300 ns, Total: 109300 ns
[239.983s][info ][safepoint      ] Safepoint "Cleanup", Time since last: 1000112629 ns, Reaching safepoint: 103401 ns, At safepoint: 6500 ns, Total: 109901 ns
[241.983s][info ][safepoint      ] Safepoint "Cleanup", Time since last: 2000160676 ns, Reaching safepoint: 45600 ns, At safepoint: 5400 ns, Total: 51000 ns
[242.983s][info ][safepoint      ] Safepoint "Cleanup", Time since last: 1000107048 ns, Reaching safepoint: 112100 ns, At safepoint: 8000 ns, Total: 120100 ns
[245.983s][info ][safepoint      ] Safepoint "Cleanup", Time since last: 3000234082 ns, Reaching safepoint: 27700 ns, At safepoint: 3000 ns, Total: 30700 ns
[249.984s][info ][safepoint      ] Safepoint "Cleanup", Time since last: 4000282430 ns, Reaching safepoint: 115901 ns, At safepoint: 5500 ns, Total: 121401 ns
[250.984s][info ][safepoint      ] Safepoint "Cleanup", Time since last: 1000133999 ns, Reaching safepoint: 107500 ns, At safepoint: 4400 ns, Total: 111900 ns
[251.984s][info ][safepoint      ] Safepoint "Cleanup", Time since last: 1000097605 ns, Reaching safepoint: 35400 ns, At safepoint: 2500 ns, Total: 37900 ns
[252.984s][info ][safepoint      ] Safepoint "Cleanup", Time since last: 1000113111 ns, Reaching safepoint: 44701 ns, At safepoint: 2600 ns, Total: 47301 ns
[256.035s][info ][safepoint      ] Safepoint "Cleanup", Time since last: 3050593718 ns, Reaching safepoint: 69501 ns, At safepoint: 2800 ns, Total: 72301 ns
[257.035s][info ][safepoint      ] Safepoint "Cleanup", Time since last: 1000117736 ns, Reaching safepoint: 36300 ns, At safepoint: 4400 ns, Total: 40700 ns
[258.035s][info ][safepoint      ] Safepoint "Cleanup", Time since last: 1000102843 ns, Reaching safepoint: 44800 ns, At safepoint: 3300 ns, Total: 48100 ns
[261.036s][info ][safepoint      ] Safepoint "Cleanup", Time since last: 3000226364 ns, Reaching safepoint: 31901 ns, At safepoint: 2800 ns, Total: 34701 ns
[264.036s][info ][safepoint      ] Safepoint "Cleanup", Time since last: 3000237920 ns, Reaching safepoint: 45800 ns, At safepoint: 7000 ns, Total: 52800 ns
[265.036s][info ][safepoint      ] Safepoint "Cleanup", Time since last: 1000107986 ns, Reaching safepoint: 42700 ns, At safepoint: 6800 ns, Total: 49500 ns
[265.628s][info ][gc,start       ] GC(23) Pause Young (Allocation Failure)
[265.631s][debug][gc,phases      ] GC(23) Scavenge 2.398ms
[265.631s][debug][gc,ref         ] GC(23) Skipped phase 1 of Reference Processing: no references
[265.631s][debug][gc,ref         ] GC(23) ReferenceProcessor::execute queues: 1, RefProcThreadModel::Single, marks_oops_alive: false
[265.631s][debug][gc,ref         ] GC(23) Skipped phase 3 of Reference Processing: no references
[265.631s][debug][gc,ref         ] GC(23) Skipped phase 4 of Reference Processing: no references
[265.631s][debug][gc,phases      ] GC(23) Reference Processing 0.079ms
[265.631s][debug][gc,phases      ] GC(23)   VM Weak                        Min:  0.0, Avg:  0.0, Max:  0.0, Diff:  0.0, Sum:  0.0, Workers: 4
[265.631s][debug][gc,phases      ] GC(23)     Dead                           Min: 0, Avg:  0.0, Max: 0, Diff: 0, Sum: 0, Workers: 4
[265.631s][debug][gc,phases      ] GC(23)     Total                          Min: 0, Avg: 181.2, Max: 661, Diff: 661, Sum: 725, Workers: 4
[265.631s][debug][gc,phases      ] GC(23)   ObjectSynchronizer Weak        Min:  0.0, Avg:  0.0, Max:  0.0, Diff:  0.0, Sum:  0.0, Workers: 4
[265.631s][debug][gc,phases      ] GC(23)     Dead                           Min: 0, Avg:  0.0, Max: 0, Diff: 0, Sum: 0, Workers: 4
[265.631s][debug][gc,phases      ] GC(23)     Total                          Min: 0, Avg:  7.5, Max: 30, Diff: 30, Sum: 30, Workers: 4
[265.631s][debug][gc,phases      ] GC(23)   JVMTI Tag Weak OopStorage      Min:  0.0, Avg:  0.0, Max:  0.0, Diff:  0.0, Sum:  0.0, Workers: 4
[265.631s][debug][gc,phases      ] GC(23)     Dead                           Min: 0, Avg:  0.0, Max: 0, Diff: 0, Sum: 0, Workers: 4
[265.631s][debug][gc,phases      ] GC(23)     Total                          Min: 0, Avg:  0.0, Max: 0, Diff: 0, Sum: 0, Workers: 4
[265.631s][debug][gc,phases      ] GC(23)   StringTable Weak               Min:  0.0, Avg:  0.1, Max:  0.1, Diff:  0.1, Sum:  0.4, Workers: 4
[265.631s][debug][gc,phases      ] GC(23)     Dead                           Min: 0, Avg:  0.0, Max: 0, Diff: 0, Sum: 0, Workers: 4
[265.631s][debug][gc,phases      ] GC(23)     Total                          Min: 5184, Avg: 10492.2, Max: 12736, Diff: 7552, Sum: 41969, Workers: 4
[265.631s][debug][gc,phases      ] GC(23)   ResolvedMethodTable Weak       Min:  0.0, Avg:  0.0, Max:  0.0, Diff:  0.0, Sum:  0.1, Workers: 4
[265.631s][debug][gc,phases      ] GC(23)     Dead                           Min: 0, Avg:  0.0, Max: 0, Diff: 0, Sum: 0, Workers: 4
[265.631s][debug][gc,phases      ] GC(23)     Total                          Min: 1889, Avg: 2035.0, Max: 2162, Diff: 273, Sum: 8140, Workers: 4
[265.631s][debug][gc,phases      ] GC(23)   JNI Weak                       Min:  0.0, Avg:  0.0, Max:  0.0, Diff:  0.0, Sum:  0.0, Workers: 4
[265.631s][debug][gc,phases      ] GC(23)     Dead                           Min: 0, Avg:  0.0, Max: 0, Diff: 0, Sum: 0, Workers: 4
[265.631s][debug][gc,phases      ] GC(23)     Total                          Min: 0, Avg: 11.2, Max: 45, Diff: 45, Sum: 45, Workers: 4
[265.631s][debug][gc,phases      ] GC(23)   StringDedup Table Weak         Min:  0.0, Avg:  0.0, Max:  0.0, Diff:  0.0, Sum:  0.0, Workers: 4
[265.631s][debug][gc,phases      ] GC(23)     Dead                           Min: 0, Avg:  0.0, Max: 0, Diff: 0, Sum: 0, Workers: 4
[265.631s][debug][gc,phases      ] GC(23)     Total                          Min: 0, Avg:  0.0, Max: 0, Diff: 0, Sum: 0, Workers: 4
[265.631s][debug][gc,phases      ] GC(23)   StringDedup Requests0 Weak     Min:  0.0, Avg:  0.0, Max:  0.0, Diff:  0.0, Sum:  0.0, Workers: 4
[265.631s][debug][gc,phases      ] GC(23)     Dead                           Min: 0, Avg:  0.0, Max: 0, Diff: 0, Sum: 0, Workers: 4
[265.631s][debug][gc,phases      ] GC(23)     Total                          Min: 0, Avg:  0.0, Max: 0, Diff: 0, Sum: 0, Workers: 4
[265.631s][debug][gc,phases      ] GC(23)   StringDedup Requests1 Weak     Min:  0.0, Avg:  0.0, Max:  0.0, Diff:  0.0, Sum:  0.0, Workers: 4
[265.631s][debug][gc,phases      ] GC(23)     Dead                           Min: 0, Avg:  0.0, Max: 0, Diff: 0, Sum: 0, Workers: 4
[265.631s][debug][gc,phases      ] GC(23)     Total                          Min: 0, Avg:  0.0, Max: 0, Diff: 0, Sum: 0, Workers: 4
[265.631s][debug][gc,phases      ] GC(23)   Weak JFR Old Object Samples    Min:  0.0, Avg:  0.0, Max:  0.0, Diff:  0.0, Sum:  0.0, Workers: 4
[265.631s][debug][gc,phases      ] GC(23)     Dead                           Min: 0, Avg:  0.0, Max: 0, Diff: 0, Sum: 0, Workers: 4
[265.631s][debug][gc,phases      ] GC(23)     Total                          Min: 0, Avg:  0.0, Max: 0, Diff: 0, Sum: 0, Workers: 4
[265.631s][debug][gc,phases      ] GC(23) Weak Processing 0.299ms
[265.631s][debug][gc,age         ] GC(23) Desired survivor size 514326528 bytes, new threshold 2 (max threshold 15)
[265.631s][info ][gc,heap        ] GC(23) PSYoungGen: 1050160K(1572864K)->1920K(1594880K) Eden: 1048576K(1048576K)->0K(1070592K) From: 1584K(524288K)->1920K(524288K)
[265.631s][info ][gc,heap        ] GC(23) ParOldGen: 384956K(516608K)->385812K(516608K)
[265.631s][info ][gc,metaspace   ] GC(23) Metaspace: 77160K(78080K)->77160K(78080K) NonClass: 66218K(66688K)->66218K(66688K) Class: 10941K(11392K)->10941K(11392K)
[265.631s][info ][gc             ] GC(23) Pause Young (Allocation Failure) 1401M->378M(2062M) 2.890ms
[265.631s][info ][gc,cpu         ] GC(23) User=0.01s Sys=0.00s Real=0.00s
[265.631s][info ][safepoint      ] Safepoint "ParallelGCFailedAllocation", Time since last: 592328356 ns, Reaching safepoint: 93701 ns, At safepoint: 2952615 ns, Total: 3046316 ns
[266.632s][info ][safepoint      ] Safepoint "Cleanup", Time since last: 1000077995 ns, Reaching safepoint: 116600 ns, At safepoint: 6700 ns, Total: 123300 ns
[269.632s][info ][safepoint      ] Safepoint "Cleanup", Time since last: 3000228723 ns, Reaching safepoint: 123001 ns, At safepoint: 7500 ns, Total: 130501 ns
[270.632s][info ][safepoint      ] Safepoint "Cleanup", Time since last: 1000124819 ns, Reaching safepoint: 123001 ns, At safepoint: 7600 ns, Total: 130601 ns
[273.633s][info ][safepoint      ] Safepoint "Cleanup", Time since last: 3000232695 ns, Reaching safepoint: 118401 ns, At safepoint: 9700 ns, Total: 128101 ns
[275.633s][info ][safepoint      ] Safepoint "Cleanup", Time since last: 2000168593 ns, Reaching safepoint: 102001 ns, At safepoint: 7800 ns, Total: 109801 ns
[276.633s][info ][safepoint      ] Safepoint "Cleanup", Time since last: 1000120156 ns, Reaching safepoint: 120601 ns, At safepoint: 5600 ns, Total: 126201 ns
[277.633s][info ][safepoint      ] Safepoint "Cleanup", Time since last: 1000101161 ns, Reaching safepoint: 105701 ns, At safepoint: 7600 ns, Total: 113301 ns
[278.633s][info ][safepoint      ] Safepoint "Cleanup", Time since last: 1000104468 ns, Reaching safepoint: 120000 ns, At safepoint: 5500 ns, Total: 125500 ns
[279.634s][info ][safepoint      ] Safepoint "Cleanup", Time since last: 1000059074 ns, Reaching safepoint: 48200 ns, At safepoint: 7900 ns, Total: 56100 ns
[280.634s][info ][safepoint      ] Safepoint "Cleanup", Time since last: 1000098580 ns, Reaching safepoint: 128501 ns, At safepoint: 5100 ns, Total: 133601 ns
[282.634s][info ][safepoint      ] Safepoint "Cleanup", Time since last: 2000134477 ns, Reaching safepoint: 45600 ns, At safepoint: 5100 ns, Total: 50700 ns
[283.634s][info ][safepoint      ] Safepoint "Cleanup", Time since last: 1000104597 ns, Reaching safepoint: 39200 ns, At safepoint: 2600 ns, Total: 41800 ns
[284.634s][info ][safepoint      ] Safepoint "Cleanup", Time since last: 1000101404 ns, Reaching safepoint: 28400 ns, At safepoint: 6700 ns, Total: 35100 ns
[286.634s][info ][safepoint      ] Safepoint "Cleanup", Time since last: 2000130424 ns, Reaching safepoint: 36800 ns, At safepoint: 3000 ns, Total: 39800 ns
[288.635s][info ][safepoint      ] Safepoint "Cleanup", Time since last: 2000163648 ns, Reaching safepoint: 38700 ns, At safepoint: 3700 ns, Total: 42400 ns
[289.635s][info ][safepoint      ] Safepoint "Cleanup", Time since last: 1000103333 ns, Reaching safepoint: 51700 ns, At safepoint: 4800 ns, Total: 56500 ns
[290.635s][info ][safepoint      ] Safepoint "Cleanup", Time since last: 1000123338 ns, Reaching safepoint: 45801 ns, At safepoint: 17900 ns, Total: 63701 ns
[292.635s][info ][safepoint      ] Safepoint "Cleanup", Time since last: 2000162994 ns, Reaching safepoint: 27700 ns, At safepoint: 2800 ns, Total: 30500 ns
[293.635s][info ][safepoint      ] Safepoint "Cleanup", Time since last: 1000103456 ns, Reaching safepoint: 38700 ns, At safepoint: 4600 ns, Total: 43300 ns
[297.128s][info ][gc,start       ] GC(24) Pause Young (Allocation Failure)
[297.131s][debug][gc,phases      ] GC(24) Scavenge 3.038ms
[297.131s][debug][gc,ref         ] GC(24) Skipped phase 1 of Reference Processing: no references
[297.131s][debug][gc,ref         ] GC(24) ReferenceProcessor::execute queues: 1, RefProcThreadModel::Single, marks_oops_alive: false
[297.131s][debug][gc,ref         ] GC(24) Skipped phase 3 of Reference Processing: no references
[297.131s][debug][gc,ref         ] GC(24) ReferenceProcessor::execute queues: 1, RefProcThreadModel::Single, marks_oops_alive: false
[297.131s][debug][gc,phases      ] GC(24) Reference Processing 0.084ms
[297.131s][debug][gc,phases      ] GC(24)   VM Weak                        Min:  0.0, Avg:  0.0, Max:  0.0, Diff:  0.0, Sum:  0.0, Workers: 4
[297.131s][debug][gc,phases      ] GC(24)     Dead                           Min: 0, Avg:  0.0, Max: 0, Diff: 0, Sum: 0, Workers: 4
[297.131s][debug][gc,phases      ] GC(24)     Total                          Min: 0, Avg: 182.2, Max: 537, Diff: 537, Sum: 729, Workers: 4
[297.131s][debug][gc,phases      ] GC(24)   ObjectSynchronizer Weak        Min:  0.0, Avg:  0.0, Max:  0.0, Diff:  0.0, Sum:  0.0, Workers: 4
[297.131s][debug][gc,phases      ] GC(24)     Dead                           Min: 0, Avg:  0.0, Max: 0, Diff: 0, Sum: 0, Workers: 4
[297.131s][debug][gc,phases      ] GC(24)     Total                          Min: 0, Avg:  7.5, Max: 30, Diff: 30, Sum: 30, Workers: 4
[297.131s][debug][gc,phases      ] GC(24)   JVMTI Tag Weak OopStorage      Min:  0.0, Avg:  0.0, Max:  0.0, Diff:  0.0, Sum:  0.0, Workers: 4
[297.131s][debug][gc,phases      ] GC(24)     Dead                           Min: 0, Avg:  0.0, Max: 0, Diff: 0, Sum: 0, Workers: 4
[297.131s][debug][gc,phases      ] GC(24)     Total                          Min: 0, Avg:  0.0, Max: 0, Diff: 0, Sum: 0, Workers: 4
[297.131s][debug][gc,phases      ] GC(24)   StringTable Weak               Min:  0.1, Avg:  0.1, Max:  0.1, Diff:  0.0, Sum:  0.4, Workers: 4
[297.131s][debug][gc,phases      ] GC(24)     Dead                           Min: 0, Avg:  0.0, Max: 0, Diff: 0, Sum: 0, Workers: 4
[297.131s][debug][gc,phases      ] GC(24)     Total                          Min: 8832, Avg: 10500.5, Max: 11968, Diff: 3136, Sum: 42002, Workers: 4
[297.131s][debug][gc,phases      ] GC(24)   ResolvedMethodTable Weak       Min:  0.0, Avg:  0.0, Max:  0.0, Diff:  0.0, Sum:  0.1, Workers: 4
[297.131s][debug][gc,phases      ] GC(24)     Dead                           Min: 0, Avg:  0.0, Max: 0, Diff: 0, Sum: 0, Workers: 4
[297.131s][debug][gc,phases      ] GC(24)     Total                          Min: 1959, Avg: 2037.5, Max: 2172, Diff: 213, Sum: 8150, Workers: 4
[297.131s][debug][gc,phases      ] GC(24)   JNI Weak                       Min:  0.0, Avg:  0.0, Max:  0.0, Diff:  0.0, Sum:  0.0, Workers: 4
[297.131s][debug][gc,phases      ] GC(24)     Dead                           Min: 0, Avg:  0.0, Max: 0, Diff: 0, Sum: 0, Workers: 4
[297.131s][debug][gc,phases      ] GC(24)     Total                          Min: 0, Avg: 11.2, Max: 45, Diff: 45, Sum: 45, Workers: 4
[297.131s][debug][gc,phases      ] GC(24)   StringDedup Table Weak         Min:  0.0, Avg:  0.0, Max:  0.0, Diff:  0.0, Sum:  0.0, Workers: 4
[297.131s][debug][gc,phases      ] GC(24)     Dead                           Min: 0, Avg:  0.0, Max: 0, Diff: 0, Sum: 0, Workers: 4
[297.131s][debug][gc,phases      ] GC(24)     Total                          Min: 0, Avg:  0.0, Max: 0, Diff: 0, Sum: 0, Workers: 4
[297.131s][debug][gc,phases      ] GC(24)   StringDedup Requests0 Weak     Min:  0.0, Avg:  0.0, Max:  0.0, Diff:  0.0, Sum:  0.0, Workers: 4
[297.131s][debug][gc,phases      ] GC(24)     Dead                           Min: 0, Avg:  0.0, Max: 0, Diff: 0, Sum: 0, Workers: 4
[297.131s][debug][gc,phases      ] GC(24)     Total                          Min: 0, Avg:  0.0, Max: 0, Diff: 0, Sum: 0, Workers: 4
[297.131s][debug][gc,phases      ] GC(24)   StringDedup Requests1 Weak     Min:  0.0, Avg:  0.0, Max:  0.0, Diff:  0.0, Sum:  0.0, Workers: 4
[297.131s][debug][gc,phases      ] GC(24)     Dead                           Min: 0, Avg:  0.0, Max: 0, Diff: 0, Sum: 0, Workers: 4
[297.131s][debug][gc,phases      ] GC(24)     Total                          Min: 0, Avg:  0.0, Max: 0, Diff: 0, Sum: 0, Workers: 4
[297.131s][debug][gc,phases      ] GC(24)   Weak JFR Old Object Samples    Min:  0.0, Avg:  0.0, Max:  0.0, Diff:  0.0, Sum:  0.0, Workers: 4
[297.131s][debug][gc,phases      ] GC(24)     Dead                           Min: 0, Avg:  0.0, Max: 0, Diff: 0, Sum: 0, Workers: 4
[297.132s][debug][gc,phases      ] GC(24)     Total                          Min: 0, Avg:  0.0, Max: 0, Diff: 0, Sum: 0, Workers: 4
[297.132s][debug][gc,phases      ] GC(24) Weak Processing 0.274ms
[297.132s][debug][gc,age         ] GC(24) Desired survivor size 488636416 bytes, new threshold 3 (max threshold 15)
[297.132s][info ][gc,heap        ] GC(24) PSYoungGen: 1072512K(1594880K)->2768K(1572864K) Eden: 1070592K(1070592K)->0K(1070592K) From: 1920K(524288K)->2768K(502272K)
[297.132s][info ][gc,heap        ] GC(24) ParOldGen: 385812K(516608K)->385812K(516608K)
[297.132s][info ][gc,metaspace   ] GC(24) Metaspace: 77181K(78144K)->77181K(78144K) NonClass: 66237K(66752K)->66237K(66752K) Class: 10944K(11392K)->10944K(11392K)
[297.132s][info ][gc             ] GC(24) Pause Young (Allocation Failure) 1424M->379M(2040M) 3.489ms
[297.132s][info ][gc,cpu         ] GC(24) User=0.01s Sys=0.00s Real=0.00s
[297.132s][info ][safepoint      ] Safepoint "ParallelGCFailedAllocation", Time since last: 3492567650 ns, Reaching safepoint: 103401 ns, At safepoint: 3550918 ns, Total: 3654319 ns
[298.132s][info ][safepoint      ] Safepoint "Cleanup", Time since last: 1000091282 ns, Reaching safepoint: 108901 ns, At safepoint: 11200 ns, Total: 120101 ns
[301.132s][info ][safepoint      ] Safepoint "Cleanup", Time since last: 3000248179 ns, Reaching safepoint: 97501 ns, At safepoint: 7400 ns, Total: 104901 ns
[304.133s][info ][safepoint      ] Safepoint "Cleanup", Time since last: 3000249530 ns, Reaching safepoint: 114701 ns, At safepoint: 6700 ns, Total: 121401 ns
[305.133s][info ][safepoint      ] Safepoint "Cleanup", Time since last: 1000108622 ns, Reaching safepoint: 97700 ns, At safepoint: 8400 ns, Total: 106100 ns
[312.133s][info ][safepoint      ] Safepoint "Cleanup", Time since last: 7000526409 ns, Reaching safepoint: 115700 ns, At safepoint: 5100 ns, Total: 120800 ns
[316.134s][info ][safepoint      ] Safepoint "Cleanup", Time since last: 4000276999 ns, Reaching safepoint: 112901 ns, At safepoint: 6500 ns, Total: 119401 ns
[317.134s][info ][safepoint      ] Safepoint "Cleanup", Time since last: 1000110889 ns, Reaching safepoint: 103800 ns, At safepoint: 7000 ns, Total: 110800 ns
[318.207s][info ][safepoint      ] Safepoint "Cleanup", Time since last: 1073323783 ns, Reaching safepoint: 106800 ns, At safepoint: 5900 ns, Total: 112700 ns
[319.208s][info ][safepoint      ] Safepoint "Cleanup", Time since last: 1000077400 ns, Reaching safepoint: 42901 ns, At safepoint: 3400 ns, Total: 46301 ns
[320.208s][info ][safepoint      ] Safepoint "Cleanup", Time since last: 1000098905 ns, Reaching safepoint: 44601 ns, At safepoint: 2900 ns, Total: 47501 ns
[321.728s][info ][safepoint      ] Safepoint "ParallelGCFailedAllocation", Time since last: 1519457871 ns, Reaching safepoint: 336802 ns, At safepoint: 24200 ns, Total: 361002 ns
[321.728s][info ][gc,start       ] GC(25) Pause Young (Allocation Failure)
[321.732s][debug][gc,phases      ] GC(25) Scavenge 3.698ms
[321.732s][debug][gc,ref         ] GC(25) Skipped phase 1 of Reference Processing: no references
[321.732s][debug][gc,ref         ] GC(25) ReferenceProcessor::execute queues: 1, RefProcThreadModel::Single, marks_oops_alive: false
[321.732s][debug][gc,ref         ] GC(25) Skipped phase 3 of Reference Processing: no references
[321.732s][debug][gc,ref         ] GC(25) ReferenceProcessor::execute queues: 1, RefProcThreadModel::Single, marks_oops_alive: false
[321.732s][debug][gc,phases      ] GC(25) Reference Processing 0.083ms
[321.732s][debug][gc,phases      ] GC(25)   VM Weak                        Min:  0.0, Avg:  0.0, Max:  0.0, Diff:  0.0, Sum:  0.0, Workers: 4
[321.732s][debug][gc,phases      ] GC(25)     Dead                           Min: 0, Avg:  0.0, Max: 0, Diff: 0, Sum: 0, Workers: 4
[321.732s][debug][gc,phases      ] GC(25)     Total                          Min: 0, Avg: 182.5, Max: 666, Diff: 666, Sum: 730, Workers: 4
[321.732s][debug][gc,phases      ] GC(25)   ObjectSynchronizer Weak        Min:  0.0, Avg:  0.0, Max:  0.0, Diff:  0.0, Sum:  0.0, Workers: 4
[321.732s][debug][gc,phases      ] GC(25)     Dead                           Min: 0, Avg:  0.5, Max: 2, Diff: 2, Sum: 2, Workers: 4
[321.732s][debug][gc,phases      ] GC(25)     Total                          Min: 0, Avg:  8.0, Max: 32, Diff: 32, Sum: 32, Workers: 4
[321.732s][debug][gc,phases      ] GC(25)   JVMTI Tag Weak OopStorage      Min:  0.0, Avg:  0.0, Max:  0.0, Diff:  0.0, Sum:  0.0, Workers: 4
[321.732s][debug][gc,phases      ] GC(25)     Dead                           Min: 0, Avg:  0.0, Max: 0, Diff: 0, Sum: 0, Workers: 4
[321.732s][debug][gc,phases      ] GC(25)     Total                          Min: 0, Avg:  0.0, Max: 0, Diff: 0, Sum: 0, Workers: 4
[321.732s][debug][gc,phases      ] GC(25)   StringTable Weak               Min:  0.2, Avg:  0.3, Max:  0.6, Diff:  0.5, Sum:  1.1, Workers: 4
[321.732s][debug][gc,phases      ] GC(25)     Dead                           Min: 0, Avg:  0.5, Max: 2, Diff: 2, Sum: 2, Workers: 4
[321.732s][debug][gc,phases      ] GC(25)     Total                          Min: 5760, Avg: 10528.2, Max: 15040, Diff: 9280, Sum: 42113, Workers: 4
[321.732s][debug][gc,phases      ] GC(25)   ResolvedMethodTable Weak       Min:  0.0, Avg:  0.0, Max:  0.0, Diff:  0.0, Sum:  0.1, Workers: 4
[321.732s][debug][gc,phases      ] GC(25)     Dead                           Min: 0, Avg:  0.0, Max: 0, Diff: 0, Sum: 0, Workers: 4
[321.732s][debug][gc,phases      ] GC(25)     Total                          Min: 0, Avg: 2052.5, Max: 2770, Diff: 2770, Sum: 8210, Workers: 4
[321.732s][debug][gc,phases      ] GC(25)   JNI Weak                       Min:  0.0, Avg:  0.0, Max:  0.0, Diff:  0.0, Sum:  0.0, Workers: 4
[321.732s][debug][gc,phases      ] GC(25)     Dead                           Min: 0, Avg:  0.0, Max: 0, Diff: 0, Sum: 0, Workers: 4
[321.732s][debug][gc,phases      ] GC(25)     Total                          Min: 0, Avg: 12.8, Max: 51, Diff: 51, Sum: 51, Workers: 4
[321.732s][debug][gc,phases      ] GC(25)   StringDedup Table Weak         Min:  0.0, Avg:  0.0, Max:  0.0, Diff:  0.0, Sum:  0.0, Workers: 4
[321.732s][debug][gc,phases      ] GC(25)     Dead                           Min: 0, Avg:  0.0, Max: 0, Diff: 0, Sum: 0, Workers: 4
[321.732s][debug][gc,phases      ] GC(25)     Total                          Min: 0, Avg:  0.0, Max: 0, Diff: 0, Sum: 0, Workers: 4
[321.732s][debug][gc,phases      ] GC(25)   StringDedup Requests0 Weak     Min:  0.0, Avg:  0.0, Max:  0.0, Diff:  0.0, Sum:  0.0, Workers: 4
[321.732s][debug][gc,phases      ] GC(25)     Dead                           Min: 0, Avg:  0.0, Max: 0, Diff: 0, Sum: 0, Workers: 4
[321.732s][debug][gc,phases      ] GC(25)     Total                          Min: 0, Avg:  0.0, Max: 0, Diff: 0, Sum: 0, Workers: 4
[321.732s][debug][gc,phases      ] GC(25)   StringDedup Requests1 Weak     Min:  0.0, Avg:  0.0, Max:  0.0, Diff:  0.0, Sum:  0.0, Workers: 4
[321.732s][debug][gc,phases      ] GC(25)     Dead                           Min: 0, Avg:  0.0, Max: 0, Diff: 0, Sum: 0, Workers: 4
[321.732s][debug][gc,phases      ] GC(25)     Total                          Min: 0, Avg:  0.0, Max: 0, Diff: 0, Sum: 0, Workers: 4
[321.732s][debug][gc,phases      ] GC(25)   Weak JFR Old Object Samples    Min:  0.0, Avg:  0.0, Max:  0.0, Diff:  0.0, Sum:  0.0, Workers: 4
[321.732s][debug][gc,phases      ] GC(25)     Dead                           Min: 0, Avg:  0.0, Max: 0, Diff: 0, Sum: 0, Workers: 4
[321.732s][debug][gc,phases      ] GC(25)     Total                          Min: 0, Avg:  0.0, Max: 0, Diff: 0, Sum: 0, Workers: 4
[321.732s][debug][gc,phases      ] GC(25) Weak Processing 0.801ms
[321.732s][debug][gc,age         ] GC(25) Desired survivor size 462422016 bytes, new threshold 4 (max threshold 15)
[321.733s][info ][gc,heap        ] GC(25) PSYoungGen: 1073360K(1572864K)->5717K(1645568K) Eden: 1070592K(1070592K)->0K(1168384K) From: 2768K(502272K)->5717K(477184K)
[321.733s][info ][gc,heap        ] GC(25) ParOldGen: 385851K(516608K)->385859K(516608K)
[321.733s][info ][gc,metaspace   ] GC(25) Metaspace: 77447K(78336K)->77447K(78336K) NonClass: 66469K(66944K)->66469K(66944K) Class: 10977K(11392K)->10977K(11392K)
[321.733s][info ][gc             ] GC(25) Pause Young (Allocation Failure) 1425M->382M(2111M) 4.675ms
[321.733s][info ][gc,cpu         ] GC(25) User=0.01s Sys=0.00s Real=0.01s
[321.733s][info ][safepoint      ] Safepoint "ParallelGCFailedAllocation", Time since last: 79601 ns, Reaching safepoint: 228501 ns, At safepoint: 4731725 ns, Total: 4960226 ns
[322.199s][info ][safepoint      ] Safepoint "ICBufferFull", Time since last: 465802877 ns, Reaching safepoint: 258301 ns, At safepoint: 11900 ns, Total: 270201 ns
[322.384s][info ][safepoint      ] Safepoint "ICBufferFull", Time since last: 184969384 ns, Reaching safepoint: 270602 ns, At safepoint: 9600 ns, Total: 280202 ns
[323.097s][info ][gc,start       ] GC(26) Pause Young (Allocation Failure)
[323.120s][debug][gc,phases      ] GC(26) Scavenge 22.983ms
[323.120s][debug][gc,ref         ] GC(26) Skipped phase 1 of Reference Processing: no references
[323.120s][debug][gc,ref         ] GC(26) ReferenceProcessor::execute queues: 1, RefProcThreadModel::Single, marks_oops_alive: false
[323.120s][debug][gc,ref         ] GC(26) Skipped phase 3 of Reference Processing: no references
[323.120s][debug][gc,ref         ] GC(26) ReferenceProcessor::execute queues: 1, RefProcThreadModel::Single, marks_oops_alive: false
[323.120s][debug][gc,phases      ] GC(26) Reference Processing 0.109ms
[323.121s][debug][gc,phases      ] GC(26)   VM Weak                        Min:  0.0, Avg:  0.0, Max:  0.0, Diff:  0.0, Sum:  0.0, Workers: 4
[323.121s][debug][gc,phases      ] GC(26)     Dead                           Min: 0, Avg:  0.0, Max: 0, Diff: 0, Sum: 0, Workers: 4
[323.121s][debug][gc,phases      ] GC(26)     Total                          Min: 0, Avg: 183.2, Max: 669, Diff: 669, Sum: 733, Workers: 4
[323.121s][debug][gc,phases      ] GC(26)   ObjectSynchronizer Weak        Min:  0.0, Avg:  0.0, Max:  0.0, Diff:  0.0, Sum:  0.0, Workers: 4
[323.121s][debug][gc,phases      ] GC(26)     Dead                           Min: 0, Avg:  1.2, Max: 5, Diff: 5, Sum: 5, Workers: 4
[323.121s][debug][gc,phases      ] GC(26)     Total                          Min: 0, Avg: 11.5, Max: 46, Diff: 46, Sum: 46, Workers: 4
[323.121s][debug][gc,phases      ] GC(26)   JVMTI Tag Weak OopStorage      Min:  0.0, Avg:  0.0, Max:  0.0, Diff:  0.0, Sum:  0.0, Workers: 4
[323.121s][debug][gc,phases      ] GC(26)     Dead                           Min: 0, Avg:  0.0, Max: 0, Diff: 0, Sum: 0, Workers: 4
[323.121s][debug][gc,phases      ] GC(26)     Total                          Min: 0, Avg:  0.0, Max: 0, Diff: 0, Sum: 0, Workers: 4
[323.121s][debug][gc,phases      ] GC(26)   StringTable Weak               Min:  0.0, Avg:  0.1, Max:  0.1, Diff:  0.1, Sum:  0.4, Workers: 4
[323.121s][debug][gc,phases      ] GC(26)     Dead                           Min: 0, Avg:  0.5, Max: 2, Diff: 2, Sum: 2, Workers: 4
[323.121s][debug][gc,phases      ] GC(26)     Total                          Min: 0, Avg: 10579.2, Max: 16960, Diff: 16960, Sum: 42317, Workers: 4
[323.121s][debug][gc,phases      ] GC(26)   ResolvedMethodTable Weak       Min:  0.0, Avg:  0.0, Max:  0.0, Diff:  0.0, Sum:  0.1, Workers: 4
[323.121s][debug][gc,phases      ] GC(26)     Dead                           Min: 0, Avg:  3.0, Max: 8, Diff: 8, Sum: 12, Workers: 4
[323.121s][debug][gc,phases      ] GC(26)     Total                          Min: 0, Avg: 2093.2, Max: 3584, Diff: 3584, Sum: 8373, Workers: 4
[323.121s][debug][gc,phases      ] GC(26)   JNI Weak                       Min:  0.0, Avg:  0.0, Max:  0.0, Diff:  0.0, Sum:  0.0, Workers: 4
[323.121s][debug][gc,phases      ] GC(26)     Dead                           Min: 0, Avg:  0.0, Max: 0, Diff: 0, Sum: 0, Workers: 4
[323.121s][debug][gc,phases      ] GC(26)     Total                          Min: 0, Avg: 11.2, Max: 45, Diff: 45, Sum: 45, Workers: 4
[323.121s][debug][gc,phases      ] GC(26)   StringDedup Table Weak         Min:  0.0, Avg:  0.0, Max:  0.0, Diff:  0.0, Sum:  0.0, Workers: 4
[323.121s][debug][gc,phases      ] GC(26)     Dead                           Min: 0, Avg:  0.0, Max: 0, Diff: 0, Sum: 0, Workers: 4
[323.121s][debug][gc,phases      ] GC(26)     Total                          Min: 0, Avg:  0.0, Max: 0, Diff: 0, Sum: 0, Workers: 4
[323.121s][debug][gc,phases      ] GC(26)   StringDedup Requests0 Weak     Min:  0.0, Avg:  0.0, Max:  0.0, Diff:  0.0, Sum:  0.0, Workers: 4
[323.121s][debug][gc,phases      ] GC(26)     Dead                           Min: 0, Avg:  0.0, Max: 0, Diff: 0, Sum: 0, Workers: 4
[323.121s][debug][gc,phases      ] GC(26)     Total                          Min: 0, Avg:  0.0, Max: 0, Diff: 0, Sum: 0, Workers: 4
[323.121s][debug][gc,phases      ] GC(26)   StringDedup Requests1 Weak     Min:  0.0, Avg:  0.0, Max:  0.0, Diff:  0.0, Sum:  0.0, Workers: 4
[323.121s][debug][gc,phases      ] GC(26)     Dead                           Min: 0, Avg:  0.0, Max: 0, Diff: 0, Sum: 0, Workers: 4
[323.121s][debug][gc,phases      ] GC(26)     Total                          Min: 0, Avg:  0.0, Max: 0, Diff: 0, Sum: 0, Workers: 4
[323.121s][debug][gc,phases      ] GC(26)   Weak JFR Old Object Samples    Min:  0.0, Avg:  0.0, Max:  0.0, Diff:  0.0, Sum:  0.0, Workers: 4
[323.121s][debug][gc,phases      ] GC(26)     Dead                           Min: 0, Avg:  0.0, Max: 0, Diff: 0, Sum: 0, Workers: 4
[323.121s][debug][gc,phases      ] GC(26)     Total                          Min: 0, Avg:  0.0, Max: 0, Diff: 0, Sum: 0, Workers: 4
[323.121s][debug][gc,phases      ] GC(26) Weak Processing 0.319ms
[323.121s][debug][gc,age         ] GC(26) Desired survivor size 427819008 bytes, new threshold 5 (max threshold 15)
[323.121s][info ][gc,heap        ] GC(26) PSYoungGen: 1174101K(1645568K)->56864K(1619968K) Eden: 1168384K(1168384K)->0K(1168384K) From: 5717K(477184K)->56864K(451584K)
[323.121s][info ][gc,heap        ] GC(26) ParOldGen: 385859K(516608K)->385867K(516608K)
[323.121s][info ][gc,metaspace   ] GC(26) Metaspace: 78125K(79040K)->78125K(79040K) NonClass: 67029K(67520K)->67029K(67520K) Class: 11096K(11520K)->11096K(11520K)
[323.121s][info ][gc             ] GC(26) Pause Young (Allocation Failure) 1523M->432M(2086M) 23.554ms
[323.121s][info ][gc,cpu         ] GC(26) User=0.07s Sys=0.00s Real=0.03s
[323.121s][info ][safepoint      ] Safepoint "ParallelGCFailedAllocation", Time since last: 713073894 ns, Reaching safepoint: 203001 ns, At safepoint: 23625726 ns, Total: 23828727 ns
[325.050s][info ][safepoint      ] Safepoint "Cleanup", Time since last: 1928978080 ns, Reaching safepoint: 58900 ns, At safepoint: 2400 ns, Total: 61300 ns
[325.735s][info ][gc,start       ] GC(27) Pause Young (Allocation Failure)
[325.753s][debug][gc,phases      ] GC(27) Scavenge 18.116ms
[325.753s][debug][gc,ref         ] GC(27) Skipped phase 1 of Reference Processing: no references
[325.753s][debug][gc,ref         ] GC(27) ReferenceProcessor::execute queues: 1, RefProcThreadModel::Single, marks_oops_alive: false
[325.753s][debug][gc,ref         ] GC(27) Skipped phase 3 of Reference Processing: no references
[325.753s][debug][gc,ref         ] GC(27) ReferenceProcessor::execute queues: 1, RefProcThreadModel::Single, marks_oops_alive: false
[325.753s][debug][gc,phases      ] GC(27) Reference Processing 0.139ms
[325.753s][debug][gc,phases      ] GC(27)   VM Weak                        Min:  0.0, Avg:  0.0, Max:  0.0, Diff:  0.0, Sum:  0.0, Workers: 4
[325.753s][debug][gc,phases      ] GC(27)     Dead                           Min: 0, Avg:  0.0, Max: 0, Diff: 0, Sum: 0, Workers: 4
[325.753s][debug][gc,phases      ] GC(27)     Total                          Min: 0, Avg: 183.2, Max: 733, Diff: 733, Sum: 733, Workers: 4
[325.753s][debug][gc,phases      ] GC(27)   ObjectSynchronizer Weak        Min:  0.0, Avg:  0.0, Max:  0.0, Diff:  0.0, Sum:  0.0, Workers: 4
[325.753s][debug][gc,phases      ] GC(27)     Dead                           Min: 0, Avg:  0.0, Max: 0, Diff: 0, Sum: 0, Workers: 4
[325.753s][debug][gc,phases      ] GC(27)     Total                          Min: 0, Avg: 11.5, Max: 46, Diff: 46, Sum: 46, Workers: 4
[325.753s][debug][gc,phases      ] GC(27)   JVMTI Tag Weak OopStorage      Min:  0.0, Avg:  0.0, Max:  0.0, Diff:  0.0, Sum:  0.0, Workers: 4
[325.753s][debug][gc,phases      ] GC(27)     Dead                           Min: 0, Avg:  0.0, Max: 0, Diff: 0, Sum: 0, Workers: 4
[325.753s][debug][gc,phases      ] GC(27)     Total                          Min: 0, Avg:  0.0, Max: 0, Diff: 0, Sum: 0, Workers: 4
[325.753s][debug][gc,phases      ] GC(27)   StringTable Weak               Min:  0.0, Avg:  0.1, Max:  0.2, Diff:  0.2, Sum:  0.4, Workers: 4
[325.753s][debug][gc,phases      ] GC(27)     Dead                           Min: 0, Avg:  0.2, Max: 1, Diff: 1, Sum: 1, Workers: 4
[325.753s][debug][gc,phases      ] GC(27)     Total                          Min: 0, Avg: 10581.0, Max: 21268, Diff: 21268, Sum: 42324, Workers: 4
[325.753s][debug][gc,phases      ] GC(27)   ResolvedMethodTable Weak       Min:  0.0, Avg:  0.0, Max:  0.0, Diff:  0.0, Sum:  0.1, Workers: 4
[325.754s][debug][gc,phases      ] GC(27)     Dead                           Min: 0, Avg:  0.0, Max: 0, Diff: 0, Sum: 0, Workers: 4
[325.754s][debug][gc,phases      ] GC(27)     Total                          Min: 0, Avg: 2094.2, Max: 4345, Diff: 4345, Sum: 8377, Workers: 4
[325.754s][debug][gc,phases      ] GC(27)   JNI Weak                       Min:  0.0, Avg:  0.0, Max:  0.0, Diff:  0.0, Sum:  0.0, Workers: 4
[325.754s][debug][gc,phases      ] GC(27)     Dead                           Min: 0, Avg:  0.0, Max: 0, Diff: 0, Sum: 0, Workers: 4
[325.754s][debug][gc,phases      ] GC(27)     Total                          Min: 0, Avg: 11.2, Max: 45, Diff: 45, Sum: 45, Workers: 4
[325.754s][debug][gc,phases      ] GC(27)   StringDedup Table Weak         Min:  0.0, Avg:  0.0, Max:  0.0, Diff:  0.0, Sum:  0.0, Workers: 4
[325.754s][debug][gc,phases      ] GC(27)     Dead                           Min: 0, Avg:  0.0, Max: 0, Diff: 0, Sum: 0, Workers: 4
[325.754s][debug][gc,phases      ] GC(27)     Total                          Min: 0, Avg:  0.0, Max: 0, Diff: 0, Sum: 0, Workers: 4
[325.754s][debug][gc,phases      ] GC(27)   StringDedup Requests0 Weak     Min:  0.0, Avg:  0.0, Max:  0.0, Diff:  0.0, Sum:  0.0, Workers: 4
[325.754s][debug][gc,phases      ] GC(27)     Dead                           Min: 0, Avg:  0.0, Max: 0, Diff: 0, Sum: 0, Workers: 4
[325.754s][debug][gc,phases      ] GC(27)     Total                          Min: 0, Avg:  0.0, Max: 0, Diff: 0, Sum: 0, Workers: 4
[325.754s][debug][gc,phases      ] GC(27)   StringDedup Requests1 Weak     Min:  0.0, Avg:  0.0, Max:  0.0, Diff:  0.0, Sum:  0.0, Workers: 4
[325.754s][debug][gc,phases      ] GC(27)     Dead                           Min: 0, Avg:  0.0, Max: 0, Diff: 0, Sum: 0, Workers: 4
[325.754s][debug][gc,phases      ] GC(27)     Total                          Min: 0, Avg:  0.0, Max: 0, Diff: 0, Sum: 0, Workers: 4
[325.754s][debug][gc,phases      ] GC(27)   Weak JFR Old Object Samples    Min:  0.0, Avg:  0.0, Max:  0.0, Diff:  0.0, Sum:  0.0, Workers: 4
[325.754s][debug][gc,phases      ] GC(27)     Dead                           Min: 0, Avg:  0.0, Max: 0, Diff: 0, Sum: 0, Workers: 4
[325.754s][debug][gc,phases      ] GC(27)     Total                          Min: 0, Avg:  0.0, Max: 0, Diff: 0, Sum: 0, Workers: 4
[325.754s][debug][gc,phases      ] GC(27) Weak Processing 0.501ms
[325.754s][debug][gc,age         ] GC(27) Desired survivor size 395837440 bytes, new threshold 6 (max threshold 15)
[325.754s][info ][gc,heap        ] GC(27) PSYoungGen: 1225248K(1619968K)->58208K(1710592K) Eden: 1168384K(1168384K)->0K(1292800K) From: 56864K(451584K)->58208K(417792K)
[325.754s][info ][gc,heap        ] GC(27) ParOldGen: 385867K(516608K)->385875K(516608K)
[325.754s][info ][gc,metaspace   ] GC(27) Metaspace: 78170K(79040K)->78170K(79040K) NonClass: 67069K(67520K)->67069K(67520K) Class: 11101K(11520K)->11101K(11520K)
[325.754s][info ][gc             ] GC(27) Pause Young (Allocation Failure) 1573M->433M(2175M) 18.911ms
[325.754s][info ][gc,cpu         ] GC(27) User=0.07s Sys=0.00s Real=0.02s
[325.754s][info ][safepoint      ] Safepoint "ParallelGCFailedAllocation", Time since last: 684830655 ns, Reaching safepoint: 71900 ns, At safepoint: 18990802 ns, Total: 19062702 ns
[326.754s][info ][safepoint      ] Safepoint "Cleanup", Time since last: 1000099441 ns, Reaching safepoint: 55301 ns, At safepoint: 3300 ns, Total: 58601 ns
[327.754s][info ][safepoint      ] Safepoint "Cleanup", Time since last: 1000119247 ns, Reaching safepoint: 54600 ns, At safepoint: 7700 ns, Total: 62300 ns
[328.754s][info ][safepoint      ] Safepoint "Cleanup", Time since last: 1000126352 ns, Reaching safepoint: 134701 ns, At safepoint: 9400 ns, Total: 144101 ns
[329.754s][info ][safepoint      ] Safepoint "Cleanup", Time since last: 1000051357 ns, Reaching safepoint: 80801 ns, At safepoint: 2900 ns, Total: 83701 ns
[330.755s][info ][safepoint      ] Safepoint "Cleanup", Time since last: 1000104863 ns, Reaching safepoint: 47900 ns, At safepoint: 3600 ns, Total: 51500 ns
[331.755s][info ][safepoint      ] Safepoint "Cleanup", Time since last: 1000087969 ns, Reaching safepoint: 40800 ns, At safepoint: 2400 ns, Total: 43200 ns
[332.755s][info ][safepoint      ] Safepoint "Cleanup", Time since last: 1000086774 ns, Reaching safepoint: 71200 ns, At safepoint: 9500 ns, Total: 80700 ns
[333.755s][info ][safepoint      ] Safepoint "Cleanup", Time since last: 1000115679 ns, Reaching safepoint: 52000 ns, At safepoint: 2701 ns, Total: 54701 ns
[334.755s][info ][safepoint      ] Safepoint "Cleanup", Time since last: 1000101784 ns, Reaching safepoint: 64100 ns, At safepoint: 5400 ns, Total: 69500 ns
[335.755s][info ][safepoint      ] Safepoint "Cleanup", Time since last: 1000107590 ns, Reaching safepoint: 48901 ns, At safepoint: 2700 ns, Total: 51601 ns
[337.756s][info ][safepoint      ] Safepoint "Cleanup", Time since last: 2000170695 ns, Reaching safepoint: 57300 ns, At safepoint: 5800 ns, Total: 63100 ns
[340.756s][info ][safepoint      ] Safepoint "Cleanup", Time since last: 3000234333 ns, Reaching safepoint: 52700 ns, At safepoint: 3100 ns, Total: 55800 ns
[342.756s][info ][safepoint      ] Safepoint "Cleanup", Time since last: 2000165949 ns, Reaching safepoint: 46400 ns, At safepoint: 2800 ns, Total: 49200 ns
[343.756s][info ][safepoint      ] Safepoint "Cleanup", Time since last: 1000084732 ns, Reaching safepoint: 53400 ns, At safepoint: 2700 ns, Total: 56100 ns
[345.756s][info ][safepoint      ] Safepoint "Cleanup", Time since last: 2000125480 ns, Reaching safepoint: 47800 ns, At safepoint: 4100 ns, Total: 51900 ns
[346.757s][info ][safepoint      ] Safepoint "Cleanup", Time since last: 1000099548 ns, Reaching safepoint: 47000 ns, At safepoint: 2700 ns, Total: 49700 ns
[347.757s][info ][safepoint      ] Safepoint "Cleanup", Time since last: 1000110553 ns, Reaching safepoint: 44201 ns, At safepoint: 3200 ns, Total: 47401 ns
[349.757s][info ][safepoint      ] Safepoint "Cleanup", Time since last: 2000122521 ns, Reaching safepoint: 56000 ns, At safepoint: 4500 ns, Total: 60500 ns
[350.757s][info ][safepoint      ] Safepoint "Cleanup", Time since last: 1000106469 ns, Reaching safepoint: 48400 ns, At safepoint: 2800 ns, Total: 51200 ns
[351.757s][info ][safepoint      ] Safepoint "Cleanup", Time since last: 1000064174 ns, Reaching safepoint: 42800 ns, At safepoint: 4700 ns, Total: 47500 ns
[352.820s][info ][gc,start       ] GC(28) Pause Young (Allocation Failure)
[352.836s][debug][gc,phases      ] GC(28) Scavenge 16.524ms
[352.836s][debug][gc,ref         ] GC(28) Skipped phase 1 of Reference Processing: no references
[352.836s][debug][gc,ref         ] GC(28) ReferenceProcessor::execute queues: 1, RefProcThreadModel::Single, marks_oops_alive: false
[352.836s][debug][gc,ref         ] GC(28) Skipped phase 3 of Reference Processing: no references
[352.836s][debug][gc,ref         ] GC(28) ReferenceProcessor::execute queues: 1, RefProcThreadModel::Single, marks_oops_alive: false
[352.836s][debug][gc,phases      ] GC(28) Reference Processing 0.102ms
[352.837s][debug][gc,phases      ] GC(28)   VM Weak                        Min:  0.0, Avg:  0.0, Max:  0.0, Diff:  0.0, Sum:  0.0, Workers: 4
[352.837s][debug][gc,phases      ] GC(28)     Dead                           Min: 0, Avg:  0.0, Max: 0, Diff: 0, Sum: 0, Workers: 4
[352.837s][debug][gc,phases      ] GC(28)     Total                          Min: 0, Avg: 184.2, Max: 448, Diff: 448, Sum: 737, Workers: 4
[352.837s][debug][gc,phases      ] GC(28)   ObjectSynchronizer Weak        Min:  0.0, Avg:  0.0, Max:  0.0, Diff:  0.0, Sum:  0.0, Workers: 4
[352.837s][debug][gc,phases      ] GC(28)     Dead                           Min: 0, Avg:  0.0, Max: 0, Diff: 0, Sum: 0, Workers: 4
[352.837s][debug][gc,phases      ] GC(28)     Total                          Min: 0, Avg: 11.5, Max: 46, Diff: 46, Sum: 46, Workers: 4
[352.837s][debug][gc,phases      ] GC(28)   JVMTI Tag Weak OopStorage      Min:  0.0, Avg:  0.0, Max:  0.0, Diff:  0.0, Sum:  0.0, Workers: 4
[352.837s][debug][gc,phases      ] GC(28)     Dead                           Min: 0, Avg:  0.0, Max: 0, Diff: 0, Sum: 0, Workers: 4
[352.837s][debug][gc,phases      ] GC(28)     Total                          Min: 0, Avg:  0.0, Max: 0, Diff: 0, Sum: 0, Workers: 4
[352.837s][debug][gc,phases      ] GC(28)   StringTable Weak               Min:  0.1, Avg:  0.1, Max:  0.1, Diff:  0.0, Sum:  0.4, Workers: 4
[352.837s][debug][gc,phases      ] GC(28)     Dead                           Min: 0, Avg:  0.2, Max: 1, Diff: 1, Sum: 1, Workers: 4
[352.837s][debug][gc,phases      ] GC(28)     Total                          Min: 10367, Avg: 10583.5, Max: 10720, Diff: 353, Sum: 42334, Workers: 4
[352.837s][debug][gc,phases      ] GC(28)   ResolvedMethodTable Weak       Min:  0.0, Avg:  0.0, Max:  0.0, Diff:  0.0, Sum:  0.1, Workers: 4
[352.837s][debug][gc,phases      ] GC(28)     Dead                           Min: 0, Avg:  0.0, Max: 0, Diff: 0, Sum: 0, Workers: 4
[352.837s][debug][gc,phases      ] GC(28)     Total                          Min: 1984, Avg: 2100.5, Max: 2240, Diff: 256, Sum: 8402, Workers: 4
[352.837s][debug][gc,phases      ] GC(28)   JNI Weak                       Min:  0.0, Avg:  0.0, Max:  0.0, Diff:  0.0, Sum:  0.0, Workers: 4
[352.837s][debug][gc,phases      ] GC(28)     Dead                           Min: 0, Avg:  0.0, Max: 0, Diff: 0, Sum: 0, Workers: 4
[352.837s][debug][gc,phases      ] GC(28)     Total                          Min: 0, Avg: 11.2, Max: 45, Diff: 45, Sum: 45, Workers: 4
[352.837s][debug][gc,phases      ] GC(28)   StringDedup Table Weak         Min:  0.0, Avg:  0.0, Max:  0.0, Diff:  0.0, Sum:  0.0, Workers: 4
[352.837s][debug][gc,phases      ] GC(28)     Dead                           Min: 0, Avg:  0.0, Max: 0, Diff: 0, Sum: 0, Workers: 4
[352.837s][debug][gc,phases      ] GC(28)     Total                          Min: 0, Avg:  0.0, Max: 0, Diff: 0, Sum: 0, Workers: 4
[352.837s][debug][gc,phases      ] GC(28)   StringDedup Requests0 Weak     Min:  0.0, Avg:  0.0, Max:  0.0, Diff:  0.0, Sum:  0.0, Workers: 4
[352.837s][debug][gc,phases      ] GC(28)     Dead                           Min: 0, Avg:  0.0, Max: 0, Diff: 0, Sum: 0, Workers: 4
[352.837s][debug][gc,phases      ] GC(28)     Total                          Min: 0, Avg:  0.0, Max: 0, Diff: 0, Sum: 0, Workers: 4
[352.837s][debug][gc,phases      ] GC(28)   StringDedup Requests1 Weak     Min:  0.0, Avg:  0.0, Max:  0.0, Diff:  0.0, Sum:  0.0, Workers: 4
[352.837s][debug][gc,phases      ] GC(28)     Dead                           Min: 0, Avg:  0.0, Max: 0, Diff: 0, Sum: 0, Workers: 4
[352.837s][debug][gc,phases      ] GC(28)     Total                          Min: 0, Avg:  0.0, Max: 0, Diff: 0, Sum: 0, Workers: 4
[352.837s][debug][gc,phases      ] GC(28)   Weak JFR Old Object Samples    Min:  0.0, Avg:  0.0, Max:  0.0, Diff:  0.0, Sum:  0.0, Workers: 4
[352.837s][debug][gc,phases      ] GC(28)     Dead                           Min: 0, Avg:  0.0, Max: 0, Diff: 0, Sum: 0, Workers: 4
[352.837s][debug][gc,phases      ] GC(28)     Total                          Min: 0, Avg:  0.0, Max: 0, Diff: 0, Sum: 0, Workers: 4
[352.837s][debug][gc,phases      ] GC(28) Weak Processing 0.285ms
[352.837s][debug][gc,age         ] GC(28) Desired survivor size 365953024 bytes, new threshold 7 (max threshold 15)
[352.837s][info ][gc,heap        ] GC(28) PSYoungGen: 1351008K(1710592K)->59424K(1679360K) Eden: 1292800K(1292800K)->0K(1292800K) From: 58208K(417792K)->59424K(386560K)
[352.837s][info ][gc,heap        ] GC(28) ParOldGen: 385875K(516608K)->385875K(516608K)
[352.837s][info ][gc,metaspace   ] GC(28) Metaspace: 78273K(79168K)->78273K(79168K) NonClass: 67162K(67648K)->67162K(67648K) Class: 11111K(11520K)->11111K(11520K)
[352.837s][info ][gc             ] GC(28) Pause Young (Allocation Failure) 1696M->434M(2144M) 17.026ms
[352.837s][info ][gc,cpu         ] GC(28) User=0.06s Sys=0.00s Real=0.02s
[352.837s][info ][safepoint      ] Safepoint "ParallelGCFailedAllocation", Time since last: 1062378120 ns, Reaching safepoint: 28200 ns, At safepoint: 17097594 ns, Total: 17125794 ns
[353.386s][info ][safepoint      ] Safepoint "ICBufferFull", Time since last: 548887710 ns, Reaching safepoint: 230701 ns, At safepoint: 15800 ns, Total: 246501 ns
[354.386s][info ][safepoint      ] Safepoint "Cleanup", Time since last: 1000112587 ns, Reaching safepoint: 139201 ns, At safepoint: 13500 ns, Total: 152701 ns
[355.386s][info ][safepoint      ] Safepoint "Cleanup", Time since last: 1000085593 ns, Reaching safepoint: 55800 ns, At safepoint: 5700 ns, Total: 61500 ns
[356.386s][info ][safepoint      ] Safepoint "Cleanup", Time since last: 1000115898 ns, Reaching safepoint: 49600 ns, At safepoint: 4500 ns, Total: 54100 ns
[357.387s][info ][safepoint      ] Safepoint "Cleanup", Time since last: 1000101003 ns, Reaching safepoint: 25500 ns, At safepoint: 2500 ns, Total: 28000 ns
[358.387s][info ][safepoint      ] Safepoint "Cleanup", Time since last: 1000103307 ns, Reaching safepoint: 86701 ns, At safepoint: 11100 ns, Total: 97801 ns
[359.387s][info ][safepoint      ] Safepoint "Cleanup", Time since last: 1000104513 ns, Reaching safepoint: 68200 ns, At safepoint: 5900 ns, Total: 74100 ns
[360.387s][info ][safepoint      ] Safepoint "Cleanup", Time since last: 1000102318 ns, Reaching safepoint: 37601 ns, At safepoint: 3100 ns, Total: 40701 ns
[361.387s][info ][safepoint      ] Safepoint "Cleanup", Time since last: 1000097523 ns, Reaching safepoint: 117100 ns, At safepoint: 9400 ns, Total: 126500 ns
[362.387s][info ][safepoint      ] Safepoint "Cleanup", Time since last: 1000088728 ns, Reaching safepoint: 26100 ns, At safepoint: 2600 ns, Total: 28700 ns
[363.388s][info ][safepoint      ] Safepoint "Cleanup", Time since last: 1000113434 ns, Reaching safepoint: 47200 ns, At safepoint: 2600 ns, Total: 49800 ns
[364.388s][info ][safepoint      ] Safepoint "Cleanup", Time since last: 1000103038 ns, Reaching safepoint: 36900 ns, At safepoint: 3800 ns, Total: 40700 ns
[365.388s][info ][safepoint      ] Safepoint "Cleanup", Time since last: 1000117144 ns, Reaching safepoint: 31300 ns, At safepoint: 3000 ns, Total: 34300 ns
[366.388s][info ][safepoint      ] Safepoint "Cleanup", Time since last: 1000115148 ns, Reaching safepoint: 47801 ns, At safepoint: 2500 ns, Total: 50301 ns
[367.115s][info ][gc,start       ] GC(29) Pause Young (Allocation Failure)
[367.136s][debug][gc,phases      ] GC(29) Scavenge 21.242ms
[367.136s][debug][gc,ref         ] GC(29) Skipped phase 1 of Reference Processing: no references
[367.136s][debug][gc,ref         ] GC(29) ReferenceProcessor::execute queues: 1, RefProcThreadModel::Single, marks_oops_alive: false
[367.136s][debug][gc,ref         ] GC(29) Skipped phase 3 of Reference Processing: no references
[367.136s][debug][gc,ref         ] GC(29) ReferenceProcessor::execute queues: 1, RefProcThreadModel::Single, marks_oops_alive: false
[367.136s][debug][gc,phases      ] GC(29) Reference Processing 0.134ms
[367.137s][debug][gc,phases      ] GC(29)   VM Weak                        Min:  0.0, Avg:  0.0, Max:  0.0, Diff:  0.0, Sum:  0.0, Workers: 4
[367.137s][debug][gc,phases      ] GC(29)     Dead                           Min: 0, Avg:  0.0, Max: 0, Diff: 0, Sum: 0, Workers: 4
[367.137s][debug][gc,phases      ] GC(29)     Total                          Min: 0, Avg: 185.5, Max: 678, Diff: 678, Sum: 742, Workers: 4
[367.137s][debug][gc,phases      ] GC(29)   ObjectSynchronizer Weak        Min:  0.0, Avg:  0.0, Max:  0.0, Diff:  0.0, Sum:  0.0, Workers: 4
[367.137s][debug][gc,phases      ] GC(29)     Dead                           Min: 0, Avg:  1.5, Max: 6, Diff: 6, Sum: 6, Workers: 4
[367.137s][debug][gc,phases      ] GC(29)     Total                          Min: 0, Avg: 13.5, Max: 54, Diff: 54, Sum: 54, Workers: 4
[367.137s][debug][gc,phases      ] GC(29)   JVMTI Tag Weak OopStorage      Min:  0.0, Avg:  0.0, Max:  0.0, Diff:  0.0, Sum:  0.0, Workers: 4
[367.137s][debug][gc,phases      ] GC(29)     Dead                           Min: 0, Avg:  0.0, Max: 0, Diff: 0, Sum: 0, Workers: 4
[367.137s][debug][gc,phases      ] GC(29)     Total                          Min: 0, Avg:  0.0, Max: 0, Diff: 0, Sum: 0, Workers: 4
[367.137s][debug][gc,phases      ] GC(29)   StringTable Weak               Min:  0.0, Avg:  0.1, Max:  0.1, Diff:  0.1, Sum:  0.4, Workers: 4
[367.137s][debug][gc,phases      ] GC(29)     Dead                           Min: 0, Avg:  0.5, Max: 2, Diff: 2, Sum: 2, Workers: 4
[367.137s][debug][gc,phases      ] GC(29)     Total                          Min: 0, Avg: 10624.5, Max: 16258, Diff: 16258, Sum: 42498, Workers: 4
[367.137s][debug][gc,phases      ] GC(29)   ResolvedMethodTable Weak       Min:  0.0, Avg:  0.0, Max:  0.0, Diff:  0.0, Sum:  0.1, Workers: 4
[367.137s][debug][gc,phases      ] GC(29)     Dead                           Min: 0, Avg:  0.5, Max: 1, Diff: 1, Sum: 2, Workers: 4
[367.137s][debug][gc,phases      ] GC(29)     Total                          Min: 0, Avg: 2133.2, Max: 3541, Diff: 3541, Sum: 8533, Workers: 4
[367.137s][debug][gc,phases      ] GC(29)   JNI Weak                       Min:  0.0, Avg:  0.0, Max:  0.0, Diff:  0.0, Sum:  0.0, Workers: 4
[367.137s][debug][gc,phases      ] GC(29)     Dead                           Min: 0, Avg:  0.0, Max: 0, Diff: 0, Sum: 0, Workers: 4
[367.137s][debug][gc,phases      ] GC(29)     Total                          Min: 0, Avg: 11.2, Max: 45, Diff: 45, Sum: 45, Workers: 4
[367.137s][debug][gc,phases      ] GC(29)   StringDedup Table Weak         Min:  0.0, Avg:  0.0, Max:  0.0, Diff:  0.0, Sum:  0.0, Workers: 4
[367.137s][debug][gc,phases      ] GC(29)     Dead                           Min: 0, Avg:  0.0, Max: 0, Diff: 0, Sum: 0, Workers: 4
[367.137s][debug][gc,phases      ] GC(29)     Total                          Min: 0, Avg:  0.0, Max: 0, Diff: 0, Sum: 0, Workers: 4
[367.137s][debug][gc,phases      ] GC(29)   StringDedup Requests0 Weak     Min:  0.0, Avg:  0.0, Max:  0.0, Diff:  0.0, Sum:  0.0, Workers: 4
[367.137s][debug][gc,phases      ] GC(29)     Dead                           Min: 0, Avg:  0.0, Max: 0, Diff: 0, Sum: 0, Workers: 4
[367.137s][debug][gc,phases      ] GC(29)     Total                          Min: 0, Avg:  0.0, Max: 0, Diff: 0, Sum: 0, Workers: 4
[367.137s][debug][gc,phases      ] GC(29)   StringDedup Requests1 Weak     Min:  0.0, Avg:  0.0, Max:  0.0, Diff:  0.0, Sum:  0.0, Workers: 4
[367.137s][debug][gc,phases      ] GC(29)     Dead                           Min: 0, Avg:  0.0, Max: 0, Diff: 0, Sum: 0, Workers: 4
[367.137s][debug][gc,phases      ] GC(29)     Total                          Min: 0, Avg:  0.0, Max: 0, Diff: 0, Sum: 0, Workers: 4
[367.137s][debug][gc,phases      ] GC(29)   Weak JFR Old Object Samples    Min:  0.0, Avg:  0.0, Max:  0.0, Diff:  0.0, Sum:  0.0, Workers: 4
[367.137s][debug][gc,phases      ] GC(29)     Dead                           Min: 0, Avg:  0.0, Max: 0, Diff: 0, Sum: 0, Workers: 4
[367.137s][debug][gc,phases      ] GC(29)     Total                          Min: 0, Avg:  0.0, Max: 0, Diff: 0, Sum: 0, Workers: 4
[367.137s][debug][gc,phases      ] GC(29) Weak Processing 0.332ms
[367.137s][debug][gc,age         ] GC(29) Desired survivor size 338165760 bytes, new threshold 8 (max threshold 15)
[367.137s][info ][gc,heap        ] GC(29) PSYoungGen: 1352224K(1679360K)->74784K(1766912K) Eden: 1292800K(1292800K)->0K(1409536K) From: 59424K(386560K)->74784K(357376K)
[367.137s][info ][gc,heap        ] GC(29) ParOldGen: 385875K(516608K)->385883K(516608K)
[367.137s][info ][gc,metaspace   ] GC(29) Metaspace: 78612K(79616K)->78612K(79616K) NonClass: 67444K(67968K)->67444K(67968K) Class: 11167K(11648K)->11167K(11648K)
[367.137s][info ][gc             ] GC(29) Pause Young (Allocation Failure) 1697M->449M(2230M) 21.823ms
[367.137s][info ][gc,cpu         ] GC(29) User=0.08s Sys=0.00s Real=0.02s
[367.137s][info ][safepoint      ] Safepoint "ParallelGCFailedAllocation", Time since last: 726842435 ns, Reaching safepoint: 24700 ns, At safepoint: 21897221 ns, Total: 21921921 ns
[368.137s][info ][safepoint      ] Safepoint "Cleanup", Time since last: 1000078857 ns, Reaching safepoint: 47701 ns, At safepoint: 3100 ns, Total: 50801 ns
[369.137s][info ][safepoint      ] Safepoint "Cleanup", Time since last: 1000104362 ns, Reaching safepoint: 39500 ns, At safepoint: 2900 ns, Total: 42400 ns
[373.137s][info ][safepoint      ] Safepoint "Cleanup", Time since last: 4000285797 ns, Reaching safepoint: 45300 ns, At safepoint: 6800 ns, Total: 52100 ns
[374.138s][info ][safepoint      ] Safepoint "Cleanup", Time since last: 1000100687 ns, Reaching safepoint: 38501 ns, At safepoint: 4500 ns, Total: 43001 ns
[375.138s][info ][safepoint      ] Safepoint "Cleanup", Time since last: 1000114091 ns, Reaching safepoint: 38301 ns, At safepoint: 4500 ns, Total: 42801 ns
[376.138s][info ][safepoint      ] Safepoint "Cleanup", Time since last: 1000105496 ns, Reaching safepoint: 38301 ns, At safepoint: 2900 ns, Total: 41201 ns
[378.138s][info ][safepoint      ] Safepoint "Cleanup", Time since last: 2000123807 ns, Reaching safepoint: 37601 ns, At safepoint: 5300 ns, Total: 42901 ns
[379.138s][info ][safepoint      ] Safepoint "Cleanup", Time since last: 1000096411 ns, Reaching safepoint: 27400 ns, At safepoint: 2400 ns, Total: 29800 ns
[380.138s][info ][safepoint      ] Safepoint "Cleanup", Time since last: 1000099617 ns, Reaching safepoint: 30800 ns, At safepoint: 7100 ns, Total: 37900 ns
[384.139s][info ][safepoint      ] Safepoint "Cleanup", Time since last: 4000257813 ns, Reaching safepoint: 54801 ns, At safepoint: 5000 ns, Total: 59801 ns
[385.139s][info ][safepoint      ] Safepoint "Cleanup", Time since last: 1000104740 ns, Reaching safepoint: 44001 ns, At safepoint: 4000 ns, Total: 48001 ns
[386.139s][info ][safepoint      ] Safepoint "Cleanup", Time since last: 1000115345 ns, Reaching safepoint: 35900 ns, At safepoint: 2900 ns, Total: 38800 ns
[387.139s][info ][safepoint      ] Safepoint "Cleanup", Time since last: 1000102751 ns, Reaching safepoint: 28000 ns, At safepoint: 2700 ns, Total: 30700 ns
[388.139s][info ][safepoint      ] Safepoint "Cleanup", Time since last: 1000105855 ns, Reaching safepoint: 115701 ns, At safepoint: 3600 ns, Total: 119301 ns
[390.140s][info ][safepoint      ] Safepoint "Cleanup", Time since last: 2000169424 ns, Reaching safepoint: 29500 ns, At safepoint: 2900 ns, Total: 32400 ns
[392.140s][info ][safepoint      ] Safepoint "Cleanup", Time since last: 2000166944 ns, Reaching safepoint: 39200 ns, At safepoint: 2600 ns, Total: 41800 ns
[393.140s][info ][safepoint      ] Safepoint "Cleanup", Time since last: 1000122880 ns, Reaching safepoint: 43500 ns, At safepoint: 2200 ns, Total: 45700 ns
[394.140s][info ][safepoint      ] Safepoint "Cleanup", Time since last: 1000102784 ns, Reaching safepoint: 48300 ns, At safepoint: 4000 ns, Total: 52300 ns
[396.140s][info ][safepoint      ] Safepoint "Cleanup", Time since last: 2000163582 ns, Reaching safepoint: 47400 ns, At safepoint: 2600 ns, Total: 50000 ns
[398.140s][info ][safepoint      ] Safepoint "Cleanup", Time since last: 2000164301 ns, Reaching safepoint: 47700 ns, At safepoint: 9300 ns, Total: 57000 ns
[401.141s][info ][safepoint      ] Safepoint "Cleanup", Time since last: 3000231036 ns, Reaching safepoint: 45600 ns, At safepoint: 7500 ns, Total: 53100 ns
[405.141s][info ][safepoint      ] Safepoint "Cleanup", Time since last: 4000306514 ns, Reaching safepoint: 42000 ns, At safepoint: 2300 ns, Total: 44300 ns
[408.141s][info ][safepoint      ] Safepoint "Cleanup", Time since last: 3000235635 ns, Reaching safepoint: 43700 ns, At safepoint: 4700 ns, Total: 48400 ns
[412.676s][info ][gc,start       ] GC(30) Pause Young (Allocation Failure)
[412.694s][debug][gc,phases      ] GC(30) Scavenge 18.483ms
[412.694s][debug][gc,ref         ] GC(30) Skipped phase 1 of Reference Processing: no references
[412.694s][debug][gc,ref         ] GC(30) ReferenceProcessor::execute queues: 1, RefProcThreadModel::Single, marks_oops_alive: false
[412.694s][debug][gc,ref         ] GC(30) Skipped phase 3 of Reference Processing: no references
[412.694s][debug][gc,ref         ] GC(30) ReferenceProcessor::execute queues: 1, RefProcThreadModel::Single, marks_oops_alive: false
[412.694s][debug][gc,phases      ] GC(30) Reference Processing 0.102ms
[412.695s][debug][gc,phases      ] GC(30)   VM Weak                        Min:  0.0, Avg:  0.0, Max:  0.0, Diff:  0.0, Sum:  0.0, Workers: 4
[412.695s][debug][gc,phases      ] GC(30)     Dead                           Min: 0, Avg:  0.0, Max: 0, Diff: 0, Sum: 0, Workers: 4
[412.695s][debug][gc,phases      ] GC(30)     Total                          Min: 0, Avg: 185.5, Max: 576, Diff: 576, Sum: 742, Workers: 4
[412.695s][debug][gc,phases      ] GC(30)   ObjectSynchronizer Weak        Min:  0.0, Avg:  0.0, Max:  0.0, Diff:  0.0, Sum:  0.0, Workers: 4
[412.695s][debug][gc,phases      ] GC(30)     Dead                           Min: 0, Avg:  0.0, Max: 0, Diff: 0, Sum: 0, Workers: 4
[412.695s][debug][gc,phases      ] GC(30)     Total                          Min: 0, Avg: 14.0, Max: 56, Diff: 56, Sum: 56, Workers: 4
[412.695s][debug][gc,phases      ] GC(30)   JVMTI Tag Weak OopStorage      Min:  0.0, Avg:  0.0, Max:  0.0, Diff:  0.0, Sum:  0.0, Workers: 4
[412.695s][debug][gc,phases      ] GC(30)     Dead                           Min: 0, Avg:  0.0, Max: 0, Diff: 0, Sum: 0, Workers: 4
[412.695s][debug][gc,phases      ] GC(30)     Total                          Min: 0, Avg:  0.0, Max: 0, Diff: 0, Sum: 0, Workers: 4
[412.695s][debug][gc,phases      ] GC(30)   StringTable Weak               Min:  0.1, Avg:  0.1, Max:  0.1, Diff:  0.0, Sum:  0.4, Workers: 4
[412.695s][debug][gc,phases      ] GC(30)     Dead                           Min: 0, Avg:  0.0, Max: 0, Diff: 0, Sum: 0, Workers: 4
[412.695s][debug][gc,phases      ] GC(30)     Total                          Min: 10373, Avg: 10625.2, Max: 10816, Diff: 443, Sum: 42501, Workers: 4
[412.695s][debug][gc,phases      ] GC(30)   ResolvedMethodTable Weak       Min:  0.0, Avg:  0.0, Max:  0.0, Diff:  0.0, Sum:  0.1, Workers: 4
[412.695s][debug][gc,phases      ] GC(30)     Dead                           Min: 0, Avg:  0.0, Max: 0, Diff: 0, Sum: 0, Workers: 4
[412.695s][debug][gc,phases      ] GC(30)     Total                          Min: 768, Avg: 2133.8, Max: 2688, Diff: 1920, Sum: 8535, Workers: 4
[412.695s][debug][gc,phases      ] GC(30)   JNI Weak                       Min:  0.0, Avg:  0.0, Max:  0.0, Diff:  0.0, Sum:  0.0, Workers: 4
[412.695s][debug][gc,phases      ] GC(30)     Dead                           Min: 0, Avg:  0.0, Max: 0, Diff: 0, Sum: 0, Workers: 4
[412.695s][debug][gc,phases      ] GC(30)     Total                          Min: 0, Avg: 11.2, Max: 45, Diff: 45, Sum: 45, Workers: 4
[412.695s][debug][gc,phases      ] GC(30)   StringDedup Table Weak         Min:  0.0, Avg:  0.0, Max:  0.0, Diff:  0.0, Sum:  0.0, Workers: 4
[412.695s][debug][gc,phases      ] GC(30)     Dead                           Min: 0, Avg:  0.0, Max: 0, Diff: 0, Sum: 0, Workers: 4
[412.695s][debug][gc,phases      ] GC(30)     Total                          Min: 0, Avg:  0.0, Max: 0, Diff: 0, Sum: 0, Workers: 4
[412.695s][debug][gc,phases      ] GC(30)   StringDedup Requests0 Weak     Min:  0.0, Avg:  0.0, Max:  0.0, Diff:  0.0, Sum:  0.0, Workers: 4
[412.695s][debug][gc,phases      ] GC(30)     Dead                           Min: 0, Avg:  0.0, Max: 0, Diff: 0, Sum: 0, Workers: 4
[412.695s][debug][gc,phases      ] GC(30)     Total                          Min: 0, Avg:  0.0, Max: 0, Diff: 0, Sum: 0, Workers: 4
[412.695s][debug][gc,phases      ] GC(30)   StringDedup Requests1 Weak     Min:  0.0, Avg:  0.0, Max:  0.0, Diff:  0.0, Sum:  0.0, Workers: 4
[412.695s][debug][gc,phases      ] GC(30)     Dead                           Min: 0, Avg:  0.0, Max: 0, Diff: 0, Sum: 0, Workers: 4
[412.695s][debug][gc,phases      ] GC(30)     Total                          Min: 0, Avg:  0.0, Max: 0, Diff: 0, Sum: 0, Workers: 4
[412.695s][debug][gc,phases      ] GC(30)   Weak JFR Old Object Samples    Min:  0.0, Avg:  0.0, Max:  0.0, Diff:  0.0, Sum:  0.0, Workers: 4
[412.695s][debug][gc,phases      ] GC(30)     Dead                           Min: 0, Avg:  0.0, Max: 0, Diff: 0, Sum: 0, Workers: 4
[412.695s][debug][gc,phases      ] GC(30)     Total                          Min: 0, Avg:  0.0, Max: 0, Diff: 0, Sum: 0, Workers: 4
[412.695s][debug][gc,phases      ] GC(30) Weak Processing 0.314ms
[412.695s][debug][gc,age         ] GC(30) Desired survivor size 312999936 bytes, new threshold 9 (max threshold 15)
[412.695s][info ][gc,heap        ] GC(30) PSYoungGen: 1484320K(1766912K)->75600K(1739776K) Eden: 1409536K(1409536K)->0K(1409536K) From: 74784K(357376K)->75600K(330240K)
[412.695s][info ][gc,heap        ] GC(30) ParOldGen: 385883K(516608K)->385883K(516608K)
[412.695s][info ][gc,metaspace   ] GC(30) Metaspace: 78664K(79680K)->78664K(79680K) NonClass: 67496K(68032K)->67496K(68032K) Class: 11168K(11648K)->11168K(11648K)
[412.695s][info ][gc             ] GC(30) Pause Young (Allocation Failure) 1826M->450M(2203M) 19.025ms
[412.695s][info ][gc,cpu         ] GC(30) User=0.07s Sys=0.00s Real=0.02s
[412.695s][info ][safepoint      ] Safepoint "ParallelGCFailedAllocation", Time since last: 4534237925 ns, Reaching safepoint: 90901 ns, At safepoint: 19093810 ns, Total: 19184711 ns
[416.695s][info ][safepoint      ] Safepoint "Cleanup", Time since last: 4000282927 ns, Reaching safepoint: 36200 ns, At safepoint: 2400 ns, Total: 38600 ns
[419.695s][info ][safepoint      ] Safepoint "Cleanup", Time since last: 3000241593 ns, Reaching safepoint: 28500 ns, At safepoint: 2500 ns, Total: 31000 ns
[420.696s][info ][safepoint      ] Safepoint "Cleanup", Time since last: 1000113607 ns, Reaching safepoint: 37900 ns, At safepoint: 2601 ns, Total: 40501 ns
[422.696s][info ][safepoint      ] Safepoint "Cleanup", Time since last: 2000175027 ns, Reaching safepoint: 100000 ns, At safepoint: 5200 ns, Total: 105200 ns
[426.696s][info ][safepoint      ] Safepoint "Cleanup", Time since last: 4000303708 ns, Reaching safepoint: 40100 ns, At safepoint: 2800 ns, Total: 42900 ns
[428.696s][info ][safepoint      ] Safepoint "Cleanup", Time since last: 2000179481 ns, Reaching safepoint: 47800 ns, At safepoint: 2900 ns, Total: 50700 ns
[431.697s][info ][safepoint      ] Safepoint "Cleanup", Time since last: 3000235555 ns, Reaching safepoint: 26200 ns, At safepoint: 2600 ns, Total: 28800 ns
[433.697s][info ][safepoint      ] Safepoint "Cleanup", Time since last: 2000175525 ns, Reaching safepoint: 32300 ns, At safepoint: 6800 ns, Total: 39100 ns
[435.697s][info ][safepoint      ] Safepoint "Cleanup", Time since last: 2000178643 ns, Reaching safepoint: 43700 ns, At safepoint: 3200 ns, Total: 46900 ns
[437.697s][info ][safepoint      ] Safepoint "Cleanup", Time since last: 2000177060 ns, Reaching safepoint: 42500 ns, At safepoint: 4100 ns, Total: 46600 ns
[438.698s][info ][safepoint      ] Safepoint "Cleanup", Time since last: 1000115587 ns, Reaching safepoint: 108301 ns, At safepoint: 6800 ns, Total: 115101 ns
[441.698s][info ][safepoint      ] Safepoint "Cleanup", Time since last: 3000192985 ns, Reaching safepoint: 48101 ns, At safepoint: 10600 ns, Total: 58701 ns
[442.698s][info ][safepoint      ] Safepoint "Cleanup", Time since last: 1000077804 ns, Reaching safepoint: 32200 ns, At safepoint: 2600 ns, Total: 34800 ns
[443.698s][info ][safepoint      ] Safepoint "Cleanup", Time since last: 1000109208 ns, Reaching safepoint: 43501 ns, At safepoint: 2700 ns, Total: 46201 ns
[444.698s][info ][safepoint      ] Safepoint "Cleanup", Time since last: 1000106512 ns, Reaching safepoint: 39301 ns, At safepoint: 2000 ns, Total: 41301 ns
[445.698s][info ][safepoint      ] Safepoint "Cleanup", Time since last: 1000102117 ns, Reaching safepoint: 104500 ns, At safepoint: 4300 ns, Total: 108800 ns
[446.699s][info ][safepoint      ] Safepoint "Cleanup", Time since last: 1000113322 ns, Reaching safepoint: 44300 ns, At safepoint: 2400 ns, Total: 46700 ns
[451.699s][info ][safepoint      ] Safepoint "Cleanup", Time since last: 5000379370 ns, Reaching safepoint: 37300 ns, At safepoint: 2700 ns, Total: 40000 ns
[452.699s][info ][safepoint      ] Safepoint "Cleanup", Time since last: 1000115147 ns, Reaching safepoint: 44100 ns, At safepoint: 4700 ns, Total: 48800 ns
[453.699s][info ][safepoint      ] Safepoint "Cleanup", Time since last: 1000122251 ns, Reaching safepoint: 40601 ns, At safepoint: 2700 ns, Total: 43301 ns
[454.700s][info ][safepoint      ] Safepoint "Cleanup", Time since last: 1000115255 ns, Reaching safepoint: 45500 ns, At safepoint: 2800 ns, Total: 48300 ns
[455.700s][info ][safepoint      ] Safepoint "Cleanup", Time since last: 1000126460 ns, Reaching safepoint: 39100 ns, At safepoint: 3600 ns, Total: 42700 ns
[463.078s][info ][gc,start       ] GC(31) Pause Young (Allocation Failure)
[463.099s][debug][gc,phases      ] GC(31) Scavenge 20.914ms
[463.099s][debug][gc,ref         ] GC(31) Skipped phase 1 of Reference Processing: no references
[463.099s][debug][gc,ref         ] GC(31) ReferenceProcessor::execute queues: 1, RefProcThreadModel::Single, marks_oops_alive: false
[463.099s][debug][gc,ref         ] GC(31) Skipped phase 3 of Reference Processing: no references
[463.099s][debug][gc,ref         ] GC(31) ReferenceProcessor::execute queues: 1, RefProcThreadModel::Single, marks_oops_alive: false
[463.099s][debug][gc,phases      ] GC(31) Reference Processing 0.105ms
[463.100s][debug][gc,phases      ] GC(31)   VM Weak                        Min:  0.0, Avg:  0.0, Max:  0.0, Diff:  0.0, Sum:  0.0, Workers: 4
[463.100s][debug][gc,phases      ] GC(31)     Dead                           Min: 0, Avg:  0.0, Max: 0, Diff: 0, Sum: 0, Workers: 4
[463.100s][debug][gc,phases      ] GC(31)     Total                          Min: 0, Avg: 187.8, Max: 559, Diff: 559, Sum: 751, Workers: 4
[463.100s][debug][gc,phases      ] GC(31)   ObjectSynchronizer Weak        Min:  0.0, Avg:  0.0, Max:  0.0, Diff:  0.0, Sum:  0.0, Workers: 4
[463.100s][debug][gc,phases      ] GC(31)     Dead                           Min: 0, Avg:  0.0, Max: 0, Diff: 0, Sum: 0, Workers: 4
[463.100s][debug][gc,phases      ] GC(31)     Total                          Min: 0, Avg: 14.0, Max: 56, Diff: 56, Sum: 56, Workers: 4
[463.100s][debug][gc,phases      ] GC(31)   JVMTI Tag Weak OopStorage      Min:  0.0, Avg:  0.0, Max:  0.0, Diff:  0.0, Sum:  0.0, Workers: 4
[463.100s][debug][gc,phases      ] GC(31)     Dead                           Min: 0, Avg:  0.0, Max: 0, Diff: 0, Sum: 0, Workers: 4
[463.100s][debug][gc,phases      ] GC(31)     Total                          Min: 0, Avg:  0.0, Max: 0, Diff: 0, Sum: 0, Workers: 4
[463.100s][debug][gc,phases      ] GC(31)   StringTable Weak               Min:  0.0, Avg:  0.1, Max:  0.2, Diff:  0.2, Sum:  0.3, Workers: 4
[463.100s][debug][gc,phases      ] GC(31)     Dead                           Min: 0, Avg:  0.0, Max: 0, Diff: 0, Sum: 0, Workers: 4
[463.100s][debug][gc,phases      ] GC(31)     Total                          Min: 0, Avg: 10631.0, Max: 25884, Diff: 25884, Sum: 42524, Workers: 4
[463.100s][debug][gc,phases      ] GC(31)   ResolvedMethodTable Weak       Min:  0.0, Avg:  0.0, Max:  0.0, Diff:  0.0, Sum:  0.1, Workers: 4
[463.100s][debug][gc,phases      ] GC(31)     Dead                           Min: 0, Avg:  0.0, Max: 0, Diff: 0, Sum: 0, Workers: 4
[463.100s][debug][gc,phases      ] GC(31)     Total                          Min: 0, Avg: 2140.5, Max: 5106, Diff: 5106, Sum: 8562, Workers: 4
[463.100s][debug][gc,phases      ] GC(31)   JNI Weak                       Min:  0.0, Avg:  0.0, Max:  0.0, Diff:  0.0, Sum:  0.0, Workers: 4
[463.100s][debug][gc,phases      ] GC(31)     Dead                           Min: 0, Avg:  0.0, Max: 0, Diff: 0, Sum: 0, Workers: 4
[463.100s][debug][gc,phases      ] GC(31)     Total                          Min: 0, Avg: 11.2, Max: 45, Diff: 45, Sum: 45, Workers: 4
[463.100s][debug][gc,phases      ] GC(31)   StringDedup Table Weak         Min:  0.0, Avg:  0.0, Max:  0.0, Diff:  0.0, Sum:  0.0, Workers: 4
[463.100s][debug][gc,phases      ] GC(31)     Dead                           Min: 0, Avg:  0.0, Max: 0, Diff: 0, Sum: 0, Workers: 4
[463.100s][debug][gc,phases      ] GC(31)     Total                          Min: 0, Avg:  0.0, Max: 0, Diff: 0, Sum: 0, Workers: 4
[463.100s][debug][gc,phases      ] GC(31)   StringDedup Requests0 Weak     Min:  0.0, Avg:  0.0, Max:  0.0, Diff:  0.0, Sum:  0.0, Workers: 4
[463.100s][debug][gc,phases      ] GC(31)     Dead                           Min: 0, Avg:  0.0, Max: 0, Diff: 0, Sum: 0, Workers: 4
[463.100s][debug][gc,phases      ] GC(31)     Total                          Min: 0, Avg:  0.0, Max: 0, Diff: 0, Sum: 0, Workers: 4
[463.100s][debug][gc,phases      ] GC(31)   StringDedup Requests1 Weak     Min:  0.0, Avg:  0.0, Max:  0.0, Diff:  0.0, Sum:  0.0, Workers: 4
[463.100s][debug][gc,phases      ] GC(31)     Dead                           Min: 0, Avg:  0.0, Max: 0, Diff: 0, Sum: 0, Workers: 4
[463.100s][debug][gc,phases      ] GC(31)     Total                          Min: 0, Avg:  0.0, Max: 0, Diff: 0, Sum: 0, Workers: 4
[463.100s][debug][gc,phases      ] GC(31)   Weak JFR Old Object Samples    Min:  0.0, Avg:  0.0, Max:  0.0, Diff:  0.0, Sum:  0.0, Workers: 4
[463.100s][debug][gc,phases      ] GC(31)     Dead                           Min: 0, Avg:  0.0, Max: 0, Diff: 0, Sum: 0, Workers: 4
[463.100s][debug][gc,phases      ] GC(31)     Total                          Min: 0, Avg:  0.0, Max: 0, Diff: 0, Sum: 0, Workers: 4
[463.100s][debug][gc,phases      ] GC(31) Weak Processing 0.389ms
[463.100s][debug][gc,age         ] GC(31) Desired survivor size 289931264 bytes, new threshold 10 (max threshold 15)
[463.100s][info ][gc,heap        ] GC(31) PSYoungGen: 1485136K(1739776K)->75536K(1814016K) Eden: 1409536K(1409536K)->0K(1508352K) From: 75600K(330240K)->75536K(305664K)
[463.100s][info ][gc,heap        ] GC(31) ParOldGen: 385883K(516608K)->385883K(516608K)
[463.100s][info ][gc,metaspace   ] GC(31) Metaspace: 78731K(79744K)->78731K(79744K) NonClass: 67554K(68096K)->67554K(68096K) Class: 11177K(11648K)->11177K(11648K)
[463.100s][info ][gc             ] GC(31) Pause Young (Allocation Failure) 1827M->450M(2276M) 21.523ms
[463.100s][info ][gc,cpu         ] GC(31) User=0.07s Sys=0.00s Real=0.03s
[463.100s][info ][safepoint      ] Safepoint "ParallelGCFailedAllocation", Time since last: 7378555198 ns, Reaching safepoint: 103301 ns, At safepoint: 21601529 ns, Total: 21704830 ns
[464.284s][info ][safepoint      ] Safepoint "Cleanup", Time since last: 1184380500 ns, Reaching safepoint: 41200 ns, At safepoint: 2300 ns, Total: 43500 ns
[465.285s][info ][safepoint      ] Safepoint "Cleanup", Time since last: 1000101300 ns, Reaching safepoint: 39100 ns, At safepoint: 3300 ns, Total: 42400 ns
[467.285s][info ][safepoint      ] Safepoint "Cleanup", Time since last: 2000165712 ns, Reaching safepoint: 40500 ns, At safepoint: 2500 ns, Total: 43000 ns
[468.285s][info ][safepoint      ] Safepoint "Cleanup", Time since last: 1000093412 ns, Reaching safepoint: 38800 ns, At safepoint: 3400 ns, Total: 42200 ns
[472.045s][info ][safepoint      ] Safepoint "Cleanup", Time since last: 3760162540 ns, Reaching safepoint: 78701 ns, At safepoint: 2200 ns, Total: 80901 ns
[477.045s][info ][safepoint      ] Safepoint "Cleanup", Time since last: 5000316396 ns, Reaching safepoint: 46601 ns, At safepoint: 4100 ns, Total: 50701 ns
[479.046s][info ][safepoint      ] Safepoint "Cleanup", Time since last: 2000176807 ns, Reaching safepoint: 35500 ns, At safepoint: 3200 ns, Total: 38700 ns
[481.046s][info ][safepoint      ] Safepoint "Cleanup", Time since last: 2000172024 ns, Reaching safepoint: 36900 ns, At safepoint: 2200 ns, Total: 39100 ns
[488.046s][info ][safepoint      ] Safepoint "Cleanup", Time since last: 7000518557 ns, Reaching safepoint: 41200 ns, At safepoint: 3600 ns, Total: 44800 ns
[491.047s][info ][safepoint      ] Safepoint "Cleanup", Time since last: 3000245599 ns, Reaching safepoint: 34900 ns, At safepoint: 2300 ns, Total: 37200 ns
[495.047s][info ][safepoint      ] Safepoint "Cleanup", Time since last: 4000275052 ns, Reaching safepoint: 58901 ns, At safepoint: 6900 ns, Total: 65801 ns
[496.580s][info ][safepoint      ] Safepoint "Cleanup", Time since last: 1533009788 ns, Reaching safepoint: 123600 ns, At safepoint: 7700 ns, Total: 131300 ns
[501.530s][info ][safepoint      ] Safepoint "Cleanup", Time since last: 4949915273 ns, Reaching safepoint: 124101 ns, At safepoint: 8100 ns, Total: 132201 ns
[502.531s][info ][safepoint      ] Safepoint "Cleanup", Time since last: 1000120449 ns, Reaching safepoint: 129000 ns, At safepoint: 5800 ns, Total: 134800 ns
[503.531s][info ][safepoint      ] Safepoint "Cleanup", Time since last: 1000107553 ns, Reaching safepoint: 130400 ns, At safepoint: 6900 ns, Total: 137300 ns
[504.531s][info ][safepoint      ] Safepoint "Cleanup", Time since last: 1000132256 ns, Reaching safepoint: 119501 ns, At safepoint: 5200 ns, Total: 124701 ns
[508.531s][info ][safepoint      ] Safepoint "Cleanup", Time since last: 4000300661 ns, Reaching safepoint: 103201 ns, At safepoint: 8600 ns, Total: 111801 ns
[509.532s][info ][safepoint      ] Safepoint "Cleanup", Time since last: 1000110375 ns, Reaching safepoint: 109501 ns, At safepoint: 21200 ns, Total: 130701 ns
[511.532s][info ][safepoint      ] Safepoint "Cleanup", Time since last: 2000167561 ns, Reaching safepoint: 35300 ns, At safepoint: 3000 ns, Total: 38300 ns
[512.532s][info ][safepoint      ] Safepoint "Cleanup", Time since last: 1000105586 ns, Reaching safepoint: 134001 ns, At safepoint: 6000 ns, Total: 140001 ns
[513.532s][info ][safepoint      ] Safepoint "Cleanup", Time since last: 1000105690 ns, Reaching safepoint: 26600 ns, At safepoint: 2500 ns, Total: 29100 ns
[514.532s][info ][safepoint      ] Safepoint "Cleanup", Time since last: 1000077994 ns, Reaching safepoint: 27100 ns, At safepoint: 2400 ns, Total: 29500 ns
[515.533s][info ][safepoint      ] Safepoint "Cleanup", Time since last: 1000100098 ns, Reaching safepoint: 105900 ns, At safepoint: 5500 ns, Total: 111400 ns
[516.533s][info ][safepoint      ] Safepoint "Cleanup", Time since last: 1000102602 ns, Reaching safepoint: 41100 ns, At safepoint: 2000 ns, Total: 43100 ns
[520.533s][info ][safepoint      ] Safepoint "Cleanup", Time since last: 4000243842 ns, Reaching safepoint: 35400 ns, At safepoint: 3500 ns, Total: 38900 ns
[525.528s][info ][gc,start       ] GC(32) Pause Young (Allocation Failure)
[525.553s][debug][gc,phases      ] GC(32) Scavenge 24.249ms
[525.553s][debug][gc,ref         ] GC(32) Skipped phase 1 of Reference Processing: no references
[525.553s][debug][gc,ref         ] GC(32) ReferenceProcessor::execute queues: 1, RefProcThreadModel::Single, marks_oops_alive: false
[525.553s][debug][gc,ref         ] GC(32) Skipped phase 3 of Reference Processing: no references
[525.553s][debug][gc,ref         ] GC(32) ReferenceProcessor::execute queues: 1, RefProcThreadModel::Single, marks_oops_alive: false
[525.553s][debug][gc,phases      ] GC(32) Reference Processing 0.107ms
[525.553s][debug][gc,phases      ] GC(32)   VM Weak                        Min:  0.0, Avg:  0.0, Max:  0.0, Diff:  0.0, Sum:  0.0, Workers: 4
[525.553s][debug][gc,phases      ] GC(32)     Dead                           Min: 0, Avg:  0.0, Max: 0, Diff: 0, Sum: 0, Workers: 4
[525.553s][debug][gc,phases      ] GC(32)     Total                          Min: 0, Avg: 187.8, Max: 751, Diff: 751, Sum: 751, Workers: 4
[525.553s][debug][gc,phases      ] GC(32)   ObjectSynchronizer Weak        Min:  0.0, Avg:  0.0, Max:  0.0, Diff:  0.0, Sum:  0.0, Workers: 4
[525.553s][debug][gc,phases      ] GC(32)     Dead                           Min: 0, Avg:  0.0, Max: 0, Diff: 0, Sum: 0, Workers: 4
[525.553s][debug][gc,phases      ] GC(32)     Total                          Min: 0, Avg: 14.0, Max: 56, Diff: 56, Sum: 56, Workers: 4
[525.553s][debug][gc,phases      ] GC(32)   JVMTI Tag Weak OopStorage      Min:  0.0, Avg:  0.0, Max:  0.0, Diff:  0.0, Sum:  0.0, Workers: 4
[525.553s][debug][gc,phases      ] GC(32)     Dead                           Min: 0, Avg:  0.0, Max: 0, Diff: 0, Sum: 0, Workers: 4
[525.553s][debug][gc,phases      ] GC(32)     Total                          Min: 0, Avg:  0.0, Max: 0, Diff: 0, Sum: 0, Workers: 4
[525.553s][debug][gc,phases      ] GC(32)   StringTable Weak               Min:  0.0, Avg:  0.1, Max:  0.1, Diff:  0.1, Sum:  0.4, Workers: 4
[525.553s][debug][gc,phases      ] GC(32)     Dead                           Min: 0, Avg:  0.0, Max: 0, Diff: 0, Sum: 0, Workers: 4
[525.553s][debug][gc,phases      ] GC(32)     Total                          Min: 0, Avg: 10633.5, Max: 18598, Diff: 18598, Sum: 42534, Workers: 4
[525.553s][debug][gc,phases      ] GC(32)   ResolvedMethodTable Weak       Min:  0.0, Avg:  0.0, Max:  0.0, Diff:  0.0, Sum:  0.1, Workers: 4
[525.553s][debug][gc,phases      ] GC(32)     Dead                           Min: 0, Avg:  0.0, Max: 0, Diff: 0, Sum: 0, Workers: 4
[525.553s][debug][gc,phases      ] GC(32)     Total                          Min: 0, Avg: 2140.5, Max: 3058, Diff: 3058, Sum: 8562, Workers: 4
[525.553s][debug][gc,phases      ] GC(32)   JNI Weak                       Min:  0.0, Avg:  0.0, Max:  0.0, Diff:  0.0, Sum:  0.0, Workers: 4
[525.553s][debug][gc,phases      ] GC(32)     Dead                           Min: 0, Avg:  0.0, Max: 0, Diff: 0, Sum: 0, Workers: 4
[525.553s][debug][gc,phases      ] GC(32)     Total                          Min: 0, Avg: 11.2, Max: 45, Diff: 45, Sum: 45, Workers: 4
[525.553s][debug][gc,phases      ] GC(32)   StringDedup Table Weak         Min:  0.0, Avg:  0.0, Max:  0.0, Diff:  0.0, Sum:  0.0, Workers: 4
[525.553s][debug][gc,phases      ] GC(32)     Dead                           Min: 0, Avg:  0.0, Max: 0, Diff: 0, Sum: 0, Workers: 4
[525.553s][debug][gc,phases      ] GC(32)     Total                          Min: 0, Avg:  0.0, Max: 0, Diff: 0, Sum: 0, Workers: 4
[525.553s][debug][gc,phases      ] GC(32)   StringDedup Requests0 Weak     Min:  0.0, Avg:  0.0, Max:  0.0, Diff:  0.0, Sum:  0.0, Workers: 4
[525.553s][debug][gc,phases      ] GC(32)     Dead                           Min: 0, Avg:  0.0, Max: 0, Diff: 0, Sum: 0, Workers: 4
[525.553s][debug][gc,phases      ] GC(32)     Total                          Min: 0, Avg:  0.0, Max: 0, Diff: 0, Sum: 0, Workers: 4
[525.553s][debug][gc,phases      ] GC(32)   StringDedup Requests1 Weak     Min:  0.0, Avg:  0.0, Max:  0.0, Diff:  0.0, Sum:  0.0, Workers: 4
[525.553s][debug][gc,phases      ] GC(32)     Dead                           Min: 0, Avg:  0.0, Max: 0, Diff: 0, Sum: 0, Workers: 4
[525.553s][debug][gc,phases      ] GC(32)     Total                          Min: 0, Avg:  0.0, Max: 0, Diff: 0, Sum: 0, Workers: 4
[525.553s][debug][gc,phases      ] GC(32)   Weak JFR Old Object Samples    Min:  0.0, Avg:  0.0, Max:  0.0, Diff:  0.0, Sum:  0.0, Workers: 4
[525.553s][debug][gc,phases      ] GC(32)     Dead                           Min: 0, Avg:  0.0, Max: 0, Diff: 0, Sum: 0, Workers: 4
[525.553s][debug][gc,phases      ] GC(32)     Total                          Min: 0, Avg:  0.0, Max: 0, Diff: 0, Sum: 0, Workers: 4
[525.553s][debug][gc,phases      ] GC(32) Weak Processing 0.324ms
[525.553s][debug][gc,age         ] GC(32) Desired survivor size 269484032 bytes, new threshold 11 (max threshold 15)
[525.553s][info ][gc,heap        ] GC(32) PSYoungGen: 1583888K(1814016K)->75424K(1791488K) Eden: 1508352K(1508352K)->0K(1508352K) From: 75536K(305664K)->75424K(283136K)
[525.553s][info ][gc,heap        ] GC(32) ParOldGen: 385883K(516608K)->385883K(516608K)
[525.553s][info ][gc,metaspace   ] GC(32) Metaspace: 78769K(79744K)->78769K(79744K) NonClass: 67591K(68096K)->67591K(68096K) Class: 11177K(11648K)->11177K(11648K)
[525.553s][info ][gc             ] GC(32) Pause Young (Allocation Failure) 1923M->450M(2254M) 24.793ms
[525.553s][info ][gc,cpu         ] GC(32) User=0.07s Sys=0.01s Real=0.03s
[525.553s][info ][safepoint      ] Safepoint "ParallelGCFailedAllocation", Time since last: 4995262504 ns, Reaching safepoint: 97900 ns, At safepoint: 24867355 ns, Total: 24965255 ns
[527.553s][info ][safepoint      ] Safepoint "Cleanup", Time since last: 2000154481 ns, Reaching safepoint: 56600 ns, At safepoint: 10500 ns, Total: 67100 ns
[528.554s][info ][safepoint      ] Safepoint "Cleanup", Time since last: 1000064046 ns, Reaching safepoint: 27400 ns, At safepoint: 2400 ns, Total: 29800 ns
[529.554s][info ][safepoint      ] Safepoint "Cleanup", Time since last: 1000106449 ns, Reaching safepoint: 26900 ns, At safepoint: 3000 ns, Total: 29900 ns
[533.554s][info ][safepoint      ] Safepoint "Cleanup", Time since last: 4000296934 ns, Reaching safepoint: 34700 ns, At safepoint: 2800 ns, Total: 37500 ns
[534.554s][info ][safepoint      ] Safepoint "Cleanup", Time since last: 1000099468 ns, Reaching safepoint: 37200 ns, At safepoint: 2400 ns, Total: 39600 ns
[536.554s][info ][safepoint      ] Safepoint "Cleanup", Time since last: 2000185346 ns, Reaching safepoint: 37100 ns, At safepoint: 4300 ns, Total: 41400 ns
[539.555s][info ][safepoint      ] Safepoint "Cleanup", Time since last: 3000232445 ns, Reaching safepoint: 28301 ns, At safepoint: 3900 ns, Total: 32201 ns
[542.555s][info ][safepoint      ] Safepoint "Cleanup", Time since last: 3000230677 ns, Reaching safepoint: 39400 ns, At safepoint: 3000 ns, Total: 42400 ns
[546.555s][info ][safepoint      ] Safepoint "Cleanup", Time since last: 4000272820 ns, Reaching safepoint: 52500 ns, At safepoint: 3600 ns, Total: 56100 ns
[548.556s][info ][safepoint      ] Safepoint "Cleanup", Time since last: 2000186032 ns, Reaching safepoint: 42900 ns, At safepoint: 3700 ns, Total: 46600 ns
[554.556s][info ][safepoint      ] Safepoint "Cleanup", Time since last: 6000423077 ns, Reaching safepoint: 40800 ns, At safepoint: 21801 ns, Total: 62601 ns
[561.557s][info ][safepoint      ] Safepoint "Cleanup", Time since last: 7000460864 ns, Reaching safepoint: 45000 ns, At safepoint: 6800 ns, Total: 51800 ns
[562.557s][info ][safepoint      ] Safepoint "Cleanup", Time since last: 1000073266 ns, Reaching safepoint: 47400 ns, At safepoint: 3800 ns, Total: 51200 ns
[563.557s][info ][safepoint      ] Safepoint "Cleanup", Time since last: 1000102870 ns, Reaching safepoint: 30400 ns, At safepoint: 2900 ns, Total: 33300 ns
[566.557s][info ][safepoint      ] Safepoint "Cleanup", Time since last: 3000222028 ns, Reaching safepoint: 38000 ns, At safepoint: 2801 ns, Total: 40801 ns
[567.557s][info ][safepoint      ] Safepoint "Cleanup", Time since last: 1000094982 ns, Reaching safepoint: 41201 ns, At safepoint: 2900 ns, Total: 44101 ns
[568.557s][info ][safepoint      ] Safepoint "Cleanup", Time since last: 1000052886 ns, Reaching safepoint: 40100 ns, At safepoint: 4200 ns, Total: 44300 ns
[572.558s][info ][safepoint      ] Safepoint "Cleanup", Time since last: 4000289779 ns, Reaching safepoint: 33500 ns, At safepoint: 2400 ns, Total: 35900 ns
[577.634s][info ][gc,start       ] GC(33) Pause Young (Allocation Failure)
[577.658s][debug][gc,phases      ] GC(33) Scavenge 23.443ms
[577.658s][debug][gc,ref         ] GC(33) Skipped phase 1 of Reference Processing: no references
[577.658s][debug][gc,ref         ] GC(33) ReferenceProcessor::execute queues: 1, RefProcThreadModel::Single, marks_oops_alive: false
[577.658s][debug][gc,ref         ] GC(33) Skipped phase 3 of Reference Processing: no references
[577.658s][debug][gc,ref         ] GC(33) ReferenceProcessor::execute queues: 1, RefProcThreadModel::Single, marks_oops_alive: false
[577.658s][debug][gc,phases      ] GC(33) Reference Processing 0.132ms
[577.658s][debug][gc,phases      ] GC(33)   VM Weak                        Min:  0.0, Avg:  0.0, Max:  0.0, Diff:  0.0, Sum:  0.0, Workers: 4
[577.658s][debug][gc,phases      ] GC(33)     Dead                           Min: 0, Avg:  0.0, Max: 0, Diff: 0, Sum: 0, Workers: 4
[577.658s][debug][gc,phases      ] GC(33)     Total                          Min: 0, Avg: 187.8, Max: 512, Diff: 512, Sum: 751, Workers: 4
[577.658s][debug][gc,phases      ] GC(33)   ObjectSynchronizer Weak        Min:  0.0, Avg:  0.0, Max:  0.0, Diff:  0.0, Sum:  0.0, Workers: 4
[577.658s][debug][gc,phases      ] GC(33)     Dead                           Min: 0, Avg:  0.0, Max: 0, Diff: 0, Sum: 0, Workers: 4
[577.658s][debug][gc,phases      ] GC(33)     Total                          Min: 0, Avg: 14.0, Max: 56, Diff: 56, Sum: 56, Workers: 4
[577.658s][debug][gc,phases      ] GC(33)   JVMTI Tag Weak OopStorage      Min:  0.0, Avg:  0.0, Max:  0.0, Diff:  0.0, Sum:  0.0, Workers: 4
[577.658s][debug][gc,phases      ] GC(33)     Dead                           Min: 0, Avg:  0.0, Max: 0, Diff: 0, Sum: 0, Workers: 4
[577.658s][debug][gc,phases      ] GC(33)     Total                          Min: 0, Avg:  0.0, Max: 0, Diff: 0, Sum: 0, Workers: 4
[577.658s][debug][gc,phases      ] GC(33)   StringTable Weak               Min:  0.0, Avg:  0.1, Max:  0.1, Diff:  0.1, Sum:  0.4, Workers: 4
[577.658s][debug][gc,phases      ] GC(33)     Dead                           Min: 0, Avg:  0.5, Max: 2, Diff: 2, Sum: 2, Workers: 4
[577.658s][debug][gc,phases      ] GC(33)     Total                          Min: 0, Avg: 10635.8, Max: 16894, Diff: 16894, Sum: 42543, Workers: 4
[577.658s][debug][gc,phases      ] GC(33)   ResolvedMethodTable Weak       Min:  0.0, Avg:  0.0, Max:  0.0, Diff:  0.0, Sum:  0.1, Workers: 4
[577.658s][debug][gc,phases      ] GC(33)     Dead                           Min: 0, Avg:  0.0, Max: 0, Diff: 0, Sum: 0, Workers: 4
[577.658s][debug][gc,phases      ] GC(33)     Total                          Min: 0, Avg: 2144.5, Max: 3456, Diff: 3456, Sum: 8578, Workers: 4
[577.658s][debug][gc,phases      ] GC(33)   JNI Weak                       Min:  0.0, Avg:  0.0, Max:  0.0, Diff:  0.0, Sum:  0.0, Workers: 4
[577.658s][debug][gc,phases      ] GC(33)     Dead                           Min: 0, Avg:  0.0, Max: 0, Diff: 0, Sum: 0, Workers: 4
[577.658s][debug][gc,phases      ] GC(33)     Total                          Min: 0, Avg: 11.2, Max: 45, Diff: 45, Sum: 45, Workers: 4
[577.658s][debug][gc,phases      ] GC(33)   StringDedup Table Weak         Min:  0.0, Avg:  0.0, Max:  0.0, Diff:  0.0, Sum:  0.0, Workers: 4
[577.658s][debug][gc,phases      ] GC(33)     Dead                           Min: 0, Avg:  0.0, Max: 0, Diff: 0, Sum: 0, Workers: 4
[577.658s][debug][gc,phases      ] GC(33)     Total                          Min: 0, Avg:  0.0, Max: 0, Diff: 0, Sum: 0, Workers: 4
[577.658s][debug][gc,phases      ] GC(33)   StringDedup Requests0 Weak     Min:  0.0, Avg:  0.0, Max:  0.0, Diff:  0.0, Sum:  0.0, Workers: 4
[577.658s][debug][gc,phases      ] GC(33)     Dead                           Min: 0, Avg:  0.0, Max: 0, Diff: 0, Sum: 0, Workers: 4
[577.658s][debug][gc,phases      ] GC(33)     Total                          Min: 0, Avg:  0.0, Max: 0, Diff: 0, Sum: 0, Workers: 4
[577.658s][debug][gc,phases      ] GC(33)   StringDedup Requests1 Weak     Min:  0.0, Avg:  0.0, Max:  0.0, Diff:  0.0, Sum:  0.0, Workers: 4
[577.658s][debug][gc,phases      ] GC(33)     Dead                           Min: 0, Avg:  0.0, Max: 0, Diff: 0, Sum: 0, Workers: 4
[577.658s][debug][gc,phases      ] GC(33)     Total                          Min: 0, Avg:  0.0, Max: 0, Diff: 0, Sum: 0, Workers: 4
[577.658s][debug][gc,phases      ] GC(33)   Weak JFR Old Object Samples    Min:  0.0, Avg:  0.0, Max:  0.0, Diff:  0.0, Sum:  0.0, Workers: 4
[577.658s][debug][gc,phases      ] GC(33)     Dead                           Min: 0, Avg:  0.0, Max: 0, Diff: 0, Sum: 0, Workers: 4
[577.658s][debug][gc,phases      ] GC(33)     Total                          Min: 0, Avg:  0.0, Max: 0, Diff: 0, Sum: 0, Workers: 4
[577.658s][debug][gc,phases      ] GC(33) Weak Processing 0.332ms
[577.658s][debug][gc,age         ] GC(33) Desired survivor size 251133952 bytes, new threshold 12 (max threshold 15)
[577.658s][info ][gc,heap        ] GC(33) PSYoungGen: 1583776K(1791488K)->75728K(1851904K) Eden: 1508352K(1508352K)->0K(1588736K) From: 75424K(283136K)->75728K(263168K)
[577.658s][info ][gc,heap        ] GC(33) ParOldGen: 385883K(516608K)->385883K(516608K)
[577.658s][info ][gc,metaspace   ] GC(33) Metaspace: 78815K(79808K)->78815K(79808K) NonClass: 67630K(68160K)->67630K(68160K) Class: 11184K(11648K)->11184K(11648K)
[577.658s][info ][gc             ] GC(33) Pause Young (Allocation Failure) 1923M->450M(2313M) 24.022ms
[577.658s][info ][gc,cpu         ] GC(33) User=0.08s Sys=0.00s Real=0.02s
[577.659s][info ][safepoint      ] Safepoint "ParallelGCFailedAllocation", Time since last: 5076793039 ns, Reaching safepoint: 32300 ns, At safepoint: 24089455 ns, Total: 24121755 ns
[581.659s][info ][safepoint      ] Safepoint "Cleanup", Time since last: 4000274700 ns, Reaching safepoint: 45100 ns, At safepoint: 3900 ns, Total: 49000 ns
[584.659s][info ][safepoint      ] Safepoint "Cleanup", Time since last: 3000200910 ns, Reaching safepoint: 44300 ns, At safepoint: 35300 ns, Total: 79600 ns
[586.659s][info ][safepoint      ] Safepoint "Cleanup", Time since last: 2000154690 ns, Reaching safepoint: 31700 ns, At safepoint: 2800 ns, Total: 34500 ns
[594.660s][info ][safepoint      ] Safepoint "Cleanup", Time since last: 8000523287 ns, Reaching safepoint: 25900 ns, At safepoint: 2300 ns, Total: 28200 ns
[597.660s][info ][safepoint      ] Safepoint "Cleanup", Time since last: 3000236537 ns, Reaching safepoint: 27700 ns, At safepoint: 2300 ns, Total: 30000 ns
[598.660s][info ][safepoint      ] Safepoint "Cleanup", Time since last: 1000105185 ns, Reaching safepoint: 52800 ns, At safepoint: 7100 ns, Total: 59900 ns
[601.660s][info ][safepoint      ] Safepoint "Cleanup", Time since last: 3000180774 ns, Reaching safepoint: 23901 ns, At safepoint: 2100 ns, Total: 26001 ns
[603.661s][info ][safepoint      ] Safepoint "Cleanup", Time since last: 2000110798 ns, Reaching safepoint: 25900 ns, At safepoint: 2600 ns, Total: 28500 ns
[615.661s][info ][safepoint      ] Safepoint "Cleanup", Time since last: 12000797055 ns, Reaching safepoint: 28600 ns, At safepoint: 23500 ns, Total: 52100 ns
[617.662s][info ][safepoint      ] Safepoint "Cleanup", Time since last: 2000134786 ns, Reaching safepoint: 75001 ns, At safepoint: 2200 ns, Total: 77201 ns
[619.662s][info ][safepoint      ] Safepoint "Cleanup", Time since last: 2000141598 ns, Reaching safepoint: 52400 ns, At safepoint: 3500 ns, Total: 55900 ns
[624.662s][info ][safepoint      ] Safepoint "Cleanup", Time since last: 5000313699 ns, Reaching safepoint: 39400 ns, At safepoint: 3900 ns, Total: 43300 ns
[628.663s][info ][safepoint      ] Safepoint "Cleanup", Time since last: 4000230493 ns, Reaching safepoint: 25600 ns, At safepoint: 2300 ns, Total: 27900 ns
[630.663s][info ][safepoint      ] Safepoint "Cleanup", Time since last: 2000158065 ns, Reaching safepoint: 40301 ns, At safepoint: 2900 ns, Total: 43201 ns
[631.663s][info ][safepoint      ] Safepoint "Cleanup", Time since last: 1000062386 ns, Reaching safepoint: 27801 ns, At safepoint: 2300 ns, Total: 30101 ns
[632.279s][info ][gc,start       ] GC(34) Pause Young (Allocation Failure)
[632.299s][debug][gc,phases      ] GC(34) Scavenge 19.849ms
[632.299s][debug][gc,ref         ] GC(34) Skipped phase 1 of Reference Processing: no references
[632.299s][debug][gc,ref         ] GC(34) ReferenceProcessor::execute queues: 1, RefProcThreadModel::Single, marks_oops_alive: false
[632.299s][debug][gc,ref         ] GC(34) Skipped phase 3 of Reference Processing: no references
[632.299s][debug][gc,ref         ] GC(34) ReferenceProcessor::execute queues: 1, RefProcThreadModel::Single, marks_oops_alive: false
[632.299s][debug][gc,phases      ] GC(34) Reference Processing 0.115ms
[632.299s][debug][gc,phases      ] GC(34)   VM Weak                        Min:  0.0, Avg:  0.0, Max:  0.0, Diff:  0.0, Sum:  0.0, Workers: 4
[632.299s][debug][gc,phases      ] GC(34)     Dead                           Min: 0, Avg:  0.0, Max: 0, Diff: 0, Sum: 0, Workers: 4
[632.299s][debug][gc,phases      ] GC(34)     Total                          Min: 0, Avg: 187.8, Max: 512, Diff: 512, Sum: 751, Workers: 4
[632.299s][debug][gc,phases      ] GC(34)   ObjectSynchronizer Weak        Min:  0.0, Avg:  0.0, Max:  0.0, Diff:  0.0, Sum:  0.0, Workers: 4
[632.299s][debug][gc,phases      ] GC(34)     Dead                           Min: 0, Avg:  0.8, Max: 3, Diff: 3, Sum: 3, Workers: 4
[632.299s][debug][gc,phases      ] GC(34)     Total                          Min: 0, Avg: 14.8, Max: 59, Diff: 59, Sum: 59, Workers: 4
[632.299s][debug][gc,phases      ] GC(34)   JVMTI Tag Weak OopStorage      Min:  0.0, Avg:  0.0, Max:  0.0, Diff:  0.0, Sum:  0.0, Workers: 4
[632.299s][debug][gc,phases      ] GC(34)     Dead                           Min: 0, Avg:  0.0, Max: 0, Diff: 0, Sum: 0, Workers: 4
[632.299s][debug][gc,phases      ] GC(34)     Total                          Min: 0, Avg:  0.0, Max: 0, Diff: 0, Sum: 0, Workers: 4
[632.299s][debug][gc,phases      ] GC(34)   StringTable Weak               Min:  0.0, Avg:  0.1, Max:  0.1, Diff:  0.1, Sum:  0.4, Workers: 4
[632.299s][debug][gc,phases      ] GC(34)     Dead                           Min: 0, Avg:  0.2, Max: 1, Diff: 1, Sum: 1, Workers: 4
[632.299s][debug][gc,phases      ] GC(34)     Total                          Min: 0, Avg: 10640.2, Max: 14465, Diff: 14465, Sum: 42561, Workers: 4
[632.299s][debug][gc,phases      ] GC(34)   ResolvedMethodTable Weak       Min:  0.0, Avg:  0.0, Max:  0.0, Diff:  0.0, Sum:  0.1, Workers: 4
[632.299s][debug][gc,phases      ] GC(34)     Dead                           Min: 0, Avg:  0.0, Max: 0, Diff: 0, Sum: 0, Workers: 4
[632.299s][debug][gc,phases      ] GC(34)     Total                          Min: 0, Avg: 2146.0, Max: 2952, Diff: 2952, Sum: 8584, Workers: 4
[632.299s][debug][gc,phases      ] GC(34)   JNI Weak                       Min:  0.0, Avg:  0.0, Max:  0.0, Diff:  0.0, Sum:  0.0, Workers: 4
[632.299s][debug][gc,phases      ] GC(34)     Dead                           Min: 0, Avg:  0.0, Max: 0, Diff: 0, Sum: 0, Workers: 4
[632.299s][debug][gc,phases      ] GC(34)     Total                          Min: 0, Avg: 11.2, Max: 45, Diff: 45, Sum: 45, Workers: 4
[632.299s][debug][gc,phases      ] GC(34)   StringDedup Table Weak         Min:  0.0, Avg:  0.0, Max:  0.0, Diff:  0.0, Sum:  0.0, Workers: 4
[632.299s][debug][gc,phases      ] GC(34)     Dead                           Min: 0, Avg:  0.0, Max: 0, Diff: 0, Sum: 0, Workers: 4
[632.299s][debug][gc,phases      ] GC(34)     Total                          Min: 0, Avg:  0.0, Max: 0, Diff: 0, Sum: 0, Workers: 4
[632.299s][debug][gc,phases      ] GC(34)   StringDedup Requests0 Weak     Min:  0.0, Avg:  0.0, Max:  0.0, Diff:  0.0, Sum:  0.0, Workers: 4
[632.299s][debug][gc,phases      ] GC(34)     Dead                           Min: 0, Avg:  0.0, Max: 0, Diff: 0, Sum: 0, Workers: 4
[632.299s][debug][gc,phases      ] GC(34)     Total                          Min: 0, Avg:  0.0, Max: 0, Diff: 0, Sum: 0, Workers: 4
[632.299s][debug][gc,phases      ] GC(34)   StringDedup Requests1 Weak     Min:  0.0, Avg:  0.0, Max:  0.0, Diff:  0.0, Sum:  0.0, Workers: 4
[632.299s][debug][gc,phases      ] GC(34)     Dead                           Min: 0, Avg:  0.0, Max: 0, Diff: 0, Sum: 0, Workers: 4
[632.299s][debug][gc,phases      ] GC(34)     Total                          Min: 0, Avg:  0.0, Max: 0, Diff: 0, Sum: 0, Workers: 4
[632.299s][debug][gc,phases      ] GC(34)   Weak JFR Old Object Samples    Min:  0.0, Avg:  0.0, Max:  0.0, Diff:  0.0, Sum:  0.0, Workers: 4
[632.299s][debug][gc,phases      ] GC(34)     Dead                           Min: 0, Avg:  0.0, Max: 0, Diff: 0, Sum: 0, Workers: 4
[632.299s][debug][gc,phases      ] GC(34)     Total                          Min: 0, Avg:  0.0, Max: 0, Diff: 0, Sum: 0, Workers: 4
[632.299s][debug][gc,phases      ] GC(34) Weak Processing 0.344ms
[632.299s][debug][gc,age         ] GC(34) Desired survivor size 234356736 bytes, new threshold 13 (max threshold 15)
[632.299s][info ][gc,heap        ] GC(34) PSYoungGen: 1664464K(1851904K)->75600K(1833984K) Eden: 1588736K(1588736K)->0K(1588736K) From: 75728K(263168K)->75600K(245248K)
[632.299s][info ][gc,heap        ] GC(34) ParOldGen: 385883K(516608K)->385883K(516608K)
[632.299s][info ][gc,metaspace   ] GC(34) Metaspace: 78866K(79872K)->78866K(79872K) NonClass: 67674K(68224K)->67674K(68224K) Class: 11191K(11648K)->11191K(11648K)
[632.299s][info ][gc             ] GC(34) Pause Young (Allocation Failure) 2002M->450M(2295M) 20.433ms
[632.299s][info ][gc,cpu         ] GC(34) User=0.07s Sys=0.00s Real=0.02s
[632.299s][info ][safepoint      ] Safepoint "ParallelGCFailedAllocation", Time since last: 615939358 ns, Reaching safepoint: 29800 ns, At safepoint: 20497235 ns, Total: 20527035 ns
[635.300s][info ][safepoint      ] Safepoint "Cleanup", Time since last: 3000223884 ns, Reaching safepoint: 42801 ns, At safepoint: 2700 ns, Total: 45501 ns
[637.300s][info ][safepoint      ] Safepoint "Cleanup", Time since last: 2000175804 ns, Reaching safepoint: 38301 ns, At safepoint: 4100 ns, Total: 42401 ns
[640.300s][info ][safepoint      ] Safepoint "Cleanup", Time since last: 3000234128 ns, Reaching safepoint: 35301 ns, At safepoint: 2900 ns, Total: 38201 ns
[646.301s][info ][safepoint      ] Safepoint "Cleanup", Time since last: 6000434736 ns, Reaching safepoint: 41300 ns, At safepoint: 2800 ns, Total: 44100 ns
[648.301s][info ][safepoint      ] Safepoint "Cleanup", Time since last: 2000190169 ns, Reaching safepoint: 39401 ns, At safepoint: 2500 ns, Total: 41901 ns
[650.301s][info ][safepoint      ] Safepoint "Cleanup", Time since last: 2000180580 ns, Reaching safepoint: 46801 ns, At safepoint: 4700 ns, Total: 51501 ns
[651.301s][info ][safepoint      ] Safepoint "Cleanup", Time since last: 1000110944 ns, Reaching safepoint: 48401 ns, At safepoint: 2500 ns, Total: 50901 ns
[652.301s][info ][safepoint      ] Safepoint "Cleanup", Time since last: 1000077347 ns, Reaching safepoint: 43300 ns, At safepoint: 3700 ns, Total: 47000 ns
[654.301s][info ][safepoint      ] Safepoint "Cleanup", Time since last: 2000177004 ns, Reaching safepoint: 45700 ns, At safepoint: 6800 ns, Total: 52500 ns
[659.302s][info ][safepoint      ] Safepoint "Cleanup", Time since last: 5000352108 ns, Reaching safepoint: 40300 ns, At safepoint: 2300 ns, Total: 42600 ns
[660.302s][info ][safepoint      ] Safepoint "Cleanup", Time since last: 1000103371 ns, Reaching safepoint: 54800 ns, At safepoint: 3900 ns, Total: 58700 ns
[666.303s][info ][safepoint      ] Safepoint "Cleanup", Time since last: 6000423280 ns, Reaching safepoint: 39700 ns, At safepoint: 2800 ns, Total: 42500 ns
[667.303s][info ][safepoint      ] Safepoint "Cleanup", Time since last: 1000111490 ns, Reaching safepoint: 36200 ns, At safepoint: 3100 ns, Total: 39300 ns
[668.303s][info ][safepoint      ] Safepoint "Cleanup", Time since last: 1000116493 ns, Reaching safepoint: 52001 ns, At safepoint: 4000 ns, Total: 56001 ns
[673.303s][info ][safepoint      ] Safepoint "Cleanup", Time since last: 5000402104 ns, Reaching safepoint: 44500 ns, At safepoint: 7001 ns, Total: 51501 ns
[680.304s][info ][safepoint      ] Safepoint "Cleanup", Time since last: 7000469821 ns, Reaching safepoint: 56700 ns, At safepoint: 7500 ns, Total: 64200 ns
[682.304s][info ][safepoint      ] Safepoint "Cleanup", Time since last: 2000172360 ns, Reaching safepoint: 41300 ns, At safepoint: 3300 ns, Total: 44600 ns
[683.304s][info ][safepoint      ] Safepoint "Cleanup", Time since last: 1000103334 ns, Reaching safepoint: 28700 ns, At safepoint: 2900 ns, Total: 31600 ns
[684.304s][info ][safepoint      ] Safepoint "Cleanup", Time since last: 1000106137 ns, Reaching safepoint: 26000 ns, At safepoint: 2900 ns, Total: 28900 ns
[684.428s][info ][gc,start       ] GC(35) Pause Young (Allocation Failure)
[684.448s][debug][gc,phases      ] GC(35) Scavenge 20.354ms
[684.448s][debug][gc,ref         ] GC(35) Skipped phase 1 of Reference Processing: no references
[684.448s][debug][gc,ref         ] GC(35) ReferenceProcessor::execute queues: 1, RefProcThreadModel::Single, marks_oops_alive: false
[684.448s][debug][gc,ref         ] GC(35) Skipped phase 3 of Reference Processing: no references
[684.448s][debug][gc,ref         ] GC(35) ReferenceProcessor::execute queues: 1, RefProcThreadModel::Single, marks_oops_alive: false
[684.448s][debug][gc,phases      ] GC(35) Reference Processing 0.151ms
[684.449s][debug][gc,phases      ] GC(35)   VM Weak                        Min:  0.0, Avg:  0.0, Max:  0.0, Diff:  0.0, Sum:  0.0, Workers: 4
[684.449s][debug][gc,phases      ] GC(35)     Dead                           Min: 0, Avg:  0.0, Max: 0, Diff: 0, Sum: 0, Workers: 4
[684.449s][debug][gc,phases      ] GC(35)     Total                          Min: 0, Avg: 187.8, Max: 751, Diff: 751, Sum: 751, Workers: 4
[684.449s][debug][gc,phases      ] GC(35)   ObjectSynchronizer Weak        Min:  0.0, Avg:  0.0, Max:  0.0, Diff:  0.0, Sum:  0.0, Workers: 4
[684.449s][debug][gc,phases      ] GC(35)     Dead                           Min: 0, Avg:  0.0, Max: 0, Diff: 0, Sum: 0, Workers: 4
[684.449s][debug][gc,phases      ] GC(35)     Total                          Min: 0, Avg: 14.8, Max: 59, Diff: 59, Sum: 59, Workers: 4
[684.449s][debug][gc,phases      ] GC(35)   JVMTI Tag Weak OopStorage      Min:  0.0, Avg:  0.0, Max:  0.0, Diff:  0.0, Sum:  0.0, Workers: 4
[684.449s][debug][gc,phases      ] GC(35)     Dead                           Min: 0, Avg:  0.0, Max: 0, Diff: 0, Sum: 0, Workers: 4
[684.449s][debug][gc,phases      ] GC(35)     Total                          Min: 0, Avg:  0.0, Max: 0, Diff: 0, Sum: 0, Workers: 4
[684.449s][debug][gc,phases      ] GC(35)   StringTable Weak               Min:  0.0, Avg:  0.1, Max:  0.1, Diff:  0.1, Sum:  0.4, Workers: 4
[684.449s][debug][gc,phases      ] GC(35)     Dead                           Min: 0, Avg:  0.0, Max: 0, Diff: 0, Sum: 0, Workers: 4
[684.449s][debug][gc,phases      ] GC(35)     Total                          Min: 0, Avg: 10641.8, Max: 14272, Diff: 14272, Sum: 42567, Workers: 4
[684.449s][debug][gc,phases      ] GC(35)   ResolvedMethodTable Weak       Min:  0.0, Avg:  0.0, Max:  0.0, Diff:  0.0, Sum:  0.1, Workers: 4
[684.449s][debug][gc,phases      ] GC(35)     Dead                           Min: 0, Avg:  0.0, Max: 0, Diff: 0, Sum: 0, Workers: 4
[684.449s][debug][gc,phases      ] GC(35)     Total                          Min: 0, Avg: 2146.0, Max: 2944, Diff: 2944, Sum: 8584, Workers: 4
[684.449s][debug][gc,phases      ] GC(35)   JNI Weak                       Min:  0.0, Avg:  0.0, Max:  0.0, Diff:  0.0, Sum:  0.0, Workers: 4
[684.449s][debug][gc,phases      ] GC(35)     Dead                           Min: 0, Avg:  0.0, Max: 0, Diff: 0, Sum: 0, Workers: 4
[684.449s][debug][gc,phases      ] GC(35)     Total                          Min: 0, Avg: 11.2, Max: 45, Diff: 45, Sum: 45, Workers: 4
[684.449s][debug][gc,phases      ] GC(35)   StringDedup Table Weak         Min:  0.0, Avg:  0.0, Max:  0.0, Diff:  0.0, Sum:  0.0, Workers: 4
[684.449s][debug][gc,phases      ] GC(35)     Dead                           Min: 0, Avg:  0.0, Max: 0, Diff: 0, Sum: 0, Workers: 4
[684.449s][debug][gc,phases      ] GC(35)     Total                          Min: 0, Avg:  0.0, Max: 0, Diff: 0, Sum: 0, Workers: 4
[684.449s][debug][gc,phases      ] GC(35)   StringDedup Requests0 Weak     Min:  0.0, Avg:  0.0, Max:  0.0, Diff:  0.0, Sum:  0.0, Workers: 4
[684.449s][debug][gc,phases      ] GC(35)     Dead                           Min: 0, Avg:  0.0, Max: 0, Diff: 0, Sum: 0, Workers: 4
[684.449s][debug][gc,phases      ] GC(35)     Total                          Min: 0, Avg:  0.0, Max: 0, Diff: 0, Sum: 0, Workers: 4
[684.449s][debug][gc,phases      ] GC(35)   StringDedup Requests1 Weak     Min:  0.0, Avg:  0.0, Max:  0.0, Diff:  0.0, Sum:  0.0, Workers: 4
[684.449s][debug][gc,phases      ] GC(35)     Dead                           Min: 0, Avg:  0.0, Max: 0, Diff: 0, Sum: 0, Workers: 4
[684.449s][debug][gc,phases      ] GC(35)     Total                          Min: 0, Avg:  0.0, Max: 0, Diff: 0, Sum: 0, Workers: 4
[684.449s][debug][gc,phases      ] GC(35)   Weak JFR Old Object Samples    Min:  0.0, Avg:  0.0, Max:  0.0, Diff:  0.0, Sum:  0.0, Workers: 4
[684.449s][debug][gc,phases      ] GC(35)     Dead                           Min: 0, Avg:  0.0, Max: 0, Diff: 0, Sum: 0, Workers: 4
[684.449s][debug][gc,phases      ] GC(35)     Total                          Min: 0, Avg:  0.0, Max: 0, Diff: 0, Sum: 0, Workers: 4
[684.449s][debug][gc,phases      ] GC(35) Weak Processing 0.434ms
[684.449s][debug][gc,age         ] GC(35) Desired survivor size 219152384 bytes, new threshold 14 (max threshold 15)
[684.449s][info ][gc,heap        ] GC(35) PSYoungGen: 1664336K(1833984K)->75664K(1883136K) Eden: 1588736K(1588736K)->0K(1654272K) From: 75600K(245248K)->75664K(228864K)
[684.449s][info ][gc,heap        ] GC(35) ParOldGen: 385883K(516608K)->385891K(516608K)
[684.449s][info ][gc,metaspace   ] GC(35) Metaspace: 78922K(79872K)->78922K(79872K) NonClass: 67730K(68224K)->67730K(68224K) Class: 11191K(11648K)->11191K(11648K)
[684.449s][info ][gc             ] GC(35) Pause Young (Allocation Failure) 2002M->450M(2343M) 21.085ms
[684.449s][info ][gc,cpu         ] GC(35) User=0.07s Sys=0.00s Real=0.02s
[684.449s][info ][safepoint      ] Safepoint "ParallelGCFailedAllocation", Time since last: 123515332 ns, Reaching safepoint: 40200 ns, At safepoint: 21172843 ns, Total: 21213043 ns
[685.449s][info ][safepoint      ] Safepoint "Cleanup", Time since last: 1000098940 ns, Reaching safepoint: 50300 ns, At safepoint: 3000 ns, Total: 53300 ns
[689.450s][info ][safepoint      ] Safepoint "Cleanup", Time since last: 4000278084 ns, Reaching safepoint: 45601 ns, At safepoint: 10600 ns, Total: 56201 ns
[699.450s][info ][safepoint      ] Safepoint "Cleanup", Time since last: 10000677847 ns, Reaching safepoint: 34600 ns, At safepoint: 6900 ns, Total: 41500 ns
[700.450s][info ][safepoint      ] Safepoint "Cleanup", Time since last: 1000108680 ns, Reaching safepoint: 38700 ns, At safepoint: 8700 ns, Total: 47400 ns
[701.451s][info ][safepoint      ] Safepoint "Cleanup", Time since last: 1000113982 ns, Reaching safepoint: 42300 ns, At safepoint: 2700 ns, Total: 45000 ns
[702.451s][info ][safepoint      ] Safepoint "Cleanup", Time since last: 1000063985 ns, Reaching safepoint: 33400 ns, At safepoint: 2000 ns, Total: 35400 ns
[704.451s][info ][safepoint      ] Safepoint "Cleanup", Time since last: 2000164977 ns, Reaching safepoint: 41000 ns, At safepoint: 3200 ns, Total: 44200 ns
[708.451s][info ][safepoint      ] Safepoint "Cleanup", Time since last: 4000262884 ns, Reaching safepoint: 24500 ns, At safepoint: 2400 ns, Total: 26900 ns
[712.452s][info ][safepoint      ] Safepoint "Cleanup", Time since last: 4000336426 ns, Reaching safepoint: 37000 ns, At safepoint: 2500 ns, Total: 39500 ns
[713.452s][info ][safepoint      ] Safepoint "Cleanup", Time since last: 1000116813 ns, Reaching safepoint: 35901 ns, At safepoint: 2800 ns, Total: 38701 ns
[716.452s][info ][safepoint      ] Safepoint "Cleanup", Time since last: 3000242553 ns, Reaching safepoint: 34500 ns, At safepoint: 2501 ns, Total: 37001 ns
[723.452s][info ][safepoint      ] Safepoint "Cleanup", Time since last: 7000459612 ns, Reaching safepoint: 31200 ns, At safepoint: 2400 ns, Total: 33600 ns
[724.453s][info ][safepoint      ] Safepoint "Cleanup", Time since last: 1000098441 ns, Reaching safepoint: 44500 ns, At safepoint: 3500 ns, Total: 48000 ns
[727.453s][info ][safepoint      ] Safepoint "Cleanup", Time since last: 3000241237 ns, Reaching safepoint: 33400 ns, At safepoint: 3100 ns, Total: 36500 ns
[728.953s][info ][safepoint      ] Safepoint "Cleanup", Time since last: 1499998576 ns, Reaching safepoint: 127701 ns, At safepoint: 10300 ns, Total: 138001 ns
[729.953s][info ][safepoint      ] Safepoint "Cleanup", Time since last: 1000098054 ns, Reaching safepoint: 65100 ns, At safepoint: 2800 ns, Total: 67900 ns
[730.953s][info ][safepoint      ] Safepoint "Cleanup", Time since last: 1000099757 ns, Reaching safepoint: 43000 ns, At safepoint: 5200 ns, Total: 48200 ns
[731.953s][info ][safepoint      ] Safepoint "Cleanup", Time since last: 1000108060 ns, Reaching safepoint: 46100 ns, At safepoint: 4500 ns, Total: 50600 ns
[733.954s][info ][safepoint      ] Safepoint "Cleanup", Time since last: 2000177326 ns, Reaching safepoint: 41900 ns, At safepoint: 2500 ns, Total: 44400 ns
[737.278s][info ][gc,start       ] GC(36) Pause Young (Allocation Failure)
[737.297s][debug][gc,phases      ] GC(36) Scavenge 18.857ms
[737.297s][debug][gc,ref         ] GC(36) Skipped phase 1 of Reference Processing: no references
[737.297s][debug][gc,ref         ] GC(36) ReferenceProcessor::execute queues: 1, RefProcThreadModel::Single, marks_oops_alive: false
[737.297s][debug][gc,ref         ] GC(36) Skipped phase 3 of Reference Processing: no references
[737.297s][debug][gc,ref         ] GC(36) ReferenceProcessor::execute queues: 1, RefProcThreadModel::Single, marks_oops_alive: false
[737.297s][debug][gc,phases      ] GC(36) Reference Processing 0.105ms
[737.297s][debug][gc,phases      ] GC(36)   VM Weak                        Min:  0.0, Avg:  0.0, Max:  0.0, Diff:  0.0, Sum:  0.0, Workers: 4
[737.297s][debug][gc,phases      ] GC(36)     Dead                           Min: 0, Avg:  0.0, Max: 0, Diff: 0, Sum: 0, Workers: 4
[737.297s][debug][gc,phases      ] GC(36)     Total                          Min: 0, Avg: 187.8, Max: 431, Diff: 431, Sum: 751, Workers: 4
[737.297s][debug][gc,phases      ] GC(36)   ObjectSynchronizer Weak        Min:  0.0, Avg:  0.0, Max:  0.0, Diff:  0.0, Sum:  0.0, Workers: 4
[737.297s][debug][gc,phases      ] GC(36)     Dead                           Min: 0, Avg:  0.0, Max: 0, Diff: 0, Sum: 0, Workers: 4
[737.297s][debug][gc,phases      ] GC(36)     Total                          Min: 0, Avg: 14.8, Max: 59, Diff: 59, Sum: 59, Workers: 4
[737.297s][debug][gc,phases      ] GC(36)   JVMTI Tag Weak OopStorage      Min:  0.0, Avg:  0.0, Max:  0.0, Diff:  0.0, Sum:  0.0, Workers: 4
[737.297s][debug][gc,phases      ] GC(36)     Dead                           Min: 0, Avg:  0.0, Max: 0, Diff: 0, Sum: 0, Workers: 4
[737.297s][debug][gc,phases      ] GC(36)     Total                          Min: 0, Avg:  0.0, Max: 0, Diff: 0, Sum: 0, Workers: 4
[737.297s][debug][gc,phases      ] GC(36)   StringTable Weak               Min:  0.0, Avg:  0.1, Max:  0.1, Diff:  0.1, Sum:  0.4, Workers: 4
[737.297s][debug][gc,phases      ] GC(36)     Dead                           Min: 0, Avg:  0.0, Max: 0, Diff: 0, Sum: 0, Workers: 4
[737.297s][debug][gc,phases      ] GC(36)     Total                          Min: 0, Avg: 10643.0, Max: 15040, Diff: 15040, Sum: 42572, Workers: 4
[737.297s][debug][gc,phases      ] GC(36)   ResolvedMethodTable Weak       Min:  0.0, Avg:  0.0, Max:  0.0, Diff:  0.0, Sum:  0.1, Workers: 4
[737.297s][debug][gc,phases      ] GC(36)     Dead                           Min: 0, Avg:  0.0, Max: 0, Diff: 0, Sum: 0, Workers: 4
[737.297s][debug][gc,phases      ] GC(36)     Total                          Min: 0, Avg: 2146.0, Max: 2952, Diff: 2952, Sum: 8584, Workers: 4
[737.297s][debug][gc,phases      ] GC(36)   JNI Weak                       Min:  0.0, Avg:  0.0, Max:  0.0, Diff:  0.0, Sum:  0.0, Workers: 4
[737.297s][debug][gc,phases      ] GC(36)     Dead                           Min: 0, Avg:  0.0, Max: 0, Diff: 0, Sum: 0, Workers: 4
[737.297s][debug][gc,phases      ] GC(36)     Total                          Min: 0, Avg: 11.2, Max: 45, Diff: 45, Sum: 45, Workers: 4
[737.297s][debug][gc,phases      ] GC(36)   StringDedup Table Weak         Min:  0.0, Avg:  0.0, Max:  0.0, Diff:  0.0, Sum:  0.0, Workers: 4
[737.297s][debug][gc,phases      ] GC(36)     Dead                           Min: 0, Avg:  0.0, Max: 0, Diff: 0, Sum: 0, Workers: 4
[737.297s][debug][gc,phases      ] GC(36)     Total                          Min: 0, Avg:  0.0, Max: 0, Diff: 0, Sum: 0, Workers: 4
[737.297s][debug][gc,phases      ] GC(36)   StringDedup Requests0 Weak     Min:  0.0, Avg:  0.0, Max:  0.0, Diff:  0.0, Sum:  0.0, Workers: 4
[737.297s][debug][gc,phases      ] GC(36)     Dead                           Min: 0, Avg:  0.0, Max: 0, Diff: 0, Sum: 0, Workers: 4
[737.297s][debug][gc,phases      ] GC(36)     Total                          Min: 0, Avg:  0.0, Max: 0, Diff: 0, Sum: 0, Workers: 4
[737.297s][debug][gc,phases      ] GC(36)   StringDedup Requests1 Weak     Min:  0.0, Avg:  0.0, Max:  0.0, Diff:  0.0, Sum:  0.0, Workers: 4
[737.297s][debug][gc,phases      ] GC(36)     Dead                           Min: 0, Avg:  0.0, Max: 0, Diff: 0, Sum: 0, Workers: 4
[737.297s][debug][gc,phases      ] GC(36)     Total                          Min: 0, Avg:  0.0, Max: 0, Diff: 0, Sum: 0, Workers: 4
[737.297s][debug][gc,phases      ] GC(36)   Weak JFR Old Object Samples    Min:  0.0, Avg:  0.0, Max:  0.0, Diff:  0.0, Sum:  0.0, Workers: 4
[737.297s][debug][gc,phases      ] GC(36)     Dead                           Min: 0, Avg:  0.0, Max: 0, Diff: 0, Sum: 0, Workers: 4
[737.297s][debug][gc,phases      ] GC(36)     Total                          Min: 0, Avg:  0.0, Max: 0, Diff: 0, Sum: 0, Workers: 4
[737.297s][debug][gc,phases      ] GC(36) Weak Processing 0.379ms
[737.297s][debug][gc,age         ] GC(36) Desired survivor size 204996608 bytes, new threshold 15 (max threshold 15)
[737.297s][info ][gc,heap        ] GC(36) PSYoungGen: 1729936K(1883136K)->75200K(1868288K) Eden: 1654272K(1654272K)->0K(1654272K) From: 75664K(228864K)->75200K(214016K)
[737.297s][info ][gc,heap        ] GC(36) ParOldGen: 385891K(516608K)->385891K(516608K)
[737.297s][info ][gc,metaspace   ] GC(36) Metaspace: 78937K(79936K)->78937K(79936K) NonClass: 67745K(68288K)->67745K(68288K) Class: 11191K(11648K)->11191K(11648K)
[737.297s][info ][gc             ] GC(36) Pause Young (Allocation Failure) 2066M->450M(2329M) 19.483ms
[737.297s][info ][gc,cpu         ] GC(36) User=0.08s Sys=0.00s Real=0.02s
[737.298s][info ][safepoint      ] Safepoint "ParallelGCFailedAllocation", Time since last: 3324161733 ns, Reaching safepoint: 93700 ns, At safepoint: 19570235 ns, Total: 19663935 ns
[740.298s][info ][safepoint      ] Safepoint "Cleanup", Time since last: 3000232031 ns, Reaching safepoint: 42000 ns, At safepoint: 2900 ns, Total: 44900 ns
[743.298s][info ][safepoint      ] Safepoint "Cleanup", Time since last: 3000254053 ns, Reaching safepoint: 43800 ns, At safepoint: 4100 ns, Total: 47900 ns
[745.298s][info ][safepoint      ] Safepoint "Cleanup", Time since last: 2000172680 ns, Reaching safepoint: 57301 ns, At safepoint: 5900 ns, Total: 63201 ns
[750.299s][info ][safepoint      ] Safepoint "Cleanup", Time since last: 5000375893 ns, Reaching safepoint: 44300 ns, At safepoint: 3500 ns, Total: 47800 ns
[760.300s][info ][safepoint      ] Safepoint "Cleanup", Time since last: 10000708162 ns, Reaching safepoint: 63300 ns, At safepoint: 10600 ns, Total: 73900 ns
[763.300s][info ][safepoint      ] Safepoint "Cleanup", Time since last: 3000243195 ns, Reaching safepoint: 36300 ns, At safepoint: 2400 ns, Total: 38700 ns
[765.300s][info ][safepoint      ] Safepoint "Cleanup", Time since last: 2000182474 ns, Reaching safepoint: 62801 ns, At safepoint: 7500 ns, Total: 70301 ns
[766.300s][info ][safepoint      ] Safepoint "Cleanup", Time since last: 1000117941 ns, Reaching safepoint: 64900 ns, At safepoint: 6500 ns, Total: 71400 ns
[771.301s][info ][safepoint      ] Safepoint "Cleanup", Time since last: 5000391038 ns, Reaching safepoint: 33100 ns, At safepoint: 3400 ns, Total: 36500 ns
[775.301s][info ][safepoint      ] Safepoint "Cleanup", Time since last: 4000309431 ns, Reaching safepoint: 38700 ns, At safepoint: 2500 ns, Total: 41200 ns
[778.301s][info ][safepoint      ] Safepoint "Cleanup", Time since last: 3000226497 ns, Reaching safepoint: 39900 ns, At safepoint: 2000 ns, Total: 41900 ns
[781.302s][info ][safepoint      ] Safepoint "Cleanup", Time since last: 3000244917 ns, Reaching safepoint: 35501 ns, At safepoint: 3100 ns, Total: 38601 ns
[786.302s][info ][safepoint      ] Safepoint "Cleanup", Time since last: 5000362006 ns, Reaching safepoint: 153801 ns, At safepoint: 3800 ns, Total: 157601 ns
[786.634s][info ][gc,start       ] GC(37) Pause Young (Allocation Failure)
[786.658s][debug][gc,phases      ] GC(37) Scavenge 23.859ms
[786.658s][debug][gc,ref         ] GC(37) Skipped phase 1 of Reference Processing: no references
[786.658s][debug][gc,ref         ] GC(37) ReferenceProcessor::execute queues: 1, RefProcThreadModel::Single, marks_oops_alive: false
[786.658s][debug][gc,ref         ] GC(37) Skipped phase 3 of Reference Processing: no references
[786.658s][debug][gc,ref         ] GC(37) ReferenceProcessor::execute queues: 1, RefProcThreadModel::Single, marks_oops_alive: false
[786.658s][debug][gc,phases      ] GC(37) Reference Processing 0.117ms
[786.658s][debug][gc,phases      ] GC(37)   VM Weak                        Min:  0.0, Avg:  0.0, Max:  0.0, Diff:  0.0, Sum:  0.0, Workers: 4
[786.658s][debug][gc,phases      ] GC(37)     Dead                           Min: 0, Avg:  0.0, Max: 0, Diff: 0, Sum: 0, Workers: 4
[786.658s][debug][gc,phases      ] GC(37)     Total                          Min: 0, Avg: 188.0, Max: 752, Diff: 752, Sum: 752, Workers: 4
[786.658s][debug][gc,phases      ] GC(37)   ObjectSynchronizer Weak        Min:  0.0, Avg:  0.0, Max:  0.0, Diff:  0.0, Sum:  0.0, Workers: 4
[786.658s][debug][gc,phases      ] GC(37)     Dead                           Min: 0, Avg:  0.0, Max: 0, Diff: 0, Sum: 0, Workers: 4
[786.658s][debug][gc,phases      ] GC(37)     Total                          Min: 0, Avg: 14.8, Max: 59, Diff: 59, Sum: 59, Workers: 4
[786.658s][debug][gc,phases      ] GC(37)   JVMTI Tag Weak OopStorage      Min:  0.0, Avg:  0.0, Max:  0.0, Diff:  0.0, Sum:  0.0, Workers: 4
[786.658s][debug][gc,phases      ] GC(37)     Dead                           Min: 0, Avg:  0.0, Max: 0, Diff: 0, Sum: 0, Workers: 4
[786.658s][debug][gc,phases      ] GC(37)     Total                          Min: 0, Avg:  0.0, Max: 0, Diff: 0, Sum: 0, Workers: 4
[786.658s][debug][gc,phases      ] GC(37)   StringTable Weak               Min:  0.1, Avg:  0.1, Max:  0.1, Diff:  0.0, Sum:  0.4, Workers: 4
[786.658s][debug][gc,phases      ] GC(37)     Dead                           Min: 0, Avg:  0.0, Max: 0, Diff: 0, Sum: 0, Workers: 4
[786.658s][debug][gc,phases      ] GC(37)     Total                          Min: 9600, Avg: 10643.8, Max: 11392, Diff: 1792, Sum: 42575, Workers: 4
[786.658s][debug][gc,phases      ] GC(37)   ResolvedMethodTable Weak       Min:  0.0, Avg:  0.0, Max:  0.0, Diff:  0.0, Sum:  0.1, Workers: 4
[786.658s][debug][gc,phases      ] GC(37)     Dead                           Min: 0, Avg:  0.0, Max: 0, Diff: 0, Sum: 0, Workers: 4
[786.658s][debug][gc,phases      ] GC(37)     Total                          Min: 2048, Avg: 2147.8, Max: 2319, Diff: 271, Sum: 8591, Workers: 4
[786.658s][debug][gc,phases      ] GC(37)   JNI Weak                       Min:  0.0, Avg:  0.0, Max:  0.0, Diff:  0.0, Sum:  0.0, Workers: 4
[786.658s][debug][gc,phases      ] GC(37)     Dead                           Min: 0, Avg:  0.0, Max: 0, Diff: 0, Sum: 0, Workers: 4
[786.658s][debug][gc,phases      ] GC(37)     Total                          Min: 0, Avg: 11.2, Max: 45, Diff: 45, Sum: 45, Workers: 4
[786.658s][debug][gc,phases      ] GC(37)   StringDedup Table Weak         Min:  0.0, Avg:  0.0, Max:  0.0, Diff:  0.0, Sum:  0.0, Workers: 4
[786.658s][debug][gc,phases      ] GC(37)     Dead                           Min: 0, Avg:  0.0, Max: 0, Diff: 0, Sum: 0, Workers: 4
[786.658s][debug][gc,phases      ] GC(37)     Total                          Min: 0, Avg:  0.0, Max: 0, Diff: 0, Sum: 0, Workers: 4
[786.658s][debug][gc,phases      ] GC(37)   StringDedup Requests0 Weak     Min:  0.0, Avg:  0.0, Max:  0.0, Diff:  0.0, Sum:  0.0, Workers: 4
[786.658s][debug][gc,phases      ] GC(37)     Dead                           Min: 0, Avg:  0.0, Max: 0, Diff: 0, Sum: 0, Workers: 4
[786.658s][debug][gc,phases      ] GC(37)     Total                          Min: 0, Avg:  0.0, Max: 0, Diff: 0, Sum: 0, Workers: 4
[786.658s][debug][gc,phases      ] GC(37)   StringDedup Requests1 Weak     Min:  0.0, Avg:  0.0, Max:  0.0, Diff:  0.0, Sum:  0.0, Workers: 4
[786.658s][debug][gc,phases      ] GC(37)     Dead                           Min: 0, Avg:  0.0, Max: 0, Diff: 0, Sum: 0, Workers: 4
[786.658s][debug][gc,phases      ] GC(37)     Total                          Min: 0, Avg:  0.0, Max: 0, Diff: 0, Sum: 0, Workers: 4
[786.658s][debug][gc,phases      ] GC(37)   Weak JFR Old Object Samples    Min:  0.0, Avg:  0.0, Max:  0.0, Diff:  0.0, Sum:  0.0, Workers: 4
[786.658s][debug][gc,phases      ] GC(37)     Dead                           Min: 0, Avg:  0.0, Max: 0, Diff: 0, Sum: 0, Workers: 4
[786.658s][debug][gc,phases      ] GC(37)     Total                          Min: 0, Avg:  0.0, Max: 0, Diff: 0, Sum: 0, Workers: 4
[786.658s][debug][gc,phases      ] GC(37) Weak Processing 0.304ms
[786.658s][debug][gc,age         ] GC(37) Desired survivor size 192937984 bytes, new threshold 15 (max threshold 15)
[786.658s][info ][gc,heap        ] GC(37) PSYoungGen: 1729472K(1868288K)->75504K(1908736K) Eden: 1654272K(1654272K)->0K(1708544K) From: 75200K(214016K)->75504K(200192K)
[786.658s][info ][gc,heap        ] GC(37) ParOldGen: 385891K(516608K)->385891K(516608K)
[786.658s][info ][gc,metaspace   ] GC(37) Metaspace: 78960K(79936K)->78960K(79936K) NonClass: 67765K(68288K)->67765K(68288K) Class: 11195K(11648K)->11195K(11648K)
[786.658s][info ][gc             ] GC(37) Pause Young (Allocation Failure) 2065M->450M(2368M) 24.406ms
[786.658s][info ][gc,cpu         ] GC(37) User=0.08s Sys=0.00s Real=0.02s
[786.658s][info ][safepoint      ] Safepoint "ParallelGCFailedAllocation", Time since last: 331634817 ns, Reaching safepoint: 42300 ns, At safepoint: 24478871 ns, Total: 24521171 ns
[787.658s][info ][safepoint      ] Safepoint "Cleanup", Time since last: 1000081389 ns, Reaching safepoint: 82701 ns, At safepoint: 5800 ns, Total: 88501 ns
[788.659s][info ][safepoint      ] Safepoint "Cleanup", Time since last: 1000109091 ns, Reaching safepoint: 38200 ns, At safepoint: 2600 ns, Total: 40800 ns
[791.659s][info ][safepoint      ] Safepoint "Cleanup", Time since last: 3000209786 ns, Reaching safepoint: 45400 ns, At safepoint: 4700 ns, Total: 50100 ns
[792.659s][info ][safepoint      ] Safepoint "Cleanup", Time since last: 1000109800 ns, Reaching safepoint: 30100 ns, At safepoint: 2500 ns, Total: 32600 ns
[793.659s][info ][safepoint      ] Safepoint "Cleanup", Time since last: 1000108202 ns, Reaching safepoint: 42500 ns, At safepoint: 2500 ns, Total: 45000 ns
[796.659s][info ][safepoint      ] Safepoint "Cleanup", Time since last: 3000227419 ns, Reaching safepoint: 38200 ns, At safepoint: 2600 ns, Total: 40800 ns
[797.660s][info ][safepoint      ] Safepoint "Cleanup", Time since last: 1000101811 ns, Reaching safepoint: 28900 ns, At safepoint: 3000 ns, Total: 31900 ns
[799.660s][info ][safepoint      ] Safepoint "Cleanup", Time since last: 2000178827 ns, Reaching safepoint: 61201 ns, At safepoint: 25200 ns, Total: 86401 ns
[800.660s][info ][safepoint      ] Safepoint "Cleanup", Time since last: 1000071317 ns, Reaching safepoint: 31800 ns, At safepoint: 3100 ns, Total: 34900 ns
[801.660s][info ][safepoint      ] Safepoint "Cleanup", Time since last: 1000108520 ns, Reaching safepoint: 49300 ns, At safepoint: 10600 ns, Total: 59900 ns
[802.660s][info ][safepoint      ] Safepoint "Cleanup", Time since last: 1000109121 ns, Reaching safepoint: 49301 ns, At safepoint: 3500 ns, Total: 52801 ns
[803.660s][info ][safepoint      ] Safepoint "Cleanup", Time since last: 1000091523 ns, Reaching safepoint: 46401 ns, At safepoint: 3900 ns, Total: 50301 ns
[805.661s][info ][safepoint      ] Safepoint "Cleanup", Time since last: 2000136753 ns, Reaching safepoint: 43500 ns, At safepoint: 2300 ns, Total: 45800 ns
[806.661s][info ][safepoint      ] Safepoint "Cleanup", Time since last: 1000100230 ns, Reaching safepoint: 45500 ns, At safepoint: 8800 ns, Total: 54300 ns
[807.661s][info ][safepoint      ] Safepoint "Cleanup", Time since last: 1000086632 ns, Reaching safepoint: 38300 ns, At safepoint: 3600 ns, Total: 41900 ns
[808.661s][info ][safepoint      ] Safepoint "Cleanup", Time since last: 1000110335 ns, Reaching safepoint: 29600 ns, At safepoint: 2700 ns, Total: 32300 ns
[809.661s][info ][safepoint      ] Safepoint "Cleanup", Time since last: 1000107736 ns, Reaching safepoint: 49001 ns, At safepoint: 2800 ns, Total: 51801 ns
[810.661s][info ][safepoint      ] Safepoint "Cleanup", Time since last: 1000109338 ns, Reaching safepoint: 43200 ns, At safepoint: 3400 ns, Total: 46600 ns
[815.662s][info ][safepoint      ] Safepoint "Cleanup", Time since last: 5000355323 ns, Reaching safepoint: 50700 ns, At safepoint: 4700 ns, Total: 55400 ns
[818.662s][info ][safepoint      ] Safepoint "Cleanup", Time since last: 3000237359 ns, Reaching safepoint: 73200 ns, At safepoint: 2400 ns, Total: 75600 ns
[819.662s][info ][safepoint      ] Safepoint "Cleanup", Time since last: 1000102357 ns, Reaching safepoint: 50901 ns, At safepoint: 2300 ns, Total: 53201 ns
[820.662s][info ][safepoint      ] Safepoint "Cleanup", Time since last: 1000088159 ns, Reaching safepoint: 25800 ns, At safepoint: 2600 ns, Total: 28400 ns
[821.662s][info ][safepoint      ] Safepoint "Cleanup", Time since last: 1000096361 ns, Reaching safepoint: 47901 ns, At safepoint: 3400 ns, Total: 51301 ns
[822.663s][info ][safepoint      ] Safepoint "Cleanup", Time since last: 1000114763 ns, Reaching safepoint: 42300 ns, At safepoint: 3000 ns, Total: 45300 ns
[825.663s][info ][safepoint      ] Safepoint "Cleanup", Time since last: 3000242602 ns, Reaching safepoint: 63901 ns, At safepoint: 8500 ns, Total: 72401 ns
[826.663s][info ][safepoint      ] Safepoint "Cleanup", Time since last: 1000107571 ns, Reaching safepoint: 50601 ns, At safepoint: 5800 ns, Total: 56401 ns
[830.478s][info ][gc,start       ] GC(38) Pause Young (Allocation Failure)
[830.499s][debug][gc,phases      ] GC(38) Scavenge 20.499ms
[830.499s][debug][gc,ref         ] GC(38) Skipped phase 1 of Reference Processing: no references
[830.499s][debug][gc,ref         ] GC(38) ReferenceProcessor::execute queues: 1, RefProcThreadModel::Single, marks_oops_alive: false
[830.499s][debug][gc,ref         ] GC(38) Skipped phase 3 of Reference Processing: no references
[830.499s][debug][gc,ref         ] GC(38) ReferenceProcessor::execute queues: 1, RefProcThreadModel::Single, marks_oops_alive: false
[830.499s][debug][gc,phases      ] GC(38) Reference Processing 0.106ms
[830.499s][debug][gc,phases      ] GC(38)   VM Weak                        Min:  0.0, Avg:  0.0, Max:  0.0, Diff:  0.0, Sum:  0.0, Workers: 4
[830.499s][debug][gc,phases      ] GC(38)     Dead                           Min: 0, Avg:  0.0, Max: 0, Diff: 0, Sum: 0, Workers: 4
[830.499s][debug][gc,phases      ] GC(38)     Total                          Min: 0, Avg: 188.0, Max: 688, Diff: 688, Sum: 752, Workers: 4
[830.499s][debug][gc,phases      ] GC(38)   ObjectSynchronizer Weak        Min:  0.0, Avg:  0.0, Max:  0.0, Diff:  0.0, Sum:  0.0, Workers: 4
[830.499s][debug][gc,phases      ] GC(38)     Dead                           Min: 0, Avg:  0.0, Max: 0, Diff: 0, Sum: 0, Workers: 4
[830.499s][debug][gc,phases      ] GC(38)     Total                          Min: 0, Avg: 14.8, Max: 59, Diff: 59, Sum: 59, Workers: 4
[830.499s][debug][gc,phases      ] GC(38)   JVMTI Tag Weak OopStorage      Min:  0.0, Avg:  0.0, Max:  0.0, Diff:  0.0, Sum:  0.0, Workers: 4
[830.499s][debug][gc,phases      ] GC(38)     Dead                           Min: 0, Avg:  0.0, Max: 0, Diff: 0, Sum: 0, Workers: 4
[830.499s][debug][gc,phases      ] GC(38)     Total                          Min: 0, Avg:  0.0, Max: 0, Diff: 0, Sum: 0, Workers: 4
[830.499s][debug][gc,phases      ] GC(38)   StringTable Weak               Min:  0.0, Avg:  0.1, Max:  0.2, Diff:  0.2, Sum:  0.4, Workers: 4
[830.499s][debug][gc,phases      ] GC(38)     Dead                           Min: 0, Avg:  0.0, Max: 0, Diff: 0, Sum: 0, Workers: 4
[830.499s][debug][gc,phases      ] GC(38)     Total                          Min: 0, Avg: 10645.0, Max: 25344, Diff: 25344, Sum: 42580, Workers: 4
[830.499s][debug][gc,phases      ] GC(38)   ResolvedMethodTable Weak       Min:  0.0, Avg:  0.0, Max:  0.0, Diff:  0.0, Sum:  0.1, Workers: 4
[830.499s][debug][gc,phases      ] GC(38)     Dead                           Min: 0, Avg:  0.0, Max: 0, Diff: 0, Sum: 0, Workers: 4
[830.499s][debug][gc,phases      ] GC(38)     Total                          Min: 0, Avg: 2148.0, Max: 5136, Diff: 5136, Sum: 8592, Workers: 4
[830.499s][debug][gc,phases      ] GC(38)   JNI Weak                       Min:  0.0, Avg:  0.0, Max:  0.0, Diff:  0.0, Sum:  0.0, Workers: 4
[830.499s][debug][gc,phases      ] GC(38)     Dead                           Min: 0, Avg:  0.0, Max: 0, Diff: 0, Sum: 0, Workers: 4
[830.499s][debug][gc,phases      ] GC(38)     Total                          Min: 0, Avg: 11.2, Max: 45, Diff: 45, Sum: 45, Workers: 4
[830.499s][debug][gc,phases      ] GC(38)   StringDedup Table Weak         Min:  0.0, Avg:  0.0, Max:  0.0, Diff:  0.0, Sum:  0.0, Workers: 4
[830.499s][debug][gc,phases      ] GC(38)     Dead                           Min: 0, Avg:  0.0, Max: 0, Diff: 0, Sum: 0, Workers: 4
[830.499s][debug][gc,phases      ] GC(38)     Total                          Min: 0, Avg:  0.0, Max: 0, Diff: 0, Sum: 0, Workers: 4
[830.499s][debug][gc,phases      ] GC(38)   StringDedup Requests0 Weak     Min:  0.0, Avg:  0.0, Max:  0.0, Diff:  0.0, Sum:  0.0, Workers: 4
[830.499s][debug][gc,phases      ] GC(38)     Dead                           Min: 0, Avg:  0.0, Max: 0, Diff: 0, Sum: 0, Workers: 4
[830.499s][debug][gc,phases      ] GC(38)     Total                          Min: 0, Avg:  0.0, Max: 0, Diff: 0, Sum: 0, Workers: 4
[830.499s][debug][gc,phases      ] GC(38)   StringDedup Requests1 Weak     Min:  0.0, Avg:  0.0, Max:  0.0, Diff:  0.0, Sum:  0.0, Workers: 4
[830.499s][debug][gc,phases      ] GC(38)     Dead                           Min: 0, Avg:  0.0, Max: 0, Diff: 0, Sum: 0, Workers: 4
[830.499s][debug][gc,phases      ] GC(38)     Total                          Min: 0, Avg:  0.0, Max: 0, Diff: 0, Sum: 0, Workers: 4
[830.499s][debug][gc,phases      ] GC(38)   Weak JFR Old Object Samples    Min:  0.0, Avg:  0.0, Max:  0.0, Diff:  0.0, Sum:  0.0, Workers: 4
[830.499s][debug][gc,phases      ] GC(38)     Dead                           Min: 0, Avg:  0.0, Max: 0, Diff: 0, Sum: 0, Workers: 4
[830.499s][debug][gc,phases      ] GC(38)     Total                          Min: 0, Avg:  0.0, Max: 0, Diff: 0, Sum: 0, Workers: 4
[830.499s][debug][gc,phases      ] GC(38) Weak Processing 0.388ms
[830.499s][debug][gc,age         ] GC(38) Desired survivor size 181403648 bytes, new threshold 15 (max threshold 15)
[830.499s][info ][gc,heap        ] GC(38) PSYoungGen: 1784048K(1908736K)->74576K(1896960K) Eden: 1708544K(1708544K)->0K(1708544K) From: 75504K(200192K)->74576K(188416K)
[830.499s][info ][gc,heap        ] GC(38) ParOldGen: 385891K(516608K)->386235K(516608K)
[830.499s][info ][gc,metaspace   ] GC(38) Metaspace: 78988K(79936K)->78988K(79936K) NonClass: 67792K(68288K)->67792K(68288K) Class: 11195K(11648K)->11195K(11648K)
[830.499s][info ][gc             ] GC(38) Pause Young (Allocation Failure) 2119M->450M(2357M) 21.097ms
[830.499s][info ][gc,cpu         ] GC(38) User=0.08s Sys=0.00s Real=0.02s
[830.499s][info ][safepoint      ] Safepoint "ParallelGCFailedAllocation", Time since last: 3815097094 ns, Reaching safepoint: 94401 ns, At safepoint: 21190050 ns, Total: 21284451 ns
[846.501s][info ][safepoint      ] Safepoint "Cleanup", Time since last: 16001117639 ns, Reaching safepoint: 46900 ns, At safepoint: 4300 ns, Total: 51200 ns
[855.501s][info ][safepoint      ] Safepoint "Cleanup", Time since last: 9000572387 ns, Reaching safepoint: 52300 ns, At safepoint: 2700 ns, Total: 55000 ns
[856.501s][info ][safepoint      ] Safepoint "Cleanup", Time since last: 1000105431 ns, Reaching safepoint: 36700 ns, At safepoint: 2300 ns, Total: 39000 ns
[857.502s][info ][safepoint      ] Safepoint "Cleanup", Time since last: 1000104133 ns, Reaching safepoint: 53500 ns, At safepoint: 3500 ns, Total: 57000 ns
[858.502s][info ][safepoint      ] Safepoint "Cleanup", Time since last: 1000111935 ns, Reaching safepoint: 36300 ns, At safepoint: 2200 ns, Total: 38500 ns
[859.502s][info ][safepoint      ] Safepoint "Cleanup", Time since last: 1000104336 ns, Reaching safepoint: 54501 ns, At safepoint: 12300 ns, Total: 66801 ns
[863.502s][info ][safepoint      ] Safepoint "Cleanup", Time since last: 4000312864 ns, Reaching safepoint: 84701 ns, At safepoint: 8800 ns, Total: 93501 ns
[864.502s][info ][safepoint      ] Safepoint "Cleanup", Time since last: 1000117046 ns, Reaching safepoint: 42700 ns, At safepoint: 10900 ns, Total: 53600 ns
[865.503s][info ][safepoint      ] Safepoint "Cleanup", Time since last: 1000106448 ns, Reaching safepoint: 40901 ns, At safepoint: 3000 ns, Total: 43901 ns
[866.503s][info ][safepoint      ] Safepoint "Cleanup", Time since last: 1000111249 ns, Reaching safepoint: 47601 ns, At safepoint: 27800 ns, Total: 75401 ns
[867.503s][info ][safepoint      ] Safepoint "Cleanup", Time since last: 1000106052 ns, Reaching safepoint: 47900 ns, At safepoint: 3400 ns, Total: 51300 ns
[876.504s][info ][safepoint      ] Safepoint "Cleanup", Time since last: 9000600747 ns, Reaching safepoint: 36000 ns, At safepoint: 3400 ns, Total: 39400 ns
[878.428s][info ][gc,start       ] GC(39) Pause Young (Allocation Failure)
[878.449s][debug][gc,phases      ] GC(39) Scavenge 20.891ms
[878.449s][debug][gc,ref         ] GC(39) Skipped phase 1 of Reference Processing: no references
[878.449s][debug][gc,ref         ] GC(39) ReferenceProcessor::execute queues: 1, RefProcThreadModel::Single, marks_oops_alive: false
[878.449s][debug][gc,ref         ] GC(39) Skipped phase 3 of Reference Processing: no references
[878.449s][debug][gc,ref         ] GC(39) ReferenceProcessor::execute queues: 1, RefProcThreadModel::Single, marks_oops_alive: false
[878.449s][debug][gc,phases      ] GC(39) Reference Processing 0.154ms
[878.450s][debug][gc,phases      ] GC(39)   VM Weak                        Min:  0.0, Avg:  0.0, Max:  0.0, Diff:  0.0, Sum:  0.0, Workers: 4
[878.450s][debug][gc,phases      ] GC(39)     Dead                           Min: 0, Avg:  0.0, Max: 0, Diff: 0, Sum: 0, Workers: 4
[878.450s][debug][gc,phases      ] GC(39)     Total                          Min: 0, Avg: 188.0, Max: 576, Diff: 576, Sum: 752, Workers: 4
[878.450s][debug][gc,phases      ] GC(39)   ObjectSynchronizer Weak        Min:  0.0, Avg:  0.0, Max:  0.0, Diff:  0.0, Sum:  0.0, Workers: 4
[878.450s][debug][gc,phases      ] GC(39)     Dead                           Min: 0, Avg:  0.0, Max: 0, Diff: 0, Sum: 0, Workers: 4
[878.450s][debug][gc,phases      ] GC(39)     Total                          Min: 0, Avg: 14.8, Max: 59, Diff: 59, Sum: 59, Workers: 4
[878.450s][debug][gc,phases      ] GC(39)   JVMTI Tag Weak OopStorage      Min:  0.0, Avg:  0.0, Max:  0.0, Diff:  0.0, Sum:  0.0, Workers: 4
[878.450s][debug][gc,phases      ] GC(39)     Dead                           Min: 0, Avg:  0.0, Max: 0, Diff: 0, Sum: 0, Workers: 4
[878.450s][debug][gc,phases      ] GC(39)     Total                          Min: 0, Avg:  0.0, Max: 0, Diff: 0, Sum: 0, Workers: 4
[878.450s][debug][gc,phases      ] GC(39)   StringTable Weak               Min:  0.0, Avg:  0.1, Max:  0.1, Diff:  0.1, Sum:  0.4, Workers: 4
[878.450s][debug][gc,phases      ] GC(39)     Dead                           Min: 0, Avg:  0.0, Max: 0, Diff: 0, Sum: 0, Workers: 4
[878.450s][debug][gc,phases      ] GC(39)     Total                          Min: 0, Avg: 10646.5, Max: 14336, Diff: 14336, Sum: 42586, Workers: 4
[878.450s][debug][gc,phases      ] GC(39)   ResolvedMethodTable Weak       Min:  0.0, Avg:  0.0, Max:  0.0, Diff:  0.0, Sum:  0.1, Workers: 4
[878.450s][debug][gc,phases      ] GC(39)     Dead                           Min: 0, Avg:  0.0, Max: 0, Diff: 0, Sum: 0, Workers: 4
[878.450s][debug][gc,phases      ] GC(39)     Total                          Min: 0, Avg: 2148.0, Max: 3008, Diff: 3008, Sum: 8592, Workers: 4
[878.450s][debug][gc,phases      ] GC(39)   JNI Weak                       Min:  0.0, Avg:  0.0, Max:  0.0, Diff:  0.0, Sum:  0.0, Workers: 4
[878.450s][debug][gc,phases      ] GC(39)     Dead                           Min: 0, Avg:  0.0, Max: 0, Diff: 0, Sum: 0, Workers: 4
[878.450s][debug][gc,phases      ] GC(39)     Total                          Min: 0, Avg: 11.2, Max: 45, Diff: 45, Sum: 45, Workers: 4
[878.450s][debug][gc,phases      ] GC(39)   StringDedup Table Weak         Min:  0.0, Avg:  0.0, Max:  0.0, Diff:  0.0, Sum:  0.0, Workers: 4
[878.450s][debug][gc,phases      ] GC(39)     Dead                           Min: 0, Avg:  0.0, Max: 0, Diff: 0, Sum: 0, Workers: 4
[878.450s][debug][gc,phases      ] GC(39)     Total                          Min: 0, Avg:  0.0, Max: 0, Diff: 0, Sum: 0, Workers: 4
[878.450s][debug][gc,phases      ] GC(39)   StringDedup Requests0 Weak     Min:  0.0, Avg:  0.0, Max:  0.0, Diff:  0.0, Sum:  0.0, Workers: 4
[878.450s][debug][gc,phases      ] GC(39)     Dead                           Min: 0, Avg:  0.0, Max: 0, Diff: 0, Sum: 0, Workers: 4
[878.450s][debug][gc,phases      ] GC(39)     Total                          Min: 0, Avg:  0.0, Max: 0, Diff: 0, Sum: 0, Workers: 4
[878.450s][debug][gc,phases      ] GC(39)   StringDedup Requests1 Weak     Min:  0.0, Avg:  0.0, Max:  0.0, Diff:  0.0, Sum:  0.0, Workers: 4
[878.450s][debug][gc,phases      ] GC(39)     Dead                           Min: 0, Avg:  0.0, Max: 0, Diff: 0, Sum: 0, Workers: 4
[878.450s][debug][gc,phases      ] GC(39)     Total                          Min: 0, Avg:  0.0, Max: 0, Diff: 0, Sum: 0, Workers: 4
[878.450s][debug][gc,phases      ] GC(39)   Weak JFR Old Object Samples    Min:  0.0, Avg:  0.0, Max:  0.0, Diff:  0.0, Sum:  0.0, Workers: 4
[878.450s][debug][gc,phases      ] GC(39)     Dead                           Min: 0, Avg:  0.0, Max: 0, Diff: 0, Sum: 0, Workers: 4
[878.450s][debug][gc,phases      ] GC(39)     Total                          Min: 0, Avg:  0.0, Max: 0, Diff: 0, Sum: 0, Workers: 4
[878.450s][debug][gc,phases      ] GC(39) Weak Processing 0.412ms
[878.450s][debug][gc,age         ] GC(39) Desired survivor size 170917888 bytes, new threshold 15 (max threshold 15)
[878.450s][info ][gc,heap        ] GC(39) PSYoungGen: 1783120K(1896960K)->73200K(1930240K) Eden: 1708544K(1708544K)->0K(1753088K) From: 74576K(188416K)->73200K(177152K)
[878.450s][info ][gc,heap        ] GC(39) ParOldGen: 386235K(516608K)->386975K(516608K)
[878.450s][info ][gc,metaspace   ] GC(39) Metaspace: 78994K(79936K)->78994K(79936K) NonClass: 67798K(68288K)->67798K(68288K) Class: 11195K(11648K)->11195K(11648K)
[878.450s][info ][gc             ] GC(39) Pause Young (Allocation Failure) 2118M->449M(2389M) 21.614ms
[878.450s][info ][gc,cpu         ] GC(39) User=0.08s Sys=0.00s Real=0.02s
[878.450s][info ][safepoint      ] Safepoint "ParallelGCFailedAllocation", Time since last: 1924550600 ns, Reaching safepoint: 98201 ns, At safepoint: 21703456 ns, Total: 21801657 ns
[880.450s][info ][safepoint      ] Safepoint "Cleanup", Time since last: 2000150349 ns, Reaching safepoint: 48000 ns, At safepoint: 4600 ns, Total: 52600 ns
[884.451s][info ][safepoint      ] Safepoint "Cleanup", Time since last: 4000311121 ns, Reaching safepoint: 34200 ns, At safepoint: 2900 ns, Total: 37100 ns
[890.451s][info ][safepoint      ] Safepoint "Cleanup", Time since last: 6000436235 ns, Reaching safepoint: 39701 ns, At safepoint: 3700 ns, Total: 43401 ns
[893.451s][info ][safepoint      ] Safepoint "Cleanup", Time since last: 3000258792 ns, Reaching safepoint: 55701 ns, At safepoint: 3100 ns, Total: 58801 ns
[896.452s][info ][safepoint      ] Safepoint "Cleanup", Time since last: 3000254708 ns, Reaching safepoint: 37200 ns, At safepoint: 4100 ns, Total: 41300 ns
[902.452s][info ][safepoint      ] Safepoint "Cleanup", Time since last: 6000405364 ns, Reaching safepoint: 34700 ns, At safepoint: 20201 ns, Total: 54901 ns
[903.452s][info ][safepoint      ] Safepoint "Cleanup", Time since last: 1000098217 ns, Reaching safepoint: 38900 ns, At safepoint: 4300 ns, Total: 43200 ns
[905.452s][info ][safepoint      ] Safepoint "Cleanup", Time since last: 2000159239 ns, Reaching safepoint: 45500 ns, At safepoint: 5900 ns, Total: 51400 ns
[906.453s][info ][safepoint      ] Safepoint "Cleanup", Time since last: 1000064922 ns, Reaching safepoint: 40101 ns, At safepoint: 4300 ns, Total: 44401 ns
[907.453s][info ][safepoint      ] Safepoint "Cleanup", Time since last: 1000082124 ns, Reaching safepoint: 28900 ns, At safepoint: 2800 ns, Total: 31700 ns
[908.453s][info ][safepoint      ] Safepoint "Cleanup", Time since last: 1000109826 ns, Reaching safepoint: 38600 ns, At safepoint: 7300 ns, Total: 45900 ns
[908.736s][info ][gc,start       ] GC(40) Pause Young (Allocation Failure)
[908.784s][debug][gc,phases      ] GC(40) Scavenge 47.966ms
[908.784s][debug][gc,ref         ] GC(40) Skipped phase 1 of Reference Processing: no references
[908.784s][debug][gc,ref         ] GC(40) ReferenceProcessor::execute queues: 1, RefProcThreadModel::Single, marks_oops_alive: false
[908.784s][debug][gc,ref         ] GC(40) Skipped phase 3 of Reference Processing: no references
[908.784s][debug][gc,ref         ] GC(40) ReferenceProcessor::execute queues: 1, RefProcThreadModel::Single, marks_oops_alive: false
[908.784s][debug][gc,phases      ] GC(40) Reference Processing 0.101ms
[908.784s][debug][gc,phases      ] GC(40)   VM Weak                        Min:  0.0, Avg:  0.0, Max:  0.0, Diff:  0.0, Sum:  0.0, Workers: 4
[908.784s][debug][gc,phases      ] GC(40)     Dead                           Min: 0, Avg:  0.0, Max: 0, Diff: 0, Sum: 0, Workers: 4
[908.784s][debug][gc,phases      ] GC(40)     Total                          Min: 0, Avg: 188.0, Max: 752, Diff: 752, Sum: 752, Workers: 4
[908.784s][debug][gc,phases      ] GC(40)   ObjectSynchronizer Weak        Min:  0.0, Avg:  0.0, Max:  0.0, Diff:  0.0, Sum:  0.0, Workers: 4
[908.784s][debug][gc,phases      ] GC(40)     Dead                           Min: 0, Avg:  0.0, Max: 0, Diff: 0, Sum: 0, Workers: 4
[908.784s][debug][gc,phases      ] GC(40)     Total                          Min: 0, Avg: 14.8, Max: 59, Diff: 59, Sum: 59, Workers: 4
[908.784s][debug][gc,phases      ] GC(40)   JVMTI Tag Weak OopStorage      Min:  0.0, Avg:  0.0, Max:  0.0, Diff:  0.0, Sum:  0.0, Workers: 4
[908.784s][debug][gc,phases      ] GC(40)     Dead                           Min: 0, Avg:  0.0, Max: 0, Diff: 0, Sum: 0, Workers: 4
[908.784s][debug][gc,phases      ] GC(40)     Total                          Min: 0, Avg:  0.0, Max: 0, Diff: 0, Sum: 0, Workers: 4
[908.784s][debug][gc,phases      ] GC(40)   StringTable Weak               Min:  0.0, Avg:  0.1, Max:  0.1, Diff:  0.1, Sum:  0.4, Workers: 4
[908.784s][debug][gc,phases      ] GC(40)     Dead                           Min: 0, Avg:  0.0, Max: 0, Diff: 0, Sum: 0, Workers: 4
[908.784s][debug][gc,phases      ] GC(40)     Total                          Min: 0, Avg: 10647.5, Max: 18240, Diff: 18240, Sum: 42590, Workers: 4
[908.784s][debug][gc,phases      ] GC(40)   ResolvedMethodTable Weak       Min:  0.0, Avg:  0.0, Max:  0.0, Diff:  0.0, Sum:  0.1, Workers: 4
[908.784s][debug][gc,phases      ] GC(40)     Dead                           Min: 0, Avg:  4.2, Max: 17, Diff: 17, Sum: 17, Workers: 4
[908.784s][debug][gc,phases      ] GC(40)     Total                          Min: 0, Avg: 2150.5, Max: 3583, Diff: 3583, Sum: 8602, Workers: 4
[908.784s][debug][gc,phases      ] GC(40)   JNI Weak                       Min:  0.0, Avg:  0.0, Max:  0.0, Diff:  0.0, Sum:  0.0, Workers: 4
[908.784s][debug][gc,phases      ] GC(40)     Dead                           Min: 0, Avg:  0.0, Max: 0, Diff: 0, Sum: 0, Workers: 4
[908.784s][debug][gc,phases      ] GC(40)     Total                          Min: 0, Avg: 14.2, Max: 57, Diff: 57, Sum: 57, Workers: 4
[908.784s][debug][gc,phases      ] GC(40)   StringDedup Table Weak         Min:  0.0, Avg:  0.0, Max:  0.0, Diff:  0.0, Sum:  0.0, Workers: 4
[908.784s][debug][gc,phases      ] GC(40)     Dead                           Min: 0, Avg:  0.0, Max: 0, Diff: 0, Sum: 0, Workers: 4
[908.784s][debug][gc,phases      ] GC(40)     Total                          Min: 0, Avg:  0.0, Max: 0, Diff: 0, Sum: 0, Workers: 4
[908.784s][debug][gc,phases      ] GC(40)   StringDedup Requests0 Weak     Min:  0.0, Avg:  0.0, Max:  0.0, Diff:  0.0, Sum:  0.0, Workers: 4
[908.784s][debug][gc,phases      ] GC(40)     Dead                           Min: 0, Avg:  0.0, Max: 0, Diff: 0, Sum: 0, Workers: 4
[908.784s][debug][gc,phases      ] GC(40)     Total                          Min: 0, Avg:  0.0, Max: 0, Diff: 0, Sum: 0, Workers: 4
[908.784s][debug][gc,phases      ] GC(40)   StringDedup Requests1 Weak     Min:  0.0, Avg:  0.0, Max:  0.0, Diff:  0.0, Sum:  0.0, Workers: 4
[908.784s][debug][gc,phases      ] GC(40)     Dead                           Min: 0, Avg:  0.0, Max: 0, Diff: 0, Sum: 0, Workers: 4
[908.784s][debug][gc,phases      ] GC(40)     Total                          Min: 0, Avg:  0.0, Max: 0, Diff: 0, Sum: 0, Workers: 4
[908.784s][debug][gc,phases      ] GC(40)   Weak JFR Old Object Samples    Min:  0.0, Avg:  0.0, Max:  0.0, Diff:  0.0, Sum:  0.0, Workers: 4
[908.784s][debug][gc,phases      ] GC(40)     Dead                           Min: 0, Avg:  0.0, Max: 0, Diff: 0, Sum: 0, Workers: 4
[908.784s][debug][gc,phases      ] GC(40)     Total                          Min: 0, Avg:  0.0, Max: 0, Diff: 0, Sum: 0, Workers: 4
[908.784s][debug][gc,phases      ] GC(40) Weak Processing 0.332ms
[908.784s][debug][gc,age         ] GC(40) Desired survivor size 187170816 bytes, new threshold 15 (max threshold 15)
[908.784s][info ][gc,heap        ] GC(40) PSYoungGen: 1826288K(1930240K)->141454K(1894912K) Eden: 1753088K(1753088K)->0K(1753088K) From: 73200K(177152K)->141454K(141824K)
[908.784s][info ][gc,heap        ] GC(40) ParOldGen: 386975K(516608K)->389000K(516608K)
[908.784s][info ][gc,metaspace   ] GC(40) Metaspace: 79032K(80000K)->79032K(80000K) NonClass: 67837K(68352K)->67837K(68352K) Class: 11195K(11648K)->11195K(11648K)
[908.784s][info ][gc             ] GC(40) Pause Young (Allocation Failure) 2161M->518M(2355M) 48.530ms
[908.784s][info ][gc,cpu         ] GC(40) User=0.16s Sys=0.00s Real=0.05s
[908.784s][info ][safepoint      ] Safepoint "ParallelGCFailedAllocation", Time since last: 282776243 ns, Reaching safepoint: 166202 ns, At safepoint: 48633651 ns, Total: 48799853 ns
[910.604s][info ][safepoint      ] Safepoint "Cleanup", Time since last: 1819494452 ns, Reaching safepoint: 141901 ns, At safepoint: 7100 ns, Total: 149001 ns
[913.604s][info ][safepoint      ] Safepoint "Cleanup", Time since last: 3000207798 ns, Reaching safepoint: 39900 ns, At safepoint: 2500 ns, Total: 42400 ns
[917.605s][info ][safepoint      ] Safepoint "Cleanup", Time since last: 4000304856 ns, Reaching safepoint: 64000 ns, At safepoint: 5300 ns, Total: 69300 ns
[918.605s][info ][safepoint      ] Safepoint "Cleanup", Time since last: 1000099543 ns, Reaching safepoint: 53001 ns, At safepoint: 17500 ns, Total: 70501 ns
[921.231s][info ][safepoint      ] Safepoint "Cleanup", Time since last: 2625932426 ns, Reaching safepoint: 126501 ns, At safepoint: 5100 ns, Total: 131601 ns
[927.582s][info ][gc,start       ] GC(41) Pause Young (Allocation Failure)
[927.615s][debug][gc,phases      ] GC(41) Scavenge 32.822ms
[927.615s][debug][gc,ref         ] GC(41) Skipped phase 1 of Reference Processing: no references
[927.615s][debug][gc,ref         ] GC(41) ReferenceProcessor::execute queues: 1, RefProcThreadModel::Single, marks_oops_alive: false
[927.615s][debug][gc,ref         ] GC(41) Skipped phase 3 of Reference Processing: no references
[927.615s][debug][gc,ref         ] GC(41) ReferenceProcessor::execute queues: 1, RefProcThreadModel::Single, marks_oops_alive: false
[927.615s][debug][gc,phases      ] GC(41) Reference Processing 0.097ms
[927.615s][debug][gc,phases      ] GC(41)   VM Weak                        Min:  0.0, Avg:  0.0, Max:  0.0, Diff:  0.0, Sum:  0.0, Workers: 4
[927.615s][debug][gc,phases      ] GC(41)     Dead                           Min: 0, Avg:  0.0, Max: 0, Diff: 0, Sum: 0, Workers: 4
[927.615s][debug][gc,phases      ] GC(41)     Total                          Min: 0, Avg: 188.0, Max: 752, Diff: 752, Sum: 752, Workers: 4
[927.615s][debug][gc,phases      ] GC(41)   ObjectSynchronizer Weak        Min:  0.0, Avg:  0.0, Max:  0.0, Diff:  0.0, Sum:  0.0, Workers: 4
[927.615s][debug][gc,phases      ] GC(41)     Dead                           Min: 0, Avg:  0.0, Max: 0, Diff: 0, Sum: 0, Workers: 4
[927.615s][debug][gc,phases      ] GC(41)     Total                          Min: 0, Avg: 14.8, Max: 59, Diff: 59, Sum: 59, Workers: 4
[927.615s][debug][gc,phases      ] GC(41)   JVMTI Tag Weak OopStorage      Min:  0.0, Avg:  0.0, Max:  0.0, Diff:  0.0, Sum:  0.0, Workers: 4
[927.615s][debug][gc,phases      ] GC(41)     Dead                           Min: 0, Avg:  0.0, Max: 0, Diff: 0, Sum: 0, Workers: 4
[927.615s][debug][gc,phases      ] GC(41)     Total                          Min: 0, Avg:  0.0, Max: 0, Diff: 0, Sum: 0, Workers: 4
[927.615s][debug][gc,phases      ] GC(41)   StringTable Weak               Min:  0.1, Avg:  0.1, Max:  0.1, Diff:  0.0, Sum:  0.4, Workers: 4
[927.615s][debug][gc,phases      ] GC(41)     Dead                           Min: 0, Avg:  0.2, Max: 1, Diff: 1, Sum: 1, Workers: 4
[927.615s][debug][gc,phases      ] GC(41)     Total                          Min: 9067, Avg: 10650.5, Max: 11584, Diff: 2517, Sum: 42602, Workers: 4
[927.615s][debug][gc,phases      ] GC(41)   ResolvedMethodTable Weak       Min:  0.0, Avg:  0.0, Max:  0.0, Diff:  0.0, Sum:  0.1, Workers: 4
[927.615s][debug][gc,phases      ] GC(41)     Dead                           Min: 0, Avg:  0.0, Max: 0, Diff: 0, Sum: 0, Workers: 4
[927.615s][debug][gc,phases      ] GC(41)     Total                          Min: 2048, Avg: 2152.0, Max: 2239, Diff: 191, Sum: 8608, Workers: 4
[927.615s][debug][gc,phases      ] GC(41)   JNI Weak                       Min:  0.0, Avg:  0.0, Max:  0.0, Diff:  0.0, Sum:  0.0, Workers: 4
[927.615s][debug][gc,phases      ] GC(41)     Dead                           Min: 0, Avg:  0.0, Max: 0, Diff: 0, Sum: 0, Workers: 4
[927.615s][debug][gc,phases      ] GC(41)     Total                          Min: 0, Avg: 11.2, Max: 45, Diff: 45, Sum: 45, Workers: 4
[927.615s][debug][gc,phases      ] GC(41)   StringDedup Table Weak         Min:  0.0, Avg:  0.0, Max:  0.0, Diff:  0.0, Sum:  0.0, Workers: 4
[927.615s][debug][gc,phases      ] GC(41)     Dead                           Min: 0, Avg:  0.0, Max: 0, Diff: 0, Sum: 0, Workers: 4
[927.615s][debug][gc,phases      ] GC(41)     Total                          Min: 0, Avg:  0.0, Max: 0, Diff: 0, Sum: 0, Workers: 4
[927.615s][debug][gc,phases      ] GC(41)   StringDedup Requests0 Weak     Min:  0.0, Avg:  0.0, Max:  0.0, Diff:  0.0, Sum:  0.0, Workers: 4
[927.615s][debug][gc,phases      ] GC(41)     Dead                           Min: 0, Avg:  0.0, Max: 0, Diff: 0, Sum: 0, Workers: 4
[927.615s][debug][gc,phases      ] GC(41)     Total                          Min: 0, Avg:  0.0, Max: 0, Diff: 0, Sum: 0, Workers: 4
[927.615s][debug][gc,phases      ] GC(41)   StringDedup Requests1 Weak     Min:  0.0, Avg:  0.0, Max:  0.0, Diff:  0.0, Sum:  0.0, Workers: 4
[927.615s][debug][gc,phases      ] GC(41)     Dead                           Min: 0, Avg:  0.0, Max: 0, Diff: 0, Sum: 0, Workers: 4
[927.615s][debug][gc,phases      ] GC(41)     Total                          Min: 0, Avg:  0.0, Max: 0, Diff: 0, Sum: 0, Workers: 4
[927.615s][debug][gc,phases      ] GC(41)   Weak JFR Old Object Samples    Min:  0.0, Avg:  0.0, Max:  0.0, Diff:  0.0, Sum:  0.0, Workers: 4
[927.615s][debug][gc,phases      ] GC(41)     Dead                           Min: 0, Avg:  0.0, Max: 0, Diff: 0, Sum: 0, Workers: 4
[927.615s][debug][gc,phases      ] GC(41)     Total                          Min: 0, Avg:  0.0, Max: 0, Diff: 0, Sum: 0, Workers: 4
[927.615s][debug][gc,phases      ] GC(41) Weak Processing 0.298ms
[927.615s][debug][gc,age         ] GC(41) Desired survivor size 177733632 bytes, new threshold 15 (max threshold 15)
[927.615s][info ][gc,heap        ] GC(41) PSYoungGen: 1894542K(1894912K)->75056K(1923584K) Eden: 1753088K(1753088K)->0K(1740800K) From: 141454K(141824K)->75056K(182784K)
[927.615s][info ][gc,heap        ] GC(41) ParOldGen: 389000K(516608K)->423548K(516608K)
[927.615s][info ][gc,metaspace   ] GC(41) Metaspace: 79067K(80000K)->79067K(80000K) NonClass: 67866K(68352K)->67866K(68352K) Class: 11200K(11648K)->11200K(11648K)
[927.615s][info ][gc             ] GC(41) Pause Young (Allocation Failure) 2230M->486M(2383M) 33.338ms
[927.615s][info ][gc,cpu         ] GC(41) User=0.11s Sys=0.00s Real=0.03s
[927.615s][info ][safepoint      ] Safepoint "ParallelGCFailedAllocation", Time since last: 6350950165 ns, Reaching safepoint: 30201 ns, At safepoint: 33409242 ns, Total: 33439443 ns
[933.616s][info ][safepoint      ] Safepoint "Cleanup", Time since last: 6000417685 ns, Reaching safepoint: 35300 ns, At safepoint: 40400 ns, Total: 75700 ns
[935.616s][info ][safepoint      ] Safepoint "Cleanup", Time since last: 2000159642 ns, Reaching safepoint: 41700 ns, At safepoint: 3800 ns, Total: 45500 ns
[938.616s][info ][safepoint      ] Safepoint "Cleanup", Time since last: 3000224025 ns, Reaching safepoint: 52901 ns, At safepoint: 2900 ns, Total: 55801 ns
[944.617s][info ][safepoint      ] Safepoint "Cleanup", Time since last: 6000436293 ns, Reaching safepoint: 32900 ns, At safepoint: 3100 ns, Total: 36000 ns
[946.617s][info ][safepoint      ] Safepoint "Cleanup", Time since last: 2000154178 ns, Reaching safepoint: 41400 ns, At safepoint: 6600 ns, Total: 48000 ns
[949.617s][info ][safepoint      ] Safepoint "Cleanup", Time since last: 3000217679 ns, Reaching safepoint: 43400 ns, At safepoint: 3900 ns, Total: 47300 ns
[954.618s][info ][safepoint      ] Safepoint "Cleanup", Time since last: 5000323796 ns, Reaching safepoint: 57000 ns, At safepoint: 2600 ns, Total: 59600 ns
[955.618s][info ][safepoint      ] Safepoint "Cleanup", Time since last: 1000110504 ns, Reaching safepoint: 43101 ns, At safepoint: 3100 ns, Total: 46201 ns
[961.429s][info ][gc,start       ] GC(42) Pause Young (Allocation Failure)
[961.452s][debug][gc,phases      ] GC(42) Scavenge 23.518ms
[961.452s][debug][gc,ref         ] GC(42) Skipped phase 1 of Reference Processing: no references
[961.452s][debug][gc,ref         ] GC(42) ReferenceProcessor::execute queues: 1, RefProcThreadModel::Single, marks_oops_alive: false
[961.452s][debug][gc,ref         ] GC(42) Skipped phase 3 of Reference Processing: no references
[961.452s][debug][gc,ref         ] GC(42) ReferenceProcessor::execute queues: 1, RefProcThreadModel::Single, marks_oops_alive: false
[961.452s][debug][gc,phases      ] GC(42) Reference Processing 0.108ms
[961.452s][debug][gc,phases      ] GC(42)   VM Weak                        Min:  0.0, Avg:  0.0, Max:  0.0, Diff:  0.0, Sum:  0.0, Workers: 4
[961.452s][debug][gc,phases      ] GC(42)     Dead                           Min: 0, Avg:  0.0, Max: 0, Diff: 0, Sum: 0, Workers: 4
[961.452s][debug][gc,phases      ] GC(42)     Total                          Min: 0, Avg: 188.0, Max: 512, Diff: 512, Sum: 752, Workers: 4
[961.452s][debug][gc,phases      ] GC(42)   ObjectSynchronizer Weak        Min:  0.0, Avg:  0.0, Max:  0.0, Diff:  0.0, Sum:  0.0, Workers: 4
[961.452s][debug][gc,phases      ] GC(42)     Dead                           Min: 0, Avg:  0.0, Max: 0, Diff: 0, Sum: 0, Workers: 4
[961.452s][debug][gc,phases      ] GC(42)     Total                          Min: 0, Avg: 14.8, Max: 59, Diff: 59, Sum: 59, Workers: 4
[961.452s][debug][gc,phases      ] GC(42)   JVMTI Tag Weak OopStorage      Min:  0.0, Avg:  0.0, Max:  0.0, Diff:  0.0, Sum:  0.0, Workers: 4
[961.453s][debug][gc,phases      ] GC(42)     Dead                           Min: 0, Avg:  0.0, Max: 0, Diff: 0, Sum: 0, Workers: 4
[961.453s][debug][gc,phases      ] GC(42)     Total                          Min: 0, Avg:  0.0, Max: 0, Diff: 0, Sum: 0, Workers: 4
[961.453s][debug][gc,phases      ] GC(42)   StringTable Weak               Min:  0.0, Avg:  0.1, Max:  0.1, Diff:  0.1, Sum:  0.4, Workers: 4
[961.453s][debug][gc,phases      ] GC(42)     Dead                           Min: 0, Avg:  0.2, Max: 1, Diff: 1, Sum: 1, Workers: 4
[961.453s][debug][gc,phases      ] GC(42)     Total                          Min: 0, Avg: 10651.8, Max: 14848, Diff: 14848, Sum: 42607, Workers: 4
[961.453s][debug][gc,phases      ] GC(42)   ResolvedMethodTable Weak       Min:  0.0, Avg:  0.0, Max:  0.0, Diff:  0.0, Sum:  0.1, Workers: 4
[961.453s][debug][gc,phases      ] GC(42)     Dead                           Min: 0, Avg:  0.0, Max: 0, Diff: 0, Sum: 0, Workers: 4
[961.453s][debug][gc,phases      ] GC(42)     Total                          Min: 0, Avg: 2153.0, Max: 2944, Diff: 2944, Sum: 8612, Workers: 4
[961.453s][debug][gc,phases      ] GC(42)   JNI Weak                       Min:  0.0, Avg:  0.0, Max:  0.0, Diff:  0.0, Sum:  0.0, Workers: 4
[961.453s][debug][gc,phases      ] GC(42)     Dead                           Min: 0, Avg:  0.0, Max: 0, Diff: 0, Sum: 0, Workers: 4
[961.453s][debug][gc,phases      ] GC(42)     Total                          Min: 0, Avg: 11.2, Max: 45, Diff: 45, Sum: 45, Workers: 4
[961.453s][debug][gc,phases      ] GC(42)   StringDedup Table Weak         Min:  0.0, Avg:  0.0, Max:  0.0, Diff:  0.0, Sum:  0.0, Workers: 4
[961.453s][debug][gc,phases      ] GC(42)     Dead                           Min: 0, Avg:  0.0, Max: 0, Diff: 0, Sum: 0, Workers: 4
[961.453s][debug][gc,phases      ] GC(42)     Total                          Min: 0, Avg:  0.0, Max: 0, Diff: 0, Sum: 0, Workers: 4
[961.453s][debug][gc,phases      ] GC(42)   StringDedup Requests0 Weak     Min:  0.0, Avg:  0.0, Max:  0.0, Diff:  0.0, Sum:  0.0, Workers: 4
[961.453s][debug][gc,phases      ] GC(42)     Dead                           Min: 0, Avg:  0.0, Max: 0, Diff: 0, Sum: 0, Workers: 4
[961.453s][debug][gc,phases      ] GC(42)     Total                          Min: 0, Avg:  0.0, Max: 0, Diff: 0, Sum: 0, Workers: 4
[961.453s][debug][gc,phases      ] GC(42)   StringDedup Requests1 Weak     Min:  0.0, Avg:  0.0, Max:  0.0, Diff:  0.0, Sum:  0.0, Workers: 4
[961.453s][debug][gc,phases      ] GC(42)     Dead                           Min: 0, Avg:  0.0, Max: 0, Diff: 0, Sum: 0, Workers: 4
[961.453s][debug][gc,phases      ] GC(42)     Total                          Min: 0, Avg:  0.0, Max: 0, Diff: 0, Sum: 0, Workers: 4
[961.453s][debug][gc,phases      ] GC(42)   Weak JFR Old Object Samples    Min:  0.0, Avg:  0.0, Max:  0.0, Diff:  0.0, Sum:  0.0, Workers: 4
[961.453s][debug][gc,phases      ] GC(42)     Dead                           Min: 0, Avg:  0.0, Max: 0, Diff: 0, Sum: 0, Workers: 4
[961.453s][debug][gc,phases      ] GC(42)     Total                          Min: 0, Avg:  0.0, Max: 0, Diff: 0, Sum: 0, Workers: 4
[961.453s][debug][gc,phases      ] GC(42) Weak Processing 0.328ms
[961.453s][debug][gc,age         ] GC(42) Desired survivor size 170917888 bytes, new threshold 15 (max threshold 15)
[961.453s][info ][gc,heap        ] GC(42) PSYoungGen: 1815856K(1923584K)->65536K(1914368K) Eden: 1740800K(1740800K)->0K(1740800K) From: 75056K(182784K)->65536K(173568K)
[961.453s][info ][gc,heap        ] GC(42) ParOldGen: 423548K(516608K)->441856K(516608K)
[961.453s][info ][gc,metaspace   ] GC(42) Metaspace: 79089K(80064K)->79089K(80064K) NonClass: 67887K(68416K)->67887K(68416K) Class: 11202K(11648K)->11202K(11648K)
[961.453s][info ][gc             ] GC(42) Pause Young (Allocation Failure) 2186M->495M(2374M) 24.076ms
[961.453s][info ][gc,cpu         ] GC(42) User=0.08s Sys=0.01s Real=0.03s
[961.453s][info ][safepoint      ] Safepoint "ParallelGCFailedAllocation", Time since last: 5810673369 ns, Reaching safepoint: 100001 ns, At safepoint: 24155676 ns, Total: 24255677 ns
[981.454s][info ][safepoint      ] Safepoint "Cleanup", Time since last: 20001201287 ns, Reaching safepoint: 49500 ns, At safepoint: 7900 ns, Total: 57400 ns
[982.454s][info ][safepoint      ] Safepoint "Cleanup", Time since last: 1000102846 ns, Reaching safepoint: 33800 ns, At safepoint: 7000 ns, Total: 40800 ns
[983.454s][info ][safepoint      ] Safepoint "Cleanup", Time since last: 1000103947 ns, Reaching safepoint: 36901 ns, At safepoint: 7800 ns, Total: 44701 ns
[984.454s][info ][safepoint      ] Safepoint "Cleanup", Time since last: 1000069848 ns, Reaching safepoint: 45600 ns, At safepoint: 2700 ns, Total: 48300 ns
[994.455s][info ][safepoint      ] Safepoint "Cleanup", Time since last: 10000571165 ns, Reaching safepoint: 70901 ns, At safepoint: 2400 ns, Total: 73301 ns
[1004.456s][info ][safepoint      ] Safepoint "Cleanup", Time since last: 10000642612 ns, Reaching safepoint: 48101 ns, At safepoint: 8300 ns, Total: 56401 ns
[1006.456s][info ][safepoint      ] Safepoint "Cleanup", Time since last: 2000186860 ns, Reaching safepoint: 50801 ns, At safepoint: 2500 ns, Total: 53301 ns
[1008.456s][info ][safepoint      ] Safepoint "Cleanup", Time since last: 2000111365 ns, Reaching safepoint: 42000 ns, At safepoint: 8500 ns, Total: 50500 ns
[1008.669s][info ][gc,start       ] GC(43) Pause Young (Allocation Failure)
[1008.686s][debug][gc,phases      ] GC(43) Scavenge 16.629ms
[1008.686s][debug][gc,ref         ] GC(43) Skipped phase 1 of Reference Processing: no references
[1008.686s][debug][gc,ref         ] GC(43) ReferenceProcessor::execute queues: 1, RefProcThreadModel::Single, marks_oops_alive: false
[1008.686s][debug][gc,ref         ] GC(43) Skipped phase 3 of Reference Processing: no references
[1008.686s][debug][gc,ref         ] GC(43) ReferenceProcessor::execute queues: 1, RefProcThreadModel::Single, marks_oops_alive: false
[1008.686s][debug][gc,phases      ] GC(43) Reference Processing 0.124ms
[1008.686s][debug][gc,phases      ] GC(43)   VM Weak                        Min:  0.0, Avg:  0.0, Max:  0.0, Diff:  0.0, Sum:  0.0, Workers: 4
[1008.686s][debug][gc,phases      ] GC(43)     Dead                           Min: 0, Avg:  0.0, Max: 0, Diff: 0, Sum: 0, Workers: 4
[1008.686s][debug][gc,phases      ] GC(43)     Total                          Min: 0, Avg: 188.0, Max: 512, Diff: 512, Sum: 752, Workers: 4
[1008.686s][debug][gc,phases      ] GC(43)   ObjectSynchronizer Weak        Min:  0.0, Avg:  0.0, Max:  0.0, Diff:  0.0, Sum:  0.0, Workers: 4
[1008.686s][debug][gc,phases      ] GC(43)     Dead                           Min: 0, Avg:  0.0, Max: 0, Diff: 0, Sum: 0, Workers: 4
[1008.686s][debug][gc,phases      ] GC(43)     Total                          Min: 0, Avg: 14.8, Max: 59, Diff: 59, Sum: 59, Workers: 4
[1008.686s][debug][gc,phases      ] GC(43)   JVMTI Tag Weak OopStorage      Min:  0.0, Avg:  0.0, Max:  0.0, Diff:  0.0, Sum:  0.0, Workers: 4
[1008.686s][debug][gc,phases      ] GC(43)     Dead                           Min: 0, Avg:  0.0, Max: 0, Diff: 0, Sum: 0, Workers: 4
[1008.686s][debug][gc,phases      ] GC(43)     Total                          Min: 0, Avg:  0.0, Max: 0, Diff: 0, Sum: 0, Workers: 4
[1008.686s][debug][gc,phases      ] GC(43)   StringTable Weak               Min:  0.0, Avg:  0.1, Max:  0.1, Diff:  0.1, Sum:  0.4, Workers: 4
[1008.686s][debug][gc,phases      ] GC(43)     Dead                           Min: 0, Avg:  0.0, Max: 0, Diff: 0, Sum: 0, Workers: 4
[1008.686s][debug][gc,phases      ] GC(43)     Total                          Min: 0, Avg: 10653.2, Max: 17078, Diff: 17078, Sum: 42613, Workers: 4
[1008.686s][debug][gc,phases      ] GC(43)   ResolvedMethodTable Weak       Min:  0.0, Avg:  0.0, Max:  0.0, Diff:  0.0, Sum:  0.1, Workers: 4
[1008.686s][debug][gc,phases      ] GC(43)     Dead                           Min: 0, Avg:  0.0, Max: 0, Diff: 0, Sum: 0, Workers: 4
[1008.686s][debug][gc,phases      ] GC(43)     Total                          Min: 0, Avg: 2153.0, Max: 3562, Diff: 3562, Sum: 8612, Workers: 4
[1008.686s][debug][gc,phases      ] GC(43)   JNI Weak                       Min:  0.0, Avg:  0.0, Max:  0.0, Diff:  0.0, Sum:  0.0, Workers: 4
[1008.686s][debug][gc,phases      ] GC(43)     Dead                           Min: 0, Avg:  0.0, Max: 0, Diff: 0, Sum: 0, Workers: 4
[1008.686s][debug][gc,phases      ] GC(43)     Total                          Min: 0, Avg: 11.2, Max: 45, Diff: 45, Sum: 45, Workers: 4
[1008.686s][debug][gc,phases      ] GC(43)   StringDedup Table Weak         Min:  0.0, Avg:  0.0, Max:  0.0, Diff:  0.0, Sum:  0.0, Workers: 4
[1008.686s][debug][gc,phases      ] GC(43)     Dead                           Min: 0, Avg:  0.0, Max: 0, Diff: 0, Sum: 0, Workers: 4
[1008.686s][debug][gc,phases      ] GC(43)     Total                          Min: 0, Avg:  0.0, Max: 0, Diff: 0, Sum: 0, Workers: 4
[1008.686s][debug][gc,phases      ] GC(43)   StringDedup Requests0 Weak     Min:  0.0, Avg:  0.0, Max:  0.0, Diff:  0.0, Sum:  0.0, Workers: 4
[1008.686s][debug][gc,phases      ] GC(43)     Dead                           Min: 0, Avg:  0.0, Max: 0, Diff: 0, Sum: 0, Workers: 4
[1008.686s][debug][gc,phases      ] GC(43)     Total                          Min: 0, Avg:  0.0, Max: 0, Diff: 0, Sum: 0, Workers: 4
[1008.686s][debug][gc,phases      ] GC(43)   StringDedup Requests1 Weak     Min:  0.0, Avg:  0.0, Max:  0.0, Diff:  0.0, Sum:  0.0, Workers: 4
[1008.686s][debug][gc,phases      ] GC(43)     Dead                           Min: 0, Avg:  0.0, Max: 0, Diff: 0, Sum: 0, Workers: 4
[1008.686s][debug][gc,phases      ] GC(43)     Total                          Min: 0, Avg:  0.0, Max: 0, Diff: 0, Sum: 0, Workers: 4
[1008.686s][debug][gc,phases      ] GC(43)   Weak JFR Old Object Samples    Min:  0.0, Avg:  0.0, Max:  0.0, Diff:  0.0, Sum:  0.0, Workers: 4
[1008.686s][debug][gc,phases      ] GC(43)     Dead                           Min: 0, Avg:  0.0, Max: 0, Diff: 0, Sum: 0, Workers: 4
[1008.686s][debug][gc,phases      ] GC(43)     Total                          Min: 0, Avg:  0.0, Max: 0, Diff: 0, Sum: 0, Workers: 4
[1008.686s][debug][gc,phases      ] GC(43) Weak Processing 0.326ms
[1008.686s][debug][gc,age         ] GC(43) Desired survivor size 164102144 bytes, new threshold 15 (max threshold 15)
[1008.686s][info ][gc,heap        ] GC(43) PSYoungGen: 1806336K(1914368K)->64912K(1936896K) Eden: 1740800K(1740800K)->0K(1769984K) From: 65536K(173568K)->64912K(166912K)
[1008.686s][info ][gc,heap        ] GC(43) ParOldGen: 441856K(516608K)->442744K(516608K)
[1008.686s][info ][gc,metaspace   ] GC(43) Metaspace: 79106K(80064K)->79106K(80064K) NonClass: 67904K(68416K)->67904K(68416K) Class: 11202K(11648K)->11202K(11648K)
[1008.686s][info ][gc             ] GC(43) Pause Young (Allocation Failure) 2195M->495M(2396M) 17.203ms
[1008.686s][info ][gc,cpu         ] GC(43) User=0.07s Sys=0.00s Real=0.02s
[1008.686s][info ][safepoint      ] Safepoint "ParallelGCFailedAllocation", Time since last: 212738271 ns, Reaching safepoint: 24300 ns, At safepoint: 17280028 ns, Total: 17304328 ns
[1010.686s][info ][safepoint      ] Safepoint "Cleanup", Time since last: 2000130872 ns, Reaching safepoint: 41800 ns, At safepoint: 4500 ns, Total: 46300 ns
[1019.687s][info ][safepoint      ] Safepoint "Cleanup", Time since last: 9000607445 ns, Reaching safepoint: 44000 ns, At safepoint: 7600 ns, Total: 51600 ns
[1021.687s][info ][safepoint      ] Safepoint "Cleanup", Time since last: 2000167503 ns, Reaching safepoint: 40901 ns, At safepoint: 4000 ns, Total: 44901 ns
[1023.687s][info ][safepoint      ] Safepoint "Cleanup", Time since last: 2000171709 ns, Reaching safepoint: 43300 ns, At safepoint: 1800 ns, Total: 45100 ns
[1024.688s][info ][safepoint      ] Safepoint "Cleanup", Time since last: 1000091806 ns, Reaching safepoint: 42901 ns, At safepoint: 4300 ns, Total: 47201 ns
[1026.688s][info ][safepoint      ] Safepoint "Cleanup", Time since last: 2000160617 ns, Reaching safepoint: 37100 ns, At safepoint: 3900 ns, Total: 41000 ns
[1034.688s][info ][safepoint      ] Safepoint "Cleanup", Time since last: 8000507623 ns, Reaching safepoint: 30800 ns, At safepoint: 2800 ns, Total: 33600 ns
[1039.689s][info ][safepoint      ] Safepoint "Cleanup", Time since last: 5000344321 ns, Reaching safepoint: 38300 ns, At safepoint: 2400 ns, Total: 40700 ns
[1041.689s][info ][safepoint      ] Safepoint "Cleanup", Time since last: 2000183358 ns, Reaching safepoint: 36301 ns, At safepoint: 3500 ns, Total: 39801 ns
[1050.689s][info ][safepoint      ] Safepoint "Cleanup", Time since last: 9000555225 ns, Reaching safepoint: 36401 ns, At safepoint: 4000 ns, Total: 40401 ns
[1051.690s][info ][safepoint      ] Safepoint "Cleanup", Time since last: 1000102143 ns, Reaching safepoint: 38600 ns, At safepoint: 4400 ns, Total: 43000 ns
[1052.690s][info ][safepoint      ] Safepoint "Cleanup", Time since last: 1000100545 ns, Reaching safepoint: 43300 ns, At safepoint: 8200 ns, Total: 51500 ns
[1057.690s][info ][safepoint      ] Safepoint "Cleanup", Time since last: 5000355640 ns, Reaching safepoint: 29301 ns, At safepoint: 3000 ns, Total: 32301 ns
[1061.328s][info ][gc,start       ] GC(44) Pause Young (Allocation Failure)
[1061.349s][debug][gc,phases      ] GC(44) Scavenge 20.372ms
[1061.349s][debug][gc,ref         ] GC(44) Skipped phase 1 of Reference Processing: no references
[1061.349s][debug][gc,ref         ] GC(44) ReferenceProcessor::execute queues: 1, RefProcThreadModel::Single, marks_oops_alive: false
[1061.349s][debug][gc,ref         ] GC(44) Skipped phase 3 of Reference Processing: no references
[1061.349s][debug][gc,ref         ] GC(44) ReferenceProcessor::execute queues: 1, RefProcThreadModel::Single, marks_oops_alive: false
[1061.349s][debug][gc,phases      ] GC(44) Reference Processing 0.096ms
[1061.349s][debug][gc,phases      ] GC(44)   VM Weak                        Min:  0.0, Avg:  0.0, Max:  0.0, Diff:  0.0, Sum:  0.0, Workers: 4
[1061.349s][debug][gc,phases      ] GC(44)     Dead                           Min: 0, Avg:  0.0, Max: 0, Diff: 0, Sum: 0, Workers: 4
[1061.349s][debug][gc,phases      ] GC(44)     Total                          Min: 0, Avg: 188.0, Max: 512, Diff: 512, Sum: 752, Workers: 4
[1061.349s][debug][gc,phases      ] GC(44)   ObjectSynchronizer Weak        Min:  0.0, Avg:  0.0, Max:  0.0, Diff:  0.0, Sum:  0.0, Workers: 4
[1061.349s][debug][gc,phases      ] GC(44)     Dead                           Min: 0, Avg:  0.0, Max: 0, Diff: 0, Sum: 0, Workers: 4
[1061.349s][debug][gc,phases      ] GC(44)     Total                          Min: 0, Avg: 14.8, Max: 59, Diff: 59, Sum: 59, Workers: 4
[1061.349s][debug][gc,phases      ] GC(44)   JVMTI Tag Weak OopStorage      Min:  0.0, Avg:  0.0, Max:  0.0, Diff:  0.0, Sum:  0.0, Workers: 4
[1061.349s][debug][gc,phases      ] GC(44)     Dead                           Min: 0, Avg:  0.0, Max: 0, Diff: 0, Sum: 0, Workers: 4
[1061.349s][debug][gc,phases      ] GC(44)     Total                          Min: 0, Avg:  0.0, Max: 0, Diff: 0, Sum: 0, Workers: 4
[1061.349s][debug][gc,phases      ] GC(44)   StringTable Weak               Min:  0.0, Avg:  0.1, Max:  0.1, Diff:  0.1, Sum:  0.4, Workers: 4
[1061.349s][debug][gc,phases      ] GC(44)     Dead                           Min: 0, Avg:  0.0, Max: 0, Diff: 0, Sum: 0, Workers: 4
[1061.349s][debug][gc,phases      ] GC(44)     Total                          Min: 0, Avg: 10653.2, Max: 15168, Diff: 15168, Sum: 42613, Workers: 4
[1061.349s][debug][gc,phases      ] GC(44)   ResolvedMethodTable Weak       Min:  0.0, Avg:  0.0, Max:  0.0, Diff:  0.0, Sum:  0.1, Workers: 4
[1061.349s][debug][gc,phases      ] GC(44)     Dead                           Min: 0, Avg:  0.0, Max: 0, Diff: 0, Sum: 0, Workers: 4
[1061.349s][debug][gc,phases      ] GC(44)     Total                          Min: 0, Avg: 2153.0, Max: 2944, Diff: 2944, Sum: 8612, Workers: 4
[1061.349s][debug][gc,phases      ] GC(44)   JNI Weak                       Min:  0.0, Avg:  0.0, Max:  0.0, Diff:  0.0, Sum:  0.0, Workers: 4
[1061.349s][debug][gc,phases      ] GC(44)     Dead                           Min: 0, Avg:  0.0, Max: 0, Diff: 0, Sum: 0, Workers: 4
[1061.349s][debug][gc,phases      ] GC(44)     Total                          Min: 0, Avg: 11.2, Max: 45, Diff: 45, Sum: 45, Workers: 4
[1061.349s][debug][gc,phases      ] GC(44)   StringDedup Table Weak         Min:  0.0, Avg:  0.0, Max:  0.0, Diff:  0.0, Sum:  0.0, Workers: 4
[1061.349s][debug][gc,phases      ] GC(44)     Dead                           Min: 0, Avg:  0.0, Max: 0, Diff: 0, Sum: 0, Workers: 4
[1061.349s][debug][gc,phases      ] GC(44)     Total                          Min: 0, Avg:  0.0, Max: 0, Diff: 0, Sum: 0, Workers: 4
[1061.349s][debug][gc,phases      ] GC(44)   StringDedup Requests0 Weak     Min:  0.0, Avg:  0.0, Max:  0.0, Diff:  0.0, Sum:  0.0, Workers: 4
[1061.349s][debug][gc,phases      ] GC(44)     Dead                           Min: 0, Avg:  0.0, Max: 0, Diff: 0, Sum: 0, Workers: 4
[1061.349s][debug][gc,phases      ] GC(44)     Total                          Min: 0, Avg:  0.0, Max: 0, Diff: 0, Sum: 0, Workers: 4
[1061.349s][debug][gc,phases      ] GC(44)   StringDedup Requests1 Weak     Min:  0.0, Avg:  0.0, Max:  0.0, Diff:  0.0, Sum:  0.0, Workers: 4
[1061.349s][debug][gc,phases      ] GC(44)     Dead                           Min: 0, Avg:  0.0, Max: 0, Diff: 0, Sum: 0, Workers: 4
[1061.349s][debug][gc,phases      ] GC(44)     Total                          Min: 0, Avg:  0.0, Max: 0, Diff: 0, Sum: 0, Workers: 4
[1061.349s][debug][gc,phases      ] GC(44)   Weak JFR Old Object Samples    Min:  0.0, Avg:  0.0, Max:  0.0, Diff:  0.0, Sum:  0.0, Workers: 4
[1061.349s][debug][gc,phases      ] GC(44)     Dead                           Min: 0, Avg:  0.0, Max: 0, Diff: 0, Sum: 0, Workers: 4
[1061.349s][debug][gc,phases      ] GC(44)     Total                          Min: 0, Avg:  0.0, Max: 0, Diff: 0, Sum: 0, Workers: 4
[1061.349s][debug][gc,phases      ] GC(44) Weak Processing 0.324ms
[1061.349s][debug][gc,age         ] GC(44) Desired survivor size 160432128 bytes, new threshold 15 (max threshold 15)
[1061.349s][info ][gc,heap        ] GC(44) PSYoungGen: 1834896K(1936896K)->50400K(1930240K) Eden: 1769984K(1769984K)->0K(1769984K) From: 64912K(166912K)->50400K(160256K)
[1061.349s][info ][gc,heap        ] GC(44) ParOldGen: 442744K(516608K)->458329K(516608K)
[1061.349s][info ][gc,metaspace   ] GC(44) Metaspace: 79127K(80064K)->79127K(80064K) NonClass: 67925K(68416K)->67925K(68416K) Class: 11202K(11648K)->11202K(11648K)
[1061.349s][info ][gc             ] GC(44) Pause Young (Allocation Failure) 2224M->496M(2389M) 20.906ms
[1061.349s][info ][gc,cpu         ] GC(44) User=0.06s Sys=0.00s Real=0.02s
[1061.349s][info ][safepoint      ] Safepoint "ParallelGCFailedAllocation", Time since last: 3637861413 ns, Reaching safepoint: 99001 ns, At safepoint: 20981956 ns, Total: 21080957 ns
[1067.350s][info ][safepoint      ] Safepoint "Cleanup", Time since last: 6000432660 ns, Reaching safepoint: 54601 ns, At safepoint: 4400 ns, Total: 59001 ns
[1070.350s][info ][safepoint      ] Safepoint "Cleanup", Time since last: 3000223797 ns, Reaching safepoint: 51900 ns, At safepoint: 2300 ns, Total: 54200 ns
[1078.351s][info ][safepoint      ] Safepoint "Cleanup", Time since last: 8000584281 ns, Reaching safepoint: 50501 ns, At safepoint: 2800 ns, Total: 53301 ns
[1080.351s][info ][safepoint      ] Safepoint "Cleanup", Time since last: 2000174858 ns, Reaching safepoint: 51600 ns, At safepoint: 2500 ns, Total: 54100 ns
[1081.351s][info ][safepoint      ] Safepoint "Cleanup", Time since last: 1000104081 ns, Reaching safepoint: 37900 ns, At safepoint: 2700 ns, Total: 40600 ns
[1082.351s][info ][safepoint      ] Safepoint "Cleanup", Time since last: 1000110583 ns, Reaching safepoint: 58000 ns, At safepoint: 3400 ns, Total: 61400 ns
[1083.351s][info ][safepoint      ] Safepoint "Cleanup", Time since last: 1000115384 ns, Reaching safepoint: 38500 ns, At safepoint: 2800 ns, Total: 41300 ns
[1084.351s][info ][safepoint      ] Safepoint "Cleanup", Time since last: 1000115385 ns, Reaching safepoint: 55800 ns, At safepoint: 2400 ns, Total: 58200 ns
[1086.352s][info ][safepoint      ] Safepoint "Cleanup", Time since last: 2000173773 ns, Reaching safepoint: 40500 ns, At safepoint: 2700 ns, Total: 43200 ns
[1087.352s][info ][safepoint      ] Safepoint "Cleanup", Time since last: 1000101589 ns, Reaching safepoint: 43500 ns, At safepoint: 2400 ns, Total: 45900 ns
[1088.352s][info ][safepoint      ] Safepoint "Cleanup", Time since last: 1000112190 ns, Reaching safepoint: 49900 ns, At safepoint: 3000 ns, Total: 52900 ns
[1090.586s][info ][gc,start       ] GC(45) Pause Young (Allocation Failure)
[1090.606s][debug][gc,phases      ] GC(45) Scavenge 20.021ms
[1090.606s][debug][gc,ref         ] GC(45) Skipped phase 1 of Reference Processing: no references
[1090.606s][debug][gc,ref         ] GC(45) ReferenceProcessor::execute queues: 1, RefProcThreadModel::Single, marks_oops_alive: false
[1090.606s][debug][gc,ref         ] GC(45) Skipped phase 3 of Reference Processing: no references
[1090.606s][debug][gc,ref         ] GC(45) ReferenceProcessor::execute queues: 1, RefProcThreadModel::Single, marks_oops_alive: false
[1090.606s][debug][gc,phases      ] GC(45) Reference Processing 0.115ms
[1090.607s][debug][gc,phases      ] GC(45)   VM Weak                        Min:  0.0, Avg:  0.0, Max:  0.0, Diff:  0.0, Sum:  0.0, Workers: 4
[1090.607s][debug][gc,phases      ] GC(45)     Dead                           Min: 0, Avg:  0.0, Max: 0, Diff: 0, Sum: 0, Workers: 4
[1090.607s][debug][gc,phases      ] GC(45)     Total                          Min: 0, Avg: 188.0, Max: 752, Diff: 752, Sum: 752, Workers: 4
[1090.607s][debug][gc,phases      ] GC(45)   ObjectSynchronizer Weak        Min:  0.0, Avg:  0.0, Max:  0.0, Diff:  0.0, Sum:  0.0, Workers: 4
[1090.607s][debug][gc,phases      ] GC(45)     Dead                           Min: 0, Avg:  0.0, Max: 0, Diff: 0, Sum: 0, Workers: 4
[1090.607s][debug][gc,phases      ] GC(45)     Total                          Min: 0, Avg: 14.8, Max: 59, Diff: 59, Sum: 59, Workers: 4
[1090.607s][debug][gc,phases      ] GC(45)   JVMTI Tag Weak OopStorage      Min:  0.0, Avg:  0.0, Max:  0.0, Diff:  0.0, Sum:  0.0, Workers: 4
[1090.607s][debug][gc,phases      ] GC(45)     Dead                           Min: 0, Avg:  0.0, Max: 0, Diff: 0, Sum: 0, Workers: 4
[1090.607s][debug][gc,phases      ] GC(45)     Total                          Min: 0, Avg:  0.0, Max: 0, Diff: 0, Sum: 0, Workers: 4
[1090.607s][debug][gc,phases      ] GC(45)   StringTable Weak               Min:  0.1, Avg:  0.1, Max:  0.1, Diff:  0.0, Sum:  0.4, Workers: 4
[1090.607s][debug][gc,phases      ] GC(45)     Dead                           Min: 0, Avg:  0.0, Max: 0, Diff: 0, Sum: 0, Workers: 4
[1090.607s][debug][gc,phases      ] GC(45)     Total                          Min: 10048, Avg: 10658.2, Max: 11136, Diff: 1088, Sum: 42633, Workers: 4
[1090.607s][debug][gc,phases      ] GC(45)   ResolvedMethodTable Weak       Min:  0.0, Avg:  0.0, Max:  0.0, Diff:  0.0, Sum:  0.1, Workers: 4
[1090.607s][debug][gc,phases      ] GC(45)     Dead                           Min: 0, Avg:  0.0, Max: 0, Diff: 0, Sum: 0, Workers: 4
[1090.607s][debug][gc,phases      ] GC(45)     Total                          Min: 1728, Avg: 2153.8, Max: 2362, Diff: 634, Sum: 8615, Workers: 4
[1090.607s][debug][gc,phases      ] GC(45)   JNI Weak                       Min:  0.0, Avg:  0.0, Max:  0.0, Diff:  0.0, Sum:  0.0, Workers: 4
[1090.607s][debug][gc,phases      ] GC(45)     Dead                           Min: 0, Avg:  0.0, Max: 0, Diff: 0, Sum: 0, Workers: 4
[1090.607s][debug][gc,phases      ] GC(45)     Total                          Min: 0, Avg: 11.2, Max: 45, Diff: 45, Sum: 45, Workers: 4
[1090.607s][debug][gc,phases      ] GC(45)   StringDedup Table Weak         Min:  0.0, Avg:  0.0, Max:  0.0, Diff:  0.0, Sum:  0.0, Workers: 4
[1090.607s][debug][gc,phases      ] GC(45)     Dead                           Min: 0, Avg:  0.0, Max: 0, Diff: 0, Sum: 0, Workers: 4
[1090.607s][debug][gc,phases      ] GC(45)     Total                          Min: 0, Avg:  0.0, Max: 0, Diff: 0, Sum: 0, Workers: 4
[1090.607s][debug][gc,phases      ] GC(45)   StringDedup Requests0 Weak     Min:  0.0, Avg:  0.0, Max:  0.0, Diff:  0.0, Sum:  0.0, Workers: 4
[1090.607s][debug][gc,phases      ] GC(45)     Dead                           Min: 0, Avg:  0.0, Max: 0, Diff: 0, Sum: 0, Workers: 4
[1090.607s][debug][gc,phases      ] GC(45)     Total                          Min: 0, Avg:  0.0, Max: 0, Diff: 0, Sum: 0, Workers: 4
[1090.607s][debug][gc,phases      ] GC(45)   StringDedup Requests1 Weak     Min:  0.0, Avg:  0.0, Max:  0.0, Diff:  0.0, Sum:  0.0, Workers: 4
[1090.607s][debug][gc,phases      ] GC(45)     Dead                           Min: 0, Avg:  0.0, Max: 0, Diff: 0, Sum: 0, Workers: 4
[1090.607s][debug][gc,phases      ] GC(45)     Total                          Min: 0, Avg:  0.0, Max: 0, Diff: 0, Sum: 0, Workers: 4
[1090.607s][debug][gc,phases      ] GC(45)   Weak JFR Old Object Samples    Min:  0.0, Avg:  0.0, Max:  0.0, Diff:  0.0, Sum:  0.0, Workers: 4
[1090.607s][debug][gc,phases      ] GC(45)     Dead                           Min: 0, Avg:  0.0, Max: 0, Diff: 0, Sum: 0, Workers: 4
[1090.607s][debug][gc,phases      ] GC(45)     Total                          Min: 0, Avg:  0.0, Max: 0, Diff: 0, Sum: 0, Workers: 4
[1090.607s][debug][gc,phases      ] GC(45) Weak Processing 0.301ms
[1090.607s][debug][gc,age         ] GC(45) Desired survivor size 153616384 bytes, new threshold 15 (max threshold 15)
[1090.607s][info ][gc,heap        ] GC(45) PSYoungGen: 1820384K(1930240K)->65632K(1947136K) Eden: 1769984K(1769984K)->0K(1790464K) From: 50400K(160256K)->65632K(156672K)
[1090.607s][info ][gc,heap        ] GC(45) ParOldGen: 458329K(516608K)->458521K(516608K)
[1090.607s][info ][gc,metaspace   ] GC(45) Metaspace: 79164K(80064K)->79164K(80064K) NonClass: 67960K(68416K)->67960K(68416K) Class: 11203K(11648K)->11203K(11648K)
[1090.607s][info ][gc             ] GC(45) Pause Young (Allocation Failure) 2225M->511M(2406M) 20.571ms
[1090.607s][info ][gc,cpu         ] GC(45) User=0.07s Sys=0.00s Real=0.02s
[1090.607s][info ][safepoint      ] Safepoint "ParallelGCFailedAllocation", Time since last: 2234133836 ns, Reaching safepoint: 37300 ns, At safepoint: 20640655 ns, Total: 20677955 ns
[1091.607s][info ][safepoint      ] Safepoint "Cleanup", Time since last: 1000079393 ns, Reaching safepoint: 49100 ns, At safepoint: 2900 ns, Total: 52000 ns
[1092.607s][info ][safepoint      ] Safepoint "Cleanup", Time since last: 1000085295 ns, Reaching safepoint: 40500 ns, At safepoint: 3400 ns, Total: 43900 ns
[1093.607s][info ][safepoint      ] Safepoint "Cleanup", Time since last: 1000089696 ns, Reaching safepoint: 40301 ns, At safepoint: 3200 ns, Total: 43501 ns
[1094.607s][info ][safepoint      ] Safepoint "Cleanup", Time since last: 1000101297 ns, Reaching safepoint: 33600 ns, At safepoint: 2900 ns, Total: 36500 ns
[1095.607s][info ][safepoint      ] Safepoint "Cleanup", Time since last: 1000113799 ns, Reaching safepoint: 27800 ns, At safepoint: 2500 ns, Total: 30300 ns
[1096.608s][info ][safepoint      ] Safepoint "Cleanup", Time since last: 1000106199 ns, Reaching safepoint: 42101 ns, At safepoint: 8800 ns, Total: 50901 ns
[1097.608s][info ][safepoint      ] Safepoint "Cleanup", Time since last: 1000104801 ns, Reaching safepoint: 33900 ns, At safepoint: 2700 ns, Total: 36600 ns
[1098.608s][info ][safepoint      ] Safepoint "Cleanup", Time since last: 1000110602 ns, Reaching safepoint: 44200 ns, At safepoint: 8100 ns, Total: 52300 ns
[1099.608s][info ][safepoint      ] Safepoint "Cleanup", Time since last: 1000098904 ns, Reaching safepoint: 63100 ns, At safepoint: 4000 ns, Total: 67100 ns
[1101.608s][info ][safepoint      ] Safepoint "Cleanup", Time since last: 2000134710 ns, Reaching safepoint: 108401 ns, At safepoint: 30000 ns, Total: 138401 ns
[1102.608s][info ][safepoint      ] Safepoint "Cleanup", Time since last: 1000099507 ns, Reaching safepoint: 52300 ns, At safepoint: 4300 ns, Total: 56600 ns
[1104.609s][info ][safepoint      ] Safepoint "Cleanup", Time since last: 2000145317 ns, Reaching safepoint: 45600 ns, At safepoint: 17600 ns, Total: 63200 ns
[1109.609s][info ][safepoint      ] Safepoint "Cleanup", Time since last: 5000363763 ns, Reaching safepoint: 43500 ns, At safepoint: 2900 ns, Total: 46400 ns
[1110.609s][info ][safepoint      ] Safepoint "Cleanup", Time since last: 1000085316 ns, Reaching safepoint: 46301 ns, At safepoint: 2200 ns, Total: 48501 ns
[1119.610s][info ][safepoint      ] Safepoint "Cleanup", Time since last: 9000623396 ns, Reaching safepoint: 36900 ns, At safepoint: 2500 ns, Total: 39400 ns
[1120.776s][info ][gc,start       ] GC(46) Pause Young (Allocation Failure)
[1120.791s][debug][gc,phases      ] GC(46) Scavenge 15.541ms
[1120.791s][debug][gc,ref         ] GC(46) Skipped phase 1 of Reference Processing: no references
[1120.791s][debug][gc,ref         ] GC(46) ReferenceProcessor::execute queues: 1, RefProcThreadModel::Single, marks_oops_alive: false
[1120.791s][debug][gc,ref         ] GC(46) Skipped phase 3 of Reference Processing: no references
[1120.791s][debug][gc,ref         ] GC(46) ReferenceProcessor::execute queues: 1, RefProcThreadModel::Single, marks_oops_alive: false
[1120.791s][debug][gc,phases      ] GC(46) Reference Processing 0.095ms
[1120.792s][debug][gc,phases      ] GC(46)   VM Weak                        Min:  0.0, Avg:  0.0, Max:  0.0, Diff:  0.0, Sum:  0.0, Workers: 4
[1120.792s][debug][gc,phases      ] GC(46)     Dead                           Min: 0, Avg:  0.0, Max: 0, Diff: 0, Sum: 0, Workers: 4
[1120.792s][debug][gc,phases      ] GC(46)     Total                          Min: 0, Avg: 188.0, Max: 496, Diff: 496, Sum: 752, Workers: 4
[1120.792s][debug][gc,phases      ] GC(46)   ObjectSynchronizer Weak        Min:  0.0, Avg:  0.0, Max:  0.0, Diff:  0.0, Sum:  0.0, Workers: 4
[1120.792s][debug][gc,phases      ] GC(46)     Dead                           Min: 0, Avg:  0.0, Max: 0, Diff: 0, Sum: 0, Workers: 4
[1120.792s][debug][gc,phases      ] GC(46)     Total                          Min: 0, Avg: 14.8, Max: 59, Diff: 59, Sum: 59, Workers: 4
[1120.792s][debug][gc,phases      ] GC(46)   JVMTI Tag Weak OopStorage      Min:  0.0, Avg:  0.0, Max:  0.0, Diff:  0.0, Sum:  0.0, Workers: 4
[1120.792s][debug][gc,phases      ] GC(46)     Dead                           Min: 0, Avg:  0.0, Max: 0, Diff: 0, Sum: 0, Workers: 4
[1120.792s][debug][gc,phases      ] GC(46)     Total                          Min: 0, Avg:  0.0, Max: 0, Diff: 0, Sum: 0, Workers: 4
[1120.792s][debug][gc,phases      ] GC(46)   StringTable Weak               Min:  0.1, Avg:  0.1, Max:  0.1, Diff:  0.0, Sum:  0.4, Workers: 4
[1120.792s][debug][gc,phases      ] GC(46)     Dead                           Min: 0, Avg:  0.0, Max: 0, Diff: 0, Sum: 0, Workers: 4
[1120.792s][debug][gc,phases      ] GC(46)     Total                          Min: 9600, Avg: 10658.2, Max: 11456, Diff: 1856, Sum: 42633, Workers: 4
[1120.792s][debug][gc,phases      ] GC(46)   ResolvedMethodTable Weak       Min:  0.0, Avg:  0.0, Max:  0.0, Diff:  0.0, Sum:  0.1, Workers: 4
[1120.792s][debug][gc,phases      ] GC(46)     Dead                           Min: 0, Avg:  0.0, Max: 0, Diff: 0, Sum: 0, Workers: 4
[1120.792s][debug][gc,phases      ] GC(46)     Total                          Min: 2094, Avg: 2153.8, Max: 2239, Diff: 145, Sum: 8615, Workers: 4
[1120.792s][debug][gc,phases      ] GC(46)   JNI Weak                       Min:  0.0, Avg:  0.0, Max:  0.0, Diff:  0.0, Sum:  0.0, Workers: 4
[1120.792s][debug][gc,phases      ] GC(46)     Dead                           Min: 0, Avg:  0.0, Max: 0, Diff: 0, Sum: 0, Workers: 4
[1120.792s][debug][gc,phases      ] GC(46)     Total                          Min: 0, Avg: 11.2, Max: 45, Diff: 45, Sum: 45, Workers: 4
[1120.792s][debug][gc,phases      ] GC(46)   StringDedup Table Weak         Min:  0.0, Avg:  0.0, Max:  0.0, Diff:  0.0, Sum:  0.0, Workers: 4
[1120.792s][debug][gc,phases      ] GC(46)     Dead                           Min: 0, Avg:  0.0, Max: 0, Diff: 0, Sum: 0, Workers: 4
[1120.792s][debug][gc,phases      ] GC(46)     Total                          Min: 0, Avg:  0.0, Max: 0, Diff: 0, Sum: 0, Workers: 4
[1120.792s][debug][gc,phases      ] GC(46)   StringDedup Requests0 Weak     Min:  0.0, Avg:  0.0, Max:  0.0, Diff:  0.0, Sum:  0.0, Workers: 4
[1120.792s][debug][gc,phases      ] GC(46)     Dead                           Min: 0, Avg:  0.0, Max: 0, Diff: 0, Sum: 0, Workers: 4
[1120.792s][debug][gc,phases      ] GC(46)     Total                          Min: 0, Avg:  0.0, Max: 0, Diff: 0, Sum: 0, Workers: 4
[1120.792s][debug][gc,phases      ] GC(46)   StringDedup Requests1 Weak     Min:  0.0, Avg:  0.0, Max:  0.0, Diff:  0.0, Sum:  0.0, Workers: 4
[1120.792s][debug][gc,phases      ] GC(46)     Dead                           Min: 0, Avg:  0.0, Max: 0, Diff: 0, Sum: 0, Workers: 4
[1120.792s][debug][gc,phases      ] GC(46)     Total                          Min: 0, Avg:  0.0, Max: 0, Diff: 0, Sum: 0, Workers: 4
[1120.792s][debug][gc,phases      ] GC(46)   Weak JFR Old Object Samples    Min:  0.0, Avg:  0.0, Max:  0.0, Diff:  0.0, Sum:  0.0, Workers: 4
[1120.792s][debug][gc,phases      ] GC(46)     Dead                           Min: 0, Avg:  0.0, Max: 0, Diff: 0, Sum: 0, Workers: 4
[1120.792s][debug][gc,phases      ] GC(46)     Total                          Min: 0, Avg:  0.0, Max: 0, Diff: 0, Sum: 0, Workers: 4
[1120.792s][debug][gc,phases      ] GC(46) Weak Processing 0.294ms
[1120.792s][debug][gc,age         ] GC(46) Desired survivor size 147324928 bytes, new threshold 15 (max threshold 15)
[1120.792s][info ][gc,heap        ] GC(46) PSYoungGen: 1856096K(1947136K)->65536K(1940480K) Eden: 1790464K(1790464K)->0K(1790464K) From: 65632K(156672K)->65536K(150016K)
[1120.792s][info ][gc,heap        ] GC(46) ParOldGen: 458521K(516608K)->458689K(516608K)
[1120.792s][info ][gc,metaspace   ] GC(46) Metaspace: 79188K(80128K)->79188K(80128K) NonClass: 67984K(68480K)->67984K(68480K) Class: 11203K(11648K)->11203K(11648K)
[1120.792s][info ][gc             ] GC(46) Pause Young (Allocation Failure) 2260M->511M(2399M) 16.045ms
[1120.792s][info ][gc,cpu         ] GC(46) User=0.06s Sys=0.00s Real=0.01s
[1120.792s][info ][safepoint      ] Safepoint "ParallelGCFailedAllocation", Time since last: 1165678075 ns, Reaching safepoint: 26100 ns, At safepoint: 16120421 ns, Total: 16146521 ns
[1127.792s][info ][safepoint      ] Safepoint "Cleanup", Time since last: 7000454227 ns, Reaching safepoint: 45000 ns, At safepoint: 5600 ns, Total: 50600 ns
[1140.793s][info ][safepoint      ] Safepoint "Cleanup", Time since last: 13000811267 ns, Reaching safepoint: 27900 ns, At safepoint: 2700 ns, Total: 30600 ns
[1143.793s][info ][safepoint      ] Safepoint "Cleanup", Time since last: 3000223658 ns, Reaching safepoint: 39400 ns, At safepoint: 4200 ns, Total: 43600 ns
[1144.793s][info ][safepoint      ] Safepoint "Cleanup", Time since last: 1000115255 ns, Reaching safepoint: 37601 ns, At safepoint: 3500 ns, Total: 41101 ns
[1147.794s][info ][safepoint      ] Safepoint "Cleanup", Time since last: 3000241971 ns, Reaching safepoint: 46900 ns, At safepoint: 8700 ns, Total: 55600 ns
[1156.233s][info ][gc,start       ] GC(47) Pause Young (Allocation Failure)
[1156.255s][debug][gc,phases      ] GC(47) Scavenge 22.132ms
[1156.255s][debug][gc,ref         ] GC(47) Skipped phase 1 of Reference Processing: no references
[1156.255s][debug][gc,ref         ] GC(47) ReferenceProcessor::execute queues: 1, RefProcThreadModel::Single, marks_oops_alive: false
[1156.255s][debug][gc,ref         ] GC(47) Skipped phase 3 of Reference Processing: no references
[1156.255s][debug][gc,ref         ] GC(47) ReferenceProcessor::execute queues: 1, RefProcThreadModel::Single, marks_oops_alive: false
[1156.255s][debug][gc,phases      ] GC(47) Reference Processing 0.108ms
[1156.255s][debug][gc,phases      ] GC(47)   VM Weak                        Min:  0.0, Avg:  0.0, Max:  0.0, Diff:  0.0, Sum:  0.0, Workers: 4
[1156.255s][debug][gc,phases      ] GC(47)     Dead                           Min: 0, Avg:  0.0, Max: 0, Diff: 0, Sum: 0, Workers: 4
[1156.255s][debug][gc,phases      ] GC(47)     Total                          Min: 0, Avg: 188.0, Max: 448, Diff: 448, Sum: 752, Workers: 4
[1156.255s][debug][gc,phases      ] GC(47)   ObjectSynchronizer Weak        Min:  0.0, Avg:  0.0, Max:  0.0, Diff:  0.0, Sum:  0.0, Workers: 4
[1156.255s][debug][gc,phases      ] GC(47)     Dead                           Min: 0, Avg:  0.0, Max: 0, Diff: 0, Sum: 0, Workers: 4
[1156.255s][debug][gc,phases      ] GC(47)     Total                          Min: 0, Avg: 14.8, Max: 59, Diff: 59, Sum: 59, Workers: 4
[1156.255s][debug][gc,phases      ] GC(47)   JVMTI Tag Weak OopStorage      Min:  0.0, Avg:  0.0, Max:  0.0, Diff:  0.0, Sum:  0.0, Workers: 4
[1156.255s][debug][gc,phases      ] GC(47)     Dead                           Min: 0, Avg:  0.0, Max: 0, Diff: 0, Sum: 0, Workers: 4
[1156.255s][debug][gc,phases      ] GC(47)     Total                          Min: 0, Avg:  0.0, Max: 0, Diff: 0, Sum: 0, Workers: 4
[1156.255s][debug][gc,phases      ] GC(47)   StringTable Weak               Min:  0.0, Avg:  0.1, Max:  0.2, Diff:  0.2, Sum:  0.4, Workers: 4
[1156.255s][debug][gc,phases      ] GC(47)     Dead                           Min: 0, Avg:  0.0, Max: 0, Diff: 0, Sum: 0, Workers: 4
[1156.255s][debug][gc,phases      ] GC(47)     Total                          Min: 0, Avg: 10658.2, Max: 21385, Diff: 21385, Sum: 42633, Workers: 4
[1156.255s][debug][gc,phases      ] GC(47)   ResolvedMethodTable Weak       Min:  0.0, Avg:  0.0, Max:  0.0, Diff:  0.0, Sum:  0.1, Workers: 4
[1156.255s][debug][gc,phases      ] GC(47)     Dead                           Min: 0, Avg:  0.0, Max: 0, Diff: 0, Sum: 0, Workers: 4
[1156.255s][debug][gc,phases      ] GC(47)     Total                          Min: 0, Avg: 2153.8, Max: 4397, Diff: 4397, Sum: 8615, Workers: 4
[1156.255s][debug][gc,phases      ] GC(47)   JNI Weak                       Min:  0.0, Avg:  0.0, Max:  0.0, Diff:  0.0, Sum:  0.0, Workers: 4
[1156.255s][debug][gc,phases      ] GC(47)     Dead                           Min: 0, Avg:  0.0, Max: 0, Diff: 0, Sum: 0, Workers: 4
[1156.255s][debug][gc,phases      ] GC(47)     Total                          Min: 0, Avg: 11.5, Max: 46, Diff: 46, Sum: 46, Workers: 4
[1156.255s][debug][gc,phases      ] GC(47)   StringDedup Table Weak         Min:  0.0, Avg:  0.0, Max:  0.0, Diff:  0.0, Sum:  0.0, Workers: 4
[1156.255s][debug][gc,phases      ] GC(47)     Dead                           Min: 0, Avg:  0.0, Max: 0, Diff: 0, Sum: 0, Workers: 4
[1156.255s][debug][gc,phases      ] GC(47)     Total                          Min: 0, Avg:  0.0, Max: 0, Diff: 0, Sum: 0, Workers: 4
[1156.255s][debug][gc,phases      ] GC(47)   StringDedup Requests0 Weak     Min:  0.0, Avg:  0.0, Max:  0.0, Diff:  0.0, Sum:  0.0, Workers: 4
[1156.255s][debug][gc,phases      ] GC(47)     Dead                           Min: 0, Avg:  0.0, Max: 0, Diff: 0, Sum: 0, Workers: 4
[1156.255s][debug][gc,phases      ] GC(47)     Total                          Min: 0, Avg:  0.0, Max: 0, Diff: 0, Sum: 0, Workers: 4
[1156.255s][debug][gc,phases      ] GC(47)   StringDedup Requests1 Weak     Min:  0.0, Avg:  0.0, Max:  0.0, Diff:  0.0, Sum:  0.0, Workers: 4
[1156.255s][debug][gc,phases      ] GC(47)     Dead                           Min: 0, Avg:  0.0, Max: 0, Diff: 0, Sum: 0, Workers: 4
[1156.255s][debug][gc,phases      ] GC(47)     Total                          Min: 0, Avg:  0.0, Max: 0, Diff: 0, Sum: 0, Workers: 4
[1156.255s][debug][gc,phases      ] GC(47)   Weak JFR Old Object Samples    Min:  0.0, Avg:  0.0, Max:  0.0, Diff:  0.0, Sum:  0.0, Workers: 4
[1156.255s][debug][gc,phases      ] GC(47)     Dead                           Min: 0, Avg:  0.0, Max: 0, Diff: 0, Sum: 0, Workers: 4
[1156.255s][debug][gc,phases      ] GC(47)     Total                          Min: 0, Avg:  0.0, Max: 0, Diff: 0, Sum: 0, Workers: 4
[1156.255s][debug][gc,phases      ] GC(47) Weak Processing 0.472ms
[1156.255s][debug][gc,age         ] GC(47) Desired survivor size 141557760 bytes, new threshold 15 (max threshold 15)
[1156.255s][info ][gc,heap        ] GC(47) PSYoungGen: 1856000K(1940480K)->65760K(1958912K) Eden: 1790464K(1790464K)->0K(1815040K) From: 65536K(150016K)->65760K(143872K)
[1156.255s][info ][gc,heap        ] GC(47) ParOldGen: 458689K(516608K)->458745K(516608K)
[1156.255s][info ][gc,metaspace   ] GC(47) Metaspace: 79197K(80128K)->79197K(80128K) NonClass: 67994K(68480K)->67994K(68480K) Class: 11203K(11648K)->11203K(11648K)
[1156.255s][info ][gc             ] GC(47) Pause Young (Allocation Failure) 2260M->512M(2417M) 22.833ms
[1156.255s][info ][gc,cpu         ] GC(47) User=0.07s Sys=0.00s Real=0.02s
[1156.255s][info ][safepoint      ] Safepoint "ParallelGCFailedAllocation", Time since last: 8438696718 ns, Reaching safepoint: 65001 ns, At safepoint: 22903173 ns, Total: 22968174 ns
[1158.256s][info ][safepoint      ] Safepoint "Cleanup", Time since last: 2000161438 ns, Reaching safepoint: 37700 ns, At safepoint: 2500 ns, Total: 40200 ns
[1159.256s][info ][safepoint      ] Safepoint "Cleanup", Time since last: 1000105571 ns, Reaching safepoint: 57100 ns, At safepoint: 2800 ns, Total: 59900 ns
[1161.049s][info ][safepoint      ] Safepoint "Cleanup", Time since last: 1793371679 ns, Reaching safepoint: 74100 ns, At safepoint: 3400 ns, Total: 77500 ns
[1165.050s][info ][safepoint      ] Safepoint "Cleanup", Time since last: 4000320400 ns, Reaching safepoint: 73201 ns, At safepoint: 7300 ns, Total: 80501 ns
[1166.050s][info ][safepoint      ] Safepoint "Cleanup", Time since last: 1000107178 ns, Reaching safepoint: 57100 ns, At safepoint: 7200 ns, Total: 64300 ns
[1169.050s][info ][safepoint      ] Safepoint "Cleanup", Time since last: 3000250239 ns, Reaching safepoint: 51401 ns, At safepoint: 4600 ns, Total: 56001 ns
[1176.051s][info ][safepoint      ] Safepoint "Cleanup", Time since last: 7000492994 ns, Reaching safepoint: 56600 ns, At safepoint: 3800 ns, Total: 60400 ns
[1177.051s][info ][safepoint      ] Safepoint "Cleanup", Time since last: 1000098389 ns, Reaching safepoint: 37601 ns, At safepoint: 2300 ns, Total: 39901 ns
[1179.051s][info ][safepoint      ] Safepoint "Cleanup", Time since last: 2000176081 ns, Reaching safepoint: 48701 ns, At safepoint: 4100 ns, Total: 52801 ns
[1180.051s][info ][safepoint      ] Safepoint "Cleanup", Time since last: 1000106392 ns, Reaching safepoint: 111601 ns, At safepoint: 5500 ns, Total: 117101 ns
[1182.052s][info ][safepoint      ] Safepoint "Cleanup", Time since last: 2000172987 ns, Reaching safepoint: 52701 ns, At safepoint: 3400 ns, Total: 56101 ns
[1183.052s][info ][safepoint      ] Safepoint "Cleanup", Time since last: 1000125695 ns, Reaching safepoint: 36801 ns, At safepoint: 3200 ns, Total: 40001 ns
[1185.052s][info ][safepoint      ] Safepoint "Cleanup", Time since last: 2000157693 ns, Reaching safepoint: 46300 ns, At safepoint: 4000 ns, Total: 50300 ns
[1186.052s][info ][safepoint      ] Safepoint "Cleanup", Time since last: 1000096499 ns, Reaching safepoint: 45900 ns, At safepoint: 7900 ns, Total: 53800 ns
[1188.052s][info ][safepoint      ] Safepoint "Cleanup", Time since last: 2000178600 ns, Reaching safepoint: 42800 ns, At safepoint: 3900 ns, Total: 46700 ns
[1189.052s][info ][safepoint      ] Safepoint "Cleanup", Time since last: 1000119602 ns, Reaching safepoint: 48000 ns, At safepoint: 4800 ns, Total: 52800 ns
[1191.534s][info ][gc,start       ] GC(48) Pause Young (Allocation Failure)
[1191.551s][debug][gc,phases      ] GC(48) Scavenge 17.143ms
[1191.551s][debug][gc,ref         ] GC(48) Skipped phase 1 of Reference Processing: no references
[1191.551s][debug][gc,ref         ] GC(48) ReferenceProcessor::execute queues: 1, RefProcThreadModel::Single, marks_oops_alive: false
[1191.551s][debug][gc,ref         ] GC(48) Skipped phase 3 of Reference Processing: no references
[1191.551s][debug][gc,ref         ] GC(48) ReferenceProcessor::execute queues: 1, RefProcThreadModel::Single, marks_oops_alive: false
[1191.551s][debug][gc,phases      ] GC(48) Reference Processing 0.095ms
[1191.551s][debug][gc,phases      ] GC(48)   VM Weak                        Min:  0.0, Avg:  0.0, Max:  0.0, Diff:  0.0, Sum:  0.0, Workers: 4
[1191.551s][debug][gc,phases      ] GC(48)     Dead                           Min: 0, Avg:  0.0, Max: 0, Diff: 0, Sum: 0, Workers: 4
[1191.551s][debug][gc,phases      ] GC(48)     Total                          Min: 0, Avg: 188.0, Max: 320, Diff: 320, Sum: 752, Workers: 4
[1191.551s][debug][gc,phases      ] GC(48)   ObjectSynchronizer Weak        Min:  0.0, Avg:  0.0, Max:  0.0, Diff:  0.0, Sum:  0.0, Workers: 4
[1191.551s][debug][gc,phases      ] GC(48)     Dead                           Min: 0, Avg:  0.0, Max: 0, Diff: 0, Sum: 0, Workers: 4
[1191.551s][debug][gc,phases      ] GC(48)     Total                          Min: 0, Avg: 14.8, Max: 59, Diff: 59, Sum: 59, Workers: 4
[1191.551s][debug][gc,phases      ] GC(48)   JVMTI Tag Weak OopStorage      Min:  0.0, Avg:  0.0, Max:  0.0, Diff:  0.0, Sum:  0.0, Workers: 4
[1191.551s][debug][gc,phases      ] GC(48)     Dead                           Min: 0, Avg:  0.0, Max: 0, Diff: 0, Sum: 0, Workers: 4
[1191.551s][debug][gc,phases      ] GC(48)     Total                          Min: 0, Avg:  0.0, Max: 0, Diff: 0, Sum: 0, Workers: 4
[1191.551s][debug][gc,phases      ] GC(48)   StringTable Weak               Min:  0.0, Avg:  0.1, Max:  0.1, Diff:  0.1, Sum:  0.4, Workers: 4
[1191.551s][debug][gc,phases      ] GC(48)     Dead                           Min: 0, Avg:  0.0, Max: 0, Diff: 0, Sum: 0, Workers: 4
[1191.551s][debug][gc,phases      ] GC(48)     Total                          Min: 0, Avg: 10661.2, Max: 14848, Diff: 14848, Sum: 42645, Workers: 4
[1191.551s][debug][gc,phases      ] GC(48)   ResolvedMethodTable Weak       Min:  0.0, Avg:  0.0, Max:  0.0, Diff:  0.0, Sum:  0.1, Workers: 4
[1191.551s][debug][gc,phases      ] GC(48)     Dead                           Min: 0, Avg:  0.0, Max: 0, Diff: 0, Sum: 0, Workers: 4
[1191.551s][debug][gc,phases      ] GC(48)     Total                          Min: 0, Avg: 2155.0, Max: 3002, Diff: 3002, Sum: 8620, Workers: 4
[1191.551s][debug][gc,phases      ] GC(48)   JNI Weak                       Min:  0.0, Avg:  0.0, Max:  0.0, Diff:  0.0, Sum:  0.0, Workers: 4
[1191.551s][debug][gc,phases      ] GC(48)     Dead                           Min: 0, Avg:  0.0, Max: 0, Diff: 0, Sum: 0, Workers: 4
[1191.551s][debug][gc,phases      ] GC(48)     Total                          Min: 0, Avg: 11.2, Max: 45, Diff: 45, Sum: 45, Workers: 4
[1191.551s][debug][gc,phases      ] GC(48)   StringDedup Table Weak         Min:  0.0, Avg:  0.0, Max:  0.0, Diff:  0.0, Sum:  0.0, Workers: 4
[1191.551s][debug][gc,phases      ] GC(48)     Dead                           Min: 0, Avg:  0.0, Max: 0, Diff: 0, Sum: 0, Workers: 4
[1191.551s][debug][gc,phases      ] GC(48)     Total                          Min: 0, Avg:  0.0, Max: 0, Diff: 0, Sum: 0, Workers: 4
[1191.551s][debug][gc,phases      ] GC(48)   StringDedup Requests0 Weak     Min:  0.0, Avg:  0.0, Max:  0.0, Diff:  0.0, Sum:  0.0, Workers: 4
[1191.551s][debug][gc,phases      ] GC(48)     Dead                           Min: 0, Avg:  0.0, Max: 0, Diff: 0, Sum: 0, Workers: 4
[1191.551s][debug][gc,phases      ] GC(48)     Total                          Min: 0, Avg:  0.0, Max: 0, Diff: 0, Sum: 0, Workers: 4
[1191.551s][debug][gc,phases      ] GC(48)   StringDedup Requests1 Weak     Min:  0.0, Avg:  0.0, Max:  0.0, Diff:  0.0, Sum:  0.0, Workers: 4
[1191.551s][debug][gc,phases      ] GC(48)     Dead                           Min: 0, Avg:  0.0, Max: 0, Diff: 0, Sum: 0, Workers: 4
[1191.551s][debug][gc,phases      ] GC(48)     Total                          Min: 0, Avg:  0.0, Max: 0, Diff: 0, Sum: 0, Workers: 4
[1191.551s][debug][gc,phases      ] GC(48)   Weak JFR Old Object Samples    Min:  0.0, Avg:  0.0, Max:  0.0, Diff:  0.0, Sum:  0.0, Workers: 4
[1191.551s][debug][gc,phases      ] GC(48)     Dead                           Min: 0, Avg:  0.0, Max: 0, Diff: 0, Sum: 0, Workers: 4
[1191.551s][debug][gc,phases      ] GC(48)     Total                          Min: 0, Avg:  0.0, Max: 0, Diff: 0, Sum: 0, Workers: 4
[1191.551s][debug][gc,phases      ] GC(48) Weak Processing 0.319ms
[1191.551s][debug][gc,age         ] GC(48) Desired survivor size 135790592 bytes, new threshold 15 (max threshold 15)
[1191.551s][info ][gc,heap        ] GC(48) PSYoungGen: 1880800K(1958912K)->64656K(1953280K) Eden: 1815040K(1815040K)->0K(1815040K) From: 65760K(143872K)->64656K(138240K)
[1191.551s][info ][gc,heap        ] GC(48) ParOldGen: 458745K(516608K)->458841K(516608K)
[1191.551s][info ][gc,metaspace   ] GC(48) Metaspace: 79228K(80128K)->79228K(80128K) NonClass: 68021K(68480K)->68021K(68480K) Class: 11206K(11648K)->11206K(11648K)
[1191.551s][info ][gc             ] GC(48) Pause Young (Allocation Failure) 2284M->511M(2412M) 17.696ms
[1191.551s][info ][gc,cpu         ] GC(48) User=0.06s Sys=0.00s Real=0.01s
[1191.551s][info ][safepoint      ] Safepoint "ParallelGCFailedAllocation", Time since last: 2481146163 ns, Reaching safepoint: 55200 ns, At safepoint: 17760235 ns, Total: 17815435 ns
[1192.552s][info ][safepoint      ] Safepoint "Cleanup", Time since last: 1000088005 ns, Reaching safepoint: 34001 ns, At safepoint: 2300 ns, Total: 36301 ns
[1199.552s][info ][safepoint      ] Safepoint "Cleanup", Time since last: 7000505460 ns, Reaching safepoint: 71201 ns, At safepoint: 8500 ns, Total: 79701 ns
[1204.552s][info ][safepoint      ] Safepoint "Cleanup", Time since last: 5000357173 ns, Reaching safepoint: 37200 ns, At safepoint: 2800 ns, Total: 40000 ns
[1206.553s][info ][safepoint      ] Safepoint "Cleanup", Time since last: 2000163137 ns, Reaching safepoint: 46600 ns, At safepoint: 2300 ns, Total: 48900 ns
[1207.553s][info ][safepoint      ] Safepoint "Cleanup", Time since last: 1000099520 ns, Reaching safepoint: 57200 ns, At safepoint: 7000 ns, Total: 64200 ns
[1208.553s][info ][safepoint      ] Safepoint "Cleanup", Time since last: 1000104521 ns, Reaching safepoint: 64100 ns, At safepoint: 4300 ns, Total: 68400 ns
[1209.553s][info ][safepoint      ] Safepoint "Cleanup", Time since last: 1000102422 ns, Reaching safepoint: 34400 ns, At safepoint: 4000 ns, Total: 38400 ns
[1211.553s][info ][safepoint      ] Safepoint "Cleanup", Time since last: 2000167346 ns, Reaching safepoint: 42300 ns, At safepoint: 5000 ns, Total: 47300 ns
[1212.554s][info ][safepoint      ] Safepoint "Cleanup", Time since last: 1000116325 ns, Reaching safepoint: 27500 ns, At safepoint: 2300 ns, Total: 29800 ns
[1213.554s][info ][safepoint      ] Safepoint "Cleanup", Time since last: 1000080426 ns, Reaching safepoint: 49500 ns, At safepoint: 4800 ns, Total: 54300 ns
[1214.554s][info ][safepoint      ] Safepoint "Cleanup", Time since last: 1000112327 ns, Reaching safepoint: 28800 ns, At safepoint: 2400 ns, Total: 31200 ns
[1217.554s][info ][safepoint      ] Safepoint "Cleanup", Time since last: 3000236584 ns, Reaching safepoint: 69801 ns, At safepoint: 2800 ns, Total: 72601 ns
[1218.554s][info ][safepoint      ] Safepoint "Cleanup", Time since last: 1000092130 ns, Reaching safepoint: 39900 ns, At safepoint: 2200 ns, Total: 42100 ns
[1219.554s][info ][safepoint      ] Safepoint "Cleanup", Time since last: 1000050931 ns, Reaching safepoint: 36300 ns, At safepoint: 2500 ns, Total: 38800 ns
[1225.555s][info ][safepoint      ] Safepoint "Cleanup", Time since last: 6000430206 ns, Reaching safepoint: 46200 ns, At safepoint: 20501 ns, Total: 66701 ns
[1225.976s][info ][gc,start       ] GC(49) Pause Young (Allocation Failure)
[1225.992s][debug][gc,phases      ] GC(49) Scavenge 15.952ms
[1225.992s][debug][gc,ref         ] GC(49) Skipped phase 1 of Reference Processing: no references
[1225.992s][debug][gc,ref         ] GC(49) ReferenceProcessor::execute queues: 1, RefProcThreadModel::Single, marks_oops_alive: false
[1225.992s][debug][gc,ref         ] GC(49) Skipped phase 3 of Reference Processing: no references
[1225.992s][debug][gc,ref         ] GC(49) ReferenceProcessor::execute queues: 1, RefProcThreadModel::Single, marks_oops_alive: false
[1225.992s][debug][gc,phases      ] GC(49) Reference Processing 0.106ms
[1225.992s][debug][gc,phases      ] GC(49)   VM Weak                        Min:  0.0, Avg:  0.0, Max:  0.0, Diff:  0.0, Sum:  0.0, Workers: 4
[1225.992s][debug][gc,phases      ] GC(49)     Dead                           Min: 0, Avg:  0.0, Max: 0, Diff: 0, Sum: 0, Workers: 4
[1225.992s][debug][gc,phases      ] GC(49)     Total                          Min: 0, Avg: 188.0, Max: 752, Diff: 752, Sum: 752, Workers: 4
[1225.992s][debug][gc,phases      ] GC(49)   ObjectSynchronizer Weak        Min:  0.0, Avg:  0.0, Max:  0.0, Diff:  0.0, Sum:  0.0, Workers: 4
[1225.992s][debug][gc,phases      ] GC(49)     Dead                           Min: 0, Avg:  0.0, Max: 0, Diff: 0, Sum: 0, Workers: 4
[1225.992s][debug][gc,phases      ] GC(49)     Total                          Min: 0, Avg: 14.8, Max: 59, Diff: 59, Sum: 59, Workers: 4
[1225.992s][debug][gc,phases      ] GC(49)   JVMTI Tag Weak OopStorage      Min:  0.0, Avg:  0.0, Max:  0.0, Diff:  0.0, Sum:  0.0, Workers: 4
[1225.992s][debug][gc,phases      ] GC(49)     Dead                           Min: 0, Avg:  0.0, Max: 0, Diff: 0, Sum: 0, Workers: 4
[1225.992s][debug][gc,phases      ] GC(49)     Total                          Min: 0, Avg:  0.0, Max: 0, Diff: 0, Sum: 0, Workers: 4
[1225.992s][debug][gc,phases      ] GC(49)   StringTable Weak               Min:  0.1, Avg:  0.1, Max:  0.1, Diff:  0.0, Sum:  0.5, Workers: 4
[1225.992s][debug][gc,phases      ] GC(49)     Dead                           Min: 0, Avg:  0.0, Max: 0, Diff: 0, Sum: 0, Workers: 4
[1225.992s][debug][gc,phases      ] GC(49)     Total                          Min: 9920, Avg: 10669.0, Max: 11252, Diff: 1332, Sum: 42676, Workers: 4
[1225.992s][debug][gc,phases      ] GC(49)   ResolvedMethodTable Weak       Min:  0.0, Avg:  0.0, Max:  0.0, Diff:  0.0, Sum:  0.1, Workers: 4
[1225.992s][debug][gc,phases      ] GC(49)     Dead                           Min: 0, Avg:  0.0, Max: 0, Diff: 0, Sum: 0, Workers: 4
[1225.992s][debug][gc,phases      ] GC(49)     Total                          Min: 2111, Avg: 2155.8, Max: 2176, Diff: 65, Sum: 8623, Workers: 4
[1225.992s][debug][gc,phases      ] GC(49)   JNI Weak                       Min:  0.0, Avg:  0.0, Max:  0.0, Diff:  0.0, Sum:  0.0, Workers: 4
[1225.992s][debug][gc,phases      ] GC(49)     Dead                           Min: 0, Avg:  0.0, Max: 0, Diff: 0, Sum: 0, Workers: 4
[1225.992s][debug][gc,phases      ] GC(49)     Total                          Min: 0, Avg: 11.2, Max: 45, Diff: 45, Sum: 45, Workers: 4
[1225.992s][debug][gc,phases      ] GC(49)   StringDedup Table Weak         Min:  0.0, Avg:  0.0, Max:  0.0, Diff:  0.0, Sum:  0.0, Workers: 4
[1225.992s][debug][gc,phases      ] GC(49)     Dead                           Min: 0, Avg:  0.0, Max: 0, Diff: 0, Sum: 0, Workers: 4
[1225.992s][debug][gc,phases      ] GC(49)     Total                          Min: 0, Avg:  0.0, Max: 0, Diff: 0, Sum: 0, Workers: 4
[1225.992s][debug][gc,phases      ] GC(49)   StringDedup Requests0 Weak     Min:  0.0, Avg:  0.0, Max:  0.0, Diff:  0.0, Sum:  0.0, Workers: 4
[1225.992s][debug][gc,phases      ] GC(49)     Dead                           Min: 0, Avg:  0.0, Max: 0, Diff: 0, Sum: 0, Workers: 4
[1225.992s][debug][gc,phases      ] GC(49)     Total                          Min: 0, Avg:  0.0, Max: 0, Diff: 0, Sum: 0, Workers: 4
[1225.992s][debug][gc,phases      ] GC(49)   StringDedup Requests1 Weak     Min:  0.0, Avg:  0.0, Max:  0.0, Diff:  0.0, Sum:  0.0, Workers: 4
[1225.992s][debug][gc,phases      ] GC(49)     Dead                           Min: 0, Avg:  0.0, Max: 0, Diff: 0, Sum: 0, Workers: 4
[1225.992s][debug][gc,phases      ] GC(49)     Total                          Min: 0, Avg:  0.0, Max: 0, Diff: 0, Sum: 0, Workers: 4
[1225.992s][debug][gc,phases      ] GC(49)   Weak JFR Old Object Samples    Min:  0.0, Avg:  0.0, Max:  0.0, Diff:  0.0, Sum:  0.0, Workers: 4
[1225.992s][debug][gc,phases      ] GC(49)     Dead                           Min: 0, Avg:  0.0, Max: 0, Diff: 0, Sum: 0, Workers: 4
[1225.992s][debug][gc,phases      ] GC(49)     Total                          Min: 0, Avg:  0.0, Max: 0, Diff: 0, Sum: 0, Workers: 4
[1225.992s][debug][gc,phases      ] GC(49) Weak Processing 0.321ms
[1225.992s][debug][gc,age         ] GC(49) Desired survivor size 131072000 bytes, new threshold 15 (max threshold 15)
[1225.992s][info ][gc,heap        ] GC(49) PSYoungGen: 1879696K(1953280K)->62736K(1969152K) Eden: 1815040K(1815040K)->0K(1836544K) From: 64656K(138240K)->62736K(132608K)
[1225.992s][info ][gc,heap        ] GC(49) ParOldGen: 458841K(516608K)->459009K(516608K)
[1225.992s][info ][gc,metaspace   ] GC(49) Metaspace: 79279K(80192K)->79279K(80192K) NonClass: 68071K(68544K)->68071K(68544K) Class: 11207K(11648K)->11207K(11648K)
[1225.992s][info ][gc             ] GC(49) Pause Young (Allocation Failure) 2283M->509M(2427M) 16.491ms
[1225.992s][info ][gc,cpu         ] GC(49) User=0.06s Sys=0.00s Real=0.02s
[1225.992s][info ][safepoint      ] Safepoint "ParallelGCFailedAllocation", Time since last: 420677712 ns, Reaching safepoint: 35100 ns, At safepoint: 16554627 ns, Total: 16589727 ns
[1227.992s][info ][safepoint      ] Safepoint "Cleanup", Time since last: 2000141177 ns, Reaching safepoint: 36400 ns, At safepoint: 18700 ns, Total: 55100 ns
[1229.993s][info ][safepoint      ] Safepoint "Cleanup", Time since last: 2000166281 ns, Reaching safepoint: 64100 ns, At safepoint: 2300 ns, Total: 66400 ns
[1232.993s][info ][safepoint      ] Safepoint "Cleanup", Time since last: 3000230228 ns, Reaching safepoint: 46001 ns, At safepoint: 2600 ns, Total: 48601 ns
[1234.993s][info ][safepoint      ] Safepoint "Cleanup", Time since last: 2000163789 ns, Reaching safepoint: 45501 ns, At safepoint: 5700 ns, Total: 51201 ns
[1235.993s][info ][safepoint      ] Safepoint "Cleanup", Time since last: 1000115546 ns, Reaching safepoint: 38301 ns, At safepoint: 8200 ns, Total: 46501 ns
[1242.994s][info ][safepoint      ] Safepoint "Cleanup", Time since last: 7000442949 ns, Reaching safepoint: 40800 ns, At safepoint: 15500 ns, Total: 56300 ns
[1267.995s][info ][safepoint      ] Safepoint "Cleanup", Time since last: 25001487403 ns, Reaching safepoint: 29101 ns, At safepoint: 27100 ns, Total: 56201 ns
[1268.995s][info ][safepoint      ] Safepoint "Cleanup", Time since last: 1000104376 ns, Reaching safepoint: 42000 ns, At safepoint: 4800 ns, Total: 46800 ns
[1270.996s][info ][safepoint      ] Safepoint "Cleanup", Time since last: 2000167454 ns, Reaching safepoint: 49300 ns, At safepoint: 3100 ns, Total: 52400 ns
[1271.386s][info ][gc,start       ] GC(50) Pause Young (Allocation Failure)
[1271.403s][debug][gc,phases      ] GC(50) Scavenge 17.581ms
[1271.403s][debug][gc,ref         ] GC(50) Skipped phase 1 of Reference Processing: no references
[1271.403s][debug][gc,ref         ] GC(50) ReferenceProcessor::execute queues: 1, RefProcThreadModel::Single, marks_oops_alive: false
[1271.403s][debug][gc,ref         ] GC(50) Skipped phase 3 of Reference Processing: no references
[1271.403s][debug][gc,ref         ] GC(50) ReferenceProcessor::execute queues: 1, RefProcThreadModel::Single, marks_oops_alive: false
[1271.403s][debug][gc,phases      ] GC(50) Reference Processing 0.116ms
[1271.404s][debug][gc,phases      ] GC(50)   VM Weak                        Min:  0.0, Avg:  0.0, Max:  0.0, Diff:  0.0, Sum:  0.0, Workers: 4
[1271.404s][debug][gc,phases      ] GC(50)     Dead                           Min: 0, Avg:  0.0, Max: 0, Diff: 0, Sum: 0, Workers: 4
[1271.404s][debug][gc,phases      ] GC(50)     Total                          Min: 0, Avg: 188.0, Max: 512, Diff: 512, Sum: 752, Workers: 4
[1271.404s][debug][gc,phases      ] GC(50)   ObjectSynchronizer Weak        Min:  0.0, Avg:  0.0, Max:  0.0, Diff:  0.0, Sum:  0.0, Workers: 4
[1271.404s][debug][gc,phases      ] GC(50)     Dead                           Min: 0, Avg:  0.0, Max: 0, Diff: 0, Sum: 0, Workers: 4
[1271.404s][debug][gc,phases      ] GC(50)     Total                          Min: 0, Avg: 14.8, Max: 59, Diff: 59, Sum: 59, Workers: 4
[1271.404s][debug][gc,phases      ] GC(50)   JVMTI Tag Weak OopStorage      Min:  0.0, Avg:  0.0, Max:  0.0, Diff:  0.0, Sum:  0.0, Workers: 4
[1271.404s][debug][gc,phases      ] GC(50)     Dead                           Min: 0, Avg:  0.0, Max: 0, Diff: 0, Sum: 0, Workers: 4
[1271.404s][debug][gc,phases      ] GC(50)     Total                          Min: 0, Avg:  0.0, Max: 0, Diff: 0, Sum: 0, Workers: 4
[1271.404s][debug][gc,phases      ] GC(50)   StringTable Weak               Min:  0.0, Avg:  0.1, Max:  0.2, Diff:  0.2, Sum:  0.3, Workers: 4
[1271.404s][debug][gc,phases      ] GC(50)     Dead                           Min: 0, Avg:  0.0, Max: 0, Diff: 0, Sum: 0, Workers: 4
[1271.404s][debug][gc,phases      ] GC(50)     Total                          Min: 0, Avg: 10669.0, Max: 25472, Diff: 25472, Sum: 42676, Workers: 4
[1271.404s][debug][gc,phases      ] GC(50)   ResolvedMethodTable Weak       Min:  0.0, Avg:  0.0, Max:  0.0, Diff:  0.0, Sum:  0.1, Workers: 4
[1271.404s][debug][gc,phases      ] GC(50)     Dead                           Min: 0, Avg:  0.0, Max: 0, Diff: 0, Sum: 0, Workers: 4
[1271.404s][debug][gc,phases      ] GC(50)     Total                          Min: 0, Avg: 2155.8, Max: 5295, Diff: 5295, Sum: 8623, Workers: 4
[1271.404s][debug][gc,phases      ] GC(50)   JNI Weak                       Min:  0.0, Avg:  0.0, Max:  0.0, Diff:  0.0, Sum:  0.0, Workers: 4
[1271.404s][debug][gc,phases      ] GC(50)     Dead                           Min: 0, Avg:  0.0, Max: 0, Diff: 0, Sum: 0, Workers: 4
[1271.404s][debug][gc,phases      ] GC(50)     Total                          Min: 0, Avg: 11.2, Max: 45, Diff: 45, Sum: 45, Workers: 4
[1271.404s][debug][gc,phases      ] GC(50)   StringDedup Table Weak         Min:  0.0, Avg:  0.0, Max:  0.0, Diff:  0.0, Sum:  0.0, Workers: 4
[1271.404s][debug][gc,phases      ] GC(50)     Dead                           Min: 0, Avg:  0.0, Max: 0, Diff: 0, Sum: 0, Workers: 4
[1271.404s][debug][gc,phases      ] GC(50)     Total                          Min: 0, Avg:  0.0, Max: 0, Diff: 0, Sum: 0, Workers: 4
[1271.404s][debug][gc,phases      ] GC(50)   StringDedup Requests0 Weak     Min:  0.0, Avg:  0.0, Max:  0.0, Diff:  0.0, Sum:  0.0, Workers: 4
[1271.404s][debug][gc,phases      ] GC(50)     Dead                           Min: 0, Avg:  0.0, Max: 0, Diff: 0, Sum: 0, Workers: 4
[1271.404s][debug][gc,phases      ] GC(50)     Total                          Min: 0, Avg:  0.0, Max: 0, Diff: 0, Sum: 0, Workers: 4
[1271.404s][debug][gc,phases      ] GC(50)   StringDedup Requests1 Weak     Min:  0.0, Avg:  0.0, Max:  0.0, Diff:  0.0, Sum:  0.0, Workers: 4
[1271.404s][debug][gc,phases      ] GC(50)     Dead                           Min: 0, Avg:  0.0, Max: 0, Diff: 0, Sum: 0, Workers: 4
[1271.404s][debug][gc,phases      ] GC(50)     Total                          Min: 0, Avg:  0.0, Max: 0, Diff: 0, Sum: 0, Workers: 4
[1271.404s][debug][gc,phases      ] GC(50)   Weak JFR Old Object Samples    Min:  0.0, Avg:  0.0, Max:  0.0, Diff:  0.0, Sum:  0.0, Workers: 4
[1271.404s][debug][gc,phases      ] GC(50)     Dead                           Min: 0, Avg:  0.0, Max: 0, Diff: 0, Sum: 0, Workers: 4
[1271.404s][debug][gc,phases      ] GC(50)     Total                          Min: 0, Avg:  0.0, Max: 0, Diff: 0, Sum: 0, Workers: 4
[1271.404s][debug][gc,phases      ] GC(50) Weak Processing 0.373ms
[1271.404s][debug][gc,age         ] GC(50) Desired survivor size 126877696 bytes, new threshold 15 (max threshold 15)
[1271.404s][info ][gc,heap        ] GC(50) PSYoungGen: 1899280K(1969152K)->62560K(1964544K) Eden: 1836544K(1836544K)->0K(1836544K) From: 62736K(132608K)->62560K(128000K)
[1271.404s][info ][gc,heap        ] GC(50) ParOldGen: 459009K(516608K)->459153K(516608K)
[1271.404s][info ][gc,metaspace   ] GC(50) Metaspace: 79285K(80192K)->79285K(80192K) NonClass: 68077K(68544K)->68077K(68544K) Class: 11207K(11648K)->11207K(11648K)
[1271.404s][info ][gc             ] GC(50) Pause Young (Allocation Failure) 2303M->509M(2423M) 18.214ms
[1271.404s][info ][gc,cpu         ] GC(50) User=0.05s Sys=0.00s Real=0.02s
[1271.404s][info ][safepoint      ] Safepoint "ParallelGCFailedAllocation", Time since last: 389909594 ns, Reaching safepoint: 36900 ns, At safepoint: 18281641 ns, Total: 18318541 ns
[1284.405s][info ][safepoint      ] Safepoint "Cleanup", Time since last: 13000733885 ns, Reaching safepoint: 54200 ns, At safepoint: 5400 ns, Total: 59600 ns
[1285.405s][info ][safepoint      ] Safepoint "Cleanup", Time since last: 1000089590 ns, Reaching safepoint: 51600 ns, At safepoint: 4100 ns, Total: 55700 ns
[1301.406s][info ][safepoint      ] Safepoint "Cleanup", Time since last: 16001032942 ns, Reaching safepoint: 50501 ns, At safepoint: 2300 ns, Total: 52801 ns
[1303.406s][info ][safepoint      ] Safepoint "Cleanup", Time since last: 2000161608 ns, Reaching safepoint: 48100 ns, At safepoint: 2800 ns, Total: 50900 ns
[1310.407s][info ][safepoint      ] Safepoint "Cleanup", Time since last: 7000450751 ns, Reaching safepoint: 50101 ns, At safepoint: 3400 ns, Total: 53501 ns
[1315.407s][info ][safepoint      ] Safepoint "Cleanup", Time since last: 5000336760 ns, Reaching safepoint: 38300 ns, At safepoint: 2600 ns, Total: 40900 ns
[1317.407s][info ][safepoint      ] Safepoint "Cleanup", Time since last: 2000158330 ns, Reaching safepoint: 41001 ns, At safepoint: 2600 ns, Total: 43601 ns
[1318.873s][info ][gc,start       ] GC(51) Pause Young (Allocation Failure)
[1318.889s][debug][gc,phases      ] GC(51) Scavenge 16.676ms
[1318.889s][debug][gc,ref         ] GC(51) Skipped phase 1 of Reference Processing: no references
[1318.889s][debug][gc,ref         ] GC(51) ReferenceProcessor::execute queues: 1, RefProcThreadModel::Single, marks_oops_alive: false
[1318.889s][debug][gc,ref         ] GC(51) Skipped phase 3 of Reference Processing: no references
[1318.889s][debug][gc,ref         ] GC(51) ReferenceProcessor::execute queues: 1, RefProcThreadModel::Single, marks_oops_alive: false
[1318.889s][debug][gc,phases      ] GC(51) Reference Processing 0.106ms
[1318.890s][debug][gc,phases      ] GC(51)   VM Weak                        Min:  0.0, Avg:  0.0, Max:  0.0, Diff:  0.0, Sum:  0.0, Workers: 4
[1318.890s][debug][gc,phases      ] GC(51)     Dead                           Min: 0, Avg:  0.0, Max: 0, Diff: 0, Sum: 0, Workers: 4
[1318.890s][debug][gc,phases      ] GC(51)     Total                          Min: 0, Avg: 188.0, Max: 752, Diff: 752, Sum: 752, Workers: 4
[1318.890s][debug][gc,phases      ] GC(51)   ObjectSynchronizer Weak        Min:  0.0, Avg:  0.0, Max:  0.0, Diff:  0.0, Sum:  0.0, Workers: 4
[1318.890s][debug][gc,phases      ] GC(51)     Dead                           Min: 0, Avg:  0.0, Max: 0, Diff: 0, Sum: 0, Workers: 4
[1318.890s][debug][gc,phases      ] GC(51)     Total                          Min: 0, Avg: 14.8, Max: 59, Diff: 59, Sum: 59, Workers: 4
[1318.890s][debug][gc,phases      ] GC(51)   JVMTI Tag Weak OopStorage      Min:  0.0, Avg:  0.0, Max:  0.0, Diff:  0.0, Sum:  0.0, Workers: 4
[1318.890s][debug][gc,phases      ] GC(51)     Dead                           Min: 0, Avg:  0.0, Max: 0, Diff: 0, Sum: 0, Workers: 4
[1318.890s][debug][gc,phases      ] GC(51)     Total                          Min: 0, Avg:  0.0, Max: 0, Diff: 0, Sum: 0, Workers: 4
[1318.890s][debug][gc,phases      ] GC(51)   StringTable Weak               Min:  0.1, Avg:  0.2, Max:  0.5, Diff:  0.4, Sum:  0.9, Workers: 4
[1318.890s][debug][gc,phases      ] GC(51)     Dead                           Min: 0, Avg:  0.0, Max: 0, Diff: 0, Sum: 0, Workers: 4
[1318.890s][debug][gc,phases      ] GC(51)     Total                          Min: 4608, Avg: 10669.2, Max: 14453, Diff: 9845, Sum: 42677, Workers: 4
[1318.890s][debug][gc,phases      ] GC(51)   ResolvedMethodTable Weak       Min:  0.0, Avg:  0.0, Max:  0.0, Diff:  0.0, Sum:  0.1, Workers: 4
[1318.890s][debug][gc,phases      ] GC(51)     Dead                           Min: 0, Avg:  0.0, Max: 0, Diff: 0, Sum: 0, Workers: 4
[1318.890s][debug][gc,phases      ] GC(51)     Total                          Min: 0, Avg: 2156.2, Max: 2879, Diff: 2879, Sum: 8625, Workers: 4
[1318.890s][debug][gc,phases      ] GC(51)   JNI Weak                       Min:  0.0, Avg:  0.0, Max:  0.0, Diff:  0.0, Sum:  0.0, Workers: 4
[1318.890s][debug][gc,phases      ] GC(51)     Dead                           Min: 0, Avg:  0.0, Max: 0, Diff: 0, Sum: 0, Workers: 4
[1318.890s][debug][gc,phases      ] GC(51)     Total                          Min: 0, Avg: 11.2, Max: 45, Diff: 45, Sum: 45, Workers: 4
[1318.890s][debug][gc,phases      ] GC(51)   StringDedup Table Weak         Min:  0.0, Avg:  0.0, Max:  0.0, Diff:  0.0, Sum:  0.0, Workers: 4
[1318.890s][debug][gc,phases      ] GC(51)     Dead                           Min: 0, Avg:  0.0, Max: 0, Diff: 0, Sum: 0, Workers: 4
[1318.890s][debug][gc,phases      ] GC(51)     Total                          Min: 0, Avg:  0.0, Max: 0, Diff: 0, Sum: 0, Workers: 4
[1318.890s][debug][gc,phases      ] GC(51)   StringDedup Requests0 Weak     Min:  0.0, Avg:  0.0, Max:  0.0, Diff:  0.0, Sum:  0.0, Workers: 4
[1318.890s][debug][gc,phases      ] GC(51)     Dead                           Min: 0, Avg:  0.0, Max: 0, Diff: 0, Sum: 0, Workers: 4
[1318.890s][debug][gc,phases      ] GC(51)     Total                          Min: 0, Avg:  0.0, Max: 0, Diff: 0, Sum: 0, Workers: 4
[1318.890s][debug][gc,phases      ] GC(51)   StringDedup Requests1 Weak     Min:  0.0, Avg:  0.0, Max:  0.0, Diff:  0.0, Sum:  0.0, Workers: 4
[1318.890s][debug][gc,phases      ] GC(51)     Dead                           Min: 0, Avg:  0.0, Max: 0, Diff: 0, Sum: 0, Workers: 4
[1318.890s][debug][gc,phases      ] GC(51)     Total                          Min: 0, Avg:  0.0, Max: 0, Diff: 0, Sum: 0, Workers: 4
[1318.890s][debug][gc,phases      ] GC(51)   Weak JFR Old Object Samples    Min:  0.0, Avg:  0.0, Max:  0.0, Diff:  0.0, Sum:  0.0, Workers: 4
[1318.890s][debug][gc,phases      ] GC(51)     Dead                           Min: 0, Avg:  0.0, Max: 0, Diff: 0, Sum: 0, Workers: 4
[1318.890s][debug][gc,phases      ] GC(51)     Total                          Min: 0, Avg:  0.0, Max: 0, Diff: 0, Sum: 0, Workers: 4
[1318.890s][debug][gc,phases      ] GC(51) Weak Processing 0.678ms
[1318.890s][debug][gc,age         ] GC(51) Desired survivor size 122683392 bytes, new threshold 15 (max threshold 15)
[1318.890s][info ][gc,heap        ] GC(51) PSYoungGen: 1899104K(1964544K)->62432K(1977344K) Eden: 1836544K(1836544K)->0K(1853440K) From: 62560K(128000K)->62432K(123904K)
[1318.890s][info ][gc,heap        ] GC(51) ParOldGen: 459153K(516608K)->459361K(516608K)
[1318.890s][info ][gc,metaspace   ] GC(51) Metaspace: 79310K(80192K)->79310K(80192K) NonClass: 68102K(68544K)->68102K(68544K) Class: 11208K(11648K)->11208K(11648K)
[1318.890s][info ][gc             ] GC(51) Pause Young (Allocation Failure) 2302M->509M(2435M) 17.586ms
[1318.890s][info ][gc,cpu         ] GC(51) User=0.06s Sys=0.00s Real=0.01s
[1318.890s][info ][safepoint      ] Safepoint "ParallelGCFailedAllocation", Time since last: 1465405406 ns, Reaching safepoint: 24200 ns, At safepoint: 17649437 ns, Total: 17673637 ns
[1323.891s][info ][safepoint      ] Safepoint "Cleanup", Time since last: 5000342393 ns, Reaching safepoint: 38101 ns, At safepoint: 3100 ns, Total: 41201 ns
[1337.892s][info ][safepoint      ] Safepoint "Cleanup", Time since last: 14000835263 ns, Reaching safepoint: 47400 ns, At safepoint: 9700 ns, Total: 57100 ns
[1351.892s][info ][safepoint      ] Safepoint "Cleanup", Time since last: 14000848411 ns, Reaching safepoint: 47500 ns, At safepoint: 3001 ns, Total: 50501 ns
[1352.893s][info ][safepoint      ] Safepoint "Cleanup", Time since last: 1000121142 ns, Reaching safepoint: 37500 ns, At safepoint: 2400 ns, Total: 39900 ns
[1353.893s][info ][safepoint      ] Safepoint "Cleanup", Time since last: 1000098843 ns, Reaching safepoint: 28101 ns, At safepoint: 2800 ns, Total: 30901 ns
[1357.893s][info ][safepoint      ] Safepoint "Cleanup", Time since last: 4000237778 ns, Reaching safepoint: 37700 ns, At safepoint: 4900 ns, Total: 42600 ns
[1362.893s][info ][safepoint      ] Safepoint "Cleanup", Time since last: 5000360939 ns, Reaching safepoint: 38801 ns, At safepoint: 7700 ns, Total: 46501 ns
[1363.931s][info ][gc,start       ] GC(52) Pause Young (Allocation Failure)
[1363.947s][debug][gc,phases      ] GC(52) Scavenge 15.306ms
[1363.947s][debug][gc,ref         ] GC(52) Skipped phase 1 of Reference Processing: no references
[1363.947s][debug][gc,ref         ] GC(52) ReferenceProcessor::execute queues: 1, RefProcThreadModel::Single, marks_oops_alive: false
[1363.947s][debug][gc,ref         ] GC(52) Skipped phase 3 of Reference Processing: no references
[1363.947s][debug][gc,ref         ] GC(52) ReferenceProcessor::execute queues: 1, RefProcThreadModel::Single, marks_oops_alive: false
[1363.947s][debug][gc,phases      ] GC(52) Reference Processing 0.123ms
[1363.947s][debug][gc,phases      ] GC(52)   VM Weak                        Min:  0.0, Avg:  0.0, Max:  0.0, Diff:  0.0, Sum:  0.0, Workers: 4
[1363.947s][debug][gc,phases      ] GC(52)     Dead                           Min: 0, Avg:  0.0, Max: 0, Diff: 0, Sum: 0, Workers: 4
[1363.947s][debug][gc,phases      ] GC(52)     Total                          Min: 0, Avg: 188.0, Max: 576, Diff: 576, Sum: 752, Workers: 4
[1363.947s][debug][gc,phases      ] GC(52)   ObjectSynchronizer Weak        Min:  0.0, Avg:  0.0, Max:  0.0, Diff:  0.0, Sum:  0.0, Workers: 4
[1363.947s][debug][gc,phases      ] GC(52)     Dead                           Min: 0, Avg:  0.0, Max: 0, Diff: 0, Sum: 0, Workers: 4
[1363.947s][debug][gc,phases      ] GC(52)     Total                          Min: 0, Avg: 14.8, Max: 59, Diff: 59, Sum: 59, Workers: 4
[1363.947s][debug][gc,phases      ] GC(52)   JVMTI Tag Weak OopStorage      Min:  0.0, Avg:  0.0, Max:  0.0, Diff:  0.0, Sum:  0.0, Workers: 4
[1363.947s][debug][gc,phases      ] GC(52)     Dead                           Min: 0, Avg:  0.0, Max: 0, Diff: 0, Sum: 0, Workers: 4
[1363.947s][debug][gc,phases      ] GC(52)     Total                          Min: 0, Avg:  0.0, Max: 0, Diff: 0, Sum: 0, Workers: 4
[1363.947s][debug][gc,phases      ] GC(52)   StringTable Weak               Min:  0.0, Avg:  0.1, Max:  0.3, Diff:  0.3, Sum:  0.6, Workers: 4
[1363.947s][debug][gc,phases      ] GC(52)     Dead                           Min: 0, Avg:  0.0, Max: 0, Diff: 0, Sum: 0, Workers: 4
[1363.947s][debug][gc,phases      ] GC(52)     Total                          Min: 0, Avg: 10671.0, Max: 15164, Diff: 15164, Sum: 42684, Workers: 4
[1363.947s][debug][gc,phases      ] GC(52)   ResolvedMethodTable Weak       Min:  0.0, Avg:  0.0, Max:  0.0, Diff:  0.0, Sum:  0.1, Workers: 4
[1363.947s][debug][gc,phases      ] GC(52)     Dead                           Min: 0, Avg:  0.0, Max: 0, Diff: 0, Sum: 0, Workers: 4
[1363.947s][debug][gc,phases      ] GC(52)     Total                          Min: 0, Avg: 2156.2, Max: 4466, Diff: 4466, Sum: 8625, Workers: 4
[1363.947s][debug][gc,phases      ] GC(52)   JNI Weak                       Min:  0.0, Avg:  0.0, Max:  0.0, Diff:  0.0, Sum:  0.0, Workers: 4
[1363.947s][debug][gc,phases      ] GC(52)     Dead                           Min: 0, Avg:  0.0, Max: 0, Diff: 0, Sum: 0, Workers: 4
[1363.947s][debug][gc,phases      ] GC(52)     Total                          Min: 0, Avg: 11.2, Max: 45, Diff: 45, Sum: 45, Workers: 4
[1363.947s][debug][gc,phases      ] GC(52)   StringDedup Table Weak         Min:  0.0, Avg:  0.0, Max:  0.0, Diff:  0.0, Sum:  0.0, Workers: 4
[1363.947s][debug][gc,phases      ] GC(52)     Dead                           Min: 0, Avg:  0.0, Max: 0, Diff: 0, Sum: 0, Workers: 4
[1363.947s][debug][gc,phases      ] GC(52)     Total                          Min: 0, Avg:  0.0, Max: 0, Diff: 0, Sum: 0, Workers: 4
[1363.947s][debug][gc,phases      ] GC(52)   StringDedup Requests0 Weak     Min:  0.0, Avg:  0.0, Max:  0.0, Diff:  0.0, Sum:  0.0, Workers: 4
[1363.947s][debug][gc,phases      ] GC(52)     Dead                           Min: 0, Avg:  0.0, Max: 0, Diff: 0, Sum: 0, Workers: 4
[1363.947s][debug][gc,phases      ] GC(52)     Total                          Min: 0, Avg:  0.0, Max: 0, Diff: 0, Sum: 0, Workers: 4
[1363.947s][debug][gc,phases      ] GC(52)   StringDedup Requests1 Weak     Min:  0.0, Avg:  0.0, Max:  0.0, Diff:  0.0, Sum:  0.0, Workers: 4
[1363.947s][debug][gc,phases      ] GC(52)     Dead                           Min: 0, Avg:  0.0, Max: 0, Diff: 0, Sum: 0, Workers: 4
[1363.947s][debug][gc,phases      ] GC(52)     Total                          Min: 0, Avg:  0.0, Max: 0, Diff: 0, Sum: 0, Workers: 4
[1363.947s][debug][gc,phases      ] GC(52)   Weak JFR Old Object Samples    Min:  0.0, Avg:  0.0, Max:  0.0, Diff:  0.0, Sum:  0.0, Workers: 4
[1363.947s][debug][gc,phases      ] GC(52)     Dead                           Min: 0, Avg:  0.0, Max: 0, Diff: 0, Sum: 0, Workers: 4
[1363.947s][debug][gc,phases      ] GC(52)     Total                          Min: 0, Avg:  0.0, Max: 0, Diff: 0, Sum: 0, Workers: 4
[1363.947s][debug][gc,phases      ] GC(52) Weak Processing 0.545ms
[1363.947s][debug][gc,age         ] GC(52) Desired survivor size 118489088 bytes, new threshold 15 (max threshold 15)
[1363.948s][info ][gc,heap        ] GC(52) PSYoungGen: 1915872K(1977344K)->61808K(1973248K) Eden: 1853440K(1853440K)->0K(1853440K) From: 62432K(123904K)->61808K(119808K)
[1363.948s][info ][gc,heap        ] GC(52) ParOldGen: 459361K(516608K)->459665K(516608K)
[1363.948s][info ][gc,metaspace   ] GC(52) Metaspace: 79317K(80256K)->79317K(80256K) NonClass: 68109K(68608K)->68109K(68608K) Class: 11208K(11648K)->11208K(11648K)
[1363.948s][info ][gc             ] GC(52) Pause Young (Allocation Failure) 2319M->509M(2431M) 16.106ms
[1363.948s][info ][gc,cpu         ] GC(52) User=0.05s Sys=0.00s Real=0.02s
[1363.948s][info ][safepoint      ] Safepoint "ParallelGCFailedAllocation", Time since last: 1037964443 ns, Reaching safepoint: 26701 ns, At safepoint: 16174225 ns, Total: 16200926 ns
[1374.948s][info ][safepoint      ] Safepoint "Cleanup", Time since last: 11000760897 ns, Reaching safepoint: 36900 ns, At safepoint: 2700 ns, Total: 39600 ns
[1394.950s][info ][safepoint      ] Safepoint "Cleanup", Time since last: 20001334901 ns, Reaching safepoint: 37300 ns, At safepoint: 2400 ns, Total: 39700 ns
[1397.950s][info ][safepoint      ] Safepoint "Cleanup", Time since last: 3000245919 ns, Reaching safepoint: 28400 ns, At safepoint: 2701 ns, Total: 31101 ns
[1401.950s][info ][safepoint      ] Safepoint "Cleanup", Time since last: 4000317501 ns, Reaching safepoint: 52300 ns, At safepoint: 3700 ns, Total: 56000 ns
[1403.951s][info ][safepoint      ] Safepoint "Cleanup", Time since last: 2000186055 ns, Reaching safepoint: 42600 ns, At safepoint: 3200 ns, Total: 45800 ns
[1404.951s][info ][safepoint      ] Safepoint "Cleanup", Time since last: 1000120179 ns, Reaching safepoint: 107001 ns, At safepoint: 6300 ns, Total: 113301 ns
[1405.951s][info ][safepoint      ] Safepoint "Cleanup", Time since last: 1000119279 ns, Reaching safepoint: 35100 ns, At safepoint: 4600 ns, Total: 39700 ns
[1408.229s][info ][gc,start       ] GC(53) Pause Young (Allocation Failure)
[1408.245s][debug][gc,phases      ] GC(53) Scavenge 15.122ms
[1408.245s][debug][gc,ref         ] GC(53) Skipped phase 1 of Reference Processing: no references
[1408.245s][debug][gc,ref         ] GC(53) ReferenceProcessor::execute queues: 1, RefProcThreadModel::Single, marks_oops_alive: false
[1408.245s][debug][gc,ref         ] GC(53) Skipped phase 3 of Reference Processing: no references
[1408.245s][debug][gc,ref         ] GC(53) ReferenceProcessor::execute queues: 1, RefProcThreadModel::Single, marks_oops_alive: false
[1408.245s][debug][gc,phases      ] GC(53) Reference Processing 0.109ms
[1408.246s][debug][gc,phases      ] GC(53)   VM Weak                        Min:  0.0, Avg:  0.0, Max:  0.0, Diff:  0.0, Sum:  0.0, Workers: 4
[1408.246s][debug][gc,phases      ] GC(53)     Dead                           Min: 0, Avg:  0.0, Max: 0, Diff: 0, Sum: 0, Workers: 4
[1408.246s][debug][gc,phases      ] GC(53)     Total                          Min: 0, Avg: 188.0, Max: 752, Diff: 752, Sum: 752, Workers: 4
[1408.246s][debug][gc,phases      ] GC(53)   ObjectSynchronizer Weak        Min:  0.0, Avg:  0.0, Max:  0.0, Diff:  0.0, Sum:  0.0, Workers: 4
[1408.246s][debug][gc,phases      ] GC(53)     Dead                           Min: 0, Avg:  0.0, Max: 0, Diff: 0, Sum: 0, Workers: 4
[1408.246s][debug][gc,phases      ] GC(53)     Total                          Min: 0, Avg: 14.8, Max: 59, Diff: 59, Sum: 59, Workers: 4
[1408.246s][debug][gc,phases      ] GC(53)   JVMTI Tag Weak OopStorage      Min:  0.0, Avg:  0.0, Max:  0.0, Diff:  0.0, Sum:  0.0, Workers: 4
[1408.246s][debug][gc,phases      ] GC(53)     Dead                           Min: 0, Avg:  0.0, Max: 0, Diff: 0, Sum: 0, Workers: 4
[1408.246s][debug][gc,phases      ] GC(53)     Total                          Min: 0, Avg:  0.0, Max: 0, Diff: 0, Sum: 0, Workers: 4
[1408.246s][debug][gc,phases      ] GC(53)   StringTable Weak               Min:  0.2, Avg:  0.4, Max:  1.1, Diff:  1.0, Sum:  1.6, Workers: 4
[1408.246s][debug][gc,phases      ] GC(53)     Dead                           Min: 0, Avg:  0.0, Max: 0, Diff: 0, Sum: 0, Workers: 4
[1408.246s][debug][gc,phases      ] GC(53)     Total                          Min: 640, Avg: 10672.2, Max: 18305, Diff: 17665, Sum: 42689, Workers: 4
[1408.246s][debug][gc,phases      ] GC(53)   ResolvedMethodTable Weak       Min:  0.0, Avg:  0.0, Max:  0.0, Diff:  0.0, Sum:  0.1, Workers: 4
[1408.246s][debug][gc,phases      ] GC(53)     Dead                           Min: 0, Avg:  0.0, Max: 0, Diff: 0, Sum: 0, Workers: 4
[1408.246s][debug][gc,phases      ] GC(53)     Total                          Min: 0, Avg: 2156.2, Max: 2880, Diff: 2880, Sum: 8625, Workers: 4
[1408.246s][debug][gc,phases      ] GC(53)   JNI Weak                       Min:  0.0, Avg:  0.0, Max:  0.0, Diff:  0.0, Sum:  0.0, Workers: 4
[1408.246s][debug][gc,phases      ] GC(53)     Dead                           Min: 0, Avg:  0.0, Max: 0, Diff: 0, Sum: 0, Workers: 4
[1408.246s][debug][gc,phases      ] GC(53)     Total                          Min: 0, Avg: 11.2, Max: 45, Diff: 45, Sum: 45, Workers: 4
[1408.246s][debug][gc,phases      ] GC(53)   StringDedup Table Weak         Min:  0.0, Avg:  0.0, Max:  0.0, Diff:  0.0, Sum:  0.0, Workers: 4
[1408.246s][debug][gc,phases      ] GC(53)     Dead                           Min: 0, Avg:  0.0, Max: 0, Diff: 0, Sum: 0, Workers: 4
[1408.246s][debug][gc,phases      ] GC(53)     Total                          Min: 0, Avg:  0.0, Max: 0, Diff: 0, Sum: 0, Workers: 4
[1408.246s][debug][gc,phases      ] GC(53)   StringDedup Requests0 Weak     Min:  0.0, Avg:  0.0, Max:  0.0, Diff:  0.0, Sum:  0.0, Workers: 4
[1408.246s][debug][gc,phases      ] GC(53)     Dead                           Min: 0, Avg:  0.0, Max: 0, Diff: 0, Sum: 0, Workers: 4
[1408.246s][debug][gc,phases      ] GC(53)     Total                          Min: 0, Avg:  0.0, Max: 0, Diff: 0, Sum: 0, Workers: 4
[1408.246s][debug][gc,phases      ] GC(53)   StringDedup Requests1 Weak     Min:  0.0, Avg:  0.0, Max:  0.0, Diff:  0.0, Sum:  0.0, Workers: 4
[1408.246s][debug][gc,phases      ] GC(53)     Dead                           Min: 0, Avg:  0.0, Max: 0, Diff: 0, Sum: 0, Workers: 4
[1408.246s][debug][gc,phases      ] GC(53)     Total                          Min: 0, Avg:  0.0, Max: 0, Diff: 0, Sum: 0, Workers: 4
[1408.246s][debug][gc,phases      ] GC(53)   Weak JFR Old Object Samples    Min:  0.0, Avg:  0.0, Max:  0.0, Diff:  0.0, Sum:  0.0, Workers: 4
[1408.246s][debug][gc,phases      ] GC(53)     Dead                           Min: 0, Avg:  0.0, Max: 0, Diff: 0, Sum: 0, Workers: 4
[1408.246s][debug][gc,phases      ] GC(53)     Total                          Min: 0, Avg:  0.0, Max: 0, Diff: 0, Sum: 0, Workers: 4
[1408.246s][debug][gc,phases      ] GC(53) Weak Processing 1.369ms
[1408.246s][debug][gc,age         ] GC(53) Desired survivor size 114819072 bytes, new threshold 15 (max threshold 15)
[1408.246s][info ][gc,heap        ] GC(53) PSYoungGen: 1915248K(1973248K)->61936K(1985024K) Eden: 1853440K(1853440K)->0K(1869312K) From: 61808K(119808K)->61936K(115712K)
[1408.246s][info ][gc,heap        ] GC(53) ParOldGen: 459665K(516608K)->460145K(516608K)
[1408.246s][info ][gc,metaspace   ] GC(53) Metaspace: 79330K(80256K)->79330K(80256K) NonClass: 68121K(68608K)->68121K(68608K) Class: 11208K(11648K)->11208K(11648K)
[1408.246s][info ][gc             ] GC(53) Pause Young (Allocation Failure) 2319M->509M(2443M) 16.736ms
[1408.246s][info ][gc,cpu         ] GC(53) User=0.06s Sys=0.00s Real=0.02s
[1408.246s][info ][safepoint      ] Safepoint "ParallelGCFailedAllocation", Time since last: 2278210023 ns, Reaching safepoint: 112601 ns, At safepoint: 16821731 ns, Total: 16934332 ns
[1426.247s][info ][safepoint      ] Safepoint "Cleanup", Time since last: 18001220256 ns, Reaching safepoint: 42301 ns, At safepoint: 3300 ns, Total: 45601 ns
[1429.248s][info ][safepoint      ] Safepoint "Cleanup", Time since last: 3000250580 ns, Reaching safepoint: 42300 ns, At safepoint: 3400 ns, Total: 45700 ns
[1455.583s][info ][gc,start       ] GC(54) Pause Young (Allocation Failure)
[1455.597s][debug][gc,phases      ] GC(54) Scavenge 14.536ms
[1455.597s][debug][gc,ref         ] GC(54) Skipped phase 1 of Reference Processing: no references
[1455.597s][debug][gc,ref         ] GC(54) ReferenceProcessor::execute queues: 1, RefProcThreadModel::Single, marks_oops_alive: false
[1455.597s][debug][gc,ref         ] GC(54) Skipped phase 3 of Reference Processing: no references
[1455.597s][debug][gc,ref         ] GC(54) ReferenceProcessor::execute queues: 1, RefProcThreadModel::Single, marks_oops_alive: false
[1455.597s][debug][gc,phases      ] GC(54) Reference Processing 0.127ms
[1455.598s][debug][gc,phases      ] GC(54)   VM Weak                        Min:  0.0, Avg:  0.0, Max:  0.0, Diff:  0.0, Sum:  0.0, Workers: 4
[1455.598s][debug][gc,phases      ] GC(54)     Dead                           Min: 0, Avg:  0.0, Max: 0, Diff: 0, Sum: 0, Workers: 4
[1455.598s][debug][gc,phases      ] GC(54)     Total                          Min: 0, Avg: 188.0, Max: 448, Diff: 448, Sum: 752, Workers: 4
[1455.598s][debug][gc,phases      ] GC(54)   ObjectSynchronizer Weak        Min:  0.0, Avg:  0.0, Max:  0.0, Diff:  0.0, Sum:  0.0, Workers: 4
[1455.598s][debug][gc,phases      ] GC(54)     Dead                           Min: 0, Avg:  0.0, Max: 0, Diff: 0, Sum: 0, Workers: 4
[1455.598s][debug][gc,phases      ] GC(54)     Total                          Min: 0, Avg: 14.8, Max: 59, Diff: 59, Sum: 59, Workers: 4
[1455.598s][debug][gc,phases      ] GC(54)   JVMTI Tag Weak OopStorage      Min:  0.0, Avg:  0.0, Max:  0.0, Diff:  0.0, Sum:  0.0, Workers: 4
[1455.598s][debug][gc,phases      ] GC(54)     Dead                           Min: 0, Avg:  0.0, Max: 0, Diff: 0, Sum: 0, Workers: 4
[1455.598s][debug][gc,phases      ] GC(54)     Total                          Min: 0, Avg:  0.0, Max: 0, Diff: 0, Sum: 0, Workers: 4
[1455.598s][debug][gc,phases      ] GC(54)   StringTable Weak               Min:  0.0, Avg:  0.1, Max:  0.2, Diff:  0.2, Sum:  0.4, Workers: 4
[1455.598s][debug][gc,phases      ] GC(54)     Dead                           Min: 0, Avg:  0.0, Max: 0, Diff: 0, Sum: 0, Workers: 4
[1455.598s][debug][gc,phases      ] GC(54)     Total                          Min: 0, Avg: 10675.0, Max: 22220, Diff: 22220, Sum: 42700, Workers: 4
[1455.598s][debug][gc,phases      ] GC(54)   ResolvedMethodTable Weak       Min:  0.0, Avg:  0.0, Max:  0.0, Diff:  0.0, Sum:  0.1, Workers: 4
[1455.598s][debug][gc,phases      ] GC(54)     Dead                           Min: 0, Avg:  0.0, Max: 0, Diff: 0, Sum: 0, Workers: 4
[1455.598s][debug][gc,phases      ] GC(54)     Total                          Min: 0, Avg: 2156.8, Max: 4799, Diff: 4799, Sum: 8627, Workers: 4
[1455.598s][debug][gc,phases      ] GC(54)   JNI Weak                       Min:  0.0, Avg:  0.0, Max:  0.0, Diff:  0.0, Sum:  0.0, Workers: 4
[1455.598s][debug][gc,phases      ] GC(54)     Dead                           Min: 0, Avg:  0.0, Max: 0, Diff: 0, Sum: 0, Workers: 4
[1455.598s][debug][gc,phases      ] GC(54)     Total                          Min: 0, Avg: 11.2, Max: 45, Diff: 45, Sum: 45, Workers: 4
[1455.598s][debug][gc,phases      ] GC(54)   StringDedup Table Weak         Min:  0.0, Avg:  0.0, Max:  0.0, Diff:  0.0, Sum:  0.0, Workers: 4
[1455.598s][debug][gc,phases      ] GC(54)     Dead                           Min: 0, Avg:  0.0, Max: 0, Diff: 0, Sum: 0, Workers: 4
[1455.598s][debug][gc,phases      ] GC(54)     Total                          Min: 0, Avg:  0.0, Max: 0, Diff: 0, Sum: 0, Workers: 4
[1455.598s][debug][gc,phases      ] GC(54)   StringDedup Requests0 Weak     Min:  0.0, Avg:  0.0, Max:  0.0, Diff:  0.0, Sum:  0.0, Workers: 4
[1455.598s][debug][gc,phases      ] GC(54)     Dead                           Min: 0, Avg:  0.0, Max: 0, Diff: 0, Sum: 0, Workers: 4
[1455.598s][debug][gc,phases      ] GC(54)     Total                          Min: 0, Avg:  0.0, Max: 0, Diff: 0, Sum: 0, Workers: 4
[1455.598s][debug][gc,phases      ] GC(54)   StringDedup Requests1 Weak     Min:  0.0, Avg:  0.0, Max:  0.0, Diff:  0.0, Sum:  0.0, Workers: 4
[1455.598s][debug][gc,phases      ] GC(54)     Dead                           Min: 0, Avg:  0.0, Max: 0, Diff: 0, Sum: 0, Workers: 4
[1455.598s][debug][gc,phases      ] GC(54)     Total                          Min: 0, Avg:  0.0, Max: 0, Diff: 0, Sum: 0, Workers: 4
[1455.598s][debug][gc,phases      ] GC(54)   Weak JFR Old Object Samples    Min:  0.0, Avg:  0.0, Max:  0.0, Diff:  0.0, Sum:  0.0, Workers: 4
[1455.598s][debug][gc,phases      ] GC(54)     Dead                           Min: 0, Avg:  0.0, Max: 0, Diff: 0, Sum: 0, Workers: 4
[1455.598s][debug][gc,phases      ] GC(54)     Total                          Min: 0, Avg:  0.0, Max: 0, Diff: 0, Sum: 0, Workers: 4
[1455.598s][debug][gc,phases      ] GC(54) Weak Processing 0.479ms
[1455.598s][debug][gc,age         ] GC(54) Desired survivor size 111673344 bytes, new threshold 15 (max threshold 15)
[1455.598s][info ][gc,heap        ] GC(54) PSYoungGen: 1931248K(1985024K)->60768K(1981440K) Eden: 1869312K(1869312K)->0K(1869312K) From: 61936K(115712K)->60768K(112128K)
[1455.598s][info ][gc,heap        ] GC(54) ParOldGen: 460145K(516608K)->460417K(516608K)
[1455.598s][info ][gc,metaspace   ] GC(54) Metaspace: 79335K(80256K)->79335K(80256K) NonClass: 68126K(68608K)->68126K(68608K) Class: 11209K(11648K)->11209K(11648K)
[1455.598s][info ][gc             ] GC(54) Pause Young (Allocation Failure) 2335M->508M(2439M) 15.279ms
[1455.598s][info ][gc,cpu         ] GC(54) User=0.05s Sys=0.00s Real=0.01s
[1455.598s][info ][safepoint      ] Safepoint "ParallelGCFailedAllocation", Time since last: 26334753056 ns, Reaching safepoint: 25200 ns, At safepoint: 15356220 ns, Total: 15381420 ns
[1462.598s][info ][safepoint      ] Safepoint "Cleanup", Time since last: 7000502286 ns, Reaching safepoint: 58901 ns, At safepoint: 2800 ns, Total: 61701 ns
[1463.599s][info ][safepoint      ] Safepoint "Cleanup", Time since last: 1000111115 ns, Reaching safepoint: 47100 ns, At safepoint: 3300 ns, Total: 50400 ns
[1468.599s][info ][safepoint      ] Safepoint "Cleanup", Time since last: 5000357882 ns, Reaching safepoint: 46801 ns, At safepoint: 4700 ns, Total: 51501 ns
[1469.599s][info ][safepoint      ] Safepoint "Cleanup", Time since last: 1000116218 ns, Reaching safepoint: 78401 ns, At safepoint: 2400 ns, Total: 80801 ns
[1475.600s][info ][safepoint      ] Safepoint "Cleanup", Time since last: 6000446522 ns, Reaching safepoint: 44900 ns, At safepoint: 29800 ns, Total: 74700 ns
[1476.600s][info ][safepoint      ] Safepoint "Cleanup", Time since last: 1000081222 ns, Reaching safepoint: 39601 ns, At safepoint: 2700 ns, Total: 42301 ns
[1478.600s][info ][safepoint      ] Safepoint "Cleanup", Time since last: 2000174746 ns, Reaching safepoint: 51201 ns, At safepoint: 6600 ns, Total: 57801 ns
[1479.600s][info ][safepoint      ] Safepoint "Cleanup", Time since last: 1000108824 ns, Reaching safepoint: 34500 ns, At safepoint: 2700 ns, Total: 37200 ns
[1481.600s][info ][safepoint      ] Safepoint "Cleanup", Time since last: 2000173350 ns, Reaching safepoint: 40200 ns, At safepoint: 13100 ns, Total: 53300 ns
[1482.601s][info ][safepoint      ] Safepoint "Cleanup", Time since last: 1000096926 ns, Reaching safepoint: 29001 ns, At safepoint: 2300 ns, Total: 31301 ns
[1484.601s][info ][safepoint      ] Safepoint "Cleanup", Time since last: 2000155553 ns, Reaching safepoint: 35700 ns, At safepoint: 4000 ns, Total: 39700 ns
[1486.601s][info ][safepoint      ] Safepoint "Cleanup", Time since last: 2000158855 ns, Reaching safepoint: 38001 ns, At safepoint: 2300 ns, Total: 40301 ns
[1487.632s][info ][safepoint      ] Safepoint "Cleanup", Time since last: 1030720468 ns, Reaching safepoint: 258702 ns, At safepoint: 13900 ns, Total: 272602 ns
[1488.632s][info ][safepoint      ] Safepoint "Cleanup", Time since last: 1000118130 ns, Reaching safepoint: 132001 ns, At safepoint: 6900 ns, Total: 138901 ns
[1492.633s][info ][safepoint      ] Safepoint "Cleanup", Time since last: 4000260921 ns, Reaching safepoint: 98301 ns, At safepoint: 8500 ns, Total: 106801 ns
[1494.081s][info ][safepoint      ] Safepoint "Cleanup", Time since last: 1448767246 ns, Reaching safepoint: 90901 ns, At safepoint: 10300 ns, Total: 101201 ns
[1495.082s][info ][safepoint      ] Safepoint "Cleanup", Time since last: 1000107533 ns, Reaching safepoint: 117201 ns, At safepoint: 7700 ns, Total: 124901 ns
[1496.082s][info ][safepoint      ] Safepoint "Cleanup", Time since last: 1000110033 ns, Reaching safepoint: 116501 ns, At safepoint: 8300 ns, Total: 124801 ns
[1497.082s][info ][safepoint      ] Safepoint "Cleanup", Time since last: 1000133734 ns, Reaching safepoint: 106901 ns, At safepoint: 13700 ns, Total: 120601 ns
[1498.082s][info ][safepoint      ] Safepoint "Cleanup", Time since last: 1000102235 ns, Reaching safepoint: 114501 ns, At safepoint: 8200 ns, Total: 122701 ns
[1499.083s][info ][safepoint      ] Safepoint "Cleanup", Time since last: 1000109235 ns, Reaching safepoint: 109001 ns, At safepoint: 11700 ns, Total: 120701 ns
[1500.083s][info ][safepoint      ] Safepoint "Cleanup", Time since last: 1000110135 ns, Reaching safepoint: 116801 ns, At safepoint: 7700 ns, Total: 124501 ns
[1501.083s][info ][safepoint      ] Safepoint "Cleanup", Time since last: 1000117337 ns, Reaching safepoint: 96301 ns, At safepoint: 3900 ns, Total: 100201 ns
[1502.083s][info ][safepoint      ] Safepoint "Cleanup", Time since last: 1000103836 ns, Reaching safepoint: 112301 ns, At safepoint: 7200 ns, Total: 119501 ns
[1506.527s][info ][gc,start       ] GC(55) Pause Young (Allocation Failure)
[1506.543s][debug][gc,phases      ] GC(55) Scavenge 16.723ms
[1506.543s][debug][gc,ref         ] GC(55) Skipped phase 1 of Reference Processing: no references
[1506.543s][debug][gc,ref         ] GC(55) ReferenceProcessor::execute queues: 1, RefProcThreadModel::Single, marks_oops_alive: false
[1506.543s][debug][gc,ref         ] GC(55) ReferenceProcessor::execute queues: 4, RefProcThreadModel::Multi, marks_oops_alive: true
[1506.543s][debug][gc,ref         ] GC(55) ReferenceProcessor::execute queues: 1, RefProcThreadModel::Single, marks_oops_alive: false
[1506.543s][debug][gc,phases      ] GC(55) Reference Processing 0.199ms
[1506.544s][debug][gc,phases      ] GC(55)   VM Weak                        Min:  0.0, Avg:  0.0, Max:  0.0, Diff:  0.0, Sum:  0.0, Workers: 4
[1506.544s][debug][gc,phases      ] GC(55)     Dead                           Min: 0, Avg:  0.0, Max: 0, Diff: 0, Sum: 0, Workers: 4
[1506.544s][debug][gc,phases      ] GC(55)     Total                          Min: 0, Avg: 188.0, Max: 752, Diff: 752, Sum: 752, Workers: 4
[1506.544s][debug][gc,phases      ] GC(55)   ObjectSynchronizer Weak        Min:  0.0, Avg:  0.0, Max:  0.0, Diff:  0.0, Sum:  0.0, Workers: 4
[1506.544s][debug][gc,phases      ] GC(55)     Dead                           Min: 0, Avg:  0.0, Max: 0, Diff: 0, Sum: 0, Workers: 4
[1506.544s][debug][gc,phases      ] GC(55)     Total                          Min: 0, Avg: 15.0, Max: 60, Diff: 60, Sum: 60, Workers: 4
[1506.544s][debug][gc,phases      ] GC(55)   JVMTI Tag Weak OopStorage      Min:  0.0, Avg:  0.0, Max:  0.0, Diff:  0.0, Sum:  0.0, Workers: 4
[1506.544s][debug][gc,phases      ] GC(55)     Dead                           Min: 0, Avg:  0.0, Max: 0, Diff: 0, Sum: 0, Workers: 4
[1506.544s][debug][gc,phases      ] GC(55)     Total                          Min: 0, Avg:  0.0, Max: 0, Diff: 0, Sum: 0, Workers: 4
[1506.544s][debug][gc,phases      ] GC(55)   StringTable Weak               Min:  0.1, Avg:  0.1, Max:  0.1, Diff:  0.0, Sum:  0.4, Workers: 4
[1506.544s][debug][gc,phases      ] GC(55)     Dead                           Min: 0, Avg:  0.2, Max: 1, Diff: 1, Sum: 1, Workers: 4
[1506.544s][debug][gc,phases      ] GC(55)     Total                          Min: 8768, Avg: 10687.5, Max: 11520, Diff: 2752, Sum: 42750, Workers: 4
[1506.544s][debug][gc,phases      ] GC(55)   ResolvedMethodTable Weak       Min:  0.0, Avg:  0.0, Max:  0.0, Diff:  0.0, Sum:  0.1, Workers: 4
[1506.544s][debug][gc,phases      ] GC(55)     Dead                           Min: 0, Avg:  0.0, Max: 0, Diff: 0, Sum: 0, Workers: 4
[1506.544s][debug][gc,phases      ] GC(55)     Total                          Min: 2102, Avg: 2157.2, Max: 2303, Diff: 201, Sum: 8629, Workers: 4
[1506.544s][debug][gc,phases      ] GC(55)   JNI Weak                       Min:  0.0, Avg:  0.0, Max:  0.0, Diff:  0.0, Sum:  0.0, Workers: 4
[1506.544s][debug][gc,phases      ] GC(55)     Dead                           Min: 0, Avg:  0.0, Max: 0, Diff: 0, Sum: 0, Workers: 4
[1506.544s][debug][gc,phases      ] GC(55)     Total                          Min: 0, Avg: 11.2, Max: 45, Diff: 45, Sum: 45, Workers: 4
[1506.544s][debug][gc,phases      ] GC(55)   StringDedup Table Weak         Min:  0.0, Avg:  0.0, Max:  0.0, Diff:  0.0, Sum:  0.0, Workers: 4
[1506.544s][debug][gc,phases      ] GC(55)     Dead                           Min: 0, Avg:  0.0, Max: 0, Diff: 0, Sum: 0, Workers: 4
[1506.544s][debug][gc,phases      ] GC(55)     Total                          Min: 0, Avg:  0.0, Max: 0, Diff: 0, Sum: 0, Workers: 4
[1506.544s][debug][gc,phases      ] GC(55)   StringDedup Requests0 Weak     Min:  0.0, Avg:  0.0, Max:  0.0, Diff:  0.0, Sum:  0.0, Workers: 4
[1506.544s][debug][gc,phases      ] GC(55)     Dead                           Min: 0, Avg:  0.0, Max: 0, Diff: 0, Sum: 0, Workers: 4
[1506.544s][debug][gc,phases      ] GC(55)     Total                          Min: 0, Avg:  0.0, Max: 0, Diff: 0, Sum: 0, Workers: 4
[1506.544s][debug][gc,phases      ] GC(55)   StringDedup Requests1 Weak     Min:  0.0, Avg:  0.0, Max:  0.0, Diff:  0.0, Sum:  0.0, Workers: 4
[1506.544s][debug][gc,phases      ] GC(55)     Dead                           Min: 0, Avg:  0.0, Max: 0, Diff: 0, Sum: 0, Workers: 4
[1506.544s][debug][gc,phases      ] GC(55)     Total                          Min: 0, Avg:  0.0, Max: 0, Diff: 0, Sum: 0, Workers: 4
[1506.544s][debug][gc,phases      ] GC(55)   Weak JFR Old Object Samples    Min:  0.0, Avg:  0.0, Max:  0.0, Diff:  0.0, Sum:  0.0, Workers: 4
[1506.544s][debug][gc,phases      ] GC(55)     Dead                           Min: 0, Avg:  0.0, Max: 0, Diff: 0, Sum: 0, Workers: 4
[1506.544s][debug][gc,phases      ] GC(55)     Total                          Min: 0, Avg:  0.0, Max: 0, Diff: 0, Sum: 0, Workers: 4
[1506.544s][debug][gc,phases      ] GC(55) Weak Processing 0.294ms
[1506.544s][debug][gc,age         ] GC(55) Desired survivor size 110624768 bytes, new threshold 15 (max threshold 15)
[1506.544s][info ][gc,heap        ] GC(55) PSYoungGen: 1930080K(1981440K)->47110K(1989120K) Eden: 1869312K(1869312K)->0K(1880064K) From: 60768K(112128K)->47110K(109056K)
[1506.544s][info ][gc,heap        ] GC(55) ParOldGen: 460417K(516608K)->471037K(516608K)
[1506.544s][info ][gc,metaspace   ] GC(55) Metaspace: 79424K(80384K)->79424K(80384K) NonClass: 68211K(68736K)->68211K(68736K) Class: 11212K(11648K)->11212K(11648K)
[1506.544s][info ][gc             ] GC(55) Pause Young (Allocation Failure) 2334M->506M(2447M) 17.332ms
[1506.544s][info ][gc,cpu         ] GC(55) User=0.06s Sys=0.00s Real=0.02s
[1506.544s][info ][safepoint      ] Safepoint "ParallelGCFailedAllocation", Time since last: 4443129323 ns, Reaching safepoint: 35700 ns, At safepoint: 17399636 ns, Total: 17435336 ns
[1507.544s][info ][safepoint      ] Safepoint "Cleanup", Time since last: 1000081040 ns, Reaching safepoint: 28900 ns, At safepoint: 2700 ns, Total: 31600 ns
[1510.544s][info ][safepoint      ] Safepoint "Cleanup", Time since last: 3000221222 ns, Reaching safepoint: 51500 ns, At safepoint: 3400 ns, Total: 54900 ns
[1514.545s][info ][safepoint      ] Safepoint "Cleanup", Time since last: 4000289470 ns, Reaching safepoint: 33900 ns, At safepoint: 2400 ns, Total: 36300 ns
[1517.545s][info ][safepoint      ] Safepoint "Cleanup", Time since last: 3000230133 ns, Reaching safepoint: 42100 ns, At safepoint: 10800 ns, Total: 52900 ns
[1519.545s][info ][safepoint      ] Safepoint "Cleanup", Time since last: 2000162192 ns, Reaching safepoint: 36900 ns, At safepoint: 4800 ns, Total: 41700 ns
[1547.547s][info ][safepoint      ] Safepoint "Cleanup", Time since last: 28001819792 ns, Reaching safepoint: 46900 ns, At safepoint: 9000 ns, Total: 55900 ns
[1558.228s][info ][gc,start       ] GC(56) Pause Young (Allocation Failure)
[1558.246s][debug][gc,phases      ] GC(56) Scavenge 17.085ms
[1558.246s][debug][gc,ref         ] GC(56) Skipped phase 1 of Reference Processing: no references
[1558.246s][debug][gc,ref         ] GC(56) ReferenceProcessor::execute queues: 1, RefProcThreadModel::Single, marks_oops_alive: false
[1558.246s][debug][gc,ref         ] GC(56) Skipped phase 3 of Reference Processing: no references
[1558.246s][debug][gc,ref         ] GC(56) ReferenceProcessor::execute queues: 1, RefProcThreadModel::Single, marks_oops_alive: false
[1558.246s][debug][gc,phases      ] GC(56) Reference Processing 0.151ms
[1558.246s][debug][gc,phases      ] GC(56)   VM Weak                        Min:  0.0, Avg:  0.0, Max:  0.0, Diff:  0.0, Sum:  0.0, Workers: 4
[1558.246s][debug][gc,phases      ] GC(56)     Dead                           Min: 0, Avg:  0.0, Max: 0, Diff: 0, Sum: 0, Workers: 4
[1558.246s][debug][gc,phases      ] GC(56)     Total                          Min: 0, Avg: 188.0, Max: 640, Diff: 640, Sum: 752, Workers: 4
[1558.246s][debug][gc,phases      ] GC(56)   ObjectSynchronizer Weak        Min:  0.0, Avg:  0.0, Max:  0.0, Diff:  0.0, Sum:  0.0, Workers: 4
[1558.246s][debug][gc,phases      ] GC(56)     Dead                           Min: 0, Avg:  0.0, Max: 0, Diff: 0, Sum: 0, Workers: 4
[1558.246s][debug][gc,phases      ] GC(56)     Total                          Min: 0, Avg: 15.0, Max: 60, Diff: 60, Sum: 60, Workers: 4
[1558.246s][debug][gc,phases      ] GC(56)   JVMTI Tag Weak OopStorage      Min:  0.0, Avg:  0.0, Max:  0.0, Diff:  0.0, Sum:  0.0, Workers: 4
[1558.246s][debug][gc,phases      ] GC(56)     Dead                           Min: 0, Avg:  0.0, Max: 0, Diff: 0, Sum: 0, Workers: 4
[1558.246s][debug][gc,phases      ] GC(56)     Total                          Min: 0, Avg:  0.0, Max: 0, Diff: 0, Sum: 0, Workers: 4
[1558.246s][debug][gc,phases      ] GC(56)   StringTable Weak               Min:  0.0, Avg:  0.1, Max:  0.1, Diff:  0.1, Sum:  0.4, Workers: 4
[1558.246s][debug][gc,phases      ] GC(56)     Dead                           Min: 0, Avg:  0.0, Max: 0, Diff: 0, Sum: 0, Workers: 4
[1558.246s][debug][gc,phases      ] GC(56)     Total                          Min: 0, Avg: 10688.5, Max: 14786, Diff: 14786, Sum: 42754, Workers: 4
[1558.246s][debug][gc,phases      ] GC(56)   ResolvedMethodTable Weak       Min:  0.0, Avg:  0.0, Max:  0.0, Diff:  0.0, Sum:  0.1, Workers: 4
[1558.246s][debug][gc,phases      ] GC(56)     Dead                           Min: 0, Avg:  0.0, Max: 0, Diff: 0, Sum: 0, Workers: 4
[1558.246s][debug][gc,phases      ] GC(56)     Total                          Min: 0, Avg: 2157.2, Max: 3003, Diff: 3003, Sum: 8629, Workers: 4
[1558.246s][debug][gc,phases      ] GC(56)   JNI Weak                       Min:  0.0, Avg:  0.0, Max:  0.0, Diff:  0.0, Sum:  0.0, Workers: 4
[1558.246s][debug][gc,phases      ] GC(56)     Dead                           Min: 0, Avg:  0.0, Max: 0, Diff: 0, Sum: 0, Workers: 4
[1558.246s][debug][gc,phases      ] GC(56)     Total                          Min: 0, Avg: 11.2, Max: 45, Diff: 45, Sum: 45, Workers: 4
[1558.246s][debug][gc,phases      ] GC(56)   StringDedup Table Weak         Min:  0.0, Avg:  0.0, Max:  0.0, Diff:  0.0, Sum:  0.0, Workers: 4
[1558.246s][debug][gc,phases      ] GC(56)     Dead                           Min: 0, Avg:  0.0, Max: 0, Diff: 0, Sum: 0, Workers: 4
[1558.246s][debug][gc,phases      ] GC(56)     Total                          Min: 0, Avg:  0.0, Max: 0, Diff: 0, Sum: 0, Workers: 4
[1558.246s][debug][gc,phases      ] GC(56)   StringDedup Requests0 Weak     Min:  0.0, Avg:  0.0, Max:  0.0, Diff:  0.0, Sum:  0.0, Workers: 4
[1558.246s][debug][gc,phases      ] GC(56)     Dead                           Min: 0, Avg:  0.0, Max: 0, Diff: 0, Sum: 0, Workers: 4
[1558.246s][debug][gc,phases      ] GC(56)     Total                          Min: 0, Avg:  0.0, Max: 0, Diff: 0, Sum: 0, Workers: 4
[1558.246s][debug][gc,phases      ] GC(56)   StringDedup Requests1 Weak     Min:  0.0, Avg:  0.0, Max:  0.0, Diff:  0.0, Sum:  0.0, Workers: 4
[1558.246s][debug][gc,phases      ] GC(56)     Dead                           Min: 0, Avg:  0.0, Max: 0, Diff: 0, Sum: 0, Workers: 4
[1558.246s][debug][gc,phases      ] GC(56)     Total                          Min: 0, Avg:  0.0, Max: 0, Diff: 0, Sum: 0, Workers: 4
[1558.246s][debug][gc,phases      ] GC(56)   Weak JFR Old Object Samples    Min:  0.0, Avg:  0.0, Max:  0.0, Diff:  0.0, Sum:  0.0, Workers: 4
[1558.246s][debug][gc,phases      ] GC(56)     Dead                           Min: 0, Avg:  0.0, Max: 0, Diff: 0, Sum: 0, Workers: 4
[1558.246s][debug][gc,phases      ] GC(56)     Total                          Min: 0, Avg:  0.0, Max: 0, Diff: 0, Sum: 0, Workers: 4
[1558.246s][debug][gc,phases      ] GC(56) Weak Processing 0.398ms
[1558.246s][debug][gc,age         ] GC(56) Desired survivor size 113770496 bytes, new threshold 15 (max threshold 15)
[1558.246s][info ][gc,heap        ] GC(56) PSYoungGen: 1927174K(1989120K)->22966K(1903104K) Eden: 1880064K(1880064K)->0K(1880064K) From: 47110K(109056K)->22966K(23040K)
[1558.246s][info ][gc,heap        ] GC(56) ParOldGen: 471037K(516608K)->495365K(516608K)
[1558.246s][info ][gc,metaspace   ] GC(56) Metaspace: 79427K(80384K)->79427K(80384K) NonClass: 68214K(68736K)->68214K(68736K) Class: 11212K(11648K)->11212K(11648K)
[1558.246s][info ][gc             ] GC(56) Pause Young (Allocation Failure) 2342M->506M(2363M) 17.773ms
[1558.246s][info ][gc,cpu         ] GC(56) User=0.06s Sys=0.00s Real=0.02s
[1558.246s][debug][gc,phases      ] GC(57) Pre Compact 0.013ms
[1558.246s][info ][gc,start       ] GC(57) Pause Full (Ergonomics)
[1558.246s][info ][gc,phases,start] GC(57) Marking Phase
[1558.370s][debug][gc,phases      ] GC(57) Par Mark 123.162ms
[1558.370s][debug][gc,ref         ] GC(57) Skipped phase 1 of Reference Processing: no references
[1558.370s][debug][gc,ref         ] GC(57) ReferenceProcessor::execute queues: 4, RefProcThreadModel::Multi, marks_oops_alive: false
[1558.370s][debug][gc,ref         ] GC(57) ReferenceProcessor::execute queues: 4, RefProcThreadModel::Multi, marks_oops_alive: true
[1558.370s][debug][gc,ref         ] GC(57) ReferenceProcessor::execute queues: 1, RefProcThreadModel::Single, marks_oops_alive: false
[1558.370s][debug][gc,phases      ] GC(57) Reference Processing 0.587ms
[1558.370s][debug][gc,phases      ] GC(57)   VM Weak                        Min:  0.0, Avg:  0.0, Max:  0.0, Diff:  0.0, Sum:  0.0, Workers: 4
[1558.370s][debug][gc,phases      ] GC(57)     Dead                           Min: 0, Avg:  0.0, Max: 0, Diff: 0, Sum: 0, Workers: 4
[1558.370s][debug][gc,phases      ] GC(57)     Total                          Min: 0, Avg: 188.0, Max: 624, Diff: 624, Sum: 752, Workers: 4
[1558.371s][debug][gc,phases      ] GC(57)   ObjectSynchronizer Weak        Min:  0.0, Avg:  0.0, Max:  0.0, Diff:  0.0, Sum:  0.0, Workers: 4
[1558.371s][debug][gc,phases      ] GC(57)     Dead                           Min: 0, Avg:  0.0, Max: 0, Diff: 0, Sum: 0, Workers: 4
[1558.371s][debug][gc,phases      ] GC(57)     Total                          Min: 0, Avg: 15.0, Max: 60, Diff: 60, Sum: 60, Workers: 4
[1558.371s][debug][gc,phases      ] GC(57)   JVMTI Tag Weak OopStorage      Min:  0.0, Avg:  0.0, Max:  0.0, Diff:  0.0, Sum:  0.0, Workers: 4
[1558.371s][debug][gc,phases      ] GC(57)     Dead                           Min: 0, Avg:  0.0, Max: 0, Diff: 0, Sum: 0, Workers: 4
[1558.371s][debug][gc,phases      ] GC(57)     Total                          Min: 0, Avg:  0.0, Max: 0, Diff: 0, Sum: 0, Workers: 4
[1558.371s][debug][gc,phases      ] GC(57)   StringTable Weak               Min:  0.0, Avg:  0.1, Max:  0.2, Diff:  0.2, Sum:  0.6, Workers: 4
[1558.371s][debug][gc,phases      ] GC(57)     Dead                           Min: 0, Avg:  0.0, Max: 0, Diff: 0, Sum: 0, Workers: 4
[1558.371s][debug][gc,phases      ] GC(57)     Total                          Min: 0, Avg: 10688.5, Max: 15552, Diff: 15552, Sum: 42754, Workers: 4
[1558.371s][debug][gc,phases      ] GC(57)   ResolvedMethodTable Weak       Min:  0.0, Avg:  0.0, Max:  0.0, Diff:  0.0, Sum:  0.1, Workers: 4
[1558.371s][debug][gc,phases      ] GC(57)     Dead                           Min: 0, Avg:  0.0, Max: 0, Diff: 0, Sum: 0, Workers: 4
[1558.371s][debug][gc,phases      ] GC(57)     Total                          Min: 0, Avg: 2157.2, Max: 3003, Diff: 3003, Sum: 8629, Workers: 4
[1558.371s][debug][gc,phases      ] GC(57)   JNI Weak                       Min:  0.0, Avg:  0.0, Max:  0.0, Diff:  0.0, Sum:  0.0, Workers: 4
[1558.371s][debug][gc,phases      ] GC(57)     Dead                           Min: 0, Avg:  0.0, Max: 0, Diff: 0, Sum: 0, Workers: 4
[1558.371s][debug][gc,phases      ] GC(57)     Total                          Min: 0, Avg: 11.2, Max: 45, Diff: 45, Sum: 45, Workers: 4
[1558.371s][debug][gc,phases      ] GC(57)   StringDedup Table Weak         Min:  0.0, Avg:  0.0, Max:  0.0, Diff:  0.0, Sum:  0.0, Workers: 4
[1558.371s][debug][gc,phases      ] GC(57)     Dead                           Min: 0, Avg:  0.0, Max: 0, Diff: 0, Sum: 0, Workers: 4
[1558.371s][debug][gc,phases      ] GC(57)     Total                          Min: 0, Avg:  0.0, Max: 0, Diff: 0, Sum: 0, Workers: 4
[1558.371s][debug][gc,phases      ] GC(57)   StringDedup Requests0 Weak     Min:  0.0, Avg:  0.0, Max:  0.0, Diff:  0.0, Sum:  0.0, Workers: 4
[1558.371s][debug][gc,phases      ] GC(57)     Dead                           Min: 0, Avg:  0.0, Max: 0, Diff: 0, Sum: 0, Workers: 4
[1558.371s][debug][gc,phases      ] GC(57)     Total                          Min: 0, Avg:  0.0, Max: 0, Diff: 0, Sum: 0, Workers: 4
[1558.371s][debug][gc,phases      ] GC(57)   StringDedup Requests1 Weak     Min:  0.0, Avg:  0.0, Max:  0.0, Diff:  0.0, Sum:  0.0, Workers: 4
[1558.371s][debug][gc,phases      ] GC(57)     Dead                           Min: 0, Avg:  0.0, Max: 0, Diff: 0, Sum: 0, Workers: 4
[1558.371s][debug][gc,phases      ] GC(57)     Total                          Min: 0, Avg:  0.0, Max: 0, Diff: 0, Sum: 0, Workers: 4
[1558.371s][debug][gc,phases      ] GC(57)   Weak JFR Old Object Samples    Min:  0.0, Avg:  0.0, Max:  0.0, Diff:  0.0, Sum:  0.0, Workers: 4
[1558.371s][debug][gc,phases      ] GC(57)     Dead                           Min: 0, Avg:  0.0, Max: 0, Diff: 0, Sum: 0, Workers: 4
[1558.371s][debug][gc,phases      ] GC(57)     Total                          Min: 0, Avg:  0.0, Max: 0, Diff: 0, Sum: 0, Workers: 4
[1558.371s][debug][gc,phases      ] GC(57) Weak Processing 0.419ms
[1558.371s][debug][gc,phases      ] GC(57) ClassLoaderData 0.092ms
[1558.371s][debug][gc,phases      ] GC(57) Trigger cleanups 0.000ms
[1558.388s][debug][gc,phases      ] GC(57) Class Unloading 17.378ms
[1558.388s][info ][gc,phases      ] GC(57) Marking Phase 141.726ms
[1558.388s][info ][gc,phases,start] GC(57) Summary Phase
[1558.388s][info ][gc,phases      ] GC(57) Summary Phase 0.017ms
[1558.388s][info ][gc,phases,start] GC(57) Adjust Roots
[1558.403s][info ][gc,phases      ] GC(57) Adjust Roots 15.391ms
[1558.403s][info ][gc,phases,start] GC(57) Compaction Phase
[1558.543s][info ][gc,phases      ] GC(57) Compaction Phase 139.135ms
[1558.543s][info ][gc,phases,start] GC(57) Post Compact
[1558.544s][info ][gc,phases      ] GC(57) Post Compact 1.118ms
[1558.544s][info ][gc,heap        ] GC(57) PSYoungGen: 22966K(1903104K)->0K(1986048K) Eden: 0K(1880064K)->0K(1874944K) From: 22966K(23040K)->0K(111104K)
[1558.544s][info ][gc,heap        ] GC(57) ParOldGen: 495365K(516608K)->462189K(553472K)
[1558.544s][info ][gc,metaspace   ] GC(57) Metaspace: 79427K(80384K)->79427K(80384K) NonClass: 68214K(68736K)->68214K(68736K) Class: 11212K(11648K)->11212K(11648K)
[1558.544s][info ][gc             ] GC(57) Pause Full (Ergonomics) 506M->451M(2480M) 297.615ms
[1558.544s][info ][gc,cpu         ] GC(57) User=0.98s Sys=0.01s Real=0.30s
[1558.544s][info ][safepoint      ] Safepoint "ParallelGCFailedAllocation", Time since last: 10681429683 ns, Reaching safepoint: 47800 ns, At safepoint: 315531482 ns, Total: 315579282 ns
[1560.544s][info ][safepoint      ] Safepoint "Cleanup", Time since last: 2000154633 ns, Reaching safepoint: 43100 ns, At safepoint: 3400 ns, Total: 46500 ns
[1567.545s][info ][safepoint      ] Safepoint "Cleanup", Time since last: 7000496180 ns, Reaching safepoint: 41300 ns, At safepoint: 18300 ns, Total: 59600 ns
[1600.547s][info ][safepoint      ] Safepoint "Cleanup", Time since last: 33002132370 ns, Reaching safepoint: 55301 ns, At safepoint: 3700 ns, Total: 59001 ns
[1613.377s][info ][gc,start       ] GC(58) Pause Young (Allocation Failure)
[1613.380s][debug][gc,phases      ] GC(58) Scavenge 3.544ms
[1613.380s][debug][gc,ref         ] GC(58) Skipped phase 1 of Reference Processing: no references
[1613.380s][debug][gc,ref         ] GC(58) ReferenceProcessor::execute queues: 1, RefProcThreadModel::Single, marks_oops_alive: false
[1613.380s][debug][gc,ref         ] GC(58) Skipped phase 3 of Reference Processing: no references
[1613.380s][debug][gc,ref         ] GC(58) Skipped phase 4 of Reference Processing: no references
[1613.380s][debug][gc,phases      ] GC(58) Reference Processing 0.097ms
[1613.381s][debug][gc,phases      ] GC(58)   VM Weak                        Min:  0.0, Avg:  0.0, Max:  0.0, Diff:  0.0, Sum:  0.0, Workers: 4
[1613.381s][debug][gc,phases      ] GC(58)     Dead                           Min: 0, Avg:  0.0, Max: 0, Diff: 0, Sum: 0, Workers: 4
[1613.381s][debug][gc,phases      ] GC(58)     Total                          Min: 0, Avg: 188.0, Max: 688, Diff: 688, Sum: 752, Workers: 4
[1613.381s][debug][gc,phases      ] GC(58)   ObjectSynchronizer Weak        Min:  0.0, Avg:  0.0, Max:  0.0, Diff:  0.0, Sum:  0.0, Workers: 4
[1613.381s][debug][gc,phases      ] GC(58)     Dead                           Min: 0, Avg:  0.0, Max: 0, Diff: 0, Sum: 0, Workers: 4
[1613.381s][debug][gc,phases      ] GC(58)     Total                          Min: 0, Avg: 15.0, Max: 60, Diff: 60, Sum: 60, Workers: 4
[1613.381s][debug][gc,phases      ] GC(58)   JVMTI Tag Weak OopStorage      Min:  0.0, Avg:  0.0, Max:  0.0, Diff:  0.0, Sum:  0.0, Workers: 4
[1613.381s][debug][gc,phases      ] GC(58)     Dead                           Min: 0, Avg:  0.0, Max: 0, Diff: 0, Sum: 0, Workers: 4
[1613.381s][debug][gc,phases      ] GC(58)     Total                          Min: 0, Avg:  0.0, Max: 0, Diff: 0, Sum: 0, Workers: 4
[1613.381s][debug][gc,phases      ] GC(58)   StringTable Weak               Min:  0.1, Avg:  0.1, Max:  0.1, Diff:  0.0, Sum:  0.4, Workers: 4
[1613.381s][debug][gc,phases      ] GC(58)     Dead                           Min: 0, Avg:  0.0, Max: 0, Diff: 0, Sum: 0, Workers: 4
[1613.381s][debug][gc,phases      ] GC(58)     Total                          Min: 10496, Avg: 10688.8, Max: 11011, Diff: 515, Sum: 42755, Workers: 4
[1613.381s][debug][gc,phases      ] GC(58)   ResolvedMethodTable Weak       Min:  0.0, Avg:  0.0, Max:  0.0, Diff:  0.0, Sum:  0.1, Workers: 4
[1613.381s][debug][gc,phases      ] GC(58)     Dead                           Min: 0, Avg:  0.0, Max: 0, Diff: 0, Sum: 0, Workers: 4
[1613.381s][debug][gc,phases      ] GC(58)     Total                          Min: 2106, Avg: 2157.2, Max: 2176, Diff: 70, Sum: 8629, Workers: 4
[1613.381s][debug][gc,phases      ] GC(58)   JNI Weak                       Min:  0.0, Avg:  0.0, Max:  0.0, Diff:  0.0, Sum:  0.0, Workers: 4
[1613.381s][debug][gc,phases      ] GC(58)     Dead                           Min: 0, Avg:  0.0, Max: 0, Diff: 0, Sum: 0, Workers: 4
[1613.381s][debug][gc,phases      ] GC(58)     Total                          Min: 0, Avg: 11.2, Max: 45, Diff: 45, Sum: 45, Workers: 4
[1613.381s][debug][gc,phases      ] GC(58)   StringDedup Table Weak         Min:  0.0, Avg:  0.0, Max:  0.0, Diff:  0.0, Sum:  0.0, Workers: 4
[1613.381s][debug][gc,phases      ] GC(58)     Dead                           Min: 0, Avg:  0.0, Max: 0, Diff: 0, Sum: 0, Workers: 4
[1613.381s][debug][gc,phases      ] GC(58)     Total                          Min: 0, Avg:  0.0, Max: 0, Diff: 0, Sum: 0, Workers: 4
[1613.381s][debug][gc,phases      ] GC(58)   StringDedup Requests0 Weak     Min:  0.0, Avg:  0.0, Max:  0.0, Diff:  0.0, Sum:  0.0, Workers: 4
[1613.381s][debug][gc,phases      ] GC(58)     Dead                           Min: 0, Avg:  0.0, Max: 0, Diff: 0, Sum: 0, Workers: 4
[1613.381s][debug][gc,phases      ] GC(58)     Total                          Min: 0, Avg:  0.0, Max: 0, Diff: 0, Sum: 0, Workers: 4
[1613.381s][debug][gc,phases      ] GC(58)   StringDedup Requests1 Weak     Min:  0.0, Avg:  0.0, Max:  0.0, Diff:  0.0, Sum:  0.0, Workers: 4
[1613.381s][debug][gc,phases      ] GC(58)     Dead                           Min: 0, Avg:  0.0, Max: 0, Diff: 0, Sum: 0, Workers: 4
[1613.381s][debug][gc,phases      ] GC(58)     Total                          Min: 0, Avg:  0.0, Max: 0, Diff: 0, Sum: 0, Workers: 4
[1613.381s][debug][gc,phases      ] GC(58)   Weak JFR Old Object Samples    Min:  0.0, Avg:  0.0, Max:  0.0, Diff:  0.0, Sum:  0.0, Workers: 4
[1613.381s][debug][gc,phases      ] GC(58)     Dead                           Min: 0, Avg:  0.0, Max: 0, Diff: 0, Sum: 0, Workers: 4
[1613.381s][debug][gc,phases      ] GC(58)     Total                          Min: 0, Avg:  0.0, Max: 0, Diff: 0, Sum: 0, Workers: 4
[1613.381s][debug][gc,phases      ] GC(58) Weak Processing 0.290ms
[1613.381s][debug][gc,age         ] GC(58) Desired survivor size 118489088 bytes, new threshold 15 (max threshold 15)
[1613.381s][info ][gc,heap        ] GC(58) PSYoungGen: 1874944K(1986048K)->3168K(1878528K) Eden: 1874944K(1874944K)->0K(1874944K) From: 0K(111104K)->3168K(3584K)
[1613.381s][info ][gc,heap        ] GC(58) ParOldGen: 462189K(553472K)->462189K(553472K)
[1613.381s][info ][gc,metaspace   ] GC(58) Metaspace: 79427K(80384K)->79427K(80384K) NonClass: 68214K(68736K)->68214K(68736K) Class: 11212K(11648K)->11212K(11648K)
[1613.381s][info ][gc             ] GC(58) Pause Young (Allocation Failure) 2282M->454M(2375M) 4.033ms
[1613.381s][info ][gc,cpu         ] GC(58) User=0.00s Sys=0.01s Real=0.01s
[1613.381s][info ][safepoint      ] Safepoint "ParallelGCFailedAllocation", Time since last: 12829724198 ns, Reaching safepoint: 26100 ns, At safepoint: 4092732 ns, Total: 4118832 ns
[1619.381s][info ][safepoint      ] Safepoint "Cleanup", Time since last: 6000424155 ns, Reaching safepoint: 109001 ns, At safepoint: 6400 ns, Total: 115401 ns
[1631.382s][info ][safepoint      ] Safepoint "Cleanup", Time since last: 12000765556 ns, Reaching safepoint: 100701 ns, At safepoint: 4200 ns, Total: 104901 ns
[1643.383s][info ][safepoint      ] Safepoint "Cleanup", Time since last: 12000841517 ns, Reaching safepoint: 106901 ns, At safepoint: 16800 ns, Total: 123701 ns
[1646.383s][info ][safepoint      ] Safepoint "Cleanup", Time since last: 3000182814 ns, Reaching safepoint: 97301 ns, At safepoint: 8600 ns, Total: 105901 ns
[1650.384s][info ][safepoint      ] Safepoint "Cleanup", Time since last: 4000300724 ns, Reaching safepoint: 103401 ns, At safepoint: 8100 ns, Total: 111501 ns
[1660.384s][info ][safepoint      ] Safepoint "Cleanup", Time since last: 10000571287 ns, Reaching safepoint: 53301 ns, At safepoint: 2700 ns, Total: 56001 ns
[1663.485s][info ][gc,start       ] GC(59) Pause Young (Allocation Failure)
[1663.488s][debug][gc,phases      ] GC(59) Scavenge 3.159ms
[1663.488s][debug][gc,ref         ] GC(59) Skipped phase 1 of Reference Processing: no references
[1663.488s][debug][gc,ref         ] GC(59) ReferenceProcessor::execute queues: 1, RefProcThreadModel::Single, marks_oops_alive: false
[1663.488s][debug][gc,ref         ] GC(59) Skipped phase 3 of Reference Processing: no references
[1663.488s][debug][gc,ref         ] GC(59) ReferenceProcessor::execute queues: 1, RefProcThreadModel::Single, marks_oops_alive: false
[1663.488s][debug][gc,phases      ] GC(59) Reference Processing 0.095ms
[1663.488s][debug][gc,phases      ] GC(59)   VM Weak                        Min:  0.0, Avg:  0.0, Max:  0.0, Diff:  0.0, Sum:  0.0, Workers: 4
[1663.488s][debug][gc,phases      ] GC(59)     Dead                           Min: 0, Avg:  0.0, Max: 0, Diff: 0, Sum: 0, Workers: 4
[1663.488s][debug][gc,phases      ] GC(59)     Total                          Min: 0, Avg: 188.2, Max: 384, Diff: 384, Sum: 753, Workers: 4
[1663.488s][debug][gc,phases      ] GC(59)   ObjectSynchronizer Weak        Min:  0.0, Avg:  0.0, Max:  0.0, Diff:  0.0, Sum:  0.0, Workers: 4
[1663.488s][debug][gc,phases      ] GC(59)     Dead                           Min: 0, Avg:  0.0, Max: 0, Diff: 0, Sum: 0, Workers: 4
[1663.488s][debug][gc,phases      ] GC(59)     Total                          Min: 0, Avg: 15.0, Max: 60, Diff: 60, Sum: 60, Workers: 4
[1663.488s][debug][gc,phases      ] GC(59)   JVMTI Tag Weak OopStorage      Min:  0.0, Avg:  0.0, Max:  0.0, Diff:  0.0, Sum:  0.0, Workers: 4
[1663.488s][debug][gc,phases      ] GC(59)     Dead                           Min: 0, Avg:  0.0, Max: 0, Diff: 0, Sum: 0, Workers: 4
[1663.488s][debug][gc,phases      ] GC(59)     Total                          Min: 0, Avg:  0.0, Max: 0, Diff: 0, Sum: 0, Workers: 4
[1663.488s][debug][gc,phases      ] GC(59)   StringTable Weak               Min:  0.1, Avg:  0.1, Max:  0.1, Diff:  0.0, Sum:  0.4, Workers: 4
[1663.488s][debug][gc,phases      ] GC(59)     Dead                           Min: 0, Avg:  0.0, Max: 0, Diff: 0, Sum: 0, Workers: 4
[1663.488s][debug][gc,phases      ] GC(59)     Total                          Min: 9228, Avg: 10691.0, Max: 11392, Diff: 2164, Sum: 42764, Workers: 4
[1663.488s][debug][gc,phases      ] GC(59)   ResolvedMethodTable Weak       Min:  0.0, Avg:  0.0, Max:  0.0, Diff:  0.0, Sum:  0.1, Workers: 4
[1663.488s][debug][gc,phases      ] GC(59)     Dead                           Min: 0, Avg:  0.0, Max: 0, Diff: 0, Sum: 0, Workers: 4
[1663.488s][debug][gc,phases      ] GC(59)     Total                          Min: 2106, Avg: 2157.2, Max: 2235, Diff: 129, Sum: 8629, Workers: 4
[1663.488s][debug][gc,phases      ] GC(59)   JNI Weak                       Min:  0.0, Avg:  0.0, Max:  0.0, Diff:  0.0, Sum:  0.0, Workers: 4
[1663.488s][debug][gc,phases      ] GC(59)     Dead                           Min: 0, Avg:  0.0, Max: 0, Diff: 0, Sum: 0, Workers: 4
[1663.488s][debug][gc,phases      ] GC(59)     Total                          Min: 0, Avg: 11.2, Max: 45, Diff: 45, Sum: 45, Workers: 4
[1663.488s][debug][gc,phases      ] GC(59)   StringDedup Table Weak         Min:  0.0, Avg:  0.0, Max:  0.0, Diff:  0.0, Sum:  0.0, Workers: 4
[1663.488s][debug][gc,phases      ] GC(59)     Dead                           Min: 0, Avg:  0.0, Max: 0, Diff: 0, Sum: 0, Workers: 4
[1663.488s][debug][gc,phases      ] GC(59)     Total                          Min: 0, Avg:  0.0, Max: 0, Diff: 0, Sum: 0, Workers: 4
[1663.488s][debug][gc,phases      ] GC(59)   StringDedup Requests0 Weak     Min:  0.0, Avg:  0.0, Max:  0.0, Diff:  0.0, Sum:  0.0, Workers: 4
[1663.488s][debug][gc,phases      ] GC(59)     Dead                           Min: 0, Avg:  0.0, Max: 0, Diff: 0, Sum: 0, Workers: 4
[1663.488s][debug][gc,phases      ] GC(59)     Total                          Min: 0, Avg:  0.0, Max: 0, Diff: 0, Sum: 0, Workers: 4
[1663.488s][debug][gc,phases      ] GC(59)   StringDedup Requests1 Weak     Min:  0.0, Avg:  0.0, Max:  0.0, Diff:  0.0, Sum:  0.0, Workers: 4
[1663.488s][debug][gc,phases      ] GC(59)     Dead                           Min: 0, Avg:  0.0, Max: 0, Diff: 0, Sum: 0, Workers: 4
[1663.488s][debug][gc,phases      ] GC(59)     Total                          Min: 0, Avg:  0.0, Max: 0, Diff: 0, Sum: 0, Workers: 4
[1663.488s][debug][gc,phases      ] GC(59)   Weak JFR Old Object Samples    Min:  0.0, Avg:  0.0, Max:  0.0, Diff:  0.0, Sum:  0.0, Workers: 4
[1663.488s][debug][gc,phases      ] GC(59)     Dead                           Min: 0, Avg:  0.0, Max: 0, Diff: 0, Sum: 0, Workers: 4
[1663.488s][debug][gc,phases      ] GC(59)     Total                          Min: 0, Avg:  0.0, Max: 0, Diff: 0, Sum: 0, Workers: 4
[1663.488s][debug][gc,phases      ] GC(59) Weak Processing 0.283ms
[1663.488s][debug][gc,age         ] GC(59) Desired survivor size 121110528 bytes, new threshold 15 (max threshold 15)
[1663.488s][info ][gc,heap        ] GC(59) PSYoungGen: 1878112K(1878528K)->4048K(1976320K) Eden: 1874944K(1874944K)->0K(1860608K) From: 3168K(3584K)->4048K(115712K)
[1663.488s][info ][gc,heap        ] GC(59) ParOldGen: 462189K(553472K)->462197K(553472K)
[1663.488s][info ][gc,metaspace   ] GC(59) Metaspace: 79438K(80384K)->79438K(80384K) NonClass: 68225K(68736K)->68225K(68736K) Class: 11213K(11648K)->11213K(11648K)
[1663.488s][info ][gc             ] GC(59) Pause Young (Allocation Failure) 2285M->455M(2470M) 3.630ms
[1663.488s][info ][gc,cpu         ] GC(59) User=0.01s Sys=0.00s Real=0.00s
[1663.488s][info ][safepoint      ] Safepoint "ParallelGCFailedAllocation", Time since last: 3100155825 ns, Reaching safepoint: 35800 ns, At safepoint: 3700329 ns, Total: 3736129 ns
[1664.489s][info ][safepoint      ] Safepoint "Cleanup", Time since last: 1000089013 ns, Reaching safepoint: 79000 ns, At safepoint: 2700 ns, Total: 81700 ns
[1665.489s][info ][safepoint      ] Safepoint "Cleanup", Time since last: 1000058213 ns, Reaching safepoint: 49000 ns, At safepoint: 3600 ns, Total: 52600 ns
[1666.489s][info ][safepoint      ] Safepoint "Cleanup", Time since last: 1000098314 ns, Reaching safepoint: 51700 ns, At safepoint: 8700 ns, Total: 60400 ns
[1667.489s][info ][safepoint      ] Safepoint "Cleanup", Time since last: 1000098914 ns, Reaching safepoint: 59200 ns, At safepoint: 10000 ns, Total: 69200 ns
[1668.489s][info ][safepoint      ] Safepoint "Cleanup", Time since last: 1000099214 ns, Reaching safepoint: 48701 ns, At safepoint: 3000 ns, Total: 51701 ns
[1669.489s][info ][safepoint      ] Safepoint "Cleanup", Time since last: 1000116815 ns, Reaching safepoint: 57100 ns, At safepoint: 6700 ns, Total: 63800 ns
[1671.489s][info ][safepoint      ] Safepoint "Cleanup", Time since last: 2000163530 ns, Reaching safepoint: 43300 ns, At safepoint: 2800 ns, Total: 46100 ns
[1673.490s][info ][safepoint      ] Safepoint "Cleanup", Time since last: 2000119131 ns, Reaching safepoint: 34301 ns, At safepoint: 10600 ns, Total: 44901 ns
[1674.490s][info ][safepoint      ] Safepoint "Cleanup", Time since last: 1000080016 ns, Reaching safepoint: 37800 ns, At safepoint: 3800 ns, Total: 41600 ns
[1678.490s][info ][safepoint      ] Safepoint "Cleanup", Time since last: 4000272069 ns, Reaching safepoint: 42900 ns, At safepoint: 2400 ns, Total: 45300 ns
[1687.491s][info ][safepoint      ] Safepoint "Cleanup", Time since last: 9000611877 ns, Reaching safepoint: 39101 ns, At safepoint: 2500 ns, Total: 41601 ns
[1689.491s][info ][safepoint      ] Safepoint "Cleanup", Time since last: 2000191744 ns, Reaching safepoint: 28700 ns, At safepoint: 7100 ns, Total: 35800 ns
[1690.491s][info ][safepoint      ] Safepoint "Cleanup", Time since last: 1000091122 ns, Reaching safepoint: 36901 ns, At safepoint: 14500 ns, Total: 51401 ns
[1694.491s][info ][safepoint      ] Safepoint "Cleanup", Time since last: 4000249793 ns, Reaching safepoint: 42200 ns, At safepoint: 4100 ns, Total: 46300 ns
[1695.492s][info ][safepoint      ] Safepoint "Cleanup", Time since last: 1000086224 ns, Reaching safepoint: 32901 ns, At safepoint: 3100 ns, Total: 36001 ns
[1696.492s][info ][safepoint      ] Safepoint "Cleanup", Time since last: 1000101625 ns, Reaching safepoint: 42200 ns, At safepoint: 3500 ns, Total: 45700 ns
[1704.492s][info ][safepoint      ] Safepoint "Cleanup", Time since last: 8000490009 ns, Reaching safepoint: 39301 ns, At safepoint: 3300 ns, Total: 42601 ns
[1705.886s][info ][gc,start       ] GC(60) Pause Young (Allocation Failure)
[1705.893s][debug][gc,phases      ] GC(60) Scavenge 7.247ms
[1705.893s][debug][gc,ref         ] GC(60) Skipped phase 1 of Reference Processing: no references
[1705.893s][debug][gc,ref         ] GC(60) ReferenceProcessor::execute queues: 1, RefProcThreadModel::Single, marks_oops_alive: false
[1705.893s][debug][gc,ref         ] GC(60) ReferenceProcessor::execute queues: 4, RefProcThreadModel::Multi, marks_oops_alive: true
[1705.893s][debug][gc,ref         ] GC(60) ReferenceProcessor::execute queues: 1, RefProcThreadModel::Single, marks_oops_alive: false
[1705.893s][debug][gc,phases      ] GC(60) Reference Processing 0.181ms
[1705.893s][debug][gc,phases      ] GC(60)   VM Weak                        Min:  0.0, Avg:  0.0, Max:  0.0, Diff:  0.0, Sum:  0.0, Workers: 4
[1705.893s][debug][gc,phases      ] GC(60)     Dead                           Min: 0, Avg:  0.0, Max: 0, Diff: 0, Sum: 0, Workers: 4
[1705.893s][debug][gc,phases      ] GC(60)     Total                          Min: 0, Avg: 188.8, Max: 755, Diff: 755, Sum: 755, Workers: 4
[1705.893s][debug][gc,phases      ] GC(60)   ObjectSynchronizer Weak        Min:  0.0, Avg:  0.0, Max:  0.0, Diff:  0.0, Sum:  0.0, Workers: 4
[1705.893s][debug][gc,phases      ] GC(60)     Dead                           Min: 0, Avg:  0.0, Max: 0, Diff: 0, Sum: 0, Workers: 4
[1705.893s][debug][gc,phases      ] GC(60)     Total                          Min: 0, Avg: 15.0, Max: 60, Diff: 60, Sum: 60, Workers: 4
[1705.893s][debug][gc,phases      ] GC(60)   JVMTI Tag Weak OopStorage      Min:  0.0, Avg:  0.0, Max:  0.0, Diff:  0.0, Sum:  0.0, Workers: 4
[1705.893s][debug][gc,phases      ] GC(60)     Dead                           Min: 0, Avg:  0.0, Max: 0, Diff: 0, Sum: 0, Workers: 4
[1705.893s][debug][gc,phases      ] GC(60)     Total                          Min: 0, Avg:  0.0, Max: 0, Diff: 0, Sum: 0, Workers: 4
[1705.893s][debug][gc,phases      ] GC(60)   StringTable Weak               Min:  0.0, Avg:  0.1, Max:  0.1, Diff:  0.1, Sum:  0.4, Workers: 4
[1705.893s][debug][gc,phases      ] GC(60)     Dead                           Min: 0, Avg:  0.0, Max: 0, Diff: 0, Sum: 0, Workers: 4
[1705.893s][debug][gc,phases      ] GC(60)     Total                          Min: 0, Avg: 10695.5, Max: 16704, Diff: 16704, Sum: 42782, Workers: 4
[1705.893s][debug][gc,phases      ] GC(60)   ResolvedMethodTable Weak       Min:  0.0, Avg:  0.0, Max:  0.0, Diff:  0.0, Sum:  0.1, Workers: 4
[1705.893s][debug][gc,phases      ] GC(60)     Dead                           Min: 0, Avg:  0.0, Max: 0, Diff: 0, Sum: 0, Workers: 4
[1705.893s][debug][gc,phases      ] GC(60)     Total                          Min: 0, Avg: 2157.2, Max: 3771, Diff: 3771, Sum: 8629, Workers: 4
[1705.893s][debug][gc,phases      ] GC(60)   JNI Weak                       Min:  0.0, Avg:  0.0, Max:  0.0, Diff:  0.0, Sum:  0.0, Workers: 4
[1705.893s][debug][gc,phases      ] GC(60)     Dead                           Min: 0, Avg:  0.0, Max: 0, Diff: 0, Sum: 0, Workers: 4
[1705.893s][debug][gc,phases      ] GC(60)     Total                          Min: 0, Avg: 11.2, Max: 45, Diff: 45, Sum: 45, Workers: 4
[1705.893s][debug][gc,phases      ] GC(60)   StringDedup Table Weak         Min:  0.0, Avg:  0.0, Max:  0.0, Diff:  0.0, Sum:  0.0, Workers: 4
[1705.893s][debug][gc,phases      ] GC(60)     Dead                           Min: 0, Avg:  0.0, Max: 0, Diff: 0, Sum: 0, Workers: 4
[1705.893s][debug][gc,phases      ] GC(60)     Total                          Min: 0, Avg:  0.0, Max: 0, Diff: 0, Sum: 0, Workers: 4
[1705.893s][debug][gc,phases      ] GC(60)   StringDedup Requests0 Weak     Min:  0.0, Avg:  0.0, Max:  0.0, Diff:  0.0, Sum:  0.0, Workers: 4
[1705.893s][debug][gc,phases      ] GC(60)     Dead                           Min: 0, Avg:  0.0, Max: 0, Diff: 0, Sum: 0, Workers: 4
[1705.893s][debug][gc,phases      ] GC(60)     Total                          Min: 0, Avg:  0.0, Max: 0, Diff: 0, Sum: 0, Workers: 4
[1705.893s][debug][gc,phases      ] GC(60)   StringDedup Requests1 Weak     Min:  0.0, Avg:  0.0, Max:  0.0, Diff:  0.0, Sum:  0.0, Workers: 4
[1705.893s][debug][gc,phases      ] GC(60)     Dead                           Min: 0, Avg:  0.0, Max: 0, Diff: 0, Sum: 0, Workers: 4
[1705.893s][debug][gc,phases      ] GC(60)     Total                          Min: 0, Avg:  0.0, Max: 0, Diff: 0, Sum: 0, Workers: 4
[1705.893s][debug][gc,phases      ] GC(60)   Weak JFR Old Object Samples    Min:  0.0, Avg:  0.0, Max:  0.0, Diff:  0.0, Sum:  0.0, Workers: 4
[1705.893s][debug][gc,phases      ] GC(60)     Dead                           Min: 0, Avg:  0.0, Max: 0, Diff: 0, Sum: 0, Workers: 4
[1705.893s][debug][gc,phases      ] GC(60)     Total                          Min: 0, Avg:  0.0, Max: 0, Diff: 0, Sum: 0, Workers: 4
[1705.893s][debug][gc,phases      ] GC(60) Weak Processing 0.314ms
[1705.893s][debug][gc,age         ] GC(60) Desired survivor size 121110528 bytes, new threshold 15 (max threshold 15)
[1705.894s][info ][gc,heap        ] GC(60) PSYoungGen: 1864656K(1976320K)->11302K(1978880K) Eden: 1860608K(1860608K)->0K(1860608K) From: 4048K(115712K)->11302K(118272K)
[1705.894s][info ][gc,heap        ] GC(60) ParOldGen: 462197K(553472K)->462197K(553472K)
[1705.894s][info ][gc,metaspace   ] GC(60) Metaspace: 79486K(80384K)->79486K(80384K) NonClass: 68272K(68736K)->68272K(68736K) Class: 11214K(11648K)->11214K(11648K)
[1705.894s][info ][gc             ] GC(60) Pause Young (Allocation Failure) 2272M->462M(2473M) 7.842ms
[1705.894s][info ][gc,cpu         ] GC(60) User=0.02s Sys=0.00s Real=0.01s
[1705.894s][info ][safepoint      ] Safepoint "ParallelGCFailedAllocation", Time since last: 1393408746 ns, Reaching safepoint: 26000 ns, At safepoint: 7911263 ns, Total: 7937263 ns
[1707.894s][info ][safepoint      ] Safepoint "Cleanup", Time since last: 2000150157 ns, Reaching safepoint: 41601 ns, At safepoint: 3000 ns, Total: 44601 ns
[1711.894s][info ][safepoint      ] Safepoint "Cleanup", Time since last: 4000286518 ns, Reaching safepoint: 31701 ns, At safepoint: 24400 ns, Total: 56101 ns
[1715.894s][info ][safepoint      ] Safepoint "Cleanup", Time since last: 4000285124 ns, Reaching safepoint: 29201 ns, At safepoint: 3300 ns, Total: 32501 ns
[1718.895s][info ][safepoint      ] Safepoint "Cleanup", Time since last: 3000240397 ns, Reaching safepoint: 47401 ns, At safepoint: 7500 ns, Total: 54901 ns
[1719.895s][info ][safepoint      ] Safepoint "Cleanup", Time since last: 1000108733 ns, Reaching safepoint: 47400 ns, At safepoint: 10200 ns, Total: 57600 ns
[1721.895s][info ][safepoint      ] Safepoint "Cleanup", Time since last: 2000144468 ns, Reaching safepoint: 43700 ns, At safepoint: 3500 ns, Total: 47200 ns
[1722.895s][info ][safepoint      ] Safepoint "Cleanup", Time since last: 1000107135 ns, Reaching safepoint: 53500 ns, At safepoint: 2900 ns, Total: 56400 ns
[1724.895s][info ][safepoint      ] Safepoint "Cleanup", Time since last: 2000168270 ns, Reaching safepoint: 57700 ns, At safepoint: 3400 ns, Total: 61100 ns
[1746.897s][info ][safepoint      ] Safepoint "Cleanup", Time since last: 22001482755 ns, Reaching safepoint: 40800 ns, At safepoint: 2500 ns, Total: 43300 ns
[1747.897s][info ][safepoint      ] Safepoint "Cleanup", Time since last: 1000108944 ns, Reaching safepoint: 36300 ns, At safepoint: 2500 ns, Total: 38800 ns
[1751.547s][info ][gc,start       ] GC(61) Pause Young (Allocation Failure)
[1751.556s][debug][gc,phases      ] GC(61) Scavenge 8.214ms
[1751.556s][debug][gc,ref         ] GC(61) Skipped phase 1 of Reference Processing: no references
[1751.556s][debug][gc,ref         ] GC(61) ReferenceProcessor::execute queues: 1, RefProcThreadModel::Single, marks_oops_alive: false
[1751.556s][debug][gc,ref         ] GC(61) Skipped phase 3 of Reference Processing: no references
[1751.556s][debug][gc,ref         ] GC(61) ReferenceProcessor::execute queues: 1, RefProcThreadModel::Single, marks_oops_alive: false
[1751.556s][debug][gc,phases      ] GC(61) Reference Processing 0.116ms
[1751.556s][debug][gc,phases      ] GC(61)   VM Weak                        Min:  0.0, Avg:  0.0, Max:  0.0, Diff:  0.0, Sum:  0.0, Workers: 4
[1751.556s][debug][gc,phases      ] GC(61)     Dead                           Min: 0, Avg:  0.0, Max: 0, Diff: 0, Sum: 0, Workers: 4
[1751.556s][debug][gc,phases      ] GC(61)     Total                          Min: 0, Avg: 188.8, Max: 704, Diff: 704, Sum: 755, Workers: 4
[1751.556s][debug][gc,phases      ] GC(61)   ObjectSynchronizer Weak        Min:  0.0, Avg:  0.0, Max:  0.0, Diff:  0.0, Sum:  0.0, Workers: 4
[1751.556s][debug][gc,phases      ] GC(61)     Dead                           Min: 0, Avg:  0.0, Max: 0, Diff: 0, Sum: 0, Workers: 4
[1751.556s][debug][gc,phases      ] GC(61)     Total                          Min: 0, Avg: 15.0, Max: 60, Diff: 60, Sum: 60, Workers: 4
[1751.556s][debug][gc,phases      ] GC(61)   JVMTI Tag Weak OopStorage      Min:  0.0, Avg:  0.0, Max:  0.0, Diff:  0.0, Sum:  0.0, Workers: 4
[1751.556s][debug][gc,phases      ] GC(61)     Dead                           Min: 0, Avg:  0.0, Max: 0, Diff: 0, Sum: 0, Workers: 4
[1751.556s][debug][gc,phases      ] GC(61)     Total                          Min: 0, Avg:  0.0, Max: 0, Diff: 0, Sum: 0, Workers: 4
[1751.556s][debug][gc,phases      ] GC(61)   StringTable Weak               Min:  0.1, Avg:  0.1, Max:  0.1, Diff:  0.0, Sum:  0.4, Workers: 4
[1751.556s][debug][gc,phases      ] GC(61)     Dead                           Min: 0, Avg:  0.0, Max: 0, Diff: 0, Sum: 0, Workers: 4
[1751.556s][debug][gc,phases      ] GC(61)     Total                          Min: 9536, Avg: 10695.5, Max: 11840, Diff: 2304, Sum: 42782, Workers: 4
[1751.556s][debug][gc,phases      ] GC(61)   ResolvedMethodTable Weak       Min:  0.0, Avg:  0.0, Max:  0.0, Diff:  0.0, Sum:  0.1, Workers: 4
[1751.556s][debug][gc,phases      ] GC(61)     Dead                           Min: 0, Avg:  0.0, Max: 0, Diff: 0, Sum: 0, Workers: 4
[1751.556s][debug][gc,phases      ] GC(61)     Total                          Min: 2112, Avg: 2157.2, Max: 2235, Diff: 123, Sum: 8629, Workers: 4
[1751.556s][debug][gc,phases      ] GC(61)   JNI Weak                       Min:  0.0, Avg:  0.0, Max:  0.0, Diff:  0.0, Sum:  0.0, Workers: 4
[1751.556s][debug][gc,phases      ] GC(61)     Dead                           Min: 0, Avg:  0.0, Max: 0, Diff: 0, Sum: 0, Workers: 4
[1751.556s][debug][gc,phases      ] GC(61)     Total                          Min: 0, Avg: 11.2, Max: 45, Diff: 45, Sum: 45, Workers: 4
[1751.556s][debug][gc,phases      ] GC(61)   StringDedup Table Weak         Min:  0.0, Avg:  0.0, Max:  0.0, Diff:  0.0, Sum:  0.0, Workers: 4
[1751.556s][debug][gc,phases      ] GC(61)     Dead                           Min: 0, Avg:  0.0, Max: 0, Diff: 0, Sum: 0, Workers: 4
[1751.556s][debug][gc,phases      ] GC(61)     Total                          Min: 0, Avg:  0.0, Max: 0, Diff: 0, Sum: 0, Workers: 4
[1751.556s][debug][gc,phases      ] GC(61)   StringDedup Requests0 Weak     Min:  0.0, Avg:  0.0, Max:  0.0, Diff:  0.0, Sum:  0.0, Workers: 4
[1751.556s][debug][gc,phases      ] GC(61)     Dead                           Min: 0, Avg:  0.0, Max: 0, Diff: 0, Sum: 0, Workers: 4
[1751.556s][debug][gc,phases      ] GC(61)     Total                          Min: 0, Avg:  0.0, Max: 0, Diff: 0, Sum: 0, Workers: 4
[1751.556s][debug][gc,phases      ] GC(61)   StringDedup Requests1 Weak     Min:  0.0, Avg:  0.0, Max:  0.0, Diff:  0.0, Sum:  0.0, Workers: 4
[1751.556s][debug][gc,phases      ] GC(61)     Dead                           Min: 0, Avg:  0.0, Max: 0, Diff: 0, Sum: 0, Workers: 4
[1751.556s][debug][gc,phases      ] GC(61)     Total                          Min: 0, Avg:  0.0, Max: 0, Diff: 0, Sum: 0, Workers: 4
[1751.556s][debug][gc,phases      ] GC(61)   Weak JFR Old Object Samples    Min:  0.0, Avg:  0.0, Max:  0.0, Diff:  0.0, Sum:  0.0, Workers: 4
[1751.556s][debug][gc,phases      ] GC(61)     Dead                           Min: 0, Avg:  0.0, Max: 0, Diff: 0, Sum: 0, Workers: 4
[1751.556s][debug][gc,phases      ] GC(61)     Total                          Min: 0, Avg:  0.0, Max: 0, Diff: 0, Sum: 0, Workers: 4
[1751.556s][debug][gc,phases      ] GC(61) Weak Processing 0.281ms
[1751.556s][debug][gc,age         ] GC(61) Desired survivor size 119537664 bytes, new threshold 15 (max threshold 15)
[1751.556s][info ][gc,heap        ] GC(61) PSYoungGen: 1871910K(1978880K)->12070K(1980416K) Eden: 1860608K(1860608K)->0K(1862144K) From: 11302K(118272K)->12070K(118272K)
[1751.556s][info ][gc,heap        ] GC(61) ParOldGen: 462197K(553472K)->462197K(553472K)
[1751.556s][info ][gc,metaspace   ] GC(61) Metaspace: 79507K(80384K)->79507K(80384K) NonClass: 68292K(68736K)->68292K(68736K) Class: 11214K(11648K)->11214K(11648K)
[1751.556s][info ][gc             ] GC(61) Pause Young (Allocation Failure) 2279M->463M(2474M) 8.713ms
[1751.556s][info ][gc,cpu         ] GC(61) User=0.01s Sys=0.01s Real=0.01s
[1751.556s][info ][safepoint      ] Safepoint "ParallelGCFailedAllocation", Time since last: 3650150393 ns, Reaching safepoint: 23500 ns, At safepoint: 8784870 ns, Total: 8808370 ns
[1753.556s][info ][safepoint      ] Safepoint "Cleanup", Time since last: 2000154889 ns, Reaching safepoint: 44301 ns, At safepoint: 4400 ns, Total: 48701 ns
[1768.557s][info ][safepoint      ] Safepoint "Cleanup", Time since last: 15000922909 ns, Reaching safepoint: 43000 ns, At safepoint: 9400 ns, Total: 52400 ns
[1769.557s][info ][safepoint      ] Safepoint "Cleanup", Time since last: 1000073950 ns, Reaching safepoint: 44101 ns, At safepoint: 4700 ns, Total: 48801 ns
[1770.558s][info ][safepoint      ] Safepoint "Cleanup", Time since last: 1000104250 ns, Reaching safepoint: 50301 ns, At safepoint: 4600 ns, Total: 54901 ns
[1772.558s][info ][safepoint      ] Safepoint "Cleanup", Time since last: 2000168402 ns, Reaching safepoint: 41600 ns, At safepoint: 24700 ns, Total: 66300 ns
[1793.559s][info ][safepoint      ] Safepoint "Cleanup", Time since last: 21001354942 ns, Reaching safepoint: 39000 ns, At safepoint: 9300 ns, Total: 48300 ns
[1794.559s][info ][safepoint      ] Safepoint "Cleanup", Time since last: 1000108558 ns, Reaching safepoint: 48201 ns, At safepoint: 5700 ns, Total: 53901 ns
[1800.560s][info ][safepoint      ] Safepoint "Cleanup", Time since last: 6000430053 ns, Reaching safepoint: 65801 ns, At safepoint: 3300 ns, Total: 69101 ns
[1801.840s][info ][gc,start       ] GC(62) Pause Young (Allocation Failure)
[1801.848s][debug][gc,phases      ] GC(62) Scavenge 7.952ms
[1801.848s][debug][gc,ref         ] GC(62) Skipped phase 1 of Reference Processing: no references
[1801.848s][debug][gc,ref         ] GC(62) ReferenceProcessor::execute queues: 1, RefProcThreadModel::Single, marks_oops_alive: false
[1801.848s][debug][gc,ref         ] GC(62) Skipped phase 3 of Reference Processing: no references
[1801.848s][debug][gc,ref         ] GC(62) ReferenceProcessor::execute queues: 1, RefProcThreadModel::Single, marks_oops_alive: false
[1801.848s][debug][gc,phases      ] GC(62) Reference Processing 0.164ms
[1801.848s][debug][gc,phases      ] GC(62)   VM Weak                        Min:  0.0, Avg:  0.0, Max:  0.0, Diff:  0.0, Sum:  0.0, Workers: 4
[1801.848s][debug][gc,phases      ] GC(62)     Dead                           Min: 0, Avg:  0.0, Max: 0, Diff: 0, Sum: 0, Workers: 4
[1801.848s][debug][gc,phases      ] GC(62)     Total                          Min: 0, Avg: 188.8, Max: 448, Diff: 448, Sum: 755, Workers: 4
[1801.848s][debug][gc,phases      ] GC(62)   ObjectSynchronizer Weak        Min:  0.0, Avg:  0.0, Max:  0.0, Diff:  0.0, Sum:  0.0, Workers: 4
[1801.848s][debug][gc,phases      ] GC(62)     Dead                           Min: 0, Avg:  0.0, Max: 0, Diff: 0, Sum: 0, Workers: 4
[1801.848s][debug][gc,phases      ] GC(62)     Total                          Min: 0, Avg: 15.0, Max: 60, Diff: 60, Sum: 60, Workers: 4
[1801.848s][debug][gc,phases      ] GC(62)   JVMTI Tag Weak OopStorage      Min:  0.0, Avg:  0.0, Max:  0.0, Diff:  0.0, Sum:  0.0, Workers: 4
[1801.848s][debug][gc,phases      ] GC(62)     Dead                           Min: 0, Avg:  0.0, Max: 0, Diff: 0, Sum: 0, Workers: 4
[1801.848s][debug][gc,phases      ] GC(62)     Total                          Min: 0, Avg:  0.0, Max: 0, Diff: 0, Sum: 0, Workers: 4
[1801.848s][debug][gc,phases      ] GC(62)   StringTable Weak               Min:  0.0, Avg:  0.1, Max:  0.2, Diff:  0.2, Sum:  0.4, Workers: 4
[1801.848s][debug][gc,phases      ] GC(62)     Dead                           Min: 0, Avg:  0.5, Max: 2, Diff: 2, Sum: 2, Workers: 4
[1801.848s][debug][gc,phases      ] GC(62)     Total                          Min: 0, Avg: 10700.8, Max: 22324, Diff: 22324, Sum: 42803, Workers: 4
[1801.848s][debug][gc,phases      ] GC(62)   ResolvedMethodTable Weak       Min:  0.0, Avg:  0.0, Max:  0.0, Diff:  0.0, Sum:  0.1, Workers: 4
[1801.848s][debug][gc,phases      ] GC(62)     Dead                           Min: 0, Avg:  0.0, Max: 0, Diff: 0, Sum: 0, Workers: 4
[1801.848s][debug][gc,phases      ] GC(62)     Total                          Min: 0, Avg: 2164.0, Max: 4752, Diff: 4752, Sum: 8656, Workers: 4
[1801.848s][debug][gc,phases      ] GC(62)   JNI Weak                       Min:  0.0, Avg:  0.0, Max:  0.0, Diff:  0.0, Sum:  0.0, Workers: 4
[1801.848s][debug][gc,phases      ] GC(62)     Dead                           Min: 0, Avg:  0.0, Max: 0, Diff: 0, Sum: 0, Workers: 4
[1801.848s][debug][gc,phases      ] GC(62)     Total                          Min: 0, Avg: 11.2, Max: 45, Diff: 45, Sum: 45, Workers: 4
[1801.848s][debug][gc,phases      ] GC(62)   StringDedup Table Weak         Min:  0.0, Avg:  0.0, Max:  0.0, Diff:  0.0, Sum:  0.0, Workers: 4
[1801.848s][debug][gc,phases      ] GC(62)     Dead                           Min: 0, Avg:  0.0, Max: 0, Diff: 0, Sum: 0, Workers: 4
[1801.848s][debug][gc,phases      ] GC(62)     Total                          Min: 0, Avg:  0.0, Max: 0, Diff: 0, Sum: 0, Workers: 4
[1801.848s][debug][gc,phases      ] GC(62)   StringDedup Requests0 Weak     Min:  0.0, Avg:  0.0, Max:  0.0, Diff:  0.0, Sum:  0.0, Workers: 4
[1801.849s][debug][gc,phases      ] GC(62)     Dead                           Min: 0, Avg:  0.0, Max: 0, Diff: 0, Sum: 0, Workers: 4
[1801.849s][debug][gc,phases      ] GC(62)     Total                          Min: 0, Avg:  0.0, Max: 0, Diff: 0, Sum: 0, Workers: 4
[1801.849s][debug][gc,phases      ] GC(62)   StringDedup Requests1 Weak     Min:  0.0, Avg:  0.0, Max:  0.0, Diff:  0.0, Sum:  0.0, Workers: 4
[1801.849s][debug][gc,phases      ] GC(62)     Dead                           Min: 0, Avg:  0.0, Max: 0, Diff: 0, Sum: 0, Workers: 4
[1801.849s][debug][gc,phases      ] GC(62)     Total                          Min: 0, Avg:  0.0, Max: 0, Diff: 0, Sum: 0, Workers: 4
[1801.849s][debug][gc,phases      ] GC(62)   Weak JFR Old Object Samples    Min:  0.0, Avg:  0.0, Max:  0.0, Diff:  0.0, Sum:  0.0, Workers: 4
[1801.849s][debug][gc,phases      ] GC(62)     Dead                           Min: 0, Avg:  0.0, Max: 0, Diff: 0, Sum: 0, Workers: 4
[1801.849s][debug][gc,phases      ] GC(62)     Total                          Min: 0, Avg:  0.0, Max: 0, Diff: 0, Sum: 0, Workers: 4
[1801.849s][debug][gc,phases      ] GC(62) Weak Processing 0.510ms
[1801.849s][debug][gc,age         ] GC(62) Desired survivor size 117440512 bytes, new threshold 15 (max threshold 15)
[1801.849s][info ][gc,heap        ] GC(62) PSYoungGen: 1874214K(1980416K)->11542K(1978880K) Eden: 1862144K(1862144K)->0K(1862144K) From: 12070K(118272K)->11542K(116736K)
[1801.849s][info ][gc,heap        ] GC(62) ParOldGen: 462197K(553472K)->462205K(553472K)
[1801.849s][info ][gc,metaspace   ] GC(62) Metaspace: 79606K(80576K)->79606K(80576K) NonClass: 68373K(68864K)->68373K(68864K) Class: 11233K(11712K)->11233K(11712K)
[1801.849s][info ][gc             ] GC(62) Pause Young (Allocation Failure) 2281M->462M(2473M) 8.766ms
[1801.849s][info ][gc,cpu         ] GC(62) User=0.01s Sys=0.00s Real=0.00s
[1801.849s][info ][safepoint      ] Safepoint "ParallelGCFailedAllocation", Time since last: 1279932587 ns, Reaching safepoint: 28501 ns, At safepoint: 8862170 ns, Total: 8890671 ns
[1802.849s][info ][safepoint      ] Safepoint "Cleanup", Time since last: 1000088861 ns, Reaching safepoint: 47900 ns, At safepoint: 25200 ns, Total: 73100 ns
[1806.849s][info ][safepoint      ] Safepoint "Cleanup", Time since last: 4000306845 ns, Reaching safepoint: 125101 ns, At safepoint: 7000 ns, Total: 132101 ns
[1808.850s][info ][safepoint      ] Safepoint "Cleanup", Time since last: 2000173124 ns, Reaching safepoint: 47501 ns, At safepoint: 2400 ns, Total: 49901 ns
[1809.850s][info ][safepoint      ] Safepoint "Cleanup", Time since last: 1000100662 ns, Reaching safepoint: 45901 ns, At safepoint: 10300 ns, Total: 56201 ns
[1810.850s][info ][safepoint      ] Safepoint "Cleanup", Time since last: 1000179964 ns, Reaching safepoint: 42700 ns, At safepoint: 4800 ns, Total: 47500 ns
[1825.851s][info ][safepoint      ] Safepoint "Cleanup", Time since last: 15001036777 ns, Reaching safepoint: 37700 ns, At safepoint: 7700 ns, Total: 45400 ns
[1829.851s][info ][safepoint      ] Safepoint "Cleanup", Time since last: 4000296272 ns, Reaching safepoint: 30700 ns, At safepoint: 2800 ns, Total: 33500 ns
[1832.852s][info ][safepoint      ] Safepoint "Cleanup", Time since last: 3000238407 ns, Reaching safepoint: 37400 ns, At safepoint: 2900 ns, Total: 40300 ns
[1833.852s][info ][safepoint      ] Safepoint "Cleanup", Time since last: 1000105270 ns, Reaching safepoint: 38001 ns, At safepoint: 3100 ns, Total: 41101 ns
[1834.852s][info ][safepoint      ] Safepoint "Cleanup", Time since last: 1000133070 ns, Reaching safepoint: 43800 ns, At safepoint: 3900 ns, Total: 47700 ns
[1836.852s][info ][safepoint      ] Safepoint "Cleanup", Time since last: 2000167341 ns, Reaching safepoint: 52400 ns, At safepoint: 7600 ns, Total: 60000 ns
[1846.853s][info ][safepoint      ] Safepoint "Cleanup", Time since last: 10000675319 ns, Reaching safepoint: 41000 ns, At safepoint: 3000 ns, Total: 44000 ns
[1855.136s][info ][gc,start       ] GC(63) Pause Young (Allocation Failure)
[1855.144s][debug][gc,phases      ] GC(63) Scavenge 7.321ms
[1855.144s][debug][gc,ref         ] GC(63) Skipped phase 1 of Reference Processing: no references
[1855.144s][debug][gc,ref         ] GC(63) ReferenceProcessor::execute queues: 1, RefProcThreadModel::Single, marks_oops_alive: false
[1855.144s][debug][gc,ref         ] GC(63) Skipped phase 3 of Reference Processing: no references
[1855.144s][debug][gc,ref         ] GC(63) ReferenceProcessor::execute queues: 1, RefProcThreadModel::Single, marks_oops_alive: false
[1855.144s][debug][gc,phases      ] GC(63) Reference Processing 0.124ms
[1855.144s][debug][gc,phases      ] GC(63)   VM Weak                        Min:  0.0, Avg:  0.0, Max:  0.0, Diff:  0.0, Sum:  0.0, Workers: 4
[1855.144s][debug][gc,phases      ] GC(63)     Dead                           Min: 0, Avg:  0.0, Max: 0, Diff: 0, Sum: 0, Workers: 4
[1855.144s][debug][gc,phases      ] GC(63)     Total                          Min: 0, Avg: 188.8, Max: 576, Diff: 576, Sum: 755, Workers: 4
[1855.144s][debug][gc,phases      ] GC(63)   ObjectSynchronizer Weak        Min:  0.0, Avg:  0.0, Max:  0.0, Diff:  0.0, Sum:  0.0, Workers: 4
[1855.144s][debug][gc,phases      ] GC(63)     Dead                           Min: 0, Avg:  0.0, Max: 0, Diff: 0, Sum: 0, Workers: 4
[1855.144s][debug][gc,phases      ] GC(63)     Total                          Min: 0, Avg: 15.0, Max: 60, Diff: 60, Sum: 60, Workers: 4
[1855.144s][debug][gc,phases      ] GC(63)   JVMTI Tag Weak OopStorage      Min:  0.0, Avg:  0.0, Max:  0.0, Diff:  0.0, Sum:  0.0, Workers: 4
[1855.144s][debug][gc,phases      ] GC(63)     Dead                           Min: 0, Avg:  0.0, Max: 0, Diff: 0, Sum: 0, Workers: 4
[1855.144s][debug][gc,phases      ] GC(63)     Total                          Min: 0, Avg:  0.0, Max: 0, Diff: 0, Sum: 0, Workers: 4
[1855.144s][debug][gc,phases      ] GC(63)   StringTable Weak               Min:  0.0, Avg:  0.1, Max:  0.1, Diff:  0.1, Sum:  0.4, Workers: 4
[1855.144s][debug][gc,phases      ] GC(63)     Dead                           Min: 0, Avg:  0.0, Max: 0, Diff: 0, Sum: 0, Workers: 4
[1855.144s][debug][gc,phases      ] GC(63)     Total                          Min: 0, Avg: 10704.0, Max: 14912, Diff: 14912, Sum: 42816, Workers: 4
[1855.144s][debug][gc,phases      ] GC(63)   ResolvedMethodTable Weak       Min:  0.0, Avg:  0.0, Max:  0.0, Diff:  0.0, Sum:  0.1, Workers: 4
[1855.144s][debug][gc,phases      ] GC(63)     Dead                           Min: 0, Avg:  0.0, Max: 0, Diff: 0, Sum: 0, Workers: 4
[1855.144s][debug][gc,phases      ] GC(63)     Total                          Min: 0, Avg: 2164.0, Max: 2897, Diff: 2897, Sum: 8656, Workers: 4
[1855.144s][debug][gc,phases      ] GC(63)   JNI Weak                       Min:  0.0, Avg:  0.0, Max:  0.0, Diff:  0.0, Sum:  0.0, Workers: 4
[1855.144s][debug][gc,phases      ] GC(63)     Dead                           Min: 0, Avg:  0.0, Max: 0, Diff: 0, Sum: 0, Workers: 4
[1855.144s][debug][gc,phases      ] GC(63)     Total                          Min: 0, Avg: 11.2, Max: 45, Diff: 45, Sum: 45, Workers: 4
[1855.144s][debug][gc,phases      ] GC(63)   StringDedup Table Weak         Min:  0.0, Avg:  0.0, Max:  0.0, Diff:  0.0, Sum:  0.0, Workers: 4
[1855.144s][debug][gc,phases      ] GC(63)     Dead                           Min: 0, Avg:  0.0, Max: 0, Diff: 0, Sum: 0, Workers: 4
[1855.144s][debug][gc,phases      ] GC(63)     Total                          Min: 0, Avg:  0.0, Max: 0, Diff: 0, Sum: 0, Workers: 4
[1855.144s][debug][gc,phases      ] GC(63)   StringDedup Requests0 Weak     Min:  0.0, Avg:  0.0, Max:  0.0, Diff:  0.0, Sum:  0.0, Workers: 4
[1855.144s][debug][gc,phases      ] GC(63)     Dead                           Min: 0, Avg:  0.0, Max: 0, Diff: 0, Sum: 0, Workers: 4
[1855.144s][debug][gc,phases      ] GC(63)     Total                          Min: 0, Avg:  0.0, Max: 0, Diff: 0, Sum: 0, Workers: 4
[1855.144s][debug][gc,phases      ] GC(63)   StringDedup Requests1 Weak     Min:  0.0, Avg:  0.0, Max:  0.0, Diff:  0.0, Sum:  0.0, Workers: 4
[1855.144s][debug][gc,phases      ] GC(63)     Dead                           Min: 0, Avg:  0.0, Max: 0, Diff: 0, Sum: 0, Workers: 4
[1855.144s][debug][gc,phases      ] GC(63)     Total                          Min: 0, Avg:  0.0, Max: 0, Diff: 0, Sum: 0, Workers: 4
[1855.144s][debug][gc,phases      ] GC(63)   Weak JFR Old Object Samples    Min:  0.0, Avg:  0.0, Max:  0.0, Diff:  0.0, Sum:  0.0, Workers: 4
[1855.144s][debug][gc,phases      ] GC(63)     Dead                           Min: 0, Avg:  0.0, Max: 0, Diff: 0, Sum: 0, Workers: 4
[1855.144s][debug][gc,phases      ] GC(63)     Total                          Min: 0, Avg:  0.0, Max: 0, Diff: 0, Sum: 0, Workers: 4
[1855.144s][debug][gc,phases      ] GC(63) Weak Processing 0.392ms
[1855.144s][debug][gc,age         ] GC(63) Desired survivor size 114819072 bytes, new threshold 15 (max threshold 15)
[1855.144s][info ][gc,heap        ] GC(63) PSYoungGen: 1873686K(1978880K)->11542K(1985024K) Eden: 1862144K(1862144K)->0K(1870336K) From: 11542K(116736K)->11542K(114688K)
[1855.144s][info ][gc,heap        ] GC(63) ParOldGen: 462205K(553472K)->462213K(553472K)
[1855.144s][info ][gc,metaspace   ] GC(63) Metaspace: 79619K(80640K)->79619K(80640K) NonClass: 68386K(68928K)->68386K(68928K) Class: 11233K(11712K)->11233K(11712K)
[1855.144s][info ][gc             ] GC(63) Pause Young (Allocation Failure) 2281M->462M(2479M) 7.957ms
[1855.144s][info ][gc,cpu         ] GC(63) User=0.02s Sys=0.00s Real=0.01s
[1855.144s][info ][safepoint      ] Safepoint "ParallelGCFailedAllocation", Time since last: 8283120249 ns, Reaching safepoint: 430003 ns, At safepoint: 8041964 ns, Total: 8471967 ns
[1859.145s][info ][safepoint      ] Safepoint "Cleanup", Time since last: 4000238604 ns, Reaching safepoint: 45501 ns, At safepoint: 4600 ns, Total: 50101 ns
[1864.145s][info ][safepoint      ] Safepoint "Cleanup", Time since last: 5000362986 ns, Reaching safepoint: 39201 ns, At safepoint: 2000 ns, Total: 41201 ns
[1868.145s][info ][safepoint      ] Safepoint "Cleanup", Time since last: 4000262514 ns, Reaching safepoint: 35600 ns, At safepoint: 7400 ns, Total: 43000 ns
[1869.146s][info ][safepoint      ] Safepoint "Cleanup", Time since last: 1000109079 ns, Reaching safepoint: 78701 ns, At safepoint: 7100 ns, Total: 85801 ns
[1870.146s][info ][safepoint      ] Safepoint "Cleanup", Time since last: 1000095680 ns, Reaching safepoint: 59100 ns, At safepoint: 2200 ns, Total: 61300 ns
[1873.146s][info ][safepoint      ] Safepoint "Cleanup", Time since last: 3000225740 ns, Reaching safepoint: 42201 ns, At safepoint: 4500 ns, Total: 46701 ns
[1874.146s][info ][safepoint      ] Safepoint "Cleanup", Time since last: 1000114481 ns, Reaching safepoint: 44700 ns, At safepoint: 2800 ns, Total: 47500 ns
[1876.146s][info ][safepoint      ] Safepoint "Cleanup", Time since last: 2000165662 ns, Reaching safepoint: 33500 ns, At safepoint: 3200 ns, Total: 36700 ns
[1878.147s][info ][safepoint      ] Safepoint "Cleanup", Time since last: 2000167663 ns, Reaching safepoint: 44001 ns, At safepoint: 3000 ns, Total: 47001 ns
[1882.147s][info ][safepoint      ] Safepoint "Cleanup", Time since last: 4000315829 ns, Reaching safepoint: 43000 ns, At safepoint: 2400 ns, Total: 45400 ns
[1886.582s][info ][safepoint      ] Safepoint "Cleanup", Time since last: 4435355907 ns, Reaching safepoint: 63100 ns, At safepoint: 2300 ns, Total: 65400 ns
[1888.583s][info ][safepoint      ] Safepoint "Cleanup", Time since last: 2000173769 ns, Reaching safepoint: 111200 ns, At safepoint: 10201 ns, Total: 121401 ns
[1889.583s][info ][safepoint      ] Safepoint "Cleanup", Time since last: 1000100284 ns, Reaching safepoint: 37001 ns, At safepoint: 4000 ns, Total: 41001 ns
[1891.583s][info ][safepoint      ] Safepoint "Cleanup", Time since last: 2000178170 ns, Reaching safepoint: 108401 ns, At safepoint: 7200 ns, Total: 115601 ns
[1893.583s][info ][safepoint      ] Safepoint "Cleanup", Time since last: 2000109670 ns, Reaching safepoint: 45401 ns, At safepoint: 4200 ns, Total: 49601 ns
[1896.584s][info ][safepoint      ] Safepoint "Cleanup", Time since last: 3000229358 ns, Reaching safepoint: 42900 ns, At safepoint: 5300 ns, Total: 48200 ns
[1897.584s][info ][safepoint      ] Safepoint "Cleanup", Time since last: 1000101387 ns, Reaching safepoint: 27600 ns, At safepoint: 2100 ns, Total: 29700 ns
[1901.584s][info ][safepoint      ] Safepoint "Cleanup", Time since last: 4000313549 ns, Reaching safepoint: 29801 ns, At safepoint: 3600 ns, Total: 33401 ns
[1904.584s][info ][safepoint      ] Safepoint "Cleanup", Time since last: 3000235764 ns, Reaching safepoint: 25400 ns, At safepoint: 2200 ns, Total: 27600 ns
[1906.585s][info ][safepoint      ] Safepoint "Cleanup", Time since last: 2000140977 ns, Reaching safepoint: 31801 ns, At safepoint: 3500 ns, Total: 35301 ns
[1907.585s][info ][safepoint      ] Safepoint "Cleanup", Time since last: 1000096889 ns, Reaching safepoint: 45100 ns, At safepoint: 7400 ns, Total: 52500 ns
[1909.585s][info ][safepoint      ] Safepoint "Cleanup", Time since last: 2000163779 ns, Reaching safepoint: 42401 ns, At safepoint: 3700 ns, Total: 46101 ns
[1912.585s][info ][safepoint      ] Safepoint "Cleanup", Time since last: 3000202770 ns, Reaching safepoint: 41500 ns, At safepoint: 3100 ns, Total: 44600 ns
[1913.585s][info ][safepoint      ] Safepoint "Cleanup", Time since last: 1000101791 ns, Reaching safepoint: 44100 ns, At safepoint: 2900 ns, Total: 47000 ns
[1914.680s][info ][gc,start       ] GC(64) Pause Young (Allocation Failure)
[1914.685s][debug][gc,phases      ] GC(64) Scavenge 4.273ms
[1914.685s][debug][gc,ref         ] GC(64) Skipped phase 1 of Reference Processing: no references
[1914.685s][debug][gc,ref         ] GC(64) ReferenceProcessor::execute queues: 1, RefProcThreadModel::Single, marks_oops_alive: false
[1914.685s][debug][gc,ref         ] GC(64) Skipped phase 3 of Reference Processing: no references
[1914.685s][debug][gc,ref         ] GC(64) ReferenceProcessor::execute queues: 1, RefProcThreadModel::Single, marks_oops_alive: false
[1914.685s][debug][gc,phases      ] GC(64) Reference Processing 0.119ms
[1914.685s][debug][gc,phases      ] GC(64)   VM Weak                        Min:  0.0, Avg:  0.0, Max:  0.0, Diff:  0.0, Sum:  0.0, Workers: 4
[1914.685s][debug][gc,phases      ] GC(64)     Dead                           Min: 0, Avg:  0.0, Max: 0, Diff: 0, Sum: 0, Workers: 4
[1914.685s][debug][gc,phases      ] GC(64)     Total                          Min: 0, Avg: 188.8, Max: 755, Diff: 755, Sum: 755, Workers: 4
[1914.685s][debug][gc,phases      ] GC(64)   ObjectSynchronizer Weak        Min:  0.0, Avg:  0.0, Max:  0.0, Diff:  0.0, Sum:  0.0, Workers: 4
[1914.685s][debug][gc,phases      ] GC(64)     Dead                           Min: 0, Avg:  0.0, Max: 0, Diff: 0, Sum: 0, Workers: 4
[1914.685s][debug][gc,phases      ] GC(64)     Total                          Min: 0, Avg: 15.0, Max: 60, Diff: 60, Sum: 60, Workers: 4
[1914.685s][debug][gc,phases      ] GC(64)   JVMTI Tag Weak OopStorage      Min:  0.0, Avg:  0.0, Max:  0.0, Diff:  0.0, Sum:  0.0, Workers: 4
[1914.685s][debug][gc,phases      ] GC(64)     Dead                           Min: 0, Avg:  0.0, Max: 0, Diff: 0, Sum: 0, Workers: 4
[1914.685s][debug][gc,phases      ] GC(64)     Total                          Min: 0, Avg:  0.0, Max: 0, Diff: 0, Sum: 0, Workers: 4
[1914.685s][debug][gc,phases      ] GC(64)   StringTable Weak               Min:  0.0, Avg:  0.1, Max:  0.1, Diff:  0.1, Sum:  0.3, Workers: 4
[1914.685s][debug][gc,phases      ] GC(64)     Dead                           Min: 0, Avg:  0.5, Max: 2, Diff: 2, Sum: 2, Workers: 4
[1914.685s][debug][gc,phases      ] GC(64)     Total                          Min: 0, Avg: 10709.0, Max: 18303, Diff: 18303, Sum: 42836, Workers: 4
[1914.685s][debug][gc,phases      ] GC(64)   ResolvedMethodTable Weak       Min:  0.0, Avg:  0.0, Max:  0.0, Diff:  0.0, Sum:  0.1, Workers: 4
[1914.685s][debug][gc,phases      ] GC(64)     Dead                           Min: 0, Avg:  4.0, Max: 16, Diff: 16, Sum: 16, Workers: 4
[1914.685s][debug][gc,phases      ] GC(64)     Total                          Min: 0, Avg: 2168.2, Max: 4074, Diff: 4074, Sum: 8673, Workers: 4
[1914.685s][debug][gc,phases      ] GC(64)   JNI Weak                       Min:  0.0, Avg:  0.0, Max:  0.0, Diff:  0.0, Sum:  0.0, Workers: 4
[1914.685s][debug][gc,phases      ] GC(64)     Dead                           Min: 0, Avg:  0.0, Max: 0, Diff: 0, Sum: 0, Workers: 4
[1914.685s][debug][gc,phases      ] GC(64)     Total                          Min: 0, Avg: 11.2, Max: 45, Diff: 45, Sum: 45, Workers: 4
[1914.685s][debug][gc,phases      ] GC(64)   StringDedup Table Weak         Min:  0.0, Avg:  0.0, Max:  0.0, Diff:  0.0, Sum:  0.0, Workers: 4
[1914.685s][debug][gc,phases      ] GC(64)     Dead                           Min: 0, Avg:  0.0, Max: 0, Diff: 0, Sum: 0, Workers: 4
[1914.685s][debug][gc,phases      ] GC(64)     Total                          Min: 0, Avg:  0.0, Max: 0, Diff: 0, Sum: 0, Workers: 4
[1914.685s][debug][gc,phases      ] GC(64)   StringDedup Requests0 Weak     Min:  0.0, Avg:  0.0, Max:  0.0, Diff:  0.0, Sum:  0.0, Workers: 4
[1914.685s][debug][gc,phases      ] GC(64)     Dead                           Min: 0, Avg:  0.0, Max: 0, Diff: 0, Sum: 0, Workers: 4
[1914.685s][debug][gc,phases      ] GC(64)     Total                          Min: 0, Avg:  0.0, Max: 0, Diff: 0, Sum: 0, Workers: 4
[1914.685s][debug][gc,phases      ] GC(64)   StringDedup Requests1 Weak     Min:  0.0, Avg:  0.0, Max:  0.0, Diff:  0.0, Sum:  0.0, Workers: 4
[1914.685s][debug][gc,phases      ] GC(64)     Dead                           Min: 0, Avg:  0.0, Max: 0, Diff: 0, Sum: 0, Workers: 4
[1914.685s][debug][gc,phases      ] GC(64)     Total                          Min: 0, Avg:  0.0, Max: 0, Diff: 0, Sum: 0, Workers: 4
[1914.685s][debug][gc,phases      ] GC(64)   Weak JFR Old Object Samples    Min:  0.0, Avg:  0.0, Max:  0.0, Diff:  0.0, Sum:  0.0, Workers: 4
[1914.685s][debug][gc,phases      ] GC(64)     Dead                           Min: 0, Avg:  0.0, Max: 0, Diff: 0, Sum: 0, Workers: 4
[1914.685s][debug][gc,phases      ] GC(64)     Total                          Min: 0, Avg:  0.0, Max: 0, Diff: 0, Sum: 0, Workers: 4
[1914.685s][debug][gc,phases      ] GC(64) Weak Processing 0.297ms
[1914.685s][debug][gc,age         ] GC(64) Desired survivor size 111673344 bytes, new threshold 15 (max threshold 15)
[1914.685s][info ][gc,heap        ] GC(64) PSYoungGen: 1881878K(1985024K)->11334K(1982464K) Eden: 1870336K(1870336K)->0K(1870336K) From: 11542K(114688K)->11334K(112128K)
[1914.685s][info ][gc,heap        ] GC(64) ParOldGen: 462213K(553472K)->462213K(553472K)
[1914.685s][info ][gc,metaspace   ] GC(64) Metaspace: 79681K(80704K)->79681K(80704K) NonClass: 68444K(68992K)->68444K(68992K) Class: 11237K(11712K)->11237K(11712K)
[1914.685s][info ][gc             ] GC(64) Pause Young (Allocation Failure) 2289M->462M(2476M) 4.807ms
[1914.685s][info ][gc,cpu         ] GC(64) User=0.02s Sys=0.00s Real=0.00s
[1914.685s][info ][safepoint      ] Safepoint "ParallelGCFailedAllocation", Time since last: 1095059350 ns, Reaching safepoint: 48900 ns, At safepoint: 4873739 ns, Total: 4922639 ns
[1915.685s][info ][safepoint      ] Safepoint "Cleanup", Time since last: 1000083592 ns, Reaching safepoint: 28600 ns, At safepoint: 2500 ns, Total: 31100 ns
[1916.685s][info ][safepoint      ] Safepoint "Cleanup", Time since last: 1000101191 ns, Reaching safepoint: 26300 ns, At safepoint: 2801 ns, Total: 29101 ns
[1917.686s][info ][safepoint      ] Safepoint "Cleanup", Time since last: 1000099891 ns, Reaching safepoint: 26700 ns, At safepoint: 2400 ns, Total: 29100 ns
[1918.686s][info ][safepoint      ] Safepoint "Cleanup", Time since last: 1000098692 ns, Reaching safepoint: 45501 ns, At safepoint: 4500 ns, Total: 50001 ns
[1921.686s][info ][safepoint      ] Safepoint "Cleanup", Time since last: 3000221077 ns, Reaching safepoint: 50300 ns, At safepoint: 2400 ns, Total: 52700 ns
[1923.686s][info ][safepoint      ] Safepoint "Cleanup", Time since last: 2000165186 ns, Reaching safepoint: 48500 ns, At safepoint: 2700 ns, Total: 51200 ns
[1924.686s][info ][safepoint      ] Safepoint "Cleanup", Time since last: 1000096194 ns, Reaching safepoint: 37700 ns, At safepoint: 4400 ns, Total: 42100 ns
[1925.687s][info ][safepoint      ] Safepoint "Cleanup", Time since last: 1000100494 ns, Reaching safepoint: 52600 ns, At safepoint: 12600 ns, Total: 65200 ns
[1928.687s][info ][safepoint      ] Safepoint "Cleanup", Time since last: 3000186082 ns, Reaching safepoint: 43900 ns, At safepoint: 3600 ns, Total: 47500 ns
[1929.687s][info ][safepoint      ] Safepoint "Cleanup", Time since last: 1000107895 ns, Reaching safepoint: 40400 ns, At safepoint: 9700 ns, Total: 50100 ns
[1930.687s][info ][safepoint      ] Safepoint "Cleanup", Time since last: 1000104195 ns, Reaching safepoint: 30700 ns, At safepoint: 3300 ns, Total: 34000 ns
[1931.687s][info ][safepoint      ] Safepoint "Cleanup", Time since last: 1000069995 ns, Reaching safepoint: 31700 ns, At safepoint: 3300 ns, Total: 35000 ns
[1932.687s][info ][safepoint      ] Safepoint "Cleanup", Time since last: 1000105696 ns, Reaching safepoint: 29100 ns, At safepoint: 2400 ns, Total: 31500 ns
[1934.688s][info ][safepoint      ] Safepoint "Cleanup", Time since last: 2000162091 ns, Reaching safepoint: 48500 ns, At safepoint: 8101 ns, Total: 56601 ns
[1935.688s][info ][safepoint      ] Safepoint "Cleanup", Time since last: 1000115496 ns, Reaching safepoint: 49500 ns, At safepoint: 19200 ns, Total: 68700 ns
[1937.688s][info ][safepoint      ] Safepoint "Cleanup", Time since last: 2000182093 ns, Reaching safepoint: 47800 ns, At safepoint: 5100 ns, Total: 52900 ns
[1940.688s][info ][safepoint      ] Safepoint "Cleanup", Time since last: 3000235791 ns, Reaching safepoint: 29700 ns, At safepoint: 5800 ns, Total: 35500 ns
[1945.689s][info ][safepoint      ] Safepoint "Cleanup", Time since last: 5000310088 ns, Reaching safepoint: 27300 ns, At safepoint: 3200 ns, Total: 30500 ns
[1949.689s][info ][safepoint      ] Safepoint "Cleanup", Time since last: 4000296395 ns, Reaching safepoint: 45800 ns, At safepoint: 5200 ns, Total: 51000 ns
[1950.689s][info ][safepoint      ] Safepoint "Cleanup", Time since last: 1000110900 ns, Reaching safepoint: 39200 ns, At safepoint: 2700 ns, Total: 41900 ns
[1953.689s][info ][safepoint      ] Safepoint "Cleanup", Time since last: 3000240499 ns, Reaching safepoint: 41701 ns, At safepoint: 7500 ns, Total: 49201 ns
[1955.690s][info ][safepoint      ] Safepoint "Cleanup", Time since last: 2000153000 ns, Reaching safepoint: 38901 ns, At safepoint: 4200 ns, Total: 43101 ns
[1956.690s][info ][safepoint      ] Safepoint "Cleanup", Time since last: 1000102701 ns, Reaching safepoint: 42700 ns, At safepoint: 30200 ns, Total: 72900 ns
[1957.690s][info ][safepoint      ] Safepoint "Cleanup", Time since last: 1000092201 ns, Reaching safepoint: 51001 ns, At safepoint: 6700 ns, Total: 57701 ns
[1959.690s][info ][safepoint      ] Safepoint "Cleanup", Time since last: 2000153802 ns, Reaching safepoint: 42500 ns, At safepoint: 2400 ns, Total: 44900 ns
[1961.690s][info ][safepoint      ] Safepoint "Cleanup", Time since last: 2000161704 ns, Reaching safepoint: 27800 ns, At safepoint: 2500 ns, Total: 30300 ns
[1962.690s][info ][safepoint      ] Safepoint "Cleanup", Time since last: 1000116602 ns, Reaching safepoint: 29500 ns, At safepoint: 2900 ns, Total: 32400 ns
[1963.691s][info ][safepoint      ] Safepoint "Cleanup", Time since last: 1000107403 ns, Reaching safepoint: 44800 ns, At safepoint: 4600 ns, Total: 49400 ns
[1965.691s][info ][safepoint      ] Safepoint "Cleanup", Time since last: 2000160705 ns, Reaching safepoint: 41901 ns, At safepoint: 2400 ns, Total: 44301 ns
[1966.691s][info ][safepoint      ] Safepoint "Cleanup", Time since last: 1000100103 ns, Reaching safepoint: 49500 ns, At safepoint: 2600 ns, Total: 52100 ns
[1967.691s][info ][safepoint      ] Safepoint "Cleanup", Time since last: 1000046103 ns, Reaching safepoint: 49300 ns, At safepoint: 3900 ns, Total: 53200 ns
[1975.928s][info ][gc,start       ] GC(65) Pause Young (Allocation Failure)
[1975.934s][debug][gc,phases      ] GC(65) Scavenge 5.941ms
[1975.934s][debug][gc,ref         ] GC(65) Skipped phase 1 of Reference Processing: no references
[1975.934s][debug][gc,ref         ] GC(65) ReferenceProcessor::execute queues: 1, RefProcThreadModel::Single, marks_oops_alive: false
[1975.934s][debug][gc,ref         ] GC(65) Skipped phase 3 of Reference Processing: no references
[1975.934s][debug][gc,ref         ] GC(65) ReferenceProcessor::execute queues: 1, RefProcThreadModel::Single, marks_oops_alive: false
[1975.934s][debug][gc,phases      ] GC(65) Reference Processing 0.108ms
[1975.934s][debug][gc,phases      ] GC(65)   VM Weak                        Min:  0.0, Avg:  0.0, Max:  0.0, Diff:  0.0, Sum:  0.0, Workers: 4
[1975.934s][debug][gc,phases      ] GC(65)     Dead                           Min: 0, Avg:  0.0, Max: 0, Diff: 0, Sum: 0, Workers: 4
[1975.934s][debug][gc,phases      ] GC(65)     Total                          Min: 0, Avg: 189.8, Max: 384, Diff: 384, Sum: 759, Workers: 4
[1975.934s][debug][gc,phases      ] GC(65)   ObjectSynchronizer Weak        Min:  0.0, Avg:  0.0, Max:  0.0, Diff:  0.0, Sum:  0.0, Workers: 4
[1975.934s][debug][gc,phases      ] GC(65)     Dead                           Min: 0, Avg:  0.0, Max: 0, Diff: 0, Sum: 0, Workers: 4
[1975.934s][debug][gc,phases      ] GC(65)     Total                          Min: 0, Avg: 15.0, Max: 60, Diff: 60, Sum: 60, Workers: 4
[1975.934s][debug][gc,phases      ] GC(65)   JVMTI Tag Weak OopStorage      Min:  0.0, Avg:  0.0, Max:  0.0, Diff:  0.0, Sum:  0.0, Workers: 4
[1975.934s][debug][gc,phases      ] GC(65)     Dead                           Min: 0, Avg:  0.0, Max: 0, Diff: 0, Sum: 0, Workers: 4
[1975.934s][debug][gc,phases      ] GC(65)     Total                          Min: 0, Avg:  0.0, Max: 0, Diff: 0, Sum: 0, Workers: 4
[1975.934s][debug][gc,phases      ] GC(65)   StringTable Weak               Min:  0.1, Avg:  0.1, Max:  0.1, Diff:  0.0, Sum:  0.4, Workers: 4
[1975.934s][debug][gc,phases      ] GC(65)     Dead                           Min: 0, Avg:  0.2, Max: 1, Diff: 1, Sum: 1, Workers: 4
[1975.934s][debug][gc,phases      ] GC(65)     Total                          Min: 10303, Avg: 10711.8, Max: 11040, Diff: 737, Sum: 42847, Workers: 4
[1975.934s][debug][gc,phases      ] GC(65)   ResolvedMethodTable Weak       Min:  0.0, Avg:  0.0, Max:  0.0, Diff:  0.0, Sum:  0.1, Workers: 4
[1975.934s][debug][gc,phases      ] GC(65)     Dead                           Min: 0, Avg:  0.0, Max: 0, Diff: 0, Sum: 0, Workers: 4
[1975.934s][debug][gc,phases      ] GC(65)     Total                          Min: 2039, Avg: 2173.2, Max: 2559, Diff: 520, Sum: 8693, Workers: 4
[1975.934s][debug][gc,phases      ] GC(65)   JNI Weak                       Min:  0.0, Avg:  0.0, Max:  0.0, Diff:  0.0, Sum:  0.0, Workers: 4
[1975.934s][debug][gc,phases      ] GC(65)     Dead                           Min: 0, Avg:  0.0, Max: 0, Diff: 0, Sum: 0, Workers: 4
[1975.934s][debug][gc,phases      ] GC(65)     Total                          Min: 0, Avg: 11.2, Max: 45, Diff: 45, Sum: 45, Workers: 4
[1975.934s][debug][gc,phases      ] GC(65)   StringDedup Table Weak         Min:  0.0, Avg:  0.0, Max:  0.0, Diff:  0.0, Sum:  0.0, Workers: 4
[1975.934s][debug][gc,phases      ] GC(65)     Dead                           Min: 0, Avg:  0.0, Max: 0, Diff: 0, Sum: 0, Workers: 4
[1975.934s][debug][gc,phases      ] GC(65)     Total                          Min: 0, Avg:  0.0, Max: 0, Diff: 0, Sum: 0, Workers: 4
[1975.934s][debug][gc,phases      ] GC(65)   StringDedup Requests0 Weak     Min:  0.0, Avg:  0.0, Max:  0.0, Diff:  0.0, Sum:  0.0, Workers: 4
[1975.934s][debug][gc,phases      ] GC(65)     Dead                           Min: 0, Avg:  0.0, Max: 0, Diff: 0, Sum: 0, Workers: 4
[1975.934s][debug][gc,phases      ] GC(65)     Total                          Min: 0, Avg:  0.0, Max: 0, Diff: 0, Sum: 0, Workers: 4
[1975.934s][debug][gc,phases      ] GC(65)   StringDedup Requests1 Weak     Min:  0.0, Avg:  0.0, Max:  0.0, Diff:  0.0, Sum:  0.0, Workers: 4
[1975.934s][debug][gc,phases      ] GC(65)     Dead                           Min: 0, Avg:  0.0, Max: 0, Diff: 0, Sum: 0, Workers: 4
[1975.934s][debug][gc,phases      ] GC(65)     Total                          Min: 0, Avg:  0.0, Max: 0, Diff: 0, Sum: 0, Workers: 4
[1975.934s][debug][gc,phases      ] GC(65)   Weak JFR Old Object Samples    Min:  0.0, Avg:  0.0, Max:  0.0, Diff:  0.0, Sum:  0.0, Workers: 4
[1975.934s][debug][gc,phases      ] GC(65)     Dead                           Min: 0, Avg:  0.0, Max: 0, Diff: 0, Sum: 0, Workers: 4
[1975.934s][debug][gc,phases      ] GC(65)     Total                          Min: 0, Avg:  0.0, Max: 0, Diff: 0, Sum: 0, Workers: 4
[1975.934s][debug][gc,phases      ] GC(65) Weak Processing 0.285ms
[1975.934s][debug][gc,age         ] GC(65) Desired survivor size 107479040 bytes, new threshold 15 (max threshold 15)
[1975.934s][info ][gc,heap        ] GC(65) PSYoungGen: 1881670K(1982464K)->11830K(1992192K) Eden: 1870336K(1870336K)->0K(1883136K) From: 11334K(112128K)->11830K(109056K)
[1975.934s][info ][gc,heap        ] GC(65) ParOldGen: 462213K(553472K)->462221K(553472K)
[1975.934s][info ][gc,metaspace   ] GC(65) Metaspace: 79763K(80768K)->79763K(80768K) NonClass: 68518K(69056K)->68518K(69056K) Class: 11245K(11712K)->11245K(11712K)
[1975.934s][info ][gc             ] GC(65) Pause Young (Allocation Failure) 2288M->462M(2486M) 6.441ms
[1975.934s][info ][gc,cpu         ] GC(65) User=0.02s Sys=0.00s Real=0.01s
[1975.934s][info ][safepoint      ] Safepoint "ParallelGCFailedAllocation", Time since last: 8236374320 ns, Reaching safepoint: 109101 ns, At safepoint: 6518052 ns, Total: 6627153 ns
[1977.934s][info ][safepoint      ] Safepoint "Cleanup", Time since last: 2000147910 ns, Reaching safepoint: 30201 ns, At safepoint: 2700 ns, Total: 32901 ns
[1978.934s][info ][safepoint      ] Safepoint "Cleanup", Time since last: 1000106305 ns, Reaching safepoint: 25501 ns, At safepoint: 2300 ns, Total: 27801 ns
[1981.935s][info ][safepoint      ] Safepoint "Cleanup", Time since last: 3000186917 ns, Reaching safepoint: 37300 ns, At safepoint: 4600 ns, Total: 41900 ns
[1994.935s][info ][safepoint      ] Safepoint "Cleanup", Time since last: 13000784498 ns, Reaching safepoint: 33900 ns, At safepoint: 2400 ns, Total: 36300 ns
[1995.936s][info ][safepoint      ] Safepoint "Cleanup", Time since last: 1000112310 ns, Reaching safepoint: 42700 ns, At safepoint: 2700 ns, Total: 45400 ns
[1997.936s][info ][safepoint      ] Safepoint "Cleanup", Time since last: 2000163819 ns, Reaching safepoint: 71101 ns, At safepoint: 6600 ns, Total: 77701 ns
[1998.936s][info ][safepoint      ] Safepoint "Cleanup", Time since last: 1000107410 ns, Reaching safepoint: 33700 ns, At safepoint: 2400 ns, Total: 36100 ns
[1999.936s][info ][safepoint      ] Safepoint "Cleanup", Time since last: 1000104410 ns, Reaching safepoint: 42200 ns, At safepoint: 4900 ns, Total: 47100 ns
[2000.936s][info ][safepoint      ] Safepoint "Cleanup", Time since last: 1000109011 ns, Reaching safepoint: 39900 ns, At safepoint: 3700 ns, Total: 43600 ns
[2001.936s][info ][safepoint      ] Safepoint "Cleanup", Time since last: 1000104511 ns, Reaching safepoint: 45500 ns, At safepoint: 2800 ns, Total: 48300 ns
[2002.937s][info ][safepoint      ] Safepoint "Cleanup", Time since last: 1000102111 ns, Reaching safepoint: 35300 ns, At safepoint: 2900 ns, Total: 38200 ns
[2003.937s][info ][safepoint      ] Safepoint "Cleanup", Time since last: 1000103211 ns, Reaching safepoint: 40900 ns, At safepoint: 4000 ns, Total: 44900 ns
[2006.937s][info ][safepoint      ] Safepoint "Cleanup", Time since last: 3000239634 ns, Reaching safepoint: 42700 ns, At safepoint: 2200 ns, Total: 44900 ns
[2014.938s][info ][safepoint      ] Safepoint "Cleanup", Time since last: 8000546475 ns, Reaching safepoint: 42301 ns, At safepoint: 5000 ns, Total: 47301 ns
[2016.938s][info ][safepoint      ] Safepoint "Cleanup", Time since last: 2000165505 ns, Reaching safepoint: 46301 ns, At safepoint: 4200 ns, Total: 50501 ns
[2026.938s][info ][safepoint      ] Safepoint "Cleanup", Time since last: 10000595663 ns, Reaching safepoint: 54101 ns, At safepoint: 5000 ns, Total: 59101 ns
[2031.430s][info ][gc,start       ] GC(66) Pause Young (Allocation Failure)
[2031.435s][debug][gc,phases      ] GC(66) Scavenge 5.250ms
[2031.435s][debug][gc,ref         ] GC(66) Skipped phase 1 of Reference Processing: no references
[2031.435s][debug][gc,ref         ] GC(66) ReferenceProcessor::execute queues: 1, RefProcThreadModel::Single, marks_oops_alive: false
[2031.435s][debug][gc,ref         ] GC(66) Skipped phase 3 of Reference Processing: no references
[2031.435s][debug][gc,ref         ] GC(66) ReferenceProcessor::execute queues: 1, RefProcThreadModel::Single, marks_oops_alive: false
[2031.435s][debug][gc,phases      ] GC(66) Reference Processing 0.096ms
[2031.435s][debug][gc,phases      ] GC(66)   VM Weak                        Min:  0.0, Avg:  0.0, Max:  0.0, Diff:  0.0, Sum:  0.0, Workers: 4
[2031.435s][debug][gc,phases      ] GC(66)     Dead                           Min: 0, Avg:  0.0, Max: 0, Diff: 0, Sum: 0, Workers: 4
[2031.435s][debug][gc,phases      ] GC(66)     Total                          Min: 0, Avg: 189.8, Max: 695, Diff: 695, Sum: 759, Workers: 4
[2031.435s][debug][gc,phases      ] GC(66)   ObjectSynchronizer Weak        Min:  0.0, Avg:  0.0, Max:  0.0, Diff:  0.0, Sum:  0.0, Workers: 4
[2031.435s][debug][gc,phases      ] GC(66)     Dead                           Min: 0, Avg:  0.0, Max: 0, Diff: 0, Sum: 0, Workers: 4
[2031.435s][debug][gc,phases      ] GC(66)     Total                          Min: 0, Avg: 15.0, Max: 60, Diff: 60, Sum: 60, Workers: 4
[2031.435s][debug][gc,phases      ] GC(66)   JVMTI Tag Weak OopStorage      Min:  0.0, Avg:  0.0, Max:  0.0, Diff:  0.0, Sum:  0.0, Workers: 4
[2031.435s][debug][gc,phases      ] GC(66)     Dead                           Min: 0, Avg:  0.0, Max: 0, Diff: 0, Sum: 0, Workers: 4
[2031.435s][debug][gc,phases      ] GC(66)     Total                          Min: 0, Avg:  0.0, Max: 0, Diff: 0, Sum: 0, Workers: 4
[2031.435s][debug][gc,phases      ] GC(66)   StringTable Weak               Min:  0.1, Avg:  0.1, Max:  0.1, Diff:  0.0, Sum:  0.4, Workers: 4
[2031.435s][debug][gc,phases      ] GC(66)     Dead                           Min: 0, Avg:  0.0, Max: 0, Diff: 0, Sum: 0, Workers: 4
[2031.435s][debug][gc,phases      ] GC(66)     Total                          Min: 10367, Avg: 10715.0, Max: 11135, Diff: 768, Sum: 42860, Workers: 4
[2031.436s][debug][gc,phases      ] GC(66)   ResolvedMethodTable Weak       Min:  0.0, Avg:  0.0, Max:  0.0, Diff:  0.0, Sum:  0.1, Workers: 4
[2031.436s][debug][gc,phases      ] GC(66)     Dead                           Min: 0, Avg:  0.0, Max: 0, Diff: 0, Sum: 0, Workers: 4
[2031.436s][debug][gc,phases      ] GC(66)     Total                          Min: 1920, Avg: 2173.2, Max: 2304, Diff: 384, Sum: 8693, Workers: 4
[2031.436s][debug][gc,phases      ] GC(66)   JNI Weak                       Min:  0.0, Avg:  0.0, Max:  0.0, Diff:  0.0, Sum:  0.0, Workers: 4
[2031.436s][debug][gc,phases      ] GC(66)     Dead                           Min: 0, Avg:  0.0, Max: 0, Diff: 0, Sum: 0, Workers: 4
[2031.436s][debug][gc,phases      ] GC(66)     Total                          Min: 0, Avg: 11.2, Max: 45, Diff: 45, Sum: 45, Workers: 4
[2031.436s][debug][gc,phases      ] GC(66)   StringDedup Table Weak         Min:  0.0, Avg:  0.0, Max:  0.0, Diff:  0.0, Sum:  0.0, Workers: 4
[2031.436s][debug][gc,phases      ] GC(66)     Dead                           Min: 0, Avg:  0.0, Max: 0, Diff: 0, Sum: 0, Workers: 4
[2031.436s][debug][gc,phases      ] GC(66)     Total                          Min: 0, Avg:  0.0, Max: 0, Diff: 0, Sum: 0, Workers: 4
[2031.436s][debug][gc,phases      ] GC(66)   StringDedup Requests0 Weak     Min:  0.0, Avg:  0.0, Max:  0.0, Diff:  0.0, Sum:  0.0, Workers: 4
[2031.436s][debug][gc,phases      ] GC(66)     Dead                           Min: 0, Avg:  0.0, Max: 0, Diff: 0, Sum: 0, Workers: 4
[2031.436s][debug][gc,phases      ] GC(66)     Total                          Min: 0, Avg:  0.0, Max: 0, Diff: 0, Sum: 0, Workers: 4
[2031.436s][debug][gc,phases      ] GC(66)   StringDedup Requests1 Weak     Min:  0.0, Avg:  0.0, Max:  0.0, Diff:  0.0, Sum:  0.0, Workers: 4
[2031.436s][debug][gc,phases      ] GC(66)     Dead                           Min: 0, Avg:  0.0, Max: 0, Diff: 0, Sum: 0, Workers: 4
[2031.436s][debug][gc,phases      ] GC(66)     Total                          Min: 0, Avg:  0.0, Max: 0, Diff: 0, Sum: 0, Workers: 4
[2031.436s][debug][gc,phases      ] GC(66)   Weak JFR Old Object Samples    Min:  0.0, Avg:  0.0, Max:  0.0, Diff:  0.0, Sum:  0.0, Workers: 4
[2031.436s][debug][gc,phases      ] GC(66)     Dead                           Min: 0, Avg:  0.0, Max: 0, Diff: 0, Sum: 0, Workers: 4
[2031.436s][debug][gc,phases      ] GC(66)     Total                          Min: 0, Avg:  0.0, Max: 0, Diff: 0, Sum: 0, Workers: 4
[2031.436s][debug][gc,phases      ] GC(66) Weak Processing 0.293ms
[2031.436s][debug][gc,age         ] GC(66) Desired survivor size 102760448 bytes, new threshold 15 (max threshold 15)
[2031.436s][info ][gc,heap        ] GC(66) PSYoungGen: 1894966K(1992192K)->17110K(1988096K) Eden: 1883136K(1883136K)->0K(1883136K) From: 11830K(109056K)->17110K(104960K)
[2031.436s][info ][gc,heap        ] GC(66) ParOldGen: 462221K(553472K)->462221K(553472K)
[2031.436s][info ][gc,metaspace   ] GC(66) Metaspace: 79806K(80768K)->79806K(80768K) NonClass: 68560K(69056K)->68560K(69056K) Class: 11245K(11712K)->11245K(11712K)
[2031.436s][info ][gc             ] GC(66) Pause Young (Allocation Failure) 2301M->468M(2482M) 5.735ms
[2031.436s][info ][gc,cpu         ] GC(66) User=0.02s Sys=0.01s Real=0.01s
[2031.436s][info ][safepoint      ] Safepoint "ParallelGCFailedAllocation", Time since last: 4491270982 ns, Reaching safepoint: 101501 ns, At safepoint: 5800274 ns, Total: 5901775 ns
[2032.436s][info ][safepoint      ] Safepoint "Cleanup", Time since last: 1000084856 ns, Reaching safepoint: 35800 ns, At safepoint: 3000 ns, Total: 38800 ns
[2035.436s][info ][safepoint      ] Safepoint "Cleanup", Time since last: 3000212718 ns, Reaching safepoint: 45001 ns, At safepoint: 3700 ns, Total: 48701 ns
[2037.436s][info ][safepoint      ] Safepoint "Cleanup", Time since last: 2000161339 ns, Reaching safepoint: 43800 ns, At safepoint: 3200 ns, Total: 47000 ns
[2058.438s][info ][safepoint      ] Safepoint "Cleanup", Time since last: 21001322907 ns, Reaching safepoint: 44700 ns, At safepoint: 4301 ns, Total: 49001 ns
[2071.438s][info ][safepoint      ] Safepoint "Cleanup", Time since last: 13000831680 ns, Reaching safepoint: 42001 ns, At safepoint: 3100 ns, Total: 45101 ns
[2076.439s][info ][safepoint      ] Safepoint "Cleanup", Time since last: 5000355956 ns, Reaching safepoint: 45401 ns, At safepoint: 4200 ns, Total: 49601 ns
[2081.439s][info ][safepoint      ] Safepoint "Cleanup", Time since last: 5000313672 ns, Reaching safepoint: 48601 ns, At safepoint: 23600 ns, Total: 72201 ns
[2092.440s][info ][safepoint      ] Safepoint "Cleanup", Time since last: 11000664398 ns, Reaching safepoint: 41301 ns, At safepoint: 5000 ns, Total: 46301 ns
[2106.992s][info ][gc,start       ] GC(67) Pause Young (Allocation Failure)
[2106.999s][debug][gc,phases      ] GC(67) Scavenge 6.845ms
[2106.999s][debug][gc,ref         ] GC(67) Skipped phase 1 of Reference Processing: no references
[2106.999s][debug][gc,ref         ] GC(67) ReferenceProcessor::execute queues: 1, RefProcThreadModel::Single, marks_oops_alive: false
[2106.999s][debug][gc,ref         ] GC(67) Skipped phase 3 of Reference Processing: no references
[2106.999s][debug][gc,ref         ] GC(67) ReferenceProcessor::execute queues: 1, RefProcThreadModel::Single, marks_oops_alive: false
[2106.999s][debug][gc,phases      ] GC(67) Reference Processing 0.081ms
[2107.000s][debug][gc,phases      ] GC(67)   VM Weak                        Min:  0.0, Avg:  0.0, Max:  0.0, Diff:  0.0, Sum:  0.0, Workers: 4
[2107.000s][debug][gc,phases      ] GC(67)     Dead                           Min: 0, Avg:  0.0, Max: 0, Diff: 0, Sum: 0, Workers: 4
[2107.000s][debug][gc,phases      ] GC(67)     Total                          Min: 0, Avg: 189.8, Max: 375, Diff: 375, Sum: 759, Workers: 4
[2107.000s][debug][gc,phases      ] GC(67)   ObjectSynchronizer Weak        Min:  0.0, Avg:  0.0, Max:  0.0, Diff:  0.0, Sum:  0.0, Workers: 4
[2107.000s][debug][gc,phases      ] GC(67)     Dead                           Min: 0, Avg:  0.0, Max: 0, Diff: 0, Sum: 0, Workers: 4
[2107.000s][debug][gc,phases      ] GC(67)     Total                          Min: 0, Avg: 15.0, Max: 60, Diff: 60, Sum: 60, Workers: 4
[2107.000s][debug][gc,phases      ] GC(67)   JVMTI Tag Weak OopStorage      Min:  0.0, Avg:  0.0, Max:  0.0, Diff:  0.0, Sum:  0.0, Workers: 4
[2107.000s][debug][gc,phases      ] GC(67)     Dead                           Min: 0, Avg:  0.0, Max: 0, Diff: 0, Sum: 0, Workers: 4
[2107.000s][debug][gc,phases      ] GC(67)     Total                          Min: 0, Avg:  0.0, Max: 0, Diff: 0, Sum: 0, Workers: 4
[2107.000s][debug][gc,phases      ] GC(67)   StringTable Weak               Min:  0.0, Avg:  0.1, Max:  0.1, Diff:  0.1, Sum:  0.4, Workers: 4
[2107.000s][debug][gc,phases      ] GC(67)     Dead                           Min: 0, Avg:  0.0, Max: 0, Diff: 0, Sum: 0, Workers: 4
[2107.000s][debug][gc,phases      ] GC(67)     Total                          Min: 0, Avg: 10715.0, Max: 14638, Diff: 14638, Sum: 42860, Workers: 4
[2107.000s][debug][gc,phases      ] GC(67)   ResolvedMethodTable Weak       Min:  0.0, Avg:  0.0, Max:  0.0, Diff:  0.0, Sum:  0.1, Workers: 4
[2107.000s][debug][gc,phases      ] GC(67)     Dead                           Min: 0, Avg:  0.0, Max: 0, Diff: 0, Sum: 0, Workers: 4
[2107.000s][debug][gc,phases      ] GC(67)     Total                          Min: 0, Avg: 2173.2, Max: 3007, Diff: 3007, Sum: 8693, Workers: 4
[2107.000s][debug][gc,phases      ] GC(67)   JNI Weak                       Min:  0.0, Avg:  0.0, Max:  0.0, Diff:  0.0, Sum:  0.0, Workers: 4
[2107.000s][debug][gc,phases      ] GC(67)     Dead                           Min: 0, Avg:  0.0, Max: 0, Diff: 0, Sum: 0, Workers: 4
[2107.000s][debug][gc,phases      ] GC(67)     Total                          Min: 0, Avg: 11.2, Max: 45, Diff: 45, Sum: 45, Workers: 4
[2107.000s][debug][gc,phases      ] GC(67)   StringDedup Table Weak         Min:  0.0, Avg:  0.0, Max:  0.0, Diff:  0.0, Sum:  0.0, Workers: 4
[2107.000s][debug][gc,phases      ] GC(67)     Dead                           Min: 0, Avg:  0.0, Max: 0, Diff: 0, Sum: 0, Workers: 4
[2107.000s][debug][gc,phases      ] GC(67)     Total                          Min: 0, Avg:  0.0, Max: 0, Diff: 0, Sum: 0, Workers: 4
[2107.000s][debug][gc,phases      ] GC(67)   StringDedup Requests0 Weak     Min:  0.0, Avg:  0.0, Max:  0.0, Diff:  0.0, Sum:  0.0, Workers: 4
[2107.000s][debug][gc,phases      ] GC(67)     Dead                           Min: 0, Avg:  0.0, Max: 0, Diff: 0, Sum: 0, Workers: 4
[2107.000s][debug][gc,phases      ] GC(67)     Total                          Min: 0, Avg:  0.0, Max: 0, Diff: 0, Sum: 0, Workers: 4
[2107.000s][debug][gc,phases      ] GC(67)   StringDedup Requests1 Weak     Min:  0.0, Avg:  0.0, Max:  0.0, Diff:  0.0, Sum:  0.0, Workers: 4
[2107.000s][debug][gc,phases      ] GC(67)     Dead                           Min: 0, Avg:  0.0, Max: 0, Diff: 0, Sum: 0, Workers: 4
[2107.000s][debug][gc,phases      ] GC(67)     Total                          Min: 0, Avg:  0.0, Max: 0, Diff: 0, Sum: 0, Workers: 4
[2107.000s][debug][gc,phases      ] GC(67)   Weak JFR Old Object Samples    Min:  0.0, Avg:  0.0, Max:  0.0, Diff:  0.0, Sum:  0.0, Workers: 4
[2107.000s][debug][gc,phases      ] GC(67)     Dead                           Min: 0, Avg:  0.0, Max: 0, Diff: 0, Sum: 0, Workers: 4
[2107.000s][debug][gc,phases      ] GC(67)     Total                          Min: 0, Avg:  0.0, Max: 0, Diff: 0, Sum: 0, Workers: 4
[2107.000s][debug][gc,phases      ] GC(67) Weak Processing 0.355ms
[2107.000s][debug][gc,age         ] GC(67) Desired survivor size 98041856 bytes, new threshold 15 (max threshold 15)
[2107.000s][info ][gc,heap        ] GC(67) PSYoungGen: 1900246K(1988096K)->16806K(2001408K) Eden: 1883136K(1883136K)->0K(1901056K) From: 17110K(104960K)->16806K(100352K)
[2107.000s][info ][gc,heap        ] GC(67) ParOldGen: 462221K(553472K)->462221K(553472K)
[2107.000s][info ][gc,metaspace   ] GC(67) Metaspace: 79815K(80768K)->79815K(80768K) NonClass: 68569K(69056K)->68569K(69056K) Class: 11245K(11712K)->11245K(11712K)
[2107.000s][info ][gc             ] GC(67) Pause Young (Allocation Failure) 2307M->467M(2495M) 7.386ms
[2107.000s][info ][gc,cpu         ] GC(67) User=0.02s Sys=0.00s Real=0.01s
[2107.000s][info ][safepoint      ] Safepoint "ParallelGCFailedAllocation", Time since last: 14552438688 ns, Reaching safepoint: 25600 ns, At safepoint: 7455091 ns, Total: 7480691 ns
[2111.000s][info ][safepoint      ] Safepoint "Cleanup", Time since last: 4000274422 ns, Reaching safepoint: 41200 ns, At safepoint: 30501 ns, Total: 71701 ns
[2126.001s][info ][safepoint      ] Safepoint "Cleanup", Time since last: 15000898831 ns, Reaching safepoint: 52101 ns, At safepoint: 7700 ns, Total: 59801 ns
[2129.001s][info ][safepoint      ] Safepoint "Cleanup", Time since last: 3000240065 ns, Reaching safepoint: 40301 ns, At safepoint: 4500 ns, Total: 44801 ns
[2138.002s][info ][safepoint      ] Safepoint "Cleanup", Time since last: 9000564036 ns, Reaching safepoint: 40500 ns, At safepoint: 4100 ns, Total: 44600 ns
[2140.002s][info ][safepoint      ] Safepoint "Cleanup", Time since last: 2000166659 ns, Reaching safepoint: 35000 ns, At safepoint: 2500 ns, Total: 37500 ns
[2167.004s][info ][safepoint      ] Safepoint "Cleanup", Time since last: 27001666528 ns, Reaching safepoint: 45401 ns, At safepoint: 5200 ns, Total: 50601 ns
[2181.005s][info ][safepoint      ] Safepoint "Cleanup", Time since last: 14000810520 ns, Reaching safepoint: 28501 ns, At safepoint: 7200 ns, Total: 35701 ns
[2181.175s][info ][gc,start       ] GC(68) Pause Young (Allocation Failure)
[2181.181s][debug][gc,phases      ] GC(68) Scavenge 6.378ms
[2181.181s][debug][gc,ref         ] GC(68) Skipped phase 1 of Reference Processing: no references
[2181.181s][debug][gc,ref         ] GC(68) ReferenceProcessor::execute queues: 1, RefProcThreadModel::Single, marks_oops_alive: false
[2181.181s][debug][gc,ref         ] GC(68) Skipped phase 3 of Reference Processing: no references
[2181.181s][debug][gc,ref         ] GC(68) ReferenceProcessor::execute queues: 1, RefProcThreadModel::Single, marks_oops_alive: false
[2181.181s][debug][gc,phases      ] GC(68) Reference Processing 0.096ms
[2181.181s][debug][gc,phases      ] GC(68)   VM Weak                        Min:  0.0, Avg:  0.0, Max:  0.0, Diff:  0.0, Sum:  0.0, Workers: 4
[2181.181s][debug][gc,phases      ] GC(68)     Dead                           Min: 0, Avg:  0.0, Max: 0, Diff: 0, Sum: 0, Workers: 4
[2181.181s][debug][gc,phases      ] GC(68)     Total                          Min: 0, Avg: 189.8, Max: 759, Diff: 759, Sum: 759, Workers: 4
[2181.181s][debug][gc,phases      ] GC(68)   ObjectSynchronizer Weak        Min:  0.0, Avg:  0.0, Max:  0.0, Diff:  0.0, Sum:  0.0, Workers: 4
[2181.181s][debug][gc,phases      ] GC(68)     Dead                           Min: 0, Avg:  0.0, Max: 0, Diff: 0, Sum: 0, Workers: 4
[2181.181s][debug][gc,phases      ] GC(68)     Total                          Min: 0, Avg: 15.0, Max: 60, Diff: 60, Sum: 60, Workers: 4
[2181.181s][debug][gc,phases      ] GC(68)   JVMTI Tag Weak OopStorage      Min:  0.0, Avg:  0.0, Max:  0.0, Diff:  0.0, Sum:  0.0, Workers: 4
[2181.181s][debug][gc,phases      ] GC(68)     Dead                           Min: 0, Avg:  0.0, Max: 0, Diff: 0, Sum: 0, Workers: 4
[2181.181s][debug][gc,phases      ] GC(68)     Total                          Min: 0, Avg:  0.0, Max: 0, Diff: 0, Sum: 0, Workers: 4
[2181.181s][debug][gc,phases      ] GC(68)   StringTable Weak               Min:  0.0, Avg:  0.1, Max:  0.1, Diff:  0.1, Sum:  0.3, Workers: 4
[2181.181s][debug][gc,phases      ] GC(68)     Dead                           Min: 0, Avg:  0.0, Max: 0, Diff: 0, Sum: 0, Workers: 4
[2181.181s][debug][gc,phases      ] GC(68)     Total                          Min: 0, Avg: 10715.2, Max: 19630, Diff: 19630, Sum: 42861, Workers: 4
[2181.181s][debug][gc,phases      ] GC(68)   ResolvedMethodTable Weak       Min:  0.0, Avg:  0.0, Max:  0.0, Diff:  0.0, Sum:  0.1, Workers: 4
[2181.181s][debug][gc,phases      ] GC(68)     Dead                           Min: 0, Avg:  0.0, Max: 0, Diff: 0, Sum: 0, Workers: 4
[2181.181s][debug][gc,phases      ] GC(68)     Total                          Min: 0, Avg: 2173.2, Max: 3583, Diff: 3583, Sum: 8693, Workers: 4
[2181.181s][debug][gc,phases      ] GC(68)   JNI Weak                       Min:  0.0, Avg:  0.0, Max:  0.0, Diff:  0.0, Sum:  0.0, Workers: 4
[2181.181s][debug][gc,phases      ] GC(68)     Dead                           Min: 0, Avg:  0.0, Max: 0, Diff: 0, Sum: 0, Workers: 4
[2181.181s][debug][gc,phases      ] GC(68)     Total                          Min: 0, Avg: 11.2, Max: 45, Diff: 45, Sum: 45, Workers: 4
[2181.181s][debug][gc,phases      ] GC(68)   StringDedup Table Weak         Min:  0.0, Avg:  0.0, Max:  0.0, Diff:  0.0, Sum:  0.0, Workers: 4
[2181.181s][debug][gc,phases      ] GC(68)     Dead                           Min: 0, Avg:  0.0, Max: 0, Diff: 0, Sum: 0, Workers: 4
[2181.181s][debug][gc,phases      ] GC(68)     Total                          Min: 0, Avg:  0.0, Max: 0, Diff: 0, Sum: 0, Workers: 4
[2181.181s][debug][gc,phases      ] GC(68)   StringDedup Requests0 Weak     Min:  0.0, Avg:  0.0, Max:  0.0, Diff:  0.0, Sum:  0.0, Workers: 4
[2181.181s][debug][gc,phases      ] GC(68)     Dead                           Min: 0, Avg:  0.0, Max: 0, Diff: 0, Sum: 0, Workers: 4
[2181.181s][debug][gc,phases      ] GC(68)     Total                          Min: 0, Avg:  0.0, Max: 0, Diff: 0, Sum: 0, Workers: 4
[2181.181s][debug][gc,phases      ] GC(68)   StringDedup Requests1 Weak     Min:  0.0, Avg:  0.0, Max:  0.0, Diff:  0.0, Sum:  0.0, Workers: 4
[2181.181s][debug][gc,phases      ] GC(68)     Dead                           Min: 0, Avg:  0.0, Max: 0, Diff: 0, Sum: 0, Workers: 4
[2181.181s][debug][gc,phases      ] GC(68)     Total                          Min: 0, Avg:  0.0, Max: 0, Diff: 0, Sum: 0, Workers: 4
[2181.181s][debug][gc,phases      ] GC(68)   Weak JFR Old Object Samples    Min:  0.0, Avg:  0.0, Max:  0.0, Diff:  0.0, Sum:  0.0, Workers: 4
[2181.181s][debug][gc,phases      ] GC(68)     Dead                           Min: 0, Avg:  0.0, Max: 0, Diff: 0, Sum: 0, Workers: 4
[2181.181s][debug][gc,phases      ] GC(68)     Total                          Min: 0, Avg:  0.0, Max: 0, Diff: 0, Sum: 0, Workers: 4
[2181.181s][debug][gc,phases      ] GC(68) Weak Processing 0.288ms
[2181.181s][debug][gc,age         ] GC(68) Desired survivor size 93323264 bytes, new threshold 15 (max threshold 15)
[2181.181s][info ][gc,heap        ] GC(68) PSYoungGen: 1917862K(2001408K)->16582K(1996800K) Eden: 1901056K(1901056K)->0K(1901056K) From: 16806K(100352K)->16582K(95744K)
[2181.181s][info ][gc,heap        ] GC(68) ParOldGen: 462221K(553472K)->462221K(553472K)
[2181.181s][info ][gc,metaspace   ] GC(68) Metaspace: 79818K(80768K)->79818K(80768K) NonClass: 68572K(69056K)->68572K(69056K) Class: 11245K(11712K)->11245K(11712K)
[2181.181s][info ][gc             ] GC(68) Pause Young (Allocation Failure) 2324M->467M(2490M) 6.860ms
[2181.181s][info ][gc,cpu         ] GC(68) User=0.02s Sys=0.00s Real=0.01s
[2181.181s][info ][safepoint      ] Safepoint "ParallelGCFailedAllocation", Time since last: 169667287 ns, Reaching safepoint: 35501 ns, At safepoint: 6928981 ns, Total: 6964482 ns
[2183.182s][info ][safepoint      ] Safepoint "Cleanup", Time since last: 2000139418 ns, Reaching safepoint: 47701 ns, At safepoint: 6900 ns, Total: 54601 ns
[2189.182s][info ][safepoint      ] Safepoint "Cleanup", Time since last: 6000420413 ns, Reaching safepoint: 34400 ns, At safepoint: 3000 ns, Total: 37400 ns
[2248.186s][info ][safepoint      ] Safepoint "Cleanup", Time since last: 59003560684 ns, Reaching safepoint: 48301 ns, At safepoint: 4000 ns, Total: 52301 ns
[2248.980s][info ][gc,start       ] GC(69) Pause Young (Allocation Failure)
[2248.986s][debug][gc,phases      ] GC(69) Scavenge 5.720ms
[2248.986s][debug][gc,ref         ] GC(69) Skipped phase 1 of Reference Processing: no references
[2248.986s][debug][gc,ref         ] GC(69) ReferenceProcessor::execute queues: 1, RefProcThreadModel::Single, marks_oops_alive: false
[2248.986s][debug][gc,ref         ] GC(69) Skipped phase 3 of Reference Processing: no references
[2248.986s][debug][gc,ref         ] GC(69) ReferenceProcessor::execute queues: 1, RefProcThreadModel::Single, marks_oops_alive: false
[2248.986s][debug][gc,phases      ] GC(69) Reference Processing 0.101ms
[2248.986s][debug][gc,phases      ] GC(69)   VM Weak                        Min:  0.0, Avg:  0.0, Max:  0.0, Diff:  0.0, Sum:  0.0, Workers: 4
[2248.986s][debug][gc,phases      ] GC(69)     Dead                           Min: 0, Avg:  0.0, Max: 0, Diff: 0, Sum: 0, Workers: 4
[2248.986s][debug][gc,phases      ] GC(69)     Total                          Min: 0, Avg: 189.8, Max: 631, Diff: 631, Sum: 759, Workers: 4
[2248.986s][debug][gc,phases      ] GC(69)   ObjectSynchronizer Weak        Min:  0.0, Avg:  0.0, Max:  0.0, Diff:  0.0, Sum:  0.0, Workers: 4
[2248.986s][debug][gc,phases      ] GC(69)     Dead                           Min: 0, Avg:  0.0, Max: 0, Diff: 0, Sum: 0, Workers: 4
[2248.986s][debug][gc,phases      ] GC(69)     Total                          Min: 0, Avg: 15.0, Max: 60, Diff: 60, Sum: 60, Workers: 4
[2248.986s][debug][gc,phases      ] GC(69)   JVMTI Tag Weak OopStorage      Min:  0.0, Avg:  0.0, Max:  0.0, Diff:  0.0, Sum:  0.0, Workers: 4
[2248.987s][debug][gc,phases      ] GC(69)     Dead                           Min: 0, Avg:  0.0, Max: 0, Diff: 0, Sum: 0, Workers: 4
[2248.987s][debug][gc,phases      ] GC(69)     Total                          Min: 0, Avg:  0.0, Max: 0, Diff: 0, Sum: 0, Workers: 4
[2248.987s][debug][gc,phases      ] GC(69)   StringTable Weak               Min:  0.1, Avg:  0.1, Max:  0.1, Diff:  0.0, Sum:  0.4, Workers: 4
[2248.987s][debug][gc,phases      ] GC(69)     Dead                           Min: 0, Avg:  0.0, Max: 0, Diff: 0, Sum: 0, Workers: 4
[2248.987s][debug][gc,phases      ] GC(69)     Total                          Min: 10176, Avg: 10717.2, Max: 11127, Diff: 951, Sum: 42869, Workers: 4
[2248.987s][debug][gc,phases      ] GC(69)   ResolvedMethodTable Weak       Min:  0.0, Avg:  0.0, Max:  0.0, Diff:  0.0, Sum:  0.1, Workers: 4
[2248.987s][debug][gc,phases      ] GC(69)     Dead                           Min: 0, Avg:  0.0, Max: 0, Diff: 0, Sum: 0, Workers: 4
[2248.987s][debug][gc,phases      ] GC(69)     Total                          Min: 2111, Avg: 2173.2, Max: 2240, Diff: 129, Sum: 8693, Workers: 4
[2248.987s][debug][gc,phases      ] GC(69)   JNI Weak                       Min:  0.0, Avg:  0.0, Max:  0.0, Diff:  0.0, Sum:  0.0, Workers: 4
[2248.987s][debug][gc,phases      ] GC(69)     Dead                           Min: 0, Avg:  0.0, Max: 0, Diff: 0, Sum: 0, Workers: 4
[2248.987s][debug][gc,phases      ] GC(69)     Total                          Min: 0, Avg: 11.2, Max: 45, Diff: 45, Sum: 45, Workers: 4
[2248.987s][debug][gc,phases      ] GC(69)   StringDedup Table Weak         Min:  0.0, Avg:  0.0, Max:  0.0, Diff:  0.0, Sum:  0.0, Workers: 4
[2248.987s][debug][gc,phases      ] GC(69)     Dead                           Min: 0, Avg:  0.0, Max: 0, Diff: 0, Sum: 0, Workers: 4
[2248.987s][debug][gc,phases      ] GC(69)     Total                          Min: 0, Avg:  0.0, Max: 0, Diff: 0, Sum: 0, Workers: 4
[2248.987s][debug][gc,phases      ] GC(69)   StringDedup Requests0 Weak     Min:  0.0, Avg:  0.0, Max:  0.0, Diff:  0.0, Sum:  0.0, Workers: 4
[2248.987s][debug][gc,phases      ] GC(69)     Dead                           Min: 0, Avg:  0.0, Max: 0, Diff: 0, Sum: 0, Workers: 4
[2248.987s][debug][gc,phases      ] GC(69)     Total                          Min: 0, Avg:  0.0, Max: 0, Diff: 0, Sum: 0, Workers: 4
[2248.987s][debug][gc,phases      ] GC(69)   StringDedup Requests1 Weak     Min:  0.0, Avg:  0.0, Max:  0.0, Diff:  0.0, Sum:  0.0, Workers: 4
[2248.987s][debug][gc,phases      ] GC(69)     Dead                           Min: 0, Avg:  0.0, Max: 0, Diff: 0, Sum: 0, Workers: 4
[2248.987s][debug][gc,phases      ] GC(69)     Total                          Min: 0, Avg:  0.0, Max: 0, Diff: 0, Sum: 0, Workers: 4
[2248.987s][debug][gc,phases      ] GC(69)   Weak JFR Old Object Samples    Min:  0.0, Avg:  0.0, Max:  0.0, Diff:  0.0, Sum:  0.0, Workers: 4
[2248.987s][debug][gc,phases      ] GC(69)     Dead                           Min: 0, Avg:  0.0, Max: 0, Diff: 0, Sum: 0, Workers: 4
[2248.987s][debug][gc,phases      ] GC(69)     Total                          Min: 0, Avg:  0.0, Max: 0, Diff: 0, Sum: 0, Workers: 4
[2248.987s][debug][gc,phases      ] GC(69) Weak Processing 0.286ms
[2248.987s][debug][gc,age         ] GC(69) Desired survivor size 89128960 bytes, new threshold 15 (max threshold 15)
[2248.987s][info ][gc,heap        ] GC(69) PSYoungGen: 1917638K(1996800K)->16902K(2010112K) Eden: 1901056K(1901056K)->0K(1918976K) From: 16582K(95744K)->16902K(91136K)
[2248.987s][info ][gc,heap        ] GC(69) ParOldGen: 462221K(553472K)->462221K(553472K)
[2248.987s][info ][gc,metaspace   ] GC(69) Metaspace: 79826K(80832K)->79826K(80832K) NonClass: 68580K(69120K)->68580K(69120K) Class: 11245K(11712K)->11245K(11712K)
[2248.987s][info ][gc             ] GC(69) Pause Young (Allocation Failure) 2324M->467M(2503M) 6.205ms
[2248.987s][info ][gc,cpu         ] GC(69) User=0.02s Sys=0.00s Real=0.00s
[2248.987s][info ][safepoint      ] Safepoint "ParallelGCFailedAllocation", Time since last: 794600607 ns, Reaching safepoint: 32501 ns, At safepoint: 6268471 ns, Total: 6300972 ns
[2250.631s][info ][safepoint      ] Safepoint "Cleanup", Time since last: 1644254227 ns, Reaching safepoint: 109801 ns, At safepoint: 10401 ns, Total: 120202 ns
[2251.631s][info ][safepoint      ] Safepoint "Cleanup", Time since last: 1000113223 ns, Reaching safepoint: 64501 ns, At safepoint: 4700 ns, Total: 69201 ns
[2256.632s][info ][safepoint      ] Safepoint "Cleanup", Time since last: 5000367736 ns, Reaching safepoint: 36401 ns, At safepoint: 2800 ns, Total: 39201 ns
[2262.632s][info ][safepoint      ] Safepoint "Cleanup", Time since last: 6000427073 ns, Reaching safepoint: 29600 ns, At safepoint: 2400 ns, Total: 32000 ns
[2271.633s][info ][safepoint      ] Safepoint "Cleanup", Time since last: 9000600364 ns, Reaching safepoint: 49201 ns, At safepoint: 8400 ns, Total: 57601 ns
[2275.633s][info ][safepoint      ] Safepoint "Cleanup", Time since last: 4000291031 ns, Reaching safepoint: 128601 ns, At safepoint: 6400 ns, Total: 135001 ns
[2276.696s][info ][safepoint      ] Safepoint "Cleanup", Time since last: 1063024600 ns, Reaching safepoint: 58101 ns, At safepoint: 2400 ns, Total: 60501 ns
[2277.696s][info ][safepoint      ] Safepoint "Cleanup", Time since last: 1000102790 ns, Reaching safepoint: 37300 ns, At safepoint: 2400 ns, Total: 39700 ns
[2278.697s][info ][safepoint      ] Safepoint "Cleanup", Time since last: 1000125986 ns, Reaching safepoint: 114001 ns, At safepoint: 4000 ns, Total: 118001 ns
[2279.838s][info ][safepoint      ] Safepoint "Cleanup", Time since last: 1140825853 ns, Reaching safepoint: 137502 ns, At safepoint: 5800 ns, Total: 143302 ns
[2280.838s][info ][safepoint      ] Safepoint "Cleanup", Time since last: 1000110975 ns, Reaching safepoint: 130701 ns, At safepoint: 7000 ns, Total: 137701 ns
[2281.838s][info ][safepoint      ] Safepoint "Cleanup", Time since last: 1000121570 ns, Reaching safepoint: 141502 ns, At safepoint: 8300 ns, Total: 149802 ns
[2282.838s][info ][safepoint      ] Safepoint "Cleanup", Time since last: 1000116565 ns, Reaching safepoint: 39300 ns, At safepoint: 3100 ns, Total: 42400 ns
[2283.838s][info ][safepoint      ] Safepoint "Cleanup", Time since last: 1000102760 ns, Reaching safepoint: 53201 ns, At safepoint: 2700 ns, Total: 55901 ns
[2284.839s][info ][safepoint      ] Safepoint "Cleanup", Time since last: 1000101055 ns, Reaching safepoint: 51200 ns, At safepoint: 8600 ns, Total: 59800 ns
[2285.839s][info ][safepoint      ] Safepoint "Cleanup", Time since last: 1000108251 ns, Reaching safepoint: 47000 ns, At safepoint: 2300 ns, Total: 49300 ns
[2286.690s][info ][gc,start       ] GC(70) Pause Young (Allocation Failure)
[2286.707s][debug][gc,phases      ] GC(70) Scavenge 16.687ms
[2286.707s][debug][gc,ref         ] GC(70) Skipped phase 1 of Reference Processing: no references
[2286.707s][debug][gc,ref         ] GC(70) ReferenceProcessor::execute queues: 1, RefProcThreadModel::Single, marks_oops_alive: false
[2286.707s][debug][gc,ref         ] GC(70) Skipped phase 3 of Reference Processing: no references
[2286.707s][debug][gc,ref         ] GC(70) ReferenceProcessor::execute queues: 1, RefProcThreadModel::Single, marks_oops_alive: false
[2286.707s][debug][gc,phases      ] GC(70) Reference Processing 0.127ms
[2286.707s][debug][gc,phases      ] GC(70)   VM Weak                        Min:  0.0, Avg:  0.0, Max:  0.0, Diff:  0.0, Sum:  0.0, Workers: 4
[2286.707s][debug][gc,phases      ] GC(70)     Dead                           Min: 0, Avg:  0.0, Max: 0, Diff: 0, Sum: 0, Workers: 4
[2286.707s][debug][gc,phases      ] GC(70)     Total                          Min: 0, Avg: 192.0, Max: 640, Diff: 640, Sum: 768, Workers: 4
[2286.707s][debug][gc,phases      ] GC(70)   ObjectSynchronizer Weak        Min:  0.0, Avg:  0.0, Max:  0.0, Diff:  0.0, Sum:  0.0, Workers: 4
[2286.707s][debug][gc,phases      ] GC(70)     Dead                           Min: 0, Avg:  0.0, Max: 0, Diff: 0, Sum: 0, Workers: 4
[2286.707s][debug][gc,phases      ] GC(70)     Total                          Min: 0, Avg: 15.0, Max: 60, Diff: 60, Sum: 60, Workers: 4
[2286.707s][debug][gc,phases      ] GC(70)   JVMTI Tag Weak OopStorage      Min:  0.0, Avg:  0.0, Max:  0.0, Diff:  0.0, Sum:  0.0, Workers: 4
[2286.707s][debug][gc,phases      ] GC(70)     Dead                           Min: 0, Avg:  0.0, Max: 0, Diff: 0, Sum: 0, Workers: 4
[2286.707s][debug][gc,phases      ] GC(70)     Total                          Min: 0, Avg:  0.0, Max: 0, Diff: 0, Sum: 0, Workers: 4
[2286.707s][debug][gc,phases      ] GC(70)   StringTable Weak               Min:  0.0, Avg:  0.1, Max:  0.1, Diff:  0.1, Sum:  0.4, Workers: 4
[2286.707s][debug][gc,phases      ] GC(70)     Dead                           Min: 0, Avg:  0.0, Max: 0, Diff: 0, Sum: 0, Workers: 4
[2286.707s][debug][gc,phases      ] GC(70)     Total                          Min: 0, Avg: 10719.2, Max: 14975, Diff: 14975, Sum: 42877, Workers: 4
[2286.707s][debug][gc,phases      ] GC(70)   ResolvedMethodTable Weak       Min:  0.0, Avg:  0.0, Max:  0.0, Diff:  0.0, Sum:  0.1, Workers: 4
[2286.707s][debug][gc,phases      ] GC(70)     Dead                           Min: 0, Avg:  0.0, Max: 0, Diff: 0, Sum: 0, Workers: 4
[2286.707s][debug][gc,phases      ] GC(70)     Total                          Min: 0, Avg: 2181.0, Max: 3200, Diff: 3200, Sum: 8724, Workers: 4
[2286.707s][debug][gc,phases      ] GC(70)   JNI Weak                       Min:  0.0, Avg:  0.0, Max:  0.0, Diff:  0.0, Sum:  0.0, Workers: 4
[2286.707s][debug][gc,phases      ] GC(70)     Dead                           Min: 0, Avg:  0.0, Max: 0, Diff: 0, Sum: 0, Workers: 4
[2286.707s][debug][gc,phases      ] GC(70)     Total                          Min: 0, Avg: 11.2, Max: 45, Diff: 45, Sum: 45, Workers: 4
[2286.707s][debug][gc,phases      ] GC(70)   StringDedup Table Weak         Min:  0.0, Avg:  0.0, Max:  0.0, Diff:  0.0, Sum:  0.0, Workers: 4
[2286.707s][debug][gc,phases      ] GC(70)     Dead                           Min: 0, Avg:  0.0, Max: 0, Diff: 0, Sum: 0, Workers: 4
[2286.707s][debug][gc,phases      ] GC(70)     Total                          Min: 0, Avg:  0.0, Max: 0, Diff: 0, Sum: 0, Workers: 4
[2286.707s][debug][gc,phases      ] GC(70)   StringDedup Requests0 Weak     Min:  0.0, Avg:  0.0, Max:  0.0, Diff:  0.0, Sum:  0.0, Workers: 4
[2286.707s][debug][gc,phases      ] GC(70)     Dead                           Min: 0, Avg:  0.0, Max: 0, Diff: 0, Sum: 0, Workers: 4
[2286.707s][debug][gc,phases      ] GC(70)     Total                          Min: 0, Avg:  0.0, Max: 0, Diff: 0, Sum: 0, Workers: 4
[2286.707s][debug][gc,phases      ] GC(70)   StringDedup Requests1 Weak     Min:  0.0, Avg:  0.0, Max:  0.0, Diff:  0.0, Sum:  0.0, Workers: 4
[2286.707s][debug][gc,phases      ] GC(70)     Dead                           Min: 0, Avg:  0.0, Max: 0, Diff: 0, Sum: 0, Workers: 4
[2286.707s][debug][gc,phases      ] GC(70)     Total                          Min: 0, Avg:  0.0, Max: 0, Diff: 0, Sum: 0, Workers: 4
[2286.707s][debug][gc,phases      ] GC(70)   Weak JFR Old Object Samples    Min:  0.0, Avg:  0.0, Max:  0.0, Diff:  0.0, Sum:  0.0, Workers: 4
[2286.707s][debug][gc,phases      ] GC(70)     Dead                           Min: 0, Avg:  0.0, Max: 0, Diff: 0, Sum: 0, Workers: 4
[2286.707s][debug][gc,phases      ] GC(70)     Total                          Min: 0, Avg:  0.0, Max: 0, Diff: 0, Sum: 0, Workers: 4
[2286.707s][debug][gc,phases      ] GC(70) Weak Processing 0.338ms
[2286.707s][debug][gc,age         ] GC(70) Desired survivor size 87031808 bytes, new threshold 15 (max threshold 15)
[2286.707s][info ][gc,heap        ] GC(70) PSYoungGen: 1935878K(2010112K)->38559K(2006016K) Eden: 1918976K(1918976K)->0K(1918976K) From: 16902K(91136K)->38559K(87040K)
[2286.707s][info ][gc,heap        ] GC(70) ParOldGen: 462221K(553472K)->462221K(553472K)
[2286.707s][info ][gc,metaspace   ] GC(70) Metaspace: 79870K(80832K)->79870K(80832K) NonClass: 68615K(69120K)->68615K(69120K) Class: 11254K(11712K)->11254K(11712K)
[2286.707s][info ][gc             ] GC(70) Pause Young (Allocation Failure) 2341M->489M(2499M) 17.269ms
[2286.707s][info ][gc,cpu         ] GC(70) User=0.06s Sys=0.00s Real=0.02s
[2286.707s][info ][safepoint      ] Safepoint "ParallelGCFailedAllocation", Time since last: 850956183 ns, Reaching safepoint: 101302 ns, At safepoint: 17339493 ns, Total: 17440795 ns
[2288.707s][info ][safepoint      ] Safepoint "Cleanup", Time since last: 2000147776 ns, Reaching safepoint: 45801 ns, At safepoint: 4200 ns, Total: 50001 ns
[2291.708s][info ][safepoint      ] Safepoint "Cleanup", Time since last: 3000240478 ns, Reaching safepoint: 44300 ns, At safepoint: 2601 ns, Total: 46901 ns
[2292.708s][info ][safepoint      ] Safepoint "Cleanup", Time since last: 1000118716 ns, Reaching safepoint: 67601 ns, At safepoint: 9100 ns, Total: 76701 ns
[2293.708s][info ][safepoint      ] Safepoint "Cleanup", Time since last: 1000121612 ns, Reaching safepoint: 41101 ns, At safepoint: 2600 ns, Total: 43701 ns
[2297.708s][info ][safepoint      ] Safepoint "Cleanup", Time since last: 4000327598 ns, Reaching safepoint: 40001 ns, At safepoint: 2400 ns, Total: 42401 ns
[2303.709s][info ][safepoint      ] Safepoint "Cleanup", Time since last: 6000437153 ns, Reaching safepoint: 41501 ns, At safepoint: 4200 ns, Total: 45701 ns
[2307.709s][info ][safepoint      ] Safepoint "Cleanup", Time since last: 4000317308 ns, Reaching safepoint: 34901 ns, At safepoint: 2800 ns, Total: 37701 ns
[2308.709s][info ][safepoint      ] Safepoint "Cleanup", Time since last: 1000075440 ns, Reaching safepoint: 37300 ns, At safepoint: 2900 ns, Total: 40200 ns
[2309.709s][info ][safepoint      ] Safepoint "Cleanup", Time since last: 1000104136 ns, Reaching safepoint: 43101 ns, At safepoint: 4000 ns, Total: 47101 ns
[2312.710s][info ][safepoint      ] Safepoint "Cleanup", Time since last: 3000245079 ns, Reaching safepoint: 61200 ns, At safepoint: 3600 ns, Total: 64800 ns
[2313.710s][info ][safepoint      ] Safepoint "Cleanup", Time since last: 1000112718 ns, Reaching safepoint: 36500 ns, At safepoint: 2800 ns, Total: 39300 ns
[2314.710s][info ][safepoint      ] Safepoint "Cleanup", Time since last: 1000121413 ns, Reaching safepoint: 43901 ns, At safepoint: 3000 ns, Total: 46901 ns
[2318.436s][info ][gc,start       ] GC(71) Pause Young (Allocation Failure)
[2318.448s][debug][gc,phases      ] GC(71) Scavenge 11.436ms
[2318.448s][debug][gc,ref         ] GC(71) Skipped phase 1 of Reference Processing: no references
[2318.448s][debug][gc,ref         ] GC(71) ReferenceProcessor::execute queues: 1, RefProcThreadModel::Single, marks_oops_alive: false
[2318.448s][debug][gc,ref         ] GC(71) Skipped phase 3 of Reference Processing: no references
[2318.448s][debug][gc,ref         ] GC(71) ReferenceProcessor::execute queues: 1, RefProcThreadModel::Single, marks_oops_alive: false
[2318.448s][debug][gc,phases      ] GC(71) Reference Processing 0.092ms
[2318.448s][debug][gc,phases      ] GC(71)   VM Weak                        Min:  0.0, Avg:  0.0, Max:  0.0, Diff:  0.0, Sum:  0.0, Workers: 4
[2318.448s][debug][gc,phases      ] GC(71)     Dead                           Min: 0, Avg:  0.0, Max: 0, Diff: 0, Sum: 0, Workers: 4
[2318.448s][debug][gc,phases      ] GC(71)     Total                          Min: 0, Avg: 192.5, Max: 578, Diff: 578, Sum: 770, Workers: 4
[2318.448s][debug][gc,phases      ] GC(71)   ObjectSynchronizer Weak        Min:  0.0, Avg:  0.0, Max:  0.0, Diff:  0.0, Sum:  0.0, Workers: 4
[2318.448s][debug][gc,phases      ] GC(71)     Dead                           Min: 0, Avg:  0.0, Max: 0, Diff: 0, Sum: 0, Workers: 4
[2318.448s][debug][gc,phases      ] GC(71)     Total                          Min: 0, Avg: 15.0, Max: 60, Diff: 60, Sum: 60, Workers: 4
[2318.448s][debug][gc,phases      ] GC(71)   JVMTI Tag Weak OopStorage      Min:  0.0, Avg:  0.0, Max:  0.0, Diff:  0.0, Sum:  0.0, Workers: 4
[2318.448s][debug][gc,phases      ] GC(71)     Dead                           Min: 0, Avg:  0.0, Max: 0, Diff: 0, Sum: 0, Workers: 4
[2318.448s][debug][gc,phases      ] GC(71)     Total                          Min: 0, Avg:  0.0, Max: 0, Diff: 0, Sum: 0, Workers: 4
[2318.448s][debug][gc,phases      ] GC(71)   StringTable Weak               Min:  0.0, Avg:  0.1, Max:  0.1, Diff:  0.1, Sum:  0.4, Workers: 4
[2318.448s][debug][gc,phases      ] GC(71)     Dead                           Min: 0, Avg:  0.0, Max: 0, Diff: 0, Sum: 0, Workers: 4
[2318.448s][debug][gc,phases      ] GC(71)     Total                          Min: 0, Avg: 10720.8, Max: 14656, Diff: 14656, Sum: 42883, Workers: 4
[2318.448s][debug][gc,phases      ] GC(71)   ResolvedMethodTable Weak       Min:  0.0, Avg:  0.0, Max:  0.0, Diff:  0.0, Sum:  0.1, Workers: 4
[2318.448s][debug][gc,phases      ] GC(71)     Dead                           Min: 0, Avg:  0.0, Max: 0, Diff: 0, Sum: 0, Workers: 4
[2318.448s][debug][gc,phases      ] GC(71)     Total                          Min: 0, Avg: 2183.5, Max: 3008, Diff: 3008, Sum: 8734, Workers: 4
[2318.448s][debug][gc,phases      ] GC(71)   JNI Weak                       Min:  0.0, Avg:  0.0, Max:  0.0, Diff:  0.0, Sum:  0.0, Workers: 4
[2318.448s][debug][gc,phases      ] GC(71)     Dead                           Min: 0, Avg:  0.0, Max: 0, Diff: 0, Sum: 0, Workers: 4
[2318.448s][debug][gc,phases      ] GC(71)     Total                          Min: 0, Avg: 11.2, Max: 45, Diff: 45, Sum: 45, Workers: 4
[2318.448s][debug][gc,phases      ] GC(71)   StringDedup Table Weak         Min:  0.0, Avg:  0.0, Max:  0.0, Diff:  0.0, Sum:  0.0, Workers: 4
[2318.448s][debug][gc,phases      ] GC(71)     Dead                           Min: 0, Avg:  0.0, Max: 0, Diff: 0, Sum: 0, Workers: 4
[2318.448s][debug][gc,phases      ] GC(71)     Total                          Min: 0, Avg:  0.0, Max: 0, Diff: 0, Sum: 0, Workers: 4
[2318.448s][debug][gc,phases      ] GC(71)   StringDedup Requests0 Weak     Min:  0.0, Avg:  0.0, Max:  0.0, Diff:  0.0, Sum:  0.0, Workers: 4
[2318.448s][debug][gc,phases      ] GC(71)     Dead                           Min: 0, Avg:  0.0, Max: 0, Diff: 0, Sum: 0, Workers: 4
[2318.448s][debug][gc,phases      ] GC(71)     Total                          Min: 0, Avg:  0.0, Max: 0, Diff: 0, Sum: 0, Workers: 4
[2318.448s][debug][gc,phases      ] GC(71)   StringDedup Requests1 Weak     Min:  0.0, Avg:  0.0, Max:  0.0, Diff:  0.0, Sum:  0.0, Workers: 4
[2318.448s][debug][gc,phases      ] GC(71)     Dead                           Min: 0, Avg:  0.0, Max: 0, Diff: 0, Sum: 0, Workers: 4
[2318.448s][debug][gc,phases      ] GC(71)     Total                          Min: 0, Avg:  0.0, Max: 0, Diff: 0, Sum: 0, Workers: 4
[2318.448s][debug][gc,phases      ] GC(71)   Weak JFR Old Object Samples    Min:  0.0, Avg:  0.0, Max:  0.0, Diff:  0.0, Sum:  0.0, Workers: 4
[2318.448s][debug][gc,phases      ] GC(71)     Dead                           Min: 0, Avg:  0.0, Max: 0, Diff: 0, Sum: 0, Workers: 4
[2318.448s][debug][gc,phases      ] GC(71)     Total                          Min: 0, Avg:  0.0, Max: 0, Diff: 0, Sum: 0, Workers: 4
[2318.448s][debug][gc,phases      ] GC(71) Weak Processing 0.323ms
[2318.448s][debug][gc,age         ] GC(71) Desired survivor size 85458944 bytes, new threshold 15 (max threshold 15)
[2318.448s][info ][gc,heap        ] GC(71) PSYoungGen: 1957535K(2006016K)->39078K(2013696K) Eden: 1918976K(1918976K)->0K(1928704K) From: 38559K(87040K)->39078K(84992K)
[2318.448s][info ][gc,heap        ] GC(71) ParOldGen: 462221K(553472K)->462221K(553472K)
[2318.448s][info ][gc,metaspace   ] GC(71) Metaspace: 79899K(80896K)->79899K(80896K) NonClass: 68639K(69184K)->68639K(69184K) Class: 11259K(11712K)->11259K(11712K)
[2318.448s][info ][gc             ] GC(71) Pause Young (Allocation Failure) 2363M->489M(2507M) 11.967ms
[2318.448s][info ][gc,cpu         ] GC(71) User=0.03s Sys=0.00s Real=0.01s
[2318.448s][info ][safepoint      ] Safepoint "ParallelGCFailedAllocation", Time since last: 3726163090 ns, Reaching safepoint: 30400 ns, At safepoint: 12041732 ns, Total: 12072132 ns
[2319.448s][info ][safepoint      ] Safepoint "Cleanup", Time since last: 1000083391 ns, Reaching safepoint: 47000 ns, At safepoint: 2900 ns, Total: 49900 ns
[2320.449s][info ][safepoint      ] Safepoint "Cleanup", Time since last: 1000119187 ns, Reaching safepoint: 44300 ns, At safepoint: 4000 ns, Total: 48300 ns
[2321.449s][info ][safepoint      ] Safepoint "Cleanup", Time since last: 1000119182 ns, Reaching safepoint: 34101 ns, At safepoint: 3400 ns, Total: 37501 ns
[2324.449s][info ][safepoint      ] Safepoint "Cleanup", Time since last: 3000231817 ns, Reaching safepoint: 42700 ns, At safepoint: 3000 ns, Total: 45700 ns
[2325.449s][info ][safepoint      ] Safepoint "Cleanup", Time since last: 1000113664 ns, Reaching safepoint: 45100 ns, At safepoint: 26400 ns, Total: 71500 ns
[2328.450s][info ][safepoint      ] Safepoint "Cleanup", Time since last: 3000218663 ns, Reaching safepoint: 34300 ns, At safepoint: 3400 ns, Total: 37700 ns
[2329.450s][info ][safepoint      ] Safepoint "Cleanup", Time since last: 1000100046 ns, Reaching safepoint: 43700 ns, At safepoint: 4200 ns, Total: 47900 ns
[2331.450s][info ][safepoint      ] Safepoint "Cleanup", Time since last: 2000186577 ns, Reaching safepoint: 40101 ns, At safepoint: 2900 ns, Total: 43001 ns
[2333.450s][info ][safepoint      ] Safepoint "Cleanup", Time since last: 2000195559 ns, Reaching safepoint: 40100 ns, At safepoint: 3200 ns, Total: 43300 ns
[2334.450s][info ][safepoint      ] Safepoint "Cleanup", Time since last: 1000112724 ns, Reaching safepoint: 37200 ns, At safepoint: 3500 ns, Total: 40700 ns
[2336.451s][info ][safepoint      ] Safepoint "Cleanup", Time since last: 2000168132 ns, Reaching safepoint: 43601 ns, At safepoint: 3000 ns, Total: 46601 ns
[2337.451s][info ][safepoint      ] Safepoint "Cleanup", Time since last: 1000059709 ns, Reaching safepoint: 45101 ns, At safepoint: 5100 ns, Total: 50201 ns
[2339.451s][info ][safepoint      ] Safepoint "Cleanup", Time since last: 2000167306 ns, Reaching safepoint: 42500 ns, At safepoint: 3000 ns, Total: 45500 ns
[2347.451s][info ][safepoint      ] Safepoint "Cleanup", Time since last: 8000563646 ns, Reaching safepoint: 56101 ns, At safepoint: 2900 ns, Total: 59001 ns
[2350.797s][info ][gc,start       ] GC(72) Pause Young (Allocation Failure)
[2350.811s][debug][gc,phases      ] GC(72) Scavenge 13.846ms
[2350.811s][debug][gc,ref         ] GC(72) Skipped phase 1 of Reference Processing: no references
[2350.811s][debug][gc,ref         ] GC(72) ReferenceProcessor::execute queues: 1, RefProcThreadModel::Single, marks_oops_alive: false
[2350.811s][debug][gc,ref         ] GC(72) Skipped phase 3 of Reference Processing: no references
[2350.811s][debug][gc,ref         ] GC(72) ReferenceProcessor::execute queues: 1, RefProcThreadModel::Single, marks_oops_alive: false
[2350.811s][debug][gc,phases      ] GC(72) Reference Processing 0.094ms
[2350.811s][debug][gc,phases      ] GC(72)   VM Weak                        Min:  0.0, Avg:  0.0, Max:  0.0, Diff:  0.0, Sum:  0.0, Workers: 4
[2350.811s][debug][gc,phases      ] GC(72)     Dead                           Min: 0, Avg:  0.0, Max: 0, Diff: 0, Sum: 0, Workers: 4
[2350.811s][debug][gc,phases      ] GC(72)     Total                          Min: 0, Avg: 193.5, Max: 512, Diff: 512, Sum: 774, Workers: 4
[2350.811s][debug][gc,phases      ] GC(72)   ObjectSynchronizer Weak        Min:  0.0, Avg:  0.0, Max:  0.0, Diff:  0.0, Sum:  0.0, Workers: 4
[2350.811s][debug][gc,phases      ] GC(72)     Dead                           Min: 0, Avg:  0.0, Max: 0, Diff: 0, Sum: 0, Workers: 4
[2350.811s][debug][gc,phases      ] GC(72)     Total                          Min: 0, Avg: 15.0, Max: 60, Diff: 60, Sum: 60, Workers: 4
[2350.811s][debug][gc,phases      ] GC(72)   JVMTI Tag Weak OopStorage      Min:  0.0, Avg:  0.0, Max:  0.0, Diff:  0.0, Sum:  0.0, Workers: 4
[2350.811s][debug][gc,phases      ] GC(72)     Dead                           Min: 0, Avg:  0.0, Max: 0, Diff: 0, Sum: 0, Workers: 4
[2350.811s][debug][gc,phases      ] GC(72)     Total                          Min: 0, Avg:  0.0, Max: 0, Diff: 0, Sum: 0, Workers: 4
[2350.811s][debug][gc,phases      ] GC(72)   StringTable Weak               Min:  0.0, Avg:  0.1, Max:  0.1, Diff:  0.1, Sum:  0.4, Workers: 4
[2350.811s][debug][gc,phases      ] GC(72)     Dead                           Min: 0, Avg:  0.0, Max: 0, Diff: 0, Sum: 0, Workers: 4
[2350.811s][debug][gc,phases      ] GC(72)     Total                          Min: 0, Avg: 10721.2, Max: 14592, Diff: 14592, Sum: 42885, Workers: 4
[2350.811s][debug][gc,phases      ] GC(72)   ResolvedMethodTable Weak       Min:  0.0, Avg:  0.0, Max:  0.0, Diff:  0.0, Sum:  0.1, Workers: 4
[2350.811s][debug][gc,phases      ] GC(72)     Dead                           Min: 0, Avg:  0.0, Max: 0, Diff: 0, Sum: 0, Workers: 4
[2350.811s][debug][gc,phases      ] GC(72)     Total                          Min: 0, Avg: 2186.0, Max: 2944, Diff: 2944, Sum: 8744, Workers: 4
[2350.811s][debug][gc,phases      ] GC(72)   JNI Weak                       Min:  0.0, Avg:  0.0, Max:  0.0, Diff:  0.0, Sum:  0.0, Workers: 4
[2350.811s][debug][gc,phases      ] GC(72)     Dead                           Min: 0, Avg:  0.0, Max: 0, Diff: 0, Sum: 0, Workers: 4
[2350.811s][debug][gc,phases      ] GC(72)     Total                          Min: 0, Avg: 11.2, Max: 45, Diff: 45, Sum: 45, Workers: 4
[2350.811s][debug][gc,phases      ] GC(72)   StringDedup Table Weak         Min:  0.0, Avg:  0.0, Max:  0.0, Diff:  0.0, Sum:  0.0, Workers: 4
[2350.811s][debug][gc,phases      ] GC(72)     Dead                           Min: 0, Avg:  0.0, Max: 0, Diff: 0, Sum: 0, Workers: 4
[2350.811s][debug][gc,phases      ] GC(72)     Total                          Min: 0, Avg:  0.0, Max: 0, Diff: 0, Sum: 0, Workers: 4
[2350.811s][debug][gc,phases      ] GC(72)   StringDedup Requests0 Weak     Min:  0.0, Avg:  0.0, Max:  0.0, Diff:  0.0, Sum:  0.0, Workers: 4
[2350.811s][debug][gc,phases      ] GC(72)     Dead                           Min: 0, Avg:  0.0, Max: 0, Diff: 0, Sum: 0, Workers: 4
[2350.811s][debug][gc,phases      ] GC(72)     Total                          Min: 0, Avg:  0.0, Max: 0, Diff: 0, Sum: 0, Workers: 4
[2350.811s][debug][gc,phases      ] GC(72)   StringDedup Requests1 Weak     Min:  0.0, Avg:  0.0, Max:  0.0, Diff:  0.0, Sum:  0.0, Workers: 4
[2350.811s][debug][gc,phases      ] GC(72)     Dead                           Min: 0, Avg:  0.0, Max: 0, Diff: 0, Sum: 0, Workers: 4
[2350.811s][debug][gc,phases      ] GC(72)     Total                          Min: 0, Avg:  0.0, Max: 0, Diff: 0, Sum: 0, Workers: 4
[2350.811s][debug][gc,phases      ] GC(72)   Weak JFR Old Object Samples    Min:  0.0, Avg:  0.0, Max:  0.0, Diff:  0.0, Sum:  0.0, Workers: 4
[2350.811s][debug][gc,phases      ] GC(72)     Dead                           Min: 0, Avg:  0.0, Max: 0, Diff: 0, Sum: 0, Workers: 4
[2350.811s][debug][gc,phases      ] GC(72)     Total                          Min: 0, Avg:  0.0, Max: 0, Diff: 0, Sum: 0, Workers: 4
[2350.811s][debug][gc,phases      ] GC(72) Weak Processing 0.317ms
[2350.811s][debug][gc,age         ] GC(72) Desired survivor size 83886080 bytes, new threshold 15 (max threshold 15)
[2350.811s][info ][gc,heap        ] GC(72) PSYoungGen: 1967782K(2013696K)->39318K(2012160K) Eden: 1928704K(1928704K)->0K(1928704K) From: 39078K(84992K)->39318K(83456K)
[2350.811s][info ][gc,heap        ] GC(72) ParOldGen: 462221K(553472K)->462221K(553472K)
[2350.811s][info ][gc,metaspace   ] GC(72) Metaspace: 79941K(80896K)->79941K(80896K) NonClass: 68677K(69184K)->68677K(69184K) Class: 11263K(11712K)->11263K(11712K)
[2350.811s][info ][gc             ] GC(72) Pause Young (Allocation Failure) 2373M->489M(2505M) 14.370ms
[2350.811s][info ][gc,cpu         ] GC(72) User=0.04s Sys=0.00s Real=0.01s
[2350.811s][info ][safepoint      ] Safepoint "ParallelGCFailedAllocation", Time since last: 3345483517 ns, Reaching safepoint: 22700 ns, At safepoint: 14440357 ns, Total: 14463057 ns
[2352.812s][info ][safepoint      ] Safepoint "Cleanup", Time since last: 2000150989 ns, Reaching safepoint: 38100 ns, At safepoint: 4000 ns, Total: 42100 ns
[2353.812s][info ][safepoint      ] Safepoint "Cleanup", Time since last: 1000106439 ns, Reaching safepoint: 37100 ns, At safepoint: 2600 ns, Total: 39700 ns
[2359.812s][info ][safepoint      ] Safepoint "Cleanup", Time since last: 6000383339 ns, Reaching safepoint: 30100 ns, At safepoint: 2700 ns, Total: 32800 ns
[2366.813s][info ][safepoint      ] Safepoint "Cleanup", Time since last: 7000452969 ns, Reaching safepoint: 37301 ns, At safepoint: 2900 ns, Total: 40201 ns
[2368.813s][info ][safepoint      ] Safepoint "Cleanup", Time since last: 2000173454 ns, Reaching safepoint: 31000 ns, At safepoint: 2800 ns, Total: 33800 ns
[2372.813s][info ][safepoint      ] Safepoint "Cleanup", Time since last: 4000268458 ns, Reaching safepoint: 64600 ns, At safepoint: 7600 ns, Total: 72200 ns
[2373.813s][info ][safepoint      ] Safepoint "Cleanup", Time since last: 1000108955 ns, Reaching safepoint: 41700 ns, At safepoint: 9300 ns, Total: 51000 ns
[2374.814s][info ][safepoint      ] Safepoint "Cleanup", Time since last: 1000112351 ns, Reaching safepoint: 45800 ns, At safepoint: 2800 ns, Total: 48600 ns
[2375.814s][info ][safepoint      ] Safepoint "Cleanup", Time since last: 1000113446 ns, Reaching safepoint: 41801 ns, At safepoint: 3500 ns, Total: 45301 ns
[2376.814s][info ][safepoint      ] Safepoint "Cleanup", Time since last: 1000120842 ns, Reaching safepoint: 41001 ns, At safepoint: 2800 ns, Total: 43801 ns
[2377.814s][info ][safepoint      ] Safepoint "Cleanup", Time since last: 1000111238 ns, Reaching safepoint: 40100 ns, At safepoint: 2800 ns, Total: 42900 ns
[2381.814s][info ][safepoint      ] Safepoint "Cleanup", Time since last: 4000273810 ns, Reaching safepoint: 51600 ns, At safepoint: 2700 ns, Total: 54300 ns
[2382.814s][info ][safepoint      ] Safepoint "Cleanup", Time since last: 1000113318 ns, Reaching safepoint: 43100 ns, At safepoint: 4800 ns, Total: 47900 ns
[2382.979s][info ][gc,start       ] GC(73) Pause Young (Allocation Failure)
[2382.990s][debug][gc,phases      ] GC(73) Scavenge 10.355ms
[2382.990s][debug][gc,ref         ] GC(73) Skipped phase 1 of Reference Processing: no references
[2382.990s][debug][gc,ref         ] GC(73) ReferenceProcessor::execute queues: 1, RefProcThreadModel::Single, marks_oops_alive: false
[2382.990s][debug][gc,ref         ] GC(73) Skipped phase 3 of Reference Processing: no references
[2382.990s][debug][gc,ref         ] GC(73) ReferenceProcessor::execute queues: 1, RefProcThreadModel::Single, marks_oops_alive: false
[2382.990s][debug][gc,phases      ] GC(73) Reference Processing 0.106ms
[2382.990s][debug][gc,phases      ] GC(73)   VM Weak                        Min:  0.0, Avg:  0.0, Max:  0.0, Diff:  0.0, Sum:  0.0, Workers: 4
[2382.990s][debug][gc,phases      ] GC(73)     Dead                           Min: 0, Avg:  0.0, Max: 0, Diff: 0, Sum: 0, Workers: 4
[2382.990s][debug][gc,phases      ] GC(73)     Total                          Min: 0, Avg: 193.5, Max: 582, Diff: 582, Sum: 774, Workers: 4
[2382.990s][debug][gc,phases      ] GC(73)   ObjectSynchronizer Weak        Min:  0.0, Avg:  0.0, Max:  0.0, Diff:  0.0, Sum:  0.0, Workers: 4
[2382.990s][debug][gc,phases      ] GC(73)     Dead                           Min: 0, Avg:  0.0, Max: 0, Diff: 0, Sum: 0, Workers: 4
[2382.990s][debug][gc,phases      ] GC(73)     Total                          Min: 0, Avg: 15.0, Max: 60, Diff: 60, Sum: 60, Workers: 4
[2382.990s][debug][gc,phases      ] GC(73)   JVMTI Tag Weak OopStorage      Min:  0.0, Avg:  0.0, Max:  0.0, Diff:  0.0, Sum:  0.0, Workers: 4
[2382.990s][debug][gc,phases      ] GC(73)     Dead                           Min: 0, Avg:  0.0, Max: 0, Diff: 0, Sum: 0, Workers: 4
[2382.990s][debug][gc,phases      ] GC(73)     Total                          Min: 0, Avg:  0.0, Max: 0, Diff: 0, Sum: 0, Workers: 4
[2382.990s][debug][gc,phases      ] GC(73)   StringTable Weak               Min:  0.0, Avg:  0.1, Max:  0.1, Diff:  0.1, Sum:  0.3, Workers: 4
[2382.990s][debug][gc,phases      ] GC(73)     Dead                           Min: 0, Avg:  0.0, Max: 0, Diff: 0, Sum: 0, Workers: 4
[2382.990s][debug][gc,phases      ] GC(73)     Total                          Min: 0, Avg: 10722.5, Max: 19082, Diff: 19082, Sum: 42890, Workers: 4
[2382.990s][debug][gc,phases      ] GC(73)   ResolvedMethodTable Weak       Min:  0.0, Avg:  0.0, Max:  0.0, Diff:  0.0, Sum:  0.1, Workers: 4
[2382.990s][debug][gc,phases      ] GC(73)     Dead                           Min: 0, Avg:  0.0, Max: 0, Diff: 0, Sum: 0, Workers: 4
[2382.990s][debug][gc,phases      ] GC(73)     Total                          Min: 0, Avg: 2186.0, Max: 3008, Diff: 3008, Sum: 8744, Workers: 4
[2382.990s][debug][gc,phases      ] GC(73)   JNI Weak                       Min:  0.0, Avg:  0.0, Max:  0.0, Diff:  0.0, Sum:  0.0, Workers: 4
[2382.990s][debug][gc,phases      ] GC(73)     Dead                           Min: 0, Avg:  0.0, Max: 0, Diff: 0, Sum: 0, Workers: 4
[2382.990s][debug][gc,phases      ] GC(73)     Total                          Min: 0, Avg: 11.2, Max: 45, Diff: 45, Sum: 45, Workers: 4
[2382.990s][debug][gc,phases      ] GC(73)   StringDedup Table Weak         Min:  0.0, Avg:  0.0, Max:  0.0, Diff:  0.0, Sum:  0.0, Workers: 4
[2382.990s][debug][gc,phases      ] GC(73)     Dead                           Min: 0, Avg:  0.0, Max: 0, Diff: 0, Sum: 0, Workers: 4
[2382.990s][debug][gc,phases      ] GC(73)     Total                          Min: 0, Avg:  0.0, Max: 0, Diff: 0, Sum: 0, Workers: 4
[2382.990s][debug][gc,phases      ] GC(73)   StringDedup Requests0 Weak     Min:  0.0, Avg:  0.0, Max:  0.0, Diff:  0.0, Sum:  0.0, Workers: 4
[2382.990s][debug][gc,phases      ] GC(73)     Dead                           Min: 0, Avg:  0.0, Max: 0, Diff: 0, Sum: 0, Workers: 4
[2382.990s][debug][gc,phases      ] GC(73)     Total                          Min: 0, Avg:  0.0, Max: 0, Diff: 0, Sum: 0, Workers: 4
[2382.990s][debug][gc,phases      ] GC(73)   StringDedup Requests1 Weak     Min:  0.0, Avg:  0.0, Max:  0.0, Diff:  0.0, Sum:  0.0, Workers: 4
[2382.990s][debug][gc,phases      ] GC(73)     Dead                           Min: 0, Avg:  0.0, Max: 0, Diff: 0, Sum: 0, Workers: 4
[2382.990s][debug][gc,phases      ] GC(73)     Total                          Min: 0, Avg:  0.0, Max: 0, Diff: 0, Sum: 0, Workers: 4
[2382.990s][debug][gc,phases      ] GC(73)   Weak JFR Old Object Samples    Min:  0.0, Avg:  0.0, Max:  0.0, Diff:  0.0, Sum:  0.0, Workers: 4
[2382.990s][debug][gc,phases      ] GC(73)     Dead                           Min: 0, Avg:  0.0, Max: 0, Diff: 0, Sum: 0, Workers: 4
[2382.990s][debug][gc,phases      ] GC(73)     Total                          Min: 0, Avg:  0.0, Max: 0, Diff: 0, Sum: 0, Workers: 4
[2382.990s][debug][gc,phases      ] GC(73) Weak Processing 0.312ms
[2382.990s][debug][gc,age         ] GC(73) Desired survivor size 81264640 bytes, new threshold 15 (max threshold 15)
[2382.990s][info ][gc,heap        ] GC(73) PSYoungGen: 1968022K(2012160K)->37366K(2017792K) Eden: 1928704K(1928704K)->0K(1935872K) From: 39318K(83456K)->37366K(81920K)
[2382.990s][info ][gc,heap        ] GC(73) ParOldGen: 462221K(553472K)->462817K(553472K)
[2382.990s][info ][gc,metaspace   ] GC(73) Metaspace: 79956K(80896K)->79956K(80896K) NonClass: 68693K(69184K)->68693K(69184K) Class: 11263K(11712K)->11263K(11712K)
[2382.990s][info ][gc             ] GC(73) Pause Young (Allocation Failure) 2373M->488M(2511M) 10.888ms
[2382.990s][info ][gc,cpu         ] GC(73) User=0.04s Sys=0.00s Real=0.01s
[2382.990s][info ][safepoint      ] Safepoint "ParallelGCFailedAllocation", Time since last: 164750766 ns, Reaching safepoint: 69901 ns, At safepoint: 10963417 ns, Total: 11033318 ns
[2383.990s][info ][safepoint      ] Safepoint "Cleanup", Time since last: 1000095913 ns, Reaching safepoint: 103001 ns, At safepoint: 16200 ns, Total: 119201 ns
[2384.991s][info ][safepoint      ] Safepoint "Cleanup", Time since last: 1000103909 ns, Reaching safepoint: 41200 ns, At safepoint: 6600 ns, Total: 47800 ns
[2386.991s][info ][safepoint      ] Safepoint "Cleanup", Time since last: 2000166806 ns, Reaching safepoint: 53900 ns, At safepoint: 2600 ns, Total: 56500 ns
[2387.991s][info ][safepoint      ] Safepoint "Cleanup", Time since last: 1000105297 ns, Reaching safepoint: 27200 ns, At safepoint: 2800 ns, Total: 30000 ns
[2388.991s][info ][safepoint      ] Safepoint "Cleanup", Time since last: 1000101393 ns, Reaching safepoint: 51000 ns, At safepoint: 4301 ns, Total: 55301 ns
[2390.991s][info ][safepoint      ] Safepoint "Cleanup", Time since last: 2000117272 ns, Reaching safepoint: 39200 ns, At safepoint: 2901 ns, Total: 42101 ns
[2392.992s][info ][safepoint      ] Safepoint "Cleanup", Time since last: 2000177257 ns, Reaching safepoint: 111401 ns, At safepoint: 7100 ns, Total: 118501 ns
[2393.992s][info ][safepoint      ] Safepoint "Cleanup", Time since last: 1000110773 ns, Reaching safepoint: 35700 ns, At safepoint: 2500 ns, Total: 38200 ns
[2394.992s][info ][safepoint      ] Safepoint "Cleanup", Time since last: 1000120169 ns, Reaching safepoint: 95701 ns, At safepoint: 6800 ns, Total: 102501 ns
[2395.992s][info ][safepoint      ] Safepoint "Cleanup", Time since last: 1000089865 ns, Reaching safepoint: 36001 ns, At safepoint: 3100 ns, Total: 39101 ns
[2397.992s][info ][safepoint      ] Safepoint "Cleanup", Time since last: 2000166517 ns, Reaching safepoint: 45101 ns, At safepoint: 4400 ns, Total: 49501 ns
[2404.993s][info ][safepoint      ] Safepoint "Cleanup", Time since last: 7000466387 ns, Reaching safepoint: 94601 ns, At safepoint: 4200 ns, Total: 98801 ns
[2412.993s][info ][safepoint      ] Safepoint "Cleanup", Time since last: 8000450994 ns, Reaching safepoint: 39601 ns, At safepoint: 6000 ns, Total: 45601 ns
[2413.994s][info ][safepoint      ] Safepoint "Cleanup", Time since last: 1000099995 ns, Reaching safepoint: 39100 ns, At safepoint: 13100 ns, Total: 52200 ns
[2417.994s][info ][safepoint      ] Safepoint "Cleanup", Time since last: 4000252041 ns, Reaching safepoint: 47901 ns, At safepoint: 3900 ns, Total: 51801 ns
[2420.820s][info ][gc,start       ] GC(74) Pause Young (Allocation Failure)
[2420.834s][debug][gc,phases      ] GC(74) Scavenge 14.544ms
[2420.834s][debug][gc,ref         ] GC(74) Skipped phase 1 of Reference Processing: no references
[2420.834s][debug][gc,ref         ] GC(74) ReferenceProcessor::execute queues: 1, RefProcThreadModel::Single, marks_oops_alive: false
[2420.834s][debug][gc,ref         ] GC(74) Skipped phase 3 of Reference Processing: no references
[2420.834s][debug][gc,ref         ] GC(74) ReferenceProcessor::execute queues: 1, RefProcThreadModel::Single, marks_oops_alive: false
[2420.834s][debug][gc,phases      ] GC(74) Reference Processing 0.111ms
[2420.835s][debug][gc,phases      ] GC(74)   VM Weak                        Min:  0.0, Avg:  0.0, Max:  0.0, Diff:  0.0, Sum:  0.0, Workers: 4
[2420.835s][debug][gc,phases      ] GC(74)     Dead                           Min: 0, Avg:  0.0, Max: 0, Diff: 0, Sum: 0, Workers: 4
[2420.835s][debug][gc,phases      ] GC(74)     Total                          Min: 0, Avg: 193.5, Max: 774, Diff: 774, Sum: 774, Workers: 4
[2420.835s][debug][gc,phases      ] GC(74)   ObjectSynchronizer Weak        Min:  0.0, Avg:  0.0, Max:  0.0, Diff:  0.0, Sum:  0.0, Workers: 4
[2420.835s][debug][gc,phases      ] GC(74)     Dead                           Min: 0, Avg:  0.5, Max: 2, Diff: 2, Sum: 2, Workers: 4
[2420.835s][debug][gc,phases      ] GC(74)     Total                          Min: 0, Avg: 15.5, Max: 62, Diff: 62, Sum: 62, Workers: 4
[2420.835s][debug][gc,phases      ] GC(74)   JVMTI Tag Weak OopStorage      Min:  0.0, Avg:  0.0, Max:  0.0, Diff:  0.0, Sum:  0.0, Workers: 4
[2420.835s][debug][gc,phases      ] GC(74)     Dead                           Min: 0, Avg:  0.0, Max: 0, Diff: 0, Sum: 0, Workers: 4
[2420.835s][debug][gc,phases      ] GC(74)     Total                          Min: 0, Avg:  0.0, Max: 0, Diff: 0, Sum: 0, Workers: 4
[2420.835s][debug][gc,phases      ] GC(74)   StringTable Weak               Min:  0.1, Avg:  0.1, Max:  0.1, Diff:  0.0, Sum:  0.4, Workers: 4
[2420.835s][debug][gc,phases      ] GC(74)     Dead                           Min: 0, Avg:  0.0, Max: 0, Diff: 0, Sum: 0, Workers: 4
[2420.835s][debug][gc,phases      ] GC(74)     Total                          Min: 9600, Avg: 10723.0, Max: 11724, Diff: 2124, Sum: 42892, Workers: 4
[2420.835s][debug][gc,phases      ] GC(74)   ResolvedMethodTable Weak       Min:  0.0, Avg:  0.0, Max:  0.0, Diff:  0.0, Sum:  0.1, Workers: 4
[2420.835s][debug][gc,phases      ] GC(74)     Dead                           Min: 0, Avg:  0.0, Max: 0, Diff: 0, Sum: 0, Workers: 4
[2420.835s][debug][gc,phases      ] GC(74)     Total                          Min: 960, Avg: 2186.0, Max: 2688, Diff: 1728, Sum: 8744, Workers: 4
[2420.835s][debug][gc,phases      ] GC(74)   JNI Weak                       Min:  0.0, Avg:  0.0, Max:  0.0, Diff:  0.0, Sum:  0.0, Workers: 4
[2420.835s][debug][gc,phases      ] GC(74)     Dead                           Min: 0, Avg:  0.0, Max: 0, Diff: 0, Sum: 0, Workers: 4
[2420.835s][debug][gc,phases      ] GC(74)     Total                          Min: 0, Avg: 11.2, Max: 45, Diff: 45, Sum: 45, Workers: 4
[2420.835s][debug][gc,phases      ] GC(74)   StringDedup Table Weak         Min:  0.0, Avg:  0.0, Max:  0.0, Diff:  0.0, Sum:  0.0, Workers: 4
[2420.835s][debug][gc,phases      ] GC(74)     Dead                           Min: 0, Avg:  0.0, Max: 0, Diff: 0, Sum: 0, Workers: 4
[2420.835s][debug][gc,phases      ] GC(74)     Total                          Min: 0, Avg:  0.0, Max: 0, Diff: 0, Sum: 0, Workers: 4
[2420.835s][debug][gc,phases      ] GC(74)   StringDedup Requests0 Weak     Min:  0.0, Avg:  0.0, Max:  0.0, Diff:  0.0, Sum:  0.0, Workers: 4
[2420.835s][debug][gc,phases      ] GC(74)     Dead                           Min: 0, Avg:  0.0, Max: 0, Diff: 0, Sum: 0, Workers: 4
[2420.835s][debug][gc,phases      ] GC(74)     Total                          Min: 0, Avg:  0.0, Max: 0, Diff: 0, Sum: 0, Workers: 4
[2420.835s][debug][gc,phases      ] GC(74)   StringDedup Requests1 Weak     Min:  0.0, Avg:  0.0, Max:  0.0, Diff:  0.0, Sum:  0.0, Workers: 4
[2420.835s][debug][gc,phases      ] GC(74)     Dead                           Min: 0, Avg:  0.0, Max: 0, Diff: 0, Sum: 0, Workers: 4
[2420.835s][debug][gc,phases      ] GC(74)     Total                          Min: 0, Avg:  0.0, Max: 0, Diff: 0, Sum: 0, Workers: 4
[2420.835s][debug][gc,phases      ] GC(74)   Weak JFR Old Object Samples    Min:  0.0, Avg:  0.0, Max:  0.0, Diff:  0.0, Sum:  0.0, Workers: 4
[2420.835s][debug][gc,phases      ] GC(74)     Dead                           Min: 0, Avg:  0.0, Max: 0, Diff: 0, Sum: 0, Workers: 4
[2420.835s][debug][gc,phases      ] GC(74)     Total                          Min: 0, Avg:  0.0, Max: 0, Diff: 0, Sum: 0, Workers: 4
[2420.835s][debug][gc,phases      ] GC(74) Weak Processing 0.292ms
[2420.835s][debug][gc,age         ] GC(74) Desired survivor size 78643200 bytes, new threshold 15 (max threshold 15)
[2420.835s][info ][gc,heap        ] GC(74) PSYoungGen: 1973238K(2017792K)->36102K(2015232K) Eden: 1935872K(1935872K)->0K(1935872K) From: 37366K(81920K)->36102K(79360K)
[2420.835s][info ][gc,heap        ] GC(74) ParOldGen: 462817K(553472K)->463317K(553472K)
[2420.835s][info ][gc,metaspace   ] GC(74) Metaspace: 79970K(80960K)->79970K(80960K) NonClass: 68707K(69248K)->68707K(69248K) Class: 11263K(11712K)->11263K(11712K)
[2420.835s][info ][gc             ] GC(74) Pause Young (Allocation Failure) 2378M->487M(2508M) 15.060ms
[2420.835s][info ][gc,cpu         ] GC(74) User=0.05s Sys=0.00s Real=0.02s
[2420.835s][info ][safepoint      ] Safepoint "ParallelGCFailedAllocation", Time since last: 2825685471 ns, Reaching safepoint: 114302 ns, At safepoint: 15138160 ns, Total: 15252462 ns
[2422.835s][info ][safepoint      ] Safepoint "Cleanup", Time since last: 2000096226 ns, Reaching safepoint: 113801 ns, At safepoint: 9400 ns, Total: 123201 ns
[2423.835s][info ][safepoint      ] Safepoint "Cleanup", Time since last: 1000102558 ns, Reaching safepoint: 54000 ns, At safepoint: 2700 ns, Total: 56700 ns
[2429.836s][info ][safepoint      ] Safepoint "Cleanup", Time since last: 6000417068 ns, Reaching safepoint: 31800 ns, At safepoint: 3400 ns, Total: 35200 ns
[2430.836s][info ][safepoint      ] Safepoint "Cleanup", Time since last: 1000102632 ns, Reaching safepoint: 40001 ns, At safepoint: 4100 ns, Total: 44101 ns
[2435.836s][info ][safepoint      ] Safepoint "Cleanup", Time since last: 5000361303 ns, Reaching safepoint: 33800 ns, At safepoint: 2700 ns, Total: 36500 ns
[2442.837s][info ][safepoint      ] Safepoint "Cleanup", Time since last: 7000474191 ns, Reaching safepoint: 27800 ns, At safepoint: 2600 ns, Total: 30400 ns
[2443.837s][info ][safepoint      ] Safepoint "Cleanup", Time since last: 1000080385 ns, Reaching safepoint: 43100 ns, At safepoint: 9200 ns, Total: 52300 ns
[2444.837s][info ][safepoint      ] Safepoint "Cleanup", Time since last: 1000097881 ns, Reaching safepoint: 44101 ns, At safepoint: 2700 ns, Total: 46801 ns
[2455.838s][info ][safepoint      ] Safepoint "Cleanup", Time since last: 11000641051 ns, Reaching safepoint: 27900 ns, At safepoint: 2900 ns, Total: 30800 ns
[2457.838s][info ][safepoint      ] Safepoint "Cleanup", Time since last: 2000142673 ns, Reaching safepoint: 39700 ns, At safepoint: 3500 ns, Total: 43200 ns
[2474.633s][info ][gc,start       ] GC(75) Pause Young (Allocation Failure)
[2474.643s][debug][gc,phases      ] GC(75) Scavenge 9.326ms
[2474.643s][debug][gc,ref         ] GC(75) Skipped phase 1 of Reference Processing: no references
[2474.643s][debug][gc,ref         ] GC(75) ReferenceProcessor::execute queues: 1, RefProcThreadModel::Single, marks_oops_alive: false
[2474.643s][debug][gc,ref         ] GC(75) Skipped phase 3 of Reference Processing: no references
[2474.643s][debug][gc,ref         ] GC(75) ReferenceProcessor::execute queues: 1, RefProcThreadModel::Single, marks_oops_alive: false
[2474.643s][debug][gc,phases      ] GC(75) Reference Processing 0.105ms
[2474.643s][debug][gc,phases      ] GC(75)   VM Weak                        Min:  0.0, Avg:  0.0, Max:  0.0, Diff:  0.0, Sum:  0.0, Workers: 4
[2474.643s][debug][gc,phases      ] GC(75)     Dead                           Min: 0, Avg:  0.0, Max: 0, Diff: 0, Sum: 0, Workers: 4
[2474.643s][debug][gc,phases      ] GC(75)     Total                          Min: 0, Avg: 193.5, Max: 710, Diff: 710, Sum: 774, Workers: 4
[2474.643s][debug][gc,phases      ] GC(75)   ObjectSynchronizer Weak        Min:  0.0, Avg:  0.0, Max:  0.0, Diff:  0.0, Sum:  0.0, Workers: 4
[2474.643s][debug][gc,phases      ] GC(75)     Dead                           Min: 0, Avg:  0.0, Max: 0, Diff: 0, Sum: 0, Workers: 4
[2474.643s][debug][gc,phases      ] GC(75)     Total                          Min: 0, Avg: 15.5, Max: 62, Diff: 62, Sum: 62, Workers: 4
[2474.643s][debug][gc,phases      ] GC(75)   JVMTI Tag Weak OopStorage      Min:  0.0, Avg:  0.0, Max:  0.0, Diff:  0.0, Sum:  0.0, Workers: 4
[2474.643s][debug][gc,phases      ] GC(75)     Dead                           Min: 0, Avg:  0.0, Max: 0, Diff: 0, Sum: 0, Workers: 4
[2474.643s][debug][gc,phases      ] GC(75)     Total                          Min: 0, Avg:  0.0, Max: 0, Diff: 0, Sum: 0, Workers: 4
[2474.643s][debug][gc,phases      ] GC(75)   StringTable Weak               Min:  0.1, Avg:  0.1, Max:  0.1, Diff:  0.0, Sum:  0.4, Workers: 4
[2474.643s][debug][gc,phases      ] GC(75)     Dead                           Min: 0, Avg:  0.0, Max: 0, Diff: 0, Sum: 0, Workers: 4
[2474.643s][debug][gc,phases      ] GC(75)     Total                          Min: 9600, Avg: 10723.0, Max: 11212, Diff: 1612, Sum: 42892, Workers: 4
[2474.643s][debug][gc,phases      ] GC(75)   ResolvedMethodTable Weak       Min:  0.0, Avg:  0.0, Max:  0.0, Diff:  0.0, Sum:  0.1, Workers: 4
[2474.643s][debug][gc,phases      ] GC(75)     Dead                           Min: 0, Avg:  0.0, Max: 0, Diff: 0, Sum: 0, Workers: 4
[2474.643s][debug][gc,phases      ] GC(75)     Total                          Min: 2111, Avg: 2186.0, Max: 2240, Diff: 129, Sum: 8744, Workers: 4
[2474.643s][debug][gc,phases      ] GC(75)   JNI Weak                       Min:  0.0, Avg:  0.0, Max:  0.0, Diff:  0.0, Sum:  0.0, Workers: 4
[2474.643s][debug][gc,phases      ] GC(75)     Dead                           Min: 0, Avg:  0.0, Max: 0, Diff: 0, Sum: 0, Workers: 4
[2474.643s][debug][gc,phases      ] GC(75)     Total                          Min: 0, Avg: 11.2, Max: 45, Diff: 45, Sum: 45, Workers: 4
[2474.643s][debug][gc,phases      ] GC(75)   StringDedup Table Weak         Min:  0.0, Avg:  0.0, Max:  0.0, Diff:  0.0, Sum:  0.0, Workers: 4
[2474.643s][debug][gc,phases      ] GC(75)     Dead                           Min: 0, Avg:  0.0, Max: 0, Diff: 0, Sum: 0, Workers: 4
[2474.643s][debug][gc,phases      ] GC(75)     Total                          Min: 0, Avg:  0.0, Max: 0, Diff: 0, Sum: 0, Workers: 4
[2474.643s][debug][gc,phases      ] GC(75)   StringDedup Requests0 Weak     Min:  0.0, Avg:  0.0, Max:  0.0, Diff:  0.0, Sum:  0.0, Workers: 4
[2474.643s][debug][gc,phases      ] GC(75)     Dead                           Min: 0, Avg:  0.0, Max: 0, Diff: 0, Sum: 0, Workers: 4
[2474.643s][debug][gc,phases      ] GC(75)     Total                          Min: 0, Avg:  0.0, Max: 0, Diff: 0, Sum: 0, Workers: 4
[2474.643s][debug][gc,phases      ] GC(75)   StringDedup Requests1 Weak     Min:  0.0, Avg:  0.0, Max:  0.0, Diff:  0.0, Sum:  0.0, Workers: 4
[2474.643s][debug][gc,phases      ] GC(75)     Dead                           Min: 0, Avg:  0.0, Max: 0, Diff: 0, Sum: 0, Workers: 4
[2474.643s][debug][gc,phases      ] GC(75)     Total                          Min: 0, Avg:  0.0, Max: 0, Diff: 0, Sum: 0, Workers: 4
[2474.643s][debug][gc,phases      ] GC(75)   Weak JFR Old Object Samples    Min:  0.0, Avg:  0.0, Max:  0.0, Diff:  0.0, Sum:  0.0, Workers: 4
[2474.643s][debug][gc,phases      ] GC(75)     Dead                           Min: 0, Avg:  0.0, Max: 0, Diff: 0, Sum: 0, Workers: 4
[2474.643s][debug][gc,phases      ] GC(75)     Total                          Min: 0, Avg:  0.0, Max: 0, Diff: 0, Sum: 0, Workers: 4
[2474.643s][debug][gc,phases      ] GC(75) Weak Processing 0.281ms
[2474.643s][debug][gc,age         ] GC(75) Desired survivor size 74448896 bytes, new threshold 15 (max threshold 15)
[2474.643s][info ][gc,heap        ] GC(75) PSYoungGen: 1971974K(2015232K)->27312K(2024448K) Eden: 1935872K(1935872K)->0K(1947648K) From: 36102K(79360K)->27312K(76800K)
[2474.643s][info ][gc,heap        ] GC(75) ParOldGen: 463317K(553472K)->468644K(553472K)
[2474.643s][info ][gc,metaspace   ] GC(75) Metaspace: 79976K(80960K)->79976K(80960K) NonClass: 68713K(69248K)->68713K(69248K) Class: 11263K(11712K)->11263K(11712K)
[2474.643s][info ][gc             ] GC(75) Pause Young (Allocation Failure) 2378M->484M(2517M) 9.826ms
[2474.643s][info ][gc,cpu         ] GC(75) User=0.03s Sys=0.00s Real=0.01s
[2474.643s][info ][safepoint      ] Safepoint "ParallelGCFailedAllocation", Time since last: 16795475125 ns, Reaching safepoint: 40101 ns, At safepoint: 9903003 ns, Total: 9943104 ns
[2495.645s][info ][safepoint      ] Safepoint "Cleanup", Time since last: 21001356540 ns, Reaching safepoint: 38901 ns, At safepoint: 25600 ns, Total: 64501 ns
[2517.646s][info ][safepoint      ] Safepoint "Cleanup", Time since last: 22001509447 ns, Reaching safepoint: 38100 ns, At safepoint: 3500 ns, Total: 41600 ns
[2525.647s][info ][safepoint      ] Safepoint "Cleanup", Time since last: 8000567487 ns, Reaching safepoint: 38200 ns, At safepoint: 3000 ns, Total: 41200 ns
[2535.639s][info ][gc,start       ] GC(76) Pause Young (Allocation Failure)
[2535.646s][debug][gc,phases      ] GC(76) Scavenge 7.559ms
[2535.646s][debug][gc,ref         ] GC(76) Skipped phase 1 of Reference Processing: no references
[2535.646s][debug][gc,ref         ] GC(76) ReferenceProcessor::execute queues: 1, RefProcThreadModel::Single, marks_oops_alive: false
[2535.646s][debug][gc,ref         ] GC(76) Skipped phase 3 of Reference Processing: no references
[2535.646s][debug][gc,ref         ] GC(76) ReferenceProcessor::execute queues: 1, RefProcThreadModel::Single, marks_oops_alive: false
[2535.646s][debug][gc,phases      ] GC(76) Reference Processing 0.098ms
[2535.647s][debug][gc,phases      ] GC(76)   VM Weak                        Min:  0.0, Avg:  0.0, Max:  0.0, Diff:  0.0, Sum:  0.0, Workers: 4
[2535.647s][debug][gc,phases      ] GC(76)     Dead                           Min: 0, Avg:  0.0, Max: 0, Diff: 0, Sum: 0, Workers: 4
[2535.647s][debug][gc,phases      ] GC(76)     Total                          Min: 0, Avg: 193.5, Max: 704, Diff: 704, Sum: 774, Workers: 4
[2535.647s][debug][gc,phases      ] GC(76)   ObjectSynchronizer Weak        Min:  0.0, Avg:  0.0, Max:  0.0, Diff:  0.0, Sum:  0.0, Workers: 4
[2535.647s][debug][gc,phases      ] GC(76)     Dead                           Min: 0, Avg:  0.0, Max: 0, Diff: 0, Sum: 0, Workers: 4
[2535.647s][debug][gc,phases      ] GC(76)     Total                          Min: 0, Avg: 15.5, Max: 62, Diff: 62, Sum: 62, Workers: 4
[2535.647s][debug][gc,phases      ] GC(76)   JVMTI Tag Weak OopStorage      Min:  0.0, Avg:  0.0, Max:  0.0, Diff:  0.0, Sum:  0.0, Workers: 4
[2535.647s][debug][gc,phases      ] GC(76)     Dead                           Min: 0, Avg:  0.0, Max: 0, Diff: 0, Sum: 0, Workers: 4
[2535.647s][debug][gc,phases      ] GC(76)     Total                          Min: 0, Avg:  0.0, Max: 0, Diff: 0, Sum: 0, Workers: 4
[2535.647s][debug][gc,phases      ] GC(76)   StringTable Weak               Min:  0.0, Avg:  0.1, Max:  0.1, Diff:  0.1, Sum:  0.4, Workers: 4
[2535.647s][debug][gc,phases      ] GC(76)     Dead                           Min: 0, Avg:  0.0, Max: 0, Diff: 0, Sum: 0, Workers: 4
[2535.647s][debug][gc,phases      ] GC(76)     Total                          Min: 0, Avg: 10723.0, Max: 14400, Diff: 14400, Sum: 42892, Workers: 4
[2535.647s][debug][gc,phases      ] GC(76)   ResolvedMethodTable Weak       Min:  0.0, Avg:  0.0, Max:  0.0, Diff:  0.0, Sum:  0.1, Workers: 4
[2535.647s][debug][gc,phases      ] GC(76)     Dead                           Min: 0, Avg:  0.0, Max: 0, Diff: 0, Sum: 0, Workers: 4
[2535.647s][debug][gc,phases      ] GC(76)     Total                          Min: 0, Avg: 2186.0, Max: 2944, Diff: 2944, Sum: 8744, Workers: 4
[2535.647s][debug][gc,phases      ] GC(76)   JNI Weak                       Min:  0.0, Avg:  0.0, Max:  0.0, Diff:  0.0, Sum:  0.0, Workers: 4
[2535.647s][debug][gc,phases      ] GC(76)     Dead                           Min: 0, Avg:  0.0, Max: 0, Diff: 0, Sum: 0, Workers: 4
[2535.647s][debug][gc,phases      ] GC(76)     Total                          Min: 0, Avg: 11.2, Max: 45, Diff: 45, Sum: 45, Workers: 4
[2535.647s][debug][gc,phases      ] GC(76)   StringDedup Table Weak         Min:  0.0, Avg:  0.0, Max:  0.0, Diff:  0.0, Sum:  0.0, Workers: 4
[2535.647s][debug][gc,phases      ] GC(76)     Dead                           Min: 0, Avg:  0.0, Max: 0, Diff: 0, Sum: 0, Workers: 4
[2535.647s][debug][gc,phases      ] GC(76)     Total                          Min: 0, Avg:  0.0, Max: 0, Diff: 0, Sum: 0, Workers: 4
[2535.647s][debug][gc,phases      ] GC(76)   StringDedup Requests0 Weak     Min:  0.0, Avg:  0.0, Max:  0.0, Diff:  0.0, Sum:  0.0, Workers: 4
[2535.647s][debug][gc,phases      ] GC(76)     Dead                           Min: 0, Avg:  0.0, Max: 0, Diff: 0, Sum: 0, Workers: 4
[2535.647s][debug][gc,phases      ] GC(76)     Total                          Min: 0, Avg:  0.0, Max: 0, Diff: 0, Sum: 0, Workers: 4
[2535.647s][debug][gc,phases      ] GC(76)   StringDedup Requests1 Weak     Min:  0.0, Avg:  0.0, Max:  0.0, Diff:  0.0, Sum:  0.0, Workers: 4
[2535.647s][debug][gc,phases      ] GC(76)     Dead                           Min: 0, Avg:  0.0, Max: 0, Diff: 0, Sum: 0, Workers: 4
[2535.647s][debug][gc,phases      ] GC(76)     Total                          Min: 0, Avg:  0.0, Max: 0, Diff: 0, Sum: 0, Workers: 4
[2535.647s][debug][gc,phases      ] GC(76)   Weak JFR Old Object Samples    Min:  0.0, Avg:  0.0, Max:  0.0, Diff:  0.0, Sum:  0.0, Workers: 4
[2535.647s][debug][gc,phases      ] GC(76)     Dead                           Min: 0, Avg:  0.0, Max: 0, Diff: 0, Sum: 0, Workers: 4
[2535.647s][debug][gc,phases      ] GC(76)     Total                          Min: 0, Avg:  0.0, Max: 0, Diff: 0, Sum: 0, Workers: 4
[2535.647s][debug][gc,phases      ] GC(76) Weak Processing 0.323ms
[2535.647s][debug][gc,age         ] GC(76) Desired survivor size 70778880 bytes, new threshold 15 (max threshold 15)
[2535.647s][info ][gc,heap        ] GC(76) PSYoungGen: 1974960K(2024448K)->27792K(2020352K) Eden: 1947648K(1947648K)->0K(1947648K) From: 27312K(76800K)->27792K(72704K)
[2535.647s][info ][gc,heap        ] GC(76) ParOldGen: 468644K(553472K)->468724K(553472K)
[2535.647s][info ][gc,metaspace   ] GC(76) Metaspace: 79977K(80960K)->79977K(80960K) NonClass: 68714K(69248K)->68714K(69248K) Class: 11263K(11712K)->11263K(11712K)
[2535.647s][info ][gc             ] GC(76) Pause Young (Allocation Failure) 2386M->484M(2513M) 8.099ms
[2535.647s][info ][gc,cpu         ] GC(76) User=0.03s Sys=0.00s Real=0.01s
[2535.647s][info ][safepoint      ] Safepoint "ParallelGCFailedAllocation", Time since last: 9991809268 ns, Reaching safepoint: 23500 ns, At safepoint: 8171283 ns, Total: 8194783 ns
[2541.647s][info ][safepoint      ] Safepoint "Cleanup", Time since last: 6000420030 ns, Reaching safepoint: 39001 ns, At safepoint: 28400 ns, Total: 67401 ns
[2543.647s][info ][safepoint      ] Safepoint "Cleanup", Time since last: 2000174620 ns, Reaching safepoint: 41200 ns, At safepoint: 2800 ns, Total: 44000 ns
[2561.649s][info ][safepoint      ] Safepoint "Cleanup", Time since last: 18001188450 ns, Reaching safepoint: 37100 ns, At safepoint: 5200 ns, Total: 42300 ns
[2580.650s][info ][safepoint      ] Safepoint "Cleanup", Time since last: 19001291179 ns, Reaching safepoint: 38300 ns, At safepoint: 4900 ns, Total: 43200 ns
[2597.486s][info ][gc,start       ] GC(77) Pause Young (Allocation Failure)
[2597.495s][debug][gc,phases      ] GC(77) Scavenge 9.266ms
[2597.495s][debug][gc,ref         ] GC(77) Skipped phase 1 of Reference Processing: no references
[2597.495s][debug][gc,ref         ] GC(77) ReferenceProcessor::execute queues: 1, RefProcThreadModel::Single, marks_oops_alive: false
[2597.495s][debug][gc,ref         ] GC(77) Skipped phase 3 of Reference Processing: no references
[2597.495s][debug][gc,ref         ] GC(77) ReferenceProcessor::execute queues: 1, RefProcThreadModel::Single, marks_oops_alive: false
[2597.495s][debug][gc,phases      ] GC(77) Reference Processing 0.115ms
[2597.495s][debug][gc,phases      ] GC(77)   VM Weak                        Min:  0.0, Avg:  0.0, Max:  0.0, Diff:  0.0, Sum:  0.0, Workers: 4
[2597.495s][debug][gc,phases      ] GC(77)     Dead                           Min: 0, Avg:  0.0, Max: 0, Diff: 0, Sum: 0, Workers: 4
[2597.495s][debug][gc,phases      ] GC(77)     Total                          Min: 0, Avg: 193.5, Max: 710, Diff: 710, Sum: 774, Workers: 4
[2597.495s][debug][gc,phases      ] GC(77)   ObjectSynchronizer Weak        Min:  0.0, Avg:  0.0, Max:  0.0, Diff:  0.0, Sum:  0.0, Workers: 4
[2597.495s][debug][gc,phases      ] GC(77)     Dead                           Min: 0, Avg:  0.0, Max: 0, Diff: 0, Sum: 0, Workers: 4
[2597.495s][debug][gc,phases      ] GC(77)     Total                          Min: 0, Avg: 15.5, Max: 62, Diff: 62, Sum: 62, Workers: 4
[2597.495s][debug][gc,phases      ] GC(77)   JVMTI Tag Weak OopStorage      Min:  0.0, Avg:  0.0, Max:  0.0, Diff:  0.0, Sum:  0.0, Workers: 4
[2597.495s][debug][gc,phases      ] GC(77)     Dead                           Min: 0, Avg:  0.0, Max: 0, Diff: 0, Sum: 0, Workers: 4
[2597.495s][debug][gc,phases      ] GC(77)     Total                          Min: 0, Avg:  0.0, Max: 0, Diff: 0, Sum: 0, Workers: 4
[2597.495s][debug][gc,phases      ] GC(77)   StringTable Weak               Min:  0.0, Avg:  0.1, Max:  0.2, Diff:  0.2, Sum:  0.4, Workers: 4
[2597.495s][debug][gc,phases      ] GC(77)     Dead                           Min: 0, Avg:  0.0, Max: 0, Diff: 0, Sum: 0, Workers: 4
[2597.495s][debug][gc,phases      ] GC(77)     Total                          Min: 0, Avg: 10723.5, Max: 15168, Diff: 15168, Sum: 42894, Workers: 4
[2597.495s][debug][gc,phases      ] GC(77)   ResolvedMethodTable Weak       Min:  0.0, Avg:  0.0, Max:  0.0, Diff:  0.0, Sum:  0.1, Workers: 4
[2597.495s][debug][gc,phases      ] GC(77)     Dead                           Min: 0, Avg:  0.0, Max: 0, Diff: 0, Sum: 0, Workers: 4
[2597.495s][debug][gc,phases      ] GC(77)     Total                          Min: 0, Avg: 2186.5, Max: 4394, Diff: 4394, Sum: 8746, Workers: 4
[2597.496s][debug][gc,phases      ] GC(77)   JNI Weak                       Min:  0.0, Avg:  0.0, Max:  0.0, Diff:  0.0, Sum:  0.0, Workers: 4
[2597.496s][debug][gc,phases      ] GC(77)     Dead                           Min: 0, Avg:  0.0, Max: 0, Diff: 0, Sum: 0, Workers: 4
[2597.496s][debug][gc,phases      ] GC(77)     Total                          Min: 0, Avg: 11.2, Max: 45, Diff: 45, Sum: 45, Workers: 4
[2597.496s][debug][gc,phases      ] GC(77)   StringDedup Table Weak         Min:  0.0, Avg:  0.0, Max:  0.0, Diff:  0.0, Sum:  0.0, Workers: 4
[2597.496s][debug][gc,phases      ] GC(77)     Dead                           Min: 0, Avg:  0.0, Max: 0, Diff: 0, Sum: 0, Workers: 4
[2597.496s][debug][gc,phases      ] GC(77)     Total                          Min: 0, Avg:  0.0, Max: 0, Diff: 0, Sum: 0, Workers: 4
[2597.496s][debug][gc,phases      ] GC(77)   StringDedup Requests0 Weak     Min:  0.0, Avg:  0.0, Max:  0.0, Diff:  0.0, Sum:  0.0, Workers: 4
[2597.496s][debug][gc,phases      ] GC(77)     Dead                           Min: 0, Avg:  0.0, Max: 0, Diff: 0, Sum: 0, Workers: 4
[2597.496s][debug][gc,phases      ] GC(77)     Total                          Min: 0, Avg:  0.0, Max: 0, Diff: 0, Sum: 0, Workers: 4
[2597.496s][debug][gc,phases      ] GC(77)   StringDedup Requests1 Weak     Min:  0.0, Avg:  0.0, Max:  0.0, Diff:  0.0, Sum:  0.0, Workers: 4
[2597.496s][debug][gc,phases      ] GC(77)     Dead                           Min: 0, Avg:  0.0, Max: 0, Diff: 0, Sum: 0, Workers: 4
[2597.496s][debug][gc,phases      ] GC(77)     Total                          Min: 0, Avg:  0.0, Max: 0, Diff: 0, Sum: 0, Workers: 4
[2597.496s][debug][gc,phases      ] GC(77)   Weak JFR Old Object Samples    Min:  0.0, Avg:  0.0, Max:  0.0, Diff:  0.0, Sum:  0.0, Workers: 4
[2597.496s][debug][gc,phases      ] GC(77)     Dead                           Min: 0, Avg:  0.0, Max: 0, Diff: 0, Sum: 0, Workers: 4
[2597.496s][debug][gc,phases      ] GC(77)     Total                          Min: 0, Avg:  0.0, Max: 0, Diff: 0, Sum: 0, Workers: 4
[2597.496s][debug][gc,phases      ] GC(77) Weak Processing 0.348ms
[2597.496s][debug][gc,age         ] GC(77) Desired survivor size 67633152 bytes, new threshold 15 (max threshold 15)
[2597.496s][info ][gc,heap        ] GC(77) PSYoungGen: 1975440K(2020352K)->27392K(2031104K) Eden: 1947648K(1947648K)->0K(1961984K) From: 27792K(72704K)->27392K(69120K)
[2597.496s][info ][gc,heap        ] GC(77) ParOldGen: 468724K(553472K)->468932K(553472K)
[2597.496s][info ][gc,metaspace   ] GC(77) Metaspace: 79979K(80960K)->79979K(80960K) NonClass: 68715K(69248K)->68715K(69248K) Class: 11263K(11712K)->11263K(11712K)
[2597.496s][info ][gc             ] GC(77) Pause Young (Allocation Failure) 2386M->484M(2524M) 9.849ms
[2597.496s][info ][gc,cpu         ] GC(77) User=0.03s Sys=0.00s Real=0.01s
[2597.496s][info ][safepoint      ] Safepoint "ParallelGCFailedAllocation", Time since last: 16835619824 ns, Reaching safepoint: 42701 ns, At safepoint: 9918199 ns, Total: 9960900 ns
[2606.496s][info ][safepoint      ] Safepoint "Cleanup", Time since last: 9000677846 ns, Reaching safepoint: 34400 ns, At safepoint: 3000 ns, Total: 37400 ns
[2639.499s][info ][safepoint      ] Safepoint "Cleanup", Time since last: 33002195116 ns, Reaching safepoint: 34201 ns, At safepoint: 3500 ns, Total: 37701 ns
[2640.499s][info ][safepoint      ] Safepoint "Cleanup", Time since last: 1000115798 ns, Reaching safepoint: 32500 ns, At safepoint: 2700 ns, Total: 35200 ns
[2662.500s][info ][safepoint      ] Safepoint "Cleanup", Time since last: 22001519932 ns, Reaching safepoint: 44300 ns, At safepoint: 4900 ns, Total: 49200 ns
[2663.429s][info ][gc,start       ] GC(78) Pause Young (Allocation Failure)
[2663.436s][debug][gc,phases      ] GC(78) Scavenge 7.636ms
[2663.436s][debug][gc,ref         ] GC(78) Skipped phase 1 of Reference Processing: no references
[2663.436s][debug][gc,ref         ] GC(78) ReferenceProcessor::execute queues: 1, RefProcThreadModel::Single, marks_oops_alive: false
[2663.436s][debug][gc,ref         ] GC(78) Skipped phase 3 of Reference Processing: no references
[2663.436s][debug][gc,ref         ] GC(78) ReferenceProcessor::execute queues: 1, RefProcThreadModel::Single, marks_oops_alive: false
[2663.436s][debug][gc,phases      ] GC(78) Reference Processing 0.129ms
[2663.437s][debug][gc,phases      ] GC(78)   VM Weak                        Min:  0.0, Avg:  0.0, Max:  0.0, Diff:  0.0, Sum:  0.0, Workers: 4
[2663.437s][debug][gc,phases      ] GC(78)     Dead                           Min: 0, Avg:  0.0, Max: 0, Diff: 0, Sum: 0, Workers: 4
[2663.437s][debug][gc,phases      ] GC(78)     Total                          Min: 0, Avg: 193.5, Max: 710, Diff: 710, Sum: 774, Workers: 4
[2663.437s][debug][gc,phases      ] GC(78)   ObjectSynchronizer Weak        Min:  0.0, Avg:  0.0, Max:  0.0, Diff:  0.0, Sum:  0.0, Workers: 4
[2663.437s][debug][gc,phases      ] GC(78)     Dead                           Min: 0, Avg:  0.0, Max: 0, Diff: 0, Sum: 0, Workers: 4
[2663.437s][debug][gc,phases      ] GC(78)     Total                          Min: 0, Avg: 15.5, Max: 62, Diff: 62, Sum: 62, Workers: 4
[2663.437s][debug][gc,phases      ] GC(78)   JVMTI Tag Weak OopStorage      Min:  0.0, Avg:  0.0, Max:  0.0, Diff:  0.0, Sum:  0.0, Workers: 4
[2663.437s][debug][gc,phases      ] GC(78)     Dead                           Min: 0, Avg:  0.0, Max: 0, Diff: 0, Sum: 0, Workers: 4
[2663.437s][debug][gc,phases      ] GC(78)     Total                          Min: 0, Avg:  0.0, Max: 0, Diff: 0, Sum: 0, Workers: 4
[2663.437s][debug][gc,phases      ] GC(78)   StringTable Weak               Min:  0.0, Avg:  0.1, Max:  0.1, Diff:  0.1, Sum:  0.4, Workers: 4
[2663.437s][debug][gc,phases      ] GC(78)     Dead                           Min: 0, Avg:  0.0, Max: 0, Diff: 0, Sum: 0, Workers: 4
[2663.437s][debug][gc,phases      ] GC(78)     Total                          Min: 0, Avg: 10723.5, Max: 16640, Diff: 16640, Sum: 42894, Workers: 4
[2663.437s][debug][gc,phases      ] GC(78)   ResolvedMethodTable Weak       Min:  0.0, Avg:  0.0, Max:  0.0, Diff:  0.0, Sum:  0.1, Workers: 4
[2663.437s][debug][gc,phases      ] GC(78)     Dead                           Min: 0, Avg:  0.0, Max: 0, Diff: 0, Sum: 0, Workers: 4
[2663.437s][debug][gc,phases      ] GC(78)     Total                          Min: 0, Avg: 2186.5, Max: 3647, Diff: 3647, Sum: 8746, Workers: 4
[2663.437s][debug][gc,phases      ] GC(78)   JNI Weak                       Min:  0.0, Avg:  0.0, Max:  0.0, Diff:  0.0, Sum:  0.0, Workers: 4
[2663.437s][debug][gc,phases      ] GC(78)     Dead                           Min: 0, Avg:  0.0, Max: 0, Diff: 0, Sum: 0, Workers: 4
[2663.437s][debug][gc,phases      ] GC(78)     Total                          Min: 0, Avg: 11.2, Max: 45, Diff: 45, Sum: 45, Workers: 4
[2663.437s][debug][gc,phases      ] GC(78)   StringDedup Table Weak         Min:  0.0, Avg:  0.0, Max:  0.0, Diff:  0.0, Sum:  0.0, Workers: 4
[2663.437s][debug][gc,phases      ] GC(78)     Dead                           Min: 0, Avg:  0.0, Max: 0, Diff: 0, Sum: 0, Workers: 4
[2663.437s][debug][gc,phases      ] GC(78)     Total                          Min: 0, Avg:  0.0, Max: 0, Diff: 0, Sum: 0, Workers: 4
[2663.437s][debug][gc,phases      ] GC(78)   StringDedup Requests0 Weak     Min:  0.0, Avg:  0.0, Max:  0.0, Diff:  0.0, Sum:  0.0, Workers: 4
[2663.437s][debug][gc,phases      ] GC(78)     Dead                           Min: 0, Avg:  0.0, Max: 0, Diff: 0, Sum: 0, Workers: 4
[2663.437s][debug][gc,phases      ] GC(78)     Total                          Min: 0, Avg:  0.0, Max: 0, Diff: 0, Sum: 0, Workers: 4
[2663.437s][debug][gc,phases      ] GC(78)   StringDedup Requests1 Weak     Min:  0.0, Avg:  0.0, Max:  0.0, Diff:  0.0, Sum:  0.0, Workers: 4
[2663.437s][debug][gc,phases      ] GC(78)     Dead                           Min: 0, Avg:  0.0, Max: 0, Diff: 0, Sum: 0, Workers: 4
[2663.437s][debug][gc,phases      ] GC(78)     Total                          Min: 0, Avg:  0.0, Max: 0, Diff: 0, Sum: 0, Workers: 4
[2663.437s][debug][gc,phases      ] GC(78)   Weak JFR Old Object Samples    Min:  0.0, Avg:  0.0, Max:  0.0, Diff:  0.0, Sum:  0.0, Workers: 4
[2663.437s][debug][gc,phases      ] GC(78)     Dead                           Min: 0, Avg:  0.0, Max: 0, Diff: 0, Sum: 0, Workers: 4
[2663.437s][debug][gc,phases      ] GC(78)     Total                          Min: 0, Avg:  0.0, Max: 0, Diff: 0, Sum: 0, Workers: 4
[2663.437s][debug][gc,phases      ] GC(78) Weak Processing 0.322ms
[2663.437s][debug][gc,age         ] GC(78) Desired survivor size 64487424 bytes, new threshold 15 (max threshold 15)
[2663.437s][info ][gc,heap        ] GC(78) PSYoungGen: 1989376K(2031104K)->27696K(2028032K) Eden: 1961984K(1961984K)->0K(1961984K) From: 27392K(69120K)->27696K(66048K)
[2663.437s][info ][gc,heap        ] GC(78) ParOldGen: 468932K(553472K)->468996K(553472K)
[2663.437s][info ][gc,metaspace   ] GC(78) Metaspace: 79980K(80960K)->79980K(80960K) NonClass: 68717K(69248K)->68717K(69248K) Class: 11263K(11712K)->11263K(11712K)
[2663.437s][info ][gc             ] GC(78) Pause Young (Allocation Failure) 2400M->485M(2521M) 8.194ms
[2663.437s][info ][gc,cpu         ] GC(78) User=0.04s Sys=0.00s Real=0.01s
[2663.437s][info ][safepoint      ] Safepoint "ParallelGCFailedAllocation", Time since last: 928053934 ns, Reaching safepoint: 103601 ns, At safepoint: 8286181 ns, Total: 8389782 ns
[2668.437s][info ][safepoint      ] Safepoint "Cleanup", Time since last: 5000258477 ns, Reaching safepoint: 54300 ns, At safepoint: 3301 ns, Total: 57601 ns
[2677.438s][info ][safepoint      ] Safepoint "Cleanup", Time since last: 9000584073 ns, Reaching safepoint: 26700 ns, At safepoint: 2600 ns, Total: 29300 ns
[2684.438s][info ][safepoint      ] Safepoint "Cleanup", Time since last: 7000428107 ns, Reaching safepoint: 41601 ns, At safepoint: 5300 ns, Total: 46901 ns
[2690.439s][info ][safepoint      ] Safepoint "Cleanup", Time since last: 6000436519 ns, Reaching safepoint: 35900 ns, At safepoint: 2300 ns, Total: 38200 ns
[2693.439s][info ][safepoint      ] Safepoint "Cleanup", Time since last: 3000179630 ns, Reaching safepoint: 37200 ns, At safepoint: 2800 ns, Total: 40000 ns
[2705.440s][info ][safepoint      ] Safepoint "Cleanup", Time since last: 12000793120 ns, Reaching safepoint: 29101 ns, At safepoint: 2600 ns, Total: 31701 ns
[2718.391s][info ][gc,start       ] GC(79) Pause Young (Allocation Failure)
[2718.404s][debug][gc,phases      ] GC(79) Scavenge 12.112ms
[2718.404s][debug][gc,ref         ] GC(79) Skipped phase 1 of Reference Processing: no references
[2718.404s][debug][gc,ref         ] GC(79) ReferenceProcessor::execute queues: 1, RefProcThreadModel::Single, marks_oops_alive: false
[2718.404s][debug][gc,ref         ] GC(79) Skipped phase 3 of Reference Processing: no references
[2718.404s][debug][gc,ref         ] GC(79) ReferenceProcessor::execute queues: 1, RefProcThreadModel::Single, marks_oops_alive: false
[2718.404s][debug][gc,phases      ] GC(79) Reference Processing 0.147ms
[2718.404s][debug][gc,phases      ] GC(79)   VM Weak                        Min:  0.0, Avg:  0.0, Max:  0.0, Diff:  0.0, Sum:  0.0, Workers: 4
[2718.404s][debug][gc,phases      ] GC(79)     Dead                           Min: 0, Avg:  0.0, Max: 0, Diff: 0, Sum: 0, Workers: 4
[2718.404s][debug][gc,phases      ] GC(79)     Total                          Min: 0, Avg: 193.5, Max: 512, Diff: 512, Sum: 774, Workers: 4
[2718.404s][debug][gc,phases      ] GC(79)   ObjectSynchronizer Weak        Min:  0.0, Avg:  0.0, Max:  0.0, Diff:  0.0, Sum:  0.0, Workers: 4
[2718.404s][debug][gc,phases      ] GC(79)     Dead                           Min: 0, Avg:  0.0, Max: 0, Diff: 0, Sum: 0, Workers: 4
[2718.404s][debug][gc,phases      ] GC(79)     Total                          Min: 0, Avg: 15.5, Max: 62, Diff: 62, Sum: 62, Workers: 4
[2718.404s][debug][gc,phases      ] GC(79)   JVMTI Tag Weak OopStorage      Min:  0.0, Avg:  0.0, Max:  0.0, Diff:  0.0, Sum:  0.0, Workers: 4
[2718.404s][debug][gc,phases      ] GC(79)     Dead                           Min: 0, Avg:  0.0, Max: 0, Diff: 0, Sum: 0, Workers: 4
[2718.404s][debug][gc,phases      ] GC(79)     Total                          Min: 0, Avg:  0.0, Max: 0, Diff: 0, Sum: 0, Workers: 4
[2718.404s][debug][gc,phases      ] GC(79)   StringTable Weak               Min:  0.0, Avg:  0.1, Max:  0.2, Diff:  0.2, Sum:  0.4, Workers: 4
[2718.404s][debug][gc,phases      ] GC(79)     Dead                           Min: 0, Avg:  0.0, Max: 0, Diff: 0, Sum: 0, Workers: 4
[2718.404s][debug][gc,phases      ] GC(79)     Total                          Min: 0, Avg: 10723.5, Max: 17486, Diff: 17486, Sum: 42894, Workers: 4
[2718.404s][debug][gc,phases      ] GC(79)   ResolvedMethodTable Weak       Min:  0.0, Avg:  0.0, Max:  0.0, Diff:  0.0, Sum:  0.1, Workers: 4
[2718.404s][debug][gc,phases      ] GC(79)     Dead                           Min: 0, Avg:  0.0, Max: 0, Diff: 0, Sum: 0, Workers: 4
[2718.404s][debug][gc,phases      ] GC(79)     Total                          Min: 0, Avg: 2186.5, Max: 2944, Diff: 2944, Sum: 8746, Workers: 4
[2718.404s][debug][gc,phases      ] GC(79)   JNI Weak                       Min:  0.0, Avg:  0.0, Max:  0.0, Diff:  0.0, Sum:  0.0, Workers: 4
[2718.404s][debug][gc,phases      ] GC(79)     Dead                           Min: 0, Avg:  0.0, Max: 0, Diff: 0, Sum: 0, Workers: 4
[2718.404s][debug][gc,phases      ] GC(79)     Total                          Min: 0, Avg: 11.2, Max: 45, Diff: 45, Sum: 45, Workers: 4
[2718.404s][debug][gc,phases      ] GC(79)   StringDedup Table Weak         Min:  0.0, Avg:  0.0, Max:  0.0, Diff:  0.0, Sum:  0.0, Workers: 4
[2718.404s][debug][gc,phases      ] GC(79)     Dead                           Min: 0, Avg:  0.0, Max: 0, Diff: 0, Sum: 0, Workers: 4
[2718.404s][debug][gc,phases      ] GC(79)     Total                          Min: 0, Avg:  0.0, Max: 0, Diff: 0, Sum: 0, Workers: 4
[2718.404s][debug][gc,phases      ] GC(79)   StringDedup Requests0 Weak     Min:  0.0, Avg:  0.0, Max:  0.0, Diff:  0.0, Sum:  0.0, Workers: 4
[2718.404s][debug][gc,phases      ] GC(79)     Dead                           Min: 0, Avg:  0.0, Max: 0, Diff: 0, Sum: 0, Workers: 4
[2718.404s][debug][gc,phases      ] GC(79)     Total                          Min: 0, Avg:  0.0, Max: 0, Diff: 0, Sum: 0, Workers: 4
[2718.404s][debug][gc,phases      ] GC(79)   StringDedup Requests1 Weak     Min:  0.0, Avg:  0.0, Max:  0.0, Diff:  0.0, Sum:  0.0, Workers: 4
[2718.404s][debug][gc,phases      ] GC(79)     Dead                           Min: 0, Avg:  0.0, Max: 0, Diff: 0, Sum: 0, Workers: 4
[2718.404s][debug][gc,phases      ] GC(79)     Total                          Min: 0, Avg:  0.0, Max: 0, Diff: 0, Sum: 0, Workers: 4
[2718.404s][debug][gc,phases      ] GC(79)   Weak JFR Old Object Samples    Min:  0.0, Avg:  0.0, Max:  0.0, Diff:  0.0, Sum:  0.0, Workers: 4
[2718.404s][debug][gc,phases      ] GC(79)     Dead                           Min: 0, Avg:  0.0, Max: 0, Diff: 0, Sum: 0, Workers: 4
[2718.404s][debug][gc,phases      ] GC(79)     Total                          Min: 0, Avg:  0.0, Max: 0, Diff: 0, Sum: 0, Workers: 4
[2718.404s][debug][gc,phases      ] GC(79) Weak Processing 0.349ms
[2718.404s][debug][gc,age         ] GC(79) Desired survivor size 61341696 bytes, new threshold 15 (max threshold 15)
[2718.404s][info ][gc,heap        ] GC(79) PSYoungGen: 1989680K(2028032K)->27856K(2037248K) Eden: 1961984K(1961984K)->0K(1974272K) From: 27696K(66048K)->27856K(62976K)
[2718.404s][info ][gc,heap        ] GC(79) ParOldGen: 468996K(553472K)->469108K(553472K)
[2718.404s][info ][gc,metaspace   ] GC(79) Metaspace: 79988K(80960K)->79988K(80960K) NonClass: 68724K(69248K)->68724K(69248K) Class: 11263K(11712K)->11263K(11712K)
[2718.404s][info ][gc             ] GC(79) Pause Young (Allocation Failure) 2401M->485M(2530M) 12.732ms
[2718.404s][info ][gc,cpu         ] GC(79) User=0.03s Sys=0.00s Real=0.02s
[2718.404s][info ][safepoint      ] Safepoint "ParallelGCFailedAllocation", Time since last: 12951724853 ns, Reaching safepoint: 28400 ns, At safepoint: 12803424 ns, Total: 12831824 ns
[2743.406s][info ][safepoint      ] Safepoint "Cleanup", Time since last: 25001739242 ns, Reaching safepoint: 48600 ns, At safepoint: 4100 ns, Total: 52700 ns
[2744.406s][info ][safepoint      ] Safepoint "Cleanup", Time since last: 1000111968 ns, Reaching safepoint: 36900 ns, At safepoint: 4000 ns, Total: 40900 ns
[2745.406s][info ][safepoint      ] Safepoint "Cleanup", Time since last: 1000105866 ns, Reaching safepoint: 41600 ns, At safepoint: 3900 ns, Total: 45500 ns
[2750.407s][info ][safepoint      ] Safepoint "Cleanup", Time since last: 5000378697 ns, Reaching safepoint: 37400 ns, At safepoint: 2700 ns, Total: 40100 ns
[2772.689s][info ][gc,start       ] GC(80) Pause Young (Allocation Failure)
[2772.700s][debug][gc,phases      ] GC(80) Scavenge 10.250ms
[2772.700s][debug][gc,ref         ] GC(80) Skipped phase 1 of Reference Processing: no references
[2772.700s][debug][gc,ref         ] GC(80) ReferenceProcessor::execute queues: 1, RefProcThreadModel::Single, marks_oops_alive: false
[2772.700s][debug][gc,ref         ] GC(80) Skipped phase 3 of Reference Processing: no references
[2772.700s][debug][gc,ref         ] GC(80) ReferenceProcessor::execute queues: 1, RefProcThreadModel::Single, marks_oops_alive: false
[2772.700s][debug][gc,phases      ] GC(80) Reference Processing 0.143ms
[2772.700s][debug][gc,phases      ] GC(80)   VM Weak                        Min:  0.0, Avg:  0.0, Max:  0.0, Diff:  0.0, Sum:  0.0, Workers: 4
[2772.700s][debug][gc,phases      ] GC(80)     Dead                           Min: 0, Avg:  0.0, Max: 0, Diff: 0, Sum: 0, Workers: 4
[2772.700s][debug][gc,phases      ] GC(80)     Total                          Min: 0, Avg: 193.5, Max: 640, Diff: 640, Sum: 774, Workers: 4
[2772.700s][debug][gc,phases      ] GC(80)   ObjectSynchronizer Weak        Min:  0.0, Avg:  0.0, Max:  0.0, Diff:  0.0, Sum:  0.0, Workers: 4
[2772.700s][debug][gc,phases      ] GC(80)     Dead                           Min: 0, Avg:  0.0, Max: 0, Diff: 0, Sum: 0, Workers: 4
[2772.700s][debug][gc,phases      ] GC(80)     Total                          Min: 0, Avg: 15.5, Max: 62, Diff: 62, Sum: 62, Workers: 4
[2772.700s][debug][gc,phases      ] GC(80)   JVMTI Tag Weak OopStorage      Min:  0.0, Avg:  0.0, Max:  0.0, Diff:  0.0, Sum:  0.0, Workers: 4
[2772.700s][debug][gc,phases      ] GC(80)     Dead                           Min: 0, Avg:  0.0, Max: 0, Diff: 0, Sum: 0, Workers: 4
[2772.700s][debug][gc,phases      ] GC(80)     Total                          Min: 0, Avg:  0.0, Max: 0, Diff: 0, Sum: 0, Workers: 4
[2772.700s][debug][gc,phases      ] GC(80)   StringTable Weak               Min:  0.0, Avg:  0.1, Max:  0.2, Diff:  0.2, Sum:  0.4, Workers: 4
[2772.700s][debug][gc,phases      ] GC(80)     Dead                           Min: 0, Avg:  0.0, Max: 0, Diff: 0, Sum: 0, Workers: 4
[2772.700s][debug][gc,phases      ] GC(80)     Total                          Min: 0, Avg: 10723.5, Max: 21568, Diff: 21568, Sum: 42894, Workers: 4
[2772.700s][debug][gc,phases      ] GC(80)   ResolvedMethodTable Weak       Min:  0.0, Avg:  0.0, Max:  0.0, Diff:  0.0, Sum:  0.1, Workers: 4
[2772.700s][debug][gc,phases      ] GC(80)     Dead                           Min: 0, Avg:  0.0, Max: 0, Diff: 0, Sum: 0, Workers: 4
[2772.700s][debug][gc,phases      ] GC(80)     Total                          Min: 0, Avg: 2186.5, Max: 4459, Diff: 4459, Sum: 8746, Workers: 4
[2772.700s][debug][gc,phases      ] GC(80)   JNI Weak                       Min:  0.0, Avg:  0.0, Max:  0.0, Diff:  0.0, Sum:  0.0, Workers: 4
[2772.700s][debug][gc,phases      ] GC(80)     Dead                           Min: 0, Avg:  0.0, Max: 0, Diff: 0, Sum: 0, Workers: 4
[2772.700s][debug][gc,phases      ] GC(80)     Total                          Min: 0, Avg: 11.2, Max: 45, Diff: 45, Sum: 45, Workers: 4
[2772.700s][debug][gc,phases      ] GC(80)   StringDedup Table Weak         Min:  0.0, Avg:  0.0, Max:  0.0, Diff:  0.0, Sum:  0.0, Workers: 4
[2772.700s][debug][gc,phases      ] GC(80)     Dead                           Min: 0, Avg:  0.0, Max: 0, Diff: 0, Sum: 0, Workers: 4
[2772.700s][debug][gc,phases      ] GC(80)     Total                          Min: 0, Avg:  0.0, Max: 0, Diff: 0, Sum: 0, Workers: 4
[2772.700s][debug][gc,phases      ] GC(80)   StringDedup Requests0 Weak     Min:  0.0, Avg:  0.0, Max:  0.0, Diff:  0.0, Sum:  0.0, Workers: 4
[2772.700s][debug][gc,phases      ] GC(80)     Dead                           Min: 0, Avg:  0.0, Max: 0, Diff: 0, Sum: 0, Workers: 4
[2772.700s][debug][gc,phases      ] GC(80)     Total                          Min: 0, Avg:  0.0, Max: 0, Diff: 0, Sum: 0, Workers: 4
[2772.700s][debug][gc,phases      ] GC(80)   StringDedup Requests1 Weak     Min:  0.0, Avg:  0.0, Max:  0.0, Diff:  0.0, Sum:  0.0, Workers: 4
[2772.700s][debug][gc,phases      ] GC(80)     Dead                           Min: 0, Avg:  0.0, Max: 0, Diff: 0, Sum: 0, Workers: 4
[2772.700s][debug][gc,phases      ] GC(80)     Total                          Min: 0, Avg:  0.0, Max: 0, Diff: 0, Sum: 0, Workers: 4
[2772.700s][debug][gc,phases      ] GC(80)   Weak JFR Old Object Samples    Min:  0.0, Avg:  0.0, Max:  0.0, Diff:  0.0, Sum:  0.0, Workers: 4
[2772.700s][debug][gc,phases      ] GC(80)     Dead                           Min: 0, Avg:  0.0, Max: 0, Diff: 0, Sum: 0, Workers: 4
[2772.700s][debug][gc,phases      ] GC(80)     Total                          Min: 0, Avg:  0.0, Max: 0, Diff: 0, Sum: 0, Workers: 4
[2772.700s][debug][gc,phases      ] GC(80) Weak Processing 0.493ms
[2772.700s][debug][gc,age         ] GC(80) Desired survivor size 58720256 bytes, new threshold 15 (max threshold 15)
[2772.700s][info ][gc,heap        ] GC(80) PSYoungGen: 2002128K(2037248K)->27920K(2034176K) Eden: 1974272K(1974272K)->0K(1974272K) From: 27856K(62976K)->27920K(59904K)
[2772.700s][info ][gc,heap        ] GC(80) ParOldGen: 469108K(553472K)->469172K(553472K)
[2772.700s][info ][gc,metaspace   ] GC(80) Metaspace: 80002K(80960K)->80002K(80960K) NonClass: 68738K(69248K)->68738K(69248K) Class: 11263K(11712K)->11263K(11712K)
[2772.700s][info ][gc             ] GC(80) Pause Young (Allocation Failure) 2413M->485M(2527M) 11.026ms
[2772.700s][info ][gc,cpu         ] GC(80) User=0.02s Sys=0.00s Real=0.02s
[2772.700s][info ][safepoint      ] Safepoint "ParallelGCFailedAllocation", Time since last: 22282520526 ns, Reaching safepoint: 22200 ns, At safepoint: 11108407 ns, Total: 11130607 ns
[2781.701s][info ][safepoint      ] Safepoint "Cleanup", Time since last: 9000573025 ns, Reaching safepoint: 42301 ns, At safepoint: 2600 ns, Total: 44901 ns
[2785.701s][info ][safepoint      ] Safepoint "Cleanup", Time since last: 4000266063 ns, Reaching safepoint: 37300 ns, At safepoint: 2500 ns, Total: 39800 ns
[2786.701s][info ][safepoint      ] Safepoint "Cleanup", Time since last: 1000104487 ns, Reaching safepoint: 43700 ns, At safepoint: 24100 ns, Total: 67800 ns
[2817.704s][info ][safepoint      ] Safepoint "Cleanup", Time since last: 31002180878 ns, Reaching safepoint: 67901 ns, At safepoint: 40900 ns, Total: 108801 ns
[2819.704s][info ][safepoint      ] Safepoint "Cleanup", Time since last: 2000168357 ns, Reaching safepoint: 39200 ns, At safepoint: 4700 ns, Total: 43900 ns
[2828.980s][info ][gc,start       ] GC(81) Pause Young (Allocation Failure)
[2828.992s][debug][gc,phases      ] GC(81) Scavenge 12.146ms
[2828.992s][debug][gc,ref         ] GC(81) Skipped phase 1 of Reference Processing: no references
[2828.992s][debug][gc,ref         ] GC(81) ReferenceProcessor::execute queues: 1, RefProcThreadModel::Single, marks_oops_alive: false
[2828.992s][debug][gc,ref         ] GC(81) Skipped phase 3 of Reference Processing: no references
[2828.992s][debug][gc,ref         ] GC(81) ReferenceProcessor::execute queues: 1, RefProcThreadModel::Single, marks_oops_alive: false
[2828.992s][debug][gc,phases      ] GC(81) Reference Processing 0.117ms
[2828.992s][debug][gc,phases      ] GC(81)   VM Weak                        Min:  0.0, Avg:  0.0, Max:  0.0, Diff:  0.0, Sum:  0.0, Workers: 4
[2828.992s][debug][gc,phases      ] GC(81)     Dead                           Min: 0, Avg:  0.0, Max: 0, Diff: 0, Sum: 0, Workers: 4
[2828.992s][debug][gc,phases      ] GC(81)     Total                          Min: 0, Avg: 193.5, Max: 582, Diff: 582, Sum: 774, Workers: 4
[2828.992s][debug][gc,phases      ] GC(81)   ObjectSynchronizer Weak        Min:  0.0, Avg:  0.0, Max:  0.0, Diff:  0.0, Sum:  0.0, Workers: 4
[2828.992s][debug][gc,phases      ] GC(81)     Dead                           Min: 0, Avg:  0.0, Max: 0, Diff: 0, Sum: 0, Workers: 4
[2828.992s][debug][gc,phases      ] GC(81)     Total                          Min: 0, Avg: 15.5, Max: 62, Diff: 62, Sum: 62, Workers: 4
[2828.992s][debug][gc,phases      ] GC(81)   JVMTI Tag Weak OopStorage      Min:  0.0, Avg:  0.0, Max:  0.0, Diff:  0.0, Sum:  0.0, Workers: 4
[2828.992s][debug][gc,phases      ] GC(81)     Dead                           Min: 0, Avg:  0.0, Max: 0, Diff: 0, Sum: 0, Workers: 4
[2828.992s][debug][gc,phases      ] GC(81)     Total                          Min: 0, Avg:  0.0, Max: 0, Diff: 0, Sum: 0, Workers: 4
[2828.992s][debug][gc,phases      ] GC(81)   StringTable Weak               Min:  0.0, Avg:  0.1, Max:  0.1, Diff:  0.1, Sum:  0.4, Workers: 4
[2828.992s][debug][gc,phases      ] GC(81)     Dead                           Min: 0, Avg:  0.0, Max: 0, Diff: 0, Sum: 0, Workers: 4
[2828.992s][debug][gc,phases      ] GC(81)     Total                          Min: 0, Avg: 10723.5, Max: 15040, Diff: 15040, Sum: 42894, Workers: 4
[2828.992s][debug][gc,phases      ] GC(81)   ResolvedMethodTable Weak       Min:  0.0, Avg:  0.0, Max:  0.0, Diff:  0.0, Sum:  0.1, Workers: 4
[2828.992s][debug][gc,phases      ] GC(81)     Dead                           Min: 0, Avg:  0.0, Max: 0, Diff: 0, Sum: 0, Workers: 4
[2828.992s][debug][gc,phases      ] GC(81)     Total                          Min: 0, Avg: 2186.5, Max: 2944, Diff: 2944, Sum: 8746, Workers: 4
[2828.992s][debug][gc,phases      ] GC(81)   JNI Weak                       Min:  0.0, Avg:  0.0, Max:  0.0, Diff:  0.0, Sum:  0.0, Workers: 4
[2828.992s][debug][gc,phases      ] GC(81)     Dead                           Min: 0, Avg:  0.0, Max: 0, Diff: 0, Sum: 0, Workers: 4
[2828.992s][debug][gc,phases      ] GC(81)     Total                          Min: 0, Avg: 11.2, Max: 45, Diff: 45, Sum: 45, Workers: 4
[2828.992s][debug][gc,phases      ] GC(81)   StringDedup Table Weak         Min:  0.0, Avg:  0.0, Max:  0.0, Diff:  0.0, Sum:  0.0, Workers: 4
[2828.992s][debug][gc,phases      ] GC(81)     Dead                           Min: 0, Avg:  0.0, Max: 0, Diff: 0, Sum: 0, Workers: 4
[2828.992s][debug][gc,phases      ] GC(81)     Total                          Min: 0, Avg:  0.0, Max: 0, Diff: 0, Sum: 0, Workers: 4
[2828.992s][debug][gc,phases      ] GC(81)   StringDedup Requests0 Weak     Min:  0.0, Avg:  0.0, Max:  0.0, Diff:  0.0, Sum:  0.0, Workers: 4
[2828.992s][debug][gc,phases      ] GC(81)     Dead                           Min: 0, Avg:  0.0, Max: 0, Diff: 0, Sum: 0, Workers: 4
[2828.992s][debug][gc,phases      ] GC(81)     Total                          Min: 0, Avg:  0.0, Max: 0, Diff: 0, Sum: 0, Workers: 4
[2828.992s][debug][gc,phases      ] GC(81)   StringDedup Requests1 Weak     Min:  0.0, Avg:  0.0, Max:  0.0, Diff:  0.0, Sum:  0.0, Workers: 4
[2828.992s][debug][gc,phases      ] GC(81)     Dead                           Min: 0, Avg:  0.0, Max: 0, Diff: 0, Sum: 0, Workers: 4
[2828.992s][debug][gc,phases      ] GC(81)     Total                          Min: 0, Avg:  0.0, Max: 0, Diff: 0, Sum: 0, Workers: 4
[2828.992s][debug][gc,phases      ] GC(81)   Weak JFR Old Object Samples    Min:  0.0, Avg:  0.0, Max:  0.0, Diff:  0.0, Sum:  0.0, Workers: 4
[2828.992s][debug][gc,phases      ] GC(81)     Dead                           Min: 0, Avg:  0.0, Max: 0, Diff: 0, Sum: 0, Workers: 4
[2828.992s][debug][gc,phases      ] GC(81)     Total                          Min: 0, Avg:  0.0, Max: 0, Diff: 0, Sum: 0, Workers: 4
[2828.992s][debug][gc,phases      ] GC(81) Weak Processing 0.355ms
[2828.992s][debug][gc,age         ] GC(81) Desired survivor size 57147392 bytes, new threshold 15 (max threshold 15)
[2828.992s][info ][gc,heap        ] GC(81) PSYoungGen: 2002192K(2034176K)->22320K(2041344K) Eden: 1974272K(1974272K)->0K(1984000K) From: 27920K(59904K)->22320K(57344K)
[2828.992s][info ][gc,heap        ] GC(81) ParOldGen: 469172K(553472K)->475080K(553472K)
[2828.992s][info ][gc,metaspace   ] GC(81) Metaspace: 80006K(80960K)->80006K(80960K) NonClass: 68742K(69248K)->68742K(69248K) Class: 11263K(11712K)->11263K(11712K)
[2828.992s][info ][gc             ] GC(81) Pause Young (Allocation Failure) 2413M->485M(2534M) 12.742ms
[2828.992s][info ][gc,cpu         ] GC(81) User=0.03s Sys=0.00s Real=0.02s
[2828.992s][info ][safepoint      ] Safepoint "ParallelGCFailedAllocation", Time since last: 9275517184 ns, Reaching safepoint: 118501 ns, At safepoint: 12825222 ns, Total: 12943723 ns
[2850.994s][info ][safepoint      ] Safepoint "Cleanup", Time since last: 22001234229 ns, Reaching safepoint: 34900 ns, At safepoint: 25300 ns, Total: 60200 ns
[2860.994s][info ][safepoint      ] Safepoint "Cleanup", Time since last: 10000584761 ns, Reaching safepoint: 28001 ns, At safepoint: 2800 ns, Total: 30801 ns
[2862.682s][info ][safepoint      ] Safepoint "Cleanup", Time since last: 1687617558 ns, Reaching safepoint: 129301 ns, At safepoint: 6600 ns, Total: 135901 ns
[2863.682s][info ][safepoint      ] Safepoint "Cleanup", Time since last: 1000110655 ns, Reaching safepoint: 52801 ns, At safepoint: 3100 ns, Total: 55901 ns
[2869.683s][info ][safepoint      ] Safepoint "Cleanup", Time since last: 6000416195 ns, Reaching safepoint: 115801 ns, At safepoint: 6301 ns, Total: 122102 ns
[2894.479s][info ][gc,start       ] GC(82) Pause Young (Allocation Failure)
[2894.486s][debug][gc,phases      ] GC(82) Scavenge 7.425ms
[2894.486s][debug][gc,ref         ] GC(82) Skipped phase 1 of Reference Processing: no references
[2894.486s][debug][gc,ref         ] GC(82) ReferenceProcessor::execute queues: 1, RefProcThreadModel::Single, marks_oops_alive: false
[2894.486s][debug][gc,ref         ] GC(82) Skipped phase 3 of Reference Processing: no references
[2894.486s][debug][gc,ref         ] GC(82) ReferenceProcessor::execute queues: 1, RefProcThreadModel::Single, marks_oops_alive: false
[2894.486s][debug][gc,phases      ] GC(82) Reference Processing 0.094ms
[2894.486s][debug][gc,phases      ] GC(82)   VM Weak                        Min:  0.0, Avg:  0.0, Max:  0.0, Diff:  0.0, Sum:  0.0, Workers: 4
[2894.486s][debug][gc,phases      ] GC(82)     Dead                           Min: 0, Avg:  0.0, Max: 0, Diff: 0, Sum: 0, Workers: 4
[2894.486s][debug][gc,phases      ] GC(82)     Total                          Min: 0, Avg: 193.5, Max: 582, Diff: 582, Sum: 774, Workers: 4
[2894.486s][debug][gc,phases      ] GC(82)   ObjectSynchronizer Weak        Min:  0.0, Avg:  0.0, Max:  0.0, Diff:  0.0, Sum:  0.0, Workers: 4
[2894.486s][debug][gc,phases      ] GC(82)     Dead                           Min: 0, Avg:  0.0, Max: 0, Diff: 0, Sum: 0, Workers: 4
[2894.486s][debug][gc,phases      ] GC(82)     Total                          Min: 0, Avg: 15.5, Max: 62, Diff: 62, Sum: 62, Workers: 4
[2894.486s][debug][gc,phases      ] GC(82)   JVMTI Tag Weak OopStorage      Min:  0.0, Avg:  0.0, Max:  0.0, Diff:  0.0, Sum:  0.0, Workers: 4
[2894.486s][debug][gc,phases      ] GC(82)     Dead                           Min: 0, Avg:  0.0, Max: 0, Diff: 0, Sum: 0, Workers: 4
[2894.486s][debug][gc,phases      ] GC(82)     Total                          Min: 0, Avg:  0.0, Max: 0, Diff: 0, Sum: 0, Workers: 4
[2894.486s][debug][gc,phases      ] GC(82)   StringTable Weak               Min:  0.1, Avg:  0.1, Max:  0.1, Diff:  0.0, Sum:  0.4, Workers: 4
[2894.486s][debug][gc,phases      ] GC(82)     Dead                           Min: 0, Avg:  0.0, Max: 0, Diff: 0, Sum: 0, Workers: 4
[2894.486s][debug][gc,phases      ] GC(82)     Total                          Min: 10176, Avg: 10723.5, Max: 11136, Diff: 960, Sum: 42894, Workers: 4
[2894.486s][debug][gc,phases      ] GC(82)   ResolvedMethodTable Weak       Min:  0.0, Avg:  0.0, Max:  0.0, Diff:  0.0, Sum:  0.1, Workers: 4
[2894.486s][debug][gc,phases      ] GC(82)     Dead                           Min: 0, Avg:  0.0, Max: 0, Diff: 0, Sum: 0, Workers: 4
[2894.486s][debug][gc,phases      ] GC(82)     Total                          Min: 2091, Avg: 2186.5, Max: 2304, Diff: 213, Sum: 8746, Workers: 4
[2894.486s][debug][gc,phases      ] GC(82)   JNI Weak                       Min:  0.0, Avg:  0.0, Max:  0.0, Diff:  0.0, Sum:  0.0, Workers: 4
[2894.486s][debug][gc,phases      ] GC(82)     Dead                           Min: 0, Avg:  0.0, Max: 0, Diff: 0, Sum: 0, Workers: 4
[2894.486s][debug][gc,phases      ] GC(82)     Total                          Min: 0, Avg: 11.2, Max: 45, Diff: 45, Sum: 45, Workers: 4
[2894.486s][debug][gc,phases      ] GC(82)   StringDedup Table Weak         Min:  0.0, Avg:  0.0, Max:  0.0, Diff:  0.0, Sum:  0.0, Workers: 4
[2894.486s][debug][gc,phases      ] GC(82)     Dead                           Min: 0, Avg:  0.0, Max: 0, Diff: 0, Sum: 0, Workers: 4
[2894.486s][debug][gc,phases      ] GC(82)     Total                          Min: 0, Avg:  0.0, Max: 0, Diff: 0, Sum: 0, Workers: 4
[2894.486s][debug][gc,phases      ] GC(82)   StringDedup Requests0 Weak     Min:  0.0, Avg:  0.0, Max:  0.0, Diff:  0.0, Sum:  0.0, Workers: 4
[2894.486s][debug][gc,phases      ] GC(82)     Dead                           Min: 0, Avg:  0.0, Max: 0, Diff: 0, Sum: 0, Workers: 4
[2894.486s][debug][gc,phases      ] GC(82)     Total                          Min: 0, Avg:  0.0, Max: 0, Diff: 0, Sum: 0, Workers: 4
[2894.486s][debug][gc,phases      ] GC(82)   StringDedup Requests1 Weak     Min:  0.0, Avg:  0.0, Max:  0.0, Diff:  0.0, Sum:  0.0, Workers: 4
[2894.486s][debug][gc,phases      ] GC(82)     Dead                           Min: 0, Avg:  0.0, Max: 0, Diff: 0, Sum: 0, Workers: 4
[2894.486s][debug][gc,phases      ] GC(82)     Total                          Min: 0, Avg:  0.0, Max: 0, Diff: 0, Sum: 0, Workers: 4
[2894.486s][debug][gc,phases      ] GC(82)   Weak JFR Old Object Samples    Min:  0.0, Avg:  0.0, Max:  0.0, Diff:  0.0, Sum:  0.0, Workers: 4
[2894.486s][debug][gc,phases      ] GC(82)     Dead                           Min: 0, Avg:  0.0, Max: 0, Diff: 0, Sum: 0, Workers: 4
[2894.486s][debug][gc,phases      ] GC(82)     Total                          Min: 0, Avg:  0.0, Max: 0, Diff: 0, Sum: 0, Workers: 4
[2894.486s][debug][gc,phases      ] GC(82) Weak Processing 0.297ms
[2894.486s][debug][gc,age         ] GC(82) Desired survivor size 55574528 bytes, new threshold 15 (max threshold 15)
[2894.486s][info ][gc,heap        ] GC(82) PSYoungGen: 2006320K(2041344K)->20912K(2039808K) Eden: 1984000K(1984000K)->0K(1984000K) From: 22320K(57344K)->20912K(55808K)
[2894.486s][info ][gc,heap        ] GC(82) ParOldGen: 475080K(553472K)->475104K(553472K)
[2894.486s][info ][gc,metaspace   ] GC(82) Metaspace: 80007K(80960K)->80007K(80960K) NonClass: 68743K(69248K)->68743K(69248K) Class: 11263K(11712K)->11263K(11712K)
[2894.486s][info ][gc             ] GC(82) Pause Young (Allocation Failure) 2423M->484M(2532M) 7.953ms
[2894.486s][info ][gc,cpu         ] GC(82) User=0.03s Sys=0.00s Real=0.01s
[2894.486s][info ][safepoint      ] Safepoint "ParallelGCFailedAllocation", Time since last: 24795540093 ns, Reaching safepoint: 100501 ns, At safepoint: 8030975 ns, Total: 8131476 ns
[2896.487s][info ][safepoint      ] Safepoint "Cleanup", Time since last: 2000116111 ns, Reaching safepoint: 45300 ns, At safepoint: 2700 ns, Total: 48000 ns
[2919.488s][info ][safepoint      ] Safepoint "Cleanup", Time since last: 23001400298 ns, Reaching safepoint: 33900 ns, At safepoint: 2800 ns, Total: 36700 ns
[2920.488s][info ][safepoint      ] Safepoint "Cleanup", Time since last: 1000109570 ns, Reaching safepoint: 48801 ns, At safepoint: 3100 ns, Total: 51901 ns
[2924.489s][info ][safepoint      ] Safepoint "Cleanup", Time since last: 4000294165 ns, Reaching safepoint: 41300 ns, At safepoint: 4800 ns, Total: 46100 ns
[2944.490s][info ][safepoint      ] Safepoint "Cleanup", Time since last: 20001254289 ns, Reaching safepoint: 41700 ns, At safepoint: 23601 ns, Total: 65301 ns
[2951.180s][info ][gc,start       ] GC(83) Pause Young (Allocation Failure)
[2951.188s][debug][gc,phases      ] GC(83) Scavenge 7.814ms
[2951.188s][debug][gc,ref         ] GC(83) Skipped phase 1 of Reference Processing: no references
[2951.188s][debug][gc,ref         ] GC(83) ReferenceProcessor::execute queues: 1, RefProcThreadModel::Single, marks_oops_alive: false
[2951.188s][debug][gc,ref         ] GC(83) Skipped phase 3 of Reference Processing: no references
[2951.188s][debug][gc,ref         ] GC(83) ReferenceProcessor::execute queues: 1, RefProcThreadModel::Single, marks_oops_alive: false
[2951.188s][debug][gc,phases      ] GC(83) Reference Processing 0.108ms
[2951.189s][debug][gc,phases      ] GC(83)   VM Weak                        Min:  0.0, Avg:  0.0, Max:  0.2, Diff:  0.2, Sum:  0.2, Workers: 4
[2951.189s][debug][gc,phases      ] GC(83)     Dead                           Min: 0, Avg:  0.0, Max: 0, Diff: 0, Sum: 0, Workers: 4
[2951.189s][debug][gc,phases      ] GC(83)     Total                          Min: 0, Avg: 193.5, Max: 390, Diff: 390, Sum: 774, Workers: 4
[2951.189s][debug][gc,phases      ] GC(83)   ObjectSynchronizer Weak        Min:  0.0, Avg:  0.0, Max:  0.0, Diff:  0.0, Sum:  0.0, Workers: 4
[2951.189s][debug][gc,phases      ] GC(83)     Dead                           Min: 0, Avg:  0.0, Max: 0, Diff: 0, Sum: 0, Workers: 4
[2951.189s][debug][gc,phases      ] GC(83)     Total                          Min: 0, Avg: 15.5, Max: 62, Diff: 62, Sum: 62, Workers: 4
[2951.189s][debug][gc,phases      ] GC(83)   JVMTI Tag Weak OopStorage      Min:  0.0, Avg:  0.0, Max:  0.0, Diff:  0.0, Sum:  0.0, Workers: 4
[2951.189s][debug][gc,phases      ] GC(83)     Dead                           Min: 0, Avg:  0.0, Max: 0, Diff: 0, Sum: 0, Workers: 4
[2951.189s][debug][gc,phases      ] GC(83)     Total                          Min: 0, Avg:  0.0, Max: 0, Diff: 0, Sum: 0, Workers: 4
[2951.189s][debug][gc,phases      ] GC(83)   StringTable Weak               Min:  0.0, Avg:  0.1, Max:  0.1, Diff:  0.1, Sum:  0.3, Workers: 4
[2951.189s][debug][gc,phases      ] GC(83)     Dead                           Min: 0, Avg:  0.0, Max: 0, Diff: 0, Sum: 0, Workers: 4
[2951.189s][debug][gc,phases      ] GC(83)     Total                          Min: 0, Avg: 10723.5, Max: 17152, Diff: 17152, Sum: 42894, Workers: 4
[2951.189s][debug][gc,phases      ] GC(83)   ResolvedMethodTable Weak       Min:  0.0, Avg:  0.0, Max:  0.0, Diff:  0.0, Sum:  0.1, Workers: 4
[2951.189s][debug][gc,phases      ] GC(83)     Dead                           Min: 0, Avg:  0.0, Max: 0, Diff: 0, Sum: 0, Workers: 4
[2951.189s][debug][gc,phases      ] GC(83)     Total                          Min: 0, Avg: 2186.5, Max: 3647, Diff: 3647, Sum: 8746, Workers: 4
[2951.189s][debug][gc,phases      ] GC(83)   JNI Weak                       Min:  0.0, Avg:  0.0, Max:  0.0, Diff:  0.0, Sum:  0.0, Workers: 4
[2951.189s][debug][gc,phases      ] GC(83)     Dead                           Min: 0, Avg:  0.0, Max: 0, Diff: 0, Sum: 0, Workers: 4
[2951.189s][debug][gc,phases      ] GC(83)     Total                          Min: 0, Avg: 11.2, Max: 45, Diff: 45, Sum: 45, Workers: 4
[2951.189s][debug][gc,phases      ] GC(83)   StringDedup Table Weak         Min:  0.0, Avg:  0.0, Max:  0.0, Diff:  0.0, Sum:  0.0, Workers: 4
[2951.189s][debug][gc,phases      ] GC(83)     Dead                           Min: 0, Avg:  0.0, Max: 0, Diff: 0, Sum: 0, Workers: 4
[2951.189s][debug][gc,phases      ] GC(83)     Total                          Min: 0, Avg:  0.0, Max: 0, Diff: 0, Sum: 0, Workers: 4
[2951.189s][debug][gc,phases      ] GC(83)   StringDedup Requests0 Weak     Min:  0.0, Avg:  0.0, Max:  0.0, Diff:  0.0, Sum:  0.0, Workers: 4
[2951.189s][debug][gc,phases      ] GC(83)     Dead                           Min: 0, Avg:  0.0, Max: 0, Diff: 0, Sum: 0, Workers: 4
[2951.189s][debug][gc,phases      ] GC(83)     Total                          Min: 0, Avg:  0.0, Max: 0, Diff: 0, Sum: 0, Workers: 4
[2951.189s][debug][gc,phases      ] GC(83)   StringDedup Requests1 Weak     Min:  0.0, Avg:  0.0, Max:  0.0, Diff:  0.0, Sum:  0.0, Workers: 4
[2951.189s][debug][gc,phases      ] GC(83)     Dead                           Min: 0, Avg:  0.0, Max: 0, Diff: 0, Sum: 0, Workers: 4
[2951.189s][debug][gc,phases      ] GC(83)     Total                          Min: 0, Avg:  0.0, Max: 0, Diff: 0, Sum: 0, Workers: 4
[2951.189s][debug][gc,phases      ] GC(83)   Weak JFR Old Object Samples    Min:  0.0, Avg:  0.0, Max:  0.0, Diff:  0.0, Sum:  0.0, Workers: 4
[2951.189s][debug][gc,phases      ] GC(83)     Dead                           Min: 0, Avg:  0.0, Max: 0, Diff: 0, Sum: 0, Workers: 4
[2951.189s][debug][gc,phases      ] GC(83)     Total                          Min: 0, Avg:  0.0, Max: 0, Diff: 0, Sum: 0, Workers: 4
[2951.189s][debug][gc,phases      ] GC(83) Weak Processing 0.322ms
[2951.189s][debug][gc,age         ] GC(83) Desired survivor size 55050240 bytes, new threshold 15 (max threshold 15)
[2951.189s][info ][gc,heap        ] GC(83) PSYoungGen: 2004912K(2039808K)->17840K(2043392K) Eden: 1984000K(1984000K)->0K(1989120K) From: 20912K(55808K)->17840K(54272K)
[2951.189s][info ][gc,heap        ] GC(83) ParOldGen: 475104K(553472K)->475152K(553472K)
[2951.189s][info ][gc,metaspace   ] GC(83) Metaspace: 80009K(80960K)->80009K(80960K) NonClass: 68746K(69248K)->68746K(69248K) Class: 11263K(11712K)->11263K(11712K)
[2951.189s][info ][gc             ] GC(83) Pause Young (Allocation Failure) 2421M->481M(2536M) 8.355ms
[2951.189s][info ][gc,cpu         ] GC(83) User=0.02s Sys=0.00s Real=0.00s
[2951.189s][info ][safepoint      ] Safepoint "ParallelGCFailedAllocation", Time since last: 6690374325 ns, Reaching safepoint: 40001 ns, At safepoint: 8420978 ns, Total: 8460979 ns
[2953.189s][info ][safepoint      ] Safepoint "Cleanup", Time since last: 2000146551 ns, Reaching safepoint: 45001 ns, At safepoint: 3100 ns, Total: 48101 ns
[2987.191s][info ][safepoint      ] Safepoint "Cleanup", Time since last: 34002079670 ns, Reaching safepoint: 45100 ns, At safepoint: 3700 ns, Total: 48800 ns
[2993.192s][info ][safepoint      ] Safepoint "Cleanup", Time since last: 6000424761 ns, Reaching safepoint: 28000 ns, At safepoint: 3500 ns, Total: 31500 ns
[3004.192s][info ][safepoint      ] Safepoint "Cleanup", Time since last: 11000690731 ns, Reaching safepoint: 47500 ns, At safepoint: 4200 ns, Total: 51700 ns
[3009.193s][info ][safepoint      ] Safepoint "Cleanup", Time since last: 5000359584 ns, Reaching safepoint: 40601 ns, At safepoint: 4400 ns, Total: 45001 ns
[3012.193s][info ][safepoint      ] Safepoint "Cleanup", Time since last: 3000232756 ns, Reaching safepoint: 49800 ns, At safepoint: 2900 ns, Total: 52700 ns
[3017.193s][info ][safepoint      ] Safepoint "Cleanup", Time since last: 5000350637 ns, Reaching safepoint: 39900 ns, At safepoint: 6100 ns, Total: 46000 ns
[3029.194s][info ][safepoint      ] Safepoint "Cleanup", Time since last: 12000780249 ns, Reaching safepoint: 44300 ns, At safepoint: 5900 ns, Total: 50200 ns
[3033.178s][info ][gc,start       ] GC(84) Pause Young (Allocation Failure)
[3033.185s][debug][gc,phases      ] GC(84) Scavenge 6.552ms
[3033.185s][debug][gc,ref         ] GC(84) Skipped phase 1 of Reference Processing: no references
[3033.185s][debug][gc,ref         ] GC(84) ReferenceProcessor::execute queues: 1, RefProcThreadModel::Single, marks_oops_alive: false
[3033.185s][debug][gc,ref         ] GC(84) Skipped phase 3 of Reference Processing: no references
[3033.185s][debug][gc,ref         ] GC(84) ReferenceProcessor::execute queues: 1, RefProcThreadModel::Single, marks_oops_alive: false
[3033.185s][debug][gc,phases      ] GC(84) Reference Processing 0.106ms
[3033.185s][debug][gc,phases      ] GC(84)   VM Weak                        Min:  0.0, Avg:  0.0, Max:  0.0, Diff:  0.0, Sum:  0.0, Workers: 4
[3033.185s][debug][gc,phases      ] GC(84)     Dead                           Min: 0, Avg:  0.0, Max: 0, Diff: 0, Sum: 0, Workers: 4
[3033.185s][debug][gc,phases      ] GC(84)     Total                          Min: 0, Avg: 193.5, Max: 448, Diff: 448, Sum: 774, Workers: 4
[3033.185s][debug][gc,phases      ] GC(84)   ObjectSynchronizer Weak        Min:  0.0, Avg:  0.0, Max:  0.0, Diff:  0.0, Sum:  0.0, Workers: 4
[3033.185s][debug][gc,phases      ] GC(84)     Dead                           Min: 0, Avg:  0.0, Max: 0, Diff: 0, Sum: 0, Workers: 4
[3033.185s][debug][gc,phases      ] GC(84)     Total                          Min: 0, Avg: 15.5, Max: 62, Diff: 62, Sum: 62, Workers: 4
[3033.185s][debug][gc,phases      ] GC(84)   JVMTI Tag Weak OopStorage      Min:  0.0, Avg:  0.0, Max:  0.0, Diff:  0.0, Sum:  0.0, Workers: 4
[3033.185s][debug][gc,phases      ] GC(84)     Dead                           Min: 0, Avg:  0.0, Max: 0, Diff: 0, Sum: 0, Workers: 4
[3033.185s][debug][gc,phases      ] GC(84)     Total                          Min: 0, Avg:  0.0, Max: 0, Diff: 0, Sum: 0, Workers: 4
[3033.185s][debug][gc,phases      ] GC(84)   StringTable Weak               Min:  0.1, Avg:  0.1, Max:  0.1, Diff:  0.0, Sum:  0.4, Workers: 4
[3033.185s][debug][gc,phases      ] GC(84)     Dead                           Min: 0, Avg:  0.0, Max: 0, Diff: 0, Sum: 0, Workers: 4
[3033.185s][debug][gc,phases      ] GC(84)     Total                          Min: 10304, Avg: 10723.5, Max: 11150, Diff: 846, Sum: 42894, Workers: 4
[3033.185s][debug][gc,phases      ] GC(84)   ResolvedMethodTable Weak       Min:  0.0, Avg:  0.0, Max:  0.0, Diff:  0.0, Sum:  0.1, Workers: 4
[3033.185s][debug][gc,phases      ] GC(84)     Dead                           Min: 0, Avg:  0.0, Max: 0, Diff: 0, Sum: 0, Workers: 4
[3033.185s][debug][gc,phases      ] GC(84)     Total                          Min: 2112, Avg: 2186.5, Max: 2304, Diff: 192, Sum: 8746, Workers: 4
[3033.185s][debug][gc,phases      ] GC(84)   JNI Weak                       Min:  0.0, Avg:  0.0, Max:  0.0, Diff:  0.0, Sum:  0.0, Workers: 4
[3033.185s][debug][gc,phases      ] GC(84)     Dead                           Min: 0, Avg:  0.0, Max: 0, Diff: 0, Sum: 0, Workers: 4
[3033.185s][debug][gc,phases      ] GC(84)     Total                          Min: 0, Avg: 11.2, Max: 45, Diff: 45, Sum: 45, Workers: 4
[3033.185s][debug][gc,phases      ] GC(84)   StringDedup Table Weak         Min:  0.0, Avg:  0.0, Max:  0.0, Diff:  0.0, Sum:  0.0, Workers: 4
[3033.185s][debug][gc,phases      ] GC(84)     Dead                           Min: 0, Avg:  0.0, Max: 0, Diff: 0, Sum: 0, Workers: 4
[3033.185s][debug][gc,phases      ] GC(84)     Total                          Min: 0, Avg:  0.0, Max: 0, Diff: 0, Sum: 0, Workers: 4
[3033.185s][debug][gc,phases      ] GC(84)   StringDedup Requests0 Weak     Min:  0.0, Avg:  0.0, Max:  0.0, Diff:  0.0, Sum:  0.0, Workers: 4
[3033.185s][debug][gc,phases      ] GC(84)     Dead                           Min: 0, Avg:  0.0, Max: 0, Diff: 0, Sum: 0, Workers: 4
[3033.185s][debug][gc,phases      ] GC(84)     Total                          Min: 0, Avg:  0.0, Max: 0, Diff: 0, Sum: 0, Workers: 4
[3033.185s][debug][gc,phases      ] GC(84)   StringDedup Requests1 Weak     Min:  0.0, Avg:  0.0, Max:  0.0, Diff:  0.0, Sum:  0.0, Workers: 4
[3033.185s][debug][gc,phases      ] GC(84)     Dead                           Min: 0, Avg:  0.0, Max: 0, Diff: 0, Sum: 0, Workers: 4
[3033.185s][debug][gc,phases      ] GC(84)     Total                          Min: 0, Avg:  0.0, Max: 0, Diff: 0, Sum: 0, Workers: 4
[3033.185s][debug][gc,phases      ] GC(84)   Weak JFR Old Object Samples    Min:  0.0, Avg:  0.0, Max:  0.0, Diff:  0.0, Sum:  0.0, Workers: 4
[3033.185s][debug][gc,phases      ] GC(84)     Dead                           Min: 0, Avg:  0.0, Max: 0, Diff: 0, Sum: 0, Workers: 4
[3033.185s][debug][gc,phases      ] GC(84)     Total                          Min: 0, Avg:  0.0, Max: 0, Diff: 0, Sum: 0, Workers: 4
[3033.185s][debug][gc,phases      ] GC(84) Weak Processing 0.292ms
[3033.185s][debug][gc,age         ] GC(84) Desired survivor size 54001664 bytes, new threshold 15 (max threshold 15)
[3033.185s][info ][gc,heap        ] GC(84) PSYoungGen: 2006960K(2043392K)->17728K(2042880K) Eden: 1989120K(1989120K)->0K(1989120K) From: 17840K(54272K)->17728K(53760K)
[3033.185s][info ][gc,heap        ] GC(84) ParOldGen: 475152K(553472K)->475280K(553472K)
[3033.185s][info ][gc,metaspace   ] GC(84) Metaspace: 80018K(80960K)->80018K(80960K) NonClass: 68754K(69248K)->68754K(69248K) Class: 11263K(11712K)->11263K(11712K)
[3033.185s][info ][gc             ] GC(84) Pause Young (Allocation Failure) 2423M->481M(2535M) 7.042ms
[3033.185s][info ][gc,cpu         ] GC(84) User=0.02s Sys=0.00s Real=0.01s
[3033.185s][info ][safepoint      ] Safepoint "ParallelGCFailedAllocation", Time since last: 3983897062 ns, Reaching safepoint: 117101 ns, At safepoint: 7132066 ns, Total: 7249167 ns
[3126.178s][info ][gc,start       ] GC(85) Pause Young (Allocation Failure)
[3126.184s][debug][gc,phases      ] GC(85) Scavenge 5.904ms
[3126.184s][debug][gc,ref         ] GC(85) Skipped phase 1 of Reference Processing: no references
[3126.184s][debug][gc,ref         ] GC(85) ReferenceProcessor::execute queues: 1, RefProcThreadModel::Single, marks_oops_alive: false
[3126.184s][debug][gc,ref         ] GC(85) Skipped phase 3 of Reference Processing: no references
[3126.184s][debug][gc,ref         ] GC(85) ReferenceProcessor::execute queues: 1, RefProcThreadModel::Single, marks_oops_alive: false
[3126.184s][debug][gc,phases      ] GC(85) Reference Processing 0.100ms
[3126.184s][debug][gc,phases      ] GC(85)   VM Weak                        Min:  0.0, Avg:  0.0, Max:  0.0, Diff:  0.0, Sum:  0.0, Workers: 4
[3126.184s][debug][gc,phases      ] GC(85)     Dead                           Min: 0, Avg:  0.0, Max: 0, Diff: 0, Sum: 0, Workers: 4
[3126.184s][debug][gc,phases      ] GC(85)     Total                          Min: 0, Avg: 193.5, Max: 454, Diff: 454, Sum: 774, Workers: 4
[3126.184s][debug][gc,phases      ] GC(85)   ObjectSynchronizer Weak        Min:  0.0, Avg:  0.0, Max:  0.0, Diff:  0.0, Sum:  0.0, Workers: 4
[3126.184s][debug][gc,phases      ] GC(85)     Dead                           Min: 0, Avg:  0.0, Max: 0, Diff: 0, Sum: 0, Workers: 4
[3126.184s][debug][gc,phases      ] GC(85)     Total                          Min: 0, Avg: 15.5, Max: 62, Diff: 62, Sum: 62, Workers: 4
[3126.184s][debug][gc,phases      ] GC(85)   JVMTI Tag Weak OopStorage      Min:  0.0, Avg:  0.0, Max:  0.0, Diff:  0.0, Sum:  0.0, Workers: 4
[3126.184s][debug][gc,phases      ] GC(85)     Dead                           Min: 0, Avg:  0.0, Max: 0, Diff: 0, Sum: 0, Workers: 4
[3126.184s][debug][gc,phases      ] GC(85)     Total                          Min: 0, Avg:  0.0, Max: 0, Diff: 0, Sum: 0, Workers: 4
[3126.184s][debug][gc,phases      ] GC(85)   StringTable Weak               Min:  0.0, Avg:  0.1, Max:  0.1, Diff:  0.1, Sum:  0.3, Workers: 4
[3126.184s][debug][gc,phases      ] GC(85)     Dead                           Min: 0, Avg:  0.0, Max: 0, Diff: 0, Sum: 0, Workers: 4
[3126.184s][debug][gc,phases      ] GC(85)     Total                          Min: 0, Avg: 10723.5, Max: 18766, Diff: 18766, Sum: 42894, Workers: 4
[3126.184s][debug][gc,phases      ] GC(85)   ResolvedMethodTable Weak       Min:  0.0, Avg:  0.0, Max:  0.0, Diff:  0.0, Sum:  0.1, Workers: 4
[3126.184s][debug][gc,phases      ] GC(85)     Dead                           Min: 0, Avg:  0.0, Max: 0, Diff: 0, Sum: 0, Workers: 4
[3126.184s][debug][gc,phases      ] GC(85)     Total                          Min: 0, Avg: 2186.5, Max: 4074, Diff: 4074, Sum: 8746, Workers: 4
[3126.184s][debug][gc,phases      ] GC(85)   JNI Weak                       Min:  0.0, Avg:  0.0, Max:  0.0, Diff:  0.0, Sum:  0.0, Workers: 4
[3126.184s][debug][gc,phases      ] GC(85)     Dead                           Min: 0, Avg:  0.0, Max: 0, Diff: 0, Sum: 0, Workers: 4
[3126.184s][debug][gc,phases      ] GC(85)     Total                          Min: 0, Avg: 11.2, Max: 45, Diff: 45, Sum: 45, Workers: 4
[3126.184s][debug][gc,phases      ] GC(85)   StringDedup Table Weak         Min:  0.0, Avg:  0.0, Max:  0.0, Diff:  0.0, Sum:  0.0, Workers: 4
[3126.184s][debug][gc,phases      ] GC(85)     Dead                           Min: 0, Avg:  0.0, Max: 0, Diff: 0, Sum: 0, Workers: 4
[3126.184s][debug][gc,phases      ] GC(85)     Total                          Min: 0, Avg:  0.0, Max: 0, Diff: 0, Sum: 0, Workers: 4
[3126.184s][debug][gc,phases      ] GC(85)   StringDedup Requests0 Weak     Min:  0.0, Avg:  0.0, Max:  0.0, Diff:  0.0, Sum:  0.0, Workers: 4
[3126.184s][debug][gc,phases      ] GC(85)     Dead                           Min: 0, Avg:  0.0, Max: 0, Diff: 0, Sum: 0, Workers: 4
[3126.184s][debug][gc,phases      ] GC(85)     Total                          Min: 0, Avg:  0.0, Max: 0, Diff: 0, Sum: 0, Workers: 4
[3126.184s][debug][gc,phases      ] GC(85)   StringDedup Requests1 Weak     Min:  0.0, Avg:  0.0, Max:  0.0, Diff:  0.0, Sum:  0.0, Workers: 4
[3126.184s][debug][gc,phases      ] GC(85)     Dead                           Min: 0, Avg:  0.0, Max: 0, Diff: 0, Sum: 0, Workers: 4
[3126.184s][debug][gc,phases      ] GC(85)     Total                          Min: 0, Avg:  0.0, Max: 0, Diff: 0, Sum: 0, Workers: 4
[3126.184s][debug][gc,phases      ] GC(85)   Weak JFR Old Object Samples    Min:  0.0, Avg:  0.0, Max:  0.0, Diff:  0.0, Sum:  0.0, Workers: 4
[3126.184s][debug][gc,phases      ] GC(85)     Dead                           Min: 0, Avg:  0.0, Max: 0, Diff: 0, Sum: 0, Workers: 4
[3126.184s][debug][gc,phases      ] GC(85)     Total                          Min: 0, Avg:  0.0, Max: 0, Diff: 0, Sum: 0, Workers: 4
[3126.184s][debug][gc,phases      ] GC(85) Weak Processing 0.298ms
[3126.184s][debug][gc,age         ] GC(85) Desired survivor size 52953088 bytes, new threshold 15 (max threshold 15)
[3126.184s][info ][gc,heap        ] GC(85) PSYoungGen: 2006848K(2042880K)->16448K(2045440K) Eden: 1989120K(1989120K)->0K(1992704K) From: 17728K(53760K)->16448K(52736K)
[3126.184s][info ][gc,heap        ] GC(85) ParOldGen: 475280K(553472K)->476316K(553472K)
[3126.184s][info ][gc,metaspace   ] GC(85) Metaspace: 80047K(81024K)->80047K(81024K) NonClass: 68784K(69312K)->68784K(69312K) Class: 11263K(11712K)->11263K(11712K)
[3126.184s][info ][gc             ] GC(85) Pause Young (Allocation Failure) 2423M->481M(2538M) 6.401ms
[3126.184s][info ][gc,cpu         ] GC(85) User=0.02s Sys=0.01s Real=0.01s
[3126.184s][info ][safepoint      ] Safepoint "ParallelGCFailedAllocation", Time since last: 92992438662 ns, Reaching safepoint: 93901 ns, At safepoint: 6496059 ns, Total: 6589960 ns
[3143.185s][info ][safepoint      ] Safepoint "Cleanup", Time since last: 17001037564 ns, Reaching safepoint: 49301 ns, At safepoint: 10000 ns, Total: 59301 ns
[3167.187s][info ][safepoint      ] Safepoint "Cleanup", Time since last: 24001421665 ns, Reaching safepoint: 31401 ns, At safepoint: 2600 ns, Total: 34001 ns
[3181.188s][info ][safepoint      ] Safepoint "Cleanup", Time since last: 14000821004 ns, Reaching safepoint: 48201 ns, At safepoint: 3500 ns, Total: 51701 ns
[3183.188s][info ][safepoint      ] Safepoint "Cleanup", Time since last: 2000168858 ns, Reaching safepoint: 36801 ns, At safepoint: 7400 ns, Total: 44201 ns
[3192.189s][info ][safepoint      ] Safepoint "Cleanup", Time since last: 9000521471 ns, Reaching safepoint: 43700 ns, At safepoint: 3700 ns, Total: 47400 ns
[3218.190s][info ][safepoint      ] Safepoint "Cleanup", Time since last: 26001682766 ns, Reaching safepoint: 42500 ns, At safepoint: 2100 ns, Total: 44600 ns
[3224.728s][info ][gc,start       ] GC(86) Pause Young (Allocation Failure)
[3224.734s][debug][gc,phases      ] GC(86) Scavenge 5.618ms
[3224.734s][debug][gc,ref         ] GC(86) Skipped phase 1 of Reference Processing: no references
[3224.734s][debug][gc,ref         ] GC(86) ReferenceProcessor::execute queues: 1, RefProcThreadModel::Single, marks_oops_alive: false
[3224.734s][debug][gc,ref         ] GC(86) Skipped phase 3 of Reference Processing: no references
[3224.734s][debug][gc,ref         ] GC(86) ReferenceProcessor::execute queues: 1, RefProcThreadModel::Single, marks_oops_alive: false
[3224.734s][debug][gc,phases      ] GC(86) Reference Processing 0.089ms
[3224.734s][debug][gc,phases      ] GC(86)   VM Weak                        Min:  0.0, Avg:  0.0, Max:  0.0, Diff:  0.0, Sum:  0.0, Workers: 4
[3224.734s][debug][gc,phases      ] GC(86)     Dead                           Min: 0, Avg:  0.0, Max: 0, Diff: 0, Sum: 0, Workers: 4
[3224.734s][debug][gc,phases      ] GC(86)     Total                          Min: 0, Avg: 193.5, Max: 774, Diff: 774, Sum: 774, Workers: 4
[3224.734s][debug][gc,phases      ] GC(86)   ObjectSynchronizer Weak        Min:  0.0, Avg:  0.0, Max:  0.0, Diff:  0.0, Sum:  0.0, Workers: 4
[3224.734s][debug][gc,phases      ] GC(86)     Dead                           Min: 0, Avg:  0.0, Max: 0, Diff: 0, Sum: 0, Workers: 4
[3224.734s][debug][gc,phases      ] GC(86)     Total                          Min: 0, Avg: 15.5, Max: 62, Diff: 62, Sum: 62, Workers: 4
[3224.734s][debug][gc,phases      ] GC(86)   JVMTI Tag Weak OopStorage      Min:  0.0, Avg:  0.0, Max:  0.0, Diff:  0.0, Sum:  0.0, Workers: 4
[3224.734s][debug][gc,phases      ] GC(86)     Dead                           Min: 0, Avg:  0.0, Max: 0, Diff: 0, Sum: 0, Workers: 4
[3224.734s][debug][gc,phases      ] GC(86)     Total                          Min: 0, Avg:  0.0, Max: 0, Diff: 0, Sum: 0, Workers: 4
[3224.734s][debug][gc,phases      ] GC(86)   StringTable Weak               Min:  0.0, Avg:  0.1, Max:  0.1, Diff:  0.1, Sum:  0.4, Workers: 4
[3224.734s][debug][gc,phases      ] GC(86)     Dead                           Min: 0, Avg:  0.2, Max: 1, Diff: 1, Sum: 1, Workers: 4
[3224.734s][debug][gc,phases      ] GC(86)     Total                          Min: 0, Avg: 10723.8, Max: 18495, Diff: 18495, Sum: 42895, Workers: 4
[3224.734s][debug][gc,phases      ] GC(86)   ResolvedMethodTable Weak       Min:  0.0, Avg:  0.0, Max:  0.0, Diff:  0.0, Sum:  0.1, Workers: 4
[3224.734s][debug][gc,phases      ] GC(86)     Dead                           Min: 0, Avg:  0.0, Max: 0, Diff: 0, Sum: 0, Workers: 4
[3224.734s][debug][gc,phases      ] GC(86)     Total                          Min: 0, Avg: 2187.0, Max: 3776, Diff: 3776, Sum: 8748, Workers: 4
[3224.734s][debug][gc,phases      ] GC(86)   JNI Weak                       Min:  0.0, Avg:  0.0, Max:  0.0, Diff:  0.0, Sum:  0.0, Workers: 4
[3224.734s][debug][gc,phases      ] GC(86)     Dead                           Min: 0, Avg:  0.0, Max: 0, Diff: 0, Sum: 0, Workers: 4
[3224.734s][debug][gc,phases      ] GC(86)     Total                          Min: 0, Avg: 11.2, Max: 45, Diff: 45, Sum: 45, Workers: 4
[3224.734s][debug][gc,phases      ] GC(86)   StringDedup Table Weak         Min:  0.0, Avg:  0.0, Max:  0.0, Diff:  0.0, Sum:  0.0, Workers: 4
[3224.734s][debug][gc,phases      ] GC(86)     Dead                           Min: 0, Avg:  0.0, Max: 0, Diff: 0, Sum: 0, Workers: 4
[3224.734s][debug][gc,phases      ] GC(86)     Total                          Min: 0, Avg:  0.0, Max: 0, Diff: 0, Sum: 0, Workers: 4
[3224.734s][debug][gc,phases      ] GC(86)   StringDedup Requests0 Weak     Min:  0.0, Avg:  0.0, Max:  0.0, Diff:  0.0, Sum:  0.0, Workers: 4
[3224.734s][debug][gc,phases      ] GC(86)     Dead                           Min: 0, Avg:  0.0, Max: 0, Diff: 0, Sum: 0, Workers: 4
[3224.734s][debug][gc,phases      ] GC(86)     Total                          Min: 0, Avg:  0.0, Max: 0, Diff: 0, Sum: 0, Workers: 4
[3224.734s][debug][gc,phases      ] GC(86)   StringDedup Requests1 Weak     Min:  0.0, Avg:  0.0, Max:  0.0, Diff:  0.0, Sum:  0.0, Workers: 4
[3224.734s][debug][gc,phases      ] GC(86)     Dead                           Min: 0, Avg:  0.0, Max: 0, Diff: 0, Sum: 0, Workers: 4
[3224.734s][debug][gc,phases      ] GC(86)     Total                          Min: 0, Avg:  0.0, Max: 0, Diff: 0, Sum: 0, Workers: 4
[3224.734s][debug][gc,phases      ] GC(86)   Weak JFR Old Object Samples    Min:  0.0, Avg:  0.0, Max:  0.0, Diff:  0.0, Sum:  0.0, Workers: 4
[3224.734s][debug][gc,phases      ] GC(86)     Dead                           Min: 0, Avg:  0.0, Max: 0, Diff: 0, Sum: 0, Workers: 4
[3224.734s][debug][gc,phases      ] GC(86)     Total                          Min: 0, Avg:  0.0, Max: 0, Diff: 0, Sum: 0, Workers: 4
[3224.734s][debug][gc,phases      ] GC(86) Weak Processing 0.318ms
[3224.734s][debug][gc,age         ] GC(86) Desired survivor size 51904512 bytes, new threshold 15 (max threshold 15)
[3224.734s][info ][gc,heap        ] GC(86) PSYoungGen: 2009152K(2045440K)->16208K(2044416K) Eden: 1992704K(1992704K)->0K(1992704K) From: 16448K(52736K)->16208K(51712K)
[3224.734s][info ][gc,heap        ] GC(86) ParOldGen: 476316K(553472K)->476388K(553472K)
[3224.734s][info ][gc,metaspace   ] GC(86) Metaspace: 80051K(81024K)->80051K(81024K) NonClass: 68787K(69312K)->68787K(69312K) Class: 11264K(11712K)->11264K(11712K)
[3224.734s][info ][gc             ] GC(86) Pause Young (Allocation Failure) 2427M->481M(2537M) 6.131ms
[3224.734s][info ][gc,cpu         ] GC(86) User=0.02s Sys=0.00s Real=0.01s
[3224.734s][info ][safepoint      ] Safepoint "ParallelGCFailedAllocation", Time since last: 6537425341 ns, Reaching safepoint: 103401 ns, At safepoint: 6196256 ns, Total: 6299657 ns
[3317.740s][info ][safepoint      ] Safepoint "Cleanup", Time since last: 93005726269 ns, Reaching safepoint: 53600 ns, At safepoint: 3801 ns, Total: 57401 ns
[3320.740s][info ][safepoint      ] Safepoint "Cleanup", Time since last: 3000189731 ns, Reaching safepoint: 41901 ns, At safepoint: 3700 ns, Total: 45601 ns
[3324.328s][info ][gc,start       ] GC(87) Pause Young (Allocation Failure)
[3324.334s][debug][gc,phases      ] GC(87) Scavenge 5.758ms
[3324.334s][debug][gc,ref         ] GC(87) Skipped phase 1 of Reference Processing: no references
[3324.334s][debug][gc,ref         ] GC(87) ReferenceProcessor::execute queues: 1, RefProcThreadModel::Single, marks_oops_alive: false
[3324.334s][debug][gc,ref         ] GC(87) Skipped phase 3 of Reference Processing: no references
[3324.334s][debug][gc,ref         ] GC(87) ReferenceProcessor::execute queues: 1, RefProcThreadModel::Single, marks_oops_alive: false
[3324.334s][debug][gc,phases      ] GC(87) Reference Processing 0.108ms
[3324.334s][debug][gc,phases      ] GC(87)   VM Weak                        Min:  0.0, Avg:  0.0, Max:  0.0, Diff:  0.0, Sum:  0.0, Workers: 4
[3324.334s][debug][gc,phases      ] GC(87)     Dead                           Min: 0, Avg:  0.0, Max: 0, Diff: 0, Sum: 0, Workers: 4
[3324.334s][debug][gc,phases      ] GC(87)     Total                          Min: 0, Avg: 193.5, Max: 768, Diff: 768, Sum: 774, Workers: 4
[3324.334s][debug][gc,phases      ] GC(87)   ObjectSynchronizer Weak        Min:  0.0, Avg:  0.0, Max:  0.0, Diff:  0.0, Sum:  0.0, Workers: 4
[3324.334s][debug][gc,phases      ] GC(87)     Dead                           Min: 0, Avg:  0.0, Max: 0, Diff: 0, Sum: 0, Workers: 4
[3324.334s][debug][gc,phases      ] GC(87)     Total                          Min: 0, Avg: 15.5, Max: 62, Diff: 62, Sum: 62, Workers: 4
[3324.334s][debug][gc,phases      ] GC(87)   JVMTI Tag Weak OopStorage      Min:  0.0, Avg:  0.0, Max:  0.0, Diff:  0.0, Sum:  0.0, Workers: 4
[3324.334s][debug][gc,phases      ] GC(87)     Dead                           Min: 0, Avg:  0.0, Max: 0, Diff: 0, Sum: 0, Workers: 4
[3324.334s][debug][gc,phases      ] GC(87)     Total                          Min: 0, Avg:  0.0, Max: 0, Diff: 0, Sum: 0, Workers: 4
[3324.334s][debug][gc,phases      ] GC(87)   StringTable Weak               Min:  0.0, Avg:  0.1, Max:  0.1, Diff:  0.1, Sum:  0.4, Workers: 4
[3324.334s][debug][gc,phases      ] GC(87)     Dead                           Min: 0, Avg:  0.0, Max: 0, Diff: 0, Sum: 0, Workers: 4
[3324.334s][debug][gc,phases      ] GC(87)     Total                          Min: 0, Avg: 10724.5, Max: 16896, Diff: 16896, Sum: 42898, Workers: 4
[3324.334s][debug][gc,phases      ] GC(87)   ResolvedMethodTable Weak       Min:  0.0, Avg:  0.0, Max:  0.0, Diff:  0.0, Sum:  0.1, Workers: 4
[3324.334s][debug][gc,phases      ] GC(87)     Dead                           Min: 0, Avg:  0.0, Max: 0, Diff: 0, Sum: 0, Workers: 4
[3324.334s][debug][gc,phases      ] GC(87)     Total                          Min: 0, Avg: 2187.0, Max: 3711, Diff: 3711, Sum: 8748, Workers: 4
[3324.334s][debug][gc,phases      ] GC(87)   JNI Weak                       Min:  0.0, Avg:  0.0, Max:  0.0, Diff:  0.0, Sum:  0.0, Workers: 4
[3324.334s][debug][gc,phases      ] GC(87)     Dead                           Min: 0, Avg:  0.0, Max: 0, Diff: 0, Sum: 0, Workers: 4
[3324.334s][debug][gc,phases      ] GC(87)     Total                          Min: 0, Avg: 11.2, Max: 45, Diff: 45, Sum: 45, Workers: 4
[3324.334s][debug][gc,phases      ] GC(87)   StringDedup Table Weak         Min:  0.0, Avg:  0.0, Max:  0.0, Diff:  0.0, Sum:  0.0, Workers: 4
[3324.334s][debug][gc,phases      ] GC(87)     Dead                           Min: 0, Avg:  0.0, Max: 0, Diff: 0, Sum: 0, Workers: 4
[3324.334s][debug][gc,phases      ] GC(87)     Total                          Min: 0, Avg:  0.0, Max: 0, Diff: 0, Sum: 0, Workers: 4
[3324.334s][debug][gc,phases      ] GC(87)   StringDedup Requests0 Weak     Min:  0.0, Avg:  0.0, Max:  0.0, Diff:  0.0, Sum:  0.0, Workers: 4
[3324.334s][debug][gc,phases      ] GC(87)     Dead                           Min: 0, Avg:  0.0, Max: 0, Diff: 0, Sum: 0, Workers: 4
[3324.334s][debug][gc,phases      ] GC(87)     Total                          Min: 0, Avg:  0.0, Max: 0, Diff: 0, Sum: 0, Workers: 4
[3324.334s][debug][gc,phases      ] GC(87)   StringDedup Requests1 Weak     Min:  0.0, Avg:  0.0, Max:  0.0, Diff:  0.0, Sum:  0.0, Workers: 4
[3324.334s][debug][gc,phases      ] GC(87)     Dead                           Min: 0, Avg:  0.0, Max: 0, Diff: 0, Sum: 0, Workers: 4
[3324.334s][debug][gc,phases      ] GC(87)     Total                          Min: 0, Avg:  0.0, Max: 0, Diff: 0, Sum: 0, Workers: 4
[3324.334s][debug][gc,phases      ] GC(87)   Weak JFR Old Object Samples    Min:  0.0, Avg:  0.0, Max:  0.0, Diff:  0.0, Sum:  0.0, Workers: 4
[3324.334s][debug][gc,phases      ] GC(87)     Dead                           Min: 0, Avg:  0.0, Max: 0, Diff: 0, Sum: 0, Workers: 4
[3324.334s][debug][gc,phases      ] GC(87)     Total                          Min: 0, Avg:  0.0, Max: 0, Diff: 0, Sum: 0, Workers: 4
[3324.334s][debug][gc,phases      ] GC(87) Weak Processing 0.320ms
[3324.334s][debug][gc,age         ] GC(87) Desired survivor size 50331648 bytes, new threshold 15 (max threshold 15)
[3324.334s][info ][gc,heap        ] GC(87) PSYoungGen: 2008912K(2044416K)->16128K(2048000K) Eden: 1992704K(1992704K)->0K(1997312K) From: 16208K(51712K)->16128K(50688K)
[3324.334s][info ][gc,heap        ] GC(87) ParOldGen: 476388K(553472K)->476508K(553472K)
[3324.334s][info ][gc,metaspace   ] GC(87) Metaspace: 80063K(81024K)->80063K(81024K) NonClass: 68798K(69312K)->68798K(69312K) Class: 11264K(11712K)->11264K(11712K)
[3324.334s][info ][gc             ] GC(87) Pause Young (Allocation Failure) 2427M->481M(2540M) 6.304ms
[3324.334s][info ][gc,cpu         ] GC(87) User=0.02s Sys=0.00s Real=0.01s
[3324.334s][info ][safepoint      ] Safepoint "ParallelGCFailedAllocation", Time since last: 3587893700 ns, Reaching safepoint: 72200 ns, At safepoint: 6384058 ns, Total: 6456258 ns
[3331.335s][info ][safepoint      ] Safepoint "Cleanup", Time since last: 7000496802 ns, Reaching safepoint: 329503 ns, At safepoint: 25201 ns, Total: 354704 ns
[3353.337s][info ][safepoint      ] Safepoint "Cleanup", Time since last: 22001289877 ns, Reaching safepoint: 28901 ns, At safepoint: 30900 ns, Total: 59801 ns
[3361.337s][info ][safepoint      ] Safepoint "Cleanup", Time since last: 8000514028 ns, Reaching safepoint: 41900 ns, At safepoint: 3800 ns, Total: 45700 ns
[3363.337s][info ][safepoint      ] Safepoint "Cleanup", Time since last: 2000170902 ns, Reaching safepoint: 37500 ns, At safepoint: 2500 ns, Total: 40000 ns
[3395.339s][info ][safepoint      ] Safepoint "Cleanup", Time since last: 32001962997 ns, Reaching safepoint: 34601 ns, At safepoint: 3900 ns, Total: 38501 ns
[3399.177s][info ][gc,start       ] GC(88) Pause Young (Allocation Failure)
[3399.191s][debug][gc,phases      ] GC(88) Scavenge 13.873ms
[3399.191s][debug][gc,ref         ] GC(88) Skipped phase 1 of Reference Processing: no references
[3399.191s][debug][gc,ref         ] GC(88) ReferenceProcessor::execute queues: 1, RefProcThreadModel::Single, marks_oops_alive: false
[3399.191s][debug][gc,ref         ] GC(88) Skipped phase 3 of Reference Processing: no references
[3399.191s][debug][gc,ref         ] GC(88) ReferenceProcessor::execute queues: 1, RefProcThreadModel::Single, marks_oops_alive: false
[3399.191s][debug][gc,phases      ] GC(88) Reference Processing 0.094ms
[3399.191s][debug][gc,phases      ] GC(88)   VM Weak                        Min:  0.0, Avg:  0.0, Max:  0.0, Diff:  0.0, Sum:  0.0, Workers: 4
[3399.191s][debug][gc,phases      ] GC(88)     Dead                           Min: 0, Avg:  0.0, Max: 0, Diff: 0, Sum: 0, Workers: 4
[3399.191s][debug][gc,phases      ] GC(88)     Total                          Min: 0, Avg: 193.5, Max: 384, Diff: 384, Sum: 774, Workers: 4
[3399.191s][debug][gc,phases      ] GC(88)   ObjectSynchronizer Weak        Min:  0.0, Avg:  0.0, Max:  0.0, Diff:  0.0, Sum:  0.0, Workers: 4
[3399.191s][debug][gc,phases      ] GC(88)     Dead                           Min: 0, Avg:  0.0, Max: 0, Diff: 0, Sum: 0, Workers: 4
[3399.191s][debug][gc,phases      ] GC(88)     Total                          Min: 0, Avg: 15.5, Max: 62, Diff: 62, Sum: 62, Workers: 4
[3399.191s][debug][gc,phases      ] GC(88)   JVMTI Tag Weak OopStorage      Min:  0.0, Avg:  0.0, Max:  0.0, Diff:  0.0, Sum:  0.0, Workers: 4
[3399.191s][debug][gc,phases      ] GC(88)     Dead                           Min: 0, Avg:  0.0, Max: 0, Diff: 0, Sum: 0, Workers: 4
[3399.191s][debug][gc,phases      ] GC(88)     Total                          Min: 0, Avg:  0.0, Max: 0, Diff: 0, Sum: 0, Workers: 4
[3399.192s][debug][gc,phases      ] GC(88)   StringTable Weak               Min:  0.1, Avg:  0.1, Max:  0.1, Diff:  0.0, Sum:  0.4, Workers: 4
[3399.192s][debug][gc,phases      ] GC(88)     Dead                           Min: 0, Avg:  0.0, Max: 0, Diff: 0, Sum: 0, Workers: 4
[3399.192s][debug][gc,phases      ] GC(88)     Total                          Min: 9855, Avg: 10724.5, Max: 11264, Diff: 1409, Sum: 42898, Workers: 4
[3399.192s][debug][gc,phases      ] GC(88)   ResolvedMethodTable Weak       Min:  0.0, Avg:  0.0, Max:  0.0, Diff:  0.0, Sum:  0.1, Workers: 4
[3399.192s][debug][gc,phases      ] GC(88)     Dead                           Min: 0, Avg:  0.0, Max: 0, Diff: 0, Sum: 0, Workers: 4
[3399.192s][debug][gc,phases      ] GC(88)     Total                          Min: 2175, Avg: 2187.0, Max: 2221, Diff: 46, Sum: 8748, Workers: 4
[3399.192s][debug][gc,phases      ] GC(88)   JNI Weak                       Min:  0.0, Avg:  0.0, Max:  0.0, Diff:  0.0, Sum:  0.0, Workers: 4
[3399.192s][debug][gc,phases      ] GC(88)     Dead                           Min: 0, Avg:  0.0, Max: 0, Diff: 0, Sum: 0, Workers: 4
[3399.192s][debug][gc,phases      ] GC(88)     Total                          Min: 0, Avg: 11.2, Max: 45, Diff: 45, Sum: 45, Workers: 4
[3399.192s][debug][gc,phases      ] GC(88)   StringDedup Table Weak         Min:  0.0, Avg:  0.0, Max:  0.0, Diff:  0.0, Sum:  0.0, Workers: 4
[3399.192s][debug][gc,phases      ] GC(88)     Dead                           Min: 0, Avg:  0.0, Max: 0, Diff: 0, Sum: 0, Workers: 4
[3399.192s][debug][gc,phases      ] GC(88)     Total                          Min: 0, Avg:  0.0, Max: 0, Diff: 0, Sum: 0, Workers: 4
[3399.192s][debug][gc,phases      ] GC(88)   StringDedup Requests0 Weak     Min:  0.0, Avg:  0.0, Max:  0.0, Diff:  0.0, Sum:  0.0, Workers: 4
[3399.192s][debug][gc,phases      ] GC(88)     Dead                           Min: 0, Avg:  0.0, Max: 0, Diff: 0, Sum: 0, Workers: 4
[3399.192s][debug][gc,phases      ] GC(88)     Total                          Min: 0, Avg:  0.0, Max: 0, Diff: 0, Sum: 0, Workers: 4
[3399.192s][debug][gc,phases      ] GC(88)   StringDedup Requests1 Weak     Min:  0.0, Avg:  0.0, Max:  0.0, Diff:  0.0, Sum:  0.0, Workers: 4
[3399.192s][debug][gc,phases      ] GC(88)     Dead                           Min: 0, Avg:  0.0, Max: 0, Diff: 0, Sum: 0, Workers: 4
[3399.192s][debug][gc,phases      ] GC(88)     Total                          Min: 0, Avg:  0.0, Max: 0, Diff: 0, Sum: 0, Workers: 4
[3399.192s][debug][gc,phases      ] GC(88)   Weak JFR Old Object Samples    Min:  0.0, Avg:  0.0, Max:  0.0, Diff:  0.0, Sum:  0.0, Workers: 4
[3399.192s][debug][gc,phases      ] GC(88)     Dead                           Min: 0, Avg:  0.0, Max: 0, Diff: 0, Sum: 0, Workers: 4
[3399.192s][debug][gc,phases      ] GC(88)     Total                          Min: 0, Avg:  0.0, Max: 0, Diff: 0, Sum: 0, Workers: 4
[3399.192s][debug][gc,phases      ] GC(88) Weak Processing 0.294ms
[3399.192s][debug][gc,age         ] GC(88) Desired survivor size 51904512 bytes, new threshold 15 (max threshold 15)
[3399.192s][info ][gc,heap        ] GC(88) PSYoungGen: 2013440K(2048000K)->34000K(2046464K) Eden: 1997312K(1997312K)->0K(1997312K) From: 16128K(50688K)->34000K(49152K)
[3399.192s][info ][gc,heap        ] GC(88) ParOldGen: 476508K(553472K)->476620K(553472K)
[3399.192s][info ][gc,metaspace   ] GC(88) Metaspace: 80068K(81024K)->80068K(81024K) NonClass: 68803K(69312K)->68803K(69312K) Class: 11264K(11712K)->11264K(11712K)
[3399.192s][info ][gc             ] GC(88) Pause Young (Allocation Failure) 2431M->498M(2539M) 14.376ms
[3399.192s][info ][gc,cpu         ] GC(88) User=0.06s Sys=0.00s Real=0.01s
[3399.192s][info ][safepoint      ] Safepoint "ParallelGCFailedAllocation", Time since last: 3837736870 ns, Reaching safepoint: 105601 ns, At safepoint: 14459029 ns, Total: 14564630 ns
[3400.192s][info ][safepoint      ] Safepoint "Cleanup", Time since last: 1000100929 ns, Reaching safepoint: 66501 ns, At safepoint: 2600 ns, Total: 69101 ns
[3407.192s][info ][safepoint      ] Safepoint "Cleanup", Time since last: 7000447788 ns, Reaching safepoint: 39000 ns, At safepoint: 3000 ns, Total: 42000 ns
[3409.679s][info ][gc,start       ] GC(89) Pause Young (Allocation Failure)
[3409.694s][debug][gc,phases      ] GC(89) Scavenge 14.678ms
[3409.694s][debug][gc,ref         ] GC(89) Skipped phase 1 of Reference Processing: no references
[3409.694s][debug][gc,ref         ] GC(89) ReferenceProcessor::execute queues: 1, RefProcThreadModel::Single, marks_oops_alive: false
[3409.694s][debug][gc,ref         ] GC(89) Skipped phase 3 of Reference Processing: no references
[3409.694s][debug][gc,ref         ] GC(89) ReferenceProcessor::execute queues: 1, RefProcThreadModel::Single, marks_oops_alive: false
[3409.694s][debug][gc,phases      ] GC(89) Reference Processing 0.106ms
[3409.694s][debug][gc,phases      ] GC(89)   VM Weak                        Min:  0.0, Avg:  0.0, Max:  0.0, Diff:  0.0, Sum:  0.0, Workers: 4
[3409.694s][debug][gc,phases      ] GC(89)     Dead                           Min: 0, Avg:  0.0, Max: 0, Diff: 0, Sum: 0, Workers: 4
[3409.694s][debug][gc,phases      ] GC(89)     Total                          Min: 0, Avg: 193.5, Max: 454, Diff: 454, Sum: 774, Workers: 4
[3409.694s][debug][gc,phases      ] GC(89)   ObjectSynchronizer Weak        Min:  0.0, Avg:  0.0, Max:  0.0, Diff:  0.0, Sum:  0.0, Workers: 4
[3409.694s][debug][gc,phases      ] GC(89)     Dead                           Min: 0, Avg:  0.0, Max: 0, Diff: 0, Sum: 0, Workers: 4
[3409.694s][debug][gc,phases      ] GC(89)     Total                          Min: 0, Avg: 15.5, Max: 62, Diff: 62, Sum: 62, Workers: 4
[3409.694s][debug][gc,phases      ] GC(89)   JVMTI Tag Weak OopStorage      Min:  0.0, Avg:  0.0, Max:  0.0, Diff:  0.0, Sum:  0.0, Workers: 4
[3409.694s][debug][gc,phases      ] GC(89)     Dead                           Min: 0, Avg:  0.0, Max: 0, Diff: 0, Sum: 0, Workers: 4
[3409.694s][debug][gc,phases      ] GC(89)     Total                          Min: 0, Avg:  0.0, Max: 0, Diff: 0, Sum: 0, Workers: 4
[3409.694s][debug][gc,phases      ] GC(89)   StringTable Weak               Min:  0.1, Avg:  0.1, Max:  0.1, Diff:  0.0, Sum:  0.4, Workers: 4
[3409.694s][debug][gc,phases      ] GC(89)     Dead                           Min: 0, Avg:  0.0, Max: 0, Diff: 0, Sum: 0, Workers: 4
[3409.694s][debug][gc,phases      ] GC(89)     Total                          Min: 10496, Avg: 10730.5, Max: 11007, Diff: 511, Sum: 42922, Workers: 4
[3409.694s][debug][gc,phases      ] GC(89)   ResolvedMethodTable Weak       Min:  0.0, Avg:  0.0, Max:  0.0, Diff:  0.0, Sum:  0.1, Workers: 4
[3409.694s][debug][gc,phases      ] GC(89)     Dead                           Min: 0, Avg:  0.0, Max: 0, Diff: 0, Sum: 0, Workers: 4
[3409.694s][debug][gc,phases      ] GC(89)     Total                          Min: 1280, Avg: 2187.0, Max: 2624, Diff: 1344, Sum: 8748, Workers: 4
[3409.694s][debug][gc,phases      ] GC(89)   JNI Weak                       Min:  0.0, Avg:  0.0, Max:  0.0, Diff:  0.0, Sum:  0.0, Workers: 4
[3409.694s][debug][gc,phases      ] GC(89)     Dead                           Min: 0, Avg:  0.0, Max: 0, Diff: 0, Sum: 0, Workers: 4
[3409.694s][debug][gc,phases      ] GC(89)     Total                          Min: 0, Avg: 11.2, Max: 45, Diff: 45, Sum: 45, Workers: 4
[3409.694s][debug][gc,phases      ] GC(89)   StringDedup Table Weak         Min:  0.0, Avg:  0.0, Max:  0.0, Diff:  0.0, Sum:  0.0, Workers: 4
[3409.694s][debug][gc,phases      ] GC(89)     Dead                           Min: 0, Avg:  0.0, Max: 0, Diff: 0, Sum: 0, Workers: 4
[3409.694s][debug][gc,phases      ] GC(89)     Total                          Min: 0, Avg:  0.0, Max: 0, Diff: 0, Sum: 0, Workers: 4
[3409.694s][debug][gc,phases      ] GC(89)   StringDedup Requests0 Weak     Min:  0.0, Avg:  0.0, Max:  0.0, Diff:  0.0, Sum:  0.0, Workers: 4
[3409.694s][debug][gc,phases      ] GC(89)     Dead                           Min: 0, Avg:  0.0, Max: 0, Diff: 0, Sum: 0, Workers: 4
[3409.694s][debug][gc,phases      ] GC(89)     Total                          Min: 0, Avg:  0.0, Max: 0, Diff: 0, Sum: 0, Workers: 4
[3409.694s][debug][gc,phases      ] GC(89)   StringDedup Requests1 Weak     Min:  0.0, Avg:  0.0, Max:  0.0, Diff:  0.0, Sum:  0.0, Workers: 4
[3409.694s][debug][gc,phases      ] GC(89)     Dead                           Min: 0, Avg:  0.0, Max: 0, Diff: 0, Sum: 0, Workers: 4
[3409.694s][debug][gc,phases      ] GC(89)     Total                          Min: 0, Avg:  0.0, Max: 0, Diff: 0, Sum: 0, Workers: 4
[3409.694s][debug][gc,phases      ] GC(89)   Weak JFR Old Object Samples    Min:  0.0, Avg:  0.0, Max:  0.0, Diff:  0.0, Sum:  0.0, Workers: 4
[3409.694s][debug][gc,phases      ] GC(89)     Dead                           Min: 0, Avg:  0.0, Max: 0, Diff: 0, Sum: 0, Workers: 4
[3409.694s][debug][gc,phases      ] GC(89)     Total                          Min: 0, Avg:  0.0, Max: 0, Diff: 0, Sum: 0, Workers: 4
[3409.694s][debug][gc,phases      ] GC(89) Weak Processing 0.293ms
[3409.694s][debug][gc,age         ] GC(89) Desired survivor size 55574528 bytes, new threshold 15 (max threshold 15)
[3409.694s][info ][gc,heap        ] GC(89) PSYoungGen: 2031312K(2046464K)->41392K(2039296K) Eden: 1997312K(1997312K)->0K(1988608K) From: 34000K(49152K)->41392K(50688K)
[3409.694s][info ][gc,heap        ] GC(89) ParOldGen: 476620K(553472K)->484772K(553472K)
[3409.694s][info ][gc,metaspace   ] GC(89) Metaspace: 80070K(81024K)->80070K(81024K) NonClass: 68805K(69312K)->68805K(69312K) Class: 11264K(11712K)->11264K(11712K)
[3409.694s][info ][gc             ] GC(89) Pause Young (Allocation Failure) 2449M->513M(2532M) 15.193ms
[3409.694s][info ][gc,cpu         ] GC(89) User=0.05s Sys=0.00s Real=0.02s
[3409.694s][info ][safepoint      ] Safepoint "ParallelGCFailedAllocation", Time since last: 2486408988 ns, Reaching safepoint: 91601 ns, At safepoint: 15272636 ns, Total: 15364237 ns
[3423.695s][info ][safepoint      ] Safepoint "Cleanup", Time since last: 14000858276 ns, Reaching safepoint: 39700 ns, At safepoint: 3900 ns, Total: 43600 ns
[3431.696s][info ][safepoint      ] Safepoint "Cleanup", Time since last: 8000513612 ns, Reaching safepoint: 29300 ns, At safepoint: 2400 ns, Total: 31700 ns
[3432.696s][info ][safepoint      ] Safepoint "Cleanup", Time since last: 1000116412 ns, Reaching safepoint: 58401 ns, At safepoint: 11300 ns, Total: 69701 ns
[3470.385s][info ][gc,start       ] GC(90) Pause Young (Allocation Failure)
[3470.395s][debug][gc,phases      ] GC(90) Scavenge 10.745ms
[3470.395s][debug][gc,ref         ] GC(90) Skipped phase 1 of Reference Processing: no references
[3470.396s][debug][gc,ref         ] GC(90) ReferenceProcessor::execute queues: 1, RefProcThreadModel::Single, marks_oops_alive: false
[3470.396s][debug][gc,ref         ] GC(90) Skipped phase 3 of Reference Processing: no references
[3470.396s][debug][gc,ref         ] GC(90) ReferenceProcessor::execute queues: 1, RefProcThreadModel::Single, marks_oops_alive: false
[3470.396s][debug][gc,phases      ] GC(90) Reference Processing 0.098ms
[3470.396s][debug][gc,phases      ] GC(90)   VM Weak                        Min:  0.0, Avg:  0.0, Max:  0.0, Diff:  0.0, Sum:  0.0, Workers: 4
[3470.396s][debug][gc,phases      ] GC(90)     Dead                           Min: 0, Avg:  0.0, Max: 0, Diff: 0, Sum: 0, Workers: 4
[3470.396s][debug][gc,phases      ] GC(90)     Total                          Min: 0, Avg: 193.5, Max: 710, Diff: 710, Sum: 774, Workers: 4
[3470.396s][debug][gc,phases      ] GC(90)   ObjectSynchronizer Weak        Min:  0.0, Avg:  0.0, Max:  0.0, Diff:  0.0, Sum:  0.0, Workers: 4
[3470.396s][debug][gc,phases      ] GC(90)     Dead                           Min: 0, Avg:  0.0, Max: 0, Diff: 0, Sum: 0, Workers: 4
[3470.396s][debug][gc,phases      ] GC(90)     Total                          Min: 0, Avg: 15.5, Max: 62, Diff: 62, Sum: 62, Workers: 4
[3470.396s][debug][gc,phases      ] GC(90)   JVMTI Tag Weak OopStorage      Min:  0.0, Avg:  0.0, Max:  0.0, Diff:  0.0, Sum:  0.0, Workers: 4
[3470.396s][debug][gc,phases      ] GC(90)     Dead                           Min: 0, Avg:  0.0, Max: 0, Diff: 0, Sum: 0, Workers: 4
[3470.396s][debug][gc,phases      ] GC(90)     Total                          Min: 0, Avg:  0.0, Max: 0, Diff: 0, Sum: 0, Workers: 4
[3470.396s][debug][gc,phases      ] GC(90)   StringTable Weak               Min:  0.0, Avg:  0.1, Max:  0.2, Diff:  0.2, Sum:  0.3, Workers: 4
[3470.396s][debug][gc,phases      ] GC(90)     Dead                           Min: 0, Avg:  0.0, Max: 0, Diff: 0, Sum: 0, Workers: 4
[3470.396s][debug][gc,phases      ] GC(90)     Total                          Min: 0, Avg: 10730.5, Max: 25898, Diff: 25898, Sum: 42922, Workers: 4
[3470.396s][debug][gc,phases      ] GC(90)   ResolvedMethodTable Weak       Min:  0.0, Avg:  0.0, Max:  0.0, Diff:  0.0, Sum:  0.1, Workers: 4
[3470.396s][debug][gc,phases      ] GC(90)     Dead                           Min: 0, Avg:  0.0, Max: 0, Diff: 0, Sum: 0, Workers: 4
[3470.396s][debug][gc,phases      ] GC(90)     Total                          Min: 0, Avg: 2187.0, Max: 4589, Diff: 4589, Sum: 8748, Workers: 4
[3470.396s][debug][gc,phases      ] GC(90)   JNI Weak                       Min:  0.0, Avg:  0.0, Max:  0.0, Diff:  0.0, Sum:  0.0, Workers: 4
[3470.396s][debug][gc,phases      ] GC(90)     Dead                           Min: 0, Avg:  0.0, Max: 0, Diff: 0, Sum: 0, Workers: 4
[3470.396s][debug][gc,phases      ] GC(90)     Total                          Min: 0, Avg: 11.2, Max: 45, Diff: 45, Sum: 45, Workers: 4
[3470.396s][debug][gc,phases      ] GC(90)   StringDedup Table Weak         Min:  0.0, Avg:  0.0, Max:  0.0, Diff:  0.0, Sum:  0.0, Workers: 4
[3470.396s][debug][gc,phases      ] GC(90)     Dead                           Min: 0, Avg:  0.0, Max: 0, Diff: 0, Sum: 0, Workers: 4
[3470.396s][debug][gc,phases      ] GC(90)     Total                          Min: 0, Avg:  0.0, Max: 0, Diff: 0, Sum: 0, Workers: 4
[3470.396s][debug][gc,phases      ] GC(90)   StringDedup Requests0 Weak     Min:  0.0, Avg:  0.0, Max:  0.0, Diff:  0.0, Sum:  0.0, Workers: 4
[3470.396s][debug][gc,phases      ] GC(90)     Dead                           Min: 0, Avg:  0.0, Max: 0, Diff: 0, Sum: 0, Workers: 4
[3470.396s][debug][gc,phases      ] GC(90)     Total                          Min: 0, Avg:  0.0, Max: 0, Diff: 0, Sum: 0, Workers: 4
[3470.396s][debug][gc,phases      ] GC(90)   StringDedup Requests1 Weak     Min:  0.0, Avg:  0.0, Max:  0.0, Diff:  0.0, Sum:  0.0, Workers: 4
[3470.396s][debug][gc,phases      ] GC(90)     Dead                           Min: 0, Avg:  0.0, Max: 0, Diff: 0, Sum: 0, Workers: 4
[3470.396s][debug][gc,phases      ] GC(90)     Total                          Min: 0, Avg:  0.0, Max: 0, Diff: 0, Sum: 0, Workers: 4
[3470.396s][debug][gc,phases      ] GC(90)   Weak JFR Old Object Samples    Min:  0.0, Avg:  0.0, Max:  0.0, Diff:  0.0, Sum:  0.0, Workers: 4
[3470.396s][debug][gc,phases      ] GC(90)     Dead                           Min: 0, Avg:  0.0, Max: 0, Diff: 0, Sum: 0, Workers: 4
[3470.396s][debug][gc,phases      ] GC(90)     Total                          Min: 0, Avg:  0.0, Max: 0, Diff: 0, Sum: 0, Workers: 4
[3470.396s][debug][gc,phases      ] GC(90) Weak Processing 0.380ms
[3470.396s][debug][gc,age         ] GC(90) Desired survivor size 58720256 bytes, new threshold 15 (max threshold 15)
[3470.396s][info ][gc,heap        ] GC(90) PSYoungGen: 2030000K(2039296K)->41344K(2030080K) Eden: 1988608K(1988608K)->0K(1988608K) From: 41392K(50688K)->41344K(41472K)
[3470.396s][info ][gc,heap        ] GC(90) ParOldGen: 484772K(553472K)->485820K(553472K)
[3470.396s][info ][gc,metaspace   ] GC(90) Metaspace: 80070K(81024K)->80070K(81024K) NonClass: 68805K(69312K)->68805K(69312K) Class: 11264K(11712K)->11264K(11712K)
[3470.396s][info ][gc             ] GC(90) Pause Young (Allocation Failure) 2455M->514M(2523M) 11.333ms
[3470.396s][info ][gc,cpu         ] GC(90) User=0.04s Sys=0.00s Real=0.01s
[3470.396s][info ][safepoint      ] Safepoint "ParallelGCFailedAllocation", Time since last: 37688852675 ns, Reaching safepoint: 39000 ns, At safepoint: 11403702 ns, Total: 11442702 ns
[3471.396s][info ][safepoint      ] Safepoint "Cleanup", Time since last: 1000081792 ns, Reaching safepoint: 37500 ns, At safepoint: 2900 ns, Total: 40400 ns
[3479.397s][info ][safepoint      ] Safepoint "Cleanup", Time since last: 8000521920 ns, Reaching safepoint: 71401 ns, At safepoint: 3000 ns, Total: 74401 ns
[3480.397s][info ][safepoint      ] Safepoint "Cleanup", Time since last: 1000101588 ns, Reaching safepoint: 58201 ns, At safepoint: 2300 ns, Total: 60501 ns
[3482.397s][info ][safepoint      ] Safepoint "Cleanup", Time since last: 2000175275 ns, Reaching safepoint: 68300 ns, At safepoint: 2500 ns, Total: 70800 ns
[3487.398s][info ][safepoint      ] Safepoint "Cleanup", Time since last: 5000375828 ns, Reaching safepoint: 45801 ns, At safepoint: 2900 ns, Total: 48701 ns
[3491.398s][info ][safepoint      ] Safepoint "Cleanup", Time since last: 4000324634 ns, Reaching safepoint: 44000 ns, At safepoint: 4000 ns, Total: 48000 ns
[3494.398s][info ][safepoint      ] Safepoint "Cleanup", Time since last: 3000236446 ns, Reaching safepoint: 37901 ns, At safepoint: 2500 ns, Total: 40401 ns
[3495.398s][info ][safepoint      ] Safepoint "Cleanup", Time since last: 1000107981 ns, Reaching safepoint: 43000 ns, At safepoint: 2800 ns, Total: 45800 ns
[3497.399s][info ][safepoint      ] Safepoint "Cleanup", Time since last: 2000176461 ns, Reaching safepoint: 51700 ns, At safepoint: 6201 ns, Total: 57901 ns
[3498.399s][info ][safepoint      ] Safepoint "Cleanup", Time since last: 1000111779 ns, Reaching safepoint: 74601 ns, At safepoint: 5400 ns, Total: 80001 ns
[3499.399s][info ][safepoint      ] Safepoint "Cleanup", Time since last: 1000107880 ns, Reaching safepoint: 55500 ns, At safepoint: 2300 ns, Total: 57800 ns
[3500.399s][info ][safepoint      ] Safepoint "Cleanup", Time since last: 1000101979 ns, Reaching safepoint: 55301 ns, At safepoint: 5800 ns, Total: 61101 ns
[3502.399s][info ][safepoint      ] Safepoint "Cleanup", Time since last: 2000172356 ns, Reaching safepoint: 51700 ns, At safepoint: 6100 ns, Total: 57800 ns
[3504.400s][info ][safepoint      ] Safepoint "Cleanup", Time since last: 2000180255 ns, Reaching safepoint: 39400 ns, At safepoint: 2200 ns, Total: 41600 ns
[3511.400s][info ][safepoint      ] Safepoint "Cleanup", Time since last: 7000515525 ns, Reaching safepoint: 41801 ns, At safepoint: 2700 ns, Total: 44501 ns
[3515.401s][info ][safepoint      ] Safepoint "Cleanup", Time since last: 4000273390 ns, Reaching safepoint: 61801 ns, At safepoint: 8000 ns, Total: 69801 ns
[3530.402s][info ][safepoint      ] Safepoint "Cleanup", Time since last: 15001018625 ns, Reaching safepoint: 43001 ns, At safepoint: 5000 ns, Total: 48001 ns
[3533.402s][info ][safepoint      ] Safepoint "Cleanup", Time since last: 3000247393 ns, Reaching safepoint: 47801 ns, At safepoint: 25800 ns, Total: 73601 ns
[3534.402s][info ][safepoint      ] Safepoint "Cleanup", Time since last: 1000096364 ns, Reaching safepoint: 43400 ns, At safepoint: 4100 ns, Total: 47500 ns
[3541.086s][info ][gc,start       ] GC(91) Pause Young (Allocation Failure)
[3541.097s][debug][gc,phases      ] GC(91) Scavenge 10.275ms
[3541.097s][debug][gc,ref         ] GC(91) Skipped phase 1 of Reference Processing: no references
[3541.097s][debug][gc,ref         ] GC(91) ReferenceProcessor::execute queues: 1, RefProcThreadModel::Single, marks_oops_alive: false
[3541.097s][debug][gc,ref         ] GC(91) Skipped phase 3 of Reference Processing: no references
[3541.097s][debug][gc,ref         ] GC(91) ReferenceProcessor::execute queues: 1, RefProcThreadModel::Single, marks_oops_alive: false
[3541.097s][debug][gc,phases      ] GC(91) Reference Processing 0.093ms
[3541.097s][debug][gc,phases      ] GC(91)   VM Weak                        Min:  0.0, Avg:  0.0, Max:  0.0, Diff:  0.0, Sum:  0.0, Workers: 4
[3541.097s][debug][gc,phases      ] GC(91)     Dead                           Min: 0, Avg:  0.0, Max: 0, Diff: 0, Sum: 0, Workers: 4
[3541.097s][debug][gc,phases      ] GC(91)     Total                          Min: 0, Avg: 193.5, Max: 646, Diff: 646, Sum: 774, Workers: 4
[3541.097s][debug][gc,phases      ] GC(91)   ObjectSynchronizer Weak        Min:  0.0, Avg:  0.0, Max:  0.0, Diff:  0.0, Sum:  0.0, Workers: 4
[3541.097s][debug][gc,phases      ] GC(91)     Dead                           Min: 0, Avg:  0.0, Max: 0, Diff: 0, Sum: 0, Workers: 4
[3541.097s][debug][gc,phases      ] GC(91)     Total                          Min: 0, Avg: 15.5, Max: 62, Diff: 62, Sum: 62, Workers: 4
[3541.097s][debug][gc,phases      ] GC(91)   JVMTI Tag Weak OopStorage      Min:  0.0, Avg:  0.0, Max:  0.0, Diff:  0.0, Sum:  0.0, Workers: 4
[3541.097s][debug][gc,phases      ] GC(91)     Dead                           Min: 0, Avg:  0.0, Max: 0, Diff: 0, Sum: 0, Workers: 4
[3541.097s][debug][gc,phases      ] GC(91)     Total                          Min: 0, Avg:  0.0, Max: 0, Diff: 0, Sum: 0, Workers: 4
[3541.097s][debug][gc,phases      ] GC(91)   StringTable Weak               Min:  0.0, Avg:  0.1, Max:  0.1, Diff:  0.1, Sum:  0.4, Workers: 4
[3541.097s][debug][gc,phases      ] GC(91)     Dead                           Min: 0, Avg:  0.5, Max: 2, Diff: 2, Sum: 2, Workers: 4
[3541.097s][debug][gc,phases      ] GC(91)     Total                          Min: 0, Avg: 10732.2, Max: 14655, Diff: 14655, Sum: 42929, Workers: 4
[3541.097s][debug][gc,phases      ] GC(91)   ResolvedMethodTable Weak       Min:  0.0, Avg:  0.0, Max:  0.0, Diff:  0.0, Sum:  0.1, Workers: 4
[3541.097s][debug][gc,phases      ] GC(91)     Dead                           Min: 0, Avg:  0.0, Max: 0, Diff: 0, Sum: 0, Workers: 4
[3541.097s][debug][gc,phases      ] GC(91)     Total                          Min: 0, Avg: 2191.0, Max: 3005, Diff: 3005, Sum: 8764, Workers: 4
[3541.097s][debug][gc,phases      ] GC(91)   JNI Weak                       Min:  0.0, Avg:  0.0, Max:  0.0, Diff:  0.0, Sum:  0.0, Workers: 4
[3541.097s][debug][gc,phases      ] GC(91)     Dead                           Min: 0, Avg:  0.0, Max: 0, Diff: 0, Sum: 0, Workers: 4
[3541.097s][debug][gc,phases      ] GC(91)     Total                          Min: 0, Avg: 11.2, Max: 45, Diff: 45, Sum: 45, Workers: 4
[3541.097s][debug][gc,phases      ] GC(91)   StringDedup Table Weak         Min:  0.0, Avg:  0.0, Max:  0.0, Diff:  0.0, Sum:  0.0, Workers: 4
[3541.097s][debug][gc,phases      ] GC(91)     Dead                           Min: 0, Avg:  0.0, Max: 0, Diff: 0, Sum: 0, Workers: 4
[3541.097s][debug][gc,phases      ] GC(91)     Total                          Min: 0, Avg:  0.0, Max: 0, Diff: 0, Sum: 0, Workers: 4
[3541.097s][debug][gc,phases      ] GC(91)   StringDedup Requests0 Weak     Min:  0.0, Avg:  0.0, Max:  0.0, Diff:  0.0, Sum:  0.0, Workers: 4
[3541.097s][debug][gc,phases      ] GC(91)     Dead                           Min: 0, Avg:  0.0, Max: 0, Diff: 0, Sum: 0, Workers: 4
[3541.097s][debug][gc,phases      ] GC(91)     Total                          Min: 0, Avg:  0.0, Max: 0, Diff: 0, Sum: 0, Workers: 4
[3541.097s][debug][gc,phases      ] GC(91)   StringDedup Requests1 Weak     Min:  0.0, Avg:  0.0, Max:  0.0, Diff:  0.0, Sum:  0.0, Workers: 4
[3541.097s][debug][gc,phases      ] GC(91)     Dead                           Min: 0, Avg:  0.0, Max: 0, Diff: 0, Sum: 0, Workers: 4
[3541.097s][debug][gc,phases      ] GC(91)     Total                          Min: 0, Avg:  0.0, Max: 0, Diff: 0, Sum: 0, Workers: 4
[3541.097s][debug][gc,phases      ] GC(91)   Weak JFR Old Object Samples    Min:  0.0, Avg:  0.0, Max:  0.0, Diff:  0.0, Sum:  0.0, Workers: 4
[3541.097s][debug][gc,phases      ] GC(91)     Dead                           Min: 0, Avg:  0.0, Max: 0, Diff: 0, Sum: 0, Workers: 4
[3541.097s][debug][gc,phases      ] GC(91)     Total                          Min: 0, Avg:  0.0, Max: 0, Diff: 0, Sum: 0, Workers: 4
[3541.097s][debug][gc,phases      ] GC(91) Weak Processing 0.396ms
[3541.097s][debug][gc,age         ] GC(91) Desired survivor size 60817408 bytes, new threshold 15 (max threshold 15)
[3541.097s][info ][gc,heap        ] GC(91) PSYoungGen: 2029952K(2030080K)->41152K(2035712K) Eden: 1988608K(1988608K)->0K(1978368K) From: 41344K(41472K)->41152K(57344K)
[3541.097s][info ][gc,heap        ] GC(91) ParOldGen: 485820K(553472K)->485932K(553472K)
[3541.097s][info ][gc,metaspace   ] GC(91) Metaspace: 80094K(81024K)->80094K(81024K) NonClass: 68823K(69312K)->68823K(69312K) Class: 11270K(11712K)->11270K(11712K)
[3541.097s][info ][gc             ] GC(91) Pause Young (Allocation Failure) 2456M->514M(2528M) 10.882ms
[3541.097s][info ][gc,cpu         ] GC(91) User=0.04s Sys=0.00s Real=0.01s
[3541.097s][info ][safepoint      ] Safepoint "ParallelGCFailedAllocation", Time since last: 6684196132 ns, Reaching safepoint: 27900 ns, At safepoint: 10964397 ns, Total: 10992297 ns
[3542.097s][info ][safepoint      ] Safepoint "Cleanup", Time since last: 1000096261 ns, Reaching safepoint: 37700 ns, At safepoint: 2400 ns, Total: 40100 ns
[3546.098s][info ][safepoint      ] Safepoint "Cleanup", Time since last: 4000318238 ns, Reaching safepoint: 54700 ns, At safepoint: 3100 ns, Total: 57800 ns
[3549.098s][info ][safepoint      ] Safepoint "Cleanup", Time since last: 3000281975 ns, Reaching safepoint: 40700 ns, At safepoint: 4700 ns, Total: 45400 ns
[3559.099s][info ][safepoint      ] Safepoint "Cleanup", Time since last: 10000726152 ns, Reaching safepoint: 43001 ns, At safepoint: 14600 ns, Total: 57601 ns
[3561.099s][info ][safepoint      ] Safepoint "Cleanup", Time since last: 2000172306 ns, Reaching safepoint: 101801 ns, At safepoint: 6300 ns, Total: 108101 ns
[3566.100s][info ][safepoint      ] Safepoint "Cleanup", Time since last: 5000372357 ns, Reaching safepoint: 32000 ns, At safepoint: 4000 ns, Total: 36000 ns
[3568.100s][info ][safepoint      ] Safepoint "Cleanup", Time since last: 2000168700 ns, Reaching safepoint: 42200 ns, At safepoint: 2400 ns, Total: 44600 ns
[3572.100s][info ][safepoint      ] Safepoint "Cleanup", Time since last: 4000334796 ns, Reaching safepoint: 48200 ns, At safepoint: 4900 ns, Total: 53100 ns
[3573.100s][info ][safepoint      ] Safepoint "Cleanup", Time since last: 1000084948 ns, Reaching safepoint: 34601 ns, At safepoint: 2700 ns, Total: 37301 ns
[3577.101s][info ][safepoint      ] Safepoint "Cleanup", Time since last: 4000311087 ns, Reaching safepoint: 44000 ns, At safepoint: 2500 ns, Total: 46500 ns
[3578.133s][info ][safepoint      ] Safepoint "Cleanup", Time since last: 1031796127 ns, Reaching safepoint: 129801 ns, At safepoint: 7800 ns, Total: 137601 ns
[3583.682s][info ][safepoint      ] Safepoint "Cleanup", Time since last: 5549631680 ns, Reaching safepoint: 91501 ns, At safepoint: 8100 ns, Total: 99601 ns
[3584.682s][info ][safepoint      ] Safepoint "Cleanup", Time since last: 1000095544 ns, Reaching safepoint: 48000 ns, At safepoint: 28000 ns, Total: 76000 ns
[3589.683s][info ][safepoint      ] Safepoint "Cleanup", Time since last: 5000311910 ns, Reaching safepoint: 28300 ns, At safepoint: 2100 ns, Total: 30400 ns
[3593.288s][info ][gc,start       ] GC(92) Pause Young (Allocation Failure)
[3593.302s][debug][gc,phases      ] GC(92) Scavenge 13.647ms
[3593.302s][debug][gc,ref         ] GC(92) Skipped phase 1 of Reference Processing: no references
[3593.302s][debug][gc,ref         ] GC(92) ReferenceProcessor::execute queues: 1, RefProcThreadModel::Single, marks_oops_alive: false
[3593.302s][debug][gc,ref         ] GC(92) Skipped phase 3 of Reference Processing: no references
[3593.302s][debug][gc,ref         ] GC(92) ReferenceProcessor::execute queues: 1, RefProcThreadModel::Single, marks_oops_alive: false
[3593.302s][debug][gc,phases      ] GC(92) Reference Processing 0.123ms
[3593.303s][debug][gc,phases      ] GC(92)   VM Weak                        Min:  0.0, Avg:  0.0, Max:  0.0, Diff:  0.0, Sum:  0.0, Workers: 4
[3593.303s][debug][gc,phases      ] GC(92)     Dead                           Min: 0, Avg:  0.0, Max: 0, Diff: 0, Sum: 0, Workers: 4
[3593.303s][debug][gc,phases      ] GC(92)     Total                          Min: 0, Avg: 193.5, Max: 640, Diff: 640, Sum: 774, Workers: 4
[3593.303s][debug][gc,phases      ] GC(92)   ObjectSynchronizer Weak        Min:  0.0, Avg:  0.0, Max:  0.0, Diff:  0.0, Sum:  0.0, Workers: 4
[3593.303s][debug][gc,phases      ] GC(92)     Dead                           Min: 0, Avg:  0.0, Max: 0, Diff: 0, Sum: 0, Workers: 4
[3593.303s][debug][gc,phases      ] GC(92)     Total                          Min: 0, Avg: 15.5, Max: 62, Diff: 62, Sum: 62, Workers: 4
[3593.303s][debug][gc,phases      ] GC(92)   JVMTI Tag Weak OopStorage      Min:  0.0, Avg:  0.0, Max:  0.0, Diff:  0.0, Sum:  0.0, Workers: 4
[3593.303s][debug][gc,phases      ] GC(92)     Dead                           Min: 0, Avg:  0.0, Max: 0, Diff: 0, Sum: 0, Workers: 4
[3593.303s][debug][gc,phases      ] GC(92)     Total                          Min: 0, Avg:  0.0, Max: 0, Diff: 0, Sum: 0, Workers: 4
[3593.303s][debug][gc,phases      ] GC(92)   StringTable Weak               Min:  0.0, Avg:  0.1, Max:  0.2, Diff:  0.2, Sum:  0.4, Workers: 4
[3593.303s][debug][gc,phases      ] GC(92)     Dead                           Min: 0, Avg:  0.0, Max: 0, Diff: 0, Sum: 0, Workers: 4
[3593.303s][debug][gc,phases      ] GC(92)     Total                          Min: 0, Avg: 10732.2, Max: 21618, Diff: 21618, Sum: 42929, Workers: 4
[3593.303s][debug][gc,phases      ] GC(92)   ResolvedMethodTable Weak       Min:  0.0, Avg:  0.0, Max:  0.0, Diff:  0.0, Sum:  0.1, Workers: 4
[3593.303s][debug][gc,phases      ] GC(92)     Dead                           Min: 0, Avg:  0.0, Max: 0, Diff: 0, Sum: 0, Workers: 4
[3593.303s][debug][gc,phases      ] GC(92)     Total                          Min: 0, Avg: 2191.0, Max: 4476, Diff: 4476, Sum: 8764, Workers: 4
[3593.303s][debug][gc,phases      ] GC(92)   JNI Weak                       Min:  0.0, Avg:  0.0, Max:  0.0, Diff:  0.0, Sum:  0.0, Workers: 4
[3593.303s][debug][gc,phases      ] GC(92)     Dead                           Min: 0, Avg:  0.0, Max: 0, Diff: 0, Sum: 0, Workers: 4
[3593.303s][debug][gc,phases      ] GC(92)     Total                          Min: 0, Avg: 11.2, Max: 45, Diff: 45, Sum: 45, Workers: 4
[3593.303s][debug][gc,phases      ] GC(92)   StringDedup Table Weak         Min:  0.0, Avg:  0.0, Max:  0.0, Diff:  0.0, Sum:  0.0, Workers: 4
[3593.303s][debug][gc,phases      ] GC(92)     Dead                           Min: 0, Avg:  0.0, Max: 0, Diff: 0, Sum: 0, Workers: 4
[3593.303s][debug][gc,phases      ] GC(92)     Total                          Min: 0, Avg:  0.0, Max: 0, Diff: 0, Sum: 0, Workers: 4
[3593.303s][debug][gc,phases      ] GC(92)   StringDedup Requests0 Weak     Min:  0.0, Avg:  0.0, Max:  0.0, Diff:  0.0, Sum:  0.0, Workers: 4
[3593.303s][debug][gc,phases      ] GC(92)     Dead                           Min: 0, Avg:  0.0, Max: 0, Diff: 0, Sum: 0, Workers: 4
[3593.303s][debug][gc,phases      ] GC(92)     Total                          Min: 0, Avg:  0.0, Max: 0, Diff: 0, Sum: 0, Workers: 4
[3593.303s][debug][gc,phases      ] GC(92)   StringDedup Requests1 Weak     Min:  0.0, Avg:  0.0, Max:  0.0, Diff:  0.0, Sum:  0.0, Workers: 4
[3593.303s][debug][gc,phases      ] GC(92)     Dead                           Min: 0, Avg:  0.0, Max: 0, Diff: 0, Sum: 0, Workers: 4
[3593.303s][debug][gc,phases      ] GC(92)     Total                          Min: 0, Avg:  0.0, Max: 0, Diff: 0, Sum: 0, Workers: 4
[3593.303s][debug][gc,phases      ] GC(92)   Weak JFR Old Object Samples    Min:  0.0, Avg:  0.0, Max:  0.0, Diff:  0.0, Sum:  0.0, Workers: 4
[3593.303s][debug][gc,phases      ] GC(92)     Dead                           Min: 0, Avg:  0.0, Max: 0, Diff: 0, Sum: 0, Workers: 4
[3593.303s][debug][gc,phases      ] GC(92)     Total                          Min: 0, Avg:  0.0, Max: 0, Diff: 0, Sum: 0, Workers: 4
[3593.303s][debug][gc,phases      ] GC(92) Weak Processing 0.537ms
[3593.303s][debug][gc,age         ] GC(92) Desired survivor size 62390272 bytes, new threshold 15 (max threshold 15)
[3593.303s][info ][gc,heap        ] GC(92) PSYoungGen: 2019520K(2035712K)->41632K(2020352K) Eden: 1978368K(1978368K)->0K(1978368K) From: 41152K(57344K)->41632K(41984K)
[3593.303s][info ][gc,heap        ] GC(92) ParOldGen: 485932K(553472K)->486052K(553472K)
[3593.303s][info ][gc,metaspace   ] GC(92) Metaspace: 80118K(81088K)->80118K(81088K) NonClass: 68847K(69376K)->68847K(69376K) Class: 11270K(11712K)->11270K(11712K)
[3593.303s][info ][gc             ] GC(92) Pause Young (Allocation Failure) 2446M->515M(2513M) 14.437ms
[3593.303s][info ][gc,cpu         ] GC(92) User=0.04s Sys=0.01s Real=0.02s
[3593.303s][info ][safepoint      ] Safepoint "ParallelGCFailedAllocation", Time since last: 3605639574 ns, Reaching safepoint: 32800 ns, At safepoint: 14516328 ns, Total: 14549128 ns
[3594.303s][info ][safepoint      ] Safepoint "Cleanup", Time since last: 1000096940 ns, Reaching safepoint: 49900 ns, At safepoint: 7101 ns, Total: 57001 ns
[3596.303s][info ][safepoint      ] Safepoint "Cleanup", Time since last: 2000191378 ns, Reaching safepoint: 31300 ns, At safepoint: 2200 ns, Total: 33500 ns
[3604.304s][info ][safepoint      ] Safepoint "Cleanup", Time since last: 8000573297 ns, Reaching safepoint: 43301 ns, At safepoint: 2600 ns, Total: 45901 ns
[3612.305s][info ][safepoint      ] Safepoint "Cleanup", Time since last: 8000528372 ns, Reaching safepoint: 56701 ns, At safepoint: 2400 ns, Total: 59101 ns
[3617.305s][info ][safepoint      ] Safepoint "Cleanup", Time since last: 5000367659 ns, Reaching safepoint: 47000 ns, At safepoint: 4000 ns, Total: 51000 ns
[3628.312s][info ][safepoint      ] Safepoint "Cleanup", Time since last: 11007391776 ns, Reaching safepoint: 51201 ns, At safepoint: 5100 ns, Total: 56301 ns
[3630.033s][info ][safepoint      ] Safepoint "Cleanup", Time since last: 1720203582 ns, Reaching safepoint: 49901 ns, At safepoint: 3800 ns, Total: 53701 ns
[3635.033s][info ][safepoint      ] Safepoint "Cleanup", Time since last: 5000324826 ns, Reaching safepoint: 37001 ns, At safepoint: 3700 ns, Total: 40701 ns
[3646.828s][info ][gc,start       ] GC(93) Pause Young (Allocation Failure)
[3646.839s][debug][gc,phases      ] GC(93) Scavenge 11.059ms
[3646.839s][debug][gc,ref         ] GC(93) Skipped phase 1 of Reference Processing: no references
[3646.839s][debug][gc,ref         ] GC(93) ReferenceProcessor::execute queues: 1, RefProcThreadModel::Single, marks_oops_alive: false
[3646.839s][debug][gc,ref         ] GC(93) Skipped phase 3 of Reference Processing: no references
[3646.839s][debug][gc,ref         ] GC(93) ReferenceProcessor::execute queues: 1, RefProcThreadModel::Single, marks_oops_alive: false
[3646.839s][debug][gc,phases      ] GC(93) Reference Processing 0.116ms
[3646.839s][debug][gc,phases      ] GC(93)   VM Weak                        Min:  0.0, Avg:  0.0, Max:  0.0, Diff:  0.0, Sum:  0.0, Workers: 4
[3646.839s][debug][gc,phases      ] GC(93)     Dead                           Min: 0, Avg:  0.0, Max: 0, Diff: 0, Sum: 0, Workers: 4
[3646.839s][debug][gc,phases      ] GC(93)     Total                          Min: 0, Avg: 193.5, Max: 646, Diff: 646, Sum: 774, Workers: 4
[3646.839s][debug][gc,phases      ] GC(93)   ObjectSynchronizer Weak        Min:  0.0, Avg:  0.0, Max:  0.0, Diff:  0.0, Sum:  0.0, Workers: 4
[3646.839s][debug][gc,phases      ] GC(93)     Dead                           Min: 0, Avg:  0.0, Max: 0, Diff: 0, Sum: 0, Workers: 4
[3646.839s][debug][gc,phases      ] GC(93)     Total                          Min: 0, Avg: 15.5, Max: 62, Diff: 62, Sum: 62, Workers: 4
[3646.839s][debug][gc,phases      ] GC(93)   JVMTI Tag Weak OopStorage      Min:  0.0, Avg:  0.0, Max:  0.0, Diff:  0.0, Sum:  0.0, Workers: 4
[3646.839s][debug][gc,phases      ] GC(93)     Dead                           Min: 0, Avg:  0.0, Max: 0, Diff: 0, Sum: 0, Workers: 4
[3646.839s][debug][gc,phases      ] GC(93)     Total                          Min: 0, Avg:  0.0, Max: 0, Diff: 0, Sum: 0, Workers: 4
[3646.839s][debug][gc,phases      ] GC(93)   StringTable Weak               Min:  0.0, Avg:  0.1, Max:  0.1, Diff:  0.1, Sum:  0.4, Workers: 4
[3646.839s][debug][gc,phases      ] GC(93)     Dead                           Min: 0, Avg:  0.0, Max: 0, Diff: 0, Sum: 0, Workers: 4
[3646.839s][debug][gc,phases      ] GC(93)     Total                          Min: 0, Avg: 10733.5, Max: 17215, Diff: 17215, Sum: 42934, Workers: 4
[3646.839s][debug][gc,phases      ] GC(93)   ResolvedMethodTable Weak       Min:  0.0, Avg:  0.0, Max:  0.0, Diff:  0.0, Sum:  0.1, Workers: 4
[3646.839s][debug][gc,phases      ] GC(93)     Dead                           Min: 0, Avg:  0.0, Max: 0, Diff: 0, Sum: 0, Workers: 4
[3646.839s][debug][gc,phases      ] GC(93)     Total                          Min: 0, Avg: 2191.0, Max: 3775, Diff: 3775, Sum: 8764, Workers: 4
[3646.839s][debug][gc,phases      ] GC(93)   JNI Weak                       Min:  0.0, Avg:  0.0, Max:  0.0, Diff:  0.0, Sum:  0.0, Workers: 4
[3646.839s][debug][gc,phases      ] GC(93)     Dead                           Min: 0, Avg:  0.0, Max: 0, Diff: 0, Sum: 0, Workers: 4
[3646.839s][debug][gc,phases      ] GC(93)     Total                          Min: 0, Avg: 11.2, Max: 45, Diff: 45, Sum: 45, Workers: 4
[3646.839s][debug][gc,phases      ] GC(93)   StringDedup Table Weak         Min:  0.0, Avg:  0.0, Max:  0.0, Diff:  0.0, Sum:  0.0, Workers: 4
[3646.839s][debug][gc,phases      ] GC(93)     Dead                           Min: 0, Avg:  0.0, Max: 0, Diff: 0, Sum: 0, Workers: 4
[3646.839s][debug][gc,phases      ] GC(93)     Total                          Min: 0, Avg:  0.0, Max: 0, Diff: 0, Sum: 0, Workers: 4
[3646.839s][debug][gc,phases      ] GC(93)   StringDedup Requests0 Weak     Min:  0.0, Avg:  0.0, Max:  0.0, Diff:  0.0, Sum:  0.0, Workers: 4
[3646.839s][debug][gc,phases      ] GC(93)     Dead                           Min: 0, Avg:  0.0, Max: 0, Diff: 0, Sum: 0, Workers: 4
[3646.839s][debug][gc,phases      ] GC(93)     Total                          Min: 0, Avg:  0.0, Max: 0, Diff: 0, Sum: 0, Workers: 4
[3646.839s][debug][gc,phases      ] GC(93)   StringDedup Requests1 Weak     Min:  0.0, Avg:  0.0, Max:  0.0, Diff:  0.0, Sum:  0.0, Workers: 4
[3646.839s][debug][gc,phases      ] GC(93)     Dead                           Min: 0, Avg:  0.0, Max: 0, Diff: 0, Sum: 0, Workers: 4
[3646.839s][debug][gc,phases      ] GC(93)     Total                          Min: 0, Avg:  0.0, Max: 0, Diff: 0, Sum: 0, Workers: 4
[3646.839s][debug][gc,phases      ] GC(93)   Weak JFR Old Object Samples    Min:  0.0, Avg:  0.0, Max:  0.0, Diff:  0.0, Sum:  0.0, Workers: 4
[3646.839s][debug][gc,phases      ] GC(93)     Dead                           Min: 0, Avg:  0.0, Max: 0, Diff: 0, Sum: 0, Workers: 4
[3646.839s][debug][gc,phases      ] GC(93)     Total                          Min: 0, Avg:  0.0, Max: 0, Diff: 0, Sum: 0, Workers: 4
[3646.839s][debug][gc,phases      ] GC(93) Weak Processing 0.333ms
[3646.839s][debug][gc,age         ] GC(93) Desired survivor size 63438848 bytes, new threshold 15 (max threshold 15)
[3646.839s][info ][gc,heap        ] GC(93) PSYoungGen: 2020000K(2020352K)->41680K(2034176K) Eden: 1978368K(1978368K)->0K(1973248K) From: 41632K(41984K)->41680K(60928K)
[3646.839s][info ][gc,heap        ] GC(93) ParOldGen: 486052K(553472K)->486156K(553472K)
[3646.839s][info ][gc,metaspace   ] GC(93) Metaspace: 80134K(81088K)->80134K(81088K) NonClass: 68863K(69376K)->68863K(69376K) Class: 11270K(11712K)->11270K(11712K)
[3646.839s][info ][gc             ] GC(93) Pause Young (Allocation Failure) 2447M->515M(2527M) 11.608ms
[3646.839s][info ][gc,cpu         ] GC(93) User=0.04s Sys=0.00s Real=0.01s
[3646.840s][info ][safepoint      ] Safepoint "ParallelGCFailedAllocation", Time since last: 11794694951 ns, Reaching safepoint: 57600 ns, At safepoint: 11703904 ns, Total: 11761504 ns
[3657.840s][info ][safepoint      ] Safepoint "Cleanup", Time since last: 11000703403 ns, Reaching safepoint: 51701 ns, At safepoint: 7300 ns, Total: 59001 ns
[3667.841s][info ][safepoint      ] Safepoint "Cleanup", Time since last: 10000612150 ns, Reaching safepoint: 38900 ns, At safepoint: 4700 ns, Total: 43600 ns
[3681.842s][info ][safepoint      ] Safepoint "Cleanup", Time since last: 14000893255 ns, Reaching safepoint: 37001 ns, At safepoint: 4600 ns, Total: 41601 ns
[3700.843s][info ][safepoint      ] Safepoint "Cleanup", Time since last: 19001208910 ns, Reaching safepoint: 55801 ns, At safepoint: 3300 ns, Total: 59101 ns
[3701.650s][info ][gc,start       ] GC(94) Pause Young (Allocation Failure)
[3701.664s][debug][gc,phases      ] GC(94) Scavenge 13.182ms
[3701.664s][debug][gc,ref         ] GC(94) Skipped phase 1 of Reference Processing: no references
[3701.664s][debug][gc,ref         ] GC(94) ReferenceProcessor::execute queues: 1, RefProcThreadModel::Single, marks_oops_alive: false
[3701.664s][debug][gc,ref         ] GC(94) Skipped phase 3 of Reference Processing: no references
[3701.664s][debug][gc,ref         ] GC(94) ReferenceProcessor::execute queues: 1, RefProcThreadModel::Single, marks_oops_alive: false
[3701.664s][debug][gc,phases      ] GC(94) Reference Processing 0.120ms
[3701.664s][debug][gc,phases      ] GC(94)   VM Weak                        Min:  0.0, Avg:  0.0, Max:  0.0, Diff:  0.0, Sum:  0.0, Workers: 4
[3701.664s][debug][gc,phases      ] GC(94)     Dead                           Min: 0, Avg:  0.0, Max: 0, Diff: 0, Sum: 0, Workers: 4
[3701.664s][debug][gc,phases      ] GC(94)     Total                          Min: 0, Avg: 193.5, Max: 704, Diff: 704, Sum: 774, Workers: 4
[3701.664s][debug][gc,phases      ] GC(94)   ObjectSynchronizer Weak        Min:  0.0, Avg:  0.0, Max:  0.0, Diff:  0.0, Sum:  0.0, Workers: 4
[3701.664s][debug][gc,phases      ] GC(94)     Dead                           Min: 0, Avg:  0.0, Max: 0, Diff: 0, Sum: 0, Workers: 4
[3701.664s][debug][gc,phases      ] GC(94)     Total                          Min: 0, Avg: 15.5, Max: 62, Diff: 62, Sum: 62, Workers: 4
[3701.664s][debug][gc,phases      ] GC(94)   JVMTI Tag Weak OopStorage      Min:  0.0, Avg:  0.0, Max:  0.0, Diff:  0.0, Sum:  0.0, Workers: 4
[3701.664s][debug][gc,phases      ] GC(94)     Dead                           Min: 0, Avg:  0.0, Max: 0, Diff: 0, Sum: 0, Workers: 4
[3701.664s][debug][gc,phases      ] GC(94)     Total                          Min: 0, Avg:  0.0, Max: 0, Diff: 0, Sum: 0, Workers: 4
[3701.664s][debug][gc,phases      ] GC(94)   StringTable Weak               Min:  0.1, Avg:  0.1, Max:  0.1, Diff:  0.0, Sum:  0.4, Workers: 4
[3701.664s][debug][gc,phases      ] GC(94)     Dead                           Min: 0, Avg:  0.0, Max: 0, Diff: 0, Sum: 0, Workers: 4
[3701.664s][debug][gc,phases      ] GC(94)     Total                          Min: 9976, Avg: 10733.5, Max: 11327, Diff: 1351, Sum: 42934, Workers: 4
[3701.664s][debug][gc,phases      ] GC(94)   ResolvedMethodTable Weak       Min:  0.0, Avg:  0.0, Max:  0.0, Diff:  0.0, Sum:  0.1, Workers: 4
[3701.664s][debug][gc,phases      ] GC(94)     Dead                           Min: 0, Avg:  0.0, Max: 0, Diff: 0, Sum: 0, Workers: 4
[3701.664s][debug][gc,phases      ] GC(94)     Total                          Min: 2112, Avg: 2191.0, Max: 2304, Diff: 192, Sum: 8764, Workers: 4
[3701.664s][debug][gc,phases      ] GC(94)   JNI Weak                       Min:  0.0, Avg:  0.0, Max:  0.0, Diff:  0.0, Sum:  0.0, Workers: 4
[3701.664s][debug][gc,phases      ] GC(94)     Dead                           Min: 0, Avg:  0.0, Max: 0, Diff: 0, Sum: 0, Workers: 4
[3701.664s][debug][gc,phases      ] GC(94)     Total                          Min: 0, Avg: 11.2, Max: 45, Diff: 45, Sum: 45, Workers: 4
[3701.664s][debug][gc,phases      ] GC(94)   StringDedup Table Weak         Min:  0.0, Avg:  0.0, Max:  0.0, Diff:  0.0, Sum:  0.0, Workers: 4
[3701.664s][debug][gc,phases      ] GC(94)     Dead                           Min: 0, Avg:  0.0, Max: 0, Diff: 0, Sum: 0, Workers: 4
[3701.664s][debug][gc,phases      ] GC(94)     Total                          Min: 0, Avg:  0.0, Max: 0, Diff: 0, Sum: 0, Workers: 4
[3701.664s][debug][gc,phases      ] GC(94)   StringDedup Requests0 Weak     Min:  0.0, Avg:  0.0, Max:  0.0, Diff:  0.0, Sum:  0.0, Workers: 4
[3701.664s][debug][gc,phases      ] GC(94)     Dead                           Min: 0, Avg:  0.0, Max: 0, Diff: 0, Sum: 0, Workers: 4
[3701.664s][debug][gc,phases      ] GC(94)     Total                          Min: 0, Avg:  0.0, Max: 0, Diff: 0, Sum: 0, Workers: 4
[3701.664s][debug][gc,phases      ] GC(94)   StringDedup Requests1 Weak     Min:  0.0, Avg:  0.0, Max:  0.0, Diff:  0.0, Sum:  0.0, Workers: 4
[3701.664s][debug][gc,phases      ] GC(94)     Dead                           Min: 0, Avg:  0.0, Max: 0, Diff: 0, Sum: 0, Workers: 4
[3701.664s][debug][gc,phases      ] GC(94)     Total                          Min: 0, Avg:  0.0, Max: 0, Diff: 0, Sum: 0, Workers: 4
[3701.664s][debug][gc,phases      ] GC(94)   Weak JFR Old Object Samples    Min:  0.0, Avg:  0.0, Max:  0.0, Diff:  0.0, Sum:  0.0, Workers: 4
[3701.664s][debug][gc,phases      ] GC(94)     Dead                           Min: 0, Avg:  0.0, Max: 0, Diff: 0, Sum: 0, Workers: 4
[3701.664s][debug][gc,phases      ] GC(94)     Total                          Min: 0, Avg:  0.0, Max: 0, Diff: 0, Sum: 0, Workers: 4
[3701.664s][debug][gc,phases      ] GC(94) Weak Processing 0.273ms
[3701.664s][debug][gc,age         ] GC(94) Desired survivor size 64487424 bytes, new threshold 15 (max threshold 15)
[3701.664s][info ][gc,heap        ] GC(94) PSYoungGen: 2014928K(2034176K)->41888K(2015232K) Eden: 1973248K(1973248K)->0K(1973248K) From: 41680K(60928K)->41888K(41984K)
[3701.664s][info ][gc,heap        ] GC(94) ParOldGen: 486156K(553472K)->486252K(553472K)
[3701.664s][info ][gc,metaspace   ] GC(94) Metaspace: 80159K(81088K)->80159K(81088K) NonClass: 68888K(69376K)->68888K(69376K) Class: 11270K(11712K)->11270K(11712K)
[3701.664s][info ][gc             ] GC(94) Pause Young (Allocation Failure) 2442M->515M(2508M) 13.689ms
[3701.664s][info ][gc,cpu         ] GC(94) User=0.03s Sys=0.00s Real=0.02s
[3701.664s][info ][safepoint      ] Safepoint "ParallelGCFailedAllocation", Time since last: 807286306 ns, Reaching safepoint: 23300 ns, At safepoint: 13758121 ns, Total: 13781421 ns
[3712.665s][info ][safepoint      ] Safepoint "Cleanup", Time since last: 11000615810 ns, Reaching safepoint: 46400 ns, At safepoint: 2500 ns, Total: 48900 ns
[3714.665s][info ][safepoint      ] Safepoint "Cleanup", Time since last: 2000176898 ns, Reaching safepoint: 53001 ns, At safepoint: 7900 ns, Total: 60901 ns
[3740.667s][info ][safepoint      ] Safepoint "Cleanup", Time since last: 26001669766 ns, Reaching safepoint: 49801 ns, At safepoint: 2300 ns, Total: 52101 ns
[3741.667s][info ][safepoint      ] Safepoint "Cleanup", Time since last: 1000116491 ns, Reaching safepoint: 48600 ns, At safepoint: 4301 ns, Total: 52901 ns
[3743.667s][info ][safepoint      ] Safepoint "Cleanup", Time since last: 2000163081 ns, Reaching safepoint: 45300 ns, At safepoint: 5000 ns, Total: 50300 ns
[3745.667s][info ][safepoint      ] Safepoint "Cleanup", Time since last: 2000134680 ns, Reaching safepoint: 76101 ns, At safepoint: 6000 ns, Total: 82101 ns
[3746.668s][info ][safepoint      ] Safepoint "Cleanup", Time since last: 1000095090 ns, Reaching safepoint: 44000 ns, At safepoint: 3400 ns, Total: 47400 ns
[3747.668s][info ][safepoint      ] Safepoint "Cleanup", Time since last: 1000112890 ns, Reaching safepoint: 68100 ns, At safepoint: 6201 ns, Total: 74301 ns
[3751.668s][info ][safepoint      ] Safepoint "Cleanup", Time since last: 4000274254 ns, Reaching safepoint: 43200 ns, At safepoint: 7200 ns, Total: 50400 ns
[3752.668s][info ][safepoint      ] Safepoint "Cleanup", Time since last: 1000097588 ns, Reaching safepoint: 39701 ns, At safepoint: 2700 ns, Total: 42401 ns
[3755.645s][info ][gc,start       ] GC(95) Pause Young (Allocation Failure)
[3755.659s][debug][gc,phases      ] GC(95) Scavenge 14.106ms
[3755.659s][debug][gc,ref         ] GC(95) Skipped phase 1 of Reference Processing: no references
[3755.659s][debug][gc,ref         ] GC(95) ReferenceProcessor::execute queues: 1, RefProcThreadModel::Single, marks_oops_alive: false
[3755.659s][debug][gc,ref         ] GC(95) Skipped phase 3 of Reference Processing: no references
[3755.659s][debug][gc,ref         ] GC(95) ReferenceProcessor::execute queues: 1, RefProcThreadModel::Single, marks_oops_alive: false
[3755.659s][debug][gc,phases      ] GC(95) Reference Processing 0.093ms
[3755.660s][debug][gc,phases      ] GC(95)   VM Weak                        Min:  0.0, Avg:  0.0, Max:  0.0, Diff:  0.0, Sum:  0.0, Workers: 4
[3755.660s][debug][gc,phases      ] GC(95)     Dead                           Min: 0, Avg:  0.0, Max: 0, Diff: 0, Sum: 0, Workers: 4
[3755.660s][debug][gc,phases      ] GC(95)     Total                          Min: 0, Avg: 193.5, Max: 582, Diff: 582, Sum: 774, Workers: 4
[3755.660s][debug][gc,phases      ] GC(95)   ObjectSynchronizer Weak        Min:  0.0, Avg:  0.0, Max:  0.0, Diff:  0.0, Sum:  0.0, Workers: 4
[3755.660s][debug][gc,phases      ] GC(95)     Dead                           Min: 0, Avg:  0.0, Max: 0, Diff: 0, Sum: 0, Workers: 4
[3755.660s][debug][gc,phases      ] GC(95)     Total                          Min: 0, Avg: 15.5, Max: 62, Diff: 62, Sum: 62, Workers: 4
[3755.660s][debug][gc,phases      ] GC(95)   JVMTI Tag Weak OopStorage      Min:  0.0, Avg:  0.0, Max:  0.0, Diff:  0.0, Sum:  0.0, Workers: 4
[3755.660s][debug][gc,phases      ] GC(95)     Dead                           Min: 0, Avg:  0.0, Max: 0, Diff: 0, Sum: 0, Workers: 4
[3755.660s][debug][gc,phases      ] GC(95)     Total                          Min: 0, Avg:  0.0, Max: 0, Diff: 0, Sum: 0, Workers: 4
[3755.660s][debug][gc,phases      ] GC(95)   StringTable Weak               Min:  0.0, Avg:  0.1, Max:  0.1, Diff:  0.1, Sum:  0.4, Workers: 4
[3755.660s][debug][gc,phases      ] GC(95)     Dead                           Min: 0, Avg:  0.0, Max: 0, Diff: 0, Sum: 0, Workers: 4
[3755.660s][debug][gc,phases      ] GC(95)     Total                          Min: 0, Avg: 10733.5, Max: 14974, Diff: 14974, Sum: 42934, Workers: 4
[3755.660s][debug][gc,phases      ] GC(95)   ResolvedMethodTable Weak       Min:  0.0, Avg:  0.0, Max:  0.0, Diff:  0.0, Sum:  0.1, Workers: 4
[3755.660s][debug][gc,phases      ] GC(95)     Dead                           Min: 0, Avg:  0.0, Max: 0, Diff: 0, Sum: 0, Workers: 4
[3755.660s][debug][gc,phases      ] GC(95)     Total                          Min: 0, Avg: 2191.0, Max: 3135, Diff: 3135, Sum: 8764, Workers: 4
[3755.660s][debug][gc,phases      ] GC(95)   JNI Weak                       Min:  0.0, Avg:  0.0, Max:  0.0, Diff:  0.0, Sum:  0.0, Workers: 4
[3755.660s][debug][gc,phases      ] GC(95)     Dead                           Min: 0, Avg:  0.0, Max: 0, Diff: 0, Sum: 0, Workers: 4
[3755.660s][debug][gc,phases      ] GC(95)     Total                          Min: 0, Avg: 11.2, Max: 45, Diff: 45, Sum: 45, Workers: 4
[3755.660s][debug][gc,phases      ] GC(95)   StringDedup Table Weak         Min:  0.0, Avg:  0.0, Max:  0.0, Diff:  0.0, Sum:  0.0, Workers: 4
[3755.660s][debug][gc,phases      ] GC(95)     Dead                           Min: 0, Avg:  0.0, Max: 0, Diff: 0, Sum: 0, Workers: 4
[3755.660s][debug][gc,phases      ] GC(95)     Total                          Min: 0, Avg:  0.0, Max: 0, Diff: 0, Sum: 0, Workers: 4
[3755.660s][debug][gc,phases      ] GC(95)   StringDedup Requests0 Weak     Min:  0.0, Avg:  0.0, Max:  0.0, Diff:  0.0, Sum:  0.0, Workers: 4
[3755.660s][debug][gc,phases      ] GC(95)     Dead                           Min: 0, Avg:  0.0, Max: 0, Diff: 0, Sum: 0, Workers: 4
[3755.660s][debug][gc,phases      ] GC(95)     Total                          Min: 0, Avg:  0.0, Max: 0, Diff: 0, Sum: 0, Workers: 4
[3755.660s][debug][gc,phases      ] GC(95)   StringDedup Requests1 Weak     Min:  0.0, Avg:  0.0, Max:  0.0, Diff:  0.0, Sum:  0.0, Workers: 4
[3755.660s][debug][gc,phases      ] GC(95)     Dead                           Min: 0, Avg:  0.0, Max: 0, Diff: 0, Sum: 0, Workers: 4
[3755.660s][debug][gc,phases      ] GC(95)     Total                          Min: 0, Avg:  0.0, Max: 0, Diff: 0, Sum: 0, Workers: 4
[3755.660s][debug][gc,phases      ] GC(95)   Weak JFR Old Object Samples    Min:  0.0, Avg:  0.0, Max:  0.0, Diff:  0.0, Sum:  0.0, Workers: 4
[3755.660s][debug][gc,phases      ] GC(95)     Dead                           Min: 0, Avg:  0.0, Max: 0, Diff: 0, Sum: 0, Workers: 4
[3755.660s][debug][gc,phases      ] GC(95)     Total                          Min: 0, Avg:  0.0, Max: 0, Diff: 0, Sum: 0, Workers: 4
[3755.660s][debug][gc,phases      ] GC(95) Weak Processing 0.347ms
[3755.660s][debug][gc,age         ] GC(95) Desired survivor size 65011712 bytes, new threshold 15 (max threshold 15)
[3755.660s][info ][gc,heap        ] GC(95) PSYoungGen: 2015136K(2015232K)->41984K(2033152K) Eden: 1973248K(1973248K)->0K(1970176K) From: 41888K(41984K)->41984K(62976K)
[3755.660s][info ][gc,heap        ] GC(95) ParOldGen: 486252K(553472K)->486420K(553472K)
[3755.660s][info ][gc,metaspace   ] GC(95) Metaspace: 80174K(81088K)->80174K(81088K) NonClass: 68903K(69376K)->68903K(69376K) Class: 11270K(11712K)->11270K(11712K)
[3755.660s][info ][gc             ] GC(95) Pause Young (Allocation Failure) 2442M->516M(2526M) 14.662ms
[3755.660s][info ][gc,cpu         ] GC(95) User=0.04s Sys=0.00s Real=0.02s
[3755.660s][info ][safepoint      ] Safepoint "ParallelGCFailedAllocation", Time since last: 2976933157 ns, Reaching safepoint: 26001 ns, At safepoint: 14742529 ns, Total: 14768530 ns
[3757.660s][info ][safepoint      ] Safepoint "Cleanup", Time since last: 2000146374 ns, Reaching safepoint: 41000 ns, At safepoint: 2700 ns, Total: 43700 ns
[3772.661s][info ][safepoint      ] Safepoint "Cleanup", Time since last: 15000940564 ns, Reaching safepoint: 40100 ns, At safepoint: 3200 ns, Total: 43300 ns
[3778.662s][info ][safepoint      ] Safepoint "Cleanup", Time since last: 6000380789 ns, Reaching safepoint: 54201 ns, At safepoint: 9400 ns, Total: 63601 ns
[3781.662s][info ][safepoint      ] Safepoint "Cleanup", Time since last: 3000221241 ns, Reaching safepoint: 33200 ns, At safepoint: 3500 ns, Total: 36700 ns
[3805.385s][info ][gc,start       ] GC(96) Pause Young (Allocation Failure)
[3805.396s][debug][gc,phases      ] GC(96) Scavenge 10.902ms
[3805.396s][debug][gc,ref         ] GC(96) Skipped phase 1 of Reference Processing: no references
[3805.396s][debug][gc,ref         ] GC(96) ReferenceProcessor::execute queues: 1, RefProcThreadModel::Single, marks_oops_alive: false
[3805.396s][debug][gc,ref         ] GC(96) Skipped phase 3 of Reference Processing: no references
[3805.396s][debug][gc,ref         ] GC(96) ReferenceProcessor::execute queues: 1, RefProcThreadModel::Single, marks_oops_alive: false
[3805.396s][debug][gc,phases      ] GC(96) Reference Processing 0.112ms
[3805.396s][debug][gc,phases      ] GC(96)   VM Weak                        Min:  0.0, Avg:  0.0, Max:  0.0, Diff:  0.0, Sum:  0.0, Workers: 4
[3805.396s][debug][gc,phases      ] GC(96)     Dead                           Min: 0, Avg:  0.0, Max: 0, Diff: 0, Sum: 0, Workers: 4
[3805.396s][debug][gc,phases      ] GC(96)     Total                          Min: 0, Avg: 193.5, Max: 576, Diff: 576, Sum: 774, Workers: 4
[3805.396s][debug][gc,phases      ] GC(96)   ObjectSynchronizer Weak        Min:  0.0, Avg:  0.0, Max:  0.0, Diff:  0.0, Sum:  0.0, Workers: 4
[3805.396s][debug][gc,phases      ] GC(96)     Dead                           Min: 0, Avg:  0.0, Max: 0, Diff: 0, Sum: 0, Workers: 4
[3805.396s][debug][gc,phases      ] GC(96)     Total                          Min: 0, Avg: 15.5, Max: 62, Diff: 62, Sum: 62, Workers: 4
[3805.396s][debug][gc,phases      ] GC(96)   JVMTI Tag Weak OopStorage      Min:  0.0, Avg:  0.0, Max:  0.0, Diff:  0.0, Sum:  0.0, Workers: 4
[3805.396s][debug][gc,phases      ] GC(96)     Dead                           Min: 0, Avg:  0.0, Max: 0, Diff: 0, Sum: 0, Workers: 4
[3805.396s][debug][gc,phases      ] GC(96)     Total                          Min: 0, Avg:  0.0, Max: 0, Diff: 0, Sum: 0, Workers: 4
[3805.396s][debug][gc,phases      ] GC(96)   StringTable Weak               Min:  0.0, Avg:  0.1, Max:  0.1, Diff:  0.1, Sum:  0.4, Workers: 4
[3805.396s][debug][gc,phases      ] GC(96)     Dead                           Min: 0, Avg:  0.0, Max: 0, Diff: 0, Sum: 0, Workers: 4
[3805.396s][debug][gc,phases      ] GC(96)     Total                          Min: 0, Avg: 10734.8, Max: 14653, Diff: 14653, Sum: 42939, Workers: 4
[3805.396s][debug][gc,phases      ] GC(96)   ResolvedMethodTable Weak       Min:  0.0, Avg:  0.0, Max:  0.0, Diff:  0.0, Sum:  0.1, Workers: 4
[3805.396s][debug][gc,phases      ] GC(96)     Dead                           Min: 0, Avg:  0.0, Max: 0, Diff: 0, Sum: 0, Workers: 4
[3805.396s][debug][gc,phases      ] GC(96)     Total                          Min: 0, Avg: 2191.0, Max: 3008, Diff: 3008, Sum: 8764, Workers: 4
[3805.396s][debug][gc,phases      ] GC(96)   JNI Weak                       Min:  0.0, Avg:  0.0, Max:  0.0, Diff:  0.0, Sum:  0.0, Workers: 4
[3805.396s][debug][gc,phases      ] GC(96)     Dead                           Min: 0, Avg:  0.0, Max: 0, Diff: 0, Sum: 0, Workers: 4
[3805.396s][debug][gc,phases      ] GC(96)     Total                          Min: 0, Avg: 11.2, Max: 45, Diff: 45, Sum: 45, Workers: 4
[3805.396s][debug][gc,phases      ] GC(96)   StringDedup Table Weak         Min:  0.0, Avg:  0.0, Max:  0.0, Diff:  0.0, Sum:  0.0, Workers: 4
[3805.396s][debug][gc,phases      ] GC(96)     Dead                           Min: 0, Avg:  0.0, Max: 0, Diff: 0, Sum: 0, Workers: 4
[3805.396s][debug][gc,phases      ] GC(96)     Total                          Min: 0, Avg:  0.0, Max: 0, Diff: 0, Sum: 0, Workers: 4
[3805.396s][debug][gc,phases      ] GC(96)   StringDedup Requests0 Weak     Min:  0.0, Avg:  0.0, Max:  0.0, Diff:  0.0, Sum:  0.0, Workers: 4
[3805.396s][debug][gc,phases      ] GC(96)     Dead                           Min: 0, Avg:  0.0, Max: 0, Diff: 0, Sum: 0, Workers: 4
[3805.396s][debug][gc,phases      ] GC(96)     Total                          Min: 0, Avg:  0.0, Max: 0, Diff: 0, Sum: 0, Workers: 4
[3805.396s][debug][gc,phases      ] GC(96)   StringDedup Requests1 Weak     Min:  0.0, Avg:  0.0, Max:  0.0, Diff:  0.0, Sum:  0.0, Workers: 4
[3805.396s][debug][gc,phases      ] GC(96)     Dead                           Min: 0, Avg:  0.0, Max: 0, Diff: 0, Sum: 0, Workers: 4
[3805.396s][debug][gc,phases      ] GC(96)     Total                          Min: 0, Avg:  0.0, Max: 0, Diff: 0, Sum: 0, Workers: 4
[3805.396s][debug][gc,phases      ] GC(96)   Weak JFR Old Object Samples    Min:  0.0, Avg:  0.0, Max:  0.0, Diff:  0.0, Sum:  0.0, Workers: 4
[3805.396s][debug][gc,phases      ] GC(96)     Dead                           Min: 0, Avg:  0.0, Max: 0, Diff: 0, Sum: 0, Workers: 4
[3805.396s][debug][gc,phases      ] GC(96)     Total                          Min: 0, Avg:  0.0, Max: 0, Diff: 0, Sum: 0, Workers: 4
[3805.396s][debug][gc,phases      ] GC(96) Weak Processing 0.360ms
[3805.396s][debug][gc,age         ] GC(96) Desired survivor size 65536000 bytes, new threshold 15 (max threshold 15)
[3805.396s][info ][gc,heap        ] GC(96) PSYoungGen: 2012160K(2033152K)->42688K(2013184K) Eden: 1970176K(1970176K)->0K(1970176K) From: 41984K(62976K)->42688K(43008K)
[3805.396s][info ][gc,heap        ] GC(96) ParOldGen: 486420K(553472K)->486604K(553472K)
[3805.396s][info ][gc,metaspace   ] GC(96) Metaspace: 80177K(81088K)->80177K(81088K) NonClass: 68906K(69376K)->68906K(69376K) Class: 11271K(11712K)->11271K(11712K)
[3805.396s][info ][gc             ] GC(96) Pause Young (Allocation Failure) 2440M->516M(2506M) 11.502ms
[3805.396s][info ][gc,cpu         ] GC(96) User=0.04s Sys=0.00s Real=0.01s
[3805.396s][info ][safepoint      ] Safepoint "ParallelGCFailedAllocation", Time since last: 23722773997 ns, Reaching safepoint: 25500 ns, At safepoint: 11578002 ns, Total: 11603502 ns
[3816.397s][info ][safepoint      ] Safepoint "Cleanup", Time since last: 11000740897 ns, Reaching safepoint: 29100 ns, At safepoint: 23400 ns, Total: 52500 ns
[3817.397s][info ][safepoint      ] Safepoint "Cleanup", Time since last: 1000115572 ns, Reaching safepoint: 56400 ns, At safepoint: 3700 ns, Total: 60100 ns
[3818.397s][info ][safepoint      ] Safepoint "Cleanup", Time since last: 1000121171 ns, Reaching safepoint: 47101 ns, At safepoint: 3100 ns, Total: 50201 ns
[3855.997s][info ][gc,start       ] GC(97) Pause Young (Allocation Failure)
[3856.011s][debug][gc,phases      ] GC(97) Scavenge 14.015ms
[3856.011s][debug][gc,ref         ] GC(97) Skipped phase 1 of Reference Processing: no references
[3856.011s][debug][gc,ref         ] GC(97) ReferenceProcessor::execute queues: 1, RefProcThreadModel::Single, marks_oops_alive: false
[3856.011s][debug][gc,ref         ] GC(97) Skipped phase 3 of Reference Processing: no references
[3856.011s][debug][gc,ref         ] GC(97) ReferenceProcessor::execute queues: 1, RefProcThreadModel::Single, marks_oops_alive: false
[3856.011s][debug][gc,phases      ] GC(97) Reference Processing 0.093ms
[3856.011s][debug][gc,phases      ] GC(97)   VM Weak                        Min:  0.0, Avg:  0.0, Max:  0.2, Diff:  0.2, Sum:  0.2, Workers: 4
[3856.011s][debug][gc,phases      ] GC(97)     Dead                           Min: 0, Avg:  0.0, Max: 0, Diff: 0, Sum: 0, Workers: 4
[3856.011s][debug][gc,phases      ] GC(97)     Total                          Min: 64, Avg: 193.5, Max: 448, Diff: 384, Sum: 774, Workers: 4
[3856.011s][debug][gc,phases      ] GC(97)   ObjectSynchronizer Weak        Min:  0.0, Avg:  0.0, Max:  0.0, Diff:  0.0, Sum:  0.0, Workers: 4
[3856.011s][debug][gc,phases      ] GC(97)     Dead                           Min: 0, Avg:  0.0, Max: 0, Diff: 0, Sum: 0, Workers: 4
[3856.011s][debug][gc,phases      ] GC(97)     Total                          Min: 0, Avg: 15.5, Max: 62, Diff: 62, Sum: 62, Workers: 4
[3856.011s][debug][gc,phases      ] GC(97)   JVMTI Tag Weak OopStorage      Min:  0.0, Avg:  0.0, Max:  0.0, Diff:  0.0, Sum:  0.0, Workers: 4
[3856.011s][debug][gc,phases      ] GC(97)     Dead                           Min: 0, Avg:  0.0, Max: 0, Diff: 0, Sum: 0, Workers: 4
[3856.011s][debug][gc,phases      ] GC(97)     Total                          Min: 0, Avg:  0.0, Max: 0, Diff: 0, Sum: 0, Workers: 4
[3856.011s][debug][gc,phases      ] GC(97)   StringTable Weak               Min:  0.0, Avg:  0.1, Max:  0.1, Diff:  0.1, Sum:  0.4, Workers: 4
[3856.011s][debug][gc,phases      ] GC(97)     Dead                           Min: 0, Avg:  0.0, Max: 0, Diff: 0, Sum: 0, Workers: 4
[3856.011s][debug][gc,phases      ] GC(97)     Total                          Min: 0, Avg: 10736.0, Max: 15680, Diff: 15680, Sum: 42944, Workers: 4
[3856.011s][debug][gc,phases      ] GC(97)   ResolvedMethodTable Weak       Min:  0.0, Avg:  0.0, Max:  0.0, Diff:  0.0, Sum:  0.1, Workers: 4
[3856.011s][debug][gc,phases      ] GC(97)     Dead                           Min: 0, Avg:  0.0, Max: 0, Diff: 0, Sum: 0, Workers: 4
[3856.011s][debug][gc,phases      ] GC(97)     Total                          Min: 0, Avg: 2191.0, Max: 3200, Diff: 3200, Sum: 8764, Workers: 4
[3856.011s][debug][gc,phases      ] GC(97)   JNI Weak                       Min:  0.0, Avg:  0.0, Max:  0.0, Diff:  0.0, Sum:  0.0, Workers: 4
[3856.011s][debug][gc,phases      ] GC(97)     Dead                           Min: 0, Avg:  0.0, Max: 0, Diff: 0, Sum: 0, Workers: 4
[3856.011s][debug][gc,phases      ] GC(97)     Total                          Min: 0, Avg: 11.2, Max: 45, Diff: 45, Sum: 45, Workers: 4
[3856.011s][debug][gc,phases      ] GC(97)   StringDedup Table Weak         Min:  0.0, Avg:  0.0, Max:  0.0, Diff:  0.0, Sum:  0.0, Workers: 4
[3856.011s][debug][gc,phases      ] GC(97)     Dead                           Min: 0, Avg:  0.0, Max: 0, Diff: 0, Sum: 0, Workers: 4
[3856.011s][debug][gc,phases      ] GC(97)     Total                          Min: 0, Avg:  0.0, Max: 0, Diff: 0, Sum: 0, Workers: 4
[3856.011s][debug][gc,phases      ] GC(97)   StringDedup Requests0 Weak     Min:  0.0, Avg:  0.0, Max:  0.0, Diff:  0.0, Sum:  0.0, Workers: 4
[3856.011s][debug][gc,phases      ] GC(97)     Dead                           Min: 0, Avg:  0.0, Max: 0, Diff: 0, Sum: 0, Workers: 4
[3856.011s][debug][gc,phases      ] GC(97)     Total                          Min: 0, Avg:  0.0, Max: 0, Diff: 0, Sum: 0, Workers: 4
[3856.011s][debug][gc,phases      ] GC(97)   StringDedup Requests1 Weak     Min:  0.0, Avg:  0.0, Max:  0.0, Diff:  0.0, Sum:  0.0, Workers: 4
[3856.011s][debug][gc,phases      ] GC(97)     Dead                           Min: 0, Avg:  0.0, Max: 0, Diff: 0, Sum: 0, Workers: 4
[3856.011s][debug][gc,phases      ] GC(97)     Total                          Min: 0, Avg:  0.0, Max: 0, Diff: 0, Sum: 0, Workers: 4
[3856.011s][debug][gc,phases      ] GC(97)   Weak JFR Old Object Samples    Min:  0.0, Avg:  0.0, Max:  0.0, Diff:  0.0, Sum:  0.0, Workers: 4
[3856.011s][debug][gc,phases      ] GC(97)     Dead                           Min: 0, Avg:  0.0, Max: 0, Diff: 0, Sum: 0, Workers: 4
[3856.011s][debug][gc,phases      ] GC(97)     Total                          Min: 0, Avg:  0.0, Max: 0, Diff: 0, Sum: 0, Workers: 4
[3856.011s][debug][gc,phases      ] GC(97) Weak Processing 0.325ms
[3856.011s][debug][gc,age         ] GC(97) Desired survivor size 65536000 bytes, new threshold 15 (max threshold 15)
[3856.011s][info ][gc,heap        ] GC(97) PSYoungGen: 2012864K(2013184K)->42752K(2033152K) Eden: 1970176K(1970176K)->0K(1969152K) From: 42688K(43008K)->42752K(64000K)
[3856.011s][info ][gc,heap        ] GC(97) ParOldGen: 486604K(553472K)->486708K(553472K)
[3856.011s][info ][gc,metaspace   ] GC(97) Metaspace: 80185K(81088K)->80185K(81088K) NonClass: 68913K(69376K)->68913K(69376K) Class: 11271K(11712K)->11271K(11712K)
[3856.011s][info ][gc             ] GC(97) Pause Young (Allocation Failure) 2440M->517M(2526M) 14.556ms
[3856.011s][info ][gc,cpu         ] GC(97) User=0.04s Sys=0.00s Real=0.01s
[3856.011s][info ][safepoint      ] Safepoint "ParallelGCFailedAllocation", Time since last: 37599191877 ns, Reaching safepoint: 34200 ns, At safepoint: 14633228 ns, Total: 14667428 ns
[3861.024s][info ][safepoint      ] Safepoint "Cleanup", Time since last: 5000333706 ns, Reaching safepoint: 12456709 ns, At safepoint: 27200 ns, Total: 12483909 ns
[3861.520s][info ][gc,start       ] GC(98) Pause Young (Allocation Failure)
[3861.563s][debug][gc,phases      ] GC(98) Scavenge 42.860ms
[3861.563s][debug][gc,ref         ] GC(98) Skipped phase 1 of Reference Processing: no references
[3861.563s][debug][gc,ref         ] GC(98) ReferenceProcessor::execute queues: 1, RefProcThreadModel::Single, marks_oops_alive: false
[3861.563s][debug][gc,ref         ] GC(98) Skipped phase 3 of Reference Processing: no references
[3861.563s][debug][gc,ref         ] GC(98) ReferenceProcessor::execute queues: 1, RefProcThreadModel::Single, marks_oops_alive: false
[3861.563s][debug][gc,phases      ] GC(98) Reference Processing 0.118ms
[3861.564s][debug][gc,phases      ] GC(98)   VM Weak                        Min:  0.0, Avg:  0.0, Max:  0.0, Diff:  0.0, Sum:  0.0, Workers: 4
[3861.564s][debug][gc,phases      ] GC(98)     Dead                           Min: 0, Avg:  0.0, Max: 0, Diff: 0, Sum: 0, Workers: 4
[3861.564s][debug][gc,phases      ] GC(98)     Total                          Min: 0, Avg: 193.5, Max: 774, Diff: 774, Sum: 774, Workers: 4
[3861.564s][debug][gc,phases      ] GC(98)   ObjectSynchronizer Weak        Min:  0.0, Avg:  0.0, Max:  0.0, Diff:  0.0, Sum:  0.0, Workers: 4
[3861.564s][debug][gc,phases      ] GC(98)     Dead                           Min: 0, Avg:  0.0, Max: 0, Diff: 0, Sum: 0, Workers: 4
[3861.564s][debug][gc,phases      ] GC(98)     Total                          Min: 0, Avg: 15.5, Max: 62, Diff: 62, Sum: 62, Workers: 4
[3861.564s][debug][gc,phases      ] GC(98)   JVMTI Tag Weak OopStorage      Min:  0.0, Avg:  0.0, Max:  0.0, Diff:  0.0, Sum:  0.0, Workers: 4
[3861.564s][debug][gc,phases      ] GC(98)     Dead                           Min: 0, Avg:  0.0, Max: 0, Diff: 0, Sum: 0, Workers: 4
[3861.564s][debug][gc,phases      ] GC(98)     Total                          Min: 0, Avg:  0.0, Max: 0, Diff: 0, Sum: 0, Workers: 4
[3861.564s][debug][gc,phases      ] GC(98)   StringTable Weak               Min:  0.0, Avg:  0.1, Max:  0.1, Diff:  0.1, Sum:  0.4, Workers: 4
[3861.564s][debug][gc,phases      ] GC(98)     Dead                           Min: 0, Avg:  0.0, Max: 0, Diff: 0, Sum: 0, Workers: 4
[3861.564s][debug][gc,phases      ] GC(98)     Total                          Min: 0, Avg: 10736.2, Max: 14849, Diff: 14849, Sum: 42945, Workers: 4
[3861.564s][debug][gc,phases      ] GC(98)   ResolvedMethodTable Weak       Min:  0.0, Avg:  0.0, Max:  0.0, Diff:  0.0, Sum:  0.1, Workers: 4
[3861.564s][debug][gc,phases      ] GC(98)     Dead                           Min: 0, Avg:  0.0, Max: 0, Diff: 0, Sum: 0, Workers: 4
[3861.564s][debug][gc,phases      ] GC(98)     Total                          Min: 0, Avg: 2191.0, Max: 3072, Diff: 3072, Sum: 8764, Workers: 4
[3861.564s][debug][gc,phases      ] GC(98)   JNI Weak                       Min:  0.0, Avg:  0.0, Max:  0.0, Diff:  0.0, Sum:  0.0, Workers: 4
[3861.564s][debug][gc,phases      ] GC(98)     Dead                           Min: 0, Avg:  0.0, Max: 0, Diff: 0, Sum: 0, Workers: 4
[3861.564s][debug][gc,phases      ] GC(98)     Total                          Min: 0, Avg: 11.2, Max: 45, Diff: 45, Sum: 45, Workers: 4
[3861.564s][debug][gc,phases      ] GC(98)   StringDedup Table Weak         Min:  0.0, Avg:  0.0, Max:  0.0, Diff:  0.0, Sum:  0.0, Workers: 4
[3861.564s][debug][gc,phases      ] GC(98)     Dead                           Min: 0, Avg:  0.0, Max: 0, Diff: 0, Sum: 0, Workers: 4
[3861.564s][debug][gc,phases      ] GC(98)     Total                          Min: 0, Avg:  0.0, Max: 0, Diff: 0, Sum: 0, Workers: 4
[3861.564s][debug][gc,phases      ] GC(98)   StringDedup Requests0 Weak     Min:  0.0, Avg:  0.0, Max:  0.0, Diff:  0.0, Sum:  0.0, Workers: 4
[3861.564s][debug][gc,phases      ] GC(98)     Dead                           Min: 0, Avg:  0.0, Max: 0, Diff: 0, Sum: 0, Workers: 4
[3861.564s][debug][gc,phases      ] GC(98)     Total                          Min: 0, Avg:  0.0, Max: 0, Diff: 0, Sum: 0, Workers: 4
[3861.564s][debug][gc,phases      ] GC(98)   StringDedup Requests1 Weak     Min:  0.0, Avg:  0.0, Max:  0.0, Diff:  0.0, Sum:  0.0, Workers: 4
[3861.564s][debug][gc,phases      ] GC(98)     Dead                           Min: 0, Avg:  0.0, Max: 0, Diff: 0, Sum: 0, Workers: 4
[3861.564s][debug][gc,phases      ] GC(98)     Total                          Min: 0, Avg:  0.0, Max: 0, Diff: 0, Sum: 0, Workers: 4
[3861.564s][debug][gc,phases      ] GC(98)   Weak JFR Old Object Samples    Min:  0.0, Avg:  0.0, Max:  0.0, Diff:  0.0, Sum:  0.0, Workers: 4
[3861.564s][debug][gc,phases      ] GC(98)     Dead                           Min: 0, Avg:  0.0, Max: 0, Diff: 0, Sum: 0, Workers: 4
[3861.564s][debug][gc,phases      ] GC(98)     Total                          Min: 0, Avg:  0.0, Max: 0, Diff: 0, Sum: 0, Workers: 4
[3861.564s][debug][gc,phases      ] GC(98) Weak Processing 0.413ms
[3861.564s][debug][gc,age         ] GC(98) Desired survivor size 87556096 bytes, new threshold 14 (max threshold 15)
[3861.564s][info ][gc,heap        ] GC(98) PSYoungGen: 2011904K(2033152K)->63984K(2033152K) Eden: 1969152K(1969152K)->0K(1969152K) From: 42752K(64000K)->63984K(64000K)
[3861.564s][info ][gc,heap        ] GC(98) ParOldGen: 486708K(553472K)->523688K(553472K)
[3861.564s][info ][gc,metaspace   ] GC(98) Metaspace: 80190K(81152K)->80190K(81152K) NonClass: 68918K(69440K)->68918K(69440K) Class: 11271K(11712K)->11271K(11712K)
[3861.564s][info ][gc             ] GC(98) Pause Young (Allocation Failure) 2440M->573M(2526M) 43.552ms
[3861.564s][info ][gc,cpu         ] GC(98) User=0.13s Sys=0.00s Real=0.04s
[3861.564s][info ][safepoint      ] Safepoint "ParallelGCFailedAllocation", Time since last: 496113646 ns, Reaching safepoint: 109301 ns, At safepoint: 43646482 ns, Total: 43755783 ns
[3862.564s][info ][safepoint      ] Safepoint "Cleanup", Time since last: 1000082561 ns, Reaching safepoint: 52300 ns, At safepoint: 2400 ns, Total: 54700 ns
[3865.564s][info ][safepoint      ] Safepoint "Cleanup", Time since last: 3000198680 ns, Reaching safepoint: 40901 ns, At safepoint: 4200 ns, Total: 45101 ns
[3866.564s][info ][safepoint      ] Safepoint "Cleanup", Time since last: 1000099159 ns, Reaching safepoint: 42001 ns, At safepoint: 4400 ns, Total: 46401 ns
[3869.565s][info ][safepoint      ] Safepoint "Cleanup", Time since last: 3000241077 ns, Reaching safepoint: 63301 ns, At safepoint: 4400 ns, Total: 67701 ns
[3870.565s][info ][safepoint      ] Safepoint "Cleanup", Time since last: 1000106159 ns, Reaching safepoint: 39800 ns, At safepoint: 5300 ns, Total: 45100 ns
[3871.565s][info ][safepoint      ] Safepoint "Cleanup", Time since last: 1000103759 ns, Reaching safepoint: 58900 ns, At safepoint: 27901 ns, Total: 86801 ns
[3879.566s][info ][safepoint      ] Safepoint "Cleanup", Time since last: 8000538459 ns, Reaching safepoint: 36500 ns, At safepoint: 3200 ns, Total: 39700 ns
[3893.567s][info ][safepoint      ] Safepoint "Cleanup", Time since last: 14000916270 ns, Reaching safepoint: 41200 ns, At safepoint: 2600 ns, Total: 43800 ns
[3895.678s][info ][gc,start       ] GC(99) Pause Young (Allocation Failure)
[3895.692s][debug][gc,phases      ] GC(99) Scavenge 13.910ms
[3895.692s][debug][gc,ref         ] GC(99) Skipped phase 1 of Reference Processing: no references
[3895.692s][debug][gc,ref         ] GC(99) ReferenceProcessor::execute queues: 1, RefProcThreadModel::Single, marks_oops_alive: false
[3895.692s][debug][gc,ref         ] GC(99) Skipped phase 3 of Reference Processing: no references
[3895.692s][debug][gc,ref         ] GC(99) ReferenceProcessor::execute queues: 1, RefProcThreadModel::Single, marks_oops_alive: false
[3895.692s][debug][gc,phases      ] GC(99) Reference Processing 0.130ms
[3895.692s][debug][gc,phases      ] GC(99)   VM Weak                        Min:  0.0, Avg:  0.0, Max:  0.0, Diff:  0.0, Sum:  0.0, Workers: 4
[3895.692s][debug][gc,phases      ] GC(99)     Dead                           Min: 0, Avg:  0.0, Max: 0, Diff: 0, Sum: 0, Workers: 4
[3895.692s][debug][gc,phases      ] GC(99)     Total                          Min: 0, Avg: 193.5, Max: 646, Diff: 646, Sum: 774, Workers: 4
[3895.692s][debug][gc,phases      ] GC(99)   ObjectSynchronizer Weak        Min:  0.0, Avg:  0.0, Max:  0.0, Diff:  0.0, Sum:  0.0, Workers: 4
[3895.692s][debug][gc,phases      ] GC(99)     Dead                           Min: 0, Avg:  0.0, Max: 0, Diff: 0, Sum: 0, Workers: 4
[3895.692s][debug][gc,phases      ] GC(99)     Total                          Min: 0, Avg: 15.5, Max: 62, Diff: 62, Sum: 62, Workers: 4
[3895.692s][debug][gc,phases      ] GC(99)   JVMTI Tag Weak OopStorage      Min:  0.0, Avg:  0.0, Max:  0.0, Diff:  0.0, Sum:  0.0, Workers: 4
[3895.692s][debug][gc,phases      ] GC(99)     Dead                           Min: 0, Avg:  0.0, Max: 0, Diff: 0, Sum: 0, Workers: 4
[3895.692s][debug][gc,phases      ] GC(99)     Total                          Min: 0, Avg:  0.0, Max: 0, Diff: 0, Sum: 0, Workers: 4
[3895.692s][debug][gc,phases      ] GC(99)   StringTable Weak               Min:  0.1, Avg:  0.1, Max:  0.1, Diff:  0.0, Sum:  0.4, Workers: 4
[3895.692s][debug][gc,phases      ] GC(99)     Dead                           Min: 0, Avg:  0.0, Max: 0, Diff: 0, Sum: 0, Workers: 4
[3895.692s][debug][gc,phases      ] GC(99)     Total                          Min: 9280, Avg: 10736.5, Max: 11394, Diff: 2114, Sum: 42946, Workers: 4
[3895.692s][debug][gc,phases      ] GC(99)   ResolvedMethodTable Weak       Min:  0.0, Avg:  0.0, Max:  0.0, Diff:  0.0, Sum:  0.1, Workers: 4
[3895.692s][debug][gc,phases      ] GC(99)     Dead                           Min: 0, Avg:  0.0, Max: 0, Diff: 0, Sum: 0, Workers: 4
[3895.692s][debug][gc,phases      ] GC(99)     Total                          Min: 2111, Avg: 2191.0, Max: 2304, Diff: 193, Sum: 8764, Workers: 4
[3895.692s][debug][gc,phases      ] GC(99)   JNI Weak                       Min:  0.0, Avg:  0.0, Max:  0.0, Diff:  0.0, Sum:  0.0, Workers: 4
[3895.692s][debug][gc,phases      ] GC(99)     Dead                           Min: 0, Avg:  0.0, Max: 0, Diff: 0, Sum: 0, Workers: 4
[3895.692s][debug][gc,phases      ] GC(99)     Total                          Min: 0, Avg: 11.2, Max: 45, Diff: 45, Sum: 45, Workers: 4
[3895.692s][debug][gc,phases      ] GC(99)   StringDedup Table Weak         Min:  0.0, Avg:  0.0, Max:  0.0, Diff:  0.0, Sum:  0.0, Workers: 4
[3895.692s][debug][gc,phases      ] GC(99)     Dead                           Min: 0, Avg:  0.0, Max: 0, Diff: 0, Sum: 0, Workers: 4
[3895.692s][debug][gc,phases      ] GC(99)     Total                          Min: 0, Avg:  0.0, Max: 0, Diff: 0, Sum: 0, Workers: 4
[3895.692s][debug][gc,phases      ] GC(99)   StringDedup Requests0 Weak     Min:  0.0, Avg:  0.0, Max:  0.0, Diff:  0.0, Sum:  0.0, Workers: 4
[3895.692s][debug][gc,phases      ] GC(99)     Dead                           Min: 0, Avg:  0.0, Max: 0, Diff: 0, Sum: 0, Workers: 4
[3895.692s][debug][gc,phases      ] GC(99)     Total                          Min: 0, Avg:  0.0, Max: 0, Diff: 0, Sum: 0, Workers: 4
[3895.692s][debug][gc,phases      ] GC(99)   StringDedup Requests1 Weak     Min:  0.0, Avg:  0.0, Max:  0.0, Diff:  0.0, Sum:  0.0, Workers: 4
[3895.692s][debug][gc,phases      ] GC(99)     Dead                           Min: 0, Avg:  0.0, Max: 0, Diff: 0, Sum: 0, Workers: 4
[3895.692s][debug][gc,phases      ] GC(99)     Total                          Min: 0, Avg:  0.0, Max: 0, Diff: 0, Sum: 0, Workers: 4
[3895.692s][debug][gc,phases      ] GC(99)   Weak JFR Old Object Samples    Min:  0.0, Avg:  0.0, Max:  0.0, Diff:  0.0, Sum:  0.0, Workers: 4
[3895.692s][debug][gc,phases      ] GC(99)     Dead                           Min: 0, Avg:  0.0, Max: 0, Diff: 0, Sum: 0, Workers: 4
[3895.692s][debug][gc,phases      ] GC(99)     Total                          Min: 0, Avg:  0.0, Max: 0, Diff: 0, Sum: 0, Workers: 4
[3895.692s][debug][gc,phases      ] GC(99) Weak Processing 0.294ms
[3895.692s][debug][gc,age         ] GC(99) Desired survivor size 85983232 bytes, new threshold 15 (max threshold 15)
[3895.692s][info ][gc,heap        ] GC(99) PSYoungGen: 2033136K(2033152K)->49856K(1993216K) Eden: 1969152K(1969152K)->0K(1929216K) From: 63984K(64000K)->49856K(64000K)
[3895.692s][info ][gc,heap        ] GC(99) ParOldGen: 523688K(553472K)->523728K(553472K)
[3895.692s][info ][gc,metaspace   ] GC(99) Metaspace: 80204K(81152K)->80204K(81152K) NonClass: 68933K(69440K)->68933K(69440K) Class: 11271K(11712K)->11271K(11712K)
[3895.692s][info ][gc             ] GC(99) Pause Young (Allocation Failure) 2496M->560M(2487M) 14.455ms
[3895.692s][info ][gc,cpu         ] GC(99) User=0.04s Sys=0.01s Real=0.02s
[3895.692s][info ][safepoint      ] Safepoint "ParallelGCFailedAllocation", Time since last: 2111037677 ns, Reaching safepoint: 101401 ns, At safepoint: 14530427 ns, Total: 14631828 ns
[3902.693s][info ][safepoint      ] Safepoint "Cleanup", Time since last: 7000415166 ns, Reaching safepoint: 53601 ns, At safepoint: 25600 ns, Total: 79201 ns
[3905.693s][info ][safepoint      ] Safepoint "Cleanup", Time since last: 3000211054 ns, Reaching safepoint: 36100 ns, At safepoint: 5100 ns, Total: 41200 ns
[3911.694s][info ][safepoint      ] Safepoint "Cleanup", Time since last: 6000410503 ns, Reaching safepoint: 104400 ns, At safepoint: 7101 ns, Total: 111501 ns
[3915.694s][info ][safepoint      ] Safepoint "Cleanup", Time since last: 4000276097 ns, Reaching safepoint: 40000 ns, At safepoint: 3200 ns, Total: 43200 ns
[3917.694s][info ][safepoint      ] Safepoint "Cleanup", Time since last: 2000172698 ns, Reaching safepoint: 35100 ns, At safepoint: 3101 ns, Total: 38201 ns
[3924.695s][info ][safepoint      ] Safepoint "Cleanup", Time since last: 7000471534 ns, Reaching safepoint: 29701 ns, At safepoint: 3000 ns, Total: 32701 ns
[3934.695s][info ][safepoint      ] Safepoint "Cleanup", Time since last: 10000689161 ns, Reaching safepoint: 58001 ns, At safepoint: 7500 ns, Total: 65501 ns
[3941.696s][info ][safepoint      ] Safepoint "Cleanup", Time since last: 7000519012 ns, Reaching safepoint: 48500 ns, At safepoint: 11300 ns, Total: 59800 ns
[3944.302s][info ][gc,start       ] GC(100) Pause Young (Allocation Failure)
[3944.316s][debug][gc,phases      ] GC(100) Scavenge 13.946ms
[3944.316s][debug][gc,ref         ] GC(100) Skipped phase 1 of Reference Processing: no references
[3944.316s][debug][gc,ref         ] GC(100) ReferenceProcessor::execute queues: 1, RefProcThreadModel::Single, marks_oops_alive: false
[3944.316s][debug][gc,ref         ] GC(100) Skipped phase 3 of Reference Processing: no references
[3944.316s][debug][gc,ref         ] GC(100) ReferenceProcessor::execute queues: 1, RefProcThreadModel::Single, marks_oops_alive: false
[3944.316s][debug][gc,phases      ] GC(100) Reference Processing 0.110ms
[3944.316s][debug][gc,phases      ] GC(100)   VM Weak                        Min:  0.0, Avg:  0.0, Max:  0.0, Diff:  0.0, Sum:  0.0, Workers: 4
[3944.316s][debug][gc,phases      ] GC(100)     Dead                           Min: 0, Avg:  0.0, Max: 0, Diff: 0, Sum: 0, Workers: 4
[3944.316s][debug][gc,phases      ] GC(100)     Total                          Min: 0, Avg: 193.5, Max: 576, Diff: 576, Sum: 774, Workers: 4
[3944.316s][debug][gc,phases      ] GC(100)   ObjectSynchronizer Weak        Min:  0.0, Avg:  0.0, Max:  0.0, Diff:  0.0, Sum:  0.0, Workers: 4
[3944.316s][debug][gc,phases      ] GC(100)     Dead                           Min: 0, Avg:  0.0, Max: 0, Diff: 0, Sum: 0, Workers: 4
[3944.316s][debug][gc,phases      ] GC(100)     Total                          Min: 0, Avg: 15.5, Max: 62, Diff: 62, Sum: 62, Workers: 4
[3944.316s][debug][gc,phases      ] GC(100)   JVMTI Tag Weak OopStorage      Min:  0.0, Avg:  0.0, Max:  0.0, Diff:  0.0, Sum:  0.0, Workers: 4
[3944.316s][debug][gc,phases      ] GC(100)     Dead                           Min: 0, Avg:  0.0, Max: 0, Diff: 0, Sum: 0, Workers: 4
[3944.316s][debug][gc,phases      ] GC(100)     Total                          Min: 0, Avg:  0.0, Max: 0, Diff: 0, Sum: 0, Workers: 4
[3944.316s][debug][gc,phases      ] GC(100)   StringTable Weak               Min:  0.1, Avg:  0.1, Max:  0.1, Diff:  0.0, Sum:  0.5, Workers: 4
[3944.316s][debug][gc,phases      ] GC(100)     Dead                           Min: 0, Avg:  0.0, Max: 0, Diff: 0, Sum: 0, Workers: 4
[3944.316s][debug][gc,phases      ] GC(100)     Total                          Min: 10306, Avg: 10736.5, Max: 11456, Diff: 1150, Sum: 42946, Workers: 4
[3944.316s][debug][gc,phases      ] GC(100)   ResolvedMethodTable Weak       Min:  0.0, Avg:  0.0, Max:  0.0, Diff:  0.0, Sum:  0.1, Workers: 4
[3944.316s][debug][gc,phases      ] GC(100)     Dead                           Min: 0, Avg:  0.0, Max: 0, Diff: 0, Sum: 0, Workers: 4
[3944.316s][debug][gc,phases      ] GC(100)     Total                          Min: 2112, Avg: 2191.0, Max: 2240, Diff: 128, Sum: 8764, Workers: 4
[3944.316s][debug][gc,phases      ] GC(100)   JNI Weak                       Min:  0.0, Avg:  0.0, Max:  0.0, Diff:  0.0, Sum:  0.0, Workers: 4
[3944.316s][debug][gc,phases      ] GC(100)     Dead                           Min: 0, Avg:  0.0, Max: 0, Diff: 0, Sum: 0, Workers: 4
[3944.316s][debug][gc,phases      ] GC(100)     Total                          Min: 0, Avg: 11.2, Max: 45, Diff: 45, Sum: 45, Workers: 4
[3944.316s][debug][gc,phases      ] GC(100)   StringDedup Table Weak         Min:  0.0, Avg:  0.0, Max:  0.0, Diff:  0.0, Sum:  0.0, Workers: 4
[3944.316s][debug][gc,phases      ] GC(100)     Dead                           Min: 0, Avg:  0.0, Max: 0, Diff: 0, Sum: 0, Workers: 4
[3944.316s][debug][gc,phases      ] GC(100)     Total                          Min: 0, Avg:  0.0, Max: 0, Diff: 0, Sum: 0, Workers: 4
[3944.316s][debug][gc,phases      ] GC(100)   StringDedup Requests0 Weak     Min:  0.0, Avg:  0.0, Max:  0.0, Diff:  0.0, Sum:  0.0, Workers: 4
[3944.316s][debug][gc,phases      ] GC(100)     Dead                           Min: 0, Avg:  0.0, Max: 0, Diff: 0, Sum: 0, Workers: 4
[3944.316s][debug][gc,phases      ] GC(100)     Total                          Min: 0, Avg:  0.0, Max: 0, Diff: 0, Sum: 0, Workers: 4
[3944.316s][debug][gc,phases      ] GC(100)   StringDedup Requests1 Weak     Min:  0.0, Avg:  0.0, Max:  0.0, Diff:  0.0, Sum:  0.0, Workers: 4
[3944.316s][debug][gc,phases      ] GC(100)     Dead                           Min: 0, Avg:  0.0, Max: 0, Diff: 0, Sum: 0, Workers: 4
[3944.316s][debug][gc,phases      ] GC(100)     Total                          Min: 0, Avg:  0.0, Max: 0, Diff: 0, Sum: 0, Workers: 4
[3944.316s][debug][gc,phases      ] GC(100)   Weak JFR Old Object Samples    Min:  0.0, Avg:  0.0, Max:  0.0, Diff:  0.0, Sum:  0.0, Workers: 4
[3944.316s][debug][gc,phases      ] GC(100)     Dead                           Min: 0, Avg:  0.0, Max: 0, Diff: 0, Sum: 0, Workers: 4
[3944.316s][debug][gc,phases      ] GC(100)     Total                          Min: 0, Avg:  0.0, Max: 0, Diff: 0, Sum: 0, Workers: 4
[3944.316s][debug][gc,phases      ] GC(100) Weak Processing 0.329ms
[3944.316s][debug][gc,age         ] GC(100) Desired survivor size 84934656 bytes, new threshold 15 (max threshold 15)
[3944.316s][info ][gc,heap        ] GC(100) PSYoungGen: 1979072K(1993216K)->50016K(2013184K) Eden: 1929216K(1929216K)->0K(1929216K) From: 49856K(64000K)->50016K(83968K)
[3944.316s][info ][gc,heap        ] GC(100) ParOldGen: 523728K(553472K)->523728K(553472K)
[3944.316s][info ][gc,metaspace   ] GC(100) Metaspace: 80221K(81152K)->80221K(81152K) NonClass: 68949K(69440K)->68949K(69440K) Class: 11271K(11712K)->11271K(11712K)
[3944.316s][info ][gc             ] GC(100) Pause Young (Allocation Failure) 2444M->560M(2506M) 14.502ms
[3944.316s][info ][gc,cpu         ] GC(100) User=0.05s Sys=0.00s Real=0.01s
[3944.316s][info ][safepoint      ] Safepoint "ParallelGCFailedAllocation", Time since last: 2605555581 ns, Reaching safepoint: 33700 ns, At safepoint: 14583027 ns, Total: 14616727 ns
[3956.317s][info ][safepoint      ] Safepoint "Cleanup", Time since last: 12000689106 ns, Reaching safepoint: 42500 ns, At safepoint: 4300 ns, Total: 46800 ns
[3999.528s][info ][gc,start       ] GC(101) Pause Young (Allocation Failure)
[3999.542s][debug][gc,phases      ] GC(101) Scavenge 13.952ms
[3999.542s][debug][gc,ref         ] GC(101) Skipped phase 1 of Reference Processing: no references
[3999.542s][debug][gc,ref         ] GC(101) ReferenceProcessor::execute queues: 1, RefProcThreadModel::Single, marks_oops_alive: false
[3999.542s][debug][gc,ref         ] GC(101) Skipped phase 3 of Reference Processing: no references
[3999.542s][debug][gc,ref         ] GC(101) ReferenceProcessor::execute queues: 1, RefProcThreadModel::Single, marks_oops_alive: false
[3999.542s][debug][gc,phases      ] GC(101) Reference Processing 0.103ms
[3999.542s][debug][gc,phases      ] GC(101)   VM Weak                        Min:  0.0, Avg:  0.0, Max:  0.0, Diff:  0.0, Sum:  0.0, Workers: 4
[3999.542s][debug][gc,phases      ] GC(101)     Dead                           Min: 0, Avg:  0.0, Max: 0, Diff: 0, Sum: 0, Workers: 4
[3999.542s][debug][gc,phases      ] GC(101)     Total                          Min: 0, Avg: 193.5, Max: 774, Diff: 774, Sum: 774, Workers: 4
[3999.542s][debug][gc,phases      ] GC(101)   ObjectSynchronizer Weak        Min:  0.0, Avg:  0.0, Max:  0.0, Diff:  0.0, Sum:  0.0, Workers: 4
[3999.542s][debug][gc,phases      ] GC(101)     Dead                           Min: 0, Avg:  0.0, Max: 0, Diff: 0, Sum: 0, Workers: 4
[3999.542s][debug][gc,phases      ] GC(101)     Total                          Min: 0, Avg: 15.5, Max: 62, Diff: 62, Sum: 62, Workers: 4
[3999.542s][debug][gc,phases      ] GC(101)   JVMTI Tag Weak OopStorage      Min:  0.0, Avg:  0.0, Max:  0.0, Diff:  0.0, Sum:  0.0, Workers: 4
[3999.542s][debug][gc,phases      ] GC(101)     Dead                           Min: 0, Avg:  0.0, Max: 0, Diff: 0, Sum: 0, Workers: 4
[3999.542s][debug][gc,phases      ] GC(101)     Total                          Min: 0, Avg:  0.0, Max: 0, Diff: 0, Sum: 0, Workers: 4
[3999.542s][debug][gc,phases      ] GC(101)   StringTable Weak               Min:  0.1, Avg:  0.1, Max:  0.1, Diff:  0.0, Sum:  0.4, Workers: 4
[3999.542s][debug][gc,phases      ] GC(101)     Dead                           Min: 0, Avg:  0.0, Max: 0, Diff: 0, Sum: 0, Workers: 4
[3999.542s][debug][gc,phases      ] GC(101)     Total                          Min: 10562, Avg: 10736.5, Max: 10880, Diff: 318, Sum: 42946, Workers: 4
[3999.542s][debug][gc,phases      ] GC(101)   ResolvedMethodTable Weak       Min:  0.0, Avg:  0.0, Max:  0.0, Diff:  0.0, Sum:  0.1, Workers: 4
[3999.542s][debug][gc,phases      ] GC(101)     Dead                           Min: 0, Avg:  0.0, Max: 0, Diff: 0, Sum: 0, Workers: 4
[3999.542s][debug][gc,phases      ] GC(101)     Total                          Min: 893, Avg: 2191.0, Max: 2688, Diff: 1795, Sum: 8764, Workers: 4
[3999.542s][debug][gc,phases      ] GC(101)   JNI Weak                       Min:  0.0, Avg:  0.0, Max:  0.0, Diff:  0.0, Sum:  0.0, Workers: 4
[3999.542s][debug][gc,phases      ] GC(101)     Dead                           Min: 0, Avg:  0.0, Max: 0, Diff: 0, Sum: 0, Workers: 4
[3999.542s][debug][gc,phases      ] GC(101)     Total                          Min: 0, Avg: 11.2, Max: 45, Diff: 45, Sum: 45, Workers: 4
[3999.542s][debug][gc,phases      ] GC(101)   StringDedup Table Weak         Min:  0.0, Avg:  0.0, Max:  0.0, Diff:  0.0, Sum:  0.0, Workers: 4
[3999.542s][debug][gc,phases      ] GC(101)     Dead                           Min: 0, Avg:  0.0, Max: 0, Diff: 0, Sum: 0, Workers: 4
[3999.542s][debug][gc,phases      ] GC(101)     Total                          Min: 0, Avg:  0.0, Max: 0, Diff: 0, Sum: 0, Workers: 4
[3999.542s][debug][gc,phases      ] GC(101)   StringDedup Requests0 Weak     Min:  0.0, Avg:  0.0, Max:  0.0, Diff:  0.0, Sum:  0.0, Workers: 4
[3999.542s][debug][gc,phases      ] GC(101)     Dead                           Min: 0, Avg:  0.0, Max: 0, Diff: 0, Sum: 0, Workers: 4
[3999.542s][debug][gc,phases      ] GC(101)     Total                          Min: 0, Avg:  0.0, Max: 0, Diff: 0, Sum: 0, Workers: 4
[3999.542s][debug][gc,phases      ] GC(101)   StringDedup Requests1 Weak     Min:  0.0, Avg:  0.0, Max:  0.0, Diff:  0.0, Sum:  0.0, Workers: 4
[3999.542s][debug][gc,phases      ] GC(101)     Dead                           Min: 0, Avg:  0.0, Max: 0, Diff: 0, Sum: 0, Workers: 4
[3999.542s][debug][gc,phases      ] GC(101)     Total                          Min: 0, Avg:  0.0, Max: 0, Diff: 0, Sum: 0, Workers: 4
[3999.542s][debug][gc,phases      ] GC(101)   Weak JFR Old Object Samples    Min:  0.0, Avg:  0.0, Max:  0.0, Diff:  0.0, Sum:  0.0, Workers: 4
[3999.542s][debug][gc,phases      ] GC(101)     Dead                           Min: 0, Avg:  0.0, Max: 0, Diff: 0, Sum: 0, Workers: 4
[3999.542s][debug][gc,phases      ] GC(101)     Total                          Min: 0, Avg:  0.0, Max: 0, Diff: 0, Sum: 0, Workers: 4
[3999.542s][debug][gc,phases      ] GC(101) Weak Processing 0.312ms
[3999.542s][debug][gc,age         ] GC(101) Desired survivor size 83361792 bytes, new threshold 15 (max threshold 15)
[3999.542s][info ][gc,heap        ] GC(101) PSYoungGen: 1979232K(2013184K)->50304K(2015744K) Eden: 1929216K(1929216K)->0K(1932800K) From: 50016K(83968K)->50304K(82944K)
[3999.542s][info ][gc,heap        ] GC(101) ParOldGen: 523728K(553472K)->523752K(553472K)
[3999.542s][info ][gc,metaspace   ] GC(101) Metaspace: 80225K(81152K)->80225K(81152K) NonClass: 68954K(69440K)->68954K(69440K) Class: 11271K(11712K)->11271K(11712K)
[3999.542s][info ][gc             ] GC(101) Pause Young (Allocation Failure) 2444M->560M(2509M) 14.481ms
[3999.542s][info ][gc,cpu         ] GC(101) User=0.04s Sys=0.01s Real=0.02s
[3999.542s][info ][safepoint      ] Safepoint "ParallelGCFailedAllocation", Time since last: 43210925614 ns, Reaching safepoint: 79601 ns, At safepoint: 14557327 ns, Total: 14636928 ns
[4070.878s][info ][gc,start       ] GC(102) Pause Young (Allocation Failure)
[4070.890s][debug][gc,phases      ] GC(102) Scavenge 12.250ms
[4070.890s][debug][gc,ref         ] GC(102) Skipped phase 1 of Reference Processing: no references
[4070.890s][debug][gc,ref         ] GC(102) ReferenceProcessor::execute queues: 1, RefProcThreadModel::Single, marks_oops_alive: false
[4070.890s][debug][gc,ref         ] GC(102) Skipped phase 3 of Reference Processing: no references
[4070.890s][debug][gc,ref         ] GC(102) ReferenceProcessor::execute queues: 1, RefProcThreadModel::Single, marks_oops_alive: false
[4070.890s][debug][gc,phases      ] GC(102) Reference Processing 0.097ms
[4070.891s][debug][gc,phases      ] GC(102)   VM Weak                        Min:  0.0, Avg:  0.0, Max:  0.0, Diff:  0.0, Sum:  0.0, Workers: 4
[4070.891s][debug][gc,phases      ] GC(102)     Dead                           Min: 0, Avg:  0.0, Max: 0, Diff: 0, Sum: 0, Workers: 4
[4070.891s][debug][gc,phases      ] GC(102)     Total                          Min: 0, Avg: 193.5, Max: 640, Diff: 640, Sum: 774, Workers: 4
[4070.891s][debug][gc,phases      ] GC(102)   ObjectSynchronizer Weak        Min:  0.0, Avg:  0.0, Max:  0.0, Diff:  0.0, Sum:  0.0, Workers: 4
[4070.891s][debug][gc,phases      ] GC(102)     Dead                           Min: 0, Avg:  0.0, Max: 0, Diff: 0, Sum: 0, Workers: 4
[4070.891s][debug][gc,phases      ] GC(102)     Total                          Min: 0, Avg: 15.5, Max: 62, Diff: 62, Sum: 62, Workers: 4
[4070.891s][debug][gc,phases      ] GC(102)   JVMTI Tag Weak OopStorage      Min:  0.0, Avg:  0.0, Max:  0.0, Diff:  0.0, Sum:  0.0, Workers: 4
[4070.891s][debug][gc,phases      ] GC(102)     Dead                           Min: 0, Avg:  0.0, Max: 0, Diff: 0, Sum: 0, Workers: 4
[4070.891s][debug][gc,phases      ] GC(102)     Total                          Min: 0, Avg:  0.0, Max: 0, Diff: 0, Sum: 0, Workers: 4
[4070.891s][debug][gc,phases      ] GC(102)   StringTable Weak               Min:  0.1, Avg:  0.1, Max:  0.1, Diff:  0.0, Sum:  0.4, Workers: 4
[4070.891s][debug][gc,phases      ] GC(102)     Dead                           Min: 0, Avg:  0.0, Max: 0, Diff: 0, Sum: 0, Workers: 4
[4070.891s][debug][gc,phases      ] GC(102)     Total                          Min: 8704, Avg: 10736.5, Max: 11650, Diff: 2946, Sum: 42946, Workers: 4
[4070.891s][debug][gc,phases      ] GC(102)   ResolvedMethodTable Weak       Min:  0.0, Avg:  0.0, Max:  0.0, Diff:  0.0, Sum:  0.1, Workers: 4
[4070.891s][debug][gc,phases      ] GC(102)     Dead                           Min: 0, Avg:  0.0, Max: 0, Diff: 0, Sum: 0, Workers: 4
[4070.891s][debug][gc,phases      ] GC(102)     Total                          Min: 2112, Avg: 2191.0, Max: 2301, Diff: 189, Sum: 8764, Workers: 4
[4070.891s][debug][gc,phases      ] GC(102)   JNI Weak                       Min:  0.0, Avg:  0.0, Max:  0.0, Diff:  0.0, Sum:  0.0, Workers: 4
[4070.891s][debug][gc,phases      ] GC(102)     Dead                           Min: 0, Avg:  0.0, Max: 0, Diff: 0, Sum: 0, Workers: 4
[4070.891s][debug][gc,phases      ] GC(102)     Total                          Min: 0, Avg: 11.2, Max: 45, Diff: 45, Sum: 45, Workers: 4
[4070.891s][debug][gc,phases      ] GC(102)   StringDedup Table Weak         Min:  0.0, Avg:  0.0, Max:  0.0, Diff:  0.0, Sum:  0.0, Workers: 4
[4070.891s][debug][gc,phases      ] GC(102)     Dead                           Min: 0, Avg:  0.0, Max: 0, Diff: 0, Sum: 0, Workers: 4
[4070.891s][debug][gc,phases      ] GC(102)     Total                          Min: 0, Avg:  0.0, Max: 0, Diff: 0, Sum: 0, Workers: 4
[4070.891s][debug][gc,phases      ] GC(102)   StringDedup Requests0 Weak     Min:  0.0, Avg:  0.0, Max:  0.0, Diff:  0.0, Sum:  0.0, Workers: 4
[4070.891s][debug][gc,phases      ] GC(102)     Dead                           Min: 0, Avg:  0.0, Max: 0, Diff: 0, Sum: 0, Workers: 4
[4070.891s][debug][gc,phases      ] GC(102)     Total                          Min: 0, Avg:  0.0, Max: 0, Diff: 0, Sum: 0, Workers: 4
[4070.891s][debug][gc,phases      ] GC(102)   StringDedup Requests1 Weak     Min:  0.0, Avg:  0.0, Max:  0.0, Diff:  0.0, Sum:  0.0, Workers: 4
[4070.891s][debug][gc,phases      ] GC(102)     Dead                           Min: 0, Avg:  0.0, Max: 0, Diff: 0, Sum: 0, Workers: 4
[4070.891s][debug][gc,phases      ] GC(102)     Total                          Min: 0, Avg:  0.0, Max: 0, Diff: 0, Sum: 0, Workers: 4
[4070.891s][debug][gc,phases      ] GC(102)   Weak JFR Old Object Samples    Min:  0.0, Avg:  0.0, Max:  0.0, Diff:  0.0, Sum:  0.0, Workers: 4
[4070.891s][debug][gc,phases      ] GC(102)     Dead                           Min: 0, Avg:  0.0, Max: 0, Diff: 0, Sum: 0, Workers: 4
[4070.891s][debug][gc,phases      ] GC(102)     Total                          Min: 0, Avg:  0.0, Max: 0, Diff: 0, Sum: 0, Workers: 4
[4070.891s][debug][gc,phases      ] GC(102) Weak Processing 0.303ms
[4070.891s][debug][gc,age         ] GC(102) Desired survivor size 81788928 bytes, new threshold 15 (max threshold 15)
[4070.891s][info ][gc,heap        ] GC(102) PSYoungGen: 1983104K(2015744K)->50384K(2014208K) Eden: 1932800K(1932800K)->0K(1932800K) From: 50304K(82944K)->50384K(81408K)
[4070.891s][info ][gc,heap        ] GC(102) ParOldGen: 523752K(553472K)->523776K(553472K)
[4070.891s][info ][gc,metaspace   ] GC(102) Metaspace: 80226K(81152K)->80226K(81152K) NonClass: 68955K(69440K)->68955K(69440K) Class: 11271K(11712K)->11271K(11712K)
[4070.891s][info ][gc             ] GC(102) Pause Young (Allocation Failure) 2448M->560M(2507M) 12.759ms
[4070.891s][info ][gc,cpu         ] GC(102) User=0.04s Sys=0.00s Real=0.01s
[4070.891s][info ][safepoint      ] Safepoint "ParallelGCFailedAllocation", Time since last: 71335525899 ns, Reaching safepoint: 97100 ns, At safepoint: 12850256 ns, Total: 12947356 ns
[4088.892s][info ][safepoint      ] Safepoint "Cleanup", Time since last: 18001103105 ns, Reaching safepoint: 35500 ns, At safepoint: 24700 ns, Total: 60200 ns
[4103.893s][info ][safepoint      ] Safepoint "Cleanup", Time since last: 15000943919 ns, Reaching safepoint: 34401 ns, At safepoint: 2400 ns, Total: 36801 ns
[4130.895s][info ][safepoint      ] Safepoint "Cleanup", Time since last: 27001766841 ns, Reaching safepoint: 49900 ns, At safepoint: 3100 ns, Total: 53000 ns
[4136.895s][info ][safepoint      ] Safepoint "Cleanup", Time since last: 6000428485 ns, Reaching safepoint: 30100 ns, At safepoint: 2200 ns, Total: 32300 ns
[4146.278s][info ][gc,start       ] GC(103) Pause Young (Allocation Failure)
[4146.291s][debug][gc,phases      ] GC(103) Scavenge 12.509ms
[4146.291s][debug][gc,ref         ] GC(103) Skipped phase 1 of Reference Processing: no references
[4146.291s][debug][gc,ref         ] GC(103) ReferenceProcessor::execute queues: 1, RefProcThreadModel::Single, marks_oops_alive: false
[4146.291s][debug][gc,ref         ] GC(103) Skipped phase 3 of Reference Processing: no references
[4146.291s][debug][gc,ref         ] GC(103) ReferenceProcessor::execute queues: 1, RefProcThreadModel::Single, marks_oops_alive: false
[4146.291s][debug][gc,phases      ] GC(103) Reference Processing 0.093ms
[4146.291s][debug][gc,phases      ] GC(103)   VM Weak                        Min:  0.0, Avg:  0.0, Max:  0.0, Diff:  0.0, Sum:  0.0, Workers: 4
[4146.291s][debug][gc,phases      ] GC(103)     Dead                           Min: 0, Avg:  0.0, Max: 0, Diff: 0, Sum: 0, Workers: 4
[4146.291s][debug][gc,phases      ] GC(103)     Total                          Min: 0, Avg: 193.5, Max: 454, Diff: 454, Sum: 774, Workers: 4
[4146.291s][debug][gc,phases      ] GC(103)   ObjectSynchronizer Weak        Min:  0.0, Avg:  0.0, Max:  0.0, Diff:  0.0, Sum:  0.0, Workers: 4
[4146.291s][debug][gc,phases      ] GC(103)     Dead                           Min: 0, Avg:  0.0, Max: 0, Diff: 0, Sum: 0, Workers: 4
[4146.291s][debug][gc,phases      ] GC(103)     Total                          Min: 0, Avg: 15.5, Max: 62, Diff: 62, Sum: 62, Workers: 4
[4146.291s][debug][gc,phases      ] GC(103)   JVMTI Tag Weak OopStorage      Min:  0.0, Avg:  0.0, Max:  0.0, Diff:  0.0, Sum:  0.0, Workers: 4
[4146.291s][debug][gc,phases      ] GC(103)     Dead                           Min: 0, Avg:  0.0, Max: 0, Diff: 0, Sum: 0, Workers: 4
[4146.291s][debug][gc,phases      ] GC(103)     Total                          Min: 0, Avg:  0.0, Max: 0, Diff: 0, Sum: 0, Workers: 4
[4146.291s][debug][gc,phases      ] GC(103)   StringTable Weak               Min:  0.1, Avg:  0.1, Max:  0.1, Diff:  0.0, Sum:  0.4, Workers: 4
[4146.291s][debug][gc,phases      ] GC(103)     Dead                           Min: 0, Avg:  0.0, Max: 0, Diff: 0, Sum: 0, Workers: 4
[4146.291s][debug][gc,phases      ] GC(103)     Total                          Min: 10560, Avg: 10736.5, Max: 11008, Diff: 448, Sum: 42946, Workers: 4
[4146.291s][debug][gc,phases      ] GC(103)   ResolvedMethodTable Weak       Min:  0.0, Avg:  0.0, Max:  0.0, Diff:  0.0, Sum:  0.1, Workers: 4
[4146.291s][debug][gc,phases      ] GC(103)     Dead                           Min: 0, Avg:  0.0, Max: 0, Diff: 0, Sum: 0, Workers: 4
[4146.291s][debug][gc,phases      ] GC(103)     Total                          Min: 2112, Avg: 2191.0, Max: 2240, Diff: 128, Sum: 8764, Workers: 4
[4146.291s][debug][gc,phases      ] GC(103)   JNI Weak                       Min:  0.0, Avg:  0.0, Max:  0.0, Diff:  0.0, Sum:  0.0, Workers: 4
[4146.291s][debug][gc,phases      ] GC(103)     Dead                           Min: 0, Avg:  0.0, Max: 0, Diff: 0, Sum: 0, Workers: 4
[4146.291s][debug][gc,phases      ] GC(103)     Total                          Min: 0, Avg: 11.2, Max: 45, Diff: 45, Sum: 45, Workers: 4
[4146.291s][debug][gc,phases      ] GC(103)   StringDedup Table Weak         Min:  0.0, Avg:  0.0, Max:  0.0, Diff:  0.0, Sum:  0.0, Workers: 4
[4146.291s][debug][gc,phases      ] GC(103)     Dead                           Min: 0, Avg:  0.0, Max: 0, Diff: 0, Sum: 0, Workers: 4
[4146.291s][debug][gc,phases      ] GC(103)     Total                          Min: 0, Avg:  0.0, Max: 0, Diff: 0, Sum: 0, Workers: 4
[4146.291s][debug][gc,phases      ] GC(103)   StringDedup Requests0 Weak     Min:  0.0, Avg:  0.0, Max:  0.0, Diff:  0.0, Sum:  0.0, Workers: 4
[4146.291s][debug][gc,phases      ] GC(103)     Dead                           Min: 0, Avg:  0.0, Max: 0, Diff: 0, Sum: 0, Workers: 4
[4146.291s][debug][gc,phases      ] GC(103)     Total                          Min: 0, Avg:  0.0, Max: 0, Diff: 0, Sum: 0, Workers: 4
[4146.291s][debug][gc,phases      ] GC(103)   StringDedup Requests1 Weak     Min:  0.0, Avg:  0.0, Max:  0.0, Diff:  0.0, Sum:  0.0, Workers: 4
[4146.291s][debug][gc,phases      ] GC(103)     Dead                           Min: 0, Avg:  0.0, Max: 0, Diff: 0, Sum: 0, Workers: 4
[4146.291s][debug][gc,phases      ] GC(103)     Total                          Min: 0, Avg:  0.0, Max: 0, Diff: 0, Sum: 0, Workers: 4
[4146.291s][debug][gc,phases      ] GC(103)   Weak JFR Old Object Samples    Min:  0.0, Avg:  0.0, Max:  0.0, Diff:  0.0, Sum:  0.0, Workers: 4
[4146.291s][debug][gc,phases      ] GC(103)     Dead                           Min: 0, Avg:  0.0, Max: 0, Diff: 0, Sum: 0, Workers: 4
[4146.291s][debug][gc,phases      ] GC(103)     Total                          Min: 0, Avg:  0.0, Max: 0, Diff: 0, Sum: 0, Workers: 4
[4146.291s][debug][gc,phases      ] GC(103) Weak Processing 0.282ms
[4146.291s][debug][gc,age         ] GC(103) Desired survivor size 79691776 bytes, new threshold 15 (max threshold 15)
[4146.291s][info ][gc,heap        ] GC(103) PSYoungGen: 1983184K(2014208K)->48304K(2019328K) Eden: 1932800K(1932800K)->0K(1939456K) From: 50384K(81408K)->48304K(79872K)
[4146.291s][info ][gc,heap        ] GC(103) ParOldGen: 523776K(553472K)->525960K(553472K)
[4146.291s][info ][gc,metaspace   ] GC(103) Metaspace: 80227K(81152K)->80227K(81152K) NonClass: 68955K(69440K)->68955K(69440K) Class: 11271K(11712K)->11271K(11712K)
[4146.291s][info ][gc             ] GC(103) Pause Young (Allocation Failure) 2448M->560M(2512M) 12.992ms
[4146.291s][info ][gc,cpu         ] GC(103) User=0.04s Sys=0.00s Real=0.01s
[4146.291s][info ][safepoint      ] Safepoint "ParallelGCFailedAllocation", Time since last: 9382995882 ns, Reaching safepoint: 101901 ns, At safepoint: 13087664 ns, Total: 13189565 ns
[4225.297s][info ][safepoint      ] Safepoint "Cleanup", Time since last: 79005200809 ns, Reaching safepoint: 36600 ns, At safepoint: 2900 ns, Total: 39500 ns
[4228.694s][info ][gc,start       ] GC(104) Pause Young (Allocation Failure)
[4228.709s][debug][gc,phases      ] GC(104) Scavenge 14.843ms
[4228.709s][debug][gc,ref         ] GC(104) Skipped phase 1 of Reference Processing: no references
[4228.709s][debug][gc,ref         ] GC(104) ReferenceProcessor::execute queues: 1, RefProcThreadModel::Single, marks_oops_alive: false
[4228.709s][debug][gc,ref         ] GC(104) Skipped phase 3 of Reference Processing: no references
[4228.709s][debug][gc,ref         ] GC(104) ReferenceProcessor::execute queues: 1, RefProcThreadModel::Single, marks_oops_alive: false
[4228.709s][debug][gc,phases      ] GC(104) Reference Processing 0.091ms
[4228.709s][debug][gc,phases      ] GC(104)   VM Weak                        Min:  0.0, Avg:  0.0, Max:  0.0, Diff:  0.0, Sum:  0.0, Workers: 4
[4228.709s][debug][gc,phases      ] GC(104)     Dead                           Min: 0, Avg:  0.0, Max: 0, Diff: 0, Sum: 0, Workers: 4
[4228.709s][debug][gc,phases      ] GC(104)     Total                          Min: 0, Avg: 193.5, Max: 774, Diff: 774, Sum: 774, Workers: 4
[4228.709s][debug][gc,phases      ] GC(104)   ObjectSynchronizer Weak        Min:  0.0, Avg:  0.0, Max:  0.0, Diff:  0.0, Sum:  0.0, Workers: 4
[4228.709s][debug][gc,phases      ] GC(104)     Dead                           Min: 0, Avg:  0.0, Max: 0, Diff: 0, Sum: 0, Workers: 4
[4228.709s][debug][gc,phases      ] GC(104)     Total                          Min: 0, Avg: 15.5, Max: 62, Diff: 62, Sum: 62, Workers: 4
[4228.709s][debug][gc,phases      ] GC(104)   JVMTI Tag Weak OopStorage      Min:  0.0, Avg:  0.0, Max:  0.0, Diff:  0.0, Sum:  0.0, Workers: 4
[4228.709s][debug][gc,phases      ] GC(104)     Dead                           Min: 0, Avg:  0.0, Max: 0, Diff: 0, Sum: 0, Workers: 4
[4228.709s][debug][gc,phases      ] GC(104)     Total                          Min: 0, Avg:  0.0, Max: 0, Diff: 0, Sum: 0, Workers: 4
[4228.709s][debug][gc,phases      ] GC(104)   StringTable Weak               Min:  0.1, Avg:  0.1, Max:  0.1, Diff:  0.0, Sum:  0.4, Workers: 4
[4228.709s][debug][gc,phases      ] GC(104)     Dead                           Min: 0, Avg:  0.0, Max: 0, Diff: 0, Sum: 0, Workers: 4
[4228.709s][debug][gc,phases      ] GC(104)     Total                          Min: 10240, Avg: 10737.5, Max: 11142, Diff: 902, Sum: 42950, Workers: 4
[4228.709s][debug][gc,phases      ] GC(104)   ResolvedMethodTable Weak       Min:  0.0, Avg:  0.0, Max:  0.0, Diff:  0.0, Sum:  0.1, Workers: 4
[4228.709s][debug][gc,phases      ] GC(104)     Dead                           Min: 0, Avg:  0.0, Max: 0, Diff: 0, Sum: 0, Workers: 4
[4228.709s][debug][gc,phases      ] GC(104)     Total                          Min: 2112, Avg: 2191.0, Max: 2240, Diff: 128, Sum: 8764, Workers: 4
[4228.709s][debug][gc,phases      ] GC(104)   JNI Weak                       Min:  0.0, Avg:  0.0, Max:  0.0, Diff:  0.0, Sum:  0.0, Workers: 4
[4228.709s][debug][gc,phases      ] GC(104)     Dead                           Min: 0, Avg:  0.0, Max: 0, Diff: 0, Sum: 0, Workers: 4
[4228.709s][debug][gc,phases      ] GC(104)     Total                          Min: 0, Avg: 11.2, Max: 45, Diff: 45, Sum: 45, Workers: 4
[4228.709s][debug][gc,phases      ] GC(104)   StringDedup Table Weak         Min:  0.0, Avg:  0.0, Max:  0.0, Diff:  0.0, Sum:  0.0, Workers: 4
[4228.709s][debug][gc,phases      ] GC(104)     Dead                           Min: 0, Avg:  0.0, Max: 0, Diff: 0, Sum: 0, Workers: 4
[4228.709s][debug][gc,phases      ] GC(104)     Total                          Min: 0, Avg:  0.0, Max: 0, Diff: 0, Sum: 0, Workers: 4
[4228.709s][debug][gc,phases      ] GC(104)   StringDedup Requests0 Weak     Min:  0.0, Avg:  0.0, Max:  0.0, Diff:  0.0, Sum:  0.0, Workers: 4
[4228.709s][debug][gc,phases      ] GC(104)     Dead                           Min: 0, Avg:  0.0, Max: 0, Diff: 0, Sum: 0, Workers: 4
[4228.709s][debug][gc,phases      ] GC(104)     Total                          Min: 0, Avg:  0.0, Max: 0, Diff: 0, Sum: 0, Workers: 4
[4228.709s][debug][gc,phases      ] GC(104)   StringDedup Requests1 Weak     Min:  0.0, Avg:  0.0, Max:  0.0, Diff:  0.0, Sum:  0.0, Workers: 4
[4228.709s][debug][gc,phases      ] GC(104)     Dead                           Min: 0, Avg:  0.0, Max: 0, Diff: 0, Sum: 0, Workers: 4
[4228.709s][debug][gc,phases      ] GC(104)     Total                          Min: 0, Avg:  0.0, Max: 0, Diff: 0, Sum: 0, Workers: 4
[4228.709s][debug][gc,phases      ] GC(104)   Weak JFR Old Object Samples    Min:  0.0, Avg:  0.0, Max:  0.0, Diff:  0.0, Sum:  0.0, Workers: 4
[4228.709s][debug][gc,phases      ] GC(104)     Dead                           Min: 0, Avg:  0.0, Max: 0, Diff: 0, Sum: 0, Workers: 4
[4228.709s][debug][gc,phases      ] GC(104)     Total                          Min: 0, Avg:  0.0, Max: 0, Diff: 0, Sum: 0, Workers: 4
[4228.709s][debug][gc,phases      ] GC(104) Weak Processing 0.273ms
[4228.709s][debug][gc,age         ] GC(104) Desired survivor size 80740352 bytes, new threshold 15 (max threshold 15)
[4228.709s][info ][gc,heap        ] GC(104) PSYoungGen: 1987760K(2019328K)->21488K(2017280K) Eden: 1939456K(1939456K)->0K(1939456K) From: 48304K(79872K)->21488K(77824K)
[4228.709s][info ][gc,heap        ] GC(104) ParOldGen: 525960K(553472K)->554536K(555008K)
[4228.710s][info ][gc,metaspace   ] GC(104) Metaspace: 80230K(81152K)->80230K(81152K) NonClass: 68959K(69440K)->68959K(69440K) Class: 11271K(11712K)->11271K(11712K)
[4228.710s][info ][gc             ] GC(104) Pause Young (Allocation Failure) 2454M->562M(2512M) 15.320ms
[4228.710s][info ][gc,cpu         ] GC(104) User=0.05s Sys=0.01s Real=0.01s
[4228.710s][debug][gc,phases      ] GC(105) Pre Compact 0.009ms
[4228.710s][info ][gc,start       ] GC(105) Pause Full (Ergonomics)
[4228.710s][info ][gc,phases,start] GC(105) Marking Phase
[4228.823s][debug][gc,phases      ] GC(105) Par Mark 113.788ms
[4228.824s][debug][gc,ref         ] GC(105) ReferenceProcessor::execute queues: 4, RefProcThreadModel::Multi, marks_oops_alive: true
[4228.824s][debug][gc,ref         ] GC(105) ReferenceProcessor::execute queues: 4, RefProcThreadModel::Multi, marks_oops_alive: false
[4228.825s][debug][gc,ref         ] GC(105) Skipped phase 3 of Reference Processing: no references
[4228.825s][debug][gc,ref         ] GC(105) ReferenceProcessor::execute queues: 1, RefProcThreadModel::Single, marks_oops_alive: false
[4228.825s][debug][gc,phases      ] GC(105) Reference Processing 1.070ms
[4228.825s][debug][gc,phases      ] GC(105)   VM Weak                        Min:  0.0, Avg:  0.0, Max:  0.0, Diff:  0.0, Sum:  0.0, Workers: 4
[4228.825s][debug][gc,phases      ] GC(105)     Dead                           Min: 0, Avg: 35.8, Max: 74, Diff: 74, Sum: 143, Workers: 4
[4228.825s][debug][gc,phases      ] GC(105)     Total                          Min: 6, Avg: 193.5, Max: 384, Diff: 378, Sum: 774, Workers: 4
[4228.825s][debug][gc,phases      ] GC(105)   ObjectSynchronizer Weak        Min:  0.0, Avg:  0.0, Max:  0.0, Diff:  0.0, Sum:  0.0, Workers: 4
[4228.825s][debug][gc,phases      ] GC(105)     Dead                           Min: 0, Avg:  0.0, Max: 0, Diff: 0, Sum: 0, Workers: 4
[4228.825s][debug][gc,phases      ] GC(105)     Total                          Min: 0, Avg: 15.5, Max: 62, Diff: 62, Sum: 62, Workers: 4
[4228.825s][debug][gc,phases      ] GC(105)   JVMTI Tag Weak OopStorage      Min:  0.0, Avg:  0.0, Max:  0.0, Diff:  0.0, Sum:  0.0, Workers: 4
[4228.825s][debug][gc,phases      ] GC(105)     Dead                           Min: 0, Avg:  0.0, Max: 0, Diff: 0, Sum: 0, Workers: 4
[4228.825s][debug][gc,phases      ] GC(105)     Total                          Min: 0, Avg:  0.0, Max: 0, Diff: 0, Sum: 0, Workers: 4
[4228.825s][debug][gc,phases      ] GC(105)   StringTable Weak               Min:  0.1, Avg:  0.1, Max:  0.1, Diff:  0.0, Sum:  0.5, Workers: 4
[4228.825s][debug][gc,phases      ] GC(105)     Dead                           Min: 145, Avg: 299.2, Max: 659, Diff: 514, Sum: 1197, Workers: 4
[4228.825s][debug][gc,phases      ] GC(105)     Total                          Min: 10496, Avg: 10737.5, Max: 10944, Diff: 448, Sum: 42950, Workers: 4
[4228.825s][debug][gc,phases      ] GC(105)   ResolvedMethodTable Weak       Min:  0.0, Avg:  0.0, Max:  0.0, Diff:  0.0, Sum:  0.1, Workers: 4
[4228.825s][debug][gc,phases      ] GC(105)     Dead                           Min: 24, Avg: 37.8, Max: 60, Diff: 36, Sum: 151, Workers: 4
[4228.825s][debug][gc,phases      ] GC(105)     Total                          Min: 2111, Avg: 2191.0, Max: 2304, Diff: 193, Sum: 8764, Workers: 4
[4228.825s][debug][gc,phases      ] GC(105)   JNI Weak                       Min:  0.0, Avg:  0.0, Max:  0.0, Diff:  0.0, Sum:  0.0, Workers: 4
[4228.825s][debug][gc,phases      ] GC(105)     Dead                           Min: 0, Avg:  0.0, Max: 0, Diff: 0, Sum: 0, Workers: 4
[4228.825s][debug][gc,phases      ] GC(105)     Total                          Min: 0, Avg: 11.2, Max: 45, Diff: 45, Sum: 45, Workers: 4
[4228.825s][debug][gc,phases      ] GC(105)   StringDedup Table Weak         Min:  0.0, Avg:  0.0, Max:  0.0, Diff:  0.0, Sum:  0.0, Workers: 4
[4228.825s][debug][gc,phases      ] GC(105)     Dead                           Min: 0, Avg:  0.0, Max: 0, Diff: 0, Sum: 0, Workers: 4
[4228.825s][debug][gc,phases      ] GC(105)     Total                          Min: 0, Avg:  0.0, Max: 0, Diff: 0, Sum: 0, Workers: 4
[4228.825s][debug][gc,phases      ] GC(105)   StringDedup Requests0 Weak     Min:  0.0, Avg:  0.0, Max:  0.0, Diff:  0.0, Sum:  0.0, Workers: 4
[4228.825s][debug][gc,phases      ] GC(105)     Dead                           Min: 0, Avg:  0.0, Max: 0, Diff: 0, Sum: 0, Workers: 4
[4228.825s][debug][gc,phases      ] GC(105)     Total                          Min: 0, Avg:  0.0, Max: 0, Diff: 0, Sum: 0, Workers: 4
[4228.825s][debug][gc,phases      ] GC(105)   StringDedup Requests1 Weak     Min:  0.0, Avg:  0.0, Max:  0.0, Diff:  0.0, Sum:  0.0, Workers: 4
[4228.825s][debug][gc,phases      ] GC(105)     Dead                           Min: 0, Avg:  0.0, Max: 0, Diff: 0, Sum: 0, Workers: 4
[4228.825s][debug][gc,phases      ] GC(105)     Total                          Min: 0, Avg:  0.0, Max: 0, Diff: 0, Sum: 0, Workers: 4
[4228.825s][debug][gc,phases      ] GC(105)   Weak JFR Old Object Samples    Min:  0.0, Avg:  0.0, Max:  0.0, Diff:  0.0, Sum:  0.0, Workers: 4
[4228.825s][debug][gc,phases      ] GC(105)     Dead                           Min: 0, Avg:  0.0, Max: 0, Diff: 0, Sum: 0, Workers: 4
[4228.825s][debug][gc,phases      ] GC(105)     Total                          Min: 0, Avg:  0.0, Max: 0, Diff: 0, Sum: 0, Workers: 4
[4228.825s][debug][gc,phases      ] GC(105) Weak Processing 0.315ms
[4228.825s][debug][gc,phases      ] GC(105) ClassLoaderData 0.591ms
[4228.825s][debug][gc,phases      ] GC(105) Trigger cleanups 0.007ms
[4228.854s][debug][gc,phases      ] GC(105) Class Unloading 29.511ms
[4228.854s][info ][gc,phases      ] GC(105) Marking Phase 144.850ms
[4228.854s][info ][gc,phases,start] GC(105) Summary Phase
[4228.854s][info ][gc,phases      ] GC(105) Summary Phase 0.017ms
[4228.854s][info ][gc,phases,start] GC(105) Adjust Roots
[4228.868s][info ][gc,phases      ] GC(105) Adjust Roots 13.508ms
[4228.868s][info ][gc,phases,start] GC(105) Compaction Phase
[4229.004s][info ][gc,phases      ] GC(105) Compaction Phase 135.640ms
[4229.004s][info ][gc,phases,start] GC(105) Post Compact
[4229.005s][info ][gc,phases      ] GC(105) Post Compact 1.363ms
[4229.005s][info ][gc,heap        ] GC(105) PSYoungGen: 21488K(2017280K)->0K(2018304K) Eden: 0K(1939456K)->0K(1939456K) From: 21488K(77824K)->0K(78848K)
[4229.005s][info ][gc,heap        ] GC(105) ParOldGen: 554536K(555008K)->498793K(606208K)
[4229.005s][info ][gc,metaspace   ] GC(105) Metaspace: 80230K(81152K)->79927K(81152K) NonClass: 68959K(69440K)->68729K(69440K) Class: 11271K(11712K)->11198K(11712K)
[4229.005s][info ][gc             ] GC(105) Pause Full (Ergonomics) 562M->487M(2563M) 295.598ms
[4229.005s][info ][gc,cpu         ] GC(105) User=1.03s Sys=0.00s Real=0.30s
[4229.005s][info ][safepoint      ] Safepoint "ParallelGCFailedAllocation", Time since last: 3397453035 ns, Reaching safepoint: 29101 ns, At safepoint: 311053400 ns, Total: 311082501 ns
[4230.005s][info ][safepoint      ] Safepoint "Cleanup", Time since last: 1000085914 ns, Reaching safepoint: 48700 ns, At safepoint: 2900 ns, Total: 51600 ns
[4237.006s][info ][safepoint      ] Safepoint "Cleanup", Time since last: 7000484004 ns, Reaching safepoint: 47401 ns, At safepoint: 2900 ns, Total: 50301 ns
[4255.007s][info ][safepoint      ] Safepoint "Cleanup", Time since last: 18001130791 ns, Reaching safepoint: 30300 ns, At safepoint: 2700 ns, Total: 33000 ns
[4267.008s][info ][safepoint      ] Safepoint "Cleanup", Time since last: 12000805105 ns, Reaching safepoint: 45300 ns, At safepoint: 5500 ns, Total: 50800 ns
[4296.128s][info ][gc,start       ] GC(106) Pause Young (Allocation Failure)
[4296.131s][debug][gc,phases      ] GC(106) Scavenge 2.631ms
[4296.131s][debug][gc,ref         ] GC(106) Skipped phase 1 of Reference Processing: no references
[4296.131s][debug][gc,ref         ] GC(106) Skipped phase 2 of Reference Processing: no references
[4296.131s][debug][gc,ref         ] GC(106) Skipped phase 3 of Reference Processing: no references
[4296.131s][debug][gc,ref         ] GC(106) ReferenceProcessor::execute queues: 1, RefProcThreadModel::Single, marks_oops_alive: false
[4296.131s][debug][gc,phases      ] GC(106) Reference Processing 0.077ms
[4296.131s][debug][gc,phases      ] GC(106)   VM Weak                        Min:  0.0, Avg:  0.0, Max:  0.0, Diff:  0.0, Sum:  0.0, Workers: 4
[4296.131s][debug][gc,phases      ] GC(106)     Dead                           Min: 0, Avg:  0.0, Max: 0, Diff: 0, Sum: 0, Workers: 4
[4296.131s][debug][gc,phases      ] GC(106)     Total                          Min: 0, Avg: 157.8, Max: 631, Diff: 631, Sum: 631, Workers: 4
[4296.131s][debug][gc,phases      ] GC(106)   ObjectSynchronizer Weak        Min:  0.0, Avg:  0.0, Max:  0.0, Diff:  0.0, Sum:  0.0, Workers: 4
[4296.131s][debug][gc,phases      ] GC(106)     Dead                           Min: 0, Avg:  0.0, Max: 0, Diff: 0, Sum: 0, Workers: 4
[4296.131s][debug][gc,phases      ] GC(106)     Total                          Min: 0, Avg: 15.5, Max: 62, Diff: 62, Sum: 62, Workers: 4
[4296.131s][debug][gc,phases      ] GC(106)   JVMTI Tag Weak OopStorage      Min:  0.0, Avg:  0.0, Max:  0.0, Diff:  0.0, Sum:  0.0, Workers: 4
[4296.131s][debug][gc,phases      ] GC(106)     Dead                           Min: 0, Avg:  0.0, Max: 0, Diff: 0, Sum: 0, Workers: 4
[4296.131s][debug][gc,phases      ] GC(106)     Total                          Min: 0, Avg:  0.0, Max: 0, Diff: 0, Sum: 0, Workers: 4
[4296.131s][debug][gc,phases      ] GC(106)   StringTable Weak               Min:  0.1, Avg:  0.1, Max:  0.1, Diff:  0.0, Sum:  0.4, Workers: 4
[4296.131s][debug][gc,phases      ] GC(106)     Dead                           Min: 0, Avg:  0.0, Max: 0, Diff: 0, Sum: 0, Workers: 4
[4296.131s][debug][gc,phases      ] GC(106)     Total                          Min: 10176, Avg: 10738.2, Max: 11136, Diff: 960, Sum: 42953, Workers: 4
[4296.131s][debug][gc,phases      ] GC(106)   ResolvedMethodTable Weak       Min:  0.0, Avg:  0.0, Max:  0.0, Diff:  0.0, Sum:  0.1, Workers: 4
[4296.131s][debug][gc,phases      ] GC(106)     Dead                           Min: 0, Avg:  0.0, Max: 0, Diff: 0, Sum: 0, Workers: 4
[4296.131s][debug][gc,phases      ] GC(106)     Total                          Min: 2112, Avg: 2191.0, Max: 2240, Diff: 128, Sum: 8764, Workers: 4
[4296.131s][debug][gc,phases      ] GC(106)   JNI Weak                       Min:  0.0, Avg:  0.0, Max:  0.0, Diff:  0.0, Sum:  0.0, Workers: 4
[4296.131s][debug][gc,phases      ] GC(106)     Dead                           Min: 0, Avg:  0.0, Max: 0, Diff: 0, Sum: 0, Workers: 4
[4296.131s][debug][gc,phases      ] GC(106)     Total                          Min: 0, Avg: 11.2, Max: 45, Diff: 45, Sum: 45, Workers: 4
[4296.131s][debug][gc,phases      ] GC(106)   StringDedup Table Weak         Min:  0.0, Avg:  0.0, Max:  0.0, Diff:  0.0, Sum:  0.0, Workers: 4
[4296.131s][debug][gc,phases      ] GC(106)     Dead                           Min: 0, Avg:  0.0, Max: 0, Diff: 0, Sum: 0, Workers: 4
[4296.131s][debug][gc,phases      ] GC(106)     Total                          Min: 0, Avg:  0.0, Max: 0, Diff: 0, Sum: 0, Workers: 4
[4296.131s][debug][gc,phases      ] GC(106)   StringDedup Requests0 Weak     Min:  0.0, Avg:  0.0, Max:  0.0, Diff:  0.0, Sum:  0.0, Workers: 4
[4296.131s][debug][gc,phases      ] GC(106)     Dead                           Min: 0, Avg:  0.0, Max: 0, Diff: 0, Sum: 0, Workers: 4
[4296.131s][debug][gc,phases      ] GC(106)     Total                          Min: 0, Avg:  0.0, Max: 0, Diff: 0, Sum: 0, Workers: 4
[4296.131s][debug][gc,phases      ] GC(106)   StringDedup Requests1 Weak     Min:  0.0, Avg:  0.0, Max:  0.0, Diff:  0.0, Sum:  0.0, Workers: 4
[4296.131s][debug][gc,phases      ] GC(106)     Dead                           Min: 0, Avg:  0.0, Max: 0, Diff: 0, Sum: 0, Workers: 4
[4296.131s][debug][gc,phases      ] GC(106)     Total                          Min: 0, Avg:  0.0, Max: 0, Diff: 0, Sum: 0, Workers: 4
[4296.131s][debug][gc,phases      ] GC(106)   Weak JFR Old Object Samples    Min:  0.0, Avg:  0.0, Max:  0.0, Diff:  0.0, Sum:  0.0, Workers: 4
[4296.131s][debug][gc,phases      ] GC(106)     Dead                           Min: 0, Avg:  0.0, Max: 0, Diff: 0, Sum: 0, Workers: 4
[4296.131s][debug][gc,phases      ] GC(106)     Total                          Min: 0, Avg:  0.0, Max: 0, Diff: 0, Sum: 0, Workers: 4
[4296.131s][debug][gc,phases      ] GC(106) Weak Processing 0.275ms
[4296.131s][debug][gc,age         ] GC(106) Desired survivor size 83361792 bytes, new threshold 15 (max threshold 15)
[4296.131s][info ][gc,heap        ] GC(106) PSYoungGen: 1939456K(2018304K)->4448K(1944064K) Eden: 1939456K(1939456K)->0K(1939456K) From: 0K(78848K)->4448K(4608K)
[4296.131s][info ][gc,heap        ] GC(106) ParOldGen: 498793K(606208K)->498793K(606208K)
[4296.131s][info ][gc,metaspace   ] GC(106) Metaspace: 79931K(81152K)->79931K(81152K) NonClass: 68733K(69440K)->68733K(69440K) Class: 11198K(11712K)->11198K(11712K)
[4296.131s][info ][gc             ] GC(106) Pause Young (Allocation Failure) 2381M->491M(2490M) 3.088ms
[4296.131s][info ][gc,cpu         ] GC(106) User=0.01s Sys=0.00s Real=0.00s
[4296.131s][info ][safepoint      ] Safepoint "ParallelGCFailedAllocation", Time since last: 29120034380 ns, Reaching safepoint: 113101 ns, At safepoint: 3154120 ns, Total: 3267221 ns
[4335.134s][info ][safepoint      ] Safepoint "Cleanup", Time since last: 39002719678 ns, Reaching safepoint: 133101 ns, At safepoint: 5600 ns, Total: 138701 ns
[4353.501s][info ][gc,start       ] GC(107) Pause Young (Allocation Failure)
[4353.506s][debug][gc,phases      ] GC(107) Scavenge 5.263ms
[4353.506s][debug][gc,ref         ] GC(107) Skipped phase 1 of Reference Processing: no references
[4353.506s][debug][gc,ref         ] GC(107) ReferenceProcessor::execute queues: 1, RefProcThreadModel::Single, marks_oops_alive: false
[4353.506s][debug][gc,ref         ] GC(107) Skipped phase 3 of Reference Processing: no references
[4353.506s][debug][gc,ref         ] GC(107) ReferenceProcessor::execute queues: 1, RefProcThreadModel::Single, marks_oops_alive: false
[4353.506s][debug][gc,phases      ] GC(107) Reference Processing 0.090ms
[4353.506s][debug][gc,phases      ] GC(107)   VM Weak                        Min:  0.0, Avg:  0.0, Max:  0.0, Diff:  0.0, Sum:  0.0, Workers: 4
[4353.506s][debug][gc,phases      ] GC(107)     Dead                           Min: 0, Avg:  0.0, Max: 0, Diff: 0, Sum: 0, Workers: 4
[4353.506s][debug][gc,phases      ] GC(107)     Total                          Min: 0, Avg: 157.8, Max: 568, Diff: 568, Sum: 631, Workers: 4
[4353.506s][debug][gc,phases      ] GC(107)   ObjectSynchronizer Weak        Min:  0.0, Avg:  0.0, Max:  0.0, Diff:  0.0, Sum:  0.0, Workers: 4
[4353.506s][debug][gc,phases      ] GC(107)     Dead                           Min: 0, Avg:  0.0, Max: 0, Diff: 0, Sum: 0, Workers: 4
[4353.506s][debug][gc,phases      ] GC(107)     Total                          Min: 0, Avg: 15.5, Max: 62, Diff: 62, Sum: 62, Workers: 4
[4353.506s][debug][gc,phases      ] GC(107)   JVMTI Tag Weak OopStorage      Min:  0.0, Avg:  0.0, Max:  0.0, Diff:  0.0, Sum:  0.0, Workers: 4
[4353.506s][debug][gc,phases      ] GC(107)     Dead                           Min: 0, Avg:  0.0, Max: 0, Diff: 0, Sum: 0, Workers: 4
[4353.506s][debug][gc,phases      ] GC(107)     Total                          Min: 0, Avg:  0.0, Max: 0, Diff: 0, Sum: 0, Workers: 4
[4353.506s][debug][gc,phases      ] GC(107)   StringTable Weak               Min:  0.0, Avg:  0.1, Max:  0.2, Diff:  0.2, Sum:  0.3, Workers: 4
[4353.506s][debug][gc,phases      ] GC(107)     Dead                           Min: 0, Avg:  0.0, Max: 0, Diff: 0, Sum: 0, Workers: 4
[4353.506s][debug][gc,phases      ] GC(107)     Total                          Min: 0, Avg: 10738.5, Max: 24970, Diff: 24970, Sum: 42954, Workers: 4
[4353.506s][debug][gc,phases      ] GC(107)   ResolvedMethodTable Weak       Min:  0.0, Avg:  0.0, Max:  0.0, Diff:  0.0, Sum:  0.1, Workers: 4
[4353.506s][debug][gc,phases      ] GC(107)     Dead                           Min: 0, Avg:  0.0, Max: 0, Diff: 0, Sum: 0, Workers: 4
[4353.506s][debug][gc,phases      ] GC(107)     Total                          Min: 0, Avg: 2191.0, Max: 5055, Diff: 5055, Sum: 8764, Workers: 4
[4353.506s][debug][gc,phases      ] GC(107)   JNI Weak                       Min:  0.0, Avg:  0.0, Max:  0.0, Diff:  0.0, Sum:  0.0, Workers: 4
[4353.506s][debug][gc,phases      ] GC(107)     Dead                           Min: 0, Avg:  0.0, Max: 0, Diff: 0, Sum: 0, Workers: 4
[4353.506s][debug][gc,phases      ] GC(107)     Total                          Min: 0, Avg: 11.2, Max: 45, Diff: 45, Sum: 45, Workers: 4
[4353.506s][debug][gc,phases      ] GC(107)   StringDedup Table Weak         Min:  0.0, Avg:  0.0, Max:  0.0, Diff:  0.0, Sum:  0.0, Workers: 4
[4353.506s][debug][gc,phases      ] GC(107)     Dead                           Min: 0, Avg:  0.0, Max: 0, Diff: 0, Sum: 0, Workers: 4
[4353.506s][debug][gc,phases      ] GC(107)     Total                          Min: 0, Avg:  0.0, Max: 0, Diff: 0, Sum: 0, Workers: 4
[4353.506s][debug][gc,phases      ] GC(107)   StringDedup Requests0 Weak     Min:  0.0, Avg:  0.0, Max:  0.0, Diff:  0.0, Sum:  0.0, Workers: 4
[4353.506s][debug][gc,phases      ] GC(107)     Dead                           Min: 0, Avg:  0.0, Max: 0, Diff: 0, Sum: 0, Workers: 4
[4353.506s][debug][gc,phases      ] GC(107)     Total                          Min: 0, Avg:  0.0, Max: 0, Diff: 0, Sum: 0, Workers: 4
[4353.506s][debug][gc,phases      ] GC(107)   StringDedup Requests1 Weak     Min:  0.0, Avg:  0.0, Max:  0.0, Diff:  0.0, Sum:  0.0, Workers: 4
[4353.506s][debug][gc,phases      ] GC(107)     Dead                           Min: 0, Avg:  0.0, Max: 0, Diff: 0, Sum: 0, Workers: 4
[4353.506s][debug][gc,phases      ] GC(107)     Total                          Min: 0, Avg:  0.0, Max: 0, Diff: 0, Sum: 0, Workers: 4
[4353.506s][debug][gc,phases      ] GC(107)   Weak JFR Old Object Samples    Min:  0.0, Avg:  0.0, Max:  0.0, Diff:  0.0, Sum:  0.0, Workers: 4
[4353.506s][debug][gc,phases      ] GC(107)     Dead                           Min: 0, Avg:  0.0, Max: 0, Diff: 0, Sum: 0, Workers: 4
[4353.506s][debug][gc,phases      ] GC(107)     Total                          Min: 0, Avg:  0.0, Max: 0, Diff: 0, Sum: 0, Workers: 4
[4353.506s][debug][gc,phases      ] GC(107) Weak Processing 0.371ms
[4353.506s][debug][gc,age         ] GC(107) Desired survivor size 84934656 bytes, new threshold 15 (max threshold 15)
[4353.506s][info ][gc,heap        ] GC(107) PSYoungGen: 1943904K(1944064K)->5584K(2012672K) Eden: 1939456K(1939456K)->0K(1931264K) From: 4448K(4608K)->5584K(81408K)
[4353.506s][info ][gc,heap        ] GC(107) ParOldGen: 498793K(606208K)->498793K(606208K)
[4353.506s][info ][gc,metaspace   ] GC(107) Metaspace: 79967K(81152K)->79967K(81152K) NonClass: 68768K(69440K)->68768K(69440K) Class: 11198K(11712K)->11198K(11712K)
[4353.506s][info ][gc             ] GC(107) Pause Young (Allocation Failure) 2385M->492M(2557M) 5.868ms
[4353.506s][info ][gc,cpu         ] GC(107) User=0.01s Sys=0.00s Real=0.00s
[4353.506s][info ][safepoint      ] Safepoint "ParallelGCFailedAllocation", Time since last: 18366366007 ns, Reaching safepoint: 29700 ns, At safepoint: 5974339 ns, Total: 6004039 ns
[4368.507s][info ][safepoint      ] Safepoint "Cleanup", Time since last: 15000913547 ns, Reaching safepoint: 29800 ns, At safepoint: 2600 ns, Total: 32400 ns
[4373.508s][info ][safepoint      ] Safepoint "Cleanup", Time since last: 5000297499 ns, Reaching safepoint: 47801 ns, At safepoint: 28900 ns, Total: 76701 ns
[4394.509s][info ][safepoint      ] Safepoint "Cleanup", Time since last: 21001326402 ns, Reaching safepoint: 39900 ns, At safepoint: 4500 ns, Total: 44400 ns
[4400.510s][info ][safepoint      ] Safepoint "Cleanup", Time since last: 6000408762 ns, Reaching safepoint: 41301 ns, At safepoint: 7100 ns, Total: 48401 ns
[4404.302s][info ][gc,start       ] GC(108) Pause Young (Allocation Failure)
[4404.305s][debug][gc,phases      ] GC(108) Scavenge 3.092ms
[4404.305s][debug][gc,ref         ] GC(108) Skipped phase 1 of Reference Processing: no references
[4404.305s][debug][gc,ref         ] GC(108) ReferenceProcessor::execute queues: 1, RefProcThreadModel::Single, marks_oops_alive: false
[4404.305s][debug][gc,ref         ] GC(108) Skipped phase 3 of Reference Processing: no references
[4404.305s][debug][gc,ref         ] GC(108) ReferenceProcessor::execute queues: 1, RefProcThreadModel::Single, marks_oops_alive: false
[4404.305s][debug][gc,phases      ] GC(108) Reference Processing 0.098ms
[4404.305s][debug][gc,phases      ] GC(108)   VM Weak                        Min:  0.0, Avg:  0.0, Max:  0.0, Diff:  0.0, Sum:  0.0, Workers: 4
[4404.305s][debug][gc,phases      ] GC(108)     Dead                           Min: 0, Avg:  0.0, Max: 0, Diff: 0, Sum: 0, Workers: 4
[4404.305s][debug][gc,phases      ] GC(108)     Total                          Min: 0, Avg: 157.8, Max: 461, Diff: 461, Sum: 631, Workers: 4
[4404.305s][debug][gc,phases      ] GC(108)   ObjectSynchronizer Weak        Min:  0.0, Avg:  0.0, Max:  0.0, Diff:  0.0, Sum:  0.0, Workers: 4
[4404.305s][debug][gc,phases      ] GC(108)     Dead                           Min: 0, Avg:  0.0, Max: 0, Diff: 0, Sum: 0, Workers: 4
[4404.305s][debug][gc,phases      ] GC(108)     Total                          Min: 0, Avg: 15.5, Max: 62, Diff: 62, Sum: 62, Workers: 4
[4404.305s][debug][gc,phases      ] GC(108)   JVMTI Tag Weak OopStorage      Min:  0.0, Avg:  0.0, Max:  0.0, Diff:  0.0, Sum:  0.0, Workers: 4
[4404.305s][debug][gc,phases      ] GC(108)     Dead                           Min: 0, Avg:  0.0, Max: 0, Diff: 0, Sum: 0, Workers: 4
[4404.305s][debug][gc,phases      ] GC(108)     Total                          Min: 0, Avg:  0.0, Max: 0, Diff: 0, Sum: 0, Workers: 4
[4404.305s][debug][gc,phases      ] GC(108)   StringTable Weak               Min:  0.1, Avg:  0.1, Max:  0.1, Diff:  0.0, Sum:  0.4, Workers: 4
[4404.305s][debug][gc,phases      ] GC(108)     Dead                           Min: 0, Avg:  0.0, Max: 0, Diff: 0, Sum: 0, Workers: 4
[4404.305s][debug][gc,phases      ] GC(108)     Total                          Min: 10186, Avg: 10738.5, Max: 11072, Diff: 886, Sum: 42954, Workers: 4
[4404.305s][debug][gc,phases      ] GC(108)   ResolvedMethodTable Weak       Min:  0.0, Avg:  0.0, Max:  0.0, Diff:  0.0, Sum:  0.1, Workers: 4
[4404.305s][debug][gc,phases      ] GC(108)     Dead                           Min: 0, Avg:  0.0, Max: 0, Diff: 0, Sum: 0, Workers: 4
[4404.305s][debug][gc,phases      ] GC(108)     Total                          Min: 1792, Avg: 2191.0, Max: 2428, Diff: 636, Sum: 8764, Workers: 4
[4404.305s][debug][gc,phases      ] GC(108)   JNI Weak                       Min:  0.0, Avg:  0.0, Max:  0.0, Diff:  0.0, Sum:  0.0, Workers: 4
[4404.305s][debug][gc,phases      ] GC(108)     Dead                           Min: 0, Avg:  0.0, Max: 0, Diff: 0, Sum: 0, Workers: 4
[4404.305s][debug][gc,phases      ] GC(108)     Total                          Min: 0, Avg: 11.2, Max: 45, Diff: 45, Sum: 45, Workers: 4
[4404.305s][debug][gc,phases      ] GC(108)   StringDedup Table Weak         Min:  0.0, Avg:  0.0, Max:  0.0, Diff:  0.0, Sum:  0.0, Workers: 4
[4404.305s][debug][gc,phases      ] GC(108)     Dead                           Min: 0, Avg:  0.0, Max: 0, Diff: 0, Sum: 0, Workers: 4
[4404.305s][debug][gc,phases      ] GC(108)     Total                          Min: 0, Avg:  0.0, Max: 0, Diff: 0, Sum: 0, Workers: 4
[4404.305s][debug][gc,phases      ] GC(108)   StringDedup Requests0 Weak     Min:  0.0, Avg:  0.0, Max:  0.0, Diff:  0.0, Sum:  0.0, Workers: 4
[4404.305s][debug][gc,phases      ] GC(108)     Dead                           Min: 0, Avg:  0.0, Max: 0, Diff: 0, Sum: 0, Workers: 4
[4404.305s][debug][gc,phases      ] GC(108)     Total                          Min: 0, Avg:  0.0, Max: 0, Diff: 0, Sum: 0, Workers: 4
[4404.305s][debug][gc,phases      ] GC(108)   StringDedup Requests1 Weak     Min:  0.0, Avg:  0.0, Max:  0.0, Diff:  0.0, Sum:  0.0, Workers: 4
[4404.305s][debug][gc,phases      ] GC(108)     Dead                           Min: 0, Avg:  0.0, Max: 0, Diff: 0, Sum: 0, Workers: 4
[4404.305s][debug][gc,phases      ] GC(108)     Total                          Min: 0, Avg:  0.0, Max: 0, Diff: 0, Sum: 0, Workers: 4
[4404.305s][debug][gc,phases      ] GC(108)   Weak JFR Old Object Samples    Min:  0.0, Avg:  0.0, Max:  0.0, Diff:  0.0, Sum:  0.0, Workers: 4
[4404.305s][debug][gc,phases      ] GC(108)     Dead                           Min: 0, Avg:  0.0, Max: 0, Diff: 0, Sum: 0, Workers: 4
[4404.305s][debug][gc,phases      ] GC(108)     Total                          Min: 0, Avg:  0.0, Max: 0, Diff: 0, Sum: 0, Workers: 4
[4404.305s][debug][gc,phases      ] GC(108) Weak Processing 0.284ms
[4404.305s][debug][gc,age         ] GC(108) Desired survivor size 85458944 bytes, new threshold 15 (max threshold 15)
[4404.305s][info ][gc,heap        ] GC(108) PSYoungGen: 1936848K(2012672K)->6272K(1937920K) Eden: 1931264K(1931264K)->0K(1931264K) From: 5584K(81408K)->6272K(6656K)
[4404.305s][info ][gc,heap        ] GC(108) ParOldGen: 498793K(606208K)->498793K(606208K)
[4404.305s][info ][gc,metaspace   ] GC(108) Metaspace: 79976K(81152K)->79976K(81152K) NonClass: 68778K(69440K)->68778K(69440K) Class: 11198K(11712K)->11198K(11712K)
[4404.305s][info ][gc             ] GC(108) Pause Young (Allocation Failure) 2378M->493M(2484M) 3.572ms
[4404.305s][info ][gc,cpu         ] GC(108) User=0.01s Sys=0.00s Real=0.00s
[4404.306s][info ][safepoint      ] Safepoint "ParallelGCFailedAllocation", Time since last: 3792227171 ns, Reaching safepoint: 27200 ns, At safepoint: 3663425 ns, Total: 3690625 ns
[4421.307s][info ][safepoint      ] Safepoint "Cleanup", Time since last: 17001024334 ns, Reaching safepoint: 27500 ns, At safepoint: 2300 ns, Total: 29800 ns
[4445.308s][info ][safepoint      ] Safepoint "Cleanup", Time since last: 24001552698 ns, Reaching safepoint: 44400 ns, At safepoint: 4300 ns, Total: 48700 ns
[4452.746s][info ][gc,start       ] GC(109) Pause Young (Allocation Failure)
[4452.751s][debug][gc,phases      ] GC(109) Scavenge 4.575ms
[4452.751s][debug][gc,ref         ] GC(109) Skipped phase 1 of Reference Processing: no references
[4452.751s][debug][gc,ref         ] GC(109) ReferenceProcessor::execute queues: 1, RefProcThreadModel::Single, marks_oops_alive: false
[4452.751s][debug][gc,ref         ] GC(109) Skipped phase 3 of Reference Processing: no references
[4452.751s][debug][gc,ref         ] GC(109) ReferenceProcessor::execute queues: 1, RefProcThreadModel::Single, marks_oops_alive: false
[4452.751s][debug][gc,phases      ] GC(109) Reference Processing 0.085ms
[4452.751s][debug][gc,phases      ] GC(109)   VM Weak                        Min:  0.0, Avg:  0.0, Max:  0.0, Diff:  0.0, Sum:  0.0, Workers: 4
[4452.751s][debug][gc,phases      ] GC(109)     Dead                           Min: 0, Avg:  0.0, Max: 0, Diff: 0, Sum: 0, Workers: 4
[4452.751s][debug][gc,phases      ] GC(109)     Total                          Min: 0, Avg: 157.8, Max: 625, Diff: 625, Sum: 631, Workers: 4
[4452.751s][debug][gc,phases      ] GC(109)   ObjectSynchronizer Weak        Min:  0.0, Avg:  0.0, Max:  0.0, Diff:  0.0, Sum:  0.0, Workers: 4
[4452.751s][debug][gc,phases      ] GC(109)     Dead                           Min: 0, Avg:  0.0, Max: 0, Diff: 0, Sum: 0, Workers: 4
[4452.751s][debug][gc,phases      ] GC(109)     Total                          Min: 0, Avg: 15.5, Max: 62, Diff: 62, Sum: 62, Workers: 4
[4452.751s][debug][gc,phases      ] GC(109)   JVMTI Tag Weak OopStorage      Min:  0.0, Avg:  0.0, Max:  0.0, Diff:  0.0, Sum:  0.0, Workers: 4
[4452.751s][debug][gc,phases      ] GC(109)     Dead                           Min: 0, Avg:  0.0, Max: 0, Diff: 0, Sum: 0, Workers: 4
[4452.751s][debug][gc,phases      ] GC(109)     Total                          Min: 0, Avg:  0.0, Max: 0, Diff: 0, Sum: 0, Workers: 4
[4452.751s][debug][gc,phases      ] GC(109)   StringTable Weak               Min:  0.0, Avg:  0.1, Max:  0.1, Diff:  0.1, Sum:  0.4, Workers: 4
[4452.751s][debug][gc,phases      ] GC(109)     Dead                           Min: 0, Avg:  0.0, Max: 0, Diff: 0, Sum: 0, Workers: 4
[4452.751s][debug][gc,phases      ] GC(109)     Total                          Min: 0, Avg: 10738.5, Max: 18442, Diff: 18442, Sum: 42954, Workers: 4
[4452.751s][debug][gc,phases      ] GC(109)   ResolvedMethodTable Weak       Min:  0.0, Avg:  0.0, Max:  0.0, Diff:  0.0, Sum:  0.1, Workers: 4
[4452.751s][debug][gc,phases      ] GC(109)     Dead                           Min: 0, Avg:  0.0, Max: 0, Diff: 0, Sum: 0, Workers: 4
[4452.751s][debug][gc,phases      ] GC(109)     Total                          Min: 0, Avg: 2191.0, Max: 3837, Diff: 3837, Sum: 8764, Workers: 4
[4452.751s][debug][gc,phases      ] GC(109)   JNI Weak                       Min:  0.0, Avg:  0.0, Max:  0.0, Diff:  0.0, Sum:  0.0, Workers: 4
[4452.751s][debug][gc,phases      ] GC(109)     Dead                           Min: 0, Avg:  0.0, Max: 0, Diff: 0, Sum: 0, Workers: 4
[4452.751s][debug][gc,phases      ] GC(109)     Total                          Min: 0, Avg: 11.2, Max: 45, Diff: 45, Sum: 45, Workers: 4
[4452.751s][debug][gc,phases      ] GC(109)   StringDedup Table Weak         Min:  0.0, Avg:  0.0, Max:  0.0, Diff:  0.0, Sum:  0.0, Workers: 4
[4452.751s][debug][gc,phases      ] GC(109)     Dead                           Min: 0, Avg:  0.0, Max: 0, Diff: 0, Sum: 0, Workers: 4
[4452.751s][debug][gc,phases      ] GC(109)     Total                          Min: 0, Avg:  0.0, Max: 0, Diff: 0, Sum: 0, Workers: 4
[4452.751s][debug][gc,phases      ] GC(109)   StringDedup Requests0 Weak     Min:  0.0, Avg:  0.0, Max:  0.0, Diff:  0.0, Sum:  0.0, Workers: 4
[4452.751s][debug][gc,phases      ] GC(109)     Dead                           Min: 0, Avg:  0.0, Max: 0, Diff: 0, Sum: 0, Workers: 4
[4452.751s][debug][gc,phases      ] GC(109)     Total                          Min: 0, Avg:  0.0, Max: 0, Diff: 0, Sum: 0, Workers: 4
[4452.751s][debug][gc,phases      ] GC(109)   StringDedup Requests1 Weak     Min:  0.0, Avg:  0.0, Max:  0.0, Diff:  0.0, Sum:  0.0, Workers: 4
[4452.751s][debug][gc,phases      ] GC(109)     Dead                           Min: 0, Avg:  0.0, Max: 0, Diff: 0, Sum: 0, Workers: 4
[4452.751s][debug][gc,phases      ] GC(109)     Total                          Min: 0, Avg:  0.0, Max: 0, Diff: 0, Sum: 0, Workers: 4
[4452.751s][debug][gc,phases      ] GC(109)   Weak JFR Old Object Samples    Min:  0.0, Avg:  0.0, Max:  0.0, Diff:  0.0, Sum:  0.0, Workers: 4
[4452.751s][debug][gc,phases      ] GC(109)     Dead                           Min: 0, Avg:  0.0, Max: 0, Diff: 0, Sum: 0, Workers: 4
[4452.751s][debug][gc,phases      ] GC(109)     Total                          Min: 0, Avg:  0.0, Max: 0, Diff: 0, Sum: 0, Workers: 4
[4452.751s][debug][gc,phases      ] GC(109) Weak Processing 0.319ms
[4452.751s][debug][gc,age         ] GC(109) Desired survivor size 84410368 bytes, new threshold 15 (max threshold 15)
[4452.751s][info ][gc,heap        ] GC(109) PSYoungGen: 1937536K(1937920K)->6640K(2014720K) Eden: 1931264K(1931264K)->0K(1931264K) From: 6272K(6656K)->6640K(83456K)
[4452.751s][info ][gc,heap        ] GC(109) ParOldGen: 498793K(606208K)->498793K(606208K)
[4452.751s][info ][gc,metaspace   ] GC(109) Metaspace: 79980K(81152K)->79980K(81152K) NonClass: 68781K(69440K)->68781K(69440K) Class: 11198K(11712K)->11198K(11712K)
[4452.751s][info ][gc             ] GC(109) Pause Young (Allocation Failure) 2379M->493M(2559M) 5.082ms
[4452.751s][info ][gc,cpu         ] GC(109) User=0.02s Sys=0.00s Real=0.00s
[4452.751s][info ][safepoint      ] Safepoint "ParallelGCFailedAllocation", Time since last: 7438054194 ns, Reaching safepoint: 24300 ns, At safepoint: 5146735 ns, Total: 5171035 ns
[4497.754s][info ][safepoint      ] Safepoint "Cleanup", Time since last: 45002792745 ns, Reaching safepoint: 39600 ns, At safepoint: 31801 ns, Total: 71401 ns
[4499.953s][info ][gc,start       ] GC(110) Pause Young (Allocation Failure)
[4499.959s][debug][gc,phases      ] GC(110) Scavenge 5.571ms
[4499.959s][debug][gc,ref         ] GC(110) Skipped phase 1 of Reference Processing: no references
[4499.959s][debug][gc,ref         ] GC(110) ReferenceProcessor::execute queues: 1, RefProcThreadModel::Single, marks_oops_alive: false
[4499.959s][debug][gc,ref         ] GC(110) Skipped phase 3 of Reference Processing: no references
[4499.959s][debug][gc,ref         ] GC(110) ReferenceProcessor::execute queues: 1, RefProcThreadModel::Single, marks_oops_alive: false
[4499.959s][debug][gc,phases      ] GC(110) Reference Processing 0.085ms
[4499.959s][debug][gc,phases      ] GC(110)   VM Weak                        Min:  0.0, Avg:  0.0, Max:  0.0, Diff:  0.0, Sum:  0.0, Workers: 4
[4499.959s][debug][gc,phases      ] GC(110)     Dead                           Min: 0, Avg:  0.0, Max: 0, Diff: 0, Sum: 0, Workers: 4
[4499.959s][debug][gc,phases      ] GC(110)     Total                          Min: 0, Avg: 157.8, Max: 625, Diff: 625, Sum: 631, Workers: 4
[4499.959s][debug][gc,phases      ] GC(110)   ObjectSynchronizer Weak        Min:  0.0, Avg:  0.0, Max:  0.0, Diff:  0.0, Sum:  0.0, Workers: 4
[4499.959s][debug][gc,phases      ] GC(110)     Dead                           Min: 0, Avg:  0.0, Max: 0, Diff: 0, Sum: 0, Workers: 4
[4499.959s][debug][gc,phases      ] GC(110)     Total                          Min: 0, Avg: 15.5, Max: 62, Diff: 62, Sum: 62, Workers: 4
[4499.959s][debug][gc,phases      ] GC(110)   JVMTI Tag Weak OopStorage      Min:  0.0, Avg:  0.0, Max:  0.0, Diff:  0.0, Sum:  0.0, Workers: 4
[4499.959s][debug][gc,phases      ] GC(110)     Dead                           Min: 0, Avg:  0.0, Max: 0, Diff: 0, Sum: 0, Workers: 4
[4499.959s][debug][gc,phases      ] GC(110)     Total                          Min: 0, Avg:  0.0, Max: 0, Diff: 0, Sum: 0, Workers: 4
[4499.959s][debug][gc,phases      ] GC(110)   StringTable Weak               Min:  0.0, Avg:  0.1, Max:  0.1, Diff:  0.1, Sum:  0.3, Workers: 4
[4499.959s][debug][gc,phases      ] GC(110)     Dead                           Min: 0, Avg:  0.0, Max: 0, Diff: 0, Sum: 0, Workers: 4
[4499.959s][debug][gc,phases      ] GC(110)     Total                          Min: 0, Avg: 10738.5, Max: 19968, Diff: 19968, Sum: 42954, Workers: 4
[4499.959s][debug][gc,phases      ] GC(110)   ResolvedMethodTable Weak       Min:  0.0, Avg:  0.0, Max:  0.0, Diff:  0.0, Sum:  0.1, Workers: 4
[4499.959s][debug][gc,phases      ] GC(110)     Dead                           Min: 0, Avg:  0.0, Max: 0, Diff: 0, Sum: 0, Workers: 4
[4499.959s][debug][gc,phases      ] GC(110)     Total                          Min: 0, Avg: 2191.0, Max: 3711, Diff: 3711, Sum: 8764, Workers: 4
[4499.959s][debug][gc,phases      ] GC(110)   JNI Weak                       Min:  0.0, Avg:  0.0, Max:  0.0, Diff:  0.0, Sum:  0.0, Workers: 4
[4499.959s][debug][gc,phases      ] GC(110)     Dead                           Min: 0, Avg:  0.0, Max: 0, Diff: 0, Sum: 0, Workers: 4
[4499.959s][debug][gc,phases      ] GC(110)     Total                          Min: 0, Avg: 11.2, Max: 45, Diff: 45, Sum: 45, Workers: 4
[4499.959s][debug][gc,phases      ] GC(110)   StringDedup Table Weak         Min:  0.0, Avg:  0.0, Max:  0.0, Diff:  0.0, Sum:  0.0, Workers: 4
[4499.959s][debug][gc,phases      ] GC(110)     Dead                           Min: 0, Avg:  0.0, Max: 0, Diff: 0, Sum: 0, Workers: 4
[4499.959s][debug][gc,phases      ] GC(110)     Total                          Min: 0, Avg:  0.0, Max: 0, Diff: 0, Sum: 0, Workers: 4
[4499.959s][debug][gc,phases      ] GC(110)   StringDedup Requests0 Weak     Min:  0.0, Avg:  0.0, Max:  0.0, Diff:  0.0, Sum:  0.0, Workers: 4
[4499.959s][debug][gc,phases      ] GC(110)     Dead                           Min: 0, Avg:  0.0, Max: 0, Diff: 0, Sum: 0, Workers: 4
[4499.959s][debug][gc,phases      ] GC(110)     Total                          Min: 0, Avg:  0.0, Max: 0, Diff: 0, Sum: 0, Workers: 4
[4499.959s][debug][gc,phases      ] GC(110)   StringDedup Requests1 Weak     Min:  0.0, Avg:  0.0, Max:  0.0, Diff:  0.0, Sum:  0.0, Workers: 4
[4499.959s][debug][gc,phases      ] GC(110)     Dead                           Min: 0, Avg:  0.0, Max: 0, Diff: 0, Sum: 0, Workers: 4
[4499.959s][debug][gc,phases      ] GC(110)     Total                          Min: 0, Avg:  0.0, Max: 0, Diff: 0, Sum: 0, Workers: 4
[4499.959s][debug][gc,phases      ] GC(110)   Weak JFR Old Object Samples    Min:  0.0, Avg:  0.0, Max:  0.0, Diff:  0.0, Sum:  0.0, Workers: 4
[4499.959s][debug][gc,phases      ] GC(110)     Dead                           Min: 0, Avg:  0.0, Max: 0, Diff: 0, Sum: 0, Workers: 4
[4499.959s][debug][gc,phases      ] GC(110)     Total                          Min: 0, Avg:  0.0, Max: 0, Diff: 0, Sum: 0, Workers: 4
[4499.959s][debug][gc,phases      ] GC(110) Weak Processing 0.330ms
[4499.959s][debug][gc,age         ] GC(110) Desired survivor size 83361792 bytes, new threshold 15 (max threshold 15)
[4499.959s][info ][gc,heap        ] GC(110) PSYoungGen: 1937904K(2014720K)->7056K(2013696K) Eden: 1931264K(1931264K)->0K(1931264K) From: 6640K(83456K)->7056K(82432K)
[4499.959s][info ][gc,heap        ] GC(110) ParOldGen: 498793K(606208K)->498793K(606208K)
[4499.959s][info ][gc,metaspace   ] GC(110) Metaspace: 79982K(81152K)->79982K(81152K) NonClass: 68784K(69440K)->68784K(69440K) Class: 11198K(11712K)->11198K(11712K)
[4499.959s][info ][gc             ] GC(110) Pause Young (Allocation Failure) 2379M->493M(2558M) 6.091ms
[4499.959s][info ][gc,cpu         ] GC(110) User=0.02s Sys=0.00s Real=0.00s
[4499.959s][info ][safepoint      ] Safepoint "ParallelGCFailedAllocation", Time since last: 2198590751 ns, Reaching safepoint: 31101 ns, At safepoint: 6172342 ns, Total: 6203443 ns
[4505.959s][info ][safepoint      ] Safepoint "Cleanup", Time since last: 6000406583 ns, Reaching safepoint: 38800 ns, At safepoint: 4700 ns, Total: 43500 ns
[4512.960s][info ][safepoint      ] Safepoint "Cleanup", Time since last: 7000411034 ns, Reaching safepoint: 43900 ns, At safepoint: 4300 ns, Total: 48200 ns
[4514.960s][info ][safepoint      ] Safepoint "Cleanup", Time since last: 2000161844 ns, Reaching safepoint: 41001 ns, At safepoint: 4100 ns, Total: 45101 ns
[4523.961s][info ][safepoint      ] Safepoint "Cleanup", Time since last: 9000624460 ns, Reaching safepoint: 41101 ns, At safepoint: 2600 ns, Total: 43701 ns
[4531.961s][info ][safepoint      ] Safepoint "Cleanup", Time since last: 8000456626 ns, Reaching safepoint: 27600 ns, At safepoint: 19900 ns, Total: 47500 ns
[4536.962s][info ][safepoint      ] Safepoint "Cleanup", Time since last: 5000358088 ns, Reaching safepoint: 33200 ns, At safepoint: 2700 ns, Total: 35900 ns
[4549.963s][info ][safepoint      ] Safepoint "Cleanup", Time since last: 13000786878 ns, Reaching safepoint: 40201 ns, At safepoint: 3000 ns, Total: 43201 ns
[4550.628s][info ][gc,start       ] GC(111) Pause Young (Allocation Failure)
[4550.634s][debug][gc,phases      ] GC(111) Scavenge 5.814ms
[4550.634s][debug][gc,ref         ] GC(111) Skipped phase 1 of Reference Processing: no references
[4550.634s][debug][gc,ref         ] GC(111) ReferenceProcessor::execute queues: 1, RefProcThreadModel::Single, marks_oops_alive: false
[4550.634s][debug][gc,ref         ] GC(111) Skipped phase 3 of Reference Processing: no references
[4550.634s][debug][gc,ref         ] GC(111) ReferenceProcessor::execute queues: 1, RefProcThreadModel::Single, marks_oops_alive: false
[4550.634s][debug][gc,phases      ] GC(111) Reference Processing 0.082ms
[4550.634s][debug][gc,phases      ] GC(111)   VM Weak                        Min:  0.0, Avg:  0.0, Max:  0.0, Diff:  0.0, Sum:  0.0, Workers: 4
[4550.634s][debug][gc,phases      ] GC(111)     Dead                           Min: 0, Avg:  0.0, Max: 0, Diff: 0, Sum: 0, Workers: 4
[4550.634s][debug][gc,phases      ] GC(111)     Total                          Min: 0, Avg: 157.8, Max: 373, Diff: 373, Sum: 631, Workers: 4
[4550.634s][debug][gc,phases      ] GC(111)   ObjectSynchronizer Weak        Min:  0.0, Avg:  0.0, Max:  0.0, Diff:  0.0, Sum:  0.0, Workers: 4
[4550.634s][debug][gc,phases      ] GC(111)     Dead                           Min: 0, Avg:  0.0, Max: 0, Diff: 0, Sum: 0, Workers: 4
[4550.634s][debug][gc,phases      ] GC(111)     Total                          Min: 0, Avg: 15.5, Max: 62, Diff: 62, Sum: 62, Workers: 4
[4550.634s][debug][gc,phases      ] GC(111)   JVMTI Tag Weak OopStorage      Min:  0.0, Avg:  0.0, Max:  0.0, Diff:  0.0, Sum:  0.0, Workers: 4
[4550.634s][debug][gc,phases      ] GC(111)     Dead                           Min: 0, Avg:  0.0, Max: 0, Diff: 0, Sum: 0, Workers: 4
[4550.634s][debug][gc,phases      ] GC(111)     Total                          Min: 0, Avg:  0.0, Max: 0, Diff: 0, Sum: 0, Workers: 4
[4550.634s][debug][gc,phases      ] GC(111)   StringTable Weak               Min:  0.1, Avg:  0.1, Max:  0.1, Diff:  0.0, Sum:  0.4, Workers: 4
[4550.634s][debug][gc,phases      ] GC(111)     Dead                           Min: 0, Avg:  0.0, Max: 0, Diff: 0, Sum: 0, Workers: 4
[4550.634s][debug][gc,phases      ] GC(111)     Total                          Min: 9664, Avg: 10738.5, Max: 11520, Diff: 1856, Sum: 42954, Workers: 4
[4550.634s][debug][gc,phases      ] GC(111)   ResolvedMethodTable Weak       Min:  0.0, Avg:  0.0, Max:  0.0, Diff:  0.0, Sum:  0.1, Workers: 4
[4550.634s][debug][gc,phases      ] GC(111)     Dead                           Min: 0, Avg:  0.0, Max: 0, Diff: 0, Sum: 0, Workers: 4
[4550.634s][debug][gc,phases      ] GC(111)     Total                          Min: 2111, Avg: 2191.0, Max: 2240, Diff: 129, Sum: 8764, Workers: 4
[4550.634s][debug][gc,phases      ] GC(111)   JNI Weak                       Min:  0.0, Avg:  0.0, Max:  0.0, Diff:  0.0, Sum:  0.0, Workers: 4
[4550.634s][debug][gc,phases      ] GC(111)     Dead                           Min: 0, Avg:  0.0, Max: 0, Diff: 0, Sum: 0, Workers: 4
[4550.634s][debug][gc,phases      ] GC(111)     Total                          Min: 0, Avg: 11.2, Max: 45, Diff: 45, Sum: 45, Workers: 4
[4550.634s][debug][gc,phases      ] GC(111)   StringDedup Table Weak         Min:  0.0, Avg:  0.0, Max:  0.0, Diff:  0.0, Sum:  0.0, Workers: 4
[4550.634s][debug][gc,phases      ] GC(111)     Dead                           Min: 0, Avg:  0.0, Max: 0, Diff: 0, Sum: 0, Workers: 4
[4550.634s][debug][gc,phases      ] GC(111)     Total                          Min: 0, Avg:  0.0, Max: 0, Diff: 0, Sum: 0, Workers: 4
[4550.634s][debug][gc,phases      ] GC(111)   StringDedup Requests0 Weak     Min:  0.0, Avg:  0.0, Max:  0.0, Diff:  0.0, Sum:  0.0, Workers: 4
[4550.634s][debug][gc,phases      ] GC(111)     Dead                           Min: 0, Avg:  0.0, Max: 0, Diff: 0, Sum: 0, Workers: 4
[4550.634s][debug][gc,phases      ] GC(111)     Total                          Min: 0, Avg:  0.0, Max: 0, Diff: 0, Sum: 0, Workers: 4
[4550.634s][debug][gc,phases      ] GC(111)   StringDedup Requests1 Weak     Min:  0.0, Avg:  0.0, Max:  0.0, Diff:  0.0, Sum:  0.0, Workers: 4
[4550.634s][debug][gc,phases      ] GC(111)     Dead                           Min: 0, Avg:  0.0, Max: 0, Diff: 0, Sum: 0, Workers: 4
[4550.634s][debug][gc,phases      ] GC(111)     Total                          Min: 0, Avg:  0.0, Max: 0, Diff: 0, Sum: 0, Workers: 4
[4550.634s][debug][gc,phases      ] GC(111)   Weak JFR Old Object Samples    Min:  0.0, Avg:  0.0, Max:  0.0, Diff:  0.0, Sum:  0.0, Workers: 4
[4550.634s][debug][gc,phases      ] GC(111)     Dead                           Min: 0, Avg:  0.0, Max: 0, Diff: 0, Sum: 0, Workers: 4
[4550.634s][debug][gc,phases      ] GC(111)     Total                          Min: 0, Avg:  0.0, Max: 0, Diff: 0, Sum: 0, Workers: 4
[4550.634s][debug][gc,phases      ] GC(111) Weak Processing 0.292ms
[4550.634s][debug][gc,age         ] GC(111) Desired survivor size 81264640 bytes, new threshold 15 (max threshold 15)
[4550.634s][info ][gc,heap        ] GC(111) PSYoungGen: 1938320K(2013696K)->6976K(2017792K) Eden: 1931264K(1931264K)->0K(1936384K) From: 7056K(82432K)->6976K(81408K)
[4550.634s][info ][gc,heap        ] GC(111) ParOldGen: 498793K(606208K)->498793K(606208K)
[4550.634s][info ][gc,metaspace   ] GC(111) Metaspace: 79985K(81152K)->79985K(81152K) NonClass: 68787K(69440K)->68787K(69440K) Class: 11198K(11712K)->11198K(11712K)
[4550.634s][info ][gc             ] GC(111) Pause Young (Allocation Failure) 2379M->493M(2562M) 6.283ms
[4550.634s][info ][gc,cpu         ] GC(111) User=0.01s Sys=0.00s Real=0.01s
[4550.634s][info ][safepoint      ] Safepoint "ParallelGCFailedAllocation", Time since last: 665131590 ns, Reaching safepoint: 112400 ns, At safepoint: 6351645 ns, Total: 6464045 ns
[4561.635s][info ][safepoint      ] Safepoint "Cleanup", Time since last: 11000676798 ns, Reaching safepoint: 32601 ns, At safepoint: 7300 ns, Total: 39901 ns
[4567.635s][info ][safepoint      ] Safepoint "Cleanup", Time since last: 6000435986 ns, Reaching safepoint: 44401 ns, At safepoint: 3500 ns, Total: 47901 ns
[4583.636s][info ][safepoint      ] Safepoint "Cleanup", Time since last: 16001004751 ns, Reaching safepoint: 35000 ns, At safepoint: 2500 ns, Total: 37500 ns
[4616.778s][info ][gc,start       ] GC(112) Pause Young (Allocation Failure)
[4616.783s][debug][gc,phases      ] GC(112) Scavenge 5.080ms
[4616.783s][debug][gc,ref         ] GC(112) Skipped phase 1 of Reference Processing: no references
[4616.783s][debug][gc,ref         ] GC(112) ReferenceProcessor::execute queues: 1, RefProcThreadModel::Single, marks_oops_alive: false
[4616.783s][debug][gc,ref         ] GC(112) Skipped phase 3 of Reference Processing: no references
[4616.783s][debug][gc,ref         ] GC(112) ReferenceProcessor::execute queues: 1, RefProcThreadModel::Single, marks_oops_alive: false
[4616.783s][debug][gc,phases      ] GC(112) Reference Processing 0.109ms
[4616.783s][debug][gc,phases      ] GC(112)   VM Weak                        Min:  0.0, Avg:  0.0, Max:  0.0, Diff:  0.0, Sum:  0.0, Workers: 4
[4616.783s][debug][gc,phases      ] GC(112)     Dead                           Min: 0, Avg:  0.0, Max: 0, Diff: 0, Sum: 0, Workers: 4
[4616.783s][debug][gc,phases      ] GC(112)     Total                          Min: 0, Avg: 157.8, Max: 430, Diff: 430, Sum: 631, Workers: 4
[4616.783s][debug][gc,phases      ] GC(112)   ObjectSynchronizer Weak        Min:  0.0, Avg:  0.0, Max:  0.0, Diff:  0.0, Sum:  0.0, Workers: 4
[4616.783s][debug][gc,phases      ] GC(112)     Dead                           Min: 0, Avg:  0.0, Max: 0, Diff: 0, Sum: 0, Workers: 4
[4616.783s][debug][gc,phases      ] GC(112)     Total                          Min: 0, Avg: 15.5, Max: 62, Diff: 62, Sum: 62, Workers: 4
[4616.783s][debug][gc,phases      ] GC(112)   JVMTI Tag Weak OopStorage      Min:  0.0, Avg:  0.0, Max:  0.0, Diff:  0.0, Sum:  0.0, Workers: 4
[4616.783s][debug][gc,phases      ] GC(112)     Dead                           Min: 0, Avg:  0.0, Max: 0, Diff: 0, Sum: 0, Workers: 4
[4616.783s][debug][gc,phases      ] GC(112)     Total                          Min: 0, Avg:  0.0, Max: 0, Diff: 0, Sum: 0, Workers: 4
[4616.783s][debug][gc,phases      ] GC(112)   StringTable Weak               Min:  0.1, Avg:  0.1, Max:  0.1, Diff:  0.0, Sum:  0.4, Workers: 4
[4616.783s][debug][gc,phases      ] GC(112)     Dead                           Min: 0, Avg:  0.0, Max: 0, Diff: 0, Sum: 0, Workers: 4
[4616.783s][debug][gc,phases      ] GC(112)     Total                          Min: 9984, Avg: 10738.5, Max: 11200, Diff: 1216, Sum: 42954, Workers: 4
[4616.783s][debug][gc,phases      ] GC(112)   ResolvedMethodTable Weak       Min:  0.0, Avg:  0.0, Max:  0.0, Diff:  0.0, Sum:  0.1, Workers: 4
[4616.783s][debug][gc,phases      ] GC(112)     Dead                           Min: 0, Avg:  0.0, Max: 0, Diff: 0, Sum: 0, Workers: 4
[4616.783s][debug][gc,phases      ] GC(112)     Total                          Min: 2112, Avg: 2191.0, Max: 2304, Diff: 192, Sum: 8764, Workers: 4
[4616.783s][debug][gc,phases      ] GC(112)   JNI Weak                       Min:  0.0, Avg:  0.0, Max:  0.0, Diff:  0.0, Sum:  0.0, Workers: 4
[4616.783s][debug][gc,phases      ] GC(112)     Dead                           Min: 0, Avg:  0.0, Max: 0, Diff: 0, Sum: 0, Workers: 4
[4616.783s][debug][gc,phases      ] GC(112)     Total                          Min: 0, Avg: 11.2, Max: 45, Diff: 45, Sum: 45, Workers: 4
[4616.783s][debug][gc,phases      ] GC(112)   StringDedup Table Weak         Min:  0.0, Avg:  0.0, Max:  0.0, Diff:  0.0, Sum:  0.0, Workers: 4
[4616.783s][debug][gc,phases      ] GC(112)     Dead                           Min: 0, Avg:  0.0, Max: 0, Diff: 0, Sum: 0, Workers: 4
[4616.783s][debug][gc,phases      ] GC(112)     Total                          Min: 0, Avg:  0.0, Max: 0, Diff: 0, Sum: 0, Workers: 4
[4616.783s][debug][gc,phases      ] GC(112)   StringDedup Requests0 Weak     Min:  0.0, Avg:  0.0, Max:  0.0, Diff:  0.0, Sum:  0.0, Workers: 4
[4616.783s][debug][gc,phases      ] GC(112)     Dead                           Min: 0, Avg:  0.0, Max: 0, Diff: 0, Sum: 0, Workers: 4
[4616.783s][debug][gc,phases      ] GC(112)     Total                          Min: 0, Avg:  0.0, Max: 0, Diff: 0, Sum: 0, Workers: 4
[4616.783s][debug][gc,phases      ] GC(112)   StringDedup Requests1 Weak     Min:  0.0, Avg:  0.0, Max:  0.0, Diff:  0.0, Sum:  0.0, Workers: 4
[4616.783s][debug][gc,phases      ] GC(112)     Dead                           Min: 0, Avg:  0.0, Max: 0, Diff: 0, Sum: 0, Workers: 4
[4616.783s][debug][gc,phases      ] GC(112)     Total                          Min: 0, Avg:  0.0, Max: 0, Diff: 0, Sum: 0, Workers: 4
[4616.783s][debug][gc,phases      ] GC(112)   Weak JFR Old Object Samples    Min:  0.0, Avg:  0.0, Max:  0.0, Diff:  0.0, Sum:  0.0, Workers: 4
[4616.783s][debug][gc,phases      ] GC(112)     Dead                           Min: 0, Avg:  0.0, Max: 0, Diff: 0, Sum: 0, Workers: 4
[4616.783s][debug][gc,phases      ] GC(112)     Total                          Min: 0, Avg:  0.0, Max: 0, Diff: 0, Sum: 0, Workers: 4
[4616.783s][debug][gc,phases      ] GC(112) Weak Processing 0.269ms
[4616.783s][debug][gc,age         ] GC(112) Desired survivor size 79167488 bytes, new threshold 15 (max threshold 15)
[4616.783s][info ][gc,heap        ] GC(112) PSYoungGen: 1943360K(2017792K)->7008K(2015744K) Eden: 1936384K(1936384K)->0K(1936384K) From: 6976K(81408K)->7008K(79360K)
[4616.783s][info ][gc,heap        ] GC(112) ParOldGen: 498793K(606208K)->498793K(606208K)
[4616.783s][info ][gc,metaspace   ] GC(112) Metaspace: 79998K(81152K)->79998K(81152K) NonClass: 68799K(69440K)->68799K(69440K) Class: 11198K(11712K)->11198K(11712K)
[4616.783s][info ][gc             ] GC(112) Pause Young (Allocation Failure) 2384M->493M(2560M) 5.545ms
[4616.783s][info ][gc,cpu         ] GC(112) User=0.02s Sys=0.00s Real=0.01s
[4616.783s][info ][safepoint      ] Safepoint "ParallelGCFailedAllocation", Time since last: 33141356282 ns, Reaching safepoint: 95401 ns, At safepoint: 5646540 ns, Total: 5741941 ns
[4631.785s][info ][safepoint      ] Safepoint "Cleanup", Time since last: 15000956741 ns, Reaching safepoint: 114801 ns, At safepoint: 7700 ns, Total: 122501 ns
[4685.429s][info ][gc,start       ] GC(113) Pause Young (Allocation Failure)
[4685.434s][debug][gc,phases      ] GC(113) Scavenge 5.684ms
[4685.434s][debug][gc,ref         ] GC(113) Skipped phase 1 of Reference Processing: no references
[4685.434s][debug][gc,ref         ] GC(113) ReferenceProcessor::execute queues: 1, RefProcThreadModel::Single, marks_oops_alive: false
[4685.434s][debug][gc,ref         ] GC(113) Skipped phase 3 of Reference Processing: no references
[4685.434s][debug][gc,ref         ] GC(113) ReferenceProcessor::execute queues: 1, RefProcThreadModel::Single, marks_oops_alive: false
[4685.434s][debug][gc,phases      ] GC(113) Reference Processing 0.099ms
[4685.435s][debug][gc,phases      ] GC(113)   VM Weak                        Min:  0.0, Avg:  0.0, Max:  0.0, Diff:  0.0, Sum:  0.0, Workers: 4
[4685.435s][debug][gc,phases      ] GC(113)     Dead                           Min: 0, Avg:  0.0, Max: 0, Diff: 0, Sum: 0, Workers: 4
[4685.435s][debug][gc,phases      ] GC(113)     Total                          Min: 0, Avg: 157.8, Max: 517, Diff: 517, Sum: 631, Workers: 4
[4685.435s][debug][gc,phases      ] GC(113)   ObjectSynchronizer Weak        Min:  0.0, Avg:  0.0, Max:  0.0, Diff:  0.0, Sum:  0.0, Workers: 4
[4685.435s][debug][gc,phases      ] GC(113)     Dead                           Min: 0, Avg:  0.0, Max: 0, Diff: 0, Sum: 0, Workers: 4
[4685.435s][debug][gc,phases      ] GC(113)     Total                          Min: 0, Avg: 15.5, Max: 62, Diff: 62, Sum: 62, Workers: 4
[4685.435s][debug][gc,phases      ] GC(113)   JVMTI Tag Weak OopStorage      Min:  0.0, Avg:  0.0, Max:  0.0, Diff:  0.0, Sum:  0.0, Workers: 4
[4685.435s][debug][gc,phases      ] GC(113)     Dead                           Min: 0, Avg:  0.0, Max: 0, Diff: 0, Sum: 0, Workers: 4
[4685.435s][debug][gc,phases      ] GC(113)     Total                          Min: 0, Avg:  0.0, Max: 0, Diff: 0, Sum: 0, Workers: 4
[4685.435s][debug][gc,phases      ] GC(113)   StringTable Weak               Min:  0.1, Avg:  0.1, Max:  0.1, Diff:  0.0, Sum:  0.4, Workers: 4
[4685.435s][debug][gc,phases      ] GC(113)     Dead                           Min: 0, Avg:  0.0, Max: 0, Diff: 0, Sum: 0, Workers: 4
[4685.435s][debug][gc,phases      ] GC(113)     Total                          Min: 10240, Avg: 10738.8, Max: 11083, Diff: 843, Sum: 42955, Workers: 4
[4685.435s][debug][gc,phases      ] GC(113)   ResolvedMethodTable Weak       Min:  0.0, Avg:  0.0, Max:  0.0, Diff:  0.0, Sum:  0.1, Workers: 4
[4685.435s][debug][gc,phases      ] GC(113)     Dead                           Min: 0, Avg:  0.0, Max: 0, Diff: 0, Sum: 0, Workers: 4
[4685.435s][debug][gc,phases      ] GC(113)     Total                          Min: 2048, Avg: 2191.0, Max: 2368, Diff: 320, Sum: 8764, Workers: 4
[4685.435s][debug][gc,phases      ] GC(113)   JNI Weak                       Min:  0.0, Avg:  0.0, Max:  0.0, Diff:  0.0, Sum:  0.0, Workers: 4
[4685.435s][debug][gc,phases      ] GC(113)     Dead                           Min: 0, Avg:  0.0, Max: 0, Diff: 0, Sum: 0, Workers: 4
[4685.435s][debug][gc,phases      ] GC(113)     Total                          Min: 0, Avg: 11.2, Max: 45, Diff: 45, Sum: 45, Workers: 4
[4685.435s][debug][gc,phases      ] GC(113)   StringDedup Table Weak         Min:  0.0, Avg:  0.0, Max:  0.0, Diff:  0.0, Sum:  0.0, Workers: 4
[4685.435s][debug][gc,phases      ] GC(113)     Dead                           Min: 0, Avg:  0.0, Max: 0, Diff: 0, Sum: 0, Workers: 4
[4685.435s][debug][gc,phases      ] GC(113)     Total                          Min: 0, Avg:  0.0, Max: 0, Diff: 0, Sum: 0, Workers: 4
[4685.435s][debug][gc,phases      ] GC(113)   StringDedup Requests0 Weak     Min:  0.0, Avg:  0.0, Max:  0.0, Diff:  0.0, Sum:  0.0, Workers: 4
[4685.435s][debug][gc,phases      ] GC(113)     Dead                           Min: 0, Avg:  0.0, Max: 0, Diff: 0, Sum: 0, Workers: 4
[4685.435s][debug][gc,phases      ] GC(113)     Total                          Min: 0, Avg:  0.0, Max: 0, Diff: 0, Sum: 0, Workers: 4
[4685.435s][debug][gc,phases      ] GC(113)   StringDedup Requests1 Weak     Min:  0.0, Avg:  0.0, Max:  0.0, Diff:  0.0, Sum:  0.0, Workers: 4
[4685.435s][debug][gc,phases      ] GC(113)     Dead                           Min: 0, Avg:  0.0, Max: 0, Diff: 0, Sum: 0, Workers: 4
[4685.435s][debug][gc,phases      ] GC(113)     Total                          Min: 0, Avg:  0.0, Max: 0, Diff: 0, Sum: 0, Workers: 4
[4685.435s][debug][gc,phases      ] GC(113)   Weak JFR Old Object Samples    Min:  0.0, Avg:  0.0, Max:  0.0, Diff:  0.0, Sum:  0.0, Workers: 4
[4685.435s][debug][gc,phases      ] GC(113)     Dead                           Min: 0, Avg:  0.0, Max: 0, Diff: 0, Sum: 0, Workers: 4
[4685.435s][debug][gc,phases      ] GC(113)     Total                          Min: 0, Avg:  0.0, Max: 0, Diff: 0, Sum: 0, Workers: 4
[4685.435s][debug][gc,phases      ] GC(113) Weak Processing 0.285ms
[4685.435s][debug][gc,age         ] GC(113) Desired survivor size 76546048 bytes, new threshold 15 (max threshold 15)
[4685.435s][info ][gc,heap        ] GC(113) PSYoungGen: 1943392K(2015744K)->7232K(2022400K) Eden: 1936384K(1936384K)->0K(1945088K) From: 7008K(79360K)->7232K(77312K)
[4685.435s][info ][gc,heap        ] GC(113) ParOldGen: 498793K(606208K)->498801K(606208K)
[4685.435s][info ][gc,metaspace   ] GC(113) Metaspace: 80019K(81216K)->80019K(81216K) NonClass: 68820K(69504K)->68820K(69504K) Class: 11198K(11712K)->11198K(11712K)
[4685.435s][info ][gc             ] GC(113) Pause Young (Allocation Failure) 2384M->494M(2567M) 6.180ms
[4685.435s][info ][gc,cpu         ] GC(113) User=0.01s Sys=0.00s Real=0.01s
[4685.435s][info ][safepoint      ] Safepoint "ParallelGCFailedAllocation", Time since last: 53643827119 ns, Reaching safepoint: 119401 ns, At safepoint: 6288146 ns, Total: 6407547 ns
[4698.436s][info ][safepoint      ] Safepoint "Cleanup", Time since last: 13000788847 ns, Reaching safepoint: 27300 ns, At safepoint: 2500 ns, Total: 29800 ns
[4708.436s][info ][safepoint      ] Safepoint "Cleanup", Time since last: 10000685095 ns, Reaching safepoint: 57401 ns, At safepoint: 3200 ns, Total: 60601 ns
[4711.437s][info ][safepoint      ] Safepoint "Cleanup", Time since last: 3000200919 ns, Reaching safepoint: 24900 ns, At safepoint: 24000 ns, Total: 48900 ns
[4713.101s][info ][safepoint      ] Safepoint "Cleanup", Time since last: 1663974618 ns, Reaching safepoint: 126501 ns, At safepoint: 8000 ns, Total: 134501 ns
[4714.156s][info ][gc,start       ] GC(114) Pause Young (Allocation Failure)
[4714.172s][debug][gc,phases      ] GC(114) Scavenge 15.508ms
[4714.172s][debug][gc,ref         ] GC(114) Skipped phase 1 of Reference Processing: no references
[4714.172s][debug][gc,ref         ] GC(114) ReferenceProcessor::execute queues: 1, RefProcThreadModel::Single, marks_oops_alive: false
[4714.172s][debug][gc,ref         ] GC(114) Skipped phase 3 of Reference Processing: no references
[4714.172s][debug][gc,ref         ] GC(114) ReferenceProcessor::execute queues: 1, RefProcThreadModel::Single, marks_oops_alive: false
[4714.172s][debug][gc,phases      ] GC(114) Reference Processing 0.101ms
[4714.172s][debug][gc,phases      ] GC(114)   VM Weak                        Min:  0.0, Avg:  0.0, Max:  0.0, Diff:  0.0, Sum:  0.0, Workers: 4
[4714.172s][debug][gc,phases      ] GC(114)     Dead                           Min: 0, Avg:  0.0, Max: 0, Diff: 0, Sum: 0, Workers: 4
[4714.172s][debug][gc,phases      ] GC(114)     Total                          Min: 0, Avg: 157.8, Max: 410, Diff: 410, Sum: 631, Workers: 4
[4714.172s][debug][gc,phases      ] GC(114)   ObjectSynchronizer Weak        Min:  0.0, Avg:  0.0, Max:  0.0, Diff:  0.0, Sum:  0.0, Workers: 4
[4714.172s][debug][gc,phases      ] GC(114)     Dead                           Min: 0, Avg:  0.0, Max: 0, Diff: 0, Sum: 0, Workers: 4
[4714.172s][debug][gc,phases      ] GC(114)     Total                          Min: 0, Avg: 15.5, Max: 62, Diff: 62, Sum: 62, Workers: 4
[4714.172s][debug][gc,phases      ] GC(114)   JVMTI Tag Weak OopStorage      Min:  0.0, Avg:  0.0, Max:  0.0, Diff:  0.0, Sum:  0.0, Workers: 4
[4714.172s][debug][gc,phases      ] GC(114)     Dead                           Min: 0, Avg:  0.0, Max: 0, Diff: 0, Sum: 0, Workers: 4
[4714.172s][debug][gc,phases      ] GC(114)     Total                          Min: 0, Avg:  0.0, Max: 0, Diff: 0, Sum: 0, Workers: 4
[4714.172s][debug][gc,phases      ] GC(114)   StringTable Weak               Min:  0.0, Avg:  0.1, Max:  0.1, Diff:  0.1, Sum:  0.4, Workers: 4
[4714.172s][debug][gc,phases      ] GC(114)     Dead                           Min: 0, Avg:  0.0, Max: 0, Diff: 0, Sum: 0, Workers: 4
[4714.172s][debug][gc,phases      ] GC(114)     Total                          Min: 0, Avg: 10739.0, Max: 14592, Diff: 14592, Sum: 42956, Workers: 4
[4714.172s][debug][gc,phases      ] GC(114)   ResolvedMethodTable Weak       Min:  0.0, Avg:  0.0, Max:  0.0, Diff:  0.0, Sum:  0.1, Workers: 4
[4714.172s][debug][gc,phases      ] GC(114)     Dead                           Min: 0, Avg:  0.0, Max: 0, Diff: 0, Sum: 0, Workers: 4
[4714.172s][debug][gc,phases      ] GC(114)     Total                          Min: 0, Avg: 2191.0, Max: 3071, Diff: 3071, Sum: 8764, Workers: 4
[4714.172s][debug][gc,phases      ] GC(114)   JNI Weak                       Min:  0.0, Avg:  0.0, Max:  0.0, Diff:  0.0, Sum:  0.0, Workers: 4
[4714.172s][debug][gc,phases      ] GC(114)     Dead                           Min: 0, Avg:  0.0, Max: 0, Diff: 0, Sum: 0, Workers: 4
[4714.172s][debug][gc,phases      ] GC(114)     Total                          Min: 0, Avg: 11.2, Max: 45, Diff: 45, Sum: 45, Workers: 4
[4714.172s][debug][gc,phases      ] GC(114)   StringDedup Table Weak         Min:  0.0, Avg:  0.0, Max:  0.0, Diff:  0.0, Sum:  0.0, Workers: 4
[4714.172s][debug][gc,phases      ] GC(114)     Dead                           Min: 0, Avg:  0.0, Max: 0, Diff: 0, Sum: 0, Workers: 4
[4714.172s][debug][gc,phases      ] GC(114)     Total                          Min: 0, Avg:  0.0, Max: 0, Diff: 0, Sum: 0, Workers: 4
[4714.172s][debug][gc,phases      ] GC(114)   StringDedup Requests0 Weak     Min:  0.0, Avg:  0.0, Max:  0.0, Diff:  0.0, Sum:  0.0, Workers: 4
[4714.172s][debug][gc,phases      ] GC(114)     Dead                           Min: 0, Avg:  0.0, Max: 0, Diff: 0, Sum: 0, Workers: 4
[4714.172s][debug][gc,phases      ] GC(114)     Total                          Min: 0, Avg:  0.0, Max: 0, Diff: 0, Sum: 0, Workers: 4
[4714.172s][debug][gc,phases      ] GC(114)   StringDedup Requests1 Weak     Min:  0.0, Avg:  0.0, Max:  0.0, Diff:  0.0, Sum:  0.0, Workers: 4
[4714.172s][debug][gc,phases      ] GC(114)     Dead                           Min: 0, Avg:  0.0, Max: 0, Diff: 0, Sum: 0, Workers: 4
[4714.172s][debug][gc,phases      ] GC(114)     Total                          Min: 0, Avg:  0.0, Max: 0, Diff: 0, Sum: 0, Workers: 4
[4714.172s][debug][gc,phases      ] GC(114)   Weak JFR Old Object Samples    Min:  0.0, Avg:  0.0, Max:  0.0, Diff:  0.0, Sum:  0.0, Workers: 4
[4714.172s][debug][gc,phases      ] GC(114)     Dead                           Min: 0, Avg:  0.0, Max: 0, Diff: 0, Sum: 0, Workers: 4
[4714.172s][debug][gc,phases      ] GC(114)     Total                          Min: 0, Avg:  0.0, Max: 0, Diff: 0, Sum: 0, Workers: 4
[4714.172s][debug][gc,phases      ] GC(114) Weak Processing 0.303ms
[4714.172s][debug][gc,age         ] GC(114) Desired survivor size 73400320 bytes, new threshold 15 (max threshold 15)
[4714.172s][info ][gc,heap        ] GC(114) PSYoungGen: 1952320K(2022400K)->28347K(2019840K) Eden: 1945088K(1945088K)->0K(1945088K) From: 7232K(77312K)->28347K(74752K)
[4714.172s][info ][gc,heap        ] GC(114) ParOldGen: 498801K(606208K)->498801K(606208K)
[4714.172s][info ][gc,metaspace   ] GC(114) Metaspace: 80026K(81216K)->80026K(81216K) NonClass: 68827K(69504K)->68827K(69504K) Class: 11198K(11712K)->11198K(11712K)
[4714.172s][info ][gc             ] GC(114) Pause Young (Allocation Failure) 2393M->514M(2564M) 16.011ms
[4714.172s][info ][gc,cpu         ] GC(114) User=0.04s Sys=0.00s Real=0.02s
[4714.172s][info ][safepoint      ] Safepoint "ParallelGCFailedAllocation", Time since last: 1055434252 ns, Reaching safepoint: 173601 ns, At safepoint: 16082318 ns, Total: 16255919 ns
[4718.173s][info ][safepoint      ] Safepoint "Cleanup", Time since last: 4000288197 ns, Reaching safepoint: 36500 ns, At safepoint: 3000 ns, Total: 39500 ns
[4719.173s][info ][safepoint      ] Safepoint "Cleanup", Time since last: 1000105253 ns, Reaching safepoint: 54900 ns, At safepoint: 2800 ns, Total: 57700 ns
[4721.173s][info ][safepoint      ] Safepoint "Cleanup", Time since last: 2000184011 ns, Reaching safepoint: 40300 ns, At safepoint: 2800 ns, Total: 43100 ns
[4723.173s][info ][safepoint      ] Safepoint "Cleanup", Time since last: 2000170017 ns, Reaching safepoint: 41400 ns, At safepoint: 2900 ns, Total: 44300 ns
[4729.174s][info ][safepoint      ] Safepoint "Cleanup", Time since last: 6000442186 ns, Reaching safepoint: 41200 ns, At safepoint: 4500 ns, Total: 45700 ns
[4739.175s][info ][safepoint      ] Safepoint "Cleanup", Time since last: 10000765160 ns, Reaching safepoint: 41301 ns, At safepoint: 5100 ns, Total: 46401 ns
[4742.206s][info ][gc,start       ] GC(115) Pause Young (Allocation Failure)
[4742.218s][debug][gc,phases      ] GC(115) Scavenge 12.180ms
[4742.218s][debug][gc,ref         ] GC(115) Skipped phase 1 of Reference Processing: no references
[4742.219s][debug][gc,ref         ] GC(115) ReferenceProcessor::execute queues: 1, RefProcThreadModel::Single, marks_oops_alive: false
[4742.219s][debug][gc,ref         ] GC(115) Skipped phase 3 of Reference Processing: no references
[4742.219s][debug][gc,ref         ] GC(115) ReferenceProcessor::execute queues: 1, RefProcThreadModel::Single, marks_oops_alive: false
[4742.219s][debug][gc,phases      ] GC(115) Reference Processing 0.096ms
[4742.219s][debug][gc,phases      ] GC(115)   VM Weak                        Min:  0.0, Avg:  0.0, Max:  0.0, Diff:  0.0, Sum:  0.0, Workers: 4
[4742.219s][debug][gc,phases      ] GC(115)     Dead                           Min: 0, Avg:  0.0, Max: 0, Diff: 0, Sum: 0, Workers: 4
[4742.219s][debug][gc,phases      ] GC(115)     Total                          Min: 0, Avg: 157.8, Max: 625, Diff: 625, Sum: 631, Workers: 4
[4742.219s][debug][gc,phases      ] GC(115)   ObjectSynchronizer Weak        Min:  0.0, Avg:  0.0, Max:  0.0, Diff:  0.0, Sum:  0.0, Workers: 4
[4742.219s][debug][gc,phases      ] GC(115)     Dead                           Min: 0, Avg:  0.0, Max: 0, Diff: 0, Sum: 0, Workers: 4
[4742.219s][debug][gc,phases      ] GC(115)     Total                          Min: 0, Avg: 15.5, Max: 62, Diff: 62, Sum: 62, Workers: 4
[4742.219s][debug][gc,phases      ] GC(115)   JVMTI Tag Weak OopStorage      Min:  0.0, Avg:  0.0, Max:  0.0, Diff:  0.0, Sum:  0.0, Workers: 4
[4742.219s][debug][gc,phases      ] GC(115)     Dead                           Min: 0, Avg:  0.0, Max: 0, Diff: 0, Sum: 0, Workers: 4
[4742.219s][debug][gc,phases      ] GC(115)     Total                          Min: 0, Avg:  0.0, Max: 0, Diff: 0, Sum: 0, Workers: 4
[4742.219s][debug][gc,phases      ] GC(115)   StringTable Weak               Min:  0.1, Avg:  0.1, Max:  0.1, Diff:  0.0, Sum:  0.4, Workers: 4
[4742.219s][debug][gc,phases      ] GC(115)     Dead                           Min: 0, Avg:  0.0, Max: 0, Diff: 0, Sum: 0, Workers: 4
[4742.219s][debug][gc,phases      ] GC(115)     Total                          Min: 10496, Avg: 10739.2, Max: 10944, Diff: 448, Sum: 42957, Workers: 4
[4742.219s][debug][gc,phases      ] GC(115)   ResolvedMethodTable Weak       Min:  0.0, Avg:  0.0, Max:  0.0, Diff:  0.0, Sum:  0.1, Workers: 4
[4742.219s][debug][gc,phases      ] GC(115)     Dead                           Min: 0, Avg:  0.0, Max: 0, Diff: 0, Sum: 0, Workers: 4
[4742.219s][debug][gc,phases      ] GC(115)     Total                          Min: 2109, Avg: 2191.0, Max: 2240, Diff: 131, Sum: 8764, Workers: 4
[4742.219s][debug][gc,phases      ] GC(115)   JNI Weak                       Min:  0.0, Avg:  0.0, Max:  0.0, Diff:  0.0, Sum:  0.0, Workers: 4
[4742.219s][debug][gc,phases      ] GC(115)     Dead                           Min: 0, Avg:  0.0, Max: 0, Diff: 0, Sum: 0, Workers: 4
[4742.219s][debug][gc,phases      ] GC(115)     Total                          Min: 0, Avg: 11.2, Max: 45, Diff: 45, Sum: 45, Workers: 4
[4742.219s][debug][gc,phases      ] GC(115)   StringDedup Table Weak         Min:  0.0, Avg:  0.0, Max:  0.0, Diff:  0.0, Sum:  0.0, Workers: 4
[4742.219s][debug][gc,phases      ] GC(115)     Dead                           Min: 0, Avg:  0.0, Max: 0, Diff: 0, Sum: 0, Workers: 4
[4742.219s][debug][gc,phases      ] GC(115)     Total                          Min: 0, Avg:  0.0, Max: 0, Diff: 0, Sum: 0, Workers: 4
[4742.219s][debug][gc,phases      ] GC(115)   StringDedup Requests0 Weak     Min:  0.0, Avg:  0.0, Max:  0.0, Diff:  0.0, Sum:  0.0, Workers: 4
[4742.219s][debug][gc,phases      ] GC(115)     Dead                           Min: 0, Avg:  0.0, Max: 0, Diff: 0, Sum: 0, Workers: 4
[4742.219s][debug][gc,phases      ] GC(115)     Total                          Min: 0, Avg:  0.0, Max: 0, Diff: 0, Sum: 0, Workers: 4
[4742.219s][debug][gc,phases      ] GC(115)   StringDedup Requests1 Weak     Min:  0.0, Avg:  0.0, Max:  0.0, Diff:  0.0, Sum:  0.0, Workers: 4
[4742.219s][debug][gc,phases      ] GC(115)     Dead                           Min: 0, Avg:  0.0, Max: 0, Diff: 0, Sum: 0, Workers: 4
[4742.219s][debug][gc,phases      ] GC(115)     Total                          Min: 0, Avg:  0.0, Max: 0, Diff: 0, Sum: 0, Workers: 4
[4742.219s][debug][gc,phases      ] GC(115)   Weak JFR Old Object Samples    Min:  0.0, Avg:  0.0, Max:  0.0, Diff:  0.0, Sum:  0.0, Workers: 4
[4742.219s][debug][gc,phases      ] GC(115)     Dead                           Min: 0, Avg:  0.0, Max: 0, Diff: 0, Sum: 0, Workers: 4
[4742.219s][debug][gc,phases      ] GC(115)     Total                          Min: 0, Avg:  0.0, Max: 0, Diff: 0, Sum: 0, Workers: 4
[4742.219s][debug][gc,phases      ] GC(115) Weak Processing 0.289ms
[4742.219s][debug][gc,age         ] GC(115) Desired survivor size 75497472 bytes, new threshold 15 (max threshold 15)
[4742.219s][info ][gc,heap        ] GC(115) PSYoungGen: 1973435K(2019840K)->40960K(2021376K) Eden: 1945088K(1945088K)->0K(1949696K) From: 28347K(74752K)->40960K(71680K)
[4742.219s][info ][gc,heap        ] GC(115) ParOldGen: 498801K(606208K)->498801K(606208K)
[4742.219s][info ][gc,metaspace   ] GC(115) Metaspace: 80026K(81216K)->80026K(81216K) NonClass: 68827K(69504K)->68827K(69504K) Class: 11198K(11712K)->11198K(11712K)
[4742.219s][info ][gc             ] GC(115) Pause Young (Allocation Failure) 2414M->527M(2566M) 12.695ms
[4742.219s][info ][gc,cpu         ] GC(115) User=0.05s Sys=0.00s Real=0.01s
[4742.219s][info ][safepoint      ] Safepoint "ParallelGCFailedAllocation", Time since last: 3031452087 ns, Reaching safepoint: 33800 ns, At safepoint: 12788695 ns, Total: 12822495 ns
[4775.221s][info ][safepoint      ] Safepoint "Cleanup", Time since last: 33002016862 ns, Reaching safepoint: 56200 ns, At safepoint: 3200 ns, Total: 59400 ns
[4777.221s][info ][safepoint      ] Safepoint "Cleanup", Time since last: 2000195071 ns, Reaching safepoint: 38601 ns, At safepoint: 8700 ns, Total: 47301 ns
[4779.221s][info ][safepoint      ] Safepoint "Cleanup", Time since last: 2000181276 ns, Reaching safepoint: 56500 ns, At safepoint: 2800 ns, Total: 59300 ns
[4792.222s][info ][safepoint      ] Safepoint "Cleanup", Time since last: 13000920723 ns, Reaching safepoint: 37701 ns, At safepoint: 2900 ns, Total: 40601 ns
[4799.877s][info ][gc,start       ] GC(116) Pause Young (Allocation Failure)
[4799.890s][debug][gc,phases      ] GC(116) Scavenge 12.987ms
[4799.890s][debug][gc,ref         ] GC(116) Skipped phase 1 of Reference Processing: no references
[4799.890s][debug][gc,ref         ] GC(116) ReferenceProcessor::execute queues: 1, RefProcThreadModel::Single, marks_oops_alive: false
[4799.890s][debug][gc,ref         ] GC(116) Skipped phase 3 of Reference Processing: no references
[4799.890s][debug][gc,ref         ] GC(116) ReferenceProcessor::execute queues: 1, RefProcThreadModel::Single, marks_oops_alive: false
[4799.890s][debug][gc,phases      ] GC(116) Reference Processing 0.109ms
[4799.890s][debug][gc,phases      ] GC(116)   VM Weak                        Min:  0.0, Avg:  0.0, Max:  0.0, Diff:  0.0, Sum:  0.0, Workers: 4
[4799.890s][debug][gc,phases      ] GC(116)     Dead                           Min: 0, Avg:  0.0, Max: 0, Diff: 0, Sum: 0, Workers: 4
[4799.890s][debug][gc,phases      ] GC(116)     Total                          Min: 0, Avg: 157.8, Max: 379, Diff: 379, Sum: 631, Workers: 4
[4799.890s][debug][gc,phases      ] GC(116)   ObjectSynchronizer Weak        Min:  0.0, Avg:  0.0, Max:  0.0, Diff:  0.0, Sum:  0.0, Workers: 4
[4799.890s][debug][gc,phases      ] GC(116)     Dead                           Min: 0, Avg:  0.0, Max: 0, Diff: 0, Sum: 0, Workers: 4
[4799.890s][debug][gc,phases      ] GC(116)     Total                          Min: 0, Avg: 15.5, Max: 62, Diff: 62, Sum: 62, Workers: 4
[4799.890s][debug][gc,phases      ] GC(116)   JVMTI Tag Weak OopStorage      Min:  0.0, Avg:  0.0, Max:  0.0, Diff:  0.0, Sum:  0.0, Workers: 4
[4799.890s][debug][gc,phases      ] GC(116)     Dead                           Min: 0, Avg:  0.0, Max: 0, Diff: 0, Sum: 0, Workers: 4
[4799.890s][debug][gc,phases      ] GC(116)     Total                          Min: 0, Avg:  0.0, Max: 0, Diff: 0, Sum: 0, Workers: 4
[4799.890s][debug][gc,phases      ] GC(116)   StringTable Weak               Min:  0.0, Avg:  0.1, Max:  0.1, Diff:  0.1, Sum:  0.3, Workers: 4
[4799.890s][debug][gc,phases      ] GC(116)     Dead                           Min: 0, Avg:  0.0, Max: 0, Diff: 0, Sum: 0, Workers: 4
[4799.890s][debug][gc,phases      ] GC(116)     Total                          Min: 0, Avg: 10739.2, Max: 17344, Diff: 17344, Sum: 42957, Workers: 4
[4799.890s][debug][gc,phases      ] GC(116)   ResolvedMethodTable Weak       Min:  0.0, Avg:  0.0, Max:  0.0, Diff:  0.0, Sum:  0.1, Workers: 4
[4799.890s][debug][gc,phases      ] GC(116)     Dead                           Min: 0, Avg:  0.0, Max: 0, Diff: 0, Sum: 0, Workers: 4
[4799.890s][debug][gc,phases      ] GC(116)     Total                          Min: 0, Avg: 2191.0, Max: 3711, Diff: 3711, Sum: 8764, Workers: 4
[4799.890s][debug][gc,phases      ] GC(116)   JNI Weak                       Min:  0.0, Avg:  0.0, Max:  0.0, Diff:  0.0, Sum:  0.0, Workers: 4
[4799.890s][debug][gc,phases      ] GC(116)     Dead                           Min: 0, Avg:  0.0, Max: 0, Diff: 0, Sum: 0, Workers: 4
[4799.890s][debug][gc,phases      ] GC(116)     Total                          Min: 0, Avg: 11.2, Max: 45, Diff: 45, Sum: 45, Workers: 4
[4799.890s][debug][gc,phases      ] GC(116)   StringDedup Table Weak         Min:  0.0, Avg:  0.0, Max:  0.0, Diff:  0.0, Sum:  0.0, Workers: 4
[4799.890s][debug][gc,phases      ] GC(116)     Dead                           Min: 0, Avg:  0.0, Max: 0, Diff: 0, Sum: 0, Workers: 4
[4799.890s][debug][gc,phases      ] GC(116)     Total                          Min: 0, Avg:  0.0, Max: 0, Diff: 0, Sum: 0, Workers: 4
[4799.890s][debug][gc,phases      ] GC(116)   StringDedup Requests0 Weak     Min:  0.0, Avg:  0.0, Max:  0.0, Diff:  0.0, Sum:  0.0, Workers: 4
[4799.890s][debug][gc,phases      ] GC(116)     Dead                           Min: 0, Avg:  0.0, Max: 0, Diff: 0, Sum: 0, Workers: 4
[4799.890s][debug][gc,phases      ] GC(116)     Total                          Min: 0, Avg:  0.0, Max: 0, Diff: 0, Sum: 0, Workers: 4
[4799.890s][debug][gc,phases      ] GC(116)   StringDedup Requests1 Weak     Min:  0.0, Avg:  0.0, Max:  0.0, Diff:  0.0, Sum:  0.0, Workers: 4
[4799.890s][debug][gc,phases      ] GC(116)     Dead                           Min: 0, Avg:  0.0, Max: 0, Diff: 0, Sum: 0, Workers: 4
[4799.890s][debug][gc,phases      ] GC(116)     Total                          Min: 0, Avg:  0.0, Max: 0, Diff: 0, Sum: 0, Workers: 4
[4799.890s][debug][gc,phases      ] GC(116)   Weak JFR Old Object Samples    Min:  0.0, Avg:  0.0, Max:  0.0, Diff:  0.0, Sum:  0.0, Workers: 4
[4799.890s][debug][gc,phases      ] GC(116)     Dead                           Min: 0, Avg:  0.0, Max: 0, Diff: 0, Sum: 0, Workers: 4
[4799.890s][debug][gc,phases      ] GC(116)     Total                          Min: 0, Avg:  0.0, Max: 0, Diff: 0, Sum: 0, Workers: 4
[4799.890s][debug][gc,phases      ] GC(116) Weak Processing 0.298ms
[4799.890s][debug][gc,age         ] GC(116) Desired survivor size 76546048 bytes, new threshold 15 (max threshold 15)
[4799.890s][info ][gc,heap        ] GC(116) PSYoungGen: 1990656K(2021376K)->41232K(1991168K) Eden: 1949696K(1949696K)->0K(1949696K) From: 40960K(71680K)->41232K(41472K)
[4799.890s][info ][gc,heap        ] GC(116) ParOldGen: 498801K(606208K)->498801K(606208K)
[4799.890s][info ][gc,metaspace   ] GC(116) Metaspace: 80027K(81216K)->80027K(81216K) NonClass: 68829K(69504K)->68829K(69504K) Class: 11198K(11712K)->11198K(11712K)
[4799.890s][info ][gc             ] GC(116) Pause Young (Allocation Failure) 2431M->527M(2536M) 13.505ms
[4799.890s][info ][gc,cpu         ] GC(116) User=0.04s Sys=0.00s Real=0.01s
[4799.890s][info ][safepoint      ] Safepoint "ParallelGCFailedAllocation", Time since last: 7654242408 ns, Reaching safepoint: 25700 ns, At safepoint: 13576501 ns, Total: 13602201 ns
[4801.890s][info ][safepoint      ] Safepoint "Cleanup", Time since last: 2000113436 ns, Reaching safepoint: 40300 ns, At safepoint: 3900 ns, Total: 44200 ns
[4802.891s][info ][safepoint      ] Safepoint "Cleanup", Time since last: 1000103970 ns, Reaching safepoint: 33500 ns, At safepoint: 2500 ns, Total: 36000 ns
[4817.892s][info ][safepoint      ] Safepoint "Cleanup", Time since last: 15000895597 ns, Reaching safepoint: 45601 ns, At safepoint: 4000 ns, Total: 49601 ns
[4850.894s][info ][safepoint      ] Safepoint "Cleanup", Time since last: 33002048109 ns, Reaching safepoint: 44500 ns, At safepoint: 5200 ns, Total: 49700 ns
[4851.894s][info ][safepoint      ] Safepoint "Cleanup", Time since last: 1000108530 ns, Reaching safepoint: 46101 ns, At safepoint: 10400 ns, Total: 56501 ns
[4875.029s][info ][gc,start       ] GC(117) Pause Young (Allocation Failure)
[4875.043s][debug][gc,phases      ] GC(117) Scavenge 13.758ms
[4875.043s][debug][gc,ref         ] GC(117) Skipped phase 1 of Reference Processing: no references
[4875.043s][debug][gc,ref         ] GC(117) ReferenceProcessor::execute queues: 1, RefProcThreadModel::Single, marks_oops_alive: false
[4875.043s][debug][gc,ref         ] GC(117) Skipped phase 3 of Reference Processing: no references
[4875.043s][debug][gc,ref         ] GC(117) ReferenceProcessor::execute queues: 1, RefProcThreadModel::Single, marks_oops_alive: false
[4875.043s][debug][gc,phases      ] GC(117) Reference Processing 0.094ms
[4875.043s][debug][gc,phases      ] GC(117)   VM Weak                        Min:  0.0, Avg:  0.0, Max:  0.0, Diff:  0.0, Sum:  0.0, Workers: 4
[4875.043s][debug][gc,phases      ] GC(117)     Dead                           Min: 0, Avg:  0.0, Max: 0, Diff: 0, Sum: 0, Workers: 4
[4875.043s][debug][gc,phases      ] GC(117)     Total                          Min: 0, Avg: 157.8, Max: 625, Diff: 625, Sum: 631, Workers: 4
[4875.043s][debug][gc,phases      ] GC(117)   ObjectSynchronizer Weak        Min:  0.0, Avg:  0.0, Max:  0.0, Diff:  0.0, Sum:  0.0, Workers: 4
[4875.043s][debug][gc,phases      ] GC(117)     Dead                           Min: 0, Avg:  0.0, Max: 0, Diff: 0, Sum: 0, Workers: 4
[4875.043s][debug][gc,phases      ] GC(117)     Total                          Min: 0, Avg: 15.5, Max: 62, Diff: 62, Sum: 62, Workers: 4
[4875.043s][debug][gc,phases      ] GC(117)   JVMTI Tag Weak OopStorage      Min:  0.0, Avg:  0.0, Max:  0.0, Diff:  0.0, Sum:  0.0, Workers: 4
[4875.043s][debug][gc,phases      ] GC(117)     Dead                           Min: 0, Avg:  0.0, Max: 0, Diff: 0, Sum: 0, Workers: 4
[4875.043s][debug][gc,phases      ] GC(117)     Total                          Min: 0, Avg:  0.0, Max: 0, Diff: 0, Sum: 0, Workers: 4
[4875.043s][debug][gc,phases      ] GC(117)   StringTable Weak               Min:  0.1, Avg:  0.1, Max:  0.1, Diff:  0.0, Sum:  0.4, Workers: 4
[4875.043s][debug][gc,phases      ] GC(117)     Dead                           Min: 0, Avg:  0.0, Max: 0, Diff: 0, Sum: 0, Workers: 4
[4875.043s][debug][gc,phases      ] GC(117)     Total                          Min: 10368, Avg: 10740.0, Max: 11472, Diff: 1104, Sum: 42960, Workers: 4
[4875.043s][debug][gc,phases      ] GC(117)   ResolvedMethodTable Weak       Min:  0.0, Avg:  0.0, Max:  0.0, Diff:  0.0, Sum:  0.1, Workers: 4
[4875.043s][debug][gc,phases      ] GC(117)     Dead                           Min: 0, Avg:  0.0, Max: 0, Diff: 0, Sum: 0, Workers: 4
[4875.043s][debug][gc,phases      ] GC(117)     Total                          Min: 1981, Avg: 2191.0, Max: 2495, Diff: 514, Sum: 8764, Workers: 4
[4875.043s][debug][gc,phases      ] GC(117)   JNI Weak                       Min:  0.0, Avg:  0.0, Max:  0.0, Diff:  0.0, Sum:  0.0, Workers: 4
[4875.043s][debug][gc,phases      ] GC(117)     Dead                           Min: 0, Avg:  0.0, Max: 0, Diff: 0, Sum: 0, Workers: 4
[4875.043s][debug][gc,phases      ] GC(117)     Total                          Min: 0, Avg: 11.2, Max: 45, Diff: 45, Sum: 45, Workers: 4
[4875.043s][debug][gc,phases      ] GC(117)   StringDedup Table Weak         Min:  0.0, Avg:  0.0, Max:  0.0, Diff:  0.0, Sum:  0.0, Workers: 4
[4875.043s][debug][gc,phases      ] GC(117)     Dead                           Min: 0, Avg:  0.0, Max: 0, Diff: 0, Sum: 0, Workers: 4
[4875.043s][debug][gc,phases      ] GC(117)     Total                          Min: 0, Avg:  0.0, Max: 0, Diff: 0, Sum: 0, Workers: 4
[4875.043s][debug][gc,phases      ] GC(117)   StringDedup Requests0 Weak     Min:  0.0, Avg:  0.0, Max:  0.0, Diff:  0.0, Sum:  0.0, Workers: 4
[4875.043s][debug][gc,phases      ] GC(117)     Dead                           Min: 0, Avg:  0.0, Max: 0, Diff: 0, Sum: 0, Workers: 4
[4875.043s][debug][gc,phases      ] GC(117)     Total                          Min: 0, Avg:  0.0, Max: 0, Diff: 0, Sum: 0, Workers: 4
[4875.043s][debug][gc,phases      ] GC(117)   StringDedup Requests1 Weak     Min:  0.0, Avg:  0.0, Max:  0.0, Diff:  0.0, Sum:  0.0, Workers: 4
[4875.043s][debug][gc,phases      ] GC(117)     Dead                           Min: 0, Avg:  0.0, Max: 0, Diff: 0, Sum: 0, Workers: 4
[4875.043s][debug][gc,phases      ] GC(117)     Total                          Min: 0, Avg:  0.0, Max: 0, Diff: 0, Sum: 0, Workers: 4
[4875.043s][debug][gc,phases      ] GC(117)   Weak JFR Old Object Samples    Min:  0.0, Avg:  0.0, Max:  0.0, Diff:  0.0, Sum:  0.0, Workers: 4
[4875.043s][debug][gc,phases      ] GC(117)     Dead                           Min: 0, Avg:  0.0, Max: 0, Diff: 0, Sum: 0, Workers: 4
[4875.043s][debug][gc,phases      ] GC(117)     Total                          Min: 0, Avg:  0.0, Max: 0, Diff: 0, Sum: 0, Workers: 4
[4875.043s][debug][gc,phases      ] GC(117) Weak Processing 0.277ms
[4875.043s][debug][gc,age         ] GC(117) Desired survivor size 77594624 bytes, new threshold 15 (max threshold 15)
[4875.043s][info ][gc,heap        ] GC(117) PSYoungGen: 1990928K(1991168K)->41664K(2020352K) Eden: 1949696K(1949696K)->0K(1945600K) From: 41232K(41472K)->41664K(74752K)
[4875.043s][info ][gc,heap        ] GC(117) ParOldGen: 498801K(606208K)->498809K(606208K)
[4875.043s][info ][gc,metaspace   ] GC(117) Metaspace: 80038K(81216K)->80038K(81216K) NonClass: 68839K(69504K)->68839K(69504K) Class: 11198K(11712K)->11198K(11712K)
[4875.043s][info ][gc             ] GC(117) Pause Young (Allocation Failure) 2431M->527M(2565M) 14.244ms
[4875.043s][info ][gc,cpu         ] GC(117) User=0.04s Sys=0.00s Real=0.02s
[4875.043s][info ][safepoint      ] Safepoint "ParallelGCFailedAllocation", Time since last: 23134933907 ns, Reaching safepoint: 35601 ns, At safepoint: 14313808 ns, Total: 14349409 ns
[4958.679s][info ][gc,start       ] GC(118) Pause Young (Allocation Failure)
[4958.692s][debug][gc,phases      ] GC(118) Scavenge 12.833ms
[4958.692s][debug][gc,ref         ] GC(118) Skipped phase 1 of Reference Processing: no references
[4958.692s][debug][gc,ref         ] GC(118) ReferenceProcessor::execute queues: 1, RefProcThreadModel::Single, marks_oops_alive: false
[4958.692s][debug][gc,ref         ] GC(118) Skipped phase 3 of Reference Processing: no references
[4958.692s][debug][gc,ref         ] GC(118) ReferenceProcessor::execute queues: 1, RefProcThreadModel::Single, marks_oops_alive: false
[4958.692s][debug][gc,phases      ] GC(118) Reference Processing 0.133ms
[4958.693s][debug][gc,phases      ] GC(118)   VM Weak                        Min:  0.0, Avg:  0.0, Max:  0.0, Diff:  0.0, Sum:  0.0, Workers: 4
[4958.693s][debug][gc,phases      ] GC(118)     Dead                           Min: 0, Avg:  0.0, Max: 0, Diff: 0, Sum: 0, Workers: 4
[4958.693s][debug][gc,phases      ] GC(118)     Total                          Min: 0, Avg: 157.8, Max: 373, Diff: 373, Sum: 631, Workers: 4
[4958.693s][debug][gc,phases      ] GC(118)   ObjectSynchronizer Weak        Min:  0.0, Avg:  0.0, Max:  0.0, Diff:  0.0, Sum:  0.0, Workers: 4
[4958.693s][debug][gc,phases      ] GC(118)     Dead                           Min: 0, Avg:  0.0, Max: 0, Diff: 0, Sum: 0, Workers: 4
[4958.693s][debug][gc,phases      ] GC(118)     Total                          Min: 0, Avg: 15.5, Max: 62, Diff: 62, Sum: 62, Workers: 4
[4958.693s][debug][gc,phases      ] GC(118)   JVMTI Tag Weak OopStorage      Min:  0.0, Avg:  0.0, Max:  0.0, Diff:  0.0, Sum:  0.0, Workers: 4
[4958.693s][debug][gc,phases      ] GC(118)     Dead                           Min: 0, Avg:  0.0, Max: 0, Diff: 0, Sum: 0, Workers: 4
[4958.693s][debug][gc,phases      ] GC(118)     Total                          Min: 0, Avg:  0.0, Max: 0, Diff: 0, Sum: 0, Workers: 4
[4958.693s][debug][gc,phases      ] GC(118)   StringTable Weak               Min:  0.0, Avg:  0.1, Max:  0.1, Diff:  0.1, Sum:  0.4, Workers: 4
[4958.693s][debug][gc,phases      ] GC(118)     Dead                           Min: 0, Avg:  0.0, Max: 0, Diff: 0, Sum: 0, Workers: 4
[4958.693s][debug][gc,phases      ] GC(118)     Total                          Min: 0, Avg: 10740.0, Max: 14656, Diff: 14656, Sum: 42960, Workers: 4
[4958.693s][debug][gc,phases      ] GC(118)   ResolvedMethodTable Weak       Min:  0.0, Avg:  0.0, Max:  0.0, Diff:  0.0, Sum:  0.1, Workers: 4
[4958.693s][debug][gc,phases      ] GC(118)     Dead                           Min: 0, Avg:  0.0, Max: 0, Diff: 0, Sum: 0, Workers: 4
[4958.693s][debug][gc,phases      ] GC(118)     Total                          Min: 0, Avg: 2191.0, Max: 2944, Diff: 2944, Sum: 8764, Workers: 4
[4958.693s][debug][gc,phases      ] GC(118)   JNI Weak                       Min:  0.0, Avg:  0.0, Max:  0.0, Diff:  0.0, Sum:  0.0, Workers: 4
[4958.693s][debug][gc,phases      ] GC(118)     Dead                           Min: 0, Avg:  0.0, Max: 0, Diff: 0, Sum: 0, Workers: 4
[4958.693s][debug][gc,phases      ] GC(118)     Total                          Min: 0, Avg: 11.2, Max: 45, Diff: 45, Sum: 45, Workers: 4
[4958.693s][debug][gc,phases      ] GC(118)   StringDedup Table Weak         Min:  0.0, Avg:  0.0, Max:  0.0, Diff:  0.0, Sum:  0.0, Workers: 4
[4958.693s][debug][gc,phases      ] GC(118)     Dead                           Min: 0, Avg:  0.0, Max: 0, Diff: 0, Sum: 0, Workers: 4
[4958.693s][debug][gc,phases      ] GC(118)     Total                          Min: 0, Avg:  0.0, Max: 0, Diff: 0, Sum: 0, Workers: 4
[4958.693s][debug][gc,phases      ] GC(118)   StringDedup Requests0 Weak     Min:  0.0, Avg:  0.0, Max:  0.0, Diff:  0.0, Sum:  0.0, Workers: 4
[4958.693s][debug][gc,phases      ] GC(118)     Dead                           Min: 0, Avg:  0.0, Max: 0, Diff: 0, Sum: 0, Workers: 4
[4958.693s][debug][gc,phases      ] GC(118)     Total                          Min: 0, Avg:  0.0, Max: 0, Diff: 0, Sum: 0, Workers: 4
[4958.693s][debug][gc,phases      ] GC(118)   StringDedup Requests1 Weak     Min:  0.0, Avg:  0.0, Max:  0.0, Diff:  0.0, Sum:  0.0, Workers: 4
[4958.693s][debug][gc,phases      ] GC(118)     Dead                           Min: 0, Avg:  0.0, Max: 0, Diff: 0, Sum: 0, Workers: 4
[4958.693s][debug][gc,phases      ] GC(118)     Total                          Min: 0, Avg:  0.0, Max: 0, Diff: 0, Sum: 0, Workers: 4
[4958.693s][debug][gc,phases      ] GC(118)   Weak JFR Old Object Samples    Min:  0.0, Avg:  0.0, Max:  0.0, Diff:  0.0, Sum:  0.0, Workers: 4
[4958.693s][debug][gc,phases      ] GC(118)     Dead                           Min: 0, Avg:  0.0, Max: 0, Diff: 0, Sum: 0, Workers: 4
[4958.693s][debug][gc,phases      ] GC(118)     Total                          Min: 0, Avg:  0.0, Max: 0, Diff: 0, Sum: 0, Workers: 4
[4958.693s][debug][gc,phases      ] GC(118) Weak Processing 0.322ms
[4958.693s][debug][gc,age         ] GC(118) Desired survivor size 78118912 bytes, new threshold 15 (max threshold 15)
[4958.693s][info ][gc,heap        ] GC(118) PSYoungGen: 1987264K(2020352K)->41456K(1987072K) Eden: 1945600K(1945600K)->0K(1945600K) From: 41664K(74752K)->41456K(41472K)
[4958.693s][info ][gc,heap        ] GC(118) ParOldGen: 498809K(606208K)->498809K(606208K)
[4958.693s][info ][gc,metaspace   ] GC(118) Metaspace: 80038K(81216K)->80038K(81216K) NonClass: 68840K(69504K)->68840K(69504K) Class: 11198K(11712K)->11198K(11712K)
[4958.693s][info ][gc             ] GC(118) Pause Young (Allocation Failure) 2427M->527M(2532M) 13.408ms
[4958.693s][info ][gc,cpu         ] GC(118) User=0.03s Sys=0.01s Real=0.02s
[4958.693s][info ][safepoint      ] Safepoint "ParallelGCFailedAllocation", Time since last: 83636167458 ns, Reaching safepoint: 102901 ns, At safepoint: 13500803 ns, Total: 13603704 ns
[4973.694s][info ][safepoint      ] Safepoint "Cleanup", Time since last: 15000863444 ns, Reaching safepoint: 40600 ns, At safepoint: 2500 ns, Total: 43100 ns
[4974.694s][info ][safepoint      ] Safepoint "Cleanup", Time since last: 1000124957 ns, Reaching safepoint: 42001 ns, At safepoint: 2700 ns, Total: 44701 ns
[5000.696s][info ][safepoint      ] Safepoint "Cleanup", Time since last: 26001574698 ns, Reaching safepoint: 38901 ns, At safepoint: 3100 ns, Total: 42001 ns
[5008.676s][info ][gc,start       ] GC(119) Pause Young (Allocation Failure)
[5008.694s][debug][gc,phases      ] GC(119) Scavenge 17.579ms
[5008.694s][debug][gc,ref         ] GC(119) Skipped phase 1 of Reference Processing: no references
[5008.694s][debug][gc,ref         ] GC(119) ReferenceProcessor::execute queues: 1, RefProcThreadModel::Single, marks_oops_alive: false
[5008.694s][debug][gc,ref         ] GC(119) Skipped phase 3 of Reference Processing: no references
[5008.694s][debug][gc,ref         ] GC(119) ReferenceProcessor::execute queues: 1, RefProcThreadModel::Single, marks_oops_alive: false
[5008.694s][debug][gc,phases      ] GC(119) Reference Processing 0.095ms
[5008.694s][debug][gc,phases      ] GC(119)   VM Weak                        Min:  0.0, Avg:  0.0, Max:  0.0, Diff:  0.0, Sum:  0.0, Workers: 4
[5008.694s][debug][gc,phases      ] GC(119)     Dead                           Min: 0, Avg:  0.0, Max: 0, Diff: 0, Sum: 0, Workers: 4
[5008.694s][debug][gc,phases      ] GC(119)     Total                          Min: 0, Avg: 157.8, Max: 373, Diff: 373, Sum: 631, Workers: 4
[5008.694s][debug][gc,phases      ] GC(119)   ObjectSynchronizer Weak        Min:  0.0, Avg:  0.0, Max:  0.0, Diff:  0.0, Sum:  0.0, Workers: 4
[5008.694s][debug][gc,phases      ] GC(119)     Dead                           Min: 0, Avg:  0.0, Max: 0, Diff: 0, Sum: 0, Workers: 4
[5008.694s][debug][gc,phases      ] GC(119)     Total                          Min: 0, Avg: 15.5, Max: 62, Diff: 62, Sum: 62, Workers: 4
[5008.694s][debug][gc,phases      ] GC(119)   JVMTI Tag Weak OopStorage      Min:  0.0, Avg:  0.0, Max:  0.0, Diff:  0.0, Sum:  0.0, Workers: 4
[5008.694s][debug][gc,phases      ] GC(119)     Dead                           Min: 0, Avg:  0.0, Max: 0, Diff: 0, Sum: 0, Workers: 4
[5008.694s][debug][gc,phases      ] GC(119)     Total                          Min: 0, Avg:  0.0, Max: 0, Diff: 0, Sum: 0, Workers: 4
[5008.694s][debug][gc,phases      ] GC(119)   StringTable Weak               Min:  0.1, Avg:  0.1, Max:  0.1, Diff:  0.0, Sum:  0.4, Workers: 4
[5008.694s][debug][gc,phases      ] GC(119)     Dead                           Min: 0, Avg:  0.0, Max: 0, Diff: 0, Sum: 0, Workers: 4
[5008.694s][debug][gc,phases      ] GC(119)     Total                          Min: 10176, Avg: 10740.0, Max: 11024, Diff: 848, Sum: 42960, Workers: 4
[5008.694s][debug][gc,phases      ] GC(119)   ResolvedMethodTable Weak       Min:  0.0, Avg:  0.0, Max:  0.0, Diff:  0.0, Sum:  0.1, Workers: 4
[5008.694s][debug][gc,phases      ] GC(119)     Dead                           Min: 0, Avg:  0.0, Max: 0, Diff: 0, Sum: 0, Workers: 4
[5008.694s][debug][gc,phases      ] GC(119)     Total                          Min: 2112, Avg: 2191.0, Max: 2240, Diff: 128, Sum: 8764, Workers: 4
[5008.694s][debug][gc,phases      ] GC(119)   JNI Weak                       Min:  0.0, Avg:  0.0, Max:  0.0, Diff:  0.0, Sum:  0.0, Workers: 4
[5008.694s][debug][gc,phases      ] GC(119)     Dead                           Min: 0, Avg:  0.0, Max: 0, Diff: 0, Sum: 0, Workers: 4
[5008.694s][debug][gc,phases      ] GC(119)     Total                          Min: 0, Avg: 11.2, Max: 45, Diff: 45, Sum: 45, Workers: 4
[5008.694s][debug][gc,phases      ] GC(119)   StringDedup Table Weak         Min:  0.0, Avg:  0.0, Max:  0.0, Diff:  0.0, Sum:  0.0, Workers: 4
[5008.694s][debug][gc,phases      ] GC(119)     Dead                           Min: 0, Avg:  0.0, Max: 0, Diff: 0, Sum: 0, Workers: 4
[5008.694s][debug][gc,phases      ] GC(119)     Total                          Min: 0, Avg:  0.0, Max: 0, Diff: 0, Sum: 0, Workers: 4
[5008.694s][debug][gc,phases      ] GC(119)   StringDedup Requests0 Weak     Min:  0.0, Avg:  0.0, Max:  0.0, Diff:  0.0, Sum:  0.0, Workers: 4
[5008.694s][debug][gc,phases      ] GC(119)     Dead                           Min: 0, Avg:  0.0, Max: 0, Diff: 0, Sum: 0, Workers: 4
[5008.694s][debug][gc,phases      ] GC(119)     Total                          Min: 0, Avg:  0.0, Max: 0, Diff: 0, Sum: 0, Workers: 4
[5008.694s][debug][gc,phases      ] GC(119)   StringDedup Requests1 Weak     Min:  0.0, Avg:  0.0, Max:  0.0, Diff:  0.0, Sum:  0.0, Workers: 4
[5008.694s][debug][gc,phases      ] GC(119)     Dead                           Min: 0, Avg:  0.0, Max: 0, Diff: 0, Sum: 0, Workers: 4
[5008.694s][debug][gc,phases      ] GC(119)     Total                          Min: 0, Avg:  0.0, Max: 0, Diff: 0, Sum: 0, Workers: 4
[5008.694s][debug][gc,phases      ] GC(119)   Weak JFR Old Object Samples    Min:  0.0, Avg:  0.0, Max:  0.0, Diff:  0.0, Sum:  0.0, Workers: 4
[5008.694s][debug][gc,phases      ] GC(119)     Dead                           Min: 0, Avg:  0.0, Max: 0, Diff: 0, Sum: 0, Workers: 4
[5008.694s][debug][gc,phases      ] GC(119)     Total                          Min: 0, Avg:  0.0, Max: 0, Diff: 0, Sum: 0, Workers: 4
[5008.694s][debug][gc,phases      ] GC(119) Weak Processing 0.281ms
[5008.694s][debug][gc,age         ] GC(119) Desired survivor size 83886080 bytes, new threshold 15 (max threshold 15)
[5008.694s][info ][gc,heap        ] GC(119) PSYoungGen: 1987056K(1987072K)->57392K(2009600K) Eden: 1945600K(1945600K)->0K(1933312K) From: 41456K(41472K)->57392K(76288K)
[5008.694s][info ][gc,heap        ] GC(119) ParOldGen: 498809K(606208K)->498809K(606208K)
[5008.694s][info ][gc,metaspace   ] GC(119) Metaspace: 80045K(81216K)->80045K(81216K) NonClass: 68847K(69504K)->68847K(69504K) Class: 11198K(11712K)->11198K(11712K)
[5008.694s][info ][gc             ] GC(119) Pause Young (Allocation Failure) 2427M->543M(2554M) 18.075ms
[5008.694s][info ][gc,cpu         ] GC(119) User=0.05s Sys=0.00s Real=0.02s
[5008.694s][info ][safepoint      ] Safepoint "ParallelGCFailedAllocation", Time since last: 7980783122 ns, Reaching safepoint: 23700 ns, At safepoint: 18149039 ns, Total: 18172739 ns
[5010.695s][info ][safepoint      ] Safepoint "Cleanup", Time since last: 2000143177 ns, Reaching safepoint: 48001 ns, At safepoint: 6900 ns, Total: 54901 ns
[5019.695s][info ][safepoint      ] Safepoint "Cleanup", Time since last: 9000574638 ns, Reaching safepoint: 122401 ns, At safepoint: 6900 ns, Total: 129301 ns
[5044.697s][info ][safepoint      ] Safepoint "Cleanup", Time since last: 25001560483 ns, Reaching safepoint: 40400 ns, At safepoint: 3200 ns, Total: 43600 ns
[5074.229s][info ][gc,start       ] GC(120) Pause Young (Allocation Failure)
[5074.241s][debug][gc,phases      ] GC(120) Scavenge 12.746ms
[5074.242s][debug][gc,ref         ] GC(120) Skipped phase 1 of Reference Processing: no references
[5074.242s][debug][gc,ref         ] GC(120) ReferenceProcessor::execute queues: 1, RefProcThreadModel::Single, marks_oops_alive: false
[5074.242s][debug][gc,ref         ] GC(120) Skipped phase 3 of Reference Processing: no references
[5074.242s][debug][gc,ref         ] GC(120) ReferenceProcessor::execute queues: 1, RefProcThreadModel::Single, marks_oops_alive: false
[5074.242s][debug][gc,phases      ] GC(120) Reference Processing 0.102ms
[5074.242s][debug][gc,phases      ] GC(120)   VM Weak                        Min:  0.0, Avg:  0.0, Max:  0.0, Diff:  0.0, Sum:  0.0, Workers: 4
[5074.242s][debug][gc,phases      ] GC(120)     Dead                           Min: 0, Avg:  0.0, Max: 0, Diff: 0, Sum: 0, Workers: 4
[5074.242s][debug][gc,phases      ] GC(120)     Total                          Min: 0, Avg: 157.8, Max: 631, Diff: 631, Sum: 631, Workers: 4
[5074.242s][debug][gc,phases      ] GC(120)   ObjectSynchronizer Weak        Min:  0.0, Avg:  0.0, Max:  0.0, Diff:  0.0, Sum:  0.0, Workers: 4
[5074.242s][debug][gc,phases      ] GC(120)     Dead                           Min: 0, Avg:  0.0, Max: 0, Diff: 0, Sum: 0, Workers: 4
[5074.242s][debug][gc,phases      ] GC(120)     Total                          Min: 0, Avg: 15.5, Max: 62, Diff: 62, Sum: 62, Workers: 4
[5074.242s][debug][gc,phases      ] GC(120)   JVMTI Tag Weak OopStorage      Min:  0.0, Avg:  0.0, Max:  0.0, Diff:  0.0, Sum:  0.0, Workers: 4
[5074.242s][debug][gc,phases      ] GC(120)     Dead                           Min: 0, Avg:  0.0, Max: 0, Diff: 0, Sum: 0, Workers: 4
[5074.242s][debug][gc,phases      ] GC(120)     Total                          Min: 0, Avg:  0.0, Max: 0, Diff: 0, Sum: 0, Workers: 4
[5074.242s][debug][gc,phases      ] GC(120)   StringTable Weak               Min:  0.1, Avg:  0.1, Max:  0.1, Diff:  0.0, Sum:  0.4, Workers: 4
[5074.242s][debug][gc,phases      ] GC(120)     Dead                           Min: 0, Avg:  0.0, Max: 0, Diff: 0, Sum: 0, Workers: 4
[5074.242s][debug][gc,phases      ] GC(120)     Total                          Min: 9299, Avg: 10740.8, Max: 11456, Diff: 2157, Sum: 42963, Workers: 4
[5074.242s][debug][gc,phases      ] GC(120)   ResolvedMethodTable Weak       Min:  0.0, Avg:  0.0, Max:  0.0, Diff:  0.0, Sum:  0.1, Workers: 4
[5074.242s][debug][gc,phases      ] GC(120)     Dead                           Min: 0, Avg:  0.0, Max: 0, Diff: 0, Sum: 0, Workers: 4
[5074.242s][debug][gc,phases      ] GC(120)     Total                          Min: 2111, Avg: 2191.0, Max: 2304, Diff: 193, Sum: 8764, Workers: 4
[5074.242s][debug][gc,phases      ] GC(120)   JNI Weak                       Min:  0.0, Avg:  0.0, Max:  0.0, Diff:  0.0, Sum:  0.0, Workers: 4
[5074.242s][debug][gc,phases      ] GC(120)     Dead                           Min: 0, Avg:  0.0, Max: 0, Diff: 0, Sum: 0, Workers: 4
[5074.242s][debug][gc,phases      ] GC(120)     Total                          Min: 0, Avg: 11.2, Max: 45, Diff: 45, Sum: 45, Workers: 4
[5074.242s][debug][gc,phases      ] GC(120)   StringDedup Table Weak         Min:  0.0, Avg:  0.0, Max:  0.0, Diff:  0.0, Sum:  0.0, Workers: 4
[5074.242s][debug][gc,phases      ] GC(120)     Dead                           Min: 0, Avg:  0.0, Max: 0, Diff: 0, Sum: 0, Workers: 4
[5074.242s][debug][gc,phases      ] GC(120)     Total                          Min: 0, Avg:  0.0, Max: 0, Diff: 0, Sum: 0, Workers: 4
[5074.242s][debug][gc,phases      ] GC(120)   StringDedup Requests0 Weak     Min:  0.0, Avg:  0.0, Max:  0.0, Diff:  0.0, Sum:  0.0, Workers: 4
[5074.242s][debug][gc,phases      ] GC(120)     Dead                           Min: 0, Avg:  0.0, Max: 0, Diff: 0, Sum: 0, Workers: 4
[5074.242s][debug][gc,phases      ] GC(120)     Total                          Min: 0, Avg:  0.0, Max: 0, Diff: 0, Sum: 0, Workers: 4
[5074.242s][debug][gc,phases      ] GC(120)   StringDedup Requests1 Weak     Min:  0.0, Avg:  0.0, Max:  0.0, Diff:  0.0, Sum:  0.0, Workers: 4
[5074.242s][debug][gc,phases      ] GC(120)     Dead                           Min: 0, Avg:  0.0, Max: 0, Diff: 0, Sum: 0, Workers: 4
[5074.242s][debug][gc,phases      ] GC(120)     Total                          Min: 0, Avg:  0.0, Max: 0, Diff: 0, Sum: 0, Workers: 4
[5074.242s][debug][gc,phases      ] GC(120)   Weak JFR Old Object Samples    Min:  0.0, Avg:  0.0, Max:  0.0, Diff:  0.0, Sum:  0.0, Workers: 4
[5074.242s][debug][gc,phases      ] GC(120)     Dead                           Min: 0, Avg:  0.0, Max: 0, Diff: 0, Sum: 0, Workers: 4
[5074.242s][debug][gc,phases      ] GC(120)     Total                          Min: 0, Avg:  0.0, Max: 0, Diff: 0, Sum: 0, Workers: 4
[5074.242s][debug][gc,phases      ] GC(120) Weak Processing 0.310ms
[5074.242s][debug][gc,age         ] GC(120) Desired survivor size 88080384 bytes, new threshold 15 (max threshold 15)
[5074.242s][info ][gc,heap        ] GC(120) PSYoungGen: 1990704K(2009600K)->55952K(1989632K) Eden: 1933312K(1933312K)->0K(1933312K) From: 57392K(76288K)->55952K(56320K)
[5074.242s][info ][gc,heap        ] GC(120) ParOldGen: 498809K(606208K)->498817K(606208K)
[5074.242s][info ][gc,metaspace   ] GC(120) Metaspace: 80049K(81216K)->80049K(81216K) NonClass: 68851K(69504K)->68851K(69504K) Class: 11198K(11712K)->11198K(11712K)
[5074.242s][info ][gc             ] GC(120) Pause Young (Allocation Failure) 2431M->541M(2535M) 13.281ms
[5074.242s][info ][gc,cpu         ] GC(120) User=0.05s Sys=0.00s Real=0.02s
[5074.242s][info ][safepoint      ] Safepoint "ParallelGCFailedAllocation", Time since last: 29531633937 ns, Reaching safepoint: 30600 ns, At safepoint: 13348403 ns, Total: 13379003 ns
[5087.243s][info ][safepoint      ] Safepoint "Cleanup", Time since last: 13000853089 ns, Reaching safepoint: 43301 ns, At safepoint: 2600 ns, Total: 45901 ns
[5102.244s][info ][safepoint      ] Safepoint "Cleanup", Time since last: 15000865132 ns, Reaching safepoint: 28101 ns, At safepoint: 2700 ns, Total: 30801 ns
[5111.244s][info ][safepoint      ] Safepoint "Cleanup", Time since last: 9000537577 ns, Reaching safepoint: 25900 ns, At safepoint: 16700 ns, Total: 42600 ns
[5117.245s][info ][safepoint      ] Safepoint "Cleanup", Time since last: 6000392317 ns, Reaching safepoint: 43600 ns, At safepoint: 2600 ns, Total: 46200 ns
[5140.528s][info ][gc,start       ] GC(121) Pause Young (Allocation Failure)
[5140.543s][debug][gc,phases      ] GC(121) Scavenge 15.022ms
[5140.543s][debug][gc,ref         ] GC(121) Skipped phase 1 of Reference Processing: no references
[5140.543s][debug][gc,ref         ] GC(121) ReferenceProcessor::execute queues: 1, RefProcThreadModel::Single, marks_oops_alive: false
[5140.543s][debug][gc,ref         ] GC(121) Skipped phase 3 of Reference Processing: no references
[5140.543s][debug][gc,ref         ] GC(121) ReferenceProcessor::execute queues: 1, RefProcThreadModel::Single, marks_oops_alive: false
[5140.543s][debug][gc,phases      ] GC(121) Reference Processing 0.097ms
[5140.543s][debug][gc,phases      ] GC(121)   VM Weak                        Min:  0.0, Avg:  0.0, Max:  0.0, Diff:  0.0, Sum:  0.0, Workers: 4
[5140.543s][debug][gc,phases      ] GC(121)     Dead                           Min: 0, Avg:  0.0, Max: 0, Diff: 0, Sum: 0, Workers: 4
[5140.543s][debug][gc,phases      ] GC(121)     Total                          Min: 0, Avg: 157.8, Max: 568, Diff: 568, Sum: 631, Workers: 4
[5140.543s][debug][gc,phases      ] GC(121)   ObjectSynchronizer Weak        Min:  0.0, Avg:  0.0, Max:  0.0, Diff:  0.0, Sum:  0.0, Workers: 4
[5140.543s][debug][gc,phases      ] GC(121)     Dead                           Min: 0, Avg:  0.0, Max: 0, Diff: 0, Sum: 0, Workers: 4
[5140.543s][debug][gc,phases      ] GC(121)     Total                          Min: 0, Avg: 15.5, Max: 62, Diff: 62, Sum: 62, Workers: 4
[5140.543s][debug][gc,phases      ] GC(121)   JVMTI Tag Weak OopStorage      Min:  0.0, Avg:  0.0, Max:  0.0, Diff:  0.0, Sum:  0.0, Workers: 4
[5140.543s][debug][gc,phases      ] GC(121)     Dead                           Min: 0, Avg:  0.0, Max: 0, Diff: 0, Sum: 0, Workers: 4
[5140.543s][debug][gc,phases      ] GC(121)     Total                          Min: 0, Avg:  0.0, Max: 0, Diff: 0, Sum: 0, Workers: 4
[5140.543s][debug][gc,phases      ] GC(121)   StringTable Weak               Min:  0.0, Avg:  0.1, Max:  0.1, Diff:  0.1, Sum:  0.3, Workers: 4
[5140.543s][debug][gc,phases      ] GC(121)     Dead                           Min: 0, Avg:  0.0, Max: 0, Diff: 0, Sum: 0, Workers: 4
[5140.543s][debug][gc,phases      ] GC(121)     Total                          Min: 0, Avg: 10740.8, Max: 18771, Diff: 18771, Sum: 42963, Workers: 4
[5140.543s][debug][gc,phases      ] GC(121)   ResolvedMethodTable Weak       Min:  0.0, Avg:  0.0, Max:  0.0, Diff:  0.0, Sum:  0.1, Workers: 4
[5140.543s][debug][gc,phases      ] GC(121)     Dead                           Min: 0, Avg:  0.0, Max: 0, Diff: 0, Sum: 0, Workers: 4
[5140.543s][debug][gc,phases      ] GC(121)     Total                          Min: 0, Avg: 2191.0, Max: 3711, Diff: 3711, Sum: 8764, Workers: 4
[5140.543s][debug][gc,phases      ] GC(121)   JNI Weak                       Min:  0.0, Avg:  0.0, Max:  0.0, Diff:  0.0, Sum:  0.0, Workers: 4
[5140.543s][debug][gc,phases      ] GC(121)     Dead                           Min: 0, Avg:  0.0, Max: 0, Diff: 0, Sum: 0, Workers: 4
[5140.543s][debug][gc,phases      ] GC(121)     Total                          Min: 0, Avg: 11.2, Max: 45, Diff: 45, Sum: 45, Workers: 4
[5140.544s][debug][gc,phases      ] GC(121)   StringDedup Table Weak         Min:  0.0, Avg:  0.0, Max:  0.0, Diff:  0.0, Sum:  0.0, Workers: 4
[5140.544s][debug][gc,phases      ] GC(121)     Dead                           Min: 0, Avg:  0.0, Max: 0, Diff: 0, Sum: 0, Workers: 4
[5140.544s][debug][gc,phases      ] GC(121)     Total                          Min: 0, Avg:  0.0, Max: 0, Diff: 0, Sum: 0, Workers: 4
[5140.544s][debug][gc,phases      ] GC(121)   StringDedup Requests0 Weak     Min:  0.0, Avg:  0.0, Max:  0.0, Diff:  0.0, Sum:  0.0, Workers: 4
[5140.544s][debug][gc,phases      ] GC(121)     Dead                           Min: 0, Avg:  0.0, Max: 0, Diff: 0, Sum: 0, Workers: 4
[5140.544s][debug][gc,phases      ] GC(121)     Total                          Min: 0, Avg:  0.0, Max: 0, Diff: 0, Sum: 0, Workers: 4
[5140.544s][debug][gc,phases      ] GC(121)   StringDedup Requests1 Weak     Min:  0.0, Avg:  0.0, Max:  0.0, Diff:  0.0, Sum:  0.0, Workers: 4
[5140.544s][debug][gc,phases      ] GC(121)     Dead                           Min: 0, Avg:  0.0, Max: 0, Diff: 0, Sum: 0, Workers: 4
[5140.544s][debug][gc,phases      ] GC(121)     Total                          Min: 0, Avg:  0.0, Max: 0, Diff: 0, Sum: 0, Workers: 4
[5140.544s][debug][gc,phases      ] GC(121)   Weak JFR Old Object Samples    Min:  0.0, Avg:  0.0, Max:  0.0, Diff:  0.0, Sum:  0.0, Workers: 4
[5140.544s][debug][gc,phases      ] GC(121)     Dead                           Min: 0, Avg:  0.0, Max: 0, Diff: 0, Sum: 0, Workers: 4
[5140.544s][debug][gc,phases      ] GC(121)     Total                          Min: 0, Avg:  0.0, Max: 0, Diff: 0, Sum: 0, Workers: 4
[5140.544s][debug][gc,phases      ] GC(121) Weak Processing 0.288ms
[5140.544s][debug][gc,age         ] GC(121) Desired survivor size 90177536 bytes, new threshold 15 (max threshold 15)
[5140.544s][info ][gc,heap        ] GC(121) PSYoungGen: 1989264K(1989632K)->55008K(2007040K) Eden: 1933312K(1933312K)->0K(1921024K) From: 55952K(56320K)->55008K(86016K)
[5140.544s][info ][gc,heap        ] GC(121) ParOldGen: 498817K(606208K)->499933K(606208K)
[5140.544s][info ][gc,metaspace   ] GC(121) Metaspace: 80068K(81216K)->80068K(81216K) NonClass: 68869K(69504K)->68869K(69504K) Class: 11198K(11712K)->11198K(11712K)
[5140.544s][info ][gc             ] GC(121) Pause Young (Allocation Failure) 2429M->541M(2552M) 15.527ms
[5140.544s][info ][gc,cpu         ] GC(121) User=0.04s Sys=0.00s Real=0.02s
[5140.544s][info ][safepoint      ] Safepoint "ParallelGCFailedAllocation", Time since last: 23283092220 ns, Reaching safepoint: 98600 ns, At safepoint: 15603022 ns, Total: 15701622 ns
[5170.546s][info ][safepoint      ] Safepoint "Cleanup", Time since last: 30001839812 ns, Reaching safepoint: 34301 ns, At safepoint: 2100 ns, Total: 36401 ns
[5197.952s][info ][gc,start       ] GC(122) Pause Young (Allocation Failure)
[5197.980s][debug][gc,phases      ] GC(122) Scavenge 27.825ms
[5197.980s][debug][gc,ref         ] GC(122) Skipped phase 1 of Reference Processing: no references
[5197.980s][debug][gc,ref         ] GC(122) ReferenceProcessor::execute queues: 1, RefProcThreadModel::Single, marks_oops_alive: false
[5197.980s][debug][gc,ref         ] GC(122) Skipped phase 3 of Reference Processing: no references
[5197.980s][debug][gc,ref         ] GC(122) ReferenceProcessor::execute queues: 1, RefProcThreadModel::Single, marks_oops_alive: false
[5197.980s][debug][gc,phases      ] GC(122) Reference Processing 0.123ms
[5197.980s][debug][gc,phases      ] GC(122)   VM Weak                        Min:  0.0, Avg:  0.0, Max:  0.0, Diff:  0.0, Sum:  0.0, Workers: 4
[5197.980s][debug][gc,phases      ] GC(122)     Dead                           Min: 0, Avg:  0.0, Max: 0, Diff: 0, Sum: 0, Workers: 4
[5197.980s][debug][gc,phases      ] GC(122)     Total                          Min: 0, Avg: 157.8, Max: 517, Diff: 517, Sum: 631, Workers: 4
[5197.980s][debug][gc,phases      ] GC(122)   ObjectSynchronizer Weak        Min:  0.0, Avg:  0.0, Max:  0.0, Diff:  0.0, Sum:  0.0, Workers: 4
[5197.980s][debug][gc,phases      ] GC(122)     Dead                           Min: 0, Avg:  0.0, Max: 0, Diff: 0, Sum: 0, Workers: 4
[5197.980s][debug][gc,phases      ] GC(122)     Total                          Min: 0, Avg: 15.5, Max: 62, Diff: 62, Sum: 62, Workers: 4
[5197.980s][debug][gc,phases      ] GC(122)   JVMTI Tag Weak OopStorage      Min:  0.0, Avg:  0.0, Max:  0.0, Diff:  0.0, Sum:  0.0, Workers: 4
[5197.980s][debug][gc,phases      ] GC(122)     Dead                           Min: 0, Avg:  0.0, Max: 0, Diff: 0, Sum: 0, Workers: 4
[5197.980s][debug][gc,phases      ] GC(122)     Total                          Min: 0, Avg:  0.0, Max: 0, Diff: 0, Sum: 0, Workers: 4
[5197.980s][debug][gc,phases      ] GC(122)   StringTable Weak               Min:  0.0, Avg:  0.1, Max:  0.1, Diff:  0.1, Sum:  0.3, Workers: 4
[5197.980s][debug][gc,phases      ] GC(122)     Dead                           Min: 0, Avg:  0.0, Max: 0, Diff: 0, Sum: 0, Workers: 4
[5197.980s][debug][gc,phases      ] GC(122)     Total                          Min: 0, Avg: 10741.2, Max: 15232, Diff: 15232, Sum: 42965, Workers: 4
[5197.980s][debug][gc,phases      ] GC(122)   ResolvedMethodTable Weak       Min:  0.0, Avg:  0.0, Max:  0.0, Diff:  0.0, Sum:  0.1, Workers: 4
[5197.980s][debug][gc,phases      ] GC(122)     Dead                           Min: 0, Avg:  0.0, Max: 0, Diff: 0, Sum: 0, Workers: 4
[5197.980s][debug][gc,phases      ] GC(122)     Total                          Min: 0, Avg: 2191.0, Max: 2944, Diff: 2944, Sum: 8764, Workers: 4
[5197.980s][debug][gc,phases      ] GC(122)   JNI Weak                       Min:  0.0, Avg:  0.0, Max:  0.0, Diff:  0.0, Sum:  0.0, Workers: 4
[5197.980s][debug][gc,phases      ] GC(122)     Dead                           Min: 0, Avg:  0.0, Max: 0, Diff: 0, Sum: 0, Workers: 4
[5197.980s][debug][gc,phases      ] GC(122)     Total                          Min: 0, Avg: 11.2, Max: 45, Diff: 45, Sum: 45, Workers: 4
[5197.980s][debug][gc,phases      ] GC(122)   StringDedup Table Weak         Min:  0.0, Avg:  0.0, Max:  0.0, Diff:  0.0, Sum:  0.0, Workers: 4
[5197.980s][debug][gc,phases      ] GC(122)     Dead                           Min: 0, Avg:  0.0, Max: 0, Diff: 0, Sum: 0, Workers: 4
[5197.980s][debug][gc,phases      ] GC(122)     Total                          Min: 0, Avg:  0.0, Max: 0, Diff: 0, Sum: 0, Workers: 4
[5197.980s][debug][gc,phases      ] GC(122)   StringDedup Requests0 Weak     Min:  0.0, Avg:  0.0, Max:  0.0, Diff:  0.0, Sum:  0.0, Workers: 4
[5197.980s][debug][gc,phases      ] GC(122)     Dead                           Min: 0, Avg:  0.0, Max: 0, Diff: 0, Sum: 0, Workers: 4
[5197.980s][debug][gc,phases      ] GC(122)     Total                          Min: 0, Avg:  0.0, Max: 0, Diff: 0, Sum: 0, Workers: 4
[5197.980s][debug][gc,phases      ] GC(122)   StringDedup Requests1 Weak     Min:  0.0, Avg:  0.0, Max:  0.0, Diff:  0.0, Sum:  0.0, Workers: 4
[5197.980s][debug][gc,phases      ] GC(122)     Dead                           Min: 0, Avg:  0.0, Max: 0, Diff: 0, Sum: 0, Workers: 4
[5197.980s][debug][gc,phases      ] GC(122)     Total                          Min: 0, Avg:  0.0, Max: 0, Diff: 0, Sum: 0, Workers: 4
[5197.980s][debug][gc,phases      ] GC(122)   Weak JFR Old Object Samples    Min:  0.0, Avg:  0.0, Max:  0.0, Diff:  0.0, Sum:  0.0, Workers: 4
[5197.980s][debug][gc,phases      ] GC(122)     Dead                           Min: 0, Avg:  0.0, Max: 0, Diff: 0, Sum: 0, Workers: 4
[5197.980s][debug][gc,phases      ] GC(122)     Total                          Min: 0, Avg:  0.0, Max: 0, Diff: 0, Sum: 0, Workers: 4
[5197.980s][debug][gc,phases      ] GC(122) Weak Processing 0.364ms
[5197.980s][debug][gc,age         ] GC(122) Desired survivor size 92274688 bytes, new threshold 15 (max threshold 15)
[5197.980s][info ][gc,heap        ] GC(122) PSYoungGen: 1976032K(2007040K)->54656K(1975808K) Eden: 1921024K(1921024K)->0K(1921024K) From: 55008K(86016K)->54656K(54784K)
[5197.980s][info ][gc,heap        ] GC(122) ParOldGen: 499933K(606208K)->500277K(606208K)
[5197.980s][info ][gc,metaspace   ] GC(122) Metaspace: 80068K(81216K)->80068K(81216K) NonClass: 68870K(69504K)->68870K(69504K) Class: 11198K(11712K)->11198K(11712K)
[5197.980s][info ][gc             ] GC(122) Pause Young (Allocation Failure) 2417M->541M(2521M) 28.437ms
[5197.980s][info ][gc,cpu         ] GC(122) User=0.05s Sys=0.00s Real=0.03s
[5197.980s][info ][safepoint      ] Safepoint "ParallelGCFailedAllocation", Time since last: 27406359369 ns, Reaching safepoint: 37300 ns, At safepoint: 28522523 ns, Total: 28559823 ns
[5220.982s][info ][safepoint      ] Safepoint "Cleanup", Time since last: 23001487692 ns, Reaching safepoint: 27200 ns, At safepoint: 2800 ns, Total: 30000 ns
[5228.983s][info ][safepoint      ] Safepoint "Cleanup", Time since last: 8000525612 ns, Reaching safepoint: 40600 ns, At safepoint: 4700 ns, Total: 45300 ns
[5231.983s][info ][safepoint      ] Safepoint "Cleanup", Time since last: 3000228627 ns, Reaching safepoint: 42200 ns, At safepoint: 4800 ns, Total: 47000 ns
[5257.027s][info ][gc,start       ] GC(123) Pause Young (Allocation Failure)
[5257.040s][debug][gc,phases      ] GC(123) Scavenge 12.887ms
[5257.040s][debug][gc,ref         ] GC(123) Skipped phase 1 of Reference Processing: no references
[5257.040s][debug][gc,ref         ] GC(123) ReferenceProcessor::execute queues: 1, RefProcThreadModel::Single, marks_oops_alive: false
[5257.041s][debug][gc,ref         ] GC(123) Skipped phase 3 of Reference Processing: no references
[5257.041s][debug][gc,ref         ] GC(123) ReferenceProcessor::execute queues: 1, RefProcThreadModel::Single, marks_oops_alive: false
[5257.041s][debug][gc,phases      ] GC(123) Reference Processing 0.111ms
[5257.041s][debug][gc,phases      ] GC(123)   VM Weak                        Min:  0.0, Avg:  0.0, Max:  0.0, Diff:  0.0, Sum:  0.0, Workers: 4
[5257.041s][debug][gc,phases      ] GC(123)     Dead                           Min: 0, Avg:  0.0, Max: 0, Diff: 0, Sum: 0, Workers: 4
[5257.041s][debug][gc,phases      ] GC(123)     Total                          Min: 0, Avg: 157.8, Max: 455, Diff: 455, Sum: 631, Workers: 4
[5257.041s][debug][gc,phases      ] GC(123)   ObjectSynchronizer Weak        Min:  0.0, Avg:  0.0, Max:  0.0, Diff:  0.0, Sum:  0.0, Workers: 4
[5257.041s][debug][gc,phases      ] GC(123)     Dead                           Min: 0, Avg:  0.0, Max: 0, Diff: 0, Sum: 0, Workers: 4
[5257.041s][debug][gc,phases      ] GC(123)     Total                          Min: 0, Avg: 15.5, Max: 62, Diff: 62, Sum: 62, Workers: 4
[5257.041s][debug][gc,phases      ] GC(123)   JVMTI Tag Weak OopStorage      Min:  0.0, Avg:  0.0, Max:  0.0, Diff:  0.0, Sum:  0.0, Workers: 4
[5257.041s][debug][gc,phases      ] GC(123)     Dead                           Min: 0, Avg:  0.0, Max: 0, Diff: 0, Sum: 0, Workers: 4
[5257.041s][debug][gc,phases      ] GC(123)     Total                          Min: 0, Avg:  0.0, Max: 0, Diff: 0, Sum: 0, Workers: 4
[5257.041s][debug][gc,phases      ] GC(123)   StringTable Weak               Min:  0.1, Avg:  0.1, Max:  0.1, Diff:  0.0, Sum:  0.4, Workers: 4
[5257.041s][debug][gc,phases      ] GC(123)     Dead                           Min: 0, Avg:  0.0, Max: 0, Diff: 0, Sum: 0, Workers: 4
[5257.041s][debug][gc,phases      ] GC(123)     Total                          Min: 10325, Avg: 10741.2, Max: 11520, Diff: 1195, Sum: 42965, Workers: 4
[5257.041s][debug][gc,phases      ] GC(123)   ResolvedMethodTable Weak       Min:  0.0, Avg:  0.0, Max:  0.0, Diff:  0.0, Sum:  0.1, Workers: 4
[5257.041s][debug][gc,phases      ] GC(123)     Dead                           Min: 0, Avg:  0.0, Max: 0, Diff: 0, Sum: 0, Workers: 4
[5257.041s][debug][gc,phases      ] GC(123)     Total                          Min: 2045, Avg: 2191.0, Max: 2560, Diff: 515, Sum: 8764, Workers: 4
[5257.041s][debug][gc,phases      ] GC(123)   JNI Weak                       Min:  0.0, Avg:  0.0, Max:  0.0, Diff:  0.0, Sum:  0.0, Workers: 4
[5257.041s][debug][gc,phases      ] GC(123)     Dead                           Min: 0, Avg:  0.0, Max: 0, Diff: 0, Sum: 0, Workers: 4
[5257.041s][debug][gc,phases      ] GC(123)     Total                          Min: 0, Avg: 11.2, Max: 45, Diff: 45, Sum: 45, Workers: 4
[5257.041s][debug][gc,phases      ] GC(123)   StringDedup Table Weak         Min:  0.0, Avg:  0.0, Max:  0.0, Diff:  0.0, Sum:  0.0, Workers: 4
[5257.041s][debug][gc,phases      ] GC(123)     Dead                           Min: 0, Avg:  0.0, Max: 0, Diff: 0, Sum: 0, Workers: 4
[5257.041s][debug][gc,phases      ] GC(123)     Total                          Min: 0, Avg:  0.0, Max: 0, Diff: 0, Sum: 0, Workers: 4
[5257.041s][debug][gc,phases      ] GC(123)   StringDedup Requests0 Weak     Min:  0.0, Avg:  0.0, Max:  0.0, Diff:  0.0, Sum:  0.0, Workers: 4
[5257.041s][debug][gc,phases      ] GC(123)     Dead                           Min: 0, Avg:  0.0, Max: 0, Diff: 0, Sum: 0, Workers: 4
[5257.041s][debug][gc,phases      ] GC(123)     Total                          Min: 0, Avg:  0.0, Max: 0, Diff: 0, Sum: 0, Workers: 4
[5257.041s][debug][gc,phases      ] GC(123)   StringDedup Requests1 Weak     Min:  0.0, Avg:  0.0, Max:  0.0, Diff:  0.0, Sum:  0.0, Workers: 4
[5257.041s][debug][gc,phases      ] GC(123)     Dead                           Min: 0, Avg:  0.0, Max: 0, Diff: 0, Sum: 0, Workers: 4
[5257.041s][debug][gc,phases      ] GC(123)     Total                          Min: 0, Avg:  0.0, Max: 0, Diff: 0, Sum: 0, Workers: 4
[5257.041s][debug][gc,phases      ] GC(123)   Weak JFR Old Object Samples    Min:  0.0, Avg:  0.0, Max:  0.0, Diff:  0.0, Sum:  0.0, Workers: 4
[5257.041s][debug][gc,phases      ] GC(123)     Dead                           Min: 0, Avg:  0.0, Max: 0, Diff: 0, Sum: 0, Workers: 4
[5257.041s][debug][gc,phases      ] GC(123)     Total                          Min: 0, Avg:  0.0, Max: 0, Diff: 0, Sum: 0, Workers: 4
[5257.041s][debug][gc,phases      ] GC(123) Weak Processing 0.274ms
[5257.041s][debug][gc,age         ] GC(123) Desired survivor size 92798976 bytes, new threshold 15 (max threshold 15)
[5257.041s][info ][gc,heap        ] GC(123) PSYoungGen: 1975680K(1975808K)->54704K(2006016K) Eden: 1921024K(1921024K)->0K(1915904K) From: 54656K(54784K)->54704K(90112K)
[5257.041s][info ][gc,heap        ] GC(123) ParOldGen: 500277K(606208K)->500421K(606208K)
[5257.041s][info ][gc,metaspace   ] GC(123) Metaspace: 80070K(81216K)->80070K(81216K) NonClass: 68872K(69504K)->68872K(69504K) Class: 11198K(11712K)->11198K(11712K)
[5257.041s][info ][gc             ] GC(123) Pause Young (Allocation Failure) 2417M->542M(2551M) 13.383ms
[5257.041s][info ][gc,cpu         ] GC(123) User=0.05s Sys=0.00s Real=0.02s
[5257.041s][info ][safepoint      ] Safepoint "ParallelGCFailedAllocation", Time since last: 25044543979 ns, Reaching safepoint: 104601 ns, At safepoint: 13456606 ns, Total: 13561207 ns
[5261.041s][info ][safepoint      ] Safepoint "Cleanup", Time since last: 4000271330 ns, Reaching safepoint: 24600 ns, At safepoint: 2600 ns, Total: 27200 ns
[5312.628s][info ][gc,start       ] GC(124) Pause Young (Allocation Failure)
[5312.640s][debug][gc,phases      ] GC(124) Scavenge 12.361ms
[5312.640s][debug][gc,ref         ] GC(124) Skipped phase 1 of Reference Processing: no references
[5312.640s][debug][gc,ref         ] GC(124) ReferenceProcessor::execute queues: 1, RefProcThreadModel::Single, marks_oops_alive: false
[5312.640s][debug][gc,ref         ] GC(124) Skipped phase 3 of Reference Processing: no references
[5312.640s][debug][gc,ref         ] GC(124) ReferenceProcessor::execute queues: 1, RefProcThreadModel::Single, marks_oops_alive: false
[5312.640s][debug][gc,phases      ] GC(124) Reference Processing 0.099ms
[5312.640s][debug][gc,phases      ] GC(124)   VM Weak                        Min:  0.0, Avg:  0.0, Max:  0.0, Diff:  0.0, Sum:  0.0, Workers: 4
[5312.640s][debug][gc,phases      ] GC(124)     Dead                           Min: 0, Avg:  0.0, Max: 0, Diff: 0, Sum: 0, Workers: 4
[5312.640s][debug][gc,phases      ] GC(124)     Total                          Min: 0, Avg: 157.8, Max: 430, Diff: 430, Sum: 631, Workers: 4
[5312.640s][debug][gc,phases      ] GC(124)   ObjectSynchronizer Weak        Min:  0.0, Avg:  0.0, Max:  0.0, Diff:  0.0, Sum:  0.0, Workers: 4
[5312.640s][debug][gc,phases      ] GC(124)     Dead                           Min: 0, Avg:  0.0, Max: 0, Diff: 0, Sum: 0, Workers: 4
[5312.641s][debug][gc,phases      ] GC(124)     Total                          Min: 0, Avg: 15.5, Max: 62, Diff: 62, Sum: 62, Workers: 4
[5312.641s][debug][gc,phases      ] GC(124)   JVMTI Tag Weak OopStorage      Min:  0.0, Avg:  0.0, Max:  0.0, Diff:  0.0, Sum:  0.0, Workers: 4
[5312.641s][debug][gc,phases      ] GC(124)     Dead                           Min: 0, Avg:  0.0, Max: 0, Diff: 0, Sum: 0, Workers: 4
[5312.641s][debug][gc,phases      ] GC(124)     Total                          Min: 0, Avg:  0.0, Max: 0, Diff: 0, Sum: 0, Workers: 4
[5312.641s][debug][gc,phases      ] GC(124)   StringTable Weak               Min:  0.1, Avg:  0.1, Max:  0.1, Diff:  0.0, Sum:  0.4, Workers: 4
[5312.641s][debug][gc,phases      ] GC(124)     Dead                           Min: 0, Avg:  0.0, Max: 0, Diff: 0, Sum: 0, Workers: 4
[5312.641s][debug][gc,phases      ] GC(124)     Total                          Min: 10496, Avg: 10741.5, Max: 11008, Diff: 512, Sum: 42966, Workers: 4
[5312.641s][debug][gc,phases      ] GC(124)   ResolvedMethodTable Weak       Min:  0.0, Avg:  0.0, Max:  0.0, Diff:  0.0, Sum:  0.1, Workers: 4
[5312.641s][debug][gc,phases      ] GC(124)     Dead                           Min: 0, Avg:  0.0, Max: 0, Diff: 0, Sum: 0, Workers: 4
[5312.641s][debug][gc,phases      ] GC(124)     Total                          Min: 2109, Avg: 2191.0, Max: 2303, Diff: 194, Sum: 8764, Workers: 4
[5312.641s][debug][gc,phases      ] GC(124)   JNI Weak                       Min:  0.0, Avg:  0.0, Max:  0.0, Diff:  0.0, Sum:  0.0, Workers: 4
[5312.641s][debug][gc,phases      ] GC(124)     Dead                           Min: 0, Avg:  0.0, Max: 0, Diff: 0, Sum: 0, Workers: 4
[5312.641s][debug][gc,phases      ] GC(124)     Total                          Min: 0, Avg: 11.2, Max: 45, Diff: 45, Sum: 45, Workers: 4
[5312.641s][debug][gc,phases      ] GC(124)   StringDedup Table Weak         Min:  0.0, Avg:  0.0, Max:  0.0, Diff:  0.0, Sum:  0.0, Workers: 4
[5312.641s][debug][gc,phases      ] GC(124)     Dead                           Min: 0, Avg:  0.0, Max: 0, Diff: 0, Sum: 0, Workers: 4
[5312.641s][debug][gc,phases      ] GC(124)     Total                          Min: 0, Avg:  0.0, Max: 0, Diff: 0, Sum: 0, Workers: 4
[5312.641s][debug][gc,phases      ] GC(124)   StringDedup Requests0 Weak     Min:  0.0, Avg:  0.0, Max:  0.0, Diff:  0.0, Sum:  0.0, Workers: 4
[5312.641s][debug][gc,phases      ] GC(124)     Dead                           Min: 0, Avg:  0.0, Max: 0, Diff: 0, Sum: 0, Workers: 4
[5312.641s][debug][gc,phases      ] GC(124)     Total                          Min: 0, Avg:  0.0, Max: 0, Diff: 0, Sum: 0, Workers: 4
[5312.641s][debug][gc,phases      ] GC(124)   StringDedup Requests1 Weak     Min:  0.0, Avg:  0.0, Max:  0.0, Diff:  0.0, Sum:  0.0, Workers: 4
[5312.641s][debug][gc,phases      ] GC(124)     Dead                           Min: 0, Avg:  0.0, Max: 0, Diff: 0, Sum: 0, Workers: 4
[5312.641s][debug][gc,phases      ] GC(124)     Total                          Min: 0, Avg:  0.0, Max: 0, Diff: 0, Sum: 0, Workers: 4
[5312.641s][debug][gc,phases      ] GC(124)   Weak JFR Old Object Samples    Min:  0.0, Avg:  0.0, Max:  0.0, Diff:  0.0, Sum:  0.0, Workers: 4
[5312.641s][debug][gc,phases      ] GC(124)     Dead                           Min: 0, Avg:  0.0, Max: 0, Diff: 0, Sum: 0, Workers: 4
[5312.641s][debug][gc,phases      ] GC(124)     Total                          Min: 0, Avg:  0.0, Max: 0, Diff: 0, Sum: 0, Workers: 4
[5312.641s][debug][gc,phases      ] GC(124) Weak Processing 0.275ms
[5312.641s][debug][gc,age         ] GC(124) Desired survivor size 93323264 bytes, new threshold 15 (max threshold 15)
[5312.641s][info ][gc,heap        ] GC(124) PSYoungGen: 1970608K(2006016K)->54848K(1971200K) Eden: 1915904K(1915904K)->0K(1915904K) From: 54704K(90112K)->54848K(55296K)
[5312.641s][info ][gc,heap        ] GC(124) ParOldGen: 500421K(606208K)->500533K(606208K)
[5312.641s][info ][gc,metaspace   ] GC(124) Metaspace: 80071K(81216K)->80071K(81216K) NonClass: 68872K(69504K)->68872K(69504K) Class: 11199K(11712K)->11199K(11712K)
[5312.641s][info ][gc             ] GC(124) Pause Young (Allocation Failure) 2413M->542M(2517M) 12.849ms
[5312.641s][info ][gc,cpu         ] GC(124) User=0.05s Sys=0.00s Real=0.02s
[5312.641s][info ][safepoint      ] Safepoint "ParallelGCFailedAllocation", Time since last: 51586449485 ns, Reaching safepoint: 111101 ns, At safepoint: 12937413 ns, Total: 13048514 ns
[5326.642s][info ][safepoint      ] Safepoint "Cleanup", Time since last: 14000911783 ns, Reaching safepoint: 55700 ns, At safepoint: 7100 ns, Total: 62800 ns
[5344.643s][info ][safepoint      ] Safepoint "Cleanup", Time since last: 18001164362 ns, Reaching safepoint: 26700 ns, At safepoint: 2600 ns, Total: 29300 ns
[5372.128s][info ][gc,start       ] GC(125) Pause Young (Allocation Failure)
[5372.141s][debug][gc,phases      ] GC(125) Scavenge 12.793ms
[5372.141s][debug][gc,ref         ] GC(125) Skipped phase 1 of Reference Processing: no references
[5372.141s][debug][gc,ref         ] GC(125) ReferenceProcessor::execute queues: 1, RefProcThreadModel::Single, marks_oops_alive: false
[5372.141s][debug][gc,ref         ] GC(125) Skipped phase 3 of Reference Processing: no references
[5372.141s][debug][gc,ref         ] GC(125) ReferenceProcessor::execute queues: 1, RefProcThreadModel::Single, marks_oops_alive: false
[5372.141s][debug][gc,phases      ] GC(125) Reference Processing 0.097ms
[5372.141s][debug][gc,phases      ] GC(125)   VM Weak                        Min:  0.0, Avg:  0.0, Max:  0.0, Diff:  0.0, Sum:  0.0, Workers: 4
[5372.141s][debug][gc,phases      ] GC(125)     Dead                           Min: 0, Avg:  0.0, Max: 0, Diff: 0, Sum: 0, Workers: 4
[5372.142s][debug][gc,phases      ] GC(125)     Total                          Min: 0, Avg: 157.8, Max: 625, Diff: 625, Sum: 631, Workers: 4
[5372.142s][debug][gc,phases      ] GC(125)   ObjectSynchronizer Weak        Min:  0.0, Avg:  0.0, Max:  0.0, Diff:  0.0, Sum:  0.0, Workers: 4
[5372.142s][debug][gc,phases      ] GC(125)     Dead                           Min: 0, Avg:  0.0, Max: 0, Diff: 0, Sum: 0, Workers: 4
[5372.142s][debug][gc,phases      ] GC(125)     Total                          Min: 0, Avg: 15.5, Max: 62, Diff: 62, Sum: 62, Workers: 4
[5372.142s][debug][gc,phases      ] GC(125)   JVMTI Tag Weak OopStorage      Min:  0.0, Avg:  0.0, Max:  0.0, Diff:  0.0, Sum:  0.0, Workers: 4
[5372.142s][debug][gc,phases      ] GC(125)     Dead                           Min: 0, Avg:  0.0, Max: 0, Diff: 0, Sum: 0, Workers: 4
[5372.142s][debug][gc,phases      ] GC(125)     Total                          Min: 0, Avg:  0.0, Max: 0, Diff: 0, Sum: 0, Workers: 4
[5372.142s][debug][gc,phases      ] GC(125)   StringTable Weak               Min:  0.1, Avg:  0.1, Max:  0.1, Diff:  0.0, Sum:  0.4, Workers: 4
[5372.142s][debug][gc,phases      ] GC(125)     Dead                           Min: 0, Avg:  0.0, Max: 0, Diff: 0, Sum: 0, Workers: 4
[5372.142s][debug][gc,phases      ] GC(125)     Total                          Min: 10304, Avg: 10741.5, Max: 11584, Diff: 1280, Sum: 42966, Workers: 4
[5372.142s][debug][gc,phases      ] GC(125)   ResolvedMethodTable Weak       Min:  0.0, Avg:  0.0, Max:  0.0, Diff:  0.0, Sum:  0.1, Workers: 4
[5372.142s][debug][gc,phases      ] GC(125)     Dead                           Min: 0, Avg:  0.0, Max: 0, Diff: 0, Sum: 0, Workers: 4
[5372.142s][debug][gc,phases      ] GC(125)     Total                          Min: 2045, Avg: 2191.0, Max: 2496, Diff: 451, Sum: 8764, Workers: 4
[5372.142s][debug][gc,phases      ] GC(125)   JNI Weak                       Min:  0.0, Avg:  0.0, Max:  0.0, Diff:  0.0, Sum:  0.0, Workers: 4
[5372.142s][debug][gc,phases      ] GC(125)     Dead                           Min: 0, Avg:  0.0, Max: 0, Diff: 0, Sum: 0, Workers: 4
[5372.142s][debug][gc,phases      ] GC(125)     Total                          Min: 0, Avg: 11.2, Max: 45, Diff: 45, Sum: 45, Workers: 4
[5372.142s][debug][gc,phases      ] GC(125)   StringDedup Table Weak         Min:  0.0, Avg:  0.0, Max:  0.0, Diff:  0.0, Sum:  0.0, Workers: 4
[5372.142s][debug][gc,phases      ] GC(125)     Dead                           Min: 0, Avg:  0.0, Max: 0, Diff: 0, Sum: 0, Workers: 4
[5372.142s][debug][gc,phases      ] GC(125)     Total                          Min: 0, Avg:  0.0, Max: 0, Diff: 0, Sum: 0, Workers: 4
[5372.142s][debug][gc,phases      ] GC(125)   StringDedup Requests0 Weak     Min:  0.0, Avg:  0.0, Max:  0.0, Diff:  0.0, Sum:  0.0, Workers: 4
[5372.142s][debug][gc,phases      ] GC(125)     Dead                           Min: 0, Avg:  0.0, Max: 0, Diff: 0, Sum: 0, Workers: 4
[5372.142s][debug][gc,phases      ] GC(125)     Total                          Min: 0, Avg:  0.0, Max: 0, Diff: 0, Sum: 0, Workers: 4
[5372.142s][debug][gc,phases      ] GC(125)   StringDedup Requests1 Weak     Min:  0.0, Avg:  0.0, Max:  0.0, Diff:  0.0, Sum:  0.0, Workers: 4
[5372.142s][debug][gc,phases      ] GC(125)     Dead                           Min: 0, Avg:  0.0, Max: 0, Diff: 0, Sum: 0, Workers: 4
[5372.142s][debug][gc,phases      ] GC(125)     Total                          Min: 0, Avg:  0.0, Max: 0, Diff: 0, Sum: 0, Workers: 4
[5372.142s][debug][gc,phases      ] GC(125)   Weak JFR Old Object Samples    Min:  0.0, Avg:  0.0, Max:  0.0, Diff:  0.0, Sum:  0.0, Workers: 4
[5372.142s][debug][gc,phases      ] GC(125)     Dead                           Min: 0, Avg:  0.0, Max: 0, Diff: 0, Sum: 0, Workers: 4
[5372.142s][debug][gc,phases      ] GC(125)     Total                          Min: 0, Avg:  0.0, Max: 0, Diff: 0, Sum: 0, Workers: 4
[5372.142s][debug][gc,phases      ] GC(125) Weak Processing 0.280ms
[5372.142s][debug][gc,age         ] GC(125) Desired survivor size 93323264 bytes, new threshold 15 (max threshold 15)
[5372.142s][info ][gc,heap        ] GC(125) PSYoungGen: 1970752K(1971200K)->54512K(2006016K) Eden: 1915904K(1915904K)->0K(1914880K) From: 54848K(55296K)->54512K(91136K)
[5372.142s][info ][gc,heap        ] GC(125) ParOldGen: 500533K(606208K)->500709K(606208K)
[5372.142s][info ][gc,metaspace   ] GC(125) Metaspace: 80073K(81216K)->80073K(81216K) NonClass: 68874K(69504K)->68874K(69504K) Class: 11199K(11712K)->11199K(11712K)
[5372.142s][info ][gc             ] GC(125) Pause Young (Allocation Failure) 2413M->542M(2551M) 13.278ms
[5372.142s][info ][gc,cpu         ] GC(125) User=0.05s Sys=0.00s Real=0.02s
[5372.142s][info ][safepoint      ] Safepoint "ParallelGCFailedAllocation", Time since last: 27485435047 ns, Reaching safepoint: 27801 ns, At safepoint: 13365816 ns, Total: 13393617 ns
[5373.142s][info ][safepoint      ] Safepoint "Cleanup", Time since last: 1000084680 ns, Reaching safepoint: 29100 ns, At safepoint: 3100 ns, Total: 32200 ns
[5398.143s][info ][safepoint      ] Safepoint "Cleanup", Time since last: 25001538758 ns, Reaching safepoint: 30400 ns, At safepoint: 3400 ns, Total: 33800 ns
[5410.144s][info ][safepoint      ] Safepoint "Cleanup", Time since last: 12000786594 ns, Reaching safepoint: 110701 ns, At safepoint: 9800 ns, Total: 120501 ns
[5418.147s][info ][safepoint      ] Safepoint "Cleanup", Time since last: 8002271310 ns, Reaching safepoint: 54600 ns, At safepoint: 6600 ns, Total: 61200 ns
[5423.147s][info ][safepoint      ] Safepoint "Cleanup", Time since last: 5000360796 ns, Reaching safepoint: 49801 ns, At safepoint: 4800 ns, Total: 54601 ns
[5433.149s][info ][safepoint      ] Safepoint "Cleanup", Time since last: 10001713669 ns, Reaching safepoint: 57300 ns, At safepoint: 2900 ns, Total: 60200 ns
[5437.167s][info ][safepoint      ] Safepoint "Cleanup", Time since last: 4010987706 ns, Reaching safepoint: 7411164 ns, At safepoint: 5700 ns, Total: 7416864 ns
[5437.704s][info ][gc,start       ] GC(126) Pause Young (Allocation Failure)
[5437.761s][debug][gc,phases      ] GC(126) Scavenge 56.785ms
[5437.761s][debug][gc,ref         ] GC(126) Skipped phase 1 of Reference Processing: no references
[5437.761s][debug][gc,ref         ] GC(126) ReferenceProcessor::execute queues: 1, RefProcThreadModel::Single, marks_oops_alive: false
[5437.761s][debug][gc,ref         ] GC(126) Skipped phase 3 of Reference Processing: no references
[5437.761s][debug][gc,ref         ] GC(126) ReferenceProcessor::execute queues: 1, RefProcThreadModel::Single, marks_oops_alive: false
[5437.761s][debug][gc,phases      ] GC(126) Reference Processing 0.106ms
[5437.761s][debug][gc,phases      ] GC(126)   VM Weak                        Min:  0.0, Avg:  0.0, Max:  0.0, Diff:  0.0, Sum:  0.0, Workers: 4
[5437.761s][debug][gc,phases      ] GC(126)     Dead                           Min: 0, Avg:  0.0, Max: 0, Diff: 0, Sum: 0, Workers: 4
[5437.761s][debug][gc,phases      ] GC(126)     Total                          Min: 0, Avg: 157.8, Max: 631, Diff: 631, Sum: 631, Workers: 4
[5437.761s][debug][gc,phases      ] GC(126)   ObjectSynchronizer Weak        Min:  0.0, Avg:  0.0, Max:  0.0, Diff:  0.0, Sum:  0.0, Workers: 4
[5437.761s][debug][gc,phases      ] GC(126)     Dead                           Min: 0, Avg:  0.0, Max: 0, Diff: 0, Sum: 0, Workers: 4
[5437.761s][debug][gc,phases      ] GC(126)     Total                          Min: 0, Avg: 15.5, Max: 62, Diff: 62, Sum: 62, Workers: 4
[5437.761s][debug][gc,phases      ] GC(126)   JVMTI Tag Weak OopStorage      Min:  0.0, Avg:  0.0, Max:  0.0, Diff:  0.0, Sum:  0.0, Workers: 4
[5437.761s][debug][gc,phases      ] GC(126)     Dead                           Min: 0, Avg:  0.0, Max: 0, Diff: 0, Sum: 0, Workers: 4
[5437.761s][debug][gc,phases      ] GC(126)     Total                          Min: 0, Avg:  0.0, Max: 0, Diff: 0, Sum: 0, Workers: 4
[5437.761s][debug][gc,phases      ] GC(126)   StringTable Weak               Min:  0.0, Avg:  0.1, Max:  0.2, Diff:  0.2, Sum:  0.4, Workers: 4
[5437.761s][debug][gc,phases      ] GC(126)     Dead                           Min: 0, Avg:  0.0, Max: 0, Diff: 0, Sum: 0, Workers: 4
[5437.761s][debug][gc,phases      ] GC(126)     Total                          Min: 0, Avg: 10741.8, Max: 24407, Diff: 24407, Sum: 42967, Workers: 4
[5437.761s][debug][gc,phases      ] GC(126)   ResolvedMethodTable Weak       Min:  0.0, Avg:  0.0, Max:  0.0, Diff:  0.0, Sum:  0.1, Workers: 4
[5437.761s][debug][gc,phases      ] GC(126)     Dead                           Min: 0, Avg:  0.0, Max: 0, Diff: 0, Sum: 0, Workers: 4
[5437.761s][debug][gc,phases      ] GC(126)     Total                          Min: 0, Avg: 2191.0, Max: 3775, Diff: 3775, Sum: 8764, Workers: 4
[5437.761s][debug][gc,phases      ] GC(126)   JNI Weak                       Min:  0.0, Avg:  0.0, Max:  0.0, Diff:  0.0, Sum:  0.0, Workers: 4
[5437.761s][debug][gc,phases      ] GC(126)     Dead                           Min: 0, Avg:  0.0, Max: 0, Diff: 0, Sum: 0, Workers: 4
[5437.761s][debug][gc,phases      ] GC(126)     Total                          Min: 0, Avg: 11.2, Max: 45, Diff: 45, Sum: 45, Workers: 4
[5437.761s][debug][gc,phases      ] GC(126)   StringDedup Table Weak         Min:  0.0, Avg:  0.0, Max:  0.0, Diff:  0.0, Sum:  0.0, Workers: 4
[5437.761s][debug][gc,phases      ] GC(126)     Dead                           Min: 0, Avg:  0.0, Max: 0, Diff: 0, Sum: 0, Workers: 4
[5437.761s][debug][gc,phases      ] GC(126)     Total                          Min: 0, Avg:  0.0, Max: 0, Diff: 0, Sum: 0, Workers: 4
[5437.761s][debug][gc,phases      ] GC(126)   StringDedup Requests0 Weak     Min:  0.0, Avg:  0.0, Max:  0.0, Diff:  0.0, Sum:  0.0, Workers: 4
[5437.761s][debug][gc,phases      ] GC(126)     Dead                           Min: 0, Avg:  0.0, Max: 0, Diff: 0, Sum: 0, Workers: 4
[5437.761s][debug][gc,phases      ] GC(126)     Total                          Min: 0, Avg:  0.0, Max: 0, Diff: 0, Sum: 0, Workers: 4
[5437.761s][debug][gc,phases      ] GC(126)   StringDedup Requests1 Weak     Min:  0.0, Avg:  0.0, Max:  0.0, Diff:  0.0, Sum:  0.0, Workers: 4
[5437.761s][debug][gc,phases      ] GC(126)     Dead                           Min: 0, Avg:  0.0, Max: 0, Diff: 0, Sum: 0, Workers: 4
[5437.761s][debug][gc,phases      ] GC(126)     Total                          Min: 0, Avg:  0.0, Max: 0, Diff: 0, Sum: 0, Workers: 4
[5437.761s][debug][gc,phases      ] GC(126)   Weak JFR Old Object Samples    Min:  0.0, Avg:  0.0, Max:  0.0, Diff:  0.0, Sum:  0.0, Workers: 4
[5437.761s][debug][gc,phases      ] GC(126)     Dead                           Min: 0, Avg:  0.0, Max: 0, Diff: 0, Sum: 0, Workers: 4
[5437.761s][debug][gc,phases      ] GC(126)     Total                          Min: 0, Avg:  0.0, Max: 0, Diff: 0, Sum: 0, Workers: 4
[5437.761s][debug][gc,phases      ] GC(126) Weak Processing 0.517ms
[5437.761s][debug][gc,age         ] GC(126) Desired survivor size 92798976 bytes, new threshold 15 (max threshold 15)
[5437.761s][info ][gc,heap        ] GC(126) PSYoungGen: 1969392K(2006016K)->54608K(2006016K) Eden: 1914880K(1914880K)->0K(1914880K) From: 54512K(91136K)->54608K(91136K)
[5437.761s][info ][gc,heap        ] GC(126) ParOldGen: 500709K(606208K)->500821K(606208K)
[5437.761s][info ][gc,metaspace   ] GC(126) Metaspace: 80100K(81216K)->80100K(81216K) NonClass: 68901K(69504K)->68901K(69504K) Class: 11199K(11712K)->11199K(11712K)
[5437.761s][info ][gc             ] GC(126) Pause Young (Allocation Failure) 2412M->542M(2551M) 57.530ms
[5437.761s][info ][gc,cpu         ] GC(126) User=0.05s Sys=0.00s Real=0.06s
[5437.761s][info ][safepoint      ] Safepoint "ParallelGCFailedAllocation", Time since last: 536579342 ns, Reaching safepoint: 37000 ns, At safepoint: 57616799 ns, Total: 57653799 ns
[5439.772s][info ][safepoint      ] Safepoint "Cleanup", Time since last: 2010346292 ns, Reaching safepoint: 42300 ns, At safepoint: 5100 ns, Total: 47400 ns
[5450.783s][info ][safepoint      ] Safepoint "Cleanup", Time since last: 11011203330 ns, Reaching safepoint: 121301 ns, At safepoint: 9400 ns, Total: 130701 ns
[5499.406s][info ][gc,start       ] GC(127) Pause Young (Allocation Failure)
[5499.421s][debug][gc,phases      ] GC(127) Scavenge 15.534ms
[5499.421s][debug][gc,ref         ] GC(127) Skipped phase 1 of Reference Processing: no references
[5499.421s][debug][gc,ref         ] GC(127) ReferenceProcessor::execute queues: 1, RefProcThreadModel::Single, marks_oops_alive: false
[5499.421s][debug][gc,ref         ] GC(127) Skipped phase 3 of Reference Processing: no references
[5499.421s][debug][gc,ref         ] GC(127) ReferenceProcessor::execute queues: 1, RefProcThreadModel::Single, marks_oops_alive: false
[5499.421s][debug][gc,phases      ] GC(127) Reference Processing 0.092ms
[5499.422s][debug][gc,phases      ] GC(127)   VM Weak                        Min:  0.0, Avg:  0.0, Max:  0.0, Diff:  0.0, Sum:  0.0, Workers: 4
[5499.422s][debug][gc,phases      ] GC(127)     Dead                           Min: 0, Avg:  0.0, Max: 0, Diff: 0, Sum: 0, Workers: 4
[5499.422s][debug][gc,phases      ] GC(127)     Total                          Min: 0, Avg: 157.8, Max: 317, Diff: 317, Sum: 631, Workers: 4
[5499.422s][debug][gc,phases      ] GC(127)   ObjectSynchronizer Weak        Min:  0.0, Avg:  0.0, Max:  0.0, Diff:  0.0, Sum:  0.0, Workers: 4
[5499.422s][debug][gc,phases      ] GC(127)     Dead                           Min: 0, Avg:  0.0, Max: 0, Diff: 0, Sum: 0, Workers: 4
[5499.422s][debug][gc,phases      ] GC(127)     Total                          Min: 0, Avg: 15.5, Max: 62, Diff: 62, Sum: 62, Workers: 4
[5499.422s][debug][gc,phases      ] GC(127)   JVMTI Tag Weak OopStorage      Min:  0.0, Avg:  0.0, Max:  0.0, Diff:  0.0, Sum:  0.0, Workers: 4
[5499.422s][debug][gc,phases      ] GC(127)     Dead                           Min: 0, Avg:  0.0, Max: 0, Diff: 0, Sum: 0, Workers: 4
[5499.422s][debug][gc,phases      ] GC(127)     Total                          Min: 0, Avg:  0.0, Max: 0, Diff: 0, Sum: 0, Workers: 4
[5499.422s][debug][gc,phases      ] GC(127)   StringTable Weak               Min:  0.0, Avg:  0.1, Max:  0.1, Diff:  0.1, Sum:  0.3, Workers: 4
[5499.422s][debug][gc,phases      ] GC(127)     Dead                           Min: 0, Avg:  0.0, Max: 0, Diff: 0, Sum: 0, Workers: 4
[5499.422s][debug][gc,phases      ] GC(127)     Total                          Min: 0, Avg: 10741.8, Max: 18688, Diff: 18688, Sum: 42967, Workers: 4
[5499.422s][debug][gc,phases      ] GC(127)   ResolvedMethodTable Weak       Min:  0.0, Avg:  0.0, Max:  0.0, Diff:  0.0, Sum:  0.1, Workers: 4
[5499.422s][debug][gc,phases      ] GC(127)     Dead                           Min: 0, Avg:  0.0, Max: 0, Diff: 0, Sum: 0, Workers: 4
[5499.422s][debug][gc,phases      ] GC(127)     Total                          Min: 0, Avg: 2191.0, Max: 3836, Diff: 3836, Sum: 8764, Workers: 4
[5499.422s][debug][gc,phases      ] GC(127)   JNI Weak                       Min:  0.0, Avg:  0.0, Max:  0.0, Diff:  0.0, Sum:  0.0, Workers: 4
[5499.422s][debug][gc,phases      ] GC(127)     Dead                           Min: 0, Avg:  0.0, Max: 0, Diff: 0, Sum: 0, Workers: 4
[5499.422s][debug][gc,phases      ] GC(127)     Total                          Min: 0, Avg: 11.2, Max: 45, Diff: 45, Sum: 45, Workers: 4
[5499.422s][debug][gc,phases      ] GC(127)   StringDedup Table Weak         Min:  0.0, Avg:  0.0, Max:  0.0, Diff:  0.0, Sum:  0.0, Workers: 4
[5499.422s][debug][gc,phases      ] GC(127)     Dead                           Min: 0, Avg:  0.0, Max: 0, Diff: 0, Sum: 0, Workers: 4
[5499.422s][debug][gc,phases      ] GC(127)     Total                          Min: 0, Avg:  0.0, Max: 0, Diff: 0, Sum: 0, Workers: 4
[5499.422s][debug][gc,phases      ] GC(127)   StringDedup Requests0 Weak     Min:  0.0, Avg:  0.0, Max:  0.0, Diff:  0.0, Sum:  0.0, Workers: 4
[5499.422s][debug][gc,phases      ] GC(127)     Dead                           Min: 0, Avg:  0.0, Max: 0, Diff: 0, Sum: 0, Workers: 4
[5499.422s][debug][gc,phases      ] GC(127)     Total                          Min: 0, Avg:  0.0, Max: 0, Diff: 0, Sum: 0, Workers: 4
[5499.422s][debug][gc,phases      ] GC(127)   StringDedup Requests1 Weak     Min:  0.0, Avg:  0.0, Max:  0.0, Diff:  0.0, Sum:  0.0, Workers: 4
[5499.422s][debug][gc,phases      ] GC(127)     Dead                           Min: 0, Avg:  0.0, Max: 0, Diff: 0, Sum: 0, Workers: 4
[5499.422s][debug][gc,phases      ] GC(127)     Total                          Min: 0, Avg:  0.0, Max: 0, Diff: 0, Sum: 0, Workers: 4
[5499.422s][debug][gc,phases      ] GC(127)   Weak JFR Old Object Samples    Min:  0.0, Avg:  0.0, Max:  0.0, Diff:  0.0, Sum:  0.0, Workers: 4
[5499.422s][debug][gc,phases      ] GC(127)     Dead                           Min: 0, Avg:  0.0, Max: 0, Diff: 0, Sum: 0, Workers: 4
[5499.422s][debug][gc,phases      ] GC(127)     Total                          Min: 0, Avg:  0.0, Max: 0, Diff: 0, Sum: 0, Workers: 4
[5499.422s][debug][gc,phases      ] GC(127) Weak Processing 0.306ms
[5499.422s][debug][gc,age         ] GC(127) Desired survivor size 92274688 bytes, new threshold 15 (max threshold 15)
[5499.422s][info ][gc,heap        ] GC(127) PSYoungGen: 1969488K(2006016K)->54768K(2007040K) Eden: 1914880K(1914880K)->0K(1916416K) From: 54608K(91136K)->54768K(90624K)
[5499.422s][info ][gc,heap        ] GC(127) ParOldGen: 500821K(606208K)->500901K(606208K)
[5499.422s][info ][gc,metaspace   ] GC(127) Metaspace: 80101K(81216K)->80101K(81216K) NonClass: 68902K(69504K)->68902K(69504K) Class: 11199K(11712K)->11199K(11712K)
[5499.422s][info ][gc             ] GC(127) Pause Young (Allocation Failure) 2412M->542M(2552M) 16.071ms
[5499.422s][info ][gc,cpu         ] GC(127) User=0.05s Sys=0.00s Real=0.02s
[5499.422s][info ][safepoint      ] Safepoint "ParallelGCFailedAllocation", Time since last: 48622522652 ns, Reaching safepoint: 25700 ns, At safepoint: 16155340 ns, Total: 16181040 ns
[5504.422s][info ][safepoint      ] Safepoint "Cleanup", Time since last: 5000298338 ns, Reaching safepoint: 29400 ns, At safepoint: 3100 ns, Total: 32500 ns
[5515.423s][info ][safepoint      ] Safepoint "Cleanup", Time since last: 11000753973 ns, Reaching safepoint: 39701 ns, At safepoint: 3900 ns, Total: 43601 ns
[5518.423s][info ][safepoint      ] Safepoint "Cleanup", Time since last: 3000239967 ns, Reaching safepoint: 56600 ns, At safepoint: 5501 ns, Total: 62101 ns
[5519.423s][info ][safepoint      ] Safepoint "Cleanup", Time since last: 1000108722 ns, Reaching safepoint: 45300 ns, At safepoint: 4600 ns, Total: 49900 ns
[5545.425s][info ][safepoint      ] Safepoint "Cleanup", Time since last: 26001556042 ns, Reaching safepoint: 43501 ns, At safepoint: 10500 ns, Total: 54001 ns
[5545.632s][info ][gc,start       ] GC(128) Pause Young (Allocation Failure)
[5545.651s][debug][gc,phases      ] GC(128) Scavenge 18.904ms
[5545.651s][debug][gc,ref         ] GC(128) Skipped phase 1 of Reference Processing: no references
[5545.651s][debug][gc,ref         ] GC(128) ReferenceProcessor::execute queues: 1, RefProcThreadModel::Single, marks_oops_alive: false
[5545.651s][debug][gc,ref         ] GC(128) Skipped phase 3 of Reference Processing: no references
[5545.651s][debug][gc,ref         ] GC(128) ReferenceProcessor::execute queues: 1, RefProcThreadModel::Single, marks_oops_alive: false
[5545.651s][debug][gc,phases      ] GC(128) Reference Processing 0.094ms
[5545.651s][debug][gc,phases      ] GC(128)   VM Weak                        Min:  0.0, Avg:  0.0, Max:  0.0, Diff:  0.0, Sum:  0.0, Workers: 4
[5545.651s][debug][gc,phases      ] GC(128)     Dead                           Min: 0, Avg:  0.0, Max: 0, Diff: 0, Sum: 0, Workers: 4
[5545.651s][debug][gc,phases      ] GC(128)     Total                          Min: 0, Avg: 157.8, Max: 625, Diff: 625, Sum: 631, Workers: 4
[5545.651s][debug][gc,phases      ] GC(128)   ObjectSynchronizer Weak        Min:  0.0, Avg:  0.0, Max:  0.0, Diff:  0.0, Sum:  0.0, Workers: 4
[5545.651s][debug][gc,phases      ] GC(128)     Dead                           Min: 0, Avg:  0.0, Max: 0, Diff: 0, Sum: 0, Workers: 4
[5545.651s][debug][gc,phases      ] GC(128)     Total                          Min: 0, Avg: 15.5, Max: 62, Diff: 62, Sum: 62, Workers: 4
[5545.651s][debug][gc,phases      ] GC(128)   JVMTI Tag Weak OopStorage      Min:  0.0, Avg:  0.0, Max:  0.0, Diff:  0.0, Sum:  0.0, Workers: 4
[5545.651s][debug][gc,phases      ] GC(128)     Dead                           Min: 0, Avg:  0.0, Max: 0, Diff: 0, Sum: 0, Workers: 4
[5545.651s][debug][gc,phases      ] GC(128)     Total                          Min: 0, Avg:  0.0, Max: 0, Diff: 0, Sum: 0, Workers: 4
[5545.651s][debug][gc,phases      ] GC(128)   StringTable Weak               Min:  0.0, Avg:  0.1, Max:  0.1, Diff:  0.1, Sum:  0.4, Workers: 4
[5545.651s][debug][gc,phases      ] GC(128)     Dead                           Min: 0, Avg:  0.0, Max: 0, Diff: 0, Sum: 0, Workers: 4
[5545.651s][debug][gc,phases      ] GC(128)     Total                          Min: 0, Avg: 10741.8, Max: 16192, Diff: 16192, Sum: 42967, Workers: 4
[5545.651s][debug][gc,phases      ] GC(128)   ResolvedMethodTable Weak       Min:  0.0, Avg:  0.0, Max:  0.0, Diff:  0.0, Sum:  0.1, Workers: 4
[5545.651s][debug][gc,phases      ] GC(128)     Dead                           Min: 0, Avg:  0.0, Max: 0, Diff: 0, Sum: 0, Workers: 4
[5545.651s][debug][gc,phases      ] GC(128)     Total                          Min: 0, Avg: 2191.0, Max: 3775, Diff: 3775, Sum: 8764, Workers: 4
[5545.651s][debug][gc,phases      ] GC(128)   JNI Weak                       Min:  0.0, Avg:  0.0, Max:  0.0, Diff:  0.0, Sum:  0.0, Workers: 4
[5545.651s][debug][gc,phases      ] GC(128)     Dead                           Min: 0, Avg:  0.0, Max: 0, Diff: 0, Sum: 0, Workers: 4
[5545.651s][debug][gc,phases      ] GC(128)     Total                          Min: 0, Avg: 11.2, Max: 45, Diff: 45, Sum: 45, Workers: 4
[5545.651s][debug][gc,phases      ] GC(128)   StringDedup Table Weak         Min:  0.0, Avg:  0.0, Max:  0.0, Diff:  0.0, Sum:  0.0, Workers: 4
[5545.651s][debug][gc,phases      ] GC(128)     Dead                           Min: 0, Avg:  0.0, Max: 0, Diff: 0, Sum: 0, Workers: 4
[5545.651s][debug][gc,phases      ] GC(128)     Total                          Min: 0, Avg:  0.0, Max: 0, Diff: 0, Sum: 0, Workers: 4
[5545.652s][debug][gc,phases      ] GC(128)   StringDedup Requests0 Weak     Min:  0.0, Avg:  0.0, Max:  0.0, Diff:  0.0, Sum:  0.0, Workers: 4
[5545.652s][debug][gc,phases      ] GC(128)     Dead                           Min: 0, Avg:  0.0, Max: 0, Diff: 0, Sum: 0, Workers: 4
[5545.652s][debug][gc,phases      ] GC(128)     Total                          Min: 0, Avg:  0.0, Max: 0, Diff: 0, Sum: 0, Workers: 4
[5545.652s][debug][gc,phases      ] GC(128)   StringDedup Requests1 Weak     Min:  0.0, Avg:  0.0, Max:  0.0, Diff:  0.0, Sum:  0.0, Workers: 4
[5545.652s][debug][gc,phases      ] GC(128)     Dead                           Min: 0, Avg:  0.0, Max: 0, Diff: 0, Sum: 0, Workers: 4
[5545.652s][debug][gc,phases      ] GC(128)     Total                          Min: 0, Avg:  0.0, Max: 0, Diff: 0, Sum: 0, Workers: 4
[5545.652s][debug][gc,phases      ] GC(128)   Weak JFR Old Object Samples    Min:  0.0, Avg:  0.0, Max:  0.0, Diff:  0.0, Sum:  0.0, Workers: 4
[5545.652s][debug][gc,phases      ] GC(128)     Dead                           Min: 0, Avg:  0.0, Max: 0, Diff: 0, Sum: 0, Workers: 4
[5545.652s][debug][gc,phases      ] GC(128)     Total                          Min: 0, Avg:  0.0, Max: 0, Diff: 0, Sum: 0, Workers: 4
[5545.652s][debug][gc,phases      ] GC(128) Weak Processing 0.318ms
[5545.652s][debug][gc,age         ] GC(128) Desired survivor size 96468992 bytes, new threshold 15 (max threshold 15)
[5545.652s][info ][gc,heap        ] GC(128) PSYoungGen: 1971184K(2007040K)->67584K(1984512K) Eden: 1916416K(1916416K)->0K(1916416K) From: 54768K(90624K)->67584K(68096K)
[5545.652s][info ][gc,heap        ] GC(128) ParOldGen: 500901K(606208K)->500997K(606208K)
[5545.652s][info ][gc,metaspace   ] GC(128) Metaspace: 80101K(81216K)->80101K(81216K) NonClass: 68902K(69504K)->68902K(69504K) Class: 11199K(11712K)->11199K(11712K)
[5545.652s][info ][gc             ] GC(128) Pause Young (Allocation Failure) 2414M->555M(2530M) 19.436ms
[5545.652s][info ][gc,cpu         ] GC(128) User=0.06s Sys=0.00s Real=0.01s
[5545.652s][info ][safepoint      ] Safepoint "ParallelGCFailedAllocation", Time since last: 206999783 ns, Reaching safepoint: 40400 ns, At safepoint: 19504268 ns, Total: 19544668 ns
[5546.652s][info ][safepoint      ] Safepoint "Cleanup", Time since last: 1000085813 ns, Reaching safepoint: 52900 ns, At safepoint: 4200 ns, Total: 57100 ns
[5553.652s][info ][safepoint      ] Safepoint "Cleanup", Time since last: 7000488379 ns, Reaching safepoint: 33500 ns, At safepoint: 24600 ns, Total: 58100 ns
[5555.653s][info ][safepoint      ] Safepoint "Cleanup", Time since last: 2000153820 ns, Reaching safepoint: 40800 ns, At safepoint: 3000 ns, Total: 43800 ns
[5559.653s][info ][safepoint      ] Safepoint "Cleanup", Time since last: 4000284035 ns, Reaching safepoint: 39501 ns, At safepoint: 4500 ns, Total: 44001 ns
[5574.654s][info ][safepoint      ] Safepoint "Cleanup", Time since last: 15000909585 ns, Reaching safepoint: 30701 ns, At safepoint: 2900 ns, Total: 33601 ns
[5615.656s][info ][safepoint      ] Safepoint "Cleanup", Time since last: 41002533884 ns, Reaching safepoint: 35400 ns, At safepoint: 24101 ns, Total: 59501 ns
[5619.080s][info ][gc,start       ] GC(129) Pause Young (Allocation Failure)
[5619.104s][debug][gc,phases      ] GC(129) Scavenge 23.627ms
[5619.104s][debug][gc,ref         ] GC(129) Skipped phase 1 of Reference Processing: no references
[5619.104s][debug][gc,ref         ] GC(129) ReferenceProcessor::execute queues: 1, RefProcThreadModel::Single, marks_oops_alive: false
[5619.104s][debug][gc,ref         ] GC(129) Skipped phase 3 of Reference Processing: no references
[5619.104s][debug][gc,ref         ] GC(129) ReferenceProcessor::execute queues: 1, RefProcThreadModel::Single, marks_oops_alive: false
[5619.104s][debug][gc,phases      ] GC(129) Reference Processing 0.099ms
[5619.104s][debug][gc,phases      ] GC(129)   VM Weak                        Min:  0.0, Avg:  0.0, Max:  0.0, Diff:  0.0, Sum:  0.0, Workers: 4
[5619.104s][debug][gc,phases      ] GC(129)     Dead                           Min: 0, Avg:  0.0, Max: 0, Diff: 0, Sum: 0, Workers: 4
[5619.104s][debug][gc,phases      ] GC(129)     Total                          Min: 0, Avg: 157.8, Max: 410, Diff: 410, Sum: 631, Workers: 4
[5619.104s][debug][gc,phases      ] GC(129)   ObjectSynchronizer Weak        Min:  0.0, Avg:  0.0, Max:  0.0, Diff:  0.0, Sum:  0.0, Workers: 4
[5619.104s][debug][gc,phases      ] GC(129)     Dead                           Min: 0, Avg:  0.0, Max: 0, Diff: 0, Sum: 0, Workers: 4
[5619.104s][debug][gc,phases      ] GC(129)     Total                          Min: 0, Avg: 15.5, Max: 62, Diff: 62, Sum: 62, Workers: 4
[5619.104s][debug][gc,phases      ] GC(129)   JVMTI Tag Weak OopStorage      Min:  0.0, Avg:  0.0, Max:  0.0, Diff:  0.0, Sum:  0.0, Workers: 4
[5619.104s][debug][gc,phases      ] GC(129)     Dead                           Min: 0, Avg:  0.0, Max: 0, Diff: 0, Sum: 0, Workers: 4
[5619.104s][debug][gc,phases      ] GC(129)     Total                          Min: 0, Avg:  0.0, Max: 0, Diff: 0, Sum: 0, Workers: 4
[5619.104s][debug][gc,phases      ] GC(129)   StringTable Weak               Min:  0.0, Avg:  0.1, Max:  0.1, Diff:  0.1, Sum:  0.3, Workers: 4
[5619.104s][debug][gc,phases      ] GC(129)     Dead                           Min: 0, Avg:  0.0, Max: 0, Diff: 0, Sum: 0, Workers: 4
[5619.104s][debug][gc,phases      ] GC(129)     Total                          Min: 0, Avg: 10741.8, Max: 17431, Diff: 17431, Sum: 42967, Workers: 4
[5619.104s][debug][gc,phases      ] GC(129)   ResolvedMethodTable Weak       Min:  0.0, Avg:  0.0, Max:  0.0, Diff:  0.0, Sum:  0.1, Workers: 4
[5619.104s][debug][gc,phases      ] GC(129)     Dead                           Min: 0, Avg:  0.0, Max: 0, Diff: 0, Sum: 0, Workers: 4
[5619.104s][debug][gc,phases      ] GC(129)     Total                          Min: 0, Avg: 2191.0, Max: 3708, Diff: 3708, Sum: 8764, Workers: 4
[5619.104s][debug][gc,phases      ] GC(129)   JNI Weak                       Min:  0.0, Avg:  0.0, Max:  0.0, Diff:  0.0, Sum:  0.0, Workers: 4
[5619.104s][debug][gc,phases      ] GC(129)     Dead                           Min: 0, Avg:  0.0, Max: 0, Diff: 0, Sum: 0, Workers: 4
[5619.104s][debug][gc,phases      ] GC(129)     Total                          Min: 0, Avg: 11.2, Max: 45, Diff: 45, Sum: 45, Workers: 4
[5619.104s][debug][gc,phases      ] GC(129)   StringDedup Table Weak         Min:  0.0, Avg:  0.0, Max:  0.0, Diff:  0.0, Sum:  0.0, Workers: 4
[5619.104s][debug][gc,phases      ] GC(129)     Dead                           Min: 0, Avg:  0.0, Max: 0, Diff: 0, Sum: 0, Workers: 4
[5619.104s][debug][gc,phases      ] GC(129)     Total                          Min: 0, Avg:  0.0, Max: 0, Diff: 0, Sum: 0, Workers: 4
[5619.104s][debug][gc,phases      ] GC(129)   StringDedup Requests0 Weak     Min:  0.0, Avg:  0.0, Max:  0.0, Diff:  0.0, Sum:  0.0, Workers: 4
[5619.104s][debug][gc,phases      ] GC(129)     Dead                           Min: 0, Avg:  0.0, Max: 0, Diff: 0, Sum: 0, Workers: 4
[5619.104s][debug][gc,phases      ] GC(129)     Total                          Min: 0, Avg:  0.0, Max: 0, Diff: 0, Sum: 0, Workers: 4
[5619.104s][debug][gc,phases      ] GC(129)   StringDedup Requests1 Weak     Min:  0.0, Avg:  0.0, Max:  0.0, Diff:  0.0, Sum:  0.0, Workers: 4
[5619.104s][debug][gc,phases      ] GC(129)     Dead                           Min: 0, Avg:  0.0, Max: 0, Diff: 0, Sum: 0, Workers: 4
[5619.104s][debug][gc,phases      ] GC(129)     Total                          Min: 0, Avg:  0.0, Max: 0, Diff: 0, Sum: 0, Workers: 4
[5619.104s][debug][gc,phases      ] GC(129)   Weak JFR Old Object Samples    Min:  0.0, Avg:  0.0, Max:  0.0, Diff:  0.0, Sum:  0.0, Workers: 4
[5619.104s][debug][gc,phases      ] GC(129)     Dead                           Min: 0, Avg:  0.0, Max: 0, Diff: 0, Sum: 0, Workers: 4
[5619.104s][debug][gc,phases      ] GC(129)     Total                          Min: 0, Avg:  0.0, Max: 0, Diff: 0, Sum: 0, Workers: 4
[5619.104s][debug][gc,phases      ] GC(129) Weak Processing 0.308ms
[5619.104s][debug][gc,age         ] GC(129) Desired survivor size 91750400 bytes, new threshold 15 (max threshold 15)
[5619.104s][info ][gc,heap        ] GC(129) PSYoungGen: 1984000K(1984512K)->46976K(2007552K) Eden: 1916416K(1916416K)->0K(1913344K) From: 67584K(68096K)->46976K(94208K)
[5619.104s][info ][gc,heap        ] GC(129) ParOldGen: 500997K(606208K)->523617K(606208K)
[5619.104s][info ][gc,metaspace   ] GC(129) Metaspace: 80105K(81216K)->80105K(81216K) NonClass: 68906K(69504K)->68906K(69504K) Class: 11199K(11712K)->11199K(11712K)
[5619.104s][info ][gc             ] GC(129) Pause Young (Allocation Failure) 2426M->557M(2552M) 24.151ms
[5619.104s][info ][gc,cpu         ] GC(129) User=0.06s Sys=0.00s Real=0.02s
[5619.104s][info ][safepoint      ] Safepoint "ParallelGCFailedAllocation", Time since last: 3423617109 ns, Reaching safepoint: 35700 ns, At safepoint: 24217808 ns, Total: 24253508 ns
[5627.105s][info ][safepoint      ] Safepoint "Cleanup", Time since last: 8000479612 ns, Reaching safepoint: 41401 ns, At safepoint: 2800 ns, Total: 44201 ns
[5631.105s][info ][safepoint      ] Safepoint "Cleanup", Time since last: 4000254249 ns, Reaching safepoint: 26800 ns, At safepoint: 2601 ns, Total: 29401 ns
[5637.105s][info ][safepoint      ] Safepoint "Cleanup", Time since last: 6000407016 ns, Reaching safepoint: 34800 ns, At safepoint: 3800 ns, Total: 38600 ns
[5638.106s][info ][safepoint      ] Safepoint "Cleanup", Time since last: 1000089285 ns, Reaching safepoint: 26600 ns, At safepoint: 2600 ns, Total: 29200 ns
[5644.106s][info ][safepoint      ] Safepoint "Cleanup", Time since last: 6000403205 ns, Reaching safepoint: 40500 ns, At safepoint: 2800 ns, Total: 43300 ns
[5651.107s][info ][safepoint      ] Safepoint "Cleanup", Time since last: 7000465677 ns, Reaching safepoint: 34500 ns, At safepoint: 4700 ns, Total: 39200 ns
[5657.107s][info ][safepoint      ] Safepoint "Cleanup", Time since last: 6000337983 ns, Reaching safepoint: 32200 ns, At safepoint: 3300 ns, Total: 35500 ns
[5671.661s][info ][gc,start       ] GC(130) Pause Young (Allocation Failure)
[5671.673s][debug][gc,phases      ] GC(130) Scavenge 12.506ms
[5671.673s][debug][gc,ref         ] GC(130) Skipped phase 1 of Reference Processing: no references
[5671.673s][debug][gc,ref         ] GC(130) ReferenceProcessor::execute queues: 1, RefProcThreadModel::Single, marks_oops_alive: false
[5671.674s][debug][gc,ref         ] GC(130) Skipped phase 3 of Reference Processing: no references
[5671.674s][debug][gc,ref         ] GC(130) ReferenceProcessor::execute queues: 1, RefProcThreadModel::Single, marks_oops_alive: false
[5671.674s][debug][gc,phases      ] GC(130) Reference Processing 0.099ms
[5671.674s][debug][gc,phases      ] GC(130)   VM Weak                        Min:  0.0, Avg:  0.0, Max:  0.0, Diff:  0.0, Sum:  0.0, Workers: 4
[5671.674s][debug][gc,phases      ] GC(130)     Dead                           Min: 0, Avg:  0.0, Max: 0, Diff: 0, Sum: 0, Workers: 4
[5671.674s][debug][gc,phases      ] GC(130)     Total                          Min: 0, Avg: 157.8, Max: 461, Diff: 461, Sum: 631, Workers: 4
[5671.674s][debug][gc,phases      ] GC(130)   ObjectSynchronizer Weak        Min:  0.0, Avg:  0.0, Max:  0.0, Diff:  0.0, Sum:  0.0, Workers: 4
[5671.674s][debug][gc,phases      ] GC(130)     Dead                           Min: 0, Avg:  0.0, Max: 0, Diff: 0, Sum: 0, Workers: 4
[5671.674s][debug][gc,phases      ] GC(130)     Total                          Min: 0, Avg: 15.5, Max: 62, Diff: 62, Sum: 62, Workers: 4
[5671.674s][debug][gc,phases      ] GC(130)   JVMTI Tag Weak OopStorage      Min:  0.0, Avg:  0.0, Max:  0.0, Diff:  0.0, Sum:  0.0, Workers: 4
[5671.674s][debug][gc,phases      ] GC(130)     Dead                           Min: 0, Avg:  0.0, Max: 0, Diff: 0, Sum: 0, Workers: 4
[5671.674s][debug][gc,phases      ] GC(130)     Total                          Min: 0, Avg:  0.0, Max: 0, Diff: 0, Sum: 0, Workers: 4
[5671.674s][debug][gc,phases      ] GC(130)   StringTable Weak               Min:  0.0, Avg:  0.1, Max:  0.1, Diff:  0.1, Sum:  0.4, Workers: 4
[5671.674s][debug][gc,phases      ] GC(130)     Dead                           Min: 0, Avg:  0.0, Max: 0, Diff: 0, Sum: 0, Workers: 4
[5671.674s][debug][gc,phases      ] GC(130)     Total                          Min: 0, Avg: 10742.0, Max: 14784, Diff: 14784, Sum: 42968, Workers: 4
[5671.674s][debug][gc,phases      ] GC(130)   ResolvedMethodTable Weak       Min:  0.0, Avg:  0.0, Max:  0.0, Diff:  0.0, Sum:  0.1, Workers: 4
[5671.674s][debug][gc,phases      ] GC(130)     Dead                           Min: 0, Avg:  0.0, Max: 0, Diff: 0, Sum: 0, Workers: 4
[5671.674s][debug][gc,phases      ] GC(130)     Total                          Min: 0, Avg: 2191.0, Max: 3133, Diff: 3133, Sum: 8764, Workers: 4
[5671.674s][debug][gc,phases      ] GC(130)   JNI Weak                       Min:  0.0, Avg:  0.0, Max:  0.0, Diff:  0.0, Sum:  0.0, Workers: 4
[5671.674s][debug][gc,phases      ] GC(130)     Dead                           Min: 0, Avg:  0.0, Max: 0, Diff: 0, Sum: 0, Workers: 4
[5671.674s][debug][gc,phases      ] GC(130)     Total                          Min: 0, Avg: 11.2, Max: 45, Diff: 45, Sum: 45, Workers: 4
[5671.674s][debug][gc,phases      ] GC(130)   StringDedup Table Weak         Min:  0.0, Avg:  0.0, Max:  0.0, Diff:  0.0, Sum:  0.0, Workers: 4
[5671.674s][debug][gc,phases      ] GC(130)     Dead                           Min: 0, Avg:  0.0, Max: 0, Diff: 0, Sum: 0, Workers: 4
[5671.674s][debug][gc,phases      ] GC(130)     Total                          Min: 0, Avg:  0.0, Max: 0, Diff: 0, Sum: 0, Workers: 4
[5671.674s][debug][gc,phases      ] GC(130)   StringDedup Requests0 Weak     Min:  0.0, Avg:  0.0, Max:  0.0, Diff:  0.0, Sum:  0.0, Workers: 4
[5671.674s][debug][gc,phases      ] GC(130)     Dead                           Min: 0, Avg:  0.0, Max: 0, Diff: 0, Sum: 0, Workers: 4
[5671.674s][debug][gc,phases      ] GC(130)     Total                          Min: 0, Avg:  0.0, Max: 0, Diff: 0, Sum: 0, Workers: 4
[5671.674s][debug][gc,phases      ] GC(130)   StringDedup Requests1 Weak     Min:  0.0, Avg:  0.0, Max:  0.0, Diff:  0.0, Sum:  0.0, Workers: 4
[5671.674s][debug][gc,phases      ] GC(130)     Dead                           Min: 0, Avg:  0.0, Max: 0, Diff: 0, Sum: 0, Workers: 4
[5671.674s][debug][gc,phases      ] GC(130)     Total                          Min: 0, Avg:  0.0, Max: 0, Diff: 0, Sum: 0, Workers: 4
[5671.674s][debug][gc,phases      ] GC(130)   Weak JFR Old Object Samples    Min:  0.0, Avg:  0.0, Max:  0.0, Diff:  0.0, Sum:  0.0, Workers: 4
[5671.674s][debug][gc,phases      ] GC(130)     Dead                           Min: 0, Avg:  0.0, Max: 0, Diff: 0, Sum: 0, Workers: 4
[5671.674s][debug][gc,phases      ] GC(130)     Total                          Min: 0, Avg:  0.0, Max: 0, Diff: 0, Sum: 0, Workers: 4
[5671.674s][debug][gc,phases      ] GC(130) Weak Processing 0.377ms
[5671.674s][debug][gc,age         ] GC(130) Desired survivor size 89653248 bytes, new threshold 15 (max threshold 15)
[5671.674s][info ][gc,heap        ] GC(130) PSYoungGen: 1960320K(2007552K)->34480K(2002944K) Eden: 1913344K(1913344K)->0K(1913344K) From: 46976K(94208K)->34480K(89600K)
[5671.674s][info ][gc,heap        ] GC(130) ParOldGen: 523617K(606208K)->537913K(606208K)
[5671.674s][info ][gc,metaspace   ] GC(130) Metaspace: 80109K(81216K)->80109K(81216K) NonClass: 68910K(69504K)->68910K(69504K) Class: 11199K(11712K)->11199K(11712K)
[5671.674s][info ][gc             ] GC(130) Pause Young (Allocation Failure) 2425M->558M(2548M) 13.093ms
[5671.674s][info ][gc,cpu         ] GC(130) User=0.05s Sys=0.00s Real=0.01s
[5671.674s][info ][safepoint      ] Safepoint "ParallelGCFailedAllocation", Time since last: 14553846633 ns, Reaching safepoint: 28201 ns, At safepoint: 13162713 ns, Total: 13190914 ns
[5696.676s][info ][safepoint      ] Safepoint "Cleanup", Time since last: 25001499519 ns, Reaching safepoint: 40901 ns, At safepoint: 3300 ns, Total: 44201 ns
[5697.676s][info ][safepoint      ] Safepoint "Cleanup", Time since last: 1000111170 ns, Reaching safepoint: 44500 ns, At safepoint: 10800 ns, Total: 55300 ns
[5700.676s][info ][safepoint      ] Safepoint "Cleanup", Time since last: 3000182908 ns, Reaching safepoint: 126201 ns, At safepoint: 7400 ns, Total: 133601 ns
[5717.677s][info ][safepoint      ] Safepoint "Cleanup", Time since last: 17001107634 ns, Reaching safepoint: 108701 ns, At safepoint: 8900 ns, Total: 117601 ns
[5726.480s][info ][safepoint      ] Safepoint "ParallelGCFailedAllocation", Time since last: 8803188183 ns, Reaching safepoint: 38800 ns, At safepoint: 8600 ns, Total: 47400 ns
[5726.481s][info ][gc,start       ] GC(131) Pause Young (GCLocker Initiated GC)
[5726.493s][debug][gc,phases      ] GC(131) Scavenge 11.977ms
[5726.493s][debug][gc,ref         ] GC(131) Skipped phase 1 of Reference Processing: no references
[5726.493s][debug][gc,ref         ] GC(131) ReferenceProcessor::execute queues: 1, RefProcThreadModel::Single, marks_oops_alive: false
[5726.493s][debug][gc,ref         ] GC(131) Skipped phase 3 of Reference Processing: no references
[5726.493s][debug][gc,ref         ] GC(131) ReferenceProcessor::execute queues: 1, RefProcThreadModel::Single, marks_oops_alive: false
[5726.493s][debug][gc,phases      ] GC(131) Reference Processing 0.089ms
[5726.493s][debug][gc,phases      ] GC(131)   VM Weak                        Min:  0.0, Avg:  0.0, Max:  0.0, Diff:  0.0, Sum:  0.0, Workers: 4
[5726.493s][debug][gc,phases      ] GC(131)     Dead                           Min: 0, Avg:  0.0, Max: 0, Diff: 0, Sum: 0, Workers: 4
[5726.493s][debug][gc,phases      ] GC(131)     Total                          Min: 0, Avg: 157.8, Max: 373, Diff: 373, Sum: 631, Workers: 4
[5726.493s][debug][gc,phases      ] GC(131)   ObjectSynchronizer Weak        Min:  0.0, Avg:  0.0, Max:  0.0, Diff:  0.0, Sum:  0.0, Workers: 4
[5726.493s][debug][gc,phases      ] GC(131)     Dead                           Min: 0, Avg:  0.0, Max: 0, Diff: 0, Sum: 0, Workers: 4
[5726.493s][debug][gc,phases      ] GC(131)     Total                          Min: 0, Avg: 15.5, Max: 62, Diff: 62, Sum: 62, Workers: 4
[5726.493s][debug][gc,phases      ] GC(131)   JVMTI Tag Weak OopStorage      Min:  0.0, Avg:  0.0, Max:  0.0, Diff:  0.0, Sum:  0.0, Workers: 4
[5726.493s][debug][gc,phases      ] GC(131)     Dead                           Min: 0, Avg:  0.0, Max: 0, Diff: 0, Sum: 0, Workers: 4
[5726.493s][debug][gc,phases      ] GC(131)     Total                          Min: 0, Avg:  0.0, Max: 0, Diff: 0, Sum: 0, Workers: 4
[5726.493s][debug][gc,phases      ] GC(131)   StringTable Weak               Min:  0.1, Avg:  0.1, Max:  0.1, Diff:  0.0, Sum:  0.4, Workers: 4
[5726.493s][debug][gc,phases      ] GC(131)     Dead                           Min: 0, Avg:  0.0, Max: 0, Diff: 0, Sum: 0, Workers: 4
[5726.493s][debug][gc,phases      ] GC(131)     Total                          Min: 10496, Avg: 10742.0, Max: 11032, Diff: 536, Sum: 42968, Workers: 4
[5726.493s][debug][gc,phases      ] GC(131)   ResolvedMethodTable Weak       Min:  0.0, Avg:  0.0, Max:  0.0, Diff:  0.0, Sum:  0.1, Workers: 4
[5726.493s][debug][gc,phases      ] GC(131)     Dead                           Min: 0, Avg:  0.0, Max: 0, Diff: 0, Sum: 0, Workers: 4
[5726.493s][debug][gc,phases      ] GC(131)     Total                          Min: 2112, Avg: 2191.0, Max: 2304, Diff: 192, Sum: 8764, Workers: 4
[5726.493s][debug][gc,phases      ] GC(131)   JNI Weak                       Min:  0.0, Avg:  0.0, Max:  0.0, Diff:  0.0, Sum:  0.0, Workers: 4
[5726.493s][debug][gc,phases      ] GC(131)     Dead                           Min: 0, Avg:  0.0, Max: 0, Diff: 0, Sum: 0, Workers: 4
[5726.493s][debug][gc,phases      ] GC(131)     Total                          Min: 0, Avg: 11.2, Max: 45, Diff: 45, Sum: 45, Workers: 4
[5726.493s][debug][gc,phases      ] GC(131)   StringDedup Table Weak         Min:  0.0, Avg:  0.0, Max:  0.0, Diff:  0.0, Sum:  0.0, Workers: 4
[5726.493s][debug][gc,phases      ] GC(131)     Dead                           Min: 0, Avg:  0.0, Max: 0, Diff: 0, Sum: 0, Workers: 4
[5726.493s][debug][gc,phases      ] GC(131)     Total                          Min: 0, Avg:  0.0, Max: 0, Diff: 0, Sum: 0, Workers: 4
[5726.493s][debug][gc,phases      ] GC(131)   StringDedup Requests0 Weak     Min:  0.0, Avg:  0.0, Max:  0.0, Diff:  0.0, Sum:  0.0, Workers: 4
[5726.493s][debug][gc,phases      ] GC(131)     Dead                           Min: 0, Avg:  0.0, Max: 0, Diff: 0, Sum: 0, Workers: 4
[5726.493s][debug][gc,phases      ] GC(131)     Total                          Min: 0, Avg:  0.0, Max: 0, Diff: 0, Sum: 0, Workers: 4
[5726.493s][debug][gc,phases      ] GC(131)   StringDedup Requests1 Weak     Min:  0.0, Avg:  0.0, Max:  0.0, Diff:  0.0, Sum:  0.0, Workers: 4
[5726.493s][debug][gc,phases      ] GC(131)     Dead                           Min: 0, Avg:  0.0, Max: 0, Diff: 0, Sum: 0, Workers: 4
[5726.493s][debug][gc,phases      ] GC(131)     Total                          Min: 0, Avg:  0.0, Max: 0, Diff: 0, Sum: 0, Workers: 4
[5726.493s][debug][gc,phases      ] GC(131)   Weak JFR Old Object Samples    Min:  0.0, Avg:  0.0, Max:  0.0, Diff:  0.0, Sum:  0.0, Workers: 4
[5726.493s][debug][gc,phases      ] GC(131)     Dead                           Min: 0, Avg:  0.0, Max: 0, Diff: 0, Sum: 0, Workers: 4
[5726.493s][debug][gc,phases      ] GC(131)     Total                          Min: 0, Avg:  0.0, Max: 0, Diff: 0, Sum: 0, Workers: 4
[5726.493s][debug][gc,phases      ] GC(131) Weak Processing 0.278ms
[5726.493s][debug][gc,age         ] GC(131) Desired survivor size 87031808 bytes, new threshold 15 (max threshold 15)
[5726.493s][info ][gc,heap        ] GC(131) PSYoungGen: 1947824K(2002944K)->34304K(2012160K) Eden: 1913344K(1913344K)->0K(1924608K) From: 34480K(89600K)->34304K(87552K)
[5726.493s][info ][gc,heap        ] GC(131) ParOldGen: 537913K(606208K)->538361K(606208K)
[5726.493s][info ][gc,metaspace   ] GC(131) Metaspace: 80110K(81216K)->80110K(81216K) NonClass: 68911K(69504K)->68911K(69504K) Class: 11199K(11712K)->11199K(11712K)
[5726.493s][info ][gc             ] GC(131) Pause Young (GCLocker Initiated GC) 2427M->559M(2557M) 12.430ms
[5726.493s][info ][gc,cpu         ] GC(131) User=0.03s Sys=0.00s Real=0.01s
[5726.493s][info ][safepoint      ] Safepoint "ParallelGCSystemGC", Time since last: 68201 ns, Reaching safepoint: 16000 ns, At safepoint: 12491307 ns, Total: 12507307 ns
[5727.493s][info ][safepoint      ] Safepoint "Cleanup", Time since last: 1000083563 ns, Reaching safepoint: 46800 ns, At safepoint: 4400 ns, Total: 51200 ns
[5733.494s][info ][safepoint      ] Safepoint "Cleanup", Time since last: 6000405571 ns, Reaching safepoint: 51300 ns, At safepoint: 5200 ns, Total: 56500 ns
[5761.537s][info ][safepoint      ] Safepoint "Cleanup", Time since last: 28042854273 ns, Reaching safepoint: 54001 ns, At safepoint: 3000 ns, Total: 57001 ns
[5773.078s][info ][gc,start       ] GC(132) Pause Young (Allocation Failure)
[5773.094s][debug][gc,phases      ] GC(132) Scavenge 16.320ms
[5773.094s][debug][gc,ref         ] GC(132) Skipped phase 1 of Reference Processing: no references
[5773.094s][debug][gc,ref         ] GC(132) ReferenceProcessor::execute queues: 1, RefProcThreadModel::Single, marks_oops_alive: false
[5773.094s][debug][gc,ref         ] GC(132) Skipped phase 3 of Reference Processing: no references
[5773.094s][debug][gc,ref         ] GC(132) ReferenceProcessor::execute queues: 1, RefProcThreadModel::Single, marks_oops_alive: false
[5773.094s][debug][gc,phases      ] GC(132) Reference Processing 0.085ms
[5773.094s][debug][gc,phases      ] GC(132)   VM Weak                        Min:  0.0, Avg:  0.0, Max:  0.0, Diff:  0.0, Sum:  0.0, Workers: 4
[5773.094s][debug][gc,phases      ] GC(132)     Dead                           Min: 0, Avg:  0.0, Max: 0, Diff: 0, Sum: 0, Workers: 4
[5773.094s][debug][gc,phases      ] GC(132)     Total                          Min: 0, Avg: 157.8, Max: 568, Diff: 568, Sum: 631, Workers: 4
[5773.094s][debug][gc,phases      ] GC(132)   ObjectSynchronizer Weak        Min:  0.0, Avg:  0.0, Max:  0.0, Diff:  0.0, Sum:  0.0, Workers: 4
[5773.094s][debug][gc,phases      ] GC(132)     Dead                           Min: 0, Avg:  0.0, Max: 0, Diff: 0, Sum: 0, Workers: 4
[5773.094s][debug][gc,phases      ] GC(132)     Total                          Min: 0, Avg: 15.5, Max: 62, Diff: 62, Sum: 62, Workers: 4
[5773.094s][debug][gc,phases      ] GC(132)   JVMTI Tag Weak OopStorage      Min:  0.0, Avg:  0.0, Max:  0.0, Diff:  0.0, Sum:  0.0, Workers: 4
[5773.094s][debug][gc,phases      ] GC(132)     Dead                           Min: 0, Avg:  0.0, Max: 0, Diff: 0, Sum: 0, Workers: 4
[5773.094s][debug][gc,phases      ] GC(132)     Total                          Min: 0, Avg:  0.0, Max: 0, Diff: 0, Sum: 0, Workers: 4
[5773.094s][debug][gc,phases      ] GC(132)   StringTable Weak               Min:  0.0, Avg:  0.1, Max:  0.1, Diff:  0.1, Sum:  0.4, Workers: 4
[5773.094s][debug][gc,phases      ] GC(132)     Dead                           Min: 0, Avg:  0.0, Max: 0, Diff: 0, Sum: 0, Workers: 4
[5773.094s][debug][gc,phases      ] GC(132)     Total                          Min: 0, Avg: 10742.0, Max: 14656, Diff: 14656, Sum: 42968, Workers: 4
[5773.094s][debug][gc,phases      ] GC(132)   ResolvedMethodTable Weak       Min:  0.0, Avg:  0.0, Max:  0.0, Diff:  0.0, Sum:  0.1, Workers: 4
[5773.094s][debug][gc,phases      ] GC(132)     Dead                           Min: 0, Avg:  0.0, Max: 0, Diff: 0, Sum: 0, Workers: 4
[5773.094s][debug][gc,phases      ] GC(132)     Total                          Min: 0, Avg: 2191.0, Max: 3264, Diff: 3264, Sum: 8764, Workers: 4
[5773.094s][debug][gc,phases      ] GC(132)   JNI Weak                       Min:  0.0, Avg:  0.0, Max:  0.0, Diff:  0.0, Sum:  0.0, Workers: 4
[5773.094s][debug][gc,phases      ] GC(132)     Dead                           Min: 0, Avg:  0.0, Max: 0, Diff: 0, Sum: 0, Workers: 4
[5773.094s][debug][gc,phases      ] GC(132)     Total                          Min: 0, Avg: 11.2, Max: 45, Diff: 45, Sum: 45, Workers: 4
[5773.094s][debug][gc,phases      ] GC(132)   StringDedup Table Weak         Min:  0.0, Avg:  0.0, Max:  0.0, Diff:  0.0, Sum:  0.0, Workers: 4
[5773.094s][debug][gc,phases      ] GC(132)     Dead                           Min: 0, Avg:  0.0, Max: 0, Diff: 0, Sum: 0, Workers: 4
[5773.094s][debug][gc,phases      ] GC(132)     Total                          Min: 0, Avg:  0.0, Max: 0, Diff: 0, Sum: 0, Workers: 4
[5773.094s][debug][gc,phases      ] GC(132)   StringDedup Requests0 Weak     Min:  0.0, Avg:  0.0, Max:  0.0, Diff:  0.0, Sum:  0.0, Workers: 4
[5773.094s][debug][gc,phases      ] GC(132)     Dead                           Min: 0, Avg:  0.0, Max: 0, Diff: 0, Sum: 0, Workers: 4
[5773.094s][debug][gc,phases      ] GC(132)     Total                          Min: 0, Avg:  0.0, Max: 0, Diff: 0, Sum: 0, Workers: 4
[5773.094s][debug][gc,phases      ] GC(132)   StringDedup Requests1 Weak     Min:  0.0, Avg:  0.0, Max:  0.0, Diff:  0.0, Sum:  0.0, Workers: 4
[5773.094s][debug][gc,phases      ] GC(132)     Dead                           Min: 0, Avg:  0.0, Max: 0, Diff: 0, Sum: 0, Workers: 4
[5773.094s][debug][gc,phases      ] GC(132)     Total                          Min: 0, Avg:  0.0, Max: 0, Diff: 0, Sum: 0, Workers: 4
[5773.094s][debug][gc,phases      ] GC(132)   Weak JFR Old Object Samples    Min:  0.0, Avg:  0.0, Max:  0.0, Diff:  0.0, Sum:  0.0, Workers: 4
[5773.094s][debug][gc,phases      ] GC(132)     Dead                           Min: 0, Avg:  0.0, Max: 0, Diff: 0, Sum: 0, Workers: 4
[5773.094s][debug][gc,phases      ] GC(132)     Total                          Min: 0, Avg:  0.0, Max: 0, Diff: 0, Sum: 0, Workers: 4
[5773.094s][debug][gc,phases      ] GC(132) Weak Processing 0.400ms
[5773.094s][debug][gc,age         ] GC(132) Desired survivor size 84934656 bytes, new threshold 15 (max threshold 15)
[5773.095s][info ][gc,heap        ] GC(132) PSYoungGen: 1958912K(2012160K)->34480K(2009600K) Eden: 1924608K(1924608K)->0K(1924608K) From: 34304K(87552K)->34480K(84992K)
[5773.095s][info ][gc,heap        ] GC(132) ParOldGen: 539131K(606208K)->539227K(606208K)
[5773.095s][info ][gc,metaspace   ] GC(132) Metaspace: 80120K(81216K)->80120K(81216K) NonClass: 68921K(69504K)->68921K(69504K) Class: 11199K(11712K)->11199K(11712K)
[5773.095s][info ][gc             ] GC(132) Pause Young (Allocation Failure) 2439M->560M(2554M) 16.928ms
[5773.095s][info ][gc,cpu         ] GC(132) User=0.03s Sys=0.00s Real=0.02s
[5773.095s][info ][safepoint      ] Safepoint "ParallelGCFailedAllocation", Time since last: 11540921710 ns, Reaching safepoint: 99201 ns, At safepoint: 17000145 ns, Total: 17099346 ns
[5780.095s][info ][safepoint      ] Safepoint "Cleanup", Time since last: 7000456962 ns, Reaching safepoint: 36900 ns, At safepoint: 7901 ns, Total: 44801 ns
[5793.096s][info ][safepoint      ] Safepoint "Cleanup", Time since last: 13000854344 ns, Reaching safepoint: 27901 ns, At safepoint: 3300 ns, Total: 31201 ns
[5799.096s][info ][safepoint      ] Safepoint "Cleanup", Time since last: 6000370486 ns, Reaching safepoint: 45300 ns, At safepoint: 25600 ns, Total: 70900 ns
[5827.850s][info ][gc,start       ] GC(133) Pause Young (Allocation Failure)
[5827.861s][debug][gc,phases      ] GC(133) Scavenge 10.611ms
[5827.861s][debug][gc,ref         ] GC(133) Skipped phase 1 of Reference Processing: no references
[5827.861s][debug][gc,ref         ] GC(133) ReferenceProcessor::execute queues: 1, RefProcThreadModel::Single, marks_oops_alive: false
[5827.861s][debug][gc,ref         ] GC(133) Skipped phase 3 of Reference Processing: no references
[5827.861s][debug][gc,ref         ] GC(133) ReferenceProcessor::execute queues: 1, RefProcThreadModel::Single, marks_oops_alive: false
[5827.861s][debug][gc,phases      ] GC(133) Reference Processing 0.099ms
[5827.861s][debug][gc,phases      ] GC(133)   VM Weak                        Min:  0.0, Avg:  0.0, Max:  0.0, Diff:  0.0, Sum:  0.0, Workers: 4
[5827.861s][debug][gc,phases      ] GC(133)     Dead                           Min: 0, Avg:  0.0, Max: 0, Diff: 0, Sum: 0, Workers: 4
[5827.861s][debug][gc,phases      ] GC(133)     Total                          Min: 0, Avg: 157.8, Max: 517, Diff: 517, Sum: 631, Workers: 4
[5827.861s][debug][gc,phases      ] GC(133)   ObjectSynchronizer Weak        Min:  0.0, Avg:  0.0, Max:  0.0, Diff:  0.0, Sum:  0.0, Workers: 4
[5827.861s][debug][gc,phases      ] GC(133)     Dead                           Min: 0, Avg:  0.0, Max: 0, Diff: 0, Sum: 0, Workers: 4
[5827.861s][debug][gc,phases      ] GC(133)     Total                          Min: 0, Avg: 15.5, Max: 62, Diff: 62, Sum: 62, Workers: 4
[5827.861s][debug][gc,phases      ] GC(133)   JVMTI Tag Weak OopStorage      Min:  0.0, Avg:  0.0, Max:  0.0, Diff:  0.0, Sum:  0.0, Workers: 4
[5827.861s][debug][gc,phases      ] GC(133)     Dead                           Min: 0, Avg:  0.0, Max: 0, Diff: 0, Sum: 0, Workers: 4
[5827.861s][debug][gc,phases      ] GC(133)     Total                          Min: 0, Avg:  0.0, Max: 0, Diff: 0, Sum: 0, Workers: 4
[5827.861s][debug][gc,phases      ] GC(133)   StringTable Weak               Min:  0.1, Avg:  0.1, Max:  0.1, Diff:  0.0, Sum:  0.4, Workers: 4
[5827.861s][debug][gc,phases      ] GC(133)     Dead                           Min: 0, Avg:  0.0, Max: 0, Diff: 0, Sum: 0, Workers: 4
[5827.861s][debug][gc,phases      ] GC(133)     Total                          Min: 10496, Avg: 10742.0, Max: 10968, Diff: 472, Sum: 42968, Workers: 4
[5827.861s][debug][gc,phases      ] GC(133)   ResolvedMethodTable Weak       Min:  0.0, Avg:  0.0, Max:  0.0, Diff:  0.0, Sum:  0.1, Workers: 4
[5827.861s][debug][gc,phases      ] GC(133)     Dead                           Min: 0, Avg:  0.0, Max: 0, Diff: 0, Sum: 0, Workers: 4
[5827.861s][debug][gc,phases      ] GC(133)     Total                          Min: 2048, Avg: 2191.0, Max: 2365, Diff: 317, Sum: 8764, Workers: 4
[5827.861s][debug][gc,phases      ] GC(133)   JNI Weak                       Min:  0.0, Avg:  0.0, Max:  0.0, Diff:  0.0, Sum:  0.0, Workers: 4
[5827.861s][debug][gc,phases      ] GC(133)     Dead                           Min: 0, Avg:  0.0, Max: 0, Diff: 0, Sum: 0, Workers: 4
[5827.861s][debug][gc,phases      ] GC(133)     Total                          Min: 0, Avg: 11.2, Max: 45, Diff: 45, Sum: 45, Workers: 4
[5827.861s][debug][gc,phases      ] GC(133)   StringDedup Table Weak         Min:  0.0, Avg:  0.0, Max:  0.0, Diff:  0.0, Sum:  0.0, Workers: 4
[5827.861s][debug][gc,phases      ] GC(133)     Dead                           Min: 0, Avg:  0.0, Max: 0, Diff: 0, Sum: 0, Workers: 4
[5827.861s][debug][gc,phases      ] GC(133)     Total                          Min: 0, Avg:  0.0, Max: 0, Diff: 0, Sum: 0, Workers: 4
[5827.861s][debug][gc,phases      ] GC(133)   StringDedup Requests0 Weak     Min:  0.0, Avg:  0.0, Max:  0.0, Diff:  0.0, Sum:  0.0, Workers: 4
[5827.861s][debug][gc,phases      ] GC(133)     Dead                           Min: 0, Avg:  0.0, Max: 0, Diff: 0, Sum: 0, Workers: 4
[5827.861s][debug][gc,phases      ] GC(133)     Total                          Min: 0, Avg:  0.0, Max: 0, Diff: 0, Sum: 0, Workers: 4
[5827.861s][debug][gc,phases      ] GC(133)   StringDedup Requests1 Weak     Min:  0.0, Avg:  0.0, Max:  0.0, Diff:  0.0, Sum:  0.0, Workers: 4
[5827.861s][debug][gc,phases      ] GC(133)     Dead                           Min: 0, Avg:  0.0, Max: 0, Diff: 0, Sum: 0, Workers: 4
[5827.861s][debug][gc,phases      ] GC(133)     Total                          Min: 0, Avg:  0.0, Max: 0, Diff: 0, Sum: 0, Workers: 4
[5827.861s][debug][gc,phases      ] GC(133)   Weak JFR Old Object Samples    Min:  0.0, Avg:  0.0, Max:  0.0, Diff:  0.0, Sum:  0.0, Workers: 4
[5827.861s][debug][gc,phases      ] GC(133)     Dead                           Min: 0, Avg:  0.0, Max: 0, Diff: 0, Sum: 0, Workers: 4
[5827.861s][debug][gc,phases      ] GC(133)     Total                          Min: 0, Avg:  0.0, Max: 0, Diff: 0, Sum: 0, Workers: 4
[5827.861s][debug][gc,phases      ] GC(133) Weak Processing 0.291ms
[5827.861s][debug][gc,age         ] GC(133) Desired survivor size 82313216 bytes, new threshold 15 (max threshold 15)
[5827.861s][info ][gc,heap        ] GC(133) PSYoungGen: 1959088K(2009600K)->34992K(2016768K) Eden: 1924608K(1924608K)->0K(1933824K) From: 34480K(84992K)->34992K(82944K)
[5827.861s][info ][gc,heap        ] GC(133) ParOldGen: 539227K(606208K)->539267K(606208K)
[5827.861s][info ][gc,metaspace   ] GC(133) Metaspace: 80132K(81216K)->80132K(81216K) NonClass: 68933K(69504K)->68933K(69504K) Class: 11199K(11712K)->11199K(11712K)
[5827.861s][info ][gc             ] GC(133) Pause Young (Allocation Failure) 2439M->560M(2561M) 11.124ms
[5827.861s][info ][gc,cpu         ] GC(133) User=0.03s Sys=0.00s Real=0.02s
[5827.861s][info ][safepoint      ] Safepoint "ParallelGCFailedAllocation", Time since last: 28753379560 ns, Reaching safepoint: 105401 ns, At safepoint: 11204096 ns, Total: 11309497 ns
[5830.861s][info ][safepoint      ] Safepoint "Cleanup", Time since last: 3000182623 ns, Reaching safepoint: 38600 ns, At safepoint: 24901 ns, Total: 63501 ns
[5844.862s][info ][safepoint      ] Safepoint "Cleanup", Time since last: 14000833653 ns, Reaching safepoint: 37301 ns, At safepoint: 4900 ns, Total: 42201 ns
[5849.863s][info ][safepoint      ] Safepoint "Cleanup", Time since last: 5000302889 ns, Reaching safepoint: 39800 ns, At safepoint: 2600 ns, Total: 42400 ns
[5852.863s][info ][safepoint      ] Safepoint "Cleanup", Time since last: 3000228012 ns, Reaching safepoint: 40600 ns, At safepoint: 3500 ns, Total: 44100 ns
[5869.864s][info ][safepoint      ] Safepoint "Cleanup", Time since last: 17001111101 ns, Reaching safepoint: 43301 ns, At safepoint: 3400 ns, Total: 46701 ns
[5870.864s][info ][safepoint      ] Safepoint "Cleanup", Time since last: 1000062133 ns, Reaching safepoint: 27501 ns, At safepoint: 2900 ns, Total: 30401 ns
[5871.864s][info ][safepoint      ] Safepoint "Cleanup", Time since last: 1000105834 ns, Reaching safepoint: 35400 ns, At safepoint: 3100 ns, Total: 38500 ns
[5874.864s][info ][safepoint      ] Safepoint "Cleanup", Time since last: 3000230100 ns, Reaching safepoint: 45000 ns, At safepoint: 2600 ns, Total: 47600 ns
[5876.865s][info ][safepoint      ] Safepoint "Cleanup", Time since last: 2000168566 ns, Reaching safepoint: 28801 ns, At safepoint: 2800 ns, Total: 31601 ns
[5878.250s][info ][gc,start       ] GC(134) Pause Young (Allocation Failure)
[5878.261s][debug][gc,phases      ] GC(134) Scavenge 10.694ms
[5878.261s][debug][gc,ref         ] GC(134) Skipped phase 1 of Reference Processing: no references
[5878.261s][debug][gc,ref         ] GC(134) ReferenceProcessor::execute queues: 1, RefProcThreadModel::Single, marks_oops_alive: false
[5878.261s][debug][gc,ref         ] GC(134) Skipped phase 3 of Reference Processing: no references
[5878.261s][debug][gc,ref         ] GC(134) ReferenceProcessor::execute queues: 1, RefProcThreadModel::Single, marks_oops_alive: false
[5878.261s][debug][gc,phases      ] GC(134) Reference Processing 0.084ms
[5878.261s][debug][gc,phases      ] GC(134)   VM Weak                        Min:  0.0, Avg:  0.0, Max:  0.0, Diff:  0.0, Sum:  0.0, Workers: 4
[5878.261s][debug][gc,phases      ] GC(134)     Dead                           Min: 0, Avg:  0.0, Max: 0, Diff: 0, Sum: 0, Workers: 4
[5878.261s][debug][gc,phases      ] GC(134)     Total                          Min: 0, Avg: 157.8, Max: 410, Diff: 410, Sum: 631, Workers: 4
[5878.261s][debug][gc,phases      ] GC(134)   ObjectSynchronizer Weak        Min:  0.0, Avg:  0.0, Max:  0.0, Diff:  0.0, Sum:  0.0, Workers: 4
[5878.261s][debug][gc,phases      ] GC(134)     Dead                           Min: 0, Avg:  0.0, Max: 0, Diff: 0, Sum: 0, Workers: 4
[5878.261s][debug][gc,phases      ] GC(134)     Total                          Min: 0, Avg: 15.5, Max: 62, Diff: 62, Sum: 62, Workers: 4
[5878.261s][debug][gc,phases      ] GC(134)   JVMTI Tag Weak OopStorage      Min:  0.0, Avg:  0.0, Max:  0.0, Diff:  0.0, Sum:  0.0, Workers: 4
[5878.261s][debug][gc,phases      ] GC(134)     Dead                           Min: 0, Avg:  0.0, Max: 0, Diff: 0, Sum: 0, Workers: 4
[5878.261s][debug][gc,phases      ] GC(134)     Total                          Min: 0, Avg:  0.0, Max: 0, Diff: 0, Sum: 0, Workers: 4
[5878.261s][debug][gc,phases      ] GC(134)   StringTable Weak               Min:  0.1, Avg:  0.1, Max:  0.1, Diff:  0.0, Sum:  0.4, Workers: 4
[5878.261s][debug][gc,phases      ] GC(134)     Dead                           Min: 0, Avg:  0.0, Max: 0, Diff: 0, Sum: 0, Workers: 4
[5878.261s][debug][gc,phases      ] GC(134)     Total                          Min: 9728, Avg: 10742.0, Max: 11608, Diff: 1880, Sum: 42968, Workers: 4
[5878.261s][debug][gc,phases      ] GC(134)   ResolvedMethodTable Weak       Min:  0.0, Avg:  0.0, Max:  0.0, Diff:  0.0, Sum:  0.1, Workers: 4
[5878.261s][debug][gc,phases      ] GC(134)     Dead                           Min: 0, Avg:  0.0, Max: 0, Diff: 0, Sum: 0, Workers: 4
[5878.261s][debug][gc,phases      ] GC(134)     Total                          Min: 2047, Avg: 2191.0, Max: 2365, Diff: 318, Sum: 8764, Workers: 4
[5878.261s][debug][gc,phases      ] GC(134)   JNI Weak                       Min:  0.0, Avg:  0.0, Max:  0.0, Diff:  0.0, Sum:  0.0, Workers: 4
[5878.261s][debug][gc,phases      ] GC(134)     Dead                           Min: 0, Avg:  0.0, Max: 0, Diff: 0, Sum: 0, Workers: 4
[5878.261s][debug][gc,phases      ] GC(134)     Total                          Min: 0, Avg: 11.2, Max: 45, Diff: 45, Sum: 45, Workers: 4
[5878.261s][debug][gc,phases      ] GC(134)   StringDedup Table Weak         Min:  0.0, Avg:  0.0, Max:  0.0, Diff:  0.0, Sum:  0.0, Workers: 4
[5878.261s][debug][gc,phases      ] GC(134)     Dead                           Min: 0, Avg:  0.0, Max: 0, Diff: 0, Sum: 0, Workers: 4
[5878.261s][debug][gc,phases      ] GC(134)     Total                          Min: 0, Avg:  0.0, Max: 0, Diff: 0, Sum: 0, Workers: 4
[5878.261s][debug][gc,phases      ] GC(134)   StringDedup Requests0 Weak     Min:  0.0, Avg:  0.0, Max:  0.0, Diff:  0.0, Sum:  0.0, Workers: 4
[5878.261s][debug][gc,phases      ] GC(134)     Dead                           Min: 0, Avg:  0.0, Max: 0, Diff: 0, Sum: 0, Workers: 4
[5878.261s][debug][gc,phases      ] GC(134)     Total                          Min: 0, Avg:  0.0, Max: 0, Diff: 0, Sum: 0, Workers: 4
[5878.261s][debug][gc,phases      ] GC(134)   StringDedup Requests1 Weak     Min:  0.0, Avg:  0.0, Max:  0.0, Diff:  0.0, Sum:  0.0, Workers: 4
[5878.261s][debug][gc,phases      ] GC(134)     Dead                           Min: 0, Avg:  0.0, Max: 0, Diff: 0, Sum: 0, Workers: 4
[5878.261s][debug][gc,phases      ] GC(134)     Total                          Min: 0, Avg:  0.0, Max: 0, Diff: 0, Sum: 0, Workers: 4
[5878.261s][debug][gc,phases      ] GC(134)   Weak JFR Old Object Samples    Min:  0.0, Avg:  0.0, Max:  0.0, Diff:  0.0, Sum:  0.0, Workers: 4
[5878.261s][debug][gc,phases      ] GC(134)     Dead                           Min: 0, Avg:  0.0, Max: 0, Diff: 0, Sum: 0, Workers: 4
[5878.261s][debug][gc,phases      ] GC(134)     Total                          Min: 0, Avg:  0.0, Max: 0, Diff: 0, Sum: 0, Workers: 4
[5878.261s][debug][gc,phases      ] GC(134) Weak Processing 0.294ms
[5878.261s][debug][gc,age         ] GC(134) Desired survivor size 82313216 bytes, new threshold 15 (max threshold 15)
[5878.261s][info ][gc,heap        ] GC(134) PSYoungGen: 1968816K(2016768K)->20544K(2014208K) Eden: 1933824K(1933824K)->0K(1933824K) From: 34992K(82944K)->20544K(80384K)
[5878.261s][info ][gc,heap        ] GC(134) ParOldGen: 539267K(606208K)->555159K(606208K)
[5878.261s][info ][gc,metaspace   ] GC(134) Metaspace: 80140K(81216K)->80140K(81216K) NonClass: 68941K(69504K)->68941K(69504K) Class: 11199K(11712K)->11199K(11712K)
[5878.261s][info ][gc             ] GC(134) Pause Young (Allocation Failure) 2449M->562M(2559M) 11.180ms
[5878.261s][info ][gc,cpu         ] GC(134) User=0.04s Sys=0.00s Real=0.02s
[5878.261s][info ][safepoint      ] Safepoint "ParallelGCFailedAllocation", Time since last: 1385098317 ns, Reaching safepoint: 24401 ns, At safepoint: 11253996 ns, Total: 11278397 ns
[5879.261s][info ][safepoint      ] Safepoint "Cleanup", Time since last: 1000063932 ns, Reaching safepoint: 41500 ns, At safepoint: 2800 ns, Total: 44300 ns
[5881.261s][info ][safepoint      ] Safepoint "Cleanup", Time since last: 2000164665 ns, Reaching safepoint: 49800 ns, At safepoint: 3000 ns, Total: 52800 ns
[5885.262s][info ][safepoint      ] Safepoint "Cleanup", Time since last: 4000286427 ns, Reaching safepoint: 42900 ns, At safepoint: 4400 ns, Total: 47300 ns
[5887.262s][info ][safepoint      ] Safepoint "Cleanup", Time since last: 2000163662 ns, Reaching safepoint: 46801 ns, At safepoint: 8700 ns, Total: 55501 ns
[5888.262s][info ][safepoint      ] Safepoint "Cleanup", Time since last: 1000056130 ns, Reaching safepoint: 46701 ns, At safepoint: 2700 ns, Total: 49401 ns
[5889.262s][info ][safepoint      ] Safepoint "Cleanup", Time since last: 1000072531 ns, Reaching safepoint: 44600 ns, At safepoint: 5000 ns, Total: 49600 ns
[5908.263s][info ][safepoint      ] Safepoint "Cleanup", Time since last: 19001101349 ns, Reaching safepoint: 45901 ns, At safepoint: 3200 ns, Total: 49101 ns
[5923.428s][info ][gc,start       ] GC(135) Pause Young (Allocation Failure)
[5923.437s][debug][gc,phases      ] GC(135) Scavenge 9.062ms
[5923.437s][debug][gc,ref         ] GC(135) Skipped phase 1 of Reference Processing: no references
[5923.437s][debug][gc,ref         ] GC(135) ReferenceProcessor::execute queues: 1, RefProcThreadModel::Single, marks_oops_alive: false
[5923.437s][debug][gc,ref         ] GC(135) Skipped phase 3 of Reference Processing: no references
[5923.437s][debug][gc,ref         ] GC(135) ReferenceProcessor::execute queues: 1, RefProcThreadModel::Single, marks_oops_alive: false
[5923.437s][debug][gc,phases      ] GC(135) Reference Processing 0.075ms
[5923.437s][debug][gc,phases      ] GC(135)   VM Weak                        Min:  0.0, Avg:  0.0, Max:  0.0, Diff:  0.0, Sum:  0.0, Workers: 4
[5923.437s][debug][gc,phases      ] GC(135)     Dead                           Min: 0, Avg:  0.0, Max: 0, Diff: 0, Sum: 0, Workers: 4
[5923.437s][debug][gc,phases      ] GC(135)     Total                          Min: 0, Avg: 157.8, Max: 404, Diff: 404, Sum: 631, Workers: 4
[5923.437s][debug][gc,phases      ] GC(135)   ObjectSynchronizer Weak        Min:  0.0, Avg:  0.0, Max:  0.0, Diff:  0.0, Sum:  0.0, Workers: 4
[5923.437s][debug][gc,phases      ] GC(135)     Dead                           Min: 0, Avg:  0.0, Max: 0, Diff: 0, Sum: 0, Workers: 4
[5923.437s][debug][gc,phases      ] GC(135)     Total                          Min: 0, Avg: 15.5, Max: 62, Diff: 62, Sum: 62, Workers: 4
[5923.437s][debug][gc,phases      ] GC(135)   JVMTI Tag Weak OopStorage      Min:  0.0, Avg:  0.0, Max:  0.0, Diff:  0.0, Sum:  0.0, Workers: 4
[5923.437s][debug][gc,phases      ] GC(135)     Dead                           Min: 0, Avg:  0.0, Max: 0, Diff: 0, Sum: 0, Workers: 4
[5923.437s][debug][gc,phases      ] GC(135)     Total                          Min: 0, Avg:  0.0, Max: 0, Diff: 0, Sum: 0, Workers: 4
[5923.437s][debug][gc,phases      ] GC(135)   StringTable Weak               Min:  0.0, Avg:  0.1, Max:  0.1, Diff:  0.1, Sum:  0.4, Workers: 4
[5923.437s][debug][gc,phases      ] GC(135)     Dead                           Min: 0, Avg:  0.0, Max: 0, Diff: 0, Sum: 0, Workers: 4
[5923.437s][debug][gc,phases      ] GC(135)     Total                          Min: 0, Avg: 10742.0, Max: 14656, Diff: 14656, Sum: 42968, Workers: 4
[5923.437s][debug][gc,phases      ] GC(135)   ResolvedMethodTable Weak       Min:  0.0, Avg:  0.0, Max:  0.0, Diff:  0.0, Sum:  0.1, Workers: 4
[5923.437s][debug][gc,phases      ] GC(135)     Dead                           Min: 0, Avg:  0.0, Max: 0, Diff: 0, Sum: 0, Workers: 4
[5923.437s][debug][gc,phases      ] GC(135)     Total                          Min: 0, Avg: 2191.0, Max: 2944, Diff: 2944, Sum: 8764, Workers: 4
[5923.437s][debug][gc,phases      ] GC(135)   JNI Weak                       Min:  0.0, Avg:  0.0, Max:  0.0, Diff:  0.0, Sum:  0.0, Workers: 4
[5923.437s][debug][gc,phases      ] GC(135)     Dead                           Min: 0, Avg:  0.0, Max: 0, Diff: 0, Sum: 0, Workers: 4
[5923.437s][debug][gc,phases      ] GC(135)     Total                          Min: 0, Avg: 11.2, Max: 45, Diff: 45, Sum: 45, Workers: 4
[5923.437s][debug][gc,phases      ] GC(135)   StringDedup Table Weak         Min:  0.0, Avg:  0.0, Max:  0.0, Diff:  0.0, Sum:  0.0, Workers: 4
[5923.437s][debug][gc,phases      ] GC(135)     Dead                           Min: 0, Avg:  0.0, Max: 0, Diff: 0, Sum: 0, Workers: 4
[5923.437s][debug][gc,phases      ] GC(135)     Total                          Min: 0, Avg:  0.0, Max: 0, Diff: 0, Sum: 0, Workers: 4
[5923.437s][debug][gc,phases      ] GC(135)   StringDedup Requests0 Weak     Min:  0.0, Avg:  0.0, Max:  0.0, Diff:  0.0, Sum:  0.0, Workers: 4
[5923.437s][debug][gc,phases      ] GC(135)     Dead                           Min: 0, Avg:  0.0, Max: 0, Diff: 0, Sum: 0, Workers: 4
[5923.437s][debug][gc,phases      ] GC(135)     Total                          Min: 0, Avg:  0.0, Max: 0, Diff: 0, Sum: 0, Workers: 4
[5923.437s][debug][gc,phases      ] GC(135)   StringDedup Requests1 Weak     Min:  0.0, Avg:  0.0, Max:  0.0, Diff:  0.0, Sum:  0.0, Workers: 4
[5923.437s][debug][gc,phases      ] GC(135)     Dead                           Min: 0, Avg:  0.0, Max: 0, Diff: 0, Sum: 0, Workers: 4
[5923.437s][debug][gc,phases      ] GC(135)     Total                          Min: 0, Avg:  0.0, Max: 0, Diff: 0, Sum: 0, Workers: 4
[5923.437s][debug][gc,phases      ] GC(135)   Weak JFR Old Object Samples    Min:  0.0, Avg:  0.0, Max:  0.0, Diff:  0.0, Sum:  0.0, Workers: 4
[5923.437s][debug][gc,phases      ] GC(135)     Dead                           Min: 0, Avg:  0.0, Max: 0, Diff: 0, Sum: 0, Workers: 4
[5923.437s][debug][gc,phases      ] GC(135)     Total                          Min: 0, Avg:  0.0, Max: 0, Diff: 0, Sum: 0, Workers: 4
[5923.437s][debug][gc,phases      ] GC(135) Weak Processing 0.317ms
[5923.438s][debug][gc,age         ] GC(135) Desired survivor size 81788928 bytes, new threshold 15 (max threshold 15)
[5923.438s][info ][gc,heap        ] GC(135) PSYoungGen: 1954368K(2014208K)->20624K(2017280K) Eden: 1933824K(1933824K)->0K(1936896K) From: 20544K(80384K)->20624K(80384K)
[5923.438s][info ][gc,heap        ] GC(135) ParOldGen: 555159K(606208K)->555271K(606208K)
[5923.438s][info ][gc,metaspace   ] GC(135) Metaspace: 80154K(81216K)->80154K(81216K) NonClass: 68955K(69504K)->68955K(69504K) Class: 11199K(11712K)->11199K(11712K)
[5923.438s][info ][gc             ] GC(135) Pause Young (Allocation Failure) 2450M->562M(2562M) 9.550ms
[5923.438s][info ][gc,cpu         ] GC(135) User=0.02s Sys=0.00s Real=0.01s
[5923.438s][info ][safepoint      ] Safepoint "ParallelGCFailedAllocation", Time since last: 15164492487 ns, Reaching safepoint: 111801 ns, At safepoint: 9640382 ns, Total: 9752183 ns
[5945.439s][info ][safepoint      ] Safepoint "Cleanup", Time since last: 22001328012 ns, Reaching safepoint: 41200 ns, At safepoint: 3100 ns, Total: 44300 ns
[5946.439s][info ][safepoint      ] Safepoint "Cleanup", Time since last: 1000110622 ns, Reaching safepoint: 29900 ns, At safepoint: 3100 ns, Total: 33000 ns
[5961.440s][info ][safepoint      ] Safepoint "Cleanup", Time since last: 15000980306 ns, Reaching safepoint: 32900 ns, At safepoint: 2700 ns, Total: 35600 ns
[5968.478s][info ][gc,start       ] GC(136) Pause Young (Allocation Failure)
[5968.487s][debug][gc,phases      ] GC(136) Scavenge 9.073ms
[5968.487s][debug][gc,ref         ] GC(136) Skipped phase 1 of Reference Processing: no references
[5968.487s][debug][gc,ref         ] GC(136) ReferenceProcessor::execute queues: 1, RefProcThreadModel::Single, marks_oops_alive: false
[5968.487s][debug][gc,ref         ] GC(136) Skipped phase 3 of Reference Processing: no references
[5968.487s][debug][gc,ref         ] GC(136) ReferenceProcessor::execute queues: 1, RefProcThreadModel::Single, marks_oops_alive: false
[5968.487s][debug][gc,phases      ] GC(136) Reference Processing 0.120ms
[5968.487s][debug][gc,phases      ] GC(136)   VM Weak                        Min:  0.0, Avg:  0.0, Max:  0.0, Diff:  0.0, Sum:  0.0, Workers: 4
[5968.487s][debug][gc,phases      ] GC(136)     Dead                           Min: 0, Avg:  0.0, Max: 0, Diff: 0, Sum: 0, Workers: 4
[5968.487s][debug][gc,phases      ] GC(136)     Total                          Min: 0, Avg: 157.8, Max: 562, Diff: 562, Sum: 631, Workers: 4
[5968.487s][debug][gc,phases      ] GC(136)   ObjectSynchronizer Weak        Min:  0.0, Avg:  0.0, Max:  0.0, Diff:  0.0, Sum:  0.0, Workers: 4
[5968.488s][debug][gc,phases      ] GC(136)     Dead                           Min: 0, Avg:  0.0, Max: 0, Diff: 0, Sum: 0, Workers: 4
[5968.488s][debug][gc,phases      ] GC(136)     Total                          Min: 0, Avg: 15.5, Max: 62, Diff: 62, Sum: 62, Workers: 4
[5968.488s][debug][gc,phases      ] GC(136)   JVMTI Tag Weak OopStorage      Min:  0.0, Avg:  0.0, Max:  0.0, Diff:  0.0, Sum:  0.0, Workers: 4
[5968.488s][debug][gc,phases      ] GC(136)     Dead                           Min: 0, Avg:  0.0, Max: 0, Diff: 0, Sum: 0, Workers: 4
[5968.488s][debug][gc,phases      ] GC(136)     Total                          Min: 0, Avg:  0.0, Max: 0, Diff: 0, Sum: 0, Workers: 4
[5968.488s][debug][gc,phases      ] GC(136)   StringTable Weak               Min:  0.0, Avg:  0.1, Max:  0.1, Diff:  0.1, Sum:  0.4, Workers: 4
[5968.488s][debug][gc,phases      ] GC(136)     Dead                           Min: 0, Avg:  0.0, Max: 0, Diff: 0, Sum: 0, Workers: 4
[5968.488s][debug][gc,phases      ] GC(136)     Total                          Min: 0, Avg: 10742.0, Max: 14656, Diff: 14656, Sum: 42968, Workers: 4
[5968.488s][debug][gc,phases      ] GC(136)   ResolvedMethodTable Weak       Min:  0.0, Avg:  0.0, Max:  0.0, Diff:  0.0, Sum:  0.1, Workers: 4
[5968.488s][debug][gc,phases      ] GC(136)     Dead                           Min: 0, Avg:  0.0, Max: 0, Diff: 0, Sum: 0, Workers: 4
[5968.488s][debug][gc,phases      ] GC(136)     Total                          Min: 0, Avg: 2191.0, Max: 3008, Diff: 3008, Sum: 8764, Workers: 4
[5968.488s][debug][gc,phases      ] GC(136)   JNI Weak                       Min:  0.0, Avg:  0.0, Max:  0.0, Diff:  0.0, Sum:  0.0, Workers: 4
[5968.488s][debug][gc,phases      ] GC(136)     Dead                           Min: 0, Avg:  0.0, Max: 0, Diff: 0, Sum: 0, Workers: 4
[5968.488s][debug][gc,phases      ] GC(136)     Total                          Min: 0, Avg: 11.2, Max: 45, Diff: 45, Sum: 45, Workers: 4
[5968.488s][debug][gc,phases      ] GC(136)   StringDedup Table Weak         Min:  0.0, Avg:  0.0, Max:  0.0, Diff:  0.0, Sum:  0.0, Workers: 4
[5968.488s][debug][gc,phases      ] GC(136)     Dead                           Min: 0, Avg:  0.0, Max: 0, Diff: 0, Sum: 0, Workers: 4
[5968.488s][debug][gc,phases      ] GC(136)     Total                          Min: 0, Avg:  0.0, Max: 0, Diff: 0, Sum: 0, Workers: 4
[5968.488s][debug][gc,phases      ] GC(136)   StringDedup Requests0 Weak     Min:  0.0, Avg:  0.0, Max:  0.0, Diff:  0.0, Sum:  0.0, Workers: 4
[5968.488s][debug][gc,phases      ] GC(136)     Dead                           Min: 0, Avg:  0.0, Max: 0, Diff: 0, Sum: 0, Workers: 4
[5968.488s][debug][gc,phases      ] GC(136)     Total                          Min: 0, Avg:  0.0, Max: 0, Diff: 0, Sum: 0, Workers: 4
[5968.488s][debug][gc,phases      ] GC(136)   StringDedup Requests1 Weak     Min:  0.0, Avg:  0.0, Max:  0.0, Diff:  0.0, Sum:  0.0, Workers: 4
[5968.488s][debug][gc,phases      ] GC(136)     Dead                           Min: 0, Avg:  0.0, Max: 0, Diff: 0, Sum: 0, Workers: 4
[5968.488s][debug][gc,phases      ] GC(136)     Total                          Min: 0, Avg:  0.0, Max: 0, Diff: 0, Sum: 0, Workers: 4
[5968.488s][debug][gc,phases      ] GC(136)   Weak JFR Old Object Samples    Min:  0.0, Avg:  0.0, Max:  0.0, Diff:  0.0, Sum:  0.0, Workers: 4
[5968.488s][debug][gc,phases      ] GC(136)     Dead                           Min: 0, Avg:  0.0, Max: 0, Diff: 0, Sum: 0, Workers: 4
[5968.488s][debug][gc,phases      ] GC(136)     Total                          Min: 0, Avg:  0.0, Max: 0, Diff: 0, Sum: 0, Workers: 4
[5968.488s][debug][gc,phases      ] GC(136) Weak Processing 0.330ms
[5968.488s][debug][gc,age         ] GC(136) Desired survivor size 80740352 bytes, new threshold 15 (max threshold 15)
[5968.488s][info ][gc,heap        ] GC(136) PSYoungGen: 1957520K(2017280K)->20896K(2016768K) Eden: 1936896K(1936896K)->0K(1936896K) From: 20624K(80384K)->20896K(79872K)
[5968.488s][info ][gc,heap        ] GC(136) ParOldGen: 555271K(606208K)->555415K(606208K)
[5968.488s][info ][gc,metaspace   ] GC(136) Metaspace: 80170K(81216K)->80170K(81216K) NonClass: 68971K(69504K)->68971K(69504K) Class: 11199K(11712K)->11199K(11712K)
[5968.488s][info ][gc             ] GC(136) Pause Young (Allocation Failure) 2453M->562M(2561M) 9.636ms
[5968.488s][info ][gc,cpu         ] GC(136) User=0.03s Sys=0.00s Real=0.01s
[5968.488s][info ][safepoint      ] Safepoint "ParallelGCFailedAllocation", Time since last: 7037759849 ns, Reaching safepoint: 94401 ns, At safepoint: 9719982 ns, Total: 9814383 ns
[5975.488s][info ][safepoint      ] Safepoint "Cleanup", Time since last: 7000496525 ns, Reaching safepoint: 36600 ns, At safepoint: 3400 ns, Total: 40000 ns
[5979.488s][info ][safepoint      ] Safepoint "Cleanup", Time since last: 4000245768 ns, Reaching safepoint: 37500 ns, At safepoint: 4300 ns, Total: 41800 ns
[5985.489s][info ][safepoint      ] Safepoint "Cleanup", Time since last: 6000377298 ns, Reaching safepoint: 41800 ns, At safepoint: 23300 ns, Total: 65100 ns
[6027.491s][info ][safepoint      ] Safepoint "Cleanup", Time since last: 42002484944 ns, Reaching safepoint: 45001 ns, At safepoint: 5200 ns, Total: 50201 ns
[6036.378s][info ][gc,start       ] GC(137) Pause Young (Allocation Failure)
[6036.385s][debug][gc,phases      ] GC(137) Scavenge 7.562ms
[6036.385s][debug][gc,ref         ] GC(137) Skipped phase 1 of Reference Processing: no references
[6036.386s][debug][gc,ref         ] GC(137) ReferenceProcessor::execute queues: 1, RefProcThreadModel::Single, marks_oops_alive: false
[6036.386s][debug][gc,ref         ] GC(137) Skipped phase 3 of Reference Processing: no references
[6036.386s][debug][gc,ref         ] GC(137) ReferenceProcessor::execute queues: 1, RefProcThreadModel::Single, marks_oops_alive: false
[6036.386s][debug][gc,phases      ] GC(137) Reference Processing 0.087ms
[6036.386s][debug][gc,phases      ] GC(137)   VM Weak                        Min:  0.0, Avg:  0.0, Max:  0.0, Diff:  0.0, Sum:  0.0, Workers: 4
[6036.386s][debug][gc,phases      ] GC(137)     Dead                           Min: 0, Avg:  0.0, Max: 0, Diff: 0, Sum: 0, Workers: 4
[6036.386s][debug][gc,phases      ] GC(137)     Total                          Min: 0, Avg: 157.8, Max: 373, Diff: 373, Sum: 631, Workers: 4
[6036.386s][debug][gc,phases      ] GC(137)   ObjectSynchronizer Weak        Min:  0.0, Avg:  0.0, Max:  0.0, Diff:  0.0, Sum:  0.0, Workers: 4
[6036.386s][debug][gc,phases      ] GC(137)     Dead                           Min: 0, Avg:  0.0, Max: 0, Diff: 0, Sum: 0, Workers: 4
[6036.386s][debug][gc,phases      ] GC(137)     Total                          Min: 0, Avg: 15.5, Max: 62, Diff: 62, Sum: 62, Workers: 4
[6036.386s][debug][gc,phases      ] GC(137)   JVMTI Tag Weak OopStorage      Min:  0.0, Avg:  0.0, Max:  0.0, Diff:  0.0, Sum:  0.0, Workers: 4
[6036.386s][debug][gc,phases      ] GC(137)     Dead                           Min: 0, Avg:  0.0, Max: 0, Diff: 0, Sum: 0, Workers: 4
[6036.386s][debug][gc,phases      ] GC(137)     Total                          Min: 0, Avg:  0.0, Max: 0, Diff: 0, Sum: 0, Workers: 4
[6036.386s][debug][gc,phases      ] GC(137)   StringTable Weak               Min:  0.0, Avg:  0.1, Max:  0.1, Diff:  0.1, Sum:  0.4, Workers: 4
[6036.386s][debug][gc,phases      ] GC(137)     Dead                           Min: 0, Avg:  0.0, Max: 0, Diff: 0, Sum: 0, Workers: 4
[6036.386s][debug][gc,phases      ] GC(137)     Total                          Min: 0, Avg: 10746.8, Max: 14528, Diff: 14528, Sum: 42987, Workers: 4
[6036.386s][debug][gc,phases      ] GC(137)   ResolvedMethodTable Weak       Min:  0.0, Avg:  0.0, Max:  0.0, Diff:  0.0, Sum:  0.1, Workers: 4
[6036.386s][debug][gc,phases      ] GC(137)     Dead                           Min: 0, Avg:  0.0, Max: 0, Diff: 0, Sum: 0, Workers: 4
[6036.386s][debug][gc,phases      ] GC(137)     Total                          Min: 0, Avg: 2191.0, Max: 2944, Diff: 2944, Sum: 8764, Workers: 4
[6036.386s][debug][gc,phases      ] GC(137)   JNI Weak                       Min:  0.0, Avg:  0.0, Max:  0.0, Diff:  0.0, Sum:  0.0, Workers: 4
[6036.386s][debug][gc,phases      ] GC(137)     Dead                           Min: 0, Avg:  0.0, Max: 0, Diff: 0, Sum: 0, Workers: 4
[6036.386s][debug][gc,phases      ] GC(137)     Total                          Min: 0, Avg: 11.2, Max: 45, Diff: 45, Sum: 45, Workers: 4
[6036.386s][debug][gc,phases      ] GC(137)   StringDedup Table Weak         Min:  0.0, Avg:  0.0, Max:  0.0, Diff:  0.0, Sum:  0.0, Workers: 4
[6036.386s][debug][gc,phases      ] GC(137)     Dead                           Min: 0, Avg:  0.0, Max: 0, Diff: 0, Sum: 0, Workers: 4
[6036.386s][debug][gc,phases      ] GC(137)     Total                          Min: 0, Avg:  0.0, Max: 0, Diff: 0, Sum: 0, Workers: 4
[6036.386s][debug][gc,phases      ] GC(137)   StringDedup Requests0 Weak     Min:  0.0, Avg:  0.0, Max:  0.0, Diff:  0.0, Sum:  0.0, Workers: 4
[6036.386s][debug][gc,phases      ] GC(137)     Dead                           Min: 0, Avg:  0.0, Max: 0, Diff: 0, Sum: 0, Workers: 4
[6036.386s][debug][gc,phases      ] GC(137)     Total                          Min: 0, Avg:  0.0, Max: 0, Diff: 0, Sum: 0, Workers: 4
[6036.386s][debug][gc,phases      ] GC(137)   StringDedup Requests1 Weak     Min:  0.0, Avg:  0.0, Max:  0.0, Diff:  0.0, Sum:  0.0, Workers: 4
[6036.386s][debug][gc,phases      ] GC(137)     Dead                           Min: 0, Avg:  0.0, Max: 0, Diff: 0, Sum: 0, Workers: 4
[6036.386s][debug][gc,phases      ] GC(137)     Total                          Min: 0, Avg:  0.0, Max: 0, Diff: 0, Sum: 0, Workers: 4
[6036.386s][debug][gc,phases      ] GC(137)   Weak JFR Old Object Samples    Min:  0.0, Avg:  0.0, Max:  0.0, Diff:  0.0, Sum:  0.0, Workers: 4
[6036.386s][debug][gc,phases      ] GC(137)     Dead                           Min: 0, Avg:  0.0, Max: 0, Diff: 0, Sum: 0, Workers: 4
[6036.386s][debug][gc,phases      ] GC(137)     Total                          Min: 0, Avg:  0.0, Max: 0, Diff: 0, Sum: 0, Workers: 4
[6036.386s][debug][gc,phases      ] GC(137) Weak Processing 0.381ms
[6036.386s][debug][gc,age         ] GC(137) Desired survivor size 79691776 bytes, new threshold 15 (max threshold 15)
[6036.386s][info ][gc,heap        ] GC(137) PSYoungGen: 1957792K(2016768K)->19968K(2019328K) Eden: 1936896K(1936896K)->0K(1940480K) From: 20896K(79872K)->19968K(78848K)
[6036.386s][info ][gc,heap        ] GC(137) ParOldGen: 555415K(606208K)->555619K(606208K)
[6036.386s][info ][gc,metaspace   ] GC(137) Metaspace: 80176K(81216K)->80176K(81216K) NonClass: 68977K(69504K)->68977K(69504K) Class: 11199K(11712K)->11199K(11712K)
[6036.386s][info ][gc             ] GC(137) Pause Young (Allocation Failure) 2454M->562M(2564M) 8.158ms
[6036.386s][info ][gc,cpu         ] GC(137) User=0.03s Sys=0.00s Real=0.01s
[6036.386s][info ][safepoint      ] Safepoint "ParallelGCFailedAllocation", Time since last: 8886233814 ns, Reaching safepoint: 77000 ns, At safepoint: 8249171 ns, Total: 8326171 ns
[6105.390s][info ][safepoint      ] Safepoint "Cleanup", Time since last: 69004159639 ns, Reaching safepoint: 39000 ns, At safepoint: 2700 ns, Total: 41700 ns
[6119.328s][info ][gc,start       ] GC(138) Pause Young (Allocation Failure)
[6119.334s][debug][gc,phases      ] GC(138) Scavenge 6.323ms
[6119.334s][debug][gc,ref         ] GC(138) Skipped phase 1 of Reference Processing: no references
[6119.334s][debug][gc,ref         ] GC(138) ReferenceProcessor::execute queues: 1, RefProcThreadModel::Single, marks_oops_alive: false
[6119.334s][debug][gc,ref         ] GC(138) Skipped phase 3 of Reference Processing: no references
[6119.334s][debug][gc,ref         ] GC(138) ReferenceProcessor::execute queues: 1, RefProcThreadModel::Single, marks_oops_alive: false
[6119.334s][debug][gc,phases      ] GC(138) Reference Processing 0.087ms
[6119.335s][debug][gc,phases      ] GC(138)   VM Weak                        Min:  0.0, Avg:  0.0, Max:  0.0, Diff:  0.0, Sum:  0.0, Workers: 4
[6119.335s][debug][gc,phases      ] GC(138)     Dead                           Min: 0, Avg:  0.0, Max: 0, Diff: 0, Sum: 0, Workers: 4
[6119.335s][debug][gc,phases      ] GC(138)     Total                          Min: 0, Avg: 157.8, Max: 323, Diff: 323, Sum: 631, Workers: 4
[6119.335s][debug][gc,phases      ] GC(138)   ObjectSynchronizer Weak        Min:  0.0, Avg:  0.0, Max:  0.0, Diff:  0.0, Sum:  0.0, Workers: 4
[6119.335s][debug][gc,phases      ] GC(138)     Dead                           Min: 0, Avg:  0.0, Max: 0, Diff: 0, Sum: 0, Workers: 4
[6119.335s][debug][gc,phases      ] GC(138)     Total                          Min: 0, Avg: 15.5, Max: 62, Diff: 62, Sum: 62, Workers: 4
[6119.335s][debug][gc,phases      ] GC(138)   JVMTI Tag Weak OopStorage      Min:  0.0, Avg:  0.0, Max:  0.0, Diff:  0.0, Sum:  0.0, Workers: 4
[6119.335s][debug][gc,phases      ] GC(138)     Dead                           Min: 0, Avg:  0.0, Max: 0, Diff: 0, Sum: 0, Workers: 4
[6119.335s][debug][gc,phases      ] GC(138)     Total                          Min: 0, Avg:  0.0, Max: 0, Diff: 0, Sum: 0, Workers: 4
[6119.335s][debug][gc,phases      ] GC(138)   StringTable Weak               Min:  0.0, Avg:  0.1, Max:  0.1, Diff:  0.1, Sum:  0.4, Workers: 4
[6119.335s][debug][gc,phases      ] GC(138)     Dead                           Min: 0, Avg:  0.0, Max: 0, Diff: 0, Sum: 0, Workers: 4
[6119.335s][debug][gc,phases      ] GC(138)     Total                          Min: 0, Avg: 10746.8, Max: 14571, Diff: 14571, Sum: 42987, Workers: 4
[6119.335s][debug][gc,phases      ] GC(138)   ResolvedMethodTable Weak       Min:  0.0, Avg:  0.0, Max:  0.0, Diff:  0.0, Sum:  0.1, Workers: 4
[6119.335s][debug][gc,phases      ] GC(138)     Dead                           Min: 0, Avg:  0.0, Max: 0, Diff: 0, Sum: 0, Workers: 4
[6119.335s][debug][gc,phases      ] GC(138)     Total                          Min: 0, Avg: 2191.0, Max: 2943, Diff: 2943, Sum: 8764, Workers: 4
[6119.335s][debug][gc,phases      ] GC(138)   JNI Weak                       Min:  0.0, Avg:  0.0, Max:  0.0, Diff:  0.0, Sum:  0.0, Workers: 4
[6119.335s][debug][gc,phases      ] GC(138)     Dead                           Min: 0, Avg:  0.0, Max: 0, Diff: 0, Sum: 0, Workers: 4
[6119.335s][debug][gc,phases      ] GC(138)     Total                          Min: 0, Avg: 11.2, Max: 45, Diff: 45, Sum: 45, Workers: 4
[6119.335s][debug][gc,phases      ] GC(138)   StringDedup Table Weak         Min:  0.0, Avg:  0.0, Max:  0.0, Diff:  0.0, Sum:  0.0, Workers: 4
[6119.335s][debug][gc,phases      ] GC(138)     Dead                           Min: 0, Avg:  0.0, Max: 0, Diff: 0, Sum: 0, Workers: 4
[6119.335s][debug][gc,phases      ] GC(138)     Total                          Min: 0, Avg:  0.0, Max: 0, Diff: 0, Sum: 0, Workers: 4
[6119.335s][debug][gc,phases      ] GC(138)   StringDedup Requests0 Weak     Min:  0.0, Avg:  0.0, Max:  0.0, Diff:  0.0, Sum:  0.0, Workers: 4
[6119.335s][debug][gc,phases      ] GC(138)     Dead                           Min: 0, Avg:  0.0, Max: 0, Diff: 0, Sum: 0, Workers: 4
[6119.335s][debug][gc,phases      ] GC(138)     Total                          Min: 0, Avg:  0.0, Max: 0, Diff: 0, Sum: 0, Workers: 4
[6119.335s][debug][gc,phases      ] GC(138)   StringDedup Requests1 Weak     Min:  0.0, Avg:  0.0, Max:  0.0, Diff:  0.0, Sum:  0.0, Workers: 4
[6119.335s][debug][gc,phases      ] GC(138)     Dead                           Min: 0, Avg:  0.0, Max: 0, Diff: 0, Sum: 0, Workers: 4
[6119.335s][debug][gc,phases      ] GC(138)     Total                          Min: 0, Avg:  0.0, Max: 0, Diff: 0, Sum: 0, Workers: 4
[6119.335s][debug][gc,phases      ] GC(138)   Weak JFR Old Object Samples    Min:  0.0, Avg:  0.0, Max:  0.0, Diff:  0.0, Sum:  0.0, Workers: 4
[6119.335s][debug][gc,phases      ] GC(138)     Dead                           Min: 0, Avg:  0.0, Max: 0, Diff: 0, Sum: 0, Workers: 4
[6119.335s][debug][gc,phases      ] GC(138)     Total                          Min: 0, Avg:  0.0, Max: 0, Diff: 0, Sum: 0, Workers: 4
[6119.335s][debug][gc,phases      ] GC(138) Weak Processing 0.317ms
[6119.335s][debug][gc,age         ] GC(138) Desired survivor size 78118912 bytes, new threshold 15 (max threshold 15)
[6119.335s][info ][gc,heap        ] GC(138) PSYoungGen: 1960448K(2019328K)->19744K(2018304K) Eden: 1940480K(1940480K)->0K(1940480K) From: 19968K(78848K)->19744K(77824K)
[6119.335s][info ][gc,heap        ] GC(138) ParOldGen: 555619K(606208K)->555747K(606208K)
[6119.335s][info ][gc,metaspace   ] GC(138) Metaspace: 80177K(81216K)->80177K(81216K) NonClass: 68978K(69504K)->68978K(69504K) Class: 11199K(11712K)->11199K(11712K)
[6119.335s][info ][gc             ] GC(138) Pause Young (Allocation Failure) 2457M->562M(2563M) 6.816ms
[6119.335s][info ][gc,cpu         ] GC(138) User=0.03s Sys=0.00s Real=0.01s
[6119.335s][info ][safepoint      ] Safepoint "ParallelGCFailedAllocation", Time since last: 13937477564 ns, Reaching safepoint: 99901 ns, At safepoint: 6910459 ns, Total: 7010360 ns
[6135.336s][info ][safepoint      ] Safepoint "Cleanup", Time since last: 16001122179 ns, Reaching safepoint: 35800 ns, At safepoint: 2600 ns, Total: 38400 ns
[6188.339s][info ][safepoint      ] Safepoint "Cleanup", Time since last: 53003353842 ns, Reaching safepoint: 41800 ns, At safepoint: 4500 ns, Total: 46300 ns
[6197.340s][info ][safepoint      ] Safepoint "Cleanup", Time since last: 9000630130 ns, Reaching safepoint: 32901 ns, At safepoint: 3100 ns, Total: 36001 ns
[6207.341s][info ][safepoint      ] Safepoint "Cleanup", Time since last: 10000669113 ns, Reaching safepoint: 41100 ns, At safepoint: 26000 ns, Total: 67100 ns
[6209.981s][info ][gc,start       ] GC(139) Pause Young (Allocation Failure)
[6209.989s][debug][gc,phases      ] GC(139) Scavenge 8.109ms
[6209.990s][debug][gc,ref         ] GC(139) Skipped phase 1 of Reference Processing: no references
[6209.990s][debug][gc,ref         ] GC(139) ReferenceProcessor::execute queues: 1, RefProcThreadModel::Single, marks_oops_alive: false
[6209.990s][debug][gc,ref         ] GC(139) Skipped phase 3 of Reference Processing: no references
[6209.990s][debug][gc,ref         ] GC(139) ReferenceProcessor::execute queues: 1, RefProcThreadModel::Single, marks_oops_alive: false
[6209.990s][debug][gc,phases      ] GC(139) Reference Processing 0.089ms
[6209.990s][debug][gc,phases      ] GC(139)   VM Weak                        Min:  0.0, Avg:  0.0, Max:  0.0, Diff:  0.0, Sum:  0.0, Workers: 4
[6209.990s][debug][gc,phases      ] GC(139)     Dead                           Min: 0, Avg:  0.0, Max: 0, Diff: 0, Sum: 0, Workers: 4
[6209.990s][debug][gc,phases      ] GC(139)     Total                          Min: 0, Avg: 157.8, Max: 379, Diff: 379, Sum: 631, Workers: 4
[6209.990s][debug][gc,phases      ] GC(139)   ObjectSynchronizer Weak        Min:  0.0, Avg:  0.0, Max:  0.0, Diff:  0.0, Sum:  0.0, Workers: 4
[6209.990s][debug][gc,phases      ] GC(139)     Dead                           Min: 0, Avg:  0.0, Max: 0, Diff: 0, Sum: 0, Workers: 4
[6209.990s][debug][gc,phases      ] GC(139)     Total                          Min: 0, Avg: 15.5, Max: 62, Diff: 62, Sum: 62, Workers: 4
[6209.990s][debug][gc,phases      ] GC(139)   JVMTI Tag Weak OopStorage      Min:  0.0, Avg:  0.0, Max:  0.0, Diff:  0.0, Sum:  0.0, Workers: 4
[6209.990s][debug][gc,phases      ] GC(139)     Dead                           Min: 0, Avg:  0.0, Max: 0, Diff: 0, Sum: 0, Workers: 4
[6209.990s][debug][gc,phases      ] GC(139)     Total                          Min: 0, Avg:  0.0, Max: 0, Diff: 0, Sum: 0, Workers: 4
[6209.990s][debug][gc,phases      ] GC(139)   StringTable Weak               Min:  0.0, Avg:  0.1, Max:  0.1, Diff:  0.1, Sum:  0.3, Workers: 4
[6209.990s][debug][gc,phases      ] GC(139)     Dead                           Min: 0, Avg:  0.0, Max: 0, Diff: 0, Sum: 0, Workers: 4
[6209.990s][debug][gc,phases      ] GC(139)     Total                          Min: 0, Avg: 10747.8, Max: 26607, Diff: 26607, Sum: 42991, Workers: 4
[6209.990s][debug][gc,phases      ] GC(139)   ResolvedMethodTable Weak       Min:  0.0, Avg:  0.0, Max:  0.0, Diff:  0.0, Sum:  0.1, Workers: 4
[6209.990s][debug][gc,phases      ] GC(139)     Dead                           Min: 0, Avg:  0.0, Max: 0, Diff: 0, Sum: 0, Workers: 4
[6209.990s][debug][gc,phases      ] GC(139)     Total                          Min: 0, Avg: 2191.0, Max: 5437, Diff: 5437, Sum: 8764, Workers: 4
[6209.990s][debug][gc,phases      ] GC(139)   JNI Weak                       Min:  0.0, Avg:  0.0, Max:  0.0, Diff:  0.0, Sum:  0.0, Workers: 4
[6209.990s][debug][gc,phases      ] GC(139)     Dead                           Min: 0, Avg:  0.0, Max: 0, Diff: 0, Sum: 0, Workers: 4
[6209.990s][debug][gc,phases      ] GC(139)     Total                          Min: 0, Avg: 11.2, Max: 45, Diff: 45, Sum: 45, Workers: 4
[6209.990s][debug][gc,phases      ] GC(139)   StringDedup Table Weak         Min:  0.0, Avg:  0.0, Max:  0.0, Diff:  0.0, Sum:  0.0, Workers: 4
[6209.990s][debug][gc,phases      ] GC(139)     Dead                           Min: 0, Avg:  0.0, Max: 0, Diff: 0, Sum: 0, Workers: 4
[6209.990s][debug][gc,phases      ] GC(139)     Total                          Min: 0, Avg:  0.0, Max: 0, Diff: 0, Sum: 0, Workers: 4
[6209.990s][debug][gc,phases      ] GC(139)   StringDedup Requests0 Weak     Min:  0.0, Avg:  0.0, Max:  0.0, Diff:  0.0, Sum:  0.0, Workers: 4
[6209.990s][debug][gc,phases      ] GC(139)     Dead                           Min: 0, Avg:  0.0, Max: 0, Diff: 0, Sum: 0, Workers: 4
[6209.990s][debug][gc,phases      ] GC(139)     Total                          Min: 0, Avg:  0.0, Max: 0, Diff: 0, Sum: 0, Workers: 4
[6209.990s][debug][gc,phases      ] GC(139)   StringDedup Requests1 Weak     Min:  0.0, Avg:  0.0, Max:  0.0, Diff:  0.0, Sum:  0.0, Workers: 4
[6209.990s][debug][gc,phases      ] GC(139)     Dead                           Min: 0, Avg:  0.0, Max: 0, Diff: 0, Sum: 0, Workers: 4
[6209.990s][debug][gc,phases      ] GC(139)     Total                          Min: 0, Avg:  0.0, Max: 0, Diff: 0, Sum: 0, Workers: 4
[6209.990s][debug][gc,phases      ] GC(139)   Weak JFR Old Object Samples    Min:  0.0, Avg:  0.0, Max:  0.0, Diff:  0.0, Sum:  0.0, Workers: 4
[6209.990s][debug][gc,phases      ] GC(139)     Dead                           Min: 0, Avg:  0.0, Max: 0, Diff: 0, Sum: 0, Workers: 4
[6209.990s][debug][gc,phases      ] GC(139)     Total                          Min: 0, Avg:  0.0, Max: 0, Diff: 0, Sum: 0, Workers: 4
[6209.990s][debug][gc,phases      ] GC(139) Weak Processing 0.354ms
[6209.990s][debug][gc,age         ] GC(139) Desired survivor size 76021760 bytes, new threshold 15 (max threshold 15)
[6209.990s][info ][gc,heap        ] GC(139) PSYoungGen: 1960224K(2018304K)->19120K(2022912K) Eden: 1940480K(1940480K)->0K(1946624K) From: 19744K(77824K)->19120K(76288K)
[6209.990s][info ][gc,heap        ] GC(139) ParOldGen: 555747K(606208K)->555931K(606208K)
[6209.990s][info ][gc,metaspace   ] GC(139) Metaspace: 80185K(81216K)->80185K(81216K) NonClass: 68985K(69504K)->68985K(69504K) Class: 11199K(11712K)->11199K(11712K)
[6209.990s][info ][gc             ] GC(139) Pause Young (Allocation Failure) 2457M->561M(2567M) 8.654ms
[6209.990s][info ][gc,cpu         ] GC(139) User=0.03s Sys=0.00s Real=0.00s
[6209.990s][info ][safepoint      ] Safepoint "ParallelGCFailedAllocation", Time since last: 2640573319 ns, Reaching safepoint: 27900 ns, At safepoint: 8722375 ns, Total: 8750275 ns
[6215.990s][info ][safepoint      ] Safepoint "Cleanup", Time since last: 6000413842 ns, Reaching safepoint: 42800 ns, At safepoint: 6600 ns, Total: 49400 ns
[6216.991s][info ][safepoint      ] Safepoint "Cleanup", Time since last: 1000097190 ns, Reaching safepoint: 37901 ns, At safepoint: 2900 ns, Total: 40801 ns
[6241.992s][info ][safepoint      ] Safepoint "Cleanup", Time since last: 25001597622 ns, Reaching safepoint: 27600 ns, At safepoint: 17000 ns, Total: 44600 ns
[6258.993s][info ][safepoint      ] Safepoint "Cleanup", Time since last: 17001075281 ns, Reaching safepoint: 47000 ns, At safepoint: 3400 ns, Total: 50400 ns
[6259.994s][info ][safepoint      ] Safepoint "Cleanup", Time since last: 1000098187 ns, Reaching safepoint: 42400 ns, At safepoint: 2100 ns, Total: 44500 ns
[6261.994s][info ][safepoint      ] Safepoint "Cleanup", Time since last: 2000165073 ns, Reaching safepoint: 29500 ns, At safepoint: 2801 ns, Total: 32301 ns
[6262.994s][info ][safepoint      ] Safepoint "Cleanup", Time since last: 1000101586 ns, Reaching safepoint: 43100 ns, At safepoint: 2500 ns, Total: 45600 ns
[6263.994s][info ][safepoint      ] Safepoint "Cleanup", Time since last: 1000102087 ns, Reaching safepoint: 65800 ns, At safepoint: 10000 ns, Total: 75800 ns
[6264.994s][info ][safepoint      ] Safepoint "Cleanup", Time since last: 1000099887 ns, Reaching safepoint: 49800 ns, At safepoint: 12800 ns, Total: 62600 ns
[6265.994s][info ][safepoint      ] Safepoint "Cleanup", Time since last: 1000092486 ns, Reaching safepoint: 31001 ns, At safepoint: 3000 ns, Total: 34001 ns
[6269.995s][info ][safepoint      ] Safepoint "Cleanup", Time since last: 4000295143 ns, Reaching safepoint: 40600 ns, At safepoint: 6300 ns, Total: 46900 ns
[6276.995s][info ][safepoint      ] Safepoint "Cleanup", Time since last: 7000470897 ns, Reaching safepoint: 31500 ns, At safepoint: 7600 ns, Total: 39100 ns
[6277.995s][info ][safepoint      ] Safepoint "Cleanup", Time since last: 1000116686 ns, Reaching safepoint: 47600 ns, At safepoint: 4000 ns, Total: 51600 ns
[6278.995s][info ][safepoint      ] Safepoint "Cleanup", Time since last: 1000097785 ns, Reaching safepoint: 41001 ns, At safepoint: 3100 ns, Total: 44101 ns
[6280.767s][info ][safepoint      ] Safepoint "Cleanup", Time since last: 1771557330 ns, Reaching safepoint: 74700 ns, At safepoint: 2600 ns, Total: 77300 ns
[6281.767s][info ][safepoint      ] Safepoint "Cleanup", Time since last: 1000095385 ns, Reaching safepoint: 43301 ns, At safepoint: 3100 ns, Total: 46401 ns
[6304.284s][info ][gc,start       ] GC(140) Pause Young (Allocation Failure)
[6304.293s][debug][gc,phases      ] GC(140) Scavenge 8.415ms
[6304.293s][debug][gc,ref         ] GC(140) Skipped phase 1 of Reference Processing: no references
[6304.293s][debug][gc,ref         ] GC(140) ReferenceProcessor::execute queues: 1, RefProcThreadModel::Single, marks_oops_alive: false
[6304.293s][debug][gc,ref         ] GC(140) Skipped phase 3 of Reference Processing: no references
[6304.293s][debug][gc,ref         ] GC(140) ReferenceProcessor::execute queues: 1, RefProcThreadModel::Single, marks_oops_alive: false
[6304.293s][debug][gc,phases      ] GC(140) Reference Processing 0.104ms
[6304.293s][debug][gc,phases      ] GC(140)   VM Weak                        Min:  0.0, Avg:  0.0, Max:  0.0, Diff:  0.0, Sum:  0.0, Workers: 4
[6304.293s][debug][gc,phases      ] GC(140)     Dead                           Min: 0, Avg:  0.0, Max: 0, Diff: 0, Sum: 0, Workers: 4
[6304.293s][debug][gc,phases      ] GC(140)     Total                          Min: 0, Avg: 157.8, Max: 317, Diff: 317, Sum: 631, Workers: 4
[6304.293s][debug][gc,phases      ] GC(140)   ObjectSynchronizer Weak        Min:  0.0, Avg:  0.0, Max:  0.0, Diff:  0.0, Sum:  0.0, Workers: 4
[6304.293s][debug][gc,phases      ] GC(140)     Dead                           Min: 0, Avg:  0.0, Max: 0, Diff: 0, Sum: 0, Workers: 4
[6304.293s][debug][gc,phases      ] GC(140)     Total                          Min: 0, Avg: 15.5, Max: 62, Diff: 62, Sum: 62, Workers: 4
[6304.293s][debug][gc,phases      ] GC(140)   JVMTI Tag Weak OopStorage      Min:  0.0, Avg:  0.0, Max:  0.0, Diff:  0.0, Sum:  0.0, Workers: 4
[6304.293s][debug][gc,phases      ] GC(140)     Dead                           Min: 0, Avg:  0.0, Max: 0, Diff: 0, Sum: 0, Workers: 4
[6304.293s][debug][gc,phases      ] GC(140)     Total                          Min: 0, Avg:  0.0, Max: 0, Diff: 0, Sum: 0, Workers: 4
[6304.293s][debug][gc,phases      ] GC(140)   StringTable Weak               Min:  0.0, Avg:  0.1, Max:  0.1, Diff:  0.1, Sum:  0.4, Workers: 4
[6304.293s][debug][gc,phases      ] GC(140)     Dead                           Min: 0, Avg:  0.0, Max: 0, Diff: 0, Sum: 0, Workers: 4
[6304.293s][debug][gc,phases      ] GC(140)     Total                          Min: 0, Avg: 10749.2, Max: 17216, Diff: 17216, Sum: 42997, Workers: 4
[6304.293s][debug][gc,phases      ] GC(140)   ResolvedMethodTable Weak       Min:  0.0, Avg:  0.0, Max:  0.0, Diff:  0.0, Sum:  0.1, Workers: 4
[6304.293s][debug][gc,phases      ] GC(140)     Dead                           Min: 0, Avg:  0.0, Max: 0, Diff: 0, Sum: 0, Workers: 4
[6304.293s][debug][gc,phases      ] GC(140)     Total                          Min: 0, Avg: 2191.2, Max: 3007, Diff: 3007, Sum: 8765, Workers: 4
[6304.293s][debug][gc,phases      ] GC(140)   JNI Weak                       Min:  0.0, Avg:  0.0, Max:  0.0, Diff:  0.0, Sum:  0.0, Workers: 4
[6304.293s][debug][gc,phases      ] GC(140)     Dead                           Min: 0, Avg:  0.0, Max: 0, Diff: 0, Sum: 0, Workers: 4
[6304.293s][debug][gc,phases      ] GC(140)     Total                          Min: 0, Avg: 11.2, Max: 45, Diff: 45, Sum: 45, Workers: 4
[6304.293s][debug][gc,phases      ] GC(140)   StringDedup Table Weak         Min:  0.0, Avg:  0.0, Max:  0.0, Diff:  0.0, Sum:  0.0, Workers: 4
[6304.293s][debug][gc,phases      ] GC(140)     Dead                           Min: 0, Avg:  0.0, Max: 0, Diff: 0, Sum: 0, Workers: 4
[6304.293s][debug][gc,phases      ] GC(140)     Total                          Min: 0, Avg:  0.0, Max: 0, Diff: 0, Sum: 0, Workers: 4
[6304.293s][debug][gc,phases      ] GC(140)   StringDedup Requests0 Weak     Min:  0.0, Avg:  0.0, Max:  0.0, Diff:  0.0, Sum:  0.0, Workers: 4
[6304.293s][debug][gc,phases      ] GC(140)     Dead                           Min: 0, Avg:  0.0, Max: 0, Diff: 0, Sum: 0, Workers: 4
[6304.293s][debug][gc,phases      ] GC(140)     Total                          Min: 0, Avg:  0.0, Max: 0, Diff: 0, Sum: 0, Workers: 4
[6304.293s][debug][gc,phases      ] GC(140)   StringDedup Requests1 Weak     Min:  0.0, Avg:  0.0, Max:  0.0, Diff:  0.0, Sum:  0.0, Workers: 4
[6304.293s][debug][gc,phases      ] GC(140)     Dead                           Min: 0, Avg:  0.0, Max: 0, Diff: 0, Sum: 0, Workers: 4
[6304.293s][debug][gc,phases      ] GC(140)     Total                          Min: 0, Avg:  0.0, Max: 0, Diff: 0, Sum: 0, Workers: 4
[6304.293s][debug][gc,phases      ] GC(140)   Weak JFR Old Object Samples    Min:  0.0, Avg:  0.0, Max:  0.0, Diff:  0.0, Sum:  0.0, Workers: 4
[6304.293s][debug][gc,phases      ] GC(140)     Dead                           Min: 0, Avg:  0.0, Max: 0, Diff: 0, Sum: 0, Workers: 4
[6304.293s][debug][gc,phases      ] GC(140)     Total                          Min: 0, Avg:  0.0, Max: 0, Diff: 0, Sum: 0, Workers: 4
[6304.293s][debug][gc,phases      ] GC(140) Weak Processing 0.361ms
[6304.293s][debug][gc,age         ] GC(140) Desired survivor size 73924608 bytes, new threshold 15 (max threshold 15)
[6304.293s][info ][gc,heap        ] GC(140) PSYoungGen: 1965744K(2022912K)->19312K(2020864K) Eden: 1946624K(1946624K)->0K(1946624K) From: 19120K(76288K)->19312K(74240K)
[6304.293s][info ][gc,heap        ] GC(140) ParOldGen: 555931K(606208K)->555979K(606208K)
[6304.293s][info ][gc,metaspace   ] GC(140) Metaspace: 80207K(81280K)->80207K(81280K) NonClass: 69007K(69568K)->69007K(69568K) Class: 11200K(11712K)->11200K(11712K)
[6304.293s][info ][gc             ] GC(140) Pause Young (Allocation Failure) 2462M->561M(2565M) 8.998ms
[6304.293s][info ][gc,cpu         ] GC(140) User=0.02s Sys=0.00s Real=0.01s
[6304.293s][info ][safepoint      ] Safepoint "ParallelGCFailedAllocation", Time since last: 22516932115 ns, Reaching safepoint: 53101 ns, At safepoint: 9107177 ns, Total: 9160278 ns
[6311.294s][info ][safepoint      ] Safepoint "Cleanup", Time since last: 7000403978 ns, Reaching safepoint: 44000 ns, At safepoint: 4100 ns, Total: 48100 ns
[6323.295s][info ][safepoint      ] Safepoint "Cleanup", Time since last: 12000699283 ns, Reaching safepoint: 42300 ns, At safepoint: 29500 ns, Total: 71800 ns
[6341.296s][info ][safepoint      ] Safepoint "Cleanup", Time since last: 18001181156 ns, Reaching safepoint: 42300 ns, At safepoint: 4900 ns, Total: 47200 ns
[6342.296s][info ][safepoint      ] Safepoint "Cleanup", Time since last: 1000103981 ns, Reaching safepoint: 28800 ns, At safepoint: 6300 ns, Total: 35100 ns
[6380.580s][info ][gc,start       ] GC(141) Pause Young (Allocation Failure)
[6380.589s][debug][gc,phases      ] GC(141) Scavenge 8.928ms
[6380.589s][debug][gc,ref         ] GC(141) Skipped phase 1 of Reference Processing: no references
[6380.590s][debug][gc,ref         ] GC(141) ReferenceProcessor::execute queues: 1, RefProcThreadModel::Single, marks_oops_alive: false
[6380.590s][debug][gc,ref         ] GC(141) Skipped phase 3 of Reference Processing: no references
[6380.590s][debug][gc,ref         ] GC(141) ReferenceProcessor::execute queues: 1, RefProcThreadModel::Single, marks_oops_alive: false
[6380.590s][debug][gc,phases      ] GC(141) Reference Processing 0.089ms
[6380.590s][debug][gc,phases      ] GC(141)   VM Weak                        Min:  0.0, Avg:  0.0, Max:  0.0, Diff:  0.0, Sum:  0.0, Workers: 4
[6380.590s][debug][gc,phases      ] GC(141)     Dead                           Min: 0, Avg:  0.0, Max: 0, Diff: 0, Sum: 0, Workers: 4
[6380.590s][debug][gc,phases      ] GC(141)     Total                          Min: 0, Avg: 157.8, Max: 631, Diff: 631, Sum: 631, Workers: 4
[6380.590s][debug][gc,phases      ] GC(141)   ObjectSynchronizer Weak        Min:  0.0, Avg:  0.0, Max:  0.0, Diff:  0.0, Sum:  0.0, Workers: 4
[6380.590s][debug][gc,phases      ] GC(141)     Dead                           Min: 0, Avg:  0.0, Max: 0, Diff: 0, Sum: 0, Workers: 4
[6380.590s][debug][gc,phases      ] GC(141)     Total                          Min: 0, Avg: 15.5, Max: 62, Diff: 62, Sum: 62, Workers: 4
[6380.590s][debug][gc,phases      ] GC(141)   JVMTI Tag Weak OopStorage      Min:  0.0, Avg:  0.0, Max:  0.0, Diff:  0.0, Sum:  0.0, Workers: 4
[6380.590s][debug][gc,phases      ] GC(141)     Dead                           Min: 0, Avg:  0.0, Max: 0, Diff: 0, Sum: 0, Workers: 4
[6380.590s][debug][gc,phases      ] GC(141)     Total                          Min: 0, Avg:  0.0, Max: 0, Diff: 0, Sum: 0, Workers: 4
[6380.590s][debug][gc,phases      ] GC(141)   StringTable Weak               Min:  0.0, Avg:  0.1, Max:  0.1, Diff:  0.1, Sum:  0.3, Workers: 4
[6380.590s][debug][gc,phases      ] GC(141)     Dead                           Min: 0, Avg:  0.0, Max: 0, Diff: 0, Sum: 0, Workers: 4
[6380.590s][debug][gc,phases      ] GC(141)     Total                          Min: 0, Avg: 10749.5, Max: 17334, Diff: 17334, Sum: 42998, Workers: 4
[6380.590s][debug][gc,phases      ] GC(141)   ResolvedMethodTable Weak       Min:  0.0, Avg:  0.0, Max:  0.0, Diff:  0.0, Sum:  0.1, Workers: 4
[6380.590s][debug][gc,phases      ] GC(141)     Dead                           Min: 0, Avg:  0.0, Max: 0, Diff: 0, Sum: 0, Workers: 4
[6380.590s][debug][gc,phases      ] GC(141)     Total                          Min: 0, Avg: 2191.2, Max: 3711, Diff: 3711, Sum: 8765, Workers: 4
[6380.590s][debug][gc,phases      ] GC(141)   JNI Weak                       Min:  0.0, Avg:  0.0, Max:  0.0, Diff:  0.0, Sum:  0.0, Workers: 4
[6380.590s][debug][gc,phases      ] GC(141)     Dead                           Min: 0, Avg:  0.0, Max: 0, Diff: 0, Sum: 0, Workers: 4
[6380.590s][debug][gc,phases      ] GC(141)     Total                          Min: 0, Avg: 11.2, Max: 45, Diff: 45, Sum: 45, Workers: 4
[6380.590s][debug][gc,phases      ] GC(141)   StringDedup Table Weak         Min:  0.0, Avg:  0.0, Max:  0.0, Diff:  0.0, Sum:  0.0, Workers: 4
[6380.590s][debug][gc,phases      ] GC(141)     Dead                           Min: 0, Avg:  0.0, Max: 0, Diff: 0, Sum: 0, Workers: 4
[6380.590s][debug][gc,phases      ] GC(141)     Total                          Min: 0, Avg:  0.0, Max: 0, Diff: 0, Sum: 0, Workers: 4
[6380.590s][debug][gc,phases      ] GC(141)   StringDedup Requests0 Weak     Min:  0.0, Avg:  0.0, Max:  0.0, Diff:  0.0, Sum:  0.0, Workers: 4
[6380.590s][debug][gc,phases      ] GC(141)     Dead                           Min: 0, Avg:  0.0, Max: 0, Diff: 0, Sum: 0, Workers: 4
[6380.590s][debug][gc,phases      ] GC(141)     Total                          Min: 0, Avg:  0.0, Max: 0, Diff: 0, Sum: 0, Workers: 4
[6380.590s][debug][gc,phases      ] GC(141)   StringDedup Requests1 Weak     Min:  0.0, Avg:  0.0, Max:  0.0, Diff:  0.0, Sum:  0.0, Workers: 4
[6380.590s][debug][gc,phases      ] GC(141)     Dead                           Min: 0, Avg:  0.0, Max: 0, Diff: 0, Sum: 0, Workers: 4
[6380.590s][debug][gc,phases      ] GC(141)     Total                          Min: 0, Avg:  0.0, Max: 0, Diff: 0, Sum: 0, Workers: 4
[6380.590s][debug][gc,phases      ] GC(141)   Weak JFR Old Object Samples    Min:  0.0, Avg:  0.0, Max:  0.0, Diff:  0.0, Sum:  0.0, Workers: 4
[6380.590s][debug][gc,phases      ] GC(141)     Dead                           Min: 0, Avg:  0.0, Max: 0, Diff: 0, Sum: 0, Workers: 4
[6380.590s][debug][gc,phases      ] GC(141)     Total                          Min: 0, Avg:  0.0, Max: 0, Diff: 0, Sum: 0, Workers: 4
[6380.590s][debug][gc,phases      ] GC(141) Weak Processing 0.354ms
[6380.590s][debug][gc,age         ] GC(141) Desired survivor size 71827456 bytes, new threshold 15 (max threshold 15)
[6380.590s][info ][gc,heap        ] GC(141) PSYoungGen: 1965936K(2020864K)->18880K(2027008K) Eden: 1946624K(1946624K)->0K(1954816K) From: 19312K(74240K)->18880K(72192K)
[6380.590s][info ][gc,heap        ] GC(141) ParOldGen: 555979K(606208K)->556255K(606208K)
[6380.590s][info ][gc,metaspace   ] GC(141) Metaspace: 80212K(81280K)->80212K(81280K) NonClass: 69012K(69568K)->69012K(69568K) Class: 11200K(11712K)->11200K(11712K)
[6380.590s][info ][gc             ] GC(141) Pause Young (Allocation Failure) 2462M->561M(2571M) 9.479ms
[6380.590s][info ][gc,cpu         ] GC(141) User=0.02s Sys=0.00s Real=0.00s
[6380.590s][info ][safepoint      ] Safepoint "ParallelGCFailedAllocation", Time since last: 38284356787 ns, Reaching safepoint: 110601 ns, At safepoint: 9550481 ns, Total: 9661082 ns
[6410.592s][info ][safepoint      ] Safepoint "Cleanup", Time since last: 30001881200 ns, Reaching safepoint: 37800 ns, At safepoint: 2800 ns, Total: 40600 ns
[6432.593s][info ][safepoint      ] Safepoint "Cleanup", Time since last: 22001305451 ns, Reaching safepoint: 42200 ns, At safepoint: 2300 ns, Total: 44500 ns
[6435.594s][info ][safepoint      ] Safepoint "Cleanup", Time since last: 3000232024 ns, Reaching safepoint: 32300 ns, At safepoint: 2800 ns, Total: 35100 ns
[6474.332s][info ][gc,start       ] GC(142) Pause Young (Allocation Failure)
[6474.341s][debug][gc,phases      ] GC(142) Scavenge 8.304ms
[6474.341s][debug][gc,ref         ] GC(142) Skipped phase 1 of Reference Processing: no references
[6474.341s][debug][gc,ref         ] GC(142) ReferenceProcessor::execute queues: 1, RefProcThreadModel::Single, marks_oops_alive: false
[6474.341s][debug][gc,ref         ] GC(142) Skipped phase 3 of Reference Processing: no references
[6474.341s][debug][gc,ref         ] GC(142) ReferenceProcessor::execute queues: 1, RefProcThreadModel::Single, marks_oops_alive: false
[6474.341s][debug][gc,phases      ] GC(142) Reference Processing 0.102ms
[6474.341s][debug][gc,phases      ] GC(142)   VM Weak                        Min:  0.0, Avg:  0.0, Max:  0.0, Diff:  0.0, Sum:  0.0, Workers: 4
[6474.341s][debug][gc,phases      ] GC(142)     Dead                           Min: 0, Avg:  0.0, Max: 0, Diff: 0, Sum: 0, Workers: 4
[6474.341s][debug][gc,phases      ] GC(142)     Total                          Min: 0, Avg: 157.8, Max: 461, Diff: 461, Sum: 631, Workers: 4
[6474.341s][debug][gc,phases      ] GC(142)   ObjectSynchronizer Weak        Min:  0.0, Avg:  0.0, Max:  0.0, Diff:  0.0, Sum:  0.0, Workers: 4
[6474.341s][debug][gc,phases      ] GC(142)     Dead                           Min: 0, Avg:  0.0, Max: 0, Diff: 0, Sum: 0, Workers: 4
[6474.341s][debug][gc,phases      ] GC(142)     Total                          Min: 0, Avg: 15.5, Max: 62, Diff: 62, Sum: 62, Workers: 4
[6474.341s][debug][gc,phases      ] GC(142)   JVMTI Tag Weak OopStorage      Min:  0.0, Avg:  0.0, Max:  0.0, Diff:  0.0, Sum:  0.0, Workers: 4
[6474.341s][debug][gc,phases      ] GC(142)     Dead                           Min: 0, Avg:  0.0, Max: 0, Diff: 0, Sum: 0, Workers: 4
[6474.341s][debug][gc,phases      ] GC(142)     Total                          Min: 0, Avg:  0.0, Max: 0, Diff: 0, Sum: 0, Workers: 4
[6474.341s][debug][gc,phases      ] GC(142)   StringTable Weak               Min:  0.1, Avg:  0.1, Max:  0.1, Diff:  0.0, Sum:  0.4, Workers: 4
[6474.341s][debug][gc,phases      ] GC(142)     Dead                           Min: 0, Avg:  0.0, Max: 0, Diff: 0, Sum: 0, Workers: 4
[6474.341s][debug][gc,phases      ] GC(142)     Total                          Min: 10496, Avg: 10749.5, Max: 11126, Diff: 630, Sum: 42998, Workers: 4
[6474.341s][debug][gc,phases      ] GC(142)   ResolvedMethodTable Weak       Min:  0.0, Avg:  0.0, Max:  0.0, Diff:  0.0, Sum:  0.1, Workers: 4
[6474.341s][debug][gc,phases      ] GC(142)     Dead                           Min: 0, Avg:  0.0, Max: 0, Diff: 0, Sum: 0, Workers: 4
[6474.341s][debug][gc,phases      ] GC(142)     Total                          Min: 1920, Avg: 2191.2, Max: 2495, Diff: 575, Sum: 8765, Workers: 4
[6474.341s][debug][gc,phases      ] GC(142)   JNI Weak                       Min:  0.0, Avg:  0.0, Max:  0.0, Diff:  0.0, Sum:  0.0, Workers: 4
[6474.341s][debug][gc,phases      ] GC(142)     Dead                           Min: 0, Avg:  0.0, Max: 0, Diff: 0, Sum: 0, Workers: 4
[6474.341s][debug][gc,phases      ] GC(142)     Total                          Min: 0, Avg: 11.2, Max: 45, Diff: 45, Sum: 45, Workers: 4
[6474.341s][debug][gc,phases      ] GC(142)   StringDedup Table Weak         Min:  0.0, Avg:  0.0, Max:  0.0, Diff:  0.0, Sum:  0.0, Workers: 4
[6474.341s][debug][gc,phases      ] GC(142)     Dead                           Min: 0, Avg:  0.0, Max: 0, Diff: 0, Sum: 0, Workers: 4
[6474.341s][debug][gc,phases      ] GC(142)     Total                          Min: 0, Avg:  0.0, Max: 0, Diff: 0, Sum: 0, Workers: 4
[6474.341s][debug][gc,phases      ] GC(142)   StringDedup Requests0 Weak     Min:  0.0, Avg:  0.0, Max:  0.0, Diff:  0.0, Sum:  0.0, Workers: 4
[6474.341s][debug][gc,phases      ] GC(142)     Dead                           Min: 0, Avg:  0.0, Max: 0, Diff: 0, Sum: 0, Workers: 4
[6474.341s][debug][gc,phases      ] GC(142)     Total                          Min: 0, Avg:  0.0, Max: 0, Diff: 0, Sum: 0, Workers: 4
[6474.341s][debug][gc,phases      ] GC(142)   StringDedup Requests1 Weak     Min:  0.0, Avg:  0.0, Max:  0.0, Diff:  0.0, Sum:  0.0, Workers: 4
[6474.341s][debug][gc,phases      ] GC(142)     Dead                           Min: 0, Avg:  0.0, Max: 0, Diff: 0, Sum: 0, Workers: 4
[6474.341s][debug][gc,phases      ] GC(142)     Total                          Min: 0, Avg:  0.0, Max: 0, Diff: 0, Sum: 0, Workers: 4
[6474.341s][debug][gc,phases      ] GC(142)   Weak JFR Old Object Samples    Min:  0.0, Avg:  0.0, Max:  0.0, Diff:  0.0, Sum:  0.0, Workers: 4
[6474.341s][debug][gc,phases      ] GC(142)     Dead                           Min: 0, Avg:  0.0, Max: 0, Diff: 0, Sum: 0, Workers: 4
[6474.341s][debug][gc,phases      ] GC(142)     Total                          Min: 0, Avg:  0.0, Max: 0, Diff: 0, Sum: 0, Workers: 4
[6474.341s][debug][gc,phases      ] GC(142) Weak Processing 0.288ms
[6474.341s][debug][gc,age         ] GC(142) Desired survivor size 69730304 bytes, new threshold 15 (max threshold 15)
[6474.341s][info ][gc,heap        ] GC(142) PSYoungGen: 1973696K(2027008K)->18784K(2024960K) Eden: 1954816K(1954816K)->0K(1954816K) From: 18880K(72192K)->18784K(70144K)
[6474.341s][info ][gc,heap        ] GC(142) ParOldGen: 556255K(606208K)->556431K(606208K)
[6474.341s][info ][gc,metaspace   ] GC(142) Metaspace: 80217K(81280K)->80217K(81280K) NonClass: 69016K(69568K)->69016K(69568K) Class: 11200K(11712K)->11200K(11712K)
[6474.341s][info ][gc             ] GC(142) Pause Young (Allocation Failure) 2470M->561M(2569M) 8.800ms
[6474.341s][info ][gc,cpu         ] GC(142) User=0.02s Sys=0.00s Real=0.01s
[6474.341s][info ][safepoint      ] Safepoint "ParallelGCFailedAllocation", Time since last: 38738718619 ns, Reaching safepoint: 27500 ns, At safepoint: 8890275 ns, Total: 8917775 ns
[6576.930s][info ][gc,start       ] GC(143) Pause Young (Allocation Failure)
[6576.940s][debug][gc,phases      ] GC(143) Scavenge 9.665ms
[6576.940s][debug][gc,ref         ] GC(143) Skipped phase 1 of Reference Processing: no references
[6576.940s][debug][gc,ref         ] GC(143) ReferenceProcessor::execute queues: 1, RefProcThreadModel::Single, marks_oops_alive: false
[6576.940s][debug][gc,ref         ] GC(143) Skipped phase 3 of Reference Processing: no references
[6576.940s][debug][gc,ref         ] GC(143) ReferenceProcessor::execute queues: 1, RefProcThreadModel::Single, marks_oops_alive: false
[6576.940s][debug][gc,phases      ] GC(143) Reference Processing 0.100ms
[6576.940s][debug][gc,phases      ] GC(143)   VM Weak                        Min:  0.0, Avg:  0.0, Max:  0.0, Diff:  0.0, Sum:  0.0, Workers: 4
[6576.940s][debug][gc,phases      ] GC(143)     Dead                           Min: 0, Avg:  0.0, Max: 0, Diff: 0, Sum: 0, Workers: 4
[6576.940s][debug][gc,phases      ] GC(143)     Total                          Min: 0, Avg: 157.8, Max: 424, Diff: 424, Sum: 631, Workers: 4
[6576.940s][debug][gc,phases      ] GC(143)   ObjectSynchronizer Weak        Min:  0.0, Avg:  0.0, Max:  0.0, Diff:  0.0, Sum:  0.0, Workers: 4
[6576.940s][debug][gc,phases      ] GC(143)     Dead                           Min: 0, Avg:  0.0, Max: 0, Diff: 0, Sum: 0, Workers: 4
[6576.940s][debug][gc,phases      ] GC(143)     Total                          Min: 0, Avg: 15.5, Max: 62, Diff: 62, Sum: 62, Workers: 4
[6576.940s][debug][gc,phases      ] GC(143)   JVMTI Tag Weak OopStorage      Min:  0.0, Avg:  0.0, Max:  0.0, Diff:  0.0, Sum:  0.0, Workers: 4
[6576.940s][debug][gc,phases      ] GC(143)     Dead                           Min: 0, Avg:  0.0, Max: 0, Diff: 0, Sum: 0, Workers: 4
[6576.940s][debug][gc,phases      ] GC(143)     Total                          Min: 0, Avg:  0.0, Max: 0, Diff: 0, Sum: 0, Workers: 4
[6576.940s][debug][gc,phases      ] GC(143)   StringTable Weak               Min:  0.0, Avg:  0.1, Max:  0.1, Diff:  0.1, Sum:  0.4, Workers: 4
[6576.940s][debug][gc,phases      ] GC(143)     Dead                           Min: 0, Avg:  0.0, Max: 0, Diff: 0, Sum: 0, Workers: 4
[6576.940s][debug][gc,phases      ] GC(143)     Total                          Min: 0, Avg: 10749.5, Max: 14656, Diff: 14656, Sum: 42998, Workers: 4
[6576.940s][debug][gc,phases      ] GC(143)   ResolvedMethodTable Weak       Min:  0.0, Avg:  0.0, Max:  0.0, Diff:  0.0, Sum:  0.1, Workers: 4
[6576.940s][debug][gc,phases      ] GC(143)     Dead                           Min: 0, Avg:  0.0, Max: 0, Diff: 0, Sum: 0, Workers: 4
[6576.940s][debug][gc,phases      ] GC(143)     Total                          Min: 0, Avg: 2191.2, Max: 3007, Diff: 3007, Sum: 8765, Workers: 4
[6576.940s][debug][gc,phases      ] GC(143)   JNI Weak                       Min:  0.0, Avg:  0.0, Max:  0.0, Diff:  0.0, Sum:  0.0, Workers: 4
[6576.940s][debug][gc,phases      ] GC(143)     Dead                           Min: 0, Avg:  0.0, Max: 0, Diff: 0, Sum: 0, Workers: 4
[6576.940s][debug][gc,phases      ] GC(143)     Total                          Min: 0, Avg: 11.2, Max: 45, Diff: 45, Sum: 45, Workers: 4
[6576.940s][debug][gc,phases      ] GC(143)   StringDedup Table Weak         Min:  0.0, Avg:  0.0, Max:  0.0, Diff:  0.0, Sum:  0.0, Workers: 4
[6576.940s][debug][gc,phases      ] GC(143)     Dead                           Min: 0, Avg:  0.0, Max: 0, Diff: 0, Sum: 0, Workers: 4
[6576.940s][debug][gc,phases      ] GC(143)     Total                          Min: 0, Avg:  0.0, Max: 0, Diff: 0, Sum: 0, Workers: 4
[6576.940s][debug][gc,phases      ] GC(143)   StringDedup Requests0 Weak     Min:  0.0, Avg:  0.0, Max:  0.0, Diff:  0.0, Sum:  0.0, Workers: 4
[6576.940s][debug][gc,phases      ] GC(143)     Dead                           Min: 0, Avg:  0.0, Max: 0, Diff: 0, Sum: 0, Workers: 4
[6576.940s][debug][gc,phases      ] GC(143)     Total                          Min: 0, Avg:  0.0, Max: 0, Diff: 0, Sum: 0, Workers: 4
[6576.940s][debug][gc,phases      ] GC(143)   StringDedup Requests1 Weak     Min:  0.0, Avg:  0.0, Max:  0.0, Diff:  0.0, Sum:  0.0, Workers: 4
[6576.940s][debug][gc,phases      ] GC(143)     Dead                           Min: 0, Avg:  0.0, Max: 0, Diff: 0, Sum: 0, Workers: 4
[6576.940s][debug][gc,phases      ] GC(143)     Total                          Min: 0, Avg:  0.0, Max: 0, Diff: 0, Sum: 0, Workers: 4
[6576.940s][debug][gc,phases      ] GC(143)   Weak JFR Old Object Samples    Min:  0.0, Avg:  0.0, Max:  0.0, Diff:  0.0, Sum:  0.0, Workers: 4
[6576.940s][debug][gc,phases      ] GC(143)     Dead                           Min: 0, Avg:  0.0, Max: 0, Diff: 0, Sum: 0, Workers: 4
[6576.940s][debug][gc,phases      ] GC(143)     Total                          Min: 0, Avg:  0.0, Max: 0, Diff: 0, Sum: 0, Workers: 4
[6576.940s][debug][gc,phases      ] GC(143) Weak Processing 0.313ms
[6576.940s][debug][gc,age         ] GC(143) Desired survivor size 69730304 bytes, new threshold 15 (max threshold 15)
[6576.940s][info ][gc,heap        ] GC(143) PSYoungGen: 1973600K(2024960K)->5808K(2029056K) Eden: 1954816K(1954816K)->0K(1960960K) From: 18784K(70144K)->5808K(68096K)
[6576.940s][info ][gc,heap        ] GC(143) ParOldGen: 556431K(606208K)->570743K(606208K)
[6576.940s][info ][gc,metaspace   ] GC(143) Metaspace: 80217K(81280K)->80217K(81280K) NonClass: 69017K(69568K)->69017K(69568K) Class: 11200K(11712K)->11200K(11712K)
[6576.940s][info ][gc             ] GC(143) Pause Young (Allocation Failure) 2470M->563M(2573M) 10.193ms
[6576.940s][info ][gc,cpu         ] GC(143) User=0.02s Sys=0.01s Real=0.02s
[6576.940s][info ][safepoint      ] Safepoint "ParallelGCFailedAllocation", Time since last: 102588977727 ns, Reaching safepoint: 32600 ns, At safepoint: 10283087 ns, Total: 10315687 ns
[6578.941s][info ][safepoint      ] Safepoint "Cleanup", Time since last: 2000149534 ns, Reaching safepoint: 44501 ns, At safepoint: 2700 ns, Total: 47201 ns
[6678.378s][info ][gc,start       ] GC(144) Pause Young (Allocation Failure)
[6678.383s][debug][gc,phases      ] GC(144) Scavenge 4.721ms
[6678.383s][debug][gc,ref         ] GC(144) Skipped phase 1 of Reference Processing: no references
[6678.383s][debug][gc,ref         ] GC(144) ReferenceProcessor::execute queues: 1, RefProcThreadModel::Single, marks_oops_alive: false
[6678.383s][debug][gc,ref         ] GC(144) Skipped phase 3 of Reference Processing: no references
[6678.383s][debug][gc,ref         ] GC(144) ReferenceProcessor::execute queues: 1, RefProcThreadModel::Single, marks_oops_alive: false
[6678.383s][debug][gc,phases      ] GC(144) Reference Processing 0.087ms
[6678.383s][debug][gc,phases      ] GC(144)   VM Weak                        Min:  0.0, Avg:  0.0, Max:  0.0, Diff:  0.0, Sum:  0.0, Workers: 4
[6678.383s][debug][gc,phases      ] GC(144)     Dead                           Min: 0, Avg:  0.0, Max: 0, Diff: 0, Sum: 0, Workers: 4
[6678.383s][debug][gc,phases      ] GC(144)     Total                          Min: 0, Avg: 157.8, Max: 347, Diff: 347, Sum: 631, Workers: 4
[6678.383s][debug][gc,phases      ] GC(144)   ObjectSynchronizer Weak        Min:  0.0, Avg:  0.0, Max:  0.0, Diff:  0.0, Sum:  0.0, Workers: 4
[6678.383s][debug][gc,phases      ] GC(144)     Dead                           Min: 0, Avg:  0.0, Max: 0, Diff: 0, Sum: 0, Workers: 4
[6678.383s][debug][gc,phases      ] GC(144)     Total                          Min: 0, Avg: 15.5, Max: 62, Diff: 62, Sum: 62, Workers: 4
[6678.383s][debug][gc,phases      ] GC(144)   JVMTI Tag Weak OopStorage      Min:  0.0, Avg:  0.0, Max:  0.0, Diff:  0.0, Sum:  0.0, Workers: 4
[6678.383s][debug][gc,phases      ] GC(144)     Dead                           Min: 0, Avg:  0.0, Max: 0, Diff: 0, Sum: 0, Workers: 4
[6678.383s][debug][gc,phases      ] GC(144)     Total                          Min: 0, Avg:  0.0, Max: 0, Diff: 0, Sum: 0, Workers: 4
[6678.383s][debug][gc,phases      ] GC(144)   StringTable Weak               Min:  0.0, Avg:  0.1, Max:  0.1, Diff:  0.1, Sum:  0.4, Workers: 4
[6678.383s][debug][gc,phases      ] GC(144)     Dead                           Min: 0, Avg:  0.0, Max: 0, Diff: 0, Sum: 0, Workers: 4
[6678.383s][debug][gc,phases      ] GC(144)     Total                          Min: 0, Avg: 10749.5, Max: 15414, Diff: 15414, Sum: 42998, Workers: 4
[6678.383s][debug][gc,phases      ] GC(144)   ResolvedMethodTable Weak       Min:  0.0, Avg:  0.0, Max:  0.0, Diff:  0.0, Sum:  0.1, Workers: 4
[6678.383s][debug][gc,phases      ] GC(144)     Dead                           Min: 0, Avg:  0.0, Max: 0, Diff: 0, Sum: 0, Workers: 4
[6678.383s][debug][gc,phases      ] GC(144)     Total                          Min: 0, Avg: 2191.2, Max: 3008, Diff: 3008, Sum: 8765, Workers: 4
[6678.383s][debug][gc,phases      ] GC(144)   JNI Weak                       Min:  0.0, Avg:  0.0, Max:  0.0, Diff:  0.0, Sum:  0.0, Workers: 4
[6678.383s][debug][gc,phases      ] GC(144)     Dead                           Min: 0, Avg:  0.0, Max: 0, Diff: 0, Sum: 0, Workers: 4
[6678.383s][debug][gc,phases      ] GC(144)     Total                          Min: 0, Avg: 11.2, Max: 45, Diff: 45, Sum: 45, Workers: 4
[6678.383s][debug][gc,phases      ] GC(144)   StringDedup Table Weak         Min:  0.0, Avg:  0.0, Max:  0.0, Diff:  0.0, Sum:  0.0, Workers: 4
[6678.383s][debug][gc,phases      ] GC(144)     Dead                           Min: 0, Avg:  0.0, Max: 0, Diff: 0, Sum: 0, Workers: 4
[6678.383s][debug][gc,phases      ] GC(144)     Total                          Min: 0, Avg:  0.0, Max: 0, Diff: 0, Sum: 0, Workers: 4
[6678.383s][debug][gc,phases      ] GC(144)   StringDedup Requests0 Weak     Min:  0.0, Avg:  0.0, Max:  0.0, Diff:  0.0, Sum:  0.0, Workers: 4
[6678.383s][debug][gc,phases      ] GC(144)     Dead                           Min: 0, Avg:  0.0, Max: 0, Diff: 0, Sum: 0, Workers: 4
[6678.383s][debug][gc,phases      ] GC(144)     Total                          Min: 0, Avg:  0.0, Max: 0, Diff: 0, Sum: 0, Workers: 4
[6678.383s][debug][gc,phases      ] GC(144)   StringDedup Requests1 Weak     Min:  0.0, Avg:  0.0, Max:  0.0, Diff:  0.0, Sum:  0.0, Workers: 4
[6678.383s][debug][gc,phases      ] GC(144)     Dead                           Min: 0, Avg:  0.0, Max: 0, Diff: 0, Sum: 0, Workers: 4
[6678.383s][debug][gc,phases      ] GC(144)     Total                          Min: 0, Avg:  0.0, Max: 0, Diff: 0, Sum: 0, Workers: 4
[6678.383s][debug][gc,phases      ] GC(144)   Weak JFR Old Object Samples    Min:  0.0, Avg:  0.0, Max:  0.0, Diff:  0.0, Sum:  0.0, Workers: 4
[6678.383s][debug][gc,phases      ] GC(144)     Dead                           Min: 0, Avg:  0.0, Max: 0, Diff: 0, Sum: 0, Workers: 4
[6678.383s][debug][gc,phases      ] GC(144)     Total                          Min: 0, Avg:  0.0, Max: 0, Diff: 0, Sum: 0, Workers: 4
[6678.383s][debug][gc,phases      ] GC(144) Weak Processing 0.308ms
[6678.383s][debug][gc,age         ] GC(144) Desired survivor size 69206016 bytes, new threshold 15 (max threshold 15)
[6678.383s][info ][gc,heap        ] GC(144) PSYoungGen: 1966768K(2029056K)->5904K(2029056K) Eden: 1960960K(1960960K)->0K(1960960K) From: 5808K(68096K)->5904K(68096K)
[6678.383s][info ][gc,heap        ] GC(144) ParOldGen: 570743K(606208K)->570823K(606208K)
[6678.383s][info ][gc,metaspace   ] GC(144) Metaspace: 80230K(81280K)->80230K(81280K) NonClass: 69030K(69568K)->69030K(69568K) Class: 11200K(11712K)->11200K(11712K)
[6678.383s][info ][gc             ] GC(144) Pause Young (Allocation Failure) 2478M->563M(2573M) 5.221ms
[6678.383s][info ][gc,cpu         ] GC(144) User=0.01s Sys=0.00s Real=0.01s
[6678.383s][info ][safepoint      ] Safepoint "ParallelGCFailedAllocation", Time since last: 99437178684 ns, Reaching safepoint: 97501 ns, At safepoint: 5315245 ns, Total: 5412746 ns
[6711.386s][info ][safepoint      ] Safepoint "Cleanup", Time since last: 33002196965 ns, Reaching safepoint: 46200 ns, At safepoint: 32601 ns, Total: 78801 ns
[6761.389s][info ][safepoint      ] Safepoint "Cleanup", Time since last: 50003189158 ns, Reaching safepoint: 44100 ns, At safepoint: 3400 ns, Total: 47500 ns
[6778.281s][info ][gc,start       ] GC(145) Pause Young (Allocation Failure)
[6778.287s][debug][gc,phases      ] GC(145) Scavenge 5.610ms
[6778.287s][debug][gc,ref         ] GC(145) Skipped phase 1 of Reference Processing: no references
[6778.287s][debug][gc,ref         ] GC(145) ReferenceProcessor::execute queues: 1, RefProcThreadModel::Single, marks_oops_alive: false
[6778.287s][debug][gc,ref         ] GC(145) Skipped phase 3 of Reference Processing: no references
[6778.287s][debug][gc,ref         ] GC(145) ReferenceProcessor::execute queues: 1, RefProcThreadModel::Single, marks_oops_alive: false
[6778.287s][debug][gc,phases      ] GC(145) Reference Processing 0.107ms
[6778.287s][debug][gc,phases      ] GC(145)   VM Weak                        Min:  0.0, Avg:  0.0, Max:  0.0, Diff:  0.0, Sum:  0.0, Workers: 4
[6778.287s][debug][gc,phases      ] GC(145)     Dead                           Min: 0, Avg:  0.0, Max: 0, Diff: 0, Sum: 0, Workers: 4
[6778.287s][debug][gc,phases      ] GC(145)     Total                          Min: 0, Avg: 157.8, Max: 373, Diff: 373, Sum: 631, Workers: 4
[6778.287s][debug][gc,phases      ] GC(145)   ObjectSynchronizer Weak        Min:  0.0, Avg:  0.0, Max:  0.0, Diff:  0.0, Sum:  0.0, Workers: 4
[6778.287s][debug][gc,phases      ] GC(145)     Dead                           Min: 0, Avg:  0.0, Max: 0, Diff: 0, Sum: 0, Workers: 4
[6778.287s][debug][gc,phases      ] GC(145)     Total                          Min: 0, Avg: 15.5, Max: 62, Diff: 62, Sum: 62, Workers: 4
[6778.287s][debug][gc,phases      ] GC(145)   JVMTI Tag Weak OopStorage      Min:  0.0, Avg:  0.0, Max:  0.0, Diff:  0.0, Sum:  0.0, Workers: 4
[6778.287s][debug][gc,phases      ] GC(145)     Dead                           Min: 0, Avg:  0.0, Max: 0, Diff: 0, Sum: 0, Workers: 4
[6778.287s][debug][gc,phases      ] GC(145)     Total                          Min: 0, Avg:  0.0, Max: 0, Diff: 0, Sum: 0, Workers: 4
[6778.287s][debug][gc,phases      ] GC(145)   StringTable Weak               Min:  0.0, Avg:  0.1, Max:  0.1, Diff:  0.1, Sum:  0.4, Workers: 4
[6778.287s][debug][gc,phases      ] GC(145)     Dead                           Min: 0, Avg:  0.0, Max: 0, Diff: 0, Sum: 0, Workers: 4
[6778.287s][debug][gc,phases      ] GC(145)     Total                          Min: 0, Avg: 10749.5, Max: 14592, Diff: 14592, Sum: 42998, Workers: 4
[6778.287s][debug][gc,phases      ] GC(145)   ResolvedMethodTable Weak       Min:  0.0, Avg:  0.0, Max:  0.0, Diff:  0.0, Sum:  0.1, Workers: 4
[6778.287s][debug][gc,phases      ] GC(145)     Dead                           Min: 0, Avg:  0.0, Max: 0, Diff: 0, Sum: 0, Workers: 4
[6778.287s][debug][gc,phases      ] GC(145)     Total                          Min: 0, Avg: 2191.2, Max: 2943, Diff: 2943, Sum: 8765, Workers: 4
[6778.287s][debug][gc,phases      ] GC(145)   JNI Weak                       Min:  0.0, Avg:  0.0, Max:  0.0, Diff:  0.0, Sum:  0.0, Workers: 4
[6778.287s][debug][gc,phases      ] GC(145)     Dead                           Min: 0, Avg:  0.0, Max: 0, Diff: 0, Sum: 0, Workers: 4
[6778.287s][debug][gc,phases      ] GC(145)     Total                          Min: 0, Avg: 11.2, Max: 45, Diff: 45, Sum: 45, Workers: 4
[6778.287s][debug][gc,phases      ] GC(145)   StringDedup Table Weak         Min:  0.0, Avg:  0.0, Max:  0.0, Diff:  0.0, Sum:  0.0, Workers: 4
[6778.287s][debug][gc,phases      ] GC(145)     Dead                           Min: 0, Avg:  0.0, Max: 0, Diff: 0, Sum: 0, Workers: 4
[6778.287s][debug][gc,phases      ] GC(145)     Total                          Min: 0, Avg:  0.0, Max: 0, Diff: 0, Sum: 0, Workers: 4
[6778.287s][debug][gc,phases      ] GC(145)   StringDedup Requests0 Weak     Min:  0.0, Avg:  0.0, Max:  0.0, Diff:  0.0, Sum:  0.0, Workers: 4
[6778.287s][debug][gc,phases      ] GC(145)     Dead                           Min: 0, Avg:  0.0, Max: 0, Diff: 0, Sum: 0, Workers: 4
[6778.287s][debug][gc,phases      ] GC(145)     Total                          Min: 0, Avg:  0.0, Max: 0, Diff: 0, Sum: 0, Workers: 4
[6778.287s][debug][gc,phases      ] GC(145)   StringDedup Requests1 Weak     Min:  0.0, Avg:  0.0, Max:  0.0, Diff:  0.0, Sum:  0.0, Workers: 4
[6778.287s][debug][gc,phases      ] GC(145)     Dead                           Min: 0, Avg:  0.0, Max: 0, Diff: 0, Sum: 0, Workers: 4
[6778.287s][debug][gc,phases      ] GC(145)     Total                          Min: 0, Avg:  0.0, Max: 0, Diff: 0, Sum: 0, Workers: 4
[6778.287s][debug][gc,phases      ] GC(145)   Weak JFR Old Object Samples    Min:  0.0, Avg:  0.0, Max:  0.0, Diff:  0.0, Sum:  0.0, Workers: 4
[6778.287s][debug][gc,phases      ] GC(145)     Dead                           Min: 0, Avg:  0.0, Max: 0, Diff: 0, Sum: 0, Workers: 4
[6778.287s][debug][gc,phases      ] GC(145)     Total                          Min: 0, Avg:  0.0, Max: 0, Diff: 0, Sum: 0, Workers: 4
[6778.287s][debug][gc,phases      ] GC(145) Weak Processing 0.334ms
[6778.287s][debug][gc,age         ] GC(145) Desired survivor size 67633152 bytes, new threshold 15 (max threshold 15)
[6778.287s][info ][gc,heap        ] GC(145) PSYoungGen: 1966864K(2029056K)->5312K(2031104K) Eden: 1960960K(1960960K)->0K(1963520K) From: 5904K(68096K)->5312K(67584K)
[6778.287s][info ][gc,heap        ] GC(145) ParOldGen: 570823K(606208K)->571295K(606208K)
[6778.287s][info ][gc,metaspace   ] GC(145) Metaspace: 80236K(81280K)->80236K(81280K) NonClass: 69035K(69568K)->69035K(69568K) Class: 11200K(11712K)->11200K(11712K)
[6778.287s][info ][gc             ] GC(145) Pause Young (Allocation Failure) 2478M->563M(2575M) 6.163ms
[6778.287s][info ][gc,cpu         ] GC(145) User=0.01s Sys=0.01s Real=0.00s
[6778.287s][info ][safepoint      ] Safepoint "ParallelGCFailedAllocation", Time since last: 16892415903 ns, Reaching safepoint: 24400 ns, At safepoint: 6237953 ns, Total: 6262353 ns
[6785.288s][info ][safepoint      ] Safepoint "Cleanup", Time since last: 7000489119 ns, Reaching safepoint: 38300 ns, At safepoint: 3000 ns, Total: 41300 ns
[6864.293s][info ][safepoint      ] Safepoint "Cleanup", Time since last: 79004705825 ns, Reaching safepoint: 36800 ns, At safepoint: 6800 ns, Total: 43600 ns
[6868.293s][info ][safepoint      ] Safepoint "Cleanup", Time since last: 4000303830 ns, Reaching safepoint: 46801 ns, At safepoint: 2900 ns, Total: 49701 ns
[6878.930s][info ][gc,start       ] GC(146) Pause Young (Allocation Failure)
[6878.934s][debug][gc,phases      ] GC(146) Scavenge 4.877ms
[6878.934s][debug][gc,ref         ] GC(146) Skipped phase 1 of Reference Processing: no references
[6878.935s][debug][gc,ref         ] GC(146) ReferenceProcessor::execute queues: 1, RefProcThreadModel::Single, marks_oops_alive: false
[6878.935s][debug][gc,ref         ] GC(146) Skipped phase 3 of Reference Processing: no references
[6878.935s][debug][gc,ref         ] GC(146) ReferenceProcessor::execute queues: 1, RefProcThreadModel::Single, marks_oops_alive: false
[6878.935s][debug][gc,phases      ] GC(146) Reference Processing 0.089ms
[6878.935s][debug][gc,phases      ] GC(146)   VM Weak                        Min:  0.0, Avg:  0.0, Max:  0.0, Diff:  0.0, Sum:  0.0, Workers: 4
[6878.935s][debug][gc,phases      ] GC(146)     Dead                           Min: 0, Avg:  0.0, Max: 0, Diff: 0, Sum: 0, Workers: 4
[6878.935s][debug][gc,phases      ] GC(146)     Total                          Min: 0, Avg: 157.8, Max: 511, Diff: 511, Sum: 631, Workers: 4
[6878.935s][debug][gc,phases      ] GC(146)   ObjectSynchronizer Weak        Min:  0.0, Avg:  0.0, Max:  0.0, Diff:  0.0, Sum:  0.0, Workers: 4
[6878.935s][debug][gc,phases      ] GC(146)     Dead                           Min: 0, Avg:  0.0, Max: 0, Diff: 0, Sum: 0, Workers: 4
[6878.935s][debug][gc,phases      ] GC(146)     Total                          Min: 0, Avg: 15.5, Max: 62, Diff: 62, Sum: 62, Workers: 4
[6878.935s][debug][gc,phases      ] GC(146)   JVMTI Tag Weak OopStorage      Min:  0.0, Avg:  0.0, Max:  0.0, Diff:  0.0, Sum:  0.0, Workers: 4
[6878.935s][debug][gc,phases      ] GC(146)     Dead                           Min: 0, Avg:  0.0, Max: 0, Diff: 0, Sum: 0, Workers: 4
[6878.935s][debug][gc,phases      ] GC(146)     Total                          Min: 0, Avg:  0.0, Max: 0, Diff: 0, Sum: 0, Workers: 4
[6878.935s][debug][gc,phases      ] GC(146)   StringTable Weak               Min:  0.0, Avg:  0.1, Max:  0.1, Diff:  0.1, Sum:  0.4, Workers: 4
[6878.935s][debug][gc,phases      ] GC(146)     Dead                           Min: 0, Avg:  0.0, Max: 0, Diff: 0, Sum: 0, Workers: 4
[6878.935s][debug][gc,phases      ] GC(146)     Total                          Min: 0, Avg: 10749.5, Max: 14656, Diff: 14656, Sum: 42998, Workers: 4
[6878.935s][debug][gc,phases      ] GC(146)   ResolvedMethodTable Weak       Min:  0.0, Avg:  0.0, Max:  0.0, Diff:  0.0, Sum:  0.1, Workers: 4
[6878.935s][debug][gc,phases      ] GC(146)     Dead                           Min: 0, Avg:  0.0, Max: 0, Diff: 0, Sum: 0, Workers: 4
[6878.935s][debug][gc,phases      ] GC(146)     Total                          Min: 0, Avg: 2191.2, Max: 3006, Diff: 3006, Sum: 8765, Workers: 4
[6878.935s][debug][gc,phases      ] GC(146)   JNI Weak                       Min:  0.0, Avg:  0.0, Max:  0.0, Diff:  0.0, Sum:  0.0, Workers: 4
[6878.935s][debug][gc,phases      ] GC(146)     Dead                           Min: 0, Avg:  0.0, Max: 0, Diff: 0, Sum: 0, Workers: 4
[6878.935s][debug][gc,phases      ] GC(146)     Total                          Min: 0, Avg: 11.2, Max: 45, Diff: 45, Sum: 45, Workers: 4
[6878.935s][debug][gc,phases      ] GC(146)   StringDedup Table Weak         Min:  0.0, Avg:  0.0, Max:  0.0, Diff:  0.0, Sum:  0.0, Workers: 4
[6878.935s][debug][gc,phases      ] GC(146)     Dead                           Min: 0, Avg:  0.0, Max: 0, Diff: 0, Sum: 0, Workers: 4
[6878.935s][debug][gc,phases      ] GC(146)     Total                          Min: 0, Avg:  0.0, Max: 0, Diff: 0, Sum: 0, Workers: 4
[6878.935s][debug][gc,phases      ] GC(146)   StringDedup Requests0 Weak     Min:  0.0, Avg:  0.0, Max:  0.0, Diff:  0.0, Sum:  0.0, Workers: 4
[6878.935s][debug][gc,phases      ] GC(146)     Dead                           Min: 0, Avg:  0.0, Max: 0, Diff: 0, Sum: 0, Workers: 4
[6878.935s][debug][gc,phases      ] GC(146)     Total                          Min: 0, Avg:  0.0, Max: 0, Diff: 0, Sum: 0, Workers: 4
[6878.935s][debug][gc,phases      ] GC(146)   StringDedup Requests1 Weak     Min:  0.0, Avg:  0.0, Max:  0.0, Diff:  0.0, Sum:  0.0, Workers: 4
[6878.935s][debug][gc,phases      ] GC(146)     Dead                           Min: 0, Avg:  0.0, Max: 0, Diff: 0, Sum: 0, Workers: 4
[6878.935s][debug][gc,phases      ] GC(146)     Total                          Min: 0, Avg:  0.0, Max: 0, Diff: 0, Sum: 0, Workers: 4
[6878.935s][debug][gc,phases      ] GC(146)   Weak JFR Old Object Samples    Min:  0.0, Avg:  0.0, Max:  0.0, Diff:  0.0, Sum:  0.0, Workers: 4
[6878.935s][debug][gc,phases      ] GC(146)     Dead                           Min: 0, Avg:  0.0, Max: 0, Diff: 0, Sum: 0, Workers: 4
[6878.935s][debug][gc,phases      ] GC(146)     Total                          Min: 0, Avg:  0.0, Max: 0, Diff: 0, Sum: 0, Workers: 4
[6878.935s][debug][gc,phases      ] GC(146) Weak Processing 0.318ms
[6878.935s][debug][gc,age         ] GC(146) Desired survivor size 66584576 bytes, new threshold 15 (max threshold 15)
[6878.935s][info ][gc,heap        ] GC(146) PSYoungGen: 1968832K(2031104K)->5312K(2029568K) Eden: 1963520K(1963520K)->0K(1963520K) From: 5312K(67584K)->5312K(66048K)
[6878.935s][info ][gc,heap        ] GC(146) ParOldGen: 571295K(606208K)->571471K(606208K)
[6878.935s][info ][gc,metaspace   ] GC(146) Metaspace: 80241K(81280K)->80241K(81280K) NonClass: 69041K(69568K)->69041K(69568K) Class: 11200K(11712K)->11200K(11712K)
[6878.935s][info ][gc             ] GC(146) Pause Young (Allocation Failure) 2480M->563M(2574M) 5.380ms
[6878.935s][info ][gc,cpu         ] GC(146) User=0.01s Sys=0.00s Real=0.01s
[6878.935s][info ][safepoint      ] Safepoint "ParallelGCFailedAllocation", Time since last: 10636410949 ns, Reaching safepoint: 27201 ns, At safepoint: 5443246 ns, Total: 5470447 ns
[6978.278s][info ][gc,start       ] GC(147) Pause Young (Allocation Failure)
[6978.281s][debug][gc,phases      ] GC(147) Scavenge 2.983ms
[6978.281s][debug][gc,ref         ] GC(147) Skipped phase 1 of Reference Processing: no references
[6978.281s][debug][gc,ref         ] GC(147) ReferenceProcessor::execute queues: 1, RefProcThreadModel::Single, marks_oops_alive: false
[6978.281s][debug][gc,ref         ] GC(147) Skipped phase 3 of Reference Processing: no references
[6978.281s][debug][gc,ref         ] GC(147) ReferenceProcessor::execute queues: 1, RefProcThreadModel::Single, marks_oops_alive: false
[6978.281s][debug][gc,phases      ] GC(147) Reference Processing 0.088ms
[6978.281s][debug][gc,phases      ] GC(147)   VM Weak                        Min:  0.0, Avg:  0.0, Max:  0.0, Diff:  0.0, Sum:  0.0, Workers: 4
[6978.281s][debug][gc,phases      ] GC(147)     Dead                           Min: 0, Avg:  0.0, Max: 0, Diff: 0, Sum: 0, Workers: 4
[6978.281s][debug][gc,phases      ] GC(147)     Total                          Min: 0, Avg: 157.8, Max: 625, Diff: 625, Sum: 631, Workers: 4
[6978.281s][debug][gc,phases      ] GC(147)   ObjectSynchronizer Weak        Min:  0.0, Avg:  0.0, Max:  0.0, Diff:  0.0, Sum:  0.0, Workers: 4
[6978.281s][debug][gc,phases      ] GC(147)     Dead                           Min: 0, Avg:  0.0, Max: 0, Diff: 0, Sum: 0, Workers: 4
[6978.281s][debug][gc,phases      ] GC(147)     Total                          Min: 0, Avg: 15.5, Max: 62, Diff: 62, Sum: 62, Workers: 4
[6978.281s][debug][gc,phases      ] GC(147)   JVMTI Tag Weak OopStorage      Min:  0.0, Avg:  0.0, Max:  0.0, Diff:  0.0, Sum:  0.0, Workers: 4
[6978.281s][debug][gc,phases      ] GC(147)     Dead                           Min: 0, Avg:  0.0, Max: 0, Diff: 0, Sum: 0, Workers: 4
[6978.281s][debug][gc,phases      ] GC(147)     Total                          Min: 0, Avg:  0.0, Max: 0, Diff: 0, Sum: 0, Workers: 4
[6978.281s][debug][gc,phases      ] GC(147)   StringTable Weak               Min:  0.0, Avg:  0.1, Max:  0.1, Diff:  0.1, Sum:  0.4, Workers: 4
[6978.281s][debug][gc,phases      ] GC(147)     Dead                           Min: 0, Avg:  0.0, Max: 0, Diff: 0, Sum: 0, Workers: 4
[6978.281s][debug][gc,phases      ] GC(147)     Total                          Min: 0, Avg: 10749.8, Max: 14976, Diff: 14976, Sum: 42999, Workers: 4
[6978.281s][debug][gc,phases      ] GC(147)   ResolvedMethodTable Weak       Min:  0.0, Avg:  0.0, Max:  0.0, Diff:  0.0, Sum:  0.1, Workers: 4
[6978.281s][debug][gc,phases      ] GC(147)     Dead                           Min: 0, Avg:  0.0, Max: 0, Diff: 0, Sum: 0, Workers: 4
[6978.281s][debug][gc,phases      ] GC(147)     Total                          Min: 0, Avg: 2191.2, Max: 2944, Diff: 2944, Sum: 8765, Workers: 4
[6978.281s][debug][gc,phases      ] GC(147)   JNI Weak                       Min:  0.0, Avg:  0.0, Max:  0.0, Diff:  0.0, Sum:  0.0, Workers: 4
[6978.281s][debug][gc,phases      ] GC(147)     Dead                           Min: 0, Avg:  0.0, Max: 0, Diff: 0, Sum: 0, Workers: 4
[6978.281s][debug][gc,phases      ] GC(147)     Total                          Min: 0, Avg: 11.2, Max: 45, Diff: 45, Sum: 45, Workers: 4
[6978.281s][debug][gc,phases      ] GC(147)   StringDedup Table Weak         Min:  0.0, Avg:  0.0, Max:  0.0, Diff:  0.0, Sum:  0.0, Workers: 4
[6978.281s][debug][gc,phases      ] GC(147)     Dead                           Min: 0, Avg:  0.0, Max: 0, Diff: 0, Sum: 0, Workers: 4
[6978.281s][debug][gc,phases      ] GC(147)     Total                          Min: 0, Avg:  0.0, Max: 0, Diff: 0, Sum: 0, Workers: 4
[6978.281s][debug][gc,phases      ] GC(147)   StringDedup Requests0 Weak     Min:  0.0, Avg:  0.0, Max:  0.0, Diff:  0.0, Sum:  0.0, Workers: 4
[6978.281s][debug][gc,phases      ] GC(147)     Dead                           Min: 0, Avg:  0.0, Max: 0, Diff: 0, Sum: 0, Workers: 4
[6978.281s][debug][gc,phases      ] GC(147)     Total                          Min: 0, Avg:  0.0, Max: 0, Diff: 0, Sum: 0, Workers: 4
[6978.281s][debug][gc,phases      ] GC(147)   StringDedup Requests1 Weak     Min:  0.0, Avg:  0.0, Max:  0.0, Diff:  0.0, Sum:  0.0, Workers: 4
[6978.281s][debug][gc,phases      ] GC(147)     Dead                           Min: 0, Avg:  0.0, Max: 0, Diff: 0, Sum: 0, Workers: 4
[6978.281s][debug][gc,phases      ] GC(147)     Total                          Min: 0, Avg:  0.0, Max: 0, Diff: 0, Sum: 0, Workers: 4
[6978.281s][debug][gc,phases      ] GC(147)   Weak JFR Old Object Samples    Min:  0.0, Avg:  0.0, Max:  0.0, Diff:  0.0, Sum:  0.0, Workers: 4
[6978.281s][debug][gc,phases      ] GC(147)     Dead                           Min: 0, Avg:  0.0, Max: 0, Diff: 0, Sum: 0, Workers: 4
[6978.281s][debug][gc,phases      ] GC(147)     Total                          Min: 0, Avg:  0.0, Max: 0, Diff: 0, Sum: 0, Workers: 4
[6978.281s][debug][gc,phases      ] GC(147) Weak Processing 0.305ms
[6978.281s][debug][gc,age         ] GC(147) Desired survivor size 64487424 bytes, new threshold 15 (max threshold 15)
[6978.281s][info ][gc,heap        ] GC(147) PSYoungGen: 1968832K(2029568K)->5168K(2034176K) Eden: 1963520K(1963520K)->0K(1969152K) From: 5312K(66048K)->5168K(65024K)
[6978.281s][info ][gc,heap        ] GC(147) ParOldGen: 571471K(606208K)->571751K(606208K)
[6978.281s][info ][gc,metaspace   ] GC(147) Metaspace: 80245K(81280K)->80245K(81280K) NonClass: 69044K(69568K)->69044K(69568K) Class: 11200K(11712K)->11200K(11712K)
[6978.281s][info ][gc             ] GC(147) Pause Young (Allocation Failure) 2480M->563M(2578M) 3.475ms
[6978.281s][info ][gc,cpu         ] GC(147) User=0.02s Sys=0.00s Real=0.01s
[6978.281s][info ][safepoint      ] Safepoint "ParallelGCFailedAllocation", Time since last: 99342831994 ns, Reaching safepoint: 95301 ns, At safepoint: 3551630 ns, Total: 3646931 ns
[7047.286s][info ][safepoint      ] Safepoint "Cleanup", Time since last: 69004555450 ns, Reaching safepoint: 33800 ns, At safepoint: 2800 ns, Total: 36600 ns
[7048.286s][info ][safepoint      ] Safepoint "Cleanup", Time since last: 1000115055 ns, Reaching safepoint: 48400 ns, At safepoint: 10800 ns, Total: 59200 ns
[7065.010s][info ][gc,start       ] GC(148) Pause Young (Allocation Failure)
[7065.013s][debug][gc,phases      ] GC(148) Scavenge 3.450ms
[7065.013s][debug][gc,ref         ] GC(148) Skipped phase 1 of Reference Processing: no references
[7065.013s][debug][gc,ref         ] GC(148) ReferenceProcessor::execute queues: 1, RefProcThreadModel::Single, marks_oops_alive: false
[7065.014s][debug][gc,ref         ] GC(148) Skipped phase 3 of Reference Processing: no references
[7065.014s][debug][gc,ref         ] GC(148) ReferenceProcessor::execute queues: 1, RefProcThreadModel::Single, marks_oops_alive: false
[7065.014s][debug][gc,phases      ] GC(148) Reference Processing 0.089ms
[7065.014s][debug][gc,phases      ] GC(148)   VM Weak                        Min:  0.0, Avg:  0.0, Max:  0.0, Diff:  0.0, Sum:  0.0, Workers: 4
[7065.014s][debug][gc,phases      ] GC(148)     Dead                           Min: 0, Avg:  0.0, Max: 0, Diff: 0, Sum: 0, Workers: 4
[7065.014s][debug][gc,phases      ] GC(148)     Total                          Min: 0, Avg: 157.8, Max: 379, Diff: 379, Sum: 631, Workers: 4
[7065.014s][debug][gc,phases      ] GC(148)   ObjectSynchronizer Weak        Min:  0.0, Avg:  0.0, Max:  0.0, Diff:  0.0, Sum:  0.0, Workers: 4
[7065.014s][debug][gc,phases      ] GC(148)     Dead                           Min: 0, Avg:  0.0, Max: 0, Diff: 0, Sum: 0, Workers: 4
[7065.014s][debug][gc,phases      ] GC(148)     Total                          Min: 0, Avg: 15.5, Max: 62, Diff: 62, Sum: 62, Workers: 4
[7065.014s][debug][gc,phases      ] GC(148)   JVMTI Tag Weak OopStorage      Min:  0.0, Avg:  0.0, Max:  0.0, Diff:  0.0, Sum:  0.0, Workers: 4
[7065.014s][debug][gc,phases      ] GC(148)     Dead                           Min: 0, Avg:  0.0, Max: 0, Diff: 0, Sum: 0, Workers: 4
[7065.014s][debug][gc,phases      ] GC(148)     Total                          Min: 0, Avg:  0.0, Max: 0, Diff: 0, Sum: 0, Workers: 4
[7065.014s][debug][gc,phases      ] GC(148)   StringTable Weak               Min:  0.1, Avg:  0.1, Max:  0.1, Diff:  0.0, Sum:  0.4, Workers: 4
[7065.014s][debug][gc,phases      ] GC(148)     Dead                           Min: 0, Avg:  0.0, Max: 0, Diff: 0, Sum: 0, Workers: 4
[7065.014s][debug][gc,phases      ] GC(148)     Total                          Min: 10551, Avg: 10749.8, Max: 10880, Diff: 329, Sum: 42999, Workers: 4
[7065.014s][debug][gc,phases      ] GC(148)   ResolvedMethodTable Weak       Min:  0.0, Avg:  0.0, Max:  0.0, Diff:  0.0, Sum:  0.1, Workers: 4
[7065.014s][debug][gc,phases      ] GC(148)     Dead                           Min: 0, Avg:  0.0, Max: 0, Diff: 0, Sum: 0, Workers: 4
[7065.014s][debug][gc,phases      ] GC(148)     Total                          Min: 2111, Avg: 2191.2, Max: 2240, Diff: 129, Sum: 8765, Workers: 4
[7065.014s][debug][gc,phases      ] GC(148)   JNI Weak                       Min:  0.0, Avg:  0.0, Max:  0.0, Diff:  0.0, Sum:  0.0, Workers: 4
[7065.014s][debug][gc,phases      ] GC(148)     Dead                           Min: 0, Avg:  0.0, Max: 0, Diff: 0, Sum: 0, Workers: 4
[7065.014s][debug][gc,phases      ] GC(148)     Total                          Min: 0, Avg: 11.2, Max: 45, Diff: 45, Sum: 45, Workers: 4
[7065.014s][debug][gc,phases      ] GC(148)   StringDedup Table Weak         Min:  0.0, Avg:  0.0, Max:  0.0, Diff:  0.0, Sum:  0.0, Workers: 4
[7065.014s][debug][gc,phases      ] GC(148)     Dead                           Min: 0, Avg:  0.0, Max: 0, Diff: 0, Sum: 0, Workers: 4
[7065.014s][debug][gc,phases      ] GC(148)     Total                          Min: 0, Avg:  0.0, Max: 0, Diff: 0, Sum: 0, Workers: 4
[7065.014s][debug][gc,phases      ] GC(148)   StringDedup Requests0 Weak     Min:  0.0, Avg:  0.0, Max:  0.0, Diff:  0.0, Sum:  0.0, Workers: 4
[7065.014s][debug][gc,phases      ] GC(148)     Dead                           Min: 0, Avg:  0.0, Max: 0, Diff: 0, Sum: 0, Workers: 4
[7065.014s][debug][gc,phases      ] GC(148)     Total                          Min: 0, Avg:  0.0, Max: 0, Diff: 0, Sum: 0, Workers: 4
[7065.014s][debug][gc,phases      ] GC(148)   StringDedup Requests1 Weak     Min:  0.0, Avg:  0.0, Max:  0.0, Diff:  0.0, Sum:  0.0, Workers: 4
[7065.014s][debug][gc,phases      ] GC(148)     Dead                           Min: 0, Avg:  0.0, Max: 0, Diff: 0, Sum: 0, Workers: 4
[7065.014s][debug][gc,phases      ] GC(148)     Total                          Min: 0, Avg:  0.0, Max: 0, Diff: 0, Sum: 0, Workers: 4
[7065.014s][debug][gc,phases      ] GC(148)   Weak JFR Old Object Samples    Min:  0.0, Avg:  0.0, Max:  0.0, Diff:  0.0, Sum:  0.0, Workers: 4
[7065.014s][debug][gc,phases      ] GC(148)     Dead                           Min: 0, Avg:  0.0, Max: 0, Diff: 0, Sum: 0, Workers: 4
[7065.014s][debug][gc,phases      ] GC(148)     Total                          Min: 0, Avg:  0.0, Max: 0, Diff: 0, Sum: 0, Workers: 4
[7065.014s][debug][gc,phases      ] GC(148) Weak Processing 0.280ms
[7065.014s][debug][gc,age         ] GC(148) Desired survivor size 62390272 bytes, new threshold 15 (max threshold 15)
[7065.014s][info ][gc,heap        ] GC(148) PSYoungGen: 1974320K(2034176K)->5888K(2032128K) Eden: 1969152K(1969152K)->0K(1969152K) From: 5168K(65024K)->5888K(62976K)
[7065.014s][info ][gc,heap        ] GC(148) ParOldGen: 571751K(606208K)->571799K(606208K)
[7065.014s][info ][gc,metaspace   ] GC(148) Metaspace: 80245K(81280K)->80245K(81280K) NonClass: 69044K(69568K)->69044K(69568K) Class: 11200K(11712K)->11200K(11712K)
[7065.014s][info ][gc             ] GC(148) Pause Young (Allocation Failure) 2486M->564M(2576M) 3.913ms
[7065.014s][info ][gc,cpu         ] GC(148) User=0.02s Sys=0.00s Real=0.01s
[7065.014s][info ][safepoint      ] Safepoint "ParallelGCFailedAllocation", Time since last: 16723657165 ns, Reaching safepoint: 26800 ns, At safepoint: 4007534 ns, Total: 4034334 ns
[7088.015s][info ][safepoint      ] Safepoint "Cleanup", Time since last: 23001363223 ns, Reaching safepoint: 56801 ns, At safepoint: 26100 ns, Total: 82901 ns
[7128.018s][info ][safepoint      ] Safepoint "Cleanup", Time since last: 40002480708 ns, Reaching safepoint: 35600 ns, At safepoint: 3200 ns, Total: 38800 ns
[7135.018s][info ][safepoint      ] Safepoint "Cleanup", Time since last: 7000479067 ns, Reaching safepoint: 47100 ns, At safepoint: 8900 ns, Total: 56000 ns
[7137.686s][info ][gc,start       ] GC(149) Pause Young (Allocation Failure)
[7137.691s][debug][gc,phases      ] GC(149) Scavenge 5.434ms
[7137.692s][debug][gc,ref         ] GC(149) Skipped phase 1 of Reference Processing: no references
[7137.692s][debug][gc,ref         ] GC(149) ReferenceProcessor::execute queues: 1, RefProcThreadModel::Single, marks_oops_alive: false
[7137.692s][debug][gc,ref         ] GC(149) Skipped phase 3 of Reference Processing: no references
[7137.692s][debug][gc,ref         ] GC(149) ReferenceProcessor::execute queues: 1, RefProcThreadModel::Single, marks_oops_alive: false
[7137.692s][debug][gc,phases      ] GC(149) Reference Processing 0.099ms
[7137.692s][debug][gc,phases      ] GC(149)   VM Weak                        Min:  0.0, Avg:  0.0, Max:  0.0, Diff:  0.0, Sum:  0.0, Workers: 4
[7137.692s][debug][gc,phases      ] GC(149)     Dead                           Min: 0, Avg:  0.0, Max: 0, Diff: 0, Sum: 0, Workers: 4
[7137.692s][debug][gc,phases      ] GC(149)     Total                          Min: 0, Avg: 157.8, Max: 511, Diff: 511, Sum: 631, Workers: 4
[7137.692s][debug][gc,phases      ] GC(149)   ObjectSynchronizer Weak        Min:  0.0, Avg:  0.0, Max:  0.0, Diff:  0.0, Sum:  0.0, Workers: 4
[7137.692s][debug][gc,phases      ] GC(149)     Dead                           Min: 0, Avg:  0.0, Max: 0, Diff: 0, Sum: 0, Workers: 4
[7137.692s][debug][gc,phases      ] GC(149)     Total                          Min: 0, Avg: 15.5, Max: 62, Diff: 62, Sum: 62, Workers: 4
[7137.692s][debug][gc,phases      ] GC(149)   JVMTI Tag Weak OopStorage      Min:  0.0, Avg:  0.0, Max:  0.0, Diff:  0.0, Sum:  0.0, Workers: 4
[7137.692s][debug][gc,phases      ] GC(149)     Dead                           Min: 0, Avg:  0.0, Max: 0, Diff: 0, Sum: 0, Workers: 4
[7137.692s][debug][gc,phases      ] GC(149)     Total                          Min: 0, Avg:  0.0, Max: 0, Diff: 0, Sum: 0, Workers: 4
[7137.692s][debug][gc,phases      ] GC(149)   StringTable Weak               Min:  0.1, Avg:  0.1, Max:  0.1, Diff:  0.0, Sum:  0.4, Workers: 4
[7137.692s][debug][gc,phases      ] GC(149)     Dead                           Min: 0, Avg:  0.0, Max: 0, Diff: 0, Sum: 0, Workers: 4
[7137.692s][debug][gc,phases      ] GC(149)     Total                          Min: 9792, Avg: 10749.8, Max: 11328, Diff: 1536, Sum: 42999, Workers: 4
[7137.692s][debug][gc,phases      ] GC(149)   ResolvedMethodTable Weak       Min:  0.0, Avg:  0.0, Max:  0.0, Diff:  0.0, Sum:  0.1, Workers: 4
[7137.692s][debug][gc,phases      ] GC(149)     Dead                           Min: 0, Avg:  0.0, Max: 0, Diff: 0, Sum: 0, Workers: 4
[7137.692s][debug][gc,phases      ] GC(149)     Total                          Min: 2112, Avg: 2191.2, Max: 2304, Diff: 192, Sum: 8765, Workers: 4
[7137.692s][debug][gc,phases      ] GC(149)   JNI Weak                       Min:  0.0, Avg:  0.0, Max:  0.0, Diff:  0.0, Sum:  0.0, Workers: 4
[7137.692s][debug][gc,phases      ] GC(149)     Dead                           Min: 0, Avg:  0.0, Max: 0, Diff: 0, Sum: 0, Workers: 4
[7137.692s][debug][gc,phases      ] GC(149)     Total                          Min: 0, Avg: 11.2, Max: 45, Diff: 45, Sum: 45, Workers: 4
[7137.692s][debug][gc,phases      ] GC(149)   StringDedup Table Weak         Min:  0.0, Avg:  0.0, Max:  0.0, Diff:  0.0, Sum:  0.0, Workers: 4
[7137.692s][debug][gc,phases      ] GC(149)     Dead                           Min: 0, Avg:  0.0, Max: 0, Diff: 0, Sum: 0, Workers: 4
[7137.692s][debug][gc,phases      ] GC(149)     Total                          Min: 0, Avg:  0.0, Max: 0, Diff: 0, Sum: 0, Workers: 4
[7137.692s][debug][gc,phases      ] GC(149)   StringDedup Requests0 Weak     Min:  0.0, Avg:  0.0, Max:  0.0, Diff:  0.0, Sum:  0.0, Workers: 4
[7137.692s][debug][gc,phases      ] GC(149)     Dead                           Min: 0, Avg:  0.0, Max: 0, Diff: 0, Sum: 0, Workers: 4
[7137.692s][debug][gc,phases      ] GC(149)     Total                          Min: 0, Avg:  0.0, Max: 0, Diff: 0, Sum: 0, Workers: 4
[7137.692s][debug][gc,phases      ] GC(149)   StringDedup Requests1 Weak     Min:  0.0, Avg:  0.0, Max:  0.0, Diff:  0.0, Sum:  0.0, Workers: 4
[7137.692s][debug][gc,phases      ] GC(149)     Dead                           Min: 0, Avg:  0.0, Max: 0, Diff: 0, Sum: 0, Workers: 4
[7137.692s][debug][gc,phases      ] GC(149)     Total                          Min: 0, Avg:  0.0, Max: 0, Diff: 0, Sum: 0, Workers: 4
[7137.692s][debug][gc,phases      ] GC(149)   Weak JFR Old Object Samples    Min:  0.0, Avg:  0.0, Max:  0.0, Diff:  0.0, Sum:  0.0, Workers: 4
[7137.692s][debug][gc,phases      ] GC(149)     Dead                           Min: 0, Avg:  0.0, Max: 0, Diff: 0, Sum: 0, Workers: 4
[7137.692s][debug][gc,phases      ] GC(149)     Total                          Min: 0, Avg:  0.0, Max: 0, Diff: 0, Sum: 0, Workers: 4
[7137.692s][debug][gc,phases      ] GC(149) Weak Processing 0.292ms
[7137.692s][debug][gc,age         ] GC(149) Desired survivor size 60293120 bytes, new threshold 15 (max threshold 15)
[7137.692s][info ][gc,heap        ] GC(149) PSYoungGen: 1974904K(2032128K)->5726K(2038272K) Eden: 1969015K(1969152K)->0K(1977344K) From: 5888K(62976K)->5726K(60928K)
[7137.692s][info ][gc,heap        ] GC(149) ParOldGen: 571799K(606208K)->571959K(606208K)
[7137.692s][info ][gc,metaspace   ] GC(149) Metaspace: 80291K(81280K)->80291K(81280K) NonClass: 69091K(69568K)->69091K(69568K) Class: 11200K(11712K)->11200K(11712K)
[7137.692s][info ][gc             ] GC(149) Pause Young (Allocation Failure) 2487M->564M(2582M) 5.934ms
[7137.692s][info ][gc,cpu         ] GC(149) User=0.01s Sys=0.00s Real=0.01s
[7137.692s][info ][safepoint      ] Safepoint "ParallelGCFailedAllocation", Time since last: 2667490845 ns, Reaching safepoint: 105701 ns, At safepoint: 6004651 ns, Total: 6110352 ns
[7146.693s][info ][safepoint      ] Safepoint "Cleanup", Time since last: 9000606070 ns, Reaching safepoint: 60300 ns, At safepoint: 7700 ns, Total: 68000 ns
[7205.696s][info ][safepoint      ] Safepoint "Cleanup", Time since last: 59003631751 ns, Reaching safepoint: 31200 ns, At safepoint: 3400 ns, Total: 34600 ns
[7212.031s][info ][gc,start       ] GC(150) Pause Young (Allocation Failure)
[7212.037s][debug][gc,phases      ] GC(150) Scavenge 6.632ms
[7212.037s][debug][gc,ref         ] GC(150) Skipped phase 1 of Reference Processing: no references
[7212.037s][debug][gc,ref         ] GC(150) ReferenceProcessor::execute queues: 1, RefProcThreadModel::Single, marks_oops_alive: false
[7212.037s][debug][gc,ref         ] GC(150) Skipped phase 3 of Reference Processing: no references
[7212.037s][debug][gc,ref         ] GC(150) ReferenceProcessor::execute queues: 1, RefProcThreadModel::Single, marks_oops_alive: false
[7212.037s][debug][gc,phases      ] GC(150) Reference Processing 0.093ms
[7212.038s][debug][gc,phases      ] GC(150)   VM Weak                        Min:  0.0, Avg:  0.0, Max:  0.0, Diff:  0.0, Sum:  0.0, Workers: 4
[7212.038s][debug][gc,phases      ] GC(150)     Dead                           Min: 0, Avg:  0.0, Max: 0, Diff: 0, Sum: 0, Workers: 4
[7212.038s][debug][gc,phases      ] GC(150)     Total                          Min: 0, Avg: 157.8, Max: 373, Diff: 373, Sum: 631, Workers: 4
[7212.038s][debug][gc,phases      ] GC(150)   ObjectSynchronizer Weak        Min:  0.0, Avg:  0.0, Max:  0.0, Diff:  0.0, Sum:  0.0, Workers: 4
[7212.038s][debug][gc,phases      ] GC(150)     Dead                           Min: 0, Avg:  0.0, Max: 0, Diff: 0, Sum: 0, Workers: 4
[7212.038s][debug][gc,phases      ] GC(150)     Total                          Min: 0, Avg: 15.5, Max: 62, Diff: 62, Sum: 62, Workers: 4
[7212.038s][debug][gc,phases      ] GC(150)   JVMTI Tag Weak OopStorage      Min:  0.0, Avg:  0.0, Max:  0.0, Diff:  0.0, Sum:  0.0, Workers: 4
[7212.038s][debug][gc,phases      ] GC(150)     Dead                           Min: 0, Avg:  0.0, Max: 0, Diff: 0, Sum: 0, Workers: 4
[7212.038s][debug][gc,phases      ] GC(150)     Total                          Min: 0, Avg:  0.0, Max: 0, Diff: 0, Sum: 0, Workers: 4
[7212.038s][debug][gc,phases      ] GC(150)   StringTable Weak               Min:  0.0, Avg:  0.1, Max:  0.1, Diff:  0.1, Sum:  0.4, Workers: 4
[7212.038s][debug][gc,phases      ] GC(150)     Dead                           Min: 0, Avg:  0.0, Max: 0, Diff: 0, Sum: 0, Workers: 4
[7212.038s][debug][gc,phases      ] GC(150)     Total                          Min: 0, Avg: 10749.8, Max: 14592, Diff: 14592, Sum: 42999, Workers: 4
[7212.038s][debug][gc,phases      ] GC(150)   ResolvedMethodTable Weak       Min:  0.0, Avg:  0.0, Max:  0.0, Diff:  0.0, Sum:  0.1, Workers: 4
[7212.038s][debug][gc,phases      ] GC(150)     Dead                           Min: 0, Avg:  0.0, Max: 0, Diff: 0, Sum: 0, Workers: 4
[7212.038s][debug][gc,phases      ] GC(150)     Total                          Min: 0, Avg: 2191.2, Max: 2944, Diff: 2944, Sum: 8765, Workers: 4
[7212.038s][debug][gc,phases      ] GC(150)   JNI Weak                       Min:  0.0, Avg:  0.0, Max:  0.0, Diff:  0.0, Sum:  0.0, Workers: 4
[7212.038s][debug][gc,phases      ] GC(150)     Dead                           Min: 0, Avg:  0.0, Max: 0, Diff: 0, Sum: 0, Workers: 4
[7212.038s][debug][gc,phases      ] GC(150)     Total                          Min: 0, Avg: 11.2, Max: 45, Diff: 45, Sum: 45, Workers: 4
[7212.038s][debug][gc,phases      ] GC(150)   StringDedup Table Weak         Min:  0.0, Avg:  0.0, Max:  0.0, Diff:  0.0, Sum:  0.0, Workers: 4
[7212.038s][debug][gc,phases      ] GC(150)     Dead                           Min: 0, Avg:  0.0, Max: 0, Diff: 0, Sum: 0, Workers: 4
[7212.038s][debug][gc,phases      ] GC(150)     Total                          Min: 0, Avg:  0.0, Max: 0, Diff: 0, Sum: 0, Workers: 4
[7212.038s][debug][gc,phases      ] GC(150)   StringDedup Requests0 Weak     Min:  0.0, Avg:  0.0, Max:  0.0, Diff:  0.0, Sum:  0.0, Workers: 4
[7212.038s][debug][gc,phases      ] GC(150)     Dead                           Min: 0, Avg:  0.0, Max: 0, Diff: 0, Sum: 0, Workers: 4
[7212.038s][debug][gc,phases      ] GC(150)     Total                          Min: 0, Avg:  0.0, Max: 0, Diff: 0, Sum: 0, Workers: 4
[7212.038s][debug][gc,phases      ] GC(150)   StringDedup Requests1 Weak     Min:  0.0, Avg:  0.0, Max:  0.0, Diff:  0.0, Sum:  0.0, Workers: 4
[7212.038s][debug][gc,phases      ] GC(150)     Dead                           Min: 0, Avg:  0.0, Max: 0, Diff: 0, Sum: 0, Workers: 4
[7212.038s][debug][gc,phases      ] GC(150)     Total                          Min: 0, Avg:  0.0, Max: 0, Diff: 0, Sum: 0, Workers: 4
[7212.038s][debug][gc,phases      ] GC(150)   Weak JFR Old Object Samples    Min:  0.0, Avg:  0.0, Max:  0.0, Diff:  0.0, Sum:  0.0, Workers: 4
[7212.038s][debug][gc,phases      ] GC(150)     Dead                           Min: 0, Avg:  0.0, Max: 0, Diff: 0, Sum: 0, Workers: 4
[7212.038s][debug][gc,phases      ] GC(150)     Total                          Min: 0, Avg:  0.0, Max: 0, Diff: 0, Sum: 0, Workers: 4
[7212.038s][debug][gc,phases      ] GC(150) Weak Processing 0.323ms
[7212.038s][debug][gc,age         ] GC(150) Desired survivor size 57671680 bytes, new threshold 15 (max threshold 15)
[7212.038s][info ][gc,heap        ] GC(150) PSYoungGen: 1983070K(2038272K)->5504K(2036224K) Eden: 1977344K(1977344K)->0K(1977344K) From: 5726K(60928K)->5504K(58880K)
[7212.038s][info ][gc,heap        ] GC(150) ParOldGen: 571959K(606208K)->572135K(606208K)
[7212.038s][info ][gc,metaspace   ] GC(150) Metaspace: 80293K(81280K)->80293K(81280K) NonClass: 69093K(69568K)->69093K(69568K) Class: 11200K(11712K)->11200K(11712K)
[7212.038s][info ][gc             ] GC(150) Pause Young (Allocation Failure) 2495M->564M(2580M) 7.166ms
[7212.038s][info ][gc,cpu         ] GC(150) User=0.01s Sys=0.00s Real=0.01s
[7212.038s][info ][safepoint      ] Safepoint "ParallelGCFailedAllocation", Time since last: 6334178829 ns, Reaching safepoint: 112801 ns, At safepoint: 7243561 ns, Total: 7356362 ns
[7228.039s][info ][safepoint      ] Safepoint "Cleanup", Time since last: 16001084719 ns, Reaching safepoint: 45200 ns, At safepoint: 3200 ns, Total: 48400 ns
[7251.056s][info ][safepoint      ] Safepoint "Cleanup", Time since last: 23009210737 ns, Reaching safepoint: 7621664 ns, At safepoint: 8200 ns, Total: 7629864 ns
[7264.028s][info ][gc,start       ] GC(151) Pause Young (Allocation Failure)
[7264.102s][debug][gc,phases      ] GC(151) Scavenge 73.762ms
[7264.102s][debug][gc,ref         ] GC(151) Skipped phase 1 of Reference Processing: no references
[7264.102s][debug][gc,ref         ] GC(151) ReferenceProcessor::execute queues: 1, RefProcThreadModel::Single, marks_oops_alive: false
[7264.102s][debug][gc,ref         ] GC(151) Skipped phase 3 of Reference Processing: no references
[7264.102s][debug][gc,ref         ] GC(151) ReferenceProcessor::execute queues: 1, RefProcThreadModel::Single, marks_oops_alive: false
[7264.102s][debug][gc,phases      ] GC(151) Reference Processing 0.118ms
[7264.117s][debug][gc,phases      ] GC(151)   VM Weak                        Min:  0.0, Avg:  0.0, Max:  0.0, Diff:  0.0, Sum:  0.0, Workers: 4
[7264.117s][debug][gc,phases      ] GC(151)     Dead                           Min: 0, Avg:  0.0, Max: 0, Diff: 0, Sum: 0, Workers: 4
[7264.117s][debug][gc,phases      ] GC(151)     Total                          Min: 0, Avg: 157.8, Max: 631, Diff: 631, Sum: 631, Workers: 4
[7264.117s][debug][gc,phases      ] GC(151)   ObjectSynchronizer Weak        Min:  0.0, Avg:  0.0, Max:  0.0, Diff:  0.0, Sum:  0.0, Workers: 4
[7264.117s][debug][gc,phases      ] GC(151)     Dead                           Min: 0, Avg:  0.0, Max: 0, Diff: 0, Sum: 0, Workers: 4
[7264.117s][debug][gc,phases      ] GC(151)     Total                          Min: 0, Avg: 15.5, Max: 62, Diff: 62, Sum: 62, Workers: 4
[7264.117s][debug][gc,phases      ] GC(151)   JVMTI Tag Weak OopStorage      Min:  0.0, Avg:  0.0, Max:  0.0, Diff:  0.0, Sum:  0.0, Workers: 4
[7264.117s][debug][gc,phases      ] GC(151)     Dead                           Min: 0, Avg:  0.0, Max: 0, Diff: 0, Sum: 0, Workers: 4
[7264.117s][debug][gc,phases      ] GC(151)     Total                          Min: 0, Avg:  0.0, Max: 0, Diff: 0, Sum: 0, Workers: 4
[7264.117s][debug][gc,phases      ] GC(151)   StringTable Weak               Min:  0.0, Avg:  2.5, Max:  9.6, Diff:  9.6, Sum:  9.9, Workers: 4
[7264.117s][debug][gc,phases      ] GC(151)     Dead                           Min: 0, Avg:  0.0, Max: 0, Diff: 0, Sum: 0, Workers: 4
[7264.117s][debug][gc,phases      ] GC(151)     Total                          Min: 0, Avg: 10750.0, Max: 39800, Diff: 39800, Sum: 43000, Workers: 4
[7264.117s][debug][gc,phases      ] GC(151)   ResolvedMethodTable Weak       Min:  0.0, Avg:  0.0, Max:  0.1, Diff:  0.1, Sum:  0.1, Workers: 4
[7264.117s][debug][gc,phases      ] GC(151)     Dead                           Min: 0, Avg:  0.0, Max: 0, Diff: 0, Sum: 0, Workers: 4
[7264.117s][debug][gc,phases      ] GC(151)     Total                          Min: 0, Avg: 2191.2, Max: 8765, Diff: 8765, Sum: 8765, Workers: 4
[7264.117s][debug][gc,phases      ] GC(151)   JNI Weak                       Min:  0.0, Avg:  0.0, Max:  0.0, Diff:  0.0, Sum:  0.0, Workers: 4
[7264.117s][debug][gc,phases      ] GC(151)     Dead                           Min: 0, Avg:  0.0, Max: 0, Diff: 0, Sum: 0, Workers: 4
[7264.117s][debug][gc,phases      ] GC(151)     Total                          Min: 0, Avg: 11.8, Max: 47, Diff: 47, Sum: 47, Workers: 4
[7264.117s][debug][gc,phases      ] GC(151)   StringDedup Table Weak         Min:  0.0, Avg:  0.0, Max:  0.0, Diff:  0.0, Sum:  0.0, Workers: 4
[7264.117s][debug][gc,phases      ] GC(151)     Dead                           Min: 0, Avg:  0.0, Max: 0, Diff: 0, Sum: 0, Workers: 4
[7264.117s][debug][gc,phases      ] GC(151)     Total                          Min: 0, Avg:  0.0, Max: 0, Diff: 0, Sum: 0, Workers: 4
[7264.117s][debug][gc,phases      ] GC(151)   StringDedup Requests0 Weak     Min:  0.0, Avg:  0.0, Max:  0.0, Diff:  0.0, Sum:  0.0, Workers: 4
[7264.117s][debug][gc,phases      ] GC(151)     Dead                           Min: 0, Avg:  0.0, Max: 0, Diff: 0, Sum: 0, Workers: 4
[7264.117s][debug][gc,phases      ] GC(151)     Total                          Min: 0, Avg:  0.0, Max: 0, Diff: 0, Sum: 0, Workers: 4
[7264.117s][debug][gc,phases      ] GC(151)   StringDedup Requests1 Weak     Min:  0.0, Avg:  0.0, Max:  0.0, Diff:  0.0, Sum:  0.0, Workers: 4
[7264.117s][debug][gc,phases      ] GC(151)     Dead                           Min: 0, Avg:  0.0, Max: 0, Diff: 0, Sum: 0, Workers: 4
[7264.117s][debug][gc,phases      ] GC(151)     Total                          Min: 0, Avg:  0.0, Max: 0, Diff: 0, Sum: 0, Workers: 4
[7264.117s][debug][gc,phases      ] GC(151)   Weak JFR Old Object Samples    Min:  0.0, Avg:  0.0, Max:  0.0, Diff:  0.0, Sum:  0.0, Workers: 4
[7264.117s][debug][gc,phases      ] GC(151)     Dead                           Min: 0, Avg:  0.0, Max: 0, Diff: 0, Sum: 0, Workers: 4
[7264.117s][debug][gc,phases      ] GC(151)     Total                          Min: 0, Avg:  0.0, Max: 0, Diff: 0, Sum: 0, Workers: 4
[7264.117s][debug][gc,phases      ] GC(151) Weak Processing 14.585ms
[7264.117s][debug][gc,age         ] GC(151) Desired survivor size 65536000 bytes, new threshold 15 (max threshold 15)
[7264.117s][info ][gc,heap        ] GC(151) PSYoungGen: 1982848K(2036224K)->47104K(2025472K) Eden: 1977344K(1977344K)->0K(1969152K) From: 5504K(58880K)->47104K(56320K)
[7264.117s][info ][gc,heap        ] GC(151) ParOldGen: 572135K(606208K)->572263K(606208K)
[7264.117s][info ][gc,metaspace   ] GC(151) Metaspace: 80297K(81280K)->80297K(81280K) NonClass: 69097K(69568K)->69097K(69568K) Class: 11200K(11712K)->11200K(11712K)
[7264.117s][info ][gc             ] GC(151) Pause Young (Allocation Failure) 2495M->604M(2570M) 88.597ms
[7264.117s][info ][gc,cpu         ] GC(151) User=0.09s Sys=0.01s Real=0.09s
[7264.117s][info ][safepoint      ] Safepoint "ParallelGCFailedAllocation", Time since last: 12970197701 ns, Reaching safepoint: 2125918 ns, At safepoint: 88689049 ns, Total: 90814967 ns
[7267.123s][info ][safepoint      ] Safepoint "Cleanup", Time since last: 3006423304 ns, Reaching safepoint: 118601 ns, At safepoint: 5201 ns, Total: 123802 ns
[7273.124s][info ][safepoint      ] Safepoint "Cleanup", Time since last: 6000476804 ns, Reaching safepoint: 31800 ns, At safepoint: 8100 ns, Total: 39900 ns
[7278.789s][info ][safepoint      ] Safepoint "ParallelGCFailedAllocation", Time since last: 5665360272 ns, Reaching safepoint: 97001 ns, At safepoint: 15500 ns, Total: 112501 ns
[7278.790s][info ][gc,start       ] GC(152) Pause Young (GCLocker Initiated GC)
[7278.807s][debug][gc,phases      ] GC(152) Scavenge 16.699ms
[7278.807s][debug][gc,ref         ] GC(152) Skipped phase 1 of Reference Processing: no references
[7278.807s][debug][gc,ref         ] GC(152) ReferenceProcessor::execute queues: 1, RefProcThreadModel::Single, marks_oops_alive: false
[7278.807s][debug][gc,ref         ] GC(152) Skipped phase 3 of Reference Processing: no references
[7278.807s][debug][gc,ref         ] GC(152) ReferenceProcessor::execute queues: 1, RefProcThreadModel::Single, marks_oops_alive: false
[7278.807s][debug][gc,phases      ] GC(152) Reference Processing 0.114ms
[7278.807s][debug][gc,phases      ] GC(152)   VM Weak                        Min:  0.0, Avg:  0.0, Max:  0.0, Diff:  0.0, Sum:  0.0, Workers: 4
[7278.807s][debug][gc,phases      ] GC(152)     Dead                           Min: 0, Avg:  0.0, Max: 0, Diff: 0, Sum: 0, Workers: 4
[7278.807s][debug][gc,phases      ] GC(152)     Total                          Min: 0, Avg: 157.8, Max: 562, Diff: 562, Sum: 631, Workers: 4
[7278.807s][debug][gc,phases      ] GC(152)   ObjectSynchronizer Weak        Min:  0.0, Avg:  0.0, Max:  0.0, Diff:  0.0, Sum:  0.0, Workers: 4
[7278.807s][debug][gc,phases      ] GC(152)     Dead                           Min: 0, Avg:  0.0, Max: 0, Diff: 0, Sum: 0, Workers: 4
[7278.807s][debug][gc,phases      ] GC(152)     Total                          Min: 0, Avg: 15.5, Max: 62, Diff: 62, Sum: 62, Workers: 4
[7278.807s][debug][gc,phases      ] GC(152)   JVMTI Tag Weak OopStorage      Min:  0.0, Avg:  0.0, Max:  0.0, Diff:  0.0, Sum:  0.0, Workers: 4
[7278.807s][debug][gc,phases      ] GC(152)     Dead                           Min: 0, Avg:  0.0, Max: 0, Diff: 0, Sum: 0, Workers: 4
[7278.807s][debug][gc,phases      ] GC(152)     Total                          Min: 0, Avg:  0.0, Max: 0, Diff: 0, Sum: 0, Workers: 4
[7278.807s][debug][gc,phases      ] GC(152)   StringTable Weak               Min:  0.0, Avg:  0.1, Max:  0.1, Diff:  0.1, Sum:  0.3, Workers: 4
[7278.807s][debug][gc,phases      ] GC(152)     Dead                           Min: 0, Avg:  0.0, Max: 0, Diff: 0, Sum: 0, Workers: 4
[7278.807s][debug][gc,phases      ] GC(152)     Total                          Min: 0, Avg: 10750.0, Max: 18808, Diff: 18808, Sum: 43000, Workers: 4
[7278.807s][debug][gc,phases      ] GC(152)   ResolvedMethodTable Weak       Min:  0.0, Avg:  0.0, Max:  0.0, Diff:  0.0, Sum:  0.1, Workers: 4
[7278.807s][debug][gc,phases      ] GC(152)     Dead                           Min: 0, Avg:  0.0, Max: 0, Diff: 0, Sum: 0, Workers: 4
[7278.807s][debug][gc,phases      ] GC(152)     Total                          Min: 0, Avg: 2191.2, Max: 3774, Diff: 3774, Sum: 8765, Workers: 4
[7278.807s][debug][gc,phases      ] GC(152)   JNI Weak                       Min:  0.0, Avg:  0.0, Max:  0.0, Diff:  0.0, Sum:  0.0, Workers: 4
[7278.807s][debug][gc,phases      ] GC(152)     Dead                           Min: 0, Avg:  0.0, Max: 0, Diff: 0, Sum: 0, Workers: 4
[7278.807s][debug][gc,phases      ] GC(152)     Total                          Min: 0, Avg: 11.2, Max: 45, Diff: 45, Sum: 45, Workers: 4
[7278.807s][debug][gc,phases      ] GC(152)   StringDedup Table Weak         Min:  0.0, Avg:  0.0, Max:  0.0, Diff:  0.0, Sum:  0.0, Workers: 4
[7278.807s][debug][gc,phases      ] GC(152)     Dead                           Min: 0, Avg:  0.0, Max: 0, Diff: 0, Sum: 0, Workers: 4
[7278.807s][debug][gc,phases      ] GC(152)     Total                          Min: 0, Avg:  0.0, Max: 0, Diff: 0, Sum: 0, Workers: 4
[7278.807s][debug][gc,phases      ] GC(152)   StringDedup Requests0 Weak     Min:  0.0, Avg:  0.0, Max:  0.0, Diff:  0.0, Sum:  0.0, Workers: 4
[7278.807s][debug][gc,phases      ] GC(152)     Dead                           Min: 0, Avg:  0.0, Max: 0, Diff: 0, Sum: 0, Workers: 4
[7278.807s][debug][gc,phases      ] GC(152)     Total                          Min: 0, Avg:  0.0, Max: 0, Diff: 0, Sum: 0, Workers: 4
[7278.807s][debug][gc,phases      ] GC(152)   StringDedup Requests1 Weak     Min:  0.0, Avg:  0.0, Max:  0.0, Diff:  0.0, Sum:  0.0, Workers: 4
[7278.807s][debug][gc,phases      ] GC(152)     Dead                           Min: 0, Avg:  0.0, Max: 0, Diff: 0, Sum: 0, Workers: 4
[7278.807s][debug][gc,phases      ] GC(152)     Total                          Min: 0, Avg:  0.0, Max: 0, Diff: 0, Sum: 0, Workers: 4
[7278.807s][debug][gc,phases      ] GC(152)   Weak JFR Old Object Samples    Min:  0.0, Avg:  0.0, Max:  0.0, Diff:  0.0, Sum:  0.0, Workers: 4
[7278.807s][debug][gc,phases      ] GC(152)     Dead                           Min: 0, Avg:  0.0, Max: 0, Diff: 0, Sum: 0, Workers: 4
[7278.807s][debug][gc,phases      ] GC(152)     Total                          Min: 0, Avg:  0.0, Max: 0, Diff: 0, Sum: 0, Workers: 4
[7278.807s][debug][gc,phases      ] GC(152) Weak Processing 0.321ms
[7278.807s][debug][gc,age         ] GC(152) Desired survivor size 72351744 bytes, new threshold 15 (max threshold 15)
[7278.807s][info ][gc,heap        ] GC(152) PSYoungGen: 2016256K(2025472K)->49089K(2018304K) Eden: 1969152K(1969152K)->0K(1969152K) From: 47104K(56320K)->49089K(49152K)
[7278.807s][info ][gc,heap        ] GC(152) ParOldGen: 572310K(606208K)->572374K(606208K)
[7278.807s][info ][gc,metaspace   ] GC(152) Metaspace: 80299K(81280K)->80299K(81280K) NonClass: 69099K(69568K)->69099K(69568K) Class: 11200K(11712K)->11200K(11712K)
[7278.807s][info ][gc             ] GC(152) Pause Young (GCLocker Initiated GC) 2527M->606M(2563M) 17.230ms
[7278.807s][info ][gc,cpu         ] GC(152) User=0.05s Sys=0.00s Real=0.02s
[7278.807s][info ][safepoint      ] Safepoint "ParallelGCSystemGC", Time since last: 521104 ns, Reaching safepoint: 67001 ns, At safepoint: 17300246 ns, Total: 17367247 ns
[7318.810s][info ][safepoint      ] Safepoint "Cleanup", Time since last: 40002325908 ns, Reaching safepoint: 41800 ns, At safepoint: 26801 ns, Total: 68601 ns
[7319.729s][info ][gc,start       ] GC(153) Pause Young (Allocation Failure)
[7319.746s][debug][gc,phases      ] GC(153) Scavenge 16.740ms
[7319.746s][debug][gc,ref         ] GC(153) Skipped phase 1 of Reference Processing: no references
[7319.746s][debug][gc,ref         ] GC(153) ReferenceProcessor::execute queues: 1, RefProcThreadModel::Single, marks_oops_alive: false
[7319.746s][debug][gc,ref         ] GC(153) Skipped phase 3 of Reference Processing: no references
[7319.746s][debug][gc,ref         ] GC(153) ReferenceProcessor::execute queues: 1, RefProcThreadModel::Single, marks_oops_alive: false
[7319.746s][debug][gc,phases      ] GC(153) Reference Processing 0.109ms
[7319.746s][debug][gc,phases      ] GC(153)   VM Weak                        Min:  0.0, Avg:  0.0, Max:  0.0, Diff:  0.0, Sum:  0.0, Workers: 4
[7319.746s][debug][gc,phases      ] GC(153)     Dead                           Min: 0, Avg:  0.0, Max: 0, Diff: 0, Sum: 0, Workers: 4
[7319.746s][debug][gc,phases      ] GC(153)     Total                          Min: 0, Avg: 157.8, Max: 631, Diff: 631, Sum: 631, Workers: 4
[7319.746s][debug][gc,phases      ] GC(153)   ObjectSynchronizer Weak        Min:  0.0, Avg:  0.0, Max:  0.0, Diff:  0.0, Sum:  0.0, Workers: 4
[7319.747s][debug][gc,phases      ] GC(153)     Dead                           Min: 0, Avg:  0.0, Max: 0, Diff: 0, Sum: 0, Workers: 4
[7319.747s][debug][gc,phases      ] GC(153)     Total                          Min: 0, Avg: 15.5, Max: 62, Diff: 62, Sum: 62, Workers: 4
[7319.747s][debug][gc,phases      ] GC(153)   JVMTI Tag Weak OopStorage      Min:  0.0, Avg:  0.0, Max:  0.0, Diff:  0.0, Sum:  0.0, Workers: 4
[7319.747s][debug][gc,phases      ] GC(153)     Dead                           Min: 0, Avg:  0.0, Max: 0, Diff: 0, Sum: 0, Workers: 4
[7319.747s][debug][gc,phases      ] GC(153)     Total                          Min: 0, Avg:  0.0, Max: 0, Diff: 0, Sum: 0, Workers: 4
[7319.747s][debug][gc,phases      ] GC(153)   StringTable Weak               Min:  0.0, Avg:  0.1, Max:  0.1, Diff:  0.1, Sum:  0.3, Workers: 4
[7319.747s][debug][gc,phases      ] GC(153)     Dead                           Min: 0, Avg:  0.0, Max: 0, Diff: 0, Sum: 0, Workers: 4
[7319.747s][debug][gc,phases      ] GC(153)     Total                          Min: 0, Avg: 10750.0, Max: 19832, Diff: 19832, Sum: 43000, Workers: 4
[7319.747s][debug][gc,phases      ] GC(153)   ResolvedMethodTable Weak       Min:  0.0, Avg:  0.0, Max:  0.0, Diff:  0.0, Sum:  0.1, Workers: 4
[7319.747s][debug][gc,phases      ] GC(153)     Dead                           Min: 0, Avg:  0.0, Max: 0, Diff: 0, Sum: 0, Workers: 4
[7319.747s][debug][gc,phases      ] GC(153)     Total                          Min: 0, Avg: 2191.2, Max: 3839, Diff: 3839, Sum: 8765, Workers: 4
[7319.747s][debug][gc,phases      ] GC(153)   JNI Weak                       Min:  0.0, Avg:  0.0, Max:  0.0, Diff:  0.0, Sum:  0.0, Workers: 4
[7319.747s][debug][gc,phases      ] GC(153)     Dead                           Min: 0, Avg:  0.0, Max: 0, Diff: 0, Sum: 0, Workers: 4
[7319.747s][debug][gc,phases      ] GC(153)     Total                          Min: 0, Avg: 11.2, Max: 45, Diff: 45, Sum: 45, Workers: 4
[7319.747s][debug][gc,phases      ] GC(153)   StringDedup Table Weak         Min:  0.0, Avg:  0.0, Max:  0.0, Diff:  0.0, Sum:  0.0, Workers: 4
[7319.747s][debug][gc,phases      ] GC(153)     Dead                           Min: 0, Avg:  0.0, Max: 0, Diff: 0, Sum: 0, Workers: 4
[7319.747s][debug][gc,phases      ] GC(153)     Total                          Min: 0, Avg:  0.0, Max: 0, Diff: 0, Sum: 0, Workers: 4
[7319.747s][debug][gc,phases      ] GC(153)   StringDedup Requests0 Weak     Min:  0.0, Avg:  0.0, Max:  0.0, Diff:  0.0, Sum:  0.0, Workers: 4
[7319.747s][debug][gc,phases      ] GC(153)     Dead                           Min: 0, Avg:  0.0, Max: 0, Diff: 0, Sum: 0, Workers: 4
[7319.747s][debug][gc,phases      ] GC(153)     Total                          Min: 0, Avg:  0.0, Max: 0, Diff: 0, Sum: 0, Workers: 4
[7319.747s][debug][gc,phases      ] GC(153)   StringDedup Requests1 Weak     Min:  0.0, Avg:  0.0, Max:  0.0, Diff:  0.0, Sum:  0.0, Workers: 4
[7319.747s][debug][gc,phases      ] GC(153)     Dead                           Min: 0, Avg:  0.0, Max: 0, Diff: 0, Sum: 0, Workers: 4
[7319.747s][debug][gc,phases      ] GC(153)     Total                          Min: 0, Avg:  0.0, Max: 0, Diff: 0, Sum: 0, Workers: 4
[7319.747s][debug][gc,phases      ] GC(153)   Weak JFR Old Object Samples    Min:  0.0, Avg:  0.0, Max:  0.0, Diff:  0.0, Sum:  0.0, Workers: 4
[7319.747s][debug][gc,phases      ] GC(153)     Dead                           Min: 0, Avg:  0.0, Max: 0, Diff: 0, Sum: 0, Workers: 4
[7319.747s][debug][gc,phases      ] GC(153)     Total                          Min: 0, Avg:  0.0, Max: 0, Diff: 0, Sum: 0, Workers: 4
[7319.747s][debug][gc,phases      ] GC(153) Weak Processing 0.286ms
[7319.747s][debug][gc,age         ] GC(153) Desired survivor size 77594624 bytes, new threshold 15 (max threshold 15)
[7319.747s][info ][gc,heap        ] GC(153) PSYoungGen: 2018241K(2018304K)->48704K(2016256K) Eden: 1969152K(1969152K)->0K(1945600K) From: 49089K(49152K)->48704K(70656K)
[7319.747s][info ][gc,heap        ] GC(153) ParOldGen: 572375K(606208K)->572415K(606208K)
[7319.747s][info ][gc,metaspace   ] GC(153) Metaspace: 80299K(81280K)->80299K(81280K) NonClass: 69099K(69568K)->69099K(69568K) Class: 11200K(11712K)->11200K(11712K)
[7319.747s][info ][gc             ] GC(153) Pause Young (Allocation Failure) 2529M->606M(2561M) 17.238ms
[7319.747s][info ][gc,cpu         ] GC(153) User=0.05s Sys=0.00s Real=0.02s
[7319.747s][info ][safepoint      ] Safepoint "ParallelGCFailedAllocation", Time since last: 919573570 ns, Reaching safepoint: 101000 ns, At safepoint: 17331147 ns, Total: 17432147 ns
[7349.749s][info ][safepoint      ] Safepoint "Cleanup", Time since last: 30001937225 ns, Reaching safepoint: 56101 ns, At safepoint: 2600 ns, Total: 58701 ns
[7351.749s][info ][safepoint      ] Safepoint "Cleanup", Time since last: 2000151121 ns, Reaching safepoint: 50501 ns, At safepoint: 33901 ns, Total: 84402 ns
[7362.235s][info ][gc,start       ] GC(154) Pause Young (Allocation Failure)
[7362.249s][debug][gc,phases      ] GC(154) Scavenge 13.993ms
[7362.249s][debug][gc,ref         ] GC(154) Skipped phase 1 of Reference Processing: no references
[7362.249s][debug][gc,ref         ] GC(154) ReferenceProcessor::execute queues: 1, RefProcThreadModel::Single, marks_oops_alive: false
[7362.249s][debug][gc,ref         ] GC(154) Skipped phase 3 of Reference Processing: no references
[7362.249s][debug][gc,ref         ] GC(154) ReferenceProcessor::execute queues: 1, RefProcThreadModel::Single, marks_oops_alive: false
[7362.249s][debug][gc,phases      ] GC(154) Reference Processing 0.094ms
[7362.249s][debug][gc,phases      ] GC(154)   VM Weak                        Min:  0.0, Avg:  0.0, Max:  0.0, Diff:  0.0, Sum:  0.0, Workers: 4
[7362.249s][debug][gc,phases      ] GC(154)     Dead                           Min: 0, Avg:  0.0, Max: 0, Diff: 0, Sum: 0, Workers: 4
[7362.249s][debug][gc,phases      ] GC(154)     Total                          Min: 0, Avg: 157.8, Max: 625, Diff: 625, Sum: 631, Workers: 4
[7362.249s][debug][gc,phases      ] GC(154)   ObjectSynchronizer Weak        Min:  0.0, Avg:  0.0, Max:  0.0, Diff:  0.0, Sum:  0.0, Workers: 4
[7362.249s][debug][gc,phases      ] GC(154)     Dead                           Min: 0, Avg:  0.0, Max: 0, Diff: 0, Sum: 0, Workers: 4
[7362.249s][debug][gc,phases      ] GC(154)     Total                          Min: 0, Avg: 15.5, Max: 62, Diff: 62, Sum: 62, Workers: 4
[7362.249s][debug][gc,phases      ] GC(154)   JVMTI Tag Weak OopStorage      Min:  0.0, Avg:  0.0, Max:  0.0, Diff:  0.0, Sum:  0.0, Workers: 4
[7362.249s][debug][gc,phases      ] GC(154)     Dead                           Min: 0, Avg:  0.0, Max: 0, Diff: 0, Sum: 0, Workers: 4
[7362.249s][debug][gc,phases      ] GC(154)     Total                          Min: 0, Avg:  0.0, Max: 0, Diff: 0, Sum: 0, Workers: 4
[7362.249s][debug][gc,phases      ] GC(154)   StringTable Weak               Min:  0.1, Avg:  0.1, Max:  0.1, Diff:  0.0, Sum:  0.4, Workers: 4
[7362.249s][debug][gc,phases      ] GC(154)     Dead                           Min: 0, Avg:  0.0, Max: 0, Diff: 0, Sum: 0, Workers: 4
[7362.249s][debug][gc,phases      ] GC(154)     Total                          Min: 10360, Avg: 10750.0, Max: 10944, Diff: 584, Sum: 43000, Workers: 4
[7362.249s][debug][gc,phases      ] GC(154)   ResolvedMethodTable Weak       Min:  0.0, Avg:  0.0, Max:  0.0, Diff:  0.0, Sum:  0.1, Workers: 4
[7362.249s][debug][gc,phases      ] GC(154)     Dead                           Min: 0, Avg:  0.0, Max: 0, Diff: 0, Sum: 0, Workers: 4
[7362.249s][debug][gc,phases      ] GC(154)     Total                          Min: 2111, Avg: 2191.2, Max: 2239, Diff: 128, Sum: 8765, Workers: 4
[7362.249s][debug][gc,phases      ] GC(154)   JNI Weak                       Min:  0.0, Avg:  0.0, Max:  0.0, Diff:  0.0, Sum:  0.0, Workers: 4
[7362.249s][debug][gc,phases      ] GC(154)     Dead                           Min: 0, Avg:  0.0, Max: 0, Diff: 0, Sum: 0, Workers: 4
[7362.249s][debug][gc,phases      ] GC(154)     Total                          Min: 0, Avg: 11.2, Max: 45, Diff: 45, Sum: 45, Workers: 4
[7362.249s][debug][gc,phases      ] GC(154)   StringDedup Table Weak         Min:  0.0, Avg:  0.0, Max:  0.0, Diff:  0.0, Sum:  0.0, Workers: 4
[7362.249s][debug][gc,phases      ] GC(154)     Dead                           Min: 0, Avg:  0.0, Max: 0, Diff: 0, Sum: 0, Workers: 4
[7362.249s][debug][gc,phases      ] GC(154)     Total                          Min: 0, Avg:  0.0, Max: 0, Diff: 0, Sum: 0, Workers: 4
[7362.249s][debug][gc,phases      ] GC(154)   StringDedup Requests0 Weak     Min:  0.0, Avg:  0.0, Max:  0.0, Diff:  0.0, Sum:  0.0, Workers: 4
[7362.249s][debug][gc,phases      ] GC(154)     Dead                           Min: 0, Avg:  0.0, Max: 0, Diff: 0, Sum: 0, Workers: 4
[7362.249s][debug][gc,phases      ] GC(154)     Total                          Min: 0, Avg:  0.0, Max: 0, Diff: 0, Sum: 0, Workers: 4
[7362.249s][debug][gc,phases      ] GC(154)   StringDedup Requests1 Weak     Min:  0.0, Avg:  0.0, Max:  0.0, Diff:  0.0, Sum:  0.0, Workers: 4
[7362.249s][debug][gc,phases      ] GC(154)     Dead                           Min: 0, Avg:  0.0, Max: 0, Diff: 0, Sum: 0, Workers: 4
[7362.249s][debug][gc,phases      ] GC(154)     Total                          Min: 0, Avg:  0.0, Max: 0, Diff: 0, Sum: 0, Workers: 4
[7362.249s][debug][gc,phases      ] GC(154)   Weak JFR Old Object Samples    Min:  0.0, Avg:  0.0, Max:  0.0, Diff:  0.0, Sum:  0.0, Workers: 4
[7362.249s][debug][gc,phases      ] GC(154)     Dead                           Min: 0, Avg:  0.0, Max: 0, Diff: 0, Sum: 0, Workers: 4
[7362.249s][debug][gc,phases      ] GC(154)     Total                          Min: 0, Avg:  0.0, Max: 0, Diff: 0, Sum: 0, Workers: 4
[7362.249s][debug][gc,phases      ] GC(154) Weak Processing 0.283ms
[7362.249s][debug][gc,age         ] GC(154) Desired survivor size 81788928 bytes, new threshold 15 (max threshold 15)
[7362.249s][info ][gc,heap        ] GC(154) PSYoungGen: 1994304K(2016256K)->48656K(1994752K) Eden: 1945600K(1945600K)->0K(1945600K) From: 48704K(70656K)->48656K(49152K)
[7362.249s][info ][gc,heap        ] GC(154) ParOldGen: 572415K(606208K)->572447K(606208K)
[7362.249s][info ][gc,metaspace   ] GC(154) Metaspace: 80301K(81280K)->80301K(81280K) NonClass: 69101K(69568K)->69101K(69568K) Class: 11200K(11712K)->11200K(11712K)
[7362.249s][info ][gc             ] GC(154) Pause Young (Allocation Failure) 2506M->606M(2540M) 14.471ms
[7362.249s][info ][gc,cpu         ] GC(154) User=0.04s Sys=0.00s Real=0.01s
[7362.249s][info ][safepoint      ] Safepoint "ParallelGCFailedAllocation", Time since last: 10485606509 ns, Reaching safepoint: 47601 ns, At safepoint: 14534934 ns, Total: 14582535 ns
[7363.249s][info ][safepoint      ] Safepoint "Cleanup", Time since last: 1000084100 ns, Reaching safepoint: 54501 ns, At safepoint: 3400 ns, Total: 57901 ns
[7366.249s][info ][safepoint      ] Safepoint "Cleanup", Time since last: 3000226420 ns, Reaching safepoint: 31600 ns, At safepoint: 2700 ns, Total: 34300 ns
[7370.250s][info ][safepoint      ] Safepoint "Cleanup", Time since last: 4000265609 ns, Reaching safepoint: 53901 ns, At safepoint: 6900 ns, Total: 60801 ns
[7381.035s][info ][safepoint      ] Safepoint "Cleanup", Time since last: 10785283712 ns, Reaching safepoint: 74002 ns, At safepoint: 3500 ns, Total: 77502 ns
[7383.036s][info ][safepoint      ] Safepoint "Cleanup", Time since last: 2000203599 ns, Reaching safepoint: 114402 ns, At safepoint: 7300 ns, Total: 121702 ns
[7404.379s][info ][gc,start       ] GC(155) Pause Young (Allocation Failure)
[7404.394s][debug][gc,phases      ] GC(155) Scavenge 15.322ms
[7404.394s][debug][gc,ref         ] GC(155) Skipped phase 1 of Reference Processing: no references
[7404.394s][debug][gc,ref         ] GC(155) ReferenceProcessor::execute queues: 1, RefProcThreadModel::Single, marks_oops_alive: false
[7404.394s][debug][gc,ref         ] GC(155) Skipped phase 3 of Reference Processing: no references
[7404.394s][debug][gc,ref         ] GC(155) ReferenceProcessor::execute queues: 1, RefProcThreadModel::Single, marks_oops_alive: false
[7404.394s][debug][gc,phases      ] GC(155) Reference Processing 0.094ms
[7404.395s][debug][gc,phases      ] GC(155)   VM Weak                        Min:  0.0, Avg:  0.0, Max:  0.0, Diff:  0.0, Sum:  0.0, Workers: 4
[7404.395s][debug][gc,phases      ] GC(155)     Dead                           Min: 0, Avg:  0.0, Max: 0, Diff: 0, Sum: 0, Workers: 4
[7404.395s][debug][gc,phases      ] GC(155)     Total                          Min: 0, Avg: 157.8, Max: 568, Diff: 568, Sum: 631, Workers: 4
[7404.395s][debug][gc,phases      ] GC(155)   ObjectSynchronizer Weak        Min:  0.0, Avg:  0.0, Max:  0.0, Diff:  0.0, Sum:  0.0, Workers: 4
[7404.395s][debug][gc,phases      ] GC(155)     Dead                           Min: 0, Avg:  0.0, Max: 0, Diff: 0, Sum: 0, Workers: 4
[7404.395s][debug][gc,phases      ] GC(155)     Total                          Min: 0, Avg: 15.5, Max: 62, Diff: 62, Sum: 62, Workers: 4
[7404.395s][debug][gc,phases      ] GC(155)   JVMTI Tag Weak OopStorage      Min:  0.0, Avg:  0.0, Max:  0.0, Diff:  0.0, Sum:  0.0, Workers: 4
[7404.395s][debug][gc,phases      ] GC(155)     Dead                           Min: 0, Avg:  0.0, Max: 0, Diff: 0, Sum: 0, Workers: 4
[7404.395s][debug][gc,phases      ] GC(155)     Total                          Min: 0, Avg:  0.0, Max: 0, Diff: 0, Sum: 0, Workers: 4
[7404.395s][debug][gc,phases      ] GC(155)   StringTable Weak               Min:  0.0, Avg:  0.1, Max:  0.1, Diff:  0.1, Sum:  0.4, Workers: 4
[7404.395s][debug][gc,phases      ] GC(155)     Dead                           Min: 0, Avg:  0.0, Max: 0, Diff: 0, Sum: 0, Workers: 4
[7404.395s][debug][gc,phases      ] GC(155)     Total                          Min: 0, Avg: 10750.0, Max: 14592, Diff: 14592, Sum: 43000, Workers: 4
[7404.395s][debug][gc,phases      ] GC(155)   ResolvedMethodTable Weak       Min:  0.0, Avg:  0.0, Max:  0.0, Diff:  0.0, Sum:  0.1, Workers: 4
[7404.395s][debug][gc,phases      ] GC(155)     Dead                           Min: 0, Avg:  0.0, Max: 0, Diff: 0, Sum: 0, Workers: 4
[7404.395s][debug][gc,phases      ] GC(155)     Total                          Min: 0, Avg: 2191.2, Max: 2944, Diff: 2944, Sum: 8765, Workers: 4
[7404.395s][debug][gc,phases      ] GC(155)   JNI Weak                       Min:  0.0, Avg:  0.0, Max:  0.0, Diff:  0.0, Sum:  0.0, Workers: 4
[7404.395s][debug][gc,phases      ] GC(155)     Dead                           Min: 0, Avg:  0.0, Max: 0, Diff: 0, Sum: 0, Workers: 4
[7404.395s][debug][gc,phases      ] GC(155)     Total                          Min: 0, Avg: 11.2, Max: 45, Diff: 45, Sum: 45, Workers: 4
[7404.395s][debug][gc,phases      ] GC(155)   StringDedup Table Weak         Min:  0.0, Avg:  0.0, Max:  0.0, Diff:  0.0, Sum:  0.0, Workers: 4
[7404.395s][debug][gc,phases      ] GC(155)     Dead                           Min: 0, Avg:  0.0, Max: 0, Diff: 0, Sum: 0, Workers: 4
[7404.395s][debug][gc,phases      ] GC(155)     Total                          Min: 0, Avg:  0.0, Max: 0, Diff: 0, Sum: 0, Workers: 4
[7404.395s][debug][gc,phases      ] GC(155)   StringDedup Requests0 Weak     Min:  0.0, Avg:  0.0, Max:  0.0, Diff:  0.0, Sum:  0.0, Workers: 4
[7404.395s][debug][gc,phases      ] GC(155)     Dead                           Min: 0, Avg:  0.0, Max: 0, Diff: 0, Sum: 0, Workers: 4
[7404.395s][debug][gc,phases      ] GC(155)     Total                          Min: 0, Avg:  0.0, Max: 0, Diff: 0, Sum: 0, Workers: 4
[7404.395s][debug][gc,phases      ] GC(155)   StringDedup Requests1 Weak     Min:  0.0, Avg:  0.0, Max:  0.0, Diff:  0.0, Sum:  0.0, Workers: 4
[7404.395s][debug][gc,phases      ] GC(155)     Dead                           Min: 0, Avg:  0.0, Max: 0, Diff: 0, Sum: 0, Workers: 4
[7404.395s][debug][gc,phases      ] GC(155)     Total                          Min: 0, Avg:  0.0, Max: 0, Diff: 0, Sum: 0, Workers: 4
[7404.395s][debug][gc,phases      ] GC(155)   Weak JFR Old Object Samples    Min:  0.0, Avg:  0.0, Max:  0.0, Diff:  0.0, Sum:  0.0, Workers: 4
[7404.395s][debug][gc,phases      ] GC(155)     Dead                           Min: 0, Avg:  0.0, Max: 0, Diff: 0, Sum: 0, Workers: 4
[7404.395s][debug][gc,phases      ] GC(155)     Total                          Min: 0, Avg:  0.0, Max: 0, Diff: 0, Sum: 0, Workers: 4
[7404.395s][debug][gc,phases      ] GC(155) Weak Processing 0.322ms
[7404.395s][debug][gc,age         ] GC(155) Desired survivor size 84410368 bytes, new threshold 15 (max threshold 15)
[7404.395s][info ][gc,heap        ] GC(155) PSYoungGen: 1994256K(1994752K)->48224K(2012160K) Eden: 1945600K(1945600K)->0K(1932288K) From: 48656K(49152K)->48224K(79872K)
[7404.395s][info ][gc,heap        ] GC(155) ParOldGen: 572447K(606208K)->572607K(606208K)
[7404.395s][info ][gc,metaspace   ] GC(155) Metaspace: 80301K(81280K)->80301K(81280K) NonClass: 69101K(69568K)->69101K(69568K) Class: 11200K(11712K)->11200K(11712K)
[7404.395s][info ][gc             ] GC(155) Pause Young (Allocation Failure) 2506M->606M(2557M) 15.846ms
[7404.395s][info ][gc,cpu         ] GC(155) User=0.04s Sys=0.00s Real=0.02s
[7404.395s][info ][safepoint      ] Safepoint "ParallelGCFailedAllocation", Time since last: 21343215916 ns, Reaching safepoint: 99002 ns, At safepoint: 15926447 ns, Total: 16025449 ns
[7429.396s][info ][safepoint      ] Safepoint "Cleanup", Time since last: 25001566598 ns, Reaching safepoint: 47901 ns, At safepoint: 3700 ns, Total: 51601 ns
[7430.397s][info ][safepoint      ] Safepoint "Cleanup", Time since last: 1000116667 ns, Reaching safepoint: 40001 ns, At safepoint: 5100 ns, Total: 45101 ns
[7436.397s][info ][safepoint      ] Safepoint "Cleanup", Time since last: 6000342255 ns, Reaching safepoint: 34600 ns, At safepoint: 8301 ns, Total: 42901 ns
[7447.634s][info ][gc,start       ] GC(156) Pause Young (Allocation Failure)
[7447.648s][debug][gc,phases      ] GC(156) Scavenge 13.739ms
[7447.648s][debug][gc,ref         ] GC(156) Skipped phase 1 of Reference Processing: no references
[7447.648s][debug][gc,ref         ] GC(156) ReferenceProcessor::execute queues: 1, RefProcThreadModel::Single, marks_oops_alive: false
[7447.648s][debug][gc,ref         ] GC(156) Skipped phase 3 of Reference Processing: no references
[7447.648s][debug][gc,ref         ] GC(156) ReferenceProcessor::execute queues: 1, RefProcThreadModel::Single, marks_oops_alive: false
[7447.648s][debug][gc,phases      ] GC(156) Reference Processing 0.104ms
[7447.648s][debug][gc,phases      ] GC(156)   VM Weak                        Min:  0.0, Avg:  0.0, Max:  0.0, Diff:  0.0, Sum:  0.0, Workers: 4
[7447.648s][debug][gc,phases      ] GC(156)     Dead                           Min: 0, Avg:  0.0, Max: 0, Diff: 0, Sum: 0, Workers: 4
[7447.648s][debug][gc,phases      ] GC(156)     Total                          Min: 0, Avg: 157.8, Max: 455, Diff: 455, Sum: 631, Workers: 4
[7447.648s][debug][gc,phases      ] GC(156)   ObjectSynchronizer Weak        Min:  0.0, Avg:  0.0, Max:  0.0, Diff:  0.0, Sum:  0.0, Workers: 4
[7447.648s][debug][gc,phases      ] GC(156)     Dead                           Min: 0, Avg:  0.0, Max: 0, Diff: 0, Sum: 0, Workers: 4
[7447.648s][debug][gc,phases      ] GC(156)     Total                          Min: 0, Avg: 15.5, Max: 62, Diff: 62, Sum: 62, Workers: 4
[7447.648s][debug][gc,phases      ] GC(156)   JVMTI Tag Weak OopStorage      Min:  0.0, Avg:  0.0, Max:  0.0, Diff:  0.0, Sum:  0.0, Workers: 4
[7447.648s][debug][gc,phases      ] GC(156)     Dead                           Min: 0, Avg:  0.0, Max: 0, Diff: 0, Sum: 0, Workers: 4
[7447.648s][debug][gc,phases      ] GC(156)     Total                          Min: 0, Avg:  0.0, Max: 0, Diff: 0, Sum: 0, Workers: 4
[7447.648s][debug][gc,phases      ] GC(156)   StringTable Weak               Min:  0.0, Avg:  0.1, Max:  0.1, Diff:  0.1, Sum:  0.3, Workers: 4
[7447.648s][debug][gc,phases      ] GC(156)     Dead                           Min: 0, Avg:  0.0, Max: 0, Diff: 0, Sum: 0, Workers: 4
[7447.648s][debug][gc,phases      ] GC(156)     Total                          Min: 0, Avg: 10750.0, Max: 18240, Diff: 18240, Sum: 43000, Workers: 4
[7447.648s][debug][gc,phases      ] GC(156)   ResolvedMethodTable Weak       Min:  0.0, Avg:  0.0, Max:  0.0, Diff:  0.0, Sum:  0.1, Workers: 4
[7447.648s][debug][gc,phases      ] GC(156)     Dead                           Min: 0, Avg:  0.0, Max: 0, Diff: 0, Sum: 0, Workers: 4
[7447.648s][debug][gc,phases      ] GC(156)     Total                          Min: 0, Avg: 2191.2, Max: 3391, Diff: 3391, Sum: 8765, Workers: 4
[7447.648s][debug][gc,phases      ] GC(156)   JNI Weak                       Min:  0.0, Avg:  0.0, Max:  0.0, Diff:  0.0, Sum:  0.0, Workers: 4
[7447.648s][debug][gc,phases      ] GC(156)     Dead                           Min: 0, Avg:  0.0, Max: 0, Diff: 0, Sum: 0, Workers: 4
[7447.648s][debug][gc,phases      ] GC(156)     Total                          Min: 0, Avg: 11.2, Max: 45, Diff: 45, Sum: 45, Workers: 4
[7447.648s][debug][gc,phases      ] GC(156)   StringDedup Table Weak         Min:  0.0, Avg:  0.0, Max:  0.0, Diff:  0.0, Sum:  0.0, Workers: 4
[7447.648s][debug][gc,phases      ] GC(156)     Dead                           Min: 0, Avg:  0.0, Max: 0, Diff: 0, Sum: 0, Workers: 4
[7447.648s][debug][gc,phases      ] GC(156)     Total                          Min: 0, Avg:  0.0, Max: 0, Diff: 0, Sum: 0, Workers: 4
[7447.648s][debug][gc,phases      ] GC(156)   StringDedup Requests0 Weak     Min:  0.0, Avg:  0.0, Max:  0.0, Diff:  0.0, Sum:  0.0, Workers: 4
[7447.648s][debug][gc,phases      ] GC(156)     Dead                           Min: 0, Avg:  0.0, Max: 0, Diff: 0, Sum: 0, Workers: 4
[7447.648s][debug][gc,phases      ] GC(156)     Total                          Min: 0, Avg:  0.0, Max: 0, Diff: 0, Sum: 0, Workers: 4
[7447.648s][debug][gc,phases      ] GC(156)   StringDedup Requests1 Weak     Min:  0.0, Avg:  0.0, Max:  0.0, Diff:  0.0, Sum:  0.0, Workers: 4
[7447.648s][debug][gc,phases      ] GC(156)     Dead                           Min: 0, Avg:  0.0, Max: 0, Diff: 0, Sum: 0, Workers: 4
[7447.648s][debug][gc,phases      ] GC(156)     Total                          Min: 0, Avg:  0.0, Max: 0, Diff: 0, Sum: 0, Workers: 4
[7447.648s][debug][gc,phases      ] GC(156)   Weak JFR Old Object Samples    Min:  0.0, Avg:  0.0, Max:  0.0, Diff:  0.0, Sum:  0.0, Workers: 4
[7447.648s][debug][gc,phases      ] GC(156)     Dead                           Min: 0, Avg:  0.0, Max: 0, Diff: 0, Sum: 0, Workers: 4
[7447.648s][debug][gc,phases      ] GC(156)     Total                          Min: 0, Avg:  0.0, Max: 0, Diff: 0, Sum: 0, Workers: 4
[7447.648s][debug][gc,phases      ] GC(156) Weak Processing 0.302ms
[7447.648s][debug][gc,age         ] GC(156) Desired survivor size 86507520 bytes, new threshold 15 (max threshold 15)
[7447.648s][info ][gc,heap        ] GC(156) PSYoungGen: 1980512K(2012160K)->48256K(1980928K) Eden: 1932288K(1932288K)->0K(1932288K) From: 48224K(79872K)->48256K(48640K)
[7447.648s][info ][gc,heap        ] GC(156) ParOldGen: 572607K(606208K)->572647K(606208K)
[7447.648s][info ][gc,metaspace   ] GC(156) Metaspace: 80301K(81280K)->80301K(81280K) NonClass: 69101K(69568K)->69101K(69568K) Class: 11200K(11712K)->11200K(11712K)
[7447.648s][info ][gc             ] GC(156) Pause Young (Allocation Failure) 2493M->606M(2526M) 14.252ms
[7447.648s][info ][gc,cpu         ] GC(156) User=0.04s Sys=0.00s Real=0.01s
[7447.648s][info ][safepoint      ] Safepoint "ParallelGCFailedAllocation", Time since last: 11237219379 ns, Reaching safepoint: 30301 ns, At safepoint: 14326115 ns, Total: 14356416 ns
[7485.651s][info ][safepoint      ] Safepoint "Cleanup", Time since last: 38002014919 ns, Reaching safepoint: 37400 ns, At safepoint: 3500 ns, Total: 40900 ns
[7490.829s][info ][gc,start       ] GC(157) Pause Young (Allocation Failure)
[7490.848s][debug][gc,phases      ] GC(157) Scavenge 18.712ms
[7490.848s][debug][gc,ref         ] GC(157) Skipped phase 1 of Reference Processing: no references
[7490.848s][debug][gc,ref         ] GC(157) ReferenceProcessor::execute queues: 1, RefProcThreadModel::Single, marks_oops_alive: false
[7490.848s][debug][gc,ref         ] GC(157) Skipped phase 3 of Reference Processing: no references
[7490.848s][debug][gc,ref         ] GC(157) ReferenceProcessor::execute queues: 1, RefProcThreadModel::Single, marks_oops_alive: false
[7490.848s][debug][gc,phases      ] GC(157) Reference Processing 0.111ms
[7490.848s][debug][gc,phases      ] GC(157)   VM Weak                        Min:  0.0, Avg:  0.0, Max:  0.0, Diff:  0.0, Sum:  0.0, Workers: 4
[7490.848s][debug][gc,phases      ] GC(157)     Dead                           Min: 0, Avg:  0.0, Max: 0, Diff: 0, Sum: 0, Workers: 4
[7490.848s][debug][gc,phases      ] GC(157)     Total                          Min: 0, Avg: 157.8, Max: 319, Diff: 319, Sum: 631, Workers: 4
[7490.848s][debug][gc,phases      ] GC(157)   ObjectSynchronizer Weak        Min:  0.0, Avg:  0.0, Max:  0.0, Diff:  0.0, Sum:  0.0, Workers: 4
[7490.848s][debug][gc,phases      ] GC(157)     Dead                           Min: 0, Avg:  0.0, Max: 0, Diff: 0, Sum: 0, Workers: 4
[7490.848s][debug][gc,phases      ] GC(157)     Total                          Min: 0, Avg: 15.5, Max: 62, Diff: 62, Sum: 62, Workers: 4
[7490.848s][debug][gc,phases      ] GC(157)   JVMTI Tag Weak OopStorage      Min:  0.0, Avg:  0.0, Max:  0.0, Diff:  0.0, Sum:  0.0, Workers: 4
[7490.848s][debug][gc,phases      ] GC(157)     Dead                           Min: 0, Avg:  0.0, Max: 0, Diff: 0, Sum: 0, Workers: 4
[7490.848s][debug][gc,phases      ] GC(157)     Total                          Min: 0, Avg:  0.0, Max: 0, Diff: 0, Sum: 0, Workers: 4
[7490.848s][debug][gc,phases      ] GC(157)   StringTable Weak               Min:  0.1, Avg:  0.1, Max:  0.1, Diff:  0.0, Sum:  0.4, Workers: 4
[7490.848s][debug][gc,phases      ] GC(157)     Dead                           Min: 0, Avg:  0.0, Max: 0, Diff: 0, Sum: 0, Workers: 4
[7490.848s][debug][gc,phases      ] GC(157)     Total                          Min: 10496, Avg: 10750.0, Max: 11072, Diff: 576, Sum: 43000, Workers: 4
[7490.848s][debug][gc,phases      ] GC(157)   ResolvedMethodTable Weak       Min:  0.0, Avg:  0.0, Max:  0.0, Diff:  0.0, Sum:  0.1, Workers: 4
[7490.848s][debug][gc,phases      ] GC(157)     Dead                           Min: 0, Avg:  0.0, Max: 0, Diff: 0, Sum: 0, Workers: 4
[7490.848s][debug][gc,phases      ] GC(157)     Total                          Min: 1536, Avg: 2191.2, Max: 2496, Diff: 960, Sum: 8765, Workers: 4
[7490.848s][debug][gc,phases      ] GC(157)   JNI Weak                       Min:  0.0, Avg:  0.0, Max:  0.0, Diff:  0.0, Sum:  0.0, Workers: 4
[7490.848s][debug][gc,phases      ] GC(157)     Dead                           Min: 0, Avg:  0.0, Max: 0, Diff: 0, Sum: 0, Workers: 4
[7490.848s][debug][gc,phases      ] GC(157)     Total                          Min: 0, Avg: 11.2, Max: 45, Diff: 45, Sum: 45, Workers: 4
[7490.848s][debug][gc,phases      ] GC(157)   StringDedup Table Weak         Min:  0.0, Avg:  0.0, Max:  0.0, Diff:  0.0, Sum:  0.0, Workers: 4
[7490.848s][debug][gc,phases      ] GC(157)     Dead                           Min: 0, Avg:  0.0, Max: 0, Diff: 0, Sum: 0, Workers: 4
[7490.848s][debug][gc,phases      ] GC(157)     Total                          Min: 0, Avg:  0.0, Max: 0, Diff: 0, Sum: 0, Workers: 4
[7490.848s][debug][gc,phases      ] GC(157)   StringDedup Requests0 Weak     Min:  0.0, Avg:  0.0, Max:  0.0, Diff:  0.0, Sum:  0.0, Workers: 4
[7490.848s][debug][gc,phases      ] GC(157)     Dead                           Min: 0, Avg:  0.0, Max: 0, Diff: 0, Sum: 0, Workers: 4
[7490.848s][debug][gc,phases      ] GC(157)     Total                          Min: 0, Avg:  0.0, Max: 0, Diff: 0, Sum: 0, Workers: 4
[7490.848s][debug][gc,phases      ] GC(157)   StringDedup Requests1 Weak     Min:  0.0, Avg:  0.0, Max:  0.0, Diff:  0.0, Sum:  0.0, Workers: 4
[7490.848s][debug][gc,phases      ] GC(157)     Dead                           Min: 0, Avg:  0.0, Max: 0, Diff: 0, Sum: 0, Workers: 4
[7490.848s][debug][gc,phases      ] GC(157)     Total                          Min: 0, Avg:  0.0, Max: 0, Diff: 0, Sum: 0, Workers: 4
[7490.848s][debug][gc,phases      ] GC(157)   Weak JFR Old Object Samples    Min:  0.0, Avg:  0.0, Max:  0.0, Diff:  0.0, Sum:  0.0, Workers: 4
[7490.848s][debug][gc,phases      ] GC(157)     Dead                           Min: 0, Avg:  0.0, Max: 0, Diff: 0, Sum: 0, Workers: 4
[7490.848s][debug][gc,phases      ] GC(157)     Total                          Min: 0, Avg:  0.0, Max: 0, Diff: 0, Sum: 0, Workers: 4
[7490.848s][debug][gc,phases      ] GC(157) Weak Processing 0.294ms
[7490.848s][debug][gc,age         ] GC(157) Desired survivor size 87556096 bytes, new threshold 15 (max threshold 15)
[7490.848s][info ][gc,heap        ] GC(157) PSYoungGen: 1980544K(1980928K)->48480K(2010624K) Eden: 1932288K(1932288K)->0K(1926144K) From: 48256K(48640K)->48480K(84480K)
[7490.848s][info ][gc,heap        ] GC(157) ParOldGen: 572647K(606208K)->572679K(606208K)
[7490.848s][info ][gc,metaspace   ] GC(157) Metaspace: 80302K(81280K)->80302K(81280K) NonClass: 69102K(69568K)->69102K(69568K) Class: 11200K(11712K)->11200K(11712K)
[7490.848s][info ][gc             ] GC(157) Pause Young (Allocation Failure) 2493M->606M(2555M) 19.218ms
[7490.848s][info ][gc,cpu         ] GC(157) User=0.05s Sys=0.00s Real=0.02s
[7490.848s][info ][safepoint      ] Safepoint "ParallelGCFailedAllocation", Time since last: 5178313935 ns, Reaching safepoint: 94801 ns, At safepoint: 19294882 ns, Total: 19389683 ns
[7514.850s][info ][safepoint      ] Safepoint "Cleanup", Time since last: 24001491558 ns, Reaching safepoint: 42000 ns, At safepoint: 14100 ns, Total: 56100 ns
[7527.851s][info ][safepoint      ] Safepoint "Cleanup", Time since last: 13000799324 ns, Reaching safepoint: 28800 ns, At safepoint: 3100 ns, Total: 31900 ns
[7533.979s][info ][gc,start       ] GC(158) Pause Young (Allocation Failure)
[7533.993s][debug][gc,phases      ] GC(158) Scavenge 13.969ms
[7533.993s][debug][gc,ref         ] GC(158) Skipped phase 1 of Reference Processing: no references
[7533.993s][debug][gc,ref         ] GC(158) ReferenceProcessor::execute queues: 1, RefProcThreadModel::Single, marks_oops_alive: false
[7533.993s][debug][gc,ref         ] GC(158) Skipped phase 3 of Reference Processing: no references
[7533.993s][debug][gc,ref         ] GC(158) ReferenceProcessor::execute queues: 1, RefProcThreadModel::Single, marks_oops_alive: false
[7533.993s][debug][gc,phases      ] GC(158) Reference Processing 0.095ms
[7533.993s][debug][gc,phases      ] GC(158)   VM Weak                        Min:  0.0, Avg:  0.0, Max:  0.0, Diff:  0.0, Sum:  0.0, Workers: 4
[7533.993s][debug][gc,phases      ] GC(158)     Dead                           Min: 0, Avg:  0.0, Max: 0, Diff: 0, Sum: 0, Workers: 4
[7533.993s][debug][gc,phases      ] GC(158)     Total                          Min: 0, Avg: 157.8, Max: 455, Diff: 455, Sum: 631, Workers: 4
[7533.993s][debug][gc,phases      ] GC(158)   ObjectSynchronizer Weak        Min:  0.0, Avg:  0.0, Max:  0.0, Diff:  0.0, Sum:  0.0, Workers: 4
[7533.993s][debug][gc,phases      ] GC(158)     Dead                           Min: 0, Avg:  0.0, Max: 0, Diff: 0, Sum: 0, Workers: 4
[7533.993s][debug][gc,phases      ] GC(158)     Total                          Min: 0, Avg: 15.5, Max: 62, Diff: 62, Sum: 62, Workers: 4
[7533.993s][debug][gc,phases      ] GC(158)   JVMTI Tag Weak OopStorage      Min:  0.0, Avg:  0.0, Max:  0.0, Diff:  0.0, Sum:  0.0, Workers: 4
[7533.993s][debug][gc,phases      ] GC(158)     Dead                           Min: 0, Avg:  0.0, Max: 0, Diff: 0, Sum: 0, Workers: 4
[7533.993s][debug][gc,phases      ] GC(158)     Total                          Min: 0, Avg:  0.0, Max: 0, Diff: 0, Sum: 0, Workers: 4
[7533.993s][debug][gc,phases      ] GC(158)   StringTable Weak               Min:  0.0, Avg:  0.1, Max:  0.1, Diff:  0.1, Sum:  0.4, Workers: 4
[7533.993s][debug][gc,phases      ] GC(158)     Dead                           Min: 0, Avg:  0.0, Max: 0, Diff: 0, Sum: 0, Workers: 4
[7533.993s][debug][gc,phases      ] GC(158)     Total                          Min: 0, Avg: 10750.0, Max: 14584, Diff: 14584, Sum: 43000, Workers: 4
[7533.993s][debug][gc,phases      ] GC(158)   ResolvedMethodTable Weak       Min:  0.0, Avg:  0.0, Max:  0.0, Diff:  0.0, Sum:  0.1, Workers: 4
[7533.993s][debug][gc,phases      ] GC(158)     Dead                           Min: 0, Avg:  0.0, Max: 0, Diff: 0, Sum: 0, Workers: 4
[7533.993s][debug][gc,phases      ] GC(158)     Total                          Min: 0, Avg: 2191.2, Max: 2943, Diff: 2943, Sum: 8765, Workers: 4
[7533.993s][debug][gc,phases      ] GC(158)   JNI Weak                       Min:  0.0, Avg:  0.0, Max:  0.0, Diff:  0.0, Sum:  0.0, Workers: 4
[7533.993s][debug][gc,phases      ] GC(158)     Dead                           Min: 0, Avg:  0.0, Max: 0, Diff: 0, Sum: 0, Workers: 4
[7533.993s][debug][gc,phases      ] GC(158)     Total                          Min: 0, Avg: 11.2, Max: 45, Diff: 45, Sum: 45, Workers: 4
[7533.993s][debug][gc,phases      ] GC(158)   StringDedup Table Weak         Min:  0.0, Avg:  0.0, Max:  0.0, Diff:  0.0, Sum:  0.0, Workers: 4
[7533.993s][debug][gc,phases      ] GC(158)     Dead                           Min: 0, Avg:  0.0, Max: 0, Diff: 0, Sum: 0, Workers: 4
[7533.993s][debug][gc,phases      ] GC(158)     Total                          Min: 0, Avg:  0.0, Max: 0, Diff: 0, Sum: 0, Workers: 4
[7533.993s][debug][gc,phases      ] GC(158)   StringDedup Requests0 Weak     Min:  0.0, Avg:  0.0, Max:  0.0, Diff:  0.0, Sum:  0.0, Workers: 4
[7533.993s][debug][gc,phases      ] GC(158)     Dead                           Min: 0, Avg:  0.0, Max: 0, Diff: 0, Sum: 0, Workers: 4
[7533.993s][debug][gc,phases      ] GC(158)     Total                          Min: 0, Avg:  0.0, Max: 0, Diff: 0, Sum: 0, Workers: 4
[7533.993s][debug][gc,phases      ] GC(158)   StringDedup Requests1 Weak     Min:  0.0, Avg:  0.0, Max:  0.0, Diff:  0.0, Sum:  0.0, Workers: 4
[7533.993s][debug][gc,phases      ] GC(158)     Dead                           Min: 0, Avg:  0.0, Max: 0, Diff: 0, Sum: 0, Workers: 4
[7533.993s][debug][gc,phases      ] GC(158)     Total                          Min: 0, Avg:  0.0, Max: 0, Diff: 0, Sum: 0, Workers: 4
[7533.993s][debug][gc,phases      ] GC(158)   Weak JFR Old Object Samples    Min:  0.0, Avg:  0.0, Max:  0.0, Diff:  0.0, Sum:  0.0, Workers: 4
[7533.993s][debug][gc,phases      ] GC(158)     Dead                           Min: 0, Avg:  0.0, Max: 0, Diff: 0, Sum: 0, Workers: 4
[7533.993s][debug][gc,phases      ] GC(158)     Total                          Min: 0, Avg:  0.0, Max: 0, Diff: 0, Sum: 0, Workers: 4
[7533.993s][debug][gc,phases      ] GC(158) Weak Processing 0.307ms
[7533.993s][debug][gc,age         ] GC(158) Desired survivor size 88080384 bytes, new threshold 15 (max threshold 15)
[7533.993s][info ][gc,heap        ] GC(158) PSYoungGen: 1974624K(2010624K)->48176K(1974784K) Eden: 1926144K(1926144K)->0K(1926144K) From: 48480K(84480K)->48176K(48640K)
[7533.993s][info ][gc,heap        ] GC(158) ParOldGen: 572679K(606208K)->572703K(606208K)
[7533.993s][info ][gc,metaspace   ] GC(158) Metaspace: 80305K(81280K)->80305K(81280K) NonClass: 69105K(69568K)->69105K(69568K) Class: 11200K(11712K)->11200K(11712K)
[7533.993s][info ][gc             ] GC(158) Pause Young (Allocation Failure) 2487M->606M(2520M) 14.475ms
[7533.993s][info ][gc,cpu         ] GC(158) User=0.04s Sys=0.00s Real=0.02s
[7533.993s][info ][safepoint      ] Safepoint "ParallelGCFailedAllocation", Time since last: 6127774022 ns, Reaching safepoint: 97402 ns, At safepoint: 14548306 ns, Total: 14645708 ns
[7578.028s][info ][gc,start       ] GC(159) Pause Young (Allocation Failure)
[7578.044s][debug][gc,phases      ] GC(159) Scavenge 15.863ms
[7578.044s][debug][gc,ref         ] GC(159) Skipped phase 1 of Reference Processing: no references
[7578.044s][debug][gc,ref         ] GC(159) ReferenceProcessor::execute queues: 1, RefProcThreadModel::Single, marks_oops_alive: false
[7578.044s][debug][gc,ref         ] GC(159) Skipped phase 3 of Reference Processing: no references
[7578.044s][debug][gc,ref         ] GC(159) ReferenceProcessor::execute queues: 1, RefProcThreadModel::Single, marks_oops_alive: false
[7578.044s][debug][gc,phases      ] GC(159) Reference Processing 0.120ms
[7578.044s][debug][gc,phases      ] GC(159)   VM Weak                        Min:  0.0, Avg:  0.0, Max:  0.0, Diff:  0.0, Sum:  0.0, Workers: 4
[7578.044s][debug][gc,phases      ] GC(159)     Dead                           Min: 0, Avg:  0.0, Max: 0, Diff: 0, Sum: 0, Workers: 4
[7578.044s][debug][gc,phases      ] GC(159)     Total                          Min: 0, Avg: 157.8, Max: 430, Diff: 430, Sum: 631, Workers: 4
[7578.044s][debug][gc,phases      ] GC(159)   ObjectSynchronizer Weak        Min:  0.0, Avg:  0.0, Max:  0.0, Diff:  0.0, Sum:  0.0, Workers: 4
[7578.044s][debug][gc,phases      ] GC(159)     Dead                           Min: 0, Avg:  0.0, Max: 0, Diff: 0, Sum: 0, Workers: 4
[7578.045s][debug][gc,phases      ] GC(159)     Total                          Min: 0, Avg: 15.5, Max: 62, Diff: 62, Sum: 62, Workers: 4
[7578.045s][debug][gc,phases      ] GC(159)   JVMTI Tag Weak OopStorage      Min:  0.0, Avg:  0.0, Max:  0.0, Diff:  0.0, Sum:  0.0, Workers: 4
[7578.045s][debug][gc,phases      ] GC(159)     Dead                           Min: 0, Avg:  0.0, Max: 0, Diff: 0, Sum: 0, Workers: 4
[7578.045s][debug][gc,phases      ] GC(159)     Total                          Min: 0, Avg:  0.0, Max: 0, Diff: 0, Sum: 0, Workers: 4
[7578.045s][debug][gc,phases      ] GC(159)   StringTable Weak               Min:  0.0, Avg:  0.1, Max:  0.2, Diff:  0.2, Sum:  0.4, Workers: 4
[7578.045s][debug][gc,phases      ] GC(159)     Dead                           Min: 0, Avg:  0.0, Max: 0, Diff: 0, Sum: 0, Workers: 4
[7578.045s][debug][gc,phases      ] GC(159)     Total                          Min: 0, Avg: 10750.0, Max: 21632, Diff: 21632, Sum: 43000, Workers: 4
[7578.045s][debug][gc,phases      ] GC(159)   ResolvedMethodTable Weak       Min:  0.0, Avg:  0.0, Max:  0.0, Diff:  0.0, Sum:  0.1, Workers: 4
[7578.045s][debug][gc,phases      ] GC(159)     Dead                           Min: 0, Avg:  0.0, Max: 0, Diff: 0, Sum: 0, Workers: 4
[7578.045s][debug][gc,phases      ] GC(159)     Total                          Min: 0, Avg: 2191.2, Max: 4415, Diff: 4415, Sum: 8765, Workers: 4
[7578.045s][debug][gc,phases      ] GC(159)   JNI Weak                       Min:  0.0, Avg:  0.0, Max:  0.0, Diff:  0.0, Sum:  0.0, Workers: 4
[7578.045s][debug][gc,phases      ] GC(159)     Dead                           Min: 0, Avg:  0.0, Max: 0, Diff: 0, Sum: 0, Workers: 4
[7578.045s][debug][gc,phases      ] GC(159)     Total                          Min: 0, Avg: 11.2, Max: 45, Diff: 45, Sum: 45, Workers: 4
[7578.045s][debug][gc,phases      ] GC(159)   StringDedup Table Weak         Min:  0.0, Avg:  0.0, Max:  0.0, Diff:  0.0, Sum:  0.0, Workers: 4
[7578.045s][debug][gc,phases      ] GC(159)     Dead                           Min: 0, Avg:  0.0, Max: 0, Diff: 0, Sum: 0, Workers: 4
[7578.045s][debug][gc,phases      ] GC(159)     Total                          Min: 0, Avg:  0.0, Max: 0, Diff: 0, Sum: 0, Workers: 4
[7578.045s][debug][gc,phases      ] GC(159)   StringDedup Requests0 Weak     Min:  0.0, Avg:  0.0, Max:  0.0, Diff:  0.0, Sum:  0.0, Workers: 4
[7578.045s][debug][gc,phases      ] GC(159)     Dead                           Min: 0, Avg:  0.0, Max: 0, Diff: 0, Sum: 0, Workers: 4
[7578.045s][debug][gc,phases      ] GC(159)     Total                          Min: 0, Avg:  0.0, Max: 0, Diff: 0, Sum: 0, Workers: 4
[7578.045s][debug][gc,phases      ] GC(159)   StringDedup Requests1 Weak     Min:  0.0, Avg:  0.0, Max:  0.0, Diff:  0.0, Sum:  0.0, Workers: 4
[7578.045s][debug][gc,phases      ] GC(159)     Dead                           Min: 0, Avg:  0.0, Max: 0, Diff: 0, Sum: 0, Workers: 4
[7578.045s][debug][gc,phases      ] GC(159)     Total                          Min: 0, Avg:  0.0, Max: 0, Diff: 0, Sum: 0, Workers: 4
[7578.045s][debug][gc,phases      ] GC(159)   Weak JFR Old Object Samples    Min:  0.0, Avg:  0.0, Max:  0.0, Diff:  0.0, Sum:  0.0, Workers: 4
[7578.045s][debug][gc,phases      ] GC(159)     Dead                           Min: 0, Avg:  0.0, Max: 0, Diff: 0, Sum: 0, Workers: 4
[7578.045s][debug][gc,phases      ] GC(159)     Total                          Min: 0, Avg:  0.0, Max: 0, Diff: 0, Sum: 0, Workers: 4
[7578.045s][debug][gc,phases      ] GC(159) Weak Processing 0.455ms
[7578.045s][debug][gc,age         ] GC(159) Desired survivor size 88080384 bytes, new threshold 15 (max threshold 15)
[7578.045s][info ][gc,heap        ] GC(159) PSYoungGen: 1974320K(1974784K)->48160K(2011136K) Eden: 1926144K(1926144K)->0K(1925120K) From: 48176K(48640K)->48160K(86016K)
[7578.045s][info ][gc,heap        ] GC(159) ParOldGen: 572703K(606208K)->572735K(606208K)
[7578.045s][info ][gc,metaspace   ] GC(159) Metaspace: 80305K(81280K)->80305K(81280K) NonClass: 69105K(69568K)->69105K(69568K) Class: 11200K(11712K)->11200K(11712K)
[7578.045s][info ][gc             ] GC(159) Pause Young (Allocation Failure) 2487M->606M(2556M) 16.573ms
[7578.045s][info ][gc,cpu         ] GC(159) User=0.05s Sys=0.00s Real=0.02s
[7578.045s][info ][safepoint      ] Safepoint "ParallelGCFailedAllocation", Time since last: 44035014432 ns, Reaching safepoint: 28500 ns, At safepoint: 16651729 ns, Total: 16680229 ns
[7580.045s][info ][safepoint      ] Safepoint "Cleanup", Time since last: 2000154129 ns, Reaching safepoint: 34401 ns, At safepoint: 3500 ns, Total: 37901 ns
[7586.045s][info ][safepoint      ] Safepoint "Cleanup", Time since last: 6000373678 ns, Reaching safepoint: 37100 ns, At safepoint: 4600 ns, Total: 41700 ns
[7612.047s][info ][safepoint      ] Safepoint "Cleanup", Time since last: 26001577757 ns, Reaching safepoint: 40701 ns, At safepoint: 4900 ns, Total: 45601 ns
[7621.629s][info ][gc,start       ] GC(160) Pause Young (Allocation Failure)
[7621.644s][debug][gc,phases      ] GC(160) Scavenge 14.696ms
[7621.644s][debug][gc,ref         ] GC(160) Skipped phase 1 of Reference Processing: no references
[7621.644s][debug][gc,ref         ] GC(160) ReferenceProcessor::execute queues: 1, RefProcThreadModel::Single, marks_oops_alive: false
[7621.644s][debug][gc,ref         ] GC(160) Skipped phase 3 of Reference Processing: no references
[7621.644s][debug][gc,ref         ] GC(160) ReferenceProcessor::execute queues: 1, RefProcThreadModel::Single, marks_oops_alive: false
[7621.644s][debug][gc,phases      ] GC(160) Reference Processing 0.108ms
[7621.644s][debug][gc,phases      ] GC(160)   VM Weak                        Min:  0.0, Avg:  0.0, Max:  0.0, Diff:  0.0, Sum:  0.0, Workers: 4
[7621.644s][debug][gc,phases      ] GC(160)     Dead                           Min: 0, Avg:  0.0, Max: 0, Diff: 0, Sum: 0, Workers: 4
[7621.644s][debug][gc,phases      ] GC(160)     Total                          Min: 0, Avg: 157.8, Max: 625, Diff: 625, Sum: 631, Workers: 4
[7621.644s][debug][gc,phases      ] GC(160)   ObjectSynchronizer Weak        Min:  0.0, Avg:  0.0, Max:  0.0, Diff:  0.0, Sum:  0.0, Workers: 4
[7621.644s][debug][gc,phases      ] GC(160)     Dead                           Min: 0, Avg:  0.0, Max: 0, Diff: 0, Sum: 0, Workers: 4
[7621.644s][debug][gc,phases      ] GC(160)     Total                          Min: 0, Avg: 15.5, Max: 62, Diff: 62, Sum: 62, Workers: 4
[7621.644s][debug][gc,phases      ] GC(160)   JVMTI Tag Weak OopStorage      Min:  0.0, Avg:  0.0, Max:  0.0, Diff:  0.0, Sum:  0.0, Workers: 4
[7621.644s][debug][gc,phases      ] GC(160)     Dead                           Min: 0, Avg:  0.0, Max: 0, Diff: 0, Sum: 0, Workers: 4
[7621.644s][debug][gc,phases      ] GC(160)     Total                          Min: 0, Avg:  0.0, Max: 0, Diff: 0, Sum: 0, Workers: 4
[7621.644s][debug][gc,phases      ] GC(160)   StringTable Weak               Min:  0.0, Avg:  0.1, Max:  0.1, Diff:  0.1, Sum:  0.3, Workers: 4
[7621.644s][debug][gc,phases      ] GC(160)     Dead                           Min: 0, Avg:  0.0, Max: 0, Diff: 0, Sum: 0, Workers: 4
[7621.644s][debug][gc,phases      ] GC(160)     Total                          Min: 0, Avg: 10750.0, Max: 19200, Diff: 19200, Sum: 43000, Workers: 4
[7621.644s][debug][gc,phases      ] GC(160)   ResolvedMethodTable Weak       Min:  0.0, Avg:  0.0, Max:  0.0, Diff:  0.0, Sum:  0.1, Workers: 4
[7621.644s][debug][gc,phases      ] GC(160)     Dead                           Min: 0, Avg:  0.0, Max: 0, Diff: 0, Sum: 0, Workers: 4
[7621.644s][debug][gc,phases      ] GC(160)     Total                          Min: 0, Avg: 2191.2, Max: 3071, Diff: 3071, Sum: 8765, Workers: 4
[7621.644s][debug][gc,phases      ] GC(160)   JNI Weak                       Min:  0.0, Avg:  0.0, Max:  0.0, Diff:  0.0, Sum:  0.0, Workers: 4
[7621.644s][debug][gc,phases      ] GC(160)     Dead                           Min: 0, Avg:  0.0, Max: 0, Diff: 0, Sum: 0, Workers: 4
[7621.644s][debug][gc,phases      ] GC(160)     Total                          Min: 0, Avg: 11.2, Max: 45, Diff: 45, Sum: 45, Workers: 4
[7621.644s][debug][gc,phases      ] GC(160)   StringDedup Table Weak         Min:  0.0, Avg:  0.0, Max:  0.0, Diff:  0.0, Sum:  0.0, Workers: 4
[7621.644s][debug][gc,phases      ] GC(160)     Dead                           Min: 0, Avg:  0.0, Max: 0, Diff: 0, Sum: 0, Workers: 4
[7621.644s][debug][gc,phases      ] GC(160)     Total                          Min: 0, Avg:  0.0, Max: 0, Diff: 0, Sum: 0, Workers: 4
[7621.644s][debug][gc,phases      ] GC(160)   StringDedup Requests0 Weak     Min:  0.0, Avg:  0.0, Max:  0.0, Diff:  0.0, Sum:  0.0, Workers: 4
[7621.644s][debug][gc,phases      ] GC(160)     Dead                           Min: 0, Avg:  0.0, Max: 0, Diff: 0, Sum: 0, Workers: 4
[7621.644s][debug][gc,phases      ] GC(160)     Total                          Min: 0, Avg:  0.0, Max: 0, Diff: 0, Sum: 0, Workers: 4
[7621.644s][debug][gc,phases      ] GC(160)   StringDedup Requests1 Weak     Min:  0.0, Avg:  0.0, Max:  0.0, Diff:  0.0, Sum:  0.0, Workers: 4
[7621.644s][debug][gc,phases      ] GC(160)     Dead                           Min: 0, Avg:  0.0, Max: 0, Diff: 0, Sum: 0, Workers: 4
[7621.644s][debug][gc,phases      ] GC(160)     Total                          Min: 0, Avg:  0.0, Max: 0, Diff: 0, Sum: 0, Workers: 4
[7621.644s][debug][gc,phases      ] GC(160)   Weak JFR Old Object Samples    Min:  0.0, Avg:  0.0, Max:  0.0, Diff:  0.0, Sum:  0.0, Workers: 4
[7621.644s][debug][gc,phases      ] GC(160)     Dead                           Min: 0, Avg:  0.0, Max: 0, Diff: 0, Sum: 0, Workers: 4
[7621.644s][debug][gc,phases      ] GC(160)     Total                          Min: 0, Avg:  0.0, Max: 0, Diff: 0, Sum: 0, Workers: 4
[7621.644s][debug][gc,phases      ] GC(160) Weak Processing 0.297ms
[7621.644s][debug][gc,age         ] GC(160) Desired survivor size 88080384 bytes, new threshold 15 (max threshold 15)
[7621.644s][info ][gc,heap        ] GC(160) PSYoungGen: 1973280K(2011136K)->48656K(2011136K) Eden: 1925120K(1925120K)->0K(1925120K) From: 48160K(86016K)->48656K(86016K)
[7621.644s][info ][gc,heap        ] GC(160) ParOldGen: 572735K(606208K)->572759K(606208K)
[7621.644s][info ][gc,metaspace   ] GC(160) Metaspace: 80314K(81280K)->80314K(81280K) NonClass: 69114K(69568K)->69114K(69568K) Class: 11200K(11712K)->11200K(11712K)
[7621.644s][info ][gc             ] GC(160) Pause Young (Allocation Failure) 2486M->606M(2556M) 15.214ms
[7621.644s][info ][gc,cpu         ] GC(160) User=0.04s Sys=0.00s Real=0.02s
[7621.644s][info ][safepoint      ] Safepoint "ParallelGCFailedAllocation", Time since last: 9582143354 ns, Reaching safepoint: 96502 ns, At safepoint: 15283505 ns, Total: 15380007 ns
[7625.645s][info ][safepoint      ] Safepoint "Cleanup", Time since last: 4000240275 ns, Reaching safepoint: 30500 ns, At safepoint: 3300 ns, Total: 33800 ns
[7642.646s][info ][safepoint      ] Safepoint "Cleanup", Time since last: 17000980491 ns, Reaching safepoint: 51801 ns, At safepoint: 8700 ns, Total: 60501 ns
[7666.284s][info ][gc,start       ] GC(161) Pause Young (Allocation Failure)
[7666.298s][debug][gc,phases      ] GC(161) Scavenge 13.725ms
[7666.298s][debug][gc,ref         ] GC(161) Skipped phase 1 of Reference Processing: no references
[7666.298s][debug][gc,ref         ] GC(161) ReferenceProcessor::execute queues: 1, RefProcThreadModel::Single, marks_oops_alive: false
[7666.298s][debug][gc,ref         ] GC(161) Skipped phase 3 of Reference Processing: no references
[7666.298s][debug][gc,ref         ] GC(161) ReferenceProcessor::execute queues: 1, RefProcThreadModel::Single, marks_oops_alive: false
[7666.298s][debug][gc,phases      ] GC(161) Reference Processing 0.087ms
[7666.298s][debug][gc,phases      ] GC(161)   VM Weak                        Min:  0.0, Avg:  0.0, Max:  0.0, Diff:  0.0, Sum:  0.0, Workers: 4
[7666.298s][debug][gc,phases      ] GC(161)     Dead                           Min: 0, Avg:  0.0, Max: 0, Diff: 0, Sum: 0, Workers: 4
[7666.298s][debug][gc,phases      ] GC(161)     Total                          Min: 0, Avg: 157.8, Max: 461, Diff: 461, Sum: 631, Workers: 4
[7666.298s][debug][gc,phases      ] GC(161)   ObjectSynchronizer Weak        Min:  0.0, Avg:  0.0, Max:  0.0, Diff:  0.0, Sum:  0.0, Workers: 4
[7666.298s][debug][gc,phases      ] GC(161)     Dead                           Min: 0, Avg:  0.0, Max: 0, Diff: 0, Sum: 0, Workers: 4
[7666.298s][debug][gc,phases      ] GC(161)     Total                          Min: 0, Avg: 15.5, Max: 62, Diff: 62, Sum: 62, Workers: 4
[7666.298s][debug][gc,phases      ] GC(161)   JVMTI Tag Weak OopStorage      Min:  0.0, Avg:  0.0, Max:  0.0, Diff:  0.0, Sum:  0.0, Workers: 4
[7666.298s][debug][gc,phases      ] GC(161)     Dead                           Min: 0, Avg:  0.0, Max: 0, Diff: 0, Sum: 0, Workers: 4
[7666.298s][debug][gc,phases      ] GC(161)     Total                          Min: 0, Avg:  0.0, Max: 0, Diff: 0, Sum: 0, Workers: 4
[7666.298s][debug][gc,phases      ] GC(161)   StringTable Weak               Min:  0.1, Avg:  0.1, Max:  0.1, Diff:  0.0, Sum:  0.4, Workers: 4
[7666.298s][debug][gc,phases      ] GC(161)     Dead                           Min: 0, Avg:  0.0, Max: 0, Diff: 0, Sum: 0, Workers: 4
[7666.298s][debug][gc,phases      ] GC(161)     Total                          Min: 10041, Avg: 10750.2, Max: 11136, Diff: 1095, Sum: 43001, Workers: 4
[7666.298s][debug][gc,phases      ] GC(161)   ResolvedMethodTable Weak       Min:  0.0, Avg:  0.0, Max:  0.0, Diff:  0.0, Sum:  0.1, Workers: 4
[7666.298s][debug][gc,phases      ] GC(161)     Dead                           Min: 0, Avg:  0.0, Max: 0, Diff: 0, Sum: 0, Workers: 4
[7666.298s][debug][gc,phases      ] GC(161)     Total                          Min: 2111, Avg: 2191.2, Max: 2302, Diff: 191, Sum: 8765, Workers: 4
[7666.298s][debug][gc,phases      ] GC(161)   JNI Weak                       Min:  0.0, Avg:  0.0, Max:  0.0, Diff:  0.0, Sum:  0.0, Workers: 4
[7666.298s][debug][gc,phases      ] GC(161)     Dead                           Min: 0, Avg:  0.0, Max: 0, Diff: 0, Sum: 0, Workers: 4
[7666.298s][debug][gc,phases      ] GC(161)     Total                          Min: 0, Avg: 11.2, Max: 45, Diff: 45, Sum: 45, Workers: 4
[7666.298s][debug][gc,phases      ] GC(161)   StringDedup Table Weak         Min:  0.0, Avg:  0.0, Max:  0.0, Diff:  0.0, Sum:  0.0, Workers: 4
[7666.298s][debug][gc,phases      ] GC(161)     Dead                           Min: 0, Avg:  0.0, Max: 0, Diff: 0, Sum: 0, Workers: 4
[7666.298s][debug][gc,phases      ] GC(161)     Total                          Min: 0, Avg:  0.0, Max: 0, Diff: 0, Sum: 0, Workers: 4
[7666.298s][debug][gc,phases      ] GC(161)   StringDedup Requests0 Weak     Min:  0.0, Avg:  0.0, Max:  0.0, Diff:  0.0, Sum:  0.0, Workers: 4
[7666.298s][debug][gc,phases      ] GC(161)     Dead                           Min: 0, Avg:  0.0, Max: 0, Diff: 0, Sum: 0, Workers: 4
[7666.298s][debug][gc,phases      ] GC(161)     Total                          Min: 0, Avg:  0.0, Max: 0, Diff: 0, Sum: 0, Workers: 4
[7666.298s][debug][gc,phases      ] GC(161)   StringDedup Requests1 Weak     Min:  0.0, Avg:  0.0, Max:  0.0, Diff:  0.0, Sum:  0.0, Workers: 4
[7666.298s][debug][gc,phases      ] GC(161)     Dead                           Min: 0, Avg:  0.0, Max: 0, Diff: 0, Sum: 0, Workers: 4
[7666.298s][debug][gc,phases      ] GC(161)     Total                          Min: 0, Avg:  0.0, Max: 0, Diff: 0, Sum: 0, Workers: 4
[7666.298s][debug][gc,phases      ] GC(161)   Weak JFR Old Object Samples    Min:  0.0, Avg:  0.0, Max:  0.0, Diff:  0.0, Sum:  0.0, Workers: 4
[7666.298s][debug][gc,phases      ] GC(161)     Dead                           Min: 0, Avg:  0.0, Max: 0, Diff: 0, Sum: 0, Workers: 4
[7666.298s][debug][gc,phases      ] GC(161)     Total                          Min: 0, Avg:  0.0, Max: 0, Diff: 0, Sum: 0, Workers: 4
[7666.298s][debug][gc,phases      ] GC(161) Weak Processing 0.291ms
[7666.298s][debug][gc,age         ] GC(161) Desired survivor size 87031808 bytes, new threshold 15 (max threshold 15)
[7666.298s][info ][gc,heap        ] GC(161) PSYoungGen: 1973776K(2011136K)->48560K(2012160K) Eden: 1925120K(1925120K)->0K(1926144K) From: 48656K(86016K)->48560K(86016K)
[7666.298s][info ][gc,heap        ] GC(161) ParOldGen: 572759K(606208K)->572799K(606208K)
[7666.298s][info ][gc,metaspace   ] GC(161) Metaspace: 80321K(81280K)->80321K(81280K) NonClass: 69121K(69568K)->69121K(69568K) Class: 11200K(11712K)->11200K(11712K)
[7666.298s][info ][gc             ] GC(161) Pause Young (Allocation Failure) 2486M->606M(2557M) 14.222ms
[7666.298s][info ][gc,cpu         ] GC(161) User=0.04s Sys=0.00s Real=0.01s
[7666.298s][info ][safepoint      ] Safepoint "ParallelGCFailedAllocation", Time since last: 23638327273 ns, Reaching safepoint: 33201 ns, At safepoint: 14292686 ns, Total: 14325887 ns
[7677.299s][info ][safepoint      ] Safepoint "Cleanup", Time since last: 11000621012 ns, Reaching safepoint: 29401 ns, At safepoint: 3300 ns, Total: 32701 ns
[7692.300s][info ][safepoint      ] Safepoint "Cleanup", Time since last: 15000978134 ns, Reaching safepoint: 122202 ns, At safepoint: 6200 ns, Total: 128402 ns
[7693.300s][info ][safepoint      ] Safepoint "Cleanup", Time since last: 1000103480 ns, Reaching safepoint: 51401 ns, At safepoint: 3500 ns, Total: 54901 ns
[7697.301s][info ][safepoint      ] Safepoint "Cleanup", Time since last: 4000241748 ns, Reaching safepoint: 41201 ns, At safepoint: 7400 ns, Total: 48601 ns
[7701.301s][info ][safepoint      ] Safepoint "Cleanup", Time since last: 4000283939 ns, Reaching safepoint: 50800 ns, At safepoint: 4200 ns, Total: 55000 ns
[7703.301s][info ][safepoint      ] Safepoint "Cleanup", Time since last: 2000161929 ns, Reaching safepoint: 38201 ns, At safepoint: 2900 ns, Total: 41101 ns
[7705.301s][info ][safepoint      ] Safepoint "Cleanup", Time since last: 2000133001 ns, Reaching safepoint: 44400 ns, At safepoint: 4100 ns, Total: 48500 ns
[7710.661s][info ][gc,start       ] GC(162) Pause Young (Allocation Failure)
[7710.673s][debug][gc,phases      ] GC(162) Scavenge 11.516ms
[7710.673s][debug][gc,ref         ] GC(162) Skipped phase 1 of Reference Processing: no references
[7710.673s][debug][gc,ref         ] GC(162) ReferenceProcessor::execute queues: 1, RefProcThreadModel::Single, marks_oops_alive: false
[7710.673s][debug][gc,ref         ] GC(162) Skipped phase 3 of Reference Processing: no references
[7710.673s][debug][gc,ref         ] GC(162) ReferenceProcessor::execute queues: 1, RefProcThreadModel::Single, marks_oops_alive: false
[7710.673s][debug][gc,phases      ] GC(162) Reference Processing 0.086ms
[7710.673s][debug][gc,phases      ] GC(162)   VM Weak                        Min:  0.0, Avg:  0.0, Max:  0.0, Diff:  0.0, Sum:  0.0, Workers: 4
[7710.673s][debug][gc,phases      ] GC(162)     Dead                           Min: 0, Avg:  0.0, Max: 0, Diff: 0, Sum: 0, Workers: 4
[7710.673s][debug][gc,phases      ] GC(162)     Total                          Min: 0, Avg: 157.8, Max: 631, Diff: 631, Sum: 631, Workers: 4
[7710.673s][debug][gc,phases      ] GC(162)   ObjectSynchronizer Weak        Min:  0.0, Avg:  0.0, Max:  0.0, Diff:  0.0, Sum:  0.0, Workers: 4
[7710.673s][debug][gc,phases      ] GC(162)     Dead                           Min: 0, Avg:  0.0, Max: 0, Diff: 0, Sum: 0, Workers: 4
[7710.673s][debug][gc,phases      ] GC(162)     Total                          Min: 0, Avg: 15.5, Max: 62, Diff: 62, Sum: 62, Workers: 4
[7710.673s][debug][gc,phases      ] GC(162)   JVMTI Tag Weak OopStorage      Min:  0.0, Avg:  0.0, Max:  0.0, Diff:  0.0, Sum:  0.0, Workers: 4
[7710.673s][debug][gc,phases      ] GC(162)     Dead                           Min: 0, Avg:  0.0, Max: 0, Diff: 0, Sum: 0, Workers: 4
[7710.673s][debug][gc,phases      ] GC(162)     Total                          Min: 0, Avg:  0.0, Max: 0, Diff: 0, Sum: 0, Workers: 4
[7710.673s][debug][gc,phases      ] GC(162)   StringTable Weak               Min:  0.0, Avg:  0.1, Max:  0.1, Diff:  0.1, Sum:  0.3, Workers: 4
[7710.673s][debug][gc,phases      ] GC(162)     Dead                           Min: 0, Avg:  0.0, Max: 0, Diff: 0, Sum: 0, Workers: 4
[7710.673s][debug][gc,phases      ] GC(162)     Total                          Min: 0, Avg: 10750.2, Max: 18624, Diff: 18624, Sum: 43001, Workers: 4
[7710.673s][debug][gc,phases      ] GC(162)   ResolvedMethodTable Weak       Min:  0.0, Avg:  0.0, Max:  0.0, Diff:  0.0, Sum:  0.1, Workers: 4
[7710.673s][debug][gc,phases      ] GC(162)     Dead                           Min: 0, Avg:  0.0, Max: 0, Diff: 0, Sum: 0, Workers: 4
[7710.673s][debug][gc,phases      ] GC(162)     Total                          Min: 0, Avg: 2191.2, Max: 3838, Diff: 3838, Sum: 8765, Workers: 4
[7710.673s][debug][gc,phases      ] GC(162)   JNI Weak                       Min:  0.0, Avg:  0.0, Max:  0.0, Diff:  0.0, Sum:  0.0, Workers: 4
[7710.673s][debug][gc,phases      ] GC(162)     Dead                           Min: 0, Avg:  0.0, Max: 0, Diff: 0, Sum: 0, Workers: 4
[7710.673s][debug][gc,phases      ] GC(162)     Total                          Min: 0, Avg: 11.2, Max: 45, Diff: 45, Sum: 45, Workers: 4
[7710.673s][debug][gc,phases      ] GC(162)   StringDedup Table Weak         Min:  0.0, Avg:  0.0, Max:  0.0, Diff:  0.0, Sum:  0.0, Workers: 4
[7710.673s][debug][gc,phases      ] GC(162)     Dead                           Min: 0, Avg:  0.0, Max: 0, Diff: 0, Sum: 0, Workers: 4
[7710.673s][debug][gc,phases      ] GC(162)     Total                          Min: 0, Avg:  0.0, Max: 0, Diff: 0, Sum: 0, Workers: 4
[7710.673s][debug][gc,phases      ] GC(162)   StringDedup Requests0 Weak     Min:  0.0, Avg:  0.0, Max:  0.0, Diff:  0.0, Sum:  0.0, Workers: 4
[7710.673s][debug][gc,phases      ] GC(162)     Dead                           Min: 0, Avg:  0.0, Max: 0, Diff: 0, Sum: 0, Workers: 4
[7710.673s][debug][gc,phases      ] GC(162)     Total                          Min: 0, Avg:  0.0, Max: 0, Diff: 0, Sum: 0, Workers: 4
[7710.673s][debug][gc,phases      ] GC(162)   StringDedup Requests1 Weak     Min:  0.0, Avg:  0.0, Max:  0.0, Diff:  0.0, Sum:  0.0, Workers: 4
[7710.673s][debug][gc,phases      ] GC(162)     Dead                           Min: 0, Avg:  0.0, Max: 0, Diff: 0, Sum: 0, Workers: 4
[7710.673s][debug][gc,phases      ] GC(162)     Total                          Min: 0, Avg:  0.0, Max: 0, Diff: 0, Sum: 0, Workers: 4
[7710.673s][debug][gc,phases      ] GC(162)   Weak JFR Old Object Samples    Min:  0.0, Avg:  0.0, Max:  0.0, Diff:  0.0, Sum:  0.0, Workers: 4
[7710.673s][debug][gc,phases      ] GC(162)     Dead                           Min: 0, Avg:  0.0, Max: 0, Diff: 0, Sum: 0, Workers: 4
[7710.673s][debug][gc,phases      ] GC(162)     Total                          Min: 0, Avg:  0.0, Max: 0, Diff: 0, Sum: 0, Workers: 4
[7710.673s][debug][gc,phases      ] GC(162) Weak Processing 0.305ms
[7710.673s][debug][gc,age         ] GC(162) Desired survivor size 86507520 bytes, new threshold 15 (max threshold 15)
[7710.673s][info ][gc,heap        ] GC(162) PSYoungGen: 1974704K(2012160K)->48112K(2011136K) Eden: 1926144K(1926144K)->0K(1926144K) From: 48560K(86016K)->48112K(84992K)
[7710.673s][info ][gc,heap        ] GC(162) ParOldGen: 572799K(606208K)->572815K(606208K)
[7710.673s][info ][gc,metaspace   ] GC(162) Metaspace: 80321K(81280K)->80321K(81280K) NonClass: 69121K(69568K)->69121K(69568K) Class: 11200K(11712K)->11200K(11712K)
[7710.673s][info ][gc             ] GC(162) Pause Young (Allocation Failure) 2487M->606M(2556M) 12.006ms
[7710.673s][info ][gc,cpu         ] GC(162) User=0.05s Sys=0.00s Real=0.01s
[7710.673s][info ][safepoint      ] Safepoint "ParallelGCFailedAllocation", Time since last: 5359527367 ns, Reaching safepoint: 37600 ns, At safepoint: 12076554 ns, Total: 12114154 ns
[7724.674s][info ][safepoint      ] Safepoint "Cleanup", Time since last: 14000821853 ns, Reaching safepoint: 39901 ns, At safepoint: 2700 ns, Total: 42601 ns
[7730.674s][info ][safepoint      ] Safepoint "Cleanup", Time since last: 6000407072 ns, Reaching safepoint: 38301 ns, At safepoint: 4200 ns, Total: 42501 ns
[7744.675s][info ][safepoint      ] Safepoint "Cleanup", Time since last: 14000925437 ns, Reaching safepoint: 38900 ns, At safepoint: 3800 ns, Total: 42700 ns
[7752.380s][info ][gc,start       ] GC(163) Pause Young (Allocation Failure)
[7752.394s][debug][gc,phases      ] GC(163) Scavenge 14.183ms
[7752.394s][debug][gc,ref         ] GC(163) Skipped phase 1 of Reference Processing: no references
[7752.394s][debug][gc,ref         ] GC(163) ReferenceProcessor::execute queues: 1, RefProcThreadModel::Single, marks_oops_alive: false
[7752.394s][debug][gc,ref         ] GC(163) Skipped phase 3 of Reference Processing: no references
[7752.394s][debug][gc,ref         ] GC(163) ReferenceProcessor::execute queues: 1, RefProcThreadModel::Single, marks_oops_alive: false
[7752.394s][debug][gc,phases      ] GC(163) Reference Processing 0.089ms
[7752.394s][debug][gc,phases      ] GC(163)   VM Weak                        Min:  0.0, Avg:  0.0, Max:  0.0, Diff:  0.0, Sum:  0.0, Workers: 4
[7752.394s][debug][gc,phases      ] GC(163)     Dead                           Min: 0, Avg:  0.0, Max: 0, Diff: 0, Sum: 0, Workers: 4
[7752.394s][debug][gc,phases      ] GC(163)     Total                          Min: 0, Avg: 157.8, Max: 562, Diff: 562, Sum: 631, Workers: 4
[7752.394s][debug][gc,phases      ] GC(163)   ObjectSynchronizer Weak        Min:  0.0, Avg:  0.0, Max:  0.0, Diff:  0.0, Sum:  0.0, Workers: 4
[7752.394s][debug][gc,phases      ] GC(163)     Dead                           Min: 0, Avg:  0.0, Max: 0, Diff: 0, Sum: 0, Workers: 4
[7752.394s][debug][gc,phases      ] GC(163)     Total                          Min: 0, Avg: 15.5, Max: 62, Diff: 62, Sum: 62, Workers: 4
[7752.394s][debug][gc,phases      ] GC(163)   JVMTI Tag Weak OopStorage      Min:  0.0, Avg:  0.0, Max:  0.0, Diff:  0.0, Sum:  0.0, Workers: 4
[7752.394s][debug][gc,phases      ] GC(163)     Dead                           Min: 0, Avg:  0.0, Max: 0, Diff: 0, Sum: 0, Workers: 4
[7752.394s][debug][gc,phases      ] GC(163)     Total                          Min: 0, Avg:  0.0, Max: 0, Diff: 0, Sum: 0, Workers: 4
[7752.394s][debug][gc,phases      ] GC(163)   StringTable Weak               Min:  0.1, Avg:  0.1, Max:  0.1, Diff:  0.0, Sum:  0.4, Workers: 4
[7752.394s][debug][gc,phases      ] GC(163)     Dead                           Min: 0, Avg:  0.0, Max: 0, Diff: 0, Sum: 0, Workers: 4
[7752.394s][debug][gc,phases      ] GC(163)     Total                          Min: 9273, Avg: 10750.2, Max: 11456, Diff: 2183, Sum: 43001, Workers: 4
[7752.394s][debug][gc,phases      ] GC(163)   ResolvedMethodTable Weak       Min:  0.0, Avg:  0.0, Max:  0.0, Diff:  0.0, Sum:  0.1, Workers: 4
[7752.394s][debug][gc,phases      ] GC(163)     Dead                           Min: 0, Avg:  0.0, Max: 0, Diff: 0, Sum: 0, Workers: 4
[7752.394s][debug][gc,phases      ] GC(163)     Total                          Min: 2175, Avg: 2191.2, Max: 2239, Diff: 64, Sum: 8765, Workers: 4
[7752.394s][debug][gc,phases      ] GC(163)   JNI Weak                       Min:  0.0, Avg:  0.0, Max:  0.0, Diff:  0.0, Sum:  0.0, Workers: 4
[7752.394s][debug][gc,phases      ] GC(163)     Dead                           Min: 0, Avg:  0.0, Max: 0, Diff: 0, Sum: 0, Workers: 4
[7752.394s][debug][gc,phases      ] GC(163)     Total                          Min: 0, Avg: 11.2, Max: 45, Diff: 45, Sum: 45, Workers: 4
[7752.394s][debug][gc,phases      ] GC(163)   StringDedup Table Weak         Min:  0.0, Avg:  0.0, Max:  0.0, Diff:  0.0, Sum:  0.0, Workers: 4
[7752.394s][debug][gc,phases      ] GC(163)     Dead                           Min: 0, Avg:  0.0, Max: 0, Diff: 0, Sum: 0, Workers: 4
[7752.394s][debug][gc,phases      ] GC(163)     Total                          Min: 0, Avg:  0.0, Max: 0, Diff: 0, Sum: 0, Workers: 4
[7752.394s][debug][gc,phases      ] GC(163)   StringDedup Requests0 Weak     Min:  0.0, Avg:  0.0, Max:  0.0, Diff:  0.0, Sum:  0.0, Workers: 4
[7752.394s][debug][gc,phases      ] GC(163)     Dead                           Min: 0, Avg:  0.0, Max: 0, Diff: 0, Sum: 0, Workers: 4
[7752.394s][debug][gc,phases      ] GC(163)     Total                          Min: 0, Avg:  0.0, Max: 0, Diff: 0, Sum: 0, Workers: 4
[7752.394s][debug][gc,phases      ] GC(163)   StringDedup Requests1 Weak     Min:  0.0, Avg:  0.0, Max:  0.0, Diff:  0.0, Sum:  0.0, Workers: 4
[7752.394s][debug][gc,phases      ] GC(163)     Dead                           Min: 0, Avg:  0.0, Max: 0, Diff: 0, Sum: 0, Workers: 4
[7752.394s][debug][gc,phases      ] GC(163)     Total                          Min: 0, Avg:  0.0, Max: 0, Diff: 0, Sum: 0, Workers: 4
[7752.394s][debug][gc,phases      ] GC(163)   Weak JFR Old Object Samples    Min:  0.0, Avg:  0.0, Max:  0.0, Diff:  0.0, Sum:  0.0, Workers: 4
[7752.394s][debug][gc,phases      ] GC(163)     Dead                           Min: 0, Avg:  0.0, Max: 0, Diff: 0, Sum: 0, Workers: 4
[7752.394s][debug][gc,phases      ] GC(163)     Total                          Min: 0, Avg:  0.0, Max: 0, Diff: 0, Sum: 0, Workers: 4
[7752.394s][debug][gc,phases      ] GC(163) Weak Processing 0.270ms
[7752.394s][debug][gc,age         ] GC(163) Desired survivor size 85458944 bytes, new threshold 15 (max threshold 15)
[7752.394s][info ][gc,heap        ] GC(163) PSYoungGen: 1974256K(2011136K)->48768K(2013696K) Eden: 1926144K(1926144K)->0K(1929216K) From: 48112K(84992K)->48768K(84480K)
[7752.394s][info ][gc,heap        ] GC(163) ParOldGen: 572815K(606208K)->573071K(606208K)
[7752.394s][info ][gc,metaspace   ] GC(163) Metaspace: 80324K(81280K)->80324K(81280K) NonClass: 69124K(69568K)->69124K(69568K) Class: 11200K(11712K)->11200K(11712K)
[7752.394s][info ][gc             ] GC(163) Pause Young (Allocation Failure) 2487M->607M(2558M) 14.643ms
[7752.394s][info ][gc,cpu         ] GC(163) User=0.05s Sys=0.00s Real=0.02s
[7752.394s][info ][safepoint      ] Safepoint "ParallelGCFailedAllocation", Time since last: 7704168395 ns, Reaching safepoint: 105101 ns, At safepoint: 14724984 ns, Total: 14830085 ns
[7797.235s][info ][gc,start       ] GC(164) Pause Young (Allocation Failure)
[7797.247s][debug][gc,phases      ] GC(164) Scavenge 11.870ms
[7797.247s][debug][gc,ref         ] GC(164) Skipped phase 1 of Reference Processing: no references
[7797.247s][debug][gc,ref         ] GC(164) ReferenceProcessor::execute queues: 1, RefProcThreadModel::Single, marks_oops_alive: false
[7797.247s][debug][gc,ref         ] GC(164) Skipped phase 3 of Reference Processing: no references
[7797.247s][debug][gc,ref         ] GC(164) ReferenceProcessor::execute queues: 1, RefProcThreadModel::Single, marks_oops_alive: false
[7797.247s][debug][gc,phases      ] GC(164) Reference Processing 0.092ms
[7797.247s][debug][gc,phases      ] GC(164)   VM Weak                        Min:  0.0, Avg:  0.0, Max:  0.0, Diff:  0.0, Sum:  0.0, Workers: 4
[7797.247s][debug][gc,phases      ] GC(164)     Dead                           Min: 0, Avg:  0.0, Max: 0, Diff: 0, Sum: 0, Workers: 4
[7797.247s][debug][gc,phases      ] GC(164)     Total                          Min: 0, Avg: 157.8, Max: 517, Diff: 517, Sum: 631, Workers: 4
[7797.247s][debug][gc,phases      ] GC(164)   ObjectSynchronizer Weak        Min:  0.0, Avg:  0.0, Max:  0.0, Diff:  0.0, Sum:  0.0, Workers: 4
[7797.247s][debug][gc,phases      ] GC(164)     Dead                           Min: 0, Avg:  0.0, Max: 0, Diff: 0, Sum: 0, Workers: 4
[7797.247s][debug][gc,phases      ] GC(164)     Total                          Min: 0, Avg: 15.5, Max: 62, Diff: 62, Sum: 62, Workers: 4
[7797.247s][debug][gc,phases      ] GC(164)   JVMTI Tag Weak OopStorage      Min:  0.0, Avg:  0.0, Max:  0.0, Diff:  0.0, Sum:  0.0, Workers: 4
[7797.247s][debug][gc,phases      ] GC(164)     Dead                           Min: 0, Avg:  0.0, Max: 0, Diff: 0, Sum: 0, Workers: 4
[7797.247s][debug][gc,phases      ] GC(164)     Total                          Min: 0, Avg:  0.0, Max: 0, Diff: 0, Sum: 0, Workers: 4
[7797.247s][debug][gc,phases      ] GC(164)   StringTable Weak               Min:  0.0, Avg:  0.1, Max:  0.1, Diff:  0.1, Sum:  0.3, Workers: 4
[7797.247s][debug][gc,phases      ] GC(164)     Dead                           Min: 0, Avg:  0.0, Max: 0, Diff: 0, Sum: 0, Workers: 4
[7797.247s][debug][gc,phases      ] GC(164)     Total                          Min: 0, Avg: 10750.2, Max: 18752, Diff: 18752, Sum: 43001, Workers: 4
[7797.247s][debug][gc,phases      ] GC(164)   ResolvedMethodTable Weak       Min:  0.0, Avg:  0.0, Max:  0.0, Diff:  0.0, Sum:  0.1, Workers: 4
[7797.247s][debug][gc,phases      ] GC(164)     Dead                           Min: 0, Avg:  0.0, Max: 0, Diff: 0, Sum: 0, Workers: 4
[7797.247s][debug][gc,phases      ] GC(164)     Total                          Min: 0, Avg: 2191.2, Max: 3197, Diff: 3197, Sum: 8765, Workers: 4
[7797.247s][debug][gc,phases      ] GC(164)   JNI Weak                       Min:  0.0, Avg:  0.0, Max:  0.0, Diff:  0.0, Sum:  0.0, Workers: 4
[7797.247s][debug][gc,phases      ] GC(164)     Dead                           Min: 0, Avg:  0.0, Max: 0, Diff: 0, Sum: 0, Workers: 4
[7797.247s][debug][gc,phases      ] GC(164)     Total                          Min: 0, Avg: 11.2, Max: 45, Diff: 45, Sum: 45, Workers: 4
[7797.247s][debug][gc,phases      ] GC(164)   StringDedup Table Weak         Min:  0.0, Avg:  0.0, Max:  0.0, Diff:  0.0, Sum:  0.0, Workers: 4
[7797.247s][debug][gc,phases      ] GC(164)     Dead                           Min: 0, Avg:  0.0, Max: 0, Diff: 0, Sum: 0, Workers: 4
[7797.247s][debug][gc,phases      ] GC(164)     Total                          Min: 0, Avg:  0.0, Max: 0, Diff: 0, Sum: 0, Workers: 4
[7797.247s][debug][gc,phases      ] GC(164)   StringDedup Requests0 Weak     Min:  0.0, Avg:  0.0, Max:  0.0, Diff:  0.0, Sum:  0.0, Workers: 4
[7797.247s][debug][gc,phases      ] GC(164)     Dead                           Min: 0, Avg:  0.0, Max: 0, Diff: 0, Sum: 0, Workers: 4
[7797.247s][debug][gc,phases      ] GC(164)     Total                          Min: 0, Avg:  0.0, Max: 0, Diff: 0, Sum: 0, Workers: 4
[7797.247s][debug][gc,phases      ] GC(164)   StringDedup Requests1 Weak     Min:  0.0, Avg:  0.0, Max:  0.0, Diff:  0.0, Sum:  0.0, Workers: 4
[7797.247s][debug][gc,phases      ] GC(164)     Dead                           Min: 0, Avg:  0.0, Max: 0, Diff: 0, Sum: 0, Workers: 4
[7797.248s][debug][gc,phases      ] GC(164)     Total                          Min: 0, Avg:  0.0, Max: 0, Diff: 0, Sum: 0, Workers: 4
[7797.248s][debug][gc,phases      ] GC(164)   Weak JFR Old Object Samples    Min:  0.0, Avg:  0.0, Max:  0.0, Diff:  0.0, Sum:  0.0, Workers: 4
[7797.248s][debug][gc,phases      ] GC(164)     Dead                           Min: 0, Avg:  0.0, Max: 0, Diff: 0, Sum: 0, Workers: 4
[7797.248s][debug][gc,phases      ] GC(164)     Total                          Min: 0, Avg:  0.0, Max: 0, Diff: 0, Sum: 0, Workers: 4
[7797.248s][debug][gc,phases      ] GC(164) Weak Processing 0.312ms
[7797.248s][debug][gc,age         ] GC(164) Desired survivor size 83886080 bytes, new threshold 15 (max threshold 15)
[7797.248s][info ][gc,heap        ] GC(164) PSYoungGen: 1977984K(2013696K)->48000K(2012672K) Eden: 1929216K(1929216K)->0K(1929216K) From: 48768K(84480K)->48000K(83456K)
[7797.248s][info ][gc,heap        ] GC(164) ParOldGen: 573071K(606208K)->573175K(606208K)
[7797.248s][info ][gc,metaspace   ] GC(164) Metaspace: 80324K(81280K)->80324K(81280K) NonClass: 69124K(69568K)->69124K(69568K) Class: 11200K(11712K)->11200K(11712K)
[7797.248s][info ][gc             ] GC(164) Pause Young (Allocation Failure) 2491M->606M(2557M) 12.368ms
[7797.248s][info ][gc,cpu         ] GC(164) User=0.05s Sys=0.00s Real=0.01s
[7797.248s][info ][safepoint      ] Safepoint "ParallelGCFailedAllocation", Time since last: 44840805936 ns, Reaching safepoint: 28201 ns, At safepoint: 12454852 ns, Total: 12483053 ns
[7834.250s][info ][safepoint      ] Safepoint "Cleanup", Time since last: 37002307379 ns, Reaching safepoint: 48101 ns, At safepoint: 6500 ns, Total: 54601 ns
[7846.537s][info ][gc,start       ] GC(165) Pause Young (Allocation Failure)
[7846.552s][debug][gc,phases      ] GC(165) Scavenge 15.219ms
[7846.552s][debug][gc,ref         ] GC(165) Skipped phase 1 of Reference Processing: no references
[7846.552s][debug][gc,ref         ] GC(165) ReferenceProcessor::execute queues: 1, RefProcThreadModel::Single, marks_oops_alive: false
[7846.552s][debug][gc,ref         ] GC(165) Skipped phase 3 of Reference Processing: no references
[7846.552s][debug][gc,ref         ] GC(165) ReferenceProcessor::execute queues: 1, RefProcThreadModel::Single, marks_oops_alive: false
[7846.552s][debug][gc,phases      ] GC(165) Reference Processing 0.107ms
[7846.552s][debug][gc,phases      ] GC(165)   VM Weak                        Min:  0.0, Avg:  0.0, Max:  0.0, Diff:  0.0, Sum:  0.0, Workers: 4
[7846.552s][debug][gc,phases      ] GC(165)     Dead                           Min: 0, Avg:  0.0, Max: 0, Diff: 0, Sum: 0, Workers: 4
[7846.552s][debug][gc,phases      ] GC(165)     Total                          Min: 0, Avg: 157.8, Max: 410, Diff: 410, Sum: 631, Workers: 4
[7846.552s][debug][gc,phases      ] GC(165)   ObjectSynchronizer Weak        Min:  0.0, Avg:  0.0, Max:  0.0, Diff:  0.0, Sum:  0.0, Workers: 4
[7846.552s][debug][gc,phases      ] GC(165)     Dead                           Min: 0, Avg:  0.0, Max: 0, Diff: 0, Sum: 0, Workers: 4
[7846.552s][debug][gc,phases      ] GC(165)     Total                          Min: 0, Avg: 15.5, Max: 62, Diff: 62, Sum: 62, Workers: 4
[7846.552s][debug][gc,phases      ] GC(165)   JVMTI Tag Weak OopStorage      Min:  0.0, Avg:  0.0, Max:  0.0, Diff:  0.0, Sum:  0.0, Workers: 4
[7846.552s][debug][gc,phases      ] GC(165)     Dead                           Min: 0, Avg:  0.0, Max: 0, Diff: 0, Sum: 0, Workers: 4
[7846.552s][debug][gc,phases      ] GC(165)     Total                          Min: 0, Avg:  0.0, Max: 0, Diff: 0, Sum: 0, Workers: 4
[7846.552s][debug][gc,phases      ] GC(165)   StringTable Weak               Min:  0.1, Avg:  0.1, Max:  0.1, Diff:  0.0, Sum:  0.4, Workers: 4
[7846.552s][debug][gc,phases      ] GC(165)     Dead                           Min: 0, Avg:  0.0, Max: 0, Diff: 0, Sum: 0, Workers: 4
[7846.552s][debug][gc,phases      ] GC(165)     Total                          Min: 10496, Avg: 10750.2, Max: 11008, Diff: 512, Sum: 43001, Workers: 4
[7846.553s][debug][gc,phases      ] GC(165)   ResolvedMethodTable Weak       Min:  0.0, Avg:  0.0, Max:  0.0, Diff:  0.0, Sum:  0.1, Workers: 4
[7846.553s][debug][gc,phases      ] GC(165)     Dead                           Min: 0, Avg:  0.0, Max: 0, Diff: 0, Sum: 0, Workers: 4
[7846.553s][debug][gc,phases      ] GC(165)     Total                          Min: 2048, Avg: 2191.2, Max: 2304, Diff: 256, Sum: 8765, Workers: 4
[7846.553s][debug][gc,phases      ] GC(165)   JNI Weak                       Min:  0.0, Avg:  0.0, Max:  0.0, Diff:  0.0, Sum:  0.0, Workers: 4
[7846.553s][debug][gc,phases      ] GC(165)     Dead                           Min: 0, Avg:  0.0, Max: 0, Diff: 0, Sum: 0, Workers: 4
[7846.553s][debug][gc,phases      ] GC(165)     Total                          Min: 0, Avg: 11.2, Max: 45, Diff: 45, Sum: 45, Workers: 4
[7846.553s][debug][gc,phases      ] GC(165)   StringDedup Table Weak         Min:  0.0, Avg:  0.0, Max:  0.0, Diff:  0.0, Sum:  0.0, Workers: 4
[7846.553s][debug][gc,phases      ] GC(165)     Dead                           Min: 0, Avg:  0.0, Max: 0, Diff: 0, Sum: 0, Workers: 4
[7846.553s][debug][gc,phases      ] GC(165)     Total                          Min: 0, Avg:  0.0, Max: 0, Diff: 0, Sum: 0, Workers: 4
[7846.553s][debug][gc,phases      ] GC(165)   StringDedup Requests0 Weak     Min:  0.0, Avg:  0.0, Max:  0.0, Diff:  0.0, Sum:  0.0, Workers: 4
[7846.553s][debug][gc,phases      ] GC(165)     Dead                           Min: 0, Avg:  0.0, Max: 0, Diff: 0, Sum: 0, Workers: 4
[7846.553s][debug][gc,phases      ] GC(165)     Total                          Min: 0, Avg:  0.0, Max: 0, Diff: 0, Sum: 0, Workers: 4
[7846.553s][debug][gc,phases      ] GC(165)   StringDedup Requests1 Weak     Min:  0.0, Avg:  0.0, Max:  0.0, Diff:  0.0, Sum:  0.0, Workers: 4
[7846.553s][debug][gc,phases      ] GC(165)     Dead                           Min: 0, Avg:  0.0, Max: 0, Diff: 0, Sum: 0, Workers: 4
[7846.553s][debug][gc,phases      ] GC(165)     Total                          Min: 0, Avg:  0.0, Max: 0, Diff: 0, Sum: 0, Workers: 4
[7846.553s][debug][gc,phases      ] GC(165)   Weak JFR Old Object Samples    Min:  0.0, Avg:  0.0, Max:  0.0, Diff:  0.0, Sum:  0.0, Workers: 4
[7846.553s][debug][gc,phases      ] GC(165)     Dead                           Min: 0, Avg:  0.0, Max: 0, Diff: 0, Sum: 0, Workers: 4
[7846.553s][debug][gc,phases      ] GC(165)     Total                          Min: 0, Avg:  0.0, Max: 0, Diff: 0, Sum: 0, Workers: 4
[7846.553s][debug][gc,phases      ] GC(165) Weak Processing 0.272ms
[7846.553s][debug][gc,age         ] GC(165) Desired survivor size 82837504 bytes, new threshold 15 (max threshold 15)
[7846.553s][info ][gc,heap        ] GC(165) PSYoungGen: 1977216K(2012672K)->48288K(2016256K) Eden: 1929216K(1929216K)->0K(1934336K) From: 48000K(83456K)->48288K(81920K)
[7846.553s][info ][gc,heap        ] GC(165) ParOldGen: 573175K(606208K)->573223K(606208K)
[7846.553s][info ][gc,metaspace   ] GC(165) Metaspace: 80329K(81280K)->80329K(81280K) NonClass: 69128K(69568K)->69128K(69568K) Class: 11200K(11712K)->11200K(11712K)
[7846.553s][info ][gc             ] GC(165) Pause Young (Allocation Failure) 2490M->606M(2561M) 15.706ms
[7846.553s][info ][gc,cpu         ] GC(165) User=0.04s Sys=0.00s Real=0.02s
[7846.553s][info ][safepoint      ] Safepoint "ParallelGCFailedAllocation", Time since last: 12286830999 ns, Reaching safepoint: 40700 ns, At safepoint: 15796489 ns, Total: 15837189 ns
[7890.629s][info ][gc,start       ] GC(166) Pause Young (Allocation Failure)
[7890.646s][debug][gc,phases      ] GC(166) Scavenge 17.192ms
[7890.646s][debug][gc,ref         ] GC(166) Skipped phase 1 of Reference Processing: no references
[7890.646s][debug][gc,ref         ] GC(166) ReferenceProcessor::execute queues: 1, RefProcThreadModel::Single, marks_oops_alive: false
[7890.646s][debug][gc,ref         ] GC(166) Skipped phase 3 of Reference Processing: no references
[7890.646s][debug][gc,ref         ] GC(166) ReferenceProcessor::execute queues: 1, RefProcThreadModel::Single, marks_oops_alive: false
[7890.646s][debug][gc,phases      ] GC(166) Reference Processing 0.093ms
[7890.647s][debug][gc,phases      ] GC(166)   VM Weak                        Min:  0.0, Avg:  0.0, Max:  0.0, Diff:  0.0, Sum:  0.0, Workers: 4
[7890.647s][debug][gc,phases      ] GC(166)     Dead                           Min: 0, Avg:  0.0, Max: 0, Diff: 0, Sum: 0, Workers: 4
[7890.647s][debug][gc,phases      ] GC(166)     Total                          Min: 0, Avg: 157.8, Max: 221, Diff: 221, Sum: 631, Workers: 4
[7890.647s][debug][gc,phases      ] GC(166)   ObjectSynchronizer Weak        Min:  0.0, Avg:  0.0, Max:  0.0, Diff:  0.0, Sum:  0.0, Workers: 4
[7890.647s][debug][gc,phases      ] GC(166)     Dead                           Min: 0, Avg:  0.0, Max: 0, Diff: 0, Sum: 0, Workers: 4
[7890.647s][debug][gc,phases      ] GC(166)     Total                          Min: 0, Avg: 15.5, Max: 62, Diff: 62, Sum: 62, Workers: 4
[7890.647s][debug][gc,phases      ] GC(166)   JVMTI Tag Weak OopStorage      Min:  0.0, Avg:  0.0, Max:  0.0, Diff:  0.0, Sum:  0.0, Workers: 4
[7890.647s][debug][gc,phases      ] GC(166)     Dead                           Min: 0, Avg:  0.0, Max: 0, Diff: 0, Sum: 0, Workers: 4
[7890.647s][debug][gc,phases      ] GC(166)     Total                          Min: 0, Avg:  0.0, Max: 0, Diff: 0, Sum: 0, Workers: 4
[7890.647s][debug][gc,phases      ] GC(166)   StringTable Weak               Min:  0.0, Avg:  0.1, Max:  0.1, Diff:  0.1, Sum:  0.4, Workers: 4
[7890.647s][debug][gc,phases      ] GC(166)     Dead                           Min: 0, Avg:  0.0, Max: 0, Diff: 0, Sum: 0, Workers: 4
[7890.647s][debug][gc,phases      ] GC(166)     Total                          Min: 0, Avg: 10750.2, Max: 14777, Diff: 14777, Sum: 43001, Workers: 4
[7890.647s][debug][gc,phases      ] GC(166)   ResolvedMethodTable Weak       Min:  0.0, Avg:  0.0, Max:  0.0, Diff:  0.0, Sum:  0.1, Workers: 4
[7890.647s][debug][gc,phases      ] GC(166)     Dead                           Min: 0, Avg:  0.0, Max: 0, Diff: 0, Sum: 0, Workers: 4
[7890.647s][debug][gc,phases      ] GC(166)     Total                          Min: 0, Avg: 2191.2, Max: 3008, Diff: 3008, Sum: 8765, Workers: 4
[7890.647s][debug][gc,phases      ] GC(166)   JNI Weak                       Min:  0.0, Avg:  0.0, Max:  0.0, Diff:  0.0, Sum:  0.0, Workers: 4
[7890.647s][debug][gc,phases      ] GC(166)     Dead                           Min: 0, Avg:  0.0, Max: 0, Diff: 0, Sum: 0, Workers: 4
[7890.647s][debug][gc,phases      ] GC(166)     Total                          Min: 0, Avg: 11.2, Max: 45, Diff: 45, Sum: 45, Workers: 4
[7890.647s][debug][gc,phases      ] GC(166)   StringDedup Table Weak         Min:  0.0, Avg:  0.0, Max:  0.0, Diff:  0.0, Sum:  0.0, Workers: 4
[7890.647s][debug][gc,phases      ] GC(166)     Dead                           Min: 0, Avg:  0.0, Max: 0, Diff: 0, Sum: 0, Workers: 4
[7890.647s][debug][gc,phases      ] GC(166)     Total                          Min: 0, Avg:  0.0, Max: 0, Diff: 0, Sum: 0, Workers: 4
[7890.647s][debug][gc,phases      ] GC(166)   StringDedup Requests0 Weak     Min:  0.0, Avg:  0.0, Max:  0.0, Diff:  0.0, Sum:  0.0, Workers: 4
[7890.647s][debug][gc,phases      ] GC(166)     Dead                           Min: 0, Avg:  0.0, Max: 0, Diff: 0, Sum: 0, Workers: 4
[7890.647s][debug][gc,phases      ] GC(166)     Total                          Min: 0, Avg:  0.0, Max: 0, Diff: 0, Sum: 0, Workers: 4
[7890.647s][debug][gc,phases      ] GC(166)   StringDedup Requests1 Weak     Min:  0.0, Avg:  0.0, Max:  0.0, Diff:  0.0, Sum:  0.0, Workers: 4
[7890.647s][debug][gc,phases      ] GC(166)     Dead                           Min: 0, Avg:  0.0, Max: 0, Diff: 0, Sum: 0, Workers: 4
[7890.647s][debug][gc,phases      ] GC(166)     Total                          Min: 0, Avg:  0.0, Max: 0, Diff: 0, Sum: 0, Workers: 4
[7890.647s][debug][gc,phases      ] GC(166)   Weak JFR Old Object Samples    Min:  0.0, Avg:  0.0, Max:  0.0, Diff:  0.0, Sum:  0.0, Workers: 4
[7890.647s][debug][gc,phases      ] GC(166)     Dead                           Min: 0, Avg:  0.0, Max: 0, Diff: 0, Sum: 0, Workers: 4
[7890.647s][debug][gc,phases      ] GC(166)     Total                          Min: 0, Avg:  0.0, Max: 0, Diff: 0, Sum: 0, Workers: 4
[7890.647s][debug][gc,phases      ] GC(166) Weak Processing 0.306ms
[7890.647s][debug][gc,age         ] GC(166) Desired survivor size 79691776 bytes, new threshold 15 (max threshold 15)
[7890.647s][info ][gc,heap        ] GC(166) PSYoungGen: 1982624K(2016256K)->34560K(2015232K) Eden: 1934336K(1934336K)->0K(1934336K) From: 48288K(81920K)->34560K(80896K)
[7890.647s][info ][gc,heap        ] GC(166) ParOldGen: 573223K(606208K)->587919K(606208K)
[7890.647s][info ][gc,metaspace   ] GC(166) Metaspace: 80329K(81280K)->80329K(81280K) NonClass: 69128K(69568K)->69128K(69568K) Class: 11200K(11712K)->11200K(11712K)
[7890.647s][info ][gc             ] GC(166) Pause Young (Allocation Failure) 2495M->607M(2560M) 17.709ms
[7890.647s][info ][gc,cpu         ] GC(166) User=0.05s Sys=0.00s Real=0.02s
[7890.647s][info ][safepoint      ] Safepoint "ParallelGCFailedAllocation", Time since last: 44076366543 ns, Reaching safepoint: 97802 ns, At safepoint: 17783608 ns, Total: 17881410 ns
[7894.647s][info ][safepoint      ] Safepoint "Cleanup", Time since last: 4000265523 ns, Reaching safepoint: 38000 ns, At safepoint: 3600 ns, Total: 41600 ns
[7911.648s][info ][safepoint      ] Safepoint "Cleanup", Time since last: 17001109292 ns, Reaching safepoint: 32500 ns, At safepoint: 2700 ns, Total: 35200 ns
[7932.879s][info ][gc,start       ] GC(167) Pause Young (Allocation Failure)
[7932.894s][debug][gc,phases      ] GC(167) Scavenge 15.113ms
[7932.894s][debug][gc,ref         ] GC(167) Skipped phase 1 of Reference Processing: no references
[7932.894s][debug][gc,ref         ] GC(167) ReferenceProcessor::execute queues: 1, RefProcThreadModel::Single, marks_oops_alive: false
[7932.894s][debug][gc,ref         ] GC(167) Skipped phase 3 of Reference Processing: no references
[7932.894s][debug][gc,ref         ] GC(167) ReferenceProcessor::execute queues: 1, RefProcThreadModel::Single, marks_oops_alive: false
[7932.894s][debug][gc,phases      ] GC(167) Reference Processing 0.093ms
[7932.894s][debug][gc,phases      ] GC(167)   VM Weak                        Min:  0.0, Avg:  0.0, Max:  0.0, Diff:  0.0, Sum:  0.0, Workers: 4
[7932.894s][debug][gc,phases      ] GC(167)     Dead                           Min: 0, Avg:  0.0, Max: 0, Diff: 0, Sum: 0, Workers: 4
[7932.894s][debug][gc,phases      ] GC(167)     Total                          Min: 0, Avg: 157.8, Max: 631, Diff: 631, Sum: 631, Workers: 4
[7932.894s][debug][gc,phases      ] GC(167)   ObjectSynchronizer Weak        Min:  0.0, Avg:  0.0, Max:  0.0, Diff:  0.0, Sum:  0.0, Workers: 4
[7932.894s][debug][gc,phases      ] GC(167)     Dead                           Min: 0, Avg:  0.0, Max: 0, Diff: 0, Sum: 0, Workers: 4
[7932.894s][debug][gc,phases      ] GC(167)     Total                          Min: 0, Avg: 15.5, Max: 62, Diff: 62, Sum: 62, Workers: 4
[7932.894s][debug][gc,phases      ] GC(167)   JVMTI Tag Weak OopStorage      Min:  0.0, Avg:  0.0, Max:  0.0, Diff:  0.0, Sum:  0.0, Workers: 4
[7932.894s][debug][gc,phases      ] GC(167)     Dead                           Min: 0, Avg:  0.0, Max: 0, Diff: 0, Sum: 0, Workers: 4
[7932.894s][debug][gc,phases      ] GC(167)     Total                          Min: 0, Avg:  0.0, Max: 0, Diff: 0, Sum: 0, Workers: 4
[7932.894s][debug][gc,phases      ] GC(167)   StringTable Weak               Min:  0.1, Avg:  0.1, Max:  0.1, Diff:  0.0, Sum:  0.4, Workers: 4
[7932.894s][debug][gc,phases      ] GC(167)     Dead                           Min: 0, Avg:  0.0, Max: 0, Diff: 0, Sum: 0, Workers: 4
[7932.894s][debug][gc,phases      ] GC(167)     Total                          Min: 10560, Avg: 10750.2, Max: 10944, Diff: 384, Sum: 43001, Workers: 4
[7932.894s][debug][gc,phases      ] GC(167)   ResolvedMethodTable Weak       Min:  0.0, Avg:  0.0, Max:  0.0, Diff:  0.0, Sum:  0.1, Workers: 4
[7932.894s][debug][gc,phases      ] GC(167)     Dead                           Min: 0, Avg:  0.0, Max: 0, Diff: 0, Sum: 0, Workers: 4
[7932.894s][debug][gc,phases      ] GC(167)     Total                          Min: 2112, Avg: 2191.2, Max: 2304, Diff: 192, Sum: 8765, Workers: 4
[7932.894s][debug][gc,phases      ] GC(167)   JNI Weak                       Min:  0.0, Avg:  0.0, Max:  0.0, Diff:  0.0, Sum:  0.0, Workers: 4
[7932.894s][debug][gc,phases      ] GC(167)     Dead                           Min: 0, Avg:  0.0, Max: 0, Diff: 0, Sum: 0, Workers: 4
[7932.894s][debug][gc,phases      ] GC(167)     Total                          Min: 0, Avg: 11.2, Max: 45, Diff: 45, Sum: 45, Workers: 4
[7932.894s][debug][gc,phases      ] GC(167)   StringDedup Table Weak         Min:  0.0, Avg:  0.0, Max:  0.0, Diff:  0.0, Sum:  0.0, Workers: 4
[7932.894s][debug][gc,phases      ] GC(167)     Dead                           Min: 0, Avg:  0.0, Max: 0, Diff: 0, Sum: 0, Workers: 4
[7932.894s][debug][gc,phases      ] GC(167)     Total                          Min: 0, Avg:  0.0, Max: 0, Diff: 0, Sum: 0, Workers: 4
[7932.894s][debug][gc,phases      ] GC(167)   StringDedup Requests0 Weak     Min:  0.0, Avg:  0.0, Max:  0.0, Diff:  0.0, Sum:  0.0, Workers: 4
[7932.894s][debug][gc,phases      ] GC(167)     Dead                           Min: 0, Avg:  0.0, Max: 0, Diff: 0, Sum: 0, Workers: 4
[7932.894s][debug][gc,phases      ] GC(167)     Total                          Min: 0, Avg:  0.0, Max: 0, Diff: 0, Sum: 0, Workers: 4
[7932.894s][debug][gc,phases      ] GC(167)   StringDedup Requests1 Weak     Min:  0.0, Avg:  0.0, Max:  0.0, Diff:  0.0, Sum:  0.0, Workers: 4
[7932.894s][debug][gc,phases      ] GC(167)     Dead                           Min: 0, Avg:  0.0, Max: 0, Diff: 0, Sum: 0, Workers: 4
[7932.894s][debug][gc,phases      ] GC(167)     Total                          Min: 0, Avg:  0.0, Max: 0, Diff: 0, Sum: 0, Workers: 4
[7932.894s][debug][gc,phases      ] GC(167)   Weak JFR Old Object Samples    Min:  0.0, Avg:  0.0, Max:  0.0, Diff:  0.0, Sum:  0.0, Workers: 4
[7932.894s][debug][gc,phases      ] GC(167)     Dead                           Min: 0, Avg:  0.0, Max: 0, Diff: 0, Sum: 0, Workers: 4
[7932.894s][debug][gc,phases      ] GC(167)     Total                          Min: 0, Avg:  0.0, Max: 0, Diff: 0, Sum: 0, Workers: 4
[7932.894s][debug][gc,phases      ] GC(167) Weak Processing 0.263ms
[7932.894s][debug][gc,age         ] GC(167) Desired survivor size 81788928 bytes, new threshold 15 (max threshold 15)
[7932.894s][info ][gc,heap        ] GC(167) PSYoungGen: 1968896K(2015232K)->7552K(2015232K) Eden: 1934336K(1934336K)->0K(1937408K) From: 34560K(80896K)->7552K(77824K)
[7932.894s][info ][gc,heap        ] GC(167) ParOldGen: 587919K(606208K)->617091K(617472K)
[7932.894s][info ][gc,metaspace   ] GC(167) Metaspace: 80335K(81280K)->80335K(81280K) NonClass: 69135K(69568K)->69135K(69568K) Class: 11200K(11712K)->11200K(11712K)
[7932.894s][info ][gc             ] GC(167) Pause Young (Allocation Failure) 2496M->610M(2571M) 15.589ms
[7932.894s][info ][gc,cpu         ] GC(167) User=0.05s Sys=0.01s Real=0.02s
[7932.894s][debug][gc,phases      ] GC(168) Pre Compact 0.009ms
[7932.894s][info ][gc,start       ] GC(168) Pause Full (Ergonomics)
[7932.894s][info ][gc,phases,start] GC(168) Marking Phase
[7932.996s][debug][gc,phases      ] GC(168) Par Mark 101.448ms
[7932.996s][debug][gc,ref         ] GC(168) ReferenceProcessor::execute queues: 4, RefProcThreadModel::Multi, marks_oops_alive: true
[7932.996s][debug][gc,ref         ] GC(168) ReferenceProcessor::execute queues: 4, RefProcThreadModel::Multi, marks_oops_alive: false
[7932.997s][debug][gc,ref         ] GC(168) Skipped phase 3 of Reference Processing: no references
[7932.997s][debug][gc,ref         ] GC(168) ReferenceProcessor::execute queues: 1, RefProcThreadModel::Single, marks_oops_alive: false
[7932.997s][debug][gc,phases      ] GC(168) Reference Processing 0.646ms
[7932.997s][debug][gc,phases      ] GC(168)   VM Weak                        Min:  0.0, Avg:  0.0, Max:  0.0, Diff:  0.0, Sum:  0.0, Workers: 4
[7932.997s][debug][gc,phases      ] GC(168)     Dead                           Min: 0, Avg:  2.5, Max: 10, Diff: 10, Sum: 10, Workers: 4
[7932.997s][debug][gc,phases      ] GC(168)     Total                          Min: 0, Avg: 157.8, Max: 455, Diff: 455, Sum: 631, Workers: 4
[7932.997s][debug][gc,phases      ] GC(168)   ObjectSynchronizer Weak        Min:  0.0, Avg:  0.0, Max:  0.0, Diff:  0.0, Sum:  0.0, Workers: 4
[7932.997s][debug][gc,phases      ] GC(168)     Dead                           Min: 0, Avg:  0.0, Max: 0, Diff: 0, Sum: 0, Workers: 4
[7932.997s][debug][gc,phases      ] GC(168)     Total                          Min: 0, Avg: 15.5, Max: 62, Diff: 62, Sum: 62, Workers: 4
[7932.997s][debug][gc,phases      ] GC(168)   JVMTI Tag Weak OopStorage      Min:  0.0, Avg:  0.0, Max:  0.0, Diff:  0.0, Sum:  0.0, Workers: 4
[7932.997s][debug][gc,phases      ] GC(168)     Dead                           Min: 0, Avg:  0.0, Max: 0, Diff: 0, Sum: 0, Workers: 4
[7932.997s][debug][gc,phases      ] GC(168)     Total                          Min: 0, Avg:  0.0, Max: 0, Diff: 0, Sum: 0, Workers: 4
[7932.997s][debug][gc,phases      ] GC(168)   StringTable Weak               Min:  0.1, Avg:  0.1, Max:  0.1, Diff:  0.0, Sum:  0.5, Workers: 4
[7932.997s][debug][gc,phases      ] GC(168)     Dead                           Min: 0, Avg:  7.5, Max: 17, Diff: 17, Sum: 30, Workers: 4
[7932.997s][debug][gc,phases      ] GC(168)     Total                          Min: 10432, Avg: 10750.2, Max: 10880, Diff: 448, Sum: 43001, Workers: 4
[7932.997s][debug][gc,phases      ] GC(168)   ResolvedMethodTable Weak       Min:  0.0, Avg:  0.0, Max:  0.0, Diff:  0.0, Sum:  0.1, Workers: 4
[7932.997s][debug][gc,phases      ] GC(168)     Dead                           Min: 0, Avg:  3.8, Max: 14, Diff: 14, Sum: 15, Workers: 4
[7932.997s][debug][gc,phases      ] GC(168)     Total                          Min: 2111, Avg: 2191.2, Max: 2304, Diff: 193, Sum: 8765, Workers: 4
[7932.997s][debug][gc,phases      ] GC(168)   JNI Weak                       Min:  0.0, Avg:  0.0, Max:  0.0, Diff:  0.0, Sum:  0.0, Workers: 4
[7932.997s][debug][gc,phases      ] GC(168)     Dead                           Min: 0, Avg:  0.0, Max: 0, Diff: 0, Sum: 0, Workers: 4
[7932.997s][debug][gc,phases      ] GC(168)     Total                          Min: 0, Avg: 11.2, Max: 45, Diff: 45, Sum: 45, Workers: 4
[7932.997s][debug][gc,phases      ] GC(168)   StringDedup Table Weak         Min:  0.0, Avg:  0.0, Max:  0.0, Diff:  0.0, Sum:  0.0, Workers: 4
[7932.997s][debug][gc,phases      ] GC(168)     Dead                           Min: 0, Avg:  0.0, Max: 0, Diff: 0, Sum: 0, Workers: 4
[7932.997s][debug][gc,phases      ] GC(168)     Total                          Min: 0, Avg:  0.0, Max: 0, Diff: 0, Sum: 0, Workers: 4
[7932.997s][debug][gc,phases      ] GC(168)   StringDedup Requests0 Weak     Min:  0.0, Avg:  0.0, Max:  0.0, Diff:  0.0, Sum:  0.0, Workers: 4
[7932.997s][debug][gc,phases      ] GC(168)     Dead                           Min: 0, Avg:  0.0, Max: 0, Diff: 0, Sum: 0, Workers: 4
[7932.997s][debug][gc,phases      ] GC(168)     Total                          Min: 0, Avg:  0.0, Max: 0, Diff: 0, Sum: 0, Workers: 4
[7932.997s][debug][gc,phases      ] GC(168)   StringDedup Requests1 Weak     Min:  0.0, Avg:  0.0, Max:  0.0, Diff:  0.0, Sum:  0.0, Workers: 4
[7932.997s][debug][gc,phases      ] GC(168)     Dead                           Min: 0, Avg:  0.0, Max: 0, Diff: 0, Sum: 0, Workers: 4
[7932.997s][debug][gc,phases      ] GC(168)     Total                          Min: 0, Avg:  0.0, Max: 0, Diff: 0, Sum: 0, Workers: 4
[7932.997s][debug][gc,phases      ] GC(168)   Weak JFR Old Object Samples    Min:  0.0, Avg:  0.0, Max:  0.0, Diff:  0.0, Sum:  0.0, Workers: 4
[7932.997s][debug][gc,phases      ] GC(168)     Dead                           Min: 0, Avg:  0.0, Max: 0, Diff: 0, Sum: 0, Workers: 4
[7932.997s][debug][gc,phases      ] GC(168)     Total                          Min: 0, Avg:  0.0, Max: 0, Diff: 0, Sum: 0, Workers: 4
[7932.997s][debug][gc,phases      ] GC(168) Weak Processing 0.300ms
[7932.997s][debug][gc,phases      ] GC(168) ClassLoaderData 0.161ms
[7932.997s][debug][gc,phases      ] GC(168) Trigger cleanups 0.007ms
[7933.027s][debug][gc,phases      ] GC(168) Class Unloading 29.768ms
[7933.027s][info ][gc,phases      ] GC(168) Marking Phase 132.303ms
[7933.027s][info ][gc,phases,start] GC(168) Summary Phase
[7933.027s][info ][gc,phases      ] GC(168) Summary Phase 0.019ms
[7933.027s][info ][gc,phases,start] GC(168) Adjust Roots
[7933.041s][info ][gc,phases      ] GC(168) Adjust Roots 14.632ms
[7933.041s][info ][gc,phases,start] GC(168) Compaction Phase
[7933.174s][info ][gc,phases      ] GC(168) Compaction Phase 132.760ms
[7933.174s][info ][gc,phases,start] GC(168) Post Compact
[7933.175s][info ][gc,phases      ] GC(168) Post Compact 1.067ms
[7933.176s][info ][gc,heap        ] GC(168) PSYoungGen: 7552K(2015232K)->0K(2017280K) Eden: 0K(1937408K)->0K(1937408K) From: 7552K(77824K)->0K(79872K)
[7933.176s][info ][gc,heap        ] GC(168) ParOldGen: 617091K(617472K)->446271K(582144K)
[7933.176s][info ][gc,metaspace   ] GC(168) Metaspace: 80335K(81280K)->80315K(81280K) NonClass: 69135K(69568K)->69120K(69568K) Class: 11200K(11712K)->11195K(11712K)
[7933.176s][info ][gc             ] GC(168) Pause Full (Ergonomics) 610M->435M(2538M) 281.470ms
[7933.176s][info ][gc,cpu         ] GC(168) User=0.96s Sys=0.00s Real=0.28s
[7933.176s][info ][safepoint      ] Safepoint "ParallelGCFailedAllocation", Time since last: 21230243161 ns, Reaching safepoint: 103701 ns, At safepoint: 297189032 ns, Total: 297292733 ns
[7963.178s][info ][safepoint      ] Safepoint "Cleanup", Time since last: 30002243913 ns, Reaching safepoint: 50301 ns, At safepoint: 10300 ns, Total: 60601 ns
[7976.479s][info ][gc,start       ] GC(169) Pause Young (Allocation Failure)
[7976.482s][debug][gc,phases      ] GC(169) Scavenge 3.353ms
[7976.482s][debug][gc,ref         ] GC(169) Skipped phase 1 of Reference Processing: no references
[7976.482s][debug][gc,ref         ] GC(169) ReferenceProcessor::execute queues: 1, RefProcThreadModel::Single, marks_oops_alive: false
[7976.482s][debug][gc,ref         ] GC(169) Skipped phase 3 of Reference Processing: no references
[7976.482s][debug][gc,ref         ] GC(169) Skipped phase 4 of Reference Processing: no references
[7976.482s][debug][gc,phases      ] GC(169) Reference Processing 0.076ms
[7976.482s][debug][gc,phases      ] GC(169)   VM Weak                        Min:  0.0, Avg:  0.0, Max:  0.0, Diff:  0.0, Sum:  0.0, Workers: 4
[7976.482s][debug][gc,phases      ] GC(169)     Dead                           Min: 0, Avg:  0.0, Max: 0, Diff: 0, Sum: 0, Workers: 4
[7976.482s][debug][gc,phases      ] GC(169)     Total                          Min: 0, Avg: 155.2, Max: 420, Diff: 420, Sum: 621, Workers: 4
[7976.482s][debug][gc,phases      ] GC(169)   ObjectSynchronizer Weak        Min:  0.0, Avg:  0.0, Max:  0.0, Diff:  0.0, Sum:  0.0, Workers: 4
[7976.482s][debug][gc,phases      ] GC(169)     Dead                           Min: 0, Avg:  0.0, Max: 0, Diff: 0, Sum: 0, Workers: 4
[7976.482s][debug][gc,phases      ] GC(169)     Total                          Min: 0, Avg: 15.5, Max: 62, Diff: 62, Sum: 62, Workers: 4
[7976.482s][debug][gc,phases      ] GC(169)   JVMTI Tag Weak OopStorage      Min:  0.0, Avg:  0.0, Max:  0.0, Diff:  0.0, Sum:  0.0, Workers: 4
[7976.482s][debug][gc,phases      ] GC(169)     Dead                           Min: 0, Avg:  0.0, Max: 0, Diff: 0, Sum: 0, Workers: 4
[7976.482s][debug][gc,phases      ] GC(169)     Total                          Min: 0, Avg:  0.0, Max: 0, Diff: 0, Sum: 0, Workers: 4
[7976.482s][debug][gc,phases      ] GC(169)   StringTable Weak               Min:  0.1, Avg:  0.1, Max:  0.1, Diff:  0.0, Sum:  0.4, Workers: 4
[7976.482s][debug][gc,phases      ] GC(169)     Dead                           Min: 0, Avg:  0.0, Max: 0, Diff: 0, Sum: 0, Workers: 4
[7976.482s][debug][gc,phases      ] GC(169)     Total                          Min: 10496, Avg: 10750.2, Max: 11008, Diff: 512, Sum: 43001, Workers: 4
[7976.482s][debug][gc,phases      ] GC(169)   ResolvedMethodTable Weak       Min:  0.0, Avg:  0.0, Max:  0.0, Diff:  0.0, Sum:  0.1, Workers: 4
[7976.482s][debug][gc,phases      ] GC(169)     Dead                           Min: 0, Avg:  0.0, Max: 0, Diff: 0, Sum: 0, Workers: 4
[7976.482s][debug][gc,phases      ] GC(169)     Total                          Min: 2111, Avg: 2191.2, Max: 2304, Diff: 193, Sum: 8765, Workers: 4
[7976.482s][debug][gc,phases      ] GC(169)   JNI Weak                       Min:  0.0, Avg:  0.0, Max:  0.0, Diff:  0.0, Sum:  0.0, Workers: 4
[7976.482s][debug][gc,phases      ] GC(169)     Dead                           Min: 0, Avg:  0.0, Max: 0, Diff: 0, Sum: 0, Workers: 4
[7976.482s][debug][gc,phases      ] GC(169)     Total                          Min: 0, Avg: 11.2, Max: 45, Diff: 45, Sum: 45, Workers: 4
[7976.482s][debug][gc,phases      ] GC(169)   StringDedup Table Weak         Min:  0.0, Avg:  0.0, Max:  0.0, Diff:  0.0, Sum:  0.0, Workers: 4
[7976.482s][debug][gc,phases      ] GC(169)     Dead                           Min: 0, Avg:  0.0, Max: 0, Diff: 0, Sum: 0, Workers: 4
[7976.482s][debug][gc,phases      ] GC(169)     Total                          Min: 0, Avg:  0.0, Max: 0, Diff: 0, Sum: 0, Workers: 4
[7976.482s][debug][gc,phases      ] GC(169)   StringDedup Requests0 Weak     Min:  0.0, Avg:  0.0, Max:  0.0, Diff:  0.0, Sum:  0.0, Workers: 4
[7976.482s][debug][gc,phases      ] GC(169)     Dead                           Min: 0, Avg:  0.0, Max: 0, Diff: 0, Sum: 0, Workers: 4
[7976.482s][debug][gc,phases      ] GC(169)     Total                          Min: 0, Avg:  0.0, Max: 0, Diff: 0, Sum: 0, Workers: 4
[7976.482s][debug][gc,phases      ] GC(169)   StringDedup Requests1 Weak     Min:  0.0, Avg:  0.0, Max:  0.0, Diff:  0.0, Sum:  0.0, Workers: 4
[7976.482s][debug][gc,phases      ] GC(169)     Dead                           Min: 0, Avg:  0.0, Max: 0, Diff: 0, Sum: 0, Workers: 4
[7976.482s][debug][gc,phases      ] GC(169)     Total                          Min: 0, Avg:  0.0, Max: 0, Diff: 0, Sum: 0, Workers: 4
[7976.482s][debug][gc,phases      ] GC(169)   Weak JFR Old Object Samples    Min:  0.0, Avg:  0.0, Max:  0.0, Diff:  0.0, Sum:  0.0, Workers: 4
[7976.482s][debug][gc,phases      ] GC(169)     Dead                           Min: 0, Avg:  0.0, Max: 0, Diff: 0, Sum: 0, Workers: 4
[7976.482s][debug][gc,phases      ] GC(169)     Total                          Min: 0, Avg:  0.0, Max: 0, Diff: 0, Sum: 0, Workers: 4
[7976.482s][debug][gc,phases      ] GC(169) Weak Processing 0.271ms
[7976.482s][debug][gc,age         ] GC(169) Desired survivor size 83361792 bytes, new threshold 15 (max threshold 15)
[7976.482s][info ][gc,heap        ] GC(169) PSYoungGen: 1937408K(2017280K)->4608K(2014208K) Eden: 1937408K(1937408K)->0K(1934336K) From: 0K(79872K)->4608K(79872K)
[7976.482s][info ][gc,heap        ] GC(169) ParOldGen: 446271K(582144K)->446271K(582144K)
[7976.482s][info ][gc,metaspace   ] GC(169) Metaspace: 80319K(81280K)->80319K(81280K) NonClass: 69124K(69568K)->69124K(69568K) Class: 11195K(11712K)->11195K(11712K)
[7976.482s][info ][gc             ] GC(169) Pause Young (Allocation Failure) 2327M->440M(2535M) 3.785ms
[7976.482s][info ][gc,cpu         ] GC(169) User=0.01s Sys=0.00s Real=0.01s
[7976.482s][info ][safepoint      ] Safepoint "ParallelGCFailedAllocation", Time since last: 13300262118 ns, Reaching safepoint: 99400 ns, At safepoint: 3862312 ns, Total: 3961712 ns
[7977.483s][info ][safepoint      ] Safepoint "Cleanup", Time since last: 1000077307 ns, Reaching safepoint: 63300 ns, At safepoint: 3400 ns, Total: 66700 ns
[7986.483s][info ][safepoint      ] Safepoint "Cleanup", Time since last: 9000675369 ns, Reaching safepoint: 128001 ns, At safepoint: 8500 ns, Total: 136501 ns
[7988.484s][info ][safepoint      ] Safepoint "Cleanup", Time since last: 2000177624 ns, Reaching safepoint: 32400 ns, At safepoint: 6200 ns, Total: 38600 ns
[8046.488s][info ][safepoint      ] Safepoint "Cleanup", Time since last: 58004423987 ns, Reaching safepoint: 41100 ns, At safepoint: 32300 ns, Total: 73400 ns
[8106.493s][info ][safepoint      ] Safepoint "Cleanup", Time since last: 60004409546 ns, Reaching safepoint: 113800 ns, At safepoint: 10000 ns, Total: 123800 ns
[8107.232s][info ][gc,heap,exit   ] Heap
[8107.232s][info ][gc,heap,exit   ]  PSYoungGen      total 2014208K, used 973580K [0x0000000780000000, 0x0000000800000000, 0x0000000800000000)
[8107.232s][info ][gc,heap,exit   ]   eden space 1934336K, 50% used [0x0000000780000000,0x00000007bb2432a8,0x00000007f6100000)
[8107.232s][info ][gc,heap,exit   ]   from space 79872K, 5% used [0x00000007fb200000,0x00000007fb6800c0,0x0000000800000000)
[8107.232s][info ][gc,heap,exit   ]   to   space 81408K, 0% used [0x00000007f6100000,0x00000007f6100000,0x00000007fb080000)
[8107.232s][info ][gc,heap,exit   ]  ParOldGen       total 582144K, used 446271K [0x0000000740000000, 0x0000000763880000, 0x0000000780000000)
[8107.232s][info ][gc,heap,exit   ]   object space 582144K, 76% used [0x0000000740000000,0x000000075b3cfda8,0x0000000763880000)
[8107.232s][info ][gc,heap,exit   ]  Metaspace       used 80409K, committed 81344K, reserved 1122304K
[8107.232s][info ][gc,heap,exit   ]   class space    used 11206K, committed 11712K, reserved 1048576K
