[0.003s][info][gc] Using Parallel
[0.005s][info][gc,init] Version: 17.0.6+10-LTS (release)
[0.005s][info][gc,init] CPUs: 4 total, 4 available
[0.005s][info][gc,init] Memory: 16009M
[0.005s][info][gc,init] Large Page Support: Disabled
[0.005s][info][gc,init] NUMA Support: Disabled
[0.005s][info][gc,init] Compressed Oops: Enabled (Zero based)
[0.005s][info][gc,init] Alignments: Space 512K, Generation 512K, Heap 2M
[0.005s][info][gc,init] Heap Min Capacity: 2054M
[0.005s][info][gc,init] Heap Initial Capacity: 2054M
[0.005s][info][gc,init] Heap Max Capacity: 3G
[0.005s][info][gc,init] Pre-touch: Disabled
[0.005s][info][gc,init] Parallel Workers: 4
[0.005s][info][gc,metaspace] CDS archive(s) mapped at: [0x0000000800000000-0x0000000800be1000-0x0000000800be1000), size 12455936, SharedBaseAddress: 0x0000000800000000, ArchiveRelocationMode: 0.
[0.005s][info][gc,metaspace] Compressed class space mapped at: 0x0000000800c00000-0x0000000840c00000, reserved size: 1073741824
[0.005s][info][gc,metaspace] Narrow klass base: 0x0000000800000000, Narrow klass shift: 0, Narrow klass range: 0x100000000
[0.780s][info][safepoint   ] Safepoint "ICBufferFull", Time since last: 767528404 ns, Reaching safepoint: 133200 ns, At safepoint: 6600 ns, Total: 139800 ns
[1.053s][info][safepoint   ] Safepoint "ICBufferFull", Time since last: 272480531 ns, Reaching safepoint: 229201 ns, At safepoint: 18800 ns, Total: 248001 ns
[1.519s][info][safepoint   ] Safepoint "ICBufferFull", Time since last: 465323359 ns, Reaching safepoint: 183600 ns, At safepoint: 2100 ns, Total: 185700 ns
[1.612s][info][gc,start    ] GC(0) Pause Young (Metadata GC Threshold)
[1.627s][debug][gc,phases   ] GC(0) Scavenge 14.787ms
[1.627s][debug][gc,ref      ] GC(0) Skipped phase 1 of Reference Processing: no references
[1.627s][debug][gc,ref      ] GC(0) ReferenceProcessor::execute queues: 3, RefProcThreadModel::Multi, marks_oops_alive: false
[1.628s][debug][gc,ref      ] GC(0) Skipped phase 3 of Reference Processing: no references
[1.628s][debug][gc,ref      ] GC(0) ReferenceProcessor::execute queues: 1, RefProcThreadModel::Single, marks_oops_alive: false
[1.628s][debug][gc,phases   ] GC(0) Reference Processing 0.332ms
[1.628s][debug][gc,phases   ] GC(0)   VM Weak                        Min:  0.0, Avg:  0.0, Max:  0.0, Diff:  0.0, Sum:  0.0, Workers: 4
[1.628s][debug][gc,phases   ] GC(0)     Dead                           Min: 0, Avg:  0.0, Max: 0, Diff: 0, Sum: 0, Workers: 4
[1.628s][debug][gc,phases   ] GC(0)     Total                          Min: 0, Avg: 55.8, Max: 159, Diff: 159, Sum: 223, Workers: 4
[1.628s][debug][gc,phases   ] GC(0)   ObjectSynchronizer Weak        Min:  0.0, Avg:  0.0, Max:  0.0, Diff:  0.0, Sum:  0.0, Workers: 4
[1.628s][debug][gc,phases   ] GC(0)     Dead                           Min: 0, Avg:  1.0, Max: 4, Diff: 4, Sum: 4, Workers: 4
[1.628s][debug][gc,phases   ] GC(0)     Total                          Min: 0, Avg:  2.2, Max: 9, Diff: 9, Sum: 9, Workers: 4
[1.628s][debug][gc,phases   ] GC(0)   JVMTI Tag Weak OopStorage      Min:  0.0, Avg:  0.0, Max:  0.0, Diff:  0.0, Sum:  0.0, Workers: 4
[1.628s][debug][gc,phases   ] GC(0)     Dead                           Min: 0, Avg:  0.0, Max: 0, Diff: 0, Sum: 0, Workers: 4
[1.628s][debug][gc,phases   ] GC(0)     Total                          Min: 0, Avg:  0.0, Max: 0, Diff: 0, Sum: 0, Workers: 4
[1.628s][debug][gc,phases   ] GC(0)   StringTable Weak               Min:  0.0, Avg:  0.1, Max:  0.1, Diff:  0.1, Sum:  0.3, Workers: 4
[1.628s][debug][gc,phases   ] GC(0)     Dead                           Min: 0, Avg:  6.5, Max: 18, Diff: 18, Sum: 26, Workers: 4
[1.628s][debug][gc,phases   ] GC(0)     Total                          Min: 0, Avg: 3267.0, Max: 5312, Diff: 5312, Sum: 13068, Workers: 4
[1.628s][debug][gc,phases   ] GC(0)   ResolvedMethodTable Weak       Min:  0.0, Avg:  0.0, Max:  0.0, Diff:  0.0, Sum:  0.0, Workers: 4
[1.628s][debug][gc,phases   ] GC(0)     Dead                           Min: 0, Avg: 20.2, Max: 43, Diff: 43, Sum: 81, Workers: 4
[1.628s][debug][gc,phases   ] GC(0)     Total                          Min: 0, Avg: 311.5, Max: 542, Diff: 542, Sum: 1246, Workers: 4
[1.628s][debug][gc,phases   ] GC(0)   JNI Weak                       Min:  0.0, Avg:  0.0, Max:  0.0, Diff:  0.0, Sum:  0.0, Workers: 4
[1.628s][debug][gc,phases   ] GC(0)     Dead                           Min: 0, Avg:  0.0, Max: 0, Diff: 0, Sum: 0, Workers: 4
[1.628s][debug][gc,phases   ] GC(0)     Total                          Min: 0, Avg: 11.2, Max: 45, Diff: 45, Sum: 45, Workers: 4
[1.628s][debug][gc,phases   ] GC(0)   StringDedup Table Weak         Min:  0.0, Avg:  0.0, Max:  0.0, Diff:  0.0, Sum:  0.0, Workers: 4
[1.628s][debug][gc,phases   ] GC(0)     Dead                           Min: 0, Avg:  0.0, Max: 0, Diff: 0, Sum: 0, Workers: 4
[1.628s][debug][gc,phases   ] GC(0)     Total                          Min: 0, Avg:  0.0, Max: 0, Diff: 0, Sum: 0, Workers: 4
[1.628s][debug][gc,phases   ] GC(0)   StringDedup Requests0 Weak     Min:  0.0, Avg:  0.0, Max:  0.0, Diff:  0.0, Sum:  0.0, Workers: 4
[1.628s][debug][gc,phases   ] GC(0)     Dead                           Min: 0, Avg:  0.0, Max: 0, Diff: 0, Sum: 0, Workers: 4
[1.628s][debug][gc,phases   ] GC(0)     Total                          Min: 0, Avg:  0.0, Max: 0, Diff: 0, Sum: 0, Workers: 4
[1.628s][debug][gc,phases   ] GC(0)   StringDedup Requests1 Weak     Min:  0.0, Avg:  0.0, Max:  0.0, Diff:  0.0, Sum:  0.0, Workers: 4
[1.628s][debug][gc,phases   ] GC(0)     Dead                           Min: 0, Avg:  0.0, Max: 0, Diff: 0, Sum: 0, Workers: 4
[1.628s][debug][gc,phases   ] GC(0)     Total                          Min: 0, Avg:  0.0, Max: 0, Diff: 0, Sum: 0, Workers: 4
[1.628s][debug][gc,phases   ] GC(0)   Weak JFR Old Object Samples    Min:  0.0, Avg:  0.0, Max:  0.0, Diff:  0.0, Sum:  0.0, Workers: 4
[1.628s][debug][gc,phases   ] GC(0)     Dead                           Min: 0, Avg:  0.0, Max: 0, Diff: 0, Sum: 0, Workers: 4
[1.628s][debug][gc,phases   ] GC(0)     Total                          Min: 0, Avg:  0.0, Max: 0, Diff: 0, Sum: 0, Workers: 4
[1.628s][debug][gc,phases   ] GC(0) Weak Processing 0.260ms
[1.628s][debug][gc,age      ] GC(0) Desired survivor size 536870912 bytes, new threshold 7 (max threshold 15)
[1.628s][info ][gc,heap     ] GC(0) PSYoungGen: 251667K(1572864K)->30805K(1572864K) Eden: 251667K(1048576K)->0K(1048576K) From: 0K(524288K)->30805K(524288K)
[1.628s][info ][gc,heap     ] GC(0) ParOldGen: 0K(6144K)->96K(6144K)
[1.628s][info ][gc,metaspace] GC(0) Metaspace: 21208K(21504K)->21208K(21504K) NonClass: 18702K(18880K)->18702K(18880K) Class: 2505K(2624K)->2505K(2624K)
[1.628s][info ][gc          ] GC(0) Pause Young (Metadata GC Threshold) 245M->30M(1542M) 16.158ms
[1.628s][info ][gc,cpu      ] GC(0) User=0.05s Sys=0.00s Real=0.02s
[1.628s][debug][gc,phases   ] GC(1) Pre Compact 0.012ms
[1.628s][info ][gc,start    ] GC(1) Pause Full (Metadata GC Threshold)
[1.628s][info ][gc,phases,start] GC(1) Marking Phase
[1.634s][debug][gc,phases      ] GC(1) Par Mark 6.357ms
[1.634s][debug][gc,ref         ] GC(1) Skipped phase 1 of Reference Processing: no references
[1.634s][debug][gc,ref         ] GC(1) ReferenceProcessor::execute queues: 3, RefProcThreadModel::Multi, marks_oops_alive: false
[1.634s][debug][gc,ref         ] GC(1) Skipped phase 3 of Reference Processing: no references
[1.634s][debug][gc,ref         ] GC(1) ReferenceProcessor::execute queues: 1, RefProcThreadModel::Single, marks_oops_alive: false
[1.634s][debug][gc,phases      ] GC(1) Reference Processing 0.118ms
[1.635s][debug][gc,phases      ] GC(1)   VM Weak                        Min:  0.0, Avg:  0.0, Max:  0.0, Diff:  0.0, Sum:  0.0, Workers: 4
[1.635s][debug][gc,phases      ] GC(1)     Dead                           Min: 0, Avg:  0.0, Max: 0, Diff: 0, Sum: 0, Workers: 4
[1.635s][debug][gc,phases      ] GC(1)     Total                          Min: 0, Avg: 55.8, Max: 223, Diff: 223, Sum: 223, Workers: 4
[1.635s][debug][gc,phases      ] GC(1)   ObjectSynchronizer Weak        Min:  0.0, Avg:  0.0, Max:  0.0, Diff:  0.0, Sum:  0.0, Workers: 4
[1.635s][debug][gc,phases      ] GC(1)     Dead                           Min: 0, Avg:  0.0, Max: 0, Diff: 0, Sum: 0, Workers: 4
[1.635s][debug][gc,phases      ] GC(1)     Total                          Min: 0, Avg:  2.2, Max: 9, Diff: 9, Sum: 9, Workers: 4
[1.635s][debug][gc,phases      ] GC(1)   JVMTI Tag Weak OopStorage      Min:  0.0, Avg:  0.0, Max:  0.0, Diff:  0.0, Sum:  0.0, Workers: 4
[1.635s][debug][gc,phases      ] GC(1)     Dead                           Min: 0, Avg:  0.0, Max: 0, Diff: 0, Sum: 0, Workers: 4
[1.635s][debug][gc,phases      ] GC(1)     Total                          Min: 0, Avg:  0.0, Max: 0, Diff: 0, Sum: 0, Workers: 4
[1.635s][debug][gc,phases      ] GC(1)   StringTable Weak               Min:  0.0, Avg:  0.0, Max:  0.0, Diff:  0.0, Sum:  0.2, Workers: 4
[1.635s][debug][gc,phases      ] GC(1)     Dead                           Min: 0, Avg:  0.0, Max: 0, Diff: 0, Sum: 0, Workers: 4
[1.635s][debug][gc,phases      ] GC(1)     Total                          Min: 3008, Avg: 3267.0, Max: 3660, Diff: 652, Sum: 13068, Workers: 4
[1.635s][debug][gc,phases      ] GC(1)   ResolvedMethodTable Weak       Min:  0.0, Avg:  0.0, Max:  0.0, Diff:  0.0, Sum:  0.0, Workers: 4
[1.635s][debug][gc,phases      ] GC(1)     Dead                           Min: 0, Avg:  0.0, Max: 0, Diff: 0, Sum: 0, Workers: 4
[1.635s][debug][gc,phases      ] GC(1)     Total                          Min: 222, Avg: 311.5, Max: 384, Diff: 162, Sum: 1246, Workers: 4
[1.635s][debug][gc,phases      ] GC(1)   JNI Weak                       Min:  0.0, Avg:  0.0, Max:  0.0, Diff:  0.0, Sum:  0.0, Workers: 4
[1.635s][debug][gc,phases      ] GC(1)     Dead                           Min: 0, Avg:  0.0, Max: 0, Diff: 0, Sum: 0, Workers: 4
[1.635s][debug][gc,phases      ] GC(1)     Total                          Min: 0, Avg: 11.2, Max: 45, Diff: 45, Sum: 45, Workers: 4
[1.635s][debug][gc,phases      ] GC(1)   StringDedup Table Weak         Min:  0.0, Avg:  0.0, Max:  0.0, Diff:  0.0, Sum:  0.0, Workers: 4
[1.635s][debug][gc,phases      ] GC(1)     Dead                           Min: 0, Avg:  0.0, Max: 0, Diff: 0, Sum: 0, Workers: 4
[1.635s][debug][gc,phases      ] GC(1)     Total                          Min: 0, Avg:  0.0, Max: 0, Diff: 0, Sum: 0, Workers: 4
[1.635s][debug][gc,phases      ] GC(1)   StringDedup Requests0 Weak     Min:  0.0, Avg:  0.0, Max:  0.0, Diff:  0.0, Sum:  0.0, Workers: 4
[1.635s][debug][gc,phases      ] GC(1)     Dead                           Min: 0, Avg:  0.0, Max: 0, Diff: 0, Sum: 0, Workers: 4
[1.635s][debug][gc,phases      ] GC(1)     Total                          Min: 0, Avg:  0.0, Max: 0, Diff: 0, Sum: 0, Workers: 4
[1.635s][debug][gc,phases      ] GC(1)   StringDedup Requests1 Weak     Min:  0.0, Avg:  0.0, Max:  0.0, Diff:  0.0, Sum:  0.0, Workers: 4
[1.635s][debug][gc,phases      ] GC(1)     Dead                           Min: 0, Avg:  0.0, Max: 0, Diff: 0, Sum: 0, Workers: 4
[1.635s][debug][gc,phases      ] GC(1)     Total                          Min: 0, Avg:  0.0, Max: 0, Diff: 0, Sum: 0, Workers: 4
[1.635s][debug][gc,phases      ] GC(1)   Weak JFR Old Object Samples    Min:  0.0, Avg:  0.0, Max:  0.0, Diff:  0.0, Sum:  0.0, Workers: 4
[1.635s][debug][gc,phases      ] GC(1)     Dead                           Min: 0, Avg:  0.0, Max: 0, Diff: 0, Sum: 0, Workers: 4
[1.635s][debug][gc,phases      ] GC(1)     Total                          Min: 0, Avg:  0.0, Max: 0, Diff: 0, Sum: 0, Workers: 4
[1.635s][debug][gc,phases      ] GC(1) Weak Processing 0.186ms
[1.635s][debug][gc,phases      ] GC(1) ClassLoaderData 0.007ms
[1.635s][debug][gc,phases      ] GC(1) Trigger cleanups 0.000ms
[1.637s][debug][gc,phases      ] GC(1) Class Unloading 2.663ms
[1.637s][info ][gc,phases      ] GC(1) Marking Phase 9.395ms
[1.637s][info ][gc,phases,start] GC(1) Summary Phase
[1.637s][info ][gc,phases      ] GC(1) Summary Phase 0.006ms
[1.637s][info ][gc,phases,start] GC(1) Adjust Roots
[1.640s][info ][gc,phases      ] GC(1) Adjust Roots 2.990ms
[1.640s][info ][gc,phases,start] GC(1) Compaction Phase
[1.656s][info ][gc,phases      ] GC(1) Compaction Phase 15.966ms
[1.656s][info ][gc,phases,start] GC(1) Post Compact
[1.657s][info ][gc,phases      ] GC(1) Post Compact 0.603ms
[1.657s][info ][gc,heap        ] GC(1) PSYoungGen: 30805K(1572864K)->25022K(1572864K) Eden: 0K(1048576K)->0K(1048576K) From: 30805K(524288K)->25022K(524288K)
[1.657s][info ][gc,heap        ] GC(1) ParOldGen: 96K(6144K)->5677K(6144K)
[1.657s][info ][gc,metaspace   ] GC(1) Metaspace: 21208K(21504K)->21208K(21504K) NonClass: 18702K(18880K)->18702K(18880K) Class: 2505K(2624K)->2505K(2624K)
[1.657s][info ][gc             ] GC(1) Pause Full (Metadata GC Threshold) 30M->29M(1542M) 29.050ms
[1.657s][info ][gc,cpu         ] GC(1) User=0.08s Sys=0.01s Real=0.03s
[1.657s][info ][safepoint      ] Safepoint "CollectForMetadataAllocation", Time since last: 93089452 ns, Reaching safepoint: 79001 ns, At safepoint: 45337571 ns, Total: 45416572 ns
[1.785s][info ][safepoint      ] Safepoint "ICBufferFull", Time since last: 128114084 ns, Reaching safepoint: 158101 ns, At safepoint: 2300 ns, Total: 160401 ns
[1.911s][info ][safepoint      ] Safepoint "ICBufferFull", Time since last: 125965276 ns, Reaching safepoint: 148700 ns, At safepoint: 6700 ns, Total: 155400 ns
[2.055s][info ][safepoint      ] Safepoint "ICBufferFull", Time since last: 143417843 ns, Reaching safepoint: 158300 ns, At safepoint: 2300 ns, Total: 160600 ns
[2.475s][info ][safepoint      ] Safepoint "ICBufferFull", Time since last: 420007887 ns, Reaching safepoint: 178500 ns, At safepoint: 11300 ns, Total: 189800 ns
[2.653s][info ][safepoint      ] Safepoint "ICBufferFull", Time since last: 177675671 ns, Reaching safepoint: 165601 ns, At safepoint: 5700 ns, Total: 171301 ns
[2.748s][info ][safepoint      ] Safepoint "ICBufferFull", Time since last: 94957459 ns, Reaching safepoint: 156500 ns, At safepoint: 8600 ns, Total: 165100 ns
[2.908s][info ][safepoint      ] Safepoint "ICBufferFull", Time since last: 159779604 ns, Reaching safepoint: 167700 ns, At safepoint: 5500 ns, Total: 173200 ns
[3.023s][info ][safepoint      ] Safepoint "ICBufferFull", Time since last: 114292332 ns, Reaching safepoint: 171901 ns, At safepoint: 2300 ns, Total: 174201 ns
[3.219s][info ][safepoint      ] Safepoint "ICBufferFull", Time since last: 196338141 ns, Reaching safepoint: 213701 ns, At safepoint: 11600 ns, Total: 225301 ns
[3.533s][info ][gc,start       ] GC(2) Pause Young (Metadata GC Threshold)
[3.584s][debug][gc,phases      ] GC(2) Scavenge 51.111ms
[3.584s][debug][gc,ref         ] GC(2) Skipped phase 1 of Reference Processing: no references
[3.584s][debug][gc,ref         ] GC(2) ReferenceProcessor::execute queues: 4, RefProcThreadModel::Multi, marks_oops_alive: false
[3.585s][debug][gc,ref         ] GC(2) Skipped phase 3 of Reference Processing: no references
[3.585s][debug][gc,ref         ] GC(2) ReferenceProcessor::execute queues: 1, RefProcThreadModel::Single, marks_oops_alive: false
[3.585s][debug][gc,phases      ] GC(2) Reference Processing 0.468ms
[3.585s][debug][gc,phases      ] GC(2)   VM Weak                        Min:  0.0, Avg:  0.0, Max:  0.0, Diff:  0.0, Sum:  0.0, Workers: 4
[3.585s][debug][gc,phases      ] GC(2)     Dead                           Min: 0, Avg:  0.0, Max: 0, Diff: 0, Sum: 0, Workers: 4
[3.585s][debug][gc,phases      ] GC(2)     Total                          Min: 0, Avg: 80.0, Max: 256, Diff: 256, Sum: 320, Workers: 4
[3.585s][debug][gc,phases      ] GC(2)   ObjectSynchronizer Weak        Min:  0.0, Avg:  0.0, Max:  0.0, Diff:  0.0, Sum:  0.0, Workers: 4
[3.585s][debug][gc,phases      ] GC(2)     Dead                           Min: 0, Avg:  0.0, Max: 0, Diff: 0, Sum: 0, Workers: 4
[3.585s][debug][gc,phases      ] GC(2)     Total                          Min: 0, Avg:  2.2, Max: 9, Diff: 9, Sum: 9, Workers: 4
[3.585s][debug][gc,phases      ] GC(2)   JVMTI Tag Weak OopStorage      Min:  0.0, Avg:  0.0, Max:  0.0, Diff:  0.0, Sum:  0.0, Workers: 4
[3.585s][debug][gc,phases      ] GC(2)     Dead                           Min: 0, Avg:  0.0, Max: 0, Diff: 0, Sum: 0, Workers: 4
[3.585s][debug][gc,phases      ] GC(2)     Total                          Min: 0, Avg:  0.0, Max: 0, Diff: 0, Sum: 0, Workers: 4
[3.585s][debug][gc,phases      ] GC(2)   StringTable Weak               Min:  0.0, Avg:  0.1, Max:  0.2, Diff:  0.2, Sum:  0.6, Workers: 4
[3.585s][debug][gc,phases      ] GC(2)     Dead                           Min: 0, Avg:  1.8, Max: 5, Diff: 5, Sum: 7, Workers: 4
[3.585s][debug][gc,phases      ] GC(2)     Total                          Min: 0, Avg: 6506.8, Max: 11648, Diff: 11648, Sum: 26027, Workers: 4
[3.585s][debug][gc,phases      ] GC(2)   ResolvedMethodTable Weak       Min:  0.0, Avg:  0.0, Max:  0.0, Diff:  0.0, Sum:  0.1, Workers: 4
[3.585s][debug][gc,phases      ] GC(2)     Dead                           Min: 0, Avg: 14.2, Max: 28, Diff: 28, Sum: 57, Workers: 4
[3.585s][debug][gc,phases      ] GC(2)     Total                          Min: 0, Avg: 601.2, Max: 1022, Diff: 1022, Sum: 2405, Workers: 4
[3.585s][debug][gc,phases      ] GC(2)   JNI Weak                       Min:  0.0, Avg:  0.0, Max:  0.0, Diff:  0.0, Sum:  0.0, Workers: 4
[3.585s][debug][gc,phases      ] GC(2)     Dead                           Min: 0, Avg:  0.0, Max: 0, Diff: 0, Sum: 0, Workers: 4
[3.585s][debug][gc,phases      ] GC(2)     Total                          Min: 0, Avg: 11.2, Max: 45, Diff: 45, Sum: 45, Workers: 4
[3.585s][debug][gc,phases      ] GC(2)   StringDedup Table Weak         Min:  0.0, Avg:  0.0, Max:  0.0, Diff:  0.0, Sum:  0.0, Workers: 4
[3.585s][debug][gc,phases      ] GC(2)     Dead                           Min: 0, Avg:  0.0, Max: 0, Diff: 0, Sum: 0, Workers: 4
[3.585s][debug][gc,phases      ] GC(2)     Total                          Min: 0, Avg:  0.0, Max: 0, Diff: 0, Sum: 0, Workers: 4
[3.585s][debug][gc,phases      ] GC(2)   StringDedup Requests0 Weak     Min:  0.0, Avg:  0.0, Max:  0.0, Diff:  0.0, Sum:  0.0, Workers: 4
[3.585s][debug][gc,phases      ] GC(2)     Dead                           Min: 0, Avg:  0.0, Max: 0, Diff: 0, Sum: 0, Workers: 4
[3.585s][debug][gc,phases      ] GC(2)     Total                          Min: 0, Avg:  0.0, Max: 0, Diff: 0, Sum: 0, Workers: 4
[3.585s][debug][gc,phases      ] GC(2)   StringDedup Requests1 Weak     Min:  0.0, Avg:  0.0, Max:  0.0, Diff:  0.0, Sum:  0.0, Workers: 4
[3.585s][debug][gc,phases      ] GC(2)     Dead                           Min: 0, Avg:  0.0, Max: 0, Diff: 0, Sum: 0, Workers: 4
[3.585s][debug][gc,phases      ] GC(2)     Total                          Min: 0, Avg:  0.0, Max: 0, Diff: 0, Sum: 0, Workers: 4
[3.585s][debug][gc,phases      ] GC(2)   Weak JFR Old Object Samples    Min:  0.0, Avg:  0.0, Max:  0.0, Diff:  0.0, Sum:  0.0, Workers: 4
[3.585s][debug][gc,phases      ] GC(2)     Dead                           Min: 0, Avg:  0.0, Max: 0, Diff: 0, Sum: 0, Workers: 4
[3.585s][debug][gc,phases      ] GC(2)     Total                          Min: 0, Avg:  0.0, Max: 0, Diff: 0, Sum: 0, Workers: 4
[3.585s][debug][gc,phases      ] GC(2) Weak Processing 0.379ms
[3.585s][debug][gc,age         ] GC(2) Desired survivor size 536870912 bytes, new threshold 7 (max threshold 15)
[3.585s][info ][gc,heap        ] GC(2) PSYoungGen: 549375K(1572864K)->85028K(1572864K) Eden: 524353K(1048576K)->0K(1048576K) From: 25022K(524288K)->85028K(524288K)
[3.585s][info ][gc,heap        ] GC(2) ParOldGen: 5677K(6144K)->5693K(6144K)
[3.585s][info ][gc,metaspace   ] GC(2) Metaspace: 35366K(35840K)->35366K(35840K) NonClass: 30672K(30912K)->30672K(30912K) Class: 4694K(4928K)->4694K(4928K)
[3.585s][info ][gc             ] GC(2) Pause Young (Metadata GC Threshold) 542M->88M(1542M) 52.082ms
[3.585s][info ][gc,cpu         ] GC(2) User=0.12s Sys=0.06s Real=0.06s
[3.585s][debug][gc,phases      ] GC(3) Pre Compact 0.008ms
[3.585s][info ][gc,start       ] GC(3) Pause Full (Metadata GC Threshold)
[3.585s][info ][gc,phases,start] GC(3) Marking Phase
[3.621s][debug][gc,phases      ] GC(3) Par Mark 35.945ms
[3.621s][debug][gc,ref         ] GC(3) Skipped phase 1 of Reference Processing: no references
[3.621s][debug][gc,ref         ] GC(3) ReferenceProcessor::execute queues: 4, RefProcThreadModel::Multi, marks_oops_alive: false
[3.622s][debug][gc,ref         ] GC(3) Skipped phase 3 of Reference Processing: no references
[3.622s][debug][gc,ref         ] GC(3) ReferenceProcessor::execute queues: 1, RefProcThreadModel::Single, marks_oops_alive: false
[3.622s][debug][gc,phases      ] GC(3) Reference Processing 0.348ms
[3.622s][debug][gc,phases      ] GC(3)   VM Weak                        Min:  0.0, Avg:  0.0, Max:  0.0, Diff:  0.0, Sum:  0.0, Workers: 4
[3.622s][debug][gc,phases      ] GC(3)     Dead                           Min: 0, Avg:  0.0, Max: 0, Diff: 0, Sum: 0, Workers: 4
[3.622s][debug][gc,phases      ] GC(3)     Total                          Min: 0, Avg: 80.0, Max: 192, Diff: 192, Sum: 320, Workers: 4
[3.622s][debug][gc,phases      ] GC(3)   ObjectSynchronizer Weak        Min:  0.0, Avg:  0.0, Max:  0.0, Diff:  0.0, Sum:  0.0, Workers: 4
[3.622s][debug][gc,phases      ] GC(3)     Dead                           Min: 0, Avg:  0.0, Max: 0, Diff: 0, Sum: 0, Workers: 4
[3.622s][debug][gc,phases      ] GC(3)     Total                          Min: 0, Avg:  2.2, Max: 9, Diff: 9, Sum: 9, Workers: 4
[3.622s][debug][gc,phases      ] GC(3)   JVMTI Tag Weak OopStorage      Min:  0.0, Avg:  0.0, Max:  0.0, Diff:  0.0, Sum:  0.0, Workers: 4
[3.622s][debug][gc,phases      ] GC(3)     Dead                           Min: 0, Avg:  0.0, Max: 0, Diff: 0, Sum: 0, Workers: 4
[3.622s][debug][gc,phases      ] GC(3)     Total                          Min: 0, Avg:  0.0, Max: 0, Diff: 0, Sum: 0, Workers: 4
[3.622s][debug][gc,phases      ] GC(3)   StringTable Weak               Min:  0.0, Avg:  0.1, Max:  0.1, Diff:  0.1, Sum:  0.3, Workers: 4
[3.622s][debug][gc,phases      ] GC(3)     Dead                           Min: 0, Avg:  0.0, Max: 0, Diff: 0, Sum: 0, Workers: 4
[3.622s][debug][gc,phases      ] GC(3)     Total                          Min: 0, Avg: 6506.8, Max: 9024, Diff: 9024, Sum: 26027, Workers: 4
[3.622s][debug][gc,phases      ] GC(3)   ResolvedMethodTable Weak       Min:  0.0, Avg:  0.0, Max:  0.0, Diff:  0.0, Sum:  0.0, Workers: 4
[3.622s][debug][gc,phases      ] GC(3)     Dead                           Min: 0, Avg:  0.0, Max: 0, Diff: 0, Sum: 0, Workers: 4
[3.622s][debug][gc,phases      ] GC(3)     Total                          Min: 0, Avg: 601.2, Max: 832, Diff: 832, Sum: 2405, Workers: 4
[3.622s][debug][gc,phases      ] GC(3)   JNI Weak                       Min:  0.0, Avg:  0.0, Max:  0.0, Diff:  0.0, Sum:  0.0, Workers: 4
[3.622s][debug][gc,phases      ] GC(3)     Dead                           Min: 0, Avg:  0.0, Max: 0, Diff: 0, Sum: 0, Workers: 4
[3.622s][debug][gc,phases      ] GC(3)     Total                          Min: 0, Avg: 11.2, Max: 45, Diff: 45, Sum: 45, Workers: 4
[3.622s][debug][gc,phases      ] GC(3)   StringDedup Table Weak         Min:  0.0, Avg:  0.0, Max:  0.0, Diff:  0.0, Sum:  0.0, Workers: 4
[3.622s][debug][gc,phases      ] GC(3)     Dead                           Min: 0, Avg:  0.0, Max: 0, Diff: 0, Sum: 0, Workers: 4
[3.622s][debug][gc,phases      ] GC(3)     Total                          Min: 0, Avg:  0.0, Max: 0, Diff: 0, Sum: 0, Workers: 4
[3.622s][debug][gc,phases      ] GC(3)   StringDedup Requests0 Weak     Min:  0.0, Avg:  0.0, Max:  0.0, Diff:  0.0, Sum:  0.0, Workers: 4
[3.622s][debug][gc,phases      ] GC(3)     Dead                           Min: 0, Avg:  0.0, Max: 0, Diff: 0, Sum: 0, Workers: 4
[3.622s][debug][gc,phases      ] GC(3)     Total                          Min: 0, Avg:  0.0, Max: 0, Diff: 0, Sum: 0, Workers: 4
[3.622s][debug][gc,phases      ] GC(3)   StringDedup Requests1 Weak     Min:  0.0, Avg:  0.0, Max:  0.0, Diff:  0.0, Sum:  0.0, Workers: 4
[3.622s][debug][gc,phases      ] GC(3)     Dead                           Min: 0, Avg:  0.0, Max: 0, Diff: 0, Sum: 0, Workers: 4
[3.622s][debug][gc,phases      ] GC(3)     Total                          Min: 0, Avg:  0.0, Max: 0, Diff: 0, Sum: 0, Workers: 4
[3.622s][debug][gc,phases      ] GC(3)   Weak JFR Old Object Samples    Min:  0.0, Avg:  0.0, Max:  0.0, Diff:  0.0, Sum:  0.0, Workers: 4
[3.622s][debug][gc,phases      ] GC(3)     Dead                           Min: 0, Avg:  0.0, Max: 0, Diff: 0, Sum: 0, Workers: 4
[3.622s][debug][gc,phases      ] GC(3)     Total                          Min: 0, Avg:  0.0, Max: 0, Diff: 0, Sum: 0, Workers: 4
[3.622s][debug][gc,phases      ] GC(3) Weak Processing 0.341ms
[3.622s][debug][gc,phases      ] GC(3) ClassLoaderData 0.035ms
[3.622s][debug][gc,phases      ] GC(3) Trigger cleanups 0.000ms
[3.627s][debug][gc,phases      ] GC(3) Class Unloading 5.244ms
[3.627s][info ][gc,phases      ] GC(3) Marking Phase 41.975ms
[3.627s][info ][gc,phases,start] GC(3) Summary Phase
[3.627s][info ][gc,phases      ] GC(3) Summary Phase 0.006ms
[3.627s][info ][gc,phases,start] GC(3) Adjust Roots
[3.634s][info ][gc,phases      ] GC(3) Adjust Roots 6.851ms
[3.634s][info ][gc,phases,start] GC(3) Compaction Phase
[3.996s][info ][gc,phases      ] GC(3) Compaction Phase 362.273ms
[3.996s][info ][gc,phases,start] GC(3) Post Compact
[3.997s][info ][gc,phases      ] GC(3) Post Compact 0.623ms
[3.997s][info ][gc,heap        ] GC(3) PSYoungGen: 85028K(1572864K)->84303K(1572864K) Eden: 0K(1048576K)->0K(1048576K) From: 85028K(524288K)->84303K(524288K)
[3.997s][info ][gc,heap        ] GC(3) ParOldGen: 5693K(6144K)->6117K(6144K)
[3.997s][info ][gc,metaspace   ] GC(3) Metaspace: 35366K(35840K)->35366K(35840K) NonClass: 30672K(30912K)->30672K(30912K) Class: 4694K(4928K)->4694K(4928K)
[3.997s][info ][gc             ] GC(3) Pause Full (Metadata GC Threshold) 88M->88M(1542M) 411.833ms
[3.997s][info ][gc,cpu         ] GC(3) User=0.89s Sys=0.00s Real=0.41s
[3.997s][info ][safepoint      ] Safepoint "CollectForMetadataAllocation", Time since last: 313809084 ns, Reaching safepoint: 144201 ns, At safepoint: 464041151 ns, Total: 464185352 ns
[4.193s][info ][safepoint      ] Safepoint "ICBufferFull", Time since last: 195905239 ns, Reaching safepoint: 170701 ns, At safepoint: 7400 ns, Total: 178101 ns
[4.886s][info ][safepoint      ] Safepoint "ICBufferFull", Time since last: 692867513 ns, Reaching safepoint: 206001 ns, At safepoint: 4700 ns, Total: 210701 ns
[5.079s][info ][safepoint      ] Safepoint "ICBufferFull", Time since last: 192114524 ns, Reaching safepoint: 165701 ns, At safepoint: 6500 ns, Total: 172201 ns
[5.208s][info ][safepoint      ] Safepoint "ICBufferFull", Time since last: 129195687 ns, Reaching safepoint: 159800 ns, At safepoint: 10600 ns, Total: 170400 ns
[5.275s][info ][safepoint      ] Safepoint "ICBufferFull", Time since last: 67291854 ns, Reaching safepoint: 154601 ns, At safepoint: 6800 ns, Total: 161401 ns
[5.436s][info ][safepoint      ] Safepoint "ICBufferFull", Time since last: 160161203 ns, Reaching safepoint: 142601 ns, At safepoint: 7800 ns, Total: 150401 ns
[5.685s][info ][safepoint      ] Safepoint "ICBufferFull", Time since last: 249129939 ns, Reaching safepoint: 161200 ns, At safepoint: 2400 ns, Total: 163600 ns
[6.124s][info ][safepoint      ] Safepoint "ICBufferFull", Time since last: 439135355 ns, Reaching safepoint: 243501 ns, At safepoint: 12400 ns, Total: 255901 ns
[6.361s][info ][safepoint      ] Safepoint "ICBufferFull", Time since last: 236436090 ns, Reaching safepoint: 245301 ns, At safepoint: 5300 ns, Total: 250601 ns
[6.674s][info ][safepoint      ] Safepoint "ICBufferFull", Time since last: 312466677 ns, Reaching safepoint: 159901 ns, At safepoint: 3100 ns, Total: 163001 ns
[7.316s][info ][safepoint      ] Safepoint "ICBufferFull", Time since last: 642212517 ns, Reaching safepoint: 233001 ns, At safepoint: 12300 ns, Total: 245301 ns
[7.366s][info ][safepoint      ] Safepoint "ICBufferFull", Time since last: 49603887 ns, Reaching safepoint: 185501 ns, At safepoint: 16500 ns, Total: 202001 ns
[7.433s][debug][gc,phases      ] GC(4) Pre Compact 0.021ms
[7.433s][info ][gc,start       ] GC(4) Pause Full (Metadata GC Threshold)
[7.433s][info ][gc,phases,start] GC(4) Marking Phase
[7.493s][debug][gc,phases      ] GC(4) Par Mark 59.636ms
[7.493s][debug][gc,ref         ] GC(4) Skipped phase 1 of Reference Processing: no references
[7.493s][debug][gc,ref         ] GC(4) ReferenceProcessor::execute queues: 4, RefProcThreadModel::Multi, marks_oops_alive: false
[7.494s][debug][gc,ref         ] GC(4) Skipped phase 3 of Reference Processing: no references
[7.494s][debug][gc,ref         ] GC(4) ReferenceProcessor::execute queues: 4, RefProcThreadModel::Multi, marks_oops_alive: false
[7.494s][debug][gc,phases      ] GC(4) Reference Processing 1.499ms
[7.495s][debug][gc,phases      ] GC(4)   VM Weak                        Min:  0.0, Avg:  0.0, Max:  0.0, Diff:  0.0, Sum:  0.0, Workers: 4
[7.495s][debug][gc,phases      ] GC(4)     Dead                           Min: 0, Avg:  0.0, Max: 0, Diff: 0, Sum: 0, Workers: 4
[7.495s][debug][gc,phases      ] GC(4)     Total                          Min: 0, Avg: 137.0, Max: 320, Diff: 320, Sum: 548, Workers: 4
[7.495s][debug][gc,phases      ] GC(4)   ObjectSynchronizer Weak        Min:  0.0, Avg:  0.0, Max:  0.0, Diff:  0.0, Sum:  0.0, Workers: 4
[7.495s][debug][gc,phases      ] GC(4)     Dead                           Min: 0, Avg:  0.5, Max: 2, Diff: 2, Sum: 2, Workers: 4
[7.495s][debug][gc,phases      ] GC(4)     Total                          Min: 0, Avg:  4.2, Max: 17, Diff: 17, Sum: 17, Workers: 4
[7.495s][debug][gc,phases      ] GC(4)   JVMTI Tag Weak OopStorage      Min:  0.0, Avg:  0.0, Max:  0.0, Diff:  0.0, Sum:  0.0, Workers: 4
[7.495s][debug][gc,phases      ] GC(4)     Dead                           Min: 0, Avg:  0.0, Max: 0, Diff: 0, Sum: 0, Workers: 4
[7.495s][debug][gc,phases      ] GC(4)     Total                          Min: 0, Avg:  0.0, Max: 0, Diff: 0, Sum: 0, Workers: 4
[7.495s][debug][gc,phases      ] GC(4)   StringTable Weak               Min:  0.0, Avg:  0.1, Max:  0.1, Diff:  0.1, Sum:  0.4, Workers: 4
[7.495s][debug][gc,phases      ] GC(4)     Dead                           Min: 0, Avg:  5.8, Max: 9, Diff: 9, Sum: 23, Workers: 4
[7.495s][debug][gc,phases      ] GC(4)     Total                          Min: 0, Avg: 9004.8, Max: 13760, Diff: 13760, Sum: 36019, Workers: 4
[7.495s][debug][gc,phases      ] GC(4)   ResolvedMethodTable Weak       Min:  0.0, Avg:  0.0, Max:  0.0, Diff:  0.0, Sum:  0.1, Workers: 4
[7.495s][debug][gc,phases      ] GC(4)     Dead                           Min: 0, Avg: 89.5, Max: 163, Diff: 163, Sum: 358, Workers: 4
[7.495s][debug][gc,phases      ] GC(4)     Total                          Min: 0, Avg: 1656.8, Max: 2432, Diff: 2432, Sum: 6627, Workers: 4
[7.495s][debug][gc,phases      ] GC(4)   JNI Weak                       Min:  0.0, Avg:  0.0, Max:  0.0, Diff:  0.0, Sum:  0.0, Workers: 4
[7.495s][debug][gc,phases      ] GC(4)     Dead                           Min: 0, Avg:  0.0, Max: 0, Diff: 0, Sum: 0, Workers: 4
[7.495s][debug][gc,phases      ] GC(4)     Total                          Min: 0, Avg: 11.2, Max: 45, Diff: 45, Sum: 45, Workers: 4
[7.495s][debug][gc,phases      ] GC(4)   StringDedup Table Weak         Min:  0.0, Avg:  0.0, Max:  0.0, Diff:  0.0, Sum:  0.0, Workers: 4
[7.495s][debug][gc,phases      ] GC(4)     Dead                           Min: 0, Avg:  0.0, Max: 0, Diff: 0, Sum: 0, Workers: 4
[7.495s][debug][gc,phases      ] GC(4)     Total                          Min: 0, Avg:  0.0, Max: 0, Diff: 0, Sum: 0, Workers: 4
[7.495s][debug][gc,phases      ] GC(4)   StringDedup Requests0 Weak     Min:  0.0, Avg:  0.0, Max:  0.0, Diff:  0.0, Sum:  0.0, Workers: 4
[7.495s][debug][gc,phases      ] GC(4)     Dead                           Min: 0, Avg:  0.0, Max: 0, Diff: 0, Sum: 0, Workers: 4
[7.495s][debug][gc,phases      ] GC(4)     Total                          Min: 0, Avg:  0.0, Max: 0, Diff: 0, Sum: 0, Workers: 4
[7.495s][debug][gc,phases      ] GC(4)   StringDedup Requests1 Weak     Min:  0.0, Avg:  0.0, Max:  0.0, Diff:  0.0, Sum:  0.0, Workers: 4
[7.495s][debug][gc,phases      ] GC(4)     Dead                           Min: 0, Avg:  0.0, Max: 0, Diff: 0, Sum: 0, Workers: 4
[7.495s][debug][gc,phases      ] GC(4)     Total                          Min: 0, Avg:  0.0, Max: 0, Diff: 0, Sum: 0, Workers: 4
[7.495s][debug][gc,phases      ] GC(4)   Weak JFR Old Object Samples    Min:  0.0, Avg:  0.0, Max:  0.0, Diff:  0.0, Sum:  0.0, Workers: 4
[7.495s][debug][gc,phases      ] GC(4)     Dead                           Min: 0, Avg:  0.0, Max: 0, Diff: 0, Sum: 0, Workers: 4
[7.495s][debug][gc,phases      ] GC(4)     Total                          Min: 0, Avg:  0.0, Max: 0, Diff: 0, Sum: 0, Workers: 4
[7.495s][debug][gc,phases      ] GC(4) Weak Processing 0.336ms
[7.495s][debug][gc,phases      ] GC(4) ClassLoaderData 0.065ms
[7.495s][debug][gc,phases      ] GC(4) Trigger cleanups 0.000ms
[7.501s][debug][gc,phases      ] GC(4) Class Unloading 6.015ms
[7.501s][info ][gc,phases      ] GC(4) Marking Phase 67.631ms
[7.501s][info ][gc,phases,start] GC(4) Summary Phase
[7.501s][info ][gc,phases      ] GC(4) Summary Phase 0.019ms
[7.501s][info ][gc,phases,start] GC(4) Adjust Roots
[7.509s][info ][gc,phases      ] GC(4) Adjust Roots 8.699ms
[7.509s][info ][gc,phases,start] GC(4) Compaction Phase
[7.648s][info ][gc,phases      ] GC(4) Compaction Phase 138.501ms
[7.648s][info ][gc,phases,start] GC(4) Post Compact
[7.651s][info ][gc,phases      ] GC(4) Post Compact 2.871ms
[7.651s][info ][gc,heap        ] GC(4) PSYoungGen: 1066534K(1572864K)->116416K(1572864K) Eden: 982231K(1048576K)->116416K(1048576K) From: 84303K(524288K)->0K(524288K)
[7.651s][info ][gc,heap        ] GC(4) ParOldGen: 6117K(6144K)->6119K(6144K)
[7.651s][info ][gc,metaspace   ] GC(4) Metaspace: 59049K(59776K)->59049K(59776K) NonClass: 50250K(50624K)->50250K(50624K) Class: 8798K(9152K)->8798K(9152K)
[7.651s][info ][gc             ] GC(4) Pause Full (Metadata GC Threshold) 1047M->119M(1542M) 217.846ms
[7.651s][info ][gc,cpu         ] GC(4) User=0.69s Sys=0.01s Real=0.22s
[7.651s][info ][safepoint      ] Safepoint "CollectForMetadataAllocation", Time since last: 66941252 ns, Reaching safepoint: 104400 ns, At safepoint: 217949420 ns, Total: 218053820 ns
[8.651s][info ][safepoint      ] Safepoint "Cleanup", Time since last: 1000089962 ns, Reaching safepoint: 151000 ns, At safepoint: 12700 ns, Total: 163700 ns
[10.240s][info ][safepoint      ] Safepoint "Cleanup", Time since last: 1588418969 ns, Reaching safepoint: 130101 ns, At safepoint: 8400 ns, Total: 138501 ns
[11.066s][info ][safepoint      ] Safepoint "ICBufferFull", Time since last: 825554999 ns, Reaching safepoint: 218201 ns, At safepoint: 10300 ns, Total: 228501 ns
[11.128s][debug][gc,phases      ] GC(5) Pre Compact 0.022ms
[11.128s][info ][gc,start       ] GC(5) Pause Full (Ergonomics)
[11.128s][info ][gc,phases,start] GC(5) Marking Phase
[11.448s][debug][gc,phases      ] GC(5) Par Mark 319.845ms
[11.448s][debug][gc,ref         ] GC(5) Skipped phase 1 of Reference Processing: no references
[11.449s][debug][gc,ref         ] GC(5) ReferenceProcessor::execute queues: 4, RefProcThreadModel::Multi, marks_oops_alive: false
[11.449s][debug][gc,ref         ] GC(5) Skipped phase 3 of Reference Processing: no references
[11.449s][debug][gc,ref         ] GC(5) ReferenceProcessor::execute queues: 1, RefProcThreadModel::Single, marks_oops_alive: false
[11.449s][debug][gc,phases      ] GC(5) Reference Processing 0.883ms
[11.450s][debug][gc,phases      ] GC(5)   VM Weak                        Min:  0.0, Avg:  0.0, Max:  0.0, Diff:  0.0, Sum:  0.0, Workers: 4
[11.450s][debug][gc,phases      ] GC(5)     Dead                           Min: 0, Avg:  0.0, Max: 0, Diff: 0, Sum: 0, Workers: 4
[11.450s][debug][gc,phases      ] GC(5)     Total                          Min: 0, Avg: 145.8, Max: 263, Diff: 263, Sum: 583, Workers: 4
[11.450s][debug][gc,phases      ] GC(5)   ObjectSynchronizer Weak        Min:  0.0, Avg:  0.0, Max:  0.0, Diff:  0.0, Sum:  0.0, Workers: 4
[11.450s][debug][gc,phases      ] GC(5)     Dead                           Min: 0, Avg:  0.2, Max: 1, Diff: 1, Sum: 1, Workers: 4
[11.450s][debug][gc,phases      ] GC(5)     Total                          Min: 0, Avg:  5.2, Max: 21, Diff: 21, Sum: 21, Workers: 4
[11.450s][debug][gc,phases      ] GC(5)   JVMTI Tag Weak OopStorage      Min:  0.0, Avg:  0.0, Max:  0.0, Diff:  0.0, Sum:  0.0, Workers: 4
[11.450s][debug][gc,phases      ] GC(5)     Dead                           Min: 0, Avg:  0.0, Max: 0, Diff: 0, Sum: 0, Workers: 4
[11.450s][debug][gc,phases      ] GC(5)     Total                          Min: 0, Avg:  0.0, Max: 0, Diff: 0, Sum: 0, Workers: 4
[11.450s][debug][gc,phases      ] GC(5)   StringTable Weak               Min:  0.0, Avg:  0.1, Max:  0.1, Diff:  0.1, Sum:  0.4, Workers: 4
[11.450s][debug][gc,phases      ] GC(5)     Dead                           Min: 0, Avg:  1.8, Max: 3, Diff: 3, Sum: 7, Workers: 4
[11.450s][debug][gc,phases      ] GC(5)     Total                          Min: 0, Avg: 9120.5, Max: 13312, Diff: 13312, Sum: 36482, Workers: 4
[11.450s][debug][gc,phases      ] GC(5)   ResolvedMethodTable Weak       Min:  0.0, Avg:  0.0, Max:  0.0, Diff:  0.0, Sum:  0.1, Workers: 4
[11.450s][debug][gc,phases      ] GC(5)     Dead                           Min: 0, Avg: 13.5, Max: 39, Diff: 39, Sum: 54, Workers: 4
[11.450s][debug][gc,phases      ] GC(5)     Total                          Min: 0, Avg: 1651.5, Max: 2404, Diff: 2404, Sum: 6606, Workers: 4
[11.450s][debug][gc,phases      ] GC(5)   JNI Weak                       Min:  0.0, Avg:  0.0, Max:  0.0, Diff:  0.0, Sum:  0.0, Workers: 4
[11.450s][debug][gc,phases      ] GC(5)     Dead                           Min: 0, Avg:  0.0, Max: 0, Diff: 0, Sum: 0, Workers: 4
[11.450s][debug][gc,phases      ] GC(5)     Total                          Min: 0, Avg: 12.5, Max: 45, Diff: 45, Sum: 50, Workers: 4
[11.450s][debug][gc,phases      ] GC(5)   StringDedup Table Weak         Min:  0.0, Avg:  0.0, Max:  0.0, Diff:  0.0, Sum:  0.0, Workers: 4
[11.450s][debug][gc,phases      ] GC(5)     Dead                           Min: 0, Avg:  0.0, Max: 0, Diff: 0, Sum: 0, Workers: 4
[11.450s][debug][gc,phases      ] GC(5)     Total                          Min: 0, Avg:  0.0, Max: 0, Diff: 0, Sum: 0, Workers: 4
[11.450s][debug][gc,phases      ] GC(5)   StringDedup Requests0 Weak     Min:  0.0, Avg:  0.0, Max:  0.0, Diff:  0.0, Sum:  0.0, Workers: 4
[11.450s][debug][gc,phases      ] GC(5)     Dead                           Min: 0, Avg:  0.0, Max: 0, Diff: 0, Sum: 0, Workers: 4
[11.450s][debug][gc,phases      ] GC(5)     Total                          Min: 0, Avg:  0.0, Max: 0, Diff: 0, Sum: 0, Workers: 4
[11.450s][debug][gc,phases      ] GC(5)   StringDedup Requests1 Weak     Min:  0.0, Avg:  0.0, Max:  0.0, Diff:  0.0, Sum:  0.0, Workers: 4
[11.450s][debug][gc,phases      ] GC(5)     Dead                           Min: 0, Avg:  0.0, Max: 0, Diff: 0, Sum: 0, Workers: 4
[11.450s][debug][gc,phases      ] GC(5)     Total                          Min: 0, Avg:  0.0, Max: 0, Diff: 0, Sum: 0, Workers: 4
[11.450s][debug][gc,phases      ] GC(5)   Weak JFR Old Object Samples    Min:  0.0, Avg:  0.0, Max:  0.0, Diff:  0.0, Sum:  0.0, Workers: 4
[11.450s][debug][gc,phases      ] GC(5)     Dead                           Min: 0, Avg:  0.0, Max: 0, Diff: 0, Sum: 0, Workers: 4
[11.450s][debug][gc,phases      ] GC(5)     Total                          Min: 0, Avg:  0.0, Max: 0, Diff: 0, Sum: 0, Workers: 4
[11.450s][debug][gc,phases      ] GC(5) Weak Processing 0.343ms
[11.450s][debug][gc,phases      ] GC(5) ClassLoaderData 0.065ms
[11.450s][debug][gc,phases      ] GC(5) Trigger cleanups 0.000ms
[11.456s][debug][gc,phases      ] GC(5) Class Unloading 6.661ms
[11.456s][info ][gc,phases      ] GC(5) Marking Phase 327.857ms
[11.456s][info ][gc,phases,start] GC(5) Summary Phase
[11.456s][info ][gc,phases      ] GC(5) Summary Phase 0.022ms
[11.456s][info ][gc,phases,start] GC(5) Adjust Roots
[11.466s][info ][gc,phases      ] GC(5) Adjust Roots 9.692ms
[11.466s][info ][gc,phases,start] GC(5) Compaction Phase
[12.261s][info ][gc,phases      ] GC(5) Compaction Phase 794.942ms
[12.261s][info ][gc,phases,start] GC(5) Post Compact
[12.264s][info ][gc,phases      ] GC(5) Post Compact 2.602ms
[12.264s][info ][gc,heap        ] GC(5) PSYoungGen: 1048576K(1572864K)->673036K(1572864K) Eden: 1048576K(1048576K)->673036K(1048576K) From: 0K(524288K)->0K(524288K)
[12.264s][info ][gc,heap        ] GC(5) ParOldGen: 6119K(6144K)->6117K(18944K)
[12.264s][info ][gc,metaspace   ] GC(5) Metaspace: 60838K(61632K)->60838K(61632K) NonClass: 51798K(52224K)->51798K(52224K) Class: 9040K(9408K)->9040K(9408K)
[12.264s][info ][gc             ] GC(5) Pause Full (Ergonomics) 1029M->663M(1554M) 1135.280ms
[12.264s][info ][gc,cpu         ] GC(5) User=3.84s Sys=0.03s Real=1.13s
[12.264s][info ][safepoint      ] Safepoint "ParallelGCFailedAllocation", Time since last: 62119733 ns, Reaching safepoint: 732503 ns, At safepoint: 1135395959 ns, Total: 1136128462 ns
[12.481s][info ][safepoint      ] Safepoint "ICBufferFull", Time since last: 216938814 ns, Reaching safepoint: 213401 ns, At safepoint: 10400 ns, Total: 223801 ns
[12.787s][info ][safepoint      ] Safepoint "ICBufferFull", Time since last: 305729946 ns, Reaching safepoint: 224701 ns, At safepoint: 12500 ns, Total: 237201 ns
[13.048s][info ][gc,start       ] GC(6) Pause Young (Allocation Failure)
[13.476s][debug][gc,phases      ] GC(6) Scavenge 428.863ms
[13.477s][debug][gc,ref         ] GC(6) Skipped phase 1 of Reference Processing: no references
[13.477s][debug][gc,ref         ] GC(6) ReferenceProcessor::execute queues: 4, RefProcThreadModel::Multi, marks_oops_alive: false
[13.477s][debug][gc,ref         ] GC(6) Skipped phase 3 of Reference Processing: no references
[13.477s][debug][gc,ref         ] GC(6) ReferenceProcessor::execute queues: 1, RefProcThreadModel::Single, marks_oops_alive: false
[13.478s][debug][gc,phases      ] GC(6) Reference Processing 0.979ms
[13.478s][debug][gc,phases      ] GC(6)   VM Weak                        Min:  0.0, Avg:  0.0, Max:  0.0, Diff:  0.0, Sum:  0.0, Workers: 4
[13.478s][debug][gc,phases      ] GC(6)     Dead                           Min: 0, Avg:  0.0, Max: 0, Diff: 0, Sum: 0, Workers: 4
[13.478s][debug][gc,phases      ] GC(6)     Total                          Min: 0, Avg: 148.0, Max: 464, Diff: 464, Sum: 592, Workers: 4
[13.478s][debug][gc,phases      ] GC(6)   ObjectSynchronizer Weak        Min:  0.0, Avg:  0.0, Max:  0.0, Diff:  0.0, Sum:  0.0, Workers: 4
[13.478s][debug][gc,phases      ] GC(6)     Dead                           Min: 0, Avg:  0.0, Max: 0, Diff: 0, Sum: 0, Workers: 4
[13.478s][debug][gc,phases      ] GC(6)     Total                          Min: 0, Avg:  5.2, Max: 21, Diff: 21, Sum: 21, Workers: 4
[13.478s][debug][gc,phases      ] GC(6)   JVMTI Tag Weak OopStorage      Min:  0.0, Avg:  0.0, Max:  0.0, Diff:  0.0, Sum:  0.0, Workers: 4
[13.478s][debug][gc,phases      ] GC(6)     Dead                           Min: 0, Avg:  0.0, Max: 0, Diff: 0, Sum: 0, Workers: 4
[13.478s][debug][gc,phases      ] GC(6)     Total                          Min: 0, Avg:  0.0, Max: 0, Diff: 0, Sum: 0, Workers: 4
[13.478s][debug][gc,phases      ] GC(6)   StringTable Weak               Min:  0.0, Avg:  0.2, Max:  0.3, Diff:  0.3, Sum:  0.7, Workers: 4
[13.478s][debug][gc,phases      ] GC(6)     Dead                           Min: 0, Avg:  0.2, Max: 1, Diff: 1, Sum: 1, Workers: 4
[13.478s][debug][gc,phases      ] GC(6)     Total                          Min: 0, Avg: 9153.8, Max: 20871, Diff: 20871, Sum: 36615, Workers: 4
[13.478s][debug][gc,phases      ] GC(6)   ResolvedMethodTable Weak       Min:  0.0, Avg:  0.0, Max:  0.1, Diff:  0.1, Sum:  0.2, Workers: 4
[13.478s][debug][gc,phases      ] GC(6)     Dead                           Min: 0, Avg:  4.0, Max: 15, Diff: 15, Sum: 16, Workers: 4
[13.478s][debug][gc,phases      ] GC(6)     Total                          Min: 0, Avg: 1667.8, Max: 3904, Diff: 3904, Sum: 6671, Workers: 4
[13.478s][debug][gc,phases      ] GC(6)   JNI Weak                       Min:  0.0, Avg:  0.0, Max:  0.0, Diff:  0.0, Sum:  0.0, Workers: 4
[13.478s][debug][gc,phases      ] GC(6)     Dead                           Min: 0, Avg:  0.0, Max: 0, Diff: 0, Sum: 0, Workers: 4
[13.478s][debug][gc,phases      ] GC(6)     Total                          Min: 0, Avg: 13.2, Max: 45, Diff: 45, Sum: 53, Workers: 4
[13.478s][debug][gc,phases      ] GC(6)   StringDedup Table Weak         Min:  0.0, Avg:  0.0, Max:  0.0, Diff:  0.0, Sum:  0.0, Workers: 4
[13.478s][debug][gc,phases      ] GC(6)     Dead                           Min: 0, Avg:  0.0, Max: 0, Diff: 0, Sum: 0, Workers: 4
[13.478s][debug][gc,phases      ] GC(6)     Total                          Min: 0, Avg:  0.0, Max: 0, Diff: 0, Sum: 0, Workers: 4
[13.478s][debug][gc,phases      ] GC(6)   StringDedup Requests0 Weak     Min:  0.0, Avg:  0.0, Max:  0.0, Diff:  0.0, Sum:  0.0, Workers: 4
[13.478s][debug][gc,phases      ] GC(6)     Dead                           Min: 0, Avg:  0.0, Max: 0, Diff: 0, Sum: 0, Workers: 4
[13.478s][debug][gc,phases      ] GC(6)     Total                          Min: 0, Avg:  0.0, Max: 0, Diff: 0, Sum: 0, Workers: 4
[13.478s][debug][gc,phases      ] GC(6)   StringDedup Requests1 Weak     Min:  0.0, Avg:  0.0, Max:  0.0, Diff:  0.0, Sum:  0.0, Workers: 4
[13.478s][debug][gc,phases      ] GC(6)     Dead                           Min: 0, Avg:  0.0, Max: 0, Diff: 0, Sum: 0, Workers: 4
[13.478s][debug][gc,phases      ] GC(6)     Total                          Min: 0, Avg:  0.0, Max: 0, Diff: 0, Sum: 0, Workers: 4
[13.478s][debug][gc,phases      ] GC(6)   Weak JFR Old Object Samples    Min:  0.0, Avg:  0.0, Max:  0.0, Diff:  0.0, Sum:  0.0, Workers: 4
[13.478s][debug][gc,phases      ] GC(6)     Dead                           Min: 0, Avg:  0.0, Max: 0, Diff: 0, Sum: 0, Workers: 4
[13.478s][debug][gc,phases      ] GC(6)     Total                          Min: 0, Avg:  0.0, Max: 0, Diff: 0, Sum: 0, Workers: 4
[13.478s][debug][gc,phases      ] GC(6) Weak Processing 0.643ms
[13.478s][debug][gc,age         ] GC(6) Desired survivor size 536870912 bytes, new threshold 7 (max threshold 15)
[13.478s][info ][gc,heap        ] GC(6) PSYoungGen: 1048576K(1572864K)->524284K(1572864K) Eden: 1048576K(1048576K)->0K(1048576K) From: 0K(524288K)->524284K(524288K)
[13.478s][info ][gc,heap        ] GC(6) ParOldGen: 6117K(18944K)->203782K(204288K)
[13.478s][info ][gc,metaspace   ] GC(6) Metaspace: 61386K(62144K)->61386K(62144K) NonClass: 52301K(52736K)->52301K(52736K) Class: 9084K(9408K)->9084K(9408K)
[13.478s][info ][gc             ] GC(6) Pause Young (Allocation Failure) 1029M->711M(1735M) 430.595ms
[13.478s][info ][gc,cpu         ] GC(6) User=1.20s Sys=0.21s Real=0.43s
[13.478s][debug][gc,phases      ] GC(7) Pre Compact 0.008ms
[13.478s][info ][gc,start       ] GC(7) Pause Full (Ergonomics)
[13.478s][info ][gc,phases,start] GC(7) Marking Phase
[13.775s][debug][gc,phases      ] GC(7) Par Mark 296.456ms
[13.775s][debug][gc,ref         ] GC(7) Skipped phase 1 of Reference Processing: no references
[13.775s][debug][gc,ref         ] GC(7) ReferenceProcessor::execute queues: 4, RefProcThreadModel::Multi, marks_oops_alive: false
[13.775s][debug][gc,ref         ] GC(7) Skipped phase 3 of Reference Processing: no references
[13.775s][debug][gc,ref         ] GC(7) ReferenceProcessor::execute queues: 1, RefProcThreadModel::Single, marks_oops_alive: false
[13.775s][debug][gc,phases      ] GC(7) Reference Processing 0.614ms
[13.776s][debug][gc,phases      ] GC(7)   VM Weak                        Min:  0.0, Avg:  0.0, Max:  0.0, Diff:  0.0, Sum:  0.0, Workers: 4
[13.776s][debug][gc,phases      ] GC(7)     Dead                           Min: 0, Avg:  0.0, Max: 0, Diff: 0, Sum: 0, Workers: 4
[13.776s][debug][gc,phases      ] GC(7)     Total                          Min: 0, Avg: 148.0, Max: 320, Diff: 320, Sum: 592, Workers: 4
[13.776s][debug][gc,phases      ] GC(7)   ObjectSynchronizer Weak        Min:  0.0, Avg:  0.0, Max:  0.0, Diff:  0.0, Sum:  0.0, Workers: 4
[13.776s][debug][gc,phases      ] GC(7)     Dead                           Min: 0, Avg:  0.0, Max: 0, Diff: 0, Sum: 0, Workers: 4
[13.776s][debug][gc,phases      ] GC(7)     Total                          Min: 0, Avg:  5.2, Max: 21, Diff: 21, Sum: 21, Workers: 4
[13.776s][debug][gc,phases      ] GC(7)   JVMTI Tag Weak OopStorage      Min:  0.0, Avg:  0.0, Max:  0.0, Diff:  0.0, Sum:  0.0, Workers: 4
[13.776s][debug][gc,phases      ] GC(7)     Dead                           Min: 0, Avg:  0.0, Max: 0, Diff: 0, Sum: 0, Workers: 4
[13.776s][debug][gc,phases      ] GC(7)     Total                          Min: 0, Avg:  0.0, Max: 0, Diff: 0, Sum: 0, Workers: 4
[13.776s][debug][gc,phases      ] GC(7)   StringTable Weak               Min:  0.0, Avg:  0.1, Max:  0.1, Diff:  0.1, Sum:  0.4, Workers: 4
[13.776s][debug][gc,phases      ] GC(7)     Dead                           Min: 0, Avg:  0.0, Max: 0, Diff: 0, Sum: 0, Workers: 4
[13.776s][debug][gc,phases      ] GC(7)     Total                          Min: 0, Avg: 9153.8, Max: 13888, Diff: 13888, Sum: 36615, Workers: 4
[13.776s][debug][gc,phases      ] GC(7)   ResolvedMethodTable Weak       Min:  0.0, Avg:  0.0, Max:  0.0, Diff:  0.0, Sum:  0.1, Workers: 4
[13.776s][debug][gc,phases      ] GC(7)     Dead                           Min: 0, Avg:  0.0, Max: 0, Diff: 0, Sum: 0, Workers: 4
[13.776s][debug][gc,phases      ] GC(7)     Total                          Min: 0, Avg: 1667.8, Max: 2639, Diff: 2639, Sum: 6671, Workers: 4
[13.776s][debug][gc,phases      ] GC(7)   JNI Weak                       Min:  0.0, Avg:  0.0, Max:  0.0, Diff:  0.0, Sum:  0.0, Workers: 4
[13.776s][debug][gc,phases      ] GC(7)     Dead                           Min: 0, Avg:  0.0, Max: 0, Diff: 0, Sum: 0, Workers: 4
[13.776s][debug][gc,phases      ] GC(7)     Total                          Min: 0, Avg: 13.2, Max: 45, Diff: 45, Sum: 53, Workers: 4
[13.776s][debug][gc,phases      ] GC(7)   StringDedup Table Weak         Min:  0.0, Avg:  0.0, Max:  0.0, Diff:  0.0, Sum:  0.0, Workers: 4
[13.776s][debug][gc,phases      ] GC(7)     Dead                           Min: 0, Avg:  0.0, Max: 0, Diff: 0, Sum: 0, Workers: 4
[13.776s][debug][gc,phases      ] GC(7)     Total                          Min: 0, Avg:  0.0, Max: 0, Diff: 0, Sum: 0, Workers: 4
[13.776s][debug][gc,phases      ] GC(7)   StringDedup Requests0 Weak     Min:  0.0, Avg:  0.0, Max:  0.0, Diff:  0.0, Sum:  0.0, Workers: 4
[13.776s][debug][gc,phases      ] GC(7)     Dead                           Min: 0, Avg:  0.0, Max: 0, Diff: 0, Sum: 0, Workers: 4
[13.776s][debug][gc,phases      ] GC(7)     Total                          Min: 0, Avg:  0.0, Max: 0, Diff: 0, Sum: 0, Workers: 4
[13.776s][debug][gc,phases      ] GC(7)   StringDedup Requests1 Weak     Min:  0.0, Avg:  0.0, Max:  0.0, Diff:  0.0, Sum:  0.0, Workers: 4
[13.776s][debug][gc,phases      ] GC(7)     Dead                           Min: 0, Avg:  0.0, Max: 0, Diff: 0, Sum: 0, Workers: 4
[13.776s][debug][gc,phases      ] GC(7)     Total                          Min: 0, Avg:  0.0, Max: 0, Diff: 0, Sum: 0, Workers: 4
[13.776s][debug][gc,phases      ] GC(7)   Weak JFR Old Object Samples    Min:  0.0, Avg:  0.0, Max:  0.0, Diff:  0.0, Sum:  0.0, Workers: 4
[13.776s][debug][gc,phases      ] GC(7)     Dead                           Min: 0, Avg:  0.0, Max: 0, Diff: 0, Sum: 0, Workers: 4
[13.776s][debug][gc,phases      ] GC(7)     Total                          Min: 0, Avg:  0.0, Max: 0, Diff: 0, Sum: 0, Workers: 4
[13.776s][debug][gc,phases      ] GC(7) Weak Processing 0.339ms
[13.776s][debug][gc,phases      ] GC(7) ClassLoaderData 0.063ms
[13.776s][debug][gc,phases      ] GC(7) Trigger cleanups 0.000ms
[13.783s][debug][gc,phases      ] GC(7) Class Unloading 7.436ms
[13.783s][info ][gc,phases      ] GC(7) Marking Phase 304.976ms
[13.783s][info ][gc,phases,start] GC(7) Summary Phase
[13.783s][info ][gc,phases      ] GC(7) Summary Phase 0.013ms
[13.783s][info ][gc,phases,start] GC(7) Adjust Roots
[13.794s][info ][gc,phases      ] GC(7) Adjust Roots 10.956ms
[13.794s][info ][gc,phases,start] GC(7) Compaction Phase
[14.778s][info ][gc,phases      ] GC(7) Compaction Phase 984.063ms
[14.778s][info ][gc,phases,start] GC(7) Post Compact
[14.780s][info ][gc,phases      ] GC(7) Post Compact 2.162ms
[14.781s][info ][gc,heap        ] GC(7) PSYoungGen: 524284K(1572864K)->514092K(1572864K) Eden: 0K(1048576K)->0K(1048576K) From: 524284K(524288K)->514092K(524288K)
[14.781s][info ][gc,heap        ] GC(7) ParOldGen: 203782K(204288K)->204269K(424960K)
[14.781s][info ][gc,metaspace   ] GC(7) Metaspace: 61386K(62144K)->61386K(62144K) NonClass: 52301K(52736K)->52301K(52736K) Class: 9084K(9408K)->9084K(9408K)
[14.781s][info ][gc             ] GC(7) Pause Full (Ergonomics) 711M->701M(1951M) 1302.491ms
[14.781s][info ][gc,cpu         ] GC(7) User=4.35s Sys=0.04s Real=1.30s
[14.781s][info ][safepoint      ] Safepoint "ParallelGCFailedAllocation", Time since last: 260421776 ns, Reaching safepoint: 191601 ns, At safepoint: 1733216491 ns, Total: 1733408092 ns
[15.387s][info ][safepoint      ] Safepoint "ICBufferFull", Time since last: 605715167 ns, Reaching safepoint: 205800 ns, At safepoint: 53601 ns, Total: 259401 ns
[16.007s][info ][gc,start       ] GC(8) Pause Young (Allocation Failure)
[16.277s][debug][gc,phases      ] GC(8) Scavenge 269.942ms
[16.278s][debug][gc,ref         ] GC(8) Skipped phase 1 of Reference Processing: no references
[16.278s][debug][gc,ref         ] GC(8) ReferenceProcessor::execute queues: 2, RefProcThreadModel::Multi, marks_oops_alive: false
[16.278s][debug][gc,ref         ] GC(8) Skipped phase 3 of Reference Processing: no references
[16.278s][debug][gc,ref         ] GC(8) ReferenceProcessor::execute queues: 1, RefProcThreadModel::Single, marks_oops_alive: false
[16.278s][debug][gc,phases      ] GC(8) Reference Processing 0.296ms
[16.278s][debug][gc,phases      ] GC(8)   VM Weak                        Min:  0.0, Avg:  0.0, Max:  0.0, Diff:  0.0, Sum:  0.0, Workers: 4
[16.278s][debug][gc,phases      ] GC(8)     Dead                           Min: 0, Avg:  0.0, Max: 0, Diff: 0, Sum: 0, Workers: 4
[16.278s][debug][gc,phases      ] GC(8)     Total                          Min: 0, Avg: 148.2, Max: 512, Diff: 512, Sum: 593, Workers: 4
[16.278s][debug][gc,phases      ] GC(8)   ObjectSynchronizer Weak        Min:  0.0, Avg:  0.0, Max:  0.0, Diff:  0.0, Sum:  0.0, Workers: 4
[16.278s][debug][gc,phases      ] GC(8)     Dead                           Min: 0, Avg:  0.0, Max: 0, Diff: 0, Sum: 0, Workers: 4
[16.278s][debug][gc,phases      ] GC(8)     Total                          Min: 0, Avg:  5.2, Max: 21, Diff: 21, Sum: 21, Workers: 4
[16.278s][debug][gc,phases      ] GC(8)   JVMTI Tag Weak OopStorage      Min:  0.0, Avg:  0.0, Max:  0.0, Diff:  0.0, Sum:  0.0, Workers: 4
[16.278s][debug][gc,phases      ] GC(8)     Dead                           Min: 0, Avg:  0.0, Max: 0, Diff: 0, Sum: 0, Workers: 4
[16.278s][debug][gc,phases      ] GC(8)     Total                          Min: 0, Avg:  0.0, Max: 0, Diff: 0, Sum: 0, Workers: 4
[16.278s][debug][gc,phases      ] GC(8)   StringTable Weak               Min:  0.0, Avg:  0.2, Max:  0.3, Diff:  0.3, Sum:  0.8, Workers: 4
[16.278s][debug][gc,phases      ] GC(8)     Dead                           Min: 0, Avg:  0.8, Max: 2, Diff: 2, Sum: 3, Workers: 4
[16.278s][debug][gc,phases      ] GC(8)     Total                          Min: 0, Avg: 9178.2, Max: 13354, Diff: 13354, Sum: 36713, Workers: 4
[16.278s][debug][gc,phases      ] GC(8)   ResolvedMethodTable Weak       Min:  0.0, Avg:  0.0, Max:  0.1, Diff:  0.1, Sum:  0.2, Workers: 4
[16.278s][debug][gc,phases      ] GC(8)     Dead                           Min: 0, Avg:  7.5, Max: 26, Diff: 26, Sum: 30, Workers: 4
[16.278s][debug][gc,phases      ] GC(8)     Total                          Min: 0, Avg: 1681.8, Max: 2432, Diff: 2432, Sum: 6727, Workers: 4
[16.278s][debug][gc,phases      ] GC(8)   JNI Weak                       Min:  0.0, Avg:  0.0, Max:  0.0, Diff:  0.0, Sum:  0.0, Workers: 4
[16.278s][debug][gc,phases      ] GC(8)     Dead                           Min: 0, Avg:  0.0, Max: 0, Diff: 0, Sum: 0, Workers: 4
[16.278s][debug][gc,phases      ] GC(8)     Total                          Min: 0, Avg: 12.2, Max: 49, Diff: 49, Sum: 49, Workers: 4
[16.278s][debug][gc,phases      ] GC(8)   StringDedup Table Weak         Min:  0.0, Avg:  0.0, Max:  0.0, Diff:  0.0, Sum:  0.0, Workers: 4
[16.278s][debug][gc,phases      ] GC(8)     Dead                           Min: 0, Avg:  0.0, Max: 0, Diff: 0, Sum: 0, Workers: 4
[16.278s][debug][gc,phases      ] GC(8)     Total                          Min: 0, Avg:  0.0, Max: 0, Diff: 0, Sum: 0, Workers: 4
[16.278s][debug][gc,phases      ] GC(8)   StringDedup Requests0 Weak     Min:  0.0, Avg:  0.0, Max:  0.0, Diff:  0.0, Sum:  0.0, Workers: 4
[16.278s][debug][gc,phases      ] GC(8)     Dead                           Min: 0, Avg:  0.0, Max: 0, Diff: 0, Sum: 0, Workers: 4
[16.278s][debug][gc,phases      ] GC(8)     Total                          Min: 0, Avg:  0.0, Max: 0, Diff: 0, Sum: 0, Workers: 4
[16.278s][debug][gc,phases      ] GC(8)   StringDedup Requests1 Weak     Min:  0.0, Avg:  0.0, Max:  0.0, Diff:  0.0, Sum:  0.0, Workers: 4
[16.278s][debug][gc,phases      ] GC(8)     Dead                           Min: 0, Avg:  0.0, Max: 0, Diff: 0, Sum: 0, Workers: 4
[16.278s][debug][gc,phases      ] GC(8)     Total                          Min: 0, Avg:  0.0, Max: 0, Diff: 0, Sum: 0, Workers: 4
[16.278s][debug][gc,phases      ] GC(8)   Weak JFR Old Object Samples    Min:  0.0, Avg:  0.0, Max:  0.0, Diff:  0.0, Sum:  0.0, Workers: 4
[16.278s][debug][gc,phases      ] GC(8)     Dead                           Min: 0, Avg:  0.0, Max: 0, Diff: 0, Sum: 0, Workers: 4
[16.278s][debug][gc,phases      ] GC(8)     Total                          Min: 0, Avg:  0.0, Max: 0, Diff: 0, Sum: 0, Workers: 4
[16.278s][debug][gc,phases      ] GC(8) Weak Processing 0.586ms
[16.278s][debug][gc,age         ] GC(8) Desired survivor size 536870912 bytes, new threshold 7 (max threshold 15)
[16.278s][info ][gc,heap        ] GC(8) PSYoungGen: 1562668K(1572864K)->493780K(1572864K) Eden: 1048576K(1048576K)->0K(1048576K) From: 514092K(524288K)->493780K(524288K)
[16.278s][info ][gc,heap        ] GC(8) ParOldGen: 204269K(424960K)->204269K(424960K)
[16.278s][info ][gc,metaspace   ] GC(8) Metaspace: 61620K(62400K)->61620K(62400K) NonClass: 52508K(52928K)->52508K(52928K) Class: 9111K(9472K)->9111K(9472K)
[16.278s][info ][gc             ] GC(8) Pause Young (Allocation Failure) 1725M->681M(1951M) 271.001ms
[16.278s][info ][gc,cpu         ] GC(8) User=0.79s Sys=0.13s Real=0.27s
[16.279s][info ][safepoint      ] Safepoint "ParallelGCFailedAllocation", Time since last: 620553221 ns, Reaching safepoint: 128800 ns, At safepoint: 271092214 ns, Total: 271221014 ns
[17.002s][info ][safepoint      ] Safepoint "ICBufferFull", Time since last: 723301504 ns, Reaching safepoint: 231900 ns, At safepoint: 15300 ns, Total: 247200 ns
[17.160s][info ][safepoint      ] Safepoint "ICBufferFull", Time since last: 157758790 ns, Reaching safepoint: 236301 ns, At safepoint: 6000 ns, Total: 242301 ns
[17.789s][info ][safepoint      ] Safepoint "ICBufferFull", Time since last: 628346847 ns, Reaching safepoint: 168701 ns, At safepoint: 6600 ns, Total: 175301 ns
[17.902s][info ][safepoint      ] Safepoint "ICBufferFull", Time since last: 113372923 ns, Reaching safepoint: 343501 ns, At safepoint: 11200 ns, Total: 354701 ns
[18.358s][info ][safepoint      ] Safepoint "ICBufferFull", Time since last: 454868899 ns, Reaching safepoint: 440201 ns, At safepoint: 11300 ns, Total: 451501 ns
[18.504s][info ][safepoint      ] Safepoint "ParallelGCFailedAllocation", Time since last: 146239746 ns, Reaching safepoint: 110001 ns, At safepoint: 9200 ns, Total: 119201 ns
[18.504s][info ][gc,start       ] GC(9) Pause Young (GCLocker Initiated GC)
[18.597s][debug][gc,phases      ] GC(9) Scavenge 92.504ms
[18.597s][debug][gc,ref         ] GC(9) Skipped phase 1 of Reference Processing: no references
[18.597s][debug][gc,ref         ] GC(9) ReferenceProcessor::execute queues: 2, RefProcThreadModel::Multi, marks_oops_alive: false
[18.597s][debug][gc,ref         ] GC(9) Skipped phase 3 of Reference Processing: no references
[18.597s][debug][gc,ref         ] GC(9) ReferenceProcessor::execute queues: 1, RefProcThreadModel::Single, marks_oops_alive: false
[18.597s][debug][gc,phases      ] GC(9) Reference Processing 0.280ms
[18.597s][debug][gc,phases      ] GC(9)   VM Weak                        Min:  0.0, Avg:  0.0, Max:  0.0, Diff:  0.0, Sum:  0.0, Workers: 4
[18.597s][debug][gc,phases      ] GC(9)     Dead                           Min: 0, Avg:  0.0, Max: 0, Diff: 0, Sum: 0, Workers: 4
[18.597s][debug][gc,phases      ] GC(9)     Total                          Min: 0, Avg: 152.2, Max: 417, Diff: 417, Sum: 609, Workers: 4
[18.597s][debug][gc,phases      ] GC(9)   ObjectSynchronizer Weak        Min:  0.0, Avg:  0.0, Max:  0.0, Diff:  0.0, Sum:  0.0, Workers: 4
[18.597s][debug][gc,phases      ] GC(9)     Dead                           Min: 0, Avg:  0.0, Max: 0, Diff: 0, Sum: 0, Workers: 4
[18.597s][debug][gc,phases      ] GC(9)     Total                          Min: 0, Avg:  5.2, Max: 21, Diff: 21, Sum: 21, Workers: 4
[18.597s][debug][gc,phases      ] GC(9)   JVMTI Tag Weak OopStorage      Min:  0.0, Avg:  0.0, Max:  0.0, Diff:  0.0, Sum:  0.0, Workers: 4
[18.597s][debug][gc,phases      ] GC(9)     Dead                           Min: 0, Avg:  0.0, Max: 0, Diff: 0, Sum: 0, Workers: 4
[18.597s][debug][gc,phases      ] GC(9)     Total                          Min: 0, Avg:  0.0, Max: 0, Diff: 0, Sum: 0, Workers: 4
[18.597s][debug][gc,phases      ] GC(9)   StringTable Weak               Min:  0.0, Avg:  0.2, Max:  0.3, Diff:  0.3, Sum:  0.8, Workers: 4
[18.597s][debug][gc,phases      ] GC(9)     Dead                           Min: 0, Avg:  1.5, Max: 5, Diff: 5, Sum: 6, Workers: 4
[18.597s][debug][gc,phases      ] GC(9)     Total                          Min: 0, Avg: 9366.2, Max: 14528, Diff: 14528, Sum: 37465, Workers: 4
[18.597s][debug][gc,phases      ] GC(9)   ResolvedMethodTable Weak       Min:  0.0, Avg:  0.0, Max:  0.1, Diff:  0.1, Sum:  0.2, Workers: 4
[18.597s][debug][gc,phases      ] GC(9)     Dead                           Min: 0, Avg: 18.0, Max: 51, Diff: 51, Sum: 72, Workers: 4
[18.597s][debug][gc,phases      ] GC(9)     Total                          Min: 0, Avg: 1786.0, Max: 3136, Diff: 3136, Sum: 7144, Workers: 4
[18.597s][debug][gc,phases      ] GC(9)   JNI Weak                       Min:  0.0, Avg:  0.0, Max:  0.0, Diff:  0.0, Sum:  0.0, Workers: 4
[18.597s][debug][gc,phases      ] GC(9)     Dead                           Min: 0, Avg:  0.0, Max: 0, Diff: 0, Sum: 0, Workers: 4
[18.597s][debug][gc,phases      ] GC(9)     Total                          Min: 0, Avg: 17.0, Max: 45, Diff: 45, Sum: 68, Workers: 4
[18.597s][debug][gc,phases      ] GC(9)   StringDedup Table Weak         Min:  0.0, Avg:  0.0, Max:  0.0, Diff:  0.0, Sum:  0.0, Workers: 4
[18.597s][debug][gc,phases      ] GC(9)     Dead                           Min: 0, Avg:  0.0, Max: 0, Diff: 0, Sum: 0, Workers: 4
[18.597s][debug][gc,phases      ] GC(9)     Total                          Min: 0, Avg:  0.0, Max: 0, Diff: 0, Sum: 0, Workers: 4
[18.597s][debug][gc,phases      ] GC(9)   StringDedup Requests0 Weak     Min:  0.0, Avg:  0.0, Max:  0.0, Diff:  0.0, Sum:  0.0, Workers: 4
[18.597s][debug][gc,phases      ] GC(9)     Dead                           Min: 0, Avg:  0.0, Max: 0, Diff: 0, Sum: 0, Workers: 4
[18.597s][debug][gc,phases      ] GC(9)     Total                          Min: 0, Avg:  0.0, Max: 0, Diff: 0, Sum: 0, Workers: 4
[18.597s][debug][gc,phases      ] GC(9)   StringDedup Requests1 Weak     Min:  0.0, Avg:  0.0, Max:  0.0, Diff:  0.0, Sum:  0.0, Workers: 4
[18.597s][debug][gc,phases      ] GC(9)     Dead                           Min: 0, Avg:  0.0, Max: 0, Diff: 0, Sum: 0, Workers: 4
[18.597s][debug][gc,phases      ] GC(9)     Total                          Min: 0, Avg:  0.0, Max: 0, Diff: 0, Sum: 0, Workers: 4
[18.597s][debug][gc,phases      ] GC(9)   Weak JFR Old Object Samples    Min:  0.0, Avg:  0.0, Max:  0.0, Diff:  0.0, Sum:  0.0, Workers: 4
[18.597s][debug][gc,phases      ] GC(9)     Dead                           Min: 0, Avg:  0.0, Max: 0, Diff: 0, Sum: 0, Workers: 4
[18.597s][debug][gc,phases      ] GC(9)     Total                          Min: 0, Avg:  0.0, Max: 0, Diff: 0, Sum: 0, Workers: 4
[18.597s][debug][gc,phases      ] GC(9) Weak Processing 0.502ms
[18.597s][debug][gc,age         ] GC(9) Desired survivor size 536870912 bytes, new threshold 6 (max threshold 15)
[18.597s][info ][gc,heap        ] GC(9) PSYoungGen: 1542356K(1572864K)->238147K(1572864K) Eden: 1048576K(1048576K)->0K(1048576K) From: 493780K(524288K)->238147K(524288K)
[18.597s][info ][gc,heap        ] GC(9) ParOldGen: 204285K(424960K)->204317K(424960K)
[18.598s][info ][gc,metaspace   ] GC(9) Metaspace: 63995K(64768K)->63995K(64768K) NonClass: 54571K(55040K)->54571K(55040K) Class: 9424K(9728K)->9424K(9728K)
[18.598s][info ][gc             ] GC(9) Pause Young (GCLocker Initiated GC) 1705M->432M(1951M) 93.394ms
[18.598s][info ][gc,cpu         ] GC(9) User=0.31s Sys=0.01s Real=0.10s
[18.598s][info ][safepoint      ] Safepoint "ParallelGCSystemGC", Time since last: 53800 ns, Reaching safepoint: 23700 ns, At safepoint: 93466249 ns, Total: 93489949 ns
[18.733s][info ][safepoint      ] Safepoint "ICBufferFull", Time since last: 135141704 ns, Reaching safepoint: 159201 ns, At safepoint: 4700 ns, Total: 163901 ns
[18.899s][info ][safepoint      ] Safepoint "ICBufferFull", Time since last: 166009119 ns, Reaching safepoint: 190201 ns, At safepoint: 14300 ns, Total: 204501 ns
[19.348s][info ][safepoint      ] Safepoint "ICBufferFull", Time since last: 448355473 ns, Reaching safepoint: 228201 ns, At safepoint: 16900 ns, Total: 245101 ns
[19.983s][info ][safepoint      ] Safepoint "ICBufferFull", Time since last: 634882968 ns, Reaching safepoint: 155300 ns, At safepoint: 2600 ns, Total: 157900 ns
[20.369s][info ][safepoint      ] Safepoint "ICBufferFull", Time since last: 385884039 ns, Reaching safepoint: 195401 ns, At safepoint: 8600 ns, Total: 204001 ns
[20.679s][info ][safepoint      ] Safepoint "ICBufferFull", Time since last: 309997355 ns, Reaching safepoint: 268101 ns, At safepoint: 8300 ns, Total: 276401 ns
[20.930s][info ][safepoint      ] Safepoint "ICBufferFull", Time since last: 251023436 ns, Reaching safepoint: 264501 ns, At safepoint: 10700 ns, Total: 275201 ns
[21.096s][info ][safepoint      ] Safepoint "ICBufferFull", Time since last: 165551717 ns, Reaching safepoint: 228901 ns, At safepoint: 20400 ns, Total: 249301 ns
[21.606s][info ][safepoint      ] Safepoint "ICBufferFull", Time since last: 509142196 ns, Reaching safepoint: 248801 ns, At safepoint: 12800 ns, Total: 261601 ns
[21.748s][info ][safepoint      ] Safepoint "ICBufferFull", Time since last: 141710728 ns, Reaching safepoint: 278101 ns, At safepoint: 12700 ns, Total: 290801 ns
[21.949s][info ][gc,start       ] GC(10) Pause Young (Allocation Failure)
[22.048s][debug][gc,phases      ] GC(10) Scavenge 98.363ms
[22.048s][debug][gc,ref         ] GC(10) Skipped phase 1 of Reference Processing: no references
[22.048s][debug][gc,ref         ] GC(10) ReferenceProcessor::execute queues: 2, RefProcThreadModel::Multi, marks_oops_alive: false
[22.048s][debug][gc,ref         ] GC(10) ReferenceProcessor::execute queues: 4, RefProcThreadModel::Multi, marks_oops_alive: true
[22.048s][debug][gc,ref         ] GC(10) ReferenceProcessor::execute queues: 1, RefProcThreadModel::Single, marks_oops_alive: false
[22.048s][debug][gc,phases      ] GC(10) Reference Processing 0.499ms
[22.049s][debug][gc,phases      ] GC(10)   VM Weak                        Min:  0.0, Avg:  0.0, Max:  0.0, Diff:  0.0, Sum:  0.0, Workers: 4
[22.049s][debug][gc,phases      ] GC(10)     Dead                           Min: 0, Avg:  0.0, Max: 0, Diff: 0, Sum: 0, Workers: 4
[22.049s][debug][gc,phases      ] GC(10)     Total                          Min: 7, Avg: 161.8, Max: 448, Diff: 441, Sum: 647, Workers: 4
[22.049s][debug][gc,phases      ] GC(10)   ObjectSynchronizer Weak        Min:  0.0, Avg:  0.0, Max:  0.0, Diff:  0.0, Sum:  0.0, Workers: 4
[22.049s][debug][gc,phases      ] GC(10)     Dead                           Min: 0, Avg:  0.5, Max: 2, Diff: 2, Sum: 2, Workers: 4
[22.049s][debug][gc,phases      ] GC(10)     Total                          Min: 0, Avg:  6.5, Max: 26, Diff: 26, Sum: 26, Workers: 4
[22.049s][debug][gc,phases      ] GC(10)   JVMTI Tag Weak OopStorage      Min:  0.0, Avg:  0.0, Max:  0.0, Diff:  0.0, Sum:  0.0, Workers: 4
[22.049s][debug][gc,phases      ] GC(10)     Dead                           Min: 0, Avg:  0.0, Max: 0, Diff: 0, Sum: 0, Workers: 4
[22.049s][debug][gc,phases      ] GC(10)     Total                          Min: 0, Avg:  0.0, Max: 0, Diff: 0, Sum: 0, Workers: 4
[22.049s][debug][gc,phases      ] GC(10)   StringTable Weak               Min:  0.2, Avg:  0.2, Max:  0.2, Diff:  0.0, Sum:  1.0, Workers: 4
[22.049s][debug][gc,phases      ] GC(10)     Dead                           Min: 0, Avg:  2.8, Max: 6, Diff: 6, Sum: 11, Workers: 4
[22.049s][debug][gc,phases      ] GC(10)     Total                          Min: 8768, Avg: 10160.5, Max: 10946, Diff: 2178, Sum: 40642, Workers: 4
[22.049s][debug][gc,phases      ] GC(10)   ResolvedMethodTable Weak       Min:  0.1, Avg:  0.1, Max:  0.1, Diff:  0.0, Sum:  0.3, Workers: 4
[22.049s][debug][gc,phases      ] GC(10)     Dead                           Min: 14, Avg: 35.8, Max: 59, Diff: 45, Sum: 143, Workers: 4
[22.049s][debug][gc,phases      ] GC(10)     Total                          Min: 1600, Avg: 1948.5, Max: 2176, Diff: 576, Sum: 7794, Workers: 4
[22.049s][debug][gc,phases      ] GC(10)   JNI Weak                       Min:  0.0, Avg:  0.0, Max:  0.0, Diff:  0.0, Sum:  0.0, Workers: 4
[22.049s][debug][gc,phases      ] GC(10)     Dead                           Min: 0, Avg:  0.0, Max: 0, Diff: 0, Sum: 0, Workers: 4
[22.049s][debug][gc,phases      ] GC(10)     Total                          Min: 0, Avg: 16.2, Max: 47, Diff: 47, Sum: 65, Workers: 4
[22.049s][debug][gc,phases      ] GC(10)   StringDedup Table Weak         Min:  0.0, Avg:  0.0, Max:  0.0, Diff:  0.0, Sum:  0.0, Workers: 4
[22.049s][debug][gc,phases      ] GC(10)     Dead                           Min: 0, Avg:  0.0, Max: 0, Diff: 0, Sum: 0, Workers: 4
[22.049s][debug][gc,phases      ] GC(10)     Total                          Min: 0, Avg:  0.0, Max: 0, Diff: 0, Sum: 0, Workers: 4
[22.049s][debug][gc,phases      ] GC(10)   StringDedup Requests0 Weak     Min:  0.0, Avg:  0.0, Max:  0.0, Diff:  0.0, Sum:  0.0, Workers: 4
[22.049s][debug][gc,phases      ] GC(10)     Dead                           Min: 0, Avg:  0.0, Max: 0, Diff: 0, Sum: 0, Workers: 4
[22.049s][debug][gc,phases      ] GC(10)     Total                          Min: 0, Avg:  0.0, Max: 0, Diff: 0, Sum: 0, Workers: 4
[22.049s][debug][gc,phases      ] GC(10)   StringDedup Requests1 Weak     Min:  0.0, Avg:  0.0, Max:  0.0, Diff:  0.0, Sum:  0.0, Workers: 4
[22.049s][debug][gc,phases      ] GC(10)     Dead                           Min: 0, Avg:  0.0, Max: 0, Diff: 0, Sum: 0, Workers: 4
[22.049s][debug][gc,phases      ] GC(10)     Total                          Min: 0, Avg:  0.0, Max: 0, Diff: 0, Sum: 0, Workers: 4
[22.049s][debug][gc,phases      ] GC(10)   Weak JFR Old Object Samples    Min:  0.0, Avg:  0.0, Max:  0.0, Diff:  0.0, Sum:  0.0, Workers: 4
[22.049s][debug][gc,phases      ] GC(10)     Dead                           Min: 0, Avg:  0.0, Max: 0, Diff: 0, Sum: 0, Workers: 4
[22.049s][debug][gc,phases      ] GC(10)     Total                          Min: 0, Avg:  0.0, Max: 0, Diff: 0, Sum: 0, Workers: 4
[22.049s][debug][gc,phases      ] GC(10) Weak Processing 0.469ms
[22.049s][debug][gc,age         ] GC(10) Desired survivor size 536870912 bytes, new threshold 5 (max threshold 15)
[22.049s][info ][gc,heap        ] GC(10) PSYoungGen: 1286723K(1572864K)->267811K(1572864K) Eden: 1048576K(1048576K)->0K(1048576K) From: 238147K(524288K)->267811K(524288K)
[22.049s][info ][gc,heap        ] GC(10) ParOldGen: 204318K(424960K)->204598K(424960K)
[22.049s][info ][gc,metaspace   ] GC(10) Metaspace: 72946K(73792K)->72946K(73792K) NonClass: 62354K(62784K)->62354K(62784K) Class: 10591K(11008K)->10591K(11008K)
[22.049s][info ][gc             ] GC(10) Pause Young (Allocation Failure) 1456M->461M(1951M) 99.461ms
[22.049s][info ][gc,cpu         ] GC(10) User=0.33s Sys=0.00s Real=0.10s
[22.049s][info ][safepoint      ] Safepoint "ParallelGCFailedAllocation", Time since last: 201625351 ns, Reaching safepoint: 67800 ns, At safepoint: 99538070 ns, Total: 99605870 ns
[22.247s][info ][safepoint      ] Safepoint "ICBufferFull", Time since last: 197894537 ns, Reaching safepoint: 237401 ns, At safepoint: 5900 ns, Total: 243301 ns
[22.431s][info ][safepoint      ] Safepoint "ICBufferFull", Time since last: 183953385 ns, Reaching safepoint: 291601 ns, At safepoint: 17100 ns, Total: 308701 ns
[22.601s][info ][safepoint      ] Safepoint "ICBufferFull", Time since last: 169308330 ns, Reaching safepoint: 245501 ns, At safepoint: 9800 ns, Total: 255301 ns
[22.813s][info ][safepoint      ] Safepoint "ICBufferFull", Time since last: 211537487 ns, Reaching safepoint: 193501 ns, At safepoint: 6500 ns, Total: 200001 ns
[22.935s][info ][safepoint      ] Safepoint "ICBufferFull", Time since last: 122199255 ns, Reaching safepoint: 256701 ns, At safepoint: 12900 ns, Total: 269601 ns
[23.177s][info ][safepoint      ] Safepoint "ICBufferFull", Time since last: 241772899 ns, Reaching safepoint: 545302 ns, At safepoint: 12600 ns, Total: 557902 ns
[23.408s][info ][safepoint      ] Safepoint "ICBufferFull", Time since last: 230051856 ns, Reaching safepoint: 164600 ns, At safepoint: 2900 ns, Total: 167500 ns
[23.750s][info ][safepoint      ] Safepoint "ICBufferFull", Time since last: 342103673 ns, Reaching safepoint: 286701 ns, At safepoint: 9200 ns, Total: 295901 ns
[24.467s][info ][safepoint      ] Safepoint "ICBufferFull", Time since last: 716902365 ns, Reaching safepoint: 187801 ns, At safepoint: 13700 ns, Total: 201501 ns
[25.211s][info ][safepoint      ] Safepoint "ICBufferFull", Time since last: 743787463 ns, Reaching safepoint: 188601 ns, At safepoint: 7600 ns, Total: 196201 ns
[25.535s][info ][safepoint      ] Safepoint "ICBufferFull", Time since last: 324163204 ns, Reaching safepoint: 270401 ns, At safepoint: 19500 ns, Total: 289901 ns
[25.551s][info ][gc,start       ] GC(11) Pause Young (Allocation Failure)
[25.665s][debug][gc,phases      ] GC(11) Scavenge 114.179ms
[25.666s][debug][gc,ref         ] GC(11) Skipped phase 1 of Reference Processing: no references
[25.666s][debug][gc,ref         ] GC(11) ReferenceProcessor::execute queues: 2, RefProcThreadModel::Multi, marks_oops_alive: false
[25.666s][debug][gc,ref         ] GC(11) ReferenceProcessor::execute queues: 4, RefProcThreadModel::Multi, marks_oops_alive: true
[25.666s][debug][gc,ref         ] GC(11) ReferenceProcessor::execute queues: 1, RefProcThreadModel::Single, marks_oops_alive: false
[25.666s][debug][gc,phases      ] GC(11) Reference Processing 0.555ms
[25.667s][debug][gc,phases      ] GC(11)   VM Weak                        Min:  0.0, Avg:  0.0, Max:  0.0, Diff:  0.0, Sum:  0.0, Workers: 4
[25.667s][debug][gc,phases      ] GC(11)     Dead                           Min: 0, Avg:  0.0, Max: 0, Diff: 0, Sum: 0, Workers: 4
[25.667s][debug][gc,phases      ] GC(11)     Total                          Min: 0, Avg: 175.0, Max: 448, Diff: 448, Sum: 700, Workers: 4
[25.667s][debug][gc,phases      ] GC(11)   ObjectSynchronizer Weak        Min:  0.0, Avg:  0.0, Max:  0.0, Diff:  0.0, Sum:  0.0, Workers: 4
[25.667s][debug][gc,phases      ] GC(11)     Dead                           Min: 0, Avg:  0.0, Max: 0, Diff: 0, Sum: 0, Workers: 4
[25.667s][debug][gc,phases      ] GC(11)     Total                          Min: 0, Avg:  6.5, Max: 26, Diff: 26, Sum: 26, Workers: 4
[25.667s][debug][gc,phases      ] GC(11)   JVMTI Tag Weak OopStorage      Min:  0.0, Avg:  0.0, Max:  0.0, Diff:  0.0, Sum:  0.0, Workers: 4
[25.667s][debug][gc,phases      ] GC(11)     Dead                           Min: 0, Avg:  0.0, Max: 0, Diff: 0, Sum: 0, Workers: 4
[25.667s][debug][gc,phases      ] GC(11)     Total                          Min: 0, Avg:  0.0, Max: 0, Diff: 0, Sum: 0, Workers: 4
[25.667s][debug][gc,phases      ] GC(11)   StringTable Weak               Min:  0.0, Avg:  0.2, Max:  0.3, Diff:  0.3, Sum:  0.9, Workers: 4
[25.667s][debug][gc,phases      ] GC(11)     Dead                           Min: 0, Avg:  0.8, Max: 3, Diff: 3, Sum: 3, Workers: 4
[25.667s][debug][gc,phases      ] GC(11)     Total                          Min: 0, Avg: 10303.8, Max: 14143, Diff: 14143, Sum: 41215, Workers: 4
[25.667s][debug][gc,phases      ] GC(11)   ResolvedMethodTable Weak       Min:  0.0, Avg:  0.1, Max:  0.1, Diff:  0.1, Sum:  0.2, Workers: 4
[25.667s][debug][gc,phases      ] GC(11)     Dead                           Min: 0, Avg:  4.5, Max: 18, Diff: 18, Sum: 18, Workers: 4
[25.667s][debug][gc,phases      ] GC(11)     Total                          Min: 0, Avg: 2033.5, Max: 2815, Diff: 2815, Sum: 8134, Workers: 4
[25.667s][debug][gc,phases      ] GC(11)   JNI Weak                       Min:  0.0, Avg:  0.0, Max:  0.0, Diff:  0.0, Sum:  0.0, Workers: 4
[25.667s][debug][gc,phases      ] GC(11)     Dead                           Min: 0, Avg:  0.0, Max: 0, Diff: 0, Sum: 0, Workers: 4
[25.667s][debug][gc,phases      ] GC(11)     Total                          Min: 0, Avg: 15.8, Max: 50, Diff: 50, Sum: 63, Workers: 4
[25.667s][debug][gc,phases      ] GC(11)   StringDedup Table Weak         Min:  0.0, Avg:  0.0, Max:  0.0, Diff:  0.0, Sum:  0.0, Workers: 4
[25.667s][debug][gc,phases      ] GC(11)     Dead                           Min: 0, Avg:  0.0, Max: 0, Diff: 0, Sum: 0, Workers: 4
[25.667s][debug][gc,phases      ] GC(11)     Total                          Min: 0, Avg:  0.0, Max: 0, Diff: 0, Sum: 0, Workers: 4
[25.667s][debug][gc,phases      ] GC(11)   StringDedup Requests0 Weak     Min:  0.0, Avg:  0.0, Max:  0.0, Diff:  0.0, Sum:  0.0, Workers: 4
[25.667s][debug][gc,phases      ] GC(11)     Dead                           Min: 0, Avg:  0.0, Max: 0, Diff: 0, Sum: 0, Workers: 4
[25.667s][debug][gc,phases      ] GC(11)     Total                          Min: 0, Avg:  0.0, Max: 0, Diff: 0, Sum: 0, Workers: 4
[25.667s][debug][gc,phases      ] GC(11)   StringDedup Requests1 Weak     Min:  0.0, Avg:  0.0, Max:  0.0, Diff:  0.0, Sum:  0.0, Workers: 4
[25.667s][debug][gc,phases      ] GC(11)     Dead                           Min: 0, Avg:  0.0, Max: 0, Diff: 0, Sum: 0, Workers: 4
[25.667s][debug][gc,phases      ] GC(11)     Total                          Min: 0, Avg:  0.0, Max: 0, Diff: 0, Sum: 0, Workers: 4
[25.667s][debug][gc,phases      ] GC(11)   Weak JFR Old Object Samples    Min:  0.0, Avg:  0.0, Max:  0.0, Diff:  0.0, Sum:  0.0, Workers: 4
[25.667s][debug][gc,phases      ] GC(11)     Dead                           Min: 0, Avg:  0.0, Max: 0, Diff: 0, Sum: 0, Workers: 4
[25.667s][debug][gc,phases      ] GC(11)     Total                          Min: 0, Avg:  0.0, Max: 0, Diff: 0, Sum: 0, Workers: 4
[25.667s][debug][gc,phases      ] GC(11) Weak Processing 0.645ms
[25.667s][debug][gc,age         ] GC(11) Desired survivor size 536870912 bytes, new threshold 4 (max threshold 15)
[25.667s][info ][gc,heap        ] GC(11) PSYoungGen: 1316387K(1572864K)->203716K(1572864K) Eden: 1048576K(1048576K)->0K(1048576K) From: 267811K(524288K)->203716K(524288K)
[25.667s][info ][gc,heap        ] GC(11) ParOldGen: 204598K(424960K)->280916K(424960K)
[25.667s][info ][gc,metaspace   ] GC(11) Metaspace: 75175K(76096K)->75175K(76096K) NonClass: 64354K(64832K)->64354K(64832K) Class: 10820K(11264K)->10820K(11264K)
[25.667s][info ][gc             ] GC(11) Pause Young (Allocation Failure) 1485M->473M(1951M) 115.507ms
[25.667s][info ][gc,cpu         ] GC(11) User=0.36s Sys=0.00s Real=0.12s
[25.667s][debug][gc,phases      ] GC(12) Pre Compact 0.014ms
[25.667s][info ][gc,start       ] GC(12) Pause Full (Ergonomics)
[25.667s][info ][gc,phases,start] GC(12) Marking Phase
[25.754s][debug][gc,phases      ] GC(12) Par Mark 87.476ms
[25.754s][debug][gc,ref         ] GC(12) Skipped phase 1 of Reference Processing: no references
[25.755s][debug][gc,ref         ] GC(12) ReferenceProcessor::execute queues: 4, RefProcThreadModel::Multi, marks_oops_alive: false
[25.755s][debug][gc,ref         ] GC(12) Skipped phase 3 of Reference Processing: no references
[25.755s][debug][gc,ref         ] GC(12) ReferenceProcessor::execute queues: 1, RefProcThreadModel::Single, marks_oops_alive: false
[25.755s][debug][gc,phases      ] GC(12) Reference Processing 0.532ms
[25.755s][debug][gc,phases      ] GC(12)   VM Weak                        Min:  0.0, Avg:  0.0, Max:  0.0, Diff:  0.0, Sum:  0.0, Workers: 4
[25.755s][debug][gc,phases      ] GC(12)     Dead                           Min: 0, Avg:  0.0, Max: 0, Diff: 0, Sum: 0, Workers: 4
[25.755s][debug][gc,phases      ] GC(12)     Total                          Min: 60, Avg: 175.0, Max: 384, Diff: 324, Sum: 700, Workers: 4
[25.755s][debug][gc,phases      ] GC(12)   ObjectSynchronizer Weak        Min:  0.0, Avg:  0.0, Max:  0.0, Diff:  0.0, Sum:  0.0, Workers: 4
[25.755s][debug][gc,phases      ] GC(12)     Dead                           Min: 0, Avg:  0.0, Max: 0, Diff: 0, Sum: 0, Workers: 4
[25.755s][debug][gc,phases      ] GC(12)     Total                          Min: 0, Avg:  6.5, Max: 26, Diff: 26, Sum: 26, Workers: 4
[25.755s][debug][gc,phases      ] GC(12)   JVMTI Tag Weak OopStorage      Min:  0.0, Avg:  0.0, Max:  0.0, Diff:  0.0, Sum:  0.0, Workers: 4
[25.755s][debug][gc,phases      ] GC(12)     Dead                           Min: 0, Avg:  0.0, Max: 0, Diff: 0, Sum: 0, Workers: 4
[25.755s][debug][gc,phases      ] GC(12)     Total                          Min: 0, Avg:  0.0, Max: 0, Diff: 0, Sum: 0, Workers: 4
[25.755s][debug][gc,phases      ] GC(12)   StringTable Weak               Min:  0.1, Avg:  0.1, Max:  0.1, Diff:  0.0, Sum:  0.6, Workers: 4
[25.755s][debug][gc,phases      ] GC(12)     Dead                           Min: 0, Avg:  0.0, Max: 0, Diff: 0, Sum: 0, Workers: 4
[25.755s][debug][gc,phases      ] GC(12)     Total                          Min: 9919, Avg: 10303.8, Max: 10880, Diff: 961, Sum: 41215, Workers: 4
[25.755s][debug][gc,phases      ] GC(12)   ResolvedMethodTable Weak       Min:  0.0, Avg:  0.0, Max:  0.0, Diff:  0.0, Sum:  0.1, Workers: 4
[25.755s][debug][gc,phases      ] GC(12)     Dead                           Min: 0, Avg:  0.0, Max: 0, Diff: 0, Sum: 0, Workers: 4
[25.755s][debug][gc,phases      ] GC(12)     Total                          Min: 1855, Avg: 2033.5, Max: 2248, Diff: 393, Sum: 8134, Workers: 4
[25.755s][debug][gc,phases      ] GC(12)   JNI Weak                       Min:  0.0, Avg:  0.0, Max:  0.0, Diff:  0.0, Sum:  0.0, Workers: 4
[25.755s][debug][gc,phases      ] GC(12)     Dead                           Min: 0, Avg:  0.0, Max: 0, Diff: 0, Sum: 0, Workers: 4
[25.755s][debug][gc,phases      ] GC(12)     Total                          Min: 0, Avg: 15.8, Max: 47, Diff: 47, Sum: 63, Workers: 4
[25.755s][debug][gc,phases      ] GC(12)   StringDedup Table Weak         Min:  0.0, Avg:  0.0, Max:  0.0, Diff:  0.0, Sum:  0.0, Workers: 4
[25.755s][debug][gc,phases      ] GC(12)     Dead                           Min: 0, Avg:  0.0, Max: 0, Diff: 0, Sum: 0, Workers: 4
[25.755s][debug][gc,phases      ] GC(12)     Total                          Min: 0, Avg:  0.0, Max: 0, Diff: 0, Sum: 0, Workers: 4
[25.755s][debug][gc,phases      ] GC(12)   StringDedup Requests0 Weak     Min:  0.0, Avg:  0.0, Max:  0.0, Diff:  0.0, Sum:  0.0, Workers: 4
[25.755s][debug][gc,phases      ] GC(12)     Dead                           Min: 0, Avg:  0.0, Max: 0, Diff: 0, Sum: 0, Workers: 4
[25.755s][debug][gc,phases      ] GC(12)     Total                          Min: 0, Avg:  0.0, Max: 0, Diff: 0, Sum: 0, Workers: 4
[25.755s][debug][gc,phases      ] GC(12)   StringDedup Requests1 Weak     Min:  0.0, Avg:  0.0, Max:  0.0, Diff:  0.0, Sum:  0.0, Workers: 4
[25.755s][debug][gc,phases      ] GC(12)     Dead                           Min: 0, Avg:  0.0, Max: 0, Diff: 0, Sum: 0, Workers: 4
[25.755s][debug][gc,phases      ] GC(12)     Total                          Min: 0, Avg:  0.0, Max: 0, Diff: 0, Sum: 0, Workers: 4
[25.755s][debug][gc,phases      ] GC(12)   Weak JFR Old Object Samples    Min:  0.0, Avg:  0.0, Max:  0.0, Diff:  0.0, Sum:  0.0, Workers: 4
[25.755s][debug][gc,phases      ] GC(12)     Dead                           Min: 0, Avg:  0.0, Max: 0, Diff: 0, Sum: 0, Workers: 4
[25.755s][debug][gc,phases      ] GC(12)     Total                          Min: 0, Avg:  0.0, Max: 0, Diff: 0, Sum: 0, Workers: 4
[25.755s][debug][gc,phases      ] GC(12) Weak Processing 0.322ms
[25.755s][debug][gc,phases      ] GC(12) ClassLoaderData 0.078ms
[25.755s][debug][gc,phases      ] GC(12) Trigger cleanups 0.000ms
[25.769s][debug][gc,phases      ] GC(12) Class Unloading 13.861ms
[25.769s][info ][gc,phases      ] GC(12) Marking Phase 102.358ms
[25.769s][info ][gc,phases,start] GC(12) Summary Phase
[25.769s][info ][gc,phases      ] GC(12) Summary Phase 0.022ms
[25.769s][info ][gc,phases,start] GC(12) Adjust Roots
[25.784s][info ][gc,phases      ] GC(12) Adjust Roots 14.671ms
[25.784s][info ][gc,phases,start] GC(12) Compaction Phase
[26.059s][info ][gc,phases      ] GC(12) Compaction Phase 274.852ms
[26.059s][info ][gc,phases,start] GC(12) Post Compact
[26.061s][info ][gc,phases      ] GC(12) Post Compact 1.983ms
[26.061s][info ][gc,heap        ] GC(12) PSYoungGen: 203716K(1572864K)->0K(1572864K) Eden: 0K(1048576K)->0K(1048576K) From: 203716K(524288K)->0K(524288K)
[26.061s][info ][gc,heap        ] GC(12) ParOldGen: 280916K(424960K)->322021K(520704K)
[26.061s][info ][gc,metaspace   ] GC(12) Metaspace: 75175K(76096K)->75175K(76096K) NonClass: 64354K(64832K)->64354K(64832K) Class: 10820K(11264K)->10820K(11264K)
[26.061s][info ][gc             ] GC(12) Pause Full (Ergonomics) 473M->314M(2044M) 394.133ms
[26.061s][info ][gc,cpu         ] GC(12) User=1.31s Sys=0.02s Real=0.39s
[26.061s][info ][safepoint      ] Safepoint "ParallelGCFailedAllocation", Time since last: 15633058 ns, Reaching safepoint: 146100 ns, At safepoint: 510084995 ns, Total: 510231095 ns
[26.667s][info ][safepoint      ] Safepoint "ICBufferFull", Time since last: 605144145 ns, Reaching safepoint: 259101 ns, At safepoint: 4200 ns, Total: 263301 ns
[27.642s][info ][safepoint      ] Safepoint "ICBufferFull", Time since last: 975263118 ns, Reaching safepoint: 241301 ns, At safepoint: 5100 ns, Total: 246401 ns
[27.929s][info ][gc,start       ] GC(13) Pause Young (Allocation Failure)
[27.944s][debug][gc,phases      ] GC(13) Scavenge 15.694ms
[27.944s][debug][gc,ref         ] GC(13) Skipped phase 1 of Reference Processing: no references
[27.944s][debug][gc,ref         ] GC(13) ReferenceProcessor::execute queues: 1, RefProcThreadModel::Single, marks_oops_alive: false
[27.944s][debug][gc,ref         ] GC(13) Skipped phase 3 of Reference Processing: no references
[27.944s][debug][gc,ref         ] GC(13) ReferenceProcessor::execute queues: 1, RefProcThreadModel::Single, marks_oops_alive: false
[27.944s][debug][gc,phases      ] GC(13) Reference Processing 0.089ms
[27.945s][debug][gc,phases      ] GC(13)   VM Weak                        Min:  0.0, Avg:  0.0, Max:  0.0, Diff:  0.0, Sum:  0.0, Workers: 4
[27.945s][debug][gc,phases      ] GC(13)     Dead                           Min: 0, Avg:  0.0, Max: 0, Diff: 0, Sum: 0, Workers: 4
[27.945s][debug][gc,phases      ] GC(13)     Total                          Min: 0, Avg: 175.2, Max: 573, Diff: 573, Sum: 701, Workers: 4
[27.945s][debug][gc,phases      ] GC(13)   ObjectSynchronizer Weak        Min:  0.0, Avg:  0.0, Max:  0.0, Diff:  0.0, Sum:  0.0, Workers: 4
[27.945s][debug][gc,phases      ] GC(13)     Dead                           Min: 0, Avg:  0.0, Max: 0, Diff: 0, Sum: 0, Workers: 4
[27.945s][debug][gc,phases      ] GC(13)     Total                          Min: 0, Avg:  6.5, Max: 26, Diff: 26, Sum: 26, Workers: 4
[27.945s][debug][gc,phases      ] GC(13)   JVMTI Tag Weak OopStorage      Min:  0.0, Avg:  0.0, Max:  0.0, Diff:  0.0, Sum:  0.0, Workers: 4
[27.945s][debug][gc,phases      ] GC(13)     Dead                           Min: 0, Avg:  0.0, Max: 0, Diff: 0, Sum: 0, Workers: 4
[27.945s][debug][gc,phases      ] GC(13)     Total                          Min: 0, Avg:  0.0, Max: 0, Diff: 0, Sum: 0, Workers: 4
[27.945s][debug][gc,phases      ] GC(13)   StringTable Weak               Min:  0.0, Avg:  0.1, Max:  0.1, Diff:  0.1, Sum:  0.3, Workers: 4
[27.945s][debug][gc,phases      ] GC(13)     Dead                           Min: 0, Avg:  0.0, Max: 0, Diff: 0, Sum: 0, Workers: 4
[27.945s][debug][gc,phases      ] GC(13)     Total                          Min: 0, Avg: 10341.8, Max: 17536, Diff: 17536, Sum: 41367, Workers: 4
[27.945s][debug][gc,phases      ] GC(13)   ResolvedMethodTable Weak       Min:  0.0, Avg:  0.0, Max:  0.0, Diff:  0.0, Sum:  0.1, Workers: 4
[27.945s][debug][gc,phases      ] GC(13)     Dead                           Min: 0, Avg:  0.0, Max: 0, Diff: 0, Sum: 0, Workers: 4
[27.945s][debug][gc,phases      ] GC(13)     Total                          Min: 0, Avg: 2035.2, Max: 3471, Diff: 3471, Sum: 8141, Workers: 4
[27.945s][debug][gc,phases      ] GC(13)   JNI Weak                       Min:  0.0, Avg:  0.0, Max:  0.0, Diff:  0.0, Sum:  0.0, Workers: 4
[27.945s][debug][gc,phases      ] GC(13)     Dead                           Min: 0, Avg:  0.0, Max: 0, Diff: 0, Sum: 0, Workers: 4
[27.945s][debug][gc,phases      ] GC(13)     Total                          Min: 0, Avg: 17.5, Max: 47, Diff: 47, Sum: 70, Workers: 4
[27.945s][debug][gc,phases      ] GC(13)   StringDedup Table Weak         Min:  0.0, Avg:  0.0, Max:  0.0, Diff:  0.0, Sum:  0.0, Workers: 4
[27.945s][debug][gc,phases      ] GC(13)     Dead                           Min: 0, Avg:  0.0, Max: 0, Diff: 0, Sum: 0, Workers: 4
[27.945s][debug][gc,phases      ] GC(13)     Total                          Min: 0, Avg:  0.0, Max: 0, Diff: 0, Sum: 0, Workers: 4
[27.945s][debug][gc,phases      ] GC(13)   StringDedup Requests0 Weak     Min:  0.0, Avg:  0.0, Max:  0.0, Diff:  0.0, Sum:  0.0, Workers: 4
[27.945s][debug][gc,phases      ] GC(13)     Dead                           Min: 0, Avg:  0.0, Max: 0, Diff: 0, Sum: 0, Workers: 4
[27.945s][debug][gc,phases      ] GC(13)     Total                          Min: 0, Avg:  0.0, Max: 0, Diff: 0, Sum: 0, Workers: 4
[27.945s][debug][gc,phases      ] GC(13)   StringDedup Requests1 Weak     Min:  0.0, Avg:  0.0, Max:  0.0, Diff:  0.0, Sum:  0.0, Workers: 4
[27.945s][debug][gc,phases      ] GC(13)     Dead                           Min: 0, Avg:  0.0, Max: 0, Diff: 0, Sum: 0, Workers: 4
[27.945s][debug][gc,phases      ] GC(13)     Total                          Min: 0, Avg:  0.0, Max: 0, Diff: 0, Sum: 0, Workers: 4
[27.945s][debug][gc,phases      ] GC(13)   Weak JFR Old Object Samples    Min:  0.0, Avg:  0.0, Max:  0.0, Diff:  0.0, Sum:  0.0, Workers: 4
[27.945s][debug][gc,phases      ] GC(13)     Dead                           Min: 0, Avg:  0.0, Max: 0, Diff: 0, Sum: 0, Workers: 4
[27.945s][debug][gc,phases      ] GC(13)     Total                          Min: 0, Avg:  0.0, Max: 0, Diff: 0, Sum: 0, Workers: 4
[27.945s][debug][gc,phases      ] GC(13) Weak Processing 0.309ms
[27.945s][debug][gc,age         ] GC(13) Desired survivor size 536870912 bytes, new threshold 3 (max threshold 15)
[27.945s][info ][gc,heap        ] GC(13) PSYoungGen: 1048576K(1572864K)->46592K(1572864K) Eden: 1048576K(1048576K)->0K(1048576K) From: 0K(524288K)->46592K(524288K)
[27.945s][info ][gc,heap        ] GC(13) ParOldGen: 322021K(520704K)->322029K(520704K)
[27.945s][info ][gc,metaspace   ] GC(13) Metaspace: 75377K(76288K)->75377K(76288K) NonClass: 64551K(65024K)->64551K(65024K) Class: 10825K(11264K)->10825K(11264K)
[27.945s][info ][gc             ] GC(13) Pause Young (Allocation Failure) 1338M->359M(2044M) 16.213ms
[27.945s][info ][gc,cpu         ] GC(13) User=0.06s Sys=0.00s Real=0.01s
[27.945s][info ][safepoint      ] Safepoint "ParallelGCFailedAllocation", Time since last: 286180461 ns, Reaching safepoint: 133300 ns, At safepoint: 16298761 ns, Total: 16432061 ns
[28.871s][info ][safepoint      ] Safepoint "ICBufferFull", Time since last: 926390033 ns, Reaching safepoint: 217001 ns, At safepoint: 4300 ns, Total: 221301 ns
[29.872s][info ][safepoint      ] Safepoint "Cleanup", Time since last: 1000113003 ns, Reaching safepoint: 123201 ns, At safepoint: 6700 ns, Total: 129901 ns
[30.636s][info ][safepoint      ] Safepoint "ICBufferFull", Time since last: 763975227 ns, Reaching safepoint: 195901 ns, At safepoint: 9500 ns, Total: 205401 ns
[31.339s][info ][safepoint      ] Safepoint "ICBufferFull", Time since last: 703221201 ns, Reaching safepoint: 218601 ns, At safepoint: 2600 ns, Total: 221201 ns
[32.340s][info ][safepoint      ] Safepoint "Cleanup", Time since last: 1000113397 ns, Reaching safepoint: 208001 ns, At safepoint: 11400 ns, Total: 219401 ns
[33.141s][info ][safepoint      ] Safepoint "ICBufferFull", Time since last: 801103460 ns, Reaching safepoint: 178400 ns, At safepoint: 8300 ns, Total: 186700 ns
[34.141s][info ][safepoint      ] Safepoint "Cleanup", Time since last: 1000124793 ns, Reaching safepoint: 256301 ns, At safepoint: 9700 ns, Total: 266001 ns
[35.142s][info ][safepoint      ] Safepoint "Cleanup", Time since last: 1000102789 ns, Reaching safepoint: 165401 ns, At safepoint: 6500 ns, Total: 171901 ns
[36.022s][info ][gc,start       ] GC(14) Pause Young (Allocation Failure)
[36.044s][debug][gc,phases      ] GC(14) Scavenge 21.865ms
[36.044s][debug][gc,ref         ] GC(14) Skipped phase 1 of Reference Processing: no references
[36.044s][debug][gc,ref         ] GC(14) ReferenceProcessor::execute queues: 1, RefProcThreadModel::Single, marks_oops_alive: false
[36.044s][debug][gc,ref         ] GC(14) Skipped phase 3 of Reference Processing: no references
[36.044s][debug][gc,ref         ] GC(14) ReferenceProcessor::execute queues: 1, RefProcThreadModel::Single, marks_oops_alive: false
[36.044s][debug][gc,phases      ] GC(14) Reference Processing 0.101ms
[36.044s][debug][gc,phases      ] GC(14)   VM Weak                        Min:  0.0, Avg:  0.0, Max:  0.0, Diff:  0.0, Sum:  0.0, Workers: 4
[36.044s][debug][gc,phases      ] GC(14)     Dead                           Min: 0, Avg:  0.0, Max: 0, Diff: 0, Sum: 0, Workers: 4
[36.044s][debug][gc,phases      ] GC(14)     Total                          Min: 0, Avg: 176.5, Max: 386, Diff: 386, Sum: 706, Workers: 4
[36.044s][debug][gc,phases      ] GC(14)   ObjectSynchronizer Weak        Min:  0.0, Avg:  0.0, Max:  0.0, Diff:  0.0, Sum:  0.0, Workers: 4
[36.044s][debug][gc,phases      ] GC(14)     Dead                           Min: 0, Avg:  0.0, Max: 0, Diff: 0, Sum: 0, Workers: 4
[36.044s][debug][gc,phases      ] GC(14)     Total                          Min: 0, Avg:  6.5, Max: 26, Diff: 26, Sum: 26, Workers: 4
[36.044s][debug][gc,phases      ] GC(14)   JVMTI Tag Weak OopStorage      Min:  0.0, Avg:  0.0, Max:  0.0, Diff:  0.0, Sum:  0.0, Workers: 4
[36.044s][debug][gc,phases      ] GC(14)     Dead                           Min: 0, Avg:  0.0, Max: 0, Diff: 0, Sum: 0, Workers: 4
[36.044s][debug][gc,phases      ] GC(14)     Total                          Min: 0, Avg:  0.0, Max: 0, Diff: 0, Sum: 0, Workers: 4
[36.044s][debug][gc,phases      ] GC(14)   StringTable Weak               Min:  0.0, Avg:  0.1, Max:  0.2, Diff:  0.2, Sum:  0.3, Workers: 4
[36.044s][debug][gc,phases      ] GC(14)     Dead                           Min: 0, Avg:  0.2, Max: 1, Diff: 1, Sum: 1, Workers: 4
[36.044s][debug][gc,phases      ] GC(14)     Total                          Min: 0, Avg: 10427.2, Max: 25792, Diff: 25792, Sum: 41709, Workers: 4
[36.044s][debug][gc,phases      ] GC(14)   ResolvedMethodTable Weak       Min:  0.0, Avg:  0.0, Max:  0.0, Diff:  0.0, Sum:  0.1, Workers: 4
[36.044s][debug][gc,phases      ] GC(14)     Dead                           Min: 0, Avg:  0.0, Max: 0, Diff: 0, Sum: 0, Workers: 4
[36.044s][debug][gc,phases      ] GC(14)     Total                          Min: 0, Avg: 2050.2, Max: 4873, Diff: 4873, Sum: 8201, Workers: 4
[36.044s][debug][gc,phases      ] GC(14)   JNI Weak                       Min:  0.0, Avg:  0.0, Max:  0.0, Diff:  0.0, Sum:  0.0, Workers: 4
[36.044s][debug][gc,phases      ] GC(14)     Dead                           Min: 0, Avg:  0.0, Max: 0, Diff: 0, Sum: 0, Workers: 4
[36.044s][debug][gc,phases      ] GC(14)     Total                          Min: 0, Avg: 11.2, Max: 45, Diff: 45, Sum: 45, Workers: 4
[36.044s][debug][gc,phases      ] GC(14)   StringDedup Table Weak         Min:  0.0, Avg:  0.0, Max:  0.0, Diff:  0.0, Sum:  0.0, Workers: 4
[36.044s][debug][gc,phases      ] GC(14)     Dead                           Min: 0, Avg:  0.0, Max: 0, Diff: 0, Sum: 0, Workers: 4
[36.044s][debug][gc,phases      ] GC(14)     Total                          Min: 0, Avg:  0.0, Max: 0, Diff: 0, Sum: 0, Workers: 4
[36.044s][debug][gc,phases      ] GC(14)   StringDedup Requests0 Weak     Min:  0.0, Avg:  0.0, Max:  0.0, Diff:  0.0, Sum:  0.0, Workers: 4
[36.044s][debug][gc,phases      ] GC(14)     Dead                           Min: 0, Avg:  0.0, Max: 0, Diff: 0, Sum: 0, Workers: 4
[36.044s][debug][gc,phases      ] GC(14)     Total                          Min: 0, Avg:  0.0, Max: 0, Diff: 0, Sum: 0, Workers: 4
[36.044s][debug][gc,phases      ] GC(14)   StringDedup Requests1 Weak     Min:  0.0, Avg:  0.0, Max:  0.0, Diff:  0.0, Sum:  0.0, Workers: 4
[36.044s][debug][gc,phases      ] GC(14)     Dead                           Min: 0, Avg:  0.0, Max: 0, Diff: 0, Sum: 0, Workers: 4
[36.044s][debug][gc,phases      ] GC(14)     Total                          Min: 0, Avg:  0.0, Max: 0, Diff: 0, Sum: 0, Workers: 4
[36.044s][debug][gc,phases      ] GC(14)   Weak JFR Old Object Samples    Min:  0.0, Avg:  0.0, Max:  0.0, Diff:  0.0, Sum:  0.0, Workers: 4
[36.044s][debug][gc,phases      ] GC(14)     Dead                           Min: 0, Avg:  0.0, Max: 0, Diff: 0, Sum: 0, Workers: 4
[36.044s][debug][gc,phases      ] GC(14)     Total                          Min: 0, Avg:  0.0, Max: 0, Diff: 0, Sum: 0, Workers: 4
[36.045s][debug][gc,phases      ] GC(14) Weak Processing 0.366ms
[36.045s][debug][gc,age         ] GC(14) Desired survivor size 536870912 bytes, new threshold 2 (max threshold 15)
[36.045s][info ][gc,heap        ] GC(14) PSYoungGen: 1095168K(1572864K)->47671K(1572864K) Eden: 1048576K(1048576K)->0K(1048576K) From: 46592K(524288K)->47671K(524288K)
[36.045s][info ][gc,heap        ] GC(14) ParOldGen: 322029K(520704K)->322037K(520704K)
[36.045s][info ][gc,metaspace   ] GC(14) Metaspace: 75879K(76736K)->75879K(76736K) NonClass: 65029K(65472K)->65029K(65472K) Class: 10850K(11264K)->10850K(11264K)
[36.045s][info ][gc             ] GC(14) Pause Young (Allocation Failure) 1383M->361M(2044M) 22.444ms
[36.045s][info ][gc,cpu         ] GC(14) User=0.06s Sys=0.00s Real=0.02s
[36.045s][info ][safepoint      ] Safepoint "ParallelGCFailedAllocation", Time since last: 880243645 ns, Reaching safepoint: 190901 ns, At safepoint: 22516483 ns, Total: 22707384 ns
[37.045s][info ][safepoint      ] Safepoint "Cleanup", Time since last: 1000079684 ns, Reaching safepoint: 76601 ns, At safepoint: 2900 ns, Total: 79501 ns
[38.045s][info ][safepoint      ] Safepoint "Cleanup", Time since last: 1000099682 ns, Reaching safepoint: 63100 ns, At safepoint: 2300 ns, Total: 65400 ns
[39.045s][info ][safepoint      ] Safepoint "Cleanup", Time since last: 1000098579 ns, Reaching safepoint: 71500 ns, At safepoint: 2600 ns, Total: 74100 ns
[40.045s][info ][safepoint      ] Safepoint "Cleanup", Time since last: 1000104377 ns, Reaching safepoint: 114701 ns, At safepoint: 6600 ns, Total: 121301 ns
[41.459s][info ][safepoint      ] Safepoint "Cleanup", Time since last: 1413515592 ns, Reaching safepoint: 170700 ns, At safepoint: 8400 ns, Total: 179100 ns
[42.459s][info ][safepoint      ] Safepoint "Cleanup", Time since last: 1000109371 ns, Reaching safepoint: 89700 ns, At safepoint: 6900 ns, Total: 96600 ns
[43.459s][info ][safepoint      ] Safepoint "Cleanup", Time since last: 1000100468 ns, Reaching safepoint: 90400 ns, At safepoint: 7000 ns, Total: 97400 ns
[44.460s][info ][safepoint      ] Safepoint "Cleanup", Time since last: 1000111765 ns, Reaching safepoint: 54901 ns, At safepoint: 2600 ns, Total: 57501 ns
[45.460s][info ][safepoint      ] Safepoint "Cleanup", Time since last: 1000101562 ns, Reaching safepoint: 41100 ns, At safepoint: 2700 ns, Total: 43800 ns
[46.460s][info ][safepoint      ] Safepoint "Cleanup", Time since last: 1000107460 ns, Reaching safepoint: 60100 ns, At safepoint: 2500 ns, Total: 62600 ns
[47.892s][info ][safepoint      ] Safepoint "Cleanup", Time since last: 1431981336 ns, Reaching safepoint: 71301 ns, At safepoint: 3200 ns, Total: 74501 ns
[48.892s][info ][safepoint      ] Safepoint "Cleanup", Time since last: 1000101553 ns, Reaching safepoint: 57101 ns, At safepoint: 6000 ns, Total: 63101 ns
[49.892s][info ][safepoint      ] Safepoint "Cleanup", Time since last: 1000093551 ns, Reaching safepoint: 61100 ns, At safepoint: 6700 ns, Total: 67800 ns
[50.892s][info ][safepoint      ] Safepoint "Cleanup", Time since last: 1000096048 ns, Reaching safepoint: 63601 ns, At safepoint: 3500 ns, Total: 67101 ns
[51.893s][info ][safepoint      ] Safepoint "Cleanup", Time since last: 1000069146 ns, Reaching safepoint: 66800 ns, At safepoint: 2400 ns, Total: 69200 ns
[52.893s][info ][safepoint      ] Safepoint "Cleanup", Time since last: 1000050943 ns, Reaching safepoint: 68600 ns, At safepoint: 2000 ns, Total: 70600 ns
[53.893s][info ][safepoint      ] Safepoint "Cleanup", Time since last: 1000093241 ns, Reaching safepoint: 72800 ns, At safepoint: 16000 ns, Total: 88800 ns
[55.458s][info ][safepoint      ] Safepoint "Cleanup", Time since last: 1565338094 ns, Reaching safepoint: 138600 ns, At safepoint: 8100 ns, Total: 146700 ns
[56.482s][info ][safepoint      ] Safepoint "Cleanup", Time since last: 1023478619 ns, Reaching safepoint: 97601 ns, At safepoint: 8500 ns, Total: 106101 ns
[57.482s][info ][safepoint      ] Safepoint "Cleanup", Time since last: 1000102532 ns, Reaching safepoint: 127400 ns, At safepoint: 6300 ns, Total: 133700 ns
[57.787s][info ][gc,start       ] GC(15) Pause Young (Allocation Failure)
[57.806s][debug][gc,phases      ] GC(15) Scavenge 18.712ms
[57.806s][debug][gc,ref         ] GC(15) Skipped phase 1 of Reference Processing: no references
[57.806s][debug][gc,ref         ] GC(15) ReferenceProcessor::execute queues: 1, RefProcThreadModel::Single, marks_oops_alive: false
[57.806s][debug][gc,ref         ] GC(15) Skipped phase 3 of Reference Processing: no references
[57.806s][debug][gc,ref         ] GC(15) ReferenceProcessor::execute queues: 1, RefProcThreadModel::Single, marks_oops_alive: false
[57.806s][debug][gc,phases      ] GC(15) Reference Processing 0.123ms
[57.806s][debug][gc,phases      ] GC(15)   VM Weak                        Min:  0.0, Avg:  0.0, Max:  0.0, Diff:  0.0, Sum:  0.0, Workers: 4
[57.806s][debug][gc,phases      ] GC(15)     Dead                           Min: 0, Avg:  0.0, Max: 0, Diff: 0, Sum: 0, Workers: 4
[57.806s][debug][gc,phases      ] GC(15)     Total                          Min: 0, Avg: 180.8, Max: 659, Diff: 659, Sum: 723, Workers: 4
[57.806s][debug][gc,phases      ] GC(15)   ObjectSynchronizer Weak        Min:  0.0, Avg:  0.0, Max:  0.0, Diff:  0.0, Sum:  0.0, Workers: 4
[57.806s][debug][gc,phases      ] GC(15)     Dead                           Min: 0, Avg:  0.0, Max: 0, Diff: 0, Sum: 0, Workers: 4
[57.806s][debug][gc,phases      ] GC(15)     Total                          Min: 0, Avg:  6.5, Max: 26, Diff: 26, Sum: 26, Workers: 4
[57.806s][debug][gc,phases      ] GC(15)   JVMTI Tag Weak OopStorage      Min:  0.0, Avg:  0.0, Max:  0.0, Diff:  0.0, Sum:  0.0, Workers: 4
[57.806s][debug][gc,phases      ] GC(15)     Dead                           Min: 0, Avg:  0.0, Max: 0, Diff: 0, Sum: 0, Workers: 4
[57.806s][debug][gc,phases      ] GC(15)     Total                          Min: 0, Avg:  0.0, Max: 0, Diff: 0, Sum: 0, Workers: 4
[57.806s][debug][gc,phases      ] GC(15)   StringTable Weak               Min:  0.0, Avg:  0.1, Max:  0.1, Diff:  0.1, Sum:  0.4, Workers: 4
[57.806s][debug][gc,phases      ] GC(15)     Dead                           Min: 0, Avg:  0.2, Max: 1, Diff: 1, Sum: 1, Workers: 4
[57.806s][debug][gc,phases      ] GC(15)     Total                          Min: 0, Avg: 10456.5, Max: 14144, Diff: 14144, Sum: 41826, Workers: 4
[57.806s][debug][gc,phases      ] GC(15)   ResolvedMethodTable Weak       Min:  0.0, Avg:  0.0, Max:  0.0, Diff:  0.0, Sum:  0.1, Workers: 4
[57.806s][debug][gc,phases      ] GC(15)     Dead                           Min: 0, Avg:  0.0, Max: 0, Diff: 0, Sum: 0, Workers: 4
[57.806s][debug][gc,phases      ] GC(15)     Total                          Min: 0, Avg: 2014.0, Max: 2859, Diff: 2859, Sum: 8056, Workers: 4
[57.806s][debug][gc,phases      ] GC(15)   JNI Weak                       Min:  0.0, Avg:  0.0, Max:  0.0, Diff:  0.0, Sum:  0.0, Workers: 4
[57.806s][debug][gc,phases      ] GC(15)     Dead                           Min: 0, Avg:  0.0, Max: 0, Diff: 0, Sum: 0, Workers: 4
[57.806s][debug][gc,phases      ] GC(15)     Total                          Min: 0, Avg: 11.2, Max: 45, Diff: 45, Sum: 45, Workers: 4
[57.806s][debug][gc,phases      ] GC(15)   StringDedup Table Weak         Min:  0.0, Avg:  0.0, Max:  0.0, Diff:  0.0, Sum:  0.0, Workers: 4
[57.806s][debug][gc,phases      ] GC(15)     Dead                           Min: 0, Avg:  0.0, Max: 0, Diff: 0, Sum: 0, Workers: 4
[57.806s][debug][gc,phases      ] GC(15)     Total                          Min: 0, Avg:  0.0, Max: 0, Diff: 0, Sum: 0, Workers: 4
[57.806s][debug][gc,phases      ] GC(15)   StringDedup Requests0 Weak     Min:  0.0, Avg:  0.0, Max:  0.0, Diff:  0.0, Sum:  0.0, Workers: 4
[57.806s][debug][gc,phases      ] GC(15)     Dead                           Min: 0, Avg:  0.0, Max: 0, Diff: 0, Sum: 0, Workers: 4
[57.806s][debug][gc,phases      ] GC(15)     Total                          Min: 0, Avg:  0.0, Max: 0, Diff: 0, Sum: 0, Workers: 4
[57.806s][debug][gc,phases      ] GC(15)   StringDedup Requests1 Weak     Min:  0.0, Avg:  0.0, Max:  0.0, Diff:  0.0, Sum:  0.0, Workers: 4
[57.806s][debug][gc,phases      ] GC(15)     Dead                           Min: 0, Avg:  0.0, Max: 0, Diff: 0, Sum: 0, Workers: 4
[57.806s][debug][gc,phases      ] GC(15)     Total                          Min: 0, Avg:  0.0, Max: 0, Diff: 0, Sum: 0, Workers: 4
[57.806s][debug][gc,phases      ] GC(15)   Weak JFR Old Object Samples    Min:  0.0, Avg:  0.0, Max:  0.0, Diff:  0.0, Sum:  0.0, Workers: 4
[57.806s][debug][gc,phases      ] GC(15)     Dead                           Min: 0, Avg:  0.0, Max: 0, Diff: 0, Sum: 0, Workers: 4
[57.806s][debug][gc,phases      ] GC(15)     Total                          Min: 0, Avg:  0.0, Max: 0, Diff: 0, Sum: 0, Workers: 4
[57.806s][debug][gc,phases      ] GC(15) Weak Processing 0.374ms
[57.806s][debug][gc,age         ] GC(15) Desired survivor size 536870912 bytes, new threshold 1 (max threshold 15)
[57.806s][info ][gc,heap        ] GC(15) PSYoungGen: 1096247K(1572864K)->15662K(1572864K) Eden: 1048576K(1048576K)->0K(1048576K) From: 47671K(524288K)->15662K(524288K)
[57.806s][info ][gc,heap        ] GC(15) ParOldGen: 322037K(520704K)->359133K(520704K)
[57.806s][info ][gc,metaspace   ] GC(15) Metaspace: 76273K(77248K)->76273K(77248K) NonClass: 65389K(65920K)->65389K(65920K) Class: 10884K(11328K)->10884K(11328K)
[57.806s][info ][gc             ] GC(15) Pause Young (Allocation Failure) 1385M->366M(2044M) 19.341ms
[57.806s][info ][gc,cpu         ] GC(15) User=0.04s Sys=0.04s Real=0.02s
[57.807s][info ][safepoint      ] Safepoint "ParallelGCFailedAllocation", Time since last: 304852807 ns, Reaching safepoint: 76500 ns, At safepoint: 19422870 ns, Total: 19499370 ns
[58.807s][info ][safepoint      ] Safepoint "Cleanup", Time since last: 1000082029 ns, Reaching safepoint: 143700 ns, At safepoint: 5200 ns, Total: 148900 ns
[59.807s][info ][safepoint      ] Safepoint "Cleanup", Time since last: 1000099626 ns, Reaching safepoint: 58300 ns, At safepoint: 2400 ns, Total: 60700 ns
[60.807s][info ][safepoint      ] Safepoint "Cleanup", Time since last: 1000118623 ns, Reaching safepoint: 48401 ns, At safepoint: 3300 ns, Total: 51701 ns
[61.807s][info ][safepoint      ] Safepoint "Cleanup", Time since last: 1000105320 ns, Reaching safepoint: 60501 ns, At safepoint: 4700 ns, Total: 65201 ns
[62.807s][info ][safepoint      ] Safepoint "Cleanup", Time since last: 1000115818 ns, Reaching safepoint: 45300 ns, At safepoint: 2200 ns, Total: 47500 ns
[63.808s][info ][safepoint      ] Safepoint "Cleanup", Time since last: 1000095816 ns, Reaching safepoint: 55200 ns, At safepoint: 2500 ns, Total: 57700 ns
[64.808s][info ][safepoint      ] Safepoint "Cleanup", Time since last: 1000105613 ns, Reaching safepoint: 66101 ns, At safepoint: 5500 ns, Total: 71601 ns
[65.808s][info ][safepoint      ] Safepoint "Cleanup", Time since last: 1000062610 ns, Reaching safepoint: 49600 ns, At safepoint: 2200 ns, Total: 51800 ns
[66.808s][info ][safepoint      ] Safepoint "Cleanup", Time since last: 1000117909 ns, Reaching safepoint: 58800 ns, At safepoint: 2800 ns, Total: 61600 ns
[67.808s][info ][safepoint      ] Safepoint "Cleanup", Time since last: 1000121206 ns, Reaching safepoint: 51400 ns, At safepoint: 3500 ns, Total: 54900 ns
[68.808s][info ][safepoint      ] Safepoint "Cleanup", Time since last: 1000123403 ns, Reaching safepoint: 52300 ns, At safepoint: 4800 ns, Total: 57100 ns
[69.809s][info ][safepoint      ] Safepoint "Cleanup", Time since last: 1000114701 ns, Reaching safepoint: 68400 ns, At safepoint: 3501 ns, Total: 71901 ns
[70.809s][info ][safepoint      ] Safepoint "Cleanup", Time since last: 1000109498 ns, Reaching safepoint: 84700 ns, At safepoint: 11100 ns, Total: 95800 ns
[71.809s][info ][safepoint      ] Safepoint "Cleanup", Time since last: 1000138396 ns, Reaching safepoint: 68500 ns, At safepoint: 2900 ns, Total: 71400 ns
[72.809s][info ][safepoint      ] Safepoint "Cleanup", Time since last: 1000114894 ns, Reaching safepoint: 74200 ns, At safepoint: 2500 ns, Total: 76700 ns
[73.809s][info ][safepoint      ] Safepoint "Cleanup", Time since last: 1000093791 ns, Reaching safepoint: 68300 ns, At safepoint: 6300 ns, Total: 74600 ns
[74.810s][info ][safepoint      ] Safepoint "Cleanup", Time since last: 1000107889 ns, Reaching safepoint: 62200 ns, At safepoint: 5800 ns, Total: 68000 ns
[75.810s][info ][safepoint      ] Safepoint "Cleanup", Time since last: 1000106686 ns, Reaching safepoint: 53200 ns, At safepoint: 8300 ns, Total: 61500 ns
[76.810s][info ][safepoint      ] Safepoint "Cleanup", Time since last: 1000084184 ns, Reaching safepoint: 49800 ns, At safepoint: 2900 ns, Total: 52700 ns
[77.810s][info ][safepoint      ] Safepoint "Cleanup", Time since last: 1000101681 ns, Reaching safepoint: 161601 ns, At safepoint: 8900 ns, Total: 170501 ns
[78.810s][info ][safepoint      ] Safepoint "Cleanup", Time since last: 1000110478 ns, Reaching safepoint: 69401 ns, At safepoint: 2700 ns, Total: 72101 ns
[79.811s][info ][safepoint      ] Safepoint "Cleanup", Time since last: 1000108776 ns, Reaching safepoint: 120200 ns, At safepoint: 7900 ns, Total: 128100 ns
[80.811s][info ][safepoint      ] Safepoint "Cleanup", Time since last: 1000110674 ns, Reaching safepoint: 38600 ns, At safepoint: 2700 ns, Total: 41300 ns
[82.085s][info ][gc,start       ] GC(16) Pause Young (Allocation Failure)
[82.093s][debug][gc,phases      ] GC(16) Scavenge 7.784ms
[82.093s][debug][gc,ref         ] GC(16) Skipped phase 1 of Reference Processing: no references
[82.093s][debug][gc,ref         ] GC(16) ReferenceProcessor::execute queues: 1, RefProcThreadModel::Single, marks_oops_alive: false
[82.093s][debug][gc,ref         ] GC(16) Skipped phase 3 of Reference Processing: no references
[82.093s][debug][gc,ref         ] GC(16) ReferenceProcessor::execute queues: 1, RefProcThreadModel::Single, marks_oops_alive: false
[82.093s][debug][gc,phases      ] GC(16) Reference Processing 0.086ms
[82.094s][debug][gc,phases      ] GC(16)   VM Weak                        Min:  0.0, Avg:  0.0, Max:  0.0, Diff:  0.0, Sum:  0.0, Workers: 4
[82.094s][debug][gc,phases      ] GC(16)     Dead                           Min: 0, Avg:  0.0, Max: 0, Diff: 0, Sum: 0, Workers: 4
[82.094s][debug][gc,phases      ] GC(16)     Total                          Min: 0, Avg: 181.0, Max: 660, Diff: 660, Sum: 724, Workers: 4
[82.094s][debug][gc,phases      ] GC(16)   ObjectSynchronizer Weak        Min:  0.0, Avg:  0.0, Max:  0.0, Diff:  0.0, Sum:  0.0, Workers: 4
[82.094s][debug][gc,phases      ] GC(16)     Dead                           Min: 0, Avg:  0.0, Max: 0, Diff: 0, Sum: 0, Workers: 4
[82.094s][debug][gc,phases      ] GC(16)     Total                          Min: 0, Avg:  6.5, Max: 26, Diff: 26, Sum: 26, Workers: 4
[82.094s][debug][gc,phases      ] GC(16)   JVMTI Tag Weak OopStorage      Min:  0.0, Avg:  0.0, Max:  0.0, Diff:  0.0, Sum:  0.0, Workers: 4
[82.094s][debug][gc,phases      ] GC(16)     Dead                           Min: 0, Avg:  0.0, Max: 0, Diff: 0, Sum: 0, Workers: 4
[82.094s][debug][gc,phases      ] GC(16)     Total                          Min: 0, Avg:  0.0, Max: 0, Diff: 0, Sum: 0, Workers: 4
[82.094s][debug][gc,phases      ] GC(16)   StringTable Weak               Min:  0.1, Avg:  0.1, Max:  0.1, Diff:  0.0, Sum:  0.4, Workers: 4
[82.094s][debug][gc,phases      ] GC(16)     Dead                           Min: 0, Avg:  0.5, Max: 1, Diff: 1, Sum: 2, Workers: 4
[82.094s][debug][gc,phases      ] GC(16)     Total                          Min: 9408, Avg: 10466.2, Max: 11082, Diff: 1674, Sum: 41865, Workers: 4
[82.094s][debug][gc,phases      ] GC(16)   ResolvedMethodTable Weak       Min:  0.0, Avg:  0.0, Max:  0.0, Diff:  0.0, Sum:  0.1, Workers: 4
[82.094s][debug][gc,phases      ] GC(16)     Dead                           Min: 0, Avg:  0.0, Max: 0, Diff: 0, Sum: 0, Workers: 4
[82.094s][debug][gc,phases      ] GC(16)     Total                          Min: 1809, Avg: 2018.5, Max: 2244, Diff: 435, Sum: 8074, Workers: 4
[82.094s][debug][gc,phases      ] GC(16)   JNI Weak                       Min:  0.0, Avg:  0.0, Max:  0.0, Diff:  0.0, Sum:  0.0, Workers: 4
[82.094s][debug][gc,phases      ] GC(16)     Dead                           Min: 0, Avg:  0.0, Max: 0, Diff: 0, Sum: 0, Workers: 4
[82.094s][debug][gc,phases      ] GC(16)     Total                          Min: 0, Avg: 11.2, Max: 45, Diff: 45, Sum: 45, Workers: 4
[82.094s][debug][gc,phases      ] GC(16)   StringDedup Table Weak         Min:  0.0, Avg:  0.0, Max:  0.0, Diff:  0.0, Sum:  0.0, Workers: 4
[82.094s][debug][gc,phases      ] GC(16)     Dead                           Min: 0, Avg:  0.0, Max: 0, Diff: 0, Sum: 0, Workers: 4
[82.094s][debug][gc,phases      ] GC(16)     Total                          Min: 0, Avg:  0.0, Max: 0, Diff: 0, Sum: 0, Workers: 4
[82.094s][debug][gc,phases      ] GC(16)   StringDedup Requests0 Weak     Min:  0.0, Avg:  0.0, Max:  0.0, Diff:  0.0, Sum:  0.0, Workers: 4
[82.094s][debug][gc,phases      ] GC(16)     Dead                           Min: 0, Avg:  0.0, Max: 0, Diff: 0, Sum: 0, Workers: 4
[82.094s][debug][gc,phases      ] GC(16)     Total                          Min: 0, Avg:  0.0, Max: 0, Diff: 0, Sum: 0, Workers: 4
[82.094s][debug][gc,phases      ] GC(16)   StringDedup Requests1 Weak     Min:  0.0, Avg:  0.0, Max:  0.0, Diff:  0.0, Sum:  0.0, Workers: 4
[82.094s][debug][gc,phases      ] GC(16)     Dead                           Min: 0, Avg:  0.0, Max: 0, Diff: 0, Sum: 0, Workers: 4
[82.094s][debug][gc,phases      ] GC(16)     Total                          Min: 0, Avg:  0.0, Max: 0, Diff: 0, Sum: 0, Workers: 4
[82.094s][debug][gc,phases      ] GC(16)   Weak JFR Old Object Samples    Min:  0.0, Avg:  0.0, Max:  0.0, Diff:  0.0, Sum:  0.0, Workers: 4
[82.094s][debug][gc,phases      ] GC(16)     Dead                           Min: 0, Avg:  0.0, Max: 0, Diff: 0, Sum: 0, Workers: 4
[82.094s][debug][gc,phases      ] GC(16)     Total                          Min: 0, Avg:  0.0, Max: 0, Diff: 0, Sum: 0, Workers: 4
[82.094s][debug][gc,phases      ] GC(16) Weak Processing 0.267ms
[82.094s][debug][gc,age         ] GC(16) Desired survivor size 536870912 bytes, new threshold 1 (max threshold 15)
[82.094s][info ][gc,heap        ] GC(16) PSYoungGen: 1064238K(1572864K)->2576K(1572864K) Eden: 1048576K(1048576K)->0K(1048576K) From: 15662K(524288K)->2576K(524288K)
[82.094s][info ][gc,heap        ] GC(16) ParOldGen: 359133K(520704K)->372282K(520704K)
[82.094s][info ][gc,metaspace   ] GC(16) Metaspace: 76427K(77376K)->76427K(77376K) NonClass: 65530K(66048K)->65530K(66048K) Class: 10896K(11328K)->10896K(11328K)
[82.094s][info ][gc             ] GC(16) Pause Young (Allocation Failure) 1390M->366M(2044M) 8.240ms
[82.094s][info ][gc,cpu         ] GC(16) User=0.01s Sys=0.02s Real=0.01s
[82.094s][info ][safepoint      ] Safepoint "ParallelGCFailedAllocation", Time since last: 1274571652 ns, Reaching safepoint: 142400 ns, At safepoint: 8301130 ns, Total: 8443530 ns
[83.094s][info ][safepoint      ] Safepoint "Cleanup", Time since last: 1000085368 ns, Reaching safepoint: 55600 ns, At safepoint: 5700 ns, Total: 61300 ns
[84.094s][info ][safepoint      ] Safepoint "Cleanup", Time since last: 1000092466 ns, Reaching safepoint: 26900 ns, At safepoint: 2200 ns, Total: 29100 ns
[85.094s][info ][safepoint      ] Safepoint "Cleanup", Time since last: 1000105864 ns, Reaching safepoint: 66100 ns, At safepoint: 6300 ns, Total: 72400 ns
[86.094s][info ][safepoint      ] Safepoint "Cleanup", Time since last: 1000095561 ns, Reaching safepoint: 69400 ns, At safepoint: 3600 ns, Total: 73000 ns
[87.094s][info ][safepoint      ] Safepoint "Cleanup", Time since last: 1000099759 ns, Reaching safepoint: 47600 ns, At safepoint: 2600 ns, Total: 50200 ns
[89.095s][info ][safepoint      ] Safepoint "Cleanup", Time since last: 2000160110 ns, Reaching safepoint: 64500 ns, At safepoint: 2000 ns, Total: 66500 ns
[90.095s][info ][safepoint      ] Safepoint "Cleanup", Time since last: 1000109152 ns, Reaching safepoint: 48900 ns, At safepoint: 2100 ns, Total: 51000 ns
[91.095s][info ][safepoint      ] Safepoint "Cleanup", Time since last: 1000099849 ns, Reaching safepoint: 43900 ns, At safepoint: 5100 ns, Total: 49000 ns
[92.095s][info ][safepoint      ] Safepoint "Cleanup", Time since last: 1000098547 ns, Reaching safepoint: 37100 ns, At safepoint: 3500 ns, Total: 40600 ns
[93.095s][info ][safepoint      ] Safepoint "Cleanup", Time since last: 1000090545 ns, Reaching safepoint: 117400 ns, At safepoint: 6200 ns, Total: 123600 ns
[94.096s][info ][safepoint      ] Safepoint "Cleanup", Time since last: 1000102342 ns, Reaching safepoint: 52800 ns, At safepoint: 2600 ns, Total: 55400 ns
[95.096s][info ][safepoint      ] Safepoint "Cleanup", Time since last: 1000061740 ns, Reaching safepoint: 46000 ns, At safepoint: 2300 ns, Total: 48300 ns
[96.096s][info ][safepoint      ] Safepoint "Cleanup", Time since last: 1000102537 ns, Reaching safepoint: 60600 ns, At safepoint: 24601 ns, Total: 85201 ns
[97.096s][info ][safepoint      ] Safepoint "Cleanup", Time since last: 1000095734 ns, Reaching safepoint: 51101 ns, At safepoint: 9300 ns, Total: 60401 ns
[98.096s][info ][safepoint      ] Safepoint "Cleanup", Time since last: 1000101132 ns, Reaching safepoint: 43900 ns, At safepoint: 4500 ns, Total: 48400 ns
[100.096s][info ][safepoint      ] Safepoint "Cleanup", Time since last: 2000166259 ns, Reaching safepoint: 37300 ns, At safepoint: 1900 ns, Total: 39200 ns
[101.096s][info ][safepoint      ] Safepoint "Cleanup", Time since last: 1000103625 ns, Reaching safepoint: 29900 ns, At safepoint: 2600 ns, Total: 32500 ns
[102.097s][info ][safepoint      ] Safepoint "Cleanup", Time since last: 1000112224 ns, Reaching safepoint: 51100 ns, At safepoint: 7100 ns, Total: 58200 ns
[103.097s][info ][safepoint      ] Safepoint "Cleanup", Time since last: 1000108221 ns, Reaching safepoint: 50700 ns, At safepoint: 3400 ns, Total: 54100 ns
[104.097s][info ][safepoint      ] Safepoint "Cleanup", Time since last: 1000083619 ns, Reaching safepoint: 47300 ns, At safepoint: 3600 ns, Total: 50900 ns
[105.097s][info ][safepoint      ] Safepoint "Cleanup", Time since last: 1000104916 ns, Reaching safepoint: 43200 ns, At safepoint: 5700 ns, Total: 48900 ns
[106.097s][info ][safepoint      ] Safepoint "Cleanup", Time since last: 1000092614 ns, Reaching safepoint: 37900 ns, At safepoint: 3900 ns, Total: 41800 ns
[107.033s][info ][gc,start       ] GC(17) Pause Young (Allocation Failure)
[107.038s][debug][gc,phases      ] GC(17) Scavenge 4.795ms
[107.038s][debug][gc,ref         ] GC(17) Skipped phase 1 of Reference Processing: no references
[107.038s][debug][gc,ref         ] GC(17) ReferenceProcessor::execute queues: 1, RefProcThreadModel::Single, marks_oops_alive: false
[107.038s][debug][gc,ref         ] GC(17) Skipped phase 3 of Reference Processing: no references
[107.038s][debug][gc,ref         ] GC(17) ReferenceProcessor::execute queues: 1, RefProcThreadModel::Single, marks_oops_alive: false
[107.038s][debug][gc,phases      ] GC(17) Reference Processing 0.098ms
[107.038s][debug][gc,phases      ] GC(17)   VM Weak                        Min:  0.0, Avg:  0.0, Max:  0.0, Diff:  0.0, Sum:  0.0, Workers: 4
[107.038s][debug][gc,phases      ] GC(17)     Dead                           Min: 0, Avg:  0.0, Max: 0, Diff: 0, Sum: 0, Workers: 4
[107.038s][debug][gc,phases      ] GC(17)     Total                          Min: 0, Avg: 181.0, Max: 660, Diff: 660, Sum: 724, Workers: 4
[107.038s][debug][gc,phases      ] GC(17)   ObjectSynchronizer Weak        Min:  0.0, Avg:  0.0, Max:  0.0, Diff:  0.0, Sum:  0.0, Workers: 4
[107.038s][debug][gc,phases      ] GC(17)     Dead                           Min: 0, Avg:  0.0, Max: 0, Diff: 0, Sum: 0, Workers: 4
[107.038s][debug][gc,phases      ] GC(17)     Total                          Min: 0, Avg:  6.5, Max: 26, Diff: 26, Sum: 26, Workers: 4
[107.038s][debug][gc,phases      ] GC(17)   JVMTI Tag Weak OopStorage      Min:  0.0, Avg:  0.0, Max:  0.0, Diff:  0.0, Sum:  0.0, Workers: 4
[107.038s][debug][gc,phases      ] GC(17)     Dead                           Min: 0, Avg:  0.0, Max: 0, Diff: 0, Sum: 0, Workers: 4
[107.038s][debug][gc,phases      ] GC(17)     Total                          Min: 0, Avg:  0.0, Max: 0, Diff: 0, Sum: 0, Workers: 4
[107.038s][debug][gc,phases      ] GC(17)   StringTable Weak               Min:  0.0, Avg:  0.1, Max:  0.1, Diff:  0.1, Sum:  0.4, Workers: 4
[107.038s][debug][gc,phases      ] GC(17)     Dead                           Min: 0, Avg:  0.2, Max: 1, Diff: 1, Sum: 1, Workers: 4
[107.038s][debug][gc,phases      ] GC(17)     Total                          Min: 0, Avg: 10479.8, Max: 14207, Diff: 14207, Sum: 41919, Workers: 4
[107.038s][debug][gc,phases      ] GC(17)   ResolvedMethodTable Weak       Min:  0.0, Avg:  0.0, Max:  0.0, Diff:  0.0, Sum:  0.1, Workers: 4
[107.038s][debug][gc,phases      ] GC(17)     Dead                           Min: 0, Avg:  6.2, Max: 15, Diff: 15, Sum: 25, Workers: 4
[107.038s][debug][gc,phases      ] GC(17)     Total                          Min: 0, Avg: 2028.5, Max: 2880, Diff: 2880, Sum: 8114, Workers: 4
[107.038s][debug][gc,phases      ] GC(17)   JNI Weak                       Min:  0.0, Avg:  0.0, Max:  0.0, Diff:  0.0, Sum:  0.0, Workers: 4
[107.038s][debug][gc,phases      ] GC(17)     Dead                           Min: 0, Avg:  0.0, Max: 0, Diff: 0, Sum: 0, Workers: 4
[107.038s][debug][gc,phases      ] GC(17)     Total                          Min: 0, Avg: 11.2, Max: 45, Diff: 45, Sum: 45, Workers: 4
[107.038s][debug][gc,phases      ] GC(17)   StringDedup Table Weak         Min:  0.0, Avg:  0.0, Max:  0.0, Diff:  0.0, Sum:  0.0, Workers: 4
[107.038s][debug][gc,phases      ] GC(17)     Dead                           Min: 0, Avg:  0.0, Max: 0, Diff: 0, Sum: 0, Workers: 4
[107.038s][debug][gc,phases      ] GC(17)     Total                          Min: 0, Avg:  0.0, Max: 0, Diff: 0, Sum: 0, Workers: 4
[107.038s][debug][gc,phases      ] GC(17)   StringDedup Requests0 Weak     Min:  0.0, Avg:  0.0, Max:  0.0, Diff:  0.0, Sum:  0.0, Workers: 4
[107.038s][debug][gc,phases      ] GC(17)     Dead                           Min: 0, Avg:  0.0, Max: 0, Diff: 0, Sum: 0, Workers: 4
[107.038s][debug][gc,phases      ] GC(17)     Total                          Min: 0, Avg:  0.0, Max: 0, Diff: 0, Sum: 0, Workers: 4
[107.038s][debug][gc,phases      ] GC(17)   StringDedup Requests1 Weak     Min:  0.0, Avg:  0.0, Max:  0.0, Diff:  0.0, Sum:  0.0, Workers: 4
[107.038s][debug][gc,phases      ] GC(17)     Dead                           Min: 0, Avg:  0.0, Max: 0, Diff: 0, Sum: 0, Workers: 4
[107.038s][debug][gc,phases      ] GC(17)     Total                          Min: 0, Avg:  0.0, Max: 0, Diff: 0, Sum: 0, Workers: 4
[107.038s][debug][gc,phases      ] GC(17)   Weak JFR Old Object Samples    Min:  0.0, Avg:  0.0, Max:  0.0, Diff:  0.0, Sum:  0.0, Workers: 4
[107.038s][debug][gc,phases      ] GC(17)     Dead                           Min: 0, Avg:  0.0, Max: 0, Diff: 0, Sum: 0, Workers: 4
[107.038s][debug][gc,phases      ] GC(17)     Total                          Min: 0, Avg:  0.0, Max: 0, Diff: 0, Sum: 0, Workers: 4
[107.038s][debug][gc,phases      ] GC(17) Weak Processing 0.372ms
[107.038s][debug][gc,age         ] GC(17) Desired survivor size 536870912 bytes, new threshold 1 (max threshold 15)
[107.038s][info ][gc,heap        ] GC(17) PSYoungGen: 1051152K(1572864K)->3196K(1572864K) Eden: 1048576K(1048576K)->0K(1048576K) From: 2576K(524288K)->3196K(524288K)
[107.038s][info ][gc,heap        ] GC(17) ParOldGen: 372282K(520704K)->373138K(520704K)
[107.038s][info ][gc,metaspace   ] GC(17) Metaspace: 76589K(77504K)->76589K(77504K) NonClass: 65681K(66176K)->65681K(66176K) Class: 10907K(11328K)->10907K(11328K)
[107.038s][info ][gc             ] GC(17) Pause Young (Allocation Failure) 1390M->367M(2044M) 5.352ms
[107.038s][info ][gc,cpu         ] GC(17) User=0.01s Sys=0.01s Real=0.01s
[107.038s][info ][safepoint      ] Safepoint "ParallelGCFailedAllocation", Time since last: 935526585 ns, Reaching safepoint: 122501 ns, At safepoint: 5405019 ns, Total: 5527520 ns
[108.039s][info ][safepoint      ] Safepoint "Cleanup", Time since last: 1000104309 ns, Reaching safepoint: 115201 ns, At safepoint: 6300 ns, Total: 121501 ns
[109.039s][info ][safepoint      ] Safepoint "Cleanup", Time since last: 1000113107 ns, Reaching safepoint: 119500 ns, At safepoint: 6600 ns, Total: 126100 ns
[111.039s][info ][safepoint      ] Safepoint "Cleanup", Time since last: 2000178308 ns, Reaching safepoint: 117300 ns, At safepoint: 5000 ns, Total: 122300 ns
[112.039s][info ][safepoint      ] Safepoint "Cleanup", Time since last: 1000108101 ns, Reaching safepoint: 116000 ns, At safepoint: 6900 ns, Total: 122900 ns
[113.039s][info ][safepoint      ] Safepoint "Cleanup", Time since last: 1000103998 ns, Reaching safepoint: 109801 ns, At safepoint: 11800 ns, Total: 121601 ns
[114.040s][info ][safepoint      ] Safepoint "Cleanup", Time since last: 1000113496 ns, Reaching safepoint: 132300 ns, At safepoint: 3900 ns, Total: 136200 ns
[115.040s][info ][safepoint      ] Safepoint "Cleanup", Time since last: 1000104694 ns, Reaching safepoint: 108000 ns, At safepoint: 5500 ns, Total: 113500 ns
[116.040s][info ][safepoint      ] Safepoint "Cleanup", Time since last: 1000102791 ns, Reaching safepoint: 105101 ns, At safepoint: 7600 ns, Total: 112701 ns
[117.040s][info ][safepoint      ] Safepoint "Cleanup", Time since last: 1000110189 ns, Reaching safepoint: 114800 ns, At safepoint: 5300 ns, Total: 120100 ns
[118.041s][info ][safepoint      ] Safepoint "Cleanup", Time since last: 1000108087 ns, Reaching safepoint: 109900 ns, At safepoint: 6700 ns, Total: 116600 ns
[119.041s][info ][safepoint      ] Safepoint "Cleanup", Time since last: 1000112685 ns, Reaching safepoint: 57400 ns, At safepoint: 7800 ns, Total: 65200 ns
[120.041s][info ][safepoint      ] Safepoint "Cleanup", Time since last: 1000097782 ns, Reaching safepoint: 101301 ns, At safepoint: 5500 ns, Total: 106801 ns
[121.041s][info ][safepoint      ] Safepoint "Cleanup", Time since last: 1000098080 ns, Reaching safepoint: 53500 ns, At safepoint: 2800 ns, Total: 56300 ns
[122.041s][info ][safepoint      ] Safepoint "Cleanup", Time since last: 1000105878 ns, Reaching safepoint: 26600 ns, At safepoint: 2400 ns, Total: 29000 ns
[123.042s][info ][safepoint      ] Safepoint "Cleanup", Time since last: 1000106675 ns, Reaching safepoint: 118101 ns, At safepoint: 6000 ns, Total: 124101 ns
[124.042s][info ][safepoint      ] Safepoint "Cleanup", Time since last: 1000120173 ns, Reaching safepoint: 31700 ns, At safepoint: 7700 ns, Total: 39400 ns
[125.042s][info ][safepoint      ] Safepoint "Cleanup", Time since last: 1000100571 ns, Reaching safepoint: 39300 ns, At safepoint: 4000 ns, Total: 43300 ns
[126.539s][info ][safepoint      ] Safepoint "Cleanup", Time since last: 1496957192 ns, Reaching safepoint: 103600 ns, At safepoint: 9300 ns, Total: 112900 ns
[127.539s][info ][safepoint      ] Safepoint "Cleanup", Time since last: 1000098766 ns, Reaching safepoint: 141800 ns, At safepoint: 8600 ns, Total: 150400 ns
[128.539s][info ][safepoint      ] Safepoint "Cleanup", Time since last: 1000074763 ns, Reaching safepoint: 100401 ns, At safepoint: 6700 ns, Total: 107101 ns
[129.540s][info ][safepoint      ] Safepoint "Cleanup", Time since last: 1000118561 ns, Reaching safepoint: 119200 ns, At safepoint: 7200 ns, Total: 126400 ns
[131.540s][info ][safepoint      ] Safepoint "Cleanup", Time since last: 2000162516 ns, Reaching safepoint: 104300 ns, At safepoint: 5400 ns, Total: 109700 ns
[132.540s][info ][safepoint      ] Safepoint "Cleanup", Time since last: 1000102755 ns, Reaching safepoint: 99900 ns, At safepoint: 6600 ns, Total: 106500 ns
[133.591s][info ][safepoint      ] Safepoint "Cleanup", Time since last: 1051203029 ns, Reaching safepoint: 55100 ns, At safepoint: 4800 ns, Total: 59900 ns
[133.887s][info ][gc,start       ] GC(18) Pause Young (Allocation Failure)
[133.890s][debug][gc,phases      ] GC(18) Scavenge 3.077ms
[133.890s][debug][gc,ref         ] GC(18) Skipped phase 1 of Reference Processing: no references
[133.890s][debug][gc,ref         ] GC(18) ReferenceProcessor::execute queues: 1, RefProcThreadModel::Single, marks_oops_alive: false
[133.890s][debug][gc,ref         ] GC(18) Skipped phase 3 of Reference Processing: no references
[133.890s][debug][gc,ref         ] GC(18) ReferenceProcessor::execute queues: 1, RefProcThreadModel::Single, marks_oops_alive: false
[133.890s][debug][gc,phases      ] GC(18) Reference Processing 0.107ms
[133.891s][debug][gc,phases      ] GC(18)   VM Weak                        Min:  0.0, Avg:  0.0, Max:  0.0, Diff:  0.0, Sum:  0.0, Workers: 4
[133.891s][debug][gc,phases      ] GC(18)     Dead                           Min: 0, Avg:  0.0, Max: 0, Diff: 0, Sum: 0, Workers: 4
[133.891s][debug][gc,phases      ] GC(18)     Total                          Min: 0, Avg: 181.0, Max: 724, Diff: 724, Sum: 724, Workers: 4
[133.891s][debug][gc,phases      ] GC(18)   ObjectSynchronizer Weak        Min:  0.0, Avg:  0.0, Max:  0.0, Diff:  0.0, Sum:  0.0, Workers: 4
[133.891s][debug][gc,phases      ] GC(18)     Dead                           Min: 0, Avg:  0.0, Max: 0, Diff: 0, Sum: 0, Workers: 4
[133.891s][debug][gc,phases      ] GC(18)     Total                          Min: 0, Avg:  6.8, Max: 27, Diff: 27, Sum: 27, Workers: 4
[133.891s][debug][gc,phases      ] GC(18)   JVMTI Tag Weak OopStorage      Min:  0.0, Avg:  0.0, Max:  0.0, Diff:  0.0, Sum:  0.0, Workers: 4
[133.891s][debug][gc,phases      ] GC(18)     Dead                           Min: 0, Avg:  0.0, Max: 0, Diff: 0, Sum: 0, Workers: 4
[133.891s][debug][gc,phases      ] GC(18)     Total                          Min: 0, Avg:  0.0, Max: 0, Diff: 0, Sum: 0, Workers: 4
[133.891s][debug][gc,phases      ] GC(18)   StringTable Weak               Min:  0.0, Avg:  0.1, Max:  0.1, Diff:  0.1, Sum:  0.3, Workers: 4
[133.891s][debug][gc,phases      ] GC(18)     Dead                           Min: 0, Avg:  0.0, Max: 0, Diff: 0, Sum: 0, Workers: 4
[133.891s][debug][gc,phases      ] GC(18)     Total                          Min: 0, Avg: 10486.0, Max: 15936, Diff: 15936, Sum: 41944, Workers: 4
[133.891s][debug][gc,phases      ] GC(18)   ResolvedMethodTable Weak       Min:  0.0, Avg:  0.0, Max:  0.0, Diff:  0.0, Sum:  0.1, Workers: 4
[133.891s][debug][gc,phases      ] GC(18)     Dead                           Min: 0, Avg:  0.2, Max: 1, Diff: 1, Sum: 1, Workers: 4
[133.891s][debug][gc,phases      ] GC(18)     Total                          Min: 0, Avg: 2029.2, Max: 3423, Diff: 3423, Sum: 8117, Workers: 4
[133.891s][debug][gc,phases      ] GC(18)   JNI Weak                       Min:  0.0, Avg:  0.0, Max:  0.0, Diff:  0.0, Sum:  0.0, Workers: 4
[133.891s][debug][gc,phases      ] GC(18)     Dead                           Min: 0, Avg:  0.0, Max: 0, Diff: 0, Sum: 0, Workers: 4
[133.891s][debug][gc,phases      ] GC(18)     Total                          Min: 0, Avg: 11.2, Max: 45, Diff: 45, Sum: 45, Workers: 4
[133.891s][debug][gc,phases      ] GC(18)   StringDedup Table Weak         Min:  0.0, Avg:  0.0, Max:  0.0, Diff:  0.0, Sum:  0.0, Workers: 4
[133.891s][debug][gc,phases      ] GC(18)     Dead                           Min: 0, Avg:  0.0, Max: 0, Diff: 0, Sum: 0, Workers: 4
[133.891s][debug][gc,phases      ] GC(18)     Total                          Min: 0, Avg:  0.0, Max: 0, Diff: 0, Sum: 0, Workers: 4
[133.891s][debug][gc,phases      ] GC(18)   StringDedup Requests0 Weak     Min:  0.0, Avg:  0.0, Max:  0.0, Diff:  0.0, Sum:  0.0, Workers: 4
[133.891s][debug][gc,phases      ] GC(18)     Dead                           Min: 0, Avg:  0.0, Max: 0, Diff: 0, Sum: 0, Workers: 4
[133.891s][debug][gc,phases      ] GC(18)     Total                          Min: 0, Avg:  0.0, Max: 0, Diff: 0, Sum: 0, Workers: 4
[133.891s][debug][gc,phases      ] GC(18)   StringDedup Requests1 Weak     Min:  0.0, Avg:  0.0, Max:  0.0, Diff:  0.0, Sum:  0.0, Workers: 4
[133.891s][debug][gc,phases      ] GC(18)     Dead                           Min: 0, Avg:  0.0, Max: 0, Diff: 0, Sum: 0, Workers: 4
[133.891s][debug][gc,phases      ] GC(18)     Total                          Min: 0, Avg:  0.0, Max: 0, Diff: 0, Sum: 0, Workers: 4
[133.891s][debug][gc,phases      ] GC(18)   Weak JFR Old Object Samples    Min:  0.0, Avg:  0.0, Max:  0.0, Diff:  0.0, Sum:  0.0, Workers: 4
[133.891s][debug][gc,phases      ] GC(18)     Dead                           Min: 0, Avg:  0.0, Max: 0, Diff: 0, Sum: 0, Workers: 4
[133.891s][debug][gc,phases      ] GC(18)     Total                          Min: 0, Avg:  0.0, Max: 0, Diff: 0, Sum: 0, Workers: 4
[133.891s][debug][gc,phases      ] GC(18) Weak Processing 0.299ms
[133.891s][debug][gc,age         ] GC(18) Desired survivor size 536870912 bytes, new threshold 1 (max threshold 15)
[133.891s][info ][gc,heap        ] GC(18) PSYoungGen: 1051772K(1572864K)->2400K(1572864K) Eden: 1048576K(1048576K)->0K(1048576K) From: 3196K(524288K)->2400K(524288K)
[133.891s][info ][gc,heap        ] GC(18) ParOldGen: 373138K(520704K)->374462K(520704K)
[133.891s][info ][gc,metaspace   ] GC(18) Metaspace: 76642K(77568K)->76642K(77568K) NonClass: 65733K(66240K)->65733K(66240K) Class: 10908K(11328K)->10908K(11328K)
[133.891s][info ][gc             ] GC(18) Pause Young (Allocation Failure) 1391M->368M(2044M) 3.573ms
[133.891s][info ][gc,cpu         ] GC(18) User=0.01s Sys=0.00s Real=0.00s
[133.891s][info ][safepoint      ] Safepoint "ParallelGCFailedAllocation", Time since last: 295708220 ns, Reaching safepoint: 41201 ns, At safepoint: 3630512 ns, Total: 3671713 ns
[134.891s][info ][safepoint      ] Safepoint "Cleanup", Time since last: 1000083749 ns, Reaching safepoint: 117701 ns, At safepoint: 5100 ns, Total: 122801 ns
[135.891s][info ][safepoint      ] Safepoint "Cleanup", Time since last: 1000105447 ns, Reaching safepoint: 25800 ns, At safepoint: 1900 ns, Total: 27700 ns
[136.891s][info ][safepoint      ] Safepoint "Cleanup", Time since last: 1000092645 ns, Reaching safepoint: 26700 ns, At safepoint: 3100 ns, Total: 29800 ns
[137.891s][info ][safepoint      ] Safepoint "Cleanup", Time since last: 1000112543 ns, Reaching safepoint: 37700 ns, At safepoint: 2600 ns, Total: 40300 ns
[138.891s][info ][safepoint      ] Safepoint "Cleanup", Time since last: 1000111241 ns, Reaching safepoint: 48700 ns, At safepoint: 4300 ns, Total: 53000 ns
[139.892s][info ][safepoint      ] Safepoint "Cleanup", Time since last: 1000104739 ns, Reaching safepoint: 34400 ns, At safepoint: 2300 ns, Total: 36700 ns
[140.892s][info ][safepoint      ] Safepoint "Cleanup", Time since last: 1000097836 ns, Reaching safepoint: 91201 ns, At safepoint: 9900 ns, Total: 101101 ns
[141.892s][info ][safepoint      ] Safepoint "Cleanup", Time since last: 1000108734 ns, Reaching safepoint: 41900 ns, At safepoint: 3200 ns, Total: 45100 ns
[142.892s][info ][safepoint      ] Safepoint "Cleanup", Time since last: 1000102432 ns, Reaching safepoint: 39800 ns, At safepoint: 4300 ns, Total: 44100 ns
[144.892s][info ][safepoint      ] Safepoint "Cleanup", Time since last: 2000165058 ns, Reaching safepoint: 51500 ns, At safepoint: 2100 ns, Total: 53600 ns
[145.892s][info ][safepoint      ] Safepoint "Cleanup", Time since last: 1000098926 ns, Reaching safepoint: 43400 ns, At safepoint: 4700 ns, Total: 48100 ns
[146.893s][info ][safepoint      ] Safepoint "Cleanup", Time since last: 1000109723 ns, Reaching safepoint: 35800 ns, At safepoint: 2000 ns, Total: 37800 ns
[148.893s][info ][safepoint      ] Safepoint "Cleanup", Time since last: 2000163041 ns, Reaching safepoint: 29900 ns, At safepoint: 2600 ns, Total: 32500 ns
[149.893s][info ][safepoint      ] Safepoint "Cleanup", Time since last: 1000110417 ns, Reaching safepoint: 46600 ns, At safepoint: 4200 ns, Total: 50800 ns
[150.893s][info ][safepoint      ] Safepoint "Cleanup", Time since last: 1000107815 ns, Reaching safepoint: 49201 ns, At safepoint: 13900 ns, Total: 63101 ns
[151.893s][info ][safepoint      ] Safepoint "Cleanup", Time since last: 1000098213 ns, Reaching safepoint: 27300 ns, At safepoint: 2800 ns, Total: 30100 ns
[153.894s][info ][safepoint      ] Safepoint "Cleanup", Time since last: 2000167119 ns, Reaching safepoint: 42900 ns, At safepoint: 3500 ns, Total: 46400 ns
[154.894s][info ][safepoint      ] Safepoint "Cleanup", Time since last: 1000107107 ns, Reaching safepoint: 60500 ns, At safepoint: 2900 ns, Total: 63400 ns
[155.894s][info ][safepoint      ] Safepoint "Cleanup", Time since last: 1000105805 ns, Reaching safepoint: 39200 ns, At safepoint: 3600 ns, Total: 42800 ns
[156.894s][info ][safepoint      ] Safepoint "Cleanup", Time since last: 1000114702 ns, Reaching safepoint: 41100 ns, At safepoint: 10600 ns, Total: 51700 ns
[157.894s][info ][safepoint      ] Safepoint "Cleanup", Time since last: 1000103301 ns, Reaching safepoint: 47300 ns, At safepoint: 2900 ns, Total: 50200 ns
[158.894s][info ][safepoint      ] Safepoint "Cleanup", Time since last: 1000101998 ns, Reaching safepoint: 45700 ns, At safepoint: 2500 ns, Total: 48200 ns
[159.640s][info ][gc,start       ] GC(19) Pause Young (Allocation Failure)
[159.643s][debug][gc,phases      ] GC(19) Scavenge 3.389ms
[159.643s][debug][gc,ref         ] GC(19) Skipped phase 1 of Reference Processing: no references
[159.644s][debug][gc,ref         ] GC(19) ReferenceProcessor::execute queues: 1, RefProcThreadModel::Single, marks_oops_alive: false
[159.644s][debug][gc,ref         ] GC(19) Skipped phase 3 of Reference Processing: no references
[159.644s][debug][gc,ref         ] GC(19) ReferenceProcessor::execute queues: 1, RefProcThreadModel::Single, marks_oops_alive: false
[159.644s][debug][gc,phases      ] GC(19) Reference Processing 0.086ms
[159.644s][debug][gc,phases      ] GC(19)   VM Weak                        Min:  0.0, Avg:  0.0, Max:  0.0, Diff:  0.0, Sum:  0.0, Workers: 4
[159.644s][debug][gc,phases      ] GC(19)     Dead                           Min: 0, Avg:  0.0, Max: 0, Diff: 0, Sum: 0, Workers: 4
[159.644s][debug][gc,phases      ] GC(19)     Total                          Min: 0, Avg: 183.2, Max: 477, Diff: 477, Sum: 733, Workers: 4
[159.644s][debug][gc,phases      ] GC(19)   ObjectSynchronizer Weak        Min:  0.0, Avg:  0.0, Max:  0.0, Diff:  0.0, Sum:  0.0, Workers: 4
[159.644s][debug][gc,phases      ] GC(19)     Dead                           Min: 0, Avg:  0.0, Max: 0, Diff: 0, Sum: 0, Workers: 4
[159.644s][debug][gc,phases      ] GC(19)     Total                          Min: 0, Avg:  6.8, Max: 27, Diff: 27, Sum: 27, Workers: 4
[159.644s][debug][gc,phases      ] GC(19)   JVMTI Tag Weak OopStorage      Min:  0.0, Avg:  0.0, Max:  0.0, Diff:  0.0, Sum:  0.0, Workers: 4
[159.644s][debug][gc,phases      ] GC(19)     Dead                           Min: 0, Avg:  0.0, Max: 0, Diff: 0, Sum: 0, Workers: 4
[159.644s][debug][gc,phases      ] GC(19)     Total                          Min: 0, Avg:  0.0, Max: 0, Diff: 0, Sum: 0, Workers: 4
[159.644s][debug][gc,phases      ] GC(19)   StringTable Weak               Min:  0.1, Avg:  0.1, Max:  0.1, Diff:  0.0, Sum:  0.4, Workers: 4
[159.644s][debug][gc,phases      ] GC(19)     Dead                           Min: 0, Avg:  0.0, Max: 0, Diff: 0, Sum: 0, Workers: 4
[159.644s][debug][gc,phases      ] GC(19)     Total                          Min: 9408, Avg: 10489.8, Max: 11008, Diff: 1600, Sum: 41959, Workers: 4
[159.644s][debug][gc,phases      ] GC(19)   ResolvedMethodTable Weak       Min:  0.0, Avg:  0.0, Max:  0.0, Diff:  0.0, Sum:  0.1, Workers: 4
[159.644s][debug][gc,phases      ] GC(19)     Dead                           Min: 0, Avg:  0.0, Max: 0, Diff: 0, Sum: 0, Workers: 4
[159.644s][debug][gc,phases      ] GC(19)     Total                          Min: 1827, Avg: 2036.8, Max: 2180, Diff: 353, Sum: 8147, Workers: 4
[159.644s][debug][gc,phases      ] GC(19)   JNI Weak                       Min:  0.0, Avg:  0.0, Max:  0.0, Diff:  0.0, Sum:  0.0, Workers: 4
[159.644s][debug][gc,phases      ] GC(19)     Dead                           Min: 0, Avg:  0.0, Max: 0, Diff: 0, Sum: 0, Workers: 4
[159.644s][debug][gc,phases      ] GC(19)     Total                          Min: 0, Avg: 11.2, Max: 45, Diff: 45, Sum: 45, Workers: 4
[159.644s][debug][gc,phases      ] GC(19)   StringDedup Table Weak         Min:  0.0, Avg:  0.0, Max:  0.0, Diff:  0.0, Sum:  0.0, Workers: 4
[159.644s][debug][gc,phases      ] GC(19)     Dead                           Min: 0, Avg:  0.0, Max: 0, Diff: 0, Sum: 0, Workers: 4
[159.644s][debug][gc,phases      ] GC(19)     Total                          Min: 0, Avg:  0.0, Max: 0, Diff: 0, Sum: 0, Workers: 4
[159.644s][debug][gc,phases      ] GC(19)   StringDedup Requests0 Weak     Min:  0.0, Avg:  0.0, Max:  0.0, Diff:  0.0, Sum:  0.0, Workers: 4
[159.644s][debug][gc,phases      ] GC(19)     Dead                           Min: 0, Avg:  0.0, Max: 0, Diff: 0, Sum: 0, Workers: 4
[159.644s][debug][gc,phases      ] GC(19)     Total                          Min: 0, Avg:  0.0, Max: 0, Diff: 0, Sum: 0, Workers: 4
[159.644s][debug][gc,phases      ] GC(19)   StringDedup Requests1 Weak     Min:  0.0, Avg:  0.0, Max:  0.0, Diff:  0.0, Sum:  0.0, Workers: 4
[159.644s][debug][gc,phases      ] GC(19)     Dead                           Min: 0, Avg:  0.0, Max: 0, Diff: 0, Sum: 0, Workers: 4
[159.644s][debug][gc,phases      ] GC(19)     Total                          Min: 0, Avg:  0.0, Max: 0, Diff: 0, Sum: 0, Workers: 4
[159.644s][debug][gc,phases      ] GC(19)   Weak JFR Old Object Samples    Min:  0.0, Avg:  0.0, Max:  0.0, Diff:  0.0, Sum:  0.0, Workers: 4
[159.644s][debug][gc,phases      ] GC(19)     Dead                           Min: 0, Avg:  0.0, Max: 0, Diff: 0, Sum: 0, Workers: 4
[159.644s][debug][gc,phases      ] GC(19)     Total                          Min: 0, Avg:  0.0, Max: 0, Diff: 0, Sum: 0, Workers: 4
[159.644s][debug][gc,phases      ] GC(19) Weak Processing 0.268ms
[159.644s][debug][gc,age         ] GC(19) Desired survivor size 536870912 bytes, new threshold 1 (max threshold 15)
[159.644s][info ][gc,heap        ] GC(19) PSYoungGen: 1050976K(1572864K)->2112K(1572864K) Eden: 1048576K(1048576K)->0K(1048576K) From: 2400K(524288K)->2112K(524288K)
[159.644s][info ][gc,heap        ] GC(19) ParOldGen: 374462K(520704K)->375807K(520704K)
[159.644s][info ][gc,metaspace   ] GC(19) Metaspace: 76709K(77696K)->76709K(77696K) NonClass: 65791K(66304K)->65791K(66304K) Class: 10917K(11392K)->10917K(11392K)
[159.644s][info ][gc             ] GC(19) Pause Young (Allocation Failure) 1392M->369M(2044M) 3.838ms
[159.644s][info ][gc,cpu         ] GC(19) User=0.00s Sys=0.02s Real=0.00s
[159.644s][info ][safepoint      ] Safepoint "ParallelGCFailedAllocation", Time since last: 745655132 ns, Reaching safepoint: 36001 ns, At safepoint: 3893513 ns, Total: 3929514 ns
[160.644s][info ][safepoint      ] Safepoint "Cleanup", Time since last: 1000084794 ns, Reaching safepoint: 43500 ns, At safepoint: 5500 ns, Total: 49000 ns
[161.644s][info ][safepoint      ] Safepoint "Cleanup", Time since last: 1000095893 ns, Reaching safepoint: 35800 ns, At safepoint: 3200 ns, Total: 39000 ns
[162.644s][info ][safepoint      ] Safepoint "Cleanup", Time since last: 1000094691 ns, Reaching safepoint: 43300 ns, At safepoint: 4400 ns, Total: 47700 ns
[163.644s][info ][safepoint      ] Safepoint "Cleanup", Time since last: 1000097988 ns, Reaching safepoint: 50200 ns, At safepoint: 6100 ns, Total: 56300 ns
[164.645s][info ][safepoint      ] Safepoint "Cleanup", Time since last: 1000101687 ns, Reaching safepoint: 53000 ns, At safepoint: 7000 ns, Total: 60000 ns
[165.645s][info ][safepoint      ] Safepoint "Cleanup", Time since last: 1000099284 ns, Reaching safepoint: 38100 ns, At safepoint: 6100 ns, Total: 44200 ns
[168.645s][info ][safepoint      ] Safepoint "Cleanup", Time since last: 3000234141 ns, Reaching safepoint: 42100 ns, At safepoint: 4100 ns, Total: 46200 ns
[169.645s][info ][safepoint      ] Safepoint "Cleanup", Time since last: 1000103876 ns, Reaching safepoint: 55100 ns, At safepoint: 5100 ns, Total: 60200 ns
[170.645s][info ][safepoint      ] Safepoint "Cleanup", Time since last: 1000095574 ns, Reaching safepoint: 41800 ns, At safepoint: 2600 ns, Total: 44400 ns
[171.646s][info ][safepoint      ] Safepoint "Cleanup", Time since last: 1000106372 ns, Reaching safepoint: 54300 ns, At safepoint: 2000 ns, Total: 56300 ns
[172.646s][info ][safepoint      ] Safepoint "Cleanup", Time since last: 1000104170 ns, Reaching safepoint: 60401 ns, At safepoint: 5300 ns, Total: 65701 ns
[173.646s][info ][safepoint      ] Safepoint "Cleanup", Time since last: 1000142868 ns, Reaching safepoint: 38900 ns, At safepoint: 2300 ns, Total: 41200 ns
[174.646s][info ][safepoint      ] Safepoint "Cleanup", Time since last: 1000106866 ns, Reaching safepoint: 46000 ns, At safepoint: 3400 ns, Total: 49400 ns
[175.646s][info ][safepoint      ] Safepoint "Cleanup", Time since last: 1000101964 ns, Reaching safepoint: 44800 ns, At safepoint: 8600 ns, Total: 53400 ns
[178.646s][info ][safepoint      ] Safepoint "Cleanup", Time since last: 3000228080 ns, Reaching safepoint: 43000 ns, At safepoint: 3300 ns, Total: 46300 ns
[179.647s][info ][safepoint      ] Safepoint "Cleanup", Time since last: 1000102156 ns, Reaching safepoint: 43900 ns, At safepoint: 3800 ns, Total: 47700 ns
[180.647s][info ][safepoint      ] Safepoint "Cleanup", Time since last: 1000098954 ns, Reaching safepoint: 48600 ns, At safepoint: 2300 ns, Total: 50900 ns
[181.647s][info ][safepoint      ] Safepoint "Cleanup", Time since last: 1000115252 ns, Reaching safepoint: 29100 ns, At safepoint: 2600 ns, Total: 31700 ns
[183.647s][info ][safepoint      ] Safepoint "Cleanup", Time since last: 2000168298 ns, Reaching safepoint: 40300 ns, At safepoint: 9500 ns, Total: 49800 ns
[184.647s][info ][safepoint      ] Safepoint "Cleanup", Time since last: 1000115146 ns, Reaching safepoint: 46600 ns, At safepoint: 4800 ns, Total: 51400 ns
[185.647s][info ][safepoint      ] Safepoint "Cleanup", Time since last: 1000099844 ns, Reaching safepoint: 42900 ns, At safepoint: 2700 ns, Total: 45600 ns
[186.648s][info ][safepoint      ] Safepoint "Cleanup", Time since last: 1000099542 ns, Reaching safepoint: 44200 ns, At safepoint: 4000 ns, Total: 48200 ns
[186.715s][info ][gc,start       ] GC(20) Pause Young (Allocation Failure)
[186.719s][debug][gc,phases      ] GC(20) Scavenge 3.305ms
[186.719s][debug][gc,ref         ] GC(20) Skipped phase 1 of Reference Processing: no references
[186.719s][debug][gc,ref         ] GC(20) ReferenceProcessor::execute queues: 1, RefProcThreadModel::Single, marks_oops_alive: false
[186.719s][debug][gc,ref         ] GC(20) Skipped phase 3 of Reference Processing: no references
[186.719s][debug][gc,ref         ] GC(20) ReferenceProcessor::execute queues: 1, RefProcThreadModel::Single, marks_oops_alive: false
[186.719s][debug][gc,phases      ] GC(20) Reference Processing 0.084ms
[186.719s][debug][gc,phases      ] GC(20)   VM Weak                        Min:  0.0, Avg:  0.0, Max:  0.0, Diff:  0.0, Sum:  0.0, Workers: 4
[186.719s][debug][gc,phases      ] GC(20)     Dead                           Min: 0, Avg:  0.0, Max: 0, Diff: 0, Sum: 0, Workers: 4
[186.719s][debug][gc,phases      ] GC(20)     Total                          Min: 0, Avg: 183.2, Max: 640, Diff: 640, Sum: 733, Workers: 4
[186.719s][debug][gc,phases      ] GC(20)   ObjectSynchronizer Weak        Min:  0.0, Avg:  0.0, Max:  0.0, Diff:  0.0, Sum:  0.0, Workers: 4
[186.719s][debug][gc,phases      ] GC(20)     Dead                           Min: 0, Avg:  0.0, Max: 0, Diff: 0, Sum: 0, Workers: 4
[186.719s][debug][gc,phases      ] GC(20)     Total                          Min: 0, Avg:  6.8, Max: 27, Diff: 27, Sum: 27, Workers: 4
[186.719s][debug][gc,phases      ] GC(20)   JVMTI Tag Weak OopStorage      Min:  0.0, Avg:  0.0, Max:  0.0, Diff:  0.0, Sum:  0.0, Workers: 4
[186.719s][debug][gc,phases      ] GC(20)     Dead                           Min: 0, Avg:  0.0, Max: 0, Diff: 0, Sum: 0, Workers: 4
[186.719s][debug][gc,phases      ] GC(20)     Total                          Min: 0, Avg:  0.0, Max: 0, Diff: 0, Sum: 0, Workers: 4
[186.719s][debug][gc,phases      ] GC(20)   StringTable Weak               Min:  0.1, Avg:  0.1, Max:  0.1, Diff:  0.0, Sum:  0.4, Workers: 4
[186.719s][debug][gc,phases      ] GC(20)     Dead                           Min: 0, Avg:  0.2, Max: 1, Diff: 1, Sum: 1, Workers: 4
[186.719s][debug][gc,phases      ] GC(20)     Total                          Min: 9599, Avg: 10495.5, Max: 11456, Diff: 1857, Sum: 41982, Workers: 4
[186.719s][debug][gc,phases      ] GC(20)   ResolvedMethodTable Weak       Min:  0.0, Avg:  0.0, Max:  0.0, Diff:  0.0, Sum:  0.1, Workers: 4
[186.719s][debug][gc,phases      ] GC(20)     Dead                           Min: 0, Avg:  0.0, Max: 0, Diff: 0, Sum: 0, Workers: 4
[186.719s][debug][gc,phases      ] GC(20)     Total                          Min: 1827, Avg: 2040.2, Max: 2308, Diff: 481, Sum: 8161, Workers: 4
[186.719s][debug][gc,phases      ] GC(20)   JNI Weak                       Min:  0.0, Avg:  0.0, Max:  0.0, Diff:  0.0, Sum:  0.0, Workers: 4
[186.719s][debug][gc,phases      ] GC(20)     Dead                           Min: 0, Avg:  0.0, Max: 0, Diff: 0, Sum: 0, Workers: 4
[186.719s][debug][gc,phases      ] GC(20)     Total                          Min: 0, Avg: 11.2, Max: 45, Diff: 45, Sum: 45, Workers: 4
[186.719s][debug][gc,phases      ] GC(20)   StringDedup Table Weak         Min:  0.0, Avg:  0.0, Max:  0.0, Diff:  0.0, Sum:  0.0, Workers: 4
[186.719s][debug][gc,phases      ] GC(20)     Dead                           Min: 0, Avg:  0.0, Max: 0, Diff: 0, Sum: 0, Workers: 4
[186.719s][debug][gc,phases      ] GC(20)     Total                          Min: 0, Avg:  0.0, Max: 0, Diff: 0, Sum: 0, Workers: 4
[186.719s][debug][gc,phases      ] GC(20)   StringDedup Requests0 Weak     Min:  0.0, Avg:  0.0, Max:  0.0, Diff:  0.0, Sum:  0.0, Workers: 4
[186.719s][debug][gc,phases      ] GC(20)     Dead                           Min: 0, Avg:  0.0, Max: 0, Diff: 0, Sum: 0, Workers: 4
[186.719s][debug][gc,phases      ] GC(20)     Total                          Min: 0, Avg:  0.0, Max: 0, Diff: 0, Sum: 0, Workers: 4
[186.719s][debug][gc,phases      ] GC(20)   StringDedup Requests1 Weak     Min:  0.0, Avg:  0.0, Max:  0.0, Diff:  0.0, Sum:  0.0, Workers: 4
[186.719s][debug][gc,phases      ] GC(20)     Dead                           Min: 0, Avg:  0.0, Max: 0, Diff: 0, Sum: 0, Workers: 4
[186.719s][debug][gc,phases      ] GC(20)     Total                          Min: 0, Avg:  0.0, Max: 0, Diff: 0, Sum: 0, Workers: 4
[186.719s][debug][gc,phases      ] GC(20)   Weak JFR Old Object Samples    Min:  0.0, Avg:  0.0, Max:  0.0, Diff:  0.0, Sum:  0.0, Workers: 4
[186.719s][debug][gc,phases      ] GC(20)     Dead                           Min: 0, Avg:  0.0, Max: 0, Diff: 0, Sum: 0, Workers: 4
[186.719s][debug][gc,phases      ] GC(20)     Total                          Min: 0, Avg:  0.0, Max: 0, Diff: 0, Sum: 0, Workers: 4
[186.719s][debug][gc,phases      ] GC(20) Weak Processing 0.261ms
[186.719s][debug][gc,age         ] GC(20) Desired survivor size 536870912 bytes, new threshold 1 (max threshold 15)
[186.719s][info ][gc,heap        ] GC(20) PSYoungGen: 1050688K(1572864K)->1920K(1572864K) Eden: 1048576K(1048576K)->0K(1048576K) From: 2112K(524288K)->1920K(524288K)
[186.719s][info ][gc,heap        ] GC(20) ParOldGen: 375807K(520704K)->376955K(520704K)
[186.719s][info ][gc,metaspace   ] GC(20) Metaspace: 76904K(77824K)->76904K(77824K) NonClass: 65975K(66432K)->65975K(66432K) Class: 10929K(11392K)->10929K(11392K)
[186.719s][info ][gc             ] GC(20) Pause Young (Allocation Failure) 1393M->369M(2044M) 3.739ms
[186.719s][info ][gc,cpu         ] GC(20) User=0.01s Sys=0.00s Real=0.00s
[186.719s][info ][safepoint      ] Safepoint "ParallelGCFailedAllocation", Time since last: 67826627 ns, Reaching safepoint: 26400 ns, At safepoint: 3795813 ns, Total: 3822213 ns
[187.719s][info ][safepoint      ] Safepoint "Cleanup", Time since last: 1000085940 ns, Reaching safepoint: 49300 ns, At safepoint: 2100 ns, Total: 51400 ns
[188.720s][info ][safepoint      ] Safepoint "Cleanup", Time since last: 1000104338 ns, Reaching safepoint: 43500 ns, At safepoint: 3100 ns, Total: 46600 ns
[189.720s][info ][safepoint      ] Safepoint "Cleanup", Time since last: 1000105836 ns, Reaching safepoint: 29100 ns, At safepoint: 3000 ns, Total: 32100 ns
[190.720s][info ][safepoint      ] Safepoint "Cleanup", Time since last: 1000109034 ns, Reaching safepoint: 42200 ns, At safepoint: 3200 ns, Total: 45400 ns
[192.720s][info ][safepoint      ] Safepoint "Cleanup", Time since last: 2000169362 ns, Reaching safepoint: 52200 ns, At safepoint: 3500 ns, Total: 55700 ns
[193.720s][info ][safepoint      ] Safepoint "Cleanup", Time since last: 1000074029 ns, Reaching safepoint: 53100 ns, At safepoint: 3200 ns, Total: 56300 ns
[194.720s][info ][safepoint      ] Safepoint "Cleanup", Time since last: 1000072826 ns, Reaching safepoint: 43400 ns, At safepoint: 4800 ns, Total: 48200 ns
[195.720s][info ][safepoint      ] Safepoint "Cleanup", Time since last: 1000103524 ns, Reaching safepoint: 44100 ns, At safepoint: 4800 ns, Total: 48900 ns
[196.721s][info ][safepoint      ] Safepoint "Cleanup", Time since last: 1000089323 ns, Reaching safepoint: 41700 ns, At safepoint: 2300 ns, Total: 44000 ns
[198.721s][info ][safepoint      ] Safepoint "Cleanup", Time since last: 2000167939 ns, Reaching safepoint: 49700 ns, At safepoint: 5200 ns, Total: 54900 ns
[199.721s][info ][safepoint      ] Safepoint "Cleanup", Time since last: 1000099316 ns, Reaching safepoint: 48101 ns, At safepoint: 2200 ns, Total: 50301 ns
[200.721s][info ][safepoint      ] Safepoint "Cleanup", Time since last: 1000105914 ns, Reaching safepoint: 47300 ns, At safepoint: 7200 ns, Total: 54500 ns
[201.721s][info ][safepoint      ] Safepoint "Cleanup", Time since last: 1000081413 ns, Reaching safepoint: 40400 ns, At safepoint: 2800 ns, Total: 43200 ns
[206.722s][info ][safepoint      ] Safepoint "Cleanup", Time since last: 5000312135 ns, Reaching safepoint: 44900 ns, At safepoint: 2700 ns, Total: 47600 ns
[207.722s][info ][safepoint      ] Safepoint "Cleanup", Time since last: 1000116901 ns, Reaching safepoint: 25600 ns, At safepoint: 2300 ns, Total: 27900 ns
[209.722s][info ][safepoint      ] Safepoint "Cleanup", Time since last: 2000171797 ns, Reaching safepoint: 49500 ns, At safepoint: 3200 ns, Total: 52700 ns
[210.722s][info ][safepoint      ] Safepoint "Cleanup", Time since last: 1000108096 ns, Reaching safepoint: 43400 ns, At safepoint: 8200 ns, Total: 51600 ns
[211.722s][info ][safepoint      ] Safepoint "Cleanup", Time since last: 1000101294 ns, Reaching safepoint: 58500 ns, At safepoint: 6800 ns, Total: 65300 ns
[212.722s][info ][safepoint      ] Safepoint "Cleanup", Time since last: 1000102192 ns, Reaching safepoint: 44500 ns, At safepoint: 3200 ns, Total: 47700 ns
[213.723s][info ][safepoint      ] Safepoint "Cleanup", Time since last: 1000103190 ns, Reaching safepoint: 37000 ns, At safepoint: 2400 ns, Total: 39400 ns
[214.723s][info ][safepoint      ] Safepoint "Cleanup", Time since last: 1000099488 ns, Reaching safepoint: 41501 ns, At safepoint: 6500 ns, Total: 48001 ns
[215.723s][info ][safepoint      ] Safepoint "Cleanup", Time since last: 1000099886 ns, Reaching safepoint: 41700 ns, At safepoint: 2300 ns, Total: 44000 ns
[216.723s][info ][safepoint      ] Safepoint "Cleanup", Time since last: 1000106185 ns, Reaching safepoint: 38700 ns, At safepoint: 2700 ns, Total: 41400 ns
[216.737s][info ][gc,start       ] GC(21) Pause Young (Allocation Failure)
[216.741s][debug][gc,phases      ] GC(21) Scavenge 4.024ms
[216.741s][debug][gc,ref         ] GC(21) Skipped phase 1 of Reference Processing: no references
[216.742s][debug][gc,ref         ] GC(21) ReferenceProcessor::execute queues: 1, RefProcThreadModel::Single, marks_oops_alive: false
[216.742s][debug][gc,ref         ] GC(21) Skipped phase 3 of Reference Processing: no references
[216.742s][debug][gc,ref         ] GC(21) ReferenceProcessor::execute queues: 1, RefProcThreadModel::Single, marks_oops_alive: false
[216.742s][debug][gc,phases      ] GC(21) Reference Processing 0.084ms
[216.742s][debug][gc,phases      ] GC(21)   VM Weak                        Min:  0.0, Avg:  0.0, Max:  0.0, Diff:  0.0, Sum:  0.0, Workers: 4
[216.742s][debug][gc,phases      ] GC(21)     Dead                           Min: 0, Avg:  0.0, Max: 0, Diff: 0, Sum: 0, Workers: 4
[216.742s][debug][gc,phases      ] GC(21)     Total                          Min: 0, Avg: 183.2, Max: 733, Diff: 733, Sum: 733, Workers: 4
[216.742s][debug][gc,phases      ] GC(21)   ObjectSynchronizer Weak        Min:  0.0, Avg:  0.0, Max:  0.0, Diff:  0.0, Sum:  0.0, Workers: 4
[216.742s][debug][gc,phases      ] GC(21)     Dead                           Min: 0, Avg:  0.0, Max: 0, Diff: 0, Sum: 0, Workers: 4
[216.742s][debug][gc,phases      ] GC(21)     Total                          Min: 0, Avg:  6.8, Max: 27, Diff: 27, Sum: 27, Workers: 4
[216.742s][debug][gc,phases      ] GC(21)   JVMTI Tag Weak OopStorage      Min:  0.0, Avg:  0.0, Max:  0.0, Diff:  0.0, Sum:  0.0, Workers: 4
[216.742s][debug][gc,phases      ] GC(21)     Dead                           Min: 0, Avg:  0.0, Max: 0, Diff: 0, Sum: 0, Workers: 4
[216.742s][debug][gc,phases      ] GC(21)     Total                          Min: 0, Avg:  0.0, Max: 0, Diff: 0, Sum: 0, Workers: 4
[216.742s][debug][gc,phases      ] GC(21)   StringTable Weak               Min:  0.0, Avg:  0.1, Max:  0.1, Diff:  0.1, Sum:  0.3, Workers: 4
[216.742s][debug][gc,phases      ] GC(21)     Dead                           Min: 0, Avg:  0.0, Max: 0, Diff: 0, Sum: 0, Workers: 4
[216.742s][debug][gc,phases      ] GC(21)     Total                          Min: 0, Avg: 10499.0, Max: 17920, Diff: 17920, Sum: 41996, Workers: 4
[216.742s][debug][gc,phases      ] GC(21)   ResolvedMethodTable Weak       Min:  0.0, Avg:  0.0, Max:  0.0, Diff:  0.0, Sum:  0.1, Workers: 4
[216.742s][debug][gc,phases      ] GC(21)     Dead                           Min: 0, Avg:  0.0, Max: 0, Diff: 0, Sum: 0, Workers: 4
[216.742s][debug][gc,phases      ] GC(21)     Total                          Min: 0, Avg: 2040.2, Max: 3450, Diff: 3450, Sum: 8161, Workers: 4
[216.742s][debug][gc,phases      ] GC(21)   JNI Weak                       Min:  0.0, Avg:  0.0, Max:  0.0, Diff:  0.0, Sum:  0.0, Workers: 4
[216.742s][debug][gc,phases      ] GC(21)     Dead                           Min: 0, Avg:  0.0, Max: 0, Diff: 0, Sum: 0, Workers: 4
[216.742s][debug][gc,phases      ] GC(21)     Total                          Min: 0, Avg: 11.2, Max: 45, Diff: 45, Sum: 45, Workers: 4
[216.742s][debug][gc,phases      ] GC(21)   StringDedup Table Weak         Min:  0.0, Avg:  0.0, Max:  0.0, Diff:  0.0, Sum:  0.0, Workers: 4
[216.742s][debug][gc,phases      ] GC(21)     Dead                           Min: 0, Avg:  0.0, Max: 0, Diff: 0, Sum: 0, Workers: 4
[216.742s][debug][gc,phases      ] GC(21)     Total                          Min: 0, Avg:  0.0, Max: 0, Diff: 0, Sum: 0, Workers: 4
[216.742s][debug][gc,phases      ] GC(21)   StringDedup Requests0 Weak     Min:  0.0, Avg:  0.0, Max:  0.0, Diff:  0.0, Sum:  0.0, Workers: 4
[216.742s][debug][gc,phases      ] GC(21)     Dead                           Min: 0, Avg:  0.0, Max: 0, Diff: 0, Sum: 0, Workers: 4
[216.742s][debug][gc,phases      ] GC(21)     Total                          Min: 0, Avg:  0.0, Max: 0, Diff: 0, Sum: 0, Workers: 4
[216.742s][debug][gc,phases      ] GC(21)   StringDedup Requests1 Weak     Min:  0.0, Avg:  0.0, Max:  0.0, Diff:  0.0, Sum:  0.0, Workers: 4
[216.742s][debug][gc,phases      ] GC(21)     Dead                           Min: 0, Avg:  0.0, Max: 0, Diff: 0, Sum: 0, Workers: 4
[216.742s][debug][gc,phases      ] GC(21)     Total                          Min: 0, Avg:  0.0, Max: 0, Diff: 0, Sum: 0, Workers: 4
[216.742s][debug][gc,phases      ] GC(21)   Weak JFR Old Object Samples    Min:  0.0, Avg:  0.0, Max:  0.0, Diff:  0.0, Sum:  0.0, Workers: 4
[216.742s][debug][gc,phases      ] GC(21)     Dead                           Min: 0, Avg:  0.0, Max: 0, Diff: 0, Sum: 0, Workers: 4
[216.742s][debug][gc,phases      ] GC(21)     Total                          Min: 0, Avg:  0.0, Max: 0, Diff: 0, Sum: 0, Workers: 4
[216.742s][debug][gc,phases      ] GC(21) Weak Processing 0.297ms
[216.742s][debug][gc,age         ] GC(21) Desired survivor size 536870912 bytes, new threshold 1 (max threshold 15)
[216.742s][info ][gc,heap        ] GC(21) PSYoungGen: 1050496K(1572864K)->2592K(1572864K) Eden: 1048576K(1048576K)->0K(1048576K) From: 1920K(524288K)->2592K(524288K)
[216.742s][info ][gc,heap        ] GC(21) ParOldGen: 376955K(520704K)->378071K(520704K)
[216.742s][info ][gc,metaspace   ] GC(21) Metaspace: 76964K(77888K)->76964K(77888K) NonClass: 66033K(66496K)->66033K(66496K) Class: 10930K(11392K)->10930K(11392K)
[216.742s][info ][gc             ] GC(21) Pause Young (Allocation Failure) 1393M->371M(2044M) 4.492ms
[216.742s][info ][gc,cpu         ] GC(21) User=0.01s Sys=0.00s Real=0.00s
[216.742s][info ][safepoint      ] Safepoint "ParallelGCFailedAllocation", Time since last: 14318947 ns, Reaching safepoint: 34800 ns, At safepoint: 4548415 ns, Total: 4583215 ns
[217.742s][info ][safepoint      ] Safepoint "Cleanup", Time since last: 1000080082 ns, Reaching safepoint: 38700 ns, At safepoint: 2300 ns, Total: 41000 ns
[218.742s][info ][safepoint      ] Safepoint "Cleanup", Time since last: 1000140081 ns, Reaching safepoint: 28600 ns, At safepoint: 2600 ns, Total: 31200 ns
[219.742s][info ][safepoint      ] Safepoint "Cleanup", Time since last: 1000107479 ns, Reaching safepoint: 114400 ns, At safepoint: 7700 ns, Total: 122100 ns
[220.743s][info ][safepoint      ] Safepoint "Cleanup", Time since last: 1000107977 ns, Reaching safepoint: 25101 ns, At safepoint: 2800 ns, Total: 27901 ns
[222.296s][info ][safepoint      ] Safepoint "Cleanup", Time since last: 1553466586 ns, Reaching safepoint: 81100 ns, At safepoint: 5200 ns, Total: 86300 ns
[224.296s][info ][safepoint      ] Safepoint "Cleanup", Time since last: 2000163043 ns, Reaching safepoint: 26200 ns, At safepoint: 2200 ns, Total: 28400 ns
[225.296s][info ][safepoint      ] Safepoint "Cleanup", Time since last: 1000104869 ns, Reaching safepoint: 47800 ns, At safepoint: 8700 ns, Total: 56500 ns
[226.297s][info ][safepoint      ] Safepoint "Cleanup", Time since last: 1000102867 ns, Reaching safepoint: 53800 ns, At safepoint: 2600 ns, Total: 56400 ns
[227.297s][info ][safepoint      ] Safepoint "Cleanup", Time since last: 1000116965 ns, Reaching safepoint: 41900 ns, At safepoint: 2500 ns, Total: 44400 ns
[228.297s][info ][safepoint      ] Safepoint "Cleanup", Time since last: 1000101963 ns, Reaching safepoint: 43900 ns, At safepoint: 2700 ns, Total: 46600 ns
[229.297s][info ][safepoint      ] Safepoint "Cleanup", Time since last: 1000102362 ns, Reaching safepoint: 42000 ns, At safepoint: 7000 ns, Total: 49000 ns
[230.297s][info ][safepoint      ] Safepoint "Cleanup", Time since last: 1000088959 ns, Reaching safepoint: 47801 ns, At safepoint: 2400 ns, Total: 50201 ns
[231.297s][info ][safepoint      ] Safepoint "Cleanup", Time since last: 1000071557 ns, Reaching safepoint: 46000 ns, At safepoint: 2300 ns, Total: 48300 ns
[232.297s][info ][safepoint      ] Safepoint "Cleanup", Time since last: 1000081056 ns, Reaching safepoint: 60900 ns, At safepoint: 2800 ns, Total: 63700 ns
[233.298s][info ][safepoint      ] Safepoint "Cleanup", Time since last: 1000087855 ns, Reaching safepoint: 57100 ns, At safepoint: 5600 ns, Total: 62700 ns
[234.298s][info ][safepoint      ] Safepoint "Cleanup", Time since last: 1000099252 ns, Reaching safepoint: 106500 ns, At safepoint: 5200 ns, Total: 111700 ns
[234.528s][info ][safepoint      ] Safepoint "ParallelGCFailedAllocation", Time since last: 229527846 ns, Reaching safepoint: 130001 ns, At safepoint: 16600 ns, Total: 146601 ns
[234.528s][info ][gc,start       ] GC(22) Pause Young (GCLocker Initiated GC)
[234.541s][debug][gc,phases      ] GC(22) Scavenge 12.865ms
[234.541s][debug][gc,ref         ] GC(22) Skipped phase 1 of Reference Processing: no references
[234.541s][debug][gc,ref         ] GC(22) ReferenceProcessor::execute queues: 1, RefProcThreadModel::Single, marks_oops_alive: false
[234.541s][debug][gc,ref         ] GC(22) Skipped phase 3 of Reference Processing: no references
[234.541s][debug][gc,ref         ] GC(22) ReferenceProcessor::execute queues: 1, RefProcThreadModel::Single, marks_oops_alive: false
[234.541s][debug][gc,phases      ] GC(22) Reference Processing 0.084ms
[234.541s][debug][gc,phases      ] GC(22)   VM Weak                        Min:  0.0, Avg:  0.0, Max:  0.0, Diff:  0.0, Sum:  0.0, Workers: 4
[234.541s][debug][gc,phases      ] GC(22)     Dead                           Min: 0, Avg:  0.0, Max: 0, Diff: 0, Sum: 0, Workers: 4
[234.541s][debug][gc,phases      ] GC(22)     Total                          Min: 0, Avg: 183.2, Max: 733, Diff: 733, Sum: 733, Workers: 4
[234.541s][debug][gc,phases      ] GC(22)   ObjectSynchronizer Weak        Min:  0.0, Avg:  0.0, Max:  0.0, Diff:  0.0, Sum:  0.0, Workers: 4
[234.541s][debug][gc,phases      ] GC(22)     Dead                           Min: 0, Avg:  0.0, Max: 0, Diff: 0, Sum: 0, Workers: 4
[234.541s][debug][gc,phases      ] GC(22)     Total                          Min: 0, Avg:  7.0, Max: 28, Diff: 28, Sum: 28, Workers: 4
[234.541s][debug][gc,phases      ] GC(22)   JVMTI Tag Weak OopStorage      Min:  0.0, Avg:  0.0, Max:  0.0, Diff:  0.0, Sum:  0.0, Workers: 4
[234.541s][debug][gc,phases      ] GC(22)     Dead                           Min: 0, Avg:  0.0, Max: 0, Diff: 0, Sum: 0, Workers: 4
[234.541s][debug][gc,phases      ] GC(22)     Total                          Min: 0, Avg:  0.0, Max: 0, Diff: 0, Sum: 0, Workers: 4
[234.541s][debug][gc,phases      ] GC(22)   StringTable Weak               Min:  0.0, Avg:  0.1, Max:  0.1, Diff:  0.1, Sum:  0.3, Workers: 4
[234.541s][debug][gc,phases      ] GC(22)     Dead                           Min: 0, Avg:  0.5, Max: 2, Diff: 2, Sum: 2, Workers: 4
[234.541s][debug][gc,phases      ] GC(22)     Total                          Min: 0, Avg: 10507.0, Max: 18541, Diff: 18541, Sum: 42028, Workers: 4
[234.541s][debug][gc,phases      ] GC(22)   ResolvedMethodTable Weak       Min:  0.0, Avg:  0.0, Max:  0.0, Diff:  0.0, Sum:  0.1, Workers: 4
[234.541s][debug][gc,phases      ] GC(22)     Dead                           Min: 0, Avg:  0.0, Max: 0, Diff: 0, Sum: 0, Workers: 4
[234.541s][debug][gc,phases      ] GC(22)     Total                          Min: 0, Avg: 2044.0, Max: 3142, Diff: 3142, Sum: 8176, Workers: 4
[234.541s][debug][gc,phases      ] GC(22)   JNI Weak                       Min:  0.0, Avg:  0.0, Max:  0.0, Diff:  0.0, Sum:  0.0, Workers: 4
[234.541s][debug][gc,phases      ] GC(22)     Dead                           Min: 0, Avg:  0.0, Max: 0, Diff: 0, Sum: 0, Workers: 4
[234.541s][debug][gc,phases      ] GC(22)     Total                          Min: 0, Avg: 13.0, Max: 52, Diff: 52, Sum: 52, Workers: 4
[234.541s][debug][gc,phases      ] GC(22)   StringDedup Table Weak         Min:  0.0, Avg:  0.0, Max:  0.0, Diff:  0.0, Sum:  0.0, Workers: 4
[234.541s][debug][gc,phases      ] GC(22)     Dead                           Min: 0, Avg:  0.0, Max: 0, Diff: 0, Sum: 0, Workers: 4
[234.541s][debug][gc,phases      ] GC(22)     Total                          Min: 0, Avg:  0.0, Max: 0, Diff: 0, Sum: 0, Workers: 4
[234.541s][debug][gc,phases      ] GC(22)   StringDedup Requests0 Weak     Min:  0.0, Avg:  0.0, Max:  0.0, Diff:  0.0, Sum:  0.0, Workers: 4
[234.541s][debug][gc,phases      ] GC(22)     Dead                           Min: 0, Avg:  0.0, Max: 0, Diff: 0, Sum: 0, Workers: 4
[234.541s][debug][gc,phases      ] GC(22)     Total                          Min: 0, Avg:  0.0, Max: 0, Diff: 0, Sum: 0, Workers: 4
[234.541s][debug][gc,phases      ] GC(22)   StringDedup Requests1 Weak     Min:  0.0, Avg:  0.0, Max:  0.0, Diff:  0.0, Sum:  0.0, Workers: 4
[234.541s][debug][gc,phases      ] GC(22)     Dead                           Min: 0, Avg:  0.0, Max: 0, Diff: 0, Sum: 0, Workers: 4
[234.541s][debug][gc,phases      ] GC(22)     Total                          Min: 0, Avg:  0.0, Max: 0, Diff: 0, Sum: 0, Workers: 4
[234.541s][debug][gc,phases      ] GC(22)   Weak JFR Old Object Samples    Min:  0.0, Avg:  0.0, Max:  0.0, Diff:  0.0, Sum:  0.0, Workers: 4
[234.541s][debug][gc,phases      ] GC(22)     Dead                           Min: 0, Avg:  0.0, Max: 0, Diff: 0, Sum: 0, Workers: 4
[234.541s][debug][gc,phases      ] GC(22)     Total                          Min: 0, Avg:  0.0, Max: 0, Diff: 0, Sum: 0, Workers: 4
[234.541s][debug][gc,phases      ] GC(22) Weak Processing 0.303ms
[234.541s][debug][gc,age         ] GC(22) Desired survivor size 534773760 bytes, new threshold 2 (max threshold 15)
[234.541s][info ][gc,heap        ] GC(22) PSYoungGen: 1051168K(1572864K)->23152K(1572864K) Eden: 1048576K(1048576K)->0K(1048576K) From: 2592K(524288K)->23152K(524288K)
[234.541s][info ][gc,heap        ] GC(22) ParOldGen: 378072K(520704K)->379068K(520704K)
[234.541s][info ][gc,metaspace   ] GC(22) Metaspace: 77138K(78080K)->77138K(78080K) NonClass: 66195K(66688K)->66195K(66688K) Class: 10942K(11392K)->10942K(11392K)
[234.541s][info ][gc             ] GC(22) Pause Young (GCLocker Initiated GC) 1395M->392M(2044M) 13.336ms
[234.541s][info ][gc,cpu         ] GC(22) User=0.04s Sys=0.00s Real=0.01s
[234.541s][info ][safepoint      ] Safepoint "ParallelGCSystemGC", Time since last: 65700 ns, Reaching safepoint: 84800 ns, At safepoint: 13399544 ns, Total: 13484344 ns
[235.541s][info ][safepoint      ] Safepoint "Cleanup", Time since last: 1000095350 ns, Reaching safepoint: 122900 ns, At safepoint: 5100 ns, Total: 128000 ns
[236.541s][info ][safepoint      ] Safepoint "Cleanup", Time since last: 1000107349 ns, Reaching safepoint: 26800 ns, At safepoint: 2300 ns, Total: 29100 ns
[237.542s][info ][safepoint      ] Safepoint "Cleanup", Time since last: 1000058346 ns, Reaching safepoint: 119501 ns, At safepoint: 5100 ns, Total: 124601 ns
[238.542s][info ][safepoint      ] Safepoint "Cleanup", Time since last: 1000102844 ns, Reaching safepoint: 29401 ns, At safepoint: 2600 ns, Total: 32001 ns
[239.542s][info ][safepoint      ] Safepoint "Cleanup", Time since last: 1000101942 ns, Reaching safepoint: 27401 ns, At safepoint: 24400 ns, Total: 51801 ns
[240.542s][info ][safepoint      ] Safepoint "Cleanup", Time since last: 1000104841 ns, Reaching safepoint: 117400 ns, At safepoint: 18800 ns, Total: 136200 ns
[243.542s][info ][safepoint      ] Safepoint "Cleanup", Time since last: 3000220313 ns, Reaching safepoint: 46700 ns, At safepoint: 5100 ns, Total: 51800 ns
[244.543s][info ][safepoint      ] Safepoint "Cleanup", Time since last: 1000105034 ns, Reaching safepoint: 108800 ns, At safepoint: 5501 ns, Total: 114301 ns
[245.543s][info ][safepoint      ] Safepoint "Cleanup", Time since last: 1000095532 ns, Reaching safepoint: 44900 ns, At safepoint: 3900 ns, Total: 48800 ns
[245.985s][info ][gc,start       ] GC(23) Pause Young (Allocation Failure)
[245.991s][debug][gc,phases      ] GC(23) Scavenge 6.484ms
[245.991s][debug][gc,ref         ] GC(23) Skipped phase 1 of Reference Processing: no references
[245.991s][debug][gc,ref         ] GC(23) ReferenceProcessor::execute queues: 1, RefProcThreadModel::Single, marks_oops_alive: false
[245.991s][debug][gc,ref         ] GC(23) Skipped phase 3 of Reference Processing: no references
[245.991s][debug][gc,ref         ] GC(23) ReferenceProcessor::execute queues: 1, RefProcThreadModel::Single, marks_oops_alive: false
[245.991s][debug][gc,phases      ] GC(23) Reference Processing 0.086ms
[245.992s][debug][gc,phases      ] GC(23)   VM Weak                        Min:  0.0, Avg:  0.0, Max:  0.0, Diff:  0.0, Sum:  0.0, Workers: 4
[245.992s][debug][gc,phases      ] GC(23)     Dead                           Min: 0, Avg:  0.0, Max: 0, Diff: 0, Sum: 0, Workers: 4
[245.992s][debug][gc,phases      ] GC(23)     Total                          Min: 0, Avg: 183.2, Max: 733, Diff: 733, Sum: 733, Workers: 4
[245.992s][debug][gc,phases      ] GC(23)   ObjectSynchronizer Weak        Min:  0.0, Avg:  0.0, Max:  0.0, Diff:  0.0, Sum:  0.0, Workers: 4
[245.992s][debug][gc,phases      ] GC(23)     Dead                           Min: 0, Avg:  0.0, Max: 0, Diff: 0, Sum: 0, Workers: 4
[245.992s][debug][gc,phases      ] GC(23)     Total                          Min: 0, Avg:  7.0, Max: 28, Diff: 28, Sum: 28, Workers: 4
[245.992s][debug][gc,phases      ] GC(23)   JVMTI Tag Weak OopStorage      Min:  0.0, Avg:  0.0, Max:  0.0, Diff:  0.0, Sum:  0.0, Workers: 4
[245.992s][debug][gc,phases      ] GC(23)     Dead                           Min: 0, Avg:  0.0, Max: 0, Diff: 0, Sum: 0, Workers: 4
[245.992s][debug][gc,phases      ] GC(23)     Total                          Min: 0, Avg:  0.0, Max: 0, Diff: 0, Sum: 0, Workers: 4
[245.992s][debug][gc,phases      ] GC(23)   StringTable Weak               Min:  0.0, Avg:  0.1, Max:  0.1, Diff:  0.1, Sum:  0.3, Workers: 4
[245.992s][debug][gc,phases      ] GC(23)     Dead                           Min: 0, Avg:  0.0, Max: 0, Diff: 0, Sum: 0, Workers: 4
[245.992s][debug][gc,phases      ] GC(23)     Total                          Min: 0, Avg: 10507.8, Max: 18047, Diff: 18047, Sum: 42031, Workers: 4
[245.992s][debug][gc,phases      ] GC(23)   ResolvedMethodTable Weak       Min:  0.0, Avg:  0.0, Max:  0.0, Diff:  0.0, Sum:  0.1, Workers: 4
[245.992s][debug][gc,phases      ] GC(23)     Dead                           Min: 0, Avg:  0.0, Max: 0, Diff: 0, Sum: 0, Workers: 4
[245.992s][debug][gc,phases      ] GC(23)     Total                          Min: 0, Avg: 2044.5, Max: 3522, Diff: 3522, Sum: 8178, Workers: 4
[245.992s][debug][gc,phases      ] GC(23)   JNI Weak                       Min:  0.0, Avg:  0.0, Max:  0.0, Diff:  0.0, Sum:  0.0, Workers: 4
[245.992s][debug][gc,phases      ] GC(23)     Dead                           Min: 0, Avg:  0.0, Max: 0, Diff: 0, Sum: 0, Workers: 4
[245.992s][debug][gc,phases      ] GC(23)     Total                          Min: 0, Avg: 11.2, Max: 45, Diff: 45, Sum: 45, Workers: 4
[245.992s][debug][gc,phases      ] GC(23)   StringDedup Table Weak         Min:  0.0, Avg:  0.0, Max:  0.0, Diff:  0.0, Sum:  0.0, Workers: 4
[245.992s][debug][gc,phases      ] GC(23)     Dead                           Min: 0, Avg:  0.0, Max: 0, Diff: 0, Sum: 0, Workers: 4
[245.992s][debug][gc,phases      ] GC(23)     Total                          Min: 0, Avg:  0.0, Max: 0, Diff: 0, Sum: 0, Workers: 4
[245.992s][debug][gc,phases      ] GC(23)   StringDedup Requests0 Weak     Min:  0.0, Avg:  0.0, Max:  0.0, Diff:  0.0, Sum:  0.0, Workers: 4
[245.992s][debug][gc,phases      ] GC(23)     Dead                           Min: 0, Avg:  0.0, Max: 0, Diff: 0, Sum: 0, Workers: 4
[245.992s][debug][gc,phases      ] GC(23)     Total                          Min: 0, Avg:  0.0, Max: 0, Diff: 0, Sum: 0, Workers: 4
[245.992s][debug][gc,phases      ] GC(23)   StringDedup Requests1 Weak     Min:  0.0, Avg:  0.0, Max:  0.0, Diff:  0.0, Sum:  0.0, Workers: 4
[245.992s][debug][gc,phases      ] GC(23)     Dead                           Min: 0, Avg:  0.0, Max: 0, Diff: 0, Sum: 0, Workers: 4
[245.992s][debug][gc,phases      ] GC(23)     Total                          Min: 0, Avg:  0.0, Max: 0, Diff: 0, Sum: 0, Workers: 4
[245.992s][debug][gc,phases      ] GC(23)   Weak JFR Old Object Samples    Min:  0.0, Avg:  0.0, Max:  0.0, Diff:  0.0, Sum:  0.0, Workers: 4
[245.992s][debug][gc,phases      ] GC(23)     Dead                           Min: 0, Avg:  0.0, Max: 0, Diff: 0, Sum: 0, Workers: 4
[245.992s][debug][gc,phases      ] GC(23)     Total                          Min: 0, Avg:  0.0, Max: 0, Diff: 0, Sum: 0, Workers: 4
[245.992s][debug][gc,phases      ] GC(23) Weak Processing 0.294ms
[245.992s][debug][gc,age         ] GC(23) Desired survivor size 507510784 bytes, new threshold 3 (max threshold 15)
[245.992s][info ][gc,heap        ] GC(23) PSYoungGen: 1071728K(1572864K)->18032K(1601536K) Eden: 1048576K(1048576K)->0K(1079296K) From: 23152K(524288K)->18032K(522240K)
[245.992s][info ][gc,heap        ] GC(23) ParOldGen: 379069K(520704K)->379069K(520704K)
[245.992s][info ][gc,metaspace   ] GC(23) Metaspace: 77151K(78080K)->77151K(78080K) NonClass: 66208K(66688K)->66208K(66688K) Class: 10943K(11392K)->10943K(11392K)
[245.992s][info ][gc             ] GC(23) Pause Young (Allocation Failure) 1416M->387M(2072M) 6.963ms
[245.992s][info ][gc,cpu         ] GC(23) User=0.02s Sys=0.00s Real=0.01s
[245.992s][info ][safepoint      ] Safepoint "ParallelGCFailedAllocation", Time since last: 441860228 ns, Reaching safepoint: 58100 ns, At safepoint: 7025923 ns, Total: 7084023 ns
[246.992s][info ][safepoint      ] Safepoint "Cleanup", Time since last: 1000080729 ns, Reaching safepoint: 50900 ns, At safepoint: 4000 ns, Total: 54900 ns
[248.992s][info ][safepoint      ] Safepoint "Cleanup", Time since last: 2000116154 ns, Reaching safepoint: 38001 ns, At safepoint: 2600 ns, Total: 40601 ns
[249.992s][info ][safepoint      ] Safepoint "Cleanup", Time since last: 1000102524 ns, Reaching safepoint: 54800 ns, At safepoint: 3500 ns, Total: 58300 ns
[250.992s][info ][safepoint      ] Safepoint "Cleanup", Time since last: 1000118223 ns, Reaching safepoint: 50900 ns, At safepoint: 2300 ns, Total: 53200 ns
[251.993s][info ][safepoint      ] Safepoint "Cleanup", Time since last: 1000098221 ns, Reaching safepoint: 56601 ns, At safepoint: 2300 ns, Total: 58901 ns
[252.993s][info ][safepoint      ] Safepoint "Cleanup", Time since last: 1000101919 ns, Reaching safepoint: 48200 ns, At safepoint: 2600 ns, Total: 50800 ns
[253.993s][info ][safepoint      ] Safepoint "Cleanup", Time since last: 1000098418 ns, Reaching safepoint: 47400 ns, At safepoint: 2400 ns, Total: 49800 ns
[254.993s][info ][safepoint      ] Safepoint "Cleanup", Time since last: 1000072416 ns, Reaching safepoint: 47800 ns, At safepoint: 2700 ns, Total: 50500 ns
[255.993s][info ][safepoint      ] Safepoint "Cleanup", Time since last: 1000105814 ns, Reaching safepoint: 26900 ns, At safepoint: 2600 ns, Total: 29500 ns
[256.993s][info ][safepoint      ] Safepoint "Cleanup", Time since last: 1000106413 ns, Reaching safepoint: 37400 ns, At safepoint: 1900 ns, Total: 39300 ns
[257.993s][info ][safepoint      ] Safepoint "Cleanup", Time since last: 1000090910 ns, Reaching safepoint: 40501 ns, At safepoint: 1900 ns, Total: 42401 ns
[258.993s][info ][safepoint      ] Safepoint "Cleanup", Time since last: 1000085609 ns, Reaching safepoint: 30800 ns, At safepoint: 2400 ns, Total: 33200 ns
[260.994s][info ][safepoint      ] Safepoint "Cleanup", Time since last: 2000170612 ns, Reaching safepoint: 25501 ns, At safepoint: 2600 ns, Total: 28101 ns
[265.994s][info ][safepoint      ] Safepoint "Cleanup", Time since last: 5000319701 ns, Reaching safepoint: 30901 ns, At safepoint: 2800 ns, Total: 33701 ns
[266.994s][info ][safepoint      ] Safepoint "Cleanup", Time since last: 1000108195 ns, Reaching safepoint: 42300 ns, At safepoint: 3100 ns, Total: 45400 ns
[268.994s][info ][safepoint      ] Safepoint "Cleanup", Time since last: 2000174886 ns, Reaching safepoint: 119400 ns, At safepoint: 4200 ns, Total: 123600 ns
[269.995s][info ][safepoint      ] Safepoint "Cleanup", Time since last: 1000100991 ns, Reaching safepoint: 111100 ns, At safepoint: 5000 ns, Total: 116100 ns
[270.995s][info ][safepoint      ] Safepoint "Cleanup", Time since last: 1000095089 ns, Reaching safepoint: 113900 ns, At safepoint: 3800 ns, Total: 117700 ns
[271.998s][info ][safepoint      ] Safepoint "Cleanup", Time since last: 1000094787 ns, Reaching safepoint: 3176910 ns, At safepoint: 8100 ns, Total: 3185010 ns
[272.915s][info ][gc,start       ] GC(24) Pause Young (Allocation Failure)
[272.925s][debug][gc,phases      ] GC(24) Scavenge 10.294ms
[272.925s][debug][gc,ref         ] GC(24) Skipped phase 1 of Reference Processing: no references
[272.925s][debug][gc,ref         ] GC(24) ReferenceProcessor::execute queues: 1, RefProcThreadModel::Single, marks_oops_alive: false
[272.925s][debug][gc,ref         ] GC(24) Skipped phase 3 of Reference Processing: no references
[272.925s][debug][gc,ref         ] GC(24) ReferenceProcessor::execute queues: 1, RefProcThreadModel::Single, marks_oops_alive: false
[272.925s][debug][gc,phases      ] GC(24) Reference Processing 0.109ms
[272.926s][debug][gc,phases      ] GC(24)   VM Weak                        Min:  0.0, Avg:  0.0, Max:  0.0, Diff:  0.0, Sum:  0.0, Workers: 4
[272.926s][debug][gc,phases      ] GC(24)     Dead                           Min: 0, Avg:  0.0, Max: 0, Diff: 0, Sum: 0, Workers: 4
[272.926s][debug][gc,phases      ] GC(24)     Total                          Min: 0, Avg: 183.2, Max: 448, Diff: 448, Sum: 733, Workers: 4
[272.926s][debug][gc,phases      ] GC(24)   ObjectSynchronizer Weak        Min:  0.0, Avg:  0.0, Max:  0.0, Diff:  0.0, Sum:  0.0, Workers: 4
[272.926s][debug][gc,phases      ] GC(24)     Dead                           Min: 0, Avg:  0.0, Max: 0, Diff: 0, Sum: 0, Workers: 4
[272.926s][debug][gc,phases      ] GC(24)     Total                          Min: 0, Avg:  7.0, Max: 28, Diff: 28, Sum: 28, Workers: 4
[272.926s][debug][gc,phases      ] GC(24)   JVMTI Tag Weak OopStorage      Min:  0.0, Avg:  0.0, Max:  0.0, Diff:  0.0, Sum:  0.0, Workers: 4
[272.926s][debug][gc,phases      ] GC(24)     Dead                           Min: 0, Avg:  0.0, Max: 0, Diff: 0, Sum: 0, Workers: 4
[272.926s][debug][gc,phases      ] GC(24)     Total                          Min: 0, Avg:  0.0, Max: 0, Diff: 0, Sum: 0, Workers: 4
[272.926s][debug][gc,phases      ] GC(24)   StringTable Weak               Min:  0.0, Avg:  0.1, Max:  0.2, Diff:  0.2, Sum:  0.3, Workers: 4
[272.926s][debug][gc,phases      ] GC(24)     Dead                           Min: 0, Avg:  0.0, Max: 0, Diff: 0, Sum: 0, Workers: 4
[272.926s][debug][gc,phases      ] GC(24)     Total                          Min: 0, Avg: 10510.8, Max: 21436, Diff: 21436, Sum: 42043, Workers: 4
[272.926s][debug][gc,phases      ] GC(24)   ResolvedMethodTable Weak       Min:  0.0, Avg:  0.0, Max:  0.0, Diff:  0.0, Sum:  0.1, Workers: 4
[272.926s][debug][gc,phases      ] GC(24)     Dead                           Min: 0, Avg:  0.0, Max: 0, Diff: 0, Sum: 0, Workers: 4
[272.926s][debug][gc,phases      ] GC(24)     Total                          Min: 0, Avg: 2045.0, Max: 4224, Diff: 4224, Sum: 8180, Workers: 4
[272.926s][debug][gc,phases      ] GC(24)   JNI Weak                       Min:  0.0, Avg:  0.0, Max:  0.0, Diff:  0.0, Sum:  0.0, Workers: 4
[272.926s][debug][gc,phases      ] GC(24)     Dead                           Min: 0, Avg:  0.0, Max: 0, Diff: 0, Sum: 0, Workers: 4
[272.926s][debug][gc,phases      ] GC(24)     Total                          Min: 0, Avg: 11.2, Max: 45, Diff: 45, Sum: 45, Workers: 4
[272.926s][debug][gc,phases      ] GC(24)   StringDedup Table Weak         Min:  0.0, Avg:  0.0, Max:  0.0, Diff:  0.0, Sum:  0.0, Workers: 4
[272.926s][debug][gc,phases      ] GC(24)     Dead                           Min: 0, Avg:  0.0, Max: 0, Diff: 0, Sum: 0, Workers: 4
[272.926s][debug][gc,phases      ] GC(24)     Total                          Min: 0, Avg:  0.0, Max: 0, Diff: 0, Sum: 0, Workers: 4
[272.926s][debug][gc,phases      ] GC(24)   StringDedup Requests0 Weak     Min:  0.0, Avg:  0.0, Max:  0.0, Diff:  0.0, Sum:  0.0, Workers: 4
[272.926s][debug][gc,phases      ] GC(24)     Dead                           Min: 0, Avg:  0.0, Max: 0, Diff: 0, Sum: 0, Workers: 4
[272.926s][debug][gc,phases      ] GC(24)     Total                          Min: 0, Avg:  0.0, Max: 0, Diff: 0, Sum: 0, Workers: 4
[272.926s][debug][gc,phases      ] GC(24)   StringDedup Requests1 Weak     Min:  0.0, Avg:  0.0, Max:  0.0, Diff:  0.0, Sum:  0.0, Workers: 4
[272.926s][debug][gc,phases      ] GC(24)     Dead                           Min: 0, Avg:  0.0, Max: 0, Diff: 0, Sum: 0, Workers: 4
[272.926s][debug][gc,phases      ] GC(24)     Total                          Min: 0, Avg:  0.0, Max: 0, Diff: 0, Sum: 0, Workers: 4
[272.926s][debug][gc,phases      ] GC(24)   Weak JFR Old Object Samples    Min:  0.0, Avg:  0.0, Max:  0.0, Diff:  0.0, Sum:  0.0, Workers: 4
[272.926s][debug][gc,phases      ] GC(24)     Dead                           Min: 0, Avg:  0.0, Max: 0, Diff: 0, Sum: 0, Workers: 4
[272.926s][debug][gc,phases      ] GC(24)     Total                          Min: 0, Avg:  0.0, Max: 0, Diff: 0, Sum: 0, Workers: 4
[272.926s][debug][gc,phases      ] GC(24) Weak Processing 0.424ms
[272.926s][debug][gc,age         ] GC(24) Desired survivor size 480772096 bytes, new threshold 4 (max threshold 15)
[272.926s][info ][gc,heap        ] GC(24) PSYoungGen: 1097328K(1601536K)->16848K(1574912K) Eden: 1079296K(1079296K)->0K(1079296K) From: 18032K(522240K)->16848K(495616K)
[272.926s][info ][gc,heap        ] GC(24) ParOldGen: 379069K(520704K)->379069K(520704K)
[272.926s][info ][gc,metaspace   ] GC(24) Metaspace: 77192K(78144K)->77192K(78144K) NonClass: 66248K(66752K)->66248K(66752K) Class: 10943K(11392K)->10943K(11392K)
[272.926s][info ][gc             ] GC(24) Pause Young (Allocation Failure) 1441M->386M(2046M) 10.943ms
[272.926s][info ][gc,cpu         ] GC(24) User=0.02s Sys=0.00s Real=0.01s
[272.926s][info ][safepoint      ] Safepoint "ParallelGCFailedAllocation", Time since last: 916645520 ns, Reaching safepoint: 41400 ns, At safepoint: 11015835 ns, Total: 11057235 ns
[273.926s][info ][safepoint      ] Safepoint "Cleanup", Time since last: 1000091484 ns, Reaching safepoint: 45000 ns, At safepoint: 3800 ns, Total: 48800 ns
[274.926s][info ][safepoint      ] Safepoint "Cleanup", Time since last: 1000097182 ns, Reaching safepoint: 44400 ns, At safepoint: 2200 ns, Total: 46600 ns
[275.926s][info ][safepoint      ] Safepoint "Cleanup", Time since last: 1000095781 ns, Reaching safepoint: 43700 ns, At safepoint: 3200 ns, Total: 46900 ns
[276.929s][info ][safepoint      ] Safepoint "Cleanup", Time since last: 1002863888 ns, Reaching safepoint: 47500 ns, At safepoint: 2200 ns, Total: 49700 ns
[277.965s][info ][safepoint      ] Safepoint "Cleanup", Time since last: 1035244089 ns, Reaching safepoint: 83600 ns, At safepoint: 3500 ns, Total: 87100 ns
[278.965s][info ][safepoint      ] Safepoint "Cleanup", Time since last: 1000102175 ns, Reaching safepoint: 55101 ns, At safepoint: 5800 ns, Total: 60901 ns
[279.965s][info ][safepoint      ] Safepoint "Cleanup", Time since last: 1000116473 ns, Reaching safepoint: 124501 ns, At safepoint: 13500 ns, Total: 138001 ns
[280.965s][info ][safepoint      ] Safepoint "Cleanup", Time since last: 1000115572 ns, Reaching safepoint: 39500 ns, At safepoint: 5100 ns, Total: 44600 ns
[282.623s][info ][safepoint      ] Safepoint "Cleanup", Time since last: 1657966755 ns, Reaching safepoint: 56801 ns, At safepoint: 8100 ns, Total: 64901 ns
[283.623s][info ][safepoint      ] Safepoint "Cleanup", Time since last: 1000107468 ns, Reaching safepoint: 50100 ns, At safepoint: 4900 ns, Total: 55000 ns
[285.624s][info ][safepoint      ] Safepoint "Cleanup", Time since last: 2000167830 ns, Reaching safepoint: 47501 ns, At safepoint: 4700 ns, Total: 52201 ns
[286.624s][info ][safepoint      ] Safepoint "Cleanup", Time since last: 1000111863 ns, Reaching safepoint: 55100 ns, At safepoint: 7300 ns, Total: 62400 ns
[287.624s][info ][safepoint      ] Safepoint "Cleanup", Time since last: 1000109161 ns, Reaching safepoint: 33700 ns, At safepoint: 2800 ns, Total: 36500 ns
[289.624s][info ][safepoint      ] Safepoint "Cleanup", Time since last: 2000162818 ns, Reaching safepoint: 47700 ns, At safepoint: 7500 ns, Total: 55200 ns
[290.624s][info ][safepoint      ] Safepoint "Cleanup", Time since last: 1000110557 ns, Reaching safepoint: 28500 ns, At safepoint: 2700 ns, Total: 31200 ns
[292.454s][info ][safepoint      ] Safepoint "Cleanup", Time since last: 1830186872 ns, Reaching safepoint: 65600 ns, At safepoint: 5700 ns, Total: 71300 ns
[294.455s][info ][safepoint      ] Safepoint "Cleanup", Time since last: 2000167703 ns, Reaching safepoint: 45200 ns, At safepoint: 2600 ns, Total: 47800 ns
[298.455s][info ][safepoint      ] Safepoint "Cleanup", Time since last: 4000318685 ns, Reaching safepoint: 38700 ns, At safepoint: 2600 ns, Total: 41300 ns
[299.298s][info ][gc,start       ] GC(25) Pause Young (Allocation Failure)
[299.304s][debug][gc,phases      ] GC(25) Scavenge 6.061ms
[299.304s][debug][gc,ref         ] GC(25) Skipped phase 1 of Reference Processing: no references
[299.304s][debug][gc,ref         ] GC(25) ReferenceProcessor::execute queues: 1, RefProcThreadModel::Single, marks_oops_alive: false
[299.304s][debug][gc,ref         ] GC(25) Skipped phase 3 of Reference Processing: no references
[299.304s][debug][gc,ref         ] GC(25) ReferenceProcessor::execute queues: 1, RefProcThreadModel::Single, marks_oops_alive: false
[299.304s][debug][gc,phases      ] GC(25) Reference Processing 0.085ms
[299.304s][debug][gc,phases      ] GC(25)   VM Weak                        Min:  0.0, Avg:  0.0, Max:  0.0, Diff:  0.0, Sum:  0.0, Workers: 4
[299.304s][debug][gc,phases      ] GC(25)     Dead                           Min: 0, Avg:  0.0, Max: 0, Diff: 0, Sum: 0, Workers: 4
[299.304s][debug][gc,phases      ] GC(25)     Total                          Min: 0, Avg: 183.2, Max: 384, Diff: 384, Sum: 733, Workers: 4
[299.304s][debug][gc,phases      ] GC(25)   ObjectSynchronizer Weak        Min:  0.0, Avg:  0.0, Max:  0.0, Diff:  0.0, Sum:  0.0, Workers: 4
[299.304s][debug][gc,phases      ] GC(25)     Dead                           Min: 0, Avg:  0.0, Max: 0, Diff: 0, Sum: 0, Workers: 4
[299.304s][debug][gc,phases      ] GC(25)     Total                          Min: 0, Avg:  7.0, Max: 28, Diff: 28, Sum: 28, Workers: 4
[299.304s][debug][gc,phases      ] GC(25)   JVMTI Tag Weak OopStorage      Min:  0.0, Avg:  0.0, Max:  0.0, Diff:  0.0, Sum:  0.0, Workers: 4
[299.304s][debug][gc,phases      ] GC(25)     Dead                           Min: 0, Avg:  0.0, Max: 0, Diff: 0, Sum: 0, Workers: 4
[299.304s][debug][gc,phases      ] GC(25)     Total                          Min: 0, Avg:  0.0, Max: 0, Diff: 0, Sum: 0, Workers: 4
[299.304s][debug][gc,phases      ] GC(25)   StringTable Weak               Min:  0.1, Avg:  0.1, Max:  0.1, Diff:  0.0, Sum:  0.4, Workers: 4
[299.304s][debug][gc,phases      ] GC(25)     Dead                           Min: 0, Avg:  0.0, Max: 0, Diff: 0, Sum: 0, Workers: 4
[299.304s][debug][gc,phases      ] GC(25)     Total                          Min: 10137, Avg: 10518.2, Max: 10688, Diff: 551, Sum: 42073, Workers: 4
[299.304s][debug][gc,phases      ] GC(25)   ResolvedMethodTable Weak       Min:  0.0, Avg:  0.0, Max:  0.0, Diff:  0.0, Sum:  0.1, Workers: 4
[299.304s][debug][gc,phases      ] GC(25)     Dead                           Min: 0, Avg:  0.0, Max: 0, Diff: 0, Sum: 0, Workers: 4
[299.304s][debug][gc,phases      ] GC(25)     Total                          Min: 1844, Avg: 2045.0, Max: 2176, Diff: 332, Sum: 8180, Workers: 4
[299.304s][debug][gc,phases      ] GC(25)   JNI Weak                       Min:  0.0, Avg:  0.0, Max:  0.0, Diff:  0.0, Sum:  0.0, Workers: 4
[299.304s][debug][gc,phases      ] GC(25)     Dead                           Min: 0, Avg:  0.0, Max: 0, Diff: 0, Sum: 0, Workers: 4
[299.304s][debug][gc,phases      ] GC(25)     Total                          Min: 0, Avg: 11.2, Max: 45, Diff: 45, Sum: 45, Workers: 4
[299.304s][debug][gc,phases      ] GC(25)   StringDedup Table Weak         Min:  0.0, Avg:  0.0, Max:  0.0, Diff:  0.0, Sum:  0.0, Workers: 4
[299.304s][debug][gc,phases      ] GC(25)     Dead                           Min: 0, Avg:  0.0, Max: 0, Diff: 0, Sum: 0, Workers: 4
[299.304s][debug][gc,phases      ] GC(25)     Total                          Min: 0, Avg:  0.0, Max: 0, Diff: 0, Sum: 0, Workers: 4
[299.304s][debug][gc,phases      ] GC(25)   StringDedup Requests0 Weak     Min:  0.0, Avg:  0.0, Max:  0.0, Diff:  0.0, Sum:  0.0, Workers: 4
[299.304s][debug][gc,phases      ] GC(25)     Dead                           Min: 0, Avg:  0.0, Max: 0, Diff: 0, Sum: 0, Workers: 4
[299.304s][debug][gc,phases      ] GC(25)     Total                          Min: 0, Avg:  0.0, Max: 0, Diff: 0, Sum: 0, Workers: 4
[299.304s][debug][gc,phases      ] GC(25)   StringDedup Requests1 Weak     Min:  0.0, Avg:  0.0, Max:  0.0, Diff:  0.0, Sum:  0.0, Workers: 4
[299.304s][debug][gc,phases      ] GC(25)     Dead                           Min: 0, Avg:  0.0, Max: 0, Diff: 0, Sum: 0, Workers: 4
[299.304s][debug][gc,phases      ] GC(25)     Total                          Min: 0, Avg:  0.0, Max: 0, Diff: 0, Sum: 0, Workers: 4
[299.304s][debug][gc,phases      ] GC(25)   Weak JFR Old Object Samples    Min:  0.0, Avg:  0.0, Max:  0.0, Diff:  0.0, Sum:  0.0, Workers: 4
[299.304s][debug][gc,phases      ] GC(25)     Dead                           Min: 0, Avg:  0.0, Max: 0, Diff: 0, Sum: 0, Workers: 4
[299.304s][debug][gc,phases      ] GC(25)     Total                          Min: 0, Avg:  0.0, Max: 0, Diff: 0, Sum: 0, Workers: 4
[299.304s][debug][gc,phases      ] GC(25) Weak Processing 0.278ms
[299.304s][debug][gc,age         ] GC(25) Desired survivor size 454557696 bytes, new threshold 5 (max threshold 15)
[299.304s][info ][gc,heap        ] GC(25) PSYoungGen: 1096144K(1574912K)->17424K(1653248K) Eden: 1079296K(1079296K)->0K(1183744K) From: 16848K(495616K)->17424K(469504K)
[299.304s][info ][gc,heap        ] GC(25) ParOldGen: 379069K(520704K)->379069K(520704K)
[299.304s][info ][gc,metaspace   ] GC(25) Metaspace: 77211K(78144K)->77211K(78144K) NonClass: 66267K(66752K)->66267K(66752K) Class: 10943K(11392K)->10943K(11392K)
[299.304s][info ][gc             ] GC(25) Pause Young (Allocation Failure) 1440M->387M(2123M) 6.521ms
[299.304s][info ][gc,cpu         ] GC(25) User=0.02s Sys=0.00s Real=0.00s
[299.304s][info ][safepoint      ] Safepoint "ParallelGCFailedAllocation", Time since last: 842694548 ns, Reaching safepoint: 31100 ns, At safepoint: 6580121 ns, Total: 6611221 ns
[300.304s][info ][safepoint      ] Safepoint "Cleanup", Time since last: 1000086141 ns, Reaching safepoint: 36600 ns, At safepoint: 2500 ns, Total: 39100 ns
[301.305s][info ][safepoint      ] Safepoint "Cleanup", Time since last: 1000061940 ns, Reaching safepoint: 242000 ns, At safepoint: 9900 ns, Total: 251900 ns
[302.305s][info ][safepoint      ] Safepoint "Cleanup", Time since last: 1000099838 ns, Reaching safepoint: 42601 ns, At safepoint: 2600 ns, Total: 45201 ns
[303.305s][info ][safepoint      ] Safepoint "Cleanup", Time since last: 1000104636 ns, Reaching safepoint: 66100 ns, At safepoint: 6000 ns, Total: 72100 ns
[304.305s][info ][safepoint      ] Safepoint "Cleanup", Time since last: 1000107135 ns, Reaching safepoint: 46600 ns, At safepoint: 2900 ns, Total: 49500 ns
[305.305s][info ][safepoint      ] Safepoint "Cleanup", Time since last: 1000106233 ns, Reaching safepoint: 53401 ns, At safepoint: 2300 ns, Total: 55701 ns
[306.306s][info ][safepoint      ] Safepoint "Cleanup", Time since last: 1000110131 ns, Reaching safepoint: 53000 ns, At safepoint: 6200 ns, Total: 59200 ns
[315.306s][info ][safepoint      ] Safepoint "Cleanup", Time since last: 9000595115 ns, Reaching safepoint: 44200 ns, At safepoint: 2200 ns, Total: 46400 ns
[317.306s][info ][safepoint      ] Safepoint "Cleanup", Time since last: 2000162631 ns, Reaching safepoint: 55500 ns, At safepoint: 2700 ns, Total: 58200 ns
[318.764s][info ][safepoint      ] Safepoint "Cleanup", Time since last: 1457634837 ns, Reaching safepoint: 117800 ns, At safepoint: 12400 ns, Total: 130200 ns
[320.765s][info ][safepoint      ] Safepoint "Cleanup", Time since last: 2000190220 ns, Reaching safepoint: 72701 ns, At safepoint: 2400 ns, Total: 75101 ns
[322.765s][info ][safepoint      ] Safepoint "Cleanup", Time since last: 2000192014 ns, Reaching safepoint: 69600 ns, At safepoint: 7400 ns, Total: 77000 ns
[327.765s][info ][safepoint      ] Safepoint "Cleanup", Time since last: 5000370909 ns, Reaching safepoint: 39300 ns, At safepoint: 2800 ns, Total: 42100 ns
[328.765s][info ][safepoint      ] Safepoint "Cleanup", Time since last: 1000107998 ns, Reaching safepoint: 46000 ns, At safepoint: 3300 ns, Total: 49300 ns
[329.766s][info ][safepoint      ] Safepoint "Cleanup", Time since last: 1000107396 ns, Reaching safepoint: 53300 ns, At safepoint: 2300 ns, Total: 55600 ns
[330.634s][info ][gc,start       ] GC(26) Pause Young (Allocation Failure)
[330.639s][debug][gc,phases      ] GC(26) Scavenge 5.291ms
[330.639s][debug][gc,ref         ] GC(26) Skipped phase 1 of Reference Processing: no references
[330.639s][debug][gc,ref         ] GC(26) ReferenceProcessor::execute queues: 1, RefProcThreadModel::Single, marks_oops_alive: false
[330.639s][debug][gc,ref         ] GC(26) Skipped phase 3 of Reference Processing: no references
[330.639s][debug][gc,ref         ] GC(26) ReferenceProcessor::execute queues: 1, RefProcThreadModel::Single, marks_oops_alive: false
[330.639s][debug][gc,phases      ] GC(26) Reference Processing 0.088ms
[330.640s][debug][gc,phases      ] GC(26)   VM Weak                        Min:  0.0, Avg:  0.0, Max:  0.0, Diff:  0.0, Sum:  0.0, Workers: 4
[330.640s][debug][gc,phases      ] GC(26)     Dead                           Min: 0, Avg:  0.0, Max: 0, Diff: 0, Sum: 0, Workers: 4
[330.640s][debug][gc,phases      ] GC(26)     Total                          Min: 0, Avg: 183.5, Max: 640, Diff: 640, Sum: 734, Workers: 4
[330.640s][debug][gc,phases      ] GC(26)   ObjectSynchronizer Weak        Min:  0.0, Avg:  0.0, Max:  0.0, Diff:  0.0, Sum:  0.0, Workers: 4
[330.640s][debug][gc,phases      ] GC(26)     Dead                           Min: 0, Avg:  0.5, Max: 2, Diff: 2, Sum: 2, Workers: 4
[330.640s][debug][gc,phases      ] GC(26)     Total                          Min: 0, Avg:  7.5, Max: 30, Diff: 30, Sum: 30, Workers: 4
[330.640s][debug][gc,phases      ] GC(26)   JVMTI Tag Weak OopStorage      Min:  0.0, Avg:  0.0, Max:  0.0, Diff:  0.0, Sum:  0.0, Workers: 4
[330.640s][debug][gc,phases      ] GC(26)     Dead                           Min: 0, Avg:  0.0, Max: 0, Diff: 0, Sum: 0, Workers: 4
[330.640s][debug][gc,phases      ] GC(26)     Total                          Min: 0, Avg:  0.0, Max: 0, Diff: 0, Sum: 0, Workers: 4
[330.640s][debug][gc,phases      ] GC(26)   StringTable Weak               Min:  0.1, Avg:  0.1, Max:  0.1, Diff:  0.0, Sum:  0.4, Workers: 4
[330.640s][debug][gc,phases      ] GC(26)     Dead                           Min: 0, Avg:  0.5, Max: 2, Diff: 2, Sum: 2, Workers: 4
[330.640s][debug][gc,phases      ] GC(26)     Total                          Min: 10368, Avg: 10532.0, Max: 10688, Diff: 320, Sum: 42128, Workers: 4
[330.640s][debug][gc,phases      ] GC(26)   ResolvedMethodTable Weak       Min:  0.0, Avg:  0.0, Max:  0.0, Diff:  0.0, Sum:  0.1, Workers: 4
[330.640s][debug][gc,phases      ] GC(26)     Dead                           Min: 0, Avg:  0.0, Max: 0, Diff: 0, Sum: 0, Workers: 4
[330.640s][debug][gc,phases      ] GC(26)     Total                          Min: 1856, Avg: 2052.5, Max: 2194, Diff: 338, Sum: 8210, Workers: 4
[330.640s][debug][gc,phases      ] GC(26)   JNI Weak                       Min:  0.0, Avg:  0.0, Max:  0.0, Diff:  0.0, Sum:  0.0, Workers: 4
[330.640s][debug][gc,phases      ] GC(26)     Dead                           Min: 0, Avg:  0.0, Max: 0, Diff: 0, Sum: 0, Workers: 4
[330.640s][debug][gc,phases      ] GC(26)     Total                          Min: 0, Avg: 11.2, Max: 45, Diff: 45, Sum: 45, Workers: 4
[330.640s][debug][gc,phases      ] GC(26)   StringDedup Table Weak         Min:  0.0, Avg:  0.0, Max:  0.0, Diff:  0.0, Sum:  0.0, Workers: 4
[330.640s][debug][gc,phases      ] GC(26)     Dead                           Min: 0, Avg:  0.0, Max: 0, Diff: 0, Sum: 0, Workers: 4
[330.640s][debug][gc,phases      ] GC(26)     Total                          Min: 0, Avg:  0.0, Max: 0, Diff: 0, Sum: 0, Workers: 4
[330.640s][debug][gc,phases      ] GC(26)   StringDedup Requests0 Weak     Min:  0.0, Avg:  0.0, Max:  0.0, Diff:  0.0, Sum:  0.0, Workers: 4
[330.640s][debug][gc,phases      ] GC(26)     Dead                           Min: 0, Avg:  0.0, Max: 0, Diff: 0, Sum: 0, Workers: 4
[330.640s][debug][gc,phases      ] GC(26)     Total                          Min: 0, Avg:  0.0, Max: 0, Diff: 0, Sum: 0, Workers: 4
[330.640s][debug][gc,phases      ] GC(26)   StringDedup Requests1 Weak     Min:  0.0, Avg:  0.0, Max:  0.0, Diff:  0.0, Sum:  0.0, Workers: 4
[330.640s][debug][gc,phases      ] GC(26)     Dead                           Min: 0, Avg:  0.0, Max: 0, Diff: 0, Sum: 0, Workers: 4
[330.640s][debug][gc,phases      ] GC(26)     Total                          Min: 0, Avg:  0.0, Max: 0, Diff: 0, Sum: 0, Workers: 4
[330.640s][debug][gc,phases      ] GC(26)   Weak JFR Old Object Samples    Min:  0.0, Avg:  0.0, Max:  0.0, Diff:  0.0, Sum:  0.0, Workers: 4
[330.640s][debug][gc,phases      ] GC(26)     Dead                           Min: 0, Avg:  0.0, Max: 0, Diff: 0, Sum: 0, Workers: 4
[330.640s][debug][gc,phases      ] GC(26)     Total                          Min: 0, Avg:  0.0, Max: 0, Diff: 0, Sum: 0, Workers: 4
[330.640s][debug][gc,phases      ] GC(26) Weak Processing 0.281ms
[330.640s][debug][gc,age         ] GC(26) Desired survivor size 428867584 bytes, new threshold 6 (max threshold 15)
[330.640s][info ][gc,heap        ] GC(26) PSYoungGen: 1201168K(1653248K)->17568K(1627648K) Eden: 1183744K(1183744K)->0K(1183744K) From: 17424K(469504K)->17568K(443904K)
[330.640s][info ][gc,heap        ] GC(26) ParOldGen: 379069K(520704K)->379069K(520704K)
[330.640s][info ][gc,metaspace   ] GC(26) Metaspace: 77376K(78272K)->77376K(78272K) NonClass: 66418K(66880K)->66418K(66880K) Class: 10957K(11392K)->10957K(11392K)
[330.640s][info ][gc             ] GC(26) Pause Young (Allocation Failure) 1543M->387M(2098M) 5.760ms
[330.640s][info ][gc,cpu         ] GC(26) User=0.02s Sys=0.00s Real=0.00s
[330.640s][info ][safepoint      ] Safepoint "ParallelGCFailedAllocation", Time since last: 868335387 ns, Reaching safepoint: 103300 ns, At safepoint: 5826918 ns, Total: 5930218 ns
[333.640s][info ][safepoint      ] Safepoint "Cleanup", Time since last: 3000129775 ns, Reaching safepoint: 45800 ns, At safepoint: 2700 ns, Total: 48500 ns
[334.640s][info ][safepoint      ] Safepoint "Cleanup", Time since last: 1000099988 ns, Reaching safepoint: 50301 ns, At safepoint: 8600 ns, Total: 58901 ns
[336.640s][info ][safepoint      ] Safepoint "Cleanup", Time since last: 2000180772 ns, Reaching safepoint: 33900 ns, At safepoint: 16401 ns, Total: 50301 ns
[337.641s][info ][safepoint      ] Safepoint "Cleanup", Time since last: 1000121984 ns, Reaching safepoint: 112000 ns, At safepoint: 6800 ns, Total: 118800 ns
[338.641s][info ][safepoint      ] Safepoint "Cleanup", Time since last: 1000108383 ns, Reaching safepoint: 46900 ns, At safepoint: 4600 ns, Total: 51500 ns
[341.641s][info ][safepoint      ] Safepoint "Cleanup", Time since last: 3000239640 ns, Reaching safepoint: 40600 ns, At safepoint: 5100 ns, Total: 45700 ns
[342.641s][info ][safepoint      ] Safepoint "Cleanup", Time since last: 1000098877 ns, Reaching safepoint: 23700 ns, At safepoint: 14300 ns, Total: 38000 ns
[345.641s][info ][safepoint      ] Safepoint "Cleanup", Time since last: 3000227022 ns, Reaching safepoint: 26900 ns, At safepoint: 2200 ns, Total: 29100 ns
[347.642s][info ][safepoint      ] Safepoint "Cleanup", Time since last: 2000160641 ns, Reaching safepoint: 43300 ns, At safepoint: 2400 ns, Total: 45700 ns
[351.642s][info ][safepoint      ] Safepoint "Cleanup", Time since last: 4000313664 ns, Reaching safepoint: 37700 ns, At safepoint: 3400 ns, Total: 41100 ns
[355.642s][info ][safepoint      ] Safepoint "Cleanup", Time since last: 4000289641 ns, Reaching safepoint: 43201 ns, At safepoint: 2600 ns, Total: 45801 ns
[356.642s][info ][safepoint      ] Safepoint "Cleanup", Time since last: 1000100656 ns, Reaching safepoint: 36601 ns, At safepoint: 2500 ns, Total: 39101 ns
[357.643s][info ][safepoint      ] Safepoint "Cleanup", Time since last: 1000094755 ns, Reaching safepoint: 28000 ns, At safepoint: 2700 ns, Total: 30700 ns
[358.643s][info ][safepoint      ] Safepoint "Cleanup", Time since last: 1000103754 ns, Reaching safepoint: 52900 ns, At safepoint: 2500 ns, Total: 55400 ns
[359.643s][info ][safepoint      ] Safepoint "Cleanup", Time since last: 1000101653 ns, Reaching safepoint: 44900 ns, At safepoint: 2800 ns, Total: 47700 ns
[360.643s][info ][safepoint      ] Safepoint "Cleanup", Time since last: 1000113351 ns, Reaching safepoint: 41101 ns, At safepoint: 2400 ns, Total: 43501 ns
[362.241s][info ][gc,start       ] GC(27) Pause Young (Allocation Failure)
[362.247s][debug][gc,phases      ] GC(27) Scavenge 5.958ms
[362.247s][debug][gc,ref         ] GC(27) Skipped phase 1 of Reference Processing: no references
[362.247s][debug][gc,ref         ] GC(27) ReferenceProcessor::execute queues: 1, RefProcThreadModel::Single, marks_oops_alive: false
[362.247s][debug][gc,ref         ] GC(27) Skipped phase 3 of Reference Processing: no references
[362.247s][debug][gc,ref         ] GC(27) ReferenceProcessor::execute queues: 1, RefProcThreadModel::Single, marks_oops_alive: false
[362.247s][debug][gc,phases      ] GC(27) Reference Processing 0.091ms
[362.247s][debug][gc,phases      ] GC(27)   VM Weak                        Min:  0.0, Avg:  0.0, Max:  0.0, Diff:  0.0, Sum:  0.0, Workers: 4
[362.247s][debug][gc,phases      ] GC(27)     Dead                           Min: 0, Avg:  0.0, Max: 0, Diff: 0, Sum: 0, Workers: 4
[362.247s][debug][gc,phases      ] GC(27)     Total                          Min: 0, Avg: 183.5, Max: 734, Diff: 734, Sum: 734, Workers: 4
[362.247s][debug][gc,phases      ] GC(27)   ObjectSynchronizer Weak        Min:  0.0, Avg:  0.0, Max:  0.0, Diff:  0.0, Sum:  0.0, Workers: 4
[362.247s][debug][gc,phases      ] GC(27)     Dead                           Min: 0, Avg:  0.0, Max: 0, Diff: 0, Sum: 0, Workers: 4
[362.247s][debug][gc,phases      ] GC(27)     Total                          Min: 0, Avg:  7.5, Max: 30, Diff: 30, Sum: 30, Workers: 4
[362.247s][debug][gc,phases      ] GC(27)   JVMTI Tag Weak OopStorage      Min:  0.0, Avg:  0.0, Max:  0.0, Diff:  0.0, Sum:  0.0, Workers: 4
[362.247s][debug][gc,phases      ] GC(27)     Dead                           Min: 0, Avg:  0.0, Max: 0, Diff: 0, Sum: 0, Workers: 4
[362.247s][debug][gc,phases      ] GC(27)     Total                          Min: 0, Avg:  0.0, Max: 0, Diff: 0, Sum: 0, Workers: 4
[362.247s][debug][gc,phases      ] GC(27)   StringTable Weak               Min:  0.0, Avg:  0.1, Max:  0.1, Diff:  0.1, Sum:  0.3, Workers: 4
[362.247s][debug][gc,phases      ] GC(27)     Dead                           Min: 0, Avg:  0.0, Max: 0, Diff: 0, Sum: 0, Workers: 4
[362.247s][debug][gc,phases      ] GC(27)     Total                          Min: 0, Avg: 10533.5, Max: 17878, Diff: 17878, Sum: 42134, Workers: 4
[362.247s][debug][gc,phases      ] GC(27)   ResolvedMethodTable Weak       Min:  0.0, Avg:  0.0, Max:  0.0, Diff:  0.0, Sum:  0.1, Workers: 4
[362.247s][debug][gc,phases      ] GC(27)     Dead                           Min: 0, Avg:  0.0, Max: 0, Diff: 0, Sum: 0, Workers: 4
[362.247s][debug][gc,phases      ] GC(27)     Total                          Min: 0, Avg: 2052.5, Max: 3474, Diff: 3474, Sum: 8210, Workers: 4
[362.247s][debug][gc,phases      ] GC(27)   JNI Weak                       Min:  0.0, Avg:  0.0, Max:  0.0, Diff:  0.0, Sum:  0.0, Workers: 4
[362.247s][debug][gc,phases      ] GC(27)     Dead                           Min: 0, Avg:  0.0, Max: 0, Diff: 0, Sum: 0, Workers: 4
[362.247s][debug][gc,phases      ] GC(27)     Total                          Min: 0, Avg: 11.2, Max: 45, Diff: 45, Sum: 45, Workers: 4
[362.247s][debug][gc,phases      ] GC(27)   StringDedup Table Weak         Min:  0.0, Avg:  0.0, Max:  0.0, Diff:  0.0, Sum:  0.0, Workers: 4
[362.247s][debug][gc,phases      ] GC(27)     Dead                           Min: 0, Avg:  0.0, Max: 0, Diff: 0, Sum: 0, Workers: 4
[362.247s][debug][gc,phases      ] GC(27)     Total                          Min: 0, Avg:  0.0, Max: 0, Diff: 0, Sum: 0, Workers: 4
[362.247s][debug][gc,phases      ] GC(27)   StringDedup Requests0 Weak     Min:  0.0, Avg:  0.0, Max:  0.0, Diff:  0.0, Sum:  0.0, Workers: 4
[362.247s][debug][gc,phases      ] GC(27)     Dead                           Min: 0, Avg:  0.0, Max: 0, Diff: 0, Sum: 0, Workers: 4
[362.247s][debug][gc,phases      ] GC(27)     Total                          Min: 0, Avg:  0.0, Max: 0, Diff: 0, Sum: 0, Workers: 4
[362.247s][debug][gc,phases      ] GC(27)   StringDedup Requests1 Weak     Min:  0.0, Avg:  0.0, Max:  0.0, Diff:  0.0, Sum:  0.0, Workers: 4
[362.247s][debug][gc,phases      ] GC(27)     Dead                           Min: 0, Avg:  0.0, Max: 0, Diff: 0, Sum: 0, Workers: 4
[362.247s][debug][gc,phases      ] GC(27)     Total                          Min: 0, Avg:  0.0, Max: 0, Diff: 0, Sum: 0, Workers: 4
[362.247s][debug][gc,phases      ] GC(27)   Weak JFR Old Object Samples    Min:  0.0, Avg:  0.0, Max:  0.0, Diff:  0.0, Sum:  0.0, Workers: 4
[362.247s][debug][gc,phases      ] GC(27)     Dead                           Min: 0, Avg:  0.0, Max: 0, Diff: 0, Sum: 0, Workers: 4
[362.247s][debug][gc,phases      ] GC(27)     Total                          Min: 0, Avg:  0.0, Max: 0, Diff: 0, Sum: 0, Workers: 4
[362.247s][debug][gc,phases      ] GC(27) Weak Processing 0.283ms
[362.247s][debug][gc,age         ] GC(27) Desired survivor size 403701760 bytes, new threshold 7 (max threshold 15)
[362.247s][info ][gc,heap        ] GC(27) PSYoungGen: 1201312K(1627648K)->17776K(1702912K) Eden: 1183744K(1183744K)->0K(1284096K) From: 17568K(443904K)->17776K(418816K)
[362.247s][info ][gc,heap        ] GC(27) ParOldGen: 379069K(520704K)->379077K(520704K)
[362.247s][info ][gc,metaspace   ] GC(27) Metaspace: 77404K(78336K)->77404K(78336K) NonClass: 66446K(66944K)->66446K(66944K) Class: 10957K(11392K)->10957K(11392K)
[362.247s][info ][gc             ] GC(27) Pause Young (Allocation Failure) 1543M->387M(2171M) 6.426ms
[362.247s][info ][gc,cpu         ] GC(27) User=0.02s Sys=0.00s Real=0.01s
[362.247s][info ][safepoint      ] Safepoint "ParallelGCFailedAllocation", Time since last: 1597401270 ns, Reaching safepoint: 32400 ns, At safepoint: 6486720 ns, Total: 6519120 ns
[363.247s][info ][safepoint      ] Safepoint "Cleanup", Time since last: 1000082448 ns, Reaching safepoint: 45600 ns, At safepoint: 2600 ns, Total: 48200 ns
[364.247s][info ][safepoint      ] Safepoint "Cleanup", Time since last: 1000102446 ns, Reaching safepoint: 33000 ns, At safepoint: 7400 ns, Total: 40400 ns
[366.247s][info ][safepoint      ] Safepoint "Cleanup", Time since last: 2000191788 ns, Reaching safepoint: 42501 ns, At safepoint: 1900 ns, Total: 44401 ns
[367.248s][info ][safepoint      ] Safepoint "Cleanup", Time since last: 1000092291 ns, Reaching safepoint: 46800 ns, At safepoint: 3000 ns, Total: 49800 ns
[370.248s][info ][safepoint      ] Safepoint "Cleanup", Time since last: 3000235146 ns, Reaching safepoint: 44400 ns, At safepoint: 2300 ns, Total: 46700 ns
[371.248s][info ][safepoint      ] Safepoint "Cleanup", Time since last: 1000099429 ns, Reaching safepoint: 103001 ns, At safepoint: 6900 ns, Total: 109901 ns
[376.249s][info ][safepoint      ] Safepoint "Cleanup", Time since last: 5000367173 ns, Reaching safepoint: 32600 ns, At safepoint: 2300 ns, Total: 34900 ns
[377.249s][info ][safepoint      ] Safepoint "Cleanup", Time since last: 1000107757 ns, Reaching safepoint: 80100 ns, At safepoint: 2700 ns, Total: 82800 ns
[378.249s][info ][safepoint      ] Safepoint "Cleanup", Time since last: 1000098357 ns, Reaching safepoint: 63000 ns, At safepoint: 2100 ns, Total: 65100 ns
[379.249s][info ][safepoint      ] Safepoint "Cleanup", Time since last: 1000060358 ns, Reaching safepoint: 44500 ns, At safepoint: 2600 ns, Total: 47100 ns
[380.249s][info ][safepoint      ] Safepoint "Cleanup", Time since last: 1000125658 ns, Reaching safepoint: 104001 ns, At safepoint: 7600 ns, Total: 111601 ns
[383.250s][info ][safepoint      ] Safepoint "Cleanup", Time since last: 3000240578 ns, Reaching safepoint: 46501 ns, At safepoint: 2700 ns, Total: 49201 ns
[384.250s][info ][safepoint      ] Safepoint "Cleanup", Time since last: 1000115160 ns, Reaching safepoint: 139701 ns, At safepoint: 9700 ns, Total: 149401 ns
[386.250s][info ][safepoint      ] Safepoint "Cleanup", Time since last: 2000253523 ns, Reaching safepoint: 40100 ns, At safepoint: 4500 ns, Total: 44600 ns
[387.250s][info ][safepoint      ] Safepoint "Cleanup", Time since last: 1000094063 ns, Reaching safepoint: 46800 ns, At safepoint: 4200 ns, Total: 51000 ns
[390.250s][info ][safepoint      ] Safepoint "Cleanup", Time since last: 3000201192 ns, Reaching safepoint: 31400 ns, At safepoint: 2500 ns, Total: 33900 ns
[391.251s][info ][safepoint      ] Safepoint "Cleanup", Time since last: 1000115065 ns, Reaching safepoint: 56300 ns, At safepoint: 2300 ns, Total: 58600 ns
[392.251s][info ][safepoint      ] Safepoint "Cleanup", Time since last: 1000108766 ns, Reaching safepoint: 36800 ns, At safepoint: 2500 ns, Total: 39300 ns
[392.882s][info ][gc,start       ] GC(28) Pause Young (Allocation Failure)
[392.901s][debug][gc,phases      ] GC(28) Scavenge 18.743ms
[392.901s][debug][gc,ref         ] GC(28) Skipped phase 1 of Reference Processing: no references
[392.901s][debug][gc,ref         ] GC(28) ReferenceProcessor::execute queues: 1, RefProcThreadModel::Single, marks_oops_alive: false
[392.901s][debug][gc,ref         ] GC(28) Skipped phase 3 of Reference Processing: no references
[392.901s][debug][gc,ref         ] GC(28) ReferenceProcessor::execute queues: 1, RefProcThreadModel::Single, marks_oops_alive: false
[392.901s][debug][gc,phases      ] GC(28) Reference Processing 0.099ms
[392.901s][debug][gc,phases      ] GC(28)   VM Weak                        Min:  0.0, Avg:  0.0, Max:  0.0, Diff:  0.0, Sum:  0.0, Workers: 4
[392.901s][debug][gc,phases      ] GC(28)     Dead                           Min: 0, Avg:  0.0, Max: 0, Diff: 0, Sum: 0, Workers: 4
[392.901s][debug][gc,phases      ] GC(28)     Total                          Min: 0, Avg: 183.5, Max: 734, Diff: 734, Sum: 734, Workers: 4
[392.901s][debug][gc,phases      ] GC(28)   ObjectSynchronizer Weak        Min:  0.0, Avg:  0.0, Max:  0.0, Diff:  0.0, Sum:  0.0, Workers: 4
[392.901s][debug][gc,phases      ] GC(28)     Dead                           Min: 0, Avg:  0.0, Max: 0, Diff: 0, Sum: 0, Workers: 4
[392.901s][debug][gc,phases      ] GC(28)     Total                          Min: 0, Avg:  7.5, Max: 30, Diff: 30, Sum: 30, Workers: 4
[392.901s][debug][gc,phases      ] GC(28)   JVMTI Tag Weak OopStorage      Min:  0.0, Avg:  0.0, Max:  0.0, Diff:  0.0, Sum:  0.0, Workers: 4
[392.901s][debug][gc,phases      ] GC(28)     Dead                           Min: 0, Avg:  0.0, Max: 0, Diff: 0, Sum: 0, Workers: 4
[392.901s][debug][gc,phases      ] GC(28)     Total                          Min: 0, Avg:  0.0, Max: 0, Diff: 0, Sum: 0, Workers: 4
[392.901s][debug][gc,phases      ] GC(28)   StringTable Weak               Min:  0.0, Avg:  0.1, Max:  0.3, Diff:  0.3, Sum:  0.3, Workers: 4
[392.901s][debug][gc,phases      ] GC(28)     Dead                           Min: 0, Avg:  0.0, Max: 0, Diff: 0, Sum: 0, Workers: 4
[392.901s][debug][gc,phases      ] GC(28)     Total                          Min: 0, Avg: 10538.5, Max: 42154, Diff: 42154, Sum: 42154, Workers: 4
[392.901s][debug][gc,phases      ] GC(28)   ResolvedMethodTable Weak       Min:  0.0, Avg:  0.0, Max:  0.1, Diff:  0.1, Sum:  0.1, Workers: 4
[392.901s][debug][gc,phases      ] GC(28)     Dead                           Min: 0, Avg:  0.0, Max: 0, Diff: 0, Sum: 0, Workers: 4
[392.901s][debug][gc,phases      ] GC(28)     Total                          Min: 0, Avg: 2053.0, Max: 8212, Diff: 8212, Sum: 8212, Workers: 4
[392.901s][debug][gc,phases      ] GC(28)   JNI Weak                       Min:  0.0, Avg:  0.0, Max:  0.0, Diff:  0.0, Sum:  0.0, Workers: 4
[392.901s][debug][gc,phases      ] GC(28)     Dead                           Min: 0, Avg:  0.0, Max: 0, Diff: 0, Sum: 0, Workers: 4
[392.901s][debug][gc,phases      ] GC(28)     Total                          Min: 0, Avg: 11.2, Max: 45, Diff: 45, Sum: 45, Workers: 4
[392.901s][debug][gc,phases      ] GC(28)   StringDedup Table Weak         Min:  0.0, Avg:  0.0, Max:  0.0, Diff:  0.0, Sum:  0.0, Workers: 4
[392.901s][debug][gc,phases      ] GC(28)     Dead                           Min: 0, Avg:  0.0, Max: 0, Diff: 0, Sum: 0, Workers: 4
[392.901s][debug][gc,phases      ] GC(28)     Total                          Min: 0, Avg:  0.0, Max: 0, Diff: 0, Sum: 0, Workers: 4
[392.901s][debug][gc,phases      ] GC(28)   StringDedup Requests0 Weak     Min:  0.0, Avg:  0.0, Max:  0.0, Diff:  0.0, Sum:  0.0, Workers: 4
[392.901s][debug][gc,phases      ] GC(28)     Dead                           Min: 0, Avg:  0.0, Max: 0, Diff: 0, Sum: 0, Workers: 4
[392.901s][debug][gc,phases      ] GC(28)     Total                          Min: 0, Avg:  0.0, Max: 0, Diff: 0, Sum: 0, Workers: 4
[392.901s][debug][gc,phases      ] GC(28)   StringDedup Requests1 Weak     Min:  0.0, Avg:  0.0, Max:  0.0, Diff:  0.0, Sum:  0.0, Workers: 4
[392.901s][debug][gc,phases      ] GC(28)     Dead                           Min: 0, Avg:  0.0, Max: 0, Diff: 0, Sum: 0, Workers: 4
[392.901s][debug][gc,phases      ] GC(28)     Total                          Min: 0, Avg:  0.0, Max: 0, Diff: 0, Sum: 0, Workers: 4
[392.901s][debug][gc,phases      ] GC(28)   Weak JFR Old Object Samples    Min:  0.0, Avg:  0.0, Max:  0.0, Diff:  0.0, Sum:  0.0, Workers: 4
[392.901s][debug][gc,phases      ] GC(28)     Dead                           Min: 0, Avg:  0.0, Max: 0, Diff: 0, Sum: 0, Workers: 4
[392.901s][debug][gc,phases      ] GC(28)     Total                          Min: 0, Avg:  0.0, Max: 0, Diff: 0, Sum: 0, Workers: 4
[392.901s][debug][gc,phases      ] GC(28) Weak Processing 0.653ms
[392.901s][debug][gc,age         ] GC(28) Desired survivor size 379584512 bytes, new threshold 8 (max threshold 15)
[392.901s][info ][gc,heap        ] GC(28) PSYoungGen: 1301872K(1702912K)->19513K(1678336K) Eden: 1284096K(1284096K)->0K(1284096K) From: 17776K(418816K)->19513K(394240K)
[392.901s][info ][gc,heap        ] GC(28) ParOldGen: 379077K(520704K)->379077K(520704K)
[392.901s][info ][gc,metaspace   ] GC(28) Metaspace: 77432K(78336K)->77432K(78336K) NonClass: 66470K(66944K)->66470K(66944K) Class: 10961K(11392K)->10961K(11392K)
[392.901s][info ][gc             ] GC(28) Pause Young (Allocation Failure) 1641M->389M(2147M) 19.626ms
[392.901s][info ][gc,cpu         ] GC(28) User=0.02s Sys=0.01s Real=0.02s
[392.901s][info ][safepoint      ] Safepoint "ParallelGCFailedAllocation", Time since last: 630875614 ns, Reaching safepoint: 38400 ns, At safepoint: 19702835 ns, Total: 19741235 ns
[393.902s][info ][safepoint      ] Safepoint "Cleanup", Time since last: 1000085366 ns, Reaching safepoint: 48200 ns, At safepoint: 2300 ns, Total: 50500 ns
[396.902s][info ][safepoint      ] Safepoint "Cleanup", Time since last: 3000237404 ns, Reaching safepoint: 51400 ns, At safepoint: 2200 ns, Total: 53600 ns
[397.902s][info ][safepoint      ] Safepoint "Cleanup", Time since last: 1000106869 ns, Reaching safepoint: 39400 ns, At safepoint: 2200 ns, Total: 41600 ns
[398.902s][info ][safepoint      ] Safepoint "Cleanup", Time since last: 1000102270 ns, Reaching safepoint: 34900 ns, At safepoint: 3200 ns, Total: 38100 ns
[403.903s][info ][safepoint      ] Safepoint "Cleanup", Time since last: 5000370956 ns, Reaching safepoint: 41000 ns, At safepoint: 2500 ns, Total: 43500 ns
[405.903s][info ][safepoint      ] Safepoint "Cleanup", Time since last: 2000178447 ns, Reaching safepoint: 50100 ns, At safepoint: 7700 ns, Total: 57800 ns
[406.903s][info ][safepoint      ] Safepoint "Cleanup", Time since last: 1000093175 ns, Reaching safepoint: 42700 ns, At safepoint: 2100 ns, Total: 44800 ns
[409.903s][info ][safepoint      ] Safepoint "Cleanup", Time since last: 3000250126 ns, Reaching safepoint: 35700 ns, At safepoint: 4200 ns, Total: 39900 ns
[411.903s][info ][safepoint      ] Safepoint "Cleanup", Time since last: 2000180054 ns, Reaching safepoint: 42500 ns, At safepoint: 2400 ns, Total: 44900 ns
[412.904s][info ][safepoint      ] Safepoint "Cleanup", Time since last: 1000110878 ns, Reaching safepoint: 46800 ns, At safepoint: 3800 ns, Total: 50600 ns
[413.904s][info ][safepoint      ] Safepoint "Cleanup", Time since last: 1000091678 ns, Reaching safepoint: 40800 ns, At safepoint: 3600 ns, Total: 44400 ns
[417.904s][info ][safepoint      ] Safepoint "Cleanup", Time since last: 4000265019 ns, Reaching safepoint: 48300 ns, At safepoint: 2900 ns, Total: 51200 ns
[418.904s][info ][safepoint      ] Safepoint "Cleanup", Time since last: 1000105481 ns, Reaching safepoint: 40800 ns, At safepoint: 2700 ns, Total: 43500 ns
[419.904s][info ][safepoint      ] Safepoint "Cleanup", Time since last: 1000095782 ns, Reaching safepoint: 33300 ns, At safepoint: 2300 ns, Total: 35600 ns
[420.904s][info ][safepoint      ] Safepoint "Cleanup", Time since last: 1000103482 ns, Reaching safepoint: 37700 ns, At safepoint: 2400 ns, Total: 40100 ns
[426.905s][info ][safepoint      ] Safepoint "Cleanup", Time since last: 6000386106 ns, Reaching safepoint: 46600 ns, At safepoint: 3700 ns, Total: 50300 ns
[428.532s][info ][safepoint      ] Safepoint "Cleanup", Time since last: 1627413007 ns, Reaching safepoint: 153300 ns, At safepoint: 5600 ns, Total: 158900 ns
[428.885s][info ][gc,start       ] GC(29) Pause Young (Allocation Failure)
[428.891s][debug][gc,phases      ] GC(29) Scavenge 6.119ms
[428.891s][debug][gc,ref         ] GC(29) Skipped phase 1 of Reference Processing: no references
[428.891s][debug][gc,ref         ] GC(29) ReferenceProcessor::execute queues: 1, RefProcThreadModel::Single, marks_oops_alive: false
[428.891s][debug][gc,ref         ] GC(29) Skipped phase 3 of Reference Processing: no references
[428.891s][debug][gc,ref         ] GC(29) ReferenceProcessor::execute queues: 1, RefProcThreadModel::Single, marks_oops_alive: false
[428.891s][debug][gc,phases      ] GC(29) Reference Processing 0.099ms
[428.891s][debug][gc,phases      ] GC(29)   VM Weak                        Min:  0.0, Avg:  0.0, Max:  0.0, Diff:  0.0, Sum:  0.0, Workers: 4
[428.891s][debug][gc,phases      ] GC(29)     Dead                           Min: 0, Avg:  0.0, Max: 0, Diff: 0, Sum: 0, Workers: 4
[428.891s][debug][gc,phases      ] GC(29)     Total                          Min: 0, Avg: 183.5, Max: 670, Diff: 670, Sum: 734, Workers: 4
[428.891s][debug][gc,phases      ] GC(29)   ObjectSynchronizer Weak        Min:  0.0, Avg:  0.0, Max:  0.0, Diff:  0.0, Sum:  0.0, Workers: 4
[428.891s][debug][gc,phases      ] GC(29)     Dead                           Min: 0, Avg:  0.0, Max: 0, Diff: 0, Sum: 0, Workers: 4
[428.891s][debug][gc,phases      ] GC(29)     Total                          Min: 0, Avg:  7.5, Max: 30, Diff: 30, Sum: 30, Workers: 4
[428.891s][debug][gc,phases      ] GC(29)   JVMTI Tag Weak OopStorage      Min:  0.0, Avg:  0.0, Max:  0.0, Diff:  0.0, Sum:  0.0, Workers: 4
[428.891s][debug][gc,phases      ] GC(29)     Dead                           Min: 0, Avg:  0.0, Max: 0, Diff: 0, Sum: 0, Workers: 4
[428.891s][debug][gc,phases      ] GC(29)     Total                          Min: 0, Avg:  0.0, Max: 0, Diff: 0, Sum: 0, Workers: 4
[428.891s][debug][gc,phases      ] GC(29)   StringTable Weak               Min:  0.0, Avg:  0.1, Max:  0.1, Diff:  0.1, Sum:  0.3, Workers: 4
[428.891s][debug][gc,phases      ] GC(29)     Dead                           Min: 0, Avg:  0.0, Max: 0, Diff: 0, Sum: 0, Workers: 4
[428.891s][debug][gc,phases      ] GC(29)     Total                          Min: 0, Avg: 10538.5, Max: 18922, Diff: 18922, Sum: 42154, Workers: 4
[428.891s][debug][gc,phases      ] GC(29)   ResolvedMethodTable Weak       Min:  0.0, Avg:  0.0, Max:  0.0, Diff:  0.0, Sum:  0.1, Workers: 4
[428.891s][debug][gc,phases      ] GC(29)     Dead                           Min: 0, Avg:  0.0, Max: 0, Diff: 0, Sum: 0, Workers: 4
[428.891s][debug][gc,phases      ] GC(29)     Total                          Min: 0, Avg: 2053.0, Max: 2880, Diff: 2880, Sum: 8212, Workers: 4
[428.891s][debug][gc,phases      ] GC(29)   JNI Weak                       Min:  0.0, Avg:  0.0, Max:  0.0, Diff:  0.0, Sum:  0.0, Workers: 4
[428.891s][debug][gc,phases      ] GC(29)     Dead                           Min: 0, Avg:  0.0, Max: 0, Diff: 0, Sum: 0, Workers: 4
[428.891s][debug][gc,phases      ] GC(29)     Total                          Min: 0, Avg: 11.2, Max: 45, Diff: 45, Sum: 45, Workers: 4
[428.891s][debug][gc,phases      ] GC(29)   StringDedup Table Weak         Min:  0.0, Avg:  0.0, Max:  0.0, Diff:  0.0, Sum:  0.0, Workers: 4
[428.891s][debug][gc,phases      ] GC(29)     Dead                           Min: 0, Avg:  0.0, Max: 0, Diff: 0, Sum: 0, Workers: 4
[428.891s][debug][gc,phases      ] GC(29)     Total                          Min: 0, Avg:  0.0, Max: 0, Diff: 0, Sum: 0, Workers: 4
[428.891s][debug][gc,phases      ] GC(29)   StringDedup Requests0 Weak     Min:  0.0, Avg:  0.0, Max:  0.0, Diff:  0.0, Sum:  0.0, Workers: 4
[428.891s][debug][gc,phases      ] GC(29)     Dead                           Min: 0, Avg:  0.0, Max: 0, Diff: 0, Sum: 0, Workers: 4
[428.891s][debug][gc,phases      ] GC(29)     Total                          Min: 0, Avg:  0.0, Max: 0, Diff: 0, Sum: 0, Workers: 4
[428.891s][debug][gc,phases      ] GC(29)   StringDedup Requests1 Weak     Min:  0.0, Avg:  0.0, Max:  0.0, Diff:  0.0, Sum:  0.0, Workers: 4
[428.891s][debug][gc,phases      ] GC(29)     Dead                           Min: 0, Avg:  0.0, Max: 0, Diff: 0, Sum: 0, Workers: 4
[428.891s][debug][gc,phases      ] GC(29)     Total                          Min: 0, Avg:  0.0, Max: 0, Diff: 0, Sum: 0, Workers: 4
[428.891s][debug][gc,phases      ] GC(29)   Weak JFR Old Object Samples    Min:  0.0, Avg:  0.0, Max:  0.0, Diff:  0.0, Sum:  0.0, Workers: 4
[428.891s][debug][gc,phases      ] GC(29)     Dead                           Min: 0, Avg:  0.0, Max: 0, Diff: 0, Sum: 0, Workers: 4
[428.891s][debug][gc,phases      ] GC(29)     Total                          Min: 0, Avg:  0.0, Max: 0, Diff: 0, Sum: 0, Workers: 4
[428.892s][debug][gc,phases      ] GC(29) Weak Processing 0.281ms
[428.892s][debug][gc,age         ] GC(29) Desired survivor size 356515840 bytes, new threshold 9 (max threshold 15)
[428.892s][info ][gc,heap        ] GC(29) PSYoungGen: 1303609K(1678336K)->19072K(1748992K) Eden: 1284096K(1284096K)->0K(1378304K) From: 19513K(394240K)->19072K(370688K)
[428.892s][info ][gc,heap        ] GC(29) ParOldGen: 379077K(520704K)->379077K(520704K)
[428.892s][info ][gc,metaspace   ] GC(29) Metaspace: 77446K(78336K)->77446K(78336K) NonClass: 66484K(66944K)->66484K(66944K) Class: 10961K(11392K)->10961K(11392K)
[428.892s][info ][gc             ] GC(29) Pause Young (Allocation Failure) 1643M->388M(2216M) 6.594ms
[428.892s][info ][gc,cpu         ] GC(29) User=0.02s Sys=0.00s Real=0.01s
[428.892s][info ][safepoint      ] Safepoint "ParallelGCFailedAllocation", Time since last: 352441230 ns, Reaching safepoint: 27000 ns, At safepoint: 6647612 ns, Total: 6674612 ns
[433.892s][info ][safepoint      ] Safepoint "Cleanup", Time since last: 5000344842 ns, Reaching safepoint: 39200 ns, At safepoint: 2100 ns, Total: 41300 ns
[435.892s][info ][safepoint      ] Safepoint "Cleanup", Time since last: 2000165880 ns, Reaching safepoint: 104201 ns, At safepoint: 3500 ns, Total: 107701 ns
[437.892s][info ][safepoint      ] Safepoint "Cleanup", Time since last: 2000169782 ns, Reaching safepoint: 44100 ns, At safepoint: 2500 ns, Total: 46600 ns
[439.893s][info ][safepoint      ] Safepoint "Cleanup", Time since last: 2000166986 ns, Reaching safepoint: 28200 ns, At safepoint: 2400 ns, Total: 30600 ns
[444.893s][info ][safepoint      ] Safepoint "Cleanup", Time since last: 5000345572 ns, Reaching safepoint: 39200 ns, At safepoint: 3800 ns, Total: 43000 ns
[449.893s][info ][safepoint      ] Safepoint "Cleanup", Time since last: 5000270385 ns, Reaching safepoint: 34800 ns, At safepoint: 2800 ns, Total: 37600 ns
[450.893s][info ][safepoint      ] Safepoint "Cleanup", Time since last: 1000097699 ns, Reaching safepoint: 37900 ns, At safepoint: 3900 ns, Total: 41800 ns
[451.894s][info ][safepoint      ] Safepoint "Cleanup", Time since last: 1000108099 ns, Reaching safepoint: 38000 ns, At safepoint: 2100 ns, Total: 40100 ns
[452.894s][info ][safepoint      ] Safepoint "Cleanup", Time since last: 1000097400 ns, Reaching safepoint: 37300 ns, At safepoint: 3200 ns, Total: 40500 ns
[456.894s][info ][safepoint      ] Safepoint "Cleanup", Time since last: 4000291104 ns, Reaching safepoint: 35601 ns, At safepoint: 2900 ns, Total: 38501 ns
[461.894s][info ][safepoint      ] Safepoint "Cleanup", Time since last: 5000287917 ns, Reaching safepoint: 45900 ns, At safepoint: 1900 ns, Total: 47800 ns
[464.895s][info ][safepoint      ] Safepoint "Cleanup", Time since last: 3000225716 ns, Reaching safepoint: 25400 ns, At safepoint: 2800 ns, Total: 28200 ns
[466.895s][info ][safepoint      ] Safepoint "Cleanup", Time since last: 2000164114 ns, Reaching safepoint: 29200 ns, At safepoint: 2300 ns, Total: 31500 ns
[470.895s][info ][safepoint      ] Safepoint "Cleanup", Time since last: 4000286434 ns, Reaching safepoint: 27400 ns, At safepoint: 2000 ns, Total: 29400 ns
[471.136s][info ][gc,start       ] GC(30) Pause Young (Allocation Failure)
[471.142s][debug][gc,phases      ] GC(30) Scavenge 5.793ms
[471.142s][debug][gc,ref         ] GC(30) Skipped phase 1 of Reference Processing: no references
[471.142s][debug][gc,ref         ] GC(30) ReferenceProcessor::execute queues: 1, RefProcThreadModel::Single, marks_oops_alive: false
[471.142s][debug][gc,ref         ] GC(30) Skipped phase 3 of Reference Processing: no references
[471.142s][debug][gc,ref         ] GC(30) ReferenceProcessor::execute queues: 1, RefProcThreadModel::Single, marks_oops_alive: false
[471.142s][debug][gc,phases      ] GC(30) Reference Processing 0.087ms
[471.142s][debug][gc,phases      ] GC(30)   VM Weak                        Min:  0.0, Avg:  0.0, Max:  0.0, Diff:  0.0, Sum:  0.0, Workers: 4
[471.142s][debug][gc,phases      ] GC(30)     Dead                           Min: 0, Avg:  0.0, Max: 0, Diff: 0, Sum: 0, Workers: 4
[471.142s][debug][gc,phases      ] GC(30)     Total                          Min: 0, Avg: 183.5, Max: 606, Diff: 606, Sum: 734, Workers: 4
[471.142s][debug][gc,phases      ] GC(30)   ObjectSynchronizer Weak        Min:  0.0, Avg:  0.0, Max:  0.0, Diff:  0.0, Sum:  0.0, Workers: 4
[471.142s][debug][gc,phases      ] GC(30)     Dead                           Min: 0, Avg:  0.0, Max: 0, Diff: 0, Sum: 0, Workers: 4
[471.142s][debug][gc,phases      ] GC(30)     Total                          Min: 0, Avg:  7.5, Max: 30, Diff: 30, Sum: 30, Workers: 4
[471.142s][debug][gc,phases      ] GC(30)   JVMTI Tag Weak OopStorage      Min:  0.0, Avg:  0.0, Max:  0.0, Diff:  0.0, Sum:  0.0, Workers: 4
[471.142s][debug][gc,phases      ] GC(30)     Dead                           Min: 0, Avg:  0.0, Max: 0, Diff: 0, Sum: 0, Workers: 4
[471.142s][debug][gc,phases      ] GC(30)     Total                          Min: 0, Avg:  0.0, Max: 0, Diff: 0, Sum: 0, Workers: 4
[471.142s][debug][gc,phases      ] GC(30)   StringTable Weak               Min:  0.1, Avg:  0.1, Max:  0.1, Diff:  0.0, Sum:  0.4, Workers: 4
[471.142s][debug][gc,phases      ] GC(30)     Dead                           Min: 0, Avg:  0.0, Max: 0, Diff: 0, Sum: 0, Workers: 4
[471.142s][debug][gc,phases      ] GC(30)     Total                          Min: 9664, Avg: 10540.2, Max: 11520, Diff: 1856, Sum: 42161, Workers: 4
[471.142s][debug][gc,phases      ] GC(30)   ResolvedMethodTable Weak       Min:  0.0, Avg:  0.0, Max:  0.0, Diff:  0.0, Sum:  0.1, Workers: 4
[471.142s][debug][gc,phases      ] GC(30)     Dead                           Min: 0, Avg:  4.0, Max: 16, Diff: 16, Sum: 16, Workers: 4
[471.142s][debug][gc,phases      ] GC(30)     Total                          Min: 1856, Avg: 2056.5, Max: 2154, Diff: 298, Sum: 8226, Workers: 4
[471.142s][debug][gc,phases      ] GC(30)   JNI Weak                       Min:  0.0, Avg:  0.0, Max:  0.0, Diff:  0.0, Sum:  0.0, Workers: 4
[471.142s][debug][gc,phases      ] GC(30)     Dead                           Min: 0, Avg:  0.0, Max: 0, Diff: 0, Sum: 0, Workers: 4
[471.142s][debug][gc,phases      ] GC(30)     Total                          Min: 0, Avg: 11.2, Max: 45, Diff: 45, Sum: 45, Workers: 4
[471.142s][debug][gc,phases      ] GC(30)   StringDedup Table Weak         Min:  0.0, Avg:  0.0, Max:  0.0, Diff:  0.0, Sum:  0.0, Workers: 4
[471.142s][debug][gc,phases      ] GC(30)     Dead                           Min: 0, Avg:  0.0, Max: 0, Diff: 0, Sum: 0, Workers: 4
[471.142s][debug][gc,phases      ] GC(30)     Total                          Min: 0, Avg:  0.0, Max: 0, Diff: 0, Sum: 0, Workers: 4
[471.142s][debug][gc,phases      ] GC(30)   StringDedup Requests0 Weak     Min:  0.0, Avg:  0.0, Max:  0.0, Diff:  0.0, Sum:  0.0, Workers: 4
[471.142s][debug][gc,phases      ] GC(30)     Dead                           Min: 0, Avg:  0.0, Max: 0, Diff: 0, Sum: 0, Workers: 4
[471.142s][debug][gc,phases      ] GC(30)     Total                          Min: 0, Avg:  0.0, Max: 0, Diff: 0, Sum: 0, Workers: 4
[471.142s][debug][gc,phases      ] GC(30)   StringDedup Requests1 Weak     Min:  0.0, Avg:  0.0, Max:  0.0, Diff:  0.0, Sum:  0.0, Workers: 4
[471.142s][debug][gc,phases      ] GC(30)     Dead                           Min: 0, Avg:  0.0, Max: 0, Diff: 0, Sum: 0, Workers: 4
[471.142s][debug][gc,phases      ] GC(30)     Total                          Min: 0, Avg:  0.0, Max: 0, Diff: 0, Sum: 0, Workers: 4
[471.142s][debug][gc,phases      ] GC(30)   Weak JFR Old Object Samples    Min:  0.0, Avg:  0.0, Max:  0.0, Diff:  0.0, Sum:  0.0, Workers: 4
[471.142s][debug][gc,phases      ] GC(30)     Dead                           Min: 0, Avg:  0.0, Max: 0, Diff: 0, Sum: 0, Workers: 4
[471.142s][debug][gc,phases      ] GC(30)     Total                          Min: 0, Avg:  0.0, Max: 0, Diff: 0, Sum: 0, Workers: 4
[471.142s][debug][gc,phases      ] GC(30) Weak Processing 0.284ms
[471.142s][debug][gc,age         ] GC(30) Desired survivor size 333971456 bytes, new threshold 10 (max threshold 15)
[471.142s][info ][gc,heap        ] GC(30) PSYoungGen: 1397376K(1748992K)->19488K(1726464K) Eden: 1378304K(1378304K)->0K(1378304K) From: 19072K(370688K)->19488K(348160K)
[471.142s][info ][gc,heap        ] GC(30) ParOldGen: 379077K(520704K)->379077K(520704K)
[471.142s][info ][gc,metaspace   ] GC(30) Metaspace: 77482K(78400K)->77482K(78400K) NonClass: 66517K(67008K)->66517K(67008K) Class: 10964K(11392K)->10964K(11392K)
[471.142s][info ][gc             ] GC(30) Pause Young (Allocation Failure) 1734M->389M(2194M) 6.271ms
[471.142s][info ][gc,cpu         ] GC(30) User=0.02s Sys=0.00s Real=0.00s
[471.142s][info ][safepoint      ] Safepoint "ParallelGCFailedAllocation", Time since last: 240619335 ns, Reaching safepoint: 25100 ns, At safepoint: 6323411 ns, Total: 6348511 ns
[474.143s][info ][safepoint      ] Safepoint "Cleanup", Time since last: 3000214231 ns, Reaching safepoint: 110601 ns, At safepoint: 7900 ns, Total: 118501 ns
[475.143s][info ][safepoint      ] Safepoint "Cleanup", Time since last: 1000095511 ns, Reaching safepoint: 26700 ns, At safepoint: 2100 ns, Total: 28800 ns
[478.143s][info ][safepoint      ] Safepoint "Cleanup", Time since last: 3000234937 ns, Reaching safepoint: 102900 ns, At safepoint: 11300 ns, Total: 114200 ns
[479.143s][info ][safepoint      ] Safepoint "Cleanup", Time since last: 1000101114 ns, Reaching safepoint: 34300 ns, At safepoint: 2600 ns, Total: 36900 ns
[480.143s][info ][safepoint      ] Safepoint "Cleanup", Time since last: 1000099413 ns, Reaching safepoint: 35801 ns, At safepoint: 2800 ns, Total: 38601 ns
[483.144s][info ][safepoint      ] Safepoint "Cleanup", Time since last: 3000235544 ns, Reaching safepoint: 39500 ns, At safepoint: 3700 ns, Total: 43200 ns
[484.144s][info ][safepoint      ] Safepoint "Cleanup", Time since last: 1000100416 ns, Reaching safepoint: 55100 ns, At safepoint: 6900 ns, Total: 62000 ns
[485.144s][info ][safepoint      ] Safepoint "Cleanup", Time since last: 1000105417 ns, Reaching safepoint: 35600 ns, At safepoint: 3600 ns, Total: 39200 ns
[486.144s][info ][safepoint      ] Safepoint "Cleanup", Time since last: 1000114117 ns, Reaching safepoint: 41400 ns, At safepoint: 2500 ns, Total: 43900 ns
[487.144s][info ][safepoint      ] Safepoint "Cleanup", Time since last: 1000108217 ns, Reaching safepoint: 52200 ns, At safepoint: 22100 ns, Total: 74300 ns
[488.144s][info ][safepoint      ] Safepoint "Cleanup", Time since last: 1000079618 ns, Reaching safepoint: 39600 ns, At safepoint: 3800 ns, Total: 43400 ns
[500.145s][info ][safepoint      ] Safepoint "Cleanup", Time since last: 12000769152 ns, Reaching safepoint: 24400 ns, At safepoint: 2400 ns, Total: 26800 ns
[502.145s][info ][safepoint      ] Safepoint "Cleanup", Time since last: 2000167349 ns, Reaching safepoint: 42800 ns, At safepoint: 2700 ns, Total: 45500 ns
[506.146s][info ][safepoint      ] Safepoint "Cleanup", Time since last: 4000286503 ns, Reaching safepoint: 27301 ns, At safepoint: 2400 ns, Total: 29701 ns
[508.484s][info ][gc,start       ] GC(31) Pause Young (Allocation Failure)
[508.492s][debug][gc,phases      ] GC(31) Scavenge 8.201ms
[508.492s][debug][gc,ref         ] GC(31) Skipped phase 1 of Reference Processing: no references
[508.492s][debug][gc,ref         ] GC(31) ReferenceProcessor::execute queues: 1, RefProcThreadModel::Single, marks_oops_alive: false
[508.492s][debug][gc,ref         ] GC(31) Skipped phase 3 of Reference Processing: no references
[508.492s][debug][gc,ref         ] GC(31) ReferenceProcessor::execute queues: 1, RefProcThreadModel::Single, marks_oops_alive: false
[508.492s][debug][gc,phases      ] GC(31) Reference Processing 0.087ms
[508.493s][debug][gc,phases      ] GC(31)   VM Weak                        Min:  0.0, Avg:  0.0, Max:  0.1, Diff:  0.1, Sum:  0.1, Workers: 4
[508.493s][debug][gc,phases      ] GC(31)     Dead                           Min: 0, Avg:  0.0, Max: 0, Diff: 0, Sum: 0, Workers: 4
[508.493s][debug][gc,phases      ] GC(31)     Total                          Min: 0, Avg: 183.5, Max: 384, Diff: 384, Sum: 734, Workers: 4
[508.493s][debug][gc,phases      ] GC(31)   ObjectSynchronizer Weak        Min:  0.0, Avg:  0.0, Max:  0.0, Diff:  0.0, Sum:  0.0, Workers: 4
[508.493s][debug][gc,phases      ] GC(31)     Dead                           Min: 0, Avg:  0.0, Max: 0, Diff: 0, Sum: 0, Workers: 4
[508.493s][debug][gc,phases      ] GC(31)     Total                          Min: 0, Avg:  7.5, Max: 30, Diff: 30, Sum: 30, Workers: 4
[508.493s][debug][gc,phases      ] GC(31)   JVMTI Tag Weak OopStorage      Min:  0.0, Avg:  0.0, Max:  0.0, Diff:  0.0, Sum:  0.0, Workers: 4
[508.493s][debug][gc,phases      ] GC(31)     Dead                           Min: 0, Avg:  0.0, Max: 0, Diff: 0, Sum: 0, Workers: 4
[508.493s][debug][gc,phases      ] GC(31)     Total                          Min: 0, Avg:  0.0, Max: 0, Diff: 0, Sum: 0, Workers: 4
[508.493s][debug][gc,phases      ] GC(31)   StringTable Weak               Min:  0.0, Avg:  0.1, Max:  0.1, Diff:  0.1, Sum:  0.3, Workers: 4
[508.493s][debug][gc,phases      ] GC(31)     Dead                           Min: 0, Avg:  0.0, Max: 0, Diff: 0, Sum: 0, Workers: 4
[508.493s][debug][gc,phases      ] GC(31)     Total                          Min: 0, Avg: 10540.2, Max: 18560, Diff: 18560, Sum: 42161, Workers: 4
[508.493s][debug][gc,phases      ] GC(31)   ResolvedMethodTable Weak       Min:  0.0, Avg:  0.0, Max:  0.0, Diff:  0.0, Sum:  0.1, Workers: 4
[508.493s][debug][gc,phases      ] GC(31)     Dead                           Min: 0, Avg:  0.0, Max: 0, Diff: 0, Sum: 0, Workers: 4
[508.493s][debug][gc,phases      ] GC(31)     Total                          Min: 0, Avg: 2056.5, Max: 3619, Diff: 3619, Sum: 8226, Workers: 4
[508.493s][debug][gc,phases      ] GC(31)   JNI Weak                       Min:  0.0, Avg:  0.0, Max:  0.0, Diff:  0.0, Sum:  0.0, Workers: 4
[508.493s][debug][gc,phases      ] GC(31)     Dead                           Min: 0, Avg:  0.0, Max: 0, Diff: 0, Sum: 0, Workers: 4
[508.493s][debug][gc,phases      ] GC(31)     Total                          Min: 0, Avg: 11.2, Max: 45, Diff: 45, Sum: 45, Workers: 4
[508.493s][debug][gc,phases      ] GC(31)   StringDedup Table Weak         Min:  0.0, Avg:  0.0, Max:  0.0, Diff:  0.0, Sum:  0.0, Workers: 4
[508.493s][debug][gc,phases      ] GC(31)     Dead                           Min: 0, Avg:  0.0, Max: 0, Diff: 0, Sum: 0, Workers: 4
[508.493s][debug][gc,phases      ] GC(31)     Total                          Min: 0, Avg:  0.0, Max: 0, Diff: 0, Sum: 0, Workers: 4
[508.493s][debug][gc,phases      ] GC(31)   StringDedup Requests0 Weak     Min:  0.0, Avg:  0.0, Max:  0.0, Diff:  0.0, Sum:  0.0, Workers: 4
[508.493s][debug][gc,phases      ] GC(31)     Dead                           Min: 0, Avg:  0.0, Max: 0, Diff: 0, Sum: 0, Workers: 4
[508.493s][debug][gc,phases      ] GC(31)     Total                          Min: 0, Avg:  0.0, Max: 0, Diff: 0, Sum: 0, Workers: 4
[508.493s][debug][gc,phases      ] GC(31)   StringDedup Requests1 Weak     Min:  0.0, Avg:  0.0, Max:  0.0, Diff:  0.0, Sum:  0.0, Workers: 4
[508.493s][debug][gc,phases      ] GC(31)     Dead                           Min: 0, Avg:  0.0, Max: 0, Diff: 0, Sum: 0, Workers: 4
[508.493s][debug][gc,phases      ] GC(31)     Total                          Min: 0, Avg:  0.0, Max: 0, Diff: 0, Sum: 0, Workers: 4
[508.493s][debug][gc,phases      ] GC(31)   Weak JFR Old Object Samples    Min:  0.0, Avg:  0.0, Max:  0.0, Diff:  0.0, Sum:  0.0, Workers: 4
[508.493s][debug][gc,phases      ] GC(31)     Dead                           Min: 0, Avg:  0.0, Max: 0, Diff: 0, Sum: 0, Workers: 4
[508.493s][debug][gc,phases      ] GC(31)     Total                          Min: 0, Avg:  0.0, Max: 0, Diff: 0, Sum: 0, Workers: 4
[508.493s][debug][gc,phases      ] GC(31) Weak Processing 0.292ms
[508.493s][debug][gc,age         ] GC(31) Desired survivor size 312999936 bytes, new threshold 11 (max threshold 15)
[508.493s][info ][gc,heap        ] GC(31) PSYoungGen: 1397792K(1726464K)->19504K(1791488K) Eden: 1378304K(1378304K)->0K(1465344K) From: 19488K(348160K)->19504K(326144K)
[508.493s][info ][gc,heap        ] GC(31) ParOldGen: 379077K(520704K)->379077K(520704K)
[508.493s][info ][gc,metaspace   ] GC(31) Metaspace: 77488K(78400K)->77488K(78400K) NonClass: 66524K(67008K)->66524K(67008K) Class: 10964K(11392K)->10964K(11392K)
[508.493s][info ][gc             ] GC(31) Pause Young (Allocation Failure) 1735M->389M(2258M) 8.665ms
[508.493s][info ][gc,cpu         ] GC(31) User=0.03s Sys=0.00s Real=0.01s
[508.493s][info ][safepoint      ] Safepoint "ParallelGCFailedAllocation", Time since last: 2338284772 ns, Reaching safepoint: 97900 ns, At safepoint: 8729116 ns, Total: 8827016 ns
[511.493s][info ][safepoint      ] Safepoint "Cleanup", Time since last: 3000188386 ns, Reaching safepoint: 41800 ns, At safepoint: 2500 ns, Total: 44300 ns
[512.493s][info ][safepoint      ] Safepoint "Cleanup", Time since last: 1000109030 ns, Reaching safepoint: 26900 ns, At safepoint: 2000 ns, Total: 28900 ns
[519.494s][info ][safepoint      ] Safepoint "Cleanup", Time since last: 7000478820 ns, Reaching safepoint: 25200 ns, At safepoint: 2200 ns, Total: 27400 ns
[525.494s][info ][safepoint      ] Safepoint "Cleanup", Time since last: 6000414107 ns, Reaching safepoint: 35300 ns, At safepoint: 6300 ns, Total: 41600 ns
[531.494s][info ][safepoint      ] Safepoint "Cleanup", Time since last: 6000372124 ns, Reaching safepoint: 33200 ns, At safepoint: 2600 ns, Total: 35800 ns
[532.495s][info ][safepoint      ] Safepoint "Cleanup", Time since last: 1000107539 ns, Reaching safepoint: 43200 ns, At safepoint: 4500 ns, Total: 47700 ns
[533.495s][info ][safepoint      ] Safepoint "Cleanup", Time since last: 1000107839 ns, Reaching safepoint: 25300 ns, At safepoint: 2100 ns, Total: 27400 ns
[534.495s][info ][safepoint      ] Safepoint "Cleanup", Time since last: 1000108040 ns, Reaching safepoint: 42300 ns, At safepoint: 2800 ns, Total: 45100 ns
[539.495s][info ][safepoint      ] Safepoint "Cleanup", Time since last: 5000306206 ns, Reaching safepoint: 29500 ns, At safepoint: 3000 ns, Total: 32500 ns
[545.496s][info ][safepoint      ] Safepoint "Cleanup", Time since last: 6000418261 ns, Reaching safepoint: 36900 ns, At safepoint: 2300 ns, Total: 39200 ns
[549.496s][info ][safepoint      ] Safepoint "Cleanup", Time since last: 4000258883 ns, Reaching safepoint: 26600 ns, At safepoint: 2100 ns, Total: 28700 ns
[550.011s][info ][safepoint      ] Safepoint "ParallelGCFailedAllocation", Time since last: 514531550 ns, Reaching safepoint: 190001 ns, At safepoint: 18900 ns, Total: 208901 ns
[550.011s][info ][gc,start       ] GC(32) Pause Young (GCLocker Initiated GC)
[550.018s][debug][gc,phases      ] GC(32) Scavenge 6.385ms
[550.018s][debug][gc,ref         ] GC(32) Skipped phase 1 of Reference Processing: no references
[550.018s][debug][gc,ref         ] GC(32) ReferenceProcessor::execute queues: 1, RefProcThreadModel::Single, marks_oops_alive: false
[550.018s][debug][gc,ref         ] GC(32) Skipped phase 3 of Reference Processing: no references
[550.018s][debug][gc,ref         ] GC(32) ReferenceProcessor::execute queues: 1, RefProcThreadModel::Single, marks_oops_alive: false
[550.018s][debug][gc,phases      ] GC(32) Reference Processing 0.088ms
[550.018s][debug][gc,phases      ] GC(32)   VM Weak                        Min:  0.0, Avg:  0.0, Max:  0.0, Diff:  0.0, Sum:  0.0, Workers: 4
[550.018s][debug][gc,phases      ] GC(32)     Dead                           Min: 0, Avg:  0.0, Max: 0, Diff: 0, Sum: 0, Workers: 4
[550.018s][debug][gc,phases      ] GC(32)     Total                          Min: 0, Avg: 183.5, Max: 734, Diff: 734, Sum: 734, Workers: 4
[550.018s][debug][gc,phases      ] GC(32)   ObjectSynchronizer Weak        Min:  0.0, Avg:  0.0, Max:  0.0, Diff:  0.0, Sum:  0.0, Workers: 4
[550.018s][debug][gc,phases      ] GC(32)     Dead                           Min: 0, Avg:  0.0, Max: 0, Diff: 0, Sum: 0, Workers: 4
[550.018s][debug][gc,phases      ] GC(32)     Total                          Min: 0, Avg:  7.5, Max: 30, Diff: 30, Sum: 30, Workers: 4
[550.018s][debug][gc,phases      ] GC(32)   JVMTI Tag Weak OopStorage      Min:  0.0, Avg:  0.0, Max:  0.0, Diff:  0.0, Sum:  0.0, Workers: 4
[550.018s][debug][gc,phases      ] GC(32)     Dead                           Min: 0, Avg:  0.0, Max: 0, Diff: 0, Sum: 0, Workers: 4
[550.018s][debug][gc,phases      ] GC(32)     Total                          Min: 0, Avg:  0.0, Max: 0, Diff: 0, Sum: 0, Workers: 4
[550.018s][debug][gc,phases      ] GC(32)   StringTable Weak               Min:  0.0, Avg:  0.1, Max:  0.1, Diff:  0.1, Sum:  0.3, Workers: 4
[550.018s][debug][gc,phases      ] GC(32)     Dead                           Min: 0, Avg:  0.0, Max: 0, Diff: 0, Sum: 0, Workers: 4
[550.018s][debug][gc,phases      ] GC(32)     Total                          Min: 0, Avg: 10540.2, Max: 17472, Diff: 17472, Sum: 42161, Workers: 4
[550.018s][debug][gc,phases      ] GC(32)   ResolvedMethodTable Weak       Min:  0.0, Avg:  0.0, Max:  0.0, Diff:  0.0, Sum:  0.1, Workers: 4
[550.018s][debug][gc,phases      ] GC(32)     Dead                           Min: 0, Avg:  0.0, Max: 0, Diff: 0, Sum: 0, Workers: 4
[550.018s][debug][gc,phases      ] GC(32)     Total                          Min: 0, Avg: 2056.5, Max: 3576, Diff: 3576, Sum: 8226, Workers: 4
[550.018s][debug][gc,phases      ] GC(32)   JNI Weak                       Min:  0.0, Avg:  0.0, Max:  0.0, Diff:  0.0, Sum:  0.0, Workers: 4
[550.018s][debug][gc,phases      ] GC(32)     Dead                           Min: 0, Avg:  0.0, Max: 0, Diff: 0, Sum: 0, Workers: 4
[550.018s][debug][gc,phases      ] GC(32)     Total                          Min: 0, Avg: 11.2, Max: 45, Diff: 45, Sum: 45, Workers: 4
[550.018s][debug][gc,phases      ] GC(32)   StringDedup Table Weak         Min:  0.0, Avg:  0.0, Max:  0.0, Diff:  0.0, Sum:  0.0, Workers: 4
[550.018s][debug][gc,phases      ] GC(32)     Dead                           Min: 0, Avg:  0.0, Max: 0, Diff: 0, Sum: 0, Workers: 4
[550.018s][debug][gc,phases      ] GC(32)     Total                          Min: 0, Avg:  0.0, Max: 0, Diff: 0, Sum: 0, Workers: 4
[550.018s][debug][gc,phases      ] GC(32)   StringDedup Requests0 Weak     Min:  0.0, Avg:  0.0, Max:  0.0, Diff:  0.0, Sum:  0.0, Workers: 4
[550.018s][debug][gc,phases      ] GC(32)     Dead                           Min: 0, Avg:  0.0, Max: 0, Diff: 0, Sum: 0, Workers: 4
[550.018s][debug][gc,phases      ] GC(32)     Total                          Min: 0, Avg:  0.0, Max: 0, Diff: 0, Sum: 0, Workers: 4
[550.018s][debug][gc,phases      ] GC(32)   StringDedup Requests1 Weak     Min:  0.0, Avg:  0.0, Max:  0.0, Diff:  0.0, Sum:  0.0, Workers: 4
[550.018s][debug][gc,phases      ] GC(32)     Dead                           Min: 0, Avg:  0.0, Max: 0, Diff: 0, Sum: 0, Workers: 4
[550.018s][debug][gc,phases      ] GC(32)     Total                          Min: 0, Avg:  0.0, Max: 0, Diff: 0, Sum: 0, Workers: 4
[550.018s][debug][gc,phases      ] GC(32)   Weak JFR Old Object Samples    Min:  0.0, Avg:  0.0, Max:  0.0, Diff:  0.0, Sum:  0.0, Workers: 4
[550.018s][debug][gc,phases      ] GC(32)     Dead                           Min: 0, Avg:  0.0, Max: 0, Diff: 0, Sum: 0, Workers: 4
[550.018s][debug][gc,phases      ] GC(32)     Total                          Min: 0, Avg:  0.0, Max: 0, Diff: 0, Sum: 0, Workers: 4
[550.018s][debug][gc,phases      ] GC(32) Weak Processing 0.302ms
[550.018s][debug][gc,age         ] GC(32) Desired survivor size 292552704 bytes, new threshold 12 (max threshold 15)
[550.018s][info ][gc,heap        ] GC(32) PSYoungGen: 1484848K(1791488K)->20807K(1771008K) Eden: 1465344K(1465344K)->0K(1465344K) From: 19504K(326144K)->20807K(305664K)
[550.018s][info ][gc,heap        ] GC(32) ParOldGen: 379121K(520704K)->379121K(520704K)
[550.018s][info ][gc,metaspace   ] GC(32) Metaspace: 77499K(78400K)->77499K(78400K) NonClass: 66534K(67008K)->66534K(67008K) Class: 10964K(11392K)->10964K(11392K)
[550.018s][info ][gc             ] GC(32) Pause Young (GCLocker Initiated GC) 1820M->390M(2238M) 6.852ms
[550.018s][info ][gc,cpu         ] GC(32) User=0.02s Sys=0.00s Real=0.01s
[550.018s][info ][safepoint      ] Safepoint "ParallelGCSystemGC", Time since last: 380500 ns, Reaching safepoint: 102301 ns, At safepoint: 6904512 ns, Total: 7006813 ns
[557.019s][info ][safepoint      ] Safepoint "Cleanup", Time since last: 7000376139 ns, Reaching safepoint: 35500 ns, At safepoint: 2800 ns, Total: 38300 ns
[561.019s][info ][safepoint      ] Safepoint "Cleanup", Time since last: 4000284103 ns, Reaching safepoint: 25500 ns, At safepoint: 2400 ns, Total: 27900 ns
[562.019s][info ][safepoint      ] Safepoint "Cleanup", Time since last: 1000094452 ns, Reaching safepoint: 38600 ns, At safepoint: 2500 ns, Total: 41100 ns
[564.019s][info ][safepoint      ] Safepoint "Cleanup", Time since last: 2000171705 ns, Reaching safepoint: 47900 ns, At safepoint: 3000 ns, Total: 50900 ns
[565.019s][info ][safepoint      ] Safepoint "Cleanup", Time since last: 1000098354 ns, Reaching safepoint: 37200 ns, At safepoint: 3900 ns, Total: 41100 ns
[566.019s][info ][safepoint      ] Safepoint "Cleanup", Time since last: 1000097553 ns, Reaching safepoint: 40400 ns, At safepoint: 2300 ns, Total: 42700 ns
[568.020s][info ][safepoint      ] Safepoint "Cleanup", Time since last: 2000166009 ns, Reaching safepoint: 28900 ns, At safepoint: 2800 ns, Total: 31700 ns
[569.020s][info ][safepoint      ] Safepoint "Cleanup", Time since last: 1000107955 ns, Reaching safepoint: 52200 ns, At safepoint: 5700 ns, Total: 57900 ns
[572.020s][info ][safepoint      ] Safepoint "Cleanup", Time since last: 3000190767 ns, Reaching safepoint: 41600 ns, At safepoint: 2900 ns, Total: 44500 ns
[574.020s][info ][safepoint      ] Safepoint "Cleanup", Time since last: 2000159614 ns, Reaching safepoint: 40500 ns, At safepoint: 2200 ns, Total: 42700 ns
[575.020s][info ][safepoint      ] Safepoint "Cleanup", Time since last: 1000094157 ns, Reaching safepoint: 62100 ns, At safepoint: 4300 ns, Total: 66400 ns
[576.021s][info ][safepoint      ] Safepoint "Cleanup", Time since last: 1000122458 ns, Reaching safepoint: 36300 ns, At safepoint: 2300 ns, Total: 38600 ns
[578.021s][info ][safepoint      ] Safepoint "Cleanup", Time since last: 2000168217 ns, Reaching safepoint: 37700 ns, At safepoint: 2400 ns, Total: 40100 ns
[579.021s][info ][safepoint      ] Safepoint "Cleanup", Time since last: 1000102559 ns, Reaching safepoint: 33800 ns, At safepoint: 2700 ns, Total: 36500 ns
[581.021s][info ][safepoint      ] Safepoint "Cleanup", Time since last: 2000162820 ns, Reaching safepoint: 55500 ns, At safepoint: 4500 ns, Total: 60000 ns
[585.022s][info ][safepoint      ] Safepoint "Cleanup", Time since last: 4000309143 ns, Reaching safepoint: 36700 ns, At safepoint: 2900 ns, Total: 39600 ns
[593.022s][info ][safepoint      ] Safepoint "Cleanup", Time since last: 8000798807 ns, Reaching safepoint: 70901 ns, At safepoint: 5600 ns, Total: 76501 ns
[594.023s][info ][safepoint      ] Safepoint "Cleanup", Time since last: 1000105365 ns, Reaching safepoint: 68700 ns, At safepoint: 2500 ns, Total: 71200 ns
[595.467s][info ][gc,start       ] GC(33) Pause Young (Allocation Failure)
[595.473s][debug][gc,phases      ] GC(33) Scavenge 6.646ms
[595.474s][debug][gc,ref         ] GC(33) Skipped phase 1 of Reference Processing: no references
[595.474s][debug][gc,ref         ] GC(33) ReferenceProcessor::execute queues: 1, RefProcThreadModel::Single, marks_oops_alive: false
[595.474s][debug][gc,ref         ] GC(33) Skipped phase 3 of Reference Processing: no references
[595.474s][debug][gc,ref         ] GC(33) ReferenceProcessor::execute queues: 1, RefProcThreadModel::Single, marks_oops_alive: false
[595.474s][debug][gc,phases      ] GC(33) Reference Processing 0.118ms
[595.474s][debug][gc,phases      ] GC(33)   VM Weak                        Min:  0.0, Avg:  0.0, Max:  0.0, Diff:  0.0, Sum:  0.0, Workers: 4
[595.474s][debug][gc,phases      ] GC(33)     Dead                           Min: 0, Avg:  0.0, Max: 0, Diff: 0, Sum: 0, Workers: 4
[595.474s][debug][gc,phases      ] GC(33)     Total                          Min: 0, Avg: 184.5, Max: 738, Diff: 738, Sum: 738, Workers: 4
[595.474s][debug][gc,phases      ] GC(33)   ObjectSynchronizer Weak        Min:  0.0, Avg:  0.0, Max:  0.0, Diff:  0.0, Sum:  0.0, Workers: 4
[595.474s][debug][gc,phases      ] GC(33)     Dead                           Min: 0, Avg:  0.0, Max: 0, Diff: 0, Sum: 0, Workers: 4
[595.474s][debug][gc,phases      ] GC(33)     Total                          Min: 0, Avg:  7.5, Max: 30, Diff: 30, Sum: 30, Workers: 4
[595.474s][debug][gc,phases      ] GC(33)   JVMTI Tag Weak OopStorage      Min:  0.0, Avg:  0.0, Max:  0.0, Diff:  0.0, Sum:  0.0, Workers: 4
[595.474s][debug][gc,phases      ] GC(33)     Dead                           Min: 0, Avg:  0.0, Max: 0, Diff: 0, Sum: 0, Workers: 4
[595.474s][debug][gc,phases      ] GC(33)     Total                          Min: 0, Avg:  0.0, Max: 0, Diff: 0, Sum: 0, Workers: 4
[595.474s][debug][gc,phases      ] GC(33)   StringTable Weak               Min:  0.0, Avg:  0.1, Max:  0.1, Diff:  0.1, Sum:  0.4, Workers: 4
[595.474s][debug][gc,phases      ] GC(33)     Dead                           Min: 0, Avg:  0.0, Max: 0, Diff: 0, Sum: 0, Workers: 4
[595.474s][debug][gc,phases      ] GC(33)     Total                          Min: 0, Avg: 10541.5, Max: 14390, Diff: 14390, Sum: 42166, Workers: 4
[595.474s][debug][gc,phases      ] GC(33)   ResolvedMethodTable Weak       Min:  0.0, Avg:  0.0, Max:  0.0, Diff:  0.0, Sum:  0.1, Workers: 4
[595.474s][debug][gc,phases      ] GC(33)     Dead                           Min: 0, Avg:  0.0, Max: 0, Diff: 0, Sum: 0, Workers: 4
[595.474s][debug][gc,phases      ] GC(33)     Total                          Min: 0, Avg: 2060.0, Max: 2936, Diff: 2936, Sum: 8240, Workers: 4
[595.474s][debug][gc,phases      ] GC(33)   JNI Weak                       Min:  0.0, Avg:  0.0, Max:  0.0, Diff:  0.0, Sum:  0.0, Workers: 4
[595.474s][debug][gc,phases      ] GC(33)     Dead                           Min: 0, Avg:  0.0, Max: 0, Diff: 0, Sum: 0, Workers: 4
[595.474s][debug][gc,phases      ] GC(33)     Total                          Min: 0, Avg: 11.2, Max: 45, Diff: 45, Sum: 45, Workers: 4
[595.474s][debug][gc,phases      ] GC(33)   StringDedup Table Weak         Min:  0.0, Avg:  0.0, Max:  0.0, Diff:  0.0, Sum:  0.0, Workers: 4
[595.474s][debug][gc,phases      ] GC(33)     Dead                           Min: 0, Avg:  0.0, Max: 0, Diff: 0, Sum: 0, Workers: 4
[595.474s][debug][gc,phases      ] GC(33)     Total                          Min: 0, Avg:  0.0, Max: 0, Diff: 0, Sum: 0, Workers: 4
[595.474s][debug][gc,phases      ] GC(33)   StringDedup Requests0 Weak     Min:  0.0, Avg:  0.0, Max:  0.0, Diff:  0.0, Sum:  0.0, Workers: 4
[595.474s][debug][gc,phases      ] GC(33)     Dead                           Min: 0, Avg:  0.0, Max: 0, Diff: 0, Sum: 0, Workers: 4
[595.474s][debug][gc,phases      ] GC(33)     Total                          Min: 0, Avg:  0.0, Max: 0, Diff: 0, Sum: 0, Workers: 4
[595.474s][debug][gc,phases      ] GC(33)   StringDedup Requests1 Weak     Min:  0.0, Avg:  0.0, Max:  0.0, Diff:  0.0, Sum:  0.0, Workers: 4
[595.474s][debug][gc,phases      ] GC(33)     Dead                           Min: 0, Avg:  0.0, Max: 0, Diff: 0, Sum: 0, Workers: 4
[595.474s][debug][gc,phases      ] GC(33)     Total                          Min: 0, Avg:  0.0, Max: 0, Diff: 0, Sum: 0, Workers: 4
[595.474s][debug][gc,phases      ] GC(33)   Weak JFR Old Object Samples    Min:  0.0, Avg:  0.0, Max:  0.0, Diff:  0.0, Sum:  0.0, Workers: 4
[595.474s][debug][gc,phases      ] GC(33)     Dead                           Min: 0, Avg:  0.0, Max: 0, Diff: 0, Sum: 0, Workers: 4
[595.474s][debug][gc,phases      ] GC(33)     Total                          Min: 0, Avg:  0.0, Max: 0, Diff: 0, Sum: 0, Workers: 4
[595.474s][debug][gc,phases      ] GC(33) Weak Processing 0.358ms
[595.474s][debug][gc,age         ] GC(33) Desired survivor size 273678336 bytes, new threshold 13 (max threshold 15)
[595.474s][info ][gc,heap        ] GC(33) PSYoungGen: 1486151K(1771008K)->20352K(1829888K) Eden: 1465344K(1465344K)->0K(1544192K) From: 20807K(305664K)->20352K(285696K)
[595.474s][info ][gc,heap        ] GC(33) ParOldGen: 379124K(520704K)->379124K(520704K)
[595.474s][info ][gc,metaspace   ] GC(33) Metaspace: 77545K(78400K)->77545K(78400K) NonClass: 66576K(67008K)->66576K(67008K) Class: 10968K(11392K)->10968K(11392K)
[595.474s][info ][gc             ] GC(33) Pause Young (Allocation Failure) 1821M->390M(2295M) 7.233ms
[595.474s][info ][gc,cpu         ] GC(33) User=0.03s Sys=0.00s Real=0.01s
[595.474s][info ][safepoint      ] Safepoint "ParallelGCFailedAllocation", Time since last: 1444120394 ns, Reaching safepoint: 46000 ns, At safepoint: 7301814 ns, Total: 7347814 ns
[599.475s][info ][safepoint      ] Safepoint "Cleanup", Time since last: 4000970668 ns, Reaching safepoint: 38300 ns, At safepoint: 2300 ns, Total: 40600 ns
[600.475s][info ][safepoint      ] Safepoint "Cleanup", Time since last: 1000095468 ns, Reaching safepoint: 49000 ns, At safepoint: 4400 ns, Total: 53400 ns
[605.476s][info ][safepoint      ] Safepoint "Cleanup", Time since last: 5000394945 ns, Reaching safepoint: 40900 ns, At safepoint: 4100 ns, Total: 45000 ns
[606.476s][info ][safepoint      ] Safepoint "Cleanup", Time since last: 1000110270 ns, Reaching safepoint: 42000 ns, At safepoint: 2900 ns, Total: 44900 ns
[607.476s][info ][safepoint      ] Safepoint "Cleanup", Time since last: 1000118170 ns, Reaching safepoint: 31101 ns, At safepoint: 2300 ns, Total: 33401 ns
[611.476s][info ][safepoint      ] Safepoint "Cleanup", Time since last: 4000307186 ns, Reaching safepoint: 40300 ns, At safepoint: 9100 ns, Total: 49400 ns
[618.477s][info ][safepoint      ] Safepoint "Cleanup", Time since last: 7000404815 ns, Reaching safepoint: 79900 ns, At safepoint: 2900 ns, Total: 82800 ns
[621.477s][info ][safepoint      ] Safepoint "Cleanup", Time since last: 3000235726 ns, Reaching safepoint: 33901 ns, At safepoint: 2600 ns, Total: 36501 ns
[622.477s][info ][safepoint      ] Safepoint "Cleanup", Time since last: 1000108176 ns, Reaching safepoint: 32200 ns, At safepoint: 2700 ns, Total: 34900 ns
[624.477s][info ][safepoint      ] Safepoint "Cleanup", Time since last: 2000134154 ns, Reaching safepoint: 32400 ns, At safepoint: 2700 ns, Total: 35100 ns
[626.478s][info ][safepoint      ] Safepoint "Cleanup", Time since last: 2000185055 ns, Reaching safepoint: 40300 ns, At safepoint: 7200 ns, Total: 47500 ns
[627.478s][info ][safepoint      ] Safepoint "Cleanup", Time since last: 1000110278 ns, Reaching safepoint: 51101 ns, At safepoint: 13500 ns, Total: 64601 ns
[629.478s][info ][safepoint      ] Safepoint "Cleanup", Time since last: 2000172057 ns, Reaching safepoint: 48000 ns, At safepoint: 3000 ns, Total: 51000 ns
[630.478s][info ][safepoint      ] Safepoint "Cleanup", Time since last: 1000102680 ns, Reaching safepoint: 44200 ns, At safepoint: 4900 ns, Total: 49100 ns
[631.478s][info ][safepoint      ] Safepoint "Cleanup", Time since last: 1000105179 ns, Reaching safepoint: 115001 ns, At safepoint: 3000 ns, Total: 118001 ns
[632.479s][info ][safepoint      ] Safepoint "Cleanup", Time since last: 1000114980 ns, Reaching safepoint: 95200 ns, At safepoint: 8300 ns, Total: 103500 ns
[633.374s][info ][gc,start       ] GC(34) Pause Young (Allocation Failure)
[633.385s][debug][gc,phases      ] GC(34) Scavenge 11.799ms
[633.385s][debug][gc,ref         ] GC(34) Skipped phase 1 of Reference Processing: no references
[633.386s][debug][gc,ref         ] GC(34) ReferenceProcessor::execute queues: 1, RefProcThreadModel::Single, marks_oops_alive: false
[633.386s][debug][gc,ref         ] GC(34) Skipped phase 3 of Reference Processing: no references
[633.386s][debug][gc,ref         ] GC(34) ReferenceProcessor::execute queues: 1, RefProcThreadModel::Single, marks_oops_alive: false
[633.386s][debug][gc,phases      ] GC(34) Reference Processing 0.096ms
[633.386s][debug][gc,phases      ] GC(34)   VM Weak                        Min:  0.0, Avg:  0.0, Max:  0.0, Diff:  0.0, Sum:  0.0, Workers: 4
[633.386s][debug][gc,phases      ] GC(34)     Dead                           Min: 0, Avg:  0.0, Max: 0, Diff: 0, Sum: 0, Workers: 4
[633.386s][debug][gc,phases      ] GC(34)     Total                          Min: 0, Avg: 184.8, Max: 739, Diff: 739, Sum: 739, Workers: 4
[633.386s][debug][gc,phases      ] GC(34)   ObjectSynchronizer Weak        Min:  0.0, Avg:  0.0, Max:  0.0, Diff:  0.0, Sum:  0.0, Workers: 4
[633.386s][debug][gc,phases      ] GC(34)     Dead                           Min: 0, Avg:  0.5, Max: 2, Diff: 2, Sum: 2, Workers: 4
[633.386s][debug][gc,phases      ] GC(34)     Total                          Min: 0, Avg:  8.0, Max: 32, Diff: 32, Sum: 32, Workers: 4
[633.386s][debug][gc,phases      ] GC(34)   JVMTI Tag Weak OopStorage      Min:  0.0, Avg:  0.0, Max:  0.0, Diff:  0.0, Sum:  0.0, Workers: 4
[633.386s][debug][gc,phases      ] GC(34)     Dead                           Min: 0, Avg:  0.0, Max: 0, Diff: 0, Sum: 0, Workers: 4
[633.386s][debug][gc,phases      ] GC(34)     Total                          Min: 0, Avg:  0.0, Max: 0, Diff: 0, Sum: 0, Workers: 4
[633.386s][debug][gc,phases      ] GC(34)   StringTable Weak               Min:  0.0, Avg:  0.1, Max:  0.1, Diff:  0.1, Sum:  0.3, Workers: 4
[633.386s][debug][gc,phases      ] GC(34)     Dead                           Min: 0, Avg:  0.0, Max: 0, Diff: 0, Sum: 0, Workers: 4
[633.386s][debug][gc,phases      ] GC(34)     Total                          Min: 0, Avg: 10548.2, Max: 18048, Diff: 18048, Sum: 42193, Workers: 4
[633.386s][debug][gc,phases      ] GC(34)   ResolvedMethodTable Weak       Min:  0.0, Avg:  0.0, Max:  0.0, Diff:  0.0, Sum:  0.1, Workers: 4
[633.386s][debug][gc,phases      ] GC(34)     Dead                           Min: 0, Avg:  0.0, Max: 0, Diff: 0, Sum: 0, Workers: 4
[633.386s][debug][gc,phases      ] GC(34)     Total                          Min: 0, Avg: 2062.5, Max: 3578, Diff: 3578, Sum: 8250, Workers: 4
[633.386s][debug][gc,phases      ] GC(34)   JNI Weak                       Min:  0.0, Avg:  0.0, Max:  0.0, Diff:  0.0, Sum:  0.0, Workers: 4
[633.386s][debug][gc,phases      ] GC(34)     Dead                           Min: 0, Avg:  0.0, Max: 0, Diff: 0, Sum: 0, Workers: 4
[633.386s][debug][gc,phases      ] GC(34)     Total                          Min: 0, Avg: 11.2, Max: 45, Diff: 45, Sum: 45, Workers: 4
[633.386s][debug][gc,phases      ] GC(34)   StringDedup Table Weak         Min:  0.0, Avg:  0.0, Max:  0.0, Diff:  0.0, Sum:  0.0, Workers: 4
[633.386s][debug][gc,phases      ] GC(34)     Dead                           Min: 0, Avg:  0.0, Max: 0, Diff: 0, Sum: 0, Workers: 4
[633.386s][debug][gc,phases      ] GC(34)     Total                          Min: 0, Avg:  0.0, Max: 0, Diff: 0, Sum: 0, Workers: 4
[633.386s][debug][gc,phases      ] GC(34)   StringDedup Requests0 Weak     Min:  0.0, Avg:  0.0, Max:  0.0, Diff:  0.0, Sum:  0.0, Workers: 4
[633.386s][debug][gc,phases      ] GC(34)     Dead                           Min: 0, Avg:  0.0, Max: 0, Diff: 0, Sum: 0, Workers: 4
[633.386s][debug][gc,phases      ] GC(34)     Total                          Min: 0, Avg:  0.0, Max: 0, Diff: 0, Sum: 0, Workers: 4
[633.386s][debug][gc,phases      ] GC(34)   StringDedup Requests1 Weak     Min:  0.0, Avg:  0.0, Max:  0.0, Diff:  0.0, Sum:  0.0, Workers: 4
[633.386s][debug][gc,phases      ] GC(34)     Dead                           Min: 0, Avg:  0.0, Max: 0, Diff: 0, Sum: 0, Workers: 4
[633.386s][debug][gc,phases      ] GC(34)     Total                          Min: 0, Avg:  0.0, Max: 0, Diff: 0, Sum: 0, Workers: 4
[633.386s][debug][gc,phases      ] GC(34)   Weak JFR Old Object Samples    Min:  0.0, Avg:  0.0, Max:  0.0, Diff:  0.0, Sum:  0.0, Workers: 4
[633.386s][debug][gc,phases      ] GC(34)     Dead                           Min: 0, Avg:  0.0, Max: 0, Diff: 0, Sum: 0, Workers: 4
[633.386s][debug][gc,phases      ] GC(34)     Total                          Min: 0, Avg:  0.0, Max: 0, Diff: 0, Sum: 0, Workers: 4
[633.386s][debug][gc,phases      ] GC(34) Weak Processing 0.299ms
[633.386s][debug][gc,age         ] GC(34) Desired survivor size 255328256 bytes, new threshold 14 (max threshold 15)
[633.386s][info ][gc,heap        ] GC(34) PSYoungGen: 1564544K(1829888K)->20569K(1811456K) Eden: 1544192K(1544192K)->0K(1544192K) From: 20352K(285696K)->20569K(267264K)
[633.386s][info ][gc,heap        ] GC(34) ParOldGen: 379124K(520704K)->379124K(520704K)
[633.386s][info ][gc,metaspace   ] GC(34) Metaspace: 77577K(78464K)->77577K(78464K) NonClass: 66604K(67072K)->66604K(67072K) Class: 10973K(11392K)->10973K(11392K)
[633.386s][info ][gc             ] GC(34) Pause Young (Allocation Failure) 1898M->390M(2277M) 12.309ms
[633.386s][info ][gc,cpu         ] GC(34) User=0.02s Sys=0.02s Real=0.01s
[633.386s][info ][safepoint      ] Safepoint "ParallelGCFailedAllocation", Time since last: 894838883 ns, Reaching safepoint: 113700 ns, At safepoint: 12380323 ns, Total: 12494023 ns
[634.684s][info ][safepoint      ] Safepoint "Cleanup", Time since last: 1297649541 ns, Reaching safepoint: 95700 ns, At safepoint: 8300 ns, Total: 104000 ns
[635.684s][info ][safepoint      ] Safepoint "Cleanup", Time since last: 1000111581 ns, Reaching safepoint: 116800 ns, At safepoint: 14600 ns, Total: 131400 ns
[636.684s][info ][safepoint      ] Safepoint "Cleanup", Time since last: 1000107482 ns, Reaching safepoint: 137700 ns, At safepoint: 13000 ns, Total: 150700 ns
[637.684s][info ][safepoint      ] Safepoint "Cleanup", Time since last: 1000115982 ns, Reaching safepoint: 106201 ns, At safepoint: 9700 ns, Total: 115901 ns
[639.744s][info ][safepoint      ] Safepoint "Cleanup", Time since last: 2059128676 ns, Reaching safepoint: 77900 ns, At safepoint: 7500 ns, Total: 85400 ns
[640.744s][info ][safepoint      ] Safepoint "Cleanup", Time since last: 1000108583 ns, Reaching safepoint: 33600 ns, At safepoint: 39700 ns, Total: 73300 ns
[642.744s][info ][safepoint      ] Safepoint "Cleanup", Time since last: 2000148068 ns, Reaching safepoint: 25600 ns, At safepoint: 2100 ns, Total: 27700 ns
[644.744s][info ][safepoint      ] Safepoint "Cleanup", Time since last: 2000167968 ns, Reaching safepoint: 53801 ns, At safepoint: 4500 ns, Total: 58301 ns
[646.744s][info ][safepoint      ] Safepoint "Cleanup", Time since last: 2000191970 ns, Reaching safepoint: 33900 ns, At safepoint: 4700 ns, Total: 38600 ns
[647.745s][info ][safepoint      ] Safepoint "Cleanup", Time since last: 1000103486 ns, Reaching safepoint: 49600 ns, At safepoint: 7300 ns, Total: 56900 ns
[648.745s][info ][safepoint      ] Safepoint "Cleanup", Time since last: 1000105886 ns, Reaching safepoint: 31300 ns, At safepoint: 2700 ns, Total: 34000 ns
[649.745s][info ][safepoint      ] Safepoint "Cleanup", Time since last: 1000102386 ns, Reaching safepoint: 39601 ns, At safepoint: 4900 ns, Total: 44501 ns
[650.745s][info ][safepoint      ] Safepoint "Cleanup", Time since last: 1000112686 ns, Reaching safepoint: 48500 ns, At safepoint: 4000 ns, Total: 52500 ns
[651.745s][info ][safepoint      ] Safepoint "Cleanup", Time since last: 1000074788 ns, Reaching safepoint: 44600 ns, At safepoint: 3300 ns, Total: 47900 ns
[652.745s][info ][safepoint      ] Safepoint "Cleanup", Time since last: 1000105487 ns, Reaching safepoint: 31500 ns, At safepoint: 2800 ns, Total: 34300 ns
[654.746s][info ][safepoint      ] Safepoint "Cleanup", Time since last: 2000168776 ns, Reaching safepoint: 38300 ns, At safepoint: 5100 ns, Total: 43400 ns
[656.746s][info ][safepoint      ] Safepoint "Cleanup", Time since last: 2000150778 ns, Reaching safepoint: 36900 ns, At safepoint: 4400 ns, Total: 41300 ns
[661.746s][info ][safepoint      ] Safepoint "Cleanup", Time since last: 5000314750 ns, Reaching safepoint: 55600 ns, At safepoint: 6500 ns, Total: 62100 ns
[662.746s][info ][safepoint      ] Safepoint "Cleanup", Time since last: 1000053291 ns, Reaching safepoint: 41600 ns, At safepoint: 2600 ns, Total: 44200 ns
[667.747s][info ][safepoint      ] Safepoint "Cleanup", Time since last: 5000335960 ns, Reaching safepoint: 40000 ns, At safepoint: 4600 ns, Total: 44600 ns
[674.747s][info ][safepoint      ] Safepoint "Cleanup", Time since last: 7000482060 ns, Reaching safepoint: 39500 ns, At safepoint: 2100 ns, Total: 41600 ns
[675.534s][info ][gc,start       ] GC(35) Pause Young (Allocation Failure)
[675.540s][debug][gc,phases      ] GC(35) Scavenge 6.498ms
[675.541s][debug][gc,ref         ] GC(35) Skipped phase 1 of Reference Processing: no references
[675.541s][debug][gc,ref         ] GC(35) ReferenceProcessor::execute queues: 1, RefProcThreadModel::Single, marks_oops_alive: false
[675.541s][debug][gc,ref         ] GC(35) Skipped phase 3 of Reference Processing: no references
[675.541s][debug][gc,ref         ] GC(35) ReferenceProcessor::execute queues: 1, RefProcThreadModel::Single, marks_oops_alive: false
[675.541s][debug][gc,phases      ] GC(35) Reference Processing 0.097ms
[675.541s][debug][gc,phases      ] GC(35)   VM Weak                        Min:  0.0, Avg:  0.0, Max:  0.0, Diff:  0.0, Sum:  0.0, Workers: 4
[675.541s][debug][gc,phases      ] GC(35)     Dead                           Min: 0, Avg:  0.0, Max: 0, Diff: 0, Sum: 0, Workers: 4
[675.541s][debug][gc,phases      ] GC(35)     Total                          Min: 0, Avg: 184.8, Max: 739, Diff: 739, Sum: 739, Workers: 4
[675.541s][debug][gc,phases      ] GC(35)   ObjectSynchronizer Weak        Min:  0.0, Avg:  0.0, Max:  0.0, Diff:  0.0, Sum:  0.0, Workers: 4
[675.541s][debug][gc,phases      ] GC(35)     Dead                           Min: 0, Avg:  0.0, Max: 0, Diff: 0, Sum: 0, Workers: 4
[675.541s][debug][gc,phases      ] GC(35)     Total                          Min: 0, Avg:  8.0, Max: 32, Diff: 32, Sum: 32, Workers: 4
[675.541s][debug][gc,phases      ] GC(35)   JVMTI Tag Weak OopStorage      Min:  0.0, Avg:  0.0, Max:  0.0, Diff:  0.0, Sum:  0.0, Workers: 4
[675.541s][debug][gc,phases      ] GC(35)     Dead                           Min: 0, Avg:  0.0, Max: 0, Diff: 0, Sum: 0, Workers: 4
[675.541s][debug][gc,phases      ] GC(35)     Total                          Min: 0, Avg:  0.0, Max: 0, Diff: 0, Sum: 0, Workers: 4
[675.541s][debug][gc,phases      ] GC(35)   StringTable Weak               Min:  0.1, Avg:  0.1, Max:  0.1, Diff:  0.0, Sum:  0.4, Workers: 4
[675.541s][debug][gc,phases      ] GC(35)     Dead                           Min: 0, Avg:  0.2, Max: 1, Diff: 1, Sum: 1, Workers: 4
[675.541s][debug][gc,phases      ] GC(35)     Total                          Min: 8895, Avg: 10549.2, Max: 11968, Diff: 3073, Sum: 42197, Workers: 4
[675.541s][debug][gc,phases      ] GC(35)   ResolvedMethodTable Weak       Min:  0.0, Avg:  0.0, Max:  0.0, Diff:  0.0, Sum:  0.1, Workers: 4
[675.541s][debug][gc,phases      ] GC(35)     Dead                           Min: 0, Avg:  0.0, Max: 0, Diff: 0, Sum: 0, Workers: 4
[675.541s][debug][gc,phases      ] GC(35)     Total                          Min: 1856, Avg: 2064.0, Max: 2176, Diff: 320, Sum: 8256, Workers: 4
[675.541s][debug][gc,phases      ] GC(35)   JNI Weak                       Min:  0.0, Avg:  0.0, Max:  0.0, Diff:  0.0, Sum:  0.0, Workers: 4
[675.541s][debug][gc,phases      ] GC(35)     Dead                           Min: 0, Avg:  0.0, Max: 0, Diff: 0, Sum: 0, Workers: 4
[675.541s][debug][gc,phases      ] GC(35)     Total                          Min: 0, Avg: 11.2, Max: 45, Diff: 45, Sum: 45, Workers: 4
[675.541s][debug][gc,phases      ] GC(35)   StringDedup Table Weak         Min:  0.0, Avg:  0.0, Max:  0.0, Diff:  0.0, Sum:  0.0, Workers: 4
[675.541s][debug][gc,phases      ] GC(35)     Dead                           Min: 0, Avg:  0.0, Max: 0, Diff: 0, Sum: 0, Workers: 4
[675.541s][debug][gc,phases      ] GC(35)     Total                          Min: 0, Avg:  0.0, Max: 0, Diff: 0, Sum: 0, Workers: 4
[675.541s][debug][gc,phases      ] GC(35)   StringDedup Requests0 Weak     Min:  0.0, Avg:  0.0, Max:  0.0, Diff:  0.0, Sum:  0.0, Workers: 4
[675.541s][debug][gc,phases      ] GC(35)     Dead                           Min: 0, Avg:  0.0, Max: 0, Diff: 0, Sum: 0, Workers: 4
[675.541s][debug][gc,phases      ] GC(35)     Total                          Min: 0, Avg:  0.0, Max: 0, Diff: 0, Sum: 0, Workers: 4
[675.541s][debug][gc,phases      ] GC(35)   StringDedup Requests1 Weak     Min:  0.0, Avg:  0.0, Max:  0.0, Diff:  0.0, Sum:  0.0, Workers: 4
[675.541s][debug][gc,phases      ] GC(35)     Dead                           Min: 0, Avg:  0.0, Max: 0, Diff: 0, Sum: 0, Workers: 4
[675.541s][debug][gc,phases      ] GC(35)     Total                          Min: 0, Avg:  0.0, Max: 0, Diff: 0, Sum: 0, Workers: 4
[675.541s][debug][gc,phases      ] GC(35)   Weak JFR Old Object Samples    Min:  0.0, Avg:  0.0, Max:  0.0, Diff:  0.0, Sum:  0.0, Workers: 4
[675.541s][debug][gc,phases      ] GC(35)     Dead                           Min: 0, Avg:  0.0, Max: 0, Diff: 0, Sum: 0, Workers: 4
[675.541s][debug][gc,phases      ] GC(35)     Total                          Min: 0, Avg:  0.0, Max: 0, Diff: 0, Sum: 0, Workers: 4
[675.541s][debug][gc,phases      ] GC(35) Weak Processing 0.285ms
[675.541s][debug][gc,age         ] GC(35) Desired survivor size 238551040 bytes, new threshold 15 (max threshold 15)
[675.541s][info ][gc,heap        ] GC(35) PSYoungGen: 1564761K(1811456K)->20064K(1864192K) Eden: 1544192K(1544192K)->0K(1614848K) From: 20569K(267264K)->20064K(249344K)
[675.541s][info ][gc,heap        ] GC(35) ParOldGen: 379124K(520704K)->379124K(520704K)
[675.541s][info ][gc,metaspace   ] GC(35) Metaspace: 77613K(78528K)->77613K(78528K) NonClass: 66637K(67136K)->66637K(67136K) Class: 10975K(11392K)->10975K(11392K)
[675.541s][info ][gc             ] GC(35) Pause Young (Allocation Failure) 1898M->389M(2329M) 6.979ms
[675.541s][info ][gc,cpu         ] GC(35) User=0.03s Sys=0.00s Real=0.00s
[675.541s][info ][safepoint      ] Safepoint "ParallelGCFailedAllocation", Time since last: 786702591 ns, Reaching safepoint: 91900 ns, At safepoint: 7043213 ns, Total: 7135113 ns
[678.541s][info ][safepoint      ] Safepoint "Cleanup", Time since last: 3000238389 ns, Reaching safepoint: 187700 ns, At safepoint: 13600 ns, Total: 201300 ns
[679.542s][info ][safepoint      ] Safepoint "Cleanup", Time since last: 1000098897 ns, Reaching safepoint: 36500 ns, At safepoint: 4100 ns, Total: 40600 ns
[680.542s][info ][safepoint      ] Safepoint "Cleanup", Time since last: 1000088997 ns, Reaching safepoint: 50501 ns, At safepoint: 2500 ns, Total: 53001 ns
[683.542s][info ][safepoint      ] Safepoint "Cleanup", Time since last: 3000211493 ns, Reaching safepoint: 106500 ns, At safepoint: 11100 ns, Total: 117600 ns
[684.542s][info ][safepoint      ] Safepoint "Cleanup", Time since last: 1000083599 ns, Reaching safepoint: 42600 ns, At safepoint: 2800 ns, Total: 45400 ns
[685.542s][info ][safepoint      ] Safepoint "Cleanup", Time since last: 1000105099 ns, Reaching safepoint: 102200 ns, At safepoint: 8000 ns, Total: 110200 ns
[686.543s][info ][safepoint      ] Safepoint "Cleanup", Time since last: 1000108499 ns, Reaching safepoint: 39901 ns, At safepoint: 2900 ns, Total: 42801 ns
[687.543s][info ][safepoint      ] Safepoint "Cleanup", Time since last: 1000106799 ns, Reaching safepoint: 48400 ns, At safepoint: 2800 ns, Total: 51200 ns
[689.543s][info ][safepoint      ] Safepoint "Cleanup", Time since last: 2000143800 ns, Reaching safepoint: 46500 ns, At safepoint: 2300 ns, Total: 48800 ns
[690.543s][info ][safepoint      ] Safepoint "Cleanup", Time since last: 1000102001 ns, Reaching safepoint: 37800 ns, At safepoint: 3300 ns, Total: 41100 ns
[693.543s][info ][safepoint      ] Safepoint "Cleanup", Time since last: 3000219404 ns, Reaching safepoint: 93000 ns, At safepoint: 9400 ns, Total: 102400 ns
[696.544s][info ][safepoint      ] Safepoint "Cleanup", Time since last: 3000212307 ns, Reaching safepoint: 40700 ns, At safepoint: 3000 ns, Total: 43700 ns
[699.544s][info ][safepoint      ] Safepoint "Cleanup", Time since last: 3000216609 ns, Reaching safepoint: 24100 ns, At safepoint: 2200 ns, Total: 26300 ns
[701.544s][info ][safepoint      ] Safepoint "Cleanup", Time since last: 2000149908 ns, Reaching safepoint: 32800 ns, At safepoint: 7300 ns, Total: 40100 ns
[702.544s][info ][safepoint      ] Safepoint "Cleanup", Time since last: 1000075505 ns, Reaching safepoint: 41900 ns, At safepoint: 3600 ns, Total: 45500 ns
[706.544s][info ][safepoint      ] Safepoint "Cleanup", Time since last: 4000274721 ns, Reaching safepoint: 23500 ns, At safepoint: 2000 ns, Total: 25500 ns
[707.545s][info ][safepoint      ] Safepoint "Cleanup", Time since last: 1000093006 ns, Reaching safepoint: 40901 ns, At safepoint: 2800 ns, Total: 43701 ns
[709.545s][info ][safepoint      ] Safepoint "Cleanup", Time since last: 2000145513 ns, Reaching safepoint: 39000 ns, At safepoint: 2000 ns, Total: 41000 ns
[710.545s][info ][safepoint      ] Safepoint "Cleanup", Time since last: 1000093107 ns, Reaching safepoint: 26700 ns, At safepoint: 2200 ns, Total: 28900 ns
[711.545s][info ][safepoint      ] Safepoint "Cleanup", Time since last: 1000098807 ns, Reaching safepoint: 50301 ns, At safepoint: 8900 ns, Total: 59201 ns
[715.545s][info ][safepoint      ] Safepoint "Cleanup", Time since last: 4000275932 ns, Reaching safepoint: 22400 ns, At safepoint: 2200 ns, Total: 24600 ns
[716.545s][info ][safepoint      ] Safepoint "Cleanup", Time since last: 1000096509 ns, Reaching safepoint: 41401 ns, At safepoint: 3700 ns, Total: 45101 ns
[717.546s][info ][safepoint      ] Safepoint "Cleanup", Time since last: 1000106609 ns, Reaching safepoint: 37300 ns, At safepoint: 8300 ns, Total: 45600 ns
[717.584s][info ][gc,start       ] GC(36) Pause Young (Allocation Failure)
[717.591s][debug][gc,phases      ] GC(36) Scavenge 6.259ms
[717.591s][debug][gc,ref         ] GC(36) Skipped phase 1 of Reference Processing: no references
[717.591s][debug][gc,ref         ] GC(36) ReferenceProcessor::execute queues: 1, RefProcThreadModel::Single, marks_oops_alive: false
[717.591s][debug][gc,ref         ] GC(36) Skipped phase 3 of Reference Processing: no references
[717.591s][debug][gc,ref         ] GC(36) ReferenceProcessor::execute queues: 1, RefProcThreadModel::Single, marks_oops_alive: false
[717.591s][debug][gc,phases      ] GC(36) Reference Processing 0.087ms
[717.591s][debug][gc,phases      ] GC(36)   VM Weak                        Min:  0.0, Avg:  0.0, Max:  0.0, Diff:  0.0, Sum:  0.0, Workers: 4
[717.591s][debug][gc,phases      ] GC(36)     Dead                           Min: 0, Avg:  0.0, Max: 0, Diff: 0, Sum: 0, Workers: 4
[717.591s][debug][gc,phases      ] GC(36)     Total                          Min: 0, Avg: 184.8, Max: 739, Diff: 739, Sum: 739, Workers: 4
[717.591s][debug][gc,phases      ] GC(36)   ObjectSynchronizer Weak        Min:  0.0, Avg:  0.0, Max:  0.0, Diff:  0.0, Sum:  0.0, Workers: 4
[717.591s][debug][gc,phases      ] GC(36)     Dead                           Min: 0, Avg:  0.0, Max: 0, Diff: 0, Sum: 0, Workers: 4
[717.591s][debug][gc,phases      ] GC(36)     Total                          Min: 0, Avg:  8.0, Max: 32, Diff: 32, Sum: 32, Workers: 4
[717.591s][debug][gc,phases      ] GC(36)   JVMTI Tag Weak OopStorage      Min:  0.0, Avg:  0.0, Max:  0.0, Diff:  0.0, Sum:  0.0, Workers: 4
[717.591s][debug][gc,phases      ] GC(36)     Dead                           Min: 0, Avg:  0.0, Max: 0, Diff: 0, Sum: 0, Workers: 4
[717.591s][debug][gc,phases      ] GC(36)     Total                          Min: 0, Avg:  0.0, Max: 0, Diff: 0, Sum: 0, Workers: 4
[717.591s][debug][gc,phases      ] GC(36)   StringTable Weak               Min:  0.1, Avg:  0.1, Max:  0.1, Diff:  0.0, Sum:  0.4, Workers: 4
[717.591s][debug][gc,phases      ] GC(36)     Dead                           Min: 0, Avg:  0.0, Max: 0, Diff: 0, Sum: 0, Workers: 4
[717.591s][debug][gc,phases      ] GC(36)     Total                          Min: 9814, Avg: 10549.2, Max: 11520, Diff: 1706, Sum: 42197, Workers: 4
[717.591s][debug][gc,phases      ] GC(36)   ResolvedMethodTable Weak       Min:  0.0, Avg:  0.0, Max:  0.0, Diff:  0.0, Sum:  0.1, Workers: 4
[717.591s][debug][gc,phases      ] GC(36)     Dead                           Min: 0, Avg:  0.0, Max: 0, Diff: 0, Sum: 0, Workers: 4
[717.591s][debug][gc,phases      ] GC(36)     Total                          Min: 1920, Avg: 2064.0, Max: 2176, Diff: 256, Sum: 8256, Workers: 4
[717.591s][debug][gc,phases      ] GC(36)   JNI Weak                       Min:  0.0, Avg:  0.0, Max:  0.0, Diff:  0.0, Sum:  0.0, Workers: 4
[717.591s][debug][gc,phases      ] GC(36)     Dead                           Min: 0, Avg:  0.0, Max: 0, Diff: 0, Sum: 0, Workers: 4
[717.591s][debug][gc,phases      ] GC(36)     Total                          Min: 0, Avg: 11.2, Max: 45, Diff: 45, Sum: 45, Workers: 4
[717.591s][debug][gc,phases      ] GC(36)   StringDedup Table Weak         Min:  0.0, Avg:  0.0, Max:  0.0, Diff:  0.0, Sum:  0.0, Workers: 4
[717.591s][debug][gc,phases      ] GC(36)     Dead                           Min: 0, Avg:  0.0, Max: 0, Diff: 0, Sum: 0, Workers: 4
[717.591s][debug][gc,phases      ] GC(36)     Total                          Min: 0, Avg:  0.0, Max: 0, Diff: 0, Sum: 0, Workers: 4
[717.591s][debug][gc,phases      ] GC(36)   StringDedup Requests0 Weak     Min:  0.0, Avg:  0.0, Max:  0.0, Diff:  0.0, Sum:  0.0, Workers: 4
[717.591s][debug][gc,phases      ] GC(36)     Dead                           Min: 0, Avg:  0.0, Max: 0, Diff: 0, Sum: 0, Workers: 4
[717.591s][debug][gc,phases      ] GC(36)     Total                          Min: 0, Avg:  0.0, Max: 0, Diff: 0, Sum: 0, Workers: 4
[717.591s][debug][gc,phases      ] GC(36)   StringDedup Requests1 Weak     Min:  0.0, Avg:  0.0, Max:  0.0, Diff:  0.0, Sum:  0.0, Workers: 4
[717.591s][debug][gc,phases      ] GC(36)     Dead                           Min: 0, Avg:  0.0, Max: 0, Diff: 0, Sum: 0, Workers: 4
[717.591s][debug][gc,phases      ] GC(36)     Total                          Min: 0, Avg:  0.0, Max: 0, Diff: 0, Sum: 0, Workers: 4
[717.591s][debug][gc,phases      ] GC(36)   Weak JFR Old Object Samples    Min:  0.0, Avg:  0.0, Max:  0.0, Diff:  0.0, Sum:  0.0, Workers: 4
[717.591s][debug][gc,phases      ] GC(36)     Dead                           Min: 0, Avg:  0.0, Max: 0, Diff: 0, Sum: 0, Workers: 4
[717.591s][debug][gc,phases      ] GC(36)     Total                          Min: 0, Avg:  0.0, Max: 0, Diff: 0, Sum: 0, Workers: 4
[717.591s][debug][gc,phases      ] GC(36) Weak Processing 0.272ms
[717.591s][debug][gc,age         ] GC(36) Desired survivor size 222822400 bytes, new threshold 15 (max threshold 15)
[717.591s][info ][gc,heap        ] GC(36) PSYoungGen: 1634912K(1864192K)->20096K(1847808K) Eden: 1614848K(1614848K)->0K(1614848K) From: 20064K(249344K)->20096K(232960K)
[717.591s][info ][gc,heap        ] GC(36) ParOldGen: 379124K(520704K)->379124K(520704K)
[717.591s][info ][gc,metaspace   ] GC(36) Metaspace: 77660K(78592K)->77660K(78592K) NonClass: 66684K(67200K)->66684K(67200K) Class: 10975K(11392K)->10975K(11392K)
[717.591s][info ][gc             ] GC(36) Pause Young (Allocation Failure) 1966M->389M(2313M) 6.707ms
[717.591s][info ][gc,cpu         ] GC(36) User=0.02s Sys=0.00s Real=0.01s
[717.591s][info ][safepoint      ] Safepoint "ParallelGCFailedAllocation", Time since last: 38513374 ns, Reaching safepoint: 76500 ns, At safepoint: 6772013 ns, Total: 6848513 ns
[720.591s][info ][safepoint      ] Safepoint "Cleanup", Time since last: 3000207329 ns, Reaching safepoint: 43401 ns, At safepoint: 2500 ns, Total: 45901 ns
[721.591s][info ][safepoint      ] Safepoint "Cleanup", Time since last: 1000097310 ns, Reaching safepoint: 31500 ns, At safepoint: 2300 ns, Total: 33800 ns
[724.592s][info ][safepoint      ] Safepoint "Cleanup", Time since last: 3000224934 ns, Reaching safepoint: 106700 ns, At safepoint: 6600 ns, Total: 113300 ns
[725.592s][info ][safepoint      ] Safepoint "Cleanup", Time since last: 1000092012 ns, Reaching safepoint: 24800 ns, At safepoint: 2200 ns, Total: 27000 ns
[729.592s][info ][safepoint      ] Safepoint "Cleanup", Time since last: 4000292951 ns, Reaching safepoint: 49100 ns, At safepoint: 2500 ns, Total: 51600 ns
[730.592s][info ][safepoint      ] Safepoint "Cleanup", Time since last: 1000093713 ns, Reaching safepoint: 26000 ns, At safepoint: 2000 ns, Total: 28000 ns
[731.592s][info ][safepoint      ] Safepoint "Cleanup", Time since last: 1000100314 ns, Reaching safepoint: 31200 ns, At safepoint: 2700 ns, Total: 33900 ns
[732.593s][info ][safepoint      ] Safepoint "Cleanup", Time since last: 1000101114 ns, Reaching safepoint: 30300 ns, At safepoint: 2700 ns, Total: 33000 ns
[735.593s][info ][safepoint      ] Safepoint "Cleanup", Time since last: 3000239644 ns, Reaching safepoint: 42400 ns, At safepoint: 2300 ns, Total: 44700 ns
[736.593s][info ][safepoint      ] Safepoint "Cleanup", Time since last: 1000105215 ns, Reaching safepoint: 36200 ns, At safepoint: 4100 ns, Total: 40300 ns
[737.593s][info ][safepoint      ] Safepoint "Cleanup", Time since last: 1000058116 ns, Reaching safepoint: 30800 ns, At safepoint: 6500 ns, Total: 37300 ns
[738.593s][info ][safepoint      ] Safepoint "Cleanup", Time since last: 1000093716 ns, Reaching safepoint: 99200 ns, At safepoint: 11000 ns, Total: 110200 ns
[740.594s][info ][safepoint      ] Safepoint "Cleanup", Time since last: 2000183333 ns, Reaching safepoint: 41600 ns, At safepoint: 2400 ns, Total: 44000 ns
[741.594s][info ][safepoint      ] Safepoint "Cleanup", Time since last: 1000106717 ns, Reaching safepoint: 24800 ns, At safepoint: 2100 ns, Total: 26900 ns
[742.594s][info ][safepoint      ] Safepoint "Cleanup", Time since last: 1000071717 ns, Reaching safepoint: 90600 ns, At safepoint: 3800 ns, Total: 94400 ns
[743.594s][info ][safepoint      ] Safepoint "Cleanup", Time since last: 1000061317 ns, Reaching safepoint: 51500 ns, At safepoint: 2500 ns, Total: 54000 ns
[747.594s][info ][safepoint      ] Safepoint "Cleanup", Time since last: 4000284373 ns, Reaching safepoint: 53400 ns, At safepoint: 2500 ns, Total: 55900 ns
[748.594s][info ][safepoint      ] Safepoint "Cleanup", Time since last: 1000101119 ns, Reaching safepoint: 46300 ns, At safepoint: 3600 ns, Total: 49900 ns
[749.595s][info ][safepoint      ] Safepoint "Cleanup", Time since last: 1000096319 ns, Reaching safepoint: 25900 ns, At safepoint: 2300 ns, Total: 28200 ns
[750.595s][info ][safepoint      ] Safepoint "Cleanup", Time since last: 1000100119 ns, Reaching safepoint: 37801 ns, At safepoint: 5000 ns, Total: 42801 ns
[752.595s][info ][safepoint      ] Safepoint "Cleanup", Time since last: 2000165339 ns, Reaching safepoint: 26800 ns, At safepoint: 2900 ns, Total: 29700 ns
[755.595s][info ][safepoint      ] Safepoint "Cleanup", Time since last: 3000233562 ns, Reaching safepoint: 27100 ns, At safepoint: 2400 ns, Total: 29500 ns
[756.595s][info ][safepoint      ] Safepoint "Cleanup", Time since last: 1000093622 ns, Reaching safepoint: 39800 ns, At safepoint: 3300 ns, Total: 43100 ns
[757.595s][info ][safepoint      ] Safepoint "Cleanup", Time since last: 1000099421 ns, Reaching safepoint: 39700 ns, At safepoint: 2500 ns, Total: 42200 ns
[758.596s][info ][safepoint      ] Safepoint "Cleanup", Time since last: 1000096722 ns, Reaching safepoint: 53100 ns, At safepoint: 4100 ns, Total: 57200 ns
[758.833s][info ][gc,start       ] GC(37) Pause Young (Allocation Failure)
[758.840s][debug][gc,phases      ] GC(37) Scavenge 7.075ms
[758.840s][debug][gc,ref         ] GC(37) Skipped phase 1 of Reference Processing: no references
[758.840s][debug][gc,ref         ] GC(37) ReferenceProcessor::execute queues: 1, RefProcThreadModel::Single, marks_oops_alive: false
[758.840s][debug][gc,ref         ] GC(37) Skipped phase 3 of Reference Processing: no references
[758.840s][debug][gc,ref         ] GC(37) ReferenceProcessor::execute queues: 1, RefProcThreadModel::Single, marks_oops_alive: false
[758.840s][debug][gc,phases      ] GC(37) Reference Processing 0.107ms
[758.840s][debug][gc,phases      ] GC(37)   VM Weak                        Min:  0.0, Avg:  0.0, Max:  0.0, Diff:  0.0, Sum:  0.0, Workers: 4
[758.840s][debug][gc,phases      ] GC(37)     Dead                           Min: 0, Avg:  0.0, Max: 0, Diff: 0, Sum: 0, Workers: 4
[758.840s][debug][gc,phases      ] GC(37)     Total                          Min: 0, Avg: 184.8, Max: 640, Diff: 640, Sum: 739, Workers: 4
[758.840s][debug][gc,phases      ] GC(37)   ObjectSynchronizer Weak        Min:  0.0, Avg:  0.0, Max:  0.0, Diff:  0.0, Sum:  0.0, Workers: 4
[758.840s][debug][gc,phases      ] GC(37)     Dead                           Min: 0, Avg:  0.0, Max: 0, Diff: 0, Sum: 0, Workers: 4
[758.840s][debug][gc,phases      ] GC(37)     Total                          Min: 0, Avg:  8.0, Max: 32, Diff: 32, Sum: 32, Workers: 4
[758.840s][debug][gc,phases      ] GC(37)   JVMTI Tag Weak OopStorage      Min:  0.0, Avg:  0.0, Max:  0.0, Diff:  0.0, Sum:  0.0, Workers: 4
[758.840s][debug][gc,phases      ] GC(37)     Dead                           Min: 0, Avg:  0.0, Max: 0, Diff: 0, Sum: 0, Workers: 4
[758.840s][debug][gc,phases      ] GC(37)     Total                          Min: 0, Avg:  0.0, Max: 0, Diff: 0, Sum: 0, Workers: 4
[758.840s][debug][gc,phases      ] GC(37)   StringTable Weak               Min:  0.0, Avg:  0.1, Max:  0.1, Diff:  0.1, Sum:  0.3, Workers: 4
[758.840s][debug][gc,phases      ] GC(37)     Dead                           Min: 0, Avg:  0.2, Max: 1, Diff: 1, Sum: 1, Workers: 4
[758.840s][debug][gc,phases      ] GC(37)     Total                          Min: 0, Avg: 10557.8, Max: 16824, Diff: 16824, Sum: 42231, Workers: 4
[758.840s][debug][gc,phases      ] GC(37)   ResolvedMethodTable Weak       Min:  0.0, Avg:  0.0, Max:  0.0, Diff:  0.0, Sum:  0.1, Workers: 4
[758.840s][debug][gc,phases      ] GC(37)     Dead                           Min: 0, Avg:  0.0, Max: 0, Diff: 0, Sum: 0, Workers: 4
[758.840s][debug][gc,phases      ] GC(37)     Total                          Min: 0, Avg: 2071.5, Max: 3422, Diff: 3422, Sum: 8286, Workers: 4
[758.840s][debug][gc,phases      ] GC(37)   JNI Weak                       Min:  0.0, Avg:  0.0, Max:  0.0, Diff:  0.0, Sum:  0.0, Workers: 4
[758.840s][debug][gc,phases      ] GC(37)     Dead                           Min: 0, Avg:  0.0, Max: 0, Diff: 0, Sum: 0, Workers: 4
[758.840s][debug][gc,phases      ] GC(37)     Total                          Min: 0, Avg: 11.2, Max: 45, Diff: 45, Sum: 45, Workers: 4
[758.840s][debug][gc,phases      ] GC(37)   StringDedup Table Weak         Min:  0.0, Avg:  0.0, Max:  0.0, Diff:  0.0, Sum:  0.0, Workers: 4
[758.840s][debug][gc,phases      ] GC(37)     Dead                           Min: 0, Avg:  0.0, Max: 0, Diff: 0, Sum: 0, Workers: 4
[758.840s][debug][gc,phases      ] GC(37)     Total                          Min: 0, Avg:  0.0, Max: 0, Diff: 0, Sum: 0, Workers: 4
[758.840s][debug][gc,phases      ] GC(37)   StringDedup Requests0 Weak     Min:  0.0, Avg:  0.0, Max:  0.0, Diff:  0.0, Sum:  0.0, Workers: 4
[758.840s][debug][gc,phases      ] GC(37)     Dead                           Min: 0, Avg:  0.0, Max: 0, Diff: 0, Sum: 0, Workers: 4
[758.840s][debug][gc,phases      ] GC(37)     Total                          Min: 0, Avg:  0.0, Max: 0, Diff: 0, Sum: 0, Workers: 4
[758.840s][debug][gc,phases      ] GC(37)   StringDedup Requests1 Weak     Min:  0.0, Avg:  0.0, Max:  0.0, Diff:  0.0, Sum:  0.0, Workers: 4
[758.840s][debug][gc,phases      ] GC(37)     Dead                           Min: 0, Avg:  0.0, Max: 0, Diff: 0, Sum: 0, Workers: 4
[758.840s][debug][gc,phases      ] GC(37)     Total                          Min: 0, Avg:  0.0, Max: 0, Diff: 0, Sum: 0, Workers: 4
[758.840s][debug][gc,phases      ] GC(37)   Weak JFR Old Object Samples    Min:  0.0, Avg:  0.0, Max:  0.0, Diff:  0.0, Sum:  0.0, Workers: 4
[758.840s][debug][gc,phases      ] GC(37)     Dead                           Min: 0, Avg:  0.0, Max: 0, Diff: 0, Sum: 0, Workers: 4
[758.840s][debug][gc,phases      ] GC(37)     Total                          Min: 0, Avg:  0.0, Max: 0, Diff: 0, Sum: 0, Workers: 4
[758.840s][debug][gc,phases      ] GC(37) Weak Processing 0.312ms
[758.840s][debug][gc,age         ] GC(37) Desired survivor size 208666624 bytes, new threshold 15 (max threshold 15)
[758.840s][info ][gc,heap        ] GC(37) PSYoungGen: 1634944K(1847808K)->16688K(1893376K) Eden: 1614848K(1614848K)->0K(1675776K) From: 20096K(232960K)->16688K(217600K)
[758.840s][info ][gc,heap        ] GC(37) ParOldGen: 379124K(520704K)->383072K(520704K)
[758.840s][info ][gc,metaspace   ] GC(37) Metaspace: 77796K(78784K)->77796K(78784K) NonClass: 66798K(67328K)->66798K(67328K) Class: 10997K(11456K)->10997K(11456K)
[758.840s][info ][gc             ] GC(37) Pause Young (Allocation Failure) 1966M->390M(2357M) 7.591ms
[758.840s][info ][gc,cpu         ] GC(37) User=0.03s Sys=0.00s Real=0.01s
[758.840s][info ][safepoint      ] Safepoint "ParallelGCFailedAllocation", Time since last: 237047956 ns, Reaching safepoint: 29000 ns, At safepoint: 7648315 ns, Total: 7677315 ns
[760.841s][info ][safepoint      ] Safepoint "Cleanup", Time since last: 2000140944 ns, Reaching safepoint: 44800 ns, At safepoint: 3500 ns, Total: 48300 ns
[763.841s][info ][safepoint      ] Safepoint "Cleanup", Time since last: 3000221169 ns, Reaching safepoint: 52100 ns, At safepoint: 23400 ns, Total: 75500 ns
[766.841s][info ][safepoint      ] Safepoint "Cleanup", Time since last: 3000221772 ns, Reaching safepoint: 123200 ns, At safepoint: 5200 ns, Total: 128400 ns
[767.841s][info ][safepoint      ] Safepoint "Cleanup", Time since last: 1000116725 ns, Reaching safepoint: 52000 ns, At safepoint: 3200 ns, Total: 55200 ns
[768.841s][info ][safepoint      ] Safepoint "Cleanup", Time since last: 1000102125 ns, Reaching safepoint: 33200 ns, At safepoint: 2600 ns, Total: 35800 ns
[769.842s][info ][safepoint      ] Safepoint "Cleanup", Time since last: 1000107725 ns, Reaching safepoint: 94900 ns, At safepoint: 6800 ns, Total: 101700 ns
[774.842s][info ][safepoint      ] Safepoint "Cleanup", Time since last: 5000318029 ns, Reaching safepoint: 100301 ns, At safepoint: 6900 ns, Total: 107201 ns
[775.842s][info ][safepoint      ] Safepoint "Cleanup", Time since last: 1000105426 ns, Reaching safepoint: 50801 ns, At safepoint: 2500 ns, Total: 53301 ns
[779.843s][info ][safepoint      ] Safepoint "Cleanup", Time since last: 4000245309 ns, Reaching safepoint: 41600 ns, At safepoint: 3600 ns, Total: 45200 ns
[784.843s][info ][safepoint      ] Safepoint "Cleanup", Time since last: 5000371044 ns, Reaching safepoint: 28900 ns, At safepoint: 2500 ns, Total: 31400 ns
[788.843s][info ][safepoint      ] Safepoint "Cleanup", Time since last: 4000280320 ns, Reaching safepoint: 38100 ns, At safepoint: 2300 ns, Total: 40400 ns
[791.844s][info ][safepoint      ] Safepoint "Cleanup", Time since last: 3000226792 ns, Reaching safepoint: 39100 ns, At safepoint: 3800 ns, Total: 42900 ns
[792.844s][info ][safepoint      ] Safepoint "Cleanup", Time since last: 1000101632 ns, Reaching safepoint: 39600 ns, At safepoint: 2100 ns, Total: 41700 ns
[796.844s][info ][safepoint      ] Safepoint "Cleanup", Time since last: 4000300128 ns, Reaching safepoint: 40801 ns, At safepoint: 2500 ns, Total: 43301 ns
[798.844s][info ][safepoint      ] Safepoint "Cleanup", Time since last: 2000173466 ns, Reaching safepoint: 42600 ns, At safepoint: 8300 ns, Total: 50900 ns
[804.845s][info ][safepoint      ] Safepoint "Cleanup", Time since last: 6000418804 ns, Reaching safepoint: 42800 ns, At safepoint: 25400 ns, Total: 68200 ns
[804.868s][info ][gc,start       ] GC(38) Pause Young (Allocation Failure)
[804.876s][debug][gc,phases      ] GC(38) Scavenge 7.719ms
[804.876s][debug][gc,ref         ] GC(38) Skipped phase 1 of Reference Processing: no references
[804.876s][debug][gc,ref         ] GC(38) ReferenceProcessor::execute queues: 1, RefProcThreadModel::Single, marks_oops_alive: false
[804.876s][debug][gc,ref         ] GC(38) Skipped phase 3 of Reference Processing: no references
[804.876s][debug][gc,ref         ] GC(38) ReferenceProcessor::execute queues: 1, RefProcThreadModel::Single, marks_oops_alive: false
[804.876s][debug][gc,phases      ] GC(38) Reference Processing 0.103ms
[804.876s][debug][gc,phases      ] GC(38)   VM Weak                        Min:  0.0, Avg:  0.0, Max:  0.0, Diff:  0.0, Sum:  0.0, Workers: 4
[804.876s][debug][gc,phases      ] GC(38)     Dead                           Min: 0, Avg:  0.0, Max: 0, Diff: 0, Sum: 0, Workers: 4
[804.876s][debug][gc,phases      ] GC(38)     Total                          Min: 0, Avg: 184.8, Max: 355, Diff: 355, Sum: 739, Workers: 4
[804.876s][debug][gc,phases      ] GC(38)   ObjectSynchronizer Weak        Min:  0.0, Avg:  0.0, Max:  0.0, Diff:  0.0, Sum:  0.0, Workers: 4
[804.876s][debug][gc,phases      ] GC(38)     Dead                           Min: 0, Avg:  0.0, Max: 0, Diff: 0, Sum: 0, Workers: 4
[804.876s][debug][gc,phases      ] GC(38)     Total                          Min: 0, Avg:  8.0, Max: 32, Diff: 32, Sum: 32, Workers: 4
[804.876s][debug][gc,phases      ] GC(38)   JVMTI Tag Weak OopStorage      Min:  0.0, Avg:  0.0, Max:  0.0, Diff:  0.0, Sum:  0.0, Workers: 4
[804.876s][debug][gc,phases      ] GC(38)     Dead                           Min: 0, Avg:  0.0, Max: 0, Diff: 0, Sum: 0, Workers: 4
[804.876s][debug][gc,phases      ] GC(38)     Total                          Min: 0, Avg:  0.0, Max: 0, Diff: 0, Sum: 0, Workers: 4
[804.876s][debug][gc,phases      ] GC(38)   StringTable Weak               Min:  0.0, Avg:  0.1, Max:  0.1, Diff:  0.1, Sum:  0.4, Workers: 4
[804.876s][debug][gc,phases      ] GC(38)     Dead                           Min: 0, Avg:  0.0, Max: 0, Diff: 0, Sum: 0, Workers: 4
[804.876s][debug][gc,phases      ] GC(38)     Total                          Min: 0, Avg: 10559.8, Max: 14655, Diff: 14655, Sum: 42239, Workers: 4
[804.876s][debug][gc,phases      ] GC(38)   ResolvedMethodTable Weak       Min:  0.0, Avg:  0.0, Max:  0.0, Diff:  0.0, Sum:  0.1, Workers: 4
[804.876s][debug][gc,phases      ] GC(38)     Dead                           Min: 0, Avg:  0.0, Max: 0, Diff: 0, Sum: 0, Workers: 4
[804.876s][debug][gc,phases      ] GC(38)     Total                          Min: 0, Avg: 2072.0, Max: 2880, Diff: 2880, Sum: 8288, Workers: 4
[804.876s][debug][gc,phases      ] GC(38)   JNI Weak                       Min:  0.0, Avg:  0.0, Max:  0.0, Diff:  0.0, Sum:  0.0, Workers: 4
[804.876s][debug][gc,phases      ] GC(38)     Dead                           Min: 0, Avg:  0.0, Max: 0, Diff: 0, Sum: 0, Workers: 4
[804.876s][debug][gc,phases      ] GC(38)     Total                          Min: 0, Avg: 11.2, Max: 45, Diff: 45, Sum: 45, Workers: 4
[804.876s][debug][gc,phases      ] GC(38)   StringDedup Table Weak         Min:  0.0, Avg:  0.0, Max:  0.0, Diff:  0.0, Sum:  0.0, Workers: 4
[804.876s][debug][gc,phases      ] GC(38)     Dead                           Min: 0, Avg:  0.0, Max: 0, Diff: 0, Sum: 0, Workers: 4
[804.876s][debug][gc,phases      ] GC(38)     Total                          Min: 0, Avg:  0.0, Max: 0, Diff: 0, Sum: 0, Workers: 4
[804.876s][debug][gc,phases      ] GC(38)   StringDedup Requests0 Weak     Min:  0.0, Avg:  0.0, Max:  0.0, Diff:  0.0, Sum:  0.0, Workers: 4
[804.876s][debug][gc,phases      ] GC(38)     Dead                           Min: 0, Avg:  0.0, Max: 0, Diff: 0, Sum: 0, Workers: 4
[804.876s][debug][gc,phases      ] GC(38)     Total                          Min: 0, Avg:  0.0, Max: 0, Diff: 0, Sum: 0, Workers: 4
[804.876s][debug][gc,phases      ] GC(38)   StringDedup Requests1 Weak     Min:  0.0, Avg:  0.0, Max:  0.0, Diff:  0.0, Sum:  0.0, Workers: 4
[804.876s][debug][gc,phases      ] GC(38)     Dead                           Min: 0, Avg:  0.0, Max: 0, Diff: 0, Sum: 0, Workers: 4
[804.876s][debug][gc,phases      ] GC(38)     Total                          Min: 0, Avg:  0.0, Max: 0, Diff: 0, Sum: 0, Workers: 4
[804.876s][debug][gc,phases      ] GC(38)   Weak JFR Old Object Samples    Min:  0.0, Avg:  0.0, Max:  0.0, Diff:  0.0, Sum:  0.0, Workers: 4
[804.876s][debug][gc,phases      ] GC(38)     Dead                           Min: 0, Avg:  0.0, Max: 0, Diff: 0, Sum: 0, Workers: 4
[804.876s][debug][gc,phases      ] GC(38)     Total                          Min: 0, Avg:  0.0, Max: 0, Diff: 0, Sum: 0, Workers: 4
[804.876s][debug][gc,phases      ] GC(38) Weak Processing 0.305ms
[804.876s][debug][gc,age         ] GC(38) Desired survivor size 196608000 bytes, new threshold 15 (max threshold 15)
[804.876s][info ][gc,heap        ] GC(38) PSYoungGen: 1692464K(1893376K)->6512K(1879552K) Eden: 1675776K(1675776K)->0K(1675776K) From: 16688K(217600K)->6512K(203776K)
[804.876s][info ][gc,heap        ] GC(38) ParOldGen: 383072K(520704K)->394172K(520704K)
[804.876s][info ][gc,metaspace   ] GC(38) Metaspace: 77848K(78848K)->77848K(78848K) NonClass: 66850K(67392K)->66850K(67392K) Class: 10998K(11456K)->10998K(11456K)
[804.876s][info ][gc             ] GC(38) Pause Young (Allocation Failure) 2026M->391M(2344M) 8.225ms
[804.876s][info ][gc,cpu         ] GC(38) User=0.01s Sys=0.02s Real=0.01s
[804.876s][info ][safepoint      ] Safepoint "ParallelGCFailedAllocation", Time since last: 22998044 ns, Reaching safepoint: 19900 ns, At safepoint: 8288616 ns, Total: 8308516 ns
[805.876s][info ][safepoint      ] Safepoint "Cleanup", Time since last: 1000085735 ns, Reaching safepoint: 27300 ns, At safepoint: 2400 ns, Total: 29700 ns
[808.876s][info ][safepoint      ] Safepoint "Cleanup", Time since last: 3000245907 ns, Reaching safepoint: 45000 ns, At safepoint: 4500 ns, Total: 49500 ns
[809.877s][info ][safepoint      ] Safepoint "Cleanup", Time since last: 1000134836 ns, Reaching safepoint: 45500 ns, At safepoint: 2900 ns, Total: 48400 ns
[810.877s][info ][safepoint      ] Safepoint "Cleanup", Time since last: 1000128337 ns, Reaching safepoint: 33700 ns, At safepoint: 2700 ns, Total: 36400 ns
[812.877s][info ][safepoint      ] Safepoint "Cleanup", Time since last: 2000181973 ns, Reaching safepoint: 115200 ns, At safepoint: 9300 ns, Total: 124500 ns
[813.877s][info ][safepoint      ] Safepoint "Cleanup", Time since last: 1000103337 ns, Reaching safepoint: 33401 ns, At safepoint: 2700 ns, Total: 36101 ns
[814.877s][info ][safepoint      ] Safepoint "Cleanup", Time since last: 1000099537 ns, Reaching safepoint: 42100 ns, At safepoint: 3000 ns, Total: 45100 ns
[816.496s][info ][safepoint      ] Safepoint "Cleanup", Time since last: 1618062135 ns, Reaching safepoint: 53300 ns, At safepoint: 2000 ns, Total: 55300 ns
[821.496s][info ][safepoint      ] Safepoint "Cleanup", Time since last: 5000357293 ns, Reaching safepoint: 36700 ns, At safepoint: 3400 ns, Total: 40100 ns
[822.496s][info ][safepoint      ] Safepoint "Cleanup", Time since last: 1000104239 ns, Reaching safepoint: 37600 ns, At safepoint: 4600 ns, Total: 42200 ns
[826.496s][info ][safepoint      ] Safepoint "Cleanup", Time since last: 4000173960 ns, Reaching safepoint: 43600 ns, At safepoint: 4100 ns, Total: 47700 ns
[831.497s][info ][safepoint      ] Safepoint "Cleanup", Time since last: 5000352805 ns, Reaching safepoint: 38301 ns, At safepoint: 4400 ns, Total: 42701 ns
[837.497s][info ][safepoint      ] Safepoint "Cleanup", Time since last: 6000407154 ns, Reaching safepoint: 24900 ns, At safepoint: 1900 ns, Total: 26800 ns
[838.497s][info ][safepoint      ] Safepoint "Cleanup", Time since last: 1000099844 ns, Reaching safepoint: 50700 ns, At safepoint: 2400 ns, Total: 53100 ns
[840.497s][info ][safepoint      ] Safepoint "Cleanup", Time since last: 2000147587 ns, Reaching safepoint: 63401 ns, At safepoint: 2700 ns, Total: 66101 ns
[841.498s][info ][safepoint      ] Safepoint "Cleanup", Time since last: 1000112144 ns, Reaching safepoint: 60800 ns, At safepoint: 3900 ns, Total: 64700 ns
[842.498s][info ][safepoint      ] Safepoint "Cleanup", Time since last: 1000099644 ns, Reaching safepoint: 35000 ns, At safepoint: 3400 ns, Total: 38400 ns
[843.498s][info ][safepoint      ] Safepoint "Cleanup", Time since last: 1000099145 ns, Reaching safepoint: 38500 ns, At safepoint: 3800 ns, Total: 42300 ns
[845.498s][info ][safepoint      ] Safepoint "Cleanup", Time since last: 2000172790 ns, Reaching safepoint: 43700 ns, At safepoint: 3000 ns, Total: 46700 ns
[846.498s][info ][safepoint      ] Safepoint "Cleanup", Time since last: 1000101846 ns, Reaching safepoint: 44100 ns, At safepoint: 2500 ns, Total: 46600 ns
[848.498s][info ][safepoint      ] Safepoint "Cleanup", Time since last: 2000165891 ns, Reaching safepoint: 28000 ns, At safepoint: 2500 ns, Total: 30500 ns
[848.935s][info ][gc,start       ] GC(39) Pause Young (Allocation Failure)
[848.940s][debug][gc,phases      ] GC(39) Scavenge 4.798ms
[848.940s][debug][gc,ref         ] GC(39) Skipped phase 1 of Reference Processing: no references
[848.940s][debug][gc,ref         ] GC(39) ReferenceProcessor::execute queues: 1, RefProcThreadModel::Single, marks_oops_alive: false
[848.940s][debug][gc,ref         ] GC(39) Skipped phase 3 of Reference Processing: no references
[848.940s][debug][gc,ref         ] GC(39) ReferenceProcessor::execute queues: 1, RefProcThreadModel::Single, marks_oops_alive: false
[848.940s][debug][gc,phases      ] GC(39) Reference Processing 0.089ms
[848.940s][debug][gc,phases      ] GC(39)   VM Weak                        Min:  0.0, Avg:  0.0, Max:  0.0, Diff:  0.0, Sum:  0.0, Workers: 4
[848.940s][debug][gc,phases      ] GC(39)     Dead                           Min: 0, Avg:  0.0, Max: 0, Diff: 0, Sum: 0, Workers: 4
[848.940s][debug][gc,phases      ] GC(39)     Total                          Min: 0, Avg: 184.8, Max: 739, Diff: 739, Sum: 739, Workers: 4
[848.940s][debug][gc,phases      ] GC(39)   ObjectSynchronizer Weak        Min:  0.0, Avg:  0.0, Max:  0.0, Diff:  0.0, Sum:  0.0, Workers: 4
[848.940s][debug][gc,phases      ] GC(39)     Dead                           Min: 0, Avg:  0.0, Max: 0, Diff: 0, Sum: 0, Workers: 4
[848.940s][debug][gc,phases      ] GC(39)     Total                          Min: 0, Avg:  8.0, Max: 32, Diff: 32, Sum: 32, Workers: 4
[848.940s][debug][gc,phases      ] GC(39)   JVMTI Tag Weak OopStorage      Min:  0.0, Avg:  0.0, Max:  0.0, Diff:  0.0, Sum:  0.0, Workers: 4
[848.940s][debug][gc,phases      ] GC(39)     Dead                           Min: 0, Avg:  0.0, Max: 0, Diff: 0, Sum: 0, Workers: 4
[848.940s][debug][gc,phases      ] GC(39)     Total                          Min: 0, Avg:  0.0, Max: 0, Diff: 0, Sum: 0, Workers: 4
[848.940s][debug][gc,phases      ] GC(39)   StringTable Weak               Min:  0.1, Avg:  0.1, Max:  0.1, Diff:  0.0, Sum:  0.4, Workers: 4
[848.940s][debug][gc,phases      ] GC(39)     Dead                           Min: 0, Avg:  0.0, Max: 0, Diff: 0, Sum: 0, Workers: 4
[848.940s][debug][gc,phases      ] GC(39)     Total                          Min: 10176, Avg: 10560.0, Max: 10880, Diff: 704, Sum: 42240, Workers: 4
[848.940s][debug][gc,phases      ] GC(39)   ResolvedMethodTable Weak       Min:  0.0, Avg:  0.0, Max:  0.0, Diff:  0.0, Sum:  0.1, Workers: 4
[848.940s][debug][gc,phases      ] GC(39)     Dead                           Min: 0, Avg:  0.0, Max: 0, Diff: 0, Sum: 0, Workers: 4
[848.940s][debug][gc,phases      ] GC(39)     Total                          Min: 1952, Avg: 2072.0, Max: 2240, Diff: 288, Sum: 8288, Workers: 4
[848.940s][debug][gc,phases      ] GC(39)   JNI Weak                       Min:  0.0, Avg:  0.0, Max:  0.0, Diff:  0.0, Sum:  0.0, Workers: 4
[848.940s][debug][gc,phases      ] GC(39)     Dead                           Min: 0, Avg:  0.0, Max: 0, Diff: 0, Sum: 0, Workers: 4
[848.940s][debug][gc,phases      ] GC(39)     Total                          Min: 0, Avg: 11.2, Max: 45, Diff: 45, Sum: 45, Workers: 4
[848.940s][debug][gc,phases      ] GC(39)   StringDedup Table Weak         Min:  0.0, Avg:  0.0, Max:  0.0, Diff:  0.0, Sum:  0.0, Workers: 4
[848.940s][debug][gc,phases      ] GC(39)     Dead                           Min: 0, Avg:  0.0, Max: 0, Diff: 0, Sum: 0, Workers: 4
[848.940s][debug][gc,phases      ] GC(39)     Total                          Min: 0, Avg:  0.0, Max: 0, Diff: 0, Sum: 0, Workers: 4
[848.940s][debug][gc,phases      ] GC(39)   StringDedup Requests0 Weak     Min:  0.0, Avg:  0.0, Max:  0.0, Diff:  0.0, Sum:  0.0, Workers: 4
[848.940s][debug][gc,phases      ] GC(39)     Dead                           Min: 0, Avg:  0.0, Max: 0, Diff: 0, Sum: 0, Workers: 4
[848.940s][debug][gc,phases      ] GC(39)     Total                          Min: 0, Avg:  0.0, Max: 0, Diff: 0, Sum: 0, Workers: 4
[848.940s][debug][gc,phases      ] GC(39)   StringDedup Requests1 Weak     Min:  0.0, Avg:  0.0, Max:  0.0, Diff:  0.0, Sum:  0.0, Workers: 4
[848.940s][debug][gc,phases      ] GC(39)     Dead                           Min: 0, Avg:  0.0, Max: 0, Diff: 0, Sum: 0, Workers: 4
[848.940s][debug][gc,phases      ] GC(39)     Total                          Min: 0, Avg:  0.0, Max: 0, Diff: 0, Sum: 0, Workers: 4
[848.940s][debug][gc,phases      ] GC(39)   Weak JFR Old Object Samples    Min:  0.0, Avg:  0.0, Max:  0.0, Diff:  0.0, Sum:  0.0, Workers: 4
[848.940s][debug][gc,phases      ] GC(39)     Dead                           Min: 0, Avg:  0.0, Max: 0, Diff: 0, Sum: 0, Workers: 4
[848.940s][debug][gc,phases      ] GC(39)     Total                          Min: 0, Avg:  0.0, Max: 0, Diff: 0, Sum: 0, Workers: 4
[848.940s][debug][gc,phases      ] GC(39) Weak Processing 0.280ms
[848.940s][debug][gc,age         ] GC(39) Desired survivor size 185597952 bytes, new threshold 15 (max threshold 15)
[848.940s][info ][gc,heap        ] GC(39) PSYoungGen: 1682288K(1879552K)->6128K(1915904K) Eden: 1675776K(1675776K)->0K(1723904K) From: 6512K(203776K)->6128K(192000K)
[848.940s][info ][gc,heap        ] GC(39) ParOldGen: 394172K(520704K)->394348K(520704K)
[848.940s][info ][gc,metaspace   ] GC(39) Metaspace: 77861K(78848K)->77861K(78848K) NonClass: 66863K(67392K)->66863K(67392K) Class: 10998K(11456K)->10998K(11456K)
[848.940s][info ][gc             ] GC(39) Pause Young (Allocation Failure) 2027M->391M(2379M) 5.263ms
[848.940s][info ][gc,cpu         ] GC(39) User=0.02s Sys=0.00s Real=0.00s
[848.940s][info ][safepoint      ] Safepoint "ParallelGCFailedAllocation", Time since last: 436037449 ns, Reaching safepoint: 115800 ns, At safepoint: 5327410 ns, Total: 5443210 ns
[850.940s][info ][safepoint      ] Safepoint "Cleanup", Time since last: 2000161293 ns, Reaching safepoint: 111700 ns, At safepoint: 5600 ns, Total: 117300 ns
[851.940s][info ][safepoint      ] Safepoint "Cleanup", Time since last: 1000102047 ns, Reaching safepoint: 27000 ns, At safepoint: 2800 ns, Total: 29800 ns
[852.941s][info ][safepoint      ] Safepoint "Cleanup", Time since last: 1000099547 ns, Reaching safepoint: 25800 ns, At safepoint: 2100 ns, Total: 27900 ns
[853.941s][info ][safepoint      ] Safepoint "Cleanup", Time since last: 1000102547 ns, Reaching safepoint: 25300 ns, At safepoint: 2700 ns, Total: 28000 ns
[855.941s][info ][safepoint      ] Safepoint "Cleanup", Time since last: 2000163895 ns, Reaching safepoint: 36300 ns, At safepoint: 2900 ns, Total: 39200 ns
[856.941s][info ][safepoint      ] Safepoint "Cleanup", Time since last: 1000116148 ns, Reaching safepoint: 31900 ns, At safepoint: 2500 ns, Total: 34400 ns
[857.941s][info ][safepoint      ] Safepoint "Cleanup", Time since last: 1000102949 ns, Reaching safepoint: 40600 ns, At safepoint: 4500 ns, Total: 45100 ns
[858.941s][info ][safepoint      ] Safepoint "Cleanup", Time since last: 1000114248 ns, Reaching safepoint: 37500 ns, At safepoint: 3200 ns, Total: 40700 ns
[861.942s][info ][safepoint      ] Safepoint "Cleanup", Time since last: 3000216947 ns, Reaching safepoint: 36800 ns, At safepoint: 2800 ns, Total: 39600 ns
[868.942s][info ][safepoint      ] Safepoint "Cleanup", Time since last: 7000470650 ns, Reaching safepoint: 39100 ns, At safepoint: 2900 ns, Total: 42000 ns
[873.942s][info ][safepoint      ] Safepoint "Cleanup", Time since last: 5000346057 ns, Reaching safepoint: 39900 ns, At safepoint: 4800 ns, Total: 44700 ns
[876.943s][info ][safepoint      ] Safepoint "Cleanup", Time since last: 3000231257 ns, Reaching safepoint: 48900 ns, At safepoint: 3100 ns, Total: 52000 ns
[877.943s][info ][safepoint      ] Safepoint "Cleanup", Time since last: 1000099353 ns, Reaching safepoint: 52400 ns, At safepoint: 5100 ns, Total: 57500 ns
[878.943s][info ][safepoint      ] Safepoint "Cleanup", Time since last: 1000099354 ns, Reaching safepoint: 44300 ns, At safepoint: 9700 ns, Total: 54000 ns
[879.943s][info ][safepoint      ] Safepoint "Cleanup", Time since last: 1000100753 ns, Reaching safepoint: 43300 ns, At safepoint: 6800 ns, Total: 50100 ns
[883.944s][info ][safepoint      ] Safepoint "Cleanup", Time since last: 4000303216 ns, Reaching safepoint: 42400 ns, At safepoint: 2400 ns, Total: 44800 ns
[885.944s][info ][safepoint      ] Safepoint "Cleanup", Time since last: 2000166109 ns, Reaching safepoint: 26400 ns, At safepoint: 2600 ns, Total: 29000 ns
[886.944s][info ][safepoint      ] Safepoint "Cleanup", Time since last: 1000110755 ns, Reaching safepoint: 38600 ns, At safepoint: 2000 ns, Total: 40600 ns
[887.944s][info ][safepoint      ] Safepoint "Cleanup", Time since last: 1000102555 ns, Reaching safepoint: 50400 ns, At safepoint: 3100 ns, Total: 53500 ns
[888.944s][info ][safepoint      ] Safepoint "Cleanup", Time since last: 1000095156 ns, Reaching safepoint: 33600 ns, At safepoint: 3400 ns, Total: 37000 ns
[889.944s][info ][safepoint      ] Safepoint "Cleanup", Time since last: 1000098755 ns, Reaching safepoint: 39000 ns, At safepoint: 4600 ns, Total: 43600 ns
[891.945s][info ][safepoint      ] Safepoint "Cleanup", Time since last: 2000164112 ns, Reaching safepoint: 46900 ns, At safepoint: 3300 ns, Total: 50200 ns
[892.945s][info ][safepoint      ] Safepoint "Cleanup", Time since last: 1000106657 ns, Reaching safepoint: 42200 ns, At safepoint: 4000 ns, Total: 46200 ns
[893.945s][info ][safepoint      ] Safepoint "Cleanup", Time since last: 1000122656 ns, Reaching safepoint: 42600 ns, At safepoint: 4000 ns, Total: 46600 ns
[894.945s][info ][safepoint      ] Safepoint "Cleanup", Time since last: 1000106257 ns, Reaching safepoint: 42100 ns, At safepoint: 2300 ns, Total: 44400 ns
[895.945s][info ][safepoint      ] Safepoint "Cleanup", Time since last: 1000094757 ns, Reaching safepoint: 40200 ns, At safepoint: 2500 ns, Total: 42700 ns
[898.945s][info ][safepoint      ] Safepoint "Cleanup", Time since last: 3000207672 ns, Reaching safepoint: 45600 ns, At safepoint: 9200 ns, Total: 54800 ns
[899.134s][info ][gc,start       ] GC(40) Pause Young (Allocation Failure)
[899.139s][debug][gc,phases      ] GC(40) Scavenge 5.092ms
[899.139s][debug][gc,ref         ] GC(40) Skipped phase 1 of Reference Processing: no references
[899.140s][debug][gc,ref         ] GC(40) ReferenceProcessor::execute queues: 1, RefProcThreadModel::Single, marks_oops_alive: false
[899.140s][debug][gc,ref         ] GC(40) Skipped phase 3 of Reference Processing: no references
[899.140s][debug][gc,ref         ] GC(40) ReferenceProcessor::execute queues: 1, RefProcThreadModel::Single, marks_oops_alive: false
[899.140s][debug][gc,phases      ] GC(40) Reference Processing 0.101ms
[899.140s][debug][gc,phases      ] GC(40)   VM Weak                        Min:  0.0, Avg:  0.0, Max:  0.0, Diff:  0.0, Sum:  0.0, Workers: 4
[899.140s][debug][gc,phases      ] GC(40)     Dead                           Min: 0, Avg:  0.0, Max: 0, Diff: 0, Sum: 0, Workers: 4
[899.140s][debug][gc,phases      ] GC(40)     Total                          Min: 0, Avg: 185.0, Max: 740, Diff: 740, Sum: 740, Workers: 4
[899.140s][debug][gc,phases      ] GC(40)   ObjectSynchronizer Weak        Min:  0.0, Avg:  0.0, Max:  0.0, Diff:  0.0, Sum:  0.0, Workers: 4
[899.140s][debug][gc,phases      ] GC(40)     Dead                           Min: 0, Avg:  0.0, Max: 0, Diff: 0, Sum: 0, Workers: 4
[899.140s][debug][gc,phases      ] GC(40)     Total                          Min: 0, Avg:  8.0, Max: 32, Diff: 32, Sum: 32, Workers: 4
[899.140s][debug][gc,phases      ] GC(40)   JVMTI Tag Weak OopStorage      Min:  0.0, Avg:  0.0, Max:  0.0, Diff:  0.0, Sum:  0.0, Workers: 4
[899.140s][debug][gc,phases      ] GC(40)     Dead                           Min: 0, Avg:  0.0, Max: 0, Diff: 0, Sum: 0, Workers: 4
[899.140s][debug][gc,phases      ] GC(40)     Total                          Min: 0, Avg:  0.0, Max: 0, Diff: 0, Sum: 0, Workers: 4
[899.140s][debug][gc,phases      ] GC(40)   StringTable Weak               Min:  0.1, Avg:  0.1, Max:  0.1, Diff:  0.0, Sum:  0.4, Workers: 4
[899.140s][debug][gc,phases      ] GC(40)     Dead                           Min: 0, Avg:  0.5, Max: 2, Diff: 2, Sum: 2, Workers: 4
[899.140s][debug][gc,phases      ] GC(40)     Total                          Min: 10112, Avg: 10563.0, Max: 11199, Diff: 1087, Sum: 42252, Workers: 4
[899.140s][debug][gc,phases      ] GC(40)   ResolvedMethodTable Weak       Min:  0.0, Avg:  0.0, Max:  0.0, Diff:  0.0, Sum:  0.1, Workers: 4
[899.140s][debug][gc,phases      ] GC(40)     Dead                           Min: 0, Avg:  0.0, Max: 0, Diff: 0, Sum: 0, Workers: 4
[899.140s][debug][gc,phases      ] GC(40)     Total                          Min: 1600, Avg: 2075.0, Max: 2432, Diff: 832, Sum: 8300, Workers: 4
[899.140s][debug][gc,phases      ] GC(40)   JNI Weak                       Min:  0.0, Avg:  0.0, Max:  0.0, Diff:  0.0, Sum:  0.0, Workers: 4
[899.140s][debug][gc,phases      ] GC(40)     Dead                           Min: 0, Avg:  0.0, Max: 0, Diff: 0, Sum: 0, Workers: 4
[899.140s][debug][gc,phases      ] GC(40)     Total                          Min: 0, Avg: 11.2, Max: 45, Diff: 45, Sum: 45, Workers: 4
[899.140s][debug][gc,phases      ] GC(40)   StringDedup Table Weak         Min:  0.0, Avg:  0.0, Max:  0.0, Diff:  0.0, Sum:  0.0, Workers: 4
[899.140s][debug][gc,phases      ] GC(40)     Dead                           Min: 0, Avg:  0.0, Max: 0, Diff: 0, Sum: 0, Workers: 4
[899.140s][debug][gc,phases      ] GC(40)     Total                          Min: 0, Avg:  0.0, Max: 0, Diff: 0, Sum: 0, Workers: 4
[899.140s][debug][gc,phases      ] GC(40)   StringDedup Requests0 Weak     Min:  0.0, Avg:  0.0, Max:  0.0, Diff:  0.0, Sum:  0.0, Workers: 4
[899.140s][debug][gc,phases      ] GC(40)     Dead                           Min: 0, Avg:  0.0, Max: 0, Diff: 0, Sum: 0, Workers: 4
[899.140s][debug][gc,phases      ] GC(40)     Total                          Min: 0, Avg:  0.0, Max: 0, Diff: 0, Sum: 0, Workers: 4
[899.140s][debug][gc,phases      ] GC(40)   StringDedup Requests1 Weak     Min:  0.0, Avg:  0.0, Max:  0.0, Diff:  0.0, Sum:  0.0, Workers: 4
[899.140s][debug][gc,phases      ] GC(40)     Dead                           Min: 0, Avg:  0.0, Max: 0, Diff: 0, Sum: 0, Workers: 4
[899.140s][debug][gc,phases      ] GC(40)     Total                          Min: 0, Avg:  0.0, Max: 0, Diff: 0, Sum: 0, Workers: 4
[899.140s][debug][gc,phases      ] GC(40)   Weak JFR Old Object Samples    Min:  0.0, Avg:  0.0, Max:  0.0, Diff:  0.0, Sum:  0.0, Workers: 4
[899.140s][debug][gc,phases      ] GC(40)     Dead                           Min: 0, Avg:  0.0, Max: 0, Diff: 0, Sum: 0, Workers: 4
[899.140s][debug][gc,phases      ] GC(40)     Total                          Min: 0, Avg:  0.0, Max: 0, Diff: 0, Sum: 0, Workers: 4
[899.140s][debug][gc,phases      ] GC(40) Weak Processing 0.280ms
[899.140s][debug][gc,age         ] GC(40) Desired survivor size 174587904 bytes, new threshold 15 (max threshold 15)
[899.140s][info ][gc,heap        ] GC(40) PSYoungGen: 1730032K(1915904K)->6096K(1905152K) Eden: 1723904K(1723904K)->0K(1723904K) From: 6128K(192000K)->6096K(181248K)
[899.140s][info ][gc,heap        ] GC(40) ParOldGen: 394348K(520704K)->394444K(520704K)
[899.140s][info ][gc,metaspace   ] GC(40) Metaspace: 77924K(78912K)->77924K(78912K) NonClass: 66920K(67456K)->66920K(67456K) Class: 11004K(11456K)->11004K(11456K)
[899.140s][info ][gc             ] GC(40) Pause Young (Allocation Failure) 2074M->391M(2369M) 5.564ms
[899.140s][info ][gc,cpu         ] GC(40) User=0.02s Sys=0.00s Real=0.00s
[899.140s][info ][safepoint      ] Safepoint "ParallelGCFailedAllocation", Time since last: 188788870 ns, Reaching safepoint: 98700 ns, At safepoint: 5628711 ns, Total: 5727411 ns
[901.140s][info ][safepoint      ] Safepoint "Cleanup", Time since last: 2000137016 ns, Reaching safepoint: 36300 ns, At safepoint: 3700 ns, Total: 40000 ns
[902.140s][info ][safepoint      ] Safepoint "Cleanup", Time since last: 1000105059 ns, Reaching safepoint: 23900 ns, At safepoint: 2400 ns, Total: 26300 ns
[905.140s][info ][safepoint      ] Safepoint "Cleanup", Time since last: 3000210176 ns, Reaching safepoint: 38900 ns, At safepoint: 3100 ns, Total: 42000 ns
[906.141s][info ][safepoint      ] Safepoint "Cleanup", Time since last: 1000097259 ns, Reaching safepoint: 36500 ns, At safepoint: 2800 ns, Total: 39300 ns
[907.141s][info ][safepoint      ] Safepoint "Cleanup", Time since last: 1000111260 ns, Reaching safepoint: 35600 ns, At safepoint: 2500 ns, Total: 38100 ns
[908.141s][info ][safepoint      ] Safepoint "Cleanup", Time since last: 1000100359 ns, Reaching safepoint: 41400 ns, At safepoint: 2700 ns, Total: 44100 ns
[912.141s][info ][safepoint      ] Safepoint "Cleanup", Time since last: 4000267741 ns, Reaching safepoint: 26000 ns, At safepoint: 2300 ns, Total: 28300 ns
[913.141s][info ][safepoint      ] Safepoint "Cleanup", Time since last: 1000093661 ns, Reaching safepoint: 31600 ns, At safepoint: 3400 ns, Total: 35000 ns
[915.142s][info ][safepoint      ] Safepoint "Cleanup", Time since last: 2000153922 ns, Reaching safepoint: 106200 ns, At safepoint: 6300 ns, Total: 112500 ns
[916.142s][info ][safepoint      ] Safepoint "Cleanup", Time since last: 1000109262 ns, Reaching safepoint: 40700 ns, At safepoint: 2100 ns, Total: 42800 ns
[917.142s][info ][safepoint      ] Safepoint "Cleanup", Time since last: 1000069361 ns, Reaching safepoint: 117100 ns, At safepoint: 8100 ns, Total: 125200 ns
[918.142s][info ][safepoint      ] Safepoint "Cleanup", Time since last: 1000134062 ns, Reaching safepoint: 64500 ns, At safepoint: 2300 ns, Total: 66800 ns
[920.142s][info ][safepoint      ] Safepoint "Cleanup", Time since last: 2000157225 ns, Reaching safepoint: 27400 ns, At safepoint: 2400 ns, Total: 29800 ns
[928.143s][info ][safepoint      ] Safepoint "Cleanup", Time since last: 8000834605 ns, Reaching safepoint: 28500 ns, At safepoint: 2400 ns, Total: 30900 ns
[929.143s][info ][safepoint      ] Safepoint "Cleanup", Time since last: 1000102365 ns, Reaching safepoint: 26600 ns, At safepoint: 2300 ns, Total: 28900 ns
[935.144s][info ][safepoint      ] Safepoint "Cleanup", Time since last: 6000366688 ns, Reaching safepoint: 40400 ns, At safepoint: 4200 ns, Total: 44600 ns
[936.144s][info ][safepoint      ] Safepoint "Cleanup", Time since last: 1000112066 ns, Reaching safepoint: 43700 ns, At safepoint: 4100 ns, Total: 47800 ns
[937.144s][info ][safepoint      ] Safepoint "Cleanup", Time since last: 1000109266 ns, Reaching safepoint: 36100 ns, At safepoint: 2100 ns, Total: 38200 ns
[938.144s][info ][safepoint      ] Safepoint "Cleanup", Time since last: 1000097166 ns, Reaching safepoint: 41600 ns, At safepoint: 2500 ns, Total: 44100 ns
[939.144s][info ][safepoint      ] Safepoint "Cleanup", Time since last: 1000099866 ns, Reaching safepoint: 30800 ns, At safepoint: 3000 ns, Total: 33800 ns
[941.145s][info ][safepoint      ] Safepoint "Cleanup", Time since last: 2000170833 ns, Reaching safepoint: 32200 ns, At safepoint: 2400 ns, Total: 34600 ns
[943.145s][info ][safepoint      ] Safepoint "Cleanup", Time since last: 2000158234 ns, Reaching safepoint: 21500 ns, At safepoint: 2000 ns, Total: 23500 ns
[945.632s][info ][gc,start       ] GC(41) Pause Young (Allocation Failure)
[945.636s][debug][gc,phases      ] GC(41) Scavenge 3.671ms
[945.636s][debug][gc,ref         ] GC(41) Skipped phase 1 of Reference Processing: no references
[945.636s][debug][gc,ref         ] GC(41) ReferenceProcessor::execute queues: 1, RefProcThreadModel::Single, marks_oops_alive: false
[945.636s][debug][gc,ref         ] GC(41) Skipped phase 3 of Reference Processing: no references
[945.636s][debug][gc,ref         ] GC(41) ReferenceProcessor::execute queues: 1, RefProcThreadModel::Single, marks_oops_alive: false
[945.636s][debug][gc,phases      ] GC(41) Reference Processing 0.087ms
[945.636s][debug][gc,phases      ] GC(41)   VM Weak                        Min:  0.0, Avg:  0.0, Max:  0.0, Diff:  0.0, Sum:  0.0, Workers: 4
[945.636s][debug][gc,phases      ] GC(41)     Dead                           Min: 0, Avg:  0.0, Max: 0, Diff: 0, Sum: 0, Workers: 4
[945.636s][debug][gc,phases      ] GC(41)     Total                          Min: 0, Avg: 185.0, Max: 420, Diff: 420, Sum: 740, Workers: 4
[945.636s][debug][gc,phases      ] GC(41)   ObjectSynchronizer Weak        Min:  0.0, Avg:  0.0, Max:  0.0, Diff:  0.0, Sum:  0.0, Workers: 4
[945.636s][debug][gc,phases      ] GC(41)     Dead                           Min: 0, Avg:  0.5, Max: 2, Diff: 2, Sum: 2, Workers: 4
[945.636s][debug][gc,phases      ] GC(41)     Total                          Min: 0, Avg:  8.5, Max: 34, Diff: 34, Sum: 34, Workers: 4
[945.636s][debug][gc,phases      ] GC(41)   JVMTI Tag Weak OopStorage      Min:  0.0, Avg:  0.0, Max:  0.0, Diff:  0.0, Sum:  0.0, Workers: 4
[945.636s][debug][gc,phases      ] GC(41)     Dead                           Min: 0, Avg:  0.0, Max: 0, Diff: 0, Sum: 0, Workers: 4
[945.636s][debug][gc,phases      ] GC(41)     Total                          Min: 0, Avg:  0.0, Max: 0, Diff: 0, Sum: 0, Workers: 4
[945.636s][debug][gc,phases      ] GC(41)   StringTable Weak               Min:  0.0, Avg:  0.1, Max:  0.1, Diff:  0.1, Sum:  0.3, Workers: 4
[945.636s][debug][gc,phases      ] GC(41)     Dead                           Min: 0, Avg:  0.5, Max: 2, Diff: 2, Sum: 2, Workers: 4
[945.636s][debug][gc,phases      ] GC(41)     Total                          Min: 0, Avg: 10564.2, Max: 18578, Diff: 18578, Sum: 42257, Workers: 4
[945.636s][debug][gc,phases      ] GC(41)   ResolvedMethodTable Weak       Min:  0.0, Avg:  0.0, Max:  0.0, Diff:  0.0, Sum:  0.1, Workers: 4
[945.636s][debug][gc,phases      ] GC(41)     Dead                           Min: 0, Avg:  0.0, Max: 0, Diff: 0, Sum: 0, Workers: 4
[945.636s][debug][gc,phases      ] GC(41)     Total                          Min: 0, Avg: 2077.0, Max: 3828, Diff: 3828, Sum: 8308, Workers: 4
[945.636s][debug][gc,phases      ] GC(41)   JNI Weak                       Min:  0.0, Avg:  0.0, Max:  0.0, Diff:  0.0, Sum:  0.0, Workers: 4
[945.636s][debug][gc,phases      ] GC(41)     Dead                           Min: 0, Avg:  0.0, Max: 0, Diff: 0, Sum: 0, Workers: 4
[945.636s][debug][gc,phases      ] GC(41)     Total                          Min: 0, Avg: 11.2, Max: 45, Diff: 45, Sum: 45, Workers: 4
[945.636s][debug][gc,phases      ] GC(41)   StringDedup Table Weak         Min:  0.0, Avg:  0.0, Max:  0.0, Diff:  0.0, Sum:  0.0, Workers: 4
[945.636s][debug][gc,phases      ] GC(41)     Dead                           Min: 0, Avg:  0.0, Max: 0, Diff: 0, Sum: 0, Workers: 4
[945.636s][debug][gc,phases      ] GC(41)     Total                          Min: 0, Avg:  0.0, Max: 0, Diff: 0, Sum: 0, Workers: 4
[945.636s][debug][gc,phases      ] GC(41)   StringDedup Requests0 Weak     Min:  0.0, Avg:  0.0, Max:  0.0, Diff:  0.0, Sum:  0.0, Workers: 4
[945.636s][debug][gc,phases      ] GC(41)     Dead                           Min: 0, Avg:  0.0, Max: 0, Diff: 0, Sum: 0, Workers: 4
[945.636s][debug][gc,phases      ] GC(41)     Total                          Min: 0, Avg:  0.0, Max: 0, Diff: 0, Sum: 0, Workers: 4
[945.636s][debug][gc,phases      ] GC(41)   StringDedup Requests1 Weak     Min:  0.0, Avg:  0.0, Max:  0.0, Diff:  0.0, Sum:  0.0, Workers: 4
[945.637s][debug][gc,phases      ] GC(41)     Dead                           Min: 0, Avg:  0.0, Max: 0, Diff: 0, Sum: 0, Workers: 4
[945.637s][debug][gc,phases      ] GC(41)     Total                          Min: 0, Avg:  0.0, Max: 0, Diff: 0, Sum: 0, Workers: 4
[945.637s][debug][gc,phases      ] GC(41)   Weak JFR Old Object Samples    Min:  0.0, Avg:  0.0, Max:  0.0, Diff:  0.0, Sum:  0.0, Workers: 4
[945.637s][debug][gc,phases      ] GC(41)     Dead                           Min: 0, Avg:  0.0, Max: 0, Diff: 0, Sum: 0, Workers: 4
[945.637s][debug][gc,phases      ] GC(41)     Total                          Min: 0, Avg:  0.0, Max: 0, Diff: 0, Sum: 0, Workers: 4
[945.637s][debug][gc,phases      ] GC(41) Weak Processing 0.303ms
[945.637s][debug][gc,age         ] GC(41) Desired survivor size 164102144 bytes, new threshold 15 (max threshold 15)
[945.637s][info ][gc,heap        ] GC(41) PSYoungGen: 1730000K(1905152K)->6400K(1936896K) Eden: 1723904K(1723904K)->0K(1766400K) From: 6096K(181248K)->6400K(170496K)
[945.637s][info ][gc,heap        ] GC(41) ParOldGen: 394444K(520704K)->394596K(520704K)
[945.637s][info ][gc,metaspace   ] GC(41) Metaspace: 77947K(78912K)->77947K(78912K) NonClass: 66940K(67456K)->66940K(67456K) Class: 11007K(11456K)->11007K(11456K)
[945.637s][info ][gc             ] GC(41) Pause Young (Allocation Failure) 2074M->391M(2400M) 4.164ms
[945.637s][info ][gc,cpu         ] GC(41) User=0.02s Sys=0.00s Real=0.01s
[945.637s][info ][safepoint      ] Safepoint "ParallelGCFailedAllocation", Time since last: 2487607194 ns, Reaching safepoint: 27200 ns, At safepoint: 4224408 ns, Total: 4251608 ns
[946.971s][info ][safepoint      ] Safepoint "Cleanup", Time since last: 1334757826 ns, Reaching safepoint: 42001 ns, At safepoint: 4000 ns, Total: 46001 ns
[947.972s][info ][safepoint      ] Safepoint "Cleanup", Time since last: 1000103268 ns, Reaching safepoint: 58200 ns, At safepoint: 7300 ns, Total: 65500 ns
[948.972s][info ][safepoint      ] Safepoint "Cleanup", Time since last: 1000104768 ns, Reaching safepoint: 39500 ns, At safepoint: 2200 ns, Total: 41700 ns
[949.972s][info ][safepoint      ] Safepoint "Cleanup", Time since last: 1000109668 ns, Reaching safepoint: 41600 ns, At safepoint: 3801 ns, Total: 45401 ns
[956.972s][info ][safepoint      ] Safepoint "Cleanup", Time since last: 7000494284 ns, Reaching safepoint: 35600 ns, At safepoint: 3300 ns, Total: 38900 ns
[957.973s][info ][safepoint      ] Safepoint "Cleanup", Time since last: 1000069670 ns, Reaching safepoint: 70400 ns, At safepoint: 4400 ns, Total: 74800 ns
[959.595s][info ][safepoint      ] Safepoint "Cleanup", Time since last: 1622842497 ns, Reaching safepoint: 83200 ns, At safepoint: 2300 ns, Total: 85500 ns
[960.894s][info ][safepoint      ] Safepoint "Cleanup", Time since last: 1298539759 ns, Reaching safepoint: 44900 ns, At safepoint: 3500 ns, Total: 48400 ns
[961.894s][info ][safepoint      ] Safepoint "Cleanup", Time since last: 1000061570 ns, Reaching safepoint: 35100 ns, At safepoint: 2600 ns, Total: 37700 ns
[966.894s][info ][safepoint      ] Safepoint "Cleanup", Time since last: 5000280057 ns, Reaching safepoint: 27000 ns, At safepoint: 2500 ns, Total: 29500 ns
[969.895s][info ][safepoint      ] Safepoint "Cleanup", Time since last: 3000225016 ns, Reaching safepoint: 37700 ns, At safepoint: 4000 ns, Total: 41700 ns
[972.895s][info ][safepoint      ] Safepoint "Cleanup", Time since last: 3000221918 ns, Reaching safepoint: 35500 ns, At safepoint: 3800 ns, Total: 39300 ns
[977.196s][info ][safepoint      ] Safepoint "Cleanup", Time since last: 4300709686 ns, Reaching safepoint: 39100 ns, At safepoint: 2400 ns, Total: 41500 ns
[980.196s][info ][safepoint      ] Safepoint "Cleanup", Time since last: 3000187523 ns, Reaching safepoint: 124100 ns, At safepoint: 7700 ns, Total: 131800 ns
[981.196s][info ][safepoint      ] Safepoint "Cleanup", Time since last: 1000107774 ns, Reaching safepoint: 37400 ns, At safepoint: 2800 ns, Total: 40200 ns
[984.196s][info ][safepoint      ] Safepoint "Cleanup", Time since last: 3000184425 ns, Reaching safepoint: 29700 ns, At safepoint: 3000 ns, Total: 32700 ns
[986.197s][info ][safepoint      ] Safepoint "Cleanup", Time since last: 2000141550 ns, Reaching safepoint: 44900 ns, At safepoint: 2200 ns, Total: 47100 ns
[987.197s][info ][safepoint      ] Safepoint "Cleanup", Time since last: 1000107476 ns, Reaching safepoint: 103600 ns, At safepoint: 11800 ns, Total: 115400 ns
[989.197s][info ][safepoint      ] Safepoint "Cleanup", Time since last: 2000169352 ns, Reaching safepoint: 38900 ns, At safepoint: 2100 ns, Total: 41000 ns
[990.197s][info ][safepoint      ] Safepoint "Cleanup", Time since last: 1000106676 ns, Reaching safepoint: 42500 ns, At safepoint: 7200 ns, Total: 49700 ns
[991.197s][info ][safepoint      ] Safepoint "Cleanup", Time since last: 1000101177 ns, Reaching safepoint: 37400 ns, At safepoint: 2400 ns, Total: 39800 ns
[993.046s][info ][gc,start       ] GC(42) Pause Young (Allocation Failure)
[993.049s][debug][gc,phases      ] GC(42) Scavenge 3.578ms
[993.049s][debug][gc,ref         ] GC(42) Skipped phase 1 of Reference Processing: no references
[993.049s][debug][gc,ref         ] GC(42) ReferenceProcessor::execute queues: 1, RefProcThreadModel::Single, marks_oops_alive: false
[993.049s][debug][gc,ref         ] GC(42) Skipped phase 3 of Reference Processing: no references
[993.049s][debug][gc,ref         ] GC(42) ReferenceProcessor::execute queues: 1, RefProcThreadModel::Single, marks_oops_alive: false
[993.049s][debug][gc,phases      ] GC(42) Reference Processing 0.088ms
[993.049s][debug][gc,phases      ] GC(42)   VM Weak                        Min:  0.0, Avg:  0.0, Max:  0.0, Diff:  0.0, Sum:  0.0, Workers: 4
[993.049s][debug][gc,phases      ] GC(42)     Dead                           Min: 0, Avg:  0.0, Max: 0, Diff: 0, Sum: 0, Workers: 4
[993.049s][debug][gc,phases      ] GC(42)     Total                          Min: 0, Avg: 185.0, Max: 448, Diff: 448, Sum: 740, Workers: 4
[993.049s][debug][gc,phases      ] GC(42)   ObjectSynchronizer Weak        Min:  0.0, Avg:  0.0, Max:  0.0, Diff:  0.0, Sum:  0.0, Workers: 4
[993.050s][debug][gc,phases      ] GC(42)     Dead                           Min: 0, Avg:  0.0, Max: 0, Diff: 0, Sum: 0, Workers: 4
[993.050s][debug][gc,phases      ] GC(42)     Total                          Min: 0, Avg:  8.5, Max: 34, Diff: 34, Sum: 34, Workers: 4
[993.050s][debug][gc,phases      ] GC(42)   JVMTI Tag Weak OopStorage      Min:  0.0, Avg:  0.0, Max:  0.0, Diff:  0.0, Sum:  0.0, Workers: 4
[993.050s][debug][gc,phases      ] GC(42)     Dead                           Min: 0, Avg:  0.0, Max: 0, Diff: 0, Sum: 0, Workers: 4
[993.050s][debug][gc,phases      ] GC(42)     Total                          Min: 0, Avg:  0.0, Max: 0, Diff: 0, Sum: 0, Workers: 4
[993.050s][debug][gc,phases      ] GC(42)   StringTable Weak               Min:  0.0, Avg:  0.1, Max:  0.1, Diff:  0.1, Sum:  0.3, Workers: 4
[993.050s][debug][gc,phases      ] GC(42)     Dead                           Min: 0, Avg:  0.2, Max: 1, Diff: 1, Sum: 1, Workers: 4
[993.050s][debug][gc,phases      ] GC(42)     Total                          Min: 0, Avg: 10568.2, Max: 18046, Diff: 18046, Sum: 42273, Workers: 4
[993.050s][debug][gc,phases      ] GC(42)   ResolvedMethodTable Weak       Min:  0.0, Avg:  0.0, Max:  0.0, Diff:  0.0, Sum:  0.1, Workers: 4
[993.050s][debug][gc,phases      ] GC(42)     Dead                           Min: 0, Avg:  4.2, Max: 10, Diff: 10, Sum: 17, Workers: 4
[993.050s][debug][gc,phases      ] GC(42)     Total                          Min: 0, Avg: 2081.0, Max: 3524, Diff: 3524, Sum: 8324, Workers: 4
[993.050s][debug][gc,phases      ] GC(42)   JNI Weak                       Min:  0.0, Avg:  0.0, Max:  0.0, Diff:  0.0, Sum:  0.0, Workers: 4
[993.050s][debug][gc,phases      ] GC(42)     Dead                           Min: 0, Avg:  0.0, Max: 0, Diff: 0, Sum: 0, Workers: 4
[993.050s][debug][gc,phases      ] GC(42)     Total                          Min: 0, Avg: 11.2, Max: 45, Diff: 45, Sum: 45, Workers: 4
[993.050s][debug][gc,phases      ] GC(42)   StringDedup Table Weak         Min:  0.0, Avg:  0.0, Max:  0.0, Diff:  0.0, Sum:  0.0, Workers: 4
[993.050s][debug][gc,phases      ] GC(42)     Dead                           Min: 0, Avg:  0.0, Max: 0, Diff: 0, Sum: 0, Workers: 4
[993.050s][debug][gc,phases      ] GC(42)     Total                          Min: 0, Avg:  0.0, Max: 0, Diff: 0, Sum: 0, Workers: 4
[993.050s][debug][gc,phases      ] GC(42)   StringDedup Requests0 Weak     Min:  0.0, Avg:  0.0, Max:  0.0, Diff:  0.0, Sum:  0.0, Workers: 4
[993.050s][debug][gc,phases      ] GC(42)     Dead                           Min: 0, Avg:  0.0, Max: 0, Diff: 0, Sum: 0, Workers: 4
[993.050s][debug][gc,phases      ] GC(42)     Total                          Min: 0, Avg:  0.0, Max: 0, Diff: 0, Sum: 0, Workers: 4
[993.050s][debug][gc,phases      ] GC(42)   StringDedup Requests1 Weak     Min:  0.0, Avg:  0.0, Max:  0.0, Diff:  0.0, Sum:  0.0, Workers: 4
[993.050s][debug][gc,phases      ] GC(42)     Dead                           Min: 0, Avg:  0.0, Max: 0, Diff: 0, Sum: 0, Workers: 4
[993.050s][debug][gc,phases      ] GC(42)     Total                          Min: 0, Avg:  0.0, Max: 0, Diff: 0, Sum: 0, Workers: 4
[993.050s][debug][gc,phases      ] GC(42)   Weak JFR Old Object Samples    Min:  0.0, Avg:  0.0, Max:  0.0, Diff:  0.0, Sum:  0.0, Workers: 4
[993.050s][debug][gc,phases      ] GC(42)     Dead                           Min: 0, Avg:  0.0, Max: 0, Diff: 0, Sum: 0, Workers: 4
[993.050s][debug][gc,phases      ] GC(42)     Total                          Min: 0, Avg:  0.0, Max: 0, Diff: 0, Sum: 0, Workers: 4
[993.050s][debug][gc,phases      ] GC(42) Weak Processing 0.291ms
[993.050s][debug][gc,age         ] GC(42) Desired survivor size 154140672 bytes, new threshold 15 (max threshold 15)
[993.050s][info ][gc,heap        ] GC(42) PSYoungGen: 1772800K(1936896K)->6400K(1926656K) Eden: 1766400K(1766400K)->0K(1766400K) From: 6400K(170496K)->6400K(160256K)
[993.050s][info ][gc,heap        ] GC(42) ParOldGen: 394596K(520704K)->394788K(520704K)
[993.050s][info ][gc,metaspace   ] GC(42) Metaspace: 77985K(78976K)->77985K(78976K) NonClass: 66975K(67520K)->66975K(67520K) Class: 11009K(11456K)->11009K(11456K)
[993.050s][info ][gc             ] GC(42) Pause Young (Allocation Failure) 2116M->391M(2390M) 4.054ms
[993.050s][info ][gc,cpu         ] GC(42) User=0.01s Sys=0.00s Real=0.00s
[993.050s][info ][safepoint      ] Safepoint "ParallelGCFailedAllocation", Time since last: 1848175253 ns, Reaching safepoint: 27000 ns, At safepoint: 4123408 ns, Total: 4150408 ns
[995.050s][info ][safepoint      ] Safepoint "Cleanup", Time since last: 2000144954 ns, Reaching safepoint: 39700 ns, At safepoint: 3800 ns, Total: 43500 ns
[996.050s][info ][safepoint      ] Safepoint "Cleanup", Time since last: 1000055977 ns, Reaching safepoint: 42800 ns, At safepoint: 2100 ns, Total: 44900 ns
[997.050s][info ][safepoint      ] Safepoint "Cleanup", Time since last: 1000101977 ns, Reaching safepoint: 31600 ns, At safepoint: 7301 ns, Total: 38901 ns
[998.050s][info ][safepoint      ] Safepoint "Cleanup", Time since last: 1000102677 ns, Reaching safepoint: 44900 ns, At safepoint: 3200 ns, Total: 48100 ns
[1012.051s][info ][safepoint      ] Safepoint "Cleanup", Time since last: 14000751205 ns, Reaching safepoint: 40100 ns, At safepoint: 3500 ns, Total: 43600 ns
[1015.051s][info ][safepoint      ] Safepoint "Cleanup", Time since last: 3000223541 ns, Reaching safepoint: 42800 ns, At safepoint: 2700 ns, Total: 45500 ns
[1016.051s][info ][safepoint      ] Safepoint "Cleanup", Time since last: 1000112781 ns, Reaching safepoint: 50600 ns, At safepoint: 8700 ns, Total: 59300 ns
[1017.052s][info ][safepoint      ] Safepoint "Cleanup", Time since last: 1000113681 ns, Reaching safepoint: 40100 ns, At safepoint: 2500 ns, Total: 42600 ns
[1019.052s][info ][safepoint      ] Safepoint "Cleanup", Time since last: 2000167263 ns, Reaching safepoint: 26100 ns, At safepoint: 2200 ns, Total: 28300 ns
[1025.052s][info ][safepoint      ] Safepoint "Cleanup", Time since last: 6000377791 ns, Reaching safepoint: 53800 ns, At safepoint: 3800 ns, Total: 57600 ns
[1031.053s][info ][safepoint      ] Safepoint "Cleanup", Time since last: 6000414198 ns, Reaching safepoint: 42500 ns, At safepoint: 3700 ns, Total: 46200 ns
[1032.053s][info ][safepoint      ] Safepoint "Cleanup", Time since last: 1000098684 ns, Reaching safepoint: 38600 ns, At safepoint: 2600 ns, Total: 41200 ns
[1034.053s][info ][safepoint      ] Safepoint "Cleanup", Time since last: 2000120167 ns, Reaching safepoint: 43001 ns, At safepoint: 4100 ns, Total: 47101 ns
[1035.053s][info ][safepoint      ] Safepoint "Cleanup", Time since last: 1000108284 ns, Reaching safepoint: 55300 ns, At safepoint: 5600 ns, Total: 60900 ns
[1039.053s][info ][safepoint      ] Safepoint "Cleanup", Time since last: 4000239438 ns, Reaching safepoint: 26300 ns, At safepoint: 1900 ns, Total: 28200 ns
[1040.054s][info ][safepoint      ] Safepoint "Cleanup", Time since last: 1000100885 ns, Reaching safepoint: 41100 ns, At safepoint: 4100 ns, Total: 45200 ns
[1042.585s][info ][gc,start       ] GC(43) Pause Young (Allocation Failure)
[1042.590s][debug][gc,phases      ] GC(43) Scavenge 5.164ms
[1042.590s][debug][gc,ref         ] GC(43) Skipped phase 1 of Reference Processing: no references
[1042.591s][debug][gc,ref         ] GC(43) ReferenceProcessor::execute queues: 1, RefProcThreadModel::Single, marks_oops_alive: false
[1042.591s][debug][gc,ref         ] GC(43) Skipped phase 3 of Reference Processing: no references
[1042.591s][debug][gc,ref         ] GC(43) ReferenceProcessor::execute queues: 1, RefProcThreadModel::Single, marks_oops_alive: false
[1042.591s][debug][gc,phases      ] GC(43) Reference Processing 0.102ms
[1042.591s][debug][gc,phases      ] GC(43)   VM Weak                        Min:  0.0, Avg:  0.0, Max:  0.0, Diff:  0.0, Sum:  0.0, Workers: 4
[1042.591s][debug][gc,phases      ] GC(43)     Dead                           Min: 0, Avg:  0.0, Max: 0, Diff: 0, Sum: 0, Workers: 4
[1042.591s][debug][gc,phases      ] GC(43)     Total                          Min: 0, Avg: 185.0, Max: 512, Diff: 512, Sum: 740, Workers: 4
[1042.591s][debug][gc,phases      ] GC(43)   ObjectSynchronizer Weak        Min:  0.0, Avg:  0.0, Max:  0.0, Diff:  0.0, Sum:  0.0, Workers: 4
[1042.591s][debug][gc,phases      ] GC(43)     Dead                           Min: 0, Avg:  0.0, Max: 0, Diff: 0, Sum: 0, Workers: 4
[1042.591s][debug][gc,phases      ] GC(43)     Total                          Min: 0, Avg:  8.5, Max: 34, Diff: 34, Sum: 34, Workers: 4
[1042.591s][debug][gc,phases      ] GC(43)   JVMTI Tag Weak OopStorage      Min:  0.0, Avg:  0.0, Max:  0.0, Diff:  0.0, Sum:  0.0, Workers: 4
[1042.591s][debug][gc,phases      ] GC(43)     Dead                           Min: 0, Avg:  0.0, Max: 0, Diff: 0, Sum: 0, Workers: 4
[1042.591s][debug][gc,phases      ] GC(43)     Total                          Min: 0, Avg:  0.0, Max: 0, Diff: 0, Sum: 0, Workers: 4
[1042.591s][debug][gc,phases      ] GC(43)   StringTable Weak               Min:  0.0, Avg:  0.1, Max:  0.1, Diff:  0.1, Sum:  0.3, Workers: 4
[1042.591s][debug][gc,phases      ] GC(43)     Dead                           Min: 0, Avg:  0.0, Max: 0, Diff: 0, Sum: 0, Workers: 4
[1042.591s][debug][gc,phases      ] GC(43)     Total                          Min: 0, Avg: 10568.2, Max: 17379, Diff: 17379, Sum: 42273, Workers: 4
[1042.591s][debug][gc,phases      ] GC(43)   ResolvedMethodTable Weak       Min:  0.0, Avg:  0.0, Max:  0.0, Diff:  0.0, Sum:  0.1, Workers: 4
[1042.591s][debug][gc,phases      ] GC(43)     Dead                           Min: 0, Avg:  0.0, Max: 0, Diff: 0, Sum: 0, Workers: 4
[1042.591s][debug][gc,phases      ] GC(43)     Total                          Min: 0, Avg: 2081.0, Max: 3584, Diff: 3584, Sum: 8324, Workers: 4
[1042.591s][debug][gc,phases      ] GC(43)   JNI Weak                       Min:  0.0, Avg:  0.0, Max:  0.0, Diff:  0.0, Sum:  0.0, Workers: 4
[1042.591s][debug][gc,phases      ] GC(43)     Dead                           Min: 0, Avg:  0.0, Max: 0, Diff: 0, Sum: 0, Workers: 4
[1042.591s][debug][gc,phases      ] GC(43)     Total                          Min: 0, Avg: 11.2, Max: 45, Diff: 45, Sum: 45, Workers: 4
[1042.591s][debug][gc,phases      ] GC(43)   StringDedup Table Weak         Min:  0.0, Avg:  0.0, Max:  0.0, Diff:  0.0, Sum:  0.0, Workers: 4
[1042.591s][debug][gc,phases      ] GC(43)     Dead                           Min: 0, Avg:  0.0, Max: 0, Diff: 0, Sum: 0, Workers: 4
[1042.591s][debug][gc,phases      ] GC(43)     Total                          Min: 0, Avg:  0.0, Max: 0, Diff: 0, Sum: 0, Workers: 4
[1042.591s][debug][gc,phases      ] GC(43)   StringDedup Requests0 Weak     Min:  0.0, Avg:  0.0, Max:  0.0, Diff:  0.0, Sum:  0.0, Workers: 4
[1042.591s][debug][gc,phases      ] GC(43)     Dead                           Min: 0, Avg:  0.0, Max: 0, Diff: 0, Sum: 0, Workers: 4
[1042.591s][debug][gc,phases      ] GC(43)     Total                          Min: 0, Avg:  0.0, Max: 0, Diff: 0, Sum: 0, Workers: 4
[1042.591s][debug][gc,phases      ] GC(43)   StringDedup Requests1 Weak     Min:  0.0, Avg:  0.0, Max:  0.0, Diff:  0.0, Sum:  0.0, Workers: 4
[1042.591s][debug][gc,phases      ] GC(43)     Dead                           Min: 0, Avg:  0.0, Max: 0, Diff: 0, Sum: 0, Workers: 4
[1042.591s][debug][gc,phases      ] GC(43)     Total                          Min: 0, Avg:  0.0, Max: 0, Diff: 0, Sum: 0, Workers: 4
[1042.591s][debug][gc,phases      ] GC(43)   Weak JFR Old Object Samples    Min:  0.0, Avg:  0.0, Max:  0.0, Diff:  0.0, Sum:  0.0, Workers: 4
[1042.591s][debug][gc,phases      ] GC(43)     Dead                           Min: 0, Avg:  0.0, Max: 0, Diff: 0, Sum: 0, Workers: 4
[1042.591s][debug][gc,phases      ] GC(43)     Total                          Min: 0, Avg:  0.0, Max: 0, Diff: 0, Sum: 0, Workers: 4
[1042.591s][debug][gc,phases      ] GC(43) Weak Processing 0.308ms
[1042.591s][debug][gc,age         ] GC(43) Desired survivor size 144179200 bytes, new threshold 15 (max threshold 15)
[1042.591s][info ][gc,heap        ] GC(43) PSYoungGen: 1772800K(1926656K)->6016K(1956352K) Eden: 1766400K(1766400K)->0K(1805824K) From: 6400K(160256K)->6016K(150528K)
[1042.591s][info ][gc,heap        ] GC(43) ParOldGen: 394788K(520704K)->395153K(520704K)
[1042.591s][info ][gc,metaspace   ] GC(43) Metaspace: 78048K(78976K)->78048K(78976K) NonClass: 67038K(67520K)->67038K(67520K) Class: 11009K(11456K)->11009K(11456K)
[1042.591s][info ][gc             ] GC(43) Pause Young (Allocation Failure) 2116M->391M(2419M) 5.666ms
[1042.591s][info ][gc,cpu         ] GC(43) User=0.02s Sys=0.00s Real=0.00s
[1042.591s][info ][safepoint      ] Safepoint "ParallelGCFailedAllocation", Time since last: 2531458325 ns, Reaching safepoint: 98700 ns, At safepoint: 5729712 ns, Total: 5828412 ns
[1043.591s][info ][safepoint      ] Safepoint "Cleanup", Time since last: 1000075085 ns, Reaching safepoint: 34500 ns, At safepoint: 3900 ns, Total: 38400 ns
[1047.591s][info ][safepoint      ] Safepoint "Cleanup", Time since last: 4000275844 ns, Reaching safepoint: 39900 ns, At safepoint: 2200 ns, Total: 42100 ns
[1053.592s][info ][safepoint      ] Safepoint "Cleanup", Time since last: 6000410520 ns, Reaching safepoint: 23901 ns, At safepoint: 6900 ns, Total: 30801 ns
[1057.592s][info ][safepoint      ] Safepoint "Cleanup", Time since last: 4000290150 ns, Reaching safepoint: 37200 ns, At safepoint: 4600 ns, Total: 41800 ns
[1058.592s][info ][safepoint      ] Safepoint "Cleanup", Time since last: 1000109888 ns, Reaching safepoint: 41600 ns, At safepoint: 3100 ns, Total: 44700 ns
[1073.593s][info ][safepoint      ] Safepoint "Cleanup", Time since last: 15000833239 ns, Reaching safepoint: 41700 ns, At safepoint: 3100 ns, Total: 44800 ns
[1080.594s][info ][safepoint      ] Safepoint "Cleanup", Time since last: 7000402637 ns, Reaching safepoint: 40700 ns, At safepoint: 3300 ns, Total: 44000 ns
[1088.594s][info ][safepoint      ] Safepoint "Cleanup", Time since last: 8000543937 ns, Reaching safepoint: 24600 ns, At safepoint: 2600 ns, Total: 27200 ns
[1093.936s][info ][gc,start       ] GC(44) Pause Young (Allocation Failure)
[1093.940s][debug][gc,phases      ] GC(44) Scavenge 3.709ms
[1093.940s][debug][gc,ref         ] GC(44) Skipped phase 1 of Reference Processing: no references
[1093.940s][debug][gc,ref         ] GC(44) ReferenceProcessor::execute queues: 1, RefProcThreadModel::Single, marks_oops_alive: false
[1093.940s][debug][gc,ref         ] GC(44) Skipped phase 3 of Reference Processing: no references
[1093.940s][debug][gc,ref         ] GC(44) ReferenceProcessor::execute queues: 1, RefProcThreadModel::Single, marks_oops_alive: false
[1093.940s][debug][gc,phases      ] GC(44) Reference Processing 0.086ms
[1093.940s][debug][gc,phases      ] GC(44)   VM Weak                        Min:  0.0, Avg:  0.0, Max:  0.0, Diff:  0.0, Sum:  0.0, Workers: 4
[1093.940s][debug][gc,phases      ] GC(44)     Dead                           Min: 0, Avg:  0.0, Max: 0, Diff: 0, Sum: 0, Workers: 4
[1093.940s][debug][gc,phases      ] GC(44)     Total                          Min: 0, Avg: 185.0, Max: 512, Diff: 512, Sum: 740, Workers: 4
[1093.940s][debug][gc,phases      ] GC(44)   ObjectSynchronizer Weak        Min:  0.0, Avg:  0.0, Max:  0.0, Diff:  0.0, Sum:  0.0, Workers: 4
[1093.940s][debug][gc,phases      ] GC(44)     Dead                           Min: 0, Avg:  0.0, Max: 0, Diff: 0, Sum: 0, Workers: 4
[1093.940s][debug][gc,phases      ] GC(44)     Total                          Min: 0, Avg:  8.5, Max: 34, Diff: 34, Sum: 34, Workers: 4
[1093.940s][debug][gc,phases      ] GC(44)   JVMTI Tag Weak OopStorage      Min:  0.0, Avg:  0.0, Max:  0.0, Diff:  0.0, Sum:  0.0, Workers: 4
[1093.940s][debug][gc,phases      ] GC(44)     Dead                           Min: 0, Avg:  0.0, Max: 0, Diff: 0, Sum: 0, Workers: 4
[1093.940s][debug][gc,phases      ] GC(44)     Total                          Min: 0, Avg:  0.0, Max: 0, Diff: 0, Sum: 0, Workers: 4
[1093.940s][debug][gc,phases      ] GC(44)   StringTable Weak               Min:  0.0, Avg:  0.1, Max:  0.2, Diff:  0.2, Sum:  0.3, Workers: 4
[1093.940s][debug][gc,phases      ] GC(44)     Dead                           Min: 0, Avg:  0.0, Max: 0, Diff: 0, Sum: 0, Workers: 4
[1093.940s][debug][gc,phases      ] GC(44)     Total                          Min: 0, Avg: 10568.8, Max: 21886, Diff: 21886, Sum: 42275, Workers: 4
[1093.940s][debug][gc,phases      ] GC(44)   ResolvedMethodTable Weak       Min:  0.0, Avg:  0.0, Max:  0.0, Diff:  0.0, Sum:  0.1, Workers: 4
[1093.940s][debug][gc,phases      ] GC(44)     Dead                           Min: 0, Avg:  0.0, Max: 0, Diff: 0, Sum: 0, Workers: 4
[1093.940s][debug][gc,phases      ] GC(44)     Total                          Min: 0, Avg: 2081.8, Max: 4480, Diff: 4480, Sum: 8327, Workers: 4
[1093.940s][debug][gc,phases      ] GC(44)   JNI Weak                       Min:  0.0, Avg:  0.0, Max:  0.0, Diff:  0.0, Sum:  0.0, Workers: 4
[1093.940s][debug][gc,phases      ] GC(44)     Dead                           Min: 0, Avg:  0.0, Max: 0, Diff: 0, Sum: 0, Workers: 4
[1093.940s][debug][gc,phases      ] GC(44)     Total                          Min: 0, Avg: 11.2, Max: 45, Diff: 45, Sum: 45, Workers: 4
[1093.940s][debug][gc,phases      ] GC(44)   StringDedup Table Weak         Min:  0.0, Avg:  0.0, Max:  0.0, Diff:  0.0, Sum:  0.0, Workers: 4
[1093.940s][debug][gc,phases      ] GC(44)     Dead                           Min: 0, Avg:  0.0, Max: 0, Diff: 0, Sum: 0, Workers: 4
[1093.940s][debug][gc,phases      ] GC(44)     Total                          Min: 0, Avg:  0.0, Max: 0, Diff: 0, Sum: 0, Workers: 4
[1093.940s][debug][gc,phases      ] GC(44)   StringDedup Requests0 Weak     Min:  0.0, Avg:  0.0, Max:  0.0, Diff:  0.0, Sum:  0.0, Workers: 4
[1093.940s][debug][gc,phases      ] GC(44)     Dead                           Min: 0, Avg:  0.0, Max: 0, Diff: 0, Sum: 0, Workers: 4
[1093.940s][debug][gc,phases      ] GC(44)     Total                          Min: 0, Avg:  0.0, Max: 0, Diff: 0, Sum: 0, Workers: 4
[1093.940s][debug][gc,phases      ] GC(44)   StringDedup Requests1 Weak     Min:  0.0, Avg:  0.0, Max:  0.0, Diff:  0.0, Sum:  0.0, Workers: 4
[1093.940s][debug][gc,phases      ] GC(44)     Dead                           Min: 0, Avg:  0.0, Max: 0, Diff: 0, Sum: 0, Workers: 4
[1093.940s][debug][gc,phases      ] GC(44)     Total                          Min: 0, Avg:  0.0, Max: 0, Diff: 0, Sum: 0, Workers: 4
[1093.940s][debug][gc,phases      ] GC(44)   Weak JFR Old Object Samples    Min:  0.0, Avg:  0.0, Max:  0.0, Diff:  0.0, Sum:  0.0, Workers: 4
[1093.940s][debug][gc,phases      ] GC(44)     Dead                           Min: 0, Avg:  0.0, Max: 0, Diff: 0, Sum: 0, Workers: 4
[1093.940s][debug][gc,phases      ] GC(44)     Total                          Min: 0, Avg:  0.0, Max: 0, Diff: 0, Sum: 0, Workers: 4
[1093.940s][debug][gc,phases      ] GC(44) Weak Processing 0.397ms
[1093.940s][debug][gc,age         ] GC(44) Desired survivor size 135266304 bytes, new threshold 15 (max threshold 15)
[1093.940s][info ][gc,heap        ] GC(44) PSYoungGen: 1811840K(1956352K)->6032K(1946624K) Eden: 1805824K(1805824K)->0K(1805824K) From: 6016K(150528K)->6032K(140800K)
[1093.940s][info ][gc,heap        ] GC(44) ParOldGen: 395153K(520704K)->395281K(520704K)
[1093.940s][info ][gc,metaspace   ] GC(44) Metaspace: 78062K(79040K)->78062K(79040K) NonClass: 67051K(67584K)->67051K(67584K) Class: 11011K(11456K)->11011K(11456K)
[1093.940s][info ][gc             ] GC(44) Pause Young (Allocation Failure) 2155M->391M(2409M) 4.276ms
[1093.940s][info ][gc,cpu         ] GC(44) User=0.02s Sys=0.00s Real=0.00s
[1093.940s][info ][safepoint      ] Safepoint "ParallelGCFailedAllocation", Time since last: 5341933747 ns, Reaching safepoint: 24900 ns, At safepoint: 4334209 ns, Total: 4359109 ns
[1101.941s][info ][safepoint      ] Safepoint "Cleanup", Time since last: 8000517153 ns, Reaching safepoint: 49500 ns, At safepoint: 5100 ns, Total: 54600 ns
[1102.941s][info ][safepoint      ] Safepoint "Cleanup", Time since last: 1000095395 ns, Reaching safepoint: 46300 ns, At safepoint: 4500 ns, Total: 50800 ns
[1107.942s][info ][safepoint      ] Safepoint "Cleanup", Time since last: 5000304777 ns, Reaching safepoint: 38600 ns, At safepoint: 14200 ns, Total: 52800 ns
[1108.942s][info ][safepoint      ] Safepoint "Cleanup", Time since last: 1000099296 ns, Reaching safepoint: 26800 ns, At safepoint: 2200 ns, Total: 29000 ns
[1112.942s][info ][safepoint      ] Safepoint "Cleanup", Time since last: 4000293684 ns, Reaching safepoint: 40500 ns, At safepoint: 4000 ns, Total: 44500 ns
[1118.942s][info ][safepoint      ] Safepoint "Cleanup", Time since last: 6000415382 ns, Reaching safepoint: 28000 ns, At safepoint: 23700 ns, Total: 51700 ns
[1122.943s][info ][safepoint      ] Safepoint "Cleanup", Time since last: 4000285290 ns, Reaching safepoint: 31200 ns, At safepoint: 2600 ns, Total: 33800 ns
[1129.943s][info ][safepoint      ] Safepoint "Cleanup", Time since last: 7000485289 ns, Reaching safepoint: 29000 ns, At safepoint: 2700 ns, Total: 31700 ns
[1135.944s][info ][safepoint      ] Safepoint "Cleanup", Time since last: 6000381795 ns, Reaching safepoint: 55800 ns, At safepoint: 2100 ns, Total: 57900 ns
[1136.944s][info ][safepoint      ] Safepoint "Cleanup", Time since last: 1000092800 ns, Reaching safepoint: 82400 ns, At safepoint: 2200 ns, Total: 84600 ns
[1137.944s][info ][safepoint      ] Safepoint "Cleanup", Time since last: 1000098000 ns, Reaching safepoint: 113401 ns, At safepoint: 8800 ns, Total: 122201 ns
[1147.434s][info ][gc,start       ] GC(45) Pause Young (Allocation Failure)
[1147.437s][debug][gc,phases      ] GC(45) Scavenge 3.180ms
[1147.437s][debug][gc,ref         ] GC(45) Skipped phase 1 of Reference Processing: no references
[1147.437s][debug][gc,ref         ] GC(45) ReferenceProcessor::execute queues: 1, RefProcThreadModel::Single, marks_oops_alive: false
[1147.437s][debug][gc,ref         ] GC(45) Skipped phase 3 of Reference Processing: no references
[1147.437s][debug][gc,ref         ] GC(45) ReferenceProcessor::execute queues: 1, RefProcThreadModel::Single, marks_oops_alive: false
[1147.437s][debug][gc,phases      ] GC(45) Reference Processing 0.086ms
[1147.437s][debug][gc,phases      ] GC(45)   VM Weak                        Min:  0.0, Avg:  0.0, Max:  0.0, Diff:  0.0, Sum:  0.0, Workers: 4
[1147.437s][debug][gc,phases      ] GC(45)     Dead                           Min: 0, Avg:  0.0, Max: 0, Diff: 0, Sum: 0, Workers: 4
[1147.437s][debug][gc,phases      ] GC(45)     Total                          Min: 0, Avg: 185.0, Max: 676, Diff: 676, Sum: 740, Workers: 4
[1147.437s][debug][gc,phases      ] GC(45)   ObjectSynchronizer Weak        Min:  0.0, Avg:  0.0, Max:  0.0, Diff:  0.0, Sum:  0.0, Workers: 4
[1147.437s][debug][gc,phases      ] GC(45)     Dead                           Min: 0, Avg:  0.0, Max: 0, Diff: 0, Sum: 0, Workers: 4
[1147.437s][debug][gc,phases      ] GC(45)     Total                          Min: 0, Avg:  8.5, Max: 34, Diff: 34, Sum: 34, Workers: 4
[1147.437s][debug][gc,phases      ] GC(45)   JVMTI Tag Weak OopStorage      Min:  0.0, Avg:  0.0, Max:  0.0, Diff:  0.0, Sum:  0.0, Workers: 4
[1147.437s][debug][gc,phases      ] GC(45)     Dead                           Min: 0, Avg:  0.0, Max: 0, Diff: 0, Sum: 0, Workers: 4
[1147.437s][debug][gc,phases      ] GC(45)     Total                          Min: 0, Avg:  0.0, Max: 0, Diff: 0, Sum: 0, Workers: 4
[1147.437s][debug][gc,phases      ] GC(45)   StringTable Weak               Min:  0.0, Avg:  0.1, Max:  0.1, Diff:  0.1, Sum:  0.3, Workers: 4
[1147.437s][debug][gc,phases      ] GC(45)     Dead                           Min: 0, Avg:  0.0, Max: 0, Diff: 0, Sum: 0, Workers: 4
[1147.437s][debug][gc,phases      ] GC(45)     Total                          Min: 0, Avg: 10568.8, Max: 16702, Diff: 16702, Sum: 42275, Workers: 4
[1147.437s][debug][gc,phases      ] GC(45)   ResolvedMethodTable Weak       Min:  0.0, Avg:  0.0, Max:  0.0, Diff:  0.0, Sum:  0.1, Workers: 4
[1147.437s][debug][gc,phases      ] GC(45)     Dead                           Min: 0, Avg:  0.0, Max: 0, Diff: 0, Sum: 0, Workers: 4
[1147.437s][debug][gc,phases      ] GC(45)     Total                          Min: 0, Avg: 2081.8, Max: 3527, Diff: 3527, Sum: 8327, Workers: 4
[1147.437s][debug][gc,phases      ] GC(45)   JNI Weak                       Min:  0.0, Avg:  0.0, Max:  0.0, Diff:  0.0, Sum:  0.0, Workers: 4
[1147.437s][debug][gc,phases      ] GC(45)     Dead                           Min: 0, Avg:  0.0, Max: 0, Diff: 0, Sum: 0, Workers: 4
[1147.437s][debug][gc,phases      ] GC(45)     Total                          Min: 0, Avg: 11.2, Max: 45, Diff: 45, Sum: 45, Workers: 4
[1147.437s][debug][gc,phases      ] GC(45)   StringDedup Table Weak         Min:  0.0, Avg:  0.0, Max:  0.0, Diff:  0.0, Sum:  0.0, Workers: 4
[1147.437s][debug][gc,phases      ] GC(45)     Dead                           Min: 0, Avg:  0.0, Max: 0, Diff: 0, Sum: 0, Workers: 4
[1147.437s][debug][gc,phases      ] GC(45)     Total                          Min: 0, Avg:  0.0, Max: 0, Diff: 0, Sum: 0, Workers: 4
[1147.437s][debug][gc,phases      ] GC(45)   StringDedup Requests0 Weak     Min:  0.0, Avg:  0.0, Max:  0.0, Diff:  0.0, Sum:  0.0, Workers: 4
[1147.437s][debug][gc,phases      ] GC(45)     Dead                           Min: 0, Avg:  0.0, Max: 0, Diff: 0, Sum: 0, Workers: 4
[1147.437s][debug][gc,phases      ] GC(45)     Total                          Min: 0, Avg:  0.0, Max: 0, Diff: 0, Sum: 0, Workers: 4
[1147.437s][debug][gc,phases      ] GC(45)   StringDedup Requests1 Weak     Min:  0.0, Avg:  0.0, Max:  0.0, Diff:  0.0, Sum:  0.0, Workers: 4
[1147.437s][debug][gc,phases      ] GC(45)     Dead                           Min: 0, Avg:  0.0, Max: 0, Diff: 0, Sum: 0, Workers: 4
[1147.437s][debug][gc,phases      ] GC(45)     Total                          Min: 0, Avg:  0.0, Max: 0, Diff: 0, Sum: 0, Workers: 4
[1147.437s][debug][gc,phases      ] GC(45)   Weak JFR Old Object Samples    Min:  0.0, Avg:  0.0, Max:  0.0, Diff:  0.0, Sum:  0.0, Workers: 4
[1147.437s][debug][gc,phases      ] GC(45)     Dead                           Min: 0, Avg:  0.0, Max: 0, Diff: 0, Sum: 0, Workers: 4
[1147.437s][debug][gc,phases      ] GC(45)     Total                          Min: 0, Avg:  0.0, Max: 0, Diff: 0, Sum: 0, Workers: 4
[1147.437s][debug][gc,phases      ] GC(45) Weak Processing 0.322ms
[1147.437s][debug][gc,age         ] GC(45) Desired survivor size 126353408 bytes, new threshold 15 (max threshold 15)
[1147.437s][info ][gc,heap        ] GC(45) PSYoungGen: 1811856K(1946624K)->5424K(1973760K) Eden: 1805824K(1805824K)->0K(1841664K) From: 6032K(140800K)->5424K(132096K)
[1147.437s][info ][gc,heap        ] GC(45) ParOldGen: 395281K(520704K)->395353K(520704K)
[1147.437s][info ][gc,metaspace   ] GC(45) Metaspace: 78068K(79040K)->78068K(79040K) NonClass: 67057K(67584K)->67057K(67584K) Class: 11011K(11456K)->11011K(11456K)
[1147.437s][info ][gc             ] GC(45) Pause Young (Allocation Failure) 2155M->391M(2436M) 3.672ms
[1147.437s][info ][gc,cpu         ] GC(45) User=0.01s Sys=0.00s Real=0.00s
[1147.437s][info ][safepoint      ] Safepoint "ParallelGCFailedAllocation", Time since last: 9489406783 ns, Reaching safepoint: 47300 ns, At safepoint: 3756508 ns, Total: 3803808 ns
[1149.438s][info ][safepoint      ] Safepoint "Cleanup", Time since last: 2000152703 ns, Reaching safepoint: 103500 ns, At safepoint: 6400 ns, Total: 109900 ns
[1155.438s][info ][safepoint      ] Safepoint "Cleanup", Time since last: 6000459212 ns, Reaching safepoint: 109800 ns, At safepoint: 6900 ns, Total: 116700 ns
[1181.440s][info ][safepoint      ] Safepoint "Cleanup", Time since last: 26001658306 ns, Reaching safepoint: 39100 ns, At safepoint: 4400 ns, Total: 43500 ns
[1189.441s][info ][safepoint      ] Safepoint "Cleanup", Time since last: 8000548150 ns, Reaching safepoint: 115500 ns, At safepoint: 6000 ns, Total: 121500 ns
[1192.441s][info ][safepoint      ] Safepoint "Cleanup", Time since last: 3000202221 ns, Reaching safepoint: 29900 ns, At safepoint: 5700 ns, Total: 35600 ns
[1194.441s][info ][safepoint      ] Safepoint "Cleanup", Time since last: 2000167215 ns, Reaching safepoint: 32300 ns, At safepoint: 2700 ns, Total: 35000 ns
[1200.441s][info ][safepoint      ] Safepoint "Cleanup", Time since last: 6000363946 ns, Reaching safepoint: 52500 ns, At safepoint: 3400 ns, Total: 55900 ns
[1203.790s][info ][gc,start       ] GC(46) Pause Young (Allocation Failure)
[1203.793s][debug][gc,phases      ] GC(46) Scavenge 3.570ms
[1203.794s][debug][gc,ref         ] GC(46) Skipped phase 1 of Reference Processing: no references
[1203.794s][debug][gc,ref         ] GC(46) ReferenceProcessor::execute queues: 1, RefProcThreadModel::Single, marks_oops_alive: false
[1203.794s][debug][gc,ref         ] GC(46) Skipped phase 3 of Reference Processing: no references
[1203.794s][debug][gc,ref         ] GC(46) ReferenceProcessor::execute queues: 1, RefProcThreadModel::Single, marks_oops_alive: false
[1203.794s][debug][gc,phases      ] GC(46) Reference Processing 0.097ms
[1203.794s][debug][gc,phases      ] GC(46)   VM Weak                        Min:  0.0, Avg:  0.0, Max:  0.0, Diff:  0.0, Sum:  0.0, Workers: 4
[1203.794s][debug][gc,phases      ] GC(46)     Dead                           Min: 0, Avg:  0.0, Max: 0, Diff: 0, Sum: 0, Workers: 4
[1203.794s][debug][gc,phases      ] GC(46)     Total                          Min: 0, Avg: 185.0, Max: 740, Diff: 740, Sum: 740, Workers: 4
[1203.794s][debug][gc,phases      ] GC(46)   ObjectSynchronizer Weak        Min:  0.0, Avg:  0.0, Max:  0.0, Diff:  0.0, Sum:  0.0, Workers: 4
[1203.794s][debug][gc,phases      ] GC(46)     Dead                           Min: 0, Avg:  0.0, Max: 0, Diff: 0, Sum: 0, Workers: 4
[1203.794s][debug][gc,phases      ] GC(46)     Total                          Min: 0, Avg:  8.5, Max: 34, Diff: 34, Sum: 34, Workers: 4
[1203.794s][debug][gc,phases      ] GC(46)   JVMTI Tag Weak OopStorage      Min:  0.0, Avg:  0.0, Max:  0.0, Diff:  0.0, Sum:  0.0, Workers: 4
[1203.794s][debug][gc,phases      ] GC(46)     Dead                           Min: 0, Avg:  0.0, Max: 0, Diff: 0, Sum: 0, Workers: 4
[1203.794s][debug][gc,phases      ] GC(46)     Total                          Min: 0, Avg:  0.0, Max: 0, Diff: 0, Sum: 0, Workers: 4
[1203.794s][debug][gc,phases      ] GC(46)   StringTable Weak               Min:  0.0, Avg:  0.1, Max:  0.1, Diff:  0.1, Sum:  0.3, Workers: 4
[1203.794s][debug][gc,phases      ] GC(46)     Dead                           Min: 0, Avg:  0.0, Max: 0, Diff: 0, Sum: 0, Workers: 4
[1203.794s][debug][gc,phases      ] GC(46)     Total                          Min: 0, Avg: 10571.8, Max: 16959, Diff: 16959, Sum: 42287, Workers: 4
[1203.794s][debug][gc,phases      ] GC(46)   ResolvedMethodTable Weak       Min:  0.0, Avg:  0.0, Max:  0.0, Diff:  0.0, Sum:  0.1, Workers: 4
[1203.794s][debug][gc,phases      ] GC(46)     Dead                           Min: 0, Avg:  0.0, Max: 0, Diff: 0, Sum: 0, Workers: 4
[1203.794s][debug][gc,phases      ] GC(46)     Total                          Min: 0, Avg: 2081.8, Max: 3015, Diff: 3015, Sum: 8327, Workers: 4
[1203.794s][debug][gc,phases      ] GC(46)   JNI Weak                       Min:  0.0, Avg:  0.0, Max:  0.0, Diff:  0.0, Sum:  0.0, Workers: 4
[1203.794s][debug][gc,phases      ] GC(46)     Dead                           Min: 0, Avg:  0.0, Max: 0, Diff: 0, Sum: 0, Workers: 4
[1203.794s][debug][gc,phases      ] GC(46)     Total                          Min: 0, Avg: 11.2, Max: 45, Diff: 45, Sum: 45, Workers: 4
[1203.794s][debug][gc,phases      ] GC(46)   StringDedup Table Weak         Min:  0.0, Avg:  0.0, Max:  0.0, Diff:  0.0, Sum:  0.0, Workers: 4
[1203.794s][debug][gc,phases      ] GC(46)     Dead                           Min: 0, Avg:  0.0, Max: 0, Diff: 0, Sum: 0, Workers: 4
[1203.794s][debug][gc,phases      ] GC(46)     Total                          Min: 0, Avg:  0.0, Max: 0, Diff: 0, Sum: 0, Workers: 4
[1203.794s][debug][gc,phases      ] GC(46)   StringDedup Requests0 Weak     Min:  0.0, Avg:  0.0, Max:  0.0, Diff:  0.0, Sum:  0.0, Workers: 4
[1203.794s][debug][gc,phases      ] GC(46)     Dead                           Min: 0, Avg:  0.0, Max: 0, Diff: 0, Sum: 0, Workers: 4
[1203.794s][debug][gc,phases      ] GC(46)     Total                          Min: 0, Avg:  0.0, Max: 0, Diff: 0, Sum: 0, Workers: 4
[1203.794s][debug][gc,phases      ] GC(46)   StringDedup Requests1 Weak     Min:  0.0, Avg:  0.0, Max:  0.0, Diff:  0.0, Sum:  0.0, Workers: 4
[1203.794s][debug][gc,phases      ] GC(46)     Dead                           Min: 0, Avg:  0.0, Max: 0, Diff: 0, Sum: 0, Workers: 4
[1203.794s][debug][gc,phases      ] GC(46)     Total                          Min: 0, Avg:  0.0, Max: 0, Diff: 0, Sum: 0, Workers: 4
[1203.794s][debug][gc,phases      ] GC(46)   Weak JFR Old Object Samples    Min:  0.0, Avg:  0.0, Max:  0.0, Diff:  0.0, Sum:  0.0, Workers: 4
[1203.794s][debug][gc,phases      ] GC(46)     Dead                           Min: 0, Avg:  0.0, Max: 0, Diff: 0, Sum: 0, Workers: 4
[1203.794s][debug][gc,phases      ] GC(46)     Total                          Min: 0, Avg:  0.0, Max: 0, Diff: 0, Sum: 0, Workers: 4
[1203.794s][debug][gc,phases      ] GC(46) Weak Processing 0.277ms
[1203.794s][debug][gc,age         ] GC(46) Desired survivor size 117964800 bytes, new threshold 15 (max threshold 15)
[1203.794s][info ][gc,heap        ] GC(46) PSYoungGen: 1847088K(1973760K)->5760K(1965056K) Eden: 1841664K(1841664K)->0K(1841664K) From: 5424K(132096K)->5760K(123392K)
[1203.794s][info ][gc,heap        ] GC(46) ParOldGen: 395353K(520704K)->395417K(520704K)
[1203.794s][info ][gc,metaspace   ] GC(46) Metaspace: 78081K(79040K)->78081K(79040K) NonClass: 67070K(67584K)->67070K(67584K) Class: 11011K(11456K)->11011K(11456K)
[1203.794s][info ][gc             ] GC(46) Pause Young (Allocation Failure) 2189M->391M(2427M) 4.037ms
[1203.794s][info ][gc,cpu         ] GC(46) User=0.01s Sys=0.00s Real=0.01s
[1203.794s][info ][safepoint      ] Safepoint "ParallelGCFailedAllocation", Time since last: 3348390725 ns, Reaching safepoint: 30600 ns, At safepoint: 4095308 ns, Total: 4125908 ns
[1206.794s][info ][safepoint      ] Safepoint "Cleanup", Time since last: 3000200326 ns, Reaching safepoint: 33900 ns, At safepoint: 2300 ns, Total: 36200 ns
[1212.795s][info ][safepoint      ] Safepoint "Cleanup", Time since last: 6000339756 ns, Reaching safepoint: 30500 ns, At safepoint: 2500 ns, Total: 33000 ns
[1214.795s][info ][safepoint      ] Safepoint "Cleanup", Time since last: 2000118419 ns, Reaching safepoint: 36600 ns, At safepoint: 4200 ns, Total: 40800 ns
[1215.795s][info ][safepoint      ] Safepoint "Cleanup", Time since last: 1000091910 ns, Reaching safepoint: 40300 ns, At safepoint: 2301 ns, Total: 42601 ns
[1217.795s][info ][safepoint      ] Safepoint "Cleanup", Time since last: 2000130020 ns, Reaching safepoint: 36400 ns, At safepoint: 1800 ns, Total: 38200 ns
[1218.795s][info ][safepoint      ] Safepoint "Cleanup", Time since last: 1000092010 ns, Reaching safepoint: 43900 ns, At safepoint: 3400 ns, Total: 47300 ns
[1220.795s][info ][safepoint      ] Safepoint "Cleanup", Time since last: 2000140521 ns, Reaching safepoint: 28700 ns, At safepoint: 2700 ns, Total: 31400 ns
[1232.796s][info ][safepoint      ] Safepoint "Cleanup", Time since last: 12000770436 ns, Reaching safepoint: 46600 ns, At safepoint: 3800 ns, Total: 50400 ns
[1233.796s][info ][safepoint      ] Safepoint "Cleanup", Time since last: 1000085512 ns, Reaching safepoint: 49000 ns, At safepoint: 2800 ns, Total: 51800 ns
[1234.796s][info ][safepoint      ] Safepoint "Cleanup", Time since last: 1000102512 ns, Reaching safepoint: 41900 ns, At safepoint: 3500 ns, Total: 45400 ns
[1235.797s][info ][safepoint      ] Safepoint "Cleanup", Time since last: 1000098113 ns, Reaching safepoint: 42900 ns, At safepoint: 2600 ns, Total: 45500 ns
[1236.797s][info ][safepoint      ] Safepoint "Cleanup", Time since last: 1000084012 ns, Reaching safepoint: 31300 ns, At safepoint: 2700 ns, Total: 34000 ns
[1245.797s][info ][safepoint      ] Safepoint "Cleanup", Time since last: 9000533417 ns, Reaching safepoint: 54700 ns, At safepoint: 5900 ns, Total: 60600 ns
[1248.798s][info ][safepoint      ] Safepoint "Cleanup", Time since last: 3000226241 ns, Reaching safepoint: 31100 ns, At safepoint: 3100 ns, Total: 34200 ns
[1251.798s][info ][safepoint      ] Safepoint "Cleanup", Time since last: 3000196542 ns, Reaching safepoint: 49800 ns, At safepoint: 9700 ns, Total: 59500 ns
[1252.798s][info ][safepoint      ] Safepoint "Cleanup", Time since last: 1000104414 ns, Reaching safepoint: 26700 ns, At safepoint: 2500 ns, Total: 29200 ns
[1253.789s][info ][gc,start       ] GC(47) Pause Young (Allocation Failure)
[1253.792s][debug][gc,phases      ] GC(47) Scavenge 3.560ms
[1253.792s][debug][gc,ref         ] GC(47) Skipped phase 1 of Reference Processing: no references
[1253.792s][debug][gc,ref         ] GC(47) ReferenceProcessor::execute queues: 1, RefProcThreadModel::Single, marks_oops_alive: false
[1253.792s][debug][gc,ref         ] GC(47) Skipped phase 3 of Reference Processing: no references
[1253.793s][debug][gc,ref         ] GC(47) ReferenceProcessor::execute queues: 1, RefProcThreadModel::Single, marks_oops_alive: false
[1253.793s][debug][gc,phases      ] GC(47) Reference Processing 0.102ms
[1253.793s][debug][gc,phases      ] GC(47)   VM Weak                        Min:  0.0, Avg:  0.0, Max:  0.0, Diff:  0.0, Sum:  0.0, Workers: 4
[1253.793s][debug][gc,phases      ] GC(47)     Dead                           Min: 0, Avg:  0.0, Max: 0, Diff: 0, Sum: 0, Workers: 4
[1253.793s][debug][gc,phases      ] GC(47)     Total                          Min: 0, Avg: 185.0, Max: 420, Diff: 420, Sum: 740, Workers: 4
[1253.793s][debug][gc,phases      ] GC(47)   ObjectSynchronizer Weak        Min:  0.0, Avg:  0.0, Max:  0.0, Diff:  0.0, Sum:  0.0, Workers: 4
[1253.793s][debug][gc,phases      ] GC(47)     Dead                           Min: 0, Avg:  0.5, Max: 2, Diff: 2, Sum: 2, Workers: 4
[1253.793s][debug][gc,phases      ] GC(47)     Total                          Min: 0, Avg:  9.0, Max: 36, Diff: 36, Sum: 36, Workers: 4
[1253.793s][debug][gc,phases      ] GC(47)   JVMTI Tag Weak OopStorage      Min:  0.0, Avg:  0.0, Max:  0.0, Diff:  0.0, Sum:  0.0, Workers: 4
[1253.793s][debug][gc,phases      ] GC(47)     Dead                           Min: 0, Avg:  0.0, Max: 0, Diff: 0, Sum: 0, Workers: 4
[1253.793s][debug][gc,phases      ] GC(47)     Total                          Min: 0, Avg:  0.0, Max: 0, Diff: 0, Sum: 0, Workers: 4
[1253.793s][debug][gc,phases      ] GC(47)   StringTable Weak               Min:  0.1, Avg:  0.1, Max:  0.1, Diff:  0.0, Sum:  0.4, Workers: 4
[1253.793s][debug][gc,phases      ] GC(47)     Dead                           Min: 0, Avg:  0.0, Max: 0, Diff: 0, Sum: 0, Workers: 4
[1253.793s][debug][gc,phases      ] GC(47)     Total                          Min: 10112, Avg: 10574.0, Max: 11391, Diff: 1279, Sum: 42296, Workers: 4
[1253.793s][debug][gc,phases      ] GC(47)   ResolvedMethodTable Weak       Min:  0.0, Avg:  0.0, Max:  0.0, Diff:  0.0, Sum:  0.1, Workers: 4
[1253.793s][debug][gc,phases      ] GC(47)     Dead                           Min: 0, Avg:  0.0, Max: 0, Diff: 0, Sum: 0, Workers: 4
[1253.793s][debug][gc,phases      ] GC(47)     Total                          Min: 640, Avg: 2081.8, Max: 2880, Diff: 2240, Sum: 8327, Workers: 4
[1253.793s][debug][gc,phases      ] GC(47)   JNI Weak                       Min:  0.0, Avg:  0.0, Max:  0.0, Diff:  0.0, Sum:  0.0, Workers: 4
[1253.793s][debug][gc,phases      ] GC(47)     Dead                           Min: 0, Avg:  0.0, Max: 0, Diff: 0, Sum: 0, Workers: 4
[1253.793s][debug][gc,phases      ] GC(47)     Total                          Min: 0, Avg: 11.2, Max: 45, Diff: 45, Sum: 45, Workers: 4
[1253.793s][debug][gc,phases      ] GC(47)   StringDedup Table Weak         Min:  0.0, Avg:  0.0, Max:  0.0, Diff:  0.0, Sum:  0.0, Workers: 4
[1253.793s][debug][gc,phases      ] GC(47)     Dead                           Min: 0, Avg:  0.0, Max: 0, Diff: 0, Sum: 0, Workers: 4
[1253.793s][debug][gc,phases      ] GC(47)     Total                          Min: 0, Avg:  0.0, Max: 0, Diff: 0, Sum: 0, Workers: 4
[1253.793s][debug][gc,phases      ] GC(47)   StringDedup Requests0 Weak     Min:  0.0, Avg:  0.0, Max:  0.0, Diff:  0.0, Sum:  0.0, Workers: 4
[1253.793s][debug][gc,phases      ] GC(47)     Dead                           Min: 0, Avg:  0.0, Max: 0, Diff: 0, Sum: 0, Workers: 4
[1253.793s][debug][gc,phases      ] GC(47)     Total                          Min: 0, Avg:  0.0, Max: 0, Diff: 0, Sum: 0, Workers: 4
[1253.793s][debug][gc,phases      ] GC(47)   StringDedup Requests1 Weak     Min:  0.0, Avg:  0.0, Max:  0.0, Diff:  0.0, Sum:  0.0, Workers: 4
[1253.793s][debug][gc,phases      ] GC(47)     Dead                           Min: 0, Avg:  0.0, Max: 0, Diff: 0, Sum: 0, Workers: 4
[1253.793s][debug][gc,phases      ] GC(47)     Total                          Min: 0, Avg:  0.0, Max: 0, Diff: 0, Sum: 0, Workers: 4
[1253.793s][debug][gc,phases      ] GC(47)   Weak JFR Old Object Samples    Min:  0.0, Avg:  0.0, Max:  0.0, Diff:  0.0, Sum:  0.0, Workers: 4
[1253.793s][debug][gc,phases      ] GC(47)     Dead                           Min: 0, Avg:  0.0, Max: 0, Diff: 0, Sum: 0, Workers: 4
[1253.793s][debug][gc,phases      ] GC(47)     Total                          Min: 0, Avg:  0.0, Max: 0, Diff: 0, Sum: 0, Workers: 4
[1253.793s][debug][gc,phases      ] GC(47) Weak Processing 0.293ms
[1253.793s][debug][gc,age         ] GC(47) Desired survivor size 110624768 bytes, new threshold 15 (max threshold 15)
[1253.793s][info ][gc,heap        ] GC(47) PSYoungGen: 1847424K(1965056K)->5360K(1989120K) Eden: 1841664K(1841664K)->0K(1873920K) From: 5760K(123392K)->5360K(115200K)
[1253.793s][info ][gc,heap        ] GC(47) ParOldGen: 395417K(520704K)->395809K(520704K)
[1253.793s][info ][gc,metaspace   ] GC(47) Metaspace: 78083K(79040K)->78083K(79040K) NonClass: 67072K(67584K)->67072K(67584K) Class: 11011K(11456K)->11011K(11456K)
[1253.793s][info ][gc             ] GC(47) Pause Young (Allocation Failure) 2190M->391M(2451M) 4.044ms
[1253.793s][info ][gc,cpu         ] GC(47) User=0.02s Sys=0.00s Real=0.00s
[1253.793s][info ][safepoint      ] Safepoint "ParallelGCFailedAllocation", Time since last: 990815496 ns, Reaching safepoint: 30200 ns, At safepoint: 4100508 ns, Total: 4130708 ns
[1255.793s][info ][safepoint      ] Safepoint "Cleanup", Time since last: 2000152129 ns, Reaching safepoint: 111301 ns, At safepoint: 8700 ns, Total: 120001 ns
[1258.793s][info ][safepoint      ] Safepoint "Cleanup", Time since last: 3000238144 ns, Reaching safepoint: 35600 ns, At safepoint: 6700 ns, Total: 42300 ns
[1259.794s][info ][safepoint      ] Safepoint "Cleanup", Time since last: 1000100915 ns, Reaching safepoint: 32200 ns, At safepoint: 2400 ns, Total: 34600 ns
[1263.794s][info ][safepoint      ] Safepoint "Cleanup", Time since last: 4000285461 ns, Reaching safepoint: 27300 ns, At safepoint: 2200 ns, Total: 29500 ns
[1267.794s][info ][safepoint      ] Safepoint "Cleanup", Time since last: 4000246063 ns, Reaching safepoint: 41000 ns, At safepoint: 4500 ns, Total: 45500 ns
[1271.795s][info ][safepoint      ] Safepoint "Cleanup", Time since last: 4000291564 ns, Reaching safepoint: 32500 ns, At safepoint: 26600 ns, Total: 59100 ns
[1275.795s][info ][safepoint      ] Safepoint "Cleanup", Time since last: 4000260667 ns, Reaching safepoint: 47000 ns, At safepoint: 5300 ns, Total: 52300 ns
[1276.795s][info ][safepoint      ] Safepoint "Cleanup", Time since last: 1000097717 ns, Reaching safepoint: 26200 ns, At safepoint: 2700 ns, Total: 28900 ns
[1281.795s][info ][safepoint      ] Safepoint "Cleanup", Time since last: 5000353385 ns, Reaching safepoint: 47800 ns, At safepoint: 6400 ns, Total: 54200 ns
[1282.796s][info ][safepoint      ] Safepoint "Cleanup", Time since last: 1000101318 ns, Reaching safepoint: 109700 ns, At safepoint: 7800 ns, Total: 117500 ns
[1285.796s][info ][safepoint      ] Safepoint "Cleanup", Time since last: 3000237153 ns, Reaching safepoint: 33100 ns, At safepoint: 2600 ns, Total: 35700 ns
[1289.796s][info ][safepoint      ] Safepoint "Cleanup", Time since last: 4000272772 ns, Reaching safepoint: 38700 ns, At safepoint: 3000 ns, Total: 41700 ns
[1300.797s][info ][safepoint      ] Safepoint "Cleanup", Time since last: 11000713507 ns, Reaching safepoint: 56300 ns, At safepoint: 17400 ns, Total: 73700 ns
[1301.797s][info ][safepoint      ] Safepoint "Cleanup", Time since last: 1000096619 ns, Reaching safepoint: 42000 ns, At safepoint: 3600 ns, Total: 45600 ns
[1302.234s][info ][safepoint      ] Safepoint "ParallelGCFailedAllocation", Time since last: 436678482 ns, Reaching safepoint: 105000 ns, At safepoint: 13700 ns, Total: 118700 ns
[1302.234s][info ][gc,start       ] GC(48) Pause Young (GCLocker Initiated GC)
[1302.238s][debug][gc,phases      ] GC(48) Scavenge 3.766ms
[1302.238s][debug][gc,ref         ] GC(48) Skipped phase 1 of Reference Processing: no references
[1302.238s][debug][gc,ref         ] GC(48) ReferenceProcessor::execute queues: 1, RefProcThreadModel::Single, marks_oops_alive: false
[1302.238s][debug][gc,ref         ] GC(48) Skipped phase 3 of Reference Processing: no references
[1302.238s][debug][gc,ref         ] GC(48) ReferenceProcessor::execute queues: 1, RefProcThreadModel::Single, marks_oops_alive: false
[1302.238s][debug][gc,phases      ] GC(48) Reference Processing 0.098ms
[1302.238s][debug][gc,phases      ] GC(48)   VM Weak                        Min:  0.0, Avg:  0.0, Max:  0.0, Diff:  0.0, Sum:  0.0, Workers: 4
[1302.238s][debug][gc,phases      ] GC(48)     Dead                           Min: 0, Avg:  0.0, Max: 0, Diff: 0, Sum: 0, Workers: 4
[1302.238s][debug][gc,phases      ] GC(48)     Total                          Min: 0, Avg: 185.0, Max: 512, Diff: 512, Sum: 740, Workers: 4
[1302.238s][debug][gc,phases      ] GC(48)   ObjectSynchronizer Weak        Min:  0.0, Avg:  0.0, Max:  0.0, Diff:  0.0, Sum:  0.0, Workers: 4
[1302.238s][debug][gc,phases      ] GC(48)     Dead                           Min: 0, Avg:  0.0, Max: 0, Diff: 0, Sum: 0, Workers: 4
[1302.238s][debug][gc,phases      ] GC(48)     Total                          Min: 0, Avg:  9.0, Max: 36, Diff: 36, Sum: 36, Workers: 4
[1302.238s][debug][gc,phases      ] GC(48)   JVMTI Tag Weak OopStorage      Min:  0.0, Avg:  0.0, Max:  0.0, Diff:  0.0, Sum:  0.0, Workers: 4
[1302.238s][debug][gc,phases      ] GC(48)     Dead                           Min: 0, Avg:  0.0, Max: 0, Diff: 0, Sum: 0, Workers: 4
[1302.238s][debug][gc,phases      ] GC(48)     Total                          Min: 0, Avg:  0.0, Max: 0, Diff: 0, Sum: 0, Workers: 4
[1302.238s][debug][gc,phases      ] GC(48)   StringTable Weak               Min:  0.1, Avg:  0.1, Max:  0.1, Diff:  0.0, Sum:  0.4, Workers: 4
[1302.238s][debug][gc,phases      ] GC(48)     Dead                           Min: 0, Avg:  0.0, Max: 0, Diff: 0, Sum: 0, Workers: 4
[1302.238s][debug][gc,phases      ] GC(48)     Total                          Min: 9856, Avg: 10574.8, Max: 11456, Diff: 1600, Sum: 42299, Workers: 4
[1302.238s][debug][gc,phases      ] GC(48)   ResolvedMethodTable Weak       Min:  0.0, Avg:  0.0, Max:  0.0, Diff:  0.0, Sum:  0.1, Workers: 4
[1302.238s][debug][gc,phases      ] GC(48)     Dead                           Min: 0, Avg:  0.0, Max: 0, Diff: 0, Sum: 0, Workers: 4
[1302.238s][debug][gc,phases      ] GC(48)     Total                          Min: 1664, Avg: 2081.8, Max: 2432, Diff: 768, Sum: 8327, Workers: 4
[1302.238s][debug][gc,phases      ] GC(48)   JNI Weak                       Min:  0.0, Avg:  0.0, Max:  0.0, Diff:  0.0, Sum:  0.0, Workers: 4
[1302.238s][debug][gc,phases      ] GC(48)     Dead                           Min: 0, Avg:  0.0, Max: 0, Diff: 0, Sum: 0, Workers: 4
[1302.238s][debug][gc,phases      ] GC(48)     Total                          Min: 0, Avg: 11.2, Max: 45, Diff: 45, Sum: 45, Workers: 4
[1302.238s][debug][gc,phases      ] GC(48)   StringDedup Table Weak         Min:  0.0, Avg:  0.0, Max:  0.0, Diff:  0.0, Sum:  0.0, Workers: 4
[1302.238s][debug][gc,phases      ] GC(48)     Dead                           Min: 0, Avg:  0.0, Max: 0, Diff: 0, Sum: 0, Workers: 4
[1302.238s][debug][gc,phases      ] GC(48)     Total                          Min: 0, Avg:  0.0, Max: 0, Diff: 0, Sum: 0, Workers: 4
[1302.238s][debug][gc,phases      ] GC(48)   StringDedup Requests0 Weak     Min:  0.0, Avg:  0.0, Max:  0.0, Diff:  0.0, Sum:  0.0, Workers: 4
[1302.238s][debug][gc,phases      ] GC(48)     Dead                           Min: 0, Avg:  0.0, Max: 0, Diff: 0, Sum: 0, Workers: 4
[1302.238s][debug][gc,phases      ] GC(48)     Total                          Min: 0, Avg:  0.0, Max: 0, Diff: 0, Sum: 0, Workers: 4
[1302.238s][debug][gc,phases      ] GC(48)   StringDedup Requests1 Weak     Min:  0.0, Avg:  0.0, Max:  0.0, Diff:  0.0, Sum:  0.0, Workers: 4
[1302.238s][debug][gc,phases      ] GC(48)     Dead                           Min: 0, Avg:  0.0, Max: 0, Diff: 0, Sum: 0, Workers: 4
[1302.238s][debug][gc,phases      ] GC(48)     Total                          Min: 0, Avg:  0.0, Max: 0, Diff: 0, Sum: 0, Workers: 4
[1302.238s][debug][gc,phases      ] GC(48)   Weak JFR Old Object Samples    Min:  0.0, Avg:  0.0, Max:  0.0, Diff:  0.0, Sum:  0.0, Workers: 4
[1302.238s][debug][gc,phases      ] GC(48)     Dead                           Min: 0, Avg:  0.0, Max: 0, Diff: 0, Sum: 0, Workers: 4
[1302.238s][debug][gc,phases      ] GC(48)     Total                          Min: 0, Avg:  0.0, Max: 0, Diff: 0, Sum: 0, Workers: 4
[1302.238s][debug][gc,phases      ] GC(48) Weak Processing 0.272ms
[1302.238s][debug][gc,age         ] GC(48) Desired survivor size 102760448 bytes, new threshold 15 (max threshold 15)
[1302.238s][info ][gc,heap        ] GC(48) PSYoungGen: 1879280K(1989120K)->7015K(1981952K) Eden: 1873920K(1873920K)->0K(1873920K) From: 5360K(115200K)->7015K(108032K)
[1302.238s][info ][gc,heap        ] GC(48) ParOldGen: 395810K(520704K)->395850K(520704K)
[1302.238s][info ][gc,metaspace   ] GC(48) Metaspace: 78090K(79040K)->78090K(79040K) NonClass: 67079K(67584K)->67079K(67584K) Class: 11011K(11456K)->11011K(11456K)
[1302.238s][info ][gc             ] GC(48) Pause Young (GCLocker Initiated GC) 2221M->393M(2444M) 4.201ms
[1302.238s][info ][gc,cpu         ] GC(48) User=0.02s Sys=0.00s Real=0.00s
[1302.238s][info ][safepoint      ] Safepoint "ParallelGCSystemGC", Time since last: 98001 ns, Reaching safepoint: 89600 ns, At safepoint: 4264108 ns, Total: 4353708 ns
[1317.239s][info ][safepoint      ] Safepoint "Cleanup", Time since last: 15000972204 ns, Reaching safepoint: 106700 ns, At safepoint: 7700 ns, Total: 114400 ns
[1338.241s][info ][safepoint      ] Safepoint "Cleanup", Time since last: 21001314561 ns, Reaching safepoint: 38100 ns, At safepoint: 3200 ns, Total: 41300 ns
[1339.241s][info ][safepoint      ] Safepoint "Cleanup", Time since last: 1000104123 ns, Reaching safepoint: 25401 ns, At safepoint: 2100 ns, Total: 27501 ns
[1340.241s][info ][safepoint      ] Safepoint "Cleanup", Time since last: 1000105123 ns, Reaching safepoint: 42400 ns, At safepoint: 3500 ns, Total: 45900 ns
[1341.241s][info ][safepoint      ] Safepoint "Cleanup", Time since last: 1000113923 ns, Reaching safepoint: 28700 ns, At safepoint: 3100 ns, Total: 31800 ns
[1347.242s][info ][safepoint      ] Safepoint "Cleanup", Time since last: 6000356841 ns, Reaching safepoint: 27500 ns, At safepoint: 2600 ns, Total: 30100 ns
[1349.242s][info ][safepoint      ] Safepoint "Cleanup", Time since last: 2000159148 ns, Reaching safepoint: 39800 ns, At safepoint: 7900 ns, Total: 47700 ns
[1351.288s][info ][gc,start       ] GC(49) Pause Young (Allocation Failure)
[1351.291s][debug][gc,phases      ] GC(49) Scavenge 3.506ms
[1351.291s][debug][gc,ref         ] GC(49) Skipped phase 1 of Reference Processing: no references
[1351.291s][debug][gc,ref         ] GC(49) ReferenceProcessor::execute queues: 1, RefProcThreadModel::Single, marks_oops_alive: false
[1351.291s][debug][gc,ref         ] GC(49) Skipped phase 3 of Reference Processing: no references
[1351.291s][debug][gc,ref         ] GC(49) ReferenceProcessor::execute queues: 1, RefProcThreadModel::Single, marks_oops_alive: false
[1351.291s][debug][gc,phases      ] GC(49) Reference Processing 0.097ms
[1351.292s][debug][gc,phases      ] GC(49)   VM Weak                        Min:  0.0, Avg:  0.0, Max:  0.0, Diff:  0.0, Sum:  0.0, Workers: 4
[1351.292s][debug][gc,phases      ] GC(49)     Dead                           Min: 0, Avg:  0.0, Max: 0, Diff: 0, Sum: 0, Workers: 4
[1351.292s][debug][gc,phases      ] GC(49)     Total                          Min: 0, Avg: 185.0, Max: 576, Diff: 576, Sum: 740, Workers: 4
[1351.292s][debug][gc,phases      ] GC(49)   ObjectSynchronizer Weak        Min:  0.0, Avg:  0.0, Max:  0.0, Diff:  0.0, Sum:  0.0, Workers: 4
[1351.292s][debug][gc,phases      ] GC(49)     Dead                           Min: 0, Avg:  0.0, Max: 0, Diff: 0, Sum: 0, Workers: 4
[1351.292s][debug][gc,phases      ] GC(49)     Total                          Min: 0, Avg:  9.0, Max: 36, Diff: 36, Sum: 36, Workers: 4
[1351.292s][debug][gc,phases      ] GC(49)   JVMTI Tag Weak OopStorage      Min:  0.0, Avg:  0.0, Max:  0.0, Diff:  0.0, Sum:  0.0, Workers: 4
[1351.292s][debug][gc,phases      ] GC(49)     Dead                           Min: 0, Avg:  0.0, Max: 0, Diff: 0, Sum: 0, Workers: 4
[1351.292s][debug][gc,phases      ] GC(49)     Total                          Min: 0, Avg:  0.0, Max: 0, Diff: 0, Sum: 0, Workers: 4
[1351.292s][debug][gc,phases      ] GC(49)   StringTable Weak               Min:  0.0, Avg:  0.1, Max:  0.1, Diff:  0.1, Sum:  0.3, Workers: 4
[1351.292s][debug][gc,phases      ] GC(49)     Dead                           Min: 0, Avg:  0.0, Max: 0, Diff: 0, Sum: 0, Workers: 4
[1351.292s][debug][gc,phases      ] GC(49)     Total                          Min: 0, Avg: 10576.2, Max: 18112, Diff: 18112, Sum: 42305, Workers: 4
[1351.292s][debug][gc,phases      ] GC(49)   ResolvedMethodTable Weak       Min:  0.0, Avg:  0.0, Max:  0.0, Diff:  0.0, Sum:  0.1, Workers: 4
[1351.292s][debug][gc,phases      ] GC(49)     Dead                           Min: 0, Avg:  0.0, Max: 0, Diff: 0, Sum: 0, Workers: 4
[1351.292s][debug][gc,phases      ] GC(49)     Total                          Min: 0, Avg: 2081.8, Max: 3271, Diff: 3271, Sum: 8327, Workers: 4
[1351.292s][debug][gc,phases      ] GC(49)   JNI Weak                       Min:  0.0, Avg:  0.0, Max:  0.0, Diff:  0.0, Sum:  0.0, Workers: 4
[1351.292s][debug][gc,phases      ] GC(49)     Dead                           Min: 0, Avg:  0.0, Max: 0, Diff: 0, Sum: 0, Workers: 4
[1351.292s][debug][gc,phases      ] GC(49)     Total                          Min: 0, Avg: 11.2, Max: 45, Diff: 45, Sum: 45, Workers: 4
[1351.292s][debug][gc,phases      ] GC(49)   StringDedup Table Weak         Min:  0.0, Avg:  0.0, Max:  0.0, Diff:  0.0, Sum:  0.0, Workers: 4
[1351.292s][debug][gc,phases      ] GC(49)     Dead                           Min: 0, Avg:  0.0, Max: 0, Diff: 0, Sum: 0, Workers: 4
[1351.292s][debug][gc,phases      ] GC(49)     Total                          Min: 0, Avg:  0.0, Max: 0, Diff: 0, Sum: 0, Workers: 4
[1351.292s][debug][gc,phases      ] GC(49)   StringDedup Requests0 Weak     Min:  0.0, Avg:  0.0, Max:  0.0, Diff:  0.0, Sum:  0.0, Workers: 4
[1351.292s][debug][gc,phases      ] GC(49)     Dead                           Min: 0, Avg:  0.0, Max: 0, Diff: 0, Sum: 0, Workers: 4
[1351.292s][debug][gc,phases      ] GC(49)     Total                          Min: 0, Avg:  0.0, Max: 0, Diff: 0, Sum: 0, Workers: 4
[1351.292s][debug][gc,phases      ] GC(49)   StringDedup Requests1 Weak     Min:  0.0, Avg:  0.0, Max:  0.0, Diff:  0.0, Sum:  0.0, Workers: 4
[1351.292s][debug][gc,phases      ] GC(49)     Dead                           Min: 0, Avg:  0.0, Max: 0, Diff: 0, Sum: 0, Workers: 4
[1351.292s][debug][gc,phases      ] GC(49)     Total                          Min: 0, Avg:  0.0, Max: 0, Diff: 0, Sum: 0, Workers: 4
[1351.292s][debug][gc,phases      ] GC(49)   Weak JFR Old Object Samples    Min:  0.0, Avg:  0.0, Max:  0.0, Diff:  0.0, Sum:  0.0, Workers: 4
[1351.292s][debug][gc,phases      ] GC(49)     Dead                           Min: 0, Avg:  0.0, Max: 0, Diff: 0, Sum: 0, Workers: 4
[1351.292s][debug][gc,phases      ] GC(49)     Total                          Min: 0, Avg:  0.0, Max: 0, Diff: 0, Sum: 0, Workers: 4
[1351.292s][debug][gc,phases      ] GC(49) Weak Processing 0.291ms
[1351.292s][debug][gc,age         ] GC(49) Desired survivor size 95944704 bytes, new threshold 15 (max threshold 15)
[1351.292s][info ][gc,heap        ] GC(49) PSYoungGen: 1880935K(1981952K)->5504K(2003456K) Eden: 1873920K(1873920K)->0K(1903104K) From: 7015K(108032K)->5504K(100352K)
[1351.292s][info ][gc,heap        ] GC(49) ParOldGen: 395851K(520704K)->396003K(520704K)
[1351.292s][info ][gc,metaspace   ] GC(49) Metaspace: 78096K(79040K)->78096K(79040K) NonClass: 67085K(67584K)->67085K(67584K) Class: 11011K(11456K)->11011K(11456K)
[1351.292s][info ][gc             ] GC(49) Pause Young (Allocation Failure) 2223M->392M(2465M) 3.997ms
[1351.292s][info ][gc,cpu         ] GC(49) User=0.02s Sys=0.00s Real=0.00s
[1351.292s][info ][safepoint      ] Safepoint "ParallelGCFailedAllocation", Time since last: 2045778241 ns, Reaching safepoint: 40400 ns, At safepoint: 4051208 ns, Total: 4091608 ns
[1352.292s][info ][safepoint      ] Safepoint "Cleanup", Time since last: 1000076424 ns, Reaching safepoint: 38101 ns, At safepoint: 2100 ns, Total: 40201 ns
[1366.293s][info ][safepoint      ] Safepoint "Cleanup", Time since last: 14000875648 ns, Reaching safepoint: 26100 ns, At safepoint: 2200 ns, Total: 28300 ns
[1371.293s][info ][safepoint      ] Safepoint "Cleanup", Time since last: 5000312629 ns, Reaching safepoint: 38300 ns, At safepoint: 3900 ns, Total: 42200 ns
[1380.294s][info ][safepoint      ] Safepoint "Cleanup", Time since last: 9000529237 ns, Reaching safepoint: 42900 ns, At safepoint: 2300 ns, Total: 45200 ns
[1402.234s][info ][gc,start       ] GC(50) Pause Young (Allocation Failure)
[1402.238s][debug][gc,phases      ] GC(50) Scavenge 3.618ms
[1402.238s][debug][gc,ref         ] GC(50) Skipped phase 1 of Reference Processing: no references
[1402.238s][debug][gc,ref         ] GC(50) ReferenceProcessor::execute queues: 1, RefProcThreadModel::Single, marks_oops_alive: false
[1402.238s][debug][gc,ref         ] GC(50) Skipped phase 3 of Reference Processing: no references
[1402.238s][debug][gc,ref         ] GC(50) ReferenceProcessor::execute queues: 1, RefProcThreadModel::Single, marks_oops_alive: false
[1402.238s][debug][gc,phases      ] GC(50) Reference Processing 0.096ms
[1402.238s][debug][gc,phases      ] GC(50)   VM Weak                        Min:  0.0, Avg:  0.0, Max:  0.0, Diff:  0.0, Sum:  0.0, Workers: 4
[1402.238s][debug][gc,phases      ] GC(50)     Dead                           Min: 0, Avg:  0.0, Max: 0, Diff: 0, Sum: 0, Workers: 4
[1402.238s][debug][gc,phases      ] GC(50)     Total                          Min: 0, Avg: 185.0, Max: 512, Diff: 512, Sum: 740, Workers: 4
[1402.238s][debug][gc,phases      ] GC(50)   ObjectSynchronizer Weak        Min:  0.0, Avg:  0.0, Max:  0.0, Diff:  0.0, Sum:  0.0, Workers: 4
[1402.238s][debug][gc,phases      ] GC(50)     Dead                           Min: 0, Avg:  0.0, Max: 0, Diff: 0, Sum: 0, Workers: 4
[1402.238s][debug][gc,phases      ] GC(50)     Total                          Min: 0, Avg:  9.0, Max: 36, Diff: 36, Sum: 36, Workers: 4
[1402.238s][debug][gc,phases      ] GC(50)   JVMTI Tag Weak OopStorage      Min:  0.0, Avg:  0.0, Max:  0.0, Diff:  0.0, Sum:  0.0, Workers: 4
[1402.238s][debug][gc,phases      ] GC(50)     Dead                           Min: 0, Avg:  0.0, Max: 0, Diff: 0, Sum: 0, Workers: 4
[1402.238s][debug][gc,phases      ] GC(50)     Total                          Min: 0, Avg:  0.0, Max: 0, Diff: 0, Sum: 0, Workers: 4
[1402.238s][debug][gc,phases      ] GC(50)   StringTable Weak               Min:  0.0, Avg:  0.1, Max:  0.1, Diff:  0.1, Sum:  0.3, Workers: 4
[1402.238s][debug][gc,phases      ] GC(50)     Dead                           Min: 0, Avg:  0.0, Max: 0, Diff: 0, Sum: 0, Workers: 4
[1402.238s][debug][gc,phases      ] GC(50)     Total                          Min: 0, Avg: 10576.2, Max: 17793, Diff: 17793, Sum: 42305, Workers: 4
[1402.238s][debug][gc,phases      ] GC(50)   ResolvedMethodTable Weak       Min:  0.0, Avg:  0.0, Max:  0.0, Diff:  0.0, Sum:  0.1, Workers: 4
[1402.238s][debug][gc,phases      ] GC(50)     Dead                           Min: 0, Avg:  0.0, Max: 0, Diff: 0, Sum: 0, Workers: 4
[1402.238s][debug][gc,phases      ] GC(50)     Total                          Min: 0, Avg: 2081.8, Max: 3648, Diff: 3648, Sum: 8327, Workers: 4
[1402.238s][debug][gc,phases      ] GC(50)   JNI Weak                       Min:  0.0, Avg:  0.0, Max:  0.0, Diff:  0.0, Sum:  0.0, Workers: 4
[1402.238s][debug][gc,phases      ] GC(50)     Dead                           Min: 0, Avg:  0.0, Max: 0, Diff: 0, Sum: 0, Workers: 4
[1402.238s][debug][gc,phases      ] GC(50)     Total                          Min: 0, Avg: 11.2, Max: 45, Diff: 45, Sum: 45, Workers: 4
[1402.238s][debug][gc,phases      ] GC(50)   StringDedup Table Weak         Min:  0.0, Avg:  0.0, Max:  0.0, Diff:  0.0, Sum:  0.0, Workers: 4
[1402.238s][debug][gc,phases      ] GC(50)     Dead                           Min: 0, Avg:  0.0, Max: 0, Diff: 0, Sum: 0, Workers: 4
[1402.238s][debug][gc,phases      ] GC(50)     Total                          Min: 0, Avg:  0.0, Max: 0, Diff: 0, Sum: 0, Workers: 4
[1402.238s][debug][gc,phases      ] GC(50)   StringDedup Requests0 Weak     Min:  0.0, Avg:  0.0, Max:  0.0, Diff:  0.0, Sum:  0.0, Workers: 4
[1402.238s][debug][gc,phases      ] GC(50)     Dead                           Min: 0, Avg:  0.0, Max: 0, Diff: 0, Sum: 0, Workers: 4
[1402.238s][debug][gc,phases      ] GC(50)     Total                          Min: 0, Avg:  0.0, Max: 0, Diff: 0, Sum: 0, Workers: 4
[1402.238s][debug][gc,phases      ] GC(50)   StringDedup Requests1 Weak     Min:  0.0, Avg:  0.0, Max:  0.0, Diff:  0.0, Sum:  0.0, Workers: 4
[1402.238s][debug][gc,phases      ] GC(50)     Dead                           Min: 0, Avg:  0.0, Max: 0, Diff: 0, Sum: 0, Workers: 4
[1402.238s][debug][gc,phases      ] GC(50)     Total                          Min: 0, Avg:  0.0, Max: 0, Diff: 0, Sum: 0, Workers: 4
[1402.238s][debug][gc,phases      ] GC(50)   Weak JFR Old Object Samples    Min:  0.0, Avg:  0.0, Max:  0.0, Diff:  0.0, Sum:  0.0, Workers: 4
[1402.238s][debug][gc,phases      ] GC(50)     Dead                           Min: 0, Avg:  0.0, Max: 0, Diff: 0, Sum: 0, Workers: 4
[1402.238s][debug][gc,phases      ] GC(50)     Total                          Min: 0, Avg:  0.0, Max: 0, Diff: 0, Sum: 0, Workers: 4
[1402.238s][debug][gc,phases      ] GC(50) Weak Processing 0.286ms
[1402.238s][debug][gc,age         ] GC(50) Desired survivor size 89653248 bytes, new threshold 15 (max threshold 15)
[1402.238s][info ][gc,heap        ] GC(50) PSYoungGen: 1908608K(2003456K)->5520K(1996800K) Eden: 1903104K(1903104K)->0K(1903104K) From: 5504K(100352K)->5520K(93696K)
[1402.238s][info ][gc,heap        ] GC(50) ParOldGen: 396003K(520704K)->396043K(520704K)
[1402.238s][info ][gc,metaspace   ] GC(50) Metaspace: 78100K(79040K)->78100K(79040K) NonClass: 67089K(67584K)->67089K(67584K) Class: 11011K(11456K)->11011K(11456K)
[1402.238s][info ][gc             ] GC(50) Pause Young (Allocation Failure) 2250M->392M(2458M) 4.094ms
[1402.238s][info ][gc,cpu         ] GC(50) User=0.01s Sys=0.00s Real=0.00s
[1402.238s][info ][safepoint      ] Safepoint "ParallelGCFailedAllocation", Time since last: 21940288786 ns, Reaching safepoint: 96200 ns, At safepoint: 4158708 ns, Total: 4254908 ns
[1428.240s][info ][safepoint      ] Safepoint "Cleanup", Time since last: 26001715072 ns, Reaching safepoint: 102000 ns, At safepoint: 5900 ns, Total: 107900 ns
[1437.291s][info ][safepoint      ] Safepoint "Cleanup", Time since last: 9051375283 ns, Reaching safepoint: 60200 ns, At safepoint: 2900 ns, Total: 63100 ns
[1442.292s][info ][safepoint      ] Safepoint "Cleanup", Time since last: 5000361258 ns, Reaching safepoint: 55300 ns, At safepoint: 7000 ns, Total: 62300 ns
[1448.292s][info ][safepoint      ] Safepoint "Cleanup", Time since last: 6000329593 ns, Reaching safepoint: 27600 ns, At safepoint: 2600 ns, Total: 30200 ns
[1450.292s][info ][safepoint      ] Safepoint "Cleanup", Time since last: 2000159264 ns, Reaching safepoint: 32000 ns, At safepoint: 2200 ns, Total: 34200 ns
[1451.672s][info ][gc,start       ] GC(51) Pause Young (Allocation Failure)
[1451.677s][debug][gc,phases      ] GC(51) Scavenge 5.089ms
[1451.677s][debug][gc,ref         ] GC(51) Skipped phase 1 of Reference Processing: no references
[1451.677s][debug][gc,ref         ] GC(51) ReferenceProcessor::execute queues: 1, RefProcThreadModel::Single, marks_oops_alive: false
[1451.677s][debug][gc,ref         ] GC(51) Skipped phase 3 of Reference Processing: no references
[1451.677s][debug][gc,ref         ] GC(51) ReferenceProcessor::execute queues: 1, RefProcThreadModel::Single, marks_oops_alive: false
[1451.677s][debug][gc,phases      ] GC(51) Reference Processing 0.086ms
[1451.678s][debug][gc,phases      ] GC(51)   VM Weak                        Min:  0.0, Avg:  0.0, Max:  0.0, Diff:  0.0, Sum:  0.0, Workers: 4
[1451.678s][debug][gc,phases      ] GC(51)     Dead                           Min: 0, Avg:  0.0, Max: 0, Diff: 0, Sum: 0, Workers: 4
[1451.678s][debug][gc,phases      ] GC(51)     Total                          Min: 0, Avg: 186.0, Max: 512, Diff: 512, Sum: 744, Workers: 4
[1451.678s][debug][gc,phases      ] GC(51)   ObjectSynchronizer Weak        Min:  0.0, Avg:  0.0, Max:  0.0, Diff:  0.0, Sum:  0.0, Workers: 4
[1451.678s][debug][gc,phases      ] GC(51)     Dead                           Min: 0, Avg:  0.0, Max: 0, Diff: 0, Sum: 0, Workers: 4
[1451.678s][debug][gc,phases      ] GC(51)     Total                          Min: 0, Avg:  9.0, Max: 36, Diff: 36, Sum: 36, Workers: 4
[1451.678s][debug][gc,phases      ] GC(51)   JVMTI Tag Weak OopStorage      Min:  0.0, Avg:  0.0, Max:  0.0, Diff:  0.0, Sum:  0.0, Workers: 4
[1451.678s][debug][gc,phases      ] GC(51)     Dead                           Min: 0, Avg:  0.0, Max: 0, Diff: 0, Sum: 0, Workers: 4
[1451.678s][debug][gc,phases      ] GC(51)     Total                          Min: 0, Avg:  0.0, Max: 0, Diff: 0, Sum: 0, Workers: 4
[1451.678s][debug][gc,phases      ] GC(51)   StringTable Weak               Min:  0.0, Avg:  0.1, Max:  0.1, Diff:  0.1, Sum:  0.4, Workers: 4
[1451.678s][debug][gc,phases      ] GC(51)     Dead                           Min: 0, Avg:  0.0, Max: 0, Diff: 0, Sum: 0, Workers: 4
[1451.678s][debug][gc,phases      ] GC(51)     Total                          Min: 0, Avg: 10577.5, Max: 14208, Diff: 14208, Sum: 42310, Workers: 4
[1451.678s][debug][gc,phases      ] GC(51)   ResolvedMethodTable Weak       Min:  0.0, Avg:  0.0, Max:  0.0, Diff:  0.0, Sum:  0.1, Workers: 4
[1451.678s][debug][gc,phases      ] GC(51)     Dead                           Min: 0, Avg:  0.0, Max: 0, Diff: 0, Sum: 0, Workers: 4
[1451.678s][debug][gc,phases      ] GC(51)     Total                          Min: 0, Avg: 2084.2, Max: 2816, Diff: 2816, Sum: 8337, Workers: 4
[1451.678s][debug][gc,phases      ] GC(51)   JNI Weak                       Min:  0.0, Avg:  0.0, Max:  0.0, Diff:  0.0, Sum:  0.0, Workers: 4
[1451.678s][debug][gc,phases      ] GC(51)     Dead                           Min: 0, Avg:  0.0, Max: 0, Diff: 0, Sum: 0, Workers: 4
[1451.678s][debug][gc,phases      ] GC(51)     Total                          Min: 0, Avg: 11.2, Max: 45, Diff: 45, Sum: 45, Workers: 4
[1451.678s][debug][gc,phases      ] GC(51)   StringDedup Table Weak         Min:  0.0, Avg:  0.0, Max:  0.0, Diff:  0.0, Sum:  0.0, Workers: 4
[1451.678s][debug][gc,phases      ] GC(51)     Dead                           Min: 0, Avg:  0.0, Max: 0, Diff: 0, Sum: 0, Workers: 4
[1451.678s][debug][gc,phases      ] GC(51)     Total                          Min: 0, Avg:  0.0, Max: 0, Diff: 0, Sum: 0, Workers: 4
[1451.678s][debug][gc,phases      ] GC(51)   StringDedup Requests0 Weak     Min:  0.0, Avg:  0.0, Max:  0.0, Diff:  0.0, Sum:  0.0, Workers: 4
[1451.678s][debug][gc,phases      ] GC(51)     Dead                           Min: 0, Avg:  0.0, Max: 0, Diff: 0, Sum: 0, Workers: 4
[1451.678s][debug][gc,phases      ] GC(51)     Total                          Min: 0, Avg:  0.0, Max: 0, Diff: 0, Sum: 0, Workers: 4
[1451.678s][debug][gc,phases      ] GC(51)   StringDedup Requests1 Weak     Min:  0.0, Avg:  0.0, Max:  0.0, Diff:  0.0, Sum:  0.0, Workers: 4
[1451.678s][debug][gc,phases      ] GC(51)     Dead                           Min: 0, Avg:  0.0, Max: 0, Diff: 0, Sum: 0, Workers: 4
[1451.678s][debug][gc,phases      ] GC(51)     Total                          Min: 0, Avg:  0.0, Max: 0, Diff: 0, Sum: 0, Workers: 4
[1451.678s][debug][gc,phases      ] GC(51)   Weak JFR Old Object Samples    Min:  0.0, Avg:  0.0, Max:  0.0, Diff:  0.0, Sum:  0.0, Workers: 4
[1451.678s][debug][gc,phases      ] GC(51)     Dead                           Min: 0, Avg:  0.0, Max: 0, Diff: 0, Sum: 0, Workers: 4
[1451.678s][debug][gc,phases      ] GC(51)     Total                          Min: 0, Avg:  0.0, Max: 0, Diff: 0, Sum: 0, Workers: 4
[1451.678s][debug][gc,phases      ] GC(51) Weak Processing 0.307ms
[1451.678s][debug][gc,age         ] GC(51) Desired survivor size 83361792 bytes, new threshold 15 (max threshold 15)
[1451.678s][info ][gc,heap        ] GC(51) PSYoungGen: 1908624K(1996800K)->6640K(2015744K) Eden: 1903104K(1903104K)->0K(1928192K) From: 5520K(93696K)->6640K(87552K)
[1451.678s][info ][gc,heap        ] GC(51) ParOldGen: 396043K(520704K)->396163K(520704K)
[1451.678s][info ][gc,metaspace   ] GC(51) Metaspace: 78127K(79040K)->78127K(79040K) NonClass: 67113K(67584K)->67113K(67584K) Class: 11013K(11456K)->11013K(11456K)
[1451.678s][info ][gc             ] GC(51) Pause Young (Allocation Failure) 2250M->393M(2477M) 5.575ms
[1451.678s][info ][gc,cpu         ] GC(51) User=0.02s Sys=0.00s Real=0.01s
[1451.678s][info ][safepoint      ] Safepoint "ParallelGCFailedAllocation", Time since last: 1379577204 ns, Reaching safepoint: 92900 ns, At safepoint: 5637512 ns, Total: 5730412 ns
[1454.678s][info ][safepoint      ] Safepoint "Cleanup", Time since last: 3000192798 ns, Reaching safepoint: 61600 ns, At safepoint: 28500 ns, Total: 90100 ns
[1456.678s][info ][safepoint      ] Safepoint "Cleanup", Time since last: 2000177266 ns, Reaching safepoint: 41900 ns, At safepoint: 3000 ns, Total: 44900 ns
[1466.679s][info ][safepoint      ] Safepoint "Cleanup", Time since last: 10000729032 ns, Reaching safepoint: 32801 ns, At safepoint: 1800 ns, Total: 34601 ns
[1469.679s][info ][safepoint      ] Safepoint "Cleanup", Time since last: 3000253901 ns, Reaching safepoint: 36300 ns, At safepoint: 3200 ns, Total: 39500 ns
[1470.679s][info ][safepoint      ] Safepoint "Cleanup", Time since last: 1000109134 ns, Reaching safepoint: 41700 ns, At safepoint: 3200 ns, Total: 44900 ns
[1505.034s][info ][gc,start       ] GC(52) Pause Young (Allocation Failure)
[1505.039s][debug][gc,phases      ] GC(52) Scavenge 4.405ms
[1505.039s][debug][gc,ref         ] GC(52) Skipped phase 1 of Reference Processing: no references
[1505.039s][debug][gc,ref         ] GC(52) ReferenceProcessor::execute queues: 1, RefProcThreadModel::Single, marks_oops_alive: false
[1505.039s][debug][gc,ref         ] GC(52) Skipped phase 3 of Reference Processing: no references
[1505.039s][debug][gc,ref         ] GC(52) ReferenceProcessor::execute queues: 1, RefProcThreadModel::Single, marks_oops_alive: false
[1505.039s][debug][gc,phases      ] GC(52) Reference Processing 0.096ms
[1505.039s][debug][gc,phases      ] GC(52)   VM Weak                        Min:  0.0, Avg:  0.0, Max:  0.0, Diff:  0.0, Sum:  0.0, Workers: 4
[1505.039s][debug][gc,phases      ] GC(52)     Dead                           Min: 0, Avg:  0.0, Max: 0, Diff: 0, Sum: 0, Workers: 4
[1505.039s][debug][gc,phases      ] GC(52)     Total                          Min: 0, Avg: 186.0, Max: 680, Diff: 680, Sum: 744, Workers: 4
[1505.039s][debug][gc,phases      ] GC(52)   ObjectSynchronizer Weak        Min:  0.0, Avg:  0.0, Max:  0.0, Diff:  0.0, Sum:  0.0, Workers: 4
[1505.039s][debug][gc,phases      ] GC(52)     Dead                           Min: 0, Avg:  0.0, Max: 0, Diff: 0, Sum: 0, Workers: 4
[1505.039s][debug][gc,phases      ] GC(52)     Total                          Min: 0, Avg:  9.0, Max: 36, Diff: 36, Sum: 36, Workers: 4
[1505.039s][debug][gc,phases      ] GC(52)   JVMTI Tag Weak OopStorage      Min:  0.0, Avg:  0.0, Max:  0.0, Diff:  0.0, Sum:  0.0, Workers: 4
[1505.039s][debug][gc,phases      ] GC(52)     Dead                           Min: 0, Avg:  0.0, Max: 0, Diff: 0, Sum: 0, Workers: 4
[1505.039s][debug][gc,phases      ] GC(52)     Total                          Min: 0, Avg:  0.0, Max: 0, Diff: 0, Sum: 0, Workers: 4
[1505.039s][debug][gc,phases      ] GC(52)   StringTable Weak               Min:  0.0, Avg:  0.1, Max:  0.1, Diff:  0.1, Sum:  0.3, Workers: 4
[1505.039s][debug][gc,phases      ] GC(52)     Dead                           Min: 0, Avg:  0.0, Max: 0, Diff: 0, Sum: 0, Workers: 4
[1505.039s][debug][gc,phases      ] GC(52)     Total                          Min: 0, Avg: 10579.2, Max: 17728, Diff: 17728, Sum: 42317, Workers: 4
[1505.039s][debug][gc,phases      ] GC(52)   ResolvedMethodTable Weak       Min:  0.0, Avg:  0.0, Max:  0.0, Diff:  0.0, Sum:  0.1, Workers: 4
[1505.039s][debug][gc,phases      ] GC(52)     Dead                           Min: 0, Avg:  0.0, Max: 0, Diff: 0, Sum: 0, Workers: 4
[1505.039s][debug][gc,phases      ] GC(52)     Total                          Min: 0, Avg: 2084.2, Max: 3648, Diff: 3648, Sum: 8337, Workers: 4
[1505.039s][debug][gc,phases      ] GC(52)   JNI Weak                       Min:  0.0, Avg:  0.0, Max:  0.0, Diff:  0.0, Sum:  0.0, Workers: 4
[1505.039s][debug][gc,phases      ] GC(52)     Dead                           Min: 0, Avg:  0.0, Max: 0, Diff: 0, Sum: 0, Workers: 4
[1505.039s][debug][gc,phases      ] GC(52)     Total                          Min: 0, Avg: 11.2, Max: 45, Diff: 45, Sum: 45, Workers: 4
[1505.039s][debug][gc,phases      ] GC(52)   StringDedup Table Weak         Min:  0.0, Avg:  0.0, Max:  0.0, Diff:  0.0, Sum:  0.0, Workers: 4
[1505.039s][debug][gc,phases      ] GC(52)     Dead                           Min: 0, Avg:  0.0, Max: 0, Diff: 0, Sum: 0, Workers: 4
[1505.039s][debug][gc,phases      ] GC(52)     Total                          Min: 0, Avg:  0.0, Max: 0, Diff: 0, Sum: 0, Workers: 4
[1505.039s][debug][gc,phases      ] GC(52)   StringDedup Requests0 Weak     Min:  0.0, Avg:  0.0, Max:  0.0, Diff:  0.0, Sum:  0.0, Workers: 4
[1505.039s][debug][gc,phases      ] GC(52)     Dead                           Min: 0, Avg:  0.0, Max: 0, Diff: 0, Sum: 0, Workers: 4
[1505.039s][debug][gc,phases      ] GC(52)     Total                          Min: 0, Avg:  0.0, Max: 0, Diff: 0, Sum: 0, Workers: 4
[1505.039s][debug][gc,phases      ] GC(52)   StringDedup Requests1 Weak     Min:  0.0, Avg:  0.0, Max:  0.0, Diff:  0.0, Sum:  0.0, Workers: 4
[1505.039s][debug][gc,phases      ] GC(52)     Dead                           Min: 0, Avg:  0.0, Max: 0, Diff: 0, Sum: 0, Workers: 4
[1505.039s][debug][gc,phases      ] GC(52)     Total                          Min: 0, Avg:  0.0, Max: 0, Diff: 0, Sum: 0, Workers: 4
[1505.039s][debug][gc,phases      ] GC(52)   Weak JFR Old Object Samples    Min:  0.0, Avg:  0.0, Max:  0.0, Diff:  0.0, Sum:  0.0, Workers: 4
[1505.039s][debug][gc,phases      ] GC(52)     Dead                           Min: 0, Avg:  0.0, Max: 0, Diff: 0, Sum: 0, Workers: 4
[1505.039s][debug][gc,phases      ] GC(52)     Total                          Min: 0, Avg:  0.0, Max: 0, Diff: 0, Sum: 0, Workers: 4
[1505.039s][debug][gc,phases      ] GC(52) Weak Processing 0.301ms
[1505.039s][debug][gc,age         ] GC(52) Desired survivor size 77594624 bytes, new threshold 15 (max threshold 15)
[1505.039s][info ][gc,heap        ] GC(52) PSYoungGen: 1934832K(2015744K)->5376K(2009600K) Eden: 1928192K(1928192K)->0K(1928192K) From: 6640K(87552K)->5376K(81408K)
[1505.039s][info ][gc,heap        ] GC(52) ParOldGen: 396163K(520704K)->396235K(520704K)
[1505.039s][info ][gc,metaspace   ] GC(52) Metaspace: 78135K(79104K)->78135K(79104K) NonClass: 67121K(67648K)->67121K(67648K) Class: 11013K(11456K)->11013K(11456K)
[1505.039s][info ][gc             ] GC(52) Pause Young (Allocation Failure) 2276M->392M(2471M) 4.894ms
[1505.039s][info ][gc,cpu         ] GC(52) User=0.01s Sys=0.00s Real=0.00s
[1505.039s][info ][safepoint      ] Safepoint "ParallelGCFailedAllocation", Time since last: 34354646912 ns, Reaching safepoint: 89700 ns, At safepoint: 4960210 ns, Total: 5049910 ns
[1506.039s][info ][safepoint      ] Safepoint "Cleanup", Time since last: 1000084637 ns, Reaching safepoint: 116700 ns, At safepoint: 8600 ns, Total: 125300 ns
[1517.040s][info ][safepoint      ] Safepoint "Cleanup", Time since last: 11000704604 ns, Reaching safepoint: 101901 ns, At safepoint: 3600 ns, Total: 105501 ns
[1518.040s][info ][safepoint      ] Safepoint "Cleanup", Time since last: 1000108237 ns, Reaching safepoint: 44500 ns, At safepoint: 2600 ns, Total: 47100 ns
[1527.041s][info ][safepoint      ] Safepoint "Cleanup", Time since last: 9000551637 ns, Reaching safepoint: 34500 ns, At safepoint: 2700 ns, Total: 37200 ns
[1540.042s][info ][safepoint      ] Safepoint "Cleanup", Time since last: 13000872797 ns, Reaching safepoint: 27000 ns, At safepoint: 2400 ns, Total: 29400 ns
[1547.042s][info ][safepoint      ] Safepoint "Cleanup", Time since last: 7000483572 ns, Reaching safepoint: 26500 ns, At safepoint: 2700 ns, Total: 29200 ns
[1548.042s][info ][safepoint      ] Safepoint "Cleanup", Time since last: 1000103939 ns, Reaching safepoint: 43000 ns, At safepoint: 3200 ns, Total: 46200 ns
[1552.043s][info ][safepoint      ] Safepoint "Cleanup", Time since last: 4000299257 ns, Reaching safepoint: 25700 ns, At safepoint: 2500 ns, Total: 28200 ns
[1559.951s][info ][safepoint      ] Safepoint "ParallelGCFailedAllocation", Time since last: 7908478930 ns, Reaching safepoint: 21000 ns, At safepoint: 9200 ns, Total: 30200 ns
[1559.952s][info ][gc,start       ] GC(53) Pause Young (GCLocker Initiated GC)
[1559.956s][debug][gc,phases      ] GC(53) Scavenge 4.483ms
[1559.956s][debug][gc,ref         ] GC(53) Skipped phase 1 of Reference Processing: no references
[1559.956s][debug][gc,ref         ] GC(53) ReferenceProcessor::execute queues: 1, RefProcThreadModel::Single, marks_oops_alive: false
[1559.956s][debug][gc,ref         ] GC(53) Skipped phase 3 of Reference Processing: no references
[1559.956s][debug][gc,ref         ] GC(53) ReferenceProcessor::execute queues: 1, RefProcThreadModel::Single, marks_oops_alive: false
[1559.956s][debug][gc,phases      ] GC(53) Reference Processing 0.096ms
[1559.956s][debug][gc,phases      ] GC(53)   VM Weak                        Min:  0.0, Avg:  0.0, Max:  0.0, Diff:  0.0, Sum:  0.0, Workers: 4
[1559.956s][debug][gc,phases      ] GC(53)     Dead                           Min: 0, Avg:  0.0, Max: 0, Diff: 0, Sum: 0, Workers: 4
[1559.956s][debug][gc,phases      ] GC(53)     Total                          Min: 0, Avg: 186.0, Max: 552, Diff: 552, Sum: 744, Workers: 4
[1559.956s][debug][gc,phases      ] GC(53)   ObjectSynchronizer Weak        Min:  0.0, Avg:  0.0, Max:  0.0, Diff:  0.0, Sum:  0.0, Workers: 4
[1559.956s][debug][gc,phases      ] GC(53)     Dead                           Min: 0, Avg:  0.0, Max: 0, Diff: 0, Sum: 0, Workers: 4
[1559.956s][debug][gc,phases      ] GC(53)     Total                          Min: 0, Avg:  9.0, Max: 36, Diff: 36, Sum: 36, Workers: 4
[1559.956s][debug][gc,phases      ] GC(53)   JVMTI Tag Weak OopStorage      Min:  0.0, Avg:  0.0, Max:  0.0, Diff:  0.0, Sum:  0.0, Workers: 4
[1559.956s][debug][gc,phases      ] GC(53)     Dead                           Min: 0, Avg:  0.0, Max: 0, Diff: 0, Sum: 0, Workers: 4
[1559.956s][debug][gc,phases      ] GC(53)     Total                          Min: 0, Avg:  0.0, Max: 0, Diff: 0, Sum: 0, Workers: 4
[1559.956s][debug][gc,phases      ] GC(53)   StringTable Weak               Min:  0.0, Avg:  0.1, Max:  0.1, Diff:  0.1, Sum:  0.2, Workers: 4
[1559.956s][debug][gc,phases      ] GC(53)     Dead                           Min: 0, Avg:  0.0, Max: 0, Diff: 0, Sum: 0, Workers: 4
[1559.956s][debug][gc,phases      ] GC(53)     Total                          Min: 0, Avg: 10586.5, Max: 21482, Diff: 21482, Sum: 42346, Workers: 4
[1559.956s][debug][gc,phases      ] GC(53)   ResolvedMethodTable Weak       Min:  0.0, Avg:  0.0, Max:  0.0, Diff:  0.0, Sum:  0.0, Workers: 4
[1559.957s][debug][gc,phases      ] GC(53)     Dead                           Min: 0, Avg:  0.0, Max: 0, Diff: 0, Sum: 0, Workers: 4
[1559.957s][debug][gc,phases      ] GC(53)     Total                          Min: 0, Avg: 2084.2, Max: 4288, Diff: 4288, Sum: 8337, Workers: 4
[1559.957s][debug][gc,phases      ] GC(53)   JNI Weak                       Min:  0.0, Avg:  0.0, Max:  0.0, Diff:  0.0, Sum:  0.0, Workers: 4
[1559.957s][debug][gc,phases      ] GC(53)     Dead                           Min: 0, Avg:  0.0, Max: 0, Diff: 0, Sum: 0, Workers: 4
[1559.957s][debug][gc,phases      ] GC(53)     Total                          Min: 0, Avg: 11.2, Max: 45, Diff: 45, Sum: 45, Workers: 4
[1559.957s][debug][gc,phases      ] GC(53)   StringDedup Table Weak         Min:  0.0, Avg:  0.0, Max:  0.0, Diff:  0.0, Sum:  0.0, Workers: 4
[1559.957s][debug][gc,phases      ] GC(53)     Dead                           Min: 0, Avg:  0.0, Max: 0, Diff: 0, Sum: 0, Workers: 4
[1559.957s][debug][gc,phases      ] GC(53)     Total                          Min: 0, Avg:  0.0, Max: 0, Diff: 0, Sum: 0, Workers: 4
[1559.957s][debug][gc,phases      ] GC(53)   StringDedup Requests0 Weak     Min:  0.0, Avg:  0.0, Max:  0.0, Diff:  0.0, Sum:  0.0, Workers: 4
[1559.957s][debug][gc,phases      ] GC(53)     Dead                           Min: 0, Avg:  0.0, Max: 0, Diff: 0, Sum: 0, Workers: 4
[1559.957s][debug][gc,phases      ] GC(53)     Total                          Min: 0, Avg:  0.0, Max: 0, Diff: 0, Sum: 0, Workers: 4
[1559.957s][debug][gc,phases      ] GC(53)   StringDedup Requests1 Weak     Min:  0.0, Avg:  0.0, Max:  0.0, Diff:  0.0, Sum:  0.0, Workers: 4
[1559.957s][debug][gc,phases      ] GC(53)     Dead                           Min: 0, Avg:  0.0, Max: 0, Diff: 0, Sum: 0, Workers: 4
[1559.957s][debug][gc,phases      ] GC(53)     Total                          Min: 0, Avg:  0.0, Max: 0, Diff: 0, Sum: 0, Workers: 4
[1559.957s][debug][gc,phases      ] GC(53)   Weak JFR Old Object Samples    Min:  0.0, Avg:  0.0, Max:  0.0, Diff:  0.0, Sum:  0.0, Workers: 4
[1559.957s][debug][gc,phases      ] GC(53)     Dead                           Min: 0, Avg:  0.0, Max: 0, Diff: 0, Sum: 0, Workers: 4
[1559.957s][debug][gc,phases      ] GC(53)     Total                          Min: 0, Avg:  0.0, Max: 0, Diff: 0, Sum: 0, Workers: 4
[1559.957s][debug][gc,phases      ] GC(53) Weak Processing 0.305ms
[1559.957s][debug][gc,age         ] GC(53) Desired survivor size 72351744 bytes, new threshold 15 (max threshold 15)
[1559.957s][info ][gc,heap        ] GC(53) PSYoungGen: 1933568K(2009600K)->6395K(2026496K) Eden: 1928192K(1928192K)->0K(1950720K) From: 5376K(81408K)->6395K(75776K)
[1559.957s][info ][gc,heap        ] GC(53) ParOldGen: 396238K(520704K)->396406K(520704K)
[1559.957s][info ][gc,metaspace   ] GC(53) Metaspace: 78140K(79104K)->78140K(79104K) NonClass: 67126K(67648K)->67126K(67648K) Class: 11013K(11456K)->11013K(11456K)
[1559.957s][info ][gc             ] GC(53) Pause Young (GCLocker Initiated GC) 2275M->393M(2487M) 4.955ms
[1559.957s][info ][gc,cpu         ] GC(53) User=0.02s Sys=0.00s Real=0.01s
[1559.957s][info ][safepoint      ] Safepoint "ParallelGCSystemGC", Time since last: 216700 ns, Reaching safepoint: 94100 ns, At safepoint: 5018411 ns, Total: 5112511 ns
[1574.958s][info ][safepoint      ] Safepoint "Cleanup", Time since last: 15000899604 ns, Reaching safepoint: 112000 ns, At safepoint: 6100 ns, Total: 118100 ns
[1580.958s][info ][safepoint      ] Safepoint "Cleanup", Time since last: 6000403946 ns, Reaching safepoint: 24700 ns, At safepoint: 24400 ns, Total: 49100 ns
[1581.958s][info ][safepoint      ] Safepoint "Cleanup", Time since last: 1000102341 ns, Reaching safepoint: 35500 ns, At safepoint: 3500 ns, Total: 39000 ns
[1610.934s][info ][gc,start       ] GC(54) Pause Young (Allocation Failure)
[1610.939s][debug][gc,phases      ] GC(54) Scavenge 4.779ms
[1610.939s][debug][gc,ref         ] GC(54) Skipped phase 1 of Reference Processing: no references
[1610.939s][debug][gc,ref         ] GC(54) ReferenceProcessor::execute queues: 1, RefProcThreadModel::Single, marks_oops_alive: false
[1610.939s][debug][gc,ref         ] GC(54) Skipped phase 3 of Reference Processing: no references
[1610.939s][debug][gc,ref         ] GC(54) ReferenceProcessor::execute queues: 1, RefProcThreadModel::Single, marks_oops_alive: false
[1610.939s][debug][gc,phases      ] GC(54) Reference Processing 0.085ms
[1610.939s][debug][gc,phases      ] GC(54)   VM Weak                        Min:  0.0, Avg:  0.0, Max:  0.0, Diff:  0.0, Sum:  0.0, Workers: 4
[1610.939s][debug][gc,phases      ] GC(54)     Dead                           Min: 0, Avg:  0.0, Max: 0, Diff: 0, Sum: 0, Workers: 4
[1610.939s][debug][gc,phases      ] GC(54)     Total                          Min: 0, Avg: 186.0, Max: 576, Diff: 576, Sum: 744, Workers: 4
[1610.939s][debug][gc,phases      ] GC(54)   ObjectSynchronizer Weak        Min:  0.0, Avg:  0.0, Max:  0.0, Diff:  0.0, Sum:  0.0, Workers: 4
[1610.939s][debug][gc,phases      ] GC(54)     Dead                           Min: 0, Avg:  0.0, Max: 0, Diff: 0, Sum: 0, Workers: 4
[1610.939s][debug][gc,phases      ] GC(54)     Total                          Min: 0, Avg:  9.0, Max: 36, Diff: 36, Sum: 36, Workers: 4
[1610.939s][debug][gc,phases      ] GC(54)   JVMTI Tag Weak OopStorage      Min:  0.0, Avg:  0.0, Max:  0.0, Diff:  0.0, Sum:  0.0, Workers: 4
[1610.939s][debug][gc,phases      ] GC(54)     Dead                           Min: 0, Avg:  0.0, Max: 0, Diff: 0, Sum: 0, Workers: 4
[1610.940s][debug][gc,phases      ] GC(54)     Total                          Min: 0, Avg:  0.0, Max: 0, Diff: 0, Sum: 0, Workers: 4
[1610.940s][debug][gc,phases      ] GC(54)   StringTable Weak               Min:  0.1, Avg:  0.1, Max:  0.1, Diff:  0.0, Sum:  0.4, Workers: 4
[1610.940s][debug][gc,phases      ] GC(54)     Dead                           Min: 0, Avg:  0.0, Max: 0, Diff: 0, Sum: 0, Workers: 4
[1610.940s][debug][gc,phases      ] GC(54)     Total                          Min: 9856, Avg: 10586.5, Max: 11306, Diff: 1450, Sum: 42346, Workers: 4
[1610.940s][debug][gc,phases      ] GC(54)   ResolvedMethodTable Weak       Min:  0.0, Avg:  0.0, Max:  0.0, Diff:  0.0, Sum:  0.1, Workers: 4
[1610.940s][debug][gc,phases      ] GC(54)     Dead                           Min: 0, Avg:  0.0, Max: 0, Diff: 0, Sum: 0, Workers: 4
[1610.940s][debug][gc,phases      ] GC(54)     Total                          Min: 1920, Avg: 2084.2, Max: 2321, Diff: 401, Sum: 8337, Workers: 4
[1610.940s][debug][gc,phases      ] GC(54)   JNI Weak                       Min:  0.0, Avg:  0.0, Max:  0.0, Diff:  0.0, Sum:  0.0, Workers: 4
[1610.940s][debug][gc,phases      ] GC(54)     Dead                           Min: 0, Avg:  0.0, Max: 0, Diff: 0, Sum: 0, Workers: 4
[1610.940s][debug][gc,phases      ] GC(54)     Total                          Min: 0, Avg: 11.2, Max: 45, Diff: 45, Sum: 45, Workers: 4
[1610.940s][debug][gc,phases      ] GC(54)   StringDedup Table Weak         Min:  0.0, Avg:  0.0, Max:  0.0, Diff:  0.0, Sum:  0.0, Workers: 4
[1610.940s][debug][gc,phases      ] GC(54)     Dead                           Min: 0, Avg:  0.0, Max: 0, Diff: 0, Sum: 0, Workers: 4
[1610.940s][debug][gc,phases      ] GC(54)     Total                          Min: 0, Avg:  0.0, Max: 0, Diff: 0, Sum: 0, Workers: 4
[1610.940s][debug][gc,phases      ] GC(54)   StringDedup Requests0 Weak     Min:  0.0, Avg:  0.0, Max:  0.0, Diff:  0.0, Sum:  0.0, Workers: 4
[1610.940s][debug][gc,phases      ] GC(54)     Dead                           Min: 0, Avg:  0.0, Max: 0, Diff: 0, Sum: 0, Workers: 4
[1610.940s][debug][gc,phases      ] GC(54)     Total                          Min: 0, Avg:  0.0, Max: 0, Diff: 0, Sum: 0, Workers: 4
[1610.940s][debug][gc,phases      ] GC(54)   StringDedup Requests1 Weak     Min:  0.0, Avg:  0.0, Max:  0.0, Diff:  0.0, Sum:  0.0, Workers: 4
[1610.940s][debug][gc,phases      ] GC(54)     Dead                           Min: 0, Avg:  0.0, Max: 0, Diff: 0, Sum: 0, Workers: 4
[1610.940s][debug][gc,phases      ] GC(54)     Total                          Min: 0, Avg:  0.0, Max: 0, Diff: 0, Sum: 0, Workers: 4
[1610.940s][debug][gc,phases      ] GC(54)   Weak JFR Old Object Samples    Min:  0.0, Avg:  0.0, Max:  0.0, Diff:  0.0, Sum:  0.0, Workers: 4
[1610.940s][debug][gc,phases      ] GC(54)     Dead                           Min: 0, Avg:  0.0, Max: 0, Diff: 0, Sum: 0, Workers: 4
[1610.940s][debug][gc,phases      ] GC(54)     Total                          Min: 0, Avg:  0.0, Max: 0, Diff: 0, Sum: 0, Workers: 4
[1610.940s][debug][gc,phases      ] GC(54) Weak Processing 0.285ms
[1610.940s][debug][gc,age         ] GC(54) Desired survivor size 67633152 bytes, new threshold 15 (max threshold 15)
[1610.940s][info ][gc,heap        ] GC(54) PSYoungGen: 1957115K(2026496K)->4976K(2021376K) Eden: 1950720K(1950720K)->0K(1950720K) From: 6395K(75776K)->4976K(70656K)
[1610.940s][info ][gc,heap        ] GC(54) ParOldGen: 396408K(520704K)->396680K(520704K)
[1610.940s][info ][gc,metaspace   ] GC(54) Metaspace: 78144K(79104K)->78144K(79104K) NonClass: 67130K(67648K)->67130K(67648K) Class: 11013K(11456K)->11013K(11456K)
[1610.940s][info ][gc             ] GC(54) Pause Young (Allocation Failure) 2298M->392M(2482M) 5.248ms
[1610.940s][info ][gc,cpu         ] GC(54) User=0.02s Sys=0.00s Real=0.00s
[1610.940s][info ][safepoint      ] Safepoint "ParallelGCFailedAllocation", Time since last: 28975944565 ns, Reaching safepoint: 106300 ns, At safepoint: 5348811 ns, Total: 5455111 ns
[1614.940s][info ][safepoint      ] Safepoint "Cleanup", Time since last: 4000283172 ns, Reaching safepoint: 32600 ns, At safepoint: 4100 ns, Total: 36700 ns
[1620.940s][info ][safepoint      ] Safepoint "Cleanup", Time since last: 6000419859 ns, Reaching safepoint: 27800 ns, At safepoint: 3000 ns, Total: 30800 ns
[1628.941s][info ][safepoint      ] Safepoint "Cleanup", Time since last: 8000547649 ns, Reaching safepoint: 27500 ns, At safepoint: 5800 ns, Total: 33300 ns
[1631.941s][info ][safepoint      ] Safepoint "Cleanup", Time since last: 3000193632 ns, Reaching safepoint: 44800 ns, At safepoint: 2500 ns, Total: 47300 ns
[1632.941s][info ][safepoint      ] Safepoint "Cleanup", Time since last: 1000094644 ns, Reaching safepoint: 32400 ns, At safepoint: 3400 ns, Total: 35800 ns
[1639.942s][info ][safepoint      ] Safepoint "Cleanup", Time since last: 7000478709 ns, Reaching safepoint: 24200 ns, At safepoint: 2100 ns, Total: 26300 ns
[1645.942s][info ][safepoint      ] Safepoint "Cleanup", Time since last: 6000428867 ns, Reaching safepoint: 27300 ns, At safepoint: 3400 ns, Total: 30700 ns
[1652.943s][info ][safepoint      ] Safepoint "Cleanup", Time since last: 7000413614 ns, Reaching safepoint: 35900 ns, At safepoint: 3200 ns, Total: 39100 ns
[1655.943s][info ][safepoint      ] Safepoint "Cleanup", Time since last: 3000213836 ns, Reaching safepoint: 36600 ns, At safepoint: 2700 ns, Total: 39300 ns
[1660.834s][info ][gc,start       ] GC(55) Pause Young (Allocation Failure)
[1660.839s][debug][gc,phases      ] GC(55) Scavenge 4.722ms
[1660.839s][debug][gc,ref         ] GC(55) Skipped phase 1 of Reference Processing: no references
[1660.839s][debug][gc,ref         ] GC(55) ReferenceProcessor::execute queues: 1, RefProcThreadModel::Single, marks_oops_alive: false
[1660.839s][debug][gc,ref         ] GC(55) Skipped phase 3 of Reference Processing: no references
[1660.839s][debug][gc,ref         ] GC(55) ReferenceProcessor::execute queues: 1, RefProcThreadModel::Single, marks_oops_alive: false
[1660.839s][debug][gc,phases      ] GC(55) Reference Processing 0.083ms
[1660.839s][debug][gc,phases      ] GC(55)   VM Weak                        Min:  0.0, Avg:  0.0, Max:  0.0, Diff:  0.0, Sum:  0.0, Workers: 4
[1660.839s][debug][gc,phases      ] GC(55)     Dead                           Min: 0, Avg:  0.0, Max: 0, Diff: 0, Sum: 0, Workers: 4
[1660.839s][debug][gc,phases      ] GC(55)     Total                          Min: 0, Avg: 186.0, Max: 424, Diff: 424, Sum: 744, Workers: 4
[1660.839s][debug][gc,phases      ] GC(55)   ObjectSynchronizer Weak        Min:  0.0, Avg:  0.0, Max:  0.0, Diff:  0.0, Sum:  0.0, Workers: 4
[1660.839s][debug][gc,phases      ] GC(55)     Dead                           Min: 0, Avg:  0.0, Max: 0, Diff: 0, Sum: 0, Workers: 4
[1660.839s][debug][gc,phases      ] GC(55)     Total                          Min: 0, Avg:  9.0, Max: 36, Diff: 36, Sum: 36, Workers: 4
[1660.839s][debug][gc,phases      ] GC(55)   JVMTI Tag Weak OopStorage      Min:  0.0, Avg:  0.0, Max:  0.0, Diff:  0.0, Sum:  0.0, Workers: 4
[1660.839s][debug][gc,phases      ] GC(55)     Dead                           Min: 0, Avg:  0.0, Max: 0, Diff: 0, Sum: 0, Workers: 4
[1660.839s][debug][gc,phases      ] GC(55)     Total                          Min: 0, Avg:  0.0, Max: 0, Diff: 0, Sum: 0, Workers: 4
[1660.839s][debug][gc,phases      ] GC(55)   StringTable Weak               Min:  0.1, Avg:  0.1, Max:  0.1, Diff:  0.0, Sum:  0.4, Workers: 4
[1660.839s][debug][gc,phases      ] GC(55)     Dead                           Min: 0, Avg:  0.0, Max: 0, Diff: 0, Sum: 0, Workers: 4
[1660.839s][debug][gc,phases      ] GC(55)     Total                          Min: 9522, Avg: 10588.5, Max: 12032, Diff: 2510, Sum: 42354, Workers: 4
[1660.839s][debug][gc,phases      ] GC(55)   ResolvedMethodTable Weak       Min:  0.0, Avg:  0.0, Max:  0.0, Diff:  0.0, Sum:  0.1, Workers: 4
[1660.839s][debug][gc,phases      ] GC(55)     Dead                           Min: 0, Avg:  0.0, Max: 0, Diff: 0, Sum: 0, Workers: 4
[1660.839s][debug][gc,phases      ] GC(55)     Total                          Min: 1920, Avg: 2084.2, Max: 2321, Diff: 401, Sum: 8337, Workers: 4
[1660.839s][debug][gc,phases      ] GC(55)   JNI Weak                       Min:  0.0, Avg:  0.0, Max:  0.0, Diff:  0.0, Sum:  0.0, Workers: 4
[1660.839s][debug][gc,phases      ] GC(55)     Dead                           Min: 0, Avg:  0.0, Max: 0, Diff: 0, Sum: 0, Workers: 4
[1660.839s][debug][gc,phases      ] GC(55)     Total                          Min: 0, Avg: 11.2, Max: 45, Diff: 45, Sum: 45, Workers: 4
[1660.839s][debug][gc,phases      ] GC(55)   StringDedup Table Weak         Min:  0.0, Avg:  0.0, Max:  0.0, Diff:  0.0, Sum:  0.0, Workers: 4
[1660.839s][debug][gc,phases      ] GC(55)     Dead                           Min: 0, Avg:  0.0, Max: 0, Diff: 0, Sum: 0, Workers: 4
[1660.839s][debug][gc,phases      ] GC(55)     Total                          Min: 0, Avg:  0.0, Max: 0, Diff: 0, Sum: 0, Workers: 4
[1660.839s][debug][gc,phases      ] GC(55)   StringDedup Requests0 Weak     Min:  0.0, Avg:  0.0, Max:  0.0, Diff:  0.0, Sum:  0.0, Workers: 4
[1660.839s][debug][gc,phases      ] GC(55)     Dead                           Min: 0, Avg:  0.0, Max: 0, Diff: 0, Sum: 0, Workers: 4
[1660.839s][debug][gc,phases      ] GC(55)     Total                          Min: 0, Avg:  0.0, Max: 0, Diff: 0, Sum: 0, Workers: 4
[1660.839s][debug][gc,phases      ] GC(55)   StringDedup Requests1 Weak     Min:  0.0, Avg:  0.0, Max:  0.0, Diff:  0.0, Sum:  0.0, Workers: 4
[1660.839s][debug][gc,phases      ] GC(55)     Dead                           Min: 0, Avg:  0.0, Max: 0, Diff: 0, Sum: 0, Workers: 4
[1660.839s][debug][gc,phases      ] GC(55)     Total                          Min: 0, Avg:  0.0, Max: 0, Diff: 0, Sum: 0, Workers: 4
[1660.839s][debug][gc,phases      ] GC(55)   Weak JFR Old Object Samples    Min:  0.0, Avg:  0.0, Max:  0.0, Diff:  0.0, Sum:  0.0, Workers: 4
[1660.839s][debug][gc,phases      ] GC(55)     Dead                           Min: 0, Avg:  0.0, Max: 0, Diff: 0, Sum: 0, Workers: 4
[1660.839s][debug][gc,phases      ] GC(55)     Total                          Min: 0, Avg:  0.0, Max: 0, Diff: 0, Sum: 0, Workers: 4
[1660.839s][debug][gc,phases      ] GC(55) Weak Processing 0.269ms
[1660.839s][debug][gc,age         ] GC(55) Desired survivor size 62914560 bytes, new threshold 15 (max threshold 15)
[1660.839s][info ][gc,heap        ] GC(55) PSYoungGen: 1955696K(2021376K)->5232K(2035712K) Eden: 1950720K(1950720K)->0K(1969664K) From: 4976K(70656K)->5232K(66048K)
[1660.839s][info ][gc,heap        ] GC(55) ParOldGen: 396680K(520704K)->396756K(520704K)
[1660.839s][info ][gc,metaspace   ] GC(55) Metaspace: 78150K(79104K)->78150K(79104K) NonClass: 67136K(67648K)->67136K(67648K) Class: 11013K(11456K)->11013K(11456K)
[1660.839s][info ][gc             ] GC(55) Pause Young (Allocation Failure) 2297M->392M(2496M) 5.169ms
[1660.839s][info ][gc,cpu         ] GC(55) User=0.02s Sys=0.00s Real=0.00s
[1660.839s][info ][safepoint      ] Safepoint "ParallelGCFailedAllocation", Time since last: 4890937002 ns, Reaching safepoint: 97101 ns, At safepoint: 5231710 ns, Total: 5328811 ns
[1666.840s][info ][safepoint      ] Safepoint "Cleanup", Time since last: 6000373774 ns, Reaching safepoint: 37700 ns, At safepoint: 4300 ns, Total: 42000 ns
[1679.841s][info ][safepoint      ] Safepoint "Cleanup", Time since last: 13000790698 ns, Reaching safepoint: 43000 ns, At safepoint: 2500 ns, Total: 45500 ns
[1682.841s][info ][safepoint      ] Safepoint "Cleanup", Time since last: 3000239640 ns, Reaching safepoint: 44500 ns, At safepoint: 2400 ns, Total: 46900 ns
[1683.841s][info ][safepoint      ] Safepoint "Cleanup", Time since last: 1000108946 ns, Reaching safepoint: 101301 ns, At safepoint: 8000 ns, Total: 109301 ns
[1684.841s][info ][safepoint      ] Safepoint "Cleanup", Time since last: 1000116346 ns, Reaching safepoint: 26100 ns, At safepoint: 2500 ns, Total: 28600 ns
[1687.841s][info ][safepoint      ] Safepoint "Cleanup", Time since last: 3000191640 ns, Reaching safepoint: 36200 ns, At safepoint: 2500 ns, Total: 38700 ns
[1705.843s][info ][safepoint      ] Safepoint "Cleanup", Time since last: 18001103549 ns, Reaching safepoint: 39300 ns, At safepoint: 4500 ns, Total: 43800 ns
[1707.843s][info ][safepoint      ] Safepoint "Cleanup", Time since last: 2000165296 ns, Reaching safepoint: 44500 ns, At safepoint: 6100 ns, Total: 50600 ns
[1709.496s][info ][safepoint      ] Safepoint "ParallelGCFailedAllocation", Time since last: 1652939284 ns, Reaching safepoint: 22200 ns, At safepoint: 11600 ns, Total: 33800 ns
[1709.496s][info ][gc,start       ] GC(56) Pause Young (GCLocker Initiated GC)
[1709.501s][debug][gc,phases      ] GC(56) Scavenge 4.634ms
[1709.501s][debug][gc,ref         ] GC(56) Skipped phase 1 of Reference Processing: no references
[1709.501s][debug][gc,ref         ] GC(56) ReferenceProcessor::execute queues: 1, RefProcThreadModel::Single, marks_oops_alive: false
[1709.501s][debug][gc,ref         ] GC(56) Skipped phase 3 of Reference Processing: no references
[1709.501s][debug][gc,ref         ] GC(56) ReferenceProcessor::execute queues: 1, RefProcThreadModel::Single, marks_oops_alive: false
[1709.501s][debug][gc,phases      ] GC(56) Reference Processing 0.081ms
[1709.501s][debug][gc,phases      ] GC(56)   VM Weak                        Min:  0.0, Avg:  0.0, Max:  0.0, Diff:  0.0, Sum:  0.0, Workers: 4
[1709.501s][debug][gc,phases      ] GC(56)     Dead                           Min: 0, Avg:  0.0, Max: 0, Diff: 0, Sum: 0, Workers: 4
[1709.501s][debug][gc,phases      ] GC(56)     Total                          Min: 0, Avg: 186.0, Max: 616, Diff: 616, Sum: 744, Workers: 4
[1709.501s][debug][gc,phases      ] GC(56)   ObjectSynchronizer Weak        Min:  0.0, Avg:  0.0, Max:  0.0, Diff:  0.0, Sum:  0.0, Workers: 4
[1709.501s][debug][gc,phases      ] GC(56)     Dead                           Min: 0, Avg:  0.0, Max: 0, Diff: 0, Sum: 0, Workers: 4
[1709.501s][debug][gc,phases      ] GC(56)     Total                          Min: 0, Avg:  9.0, Max: 36, Diff: 36, Sum: 36, Workers: 4
[1709.501s][debug][gc,phases      ] GC(56)   JVMTI Tag Weak OopStorage      Min:  0.0, Avg:  0.0, Max:  0.0, Diff:  0.0, Sum:  0.0, Workers: 4
[1709.501s][debug][gc,phases      ] GC(56)     Dead                           Min: 0, Avg:  0.0, Max: 0, Diff: 0, Sum: 0, Workers: 4
[1709.501s][debug][gc,phases      ] GC(56)     Total                          Min: 0, Avg:  0.0, Max: 0, Diff: 0, Sum: 0, Workers: 4
[1709.501s][debug][gc,phases      ] GC(56)   StringTable Weak               Min:  0.0, Avg:  0.1, Max:  0.1, Diff:  0.1, Sum:  0.3, Workers: 4
[1709.501s][debug][gc,phases      ] GC(56)     Dead                           Min: 0, Avg:  0.0, Max: 0, Diff: 0, Sum: 0, Workers: 4
[1709.501s][debug][gc,phases      ] GC(56)     Total                          Min: 0, Avg: 10588.5, Max: 17728, Diff: 17728, Sum: 42354, Workers: 4
[1709.501s][debug][gc,phases      ] GC(56)   ResolvedMethodTable Weak       Min:  0.0, Avg:  0.0, Max:  0.0, Diff:  0.0, Sum:  0.1, Workers: 4
[1709.501s][debug][gc,phases      ] GC(56)     Dead                           Min: 0, Avg:  0.0, Max: 0, Diff: 0, Sum: 0, Workers: 4
[1709.501s][debug][gc,phases      ] GC(56)     Total                          Min: 0, Avg: 2084.2, Max: 3089, Diff: 3089, Sum: 8337, Workers: 4
[1709.501s][debug][gc,phases      ] GC(56)   JNI Weak                       Min:  0.0, Avg:  0.0, Max:  0.0, Diff:  0.0, Sum:  0.0, Workers: 4
[1709.501s][debug][gc,phases      ] GC(56)     Dead                           Min: 0, Avg:  0.0, Max: 0, Diff: 0, Sum: 0, Workers: 4
[1709.501s][debug][gc,phases      ] GC(56)     Total                          Min: 0, Avg: 11.2, Max: 45, Diff: 45, Sum: 45, Workers: 4
[1709.501s][debug][gc,phases      ] GC(56)   StringDedup Table Weak         Min:  0.0, Avg:  0.0, Max:  0.0, Diff:  0.0, Sum:  0.0, Workers: 4
[1709.501s][debug][gc,phases      ] GC(56)     Dead                           Min: 0, Avg:  0.0, Max: 0, Diff: 0, Sum: 0, Workers: 4
[1709.501s][debug][gc,phases      ] GC(56)     Total                          Min: 0, Avg:  0.0, Max: 0, Diff: 0, Sum: 0, Workers: 4
[1709.501s][debug][gc,phases      ] GC(56)   StringDedup Requests0 Weak     Min:  0.0, Avg:  0.0, Max:  0.0, Diff:  0.0, Sum:  0.0, Workers: 4
[1709.501s][debug][gc,phases      ] GC(56)     Dead                           Min: 0, Avg:  0.0, Max: 0, Diff: 0, Sum: 0, Workers: 4
[1709.501s][debug][gc,phases      ] GC(56)     Total                          Min: 0, Avg:  0.0, Max: 0, Diff: 0, Sum: 0, Workers: 4
[1709.501s][debug][gc,phases      ] GC(56)   StringDedup Requests1 Weak     Min:  0.0, Avg:  0.0, Max:  0.0, Diff:  0.0, Sum:  0.0, Workers: 4
[1709.501s][debug][gc,phases      ] GC(56)     Dead                           Min: 0, Avg:  0.0, Max: 0, Diff: 0, Sum: 0, Workers: 4
[1709.501s][debug][gc,phases      ] GC(56)     Total                          Min: 0, Avg:  0.0, Max: 0, Diff: 0, Sum: 0, Workers: 4
[1709.501s][debug][gc,phases      ] GC(56)   Weak JFR Old Object Samples    Min:  0.0, Avg:  0.0, Max:  0.0, Diff:  0.0, Sum:  0.0, Workers: 4
[1709.501s][debug][gc,phases      ] GC(56)     Dead                           Min: 0, Avg:  0.0, Max: 0, Diff: 0, Sum: 0, Workers: 4
[1709.501s][debug][gc,phases      ] GC(56)     Total                          Min: 0, Avg:  0.0, Max: 0, Diff: 0, Sum: 0, Workers: 4
[1709.501s][debug][gc,phases      ] GC(56) Weak Processing 0.307ms
[1709.501s][debug][gc,age         ] GC(56) Desired survivor size 58720256 bytes, new threshold 15 (max threshold 15)
[1709.501s][info ][gc,heap        ] GC(56) PSYoungGen: 1974896K(2035712K)->6353K(2031104K) Eden: 1969664K(1969664K)->0K(1969664K) From: 5232K(66048K)->6353K(61440K)
[1709.501s][info ][gc,heap        ] GC(56) ParOldGen: 396791K(520704K)->396847K(520704K)
[1709.501s][info ][gc,metaspace   ] GC(56) Metaspace: 78151K(79104K)->78151K(79104K) NonClass: 67137K(67648K)->67137K(67648K) Class: 11013K(11456K)->11013K(11456K)
[1709.501s][info ][gc             ] GC(56) Pause Young (GCLocker Initiated GC) 2316M->393M(2492M) 5.090ms
[1709.501s][info ][gc,cpu         ] GC(56) User=0.01s Sys=0.00s Real=0.00s
[1709.501s][info ][safepoint      ] Safepoint "ParallelGCSystemGC", Time since last: 394801 ns, Reaching safepoint: 33200 ns, At safepoint: 5144211 ns, Total: 5177411 ns
[1710.501s][info ][safepoint      ] Safepoint "Cleanup", Time since last: 1000084247 ns, Reaching safepoint: 48501 ns, At safepoint: 6700 ns, Total: 55201 ns
[1711.502s][info ][safepoint      ] Safepoint "Cleanup", Time since last: 1000099447 ns, Reaching safepoint: 43501 ns, At safepoint: 4200 ns, Total: 47701 ns
[1713.502s][info ][safepoint      ] Safepoint "Cleanup", Time since last: 2000146095 ns, Reaching safepoint: 26300 ns, At safepoint: 2500 ns, Total: 28800 ns
[1729.503s][info ][safepoint      ] Safepoint "Cleanup", Time since last: 16000909673 ns, Reaching safepoint: 30500 ns, At safepoint: 2700 ns, Total: 33200 ns
[1730.503s][info ][safepoint      ] Safepoint "Cleanup", Time since last: 1000096248 ns, Reaching safepoint: 34500 ns, At safepoint: 2700 ns, Total: 37200 ns
[1733.503s][info ][safepoint      ] Safepoint "Cleanup", Time since last: 3000240747 ns, Reaching safepoint: 38400 ns, At safepoint: 3000 ns, Total: 41400 ns
[1736.503s][info ][safepoint      ] Safepoint "Cleanup", Time since last: 3000226847 ns, Reaching safepoint: 27500 ns, At safepoint: 2400 ns, Total: 29900 ns
[1737.504s][info ][safepoint      ] Safepoint "Cleanup", Time since last: 1000106949 ns, Reaching safepoint: 25600 ns, At safepoint: 2500 ns, Total: 28100 ns
[1738.504s][info ][safepoint      ] Safepoint "Cleanup", Time since last: 1000098549 ns, Reaching safepoint: 40900 ns, At safepoint: 4300 ns, Total: 45200 ns
[1742.504s][info ][safepoint      ] Safepoint "Cleanup", Time since last: 4000257396 ns, Reaching safepoint: 25900 ns, At safepoint: 2100 ns, Total: 28000 ns
[1757.485s][info ][gc,start       ] GC(57) Pause Young (Allocation Failure)
[1757.488s][debug][gc,phases      ] GC(57) Scavenge 3.273ms
[1757.488s][debug][gc,ref         ] GC(57) Skipped phase 1 of Reference Processing: no references
[1757.488s][debug][gc,ref         ] GC(57) ReferenceProcessor::execute queues: 1, RefProcThreadModel::Single, marks_oops_alive: false
[1757.488s][debug][gc,ref         ] GC(57) Skipped phase 3 of Reference Processing: no references
[1757.488s][debug][gc,ref         ] GC(57) ReferenceProcessor::execute queues: 1, RefProcThreadModel::Single, marks_oops_alive: false
[1757.488s][debug][gc,phases      ] GC(57) Reference Processing 0.092ms
[1757.488s][debug][gc,phases      ] GC(57)   VM Weak                        Min:  0.0, Avg:  0.0, Max:  0.0, Diff:  0.0, Sum:  0.0, Workers: 4
[1757.488s][debug][gc,phases      ] GC(57)     Dead                           Min: 0, Avg:  0.0, Max: 0, Diff: 0, Sum: 0, Workers: 4
[1757.488s][debug][gc,phases      ] GC(57)     Total                          Min: 0, Avg: 186.0, Max: 488, Diff: 488, Sum: 744, Workers: 4
[1757.488s][debug][gc,phases      ] GC(57)   ObjectSynchronizer Weak        Min:  0.0, Avg:  0.0, Max:  0.0, Diff:  0.0, Sum:  0.0, Workers: 4
[1757.488s][debug][gc,phases      ] GC(57)     Dead                           Min: 0, Avg:  0.0, Max: 0, Diff: 0, Sum: 0, Workers: 4
[1757.488s][debug][gc,phases      ] GC(57)     Total                          Min: 0, Avg:  9.0, Max: 36, Diff: 36, Sum: 36, Workers: 4
[1757.488s][debug][gc,phases      ] GC(57)   JVMTI Tag Weak OopStorage      Min:  0.0, Avg:  0.0, Max:  0.0, Diff:  0.0, Sum:  0.0, Workers: 4
[1757.488s][debug][gc,phases      ] GC(57)     Dead                           Min: 0, Avg:  0.0, Max: 0, Diff: 0, Sum: 0, Workers: 4
[1757.488s][debug][gc,phases      ] GC(57)     Total                          Min: 0, Avg:  0.0, Max: 0, Diff: 0, Sum: 0, Workers: 4
[1757.488s][debug][gc,phases      ] GC(57)   StringTable Weak               Min:  0.1, Avg:  0.1, Max:  0.1, Diff:  0.0, Sum:  0.4, Workers: 4
[1757.488s][debug][gc,phases      ] GC(57)     Dead                           Min: 0, Avg:  0.0, Max: 0, Diff: 0, Sum: 0, Workers: 4
[1757.488s][debug][gc,phases      ] GC(57)     Total                          Min: 8128, Avg: 10588.5, Max: 11648, Diff: 3520, Sum: 42354, Workers: 4
[1757.488s][debug][gc,phases      ] GC(57)   ResolvedMethodTable Weak       Min:  0.0, Avg:  0.0, Max:  0.0, Diff:  0.0, Sum:  0.1, Workers: 4
[1757.488s][debug][gc,phases      ] GC(57)     Dead                           Min: 0, Avg:  0.0, Max: 0, Diff: 0, Sum: 0, Workers: 4
[1757.488s][debug][gc,phases      ] GC(57)     Total                          Min: 2048, Avg: 2084.2, Max: 2129, Diff: 81, Sum: 8337, Workers: 4
[1757.488s][debug][gc,phases      ] GC(57)   JNI Weak                       Min:  0.0, Avg:  0.0, Max:  0.0, Diff:  0.0, Sum:  0.0, Workers: 4
[1757.488s][debug][gc,phases      ] GC(57)     Dead                           Min: 0, Avg:  0.0, Max: 0, Diff: 0, Sum: 0, Workers: 4
[1757.488s][debug][gc,phases      ] GC(57)     Total                          Min: 0, Avg: 11.2, Max: 45, Diff: 45, Sum: 45, Workers: 4
[1757.488s][debug][gc,phases      ] GC(57)   StringDedup Table Weak         Min:  0.0, Avg:  0.0, Max:  0.0, Diff:  0.0, Sum:  0.0, Workers: 4
[1757.488s][debug][gc,phases      ] GC(57)     Dead                           Min: 0, Avg:  0.0, Max: 0, Diff: 0, Sum: 0, Workers: 4
[1757.488s][debug][gc,phases      ] GC(57)     Total                          Min: 0, Avg:  0.0, Max: 0, Diff: 0, Sum: 0, Workers: 4
[1757.488s][debug][gc,phases      ] GC(57)   StringDedup Requests0 Weak     Min:  0.0, Avg:  0.0, Max:  0.0, Diff:  0.0, Sum:  0.0, Workers: 4
[1757.488s][debug][gc,phases      ] GC(57)     Dead                           Min: 0, Avg:  0.0, Max: 0, Diff: 0, Sum: 0, Workers: 4
[1757.488s][debug][gc,phases      ] GC(57)     Total                          Min: 0, Avg:  0.0, Max: 0, Diff: 0, Sum: 0, Workers: 4
[1757.488s][debug][gc,phases      ] GC(57)   StringDedup Requests1 Weak     Min:  0.0, Avg:  0.0, Max:  0.0, Diff:  0.0, Sum:  0.0, Workers: 4
[1757.488s][debug][gc,phases      ] GC(57)     Dead                           Min: 0, Avg:  0.0, Max: 0, Diff: 0, Sum: 0, Workers: 4
[1757.488s][debug][gc,phases      ] GC(57)     Total                          Min: 0, Avg:  0.0, Max: 0, Diff: 0, Sum: 0, Workers: 4
[1757.488s][debug][gc,phases      ] GC(57)   Weak JFR Old Object Samples    Min:  0.0, Avg:  0.0, Max:  0.0, Diff:  0.0, Sum:  0.0, Workers: 4
[1757.488s][debug][gc,phases      ] GC(57)     Dead                           Min: 0, Avg:  0.0, Max: 0, Diff: 0, Sum: 0, Workers: 4
[1757.488s][debug][gc,phases      ] GC(57)     Total                          Min: 0, Avg:  0.0, Max: 0, Diff: 0, Sum: 0, Workers: 4
[1757.488s][debug][gc,phases      ] GC(57) Weak Processing 0.272ms
[1757.488s][debug][gc,age         ] GC(57) Desired survivor size 54525952 bytes, new threshold 15 (max threshold 15)
[1757.488s][info ][gc,heap        ] GC(57) PSYoungGen: 1976017K(2031104K)->5184K(2043904K) Eden: 1969664K(1969664K)->0K(1986560K) From: 6353K(61440K)->5184K(57344K)
[1757.488s][info ][gc,heap        ] GC(57) ParOldGen: 396849K(520704K)->396889K(520704K)
[1757.488s][info ][gc,metaspace   ] GC(57) Metaspace: 78153K(79104K)->78153K(79104K) NonClass: 67140K(67648K)->67140K(67648K) Class: 11013K(11456K)->11013K(11456K)
[1757.488s][info ][gc             ] GC(57) Pause Young (Allocation Failure) 2317M->392M(2504M) 3.726ms
[1757.488s][info ][gc,cpu         ] GC(57) User=0.02s Sys=0.00s Real=0.01s
[1757.488s][info ][safepoint      ] Safepoint "ParallelGCFailedAllocation", Time since last: 14980544101 ns, Reaching safepoint: 92100 ns, At safepoint: 3797908 ns, Total: 3890008 ns
[1758.489s][info ][safepoint      ] Safepoint "Cleanup", Time since last: 1000082450 ns, Reaching safepoint: 111300 ns, At safepoint: 5400 ns, Total: 116700 ns
[1763.489s][info ][safepoint      ] Safepoint "Cleanup", Time since last: 5000372450 ns, Reaching safepoint: 100900 ns, At safepoint: 7700 ns, Total: 108600 ns
[1767.489s][info ][safepoint      ] Safepoint "Cleanup", Time since last: 4000235001 ns, Reaching safepoint: 108600 ns, At safepoint: 8700 ns, Total: 117300 ns
[1770.490s][info ][safepoint      ] Safepoint "Cleanup", Time since last: 3000249751 ns, Reaching safepoint: 109300 ns, At safepoint: 11500 ns, Total: 120800 ns
[1771.490s][info ][safepoint      ] Safepoint "Cleanup", Time since last: 1000108451 ns, Reaching safepoint: 114100 ns, At safepoint: 7300 ns, Total: 121400 ns
[1772.490s][info ][safepoint      ] Safepoint "Cleanup", Time since last: 1000125351 ns, Reaching safepoint: 104000 ns, At safepoint: 6000 ns, Total: 110000 ns
[1776.491s][info ][safepoint      ] Safepoint "Cleanup", Time since last: 4000287402 ns, Reaching safepoint: 109300 ns, At safepoint: 6300 ns, Total: 115600 ns
[1777.491s][info ][safepoint      ] Safepoint "Cleanup", Time since last: 1000106851 ns, Reaching safepoint: 26400 ns, At safepoint: 2000 ns, Total: 28400 ns
[1778.491s][info ][safepoint      ] Safepoint "Cleanup", Time since last: 1000099551 ns, Reaching safepoint: 51800 ns, At safepoint: 2200 ns, Total: 54000 ns
[1779.491s][info ][safepoint      ] Safepoint "Cleanup", Time since last: 1000096751 ns, Reaching safepoint: 113600 ns, At safepoint: 8300 ns, Total: 121900 ns
[1780.491s][info ][safepoint      ] Safepoint "Cleanup", Time since last: 1000110851 ns, Reaching safepoint: 114000 ns, At safepoint: 7900 ns, Total: 121900 ns
[1781.492s][info ][safepoint      ] Safepoint "Cleanup", Time since last: 1000101051 ns, Reaching safepoint: 48200 ns, At safepoint: 3100 ns, Total: 51300 ns
[1782.492s][info ][safepoint      ] Safepoint "Cleanup", Time since last: 1000105651 ns, Reaching safepoint: 34500 ns, At safepoint: 6300 ns, Total: 40800 ns
[1785.492s][info ][safepoint      ] Safepoint "Cleanup", Time since last: 3000202453 ns, Reaching safepoint: 27600 ns, At safepoint: 2300 ns, Total: 29900 ns
[1787.492s][info ][safepoint      ] Safepoint "Cleanup", Time since last: 2000171902 ns, Reaching safepoint: 45500 ns, At safepoint: 5100 ns, Total: 50600 ns
[1788.492s][info ][safepoint      ] Safepoint "Cleanup", Time since last: 1000096551 ns, Reaching safepoint: 38800 ns, At safepoint: 2100 ns, Total: 40900 ns
[1791.493s][info ][safepoint      ] Safepoint "Cleanup", Time since last: 3000198353 ns, Reaching safepoint: 93901 ns, At safepoint: 6700 ns, Total: 100601 ns
[1792.493s][info ][safepoint      ] Safepoint "Cleanup", Time since last: 1000099151 ns, Reaching safepoint: 38300 ns, At safepoint: 32200 ns, Total: 70500 ns
[1793.493s][info ][safepoint      ] Safepoint "Cleanup", Time since last: 1000099751 ns, Reaching safepoint: 39900 ns, At safepoint: 2500 ns, Total: 42400 ns
[1794.493s][info ][safepoint      ] Safepoint "Cleanup", Time since last: 1000087152 ns, Reaching safepoint: 25900 ns, At safepoint: 2300 ns, Total: 28200 ns
[1797.493s][info ][safepoint      ] Safepoint "Cleanup", Time since last: 3000223554 ns, Reaching safepoint: 40600 ns, At safepoint: 8700 ns, Total: 49300 ns
[1797.636s][info ][gc,start       ] GC(58) Pause Young (Allocation Failure)
[1797.640s][debug][gc,phases      ] GC(58) Scavenge 4.334ms
[1797.640s][debug][gc,ref         ] GC(58) Skipped phase 1 of Reference Processing: no references
[1797.640s][debug][gc,ref         ] GC(58) ReferenceProcessor::execute queues: 1, RefProcThreadModel::Single, marks_oops_alive: false
[1797.640s][debug][gc,ref         ] GC(58) Skipped phase 3 of Reference Processing: no references
[1797.640s][debug][gc,ref         ] GC(58) ReferenceProcessor::execute queues: 1, RefProcThreadModel::Single, marks_oops_alive: false
[1797.640s][debug][gc,phases      ] GC(58) Reference Processing 0.086ms
[1797.640s][debug][gc,phases      ] GC(58)   VM Weak                        Min:  0.0, Avg:  0.0, Max:  0.0, Diff:  0.0, Sum:  0.0, Workers: 4
[1797.640s][debug][gc,phases      ] GC(58)     Dead                           Min: 0, Avg:  0.0, Max: 0, Diff: 0, Sum: 0, Workers: 4
[1797.640s][debug][gc,phases      ] GC(58)     Total                          Min: 0, Avg: 186.0, Max: 744, Diff: 744, Sum: 744, Workers: 4
[1797.640s][debug][gc,phases      ] GC(58)   ObjectSynchronizer Weak        Min:  0.0, Avg:  0.0, Max:  0.0, Diff:  0.0, Sum:  0.0, Workers: 4
[1797.640s][debug][gc,phases      ] GC(58)     Dead                           Min: 0, Avg:  0.0, Max: 0, Diff: 0, Sum: 0, Workers: 4
[1797.640s][debug][gc,phases      ] GC(58)     Total                          Min: 0, Avg:  9.0, Max: 36, Diff: 36, Sum: 36, Workers: 4
[1797.640s][debug][gc,phases      ] GC(58)   JVMTI Tag Weak OopStorage      Min:  0.0, Avg:  0.0, Max:  0.0, Diff:  0.0, Sum:  0.0, Workers: 4
[1797.640s][debug][gc,phases      ] GC(58)     Dead                           Min: 0, Avg:  0.0, Max: 0, Diff: 0, Sum: 0, Workers: 4
[1797.640s][debug][gc,phases      ] GC(58)     Total                          Min: 0, Avg:  0.0, Max: 0, Diff: 0, Sum: 0, Workers: 4
[1797.640s][debug][gc,phases      ] GC(58)   StringTable Weak               Min:  0.1, Avg:  0.1, Max:  0.1, Diff:  0.0, Sum:  0.4, Workers: 4
[1797.640s][debug][gc,phases      ] GC(58)     Dead                           Min: 0, Avg:  0.0, Max: 0, Diff: 0, Sum: 0, Workers: 4
[1797.640s][debug][gc,phases      ] GC(58)     Total                          Min: 9083, Avg: 10590.8, Max: 12352, Diff: 3269, Sum: 42363, Workers: 4
[1797.640s][debug][gc,phases      ] GC(58)   ResolvedMethodTable Weak       Min:  0.0, Avg:  0.0, Max:  0.0, Diff:  0.0, Sum:  0.1, Workers: 4
[1797.640s][debug][gc,phases      ] GC(58)     Dead                           Min: 0, Avg:  0.0, Max: 0, Diff: 0, Sum: 0, Workers: 4
[1797.640s][debug][gc,phases      ] GC(58)     Total                          Min: 1920, Avg: 2085.5, Max: 2432, Diff: 512, Sum: 8342, Workers: 4
[1797.640s][debug][gc,phases      ] GC(58)   JNI Weak                       Min:  0.0, Avg:  0.0, Max:  0.0, Diff:  0.0, Sum:  0.0, Workers: 4
[1797.640s][debug][gc,phases      ] GC(58)     Dead                           Min: 0, Avg:  0.0, Max: 0, Diff: 0, Sum: 0, Workers: 4
[1797.640s][debug][gc,phases      ] GC(58)     Total                          Min: 0, Avg: 11.2, Max: 45, Diff: 45, Sum: 45, Workers: 4
[1797.640s][debug][gc,phases      ] GC(58)   StringDedup Table Weak         Min:  0.0, Avg:  0.0, Max:  0.0, Diff:  0.0, Sum:  0.0, Workers: 4
[1797.640s][debug][gc,phases      ] GC(58)     Dead                           Min: 0, Avg:  0.0, Max: 0, Diff: 0, Sum: 0, Workers: 4
[1797.640s][debug][gc,phases      ] GC(58)     Total                          Min: 0, Avg:  0.0, Max: 0, Diff: 0, Sum: 0, Workers: 4
[1797.640s][debug][gc,phases      ] GC(58)   StringDedup Requests0 Weak     Min:  0.0, Avg:  0.0, Max:  0.0, Diff:  0.0, Sum:  0.0, Workers: 4
[1797.640s][debug][gc,phases      ] GC(58)     Dead                           Min: 0, Avg:  0.0, Max: 0, Diff: 0, Sum: 0, Workers: 4
[1797.640s][debug][gc,phases      ] GC(58)     Total                          Min: 0, Avg:  0.0, Max: 0, Diff: 0, Sum: 0, Workers: 4
[1797.640s][debug][gc,phases      ] GC(58)   StringDedup Requests1 Weak     Min:  0.0, Avg:  0.0, Max:  0.0, Diff:  0.0, Sum:  0.0, Workers: 4
[1797.640s][debug][gc,phases      ] GC(58)     Dead                           Min: 0, Avg:  0.0, Max: 0, Diff: 0, Sum: 0, Workers: 4
[1797.640s][debug][gc,phases      ] GC(58)     Total                          Min: 0, Avg:  0.0, Max: 0, Diff: 0, Sum: 0, Workers: 4
[1797.640s][debug][gc,phases      ] GC(58)   Weak JFR Old Object Samples    Min:  0.0, Avg:  0.0, Max:  0.0, Diff:  0.0, Sum:  0.0, Workers: 4
[1797.640s][debug][gc,phases      ] GC(58)     Dead                           Min: 0, Avg:  0.0, Max: 0, Diff: 0, Sum: 0, Workers: 4
[1797.640s][debug][gc,phases      ] GC(58)     Total                          Min: 0, Avg:  0.0, Max: 0, Diff: 0, Sum: 0, Workers: 4
[1797.640s][debug][gc,phases      ] GC(58) Weak Processing 0.281ms
[1797.640s][debug][gc,age         ] GC(58) Desired survivor size 50855936 bytes, new threshold 15 (max threshold 15)
[1797.640s][info ][gc,heap        ] GC(58) PSYoungGen: 1991744K(2043904K)->5552K(2039808K) Eden: 1986560K(1986560K)->0K(1986560K) From: 5184K(57344K)->5552K(53248K)
[1797.640s][info ][gc,heap        ] GC(58) ParOldGen: 396889K(520704K)->396953K(520704K)
[1797.640s][info ][gc,metaspace   ] GC(58) Metaspace: 78199K(79104K)->78199K(79104K) NonClass: 67182K(67648K)->67182K(67648K) Class: 11016K(11456K)->11016K(11456K)
[1797.640s][info ][gc             ] GC(58) Pause Young (Allocation Failure) 2332M->393M(2500M) 4.793ms
[1797.640s][info ][gc,cpu         ] GC(58) User=0.02s Sys=0.00s Real=0.00s
[1797.640s][info ][safepoint      ] Safepoint "ParallelGCFailedAllocation", Time since last: 142117691 ns, Reaching safepoint: 93601 ns, At safepoint: 4856210 ns, Total: 4949811 ns
[1800.316s][info ][safepoint      ] Safepoint "Cleanup", Time since last: 2675522288 ns, Reaching safepoint: 37900 ns, At safepoint: 4800 ns, Total: 42700 ns
[1801.316s][info ][safepoint      ] Safepoint "Cleanup", Time since last: 1000091252 ns, Reaching safepoint: 52600 ns, At safepoint: 3400 ns, Total: 56000 ns
[1810.317s][info ][safepoint      ] Safepoint "Cleanup", Time since last: 9000607065 ns, Reaching safepoint: 64201 ns, At safepoint: 3600 ns, Total: 67801 ns
[1813.317s][info ][safepoint      ] Safepoint "Cleanup", Time since last: 3000274056 ns, Reaching safepoint: 41400 ns, At safepoint: 3200 ns, Total: 44600 ns
[1815.317s][info ][safepoint      ] Safepoint "Cleanup", Time since last: 2000132304 ns, Reaching safepoint: 40600 ns, At safepoint: 8100 ns, Total: 48700 ns
[1816.317s][info ][safepoint      ] Safepoint "Cleanup", Time since last: 1000102552 ns, Reaching safepoint: 36500 ns, At safepoint: 3300 ns, Total: 39800 ns
[1818.318s][info ][safepoint      ] Safepoint "Cleanup", Time since last: 2000169304 ns, Reaching safepoint: 47701 ns, At safepoint: 2700 ns, Total: 50401 ns
[1821.318s][info ][safepoint      ] Safepoint "Cleanup", Time since last: 3000224856 ns, Reaching safepoint: 43700 ns, At safepoint: 4301 ns, Total: 48001 ns
[1822.318s][info ][safepoint      ] Safepoint "Cleanup", Time since last: 1000100552 ns, Reaching safepoint: 38200 ns, At safepoint: 6900 ns, Total: 45100 ns
[1829.319s][info ][safepoint      ] Safepoint "Cleanup", Time since last: 7000421267 ns, Reaching safepoint: 37900 ns, At safepoint: 2500 ns, Total: 40400 ns
[1831.319s][info ][safepoint      ] Safepoint "Cleanup", Time since last: 2000166406 ns, Reaching safepoint: 30700 ns, At safepoint: 2500 ns, Total: 33200 ns
[1833.319s][info ][safepoint      ] Safepoint "Cleanup", Time since last: 2000167405 ns, Reaching safepoint: 42300 ns, At safepoint: 4100 ns, Total: 46400 ns
[1836.319s][info ][safepoint      ] Safepoint "Cleanup", Time since last: 3000231059 ns, Reaching safepoint: 33800 ns, At safepoint: 2300 ns, Total: 36100 ns
[1840.319s][info ][safepoint      ] Safepoint "Cleanup", Time since last: 4000245611 ns, Reaching safepoint: 41700 ns, At safepoint: 4000 ns, Total: 45700 ns
[1841.434s][info ][gc,start       ] GC(59) Pause Young (Allocation Failure)
[1841.440s][debug][gc,phases      ] GC(59) Scavenge 6.143ms
[1841.440s][debug][gc,ref         ] GC(59) Skipped phase 1 of Reference Processing: no references
[1841.440s][debug][gc,ref         ] GC(59) ReferenceProcessor::execute queues: 1, RefProcThreadModel::Single, marks_oops_alive: false
[1841.440s][debug][gc,ref         ] GC(59) Skipped phase 3 of Reference Processing: no references
[1841.440s][debug][gc,ref         ] GC(59) ReferenceProcessor::execute queues: 1, RefProcThreadModel::Single, marks_oops_alive: false
[1841.440s][debug][gc,phases      ] GC(59) Reference Processing 0.084ms
[1841.440s][debug][gc,phases      ] GC(59)   VM Weak                        Min:  0.0, Avg:  0.0, Max:  0.0, Diff:  0.0, Sum:  0.0, Workers: 4
[1841.440s][debug][gc,phases      ] GC(59)     Dead                           Min: 0, Avg:  0.0, Max: 0, Diff: 0, Sum: 0, Workers: 4
[1841.440s][debug][gc,phases      ] GC(59)     Total                          Min: 0, Avg: 186.0, Max: 448, Diff: 448, Sum: 744, Workers: 4
[1841.440s][debug][gc,phases      ] GC(59)   ObjectSynchronizer Weak        Min:  0.0, Avg:  0.0, Max:  0.0, Diff:  0.0, Sum:  0.0, Workers: 4
[1841.440s][debug][gc,phases      ] GC(59)     Dead                           Min: 0, Avg:  0.0, Max: 0, Diff: 0, Sum: 0, Workers: 4
[1841.440s][debug][gc,phases      ] GC(59)     Total                          Min: 0, Avg:  9.0, Max: 36, Diff: 36, Sum: 36, Workers: 4
[1841.440s][debug][gc,phases      ] GC(59)   JVMTI Tag Weak OopStorage      Min:  0.0, Avg:  0.0, Max:  0.0, Diff:  0.0, Sum:  0.0, Workers: 4
[1841.440s][debug][gc,phases      ] GC(59)     Dead                           Min: 0, Avg:  0.0, Max: 0, Diff: 0, Sum: 0, Workers: 4
[1841.440s][debug][gc,phases      ] GC(59)     Total                          Min: 0, Avg:  0.0, Max: 0, Diff: 0, Sum: 0, Workers: 4
[1841.441s][debug][gc,phases      ] GC(59)   StringTable Weak               Min:  0.1, Avg:  0.1, Max:  0.1, Diff:  0.0, Sum:  0.4, Workers: 4
[1841.441s][debug][gc,phases      ] GC(59)     Dead                           Min: 0, Avg:  0.5, Max: 2, Diff: 2, Sum: 2, Workers: 4
[1841.441s][debug][gc,phases      ] GC(59)     Total                          Min: 8547, Avg: 10600.2, Max: 11839, Diff: 3292, Sum: 42401, Workers: 4
[1841.441s][debug][gc,phases      ] GC(59)   ResolvedMethodTable Weak       Min:  0.0, Avg:  0.0, Max:  0.0, Diff:  0.0, Sum:  0.1, Workers: 4
[1841.441s][debug][gc,phases      ] GC(59)     Dead                           Min: 0, Avg:  0.0, Max: 0, Diff: 0, Sum: 0, Workers: 4
[1841.441s][debug][gc,phases      ] GC(59)     Total                          Min: 1920, Avg: 2092.2, Max: 2368, Diff: 448, Sum: 8369, Workers: 4
[1841.441s][debug][gc,phases      ] GC(59)   JNI Weak                       Min:  0.0, Avg:  0.0, Max:  0.0, Diff:  0.0, Sum:  0.0, Workers: 4
[1841.441s][debug][gc,phases      ] GC(59)     Dead                           Min: 0, Avg:  0.0, Max: 0, Diff: 0, Sum: 0, Workers: 4
[1841.441s][debug][gc,phases      ] GC(59)     Total                          Min: 0, Avg: 11.2, Max: 45, Diff: 45, Sum: 45, Workers: 4
[1841.441s][debug][gc,phases      ] GC(59)   StringDedup Table Weak         Min:  0.0, Avg:  0.0, Max:  0.0, Diff:  0.0, Sum:  0.0, Workers: 4
[1841.441s][debug][gc,phases      ] GC(59)     Dead                           Min: 0, Avg:  0.0, Max: 0, Diff: 0, Sum: 0, Workers: 4
[1841.441s][debug][gc,phases      ] GC(59)     Total                          Min: 0, Avg:  0.0, Max: 0, Diff: 0, Sum: 0, Workers: 4
[1841.441s][debug][gc,phases      ] GC(59)   StringDedup Requests0 Weak     Min:  0.0, Avg:  0.0, Max:  0.0, Diff:  0.0, Sum:  0.0, Workers: 4
[1841.441s][debug][gc,phases      ] GC(59)     Dead                           Min: 0, Avg:  0.0, Max: 0, Diff: 0, Sum: 0, Workers: 4
[1841.441s][debug][gc,phases      ] GC(59)     Total                          Min: 0, Avg:  0.0, Max: 0, Diff: 0, Sum: 0, Workers: 4
[1841.441s][debug][gc,phases      ] GC(59)   StringDedup Requests1 Weak     Min:  0.0, Avg:  0.0, Max:  0.0, Diff:  0.0, Sum:  0.0, Workers: 4
[1841.441s][debug][gc,phases      ] GC(59)     Dead                           Min: 0, Avg:  0.0, Max: 0, Diff: 0, Sum: 0, Workers: 4
[1841.441s][debug][gc,phases      ] GC(59)     Total                          Min: 0, Avg:  0.0, Max: 0, Diff: 0, Sum: 0, Workers: 4
[1841.441s][debug][gc,phases      ] GC(59)   Weak JFR Old Object Samples    Min:  0.0, Avg:  0.0, Max:  0.0, Diff:  0.0, Sum:  0.0, Workers: 4
[1841.441s][debug][gc,phases      ] GC(59)     Dead                           Min: 0, Avg:  0.0, Max: 0, Diff: 0, Sum: 0, Workers: 4
[1841.441s][debug][gc,phases      ] GC(59)     Total                          Min: 0, Avg:  0.0, Max: 0, Diff: 0, Sum: 0, Workers: 4
[1841.441s][debug][gc,phases      ] GC(59) Weak Processing 0.278ms
[1841.441s][debug][gc,age         ] GC(59) Desired survivor size 47185920 bytes, new threshold 15 (max threshold 15)
[1841.441s][info ][gc,heap        ] GC(59) PSYoungGen: 1992112K(2039808K)->5696K(2051072K) Eden: 1986560K(1986560K)->0K(2001408K) From: 5552K(53248K)->5696K(49664K)
[1841.441s][info ][gc,heap        ] GC(59) ParOldGen: 396953K(520704K)->397041K(520704K)
[1841.441s][info ][gc,metaspace   ] GC(59) Metaspace: 78294K(79232K)->78294K(79232K) NonClass: 67261K(67776K)->67261K(67776K) Class: 11032K(11456K)->11032K(11456K)
[1841.441s][info ][gc             ] GC(59) Pause Young (Allocation Failure) 2333M->393M(2511M) 6.593ms
[1841.441s][info ][gc,cpu         ] GC(59) User=0.01s Sys=0.01s Real=0.00s
[1841.441s][info ][safepoint      ] Safepoint "ParallelGCFailedAllocation", Time since last: 1114395588 ns, Reaching safepoint: 102200 ns, At safepoint: 6656314 ns, Total: 6758514 ns
[1842.441s][info ][safepoint      ] Safepoint "Cleanup", Time since last: 1000082253 ns, Reaching safepoint: 27000 ns, At safepoint: 3000 ns, Total: 30000 ns
[1843.441s][info ][safepoint      ] Safepoint "Cleanup", Time since last: 1000103753 ns, Reaching safepoint: 45000 ns, At safepoint: 2600 ns, Total: 47600 ns
[1844.441s][info ][safepoint      ] Safepoint "Cleanup", Time since last: 1000101654 ns, Reaching safepoint: 43200 ns, At safepoint: 4400 ns, Total: 47600 ns
[1848.441s][info ][safepoint      ] Safepoint "Cleanup", Time since last: 4000323613 ns, Reaching safepoint: 98100 ns, At safepoint: 6300 ns, Total: 104400 ns
[1856.442s][info ][safepoint      ] Safepoint "Cleanup", Time since last: 8000480327 ns, Reaching safepoint: 29200 ns, At safepoint: 26700 ns, Total: 55900 ns
[1857.442s][info ][safepoint      ] Safepoint "Cleanup", Time since last: 1000094554 ns, Reaching safepoint: 42900 ns, At safepoint: 4400 ns, Total: 47300 ns
[1865.443s][info ][safepoint      ] Safepoint "Cleanup", Time since last: 8000539530 ns, Reaching safepoint: 25300 ns, At safepoint: 2100 ns, Total: 27400 ns
[1866.443s][info ][safepoint      ] Safepoint "Cleanup", Time since last: 1000068153 ns, Reaching safepoint: 50701 ns, At safepoint: 2600 ns, Total: 53301 ns
[1871.443s][info ][safepoint      ] Safepoint "Cleanup", Time since last: 5000351369 ns, Reaching safepoint: 34701 ns, At safepoint: 3200 ns, Total: 37901 ns
[1878.444s][info ][safepoint      ] Safepoint "Cleanup", Time since last: 7000465779 ns, Reaching safepoint: 37900 ns, At safepoint: 4200 ns, Total: 42100 ns
[1887.938s][info ][gc,start       ] GC(60) Pause Young (Allocation Failure)
[1887.942s][debug][gc,phases      ] GC(60) Scavenge 3.339ms
[1887.942s][debug][gc,ref         ] GC(60) Skipped phase 1 of Reference Processing: no references
[1887.942s][debug][gc,ref         ] GC(60) ReferenceProcessor::execute queues: 1, RefProcThreadModel::Single, marks_oops_alive: false
[1887.942s][debug][gc,ref         ] GC(60) Skipped phase 3 of Reference Processing: no references
[1887.942s][debug][gc,ref         ] GC(60) ReferenceProcessor::execute queues: 1, RefProcThreadModel::Single, marks_oops_alive: false
[1887.942s][debug][gc,phases      ] GC(60) Reference Processing 0.095ms
[1887.942s][debug][gc,phases      ] GC(60)   VM Weak                        Min:  0.0, Avg:  0.0, Max:  0.0, Diff:  0.0, Sum:  0.0, Workers: 4
[1887.942s][debug][gc,phases      ] GC(60)     Dead                           Min: 0, Avg:  0.0, Max: 0, Diff: 0, Sum: 0, Workers: 4
[1887.942s][debug][gc,phases      ] GC(60)     Total                          Min: 0, Avg: 186.0, Max: 512, Diff: 512, Sum: 744, Workers: 4
[1887.942s][debug][gc,phases      ] GC(60)   ObjectSynchronizer Weak        Min:  0.0, Avg:  0.0, Max:  0.0, Diff:  0.0, Sum:  0.0, Workers: 4
[1887.942s][debug][gc,phases      ] GC(60)     Dead                           Min: 0, Avg:  0.0, Max: 0, Diff: 0, Sum: 0, Workers: 4
[1887.942s][debug][gc,phases      ] GC(60)     Total                          Min: 0, Avg:  9.0, Max: 36, Diff: 36, Sum: 36, Workers: 4
[1887.942s][debug][gc,phases      ] GC(60)   JVMTI Tag Weak OopStorage      Min:  0.0, Avg:  0.0, Max:  0.0, Diff:  0.0, Sum:  0.0, Workers: 4
[1887.942s][debug][gc,phases      ] GC(60)     Dead                           Min: 0, Avg:  0.0, Max: 0, Diff: 0, Sum: 0, Workers: 4
[1887.942s][debug][gc,phases      ] GC(60)     Total                          Min: 0, Avg:  0.0, Max: 0, Diff: 0, Sum: 0, Workers: 4
[1887.942s][debug][gc,phases      ] GC(60)   StringTable Weak               Min:  0.0, Avg:  0.1, Max:  0.1, Diff:  0.1, Sum:  0.3, Workers: 4
[1887.942s][debug][gc,phases      ] GC(60)     Dead                           Min: 0, Avg:  0.0, Max: 0, Diff: 0, Sum: 0, Workers: 4
[1887.942s][debug][gc,phases      ] GC(60)     Total                          Min: 0, Avg: 10600.5, Max: 17600, Diff: 17600, Sum: 42402, Workers: 4
[1887.942s][debug][gc,phases      ] GC(60)   ResolvedMethodTable Weak       Min:  0.0, Avg:  0.0, Max:  0.0, Diff:  0.0, Sum:  0.1, Workers: 4
[1887.942s][debug][gc,phases      ] GC(60)     Dead                           Min: 0, Avg:  0.0, Max: 0, Diff: 0, Sum: 0, Workers: 4
[1887.942s][debug][gc,phases      ] GC(60)     Total                          Min: 0, Avg: 2092.8, Max: 3520, Diff: 3520, Sum: 8371, Workers: 4
[1887.942s][debug][gc,phases      ] GC(60)   JNI Weak                       Min:  0.0, Avg:  0.0, Max:  0.0, Diff:  0.0, Sum:  0.0, Workers: 4
[1887.942s][debug][gc,phases      ] GC(60)     Dead                           Min: 0, Avg:  0.0, Max: 0, Diff: 0, Sum: 0, Workers: 4
[1887.942s][debug][gc,phases      ] GC(60)     Total                          Min: 0, Avg: 11.2, Max: 45, Diff: 45, Sum: 45, Workers: 4
[1887.942s][debug][gc,phases      ] GC(60)   StringDedup Table Weak         Min:  0.0, Avg:  0.0, Max:  0.0, Diff:  0.0, Sum:  0.0, Workers: 4
[1887.942s][debug][gc,phases      ] GC(60)     Dead                           Min: 0, Avg:  0.0, Max: 0, Diff: 0, Sum: 0, Workers: 4
[1887.942s][debug][gc,phases      ] GC(60)     Total                          Min: 0, Avg:  0.0, Max: 0, Diff: 0, Sum: 0, Workers: 4
[1887.942s][debug][gc,phases      ] GC(60)   StringDedup Requests0 Weak     Min:  0.0, Avg:  0.0, Max:  0.0, Diff:  0.0, Sum:  0.0, Workers: 4
[1887.942s][debug][gc,phases      ] GC(60)     Dead                           Min: 0, Avg:  0.0, Max: 0, Diff: 0, Sum: 0, Workers: 4
[1887.942s][debug][gc,phases      ] GC(60)     Total                          Min: 0, Avg:  0.0, Max: 0, Diff: 0, Sum: 0, Workers: 4
[1887.942s][debug][gc,phases      ] GC(60)   StringDedup Requests1 Weak     Min:  0.0, Avg:  0.0, Max:  0.0, Diff:  0.0, Sum:  0.0, Workers: 4
[1887.942s][debug][gc,phases      ] GC(60)     Dead                           Min: 0, Avg:  0.0, Max: 0, Diff: 0, Sum: 0, Workers: 4
[1887.942s][debug][gc,phases      ] GC(60)     Total                          Min: 0, Avg:  0.0, Max: 0, Diff: 0, Sum: 0, Workers: 4
[1887.942s][debug][gc,phases      ] GC(60)   Weak JFR Old Object Samples    Min:  0.0, Avg:  0.0, Max:  0.0, Diff:  0.0, Sum:  0.0, Workers: 4
[1887.942s][debug][gc,phases      ] GC(60)     Dead                           Min: 0, Avg:  0.0, Max: 0, Diff: 0, Sum: 0, Workers: 4
[1887.942s][debug][gc,phases      ] GC(60)     Total                          Min: 0, Avg:  0.0, Max: 0, Diff: 0, Sum: 0, Workers: 4
[1887.942s][debug][gc,phases      ] GC(60) Weak Processing 0.288ms
[1887.942s][debug][gc,age         ] GC(60) Desired survivor size 44040192 bytes, new threshold 15 (max threshold 15)
[1887.942s][info ][gc,heap        ] GC(60) PSYoungGen: 2007104K(2051072K)->5568K(2047488K) Eden: 2001408K(2001408K)->0K(2001408K) From: 5696K(49664K)->5568K(46080K)
[1887.942s][info ][gc,heap        ] GC(60) ParOldGen: 397041K(520704K)->397089K(520704K)
[1887.942s][info ][gc,metaspace   ] GC(60) Metaspace: 78326K(79232K)->78326K(79232K) NonClass: 67293K(67776K)->67293K(67776K) Class: 11033K(11456K)->11033K(11456K)
[1887.942s][info ][gc             ] GC(60) Pause Young (Allocation Failure) 2347M->393M(2508M) 3.812ms
[1887.942s][info ][gc,cpu         ] GC(60) User=0.01s Sys=0.00s Real=0.00s
[1887.942s][info ][safepoint      ] Safepoint "ParallelGCFailedAllocation", Time since last: 9494476704 ns, Reaching safepoint: 31300 ns, At safepoint: 3871108 ns, Total: 3902408 ns
[1892.942s][info ][safepoint      ] Safepoint "Cleanup", Time since last: 5000325474 ns, Reaching safepoint: 25600 ns, At safepoint: 2700 ns, Total: 28300 ns
[1896.943s][info ][safepoint      ] Safepoint "Cleanup", Time since last: 4000283319 ns, Reaching safepoint: 43500 ns, At safepoint: 6800 ns, Total: 50300 ns
[1903.943s][info ][safepoint      ] Safepoint "Cleanup", Time since last: 7000390285 ns, Reaching safepoint: 112100 ns, At safepoint: 8800 ns, Total: 120900 ns
[1904.943s][info ][safepoint      ] Safepoint "Cleanup", Time since last: 1000107555 ns, Reaching safepoint: 44200 ns, At safepoint: 3300 ns, Total: 47500 ns
[1905.944s][info ][safepoint      ] Safepoint "Cleanup", Time since last: 1000096855 ns, Reaching safepoint: 26800 ns, At safepoint: 2500 ns, Total: 29300 ns
[1911.944s][info ][safepoint      ] Safepoint "Cleanup", Time since last: 6000413832 ns, Reaching safepoint: 41500 ns, At safepoint: 2300 ns, Total: 43800 ns
[1933.945s][info ][safepoint      ] Safepoint "Cleanup", Time since last: 22001368925 ns, Reaching safepoint: 37200 ns, At safepoint: 4100 ns, Total: 41300 ns
[1937.734s][info ][gc,start       ] GC(61) Pause Young (Allocation Failure)
[1937.739s][debug][gc,phases      ] GC(61) Scavenge 4.529ms
[1937.739s][debug][gc,ref         ] GC(61) Skipped phase 1 of Reference Processing: no references
[1937.739s][debug][gc,ref         ] GC(61) ReferenceProcessor::execute queues: 1, RefProcThreadModel::Single, marks_oops_alive: false
[1937.739s][debug][gc,ref         ] GC(61) Skipped phase 3 of Reference Processing: no references
[1937.739s][debug][gc,ref         ] GC(61) ReferenceProcessor::execute queues: 1, RefProcThreadModel::Single, marks_oops_alive: false
[1937.739s][debug][gc,phases      ] GC(61) Reference Processing 0.083ms
[1937.739s][debug][gc,phases      ] GC(61)   VM Weak                        Min:  0.0, Avg:  0.0, Max:  0.0, Diff:  0.0, Sum:  0.0, Workers: 4
[1937.739s][debug][gc,phases      ] GC(61)     Dead                           Min: 0, Avg:  0.0, Max: 0, Diff: 0, Sum: 0, Workers: 4
[1937.739s][debug][gc,phases      ] GC(61)     Total                          Min: 0, Avg: 186.0, Max: 744, Diff: 744, Sum: 744, Workers: 4
[1937.739s][debug][gc,phases      ] GC(61)   ObjectSynchronizer Weak        Min:  0.0, Avg:  0.0, Max:  0.0, Diff:  0.0, Sum:  0.0, Workers: 4
[1937.739s][debug][gc,phases      ] GC(61)     Dead                           Min: 0, Avg:  0.0, Max: 0, Diff: 0, Sum: 0, Workers: 4
[1937.739s][debug][gc,phases      ] GC(61)     Total                          Min: 0, Avg:  9.0, Max: 36, Diff: 36, Sum: 36, Workers: 4
[1937.739s][debug][gc,phases      ] GC(61)   JVMTI Tag Weak OopStorage      Min:  0.0, Avg:  0.0, Max:  0.0, Diff:  0.0, Sum:  0.0, Workers: 4
[1937.739s][debug][gc,phases      ] GC(61)     Dead                           Min: 0, Avg:  0.0, Max: 0, Diff: 0, Sum: 0, Workers: 4
[1937.739s][debug][gc,phases      ] GC(61)     Total                          Min: 0, Avg:  0.0, Max: 0, Diff: 0, Sum: 0, Workers: 4
[1937.739s][debug][gc,phases      ] GC(61)   StringTable Weak               Min:  0.1, Avg:  0.1, Max:  0.1, Diff:  0.0, Sum:  0.4, Workers: 4
[1937.739s][debug][gc,phases      ] GC(61)     Dead                           Min: 0, Avg:  0.0, Max: 0, Diff: 0, Sum: 0, Workers: 4
[1937.739s][debug][gc,phases      ] GC(61)     Total                          Min: 9791, Avg: 10600.5, Max: 11776, Diff: 1985, Sum: 42402, Workers: 4
[1937.739s][debug][gc,phases      ] GC(61)   ResolvedMethodTable Weak       Min:  0.0, Avg:  0.0, Max:  0.0, Diff:  0.0, Sum:  0.1, Workers: 4
[1937.739s][debug][gc,phases      ] GC(61)     Dead                           Min: 0, Avg:  0.0, Max: 0, Diff: 0, Sum: 0, Workers: 4
[1937.739s][debug][gc,phases      ] GC(61)     Total                          Min: 1984, Avg: 2092.8, Max: 2176, Diff: 192, Sum: 8371, Workers: 4
[1937.739s][debug][gc,phases      ] GC(61)   JNI Weak                       Min:  0.0, Avg:  0.0, Max:  0.0, Diff:  0.0, Sum:  0.0, Workers: 4
[1937.739s][debug][gc,phases      ] GC(61)     Dead                           Min: 0, Avg:  0.0, Max: 0, Diff: 0, Sum: 0, Workers: 4
[1937.739s][debug][gc,phases      ] GC(61)     Total                          Min: 0, Avg: 11.2, Max: 45, Diff: 45, Sum: 45, Workers: 4
[1937.739s][debug][gc,phases      ] GC(61)   StringDedup Table Weak         Min:  0.0, Avg:  0.0, Max:  0.0, Diff:  0.0, Sum:  0.0, Workers: 4
[1937.739s][debug][gc,phases      ] GC(61)     Dead                           Min: 0, Avg:  0.0, Max: 0, Diff: 0, Sum: 0, Workers: 4
[1937.739s][debug][gc,phases      ] GC(61)     Total                          Min: 0, Avg:  0.0, Max: 0, Diff: 0, Sum: 0, Workers: 4
[1937.739s][debug][gc,phases      ] GC(61)   StringDedup Requests0 Weak     Min:  0.0, Avg:  0.0, Max:  0.0, Diff:  0.0, Sum:  0.0, Workers: 4
[1937.739s][debug][gc,phases      ] GC(61)     Dead                           Min: 0, Avg:  0.0, Max: 0, Diff: 0, Sum: 0, Workers: 4
[1937.739s][debug][gc,phases      ] GC(61)     Total                          Min: 0, Avg:  0.0, Max: 0, Diff: 0, Sum: 0, Workers: 4
[1937.739s][debug][gc,phases      ] GC(61)   StringDedup Requests1 Weak     Min:  0.0, Avg:  0.0, Max:  0.0, Diff:  0.0, Sum:  0.0, Workers: 4
[1937.739s][debug][gc,phases      ] GC(61)     Dead                           Min: 0, Avg:  0.0, Max: 0, Diff: 0, Sum: 0, Workers: 4
[1937.739s][debug][gc,phases      ] GC(61)     Total                          Min: 0, Avg:  0.0, Max: 0, Diff: 0, Sum: 0, Workers: 4
[1937.739s][debug][gc,phases      ] GC(61)   Weak JFR Old Object Samples    Min:  0.0, Avg:  0.0, Max:  0.0, Diff:  0.0, Sum:  0.0, Workers: 4
[1937.739s][debug][gc,phases      ] GC(61)     Dead                           Min: 0, Avg:  0.0, Max: 0, Diff: 0, Sum: 0, Workers: 4
[1937.739s][debug][gc,phases      ] GC(61)     Total                          Min: 0, Avg:  0.0, Max: 0, Diff: 0, Sum: 0, Workers: 4
[1937.739s][debug][gc,phases      ] GC(61) Weak Processing 0.274ms
[1937.739s][debug][gc,age         ] GC(61) Desired survivor size 40894464 bytes, new threshold 15 (max threshold 15)
[1937.739s][info ][gc,heap        ] GC(61) PSYoungGen: 2006976K(2047488K)->5168K(2057216K) Eden: 2001408K(2001408K)->0K(2014208K) From: 5568K(46080K)->5168K(43008K)
[1937.739s][info ][gc,heap        ] GC(61) ParOldGen: 397089K(520704K)->397141K(520704K)
[1937.739s][info ][gc,metaspace   ] GC(61) Metaspace: 78328K(79232K)->78328K(79232K) NonClass: 67295K(67776K)->67295K(67776K) Class: 11033K(11456K)->11033K(11456K)
[1937.739s][info ][gc             ] GC(61) Pause Young (Allocation Failure) 2347M->392M(2517M) 4.979ms
[1937.739s][info ][gc,cpu         ] GC(61) User=0.01s Sys=0.00s Real=0.00s
[1937.739s][info ][safepoint      ] Safepoint "ParallelGCFailedAllocation", Time since last: 3788685089 ns, Reaching safepoint: 102200 ns, At safepoint: 5043910 ns, Total: 5146110 ns
[1942.740s][info ][safepoint      ] Safepoint "Cleanup", Time since last: 5000346281 ns, Reaching safepoint: 50800 ns, At safepoint: 4100 ns, Total: 54900 ns
[1966.741s][info ][safepoint      ] Safepoint "Cleanup", Time since last: 24001466758 ns, Reaching safepoint: 39500 ns, At safepoint: 3900 ns, Total: 43400 ns
[1969.741s][info ][safepoint      ] Safepoint "Cleanup", Time since last: 3000157271 ns, Reaching safepoint: 27300 ns, At safepoint: 2700 ns, Total: 30000 ns
[1971.742s][info ][safepoint      ] Safepoint "Cleanup", Time since last: 2000169214 ns, Reaching safepoint: 26201 ns, At safepoint: 2600 ns, Total: 28801 ns
[1973.742s][info ][safepoint      ] Safepoint "Cleanup", Time since last: 2000163514 ns, Reaching safepoint: 33300 ns, At safepoint: 6600 ns, Total: 39900 ns
[1981.743s][info ][safepoint      ] Safepoint "Cleanup", Time since last: 8001387059 ns, Reaching safepoint: 110601 ns, At safepoint: 16800 ns, Total: 127401 ns
[1982.983s][info ][gc,start       ] GC(62) Pause Young (Allocation Failure)
[1982.988s][debug][gc,phases      ] GC(62) Scavenge 4.176ms
[1982.988s][debug][gc,ref         ] GC(62) Skipped phase 1 of Reference Processing: no references
[1982.988s][debug][gc,ref         ] GC(62) ReferenceProcessor::execute queues: 1, RefProcThreadModel::Single, marks_oops_alive: false
[1982.988s][debug][gc,ref         ] GC(62) Skipped phase 3 of Reference Processing: no references
[1982.988s][debug][gc,ref         ] GC(62) ReferenceProcessor::execute queues: 1, RefProcThreadModel::Single, marks_oops_alive: false
[1982.988s][debug][gc,phases      ] GC(62) Reference Processing 0.083ms
[1982.988s][debug][gc,phases      ] GC(62)   VM Weak                        Min:  0.0, Avg:  0.0, Max:  0.0, Diff:  0.0, Sum:  0.0, Workers: 4
[1982.988s][debug][gc,phases      ] GC(62)     Dead                           Min: 0, Avg:  0.0, Max: 0, Diff: 0, Sum: 0, Workers: 4
[1982.988s][debug][gc,phases      ] GC(62)     Total                          Min: 0, Avg: 186.0, Max: 744, Diff: 744, Sum: 744, Workers: 4
[1982.988s][debug][gc,phases      ] GC(62)   ObjectSynchronizer Weak        Min:  0.0, Avg:  0.0, Max:  0.0, Diff:  0.0, Sum:  0.0, Workers: 4
[1982.988s][debug][gc,phases      ] GC(62)     Dead                           Min: 0, Avg:  0.0, Max: 0, Diff: 0, Sum: 0, Workers: 4
[1982.988s][debug][gc,phases      ] GC(62)     Total                          Min: 0, Avg:  9.0, Max: 36, Diff: 36, Sum: 36, Workers: 4
[1982.988s][debug][gc,phases      ] GC(62)   JVMTI Tag Weak OopStorage      Min:  0.0, Avg:  0.0, Max:  0.0, Diff:  0.0, Sum:  0.0, Workers: 4
[1982.988s][debug][gc,phases      ] GC(62)     Dead                           Min: 0, Avg:  0.0, Max: 0, Diff: 0, Sum: 0, Workers: 4
[1982.988s][debug][gc,phases      ] GC(62)     Total                          Min: 0, Avg:  0.0, Max: 0, Diff: 0, Sum: 0, Workers: 4
[1982.988s][debug][gc,phases      ] GC(62)   StringTable Weak               Min:  0.1, Avg:  0.1, Max:  0.1, Diff:  0.0, Sum:  0.4, Workers: 4
[1982.988s][debug][gc,phases      ] GC(62)     Dead                           Min: 0, Avg:  0.0, Max: 0, Diff: 0, Sum: 0, Workers: 4
[1982.988s][debug][gc,phases      ] GC(62)     Total                          Min: 10176, Avg: 10602.0, Max: 11200, Diff: 1024, Sum: 42408, Workers: 4
[1982.988s][debug][gc,phases      ] GC(62)   ResolvedMethodTable Weak       Min:  0.0, Avg:  0.0, Max:  0.0, Diff:  0.0, Sum:  0.1, Workers: 4
[1982.988s][debug][gc,phases      ] GC(62)     Dead                           Min: 0, Avg:  0.0, Max: 0, Diff: 0, Sum: 0, Workers: 4
[1982.988s][debug][gc,phases      ] GC(62)     Total                          Min: 1984, Avg: 2093.2, Max: 2176, Diff: 192, Sum: 8373, Workers: 4
[1982.988s][debug][gc,phases      ] GC(62)   JNI Weak                       Min:  0.0, Avg:  0.0, Max:  0.0, Diff:  0.0, Sum:  0.0, Workers: 4
[1982.988s][debug][gc,phases      ] GC(62)     Dead                           Min: 0, Avg:  0.0, Max: 0, Diff: 0, Sum: 0, Workers: 4
[1982.988s][debug][gc,phases      ] GC(62)     Total                          Min: 0, Avg: 11.2, Max: 45, Diff: 45, Sum: 45, Workers: 4
[1982.988s][debug][gc,phases      ] GC(62)   StringDedup Table Weak         Min:  0.0, Avg:  0.0, Max:  0.0, Diff:  0.0, Sum:  0.0, Workers: 4
[1982.988s][debug][gc,phases      ] GC(62)     Dead                           Min: 0, Avg:  0.0, Max: 0, Diff: 0, Sum: 0, Workers: 4
[1982.988s][debug][gc,phases      ] GC(62)     Total                          Min: 0, Avg:  0.0, Max: 0, Diff: 0, Sum: 0, Workers: 4
[1982.988s][debug][gc,phases      ] GC(62)   StringDedup Requests0 Weak     Min:  0.0, Avg:  0.0, Max:  0.0, Diff:  0.0, Sum:  0.0, Workers: 4
[1982.988s][debug][gc,phases      ] GC(62)     Dead                           Min: 0, Avg:  0.0, Max: 0, Diff: 0, Sum: 0, Workers: 4
[1982.988s][debug][gc,phases      ] GC(62)     Total                          Min: 0, Avg:  0.0, Max: 0, Diff: 0, Sum: 0, Workers: 4
[1982.988s][debug][gc,phases      ] GC(62)   StringDedup Requests1 Weak     Min:  0.0, Avg:  0.0, Max:  0.0, Diff:  0.0, Sum:  0.0, Workers: 4
[1982.988s][debug][gc,phases      ] GC(62)     Dead                           Min: 0, Avg:  0.0, Max: 0, Diff: 0, Sum: 0, Workers: 4
[1982.988s][debug][gc,phases      ] GC(62)     Total                          Min: 0, Avg:  0.0, Max: 0, Diff: 0, Sum: 0, Workers: 4
[1982.988s][debug][gc,phases      ] GC(62)   Weak JFR Old Object Samples    Min:  0.0, Avg:  0.0, Max:  0.0, Diff:  0.0, Sum:  0.0, Workers: 4
[1982.988s][debug][gc,phases      ] GC(62)     Dead                           Min: 0, Avg:  0.0, Max: 0, Diff: 0, Sum: 0, Workers: 4
[1982.988s][debug][gc,phases      ] GC(62)     Total                          Min: 0, Avg:  0.0, Max: 0, Diff: 0, Sum: 0, Workers: 4
[1982.988s][debug][gc,phases      ] GC(62) Weak Processing 0.286ms
[1982.988s][debug][gc,age         ] GC(62) Desired survivor size 38273024 bytes, new threshold 15 (max threshold 15)
[1982.988s][info ][gc,heap        ] GC(62) PSYoungGen: 2019376K(2057216K)->5456K(2054144K) Eden: 2014208K(2014208K)->0K(2014208K) From: 5168K(43008K)->5456K(39936K)
[1982.988s][info ][gc,heap        ] GC(62) ParOldGen: 397141K(520704K)->397181K(520704K)
[1982.988s][info ][gc,metaspace   ] GC(62) Metaspace: 78358K(79232K)->78358K(79232K) NonClass: 67323K(67776K)->67323K(67776K) Class: 11035K(11456K)->11035K(11456K)
[1982.988s][info ][gc             ] GC(62) Pause Young (Allocation Failure) 2359M->393M(2514M) 4.648ms
[1982.988s][info ][gc,cpu         ] GC(62) User=0.02s Sys=0.00s Real=0.01s
[1982.988s][info ][safepoint      ] Safepoint "ParallelGCFailedAllocation", Time since last: 1239919450 ns, Reaching safepoint: 182601 ns, At safepoint: 4708009 ns, Total: 4890610 ns
[1984.988s][info ][safepoint      ] Safepoint "Cleanup", Time since last: 2000143715 ns, Reaching safepoint: 39200 ns, At safepoint: 2200 ns, Total: 41400 ns
[1985.988s][info ][safepoint      ] Safepoint "Cleanup", Time since last: 1000063958 ns, Reaching safepoint: 38800 ns, At safepoint: 2300 ns, Total: 41100 ns
[1986.989s][info ][safepoint      ] Safepoint "Cleanup", Time since last: 1000095857 ns, Reaching safepoint: 51800 ns, At safepoint: 2601 ns, Total: 54401 ns
[1988.989s][info ][safepoint      ] Safepoint "Cleanup", Time since last: 2000170815 ns, Reaching safepoint: 39900 ns, At safepoint: 2400 ns, Total: 42300 ns
[1990.989s][info ][safepoint      ] Safepoint "Cleanup", Time since last: 2000166115 ns, Reaching safepoint: 38000 ns, At safepoint: 2000 ns, Total: 40000 ns
[1991.989s][info ][safepoint      ] Safepoint "Cleanup", Time since last: 1000104558 ns, Reaching safepoint: 40100 ns, At safepoint: 3400 ns, Total: 43500 ns
[1992.989s][info ][safepoint      ] Safepoint "Cleanup", Time since last: 1000112057 ns, Reaching safepoint: 26100 ns, At safepoint: 5500 ns, Total: 31600 ns
[1993.989s][info ][safepoint      ] Safepoint "Cleanup", Time since last: 1000098858 ns, Reaching safepoint: 35100 ns, At safepoint: 2400 ns, Total: 37500 ns
[1994.990s][info ][safepoint      ] Safepoint "Cleanup", Time since last: 1000077658 ns, Reaching safepoint: 24500 ns, At safepoint: 2800 ns, Total: 27300 ns
[2001.990s][info ][safepoint      ] Safepoint "Cleanup", Time since last: 7000447504 ns, Reaching safepoint: 50700 ns, At safepoint: 5000 ns, Total: 55700 ns
[2002.990s][info ][safepoint      ] Safepoint "Cleanup", Time since last: 1000111558 ns, Reaching safepoint: 51800 ns, At safepoint: 2701 ns, Total: 54501 ns
[2004.990s][info ][safepoint      ] Safepoint "Cleanup", Time since last: 2000167715 ns, Reaching safepoint: 33000 ns, At safepoint: 2200 ns, Total: 35200 ns
[2006.991s][info ][safepoint      ] Safepoint "Cleanup", Time since last: 2000165616 ns, Reaching safepoint: 87801 ns, At safepoint: 5700 ns, Total: 93501 ns
[2008.991s][info ][safepoint      ] Safepoint "Cleanup", Time since last: 2000158316 ns, Reaching safepoint: 29900 ns, At safepoint: 6300 ns, Total: 36200 ns
[2009.991s][info ][safepoint      ] Safepoint "Cleanup", Time since last: 1000103858 ns, Reaching safepoint: 33700 ns, At safepoint: 2600 ns, Total: 36300 ns
[2011.991s][info ][safepoint      ] Safepoint "Cleanup", Time since last: 2000118816 ns, Reaching safepoint: 100500 ns, At safepoint: 10500 ns, Total: 111000 ns
[2014.991s][info ][safepoint      ] Safepoint "Cleanup", Time since last: 3000185275 ns, Reaching safepoint: 27200 ns, At safepoint: 2800 ns, Total: 30000 ns
[2017.992s][info ][safepoint      ] Safepoint "Cleanup", Time since last: 3000218675 ns, Reaching safepoint: 25000 ns, At safepoint: 2500 ns, Total: 27500 ns
[2019.992s][info ][safepoint      ] Safepoint "Cleanup", Time since last: 2000152516 ns, Reaching safepoint: 37400 ns, At safepoint: 2500 ns, Total: 39900 ns
[2022.992s][info ][safepoint      ] Safepoint "Cleanup", Time since last: 3000216575 ns, Reaching safepoint: 36801 ns, At safepoint: 2400 ns, Total: 39201 ns
[2026.992s][info ][safepoint      ] Safepoint "Cleanup", Time since last: 4000221233 ns, Reaching safepoint: 45700 ns, At safepoint: 2900 ns, Total: 48600 ns
[2027.992s][info ][safepoint      ] Safepoint "Cleanup", Time since last: 1000052859 ns, Reaching safepoint: 32000 ns, At safepoint: 2600 ns, Total: 34600 ns
[2035.993s][info ][safepoint      ] Safepoint "Cleanup", Time since last: 8000529069 ns, Reaching safepoint: 35600 ns, At safepoint: 2400 ns, Total: 38000 ns
[2037.993s][info ][safepoint      ] Safepoint "Cleanup", Time since last: 2000169717 ns, Reaching safepoint: 28700 ns, At safepoint: 2800 ns, Total: 31500 ns
[2039.993s][info ][safepoint      ] Safepoint "Cleanup", Time since last: 2000172518 ns, Reaching safepoint: 31300 ns, At safepoint: 22400 ns, Total: 53700 ns
[2040.994s][info ][safepoint      ] Safepoint "Cleanup", Time since last: 1000090859 ns, Reaching safepoint: 107500 ns, At safepoint: 6300 ns, Total: 113800 ns
[2042.994s][info ][safepoint      ] Safepoint "Cleanup", Time since last: 2000161518 ns, Reaching safepoint: 38400 ns, At safepoint: 3700 ns, Total: 42100 ns
[2044.994s][info ][safepoint      ] Safepoint "Cleanup", Time since last: 2000158618 ns, Reaching safepoint: 38200 ns, At safepoint: 2000 ns, Total: 40200 ns
[2045.236s][info ][gc,start       ] GC(63) Pause Young (Allocation Failure)
[2045.241s][debug][gc,phases      ] GC(63) Scavenge 5.268ms
[2045.241s][debug][gc,ref         ] GC(63) Skipped phase 1 of Reference Processing: no references
[2045.241s][debug][gc,ref         ] GC(63) ReferenceProcessor::execute queues: 1, RefProcThreadModel::Single, marks_oops_alive: false
[2045.241s][debug][gc,ref         ] GC(63) Skipped phase 3 of Reference Processing: no references
[2045.241s][debug][gc,ref         ] GC(63) ReferenceProcessor::execute queues: 1, RefProcThreadModel::Single, marks_oops_alive: false
[2045.241s][debug][gc,phases      ] GC(63) Reference Processing 0.086ms
[2045.241s][debug][gc,phases      ] GC(63)   VM Weak                        Min:  0.0, Avg:  0.0, Max:  0.0, Diff:  0.0, Sum:  0.0, Workers: 4
[2045.241s][debug][gc,phases      ] GC(63)     Dead                           Min: 0, Avg:  0.0, Max: 0, Diff: 0, Sum: 0, Workers: 4
[2045.241s][debug][gc,phases      ] GC(63)     Total                          Min: 0, Avg: 186.0, Max: 744, Diff: 744, Sum: 744, Workers: 4
[2045.241s][debug][gc,phases      ] GC(63)   ObjectSynchronizer Weak        Min:  0.0, Avg:  0.0, Max:  0.0, Diff:  0.0, Sum:  0.0, Workers: 4
[2045.241s][debug][gc,phases      ] GC(63)     Dead                           Min: 0, Avg:  0.0, Max: 0, Diff: 0, Sum: 0, Workers: 4
[2045.241s][debug][gc,phases      ] GC(63)     Total                          Min: 0, Avg:  9.0, Max: 36, Diff: 36, Sum: 36, Workers: 4
[2045.241s][debug][gc,phases      ] GC(63)   JVMTI Tag Weak OopStorage      Min:  0.0, Avg:  0.0, Max:  0.0, Diff:  0.0, Sum:  0.0, Workers: 4
[2045.241s][debug][gc,phases      ] GC(63)     Dead                           Min: 0, Avg:  0.0, Max: 0, Diff: 0, Sum: 0, Workers: 4
[2045.241s][debug][gc,phases      ] GC(63)     Total                          Min: 0, Avg:  0.0, Max: 0, Diff: 0, Sum: 0, Workers: 4
[2045.241s][debug][gc,phases      ] GC(63)   StringTable Weak               Min:  0.0, Avg:  0.1, Max:  0.1, Diff:  0.1, Sum:  0.3, Workers: 4
[2045.241s][debug][gc,phases      ] GC(63)     Dead                           Min: 0, Avg:  0.2, Max: 1, Diff: 1, Sum: 1, Workers: 4
[2045.241s][debug][gc,phases      ] GC(63)     Total                          Min: 0, Avg: 10602.8, Max: 18110, Diff: 18110, Sum: 42411, Workers: 4
[2045.241s][debug][gc,phases      ] GC(63)   ResolvedMethodTable Weak       Min:  0.0, Avg:  0.0, Max:  0.0, Diff:  0.0, Sum:  0.1, Workers: 4
[2045.241s][debug][gc,phases      ] GC(63)     Dead                           Min: 0, Avg:  0.0, Max: 0, Diff: 0, Sum: 0, Workers: 4
[2045.241s][debug][gc,phases      ] GC(63)     Total                          Min: 0, Avg: 2094.5, Max: 3648, Diff: 3648, Sum: 8378, Workers: 4
[2045.241s][debug][gc,phases      ] GC(63)   JNI Weak                       Min:  0.0, Avg:  0.0, Max:  0.0, Diff:  0.0, Sum:  0.0, Workers: 4
[2045.241s][debug][gc,phases      ] GC(63)     Dead                           Min: 0, Avg:  0.0, Max: 0, Diff: 0, Sum: 0, Workers: 4
[2045.241s][debug][gc,phases      ] GC(63)     Total                          Min: 0, Avg: 11.2, Max: 45, Diff: 45, Sum: 45, Workers: 4
[2045.241s][debug][gc,phases      ] GC(63)   StringDedup Table Weak         Min:  0.0, Avg:  0.0, Max:  0.0, Diff:  0.0, Sum:  0.0, Workers: 4
[2045.241s][debug][gc,phases      ] GC(63)     Dead                           Min: 0, Avg:  0.0, Max: 0, Diff: 0, Sum: 0, Workers: 4
[2045.241s][debug][gc,phases      ] GC(63)     Total                          Min: 0, Avg:  0.0, Max: 0, Diff: 0, Sum: 0, Workers: 4
[2045.241s][debug][gc,phases      ] GC(63)   StringDedup Requests0 Weak     Min:  0.0, Avg:  0.0, Max:  0.0, Diff:  0.0, Sum:  0.0, Workers: 4
[2045.241s][debug][gc,phases      ] GC(63)     Dead                           Min: 0, Avg:  0.0, Max: 0, Diff: 0, Sum: 0, Workers: 4
[2045.241s][debug][gc,phases      ] GC(63)     Total                          Min: 0, Avg:  0.0, Max: 0, Diff: 0, Sum: 0, Workers: 4
[2045.241s][debug][gc,phases      ] GC(63)   StringDedup Requests1 Weak     Min:  0.0, Avg:  0.0, Max:  0.0, Diff:  0.0, Sum:  0.0, Workers: 4
[2045.241s][debug][gc,phases      ] GC(63)     Dead                           Min: 0, Avg:  0.0, Max: 0, Diff: 0, Sum: 0, Workers: 4
[2045.241s][debug][gc,phases      ] GC(63)     Total                          Min: 0, Avg:  0.0, Max: 0, Diff: 0, Sum: 0, Workers: 4
[2045.241s][debug][gc,phases      ] GC(63)   Weak JFR Old Object Samples    Min:  0.0, Avg:  0.0, Max:  0.0, Diff:  0.0, Sum:  0.0, Workers: 4
[2045.241s][debug][gc,phases      ] GC(63)     Dead                           Min: 0, Avg:  0.0, Max: 0, Diff: 0, Sum: 0, Workers: 4
[2045.241s][debug][gc,phases      ] GC(63)     Total                          Min: 0, Avg:  0.0, Max: 0, Diff: 0, Sum: 0, Workers: 4
[2045.241s][debug][gc,phases      ] GC(63) Weak Processing 0.302ms
[2045.241s][debug][gc,age         ] GC(63) Desired survivor size 35651584 bytes, new threshold 15 (max threshold 15)
[2045.241s][info ][gc,heap        ] GC(63) PSYoungGen: 2019664K(2054144K)->7600K(2062336K) Eden: 2014208K(2014208K)->0K(2024960K) From: 5456K(39936K)->7600K(37376K)
[2045.241s][info ][gc,heap        ] GC(63) ParOldGen: 397181K(520704K)->397253K(520704K)
[2045.241s][info ][gc,metaspace   ] GC(63) Metaspace: 78379K(79296K)->78379K(79296K) NonClass: 67342K(67840K)->67342K(67840K) Class: 11037K(11456K)->11037K(11456K)
[2045.241s][info ][gc             ] GC(63) Pause Young (Allocation Failure) 2360M->395M(2522M) 5.760ms
[2045.241s][info ][gc,cpu         ] GC(63) User=0.02s Sys=0.00s Real=0.00s
[2045.241s][info ][safepoint      ] Safepoint "ParallelGCFailedAllocation", Time since last: 241417797 ns, Reaching safepoint: 40800 ns, At safepoint: 5813012 ns, Total: 5853812 ns
[2048.242s][info ][safepoint      ] Safepoint "Cleanup", Time since last: 3000198377 ns, Reaching safepoint: 60800 ns, At safepoint: 2100 ns, Total: 62900 ns
[2049.242s][info ][safepoint      ] Safepoint "Cleanup", Time since last: 1000097659 ns, Reaching safepoint: 44200 ns, At safepoint: 2900 ns, Total: 47100 ns
[2052.242s][info ][safepoint      ] Safepoint "Cleanup", Time since last: 3000219777 ns, Reaching safepoint: 32300 ns, At safepoint: 2700 ns, Total: 35000 ns
[2065.243s][info ][safepoint      ] Safepoint "Cleanup", Time since last: 13000856670 ns, Reaching safepoint: 100401 ns, At safepoint: 8200 ns, Total: 108601 ns
[2066.243s][info ][safepoint      ] Safepoint "Cleanup", Time since last: 1000104159 ns, Reaching safepoint: 43500 ns, At safepoint: 3000 ns, Total: 46500 ns
[2071.244s][info ][safepoint      ] Safepoint "Cleanup", Time since last: 5000344198 ns, Reaching safepoint: 40400 ns, At safepoint: 6000 ns, Total: 46400 ns
[2072.244s][info ][safepoint      ] Safepoint "Cleanup", Time since last: 1000101959 ns, Reaching safepoint: 60100 ns, At safepoint: 2600 ns, Total: 62700 ns
[2074.244s][info ][safepoint      ] Safepoint "Cleanup", Time since last: 2000158820 ns, Reaching safepoint: 43200 ns, At safepoint: 2200 ns, Total: 45400 ns
[2076.244s][info ][safepoint      ] Safepoint "Cleanup", Time since last: 2000152019 ns, Reaching safepoint: 35000 ns, At safepoint: 2200 ns, Total: 37200 ns
[2077.244s][info ][safepoint      ] Safepoint "Cleanup", Time since last: 1000093460 ns, Reaching safepoint: 27400 ns, At safepoint: 2800 ns, Total: 30200 ns
[2079.244s][info ][safepoint      ] Safepoint "Cleanup", Time since last: 2000151219 ns, Reaching safepoint: 33700 ns, At safepoint: 2700 ns, Total: 36400 ns
[2084.245s][info ][safepoint      ] Safepoint "Cleanup", Time since last: 5000344399 ns, Reaching safepoint: 30200 ns, At safepoint: 2600 ns, Total: 32800 ns
[2093.245s][info ][safepoint      ] Safepoint "Cleanup", Time since last: 9000594739 ns, Reaching safepoint: 42000 ns, At safepoint: 3800 ns, Total: 45800 ns
[2098.734s][info ][gc,start       ] GC(64) Pause Young (Allocation Failure)
[2098.745s][debug][gc,phases      ] GC(64) Scavenge 10.747ms
[2098.745s][debug][gc,ref         ] GC(64) Skipped phase 1 of Reference Processing: no references
[2098.745s][debug][gc,ref         ] GC(64) ReferenceProcessor::execute queues: 1, RefProcThreadModel::Single, marks_oops_alive: false
[2098.745s][debug][gc,ref         ] GC(64) Skipped phase 3 of Reference Processing: no references
[2098.745s][debug][gc,ref         ] GC(64) ReferenceProcessor::execute queues: 1, RefProcThreadModel::Single, marks_oops_alive: false
[2098.745s][debug][gc,phases      ] GC(64) Reference Processing 0.104ms
[2098.745s][debug][gc,phases      ] GC(64)   VM Weak                        Min:  0.0, Avg:  0.0, Max:  0.0, Diff:  0.0, Sum:  0.0, Workers: 4
[2098.745s][debug][gc,phases      ] GC(64)     Dead                           Min: 0, Avg:  0.0, Max: 0, Diff: 0, Sum: 0, Workers: 4
[2098.745s][debug][gc,phases      ] GC(64)     Total                          Min: 0, Avg: 186.0, Max: 552, Diff: 552, Sum: 744, Workers: 4
[2098.745s][debug][gc,phases      ] GC(64)   ObjectSynchronizer Weak        Min:  0.0, Avg:  0.0, Max:  0.0, Diff:  0.0, Sum:  0.0, Workers: 4
[2098.745s][debug][gc,phases      ] GC(64)     Dead                           Min: 0, Avg:  0.0, Max: 0, Diff: 0, Sum: 0, Workers: 4
[2098.745s][debug][gc,phases      ] GC(64)     Total                          Min: 0, Avg:  9.0, Max: 36, Diff: 36, Sum: 36, Workers: 4
[2098.745s][debug][gc,phases      ] GC(64)   JVMTI Tag Weak OopStorage      Min:  0.0, Avg:  0.0, Max:  0.0, Diff:  0.0, Sum:  0.0, Workers: 4
[2098.745s][debug][gc,phases      ] GC(64)     Dead                           Min: 0, Avg:  0.0, Max: 0, Diff: 0, Sum: 0, Workers: 4
[2098.745s][debug][gc,phases      ] GC(64)     Total                          Min: 0, Avg:  0.0, Max: 0, Diff: 0, Sum: 0, Workers: 4
[2098.745s][debug][gc,phases      ] GC(64)   StringTable Weak               Min:  0.0, Avg:  0.1, Max:  0.1, Diff:  0.1, Sum:  0.3, Workers: 4
[2098.745s][debug][gc,phases      ] GC(64)     Dead                           Min: 0, Avg:  0.0, Max: 0, Diff: 0, Sum: 0, Workers: 4
[2098.745s][debug][gc,phases      ] GC(64)     Total                          Min: 0, Avg: 10604.0, Max: 17983, Diff: 17983, Sum: 42416, Workers: 4
[2098.745s][debug][gc,phases      ] GC(64)   ResolvedMethodTable Weak       Min:  0.0, Avg:  0.0, Max:  0.0, Diff:  0.0, Sum:  0.1, Workers: 4
[2098.745s][debug][gc,phases      ] GC(64)     Dead                           Min: 0, Avg:  0.0, Max: 0, Diff: 0, Sum: 0, Workers: 4
[2098.745s][debug][gc,phases      ] GC(64)     Total                          Min: 0, Avg: 2094.5, Max: 3008, Diff: 3008, Sum: 8378, Workers: 4
[2098.745s][debug][gc,phases      ] GC(64)   JNI Weak                       Min:  0.0, Avg:  0.0, Max:  0.0, Diff:  0.0, Sum:  0.0, Workers: 4
[2098.745s][debug][gc,phases      ] GC(64)     Dead                           Min: 0, Avg:  0.0, Max: 0, Diff: 0, Sum: 0, Workers: 4
[2098.745s][debug][gc,phases      ] GC(64)     Total                          Min: 0, Avg: 11.2, Max: 45, Diff: 45, Sum: 45, Workers: 4
[2098.745s][debug][gc,phases      ] GC(64)   StringDedup Table Weak         Min:  0.0, Avg:  0.0, Max:  0.0, Diff:  0.0, Sum:  0.0, Workers: 4
[2098.745s][debug][gc,phases      ] GC(64)     Dead                           Min: 0, Avg:  0.0, Max: 0, Diff: 0, Sum: 0, Workers: 4
[2098.745s][debug][gc,phases      ] GC(64)     Total                          Min: 0, Avg:  0.0, Max: 0, Diff: 0, Sum: 0, Workers: 4
[2098.745s][debug][gc,phases      ] GC(64)   StringDedup Requests0 Weak     Min:  0.0, Avg:  0.0, Max:  0.0, Diff:  0.0, Sum:  0.0, Workers: 4
[2098.745s][debug][gc,phases      ] GC(64)     Dead                           Min: 0, Avg:  0.0, Max: 0, Diff: 0, Sum: 0, Workers: 4
[2098.745s][debug][gc,phases      ] GC(64)     Total                          Min: 0, Avg:  0.0, Max: 0, Diff: 0, Sum: 0, Workers: 4
[2098.745s][debug][gc,phases      ] GC(64)   StringDedup Requests1 Weak     Min:  0.0, Avg:  0.0, Max:  0.0, Diff:  0.0, Sum:  0.0, Workers: 4
[2098.745s][debug][gc,phases      ] GC(64)     Dead                           Min: 0, Avg:  0.0, Max: 0, Diff: 0, Sum: 0, Workers: 4
[2098.745s][debug][gc,phases      ] GC(64)     Total                          Min: 0, Avg:  0.0, Max: 0, Diff: 0, Sum: 0, Workers: 4
[2098.745s][debug][gc,phases      ] GC(64)   Weak JFR Old Object Samples    Min:  0.0, Avg:  0.0, Max:  0.0, Diff:  0.0, Sum:  0.0, Workers: 4
[2098.745s][debug][gc,phases      ] GC(64)     Dead                           Min: 0, Avg:  0.0, Max: 0, Diff: 0, Sum: 0, Workers: 4
[2098.745s][debug][gc,phases      ] GC(64)     Total                          Min: 0, Avg:  0.0, Max: 0, Diff: 0, Sum: 0, Workers: 4
[2098.745s][debug][gc,phases      ] GC(64) Weak Processing 0.289ms
[2098.745s][debug][gc,age         ] GC(64) Desired survivor size 39321600 bytes, new threshold 15 (max threshold 15)
[2098.745s][info ][gc,heap        ] GC(64) PSYoungGen: 2032560K(2062336K)->25824K(2051072K) Eden: 2024960K(2024960K)->0K(2024960K) From: 7600K(37376K)->25824K(26112K)
[2098.745s][info ][gc,heap        ] GC(64) ParOldGen: 397253K(520704K)->397317K(520704K)
[2098.745s][info ][gc,metaspace   ] GC(64) Metaspace: 78390K(79296K)->78390K(79296K) NonClass: 67353K(67840K)->67353K(67840K) Class: 11037K(11456K)->11037K(11456K)
[2098.745s][info ][gc             ] GC(64) Pause Young (Allocation Failure) 2372M->413M(2511M) 11.257ms
[2098.745s][info ][gc,cpu         ] GC(64) User=0.03s Sys=0.00s Real=0.00s
[2098.745s][info ][safepoint      ] Safepoint "ParallelGCFailedAllocation", Time since last: 5488271006 ns, Reaching safepoint: 93600 ns, At safepoint: 11326423 ns, Total: 11420023 ns
[2103.746s][info ][safepoint      ] Safepoint "Cleanup", Time since last: 5000336401 ns, Reaching safepoint: 49200 ns, At safepoint: 6500 ns, Total: 55700 ns
[2108.746s][info ][safepoint      ] Safepoint "Cleanup", Time since last: 5000347402 ns, Reaching safepoint: 35800 ns, At safepoint: 4400 ns, Total: 40200 ns
[2109.746s][info ][safepoint      ] Safepoint "Cleanup", Time since last: 1000099960 ns, Reaching safepoint: 42300 ns, At safepoint: 4700 ns, Total: 47000 ns
[2115.746s][info ][safepoint      ] Safepoint "Cleanup", Time since last: 6000376063 ns, Reaching safepoint: 33000 ns, At safepoint: 2600 ns, Total: 35600 ns
[2116.747s][info ][safepoint      ] Safepoint "Cleanup", Time since last: 1000090760 ns, Reaching safepoint: 27500 ns, At safepoint: 2300 ns, Total: 29800 ns
[2117.747s][info ][safepoint      ] Safepoint "Cleanup", Time since last: 1000099461 ns, Reaching safepoint: 137300 ns, At safepoint: 7700 ns, Total: 145000 ns
[2121.747s][info ][safepoint      ] Safepoint "Cleanup", Time since last: 4000242342 ns, Reaching safepoint: 30501 ns, At safepoint: 2700 ns, Total: 33201 ns
[2147.749s][info ][safepoint      ] Safepoint "Cleanup", Time since last: 26001580481 ns, Reaching safepoint: 33001 ns, At safepoint: 2400 ns, Total: 35401 ns
[2151.749s][info ][safepoint      ] Safepoint "Cleanup", Time since last: 4000284744 ns, Reaching safepoint: 41700 ns, At safepoint: 16800 ns, Total: 58500 ns
[2155.749s][info ][safepoint      ] Safepoint "Cleanup", Time since last: 4000218545 ns, Reaching safepoint: 34400 ns, At safepoint: 2600 ns, Total: 37000 ns
[2162.750s][info ][safepoint      ] Safepoint "Cleanup", Time since last: 7000477030 ns, Reaching safepoint: 44600 ns, At safepoint: 4200 ns, Total: 48800 ns
[2165.750s][info ][safepoint      ] Safepoint "Cleanup", Time since last: 3000226384 ns, Reaching safepoint: 43100 ns, At safepoint: 3900 ns, Total: 47000 ns
[2183.485s][info ][gc,start       ] GC(65) Pause Young (Allocation Failure)
[2183.494s][debug][gc,phases      ] GC(65) Scavenge 8.841ms
[2183.494s][debug][gc,ref         ] GC(65) Skipped phase 1 of Reference Processing: no references
[2183.494s][debug][gc,ref         ] GC(65) ReferenceProcessor::execute queues: 1, RefProcThreadModel::Single, marks_oops_alive: false
[2183.494s][debug][gc,ref         ] GC(65) Skipped phase 3 of Reference Processing: no references
[2183.494s][debug][gc,ref         ] GC(65) ReferenceProcessor::execute queues: 1, RefProcThreadModel::Single, marks_oops_alive: false
[2183.494s][debug][gc,phases      ] GC(65) Reference Processing 0.088ms
[2183.494s][debug][gc,phases      ] GC(65)   VM Weak                        Min:  0.0, Avg:  0.0, Max:  0.0, Diff:  0.0, Sum:  0.0, Workers: 4
[2183.494s][debug][gc,phases      ] GC(65)     Dead                           Min: 0, Avg:  0.0, Max: 0, Diff: 0, Sum: 0, Workers: 4
[2183.494s][debug][gc,phases      ] GC(65)     Total                          Min: 0, Avg: 186.0, Max: 488, Diff: 488, Sum: 744, Workers: 4
[2183.494s][debug][gc,phases      ] GC(65)   ObjectSynchronizer Weak        Min:  0.0, Avg:  0.0, Max:  0.0, Diff:  0.0, Sum:  0.0, Workers: 4
[2183.494s][debug][gc,phases      ] GC(65)     Dead                           Min: 0, Avg:  0.0, Max: 0, Diff: 0, Sum: 0, Workers: 4
[2183.494s][debug][gc,phases      ] GC(65)     Total                          Min: 0, Avg:  9.0, Max: 36, Diff: 36, Sum: 36, Workers: 4
[2183.494s][debug][gc,phases      ] GC(65)   JVMTI Tag Weak OopStorage      Min:  0.0, Avg:  0.0, Max:  0.0, Diff:  0.0, Sum:  0.0, Workers: 4
[2183.494s][debug][gc,phases      ] GC(65)     Dead                           Min: 0, Avg:  0.0, Max: 0, Diff: 0, Sum: 0, Workers: 4
[2183.494s][debug][gc,phases      ] GC(65)     Total                          Min: 0, Avg:  0.0, Max: 0, Diff: 0, Sum: 0, Workers: 4
[2183.494s][debug][gc,phases      ] GC(65)   StringTable Weak               Min:  0.1, Avg:  0.1, Max:  0.1, Diff:  0.0, Sum:  0.4, Workers: 4
[2183.494s][debug][gc,phases      ] GC(65)     Dead                           Min: 0, Avg:  0.0, Max: 0, Diff: 0, Sum: 0, Workers: 4
[2183.495s][debug][gc,phases      ] GC(65)     Total                          Min: 9983, Avg: 10604.0, Max: 11200, Diff: 1217, Sum: 42416, Workers: 4
[2183.495s][debug][gc,phases      ] GC(65)   ResolvedMethodTable Weak       Min:  0.0, Avg:  0.0, Max:  0.0, Diff:  0.0, Sum:  0.1, Workers: 4
[2183.495s][debug][gc,phases      ] GC(65)     Dead                           Min: 0, Avg:  0.0, Max: 0, Diff: 0, Sum: 0, Workers: 4
[2183.495s][debug][gc,phases      ] GC(65)     Total                          Min: 1984, Avg: 2094.5, Max: 2176, Diff: 192, Sum: 8378, Workers: 4
[2183.495s][debug][gc,phases      ] GC(65)   JNI Weak                       Min:  0.0, Avg:  0.0, Max:  0.0, Diff:  0.0, Sum:  0.0, Workers: 4
[2183.495s][debug][gc,phases      ] GC(65)     Dead                           Min: 0, Avg:  0.0, Max: 0, Diff: 0, Sum: 0, Workers: 4
[2183.495s][debug][gc,phases      ] GC(65)     Total                          Min: 0, Avg: 11.2, Max: 45, Diff: 45, Sum: 45, Workers: 4
[2183.495s][debug][gc,phases      ] GC(65)   StringDedup Table Weak         Min:  0.0, Avg:  0.0, Max:  0.0, Diff:  0.0, Sum:  0.0, Workers: 4
[2183.495s][debug][gc,phases      ] GC(65)     Dead                           Min: 0, Avg:  0.0, Max: 0, Diff: 0, Sum: 0, Workers: 4
[2183.495s][debug][gc,phases      ] GC(65)     Total                          Min: 0, Avg:  0.0, Max: 0, Diff: 0, Sum: 0, Workers: 4
[2183.495s][debug][gc,phases      ] GC(65)   StringDedup Requests0 Weak     Min:  0.0, Avg:  0.0, Max:  0.0, Diff:  0.0, Sum:  0.0, Workers: 4
[2183.495s][debug][gc,phases      ] GC(65)     Dead                           Min: 0, Avg:  0.0, Max: 0, Diff: 0, Sum: 0, Workers: 4
[2183.495s][debug][gc,phases      ] GC(65)     Total                          Min: 0, Avg:  0.0, Max: 0, Diff: 0, Sum: 0, Workers: 4
[2183.495s][debug][gc,phases      ] GC(65)   StringDedup Requests1 Weak     Min:  0.0, Avg:  0.0, Max:  0.0, Diff:  0.0, Sum:  0.0, Workers: 4
[2183.495s][debug][gc,phases      ] GC(65)     Dead                           Min: 0, Avg:  0.0, Max: 0, Diff: 0, Sum: 0, Workers: 4
[2183.495s][debug][gc,phases      ] GC(65)     Total                          Min: 0, Avg:  0.0, Max: 0, Diff: 0, Sum: 0, Workers: 4
[2183.495s][debug][gc,phases      ] GC(65)   Weak JFR Old Object Samples    Min:  0.0, Avg:  0.0, Max:  0.0, Diff:  0.0, Sum:  0.0, Workers: 4
[2183.495s][debug][gc,phases      ] GC(65)     Dead                           Min: 0, Avg:  0.0, Max: 0, Diff: 0, Sum: 0, Workers: 4
[2183.495s][debug][gc,phases      ] GC(65)     Total                          Min: 0, Avg:  0.0, Max: 0, Diff: 0, Sum: 0, Workers: 4
[2183.495s][debug][gc,phases      ] GC(65) Weak Processing 0.271ms
[2183.495s][debug][gc,age         ] GC(65) Desired survivor size 42991616 bytes, new threshold 15 (max threshold 15)
[2183.495s][info ][gc,heap        ] GC(65) PSYoungGen: 2050784K(2051072K)->26592K(2051584K) Eden: 2024960K(2024960K)->0K(2013184K) From: 25824K(26112K)->26592K(38400K)
[2183.495s][info ][gc,heap        ] GC(65) ParOldGen: 397317K(520704K)->397349K(520704K)
[2183.495s][info ][gc,metaspace   ] GC(65) Metaspace: 78399K(79296K)->78399K(79296K) NonClass: 67361K(67840K)->67361K(67840K) Class: 11037K(11456K)->11037K(11456K)
[2183.495s][info ][gc             ] GC(65) Pause Young (Allocation Failure) 2390M->414M(2512M) 9.298ms
[2183.495s][info ][gc,cpu         ] GC(65) User=0.03s Sys=0.00s Real=0.01s
[2183.495s][info ][safepoint      ] Safepoint "ParallelGCFailedAllocation", Time since last: 17735140161 ns, Reaching safepoint: 39100 ns, At safepoint: 9353519 ns, Total: 9392619 ns
[2189.638s][info ][safepoint      ] Safepoint "Cleanup", Time since last: 6142903765 ns, Reaching safepoint: 112600 ns, At safepoint: 5400 ns, Total: 118000 ns
[2190.638s][info ][safepoint      ] Safepoint "Cleanup", Time since last: 1000094062 ns, Reaching safepoint: 124500 ns, At safepoint: 5400 ns, Total: 129900 ns
[2195.639s][info ][safepoint      ] Safepoint "Cleanup", Time since last: 5000525010 ns, Reaching safepoint: 134501 ns, At safepoint: 5500 ns, Total: 140001 ns
[2197.641s][info ][safepoint      ] Safepoint "Cleanup", Time since last: 2000177124 ns, Reaching safepoint: 2050604 ns, At safepoint: 8800 ns, Total: 2059404 ns
[2200.641s][info ][safepoint      ] Safepoint "Cleanup", Time since last: 3000235686 ns, Reaching safepoint: 45700 ns, At safepoint: 2100 ns, Total: 47800 ns
[2201.641s][info ][safepoint      ] Safepoint "Cleanup", Time since last: 1000112263 ns, Reaching safepoint: 26900 ns, At safepoint: 2400 ns, Total: 29300 ns
[2202.641s][info ][safepoint      ] Safepoint "Cleanup", Time since last: 1000097862 ns, Reaching safepoint: 30700 ns, At safepoint: 6100 ns, Total: 36800 ns
[2203.641s][info ][safepoint      ] Safepoint "Cleanup", Time since last: 1000096862 ns, Reaching safepoint: 39300 ns, At safepoint: 3200 ns, Total: 42500 ns
[2205.642s][info ][safepoint      ] Safepoint "Cleanup", Time since last: 2000155724 ns, Reaching safepoint: 43601 ns, At safepoint: 2000 ns, Total: 45601 ns
[2209.642s][info ][safepoint      ] Safepoint "Cleanup", Time since last: 4000280948 ns, Reaching safepoint: 36500 ns, At safepoint: 2300 ns, Total: 38800 ns
[2211.642s][info ][safepoint      ] Safepoint "Cleanup", Time since last: 2000152325 ns, Reaching safepoint: 22200 ns, At safepoint: 2700 ns, Total: 24900 ns
[2212.642s][info ][safepoint      ] Safepoint "Cleanup", Time since last: 1000046862 ns, Reaching safepoint: 46000 ns, At safepoint: 2500 ns, Total: 48500 ns
[2217.643s][info ][safepoint      ] Safepoint "Cleanup", Time since last: 5000289412 ns, Reaching safepoint: 32000 ns, At safepoint: 3100 ns, Total: 35100 ns
[2218.643s][info ][safepoint      ] Safepoint "Cleanup", Time since last: 1000112862 ns, Reaching safepoint: 24801 ns, At safepoint: 2600 ns, Total: 27401 ns
[2221.643s][info ][safepoint      ] Safepoint "Cleanup", Time since last: 3000221087 ns, Reaching safepoint: 26600 ns, At safepoint: 2800 ns, Total: 29400 ns
[2222.643s][info ][safepoint      ] Safepoint "Cleanup", Time since last: 1000077762 ns, Reaching safepoint: 40700 ns, At safepoint: 21300 ns, Total: 62000 ns
[2223.643s][info ][safepoint      ] Safepoint "Cleanup", Time since last: 1000092963 ns, Reaching safepoint: 44400 ns, At safepoint: 8300 ns, Total: 52700 ns
[2224.643s][info ][safepoint      ] Safepoint "Cleanup", Time since last: 1000101563 ns, Reaching safepoint: 38100 ns, At safepoint: 2300 ns, Total: 40400 ns
[2225.644s][info ][safepoint      ] Safepoint "Cleanup", Time since last: 1000097862 ns, Reaching safepoint: 25200 ns, At safepoint: 2100 ns, Total: 27300 ns
[2226.644s][info ][safepoint      ] Safepoint "Cleanup", Time since last: 1000100963 ns, Reaching safepoint: 39100 ns, At safepoint: 5000 ns, Total: 44100 ns
[2233.644s][info ][safepoint      ] Safepoint "Cleanup", Time since last: 7000452338 ns, Reaching safepoint: 27700 ns, At safepoint: 2700 ns, Total: 30400 ns
[2238.645s][info ][safepoint      ] Safepoint "Cleanup", Time since last: 5000339313 ns, Reaching safepoint: 51801 ns, At safepoint: 2300 ns, Total: 54101 ns
[2239.645s][info ][safepoint      ] Safepoint "Cleanup", Time since last: 1000097462 ns, Reaching safepoint: 45600 ns, At safepoint: 16401 ns, Total: 62001 ns
[2241.645s][info ][safepoint      ] Safepoint "Cleanup", Time since last: 2000169625 ns, Reaching safepoint: 42400 ns, At safepoint: 3100 ns, Total: 45500 ns
[2242.645s][info ][safepoint      ] Safepoint "Cleanup", Time since last: 1000085863 ns, Reaching safepoint: 39700 ns, At safepoint: 3700 ns, Total: 43400 ns
[2246.645s][info ][safepoint      ] Safepoint "Cleanup", Time since last: 4000284151 ns, Reaching safepoint: 47600 ns, At safepoint: 2400 ns, Total: 50000 ns
[2247.646s][info ][safepoint      ] Safepoint "Cleanup", Time since last: 1000095163 ns, Reaching safepoint: 42100 ns, At safepoint: 4700 ns, Total: 46800 ns
[2248.646s][info ][safepoint      ] Safepoint "Cleanup", Time since last: 1000110763 ns, Reaching safepoint: 44901 ns, At safepoint: 2900 ns, Total: 47801 ns
[2250.646s][info ][safepoint      ] Safepoint "Cleanup", Time since last: 2000141125 ns, Reaching safepoint: 42200 ns, At safepoint: 4900 ns, Total: 47100 ns
[2258.646s][info ][safepoint      ] Safepoint "Cleanup", Time since last: 8000493304 ns, Reaching safepoint: 25500 ns, At safepoint: 2500 ns, Total: 28000 ns
[2259.647s][info ][safepoint      ] Safepoint "Cleanup", Time since last: 1000050363 ns, Reaching safepoint: 40700 ns, At safepoint: 2700 ns, Total: 43400 ns
[2262.033s][info ][gc,start       ] GC(66) Pause Young (Allocation Failure)
[2262.042s][debug][gc,phases      ] GC(66) Scavenge 8.630ms
[2262.042s][debug][gc,ref         ] GC(66) Skipped phase 1 of Reference Processing: no references
[2262.042s][debug][gc,ref         ] GC(66) ReferenceProcessor::execute queues: 1, RefProcThreadModel::Single, marks_oops_alive: false
[2262.042s][debug][gc,ref         ] GC(66) Skipped phase 3 of Reference Processing: no references
[2262.042s][debug][gc,ref         ] GC(66) ReferenceProcessor::execute queues: 1, RefProcThreadModel::Single, marks_oops_alive: false
[2262.042s][debug][gc,phases      ] GC(66) Reference Processing 0.092ms
[2262.042s][debug][gc,phases      ] GC(66)   VM Weak                        Min:  0.0, Avg:  0.0, Max:  0.0, Diff:  0.0, Sum:  0.0, Workers: 4
[2262.042s][debug][gc,phases      ] GC(66)     Dead                           Min: 0, Avg:  0.0, Max: 0, Diff: 0, Sum: 0, Workers: 4
[2262.042s][debug][gc,phases      ] GC(66)     Total                          Min: 0, Avg: 186.2, Max: 617, Diff: 617, Sum: 745, Workers: 4
[2262.042s][debug][gc,phases      ] GC(66)   ObjectSynchronizer Weak        Min:  0.0, Avg:  0.0, Max:  0.0, Diff:  0.0, Sum:  0.0, Workers: 4
[2262.042s][debug][gc,phases      ] GC(66)     Dead                           Min: 0, Avg:  0.0, Max: 0, Diff: 0, Sum: 0, Workers: 4
[2262.042s][debug][gc,phases      ] GC(66)     Total                          Min: 0, Avg:  9.0, Max: 36, Diff: 36, Sum: 36, Workers: 4
[2262.042s][debug][gc,phases      ] GC(66)   JVMTI Tag Weak OopStorage      Min:  0.0, Avg:  0.0, Max:  0.0, Diff:  0.0, Sum:  0.0, Workers: 4
[2262.042s][debug][gc,phases      ] GC(66)     Dead                           Min: 0, Avg:  0.0, Max: 0, Diff: 0, Sum: 0, Workers: 4
[2262.042s][debug][gc,phases      ] GC(66)     Total                          Min: 0, Avg:  0.0, Max: 0, Diff: 0, Sum: 0, Workers: 4
[2262.042s][debug][gc,phases      ] GC(66)   StringTable Weak               Min:  0.0, Avg:  0.1, Max:  0.1, Diff:  0.1, Sum:  0.3, Workers: 4
[2262.042s][debug][gc,phases      ] GC(66)     Dead                           Min: 0, Avg:  0.2, Max: 1, Diff: 1, Sum: 1, Workers: 4
[2262.042s][debug][gc,phases      ] GC(66)     Total                          Min: 0, Avg: 10608.8, Max: 18624, Diff: 18624, Sum: 42435, Workers: 4
[2262.042s][debug][gc,phases      ] GC(66)   ResolvedMethodTable Weak       Min:  0.0, Avg:  0.0, Max:  0.0, Diff:  0.0, Sum:  0.1, Workers: 4
[2262.042s][debug][gc,phases      ] GC(66)     Dead                           Min: 0, Avg:  0.0, Max: 0, Diff: 0, Sum: 0, Workers: 4
[2262.042s][debug][gc,phases      ] GC(66)     Total                          Min: 0, Avg: 2096.0, Max: 2880, Diff: 2880, Sum: 8384, Workers: 4
[2262.042s][debug][gc,phases      ] GC(66)   JNI Weak                       Min:  0.0, Avg:  0.0, Max:  0.0, Diff:  0.0, Sum:  0.0, Workers: 4
[2262.042s][debug][gc,phases      ] GC(66)     Dead                           Min: 0, Avg:  0.0, Max: 0, Diff: 0, Sum: 0, Workers: 4
[2262.042s][debug][gc,phases      ] GC(66)     Total                          Min: 0, Avg: 11.2, Max: 45, Diff: 45, Sum: 45, Workers: 4
[2262.042s][debug][gc,phases      ] GC(66)   StringDedup Table Weak         Min:  0.0, Avg:  0.0, Max:  0.0, Diff:  0.0, Sum:  0.0, Workers: 4
[2262.042s][debug][gc,phases      ] GC(66)     Dead                           Min: 0, Avg:  0.0, Max: 0, Diff: 0, Sum: 0, Workers: 4
[2262.042s][debug][gc,phases      ] GC(66)     Total                          Min: 0, Avg:  0.0, Max: 0, Diff: 0, Sum: 0, Workers: 4
[2262.042s][debug][gc,phases      ] GC(66)   StringDedup Requests0 Weak     Min:  0.0, Avg:  0.0, Max:  0.0, Diff:  0.0, Sum:  0.0, Workers: 4
[2262.042s][debug][gc,phases      ] GC(66)     Dead                           Min: 0, Avg:  0.0, Max: 0, Diff: 0, Sum: 0, Workers: 4
[2262.042s][debug][gc,phases      ] GC(66)     Total                          Min: 0, Avg:  0.0, Max: 0, Diff: 0, Sum: 0, Workers: 4
[2262.042s][debug][gc,phases      ] GC(66)   StringDedup Requests1 Weak     Min:  0.0, Avg:  0.0, Max:  0.0, Diff:  0.0, Sum:  0.0, Workers: 4
[2262.042s][debug][gc,phases      ] GC(66)     Dead                           Min: 0, Avg:  0.0, Max: 0, Diff: 0, Sum: 0, Workers: 4
[2262.042s][debug][gc,phases      ] GC(66)     Total                          Min: 0, Avg:  0.0, Max: 0, Diff: 0, Sum: 0, Workers: 4
[2262.042s][debug][gc,phases      ] GC(66)   Weak JFR Old Object Samples    Min:  0.0, Avg:  0.0, Max:  0.0, Diff:  0.0, Sum:  0.0, Workers: 4
[2262.042s][debug][gc,phases      ] GC(66)     Dead                           Min: 0, Avg:  0.0, Max: 0, Diff: 0, Sum: 0, Workers: 4
[2262.042s][debug][gc,phases      ] GC(66)     Total                          Min: 0, Avg:  0.0, Max: 0, Diff: 0, Sum: 0, Workers: 4
[2262.042s][debug][gc,phases      ] GC(66) Weak Processing 0.295ms
[2262.042s][debug][gc,age         ] GC(66) Desired survivor size 44564480 bytes, new threshold 15 (max threshold 15)
[2262.042s][info ][gc,heap        ] GC(66) PSYoungGen: 2039776K(2051584K)->23072K(2036736K) Eden: 2013184K(2013184K)->0K(2013184K) From: 26592K(38400K)->23072K(23552K)
[2262.042s][info ][gc,heap        ] GC(66) ParOldGen: 397349K(520704K)->397389K(520704K)
[2262.042s][info ][gc,metaspace   ] GC(66) Metaspace: 78419K(79296K)->78419K(79296K) NonClass: 67379K(67840K)->67379K(67840K) Class: 11040K(11456K)->11040K(11456K)
[2262.042s][info ][gc             ] GC(66) Pause Young (Allocation Failure) 2380M->410M(2497M) 9.130ms
[2262.042s][info ][gc,cpu         ] GC(66) User=0.03s Sys=0.00s Real=0.01s
[2262.042s][info ][safepoint      ] Safepoint "ParallelGCFailedAllocation", Time since last: 2386346423 ns, Reaching safepoint: 24700 ns, At safepoint: 9190619 ns, Total: 9215319 ns
[2264.042s][info ][safepoint      ] Safepoint "Cleanup", Time since last: 2000132526 ns, Reaching safepoint: 23600 ns, At safepoint: 2200 ns, Total: 25800 ns
[2279.043s][info ][safepoint      ] Safepoint "Cleanup", Time since last: 15000865649 ns, Reaching safepoint: 54700 ns, At safepoint: 3500 ns, Total: 58200 ns
[2286.044s][info ][safepoint      ] Safepoint "Cleanup", Time since last: 7000388243 ns, Reaching safepoint: 39100 ns, At safepoint: 2500 ns, Total: 41600 ns
[2289.044s][info ][safepoint      ] Safepoint "Cleanup", Time since last: 3000214691 ns, Reaching safepoint: 52700 ns, At safepoint: 6300 ns, Total: 59000 ns
[2294.044s][info ][safepoint      ] Safepoint "Cleanup", Time since last: 5000354118 ns, Reaching safepoint: 27100 ns, At safepoint: 3100 ns, Total: 30200 ns
[2298.045s][info ][safepoint      ] Safepoint "Cleanup", Time since last: 4000303054 ns, Reaching safepoint: 41500 ns, At safepoint: 2500 ns, Total: 44000 ns
[2301.045s][info ][safepoint      ] Safepoint "Cleanup", Time since last: 3000230291 ns, Reaching safepoint: 44200 ns, At safepoint: 6800 ns, Total: 51000 ns
[2305.045s][info ][safepoint      ] Safepoint "Cleanup", Time since last: 4000280355 ns, Reaching safepoint: 49000 ns, At safepoint: 8600 ns, Total: 57600 ns
[2308.045s][info ][safepoint      ] Safepoint "Cleanup", Time since last: 3000195791 ns, Reaching safepoint: 25601 ns, At safepoint: 2400 ns, Total: 28001 ns
[2311.046s][info ][safepoint      ] Safepoint "Cleanup", Time since last: 3000204691 ns, Reaching safepoint: 28400 ns, At safepoint: 2600 ns, Total: 31000 ns
[2327.047s][info ][safepoint      ] Safepoint "Cleanup", Time since last: 16000959122 ns, Reaching safepoint: 43200 ns, At safepoint: 4400 ns, Total: 47600 ns
[2331.047s][info ][safepoint      ] Safepoint "Cleanup", Time since last: 4000311557 ns, Reaching safepoint: 25200 ns, At safepoint: 2600 ns, Total: 27800 ns
[2341.048s][info ][safepoint      ] Safepoint "Cleanup", Time since last: 10000676941 ns, Reaching safepoint: 40700 ns, At safepoint: 4700 ns, Total: 45400 ns
[2346.048s][info ][safepoint      ] Safepoint "Cleanup", Time since last: 5000292022 ns, Reaching safepoint: 27600 ns, At safepoint: 22400 ns, Total: 50000 ns
[2347.048s][info ][safepoint      ] Safepoint "Cleanup", Time since last: 1000100964 ns, Reaching safepoint: 38400 ns, At safepoint: 4300 ns, Total: 42700 ns
[2356.049s][info ][safepoint      ] Safepoint "Cleanup", Time since last: 9000581579 ns, Reaching safepoint: 42600 ns, At safepoint: 4000 ns, Total: 46600 ns
[2357.934s][info ][gc,start       ] GC(67) Pause Young (Allocation Failure)
[2357.942s][debug][gc,phases      ] GC(67) Scavenge 7.867ms
[2357.942s][debug][gc,ref         ] GC(67) Skipped phase 1 of Reference Processing: no references
[2357.942s][debug][gc,ref         ] GC(67) ReferenceProcessor::execute queues: 1, RefProcThreadModel::Single, marks_oops_alive: false
[2357.942s][debug][gc,ref         ] GC(67) Skipped phase 3 of Reference Processing: no references
[2357.942s][debug][gc,ref         ] GC(67) ReferenceProcessor::execute queues: 1, RefProcThreadModel::Single, marks_oops_alive: false
[2357.942s][debug][gc,phases      ] GC(67) Reference Processing 0.095ms
[2357.942s][debug][gc,phases      ] GC(67)   VM Weak                        Min:  0.0, Avg:  0.0, Max:  0.0, Diff:  0.0, Sum:  0.0, Workers: 4
[2357.942s][debug][gc,phases      ] GC(67)     Dead                           Min: 0, Avg:  0.0, Max: 0, Diff: 0, Sum: 0, Workers: 4
[2357.942s][debug][gc,phases      ] GC(67)     Total                          Min: 0, Avg: 186.2, Max: 745, Diff: 745, Sum: 745, Workers: 4
[2357.942s][debug][gc,phases      ] GC(67)   ObjectSynchronizer Weak        Min:  0.0, Avg:  0.0, Max:  0.0, Diff:  0.0, Sum:  0.0, Workers: 4
[2357.942s][debug][gc,phases      ] GC(67)     Dead                           Min: 0, Avg:  0.0, Max: 0, Diff: 0, Sum: 0, Workers: 4
[2357.942s][debug][gc,phases      ] GC(67)     Total                          Min: 0, Avg:  9.0, Max: 36, Diff: 36, Sum: 36, Workers: 4
[2357.942s][debug][gc,phases      ] GC(67)   JVMTI Tag Weak OopStorage      Min:  0.0, Avg:  0.0, Max:  0.0, Diff:  0.0, Sum:  0.0, Workers: 4
[2357.942s][debug][gc,phases      ] GC(67)     Dead                           Min: 0, Avg:  0.0, Max: 0, Diff: 0, Sum: 0, Workers: 4
[2357.942s][debug][gc,phases      ] GC(67)     Total                          Min: 0, Avg:  0.0, Max: 0, Diff: 0, Sum: 0, Workers: 4
[2357.942s][debug][gc,phases      ] GC(67)   StringTable Weak               Min:  0.1, Avg:  0.1, Max:  0.1, Diff:  0.0, Sum:  0.4, Workers: 4
[2357.942s][debug][gc,phases      ] GC(67)     Dead                           Min: 0, Avg:  0.0, Max: 0, Diff: 0, Sum: 0, Workers: 4
[2357.942s][debug][gc,phases      ] GC(67)     Total                          Min: 9321, Avg: 10618.0, Max: 11712, Diff: 2391, Sum: 42472, Workers: 4
[2357.942s][debug][gc,phases      ] GC(67)   ResolvedMethodTable Weak       Min:  0.0, Avg:  0.0, Max:  0.0, Diff:  0.0, Sum:  0.1, Workers: 4
[2357.942s][debug][gc,phases      ] GC(67)     Dead                           Min: 0, Avg:  0.0, Max: 0, Diff: 0, Sum: 0, Workers: 4
[2357.942s][debug][gc,phases      ] GC(67)     Total                          Min: 2048, Avg: 2096.0, Max: 2112, Diff: 64, Sum: 8384, Workers: 4
[2357.942s][debug][gc,phases      ] GC(67)   JNI Weak                       Min:  0.0, Avg:  0.0, Max:  0.0, Diff:  0.0, Sum:  0.0, Workers: 4
[2357.942s][debug][gc,phases      ] GC(67)     Dead                           Min: 0, Avg:  0.0, Max: 0, Diff: 0, Sum: 0, Workers: 4
[2357.942s][debug][gc,phases      ] GC(67)     Total                          Min: 0, Avg: 11.2, Max: 45, Diff: 45, Sum: 45, Workers: 4
[2357.942s][debug][gc,phases      ] GC(67)   StringDedup Table Weak         Min:  0.0, Avg:  0.0, Max:  0.0, Diff:  0.0, Sum:  0.0, Workers: 4
[2357.942s][debug][gc,phases      ] GC(67)     Dead                           Min: 0, Avg:  0.0, Max: 0, Diff: 0, Sum: 0, Workers: 4
[2357.942s][debug][gc,phases      ] GC(67)     Total                          Min: 0, Avg:  0.0, Max: 0, Diff: 0, Sum: 0, Workers: 4
[2357.942s][debug][gc,phases      ] GC(67)   StringDedup Requests0 Weak     Min:  0.0, Avg:  0.0, Max:  0.0, Diff:  0.0, Sum:  0.0, Workers: 4
[2357.942s][debug][gc,phases      ] GC(67)     Dead                           Min: 0, Avg:  0.0, Max: 0, Diff: 0, Sum: 0, Workers: 4
[2357.942s][debug][gc,phases      ] GC(67)     Total                          Min: 0, Avg:  0.0, Max: 0, Diff: 0, Sum: 0, Workers: 4
[2357.942s][debug][gc,phases      ] GC(67)   StringDedup Requests1 Weak     Min:  0.0, Avg:  0.0, Max:  0.0, Diff:  0.0, Sum:  0.0, Workers: 4
[2357.942s][debug][gc,phases      ] GC(67)     Dead                           Min: 0, Avg:  0.0, Max: 0, Diff: 0, Sum: 0, Workers: 4
[2357.942s][debug][gc,phases      ] GC(67)     Total                          Min: 0, Avg:  0.0, Max: 0, Diff: 0, Sum: 0, Workers: 4
[2357.942s][debug][gc,phases      ] GC(67)   Weak JFR Old Object Samples    Min:  0.0, Avg:  0.0, Max:  0.0, Diff:  0.0, Sum:  0.0, Workers: 4
[2357.942s][debug][gc,phases      ] GC(67)     Dead                           Min: 0, Avg:  0.0, Max: 0, Diff: 0, Sum: 0, Workers: 4
[2357.942s][debug][gc,phases      ] GC(67)     Total                          Min: 0, Avg:  0.0, Max: 0, Diff: 0, Sum: 0, Workers: 4
[2357.942s][debug][gc,phases      ] GC(67) Weak Processing 0.289ms
[2357.942s][debug][gc,age         ] GC(67) Desired survivor size 45088768 bytes, new threshold 15 (max threshold 15)
[2357.942s][info ][gc,heap        ] GC(67) PSYoungGen: 2036256K(2036736K)->22992K(2052608K) Eden: 2013184K(2013184K)->0K(2009088K) From: 23072K(23552K)->22992K(43520K)
[2357.942s][info ][gc,heap        ] GC(67) ParOldGen: 397389K(520704K)->397582K(520704K)
[2357.942s][info ][gc,metaspace   ] GC(67) Metaspace: 78436K(79360K)->78436K(79360K) NonClass: 67396K(67904K)->67396K(67904K) Class: 11040K(11456K)->11040K(11456K)
[2357.942s][info ][gc             ] GC(67) Pause Young (Allocation Failure) 2376M->410M(2513M) 8.345ms
[2357.943s][info ][gc,cpu         ] GC(67) User=0.03s Sys=0.00s Real=0.00s
[2357.943s][info ][safepoint      ] Safepoint "ParallelGCFailedAllocation", Time since last: 1885181992 ns, Reaching safepoint: 98000 ns, At safepoint: 8407417 ns, Total: 8505417 ns
[2361.943s][info ][safepoint      ] Safepoint "Cleanup", Time since last: 4000278058 ns, Reaching safepoint: 40500 ns, At safepoint: 2500 ns, Total: 43000 ns
[2363.943s][info ][safepoint      ] Safepoint "Cleanup", Time since last: 2000123029 ns, Reaching safepoint: 27500 ns, At safepoint: 2600 ns, Total: 30100 ns
[2370.943s][info ][safepoint      ] Safepoint "Cleanup", Time since last: 7000443552 ns, Reaching safepoint: 26100 ns, At safepoint: 2600 ns, Total: 28700 ns
[2377.944s][info ][safepoint      ] Safepoint "Cleanup", Time since last: 7000481853 ns, Reaching safepoint: 33200 ns, At safepoint: 2700 ns, Total: 35900 ns
[2401.945s][info ][safepoint      ] Safepoint "Cleanup", Time since last: 24001451556 ns, Reaching safepoint: 45900 ns, At safepoint: 2200 ns, Total: 48100 ns
[2403.946s][info ][safepoint      ] Safepoint "Cleanup", Time since last: 2000161030 ns, Reaching safepoint: 43500 ns, At safepoint: 2100 ns, Total: 45600 ns
[2409.946s][info ][safepoint      ] Safepoint "Cleanup", Time since last: 6000418290 ns, Reaching safepoint: 40300 ns, At safepoint: 26700 ns, Total: 67000 ns
[2413.947s][info ][safepoint      ] Safepoint "Cleanup", Time since last: 4000280660 ns, Reaching safepoint: 35101 ns, At safepoint: 3000 ns, Total: 38101 ns
[2414.947s][info ][safepoint      ] Safepoint "Cleanup", Time since last: 1000094265 ns, Reaching safepoint: 36600 ns, At safepoint: 3200 ns, Total: 39800 ns
[2415.947s][info ][safepoint      ] Safepoint "Cleanup", Time since last: 1000097865 ns, Reaching safepoint: 35400 ns, At safepoint: 2500 ns, Total: 37900 ns
[2416.947s][info ][safepoint      ] Safepoint "Cleanup", Time since last: 1000102965 ns, Reaching safepoint: 41900 ns, At safepoint: 2200 ns, Total: 44100 ns
[2417.947s][info ][safepoint      ] Safepoint "Cleanup", Time since last: 1000096566 ns, Reaching safepoint: 41900 ns, At safepoint: 2900 ns, Total: 44800 ns
[2422.947s][info ][safepoint      ] Safepoint "Cleanup", Time since last: 5000349910 ns, Reaching safepoint: 43200 ns, At safepoint: 3100 ns, Total: 46300 ns
[2425.948s][info ][safepoint      ] Safepoint "Cleanup", Time since last: 3000238339 ns, Reaching safepoint: 36800 ns, At safepoint: 3900 ns, Total: 40700 ns
[2427.948s][info ][safepoint      ] Safepoint "Cleanup", Time since last: 2000164390 ns, Reaching safepoint: 32600 ns, At safepoint: 2300 ns, Total: 34900 ns
[2445.949s][info ][safepoint      ] Safepoint "Cleanup", Time since last: 18001050935 ns, Reaching safepoint: 52500 ns, At safepoint: 5600 ns, Total: 58100 ns
[2449.949s][info ][safepoint      ] Safepoint "Cleanup", Time since last: 4000305291 ns, Reaching safepoint: 37800 ns, At safepoint: 2700 ns, Total: 40500 ns
[2455.435s][info ][gc,start       ] GC(68) Pause Young (Allocation Failure)
[2455.443s][debug][gc,phases      ] GC(68) Scavenge 8.325ms
[2455.443s][debug][gc,ref         ] GC(68) Skipped phase 1 of Reference Processing: no references
[2455.443s][debug][gc,ref         ] GC(68) ReferenceProcessor::execute queues: 1, RefProcThreadModel::Single, marks_oops_alive: false
[2455.443s][debug][gc,ref         ] GC(68) Skipped phase 3 of Reference Processing: no references
[2455.443s][debug][gc,ref         ] GC(68) ReferenceProcessor::execute queues: 1, RefProcThreadModel::Single, marks_oops_alive: false
[2455.443s][debug][gc,phases      ] GC(68) Reference Processing 0.104ms
[2455.444s][debug][gc,phases      ] GC(68)   VM Weak                        Min:  0.0, Avg:  0.0, Max:  0.0, Diff:  0.0, Sum:  0.0, Workers: 4
[2455.444s][debug][gc,phases      ] GC(68)     Dead                           Min: 0, Avg:  0.0, Max: 0, Diff: 0, Sum: 0, Workers: 4
[2455.444s][debug][gc,phases      ] GC(68)     Total                          Min: 0, Avg: 186.5, Max: 746, Diff: 746, Sum: 746, Workers: 4
[2455.444s][debug][gc,phases      ] GC(68)   ObjectSynchronizer Weak        Min:  0.0, Avg:  0.0, Max:  0.0, Diff:  0.0, Sum:  0.0, Workers: 4
[2455.444s][debug][gc,phases      ] GC(68)     Dead                           Min: 0, Avg:  0.0, Max: 0, Diff: 0, Sum: 0, Workers: 4
[2455.444s][debug][gc,phases      ] GC(68)     Total                          Min: 0, Avg:  9.0, Max: 36, Diff: 36, Sum: 36, Workers: 4
[2455.444s][debug][gc,phases      ] GC(68)   JVMTI Tag Weak OopStorage      Min:  0.0, Avg:  0.0, Max:  0.0, Diff:  0.0, Sum:  0.0, Workers: 4
[2455.444s][debug][gc,phases      ] GC(68)     Dead                           Min: 0, Avg:  0.0, Max: 0, Diff: 0, Sum: 0, Workers: 4
[2455.444s][debug][gc,phases      ] GC(68)     Total                          Min: 0, Avg:  0.0, Max: 0, Diff: 0, Sum: 0, Workers: 4
[2455.444s][debug][gc,phases      ] GC(68)   StringTable Weak               Min:  0.0, Avg:  0.1, Max:  0.2, Diff:  0.2, Sum:  0.4, Workers: 4
[2455.444s][debug][gc,phases      ] GC(68)     Dead                           Min: 0, Avg:  0.0, Max: 0, Diff: 0, Sum: 0, Workers: 4
[2455.444s][debug][gc,phases      ] GC(68)     Total                          Min: 0, Avg: 10622.5, Max: 16447, Diff: 16447, Sum: 42490, Workers: 4
[2455.444s][debug][gc,phases      ] GC(68)   ResolvedMethodTable Weak       Min:  0.0, Avg:  0.0, Max:  0.0, Diff:  0.0, Sum:  0.1, Workers: 4
[2455.444s][debug][gc,phases      ] GC(68)     Dead                           Min: 0, Avg:  0.0, Max: 0, Diff: 0, Sum: 0, Workers: 4
[2455.444s][debug][gc,phases      ] GC(68)     Total                          Min: 0, Avg: 2097.5, Max: 4864, Diff: 4864, Sum: 8390, Workers: 4
[2455.444s][debug][gc,phases      ] GC(68)   JNI Weak                       Min:  0.0, Avg:  0.0, Max:  0.0, Diff:  0.0, Sum:  0.0, Workers: 4
[2455.444s][debug][gc,phases      ] GC(68)     Dead                           Min: 0, Avg:  0.0, Max: 0, Diff: 0, Sum: 0, Workers: 4
[2455.444s][debug][gc,phases      ] GC(68)     Total                          Min: 0, Avg: 11.2, Max: 45, Diff: 45, Sum: 45, Workers: 4
[2455.444s][debug][gc,phases      ] GC(68)   StringDedup Table Weak         Min:  0.0, Avg:  0.0, Max:  0.0, Diff:  0.0, Sum:  0.0, Workers: 4
[2455.444s][debug][gc,phases      ] GC(68)     Dead                           Min: 0, Avg:  0.0, Max: 0, Diff: 0, Sum: 0, Workers: 4
[2455.444s][debug][gc,phases      ] GC(68)     Total                          Min: 0, Avg:  0.0, Max: 0, Diff: 0, Sum: 0, Workers: 4
[2455.444s][debug][gc,phases      ] GC(68)   StringDedup Requests0 Weak     Min:  0.0, Avg:  0.0, Max:  0.0, Diff:  0.0, Sum:  0.0, Workers: 4
[2455.444s][debug][gc,phases      ] GC(68)     Dead                           Min: 0, Avg:  0.0, Max: 0, Diff: 0, Sum: 0, Workers: 4
[2455.444s][debug][gc,phases      ] GC(68)     Total                          Min: 0, Avg:  0.0, Max: 0, Diff: 0, Sum: 0, Workers: 4
[2455.444s][debug][gc,phases      ] GC(68)   StringDedup Requests1 Weak     Min:  0.0, Avg:  0.0, Max:  0.0, Diff:  0.0, Sum:  0.0, Workers: 4
[2455.444s][debug][gc,phases      ] GC(68)     Dead                           Min: 0, Avg:  0.0, Max: 0, Diff: 0, Sum: 0, Workers: 4
[2455.444s][debug][gc,phases      ] GC(68)     Total                          Min: 0, Avg:  0.0, Max: 0, Diff: 0, Sum: 0, Workers: 4
[2455.444s][debug][gc,phases      ] GC(68)   Weak JFR Old Object Samples    Min:  0.0, Avg:  0.0, Max:  0.0, Diff:  0.0, Sum:  0.0, Workers: 4
[2455.444s][debug][gc,phases      ] GC(68)     Dead                           Min: 0, Avg:  0.0, Max: 0, Diff: 0, Sum: 0, Workers: 4
[2455.444s][debug][gc,phases      ] GC(68)     Total                          Min: 0, Avg:  0.0, Max: 0, Diff: 0, Sum: 0, Workers: 4
[2455.444s][debug][gc,phases      ] GC(68) Weak Processing 0.413ms
[2455.444s][debug][gc,age         ] GC(68) Desired survivor size 45613056 bytes, new threshold 15 (max threshold 15)
[2455.444s][info ][gc,heap        ] GC(68) PSYoungGen: 2032080K(2052608K)->22592K(2032128K) Eden: 2009088K(2009088K)->0K(2009088K) From: 22992K(43520K)->22592K(23040K)
[2455.444s][info ][gc,heap        ] GC(68) ParOldGen: 397582K(520704K)->397622K(520704K)
[2455.444s][info ][gc,metaspace   ] GC(68) Metaspace: 78452K(79424K)->78452K(79424K) NonClass: 67408K(67904K)->67408K(67904K) Class: 11044K(11520K)->11044K(11520K)
[2455.444s][info ][gc             ] GC(68) Pause Young (Allocation Failure) 2372M->410M(2493M) 8.953ms
[2455.444s][info ][gc,cpu         ] GC(68) User=0.02s Sys=0.00s Real=0.00s
[2455.444s][info ][safepoint      ] Safepoint "ParallelGCFailedAllocation", Time since last: 5485476494 ns, Reaching safepoint: 27501 ns, At safepoint: 9022454 ns, Total: 9049955 ns
[2470.445s][info ][safepoint      ] Safepoint "Cleanup", Time since last: 15000986094 ns, Reaching safepoint: 41400 ns, At safepoint: 14000 ns, Total: 55400 ns
[2473.445s][info ][safepoint      ] Safepoint "Cleanup", Time since last: 3000234761 ns, Reaching safepoint: 28800 ns, At safepoint: 2900 ns, Total: 31700 ns
[2483.446s][info ][safepoint      ] Safepoint "Cleanup", Time since last: 10000681444 ns, Reaching safepoint: 31700 ns, At safepoint: 3000 ns, Total: 34700 ns
[2489.446s][info ][safepoint      ] Safepoint "Cleanup", Time since last: 6000410458 ns, Reaching safepoint: 26901 ns, At safepoint: 2300 ns, Total: 29201 ns
[2507.448s][info ][safepoint      ] Safepoint "Cleanup", Time since last: 18001120916 ns, Reaching safepoint: 40701 ns, At safepoint: 2600 ns, Total: 43301 ns
[2511.448s][info ][safepoint      ] Safepoint "Cleanup", Time since last: 4000269099 ns, Reaching safepoint: 43800 ns, At safepoint: 5400 ns, Total: 49200 ns
[2515.448s][info ][safepoint      ] Safepoint "Cleanup", Time since last: 4000264602 ns, Reaching safepoint: 34300 ns, At safepoint: 2800 ns, Total: 37100 ns
[2516.448s][info ][safepoint      ] Safepoint "Cleanup", Time since last: 1000128911 ns, Reaching safepoint: 44600 ns, At safepoint: 2600 ns, Total: 47200 ns
[2525.449s][info ][safepoint      ] Safepoint "Cleanup", Time since last: 9000584025 ns, Reaching safepoint: 27100 ns, At safepoint: 2300 ns, Total: 29400 ns
[2534.450s][info ][safepoint      ] Safepoint "Cleanup", Time since last: 9000581447 ns, Reaching safepoint: 34500 ns, At safepoint: 4200 ns, Total: 38700 ns
[2542.450s][info ][safepoint      ] Safepoint "Cleanup", Time since last: 8000545425 ns, Reaching safepoint: 36000 ns, At safepoint: 2500 ns, Total: 38500 ns
[2543.450s][info ][safepoint      ] Safepoint "Cleanup", Time since last: 1000122452 ns, Reaching safepoint: 39701 ns, At safepoint: 2700 ns, Total: 42401 ns
[2544.450s][info ][safepoint      ] Safepoint "Cleanup", Time since last: 1000109546 ns, Reaching safepoint: 39101 ns, At safepoint: 3100 ns, Total: 42201 ns
[2545.451s][info ][safepoint      ] Safepoint "Cleanup", Time since last: 1000058540 ns, Reaching safepoint: 85301 ns, At safepoint: 3600 ns, Total: 88901 ns
[2546.451s][info ][safepoint      ] Safepoint "Cleanup", Time since last: 1000084635 ns, Reaching safepoint: 54201 ns, At safepoint: 2200 ns, Total: 56401 ns
[2547.451s][info ][safepoint      ] Safepoint "Cleanup", Time since last: 1000101229 ns, Reaching safepoint: 49201 ns, At safepoint: 4300 ns, Total: 53501 ns
[2548.451s][info ][safepoint      ] Safepoint "Cleanup", Time since last: 1000100024 ns, Reaching safepoint: 43600 ns, At safepoint: 2700 ns, Total: 46300 ns
[2548.834s][info ][gc,start       ] GC(69) Pause Young (Allocation Failure)
[2548.843s][debug][gc,phases      ] GC(69) Scavenge 8.742ms
[2548.843s][debug][gc,ref         ] GC(69) Skipped phase 1 of Reference Processing: no references
[2548.843s][debug][gc,ref         ] GC(69) ReferenceProcessor::execute queues: 1, RefProcThreadModel::Single, marks_oops_alive: false
[2548.843s][debug][gc,ref         ] GC(69) Skipped phase 3 of Reference Processing: no references
[2548.843s][debug][gc,ref         ] GC(69) ReferenceProcessor::execute queues: 1, RefProcThreadModel::Single, marks_oops_alive: false
[2548.843s][debug][gc,phases      ] GC(69) Reference Processing 0.099ms
[2548.843s][debug][gc,phases      ] GC(69)   VM Weak                        Min:  0.0, Avg:  0.0, Max:  0.0, Diff:  0.0, Sum:  0.0, Workers: 4
[2548.843s][debug][gc,phases      ] GC(69)     Dead                           Min: 0, Avg:  0.0, Max: 0, Diff: 0, Sum: 0, Workers: 4
[2548.843s][debug][gc,phases      ] GC(69)     Total                          Min: 0, Avg: 186.5, Max: 384, Diff: 384, Sum: 746, Workers: 4
[2548.843s][debug][gc,phases      ] GC(69)   ObjectSynchronizer Weak        Min:  0.0, Avg:  0.0, Max:  0.0, Diff:  0.0, Sum:  0.0, Workers: 4
[2548.843s][debug][gc,phases      ] GC(69)     Dead                           Min: 0, Avg:  0.0, Max: 0, Diff: 0, Sum: 0, Workers: 4
[2548.843s][debug][gc,phases      ] GC(69)     Total                          Min: 0, Avg:  9.0, Max: 36, Diff: 36, Sum: 36, Workers: 4
[2548.843s][debug][gc,phases      ] GC(69)   JVMTI Tag Weak OopStorage      Min:  0.0, Avg:  0.0, Max:  0.0, Diff:  0.0, Sum:  0.0, Workers: 4
[2548.843s][debug][gc,phases      ] GC(69)     Dead                           Min: 0, Avg:  0.0, Max: 0, Diff: 0, Sum: 0, Workers: 4
[2548.843s][debug][gc,phases      ] GC(69)     Total                          Min: 0, Avg:  0.0, Max: 0, Diff: 0, Sum: 0, Workers: 4
[2548.843s][debug][gc,phases      ] GC(69)   StringTable Weak               Min:  0.0, Avg:  0.1, Max:  0.1, Diff:  0.1, Sum:  0.3, Workers: 4
[2548.843s][debug][gc,phases      ] GC(69)     Dead                           Min: 0, Avg:  0.0, Max: 0, Diff: 0, Sum: 0, Workers: 4
[2548.843s][debug][gc,phases      ] GC(69)     Total                          Min: 0, Avg: 10625.0, Max: 17664, Diff: 17664, Sum: 42500, Workers: 4
[2548.843s][debug][gc,phases      ] GC(69)   ResolvedMethodTable Weak       Min:  0.0, Avg:  0.0, Max:  0.0, Diff:  0.0, Sum:  0.1, Workers: 4
[2548.843s][debug][gc,phases      ] GC(69)     Dead                           Min: 0, Avg:  0.0, Max: 0, Diff: 0, Sum: 0, Workers: 4
[2548.843s][debug][gc,phases      ] GC(69)     Total                          Min: 0, Avg: 2098.8, Max: 3723, Diff: 3723, Sum: 8395, Workers: 4
[2548.843s][debug][gc,phases      ] GC(69)   JNI Weak                       Min:  0.0, Avg:  0.0, Max:  0.0, Diff:  0.0, Sum:  0.0, Workers: 4
[2548.843s][debug][gc,phases      ] GC(69)     Dead                           Min: 0, Avg:  0.0, Max: 0, Diff: 0, Sum: 0, Workers: 4
[2548.843s][debug][gc,phases      ] GC(69)     Total                          Min: 0, Avg: 11.2, Max: 45, Diff: 45, Sum: 45, Workers: 4
[2548.843s][debug][gc,phases      ] GC(69)   StringDedup Table Weak         Min:  0.0, Avg:  0.0, Max:  0.0, Diff:  0.0, Sum:  0.0, Workers: 4
[2548.843s][debug][gc,phases      ] GC(69)     Dead                           Min: 0, Avg:  0.0, Max: 0, Diff: 0, Sum: 0, Workers: 4
[2548.843s][debug][gc,phases      ] GC(69)     Total                          Min: 0, Avg:  0.0, Max: 0, Diff: 0, Sum: 0, Workers: 4
[2548.843s][debug][gc,phases      ] GC(69)   StringDedup Requests0 Weak     Min:  0.0, Avg:  0.0, Max:  0.0, Diff:  0.0, Sum:  0.0, Workers: 4
[2548.843s][debug][gc,phases      ] GC(69)     Dead                           Min: 0, Avg:  0.0, Max: 0, Diff: 0, Sum: 0, Workers: 4
[2548.844s][debug][gc,phases      ] GC(69)     Total                          Min: 0, Avg:  0.0, Max: 0, Diff: 0, Sum: 0, Workers: 4
[2548.844s][debug][gc,phases      ] GC(69)   StringDedup Requests1 Weak     Min:  0.0, Avg:  0.0, Max:  0.0, Diff:  0.0, Sum:  0.0, Workers: 4
[2548.844s][debug][gc,phases      ] GC(69)     Dead                           Min: 0, Avg:  0.0, Max: 0, Diff: 0, Sum: 0, Workers: 4
[2548.844s][debug][gc,phases      ] GC(69)     Total                          Min: 0, Avg:  0.0, Max: 0, Diff: 0, Sum: 0, Workers: 4
[2548.844s][debug][gc,phases      ] GC(69)   Weak JFR Old Object Samples    Min:  0.0, Avg:  0.0, Max:  0.0, Diff:  0.0, Sum:  0.0, Workers: 4
[2548.844s][debug][gc,phases      ] GC(69)     Dead                           Min: 0, Avg:  0.0, Max: 0, Diff: 0, Sum: 0, Workers: 4
[2548.844s][debug][gc,phases      ] GC(69)     Total                          Min: 0, Avg:  0.0, Max: 0, Diff: 0, Sum: 0, Workers: 4
[2548.844s][debug][gc,phases      ] GC(69) Weak Processing 0.304ms
[2548.844s][debug][gc,age         ] GC(69) Desired survivor size 45613056 bytes, new threshold 15 (max threshold 15)
[2548.844s][info ][gc,heap        ] GC(69) PSYoungGen: 2031680K(2032128K)->22656K(2052608K) Eden: 2009088K(2009088K)->0K(2008064K) From: 22592K(23040K)->22656K(44544K)
[2548.844s][info ][gc,heap        ] GC(69) ParOldGen: 397622K(520704K)->397654K(520704K)
[2548.844s][info ][gc,metaspace   ] GC(69) Metaspace: 78485K(79424K)->78485K(79424K) NonClass: 67438K(67904K)->67438K(67904K) Class: 11046K(11520K)->11046K(11520K)
[2548.844s][info ][gc             ] GC(69) Pause Young (Allocation Failure) 2372M->410M(2513M) 9.238ms
[2548.844s][info ][gc,cpu         ] GC(69) User=0.03s Sys=0.00s Real=0.00s
[2548.844s][info ][safepoint      ] Safepoint "ParallelGCFailedAllocation", Time since last: 383142476 ns, Reaching safepoint: 91101 ns, At safepoint: 9299750 ns, Total: 9390851 ns
[2551.844s][info ][safepoint      ] Safepoint "Cleanup", Time since last: 3000202632 ns, Reaching safepoint: 52300 ns, At safepoint: 2500 ns, Total: 54800 ns
[2553.844s][info ][safepoint      ] Safepoint "Cleanup", Time since last: 2000173293 ns, Reaching safepoint: 24300 ns, At safepoint: 2400 ns, Total: 26700 ns
[2570.845s][info ][safepoint      ] Safepoint "Cleanup", Time since last: 17001115646 ns, Reaching safepoint: 30900 ns, At safepoint: 27600 ns, Total: 58500 ns
[2575.846s][info ][safepoint      ] Safepoint "Cleanup", Time since last: 5000317820 ns, Reaching safepoint: 37600 ns, At safepoint: 2900 ns, Total: 40500 ns
[2576.846s][info ][safepoint      ] Safepoint "Cleanup", Time since last: 1000098868 ns, Reaching safepoint: 32100 ns, At safepoint: 2500 ns, Total: 34600 ns
[2577.846s][info ][safepoint      ] Safepoint "Cleanup", Time since last: 1000100363 ns, Reaching safepoint: 39100 ns, At safepoint: 7500 ns, Total: 46600 ns
[2579.846s][info ][safepoint      ] Safepoint "Cleanup", Time since last: 2000164509 ns, Reaching safepoint: 37101 ns, At safepoint: 2700 ns, Total: 39801 ns
[2580.846s][info ][safepoint      ] Safepoint "Cleanup", Time since last: 1000109146 ns, Reaching safepoint: 46801 ns, At safepoint: 25200 ns, Total: 72001 ns
[2582.846s][info ][safepoint      ] Safepoint "Cleanup", Time since last: 2000157577 ns, Reaching safepoint: 63301 ns, At safepoint: 3300 ns, Total: 66601 ns
[2586.847s][info ][safepoint      ] Safepoint "Cleanup", Time since last: 4000285191 ns, Reaching safepoint: 53500 ns, At safepoint: 5400 ns, Total: 58900 ns
[2587.847s][info ][safepoint      ] Safepoint "Cleanup", Time since last: 1000095310 ns, Reaching safepoint: 33901 ns, At safepoint: 2500 ns, Total: 36401 ns
[2589.847s][info ][safepoint      ] Safepoint "Cleanup", Time since last: 2000166404 ns, Reaching safepoint: 41900 ns, At safepoint: 7300 ns, Total: 49200 ns
[2591.847s][info ][safepoint      ] Safepoint "Cleanup", Time since last: 2000138983 ns, Reaching safepoint: 62400 ns, At safepoint: 4300 ns, Total: 66700 ns
[2593.187s][info ][safepoint      ] Safepoint "Cleanup", Time since last: 1339673543 ns, Reaching safepoint: 139501 ns, At safepoint: 5300 ns, Total: 144801 ns
[2594.187s][info ][safepoint      ] Safepoint "Cleanup", Time since last: 1000115977 ns, Reaching safepoint: 44101 ns, At safepoint: 3100 ns, Total: 47201 ns
[2595.188s][info ][safepoint      ] Safepoint "Cleanup", Time since last: 1000055571 ns, Reaching safepoint: 95601 ns, At safepoint: 7200 ns, Total: 102801 ns
[2602.188s][info ][safepoint      ] Safepoint "Cleanup", Time since last: 7000482058 ns, Reaching safepoint: 36000 ns, At safepoint: 4500 ns, Total: 40500 ns
[2604.188s][info ][safepoint      ] Safepoint "Cleanup", Time since last: 2000147956 ns, Reaching safepoint: 37800 ns, At safepoint: 4200 ns, Total: 42000 ns
[2605.188s][info ][safepoint      ] Safepoint "Cleanup", Time since last: 1000101721 ns, Reaching safepoint: 32900 ns, At safepoint: 2300 ns, Total: 35200 ns
[2607.189s][info ][safepoint      ] Safepoint "Cleanup", Time since last: 2000155426 ns, Reaching safepoint: 36101 ns, At safepoint: 2200 ns, Total: 38301 ns
[2608.189s][info ][safepoint      ] Safepoint "Cleanup", Time since last: 1000091105 ns, Reaching safepoint: 24400 ns, At safepoint: 2300 ns, Total: 26700 ns
[2609.189s][info ][safepoint      ] Safepoint "Cleanup", Time since last: 1000110401 ns, Reaching safepoint: 103301 ns, At safepoint: 7700 ns, Total: 111001 ns
[2614.085s][info ][safepoint      ] Safepoint "Cleanup", Time since last: 4895879397 ns, Reaching safepoint: 124101 ns, At safepoint: 5800 ns, Total: 129901 ns
[2615.335s][info ][gc,start       ] GC(70) Pause Young (Allocation Failure)
[2615.342s][debug][gc,phases      ] GC(70) Scavenge 6.883ms
[2615.342s][debug][gc,ref         ] GC(70) Skipped phase 1 of Reference Processing: no references
[2615.342s][debug][gc,ref         ] GC(70) ReferenceProcessor::execute queues: 1, RefProcThreadModel::Single, marks_oops_alive: false
[2615.342s][debug][gc,ref         ] GC(70) Skipped phase 3 of Reference Processing: no references
[2615.342s][debug][gc,ref         ] GC(70) ReferenceProcessor::execute queues: 1, RefProcThreadModel::Single, marks_oops_alive: false
[2615.342s][debug][gc,phases      ] GC(70) Reference Processing 0.090ms
[2615.342s][debug][gc,phases      ] GC(70)   VM Weak                        Min:  0.0, Avg:  0.0, Max:  0.0, Diff:  0.0, Sum:  0.0, Workers: 4
[2615.342s][debug][gc,phases      ] GC(70)     Dead                           Min: 0, Avg:  0.0, Max: 0, Diff: 0, Sum: 0, Workers: 4
[2615.342s][debug][gc,phases      ] GC(70)     Total                          Min: 0, Avg: 187.5, Max: 750, Diff: 750, Sum: 750, Workers: 4
[2615.342s][debug][gc,phases      ] GC(70)   ObjectSynchronizer Weak        Min:  0.0, Avg:  0.0, Max:  0.0, Diff:  0.0, Sum:  0.0, Workers: 4
[2615.342s][debug][gc,phases      ] GC(70)     Dead                           Min: 0, Avg:  0.0, Max: 0, Diff: 0, Sum: 0, Workers: 4
[2615.342s][debug][gc,phases      ] GC(70)     Total                          Min: 0, Avg:  9.2, Max: 37, Diff: 37, Sum: 37, Workers: 4
[2615.342s][debug][gc,phases      ] GC(70)   JVMTI Tag Weak OopStorage      Min:  0.0, Avg:  0.0, Max:  0.0, Diff:  0.0, Sum:  0.0, Workers: 4
[2615.342s][debug][gc,phases      ] GC(70)     Dead                           Min: 0, Avg:  0.0, Max: 0, Diff: 0, Sum: 0, Workers: 4
[2615.342s][debug][gc,phases      ] GC(70)     Total                          Min: 0, Avg:  0.0, Max: 0, Diff: 0, Sum: 0, Workers: 4
[2615.342s][debug][gc,phases      ] GC(70)   StringTable Weak               Min:  0.0, Avg:  0.1, Max:  0.1, Diff:  0.1, Sum:  0.3, Workers: 4
[2615.342s][debug][gc,phases      ] GC(70)     Dead                           Min: 0, Avg:  0.0, Max: 0, Diff: 0, Sum: 0, Workers: 4
[2615.342s][debug][gc,phases      ] GC(70)     Total                          Min: 0, Avg: 10626.8, Max: 17536, Diff: 17536, Sum: 42507, Workers: 4
[2615.342s][debug][gc,phases      ] GC(70)   ResolvedMethodTable Weak       Min:  0.0, Avg:  0.0, Max:  0.0, Diff:  0.0, Sum:  0.1, Workers: 4
[2615.342s][debug][gc,phases      ] GC(70)     Dead                           Min: 0, Avg:  0.0, Max: 0, Diff: 0, Sum: 0, Workers: 4
[2615.342s][debug][gc,phases      ] GC(70)     Total                          Min: 0, Avg: 2102.8, Max: 3611, Diff: 3611, Sum: 8411, Workers: 4
[2615.342s][debug][gc,phases      ] GC(70)   JNI Weak                       Min:  0.0, Avg:  0.0, Max:  0.0, Diff:  0.0, Sum:  0.0, Workers: 4
[2615.342s][debug][gc,phases      ] GC(70)     Dead                           Min: 0, Avg:  0.0, Max: 0, Diff: 0, Sum: 0, Workers: 4
[2615.342s][debug][gc,phases      ] GC(70)     Total                          Min: 0, Avg: 11.2, Max: 45, Diff: 45, Sum: 45, Workers: 4
[2615.342s][debug][gc,phases      ] GC(70)   StringDedup Table Weak         Min:  0.0, Avg:  0.0, Max:  0.0, Diff:  0.0, Sum:  0.0, Workers: 4
[2615.342s][debug][gc,phases      ] GC(70)     Dead                           Min: 0, Avg:  0.0, Max: 0, Diff: 0, Sum: 0, Workers: 4
[2615.342s][debug][gc,phases      ] GC(70)     Total                          Min: 0, Avg:  0.0, Max: 0, Diff: 0, Sum: 0, Workers: 4
[2615.342s][debug][gc,phases      ] GC(70)   StringDedup Requests0 Weak     Min:  0.0, Avg:  0.0, Max:  0.0, Diff:  0.0, Sum:  0.0, Workers: 4
[2615.342s][debug][gc,phases      ] GC(70)     Dead                           Min: 0, Avg:  0.0, Max: 0, Diff: 0, Sum: 0, Workers: 4
[2615.342s][debug][gc,phases      ] GC(70)     Total                          Min: 0, Avg:  0.0, Max: 0, Diff: 0, Sum: 0, Workers: 4
[2615.342s][debug][gc,phases      ] GC(70)   StringDedup Requests1 Weak     Min:  0.0, Avg:  0.0, Max:  0.0, Diff:  0.0, Sum:  0.0, Workers: 4
[2615.342s][debug][gc,phases      ] GC(70)     Dead                           Min: 0, Avg:  0.0, Max: 0, Diff: 0, Sum: 0, Workers: 4
[2615.342s][debug][gc,phases      ] GC(70)     Total                          Min: 0, Avg:  0.0, Max: 0, Diff: 0, Sum: 0, Workers: 4
[2615.342s][debug][gc,phases      ] GC(70)   Weak JFR Old Object Samples    Min:  0.0, Avg:  0.0, Max:  0.0, Diff:  0.0, Sum:  0.0, Workers: 4
[2615.342s][debug][gc,phases      ] GC(70)     Dead                           Min: 0, Avg:  0.0, Max: 0, Diff: 0, Sum: 0, Workers: 4
[2615.342s][debug][gc,phases      ] GC(70)     Total                          Min: 0, Avg:  0.0, Max: 0, Diff: 0, Sum: 0, Workers: 4
[2615.342s][debug][gc,phases      ] GC(70) Weak Processing 0.300ms
[2615.342s][debug][gc,age         ] GC(70) Desired survivor size 42991616 bytes, new threshold 15 (max threshold 15)
[2615.342s][info ][gc,heap        ] GC(70) PSYoungGen: 2030720K(2052608K)->16256K(2052608K) Eden: 2008064K(2008064K)->0K(2008064K) From: 22656K(44544K)->16256K(44544K)
[2615.342s][info ][gc,heap        ] GC(70) ParOldGen: 397654K(520704K)->397686K(520704K)
[2615.342s][info ][gc,metaspace   ] GC(70) Metaspace: 78569K(79488K)->78569K(79488K) NonClass: 67517K(67968K)->67517K(67968K) Class: 11052K(11520K)->11052K(11520K)
[2615.342s][info ][gc             ] GC(70) Pause Young (Allocation Failure) 2371M->404M(2513M) 7.370ms
[2615.342s][info ][gc,cpu         ] GC(70) User=0.02s Sys=0.00s Real=0.00s
[2615.342s][info ][safepoint      ] Safepoint "ParallelGCFailedAllocation", Time since last: 1249797036 ns, Reaching safepoint: 26100 ns, At safepoint: 7432038 ns, Total: 7458138 ns
[2616.342s][info ][safepoint      ] Safepoint "Cleanup", Time since last: 1000078165 ns, Reaching safepoint: 42600 ns, At safepoint: 15700 ns, Total: 58300 ns
[2623.343s][info ][safepoint      ] Safepoint "Cleanup", Time since last: 7000437416 ns, Reaching safepoint: 26900 ns, At safepoint: 2500 ns, Total: 29400 ns
[2624.343s][info ][safepoint      ] Safepoint "Cleanup", Time since last: 1000113426 ns, Reaching safepoint: 26300 ns, At safepoint: 2700 ns, Total: 29000 ns
[2625.343s][info ][safepoint      ] Safepoint "Cleanup", Time since last: 1000072320 ns, Reaching safepoint: 45101 ns, At safepoint: 3600 ns, Total: 48701 ns
[2628.343s][info ][safepoint      ] Safepoint "Cleanup", Time since last: 3000228233 ns, Reaching safepoint: 45300 ns, At safepoint: 2900 ns, Total: 48200 ns
[2629.343s][info ][safepoint      ] Safepoint "Cleanup", Time since last: 1000102001 ns, Reaching safepoint: 49001 ns, At safepoint: 2200 ns, Total: 51201 ns
[2630.344s][info ][safepoint      ] Safepoint "Cleanup", Time since last: 1000098996 ns, Reaching safepoint: 169301 ns, At safepoint: 8900 ns, Total: 178201 ns
[2633.344s][info ][safepoint      ] Safepoint "Cleanup", Time since last: 3000200961 ns, Reaching safepoint: 38400 ns, At safepoint: 3400 ns, Total: 41800 ns
[2639.344s][info ][safepoint      ] Safepoint "Cleanup", Time since last: 6000409293 ns, Reaching safepoint: 42400 ns, At safepoint: 2300 ns, Total: 44700 ns
[2640.345s][info ][safepoint      ] Safepoint "Cleanup", Time since last: 1000100349 ns, Reaching safepoint: 29200 ns, At safepoint: 3000 ns, Total: 32200 ns
[2643.345s][info ][safepoint      ] Safepoint "Cleanup", Time since last: 3000189118 ns, Reaching safepoint: 37001 ns, At safepoint: 4400 ns, Total: 41401 ns
[2646.345s][info ][safepoint      ] Safepoint "Cleanup", Time since last: 3000235776 ns, Reaching safepoint: 45900 ns, At safepoint: 2200 ns, Total: 48100 ns
[2647.345s][info ][safepoint      ] Safepoint "Cleanup", Time since last: 1000098416 ns, Reaching safepoint: 53901 ns, At safepoint: 4000 ns, Total: 57901 ns
[2648.345s][info ][safepoint      ] Safepoint "Cleanup", Time since last: 1000105411 ns, Reaching safepoint: 36100 ns, At safepoint: 2200 ns, Total: 38300 ns
[2670.347s][info ][safepoint      ] Safepoint "Cleanup", Time since last: 22001291091 ns, Reaching safepoint: 29701 ns, At safepoint: 2700 ns, Total: 32401 ns
[2672.347s][info ][safepoint      ] Safepoint "Cleanup", Time since last: 2000163309 ns, Reaching safepoint: 27700 ns, At safepoint: 2400 ns, Total: 30100 ns
[2673.347s][info ][safepoint      ] Safepoint "Cleanup", Time since last: 1000092998 ns, Reaching safepoint: 34500 ns, At safepoint: 23001 ns, Total: 57501 ns
[2677.347s][info ][safepoint      ] Safepoint "Cleanup", Time since last: 4000283448 ns, Reaching safepoint: 40800 ns, At safepoint: 4600 ns, Total: 45400 ns
[2678.348s][info ][safepoint      ] Safepoint "Cleanup", Time since last: 1000112376 ns, Reaching safepoint: 41300 ns, At safepoint: 4300 ns, Total: 45600 ns
[2679.348s][info ][safepoint      ] Safepoint "Cleanup", Time since last: 1000100472 ns, Reaching safepoint: 41500 ns, At safepoint: 6900 ns, Total: 48400 ns
[2680.348s][info ][safepoint      ] Safepoint "Cleanup", Time since last: 1000093868 ns, Reaching safepoint: 40300 ns, At safepoint: 10300 ns, Total: 50600 ns
[2681.348s][info ][safepoint      ] Safepoint "Cleanup", Time since last: 1000092863 ns, Reaching safepoint: 24700 ns, At safepoint: 2400 ns, Total: 27100 ns
[2682.348s][info ][safepoint      ] Safepoint "Cleanup", Time since last: 1000095759 ns, Reaching safepoint: 56800 ns, At safepoint: 2900 ns, Total: 59700 ns
[2684.348s][info ][safepoint      ] Safepoint "Cleanup", Time since last: 2000154404 ns, Reaching safepoint: 58800 ns, At safepoint: 6100 ns, Total: 64900 ns
[2685.348s][info ][safepoint      ] Safepoint "Cleanup", Time since last: 1000102946 ns, Reaching safepoint: 53700 ns, At safepoint: 4800 ns, Total: 58500 ns
[2686.349s][info ][safepoint      ] Safepoint "Cleanup", Time since last: 1000055041 ns, Reaching safepoint: 49001 ns, At safepoint: 2400 ns, Total: 51401 ns
[2687.349s][info ][safepoint      ] Safepoint "Cleanup", Time since last: 1000071137 ns, Reaching safepoint: 47700 ns, At safepoint: 4700 ns, Total: 52400 ns
[2688.349s][info ][safepoint      ] Safepoint "Cleanup", Time since last: 1000103133 ns, Reaching safepoint: 42900 ns, At safepoint: 2700 ns, Total: 45600 ns
[2689.349s][info ][safepoint      ] Safepoint "Cleanup", Time since last: 1000112028 ns, Reaching safepoint: 39501 ns, At safepoint: 3800 ns, Total: 43301 ns
[2692.349s][info ][safepoint      ] Safepoint "Cleanup", Time since last: 3000227859 ns, Reaching safepoint: 39000 ns, At safepoint: 2100 ns, Total: 41100 ns
[2693.349s][info ][safepoint      ] Safepoint "Cleanup", Time since last: 1000065811 ns, Reaching safepoint: 25200 ns, At safepoint: 2800 ns, Total: 28000 ns
[2694.350s][info ][safepoint      ] Safepoint "Cleanup", Time since last: 1000107008 ns, Reaching safepoint: 42200 ns, At safepoint: 3900 ns, Total: 46100 ns
[2694.386s][info ][gc,start       ] GC(71) Pause Young (Allocation Failure)
[2694.393s][debug][gc,phases      ] GC(71) Scavenge 6.314ms
[2694.393s][debug][gc,ref         ] GC(71) Skipped phase 1 of Reference Processing: no references
[2694.393s][debug][gc,ref         ] GC(71) ReferenceProcessor::execute queues: 1, RefProcThreadModel::Single, marks_oops_alive: false
[2694.393s][debug][gc,ref         ] GC(71) Skipped phase 3 of Reference Processing: no references
[2694.393s][debug][gc,ref         ] GC(71) ReferenceProcessor::execute queues: 1, RefProcThreadModel::Single, marks_oops_alive: false
[2694.393s][debug][gc,phases      ] GC(71) Reference Processing 0.101ms
[2694.393s][debug][gc,phases      ] GC(71)   VM Weak                        Min:  0.0, Avg:  0.0, Max:  0.0, Diff:  0.0, Sum:  0.0, Workers: 4
[2694.393s][debug][gc,phases      ] GC(71)     Dead                           Min: 0, Avg:  0.0, Max: 0, Diff: 0, Sum: 0, Workers: 4
[2694.393s][debug][gc,phases      ] GC(71)     Total                          Min: 0, Avg: 187.5, Max: 750, Diff: 750, Sum: 750, Workers: 4
[2694.393s][debug][gc,phases      ] GC(71)   ObjectSynchronizer Weak        Min:  0.0, Avg:  0.0, Max:  0.0, Diff:  0.0, Sum:  0.0, Workers: 4
[2694.393s][debug][gc,phases      ] GC(71)     Dead                           Min: 0, Avg:  0.0, Max: 0, Diff: 0, Sum: 0, Workers: 4
[2694.393s][debug][gc,phases      ] GC(71)     Total                          Min: 0, Avg:  9.2, Max: 37, Diff: 37, Sum: 37, Workers: 4
[2694.393s][debug][gc,phases      ] GC(71)   JVMTI Tag Weak OopStorage      Min:  0.0, Avg:  0.0, Max:  0.0, Diff:  0.0, Sum:  0.0, Workers: 4
[2694.393s][debug][gc,phases      ] GC(71)     Dead                           Min: 0, Avg:  0.0, Max: 0, Diff: 0, Sum: 0, Workers: 4
[2694.393s][debug][gc,phases      ] GC(71)     Total                          Min: 0, Avg:  0.0, Max: 0, Diff: 0, Sum: 0, Workers: 4
[2694.393s][debug][gc,phases      ] GC(71)   StringTable Weak               Min:  0.0, Avg:  0.1, Max:  0.1, Diff:  0.1, Sum:  0.3, Workers: 4
[2694.393s][debug][gc,phases      ] GC(71)     Dead                           Min: 0, Avg:  0.0, Max: 0, Diff: 0, Sum: 0, Workers: 4
[2694.393s][debug][gc,phases      ] GC(71)     Total                          Min: 0, Avg: 10627.5, Max: 16384, Diff: 16384, Sum: 42510, Workers: 4
[2694.393s][debug][gc,phases      ] GC(71)   ResolvedMethodTable Weak       Min:  0.0, Avg:  0.0, Max:  0.0, Diff:  0.0, Sum:  0.1, Workers: 4
[2694.393s][debug][gc,phases      ] GC(71)     Dead                           Min: 0, Avg:  0.0, Max: 0, Diff: 0, Sum: 0, Workers: 4
[2694.393s][debug][gc,phases      ] GC(71)     Total                          Min: 0, Avg: 2104.0, Max: 3488, Diff: 3488, Sum: 8416, Workers: 4
[2694.393s][debug][gc,phases      ] GC(71)   JNI Weak                       Min:  0.0, Avg:  0.0, Max:  0.0, Diff:  0.0, Sum:  0.0, Workers: 4
[2694.393s][debug][gc,phases      ] GC(71)     Dead                           Min: 0, Avg:  0.0, Max: 0, Diff: 0, Sum: 0, Workers: 4
[2694.393s][debug][gc,phases      ] GC(71)     Total                          Min: 0, Avg: 11.2, Max: 45, Diff: 45, Sum: 45, Workers: 4
[2694.393s][debug][gc,phases      ] GC(71)   StringDedup Table Weak         Min:  0.0, Avg:  0.0, Max:  0.0, Diff:  0.0, Sum:  0.0, Workers: 4
[2694.393s][debug][gc,phases      ] GC(71)     Dead                           Min: 0, Avg:  0.0, Max: 0, Diff: 0, Sum: 0, Workers: 4
[2694.393s][debug][gc,phases      ] GC(71)     Total                          Min: 0, Avg:  0.0, Max: 0, Diff: 0, Sum: 0, Workers: 4
[2694.393s][debug][gc,phases      ] GC(71)   StringDedup Requests0 Weak     Min:  0.0, Avg:  0.0, Max:  0.0, Diff:  0.0, Sum:  0.0, Workers: 4
[2694.393s][debug][gc,phases      ] GC(71)     Dead                           Min: 0, Avg:  0.0, Max: 0, Diff: 0, Sum: 0, Workers: 4
[2694.393s][debug][gc,phases      ] GC(71)     Total                          Min: 0, Avg:  0.0, Max: 0, Diff: 0, Sum: 0, Workers: 4
[2694.393s][debug][gc,phases      ] GC(71)   StringDedup Requests1 Weak     Min:  0.0, Avg:  0.0, Max:  0.0, Diff:  0.0, Sum:  0.0, Workers: 4
[2694.393s][debug][gc,phases      ] GC(71)     Dead                           Min: 0, Avg:  0.0, Max: 0, Diff: 0, Sum: 0, Workers: 4
[2694.393s][debug][gc,phases      ] GC(71)     Total                          Min: 0, Avg:  0.0, Max: 0, Diff: 0, Sum: 0, Workers: 4
[2694.393s][debug][gc,phases      ] GC(71)   Weak JFR Old Object Samples    Min:  0.0, Avg:  0.0, Max:  0.0, Diff:  0.0, Sum:  0.0, Workers: 4
[2694.393s][debug][gc,phases      ] GC(71)     Dead                           Min: 0, Avg:  0.0, Max: 0, Diff: 0, Sum: 0, Workers: 4
[2694.393s][debug][gc,phases      ] GC(71)     Total                          Min: 0, Avg:  0.0, Max: 0, Diff: 0, Sum: 0, Workers: 4
[2694.393s][debug][gc,phases      ] GC(71) Weak Processing 0.299ms
[2694.393s][debug][gc,age         ] GC(71) Desired survivor size 40894464 bytes, new threshold 15 (max threshold 15)
[2694.393s][info ][gc,heap        ] GC(71) PSYoungGen: 2024320K(2052608K)->16784K(2057216K) Eden: 2008064K(2008064K)->0K(2015232K) From: 16256K(44544K)->16784K(41984K)
[2694.393s][info ][gc,heap        ] GC(71) ParOldGen: 397686K(520704K)->397734K(520704K)
[2694.393s][info ][gc,metaspace   ] GC(71) Metaspace: 78627K(79552K)->78627K(79552K) NonClass: 67572K(68032K)->67572K(68032K) Class: 11055K(11520K)->11055K(11520K)
[2694.393s][info ][gc             ] GC(71) Pause Young (Allocation Failure) 2365M->404M(2517M) 6.792ms
[2694.393s][info ][gc,cpu         ] GC(71) User=0.03s Sys=0.00s Real=0.00s
[2694.393s][info ][safepoint      ] Safepoint "ParallelGCFailedAllocation", Time since last: 36771973 ns, Reaching safepoint: 19100 ns, At safepoint: 6861532 ns, Total: 6880632 ns
[2695.393s][info ][safepoint      ] Safepoint "Cleanup", Time since last: 1000076403 ns, Reaching safepoint: 30900 ns, At safepoint: 2200 ns, Total: 33100 ns
[2697.393s][info ][safepoint      ] Safepoint "Cleanup", Time since last: 2000127992 ns, Reaching safepoint: 37700 ns, At safepoint: 9200 ns, Total: 46900 ns
[2698.394s][info ][safepoint      ] Safepoint "Cleanup", Time since last: 1000098190 ns, Reaching safepoint: 41001 ns, At safepoint: 3000 ns, Total: 44001 ns
[2699.394s][info ][safepoint      ] Safepoint "Cleanup", Time since last: 1000091985 ns, Reaching safepoint: 26001 ns, At safepoint: 2400 ns, Total: 28401 ns
[2700.394s][info ][safepoint      ] Safepoint "Cleanup", Time since last: 1000099381 ns, Reaching safepoint: 42400 ns, At safepoint: 2200 ns, Total: 44600 ns
[2701.394s][info ][safepoint      ] Safepoint "Cleanup", Time since last: 1000087278 ns, Reaching safepoint: 50900 ns, At safepoint: 5100 ns, Total: 56000 ns
[2702.394s][info ][safepoint      ] Safepoint "Cleanup", Time since last: 1000097173 ns, Reaching safepoint: 42100 ns, At safepoint: 3000 ns, Total: 45100 ns
[2703.394s][info ][safepoint      ] Safepoint "Cleanup", Time since last: 1000056369 ns, Reaching safepoint: 41900 ns, At safepoint: 4101 ns, Total: 46001 ns
[2706.395s][info ][safepoint      ] Safepoint "Cleanup", Time since last: 3000221981 ns, Reaching safepoint: 43801 ns, At safepoint: 4400 ns, Total: 48201 ns
[2707.395s][info ][safepoint      ] Safepoint "Cleanup", Time since last: 1000098752 ns, Reaching safepoint: 32200 ns, At safepoint: 3000 ns, Total: 35200 ns
[2709.395s][info ][safepoint      ] Safepoint "Cleanup", Time since last: 2000173192 ns, Reaching safepoint: 36901 ns, At safepoint: 3900 ns, Total: 40801 ns
[2713.395s][info ][safepoint      ] Safepoint "Cleanup", Time since last: 4000300635 ns, Reaching safepoint: 38600 ns, At safepoint: 4000 ns, Total: 42600 ns
[2714.395s][info ][safepoint      ] Safepoint "Cleanup", Time since last: 1000107524 ns, Reaching safepoint: 23900 ns, At safepoint: 2700 ns, Total: 26600 ns
[2715.396s][info ][safepoint      ] Safepoint "Cleanup", Time since last: 1000098119 ns, Reaching safepoint: 51801 ns, At safepoint: 7000 ns, Total: 58801 ns
[2716.396s][info ][safepoint      ] Safepoint "Cleanup", Time since last: 1000101115 ns, Reaching safepoint: 42500 ns, At safepoint: 4200 ns, Total: 46700 ns
[2718.396s][info ][safepoint      ] Safepoint "Cleanup", Time since last: 2000114919 ns, Reaching safepoint: 46300 ns, At safepoint: 3700 ns, Total: 50000 ns
[2721.396s][info ][safepoint      ] Safepoint "Cleanup", Time since last: 3000224997 ns, Reaching safepoint: 38201 ns, At safepoint: 2600 ns, Total: 40801 ns
[2728.397s][info ][safepoint      ] Safepoint "Cleanup", Time since last: 7000410853 ns, Reaching safepoint: 42600 ns, At safepoint: 2600 ns, Total: 45200 ns
[2729.397s][info ][safepoint      ] Safepoint "Cleanup", Time since last: 1000110063 ns, Reaching safepoint: 32901 ns, At safepoint: 3200 ns, Total: 36101 ns
[2736.397s][info ][safepoint      ] Safepoint "Cleanup", Time since last: 7000456531 ns, Reaching safepoint: 49300 ns, At safepoint: 3400 ns, Total: 52700 ns
[2742.398s][info ][safepoint      ] Safepoint "Cleanup", Time since last: 6000392732 ns, Reaching safepoint: 50500 ns, At safepoint: 2900 ns, Total: 53400 ns
[2743.398s][info ][safepoint      ] Safepoint "Cleanup", Time since last: 1000104309 ns, Reaching safepoint: 104400 ns, At safepoint: 8900 ns, Total: 113300 ns
[2744.398s][info ][safepoint      ] Safepoint "Cleanup", Time since last: 1000102605 ns, Reaching safepoint: 34700 ns, At safepoint: 3000 ns, Total: 37700 ns
[2745.398s][info ][safepoint      ] Safepoint "Cleanup", Time since last: 1000098901 ns, Reaching safepoint: 39400 ns, At safepoint: 6500 ns, Total: 45900 ns
[2749.398s][info ][safepoint      ] Safepoint "Cleanup", Time since last: 4000275664 ns, Reaching safepoint: 50401 ns, At safepoint: 4200 ns, Total: 54601 ns
[2750.399s][info ][safepoint      ] Safepoint "Cleanup", Time since last: 1000096481 ns, Reaching safepoint: 33400 ns, At safepoint: 2300 ns, Total: 35700 ns
[2759.399s][info ][safepoint      ] Safepoint "Cleanup", Time since last: 9000608564 ns, Reaching safepoint: 31300 ns, At safepoint: 25100 ns, Total: 56400 ns
[2767.400s][info ][safepoint      ] Safepoint "Cleanup", Time since last: 8000538247 ns, Reaching safepoint: 39701 ns, At safepoint: 10800 ns, Total: 50501 ns
[2771.935s][info ][gc,start       ] GC(72) Pause Young (Allocation Failure)
[2771.942s][debug][gc,phases      ] GC(72) Scavenge 6.889ms
[2771.942s][debug][gc,ref         ] GC(72) Skipped phase 1 of Reference Processing: no references
[2771.942s][debug][gc,ref         ] GC(72) ReferenceProcessor::execute queues: 1, RefProcThreadModel::Single, marks_oops_alive: false
[2771.942s][debug][gc,ref         ] GC(72) Skipped phase 3 of Reference Processing: no references
[2771.942s][debug][gc,ref         ] GC(72) ReferenceProcessor::execute queues: 1, RefProcThreadModel::Single, marks_oops_alive: false
[2771.942s][debug][gc,phases      ] GC(72) Reference Processing 0.093ms
[2771.942s][debug][gc,phases      ] GC(72)   VM Weak                        Min:  0.0, Avg:  0.0, Max:  0.0, Diff:  0.0, Sum:  0.0, Workers: 4
[2771.942s][debug][gc,phases      ] GC(72)     Dead                           Min: 0, Avg:  0.0, Max: 0, Diff: 0, Sum: 0, Workers: 4
[2771.942s][debug][gc,phases      ] GC(72)     Total                          Min: 0, Avg: 187.8, Max: 640, Diff: 640, Sum: 751, Workers: 4
[2771.942s][debug][gc,phases      ] GC(72)   ObjectSynchronizer Weak        Min:  0.0, Avg:  0.0, Max:  0.0, Diff:  0.0, Sum:  0.0, Workers: 4
[2771.942s][debug][gc,phases      ] GC(72)     Dead                           Min: 0, Avg:  0.0, Max: 0, Diff: 0, Sum: 0, Workers: 4
[2771.942s][debug][gc,phases      ] GC(72)     Total                          Min: 0, Avg:  9.2, Max: 37, Diff: 37, Sum: 37, Workers: 4
[2771.942s][debug][gc,phases      ] GC(72)   JVMTI Tag Weak OopStorage      Min:  0.0, Avg:  0.0, Max:  0.0, Diff:  0.0, Sum:  0.0, Workers: 4
[2771.942s][debug][gc,phases      ] GC(72)     Dead                           Min: 0, Avg:  0.0, Max: 0, Diff: 0, Sum: 0, Workers: 4
[2771.942s][debug][gc,phases      ] GC(72)     Total                          Min: 0, Avg:  0.0, Max: 0, Diff: 0, Sum: 0, Workers: 4
[2771.942s][debug][gc,phases      ] GC(72)   StringTable Weak               Min:  0.1, Avg:  0.1, Max:  0.1, Diff:  0.0, Sum:  0.4, Workers: 4
[2771.942s][debug][gc,phases      ] GC(72)     Dead                           Min: 0, Avg:  0.2, Max: 1, Diff: 1, Sum: 1, Workers: 4
[2771.942s][debug][gc,phases      ] GC(72)     Total                          Min: 9572, Avg: 10632.8, Max: 12096, Diff: 2524, Sum: 42531, Workers: 4
[2771.942s][debug][gc,phases      ] GC(72)   ResolvedMethodTable Weak       Min:  0.0, Avg:  0.0, Max:  0.0, Diff:  0.0, Sum:  0.1, Workers: 4
[2771.943s][debug][gc,phases      ] GC(72)     Dead                           Min: 0, Avg:  0.0, Max: 0, Diff: 0, Sum: 0, Workers: 4
[2771.943s][debug][gc,phases      ] GC(72)     Total                          Min: 1920, Avg: 2106.5, Max: 2282, Diff: 362, Sum: 8426, Workers: 4
[2771.943s][debug][gc,phases      ] GC(72)   JNI Weak                       Min:  0.0, Avg:  0.0, Max:  0.0, Diff:  0.0, Sum:  0.0, Workers: 4
[2771.943s][debug][gc,phases      ] GC(72)     Dead                           Min: 0, Avg:  0.0, Max: 0, Diff: 0, Sum: 0, Workers: 4
[2771.943s][debug][gc,phases      ] GC(72)     Total                          Min: 0, Avg: 11.2, Max: 45, Diff: 45, Sum: 45, Workers: 4
[2771.943s][debug][gc,phases      ] GC(72)   StringDedup Table Weak         Min:  0.0, Avg:  0.0, Max:  0.0, Diff:  0.0, Sum:  0.0, Workers: 4
[2771.943s][debug][gc,phases      ] GC(72)     Dead                           Min: 0, Avg:  0.0, Max: 0, Diff: 0, Sum: 0, Workers: 4
[2771.943s][debug][gc,phases      ] GC(72)     Total                          Min: 0, Avg:  0.0, Max: 0, Diff: 0, Sum: 0, Workers: 4
[2771.943s][debug][gc,phases      ] GC(72)   StringDedup Requests0 Weak     Min:  0.0, Avg:  0.0, Max:  0.0, Diff:  0.0, Sum:  0.0, Workers: 4
[2771.943s][debug][gc,phases      ] GC(72)     Dead                           Min: 0, Avg:  0.0, Max: 0, Diff: 0, Sum: 0, Workers: 4
[2771.943s][debug][gc,phases      ] GC(72)     Total                          Min: 0, Avg:  0.0, Max: 0, Diff: 0, Sum: 0, Workers: 4
[2771.943s][debug][gc,phases      ] GC(72)   StringDedup Requests1 Weak     Min:  0.0, Avg:  0.0, Max:  0.0, Diff:  0.0, Sum:  0.0, Workers: 4
[2771.943s][debug][gc,phases      ] GC(72)     Dead                           Min: 0, Avg:  0.0, Max: 0, Diff: 0, Sum: 0, Workers: 4
[2771.943s][debug][gc,phases      ] GC(72)     Total                          Min: 0, Avg:  0.0, Max: 0, Diff: 0, Sum: 0, Workers: 4
[2771.943s][debug][gc,phases      ] GC(72)   Weak JFR Old Object Samples    Min:  0.0, Avg:  0.0, Max:  0.0, Diff:  0.0, Sum:  0.0, Workers: 4
[2771.943s][debug][gc,phases      ] GC(72)     Dead                           Min: 0, Avg:  0.0, Max: 0, Diff: 0, Sum: 0, Workers: 4
[2771.943s][debug][gc,phases      ] GC(72)     Total                          Min: 0, Avg:  0.0, Max: 0, Diff: 0, Sum: 0, Workers: 4
[2771.943s][debug][gc,phases      ] GC(72) Weak Processing 0.274ms
[2771.943s][debug][gc,age         ] GC(72) Desired survivor size 39321600 bytes, new threshold 15 (max threshold 15)
[2771.943s][info ][gc,heap        ] GC(72) PSYoungGen: 2032016K(2057216K)->18032K(2055168K) Eden: 2015232K(2015232K)->0K(2015232K) From: 16784K(41984K)->18032K(39936K)
[2771.943s][info ][gc,heap        ] GC(72) ParOldGen: 397734K(520704K)->397786K(520704K)
[2771.943s][info ][gc,metaspace   ] GC(72) Metaspace: 78692K(79616K)->78692K(79616K) NonClass: 67629K(68096K)->67629K(68096K) Class: 11062K(11520K)->11062K(11520K)
[2771.943s][info ][gc             ] GC(72) Pause Young (Allocation Failure) 2372M->406M(2515M) 7.359ms
[2771.943s][info ][gc,cpu         ] GC(72) User=0.02s Sys=0.00s Real=0.00s
[2771.943s][info ][safepoint      ] Safepoint "ParallelGCFailedAllocation", Time since last: 4535217688 ns, Reaching safepoint: 96101 ns, At safepoint: 7438433 ns, Total: 7534534 ns
[2778.943s][info ][safepoint      ] Safepoint "Cleanup", Time since last: 7000465907 ns, Reaching safepoint: 41900 ns, At safepoint: 2200 ns, Total: 44100 ns
[2780.636s][info ][safepoint      ] Safepoint "Cleanup", Time since last: 1692874099 ns, Reaching safepoint: 49600 ns, At safepoint: 2500 ns, Total: 52100 ns
[2791.637s][info ][safepoint      ] Safepoint "Cleanup", Time since last: 11000693533 ns, Reaching safepoint: 130501 ns, At safepoint: 17900 ns, Total: 148401 ns
[2792.637s][info ][safepoint      ] Safepoint "Cleanup", Time since last: 1000111327 ns, Reaching safepoint: 129301 ns, At safepoint: 11500 ns, Total: 140801 ns
[2793.637s][info ][safepoint      ] Safepoint "Cleanup", Time since last: 1000110224 ns, Reaching safepoint: 116900 ns, At safepoint: 9500 ns, Total: 126400 ns
[2794.638s][info ][safepoint      ] Safepoint "Cleanup", Time since last: 1000108321 ns, Reaching safepoint: 108200 ns, At safepoint: 9400 ns, Total: 117600 ns
[2795.638s][info ][safepoint      ] Safepoint "Cleanup", Time since last: 1000115817 ns, Reaching safepoint: 124301 ns, At safepoint: 9100 ns, Total: 133401 ns
[2798.133s][info ][gc,start       ] GC(73) Pause Young (Allocation Failure)
[2798.157s][debug][gc,phases      ] GC(73) Scavenge 24.470ms
[2798.157s][debug][gc,ref         ] GC(73) Skipped phase 1 of Reference Processing: no references
[2798.158s][debug][gc,ref         ] GC(73) ReferenceProcessor::execute queues: 1, RefProcThreadModel::Single, marks_oops_alive: false
[2798.158s][debug][gc,ref         ] GC(73) Skipped phase 3 of Reference Processing: no references
[2798.158s][debug][gc,ref         ] GC(73) ReferenceProcessor::execute queues: 1, RefProcThreadModel::Single, marks_oops_alive: false
[2798.158s][debug][gc,phases      ] GC(73) Reference Processing 0.098ms
[2798.158s][debug][gc,phases      ] GC(73)   VM Weak                        Min:  0.0, Avg:  0.0, Max:  0.0, Diff:  0.0, Sum:  0.0, Workers: 4
[2798.158s][debug][gc,phases      ] GC(73)     Dead                           Min: 0, Avg:  0.0, Max: 0, Diff: 0, Sum: 0, Workers: 4
[2798.158s][debug][gc,phases      ] GC(73)     Total                          Min: 0, Avg: 187.8, Max: 623, Diff: 623, Sum: 751, Workers: 4
[2798.158s][debug][gc,phases      ] GC(73)   ObjectSynchronizer Weak        Min:  0.0, Avg:  0.0, Max:  0.0, Diff:  0.0, Sum:  0.0, Workers: 4
[2798.158s][debug][gc,phases      ] GC(73)     Dead                           Min: 0, Avg:  0.0, Max: 0, Diff: 0, Sum: 0, Workers: 4
[2798.158s][debug][gc,phases      ] GC(73)     Total                          Min: 0, Avg:  9.2, Max: 37, Diff: 37, Sum: 37, Workers: 4
[2798.158s][debug][gc,phases      ] GC(73)   JVMTI Tag Weak OopStorage      Min:  0.0, Avg:  0.0, Max:  0.0, Diff:  0.0, Sum:  0.0, Workers: 4
[2798.158s][debug][gc,phases      ] GC(73)     Dead                           Min: 0, Avg:  0.0, Max: 0, Diff: 0, Sum: 0, Workers: 4
[2798.158s][debug][gc,phases      ] GC(73)     Total                          Min: 0, Avg:  0.0, Max: 0, Diff: 0, Sum: 0, Workers: 4
[2798.158s][debug][gc,phases      ] GC(73)   StringTable Weak               Min:  0.1, Avg:  0.1, Max:  0.1, Diff:  0.0, Sum:  0.4, Workers: 4
[2798.158s][debug][gc,phases      ] GC(73)     Dead                           Min: 0, Avg:  0.5, Max: 2, Diff: 2, Sum: 2, Workers: 4
[2798.158s][debug][gc,phases      ] GC(73)     Total                          Min: 9325, Avg: 10634.8, Max: 11199, Diff: 1874, Sum: 42539, Workers: 4
[2798.158s][debug][gc,phases      ] GC(73)   ResolvedMethodTable Weak       Min:  0.0, Avg:  0.0, Max:  0.0, Diff:  0.0, Sum:  0.1, Workers: 4
[2798.158s][debug][gc,phases      ] GC(73)     Dead                           Min: 0, Avg:  0.0, Max: 0, Diff: 0, Sum: 0, Workers: 4
[2798.158s][debug][gc,phases      ] GC(73)     Total                          Min: 1920, Avg: 2109.0, Max: 2240, Diff: 320, Sum: 8436, Workers: 4
[2798.158s][debug][gc,phases      ] GC(73)   JNI Weak                       Min:  0.0, Avg:  0.0, Max:  0.0, Diff:  0.0, Sum:  0.0, Workers: 4
[2798.158s][debug][gc,phases      ] GC(73)     Dead                           Min: 0, Avg:  0.0, Max: 0, Diff: 0, Sum: 0, Workers: 4
[2798.158s][debug][gc,phases      ] GC(73)     Total                          Min: 0, Avg: 11.2, Max: 45, Diff: 45, Sum: 45, Workers: 4
[2798.158s][debug][gc,phases      ] GC(73)   StringDedup Table Weak         Min:  0.0, Avg:  0.0, Max:  0.0, Diff:  0.0, Sum:  0.0, Workers: 4
[2798.158s][debug][gc,phases      ] GC(73)     Dead                           Min: 0, Avg:  0.0, Max: 0, Diff: 0, Sum: 0, Workers: 4
[2798.158s][debug][gc,phases      ] GC(73)     Total                          Min: 0, Avg:  0.0, Max: 0, Diff: 0, Sum: 0, Workers: 4
[2798.158s][debug][gc,phases      ] GC(73)   StringDedup Requests0 Weak     Min:  0.0, Avg:  0.0, Max:  0.0, Diff:  0.0, Sum:  0.0, Workers: 4
[2798.158s][debug][gc,phases      ] GC(73)     Dead                           Min: 0, Avg:  0.0, Max: 0, Diff: 0, Sum: 0, Workers: 4
[2798.158s][debug][gc,phases      ] GC(73)     Total                          Min: 0, Avg:  0.0, Max: 0, Diff: 0, Sum: 0, Workers: 4
[2798.158s][debug][gc,phases      ] GC(73)   StringDedup Requests1 Weak     Min:  0.0, Avg:  0.0, Max:  0.0, Diff:  0.0, Sum:  0.0, Workers: 4
[2798.158s][debug][gc,phases      ] GC(73)     Dead                           Min: 0, Avg:  0.0, Max: 0, Diff: 0, Sum: 0, Workers: 4
[2798.158s][debug][gc,phases      ] GC(73)     Total                          Min: 0, Avg:  0.0, Max: 0, Diff: 0, Sum: 0, Workers: 4
[2798.158s][debug][gc,phases      ] GC(73)   Weak JFR Old Object Samples    Min:  0.0, Avg:  0.0, Max:  0.0, Diff:  0.0, Sum:  0.0, Workers: 4
[2798.158s][debug][gc,phases      ] GC(73)     Dead                           Min: 0, Avg:  0.0, Max: 0, Diff: 0, Sum: 0, Workers: 4
[2798.158s][debug][gc,phases      ] GC(73)     Total                          Min: 0, Avg:  0.0, Max: 0, Diff: 0, Sum: 0, Workers: 4
[2798.158s][debug][gc,phases      ] GC(73) Weak Processing 0.290ms
[2798.158s][debug][gc,age         ] GC(73) Desired survivor size 54525952 bytes, new threshold 14 (max threshold 15)
[2798.158s][info ][gc,heap        ] GC(73) PSYoungGen: 2033264K(2055168K)->38368K(2029056K) Eden: 2015232K(2015232K)->0K(1990656K) From: 18032K(39936K)->38368K(38400K)
[2798.158s][info ][gc,heap        ] GC(73) ParOldGen: 397786K(520704K)->420919K(520704K)
[2798.158s][info ][gc,metaspace   ] GC(73) Metaspace: 78728K(79616K)->78728K(79616K) NonClass: 67660K(68096K)->67660K(68096K) Class: 11067K(11520K)->11067K(11520K)
[2798.158s][info ][gc             ] GC(73) Pause Young (Allocation Failure) 2374M->448M(2490M) 24.972ms
[2798.158s][info ][gc,cpu         ] GC(73) User=0.08s Sys=0.00s Real=0.03s
[2798.158s][info ][safepoint      ] Safepoint "ParallelGCFailedAllocation", Time since last: 2494991055 ns, Reaching safepoint: 26800 ns, At safepoint: 25040308 ns, Total: 25067108 ns
[2799.158s][info ][safepoint      ] Safepoint "Cleanup", Time since last: 1000077904 ns, Reaching safepoint: 110001 ns, At safepoint: 8400 ns, Total: 118401 ns
[2800.158s][info ][safepoint      ] Safepoint "Cleanup", Time since last: 1000105801 ns, Reaching safepoint: 60900 ns, At safepoint: 6300 ns, Total: 67200 ns
[2808.159s][info ][safepoint      ] Safepoint "Cleanup", Time since last: 8000531785 ns, Reaching safepoint: 34201 ns, At safepoint: 8200 ns, Total: 42401 ns
[2810.159s][info ][safepoint      ] Safepoint "Cleanup", Time since last: 2000174137 ns, Reaching safepoint: 40200 ns, At safepoint: 3800 ns, Total: 44000 ns
[2813.159s][info ][safepoint      ] Safepoint "Cleanup", Time since last: 3000225981 ns, Reaching safepoint: 30600 ns, At safepoint: 2600 ns, Total: 33200 ns
[2815.160s][info ][safepoint      ] Safepoint "Cleanup", Time since last: 2000145703 ns, Reaching safepoint: 27301 ns, At safepoint: 2200 ns, Total: 29501 ns
[2817.160s][info ][safepoint      ] Safepoint "Cleanup", Time since last: 2000191190 ns, Reaching safepoint: 27900 ns, At safepoint: 27500 ns, Total: 55400 ns
[2825.160s][info ][safepoint      ] Safepoint "Cleanup", Time since last: 8000573828 ns, Reaching safepoint: 27600 ns, At safepoint: 3600 ns, Total: 31200 ns
[2826.161s][info ][safepoint      ] Safepoint "Cleanup", Time since last: 1000110114 ns, Reaching safepoint: 42400 ns, At safepoint: 10200 ns, Total: 52600 ns
[2828.161s][info ][safepoint      ] Safepoint "Cleanup", Time since last: 2000161517 ns, Reaching safepoint: 44200 ns, At safepoint: 3700 ns, Total: 47900 ns
[2829.161s][info ][safepoint      ] Safepoint "Cleanup", Time since last: 1000098804 ns, Reaching safepoint: 28800 ns, At safepoint: 2800 ns, Total: 31600 ns
[2831.161s][info ][safepoint      ] Safepoint "Cleanup", Time since last: 2000140698 ns, Reaching safepoint: 43300 ns, At safepoint: 4600 ns, Total: 47900 ns
[2832.161s][info ][safepoint      ] Safepoint "Cleanup", Time since last: 1000114895 ns, Reaching safepoint: 33400 ns, At safepoint: 2700 ns, Total: 36100 ns
[2835.161s][info ][safepoint      ] Safepoint "Cleanup", Time since last: 3000231562 ns, Reaching safepoint: 26201 ns, At safepoint: 2300 ns, Total: 28501 ns
[2844.162s][info ][safepoint      ] Safepoint "Cleanup", Time since last: 9000619481 ns, Reaching safepoint: 42900 ns, At safepoint: 3800 ns, Total: 46700 ns
[2845.162s][info ][safepoint      ] Safepoint "Cleanup", Time since last: 1000104721 ns, Reaching safepoint: 42400 ns, At safepoint: 2900 ns, Total: 45300 ns
[2870.164s][info ][safepoint      ] Safepoint "Cleanup", Time since last: 25001562596 ns, Reaching safepoint: 33600 ns, At safepoint: 3400 ns, Total: 37000 ns
[2871.717s][info ][gc,start       ] GC(74) Pause Young (Allocation Failure)
[2871.725s][debug][gc,phases      ] GC(74) Scavenge 7.868ms
[2871.725s][debug][gc,ref         ] GC(74) Skipped phase 1 of Reference Processing: no references
[2871.725s][debug][gc,ref         ] GC(74) ReferenceProcessor::execute queues: 1, RefProcThreadModel::Single, marks_oops_alive: false
[2871.725s][debug][gc,ref         ] GC(74) Skipped phase 3 of Reference Processing: no references
[2871.725s][debug][gc,ref         ] GC(74) ReferenceProcessor::execute queues: 1, RefProcThreadModel::Single, marks_oops_alive: false
[2871.725s][debug][gc,phases      ] GC(74) Reference Processing 0.089ms
[2871.725s][debug][gc,phases      ] GC(74)   VM Weak                        Min:  0.0, Avg:  0.0, Max:  0.0, Diff:  0.0, Sum:  0.0, Workers: 4
[2871.725s][debug][gc,phases      ] GC(74)     Dead                           Min: 0, Avg:  0.0, Max: 0, Diff: 0, Sum: 0, Workers: 4
[2871.725s][debug][gc,phases      ] GC(74)     Total                          Min: 0, Avg: 187.8, Max: 751, Diff: 751, Sum: 751, Workers: 4
[2871.725s][debug][gc,phases      ] GC(74)   ObjectSynchronizer Weak        Min:  0.0, Avg:  0.0, Max:  0.0, Diff:  0.0, Sum:  0.0, Workers: 4
[2871.725s][debug][gc,phases      ] GC(74)     Dead                           Min: 0, Avg:  0.0, Max: 0, Diff: 0, Sum: 0, Workers: 4
[2871.725s][debug][gc,phases      ] GC(74)     Total                          Min: 0, Avg:  9.2, Max: 37, Diff: 37, Sum: 37, Workers: 4
[2871.725s][debug][gc,phases      ] GC(74)   JVMTI Tag Weak OopStorage      Min:  0.0, Avg:  0.0, Max:  0.0, Diff:  0.0, Sum:  0.0, Workers: 4
[2871.725s][debug][gc,phases      ] GC(74)     Dead                           Min: 0, Avg:  0.0, Max: 0, Diff: 0, Sum: 0, Workers: 4
[2871.725s][debug][gc,phases      ] GC(74)     Total                          Min: 0, Avg:  0.0, Max: 0, Diff: 0, Sum: 0, Workers: 4
[2871.725s][debug][gc,phases      ] GC(74)   StringTable Weak               Min:  0.1, Avg:  0.1, Max:  0.1, Diff:  0.0, Sum:  0.4, Workers: 4
[2871.725s][debug][gc,phases      ] GC(74)     Dead                           Min: 0, Avg:  0.0, Max: 0, Diff: 0, Sum: 0, Workers: 4
[2871.725s][debug][gc,phases      ] GC(74)     Total                          Min: 9785, Avg: 10638.0, Max: 11264, Diff: 1479, Sum: 42552, Workers: 4
[2871.725s][debug][gc,phases      ] GC(74)   ResolvedMethodTable Weak       Min:  0.0, Avg:  0.0, Max:  0.0, Diff:  0.0, Sum:  0.1, Workers: 4
[2871.725s][debug][gc,phases      ] GC(74)     Dead                           Min: 0, Avg:  0.0, Max: 0, Diff: 0, Sum: 0, Workers: 4
[2871.725s][debug][gc,phases      ] GC(74)     Total                          Min: 1920, Avg: 2109.0, Max: 2240, Diff: 320, Sum: 8436, Workers: 4
[2871.725s][debug][gc,phases      ] GC(74)   JNI Weak                       Min:  0.0, Avg:  0.0, Max:  0.0, Diff:  0.0, Sum:  0.0, Workers: 4
[2871.725s][debug][gc,phases      ] GC(74)     Dead                           Min: 0, Avg:  0.0, Max: 0, Diff: 0, Sum: 0, Workers: 4
[2871.725s][debug][gc,phases      ] GC(74)     Total                          Min: 0, Avg: 11.2, Max: 45, Diff: 45, Sum: 45, Workers: 4
[2871.725s][debug][gc,phases      ] GC(74)   StringDedup Table Weak         Min:  0.0, Avg:  0.0, Max:  0.0, Diff:  0.0, Sum:  0.0, Workers: 4
[2871.725s][debug][gc,phases      ] GC(74)     Dead                           Min: 0, Avg:  0.0, Max: 0, Diff: 0, Sum: 0, Workers: 4
[2871.725s][debug][gc,phases      ] GC(74)     Total                          Min: 0, Avg:  0.0, Max: 0, Diff: 0, Sum: 0, Workers: 4
[2871.725s][debug][gc,phases      ] GC(74)   StringDedup Requests0 Weak     Min:  0.0, Avg:  0.0, Max:  0.0, Diff:  0.0, Sum:  0.0, Workers: 4
[2871.725s][debug][gc,phases      ] GC(74)     Dead                           Min: 0, Avg:  0.0, Max: 0, Diff: 0, Sum: 0, Workers: 4
[2871.725s][debug][gc,phases      ] GC(74)     Total                          Min: 0, Avg:  0.0, Max: 0, Diff: 0, Sum: 0, Workers: 4
[2871.725s][debug][gc,phases      ] GC(74)   StringDedup Requests1 Weak     Min:  0.0, Avg:  0.0, Max:  0.0, Diff:  0.0, Sum:  0.0, Workers: 4
[2871.725s][debug][gc,phases      ] GC(74)     Dead                           Min: 0, Avg:  0.0, Max: 0, Diff: 0, Sum: 0, Workers: 4
[2871.725s][debug][gc,phases      ] GC(74)     Total                          Min: 0, Avg:  0.0, Max: 0, Diff: 0, Sum: 0, Workers: 4
[2871.725s][debug][gc,phases      ] GC(74)   Weak JFR Old Object Samples    Min:  0.0, Avg:  0.0, Max:  0.0, Diff:  0.0, Sum:  0.0, Workers: 4
[2871.725s][debug][gc,phases      ] GC(74)     Dead                           Min: 0, Avg:  0.0, Max: 0, Diff: 0, Sum: 0, Workers: 4
[2871.725s][debug][gc,phases      ] GC(74)     Total                          Min: 0, Avg:  0.0, Max: 0, Diff: 0, Sum: 0, Workers: 4
[2871.725s][debug][gc,phases      ] GC(74) Weak Processing 0.269ms
[2871.725s][debug][gc,age         ] GC(74) Desired survivor size 52953088 bytes, new threshold 15 (max threshold 15)
[2871.725s][info ][gc,heap        ] GC(74) PSYoungGen: 2029024K(2029056K)->24944K(2043904K) Eden: 1990656K(1990656K)->0K(1990656K) From: 38368K(38400K)->24944K(53248K)
[2871.725s][info ][gc,heap        ] GC(74) ParOldGen: 420919K(520704K)->420983K(520704K)
[2871.725s][info ][gc,metaspace   ] GC(74) Metaspace: 78750K(79680K)->78750K(79680K) NonClass: 67683K(68160K)->67683K(68160K) Class: 11067K(11520K)->11067K(11520K)
[2871.725s][info ][gc             ] GC(74) Pause Young (Allocation Failure) 2392M->435M(2504M) 8.327ms
[2871.725s][info ][gc,cpu         ] GC(74) User=0.03s Sys=0.00s Real=0.00s
[2871.725s][info ][safepoint      ] Safepoint "ParallelGCFailedAllocation", Time since last: 1552853107 ns, Reaching safepoint: 34300 ns, At safepoint: 8399895 ns, Total: 8434195 ns
[2874.725s][info ][safepoint      ] Safepoint "Cleanup", Time since last: 3000206231 ns, Reaching safepoint: 35800 ns, At safepoint: 2800 ns, Total: 38600 ns
[2885.729s][info ][safepoint      ] Safepoint "Cleanup", Time since last: 11003764009 ns, Reaching safepoint: 52200 ns, At safepoint: 3000 ns, Total: 55200 ns
[2888.730s][info ][safepoint      ] Safepoint "Cleanup", Time since last: 3000251200 ns, Reaching safepoint: 48000 ns, At safepoint: 10900 ns, Total: 58900 ns
[2893.832s][info ][safepoint      ] Safepoint "Cleanup", Time since last: 5102334869 ns, Reaching safepoint: 38600 ns, At safepoint: 9100 ns, Total: 47700 ns
[2894.832s][info ][safepoint      ] Safepoint "Cleanup", Time since last: 1000114744 ns, Reaching safepoint: 95200 ns, At safepoint: 4700 ns, Total: 99900 ns
[2896.832s][info ][safepoint      ] Safepoint "Cleanup", Time since last: 2000187108 ns, Reaching safepoint: 120200 ns, At safepoint: 4800 ns, Total: 125000 ns
[2897.833s][info ][safepoint      ] Safepoint "Cleanup", Time since last: 1000108663 ns, Reaching safepoint: 101500 ns, At safepoint: 6900 ns, Total: 108400 ns
[2898.833s][info ][safepoint      ] Safepoint "Cleanup", Time since last: 1000094769 ns, Reaching safepoint: 115400 ns, At safepoint: 9700 ns, Total: 125100 ns
[2900.833s][info ][safepoint      ] Safepoint "Cleanup", Time since last: 2000167557 ns, Reaching safepoint: 116100 ns, At safepoint: 4400 ns, Total: 120500 ns
[2912.834s][info ][safepoint      ] Safepoint "Cleanup", Time since last: 12000828055 ns, Reaching safepoint: 106099 ns, At safepoint: 6700 ns, Total: 112799 ns
[2919.835s][info ][safepoint      ] Safepoint "Cleanup", Time since last: 7000524649 ns, Reaching safepoint: 117300 ns, At safepoint: 18700 ns, Total: 136000 ns
[2927.835s][info ][safepoint      ] Safepoint "Cleanup", Time since last: 8000580581 ns, Reaching safepoint: 104900 ns, At safepoint: 5400 ns, Total: 110300 ns
[2933.333s][info ][safepoint      ] Safepoint "Cleanup", Time since last: 5496915942 ns, Reaching safepoint: 144200 ns, At safepoint: 4400 ns, Total: 148600 ns
[2942.333s][info ][safepoint      ] Safepoint "Cleanup", Time since last: 9000652834 ns, Reaching safepoint: 121700 ns, At safepoint: 4800 ns, Total: 126500 ns
[2949.334s][info ][safepoint      ] Safepoint "Cleanup", Time since last: 7000550243 ns, Reaching safepoint: 105700 ns, At safepoint: 30500 ns, Total: 136200 ns
[2951.684s][info ][gc,start       ] GC(75) Pause Young (Allocation Failure)
[2951.700s][debug][gc,phases      ] GC(75) Scavenge 15.739ms
[2951.700s][debug][gc,ref         ] GC(75) Skipped phase 1 of Reference Processing: no references
[2951.700s][debug][gc,ref         ] GC(75) ReferenceProcessor::execute queues: 1, RefProcThreadModel::Single, marks_oops_alive: false
[2951.700s][debug][gc,ref         ] GC(75) Skipped phase 3 of Reference Processing: no references
[2951.700s][debug][gc,ref         ] GC(75) ReferenceProcessor::execute queues: 1, RefProcThreadModel::Single, marks_oops_alive: false
[2951.700s][debug][gc,phases      ] GC(75) Reference Processing 0.117ms
[2951.700s][debug][gc,phases      ] GC(75)   VM Weak                        Min:  0.0, Avg:  0.0, Max:  0.0, Diff:  0.0, Sum:  0.0, Workers: 4
[2951.700s][debug][gc,phases      ] GC(75)     Dead                           Min: 0, Avg:  0.0, Max: 0, Diff: 0, Sum: 0, Workers: 4
[2951.700s][debug][gc,phases      ] GC(75)     Total                          Min: 0, Avg: 187.8, Max: 687, Diff: 687, Sum: 751, Workers: 4
[2951.700s][debug][gc,phases      ] GC(75)   ObjectSynchronizer Weak        Min:  0.0, Avg:  0.0, Max:  0.0, Diff:  0.0, Sum:  0.0, Workers: 4
[2951.700s][debug][gc,phases      ] GC(75)     Dead                           Min: 0, Avg:  0.0, Max: 0, Diff: 0, Sum: 0, Workers: 4
[2951.700s][debug][gc,phases      ] GC(75)     Total                          Min: 0, Avg:  9.2, Max: 37, Diff: 37, Sum: 37, Workers: 4
[2951.700s][debug][gc,phases      ] GC(75)   JVMTI Tag Weak OopStorage      Min:  0.0, Avg:  0.0, Max:  0.0, Diff:  0.0, Sum:  0.0, Workers: 4
[2951.700s][debug][gc,phases      ] GC(75)     Dead                           Min: 0, Avg:  0.0, Max: 0, Diff: 0, Sum: 0, Workers: 4
[2951.700s][debug][gc,phases      ] GC(75)     Total                          Min: 0, Avg:  0.0, Max: 0, Diff: 0, Sum: 0, Workers: 4
[2951.700s][debug][gc,phases      ] GC(75)   StringTable Weak               Min:  0.0, Avg:  0.1, Max:  0.2, Diff:  0.2, Sum:  0.4, Workers: 4
[2951.700s][debug][gc,phases      ] GC(75)     Dead                           Min: 0, Avg:  0.0, Max: 0, Diff: 0, Sum: 0, Workers: 4
[2951.700s][debug][gc,phases      ] GC(75)     Total                          Min: 0, Avg: 10638.0, Max: 21306, Diff: 21306, Sum: 42552, Workers: 4
[2951.700s][debug][gc,phases      ] GC(75)   ResolvedMethodTable Weak       Min:  0.0, Avg:  0.0, Max:  0.0, Diff:  0.0, Sum:  0.1, Workers: 4
[2951.701s][debug][gc,phases      ] GC(75)     Dead                           Min: 0, Avg:  0.0, Max: 0, Diff: 0, Sum: 0, Workers: 4
[2951.701s][debug][gc,phases      ] GC(75)     Total                          Min: 0, Avg: 2109.0, Max: 4544, Diff: 4544, Sum: 8436, Workers: 4
[2951.701s][debug][gc,phases      ] GC(75)   JNI Weak                       Min:  0.0, Avg:  0.0, Max:  0.0, Diff:  0.0, Sum:  0.0, Workers: 4
[2951.701s][debug][gc,phases      ] GC(75)     Dead                           Min: 0, Avg:  0.0, Max: 0, Diff: 0, Sum: 0, Workers: 4
[2951.701s][debug][gc,phases      ] GC(75)     Total                          Min: 0, Avg: 11.2, Max: 45, Diff: 45, Sum: 45, Workers: 4
[2951.701s][debug][gc,phases      ] GC(75)   StringDedup Table Weak         Min:  0.0, Avg:  0.0, Max:  0.0, Diff:  0.0, Sum:  0.0, Workers: 4
[2951.701s][debug][gc,phases      ] GC(75)     Dead                           Min: 0, Avg:  0.0, Max: 0, Diff: 0, Sum: 0, Workers: 4
[2951.701s][debug][gc,phases      ] GC(75)     Total                          Min: 0, Avg:  0.0, Max: 0, Diff: 0, Sum: 0, Workers: 4
[2951.701s][debug][gc,phases      ] GC(75)   StringDedup Requests0 Weak     Min:  0.0, Avg:  0.0, Max:  0.0, Diff:  0.0, Sum:  0.0, Workers: 4
[2951.701s][debug][gc,phases      ] GC(75)     Dead                           Min: 0, Avg:  0.0, Max: 0, Diff: 0, Sum: 0, Workers: 4
[2951.701s][debug][gc,phases      ] GC(75)     Total                          Min: 0, Avg:  0.0, Max: 0, Diff: 0, Sum: 0, Workers: 4
[2951.701s][debug][gc,phases      ] GC(75)   StringDedup Requests1 Weak     Min:  0.0, Avg:  0.0, Max:  0.0, Diff:  0.0, Sum:  0.0, Workers: 4
[2951.701s][debug][gc,phases      ] GC(75)     Dead                           Min: 0, Avg:  0.0, Max: 0, Diff: 0, Sum: 0, Workers: 4
[2951.701s][debug][gc,phases      ] GC(75)     Total                          Min: 0, Avg:  0.0, Max: 0, Diff: 0, Sum: 0, Workers: 4
[2951.701s][debug][gc,phases      ] GC(75)   Weak JFR Old Object Samples    Min:  0.0, Avg:  0.0, Max:  0.0, Diff:  0.0, Sum:  0.0, Workers: 4
[2951.701s][debug][gc,phases      ] GC(75)     Dead                           Min: 0, Avg:  0.0, Max: 0, Diff: 0, Sum: 0, Workers: 4
[2951.701s][debug][gc,phases      ] GC(75)     Total                          Min: 0, Avg:  0.0, Max: 0, Diff: 0, Sum: 0, Workers: 4
[2951.701s][debug][gc,phases      ] GC(75) Weak Processing 0.475ms
[2951.701s][debug][gc,age         ] GC(75) Desired survivor size 51380224 bytes, new threshold 15 (max threshold 15)
[2951.701s][info ][gc,heap        ] GC(75) PSYoungGen: 2015600K(2043904K)->24912K(2046976K) Eden: 1990656K(1990656K)->0K(1995264K) From: 24944K(53248K)->24912K(51712K)
[2951.701s][info ][gc,heap        ] GC(75) ParOldGen: 420983K(520704K)->420983K(520704K)
[2951.701s][info ][gc,metaspace   ] GC(75) Metaspace: 78763K(79744K)->78763K(79744K) NonClass: 67695K(68224K)->67695K(68224K) Class: 11067K(11520K)->11067K(11520K)
[2951.701s][info ][gc             ] GC(75) Pause Young (Allocation Failure) 2379M->435M(2507M) 16.479ms
[2951.701s][info ][gc,cpu         ] GC(75) User=0.03s Sys=0.00s Real=0.02s
[2951.701s][info ][safepoint      ] Safepoint "ParallelGCFailedAllocation", Time since last: 2350023972 ns, Reaching safepoint: 112100 ns, At safepoint: 16562096 ns, Total: 16674196 ns
[2956.701s][info ][safepoint      ] Safepoint "Cleanup", Time since last: 5000369979 ns, Reaching safepoint: 52100 ns, At safepoint: 2700 ns, Total: 54800 ns
[3008.704s][info ][safepoint      ] Safepoint "Cleanup", Time since last: 52003301087 ns, Reaching safepoint: 45400 ns, At safepoint: 2500 ns, Total: 47900 ns
[3017.705s][info ][safepoint      ] Safepoint "Cleanup", Time since last: 9000595335 ns, Reaching safepoint: 100700 ns, At safepoint: 4000 ns, Total: 104700 ns
[3018.705s][info ][safepoint      ] Safepoint "Cleanup", Time since last: 1000077128 ns, Reaching safepoint: 33400 ns, At safepoint: 6500 ns, Total: 39900 ns
[3051.103s][info ][safepoint      ] Safepoint "ParallelGCFailedAllocation", Time since last: 32397933742 ns, Reaching safepoint: 100300 ns, At safepoint: 13800 ns, Total: 114100 ns
[3051.104s][info ][gc,start       ] GC(76) Pause Young (GCLocker Initiated GC)
[3051.114s][debug][gc,phases      ] GC(76) Scavenge 10.199ms
[3051.114s][debug][gc,ref         ] GC(76) Skipped phase 1 of Reference Processing: no references
[3051.114s][debug][gc,ref         ] GC(76) ReferenceProcessor::execute queues: 1, RefProcThreadModel::Single, marks_oops_alive: false
[3051.114s][debug][gc,ref         ] GC(76) Skipped phase 3 of Reference Processing: no references
[3051.114s][debug][gc,ref         ] GC(76) ReferenceProcessor::execute queues: 1, RefProcThreadModel::Single, marks_oops_alive: false
[3051.114s][debug][gc,phases      ] GC(76) Reference Processing 0.087ms
[3051.114s][debug][gc,phases      ] GC(76)   VM Weak                        Min:  0.0, Avg:  0.0, Max:  0.0, Diff:  0.0, Sum:  0.0, Workers: 4
[3051.114s][debug][gc,phases      ] GC(76)     Dead                           Min: 0, Avg:  0.0, Max: 0, Diff: 0, Sum: 0, Workers: 4
[3051.114s][debug][gc,phases      ] GC(76)     Total                          Min: 0, Avg: 187.8, Max: 751, Diff: 751, Sum: 751, Workers: 4
[3051.114s][debug][gc,phases      ] GC(76)   ObjectSynchronizer Weak        Min:  0.0, Avg:  0.0, Max:  0.0, Diff:  0.0, Sum:  0.0, Workers: 4
[3051.114s][debug][gc,phases      ] GC(76)     Dead                           Min: 0, Avg:  0.0, Max: 0, Diff: 0, Sum: 0, Workers: 4
[3051.114s][debug][gc,phases      ] GC(76)     Total                          Min: 0, Avg:  9.2, Max: 37, Diff: 37, Sum: 37, Workers: 4
[3051.114s][debug][gc,phases      ] GC(76)   JVMTI Tag Weak OopStorage      Min:  0.0, Avg:  0.0, Max:  0.0, Diff:  0.0, Sum:  0.0, Workers: 4
[3051.114s][debug][gc,phases      ] GC(76)     Dead                           Min: 0, Avg:  0.0, Max: 0, Diff: 0, Sum: 0, Workers: 4
[3051.114s][debug][gc,phases      ] GC(76)     Total                          Min: 0, Avg:  0.0, Max: 0, Diff: 0, Sum: 0, Workers: 4
[3051.114s][debug][gc,phases      ] GC(76)   StringTable Weak               Min:  0.0, Avg:  0.1, Max:  0.1, Diff:  0.1, Sum:  0.3, Workers: 4
[3051.114s][debug][gc,phases      ] GC(76)     Dead                           Min: 0, Avg:  0.0, Max: 0, Diff: 0, Sum: 0, Workers: 4
[3051.114s][debug][gc,phases      ] GC(76)     Total                          Min: 0, Avg: 10638.0, Max: 17087, Diff: 17087, Sum: 42552, Workers: 4
[3051.114s][debug][gc,phases      ] GC(76)   ResolvedMethodTable Weak       Min:  0.0, Avg:  0.0, Max:  0.0, Diff:  0.0, Sum:  0.1, Workers: 4
[3051.114s][debug][gc,phases      ] GC(76)     Dead                           Min: 0, Avg:  0.0, Max: 0, Diff: 0, Sum: 0, Workers: 4
[3051.114s][debug][gc,phases      ] GC(76)     Total                          Min: 0, Avg: 2109.0, Max: 3712, Diff: 3712, Sum: 8436, Workers: 4
[3051.114s][debug][gc,phases      ] GC(76)   JNI Weak                       Min:  0.0, Avg:  0.0, Max:  0.0, Diff:  0.0, Sum:  0.0, Workers: 4
[3051.114s][debug][gc,phases      ] GC(76)     Dead                           Min: 0, Avg:  0.0, Max: 0, Diff: 0, Sum: 0, Workers: 4
[3051.114s][debug][gc,phases      ] GC(76)     Total                          Min: 0, Avg: 11.2, Max: 45, Diff: 45, Sum: 45, Workers: 4
[3051.114s][debug][gc,phases      ] GC(76)   StringDedup Table Weak         Min:  0.0, Avg:  0.0, Max:  0.0, Diff:  0.0, Sum:  0.0, Workers: 4
[3051.114s][debug][gc,phases      ] GC(76)     Dead                           Min: 0, Avg:  0.0, Max: 0, Diff: 0, Sum: 0, Workers: 4
[3051.114s][debug][gc,phases      ] GC(76)     Total                          Min: 0, Avg:  0.0, Max: 0, Diff: 0, Sum: 0, Workers: 4
[3051.114s][debug][gc,phases      ] GC(76)   StringDedup Requests0 Weak     Min:  0.0, Avg:  0.0, Max:  0.0, Diff:  0.0, Sum:  0.0, Workers: 4
[3051.114s][debug][gc,phases      ] GC(76)     Dead                           Min: 0, Avg:  0.0, Max: 0, Diff: 0, Sum: 0, Workers: 4
[3051.114s][debug][gc,phases      ] GC(76)     Total                          Min: 0, Avg:  0.0, Max: 0, Diff: 0, Sum: 0, Workers: 4
[3051.114s][debug][gc,phases      ] GC(76)   StringDedup Requests1 Weak     Min:  0.0, Avg:  0.0, Max:  0.0, Diff:  0.0, Sum:  0.0, Workers: 4
[3051.114s][debug][gc,phases      ] GC(76)     Dead                           Min: 0, Avg:  0.0, Max: 0, Diff: 0, Sum: 0, Workers: 4
[3051.114s][debug][gc,phases      ] GC(76)     Total                          Min: 0, Avg:  0.0, Max: 0, Diff: 0, Sum: 0, Workers: 4
[3051.114s][debug][gc,phases      ] GC(76)   Weak JFR Old Object Samples    Min:  0.0, Avg:  0.0, Max:  0.0, Diff:  0.0, Sum:  0.0, Workers: 4
[3051.114s][debug][gc,phases      ] GC(76)     Dead                           Min: 0, Avg:  0.0, Max: 0, Diff: 0, Sum: 0, Workers: 4
[3051.114s][debug][gc,phases      ] GC(76)     Total                          Min: 0, Avg:  0.0, Max: 0, Diff: 0, Sum: 0, Workers: 4
[3051.114s][debug][gc,phases      ] GC(76) Weak Processing 0.295ms
[3051.114s][debug][gc,age         ] GC(76) Desired survivor size 49807360 bytes, new threshold 15 (max threshold 15)
[3051.114s][info ][gc,heap        ] GC(76) PSYoungGen: 2020176K(2046976K)->25699K(2045440K) Eden: 1995264K(1995264K)->0K(1995264K) From: 24912K(51712K)->25699K(50176K)
[3051.114s][info ][gc,heap        ] GC(76) ParOldGen: 421751K(520704K)->421799K(520704K)
[3051.114s][info ][gc,metaspace   ] GC(76) Metaspace: 78797K(79744K)->78797K(79744K) NonClass: 67730K(68224K)->67730K(68224K) Class: 11067K(11520K)->11067K(11520K)
[3051.114s][info ][gc             ] GC(76) Pause Young (GCLocker Initiated GC) 2384M->437M(2506M) 10.661ms
[3051.114s][info ][gc,cpu         ] GC(76) User=0.03s Sys=0.00s Real=0.02s
[3051.114s][info ][safepoint      ] Safepoint "ParallelGCSystemGC", Time since last: 252000 ns, Reaching safepoint: 155200 ns, At safepoint: 10722803 ns, Total: 10878003 ns
[3056.115s][info ][safepoint      ] Safepoint "Cleanup", Time since last: 5000316076 ns, Reaching safepoint: 37600 ns, At safepoint: 7600 ns, Total: 45200 ns
[3057.115s][info ][safepoint      ] Safepoint "Cleanup", Time since last: 1000105609 ns, Reaching safepoint: 41700 ns, At safepoint: 3400 ns, Total: 45100 ns
[3061.115s][info ][safepoint      ] Safepoint "Cleanup", Time since last: 4000271381 ns, Reaching safepoint: 103700 ns, At safepoint: 10600 ns, Total: 114300 ns
[3066.116s][info ][safepoint      ] Safepoint "Cleanup", Time since last: 5000352502 ns, Reaching safepoint: 60200 ns, At safepoint: 5200 ns, Total: 65400 ns
[3079.117s][info ][safepoint      ] Safepoint "Cleanup", Time since last: 13000817342 ns, Reaching safepoint: 25500 ns, At safepoint: 2000 ns, Total: 27500 ns
[3082.637s][info ][gc,start       ] GC(77) Pause Young (Allocation Failure)
[3082.660s][debug][gc,phases      ] GC(77) Scavenge 22.753ms
[3082.660s][debug][gc,ref         ] GC(77) Skipped phase 1 of Reference Processing: no references
[3082.660s][debug][gc,ref         ] GC(77) ReferenceProcessor::execute queues: 1, RefProcThreadModel::Single, marks_oops_alive: false
[3082.660s][debug][gc,ref         ] GC(77) Skipped phase 3 of Reference Processing: no references
[3082.660s][debug][gc,ref         ] GC(77) ReferenceProcessor::execute queues: 1, RefProcThreadModel::Single, marks_oops_alive: false
[3082.660s][debug][gc,phases      ] GC(77) Reference Processing 0.095ms
[3082.660s][debug][gc,phases      ] GC(77)   VM Weak                        Min:  0.0, Avg:  0.0, Max:  0.0, Diff:  0.0, Sum:  0.0, Workers: 4
[3082.660s][debug][gc,phases      ] GC(77)     Dead                           Min: 0, Avg:  0.0, Max: 0, Diff: 0, Sum: 0, Workers: 4
[3082.660s][debug][gc,phases      ] GC(77)     Total                          Min: 0, Avg: 187.8, Max: 623, Diff: 623, Sum: 751, Workers: 4
[3082.660s][debug][gc,phases      ] GC(77)   ObjectSynchronizer Weak        Min:  0.0, Avg:  0.0, Max:  0.0, Diff:  0.0, Sum:  0.0, Workers: 4
[3082.660s][debug][gc,phases      ] GC(77)     Dead                           Min: 0, Avg:  0.0, Max: 0, Diff: 0, Sum: 0, Workers: 4
[3082.660s][debug][gc,phases      ] GC(77)     Total                          Min: 0, Avg:  9.2, Max: 37, Diff: 37, Sum: 37, Workers: 4
[3082.660s][debug][gc,phases      ] GC(77)   JVMTI Tag Weak OopStorage      Min:  0.0, Avg:  0.0, Max:  0.0, Diff:  0.0, Sum:  0.0, Workers: 4
[3082.660s][debug][gc,phases      ] GC(77)     Dead                           Min: 0, Avg:  0.0, Max: 0, Diff: 0, Sum: 0, Workers: 4
[3082.660s][debug][gc,phases      ] GC(77)     Total                          Min: 0, Avg:  0.0, Max: 0, Diff: 0, Sum: 0, Workers: 4
[3082.660s][debug][gc,phases      ] GC(77)   StringTable Weak               Min:  0.0, Avg:  0.1, Max:  0.1, Diff:  0.1, Sum:  0.3, Workers: 4
[3082.660s][debug][gc,phases      ] GC(77)     Dead                           Min: 0, Avg:  0.0, Max: 0, Diff: 0, Sum: 0, Workers: 4
[3082.660s][debug][gc,phases      ] GC(77)     Total                          Min: 0, Avg: 10638.2, Max: 14463, Diff: 14463, Sum: 42553, Workers: 4
[3082.660s][debug][gc,phases      ] GC(77)   ResolvedMethodTable Weak       Min:  0.0, Avg:  0.0, Max:  0.1, Diff:  0.1, Sum:  0.1, Workers: 4
[3082.660s][debug][gc,phases      ] GC(77)     Dead                           Min: 0, Avg:  0.0, Max: 0, Diff: 0, Sum: 0, Workers: 4
[3082.660s][debug][gc,phases      ] GC(77)     Total                          Min: 0, Avg: 2109.0, Max: 3124, Diff: 3124, Sum: 8436, Workers: 4
[3082.660s][debug][gc,phases      ] GC(77)   JNI Weak                       Min:  0.0, Avg:  0.0, Max:  0.0, Diff:  0.0, Sum:  0.0, Workers: 4
[3082.660s][debug][gc,phases      ] GC(77)     Dead                           Min: 0, Avg:  0.0, Max: 0, Diff: 0, Sum: 0, Workers: 4
[3082.660s][debug][gc,phases      ] GC(77)     Total                          Min: 0, Avg: 11.2, Max: 45, Diff: 45, Sum: 45, Workers: 4
[3082.660s][debug][gc,phases      ] GC(77)   StringDedup Table Weak         Min:  0.0, Avg:  0.0, Max:  0.0, Diff:  0.0, Sum:  0.0, Workers: 4
[3082.660s][debug][gc,phases      ] GC(77)     Dead                           Min: 0, Avg:  0.0, Max: 0, Diff: 0, Sum: 0, Workers: 4
[3082.660s][debug][gc,phases      ] GC(77)     Total                          Min: 0, Avg:  0.0, Max: 0, Diff: 0, Sum: 0, Workers: 4
[3082.660s][debug][gc,phases      ] GC(77)   StringDedup Requests0 Weak     Min:  0.0, Avg:  0.0, Max:  0.0, Diff:  0.0, Sum:  0.0, Workers: 4
[3082.660s][debug][gc,phases      ] GC(77)     Dead                           Min: 0, Avg:  0.0, Max: 0, Diff: 0, Sum: 0, Workers: 4
[3082.660s][debug][gc,phases      ] GC(77)     Total                          Min: 0, Avg:  0.0, Max: 0, Diff: 0, Sum: 0, Workers: 4
[3082.660s][debug][gc,phases      ] GC(77)   StringDedup Requests1 Weak     Min:  0.0, Avg:  0.0, Max:  0.0, Diff:  0.0, Sum:  0.0, Workers: 4
[3082.660s][debug][gc,phases      ] GC(77)     Dead                           Min: 0, Avg:  0.0, Max: 0, Diff: 0, Sum: 0, Workers: 4
[3082.660s][debug][gc,phases      ] GC(77)     Total                          Min: 0, Avg:  0.0, Max: 0, Diff: 0, Sum: 0, Workers: 4
[3082.660s][debug][gc,phases      ] GC(77)   Weak JFR Old Object Samples    Min:  0.0, Avg:  0.0, Max:  0.0, Diff:  0.0, Sum:  0.0, Workers: 4
[3082.660s][debug][gc,phases      ] GC(77)     Dead                           Min: 0, Avg:  0.0, Max: 0, Diff: 0, Sum: 0, Workers: 4
[3082.660s][debug][gc,phases      ] GC(77)     Total                          Min: 0, Avg:  0.0, Max: 0, Diff: 0, Sum: 0, Workers: 4
[3082.660s][debug][gc,phases      ] GC(77) Weak Processing 0.351ms
[3082.660s][debug][gc,age         ] GC(77) Desired survivor size 61341696 bytes, new threshold 14 (max threshold 15)
[3082.660s][info ][gc,heap        ] GC(77) PSYoungGen: 2020963K(2045440K)->48608K(2025984K) Eden: 1995264K(1995264K)->0K(1977344K) From: 25699K(50176K)->48608K(48640K)
[3082.660s][info ][gc,heap        ] GC(77) ParOldGen: 421801K(520704K)->432467K(520704K)
[3082.660s][info ][gc,metaspace   ] GC(77) Metaspace: 78821K(79808K)->78821K(79808K) NonClass: 67753K(68288K)->67753K(68288K) Class: 11067K(11520K)->11067K(11520K)
[3082.660s][info ][gc             ] GC(77) Pause Young (Allocation Failure) 2385M->469M(2487M) 23.309ms
[3082.660s][info ][gc,cpu         ] GC(77) User=0.07s Sys=0.00s Real=0.02s
[3082.660s][info ][safepoint      ] Safepoint "ParallelGCFailedAllocation", Time since last: 3520237165 ns, Reaching safepoint: 47500 ns, At safepoint: 23406810 ns, Total: 23454310 ns
[3085.835s][info ][safepoint      ] Safepoint "Cleanup", Time since last: 3174087267 ns, Reaching safepoint: 124100 ns, At safepoint: 8000 ns, Total: 132100 ns
[3087.468s][info ][safepoint      ] Safepoint "Cleanup", Time since last: 1633083320 ns, Reaching safepoint: 41300 ns, At safepoint: 2400 ns, Total: 43700 ns
[3098.468s][info ][safepoint      ] Safepoint "Cleanup", Time since last: 11000675045 ns, Reaching safepoint: 38800 ns, At safepoint: 2800 ns, Total: 41600 ns
[3104.469s][info ][safepoint      ] Safepoint "Cleanup", Time since last: 6000379219 ns, Reaching safepoint: 48300 ns, At safepoint: 25400 ns, Total: 73700 ns
[3105.469s][info ][safepoint      ] Safepoint "Cleanup", Time since last: 1000091318 ns, Reaching safepoint: 51800 ns, At safepoint: 3800 ns, Total: 55600 ns
[3108.469s][info ][safepoint      ] Safepoint "Cleanup", Time since last: 3000210278 ns, Reaching safepoint: 43300 ns, At safepoint: 2400 ns, Total: 45700 ns
[3109.469s][info ][safepoint      ] Safepoint "Cleanup", Time since last: 1000086634 ns, Reaching safepoint: 26200 ns, At safepoint: 2800 ns, Total: 29000 ns
[3111.470s][info ][safepoint      ] Safepoint "Cleanup", Time since last: 2000163081 ns, Reaching safepoint: 40900 ns, At safepoint: 3700 ns, Total: 44600 ns
[3118.470s][info ][safepoint      ] Safepoint "Cleanup", Time since last: 7000483709 ns, Reaching safepoint: 25600 ns, At safepoint: 2500 ns, Total: 28100 ns
[3124.471s][info ][safepoint      ] Safepoint "Cleanup", Time since last: 6000429908 ns, Reaching safepoint: 40700 ns, At safepoint: 4100 ns, Total: 44800 ns
[3125.471s][info ][safepoint      ] Safepoint "Cleanup", Time since last: 1000101298 ns, Reaching safepoint: 29800 ns, At safepoint: 2200 ns, Total: 32000 ns
[3135.471s][info ][safepoint      ] Safepoint "Cleanup", Time since last: 10000646902 ns, Reaching safepoint: 41300 ns, At safepoint: 2700 ns, Total: 44000 ns
[3136.472s][info ][safepoint      ] Safepoint "Cleanup", Time since last: 1000105741 ns, Reaching safepoint: 56900 ns, At safepoint: 5500 ns, Total: 62400 ns
[3137.586s][info ][gc,start       ] GC(78) Pause Young (Allocation Failure)
[3137.602s][debug][gc,phases      ] GC(78) Scavenge 16.696ms
[3137.602s][debug][gc,ref         ] GC(78) Skipped phase 1 of Reference Processing: no references
[3137.602s][debug][gc,ref         ] GC(78) ReferenceProcessor::execute queues: 1, RefProcThreadModel::Single, marks_oops_alive: false
[3137.603s][debug][gc,ref         ] GC(78) Skipped phase 3 of Reference Processing: no references
[3137.603s][debug][gc,ref         ] GC(78) ReferenceProcessor::execute queues: 1, RefProcThreadModel::Single, marks_oops_alive: false
[3137.603s][debug][gc,phases      ] GC(78) Reference Processing 0.089ms
[3137.603s][debug][gc,phases      ] GC(78)   VM Weak                        Min:  0.0, Avg:  0.0, Max:  0.0, Diff:  0.0, Sum:  0.0, Workers: 4
[3137.603s][debug][gc,phases      ] GC(78)     Dead                           Min: 0, Avg:  0.0, Max: 0, Diff: 0, Sum: 0, Workers: 4
[3137.603s][debug][gc,phases      ] GC(78)     Total                          Min: 0, Avg: 188.8, Max: 435, Diff: 435, Sum: 755, Workers: 4
[3137.603s][debug][gc,phases      ] GC(78)   ObjectSynchronizer Weak        Min:  0.0, Avg:  0.0, Max:  0.0, Diff:  0.0, Sum:  0.0, Workers: 4
[3137.603s][debug][gc,phases      ] GC(78)     Dead                           Min: 0, Avg:  0.0, Max: 0, Diff: 0, Sum: 0, Workers: 4
[3137.603s][debug][gc,phases      ] GC(78)     Total                          Min: 0, Avg:  9.2, Max: 37, Diff: 37, Sum: 37, Workers: 4
[3137.603s][debug][gc,phases      ] GC(78)   JVMTI Tag Weak OopStorage      Min:  0.0, Avg:  0.0, Max:  0.0, Diff:  0.0, Sum:  0.0, Workers: 4
[3137.603s][debug][gc,phases      ] GC(78)     Dead                           Min: 0, Avg:  0.0, Max: 0, Diff: 0, Sum: 0, Workers: 4
[3137.603s][debug][gc,phases      ] GC(78)     Total                          Min: 0, Avg:  0.0, Max: 0, Diff: 0, Sum: 0, Workers: 4
[3137.603s][debug][gc,phases      ] GC(78)   StringTable Weak               Min:  0.1, Avg:  0.1, Max:  0.1, Diff:  0.0, Sum:  0.4, Workers: 4
[3137.603s][debug][gc,phases      ] GC(78)     Dead                           Min: 0, Avg:  0.5, Max: 1, Diff: 1, Sum: 2, Workers: 4
[3137.603s][debug][gc,phases      ] GC(78)     Total                          Min: 9600, Avg: 10642.2, Max: 12160, Diff: 2560, Sum: 42569, Workers: 4
[3137.603s][debug][gc,phases      ] GC(78)   ResolvedMethodTable Weak       Min:  0.0, Avg:  0.0, Max:  0.0, Diff:  0.0, Sum:  0.1, Workers: 4
[3137.603s][debug][gc,phases      ] GC(78)     Dead                           Min: 0, Avg:  0.0, Max: 0, Diff: 0, Sum: 0, Workers: 4
[3137.603s][debug][gc,phases      ] GC(78)     Total                          Min: 1216, Avg: 2116.0, Max: 2432, Diff: 1216, Sum: 8464, Workers: 4
[3137.603s][debug][gc,phases      ] GC(78)   JNI Weak                       Min:  0.0, Avg:  0.0, Max:  0.0, Diff:  0.0, Sum:  0.0, Workers: 4
[3137.603s][debug][gc,phases      ] GC(78)     Dead                           Min: 0, Avg:  0.0, Max: 0, Diff: 0, Sum: 0, Workers: 4
[3137.603s][debug][gc,phases      ] GC(78)     Total                          Min: 0, Avg: 11.2, Max: 45, Diff: 45, Sum: 45, Workers: 4
[3137.603s][debug][gc,phases      ] GC(78)   StringDedup Table Weak         Min:  0.0, Avg:  0.0, Max:  0.0, Diff:  0.0, Sum:  0.0, Workers: 4
[3137.603s][debug][gc,phases      ] GC(78)     Dead                           Min: 0, Avg:  0.0, Max: 0, Diff: 0, Sum: 0, Workers: 4
[3137.603s][debug][gc,phases      ] GC(78)     Total                          Min: 0, Avg:  0.0, Max: 0, Diff: 0, Sum: 0, Workers: 4
[3137.603s][debug][gc,phases      ] GC(78)   StringDedup Requests0 Weak     Min:  0.0, Avg:  0.0, Max:  0.0, Diff:  0.0, Sum:  0.0, Workers: 4
[3137.603s][debug][gc,phases      ] GC(78)     Dead                           Min: 0, Avg:  0.0, Max: 0, Diff: 0, Sum: 0, Workers: 4
[3137.603s][debug][gc,phases      ] GC(78)     Total                          Min: 0, Avg:  0.0, Max: 0, Diff: 0, Sum: 0, Workers: 4
[3137.603s][debug][gc,phases      ] GC(78)   StringDedup Requests1 Weak     Min:  0.0, Avg:  0.0, Max:  0.0, Diff:  0.0, Sum:  0.0, Workers: 4
[3137.603s][debug][gc,phases      ] GC(78)     Dead                           Min: 0, Avg:  0.0, Max: 0, Diff: 0, Sum: 0, Workers: 4
[3137.603s][debug][gc,phases      ] GC(78)     Total                          Min: 0, Avg:  0.0, Max: 0, Diff: 0, Sum: 0, Workers: 4
[3137.603s][debug][gc,phases      ] GC(78)   Weak JFR Old Object Samples    Min:  0.0, Avg:  0.0, Max:  0.0, Diff:  0.0, Sum:  0.0, Workers: 4
[3137.603s][debug][gc,phases      ] GC(78)     Dead                           Min: 0, Avg:  0.0, Max: 0, Diff: 0, Sum: 0, Workers: 4
[3137.603s][debug][gc,phases      ] GC(78)     Total                          Min: 0, Avg:  0.0, Max: 0, Diff: 0, Sum: 0, Workers: 4
[3137.603s][debug][gc,phases      ] GC(78) Weak Processing 0.268ms
[3137.603s][debug][gc,age         ] GC(78) Desired survivor size 65011712 bytes, new threshold 15 (max threshold 15)
[3137.603s][info ][gc,heap        ] GC(78) PSYoungGen: 2025952K(2025984K)->44048K(2021888K) Eden: 1977344K(1977344K)->0K(1977344K) From: 48608K(48640K)->44048K(44544K)
[3137.603s][info ][gc,heap        ] GC(78) ParOldGen: 432467K(520704K)->438363K(520704K)
[3137.603s][info ][gc,metaspace   ] GC(78) Metaspace: 78888K(79872K)->78888K(79872K) NonClass: 67811K(68352K)->67811K(68352K) Class: 11077K(11520K)->11077K(11520K)
[3137.603s][info ][gc             ] GC(78) Pause Young (Allocation Failure) 2400M->471M(2483M) 17.156ms
[3137.603s][info ][gc,cpu         ] GC(78) User=0.05s Sys=0.00s Real=0.01s
[3137.603s][info ][safepoint      ] Safepoint "ParallelGCFailedAllocation", Time since last: 1114070820 ns, Reaching safepoint: 33900 ns, At safepoint: 17210611 ns, Total: 17244511 ns
[3139.603s][info ][safepoint      ] Safepoint "Cleanup", Time since last: 2000143004 ns, Reaching safepoint: 36900 ns, At safepoint: 3400 ns, Total: 40300 ns
[3140.603s][info ][safepoint      ] Safepoint "Cleanup", Time since last: 1000103557 ns, Reaching safepoint: 27800 ns, At safepoint: 2400 ns, Total: 30200 ns
[3143.603s][info ][safepoint      ] Safepoint "Cleanup", Time since last: 3000183096 ns, Reaching safepoint: 36900 ns, At safepoint: 3700 ns, Total: 40600 ns
[3147.604s][info ][safepoint      ] Safepoint "Cleanup", Time since last: 4000288514 ns, Reaching safepoint: 31400 ns, At safepoint: 2500 ns, Total: 33900 ns
[3148.604s][info ][safepoint      ] Safepoint "Cleanup", Time since last: 1000105088 ns, Reaching safepoint: 47000 ns, At safepoint: 3800 ns, Total: 50800 ns
[3150.604s][info ][safepoint      ] Safepoint "Cleanup", Time since last: 2000160388 ns, Reaching safepoint: 25000 ns, At safepoint: 2400 ns, Total: 27400 ns
[3157.605s][info ][safepoint      ] Safepoint "Cleanup", Time since last: 7000478874 ns, Reaching safepoint: 26500 ns, At safepoint: 2400 ns, Total: 28900 ns
[3160.605s][info ][safepoint      ] Safepoint "Cleanup", Time since last: 3000226088 ns, Reaching safepoint: 40300 ns, At safepoint: 2300 ns, Total: 42600 ns
[3161.605s][info ][safepoint      ] Safepoint "Cleanup", Time since last: 1000093037 ns, Reaching safepoint: 36500 ns, At safepoint: 3700 ns, Total: 40200 ns
[3165.605s][info ][safepoint      ] Safepoint "Cleanup", Time since last: 4000291383 ns, Reaching safepoint: 36900 ns, At safepoint: 2900 ns, Total: 39800 ns
[3172.606s][info ][safepoint      ] Safepoint "Cleanup", Time since last: 7000425062 ns, Reaching safepoint: 34800 ns, At safepoint: 2800 ns, Total: 37600 ns
[3186.607s][info ][safepoint      ] Safepoint "Cleanup", Time since last: 14000922951 ns, Reaching safepoint: 41700 ns, At safepoint: 10600 ns, Total: 52300 ns
[3189.607s][info ][safepoint      ] Safepoint "Cleanup", Time since last: 3000186901 ns, Reaching safepoint: 30400 ns, At safepoint: 6800 ns, Total: 37200 ns
[3197.608s][info ][safepoint      ] Safepoint "Cleanup", Time since last: 8000533623 ns, Reaching safepoint: 38500 ns, At safepoint: 20200 ns, Total: 58700 ns
[3198.608s][info ][safepoint      ] Safepoint "Cleanup", Time since last: 1000095469 ns, Reaching safepoint: 26100 ns, At safepoint: 7200 ns, Total: 33300 ns
[3201.834s][info ][gc,start       ] GC(79) Pause Young (Allocation Failure)
[3201.851s][debug][gc,phases      ] GC(79) Scavenge 16.891ms
[3201.851s][debug][gc,ref         ] GC(79) Skipped phase 1 of Reference Processing: no references
[3201.851s][debug][gc,ref         ] GC(79) ReferenceProcessor::execute queues: 1, RefProcThreadModel::Single, marks_oops_alive: false
[3201.851s][debug][gc,ref         ] GC(79) Skipped phase 3 of Reference Processing: no references
[3201.851s][debug][gc,ref         ] GC(79) ReferenceProcessor::execute queues: 1, RefProcThreadModel::Single, marks_oops_alive: false
[3201.851s][debug][gc,phases      ] GC(79) Reference Processing 0.093ms
[3201.851s][debug][gc,phases      ] GC(79)   VM Weak                        Min:  0.0, Avg:  0.0, Max:  0.0, Diff:  0.0, Sum:  0.0, Workers: 4
[3201.851s][debug][gc,phases      ] GC(79)     Dead                           Min: 0, Avg:  0.0, Max: 0, Diff: 0, Sum: 0, Workers: 4
[3201.851s][debug][gc,phases      ] GC(79)     Total                          Min: 0, Avg: 188.8, Max: 563, Diff: 563, Sum: 755, Workers: 4
[3201.851s][debug][gc,phases      ] GC(79)   ObjectSynchronizer Weak        Min:  0.0, Avg:  0.0, Max:  0.0, Diff:  0.0, Sum:  0.0, Workers: 4
[3201.851s][debug][gc,phases      ] GC(79)     Dead                           Min: 0, Avg:  0.0, Max: 0, Diff: 0, Sum: 0, Workers: 4
[3201.851s][debug][gc,phases      ] GC(79)     Total                          Min: 0, Avg:  9.2, Max: 37, Diff: 37, Sum: 37, Workers: 4
[3201.851s][debug][gc,phases      ] GC(79)   JVMTI Tag Weak OopStorage      Min:  0.0, Avg:  0.0, Max:  0.0, Diff:  0.0, Sum:  0.0, Workers: 4
[3201.851s][debug][gc,phases      ] GC(79)     Dead                           Min: 0, Avg:  0.0, Max: 0, Diff: 0, Sum: 0, Workers: 4
[3201.851s][debug][gc,phases      ] GC(79)     Total                          Min: 0, Avg:  0.0, Max: 0, Diff: 0, Sum: 0, Workers: 4
[3201.851s][debug][gc,phases      ] GC(79)   StringTable Weak               Min:  0.0, Avg:  0.1, Max:  0.1, Diff:  0.1, Sum:  0.3, Workers: 4
[3201.851s][debug][gc,phases      ] GC(79)     Dead                           Min: 0, Avg:  0.0, Max: 0, Diff: 0, Sum: 0, Workers: 4
[3201.851s][debug][gc,phases      ] GC(79)     Total                          Min: 0, Avg: 10642.2, Max: 15040, Diff: 15040, Sum: 42569, Workers: 4
[3201.851s][debug][gc,phases      ] GC(79)   ResolvedMethodTable Weak       Min:  0.0, Avg:  0.0, Max:  0.0, Diff:  0.0, Sum:  0.1, Workers: 4
[3201.851s][debug][gc,phases      ] GC(79)     Dead                           Min: 0, Avg:  0.0, Max: 0, Diff: 0, Sum: 0, Workers: 4
[3201.851s][debug][gc,phases      ] GC(79)     Total                          Min: 0, Avg: 2116.0, Max: 2880, Diff: 2880, Sum: 8464, Workers: 4
[3201.851s][debug][gc,phases      ] GC(79)   JNI Weak                       Min:  0.0, Avg:  0.0, Max:  0.0, Diff:  0.0, Sum:  0.0, Workers: 4
[3201.851s][debug][gc,phases      ] GC(79)     Dead                           Min: 0, Avg:  0.0, Max: 0, Diff: 0, Sum: 0, Workers: 4
[3201.851s][debug][gc,phases      ] GC(79)     Total                          Min: 0, Avg: 11.2, Max: 45, Diff: 45, Sum: 45, Workers: 4
[3201.851s][debug][gc,phases      ] GC(79)   StringDedup Table Weak         Min:  0.0, Avg:  0.0, Max:  0.0, Diff:  0.0, Sum:  0.0, Workers: 4
[3201.851s][debug][gc,phases      ] GC(79)     Dead                           Min: 0, Avg:  0.0, Max: 0, Diff: 0, Sum: 0, Workers: 4
[3201.851s][debug][gc,phases      ] GC(79)     Total                          Min: 0, Avg:  0.0, Max: 0, Diff: 0, Sum: 0, Workers: 4
[3201.851s][debug][gc,phases      ] GC(79)   StringDedup Requests0 Weak     Min:  0.0, Avg:  0.0, Max:  0.0, Diff:  0.0, Sum:  0.0, Workers: 4
[3201.851s][debug][gc,phases      ] GC(79)     Dead                           Min: 0, Avg:  0.0, Max: 0, Diff: 0, Sum: 0, Workers: 4
[3201.851s][debug][gc,phases      ] GC(79)     Total                          Min: 0, Avg:  0.0, Max: 0, Diff: 0, Sum: 0, Workers: 4
[3201.851s][debug][gc,phases      ] GC(79)   StringDedup Requests1 Weak     Min:  0.0, Avg:  0.0, Max:  0.0, Diff:  0.0, Sum:  0.0, Workers: 4
[3201.851s][debug][gc,phases      ] GC(79)     Dead                           Min: 0, Avg:  0.0, Max: 0, Diff: 0, Sum: 0, Workers: 4
[3201.851s][debug][gc,phases      ] GC(79)     Total                          Min: 0, Avg:  0.0, Max: 0, Diff: 0, Sum: 0, Workers: 4
[3201.851s][debug][gc,phases      ] GC(79)   Weak JFR Old Object Samples    Min:  0.0, Avg:  0.0, Max:  0.0, Diff:  0.0, Sum:  0.0, Workers: 4
[3201.851s][debug][gc,phases      ] GC(79)     Dead                           Min: 0, Avg:  0.0, Max: 0, Diff: 0, Sum: 0, Workers: 4
[3201.851s][debug][gc,phases      ] GC(79)     Total                          Min: 0, Avg:  0.0, Max: 0, Diff: 0, Sum: 0, Workers: 4
[3201.851s][debug][gc,phases      ] GC(79) Weak Processing 0.293ms
[3201.851s][debug][gc,age         ] GC(79) Desired survivor size 68681728 bytes, new threshold 15 (max threshold 15)
[3201.851s][info ][gc,heap        ] GC(79) PSYoungGen: 2021392K(2021888K)->46873K(2026496K) Eden: 1977344K(1977344K)->0K(1963008K) From: 44048K(44544K)->46873K(63488K)
[3201.851s][info ][gc,heap        ] GC(79) ParOldGen: 438363K(520704K)->438363K(520704K)
[3201.851s][info ][gc,metaspace   ] GC(79) Metaspace: 78919K(79872K)->78919K(79872K) NonClass: 67842K(68352K)->67842K(68352K) Class: 11077K(11520K)->11077K(11520K)
[3201.851s][info ][gc             ] GC(79) Pause Young (Allocation Failure) 2402M->473M(2487M) 17.381ms
[3201.851s][info ][gc,cpu         ] GC(79) User=0.04s Sys=0.00s Real=0.01s
[3201.851s][info ][safepoint      ] Safepoint "ParallelGCFailedAllocation", Time since last: 3226184124 ns, Reaching safepoint: 109700 ns, At safepoint: 17442616 ns, Total: 17552316 ns
[3203.852s][info ][safepoint      ] Safepoint "Cleanup", Time since last: 2000160169 ns, Reaching safepoint: 30800 ns, At safepoint: 3100 ns, Total: 33900 ns
[3208.852s][info ][safepoint      ] Safepoint "Cleanup", Time since last: 5000352182 ns, Reaching safepoint: 39700 ns, At safepoint: 5200 ns, Total: 44900 ns
[3209.852s][info ][safepoint      ] Safepoint "Cleanup", Time since last: 1000126207 ns, Reaching safepoint: 33500 ns, At safepoint: 2200 ns, Total: 35700 ns
[3211.852s][info ][safepoint      ] Safepoint "Cleanup", Time since last: 2000165023 ns, Reaching safepoint: 24000 ns, At safepoint: 2400 ns, Total: 26400 ns
[3214.853s][info ][safepoint      ] Safepoint "Cleanup", Time since last: 3000239060 ns, Reaching safepoint: 43900 ns, At safepoint: 2000 ns, Total: 45900 ns
[3215.853s][info ][safepoint      ] Safepoint "Cleanup", Time since last: 1000105626 ns, Reaching safepoint: 51600 ns, At safepoint: 6600 ns, Total: 58200 ns
[3217.853s][info ][safepoint      ] Safepoint "Cleanup", Time since last: 2000171564 ns, Reaching safepoint: 25500 ns, At safepoint: 41500 ns, Total: 67000 ns
[3218.853s][info ][safepoint      ] Safepoint "Cleanup", Time since last: 1000112236 ns, Reaching safepoint: 108800 ns, At safepoint: 5800 ns, Total: 114600 ns
[3223.854s][info ][safepoint      ] Safepoint "Cleanup", Time since last: 5000314832 ns, Reaching safepoint: 31200 ns, At safepoint: 2000 ns, Total: 33200 ns
[3240.855s][info ][safepoint      ] Safepoint "Cleanup", Time since last: 17001017594 ns, Reaching safepoint: 26000 ns, At safepoint: 2600 ns, Total: 28600 ns
[3249.694s][info ][gc,start       ] GC(80) Pause Young (Allocation Failure)
[3249.712s][debug][gc,phases      ] GC(80) Scavenge 18.362ms
[3249.712s][debug][gc,ref         ] GC(80) Skipped phase 1 of Reference Processing: no references
[3249.712s][debug][gc,ref         ] GC(80) ReferenceProcessor::execute queues: 1, RefProcThreadModel::Single, marks_oops_alive: false
[3249.712s][debug][gc,ref         ] GC(80) Skipped phase 3 of Reference Processing: no references
[3249.712s][debug][gc,ref         ] GC(80) ReferenceProcessor::execute queues: 1, RefProcThreadModel::Single, marks_oops_alive: false
[3249.712s][debug][gc,phases      ] GC(80) Reference Processing 0.107ms
[3249.713s][debug][gc,phases      ] GC(80)   VM Weak                        Min:  0.0, Avg:  0.0, Max:  0.0, Diff:  0.0, Sum:  0.0, Workers: 4
[3249.713s][debug][gc,phases      ] GC(80)     Dead                           Min: 0, Avg:  0.0, Max: 0, Diff: 0, Sum: 0, Workers: 4
[3249.713s][debug][gc,phases      ] GC(80)     Total                          Min: 0, Avg: 188.8, Max: 755, Diff: 755, Sum: 755, Workers: 4
[3249.713s][debug][gc,phases      ] GC(80)   ObjectSynchronizer Weak        Min:  0.0, Avg:  0.0, Max:  0.0, Diff:  0.0, Sum:  0.0, Workers: 4
[3249.713s][debug][gc,phases      ] GC(80)     Dead                           Min: 0, Avg:  0.0, Max: 0, Diff: 0, Sum: 0, Workers: 4
[3249.713s][debug][gc,phases      ] GC(80)     Total                          Min: 0, Avg:  9.2, Max: 37, Diff: 37, Sum: 37, Workers: 4
[3249.713s][debug][gc,phases      ] GC(80)   JVMTI Tag Weak OopStorage      Min:  0.0, Avg:  0.0, Max:  0.0, Diff:  0.0, Sum:  0.0, Workers: 4
[3249.713s][debug][gc,phases      ] GC(80)     Dead                           Min: 0, Avg:  0.0, Max: 0, Diff: 0, Sum: 0, Workers: 4
[3249.713s][debug][gc,phases      ] GC(80)     Total                          Min: 0, Avg:  0.0, Max: 0, Diff: 0, Sum: 0, Workers: 4
[3249.713s][debug][gc,phases      ] GC(80)   StringTable Weak               Min:  0.1, Avg:  0.1, Max:  0.1, Diff:  0.0, Sum:  0.4, Workers: 4
[3249.713s][debug][gc,phases      ] GC(80)     Dead                           Min: 0, Avg:  0.0, Max: 0, Diff: 0, Sum: 0, Workers: 4
[3249.713s][debug][gc,phases      ] GC(80)     Total                          Min: 9344, Avg: 10642.2, Max: 11338, Diff: 1994, Sum: 42569, Workers: 4
[3249.713s][debug][gc,phases      ] GC(80)   ResolvedMethodTable Weak       Min:  0.0, Avg:  0.0, Max:  0.0, Diff:  0.0, Sum:  0.1, Workers: 4
[3249.713s][debug][gc,phases      ] GC(80)     Dead                           Min: 0, Avg:  0.0, Max: 0, Diff: 0, Sum: 0, Workers: 4
[3249.713s][debug][gc,phases      ] GC(80)     Total                          Min: 1984, Avg: 2116.0, Max: 2176, Diff: 192, Sum: 8464, Workers: 4
[3249.713s][debug][gc,phases      ] GC(80)   JNI Weak                       Min:  0.0, Avg:  0.0, Max:  0.0, Diff:  0.0, Sum:  0.0, Workers: 4
[3249.713s][debug][gc,phases      ] GC(80)     Dead                           Min: 0, Avg:  0.0, Max: 0, Diff: 0, Sum: 0, Workers: 4
[3249.713s][debug][gc,phases      ] GC(80)     Total                          Min: 0, Avg: 11.2, Max: 45, Diff: 45, Sum: 45, Workers: 4
[3249.713s][debug][gc,phases      ] GC(80)   StringDedup Table Weak         Min:  0.0, Avg:  0.0, Max:  0.0, Diff:  0.0, Sum:  0.0, Workers: 4
[3249.713s][debug][gc,phases      ] GC(80)     Dead                           Min: 0, Avg:  0.0, Max: 0, Diff: 0, Sum: 0, Workers: 4
[3249.713s][debug][gc,phases      ] GC(80)     Total                          Min: 0, Avg:  0.0, Max: 0, Diff: 0, Sum: 0, Workers: 4
[3249.713s][debug][gc,phases      ] GC(80)   StringDedup Requests0 Weak     Min:  0.0, Avg:  0.0, Max:  0.0, Diff:  0.0, Sum:  0.0, Workers: 4
[3249.713s][debug][gc,phases      ] GC(80)     Dead                           Min: 0, Avg:  0.0, Max: 0, Diff: 0, Sum: 0, Workers: 4
[3249.713s][debug][gc,phases      ] GC(80)     Total                          Min: 0, Avg:  0.0, Max: 0, Diff: 0, Sum: 0, Workers: 4
[3249.713s][debug][gc,phases      ] GC(80)   StringDedup Requests1 Weak     Min:  0.0, Avg:  0.0, Max:  0.0, Diff:  0.0, Sum:  0.0, Workers: 4
[3249.713s][debug][gc,phases      ] GC(80)     Dead                           Min: 0, Avg:  0.0, Max: 0, Diff: 0, Sum: 0, Workers: 4
[3249.713s][debug][gc,phases      ] GC(80)     Total                          Min: 0, Avg:  0.0, Max: 0, Diff: 0, Sum: 0, Workers: 4
[3249.713s][debug][gc,phases      ] GC(80)   Weak JFR Old Object Samples    Min:  0.0, Avg:  0.0, Max:  0.0, Diff:  0.0, Sum:  0.0, Workers: 4
[3249.713s][debug][gc,phases      ] GC(80)     Dead                           Min: 0, Avg:  0.0, Max: 0, Diff: 0, Sum: 0, Workers: 4
[3249.713s][debug][gc,phases      ] GC(80)     Total                          Min: 0, Avg:  0.0, Max: 0, Diff: 0, Sum: 0, Workers: 4
[3249.713s][debug][gc,phases      ] GC(80) Weak Processing 0.303ms
[3249.713s][debug][gc,age         ] GC(80) Desired survivor size 75497472 bytes, new threshold 15 (max threshold 15)
[3249.713s][info ][gc,heap        ] GC(80) PSYoungGen: 2009881K(2026496K)->57200K(2020352K) Eden: 1963008K(1963008K)->0K(1963008K) From: 46873K(63488K)->57200K(57344K)
[3249.713s][info ][gc,heap        ] GC(80) ParOldGen: 438363K(520704K)->438483K(520704K)
[3249.713s][info ][gc,metaspace   ] GC(80) Metaspace: 78942K(79872K)->78942K(79872K) NonClass: 67865K(68352K)->67865K(68352K) Class: 11077K(11520K)->11077K(11520K)
[3249.713s][info ][gc             ] GC(80) Pause Young (Allocation Failure) 2390M->484M(2481M) 18.894ms
[3249.713s][info ][gc,cpu         ] GC(80) User=0.06s Sys=0.00s Real=0.01s
[3249.713s][info ][safepoint      ] Safepoint "ParallelGCFailedAllocation", Time since last: 8839134042 ns, Reaching safepoint: 26600 ns, At safepoint: 18961320 ns, Total: 18987920 ns
[3250.713s][info ][safepoint      ] Safepoint "Cleanup", Time since last: 1000085738 ns, Reaching safepoint: 48800 ns, At safepoint: 3100 ns, Total: 51900 ns
[3254.713s][info ][safepoint      ] Safepoint "Cleanup", Time since last: 4000268485 ns, Reaching safepoint: 42500 ns, At safepoint: 2000 ns, Total: 44500 ns
[3256.713s][info ][safepoint      ] Safepoint "Cleanup", Time since last: 2000151811 ns, Reaching safepoint: 34600 ns, At safepoint: 2800 ns, Total: 37400 ns
[3258.714s][info ][safepoint      ] Safepoint "Cleanup", Time since last: 2000166723 ns, Reaching safepoint: 36900 ns, At safepoint: 2600 ns, Total: 39500 ns
[3268.714s][info ][safepoint      ] Safepoint "Cleanup", Time since last: 10000626197 ns, Reaching safepoint: 39100 ns, At safepoint: 2900 ns, Total: 42000 ns
[3284.715s][info ][safepoint      ] Safepoint "Cleanup", Time since last: 16000950994 ns, Reaching safepoint: 23800 ns, At safepoint: 2100 ns, Total: 25900 ns
[3295.716s][info ][safepoint      ] Safepoint "Cleanup", Time since last: 11000670134 ns, Reaching safepoint: 34000 ns, At safepoint: 22200 ns, Total: 56200 ns
[3313.634s][info ][gc,start       ] GC(81) Pause Young (Allocation Failure)
[3313.651s][debug][gc,phases      ] GC(81) Scavenge 17.605ms
[3313.652s][debug][gc,ref         ] GC(81) Skipped phase 1 of Reference Processing: no references
[3313.652s][debug][gc,ref         ] GC(81) ReferenceProcessor::execute queues: 1, RefProcThreadModel::Single, marks_oops_alive: false
[3313.652s][debug][gc,ref         ] GC(81) Skipped phase 3 of Reference Processing: no references
[3313.652s][debug][gc,ref         ] GC(81) ReferenceProcessor::execute queues: 1, RefProcThreadModel::Single, marks_oops_alive: false
[3313.652s][debug][gc,phases      ] GC(81) Reference Processing 0.079ms
[3313.652s][debug][gc,phases      ] GC(81)   VM Weak                        Min:  0.0, Avg:  0.0, Max:  0.0, Diff:  0.0, Sum:  0.0, Workers: 4
[3313.652s][debug][gc,phases      ] GC(81)     Dead                           Min: 0, Avg:  0.0, Max: 0, Diff: 0, Sum: 0, Workers: 4
[3313.652s][debug][gc,phases      ] GC(81)     Total                          Min: 0, Avg: 188.8, Max: 755, Diff: 755, Sum: 755, Workers: 4
[3313.652s][debug][gc,phases      ] GC(81)   ObjectSynchronizer Weak        Min:  0.0, Avg:  0.0, Max:  0.0, Diff:  0.0, Sum:  0.0, Workers: 4
[3313.652s][debug][gc,phases      ] GC(81)     Dead                           Min: 0, Avg:  0.0, Max: 0, Diff: 0, Sum: 0, Workers: 4
[3313.652s][debug][gc,phases      ] GC(81)     Total                          Min: 0, Avg:  9.2, Max: 37, Diff: 37, Sum: 37, Workers: 4
[3313.652s][debug][gc,phases      ] GC(81)   JVMTI Tag Weak OopStorage      Min:  0.0, Avg:  0.0, Max:  0.0, Diff:  0.0, Sum:  0.0, Workers: 4
[3313.652s][debug][gc,phases      ] GC(81)     Dead                           Min: 0, Avg:  0.0, Max: 0, Diff: 0, Sum: 0, Workers: 4
[3313.652s][debug][gc,phases      ] GC(81)     Total                          Min: 0, Avg:  0.0, Max: 0, Diff: 0, Sum: 0, Workers: 4
[3313.652s][debug][gc,phases      ] GC(81)   StringTable Weak               Min:  0.1, Avg:  0.1, Max:  0.1, Diff:  0.0, Sum:  0.4, Workers: 4
[3313.652s][debug][gc,phases      ] GC(81)     Dead                           Min: 0, Avg:  0.0, Max: 0, Diff: 0, Sum: 0, Workers: 4
[3313.652s][debug][gc,phases      ] GC(81)     Total                          Min: 9920, Avg: 10642.2, Max: 11903, Diff: 1983, Sum: 42569, Workers: 4
[3313.652s][debug][gc,phases      ] GC(81)   ResolvedMethodTable Weak       Min:  0.0, Avg:  0.0, Max:  0.0, Diff:  0.0, Sum:  0.1, Workers: 4
[3313.652s][debug][gc,phases      ] GC(81)     Dead                           Min: 0, Avg:  0.0, Max: 0, Diff: 0, Sum: 0, Workers: 4
[3313.652s][debug][gc,phases      ] GC(81)     Total                          Min: 1920, Avg: 2116.0, Max: 2384, Diff: 464, Sum: 8464, Workers: 4
[3313.652s][debug][gc,phases      ] GC(81)   JNI Weak                       Min:  0.0, Avg:  0.0, Max:  0.0, Diff:  0.0, Sum:  0.0, Workers: 4
[3313.652s][debug][gc,phases      ] GC(81)     Dead                           Min: 0, Avg:  0.0, Max: 0, Diff: 0, Sum: 0, Workers: 4
[3313.652s][debug][gc,phases      ] GC(81)     Total                          Min: 0, Avg: 11.2, Max: 45, Diff: 45, Sum: 45, Workers: 4
[3313.652s][debug][gc,phases      ] GC(81)   StringDedup Table Weak         Min:  0.0, Avg:  0.0, Max:  0.0, Diff:  0.0, Sum:  0.0, Workers: 4
[3313.652s][debug][gc,phases      ] GC(81)     Dead                           Min: 0, Avg:  0.0, Max: 0, Diff: 0, Sum: 0, Workers: 4
[3313.652s][debug][gc,phases      ] GC(81)     Total                          Min: 0, Avg:  0.0, Max: 0, Diff: 0, Sum: 0, Workers: 4
[3313.652s][debug][gc,phases      ] GC(81)   StringDedup Requests0 Weak     Min:  0.0, Avg:  0.0, Max:  0.0, Diff:  0.0, Sum:  0.0, Workers: 4
[3313.652s][debug][gc,phases      ] GC(81)     Dead                           Min: 0, Avg:  0.0, Max: 0, Diff: 0, Sum: 0, Workers: 4
[3313.652s][debug][gc,phases      ] GC(81)     Total                          Min: 0, Avg:  0.0, Max: 0, Diff: 0, Sum: 0, Workers: 4
[3313.652s][debug][gc,phases      ] GC(81)   StringDedup Requests1 Weak     Min:  0.0, Avg:  0.0, Max:  0.0, Diff:  0.0, Sum:  0.0, Workers: 4
[3313.652s][debug][gc,phases      ] GC(81)     Dead                           Min: 0, Avg:  0.0, Max: 0, Diff: 0, Sum: 0, Workers: 4
[3313.652s][debug][gc,phases      ] GC(81)     Total                          Min: 0, Avg:  0.0, Max: 0, Diff: 0, Sum: 0, Workers: 4
[3313.652s][debug][gc,phases      ] GC(81)   Weak JFR Old Object Samples    Min:  0.0, Avg:  0.0, Max:  0.0, Diff:  0.0, Sum:  0.0, Workers: 4
[3313.652s][debug][gc,phases      ] GC(81)     Dead                           Min: 0, Avg:  0.0, Max: 0, Diff: 0, Sum: 0, Workers: 4
[3313.652s][debug][gc,phases      ] GC(81)     Total                          Min: 0, Avg:  0.0, Max: 0, Diff: 0, Sum: 0, Workers: 4
[3313.652s][debug][gc,phases      ] GC(81) Weak Processing 0.264ms
[3313.652s][debug][gc,age         ] GC(81) Desired survivor size 79691776 bytes, new threshold 15 (max threshold 15)
[3313.652s][info ][gc,heap        ] GC(81) PSYoungGen: 2020208K(2020352K)->54320K(2015232K) Eden: 1963008K(1963008K)->0K(1941504K) From: 57200K(57344K)->54320K(73728K)
[3313.652s][info ][gc,heap        ] GC(81) ParOldGen: 438483K(520704K)->438571K(520704K)
[3313.652s][info ][gc,metaspace   ] GC(81) Metaspace: 78956K(79936K)->78956K(79936K) NonClass: 67878K(68416K)->67878K(68416K) Class: 11077K(11520K)->11077K(11520K)
[3313.652s][info ][gc             ] GC(81) Pause Young (Allocation Failure) 2401M->481M(2476M) 18.061ms
[3313.652s][info ][gc,cpu         ] GC(81) User=0.05s Sys=0.01s Real=0.01s
[3313.652s][info ][safepoint      ] Safepoint "ParallelGCFailedAllocation", Time since last: 17917677773 ns, Reaching safepoint: 105500 ns, At safepoint: 18129522 ns, Total: 18235022 ns
[3318.652s][info ][safepoint      ] Safepoint "Cleanup", Time since last: 5000331451 ns, Reaching safepoint: 37000 ns, At safepoint: 3200 ns, Total: 40200 ns
[3324.653s][info ][safepoint      ] Safepoint "Cleanup", Time since last: 6000395871 ns, Reaching safepoint: 23300 ns, At safepoint: 2200 ns, Total: 25500 ns
[3329.653s][info ][safepoint      ] Safepoint "Cleanup", Time since last: 5000286299 ns, Reaching safepoint: 39200 ns, At safepoint: 2700 ns, Total: 41900 ns
[3332.653s][info ][safepoint      ] Safepoint "Cleanup", Time since last: 3000255612 ns, Reaching safepoint: 34700 ns, At safepoint: 2300 ns, Total: 37000 ns
[3340.654s][info ][safepoint      ] Safepoint "Cleanup", Time since last: 8000534079 ns, Reaching safepoint: 22800 ns, At safepoint: 2000 ns, Total: 24800 ns
[3341.654s][info ][safepoint      ] Safepoint "Cleanup", Time since last: 1000107397 ns, Reaching safepoint: 36300 ns, At safepoint: 5700 ns, Total: 42000 ns
[3345.654s][info ][safepoint      ] Safepoint "Cleanup", Time since last: 4000279913 ns, Reaching safepoint: 24400 ns, At safepoint: 2100 ns, Total: 26500 ns
[3358.655s][info ][safepoint      ] Safepoint "Cleanup", Time since last: 13000882523 ns, Reaching safepoint: 38800 ns, At safepoint: 3700 ns, Total: 42500 ns
[3366.656s][info ][safepoint      ] Safepoint "Cleanup", Time since last: 8000458511 ns, Reaching safepoint: 28200 ns, At safepoint: 2500 ns, Total: 30700 ns
[3367.656s][info ][safepoint      ] Safepoint "Cleanup", Time since last: 1000109462 ns, Reaching safepoint: 36800 ns, At safepoint: 2300 ns, Total: 39100 ns
[3368.656s][info ][safepoint      ] Safepoint "Cleanup", Time since last: 1000112065 ns, Reaching safepoint: 26500 ns, At safepoint: 2300 ns, Total: 28800 ns
[3372.656s][info ][safepoint      ] Safepoint "Cleanup", Time since last: 4000287085 ns, Reaching safepoint: 52500 ns, At safepoint: 11800 ns, Total: 64300 ns
[3381.776s][info ][gc,start       ] GC(82) Pause Young (Allocation Failure)
[3381.789s][debug][gc,phases      ] GC(82) Scavenge 13.265ms
[3381.789s][debug][gc,ref         ] GC(82) Skipped phase 1 of Reference Processing: no references
[3381.789s][debug][gc,ref         ] GC(82) ReferenceProcessor::execute queues: 1, RefProcThreadModel::Single, marks_oops_alive: false
[3381.789s][debug][gc,ref         ] GC(82) Skipped phase 3 of Reference Processing: no references
[3381.789s][debug][gc,ref         ] GC(82) ReferenceProcessor::execute queues: 1, RefProcThreadModel::Single, marks_oops_alive: false
[3381.789s][debug][gc,phases      ] GC(82) Reference Processing 0.105ms
[3381.789s][debug][gc,phases      ] GC(82)   VM Weak                        Min:  0.0, Avg:  0.0, Max:  0.0, Diff:  0.0, Sum:  0.0, Workers: 4
[3381.789s][debug][gc,phases      ] GC(82)     Dead                           Min: 0, Avg:  0.0, Max: 0, Diff: 0, Sum: 0, Workers: 4
[3381.789s][debug][gc,phases      ] GC(82)     Total                          Min: 0, Avg: 188.8, Max: 691, Diff: 691, Sum: 755, Workers: 4
[3381.789s][debug][gc,phases      ] GC(82)   ObjectSynchronizer Weak        Min:  0.0, Avg:  0.0, Max:  0.0, Diff:  0.0, Sum:  0.0, Workers: 4
[3381.789s][debug][gc,phases      ] GC(82)     Dead                           Min: 0, Avg:  0.0, Max: 0, Diff: 0, Sum: 0, Workers: 4
[3381.789s][debug][gc,phases      ] GC(82)     Total                          Min: 0, Avg:  9.2, Max: 37, Diff: 37, Sum: 37, Workers: 4
[3381.789s][debug][gc,phases      ] GC(82)   JVMTI Tag Weak OopStorage      Min:  0.0, Avg:  0.0, Max:  0.0, Diff:  0.0, Sum:  0.0, Workers: 4
[3381.789s][debug][gc,phases      ] GC(82)     Dead                           Min: 0, Avg:  0.0, Max: 0, Diff: 0, Sum: 0, Workers: 4
[3381.789s][debug][gc,phases      ] GC(82)     Total                          Min: 0, Avg:  0.0, Max: 0, Diff: 0, Sum: 0, Workers: 4
[3381.789s][debug][gc,phases      ] GC(82)   StringTable Weak               Min:  0.0, Avg:  0.1, Max:  0.1, Diff:  0.1, Sum:  0.4, Workers: 4
[3381.789s][debug][gc,phases      ] GC(82)     Dead                           Min: 0, Avg:  0.0, Max: 0, Diff: 0, Sum: 0, Workers: 4
[3381.789s][debug][gc,phases      ] GC(82)     Total                          Min: 0, Avg: 10642.5, Max: 14335, Diff: 14335, Sum: 42570, Workers: 4
[3381.789s][debug][gc,phases      ] GC(82)   ResolvedMethodTable Weak       Min:  0.0, Avg:  0.0, Max:  0.0, Diff:  0.0, Sum:  0.1, Workers: 4
[3381.789s][debug][gc,phases      ] GC(82)     Dead                           Min: 0, Avg:  0.0, Max: 0, Diff: 0, Sum: 0, Workers: 4
[3381.789s][debug][gc,phases      ] GC(82)     Total                          Min: 0, Avg: 2116.5, Max: 2944, Diff: 2944, Sum: 8466, Workers: 4
[3381.789s][debug][gc,phases      ] GC(82)   JNI Weak                       Min:  0.0, Avg:  0.0, Max:  0.0, Diff:  0.0, Sum:  0.0, Workers: 4
[3381.789s][debug][gc,phases      ] GC(82)     Dead                           Min: 0, Avg:  0.0, Max: 0, Diff: 0, Sum: 0, Workers: 4
[3381.789s][debug][gc,phases      ] GC(82)     Total                          Min: 0, Avg: 11.2, Max: 45, Diff: 45, Sum: 45, Workers: 4
[3381.789s][debug][gc,phases      ] GC(82)   StringDedup Table Weak         Min:  0.0, Avg:  0.0, Max:  0.0, Diff:  0.0, Sum:  0.0, Workers: 4
[3381.789s][debug][gc,phases      ] GC(82)     Dead                           Min: 0, Avg:  0.0, Max: 0, Diff: 0, Sum: 0, Workers: 4
[3381.789s][debug][gc,phases      ] GC(82)     Total                          Min: 0, Avg:  0.0, Max: 0, Diff: 0, Sum: 0, Workers: 4
[3381.789s][debug][gc,phases      ] GC(82)   StringDedup Requests0 Weak     Min:  0.0, Avg:  0.0, Max:  0.0, Diff:  0.0, Sum:  0.0, Workers: 4
[3381.789s][debug][gc,phases      ] GC(82)     Dead                           Min: 0, Avg:  0.0, Max: 0, Diff: 0, Sum: 0, Workers: 4
[3381.789s][debug][gc,phases      ] GC(82)     Total                          Min: 0, Avg:  0.0, Max: 0, Diff: 0, Sum: 0, Workers: 4
[3381.789s][debug][gc,phases      ] GC(82)   StringDedup Requests1 Weak     Min:  0.0, Avg:  0.0, Max:  0.0, Diff:  0.0, Sum:  0.0, Workers: 4
[3381.789s][debug][gc,phases      ] GC(82)     Dead                           Min: 0, Avg:  0.0, Max: 0, Diff: 0, Sum: 0, Workers: 4
[3381.789s][debug][gc,phases      ] GC(82)     Total                          Min: 0, Avg:  0.0, Max: 0, Diff: 0, Sum: 0, Workers: 4
[3381.789s][debug][gc,phases      ] GC(82)   Weak JFR Old Object Samples    Min:  0.0, Avg:  0.0, Max:  0.0, Diff:  0.0, Sum:  0.0, Workers: 4
[3381.789s][debug][gc,phases      ] GC(82)     Dead                           Min: 0, Avg:  0.0, Max: 0, Diff: 0, Sum: 0, Workers: 4
[3381.789s][debug][gc,phases      ] GC(82)     Total                          Min: 0, Avg:  0.0, Max: 0, Diff: 0, Sum: 0, Workers: 4
[3381.789s][debug][gc,phases      ] GC(82) Weak Processing 0.313ms
[3381.789s][debug][gc,age         ] GC(82) Desired survivor size 82837504 bytes, new threshold 15 (max threshold 15)
[3381.789s][info ][gc,heap        ] GC(82) PSYoungGen: 1995824K(2015232K)->54736K(1996288K) Eden: 1941504K(1941504K)->0K(1941504K) From: 54320K(73728K)->54736K(54784K)
[3381.789s][info ][gc,heap        ] GC(82) ParOldGen: 438571K(520704K)->438691K(520704K)
[3381.789s][info ][gc,metaspace   ] GC(82) Metaspace: 78974K(79936K)->78974K(79936K) NonClass: 67896K(68416K)->67896K(68416K) Class: 11077K(11520K)->11077K(11520K)
[3381.789s][info ][gc             ] GC(82) Pause Young (Allocation Failure) 2377M->481M(2458M) 13.779ms
[3381.789s][info ][gc,cpu         ] GC(82) User=0.05s Sys=0.00s Real=0.01s
[3381.789s][info ][safepoint      ] Safepoint "ParallelGCFailedAllocation", Time since last: 9119133047 ns, Reaching safepoint: 26500 ns, At safepoint: 13834920 ns, Total: 13861420 ns
[3392.790s][info ][safepoint      ] Safepoint "Cleanup", Time since last: 11000710722 ns, Reaching safepoint: 47700 ns, At safepoint: 9900 ns, Total: 57600 ns
[3396.791s][info ][safepoint      ] Safepoint "Cleanup", Time since last: 4000312816 ns, Reaching safepoint: 44200 ns, At safepoint: 3500 ns, Total: 47700 ns
[3402.791s][info ][safepoint      ] Safepoint "Cleanup", Time since last: 6000433742 ns, Reaching safepoint: 40100 ns, At safepoint: 2400 ns, Total: 42500 ns
[3407.792s][info ][safepoint      ] Safepoint "Cleanup", Time since last: 5000383266 ns, Reaching safepoint: 110800 ns, At safepoint: 7200 ns, Total: 118000 ns
[3413.792s][info ][safepoint      ] Safepoint "Cleanup", Time since last: 6000441894 ns, Reaching safepoint: 22900 ns, At safepoint: 11900 ns, Total: 34800 ns
[3441.794s][info ][safepoint      ] Safepoint "Cleanup", Time since last: 28001744994 ns, Reaching safepoint: 33300 ns, At safepoint: 2400 ns, Total: 35700 ns
[3444.839s][info ][gc,start       ] GC(83) Pause Young (Allocation Failure)
[3444.856s][debug][gc,phases      ] GC(83) Scavenge 17.270ms
[3444.856s][debug][gc,ref         ] GC(83) Skipped phase 1 of Reference Processing: no references
[3444.856s][debug][gc,ref         ] GC(83) ReferenceProcessor::execute queues: 1, RefProcThreadModel::Single, marks_oops_alive: false
[3444.856s][debug][gc,ref         ] GC(83) Skipped phase 3 of Reference Processing: no references
[3444.856s][debug][gc,ref         ] GC(83) ReferenceProcessor::execute queues: 1, RefProcThreadModel::Single, marks_oops_alive: false
[3444.856s][debug][gc,phases      ] GC(83) Reference Processing 0.091ms
[3444.856s][debug][gc,phases      ] GC(83)   VM Weak                        Min:  0.0, Avg:  0.0, Max:  0.0, Diff:  0.0, Sum:  0.0, Workers: 4
[3444.856s][debug][gc,phases      ] GC(83)     Dead                           Min: 0, Avg:  0.0, Max: 0, Diff: 0, Sum: 0, Workers: 4
[3444.856s][debug][gc,phases      ] GC(83)     Total                          Min: 0, Avg: 188.8, Max: 448, Diff: 448, Sum: 755, Workers: 4
[3444.856s][debug][gc,phases      ] GC(83)   ObjectSynchronizer Weak        Min:  0.0, Avg:  0.0, Max:  0.0, Diff:  0.0, Sum:  0.0, Workers: 4
[3444.856s][debug][gc,phases      ] GC(83)     Dead                           Min: 0, Avg:  0.0, Max: 0, Diff: 0, Sum: 0, Workers: 4
[3444.856s][debug][gc,phases      ] GC(83)     Total                          Min: 0, Avg:  9.2, Max: 37, Diff: 37, Sum: 37, Workers: 4
[3444.856s][debug][gc,phases      ] GC(83)   JVMTI Tag Weak OopStorage      Min:  0.0, Avg:  0.0, Max:  0.0, Diff:  0.0, Sum:  0.0, Workers: 4
[3444.856s][debug][gc,phases      ] GC(83)     Dead                           Min: 0, Avg:  0.0, Max: 0, Diff: 0, Sum: 0, Workers: 4
[3444.856s][debug][gc,phases      ] GC(83)     Total                          Min: 0, Avg:  0.0, Max: 0, Diff: 0, Sum: 0, Workers: 4
[3444.856s][debug][gc,phases      ] GC(83)   StringTable Weak               Min:  0.1, Avg:  0.1, Max:  0.1, Diff:  0.0, Sum:  0.4, Workers: 4
[3444.856s][debug][gc,phases      ] GC(83)     Dead                           Min: 0, Avg:  0.0, Max: 0, Diff: 0, Sum: 0, Workers: 4
[3444.856s][debug][gc,phases      ] GC(83)     Total                          Min: 10495, Avg: 10643.5, Max: 10831, Diff: 336, Sum: 42574, Workers: 4
[3444.856s][debug][gc,phases      ] GC(83)   ResolvedMethodTable Weak       Min:  0.0, Avg:  0.0, Max:  0.0, Diff:  0.0, Sum:  0.1, Workers: 4
[3444.856s][debug][gc,phases      ] GC(83)     Dead                           Min: 0, Avg:  0.0, Max: 0, Diff: 0, Sum: 0, Workers: 4
[3444.856s][debug][gc,phases      ] GC(83)     Total                          Min: 1984, Avg: 2117.0, Max: 2304, Diff: 320, Sum: 8468, Workers: 4
[3444.856s][debug][gc,phases      ] GC(83)   JNI Weak                       Min:  0.0, Avg:  0.0, Max:  0.0, Diff:  0.0, Sum:  0.0, Workers: 4
[3444.856s][debug][gc,phases      ] GC(83)     Dead                           Min: 0, Avg:  0.0, Max: 0, Diff: 0, Sum: 0, Workers: 4
[3444.856s][debug][gc,phases      ] GC(83)     Total                          Min: 0, Avg: 11.2, Max: 45, Diff: 45, Sum: 45, Workers: 4
[3444.856s][debug][gc,phases      ] GC(83)   StringDedup Table Weak         Min:  0.0, Avg:  0.0, Max:  0.0, Diff:  0.0, Sum:  0.0, Workers: 4
[3444.856s][debug][gc,phases      ] GC(83)     Dead                           Min: 0, Avg:  0.0, Max: 0, Diff: 0, Sum: 0, Workers: 4
[3444.856s][debug][gc,phases      ] GC(83)     Total                          Min: 0, Avg:  0.0, Max: 0, Diff: 0, Sum: 0, Workers: 4
[3444.856s][debug][gc,phases      ] GC(83)   StringDedup Requests0 Weak     Min:  0.0, Avg:  0.0, Max:  0.0, Diff:  0.0, Sum:  0.0, Workers: 4
[3444.856s][debug][gc,phases      ] GC(83)     Dead                           Min: 0, Avg:  0.0, Max: 0, Diff: 0, Sum: 0, Workers: 4
[3444.856s][debug][gc,phases      ] GC(83)     Total                          Min: 0, Avg:  0.0, Max: 0, Diff: 0, Sum: 0, Workers: 4
[3444.856s][debug][gc,phases      ] GC(83)   StringDedup Requests1 Weak     Min:  0.0, Avg:  0.0, Max:  0.0, Diff:  0.0, Sum:  0.0, Workers: 4
[3444.856s][debug][gc,phases      ] GC(83)     Dead                           Min: 0, Avg:  0.0, Max: 0, Diff: 0, Sum: 0, Workers: 4
[3444.856s][debug][gc,phases      ] GC(83)     Total                          Min: 0, Avg:  0.0, Max: 0, Diff: 0, Sum: 0, Workers: 4
[3444.856s][debug][gc,phases      ] GC(83)   Weak JFR Old Object Samples    Min:  0.0, Avg:  0.0, Max:  0.0, Diff:  0.0, Sum:  0.0, Workers: 4
[3444.856s][debug][gc,phases      ] GC(83)     Dead                           Min: 0, Avg:  0.0, Max: 0, Diff: 0, Sum: 0, Workers: 4
[3444.856s][debug][gc,phases      ] GC(83)     Total                          Min: 0, Avg:  0.0, Max: 0, Diff: 0, Sum: 0, Workers: 4
[3444.856s][debug][gc,phases      ] GC(83) Weak Processing 0.320ms
[3444.856s][debug][gc,age         ] GC(83) Desired survivor size 85458944 bytes, new threshold 15 (max threshold 15)
[3444.856s][info ][gc,heap        ] GC(83) PSYoungGen: 1996240K(1996288K)->54704K(2011136K) Eden: 1941504K(1941504K)->0K(1930240K) From: 54736K(54784K)->54704K(80896K)
[3444.856s][info ][gc,heap        ] GC(83) ParOldGen: 438691K(520704K)->438731K(520704K)
[3444.856s][info ][gc,metaspace   ] GC(83) Metaspace: 78999K(79936K)->78999K(79936K) NonClass: 67920K(68416K)->67920K(68416K) Class: 11078K(11520K)->11078K(11520K)
[3444.856s][info ][gc             ] GC(83) Pause Young (Allocation Failure) 2377M->481M(2472M) 17.786ms
[3444.856s][info ][gc,cpu         ] GC(83) User=0.05s Sys=0.00s Real=0.02s
[3444.856s][info ][safepoint      ] Safepoint "ParallelGCFailedAllocation", Time since last: 3044785879 ns, Reaching safepoint: 33900 ns, At safepoint: 17862628 ns, Total: 17896528 ns
[3446.857s][info ][safepoint      ] Safepoint "Cleanup", Time since last: 2000151285 ns, Reaching safepoint: 41200 ns, At safepoint: 3100 ns, Total: 44300 ns
[3461.858s][info ][safepoint      ] Safepoint "Cleanup", Time since last: 15001007302 ns, Reaching safepoint: 26100 ns, At safepoint: 2600 ns, Total: 28700 ns
[3471.858s][info ][safepoint      ] Safepoint "Cleanup", Time since last: 10000602659 ns, Reaching safepoint: 45800 ns, At safepoint: 8800 ns, Total: 54600 ns
[3472.858s][info ][safepoint      ] Safepoint "Cleanup", Time since last: 1000101597 ns, Reaching safepoint: 41100 ns, At safepoint: 5400 ns, Total: 46500 ns
[3497.860s][info ][safepoint      ] Safepoint "Cleanup", Time since last: 25001567867 ns, Reaching safepoint: 25100 ns, At safepoint: 2200 ns, Total: 27300 ns
[3499.860s][info ][safepoint      ] Safepoint "Cleanup", Time since last: 2000158297 ns, Reaching safepoint: 30201 ns, At safepoint: 2300 ns, Total: 32501 ns
[3506.861s][info ][safepoint      ] Safepoint "Cleanup", Time since last: 7000428601 ns, Reaching safepoint: 27700 ns, At safepoint: 22900 ns, Total: 50600 ns
[3511.986s][info ][gc,start       ] GC(84) Pause Young (Allocation Failure)
[3512.001s][debug][gc,phases      ] GC(84) Scavenge 15.673ms
[3512.001s][debug][gc,ref         ] GC(84) Skipped phase 1 of Reference Processing: no references
[3512.001s][debug][gc,ref         ] GC(84) ReferenceProcessor::execute queues: 1, RefProcThreadModel::Single, marks_oops_alive: false
[3512.001s][debug][gc,ref         ] GC(84) Skipped phase 3 of Reference Processing: no references
[3512.001s][debug][gc,ref         ] GC(84) ReferenceProcessor::execute queues: 1, RefProcThreadModel::Single, marks_oops_alive: false
[3512.001s][debug][gc,phases      ] GC(84) Reference Processing 0.096ms
[3512.002s][debug][gc,phases      ] GC(84)   VM Weak                        Min:  0.0, Avg:  0.0, Max:  0.0, Diff:  0.0, Sum:  0.0, Workers: 4
[3512.002s][debug][gc,phases      ] GC(84)     Dead                           Min: 0, Avg:  0.0, Max: 0, Diff: 0, Sum: 0, Workers: 4
[3512.002s][debug][gc,phases      ] GC(84)     Total                          Min: 0, Avg: 188.8, Max: 627, Diff: 627, Sum: 755, Workers: 4
[3512.002s][debug][gc,phases      ] GC(84)   ObjectSynchronizer Weak        Min:  0.0, Avg:  0.0, Max:  0.0, Diff:  0.0, Sum:  0.0, Workers: 4
[3512.002s][debug][gc,phases      ] GC(84)     Dead                           Min: 0, Avg:  0.0, Max: 0, Diff: 0, Sum: 0, Workers: 4
[3512.002s][debug][gc,phases      ] GC(84)     Total                          Min: 0, Avg:  9.2, Max: 37, Diff: 37, Sum: 37, Workers: 4
[3512.002s][debug][gc,phases      ] GC(84)   JVMTI Tag Weak OopStorage      Min:  0.0, Avg:  0.0, Max:  0.0, Diff:  0.0, Sum:  0.0, Workers: 4
[3512.002s][debug][gc,phases      ] GC(84)     Dead                           Min: 0, Avg:  0.0, Max: 0, Diff: 0, Sum: 0, Workers: 4
[3512.002s][debug][gc,phases      ] GC(84)     Total                          Min: 0, Avg:  0.0, Max: 0, Diff: 0, Sum: 0, Workers: 4
[3512.002s][debug][gc,phases      ] GC(84)   StringTable Weak               Min:  0.0, Avg:  0.1, Max:  0.1, Diff:  0.1, Sum:  0.3, Workers: 4
[3512.002s][debug][gc,phases      ] GC(84)     Dead                           Min: 0, Avg:  0.0, Max: 0, Diff: 0, Sum: 0, Workers: 4
[3512.002s][debug][gc,phases      ] GC(84)     Total                          Min: 0, Avg: 10644.0, Max: 15377, Diff: 15377, Sum: 42576, Workers: 4
[3512.002s][debug][gc,phases      ] GC(84)   ResolvedMethodTable Weak       Min:  0.0, Avg:  0.0, Max:  0.0, Diff:  0.0, Sum:  0.1, Workers: 4
[3512.002s][debug][gc,phases      ] GC(84)     Dead                           Min: 0, Avg:  0.0, Max: 0, Diff: 0, Sum: 0, Workers: 4
[3512.002s][debug][gc,phases      ] GC(84)     Total                          Min: 0, Avg: 2117.0, Max: 2944, Diff: 2944, Sum: 8468, Workers: 4
[3512.002s][debug][gc,phases      ] GC(84)   JNI Weak                       Min:  0.0, Avg:  0.0, Max:  0.0, Diff:  0.0, Sum:  0.0, Workers: 4
[3512.002s][debug][gc,phases      ] GC(84)     Dead                           Min: 0, Avg:  0.0, Max: 0, Diff: 0, Sum: 0, Workers: 4
[3512.002s][debug][gc,phases      ] GC(84)     Total                          Min: 0, Avg: 11.2, Max: 45, Diff: 45, Sum: 45, Workers: 4
[3512.002s][debug][gc,phases      ] GC(84)   StringDedup Table Weak         Min:  0.0, Avg:  0.0, Max:  0.0, Diff:  0.0, Sum:  0.0, Workers: 4
[3512.002s][debug][gc,phases      ] GC(84)     Dead                           Min: 0, Avg:  0.0, Max: 0, Diff: 0, Sum: 0, Workers: 4
[3512.002s][debug][gc,phases      ] GC(84)     Total                          Min: 0, Avg:  0.0, Max: 0, Diff: 0, Sum: 0, Workers: 4
[3512.002s][debug][gc,phases      ] GC(84)   StringDedup Requests0 Weak     Min:  0.0, Avg:  0.0, Max:  0.0, Diff:  0.0, Sum:  0.0, Workers: 4
[3512.002s][debug][gc,phases      ] GC(84)     Dead                           Min: 0, Avg:  0.0, Max: 0, Diff: 0, Sum: 0, Workers: 4
[3512.002s][debug][gc,phases      ] GC(84)     Total                          Min: 0, Avg:  0.0, Max: 0, Diff: 0, Sum: 0, Workers: 4
[3512.002s][debug][gc,phases      ] GC(84)   StringDedup Requests1 Weak     Min:  0.0, Avg:  0.0, Max:  0.0, Diff:  0.0, Sum:  0.0, Workers: 4
[3512.002s][debug][gc,phases      ] GC(84)     Dead                           Min: 0, Avg:  0.0, Max: 0, Diff: 0, Sum: 0, Workers: 4
[3512.002s][debug][gc,phases      ] GC(84)     Total                          Min: 0, Avg:  0.0, Max: 0, Diff: 0, Sum: 0, Workers: 4
[3512.002s][debug][gc,phases      ] GC(84)   Weak JFR Old Object Samples    Min:  0.0, Avg:  0.0, Max:  0.0, Diff:  0.0, Sum:  0.0, Workers: 4
[3512.002s][debug][gc,phases      ] GC(84)     Dead                           Min: 0, Avg:  0.0, Max: 0, Diff: 0, Sum: 0, Workers: 4
[3512.002s][debug][gc,phases      ] GC(84)     Total                          Min: 0, Avg:  0.0, Max: 0, Diff: 0, Sum: 0, Workers: 4
[3512.002s][debug][gc,phases      ] GC(84) Weak Processing 0.299ms
[3512.002s][debug][gc,age         ] GC(84) Desired survivor size 87031808 bytes, new threshold 15 (max threshold 15)
[3512.002s][info ][gc,heap        ] GC(84) PSYoungGen: 1984944K(2011136K)->54480K(1985024K) Eden: 1930240K(1930240K)->0K(1930240K) From: 54704K(80896K)->54480K(54784K)
[3512.002s][info ][gc,heap        ] GC(84) ParOldGen: 438731K(520704K)->438763K(520704K)
[3512.002s][info ][gc,metaspace   ] GC(84) Metaspace: 79011K(80000K)->79011K(80000K) NonClass: 67933K(68480K)->67933K(68480K) Class: 11078K(11520K)->11078K(11520K)
[3512.002s][info ][gc             ] GC(84) Pause Young (Allocation Failure) 2366M->481M(2447M) 16.173ms
[3512.002s][info ][gc,cpu         ] GC(84) User=0.04s Sys=0.00s Real=0.01s
[3512.002s][info ][safepoint      ] Safepoint "ParallelGCFailedAllocation", Time since last: 5124636751 ns, Reaching safepoint: 118301 ns, At safepoint: 16234827 ns, Total: 16353128 ns
[3546.958s][info ][safepoint      ] Safepoint "ParallelGCFailedAllocation", Time since last: 34955788407 ns, Reaching safepoint: 55400 ns, At safepoint: 11700 ns, Total: 67100 ns
[3546.959s][info ][gc,start       ] GC(85) Pause Young (GCLocker Initiated GC)
[3546.986s][debug][gc,phases      ] GC(85) Scavenge 27.195ms
[3546.986s][debug][gc,ref         ] GC(85) Skipped phase 1 of Reference Processing: no references
[3546.986s][debug][gc,ref         ] GC(85) ReferenceProcessor::execute queues: 1, RefProcThreadModel::Single, marks_oops_alive: false
[3546.986s][debug][gc,ref         ] GC(85) Skipped phase 3 of Reference Processing: no references
[3546.986s][debug][gc,ref         ] GC(85) ReferenceProcessor::execute queues: 1, RefProcThreadModel::Single, marks_oops_alive: false
[3546.986s][debug][gc,phases      ] GC(85) Reference Processing 0.126ms
[3546.986s][debug][gc,phases      ] GC(85)   VM Weak                        Min:  0.0, Avg:  0.0, Max:  0.0, Diff:  0.0, Sum:  0.0, Workers: 4
[3546.986s][debug][gc,phases      ] GC(85)     Dead                           Min: 0, Avg:  0.0, Max: 0, Diff: 0, Sum: 0, Workers: 4
[3546.986s][debug][gc,phases      ] GC(85)     Total                          Min: 0, Avg: 188.8, Max: 755, Diff: 755, Sum: 755, Workers: 4
[3546.986s][debug][gc,phases      ] GC(85)   ObjectSynchronizer Weak        Min:  0.0, Avg:  0.0, Max:  0.0, Diff:  0.0, Sum:  0.0, Workers: 4
[3546.986s][debug][gc,phases      ] GC(85)     Dead                           Min: 0, Avg:  0.0, Max: 0, Diff: 0, Sum: 0, Workers: 4
[3546.986s][debug][gc,phases      ] GC(85)     Total                          Min: 0, Avg:  9.2, Max: 37, Diff: 37, Sum: 37, Workers: 4
[3546.987s][debug][gc,phases      ] GC(85)   JVMTI Tag Weak OopStorage      Min:  0.0, Avg:  0.0, Max:  0.0, Diff:  0.0, Sum:  0.0, Workers: 4
[3546.987s][debug][gc,phases      ] GC(85)     Dead                           Min: 0, Avg:  0.0, Max: 0, Diff: 0, Sum: 0, Workers: 4
[3546.987s][debug][gc,phases      ] GC(85)     Total                          Min: 0, Avg:  0.0, Max: 0, Diff: 0, Sum: 0, Workers: 4
[3546.987s][debug][gc,phases      ] GC(85)   StringTable Weak               Min:  0.0, Avg:  0.1, Max:  0.1, Diff:  0.1, Sum:  0.4, Workers: 4
[3546.987s][debug][gc,phases      ] GC(85)     Dead                           Min: 0, Avg:  0.0, Max: 0, Diff: 0, Sum: 0, Workers: 4
[3546.987s][debug][gc,phases      ] GC(85)     Total                          Min: 0, Avg: 10645.2, Max: 14656, Diff: 14656, Sum: 42581, Workers: 4
[3546.987s][debug][gc,phases      ] GC(85)   ResolvedMethodTable Weak       Min:  0.0, Avg:  0.0, Max:  0.0, Diff:  0.0, Sum:  0.1, Workers: 4
[3546.987s][debug][gc,phases      ] GC(85)     Dead                           Min: 0, Avg:  0.0, Max: 0, Diff: 0, Sum: 0, Workers: 4
[3546.987s][debug][gc,phases      ] GC(85)     Total                          Min: 0, Avg: 2117.0, Max: 2880, Diff: 2880, Sum: 8468, Workers: 4
[3546.987s][debug][gc,phases      ] GC(85)   JNI Weak                       Min:  0.0, Avg:  0.0, Max:  0.0, Diff:  0.0, Sum:  0.0, Workers: 4
[3546.987s][debug][gc,phases      ] GC(85)     Dead                           Min: 0, Avg:  0.0, Max: 0, Diff: 0, Sum: 0, Workers: 4
[3546.987s][debug][gc,phases      ] GC(85)     Total                          Min: 0, Avg: 11.2, Max: 45, Diff: 45, Sum: 45, Workers: 4
[3546.987s][debug][gc,phases      ] GC(85)   StringDedup Table Weak         Min:  0.0, Avg:  0.0, Max:  0.0, Diff:  0.0, Sum:  0.0, Workers: 4
[3546.987s][debug][gc,phases      ] GC(85)     Dead                           Min: 0, Avg:  0.0, Max: 0, Diff: 0, Sum: 0, Workers: 4
[3546.987s][debug][gc,phases      ] GC(85)     Total                          Min: 0, Avg:  0.0, Max: 0, Diff: 0, Sum: 0, Workers: 4
[3546.987s][debug][gc,phases      ] GC(85)   StringDedup Requests0 Weak     Min:  0.0, Avg:  0.0, Max:  0.0, Diff:  0.0, Sum:  0.0, Workers: 4
[3546.987s][debug][gc,phases      ] GC(85)     Dead                           Min: 0, Avg:  0.0, Max: 0, Diff: 0, Sum: 0, Workers: 4
[3546.987s][debug][gc,phases      ] GC(85)     Total                          Min: 0, Avg:  0.0, Max: 0, Diff: 0, Sum: 0, Workers: 4
[3546.987s][debug][gc,phases      ] GC(85)   StringDedup Requests1 Weak     Min:  0.0, Avg:  0.0, Max:  0.0, Diff:  0.0, Sum:  0.0, Workers: 4
[3546.987s][debug][gc,phases      ] GC(85)     Dead                           Min: 0, Avg:  0.0, Max: 0, Diff: 0, Sum: 0, Workers: 4
[3546.987s][debug][gc,phases      ] GC(85)     Total                          Min: 0, Avg:  0.0, Max: 0, Diff: 0, Sum: 0, Workers: 4
[3546.987s][debug][gc,phases      ] GC(85)   Weak JFR Old Object Samples    Min:  0.0, Avg:  0.0, Max:  0.0, Diff:  0.0, Sum:  0.0, Workers: 4
[3546.987s][debug][gc,phases      ] GC(85)     Dead                           Min: 0, Avg:  0.0, Max: 0, Diff: 0, Sum: 0, Workers: 4
[3546.987s][debug][gc,phases      ] GC(85)     Total                          Min: 0, Avg:  0.0, Max: 0, Diff: 0, Sum: 0, Workers: 4
[3546.987s][debug][gc,phases      ] GC(85) Weak Processing 0.395ms
[3546.987s][debug][gc,age         ] GC(85) Desired survivor size 102236160 bytes, new threshold 14 (max threshold 15)
[3546.987s][info ][gc,heap        ] GC(85) PSYoungGen: 1984720K(1985024K)->84991K(1982464K) Eden: 1930240K(1930240K)->0K(1897472K) From: 54480K(54784K)->84991K(84992K)
[3546.987s][info ][gc,heap        ] GC(85) ParOldGen: 439845K(520704K)->447069K(520704K)
[3546.987s][info ][gc,metaspace   ] GC(85) Metaspace: 79029K(80000K)->79029K(80000K) NonClass: 67950K(68480K)->67950K(68480K) Class: 11078K(11520K)->11078K(11520K)
[3546.987s][info ][gc             ] GC(85) Pause Young (GCLocker Initiated GC) 2367M->519M(2444M) 27.853ms
[3546.987s][info ][gc,cpu         ] GC(85) User=0.08s Sys=0.00s Real=0.03s
[3546.987s][info ][safepoint      ] Safepoint "ParallelGCSystemGC", Time since last: 1193502 ns, Reaching safepoint: 15600 ns, At safepoint: 27938949 ns, Total: 27954549 ns
[3547.987s][info ][safepoint      ] Safepoint "Cleanup", Time since last: 1000092437 ns, Reaching safepoint: 128400 ns, At safepoint: 9300 ns, Total: 137700 ns
[3548.987s][info ][safepoint      ] Safepoint "Cleanup", Time since last: 1000120840 ns, Reaching safepoint: 116600 ns, At safepoint: 7900 ns, Total: 124500 ns
[3552.988s][info ][safepoint      ] Safepoint "Cleanup", Time since last: 4000325673 ns, Reaching safepoint: 112800 ns, At safepoint: 7300 ns, Total: 120100 ns
[3555.988s][info ][safepoint      ] Safepoint "Cleanup", Time since last: 3000244149 ns, Reaching safepoint: 131000 ns, At safepoint: 10300 ns, Total: 141300 ns
[3556.988s][info ][safepoint      ] Safepoint "Cleanup", Time since last: 1000114653 ns, Reaching safepoint: 131200 ns, At safepoint: 7900 ns, Total: 139100 ns
[3558.989s][info ][safepoint      ] Safepoint "Cleanup", Time since last: 2000182411 ns, Reaching safepoint: 107700 ns, At safepoint: 5300 ns, Total: 113000 ns
[3576.338s][info ][gc,start       ] GC(86) Pause Young (Allocation Failure)
[3576.359s][debug][gc,phases      ] GC(86) Scavenge 20.910ms
[3576.359s][debug][gc,ref         ] GC(86) Skipped phase 1 of Reference Processing: no references
[3576.359s][debug][gc,ref         ] GC(86) ReferenceProcessor::execute queues: 1, RefProcThreadModel::Single, marks_oops_alive: false
[3576.359s][debug][gc,ref         ] GC(86) Skipped phase 3 of Reference Processing: no references
[3576.359s][debug][gc,ref         ] GC(86) ReferenceProcessor::execute queues: 1, RefProcThreadModel::Single, marks_oops_alive: false
[3576.359s][debug][gc,phases      ] GC(86) Reference Processing 0.101ms
[3576.359s][debug][gc,phases      ] GC(86)   VM Weak                        Min:  0.0, Avg:  0.0, Max:  0.0, Diff:  0.0, Sum:  0.0, Workers: 4
[3576.359s][debug][gc,phases      ] GC(86)     Dead                           Min: 0, Avg:  0.0, Max: 0, Diff: 0, Sum: 0, Workers: 4
[3576.359s][debug][gc,phases      ] GC(86)     Total                          Min: 0, Avg: 188.8, Max: 691, Diff: 691, Sum: 755, Workers: 4
[3576.359s][debug][gc,phases      ] GC(86)   ObjectSynchronizer Weak        Min:  0.0, Avg:  0.0, Max:  0.0, Diff:  0.0, Sum:  0.0, Workers: 4
[3576.359s][debug][gc,phases      ] GC(86)     Dead                           Min: 0, Avg:  0.0, Max: 0, Diff: 0, Sum: 0, Workers: 4
[3576.359s][debug][gc,phases      ] GC(86)     Total                          Min: 0, Avg:  9.2, Max: 37, Diff: 37, Sum: 37, Workers: 4
[3576.359s][debug][gc,phases      ] GC(86)   JVMTI Tag Weak OopStorage      Min:  0.0, Avg:  0.0, Max:  0.0, Diff:  0.0, Sum:  0.0, Workers: 4
[3576.360s][debug][gc,phases      ] GC(86)     Dead                           Min: 0, Avg:  0.0, Max: 0, Diff: 0, Sum: 0, Workers: 4
[3576.360s][debug][gc,phases      ] GC(86)     Total                          Min: 0, Avg:  0.0, Max: 0, Diff: 0, Sum: 0, Workers: 4
[3576.360s][debug][gc,phases      ] GC(86)   StringTable Weak               Min:  0.1, Avg:  0.1, Max:  0.1, Diff:  0.0, Sum:  0.3, Workers: 4
[3576.360s][debug][gc,phases      ] GC(86)     Dead                           Min: 0, Avg:  0.0, Max: 0, Diff: 0, Sum: 0, Workers: 4
[3576.360s][debug][gc,phases      ] GC(86)     Total                          Min: 10176, Avg: 10646.2, Max: 11418, Diff: 1242, Sum: 42585, Workers: 4
[3576.360s][debug][gc,phases      ] GC(86)   ResolvedMethodTable Weak       Min:  0.0, Avg:  0.0, Max:  0.0, Diff:  0.0, Sum:  0.1, Workers: 4
[3576.360s][debug][gc,phases      ] GC(86)     Dead                           Min: 0, Avg:  0.0, Max: 0, Diff: 0, Sum: 0, Workers: 4
[3576.360s][debug][gc,phases      ] GC(86)     Total                          Min: 1940, Avg: 2117.0, Max: 2304, Diff: 364, Sum: 8468, Workers: 4
[3576.360s][debug][gc,phases      ] GC(86)   JNI Weak                       Min:  0.0, Avg:  0.0, Max:  0.0, Diff:  0.0, Sum:  0.0, Workers: 4
[3576.360s][debug][gc,phases      ] GC(86)     Dead                           Min: 0, Avg:  0.0, Max: 0, Diff: 0, Sum: 0, Workers: 4
[3576.360s][debug][gc,phases      ] GC(86)     Total                          Min: 0, Avg: 11.2, Max: 45, Diff: 45, Sum: 45, Workers: 4
[3576.360s][debug][gc,phases      ] GC(86)   StringDedup Table Weak         Min:  0.0, Avg:  0.0, Max:  0.0, Diff:  0.0, Sum:  0.0, Workers: 4
[3576.360s][debug][gc,phases      ] GC(86)     Dead                           Min: 0, Avg:  0.0, Max: 0, Diff: 0, Sum: 0, Workers: 4
[3576.360s][debug][gc,phases      ] GC(86)     Total                          Min: 0, Avg:  0.0, Max: 0, Diff: 0, Sum: 0, Workers: 4
[3576.360s][debug][gc,phases      ] GC(86)   StringDedup Requests0 Weak     Min:  0.0, Avg:  0.0, Max:  0.0, Diff:  0.0, Sum:  0.0, Workers: 4
[3576.360s][debug][gc,phases      ] GC(86)     Dead                           Min: 0, Avg:  0.0, Max: 0, Diff: 0, Sum: 0, Workers: 4
[3576.360s][debug][gc,phases      ] GC(86)     Total                          Min: 0, Avg:  0.0, Max: 0, Diff: 0, Sum: 0, Workers: 4
[3576.360s][debug][gc,phases      ] GC(86)   StringDedup Requests1 Weak     Min:  0.0, Avg:  0.0, Max:  0.0, Diff:  0.0, Sum:  0.0, Workers: 4
[3576.360s][debug][gc,phases      ] GC(86)     Dead                           Min: 0, Avg:  0.0, Max: 0, Diff: 0, Sum: 0, Workers: 4
[3576.360s][debug][gc,phases      ] GC(86)     Total                          Min: 0, Avg:  0.0, Max: 0, Diff: 0, Sum: 0, Workers: 4
[3576.360s][debug][gc,phases      ] GC(86)   Weak JFR Old Object Samples    Min:  0.0, Avg:  0.0, Max:  0.0, Diff:  0.0, Sum:  0.0, Workers: 4
[3576.360s][debug][gc,phases      ] GC(86)     Dead                           Min: 0, Avg:  0.0, Max: 0, Diff: 0, Sum: 0, Workers: 4
[3576.360s][debug][gc,phases      ] GC(86)     Total                          Min: 0, Avg:  0.0, Max: 0, Diff: 0, Sum: 0, Workers: 4
[3576.360s][debug][gc,phases      ] GC(86) Weak Processing 0.288ms
[3576.360s][debug][gc,age         ] GC(86) Desired survivor size 103809024 bytes, new threshold 15 (max threshold 15)
[3576.360s][info ][gc,heap        ] GC(86) PSYoungGen: 1982463K(1982464K)->64512K(1962496K) Eden: 1897472K(1897472K)->0K(1897472K) From: 84991K(84992K)->64512K(65024K)
[3576.360s][info ][gc,heap        ] GC(86) ParOldGen: 447071K(520704K)->447547K(520704K)
[3576.360s][info ][gc,metaspace   ] GC(86) Metaspace: 79046K(80000K)->79046K(80000K) NonClass: 67967K(68480K)->67967K(68480K) Class: 11078K(11520K)->11078K(11520K)
[3576.360s][info ][gc             ] GC(86) Pause Young (Allocation Failure) 2372M->500M(2425M) 21.412ms
[3576.360s][info ][gc,cpu         ] GC(86) User=0.06s Sys=0.00s Real=0.02s
[3576.360s][info ][safepoint      ] Safepoint "ParallelGCFailedAllocation", Time since last: 17349549433 ns, Reaching safepoint: 29900 ns, At safepoint: 21480839 ns, Total: 21510739 ns
[3581.360s][info ][safepoint      ] Safepoint "Cleanup", Time since last: 5000291750 ns, Reaching safepoint: 26400 ns, At safepoint: 3100 ns, Total: 29500 ns
[3583.360s][info ][safepoint      ] Safepoint "Cleanup", Time since last: 2000136791 ns, Reaching safepoint: 22800 ns, At safepoint: 2300 ns, Total: 25100 ns
[3586.360s][info ][safepoint      ] Safepoint "Cleanup", Time since last: 3000195500 ns, Reaching safepoint: 44200 ns, At safepoint: 3400 ns, Total: 47600 ns
[3597.361s][info ][safepoint      ] Safepoint "Cleanup", Time since last: 11000749220 ns, Reaching safepoint: 58600 ns, At safepoint: 6400 ns, Total: 65000 ns
[3614.362s][info ][safepoint      ] Safepoint "Cleanup", Time since last: 17001063559 ns, Reaching safepoint: 37800 ns, At safepoint: 6300 ns, Total: 44100 ns
[3615.363s][info ][safepoint      ] Safepoint "Cleanup", Time since last: 1000104447 ns, Reaching safepoint: 584601 ns, At safepoint: 8300 ns, Total: 592901 ns
[3621.363s][info ][safepoint      ] Safepoint "Cleanup", Time since last: 6000422912 ns, Reaching safepoint: 41000 ns, At safepoint: 2200 ns, Total: 43200 ns
[3625.274s][info ][gc,start       ] GC(87) Pause Young (Allocation Failure)
[3625.305s][debug][gc,phases      ] GC(87) Scavenge 30.747ms
[3625.305s][debug][gc,ref         ] GC(87) Skipped phase 1 of Reference Processing: no references
[3625.305s][debug][gc,ref         ] GC(87) ReferenceProcessor::execute queues: 1, RefProcThreadModel::Single, marks_oops_alive: false
[3625.305s][debug][gc,ref         ] GC(87) Skipped phase 3 of Reference Processing: no references
[3625.305s][debug][gc,ref         ] GC(87) ReferenceProcessor::execute queues: 1, RefProcThreadModel::Single, marks_oops_alive: false
[3625.305s][debug][gc,phases      ] GC(87) Reference Processing 0.146ms
[3625.306s][debug][gc,phases      ] GC(87)   VM Weak                        Min:  0.0, Avg:  0.0, Max:  0.0, Diff:  0.0, Sum:  0.0, Workers: 4
[3625.306s][debug][gc,phases      ] GC(87)     Dead                           Min: 0, Avg:  0.0, Max: 0, Diff: 0, Sum: 0, Workers: 4
[3625.306s][debug][gc,phases      ] GC(87)     Total                          Min: 0, Avg: 188.8, Max: 755, Diff: 755, Sum: 755, Workers: 4
[3625.306s][debug][gc,phases      ] GC(87)   ObjectSynchronizer Weak        Min:  0.0, Avg:  0.0, Max:  0.0, Diff:  0.0, Sum:  0.0, Workers: 4
[3625.306s][debug][gc,phases      ] GC(87)     Dead                           Min: 0, Avg:  0.0, Max: 0, Diff: 0, Sum: 0, Workers: 4
[3625.306s][debug][gc,phases      ] GC(87)     Total                          Min: 0, Avg:  9.2, Max: 37, Diff: 37, Sum: 37, Workers: 4
[3625.306s][debug][gc,phases      ] GC(87)   JVMTI Tag Weak OopStorage      Min:  0.0, Avg:  0.0, Max:  0.0, Diff:  0.0, Sum:  0.0, Workers: 4
[3625.306s][debug][gc,phases      ] GC(87)     Dead                           Min: 0, Avg:  0.0, Max: 0, Diff: 0, Sum: 0, Workers: 4
[3625.306s][debug][gc,phases      ] GC(87)     Total                          Min: 0, Avg:  0.0, Max: 0, Diff: 0, Sum: 0, Workers: 4
[3625.306s][debug][gc,phases      ] GC(87)   StringTable Weak               Min:  0.0, Avg:  0.1, Max:  0.1, Diff:  0.1, Sum:  0.3, Workers: 4
[3625.306s][debug][gc,phases      ] GC(87)     Dead                           Min: 0, Avg:  0.0, Max: 0, Diff: 0, Sum: 0, Workers: 4
[3625.306s][debug][gc,phases      ] GC(87)     Total                          Min: 0, Avg: 10646.2, Max: 14527, Diff: 14527, Sum: 42585, Workers: 4
[3625.306s][debug][gc,phases      ] GC(87)   ResolvedMethodTable Weak       Min:  0.0, Avg:  0.0, Max:  0.0, Diff:  0.0, Sum:  0.1, Workers: 4
[3625.306s][debug][gc,phases      ] GC(87)     Dead                           Min: 0, Avg:  0.0, Max: 0, Diff: 0, Sum: 0, Workers: 4
[3625.306s][debug][gc,phases      ] GC(87)     Total                          Min: 0, Avg: 2117.0, Max: 3028, Diff: 3028, Sum: 8468, Workers: 4
[3625.306s][debug][gc,phases      ] GC(87)   JNI Weak                       Min:  0.0, Avg:  0.0, Max:  0.0, Diff:  0.0, Sum:  0.0, Workers: 4
[3625.306s][debug][gc,phases      ] GC(87)     Dead                           Min: 0, Avg:  0.0, Max: 0, Diff: 0, Sum: 0, Workers: 4
[3625.306s][debug][gc,phases      ] GC(87)     Total                          Min: 0, Avg: 11.2, Max: 45, Diff: 45, Sum: 45, Workers: 4
[3625.306s][debug][gc,phases      ] GC(87)   StringDedup Table Weak         Min:  0.0, Avg:  0.0, Max:  0.0, Diff:  0.0, Sum:  0.0, Workers: 4
[3625.306s][debug][gc,phases      ] GC(87)     Dead                           Min: 0, Avg:  0.0, Max: 0, Diff: 0, Sum: 0, Workers: 4
[3625.306s][debug][gc,phases      ] GC(87)     Total                          Min: 0, Avg:  0.0, Max: 0, Diff: 0, Sum: 0, Workers: 4
[3625.306s][debug][gc,phases      ] GC(87)   StringDedup Requests0 Weak     Min:  0.0, Avg:  0.0, Max:  0.0, Diff:  0.0, Sum:  0.0, Workers: 4
[3625.306s][debug][gc,phases      ] GC(87)     Dead                           Min: 0, Avg:  0.0, Max: 0, Diff: 0, Sum: 0, Workers: 4
[3625.306s][debug][gc,phases      ] GC(87)     Total                          Min: 0, Avg:  0.0, Max: 0, Diff: 0, Sum: 0, Workers: 4
[3625.306s][debug][gc,phases      ] GC(87)   StringDedup Requests1 Weak     Min:  0.0, Avg:  0.0, Max:  0.0, Diff:  0.0, Sum:  0.0, Workers: 4
[3625.306s][debug][gc,phases      ] GC(87)     Dead                           Min: 0, Avg:  0.0, Max: 0, Diff: 0, Sum: 0, Workers: 4
[3625.306s][debug][gc,phases      ] GC(87)     Total                          Min: 0, Avg:  0.0, Max: 0, Diff: 0, Sum: 0, Workers: 4
[3625.306s][debug][gc,phases      ] GC(87)   Weak JFR Old Object Samples    Min:  0.0, Avg:  0.0, Max:  0.0, Diff:  0.0, Sum:  0.0, Workers: 4
[3625.306s][debug][gc,phases      ] GC(87)     Dead                           Min: 0, Avg:  0.0, Max: 0, Diff: 0, Sum: 0, Workers: 4
[3625.306s][debug][gc,phases      ] GC(87)     Total                          Min: 0, Avg:  0.0, Max: 0, Diff: 0, Sum: 0, Workers: 4
[3625.306s][debug][gc,phases      ] GC(87) Weak Processing 0.306ms
[3625.306s][debug][gc,age         ] GC(87) Desired survivor size 105381888 bytes, new threshold 15 (max threshold 15)
[3625.306s][info ][gc,heap        ] GC(87) PSYoungGen: 1961984K(1962496K)->65040K(1992704K) Eden: 1897472K(1897472K)->0K(1891328K) From: 64512K(65024K)->65040K(101376K)
[3625.306s][info ][gc,heap        ] GC(87) ParOldGen: 447547K(520704K)->447547K(520704K)
[3625.306s][info ][gc,metaspace   ] GC(87) Metaspace: 79058K(80000K)->79058K(80000K) NonClass: 67979K(68480K)->67979K(68480K) Class: 11078K(11520K)->11078K(11520K)
[3625.306s][info ][gc             ] GC(87) Pause Young (Allocation Failure) 2353M->500M(2454M) 31.358ms
[3625.306s][info ][gc,cpu         ] GC(87) User=0.06s Sys=0.01s Real=0.03s
[3625.306s][info ][safepoint      ] Safepoint "ParallelGCFailedAllocation", Time since last: 3910764272 ns, Reaching safepoint: 43100 ns, At safepoint: 31433759 ns, Total: 31476859 ns
[3629.270s][info ][safepoint      ] Safepoint "Cleanup", Time since last: 3963744793 ns, Reaching safepoint: 42800 ns, At safepoint: 20400 ns, Total: 63200 ns
[3640.270s][info ][safepoint      ] Safepoint "Cleanup", Time since last: 11000695940 ns, Reaching safepoint: 37200 ns, At safepoint: 7800 ns, Total: 45000 ns
[3649.271s][info ][safepoint      ] Safepoint "Cleanup", Time since last: 9000525618 ns, Reaching safepoint: 42400 ns, At safepoint: 7300 ns, Total: 49700 ns
[3654.271s][info ][safepoint      ] Safepoint "Cleanup", Time since last: 5000350304 ns, Reaching safepoint: 74400 ns, At safepoint: 6300 ns, Total: 80700 ns
[3664.272s][info ][safepoint      ] Safepoint "Cleanup", Time since last: 10000620214 ns, Reaching safepoint: 113800 ns, At safepoint: 5500 ns, Total: 119300 ns
[3665.272s][info ][safepoint      ] Safepoint "Cleanup", Time since last: 1000095119 ns, Reaching safepoint: 41800 ns, At safepoint: 2100 ns, Total: 43900 ns
[3667.332s][info ][gc,start       ] GC(88) Pause Young (Allocation Failure)
[3667.355s][debug][gc,phases      ] GC(88) Scavenge 22.618ms
[3667.355s][debug][gc,ref         ] GC(88) Skipped phase 1 of Reference Processing: no references
[3667.355s][debug][gc,ref         ] GC(88) ReferenceProcessor::execute queues: 1, RefProcThreadModel::Single, marks_oops_alive: false
[3667.355s][debug][gc,ref         ] GC(88) Skipped phase 3 of Reference Processing: no references
[3667.355s][debug][gc,ref         ] GC(88) ReferenceProcessor::execute queues: 1, RefProcThreadModel::Single, marks_oops_alive: false
[3667.355s][debug][gc,phases      ] GC(88) Reference Processing 0.089ms
[3667.355s][debug][gc,phases      ] GC(88)   VM Weak                        Min:  0.0, Avg:  0.0, Max:  0.0, Diff:  0.0, Sum:  0.0, Workers: 4
[3667.355s][debug][gc,phases      ] GC(88)     Dead                           Min: 0, Avg:  0.0, Max: 0, Diff: 0, Sum: 0, Workers: 4
[3667.355s][debug][gc,phases      ] GC(88)     Total                          Min: 0, Avg: 188.8, Max: 563, Diff: 563, Sum: 755, Workers: 4
[3667.355s][debug][gc,phases      ] GC(88)   ObjectSynchronizer Weak        Min:  0.0, Avg:  0.0, Max:  0.0, Diff:  0.0, Sum:  0.0, Workers: 4
[3667.355s][debug][gc,phases      ] GC(88)     Dead                           Min: 0, Avg:  0.0, Max: 0, Diff: 0, Sum: 0, Workers: 4
[3667.355s][debug][gc,phases      ] GC(88)     Total                          Min: 0, Avg:  9.2, Max: 37, Diff: 37, Sum: 37, Workers: 4
[3667.355s][debug][gc,phases      ] GC(88)   JVMTI Tag Weak OopStorage      Min:  0.0, Avg:  0.0, Max:  0.0, Diff:  0.0, Sum:  0.0, Workers: 4
[3667.355s][debug][gc,phases      ] GC(88)     Dead                           Min: 0, Avg:  0.0, Max: 0, Diff: 0, Sum: 0, Workers: 4
[3667.355s][debug][gc,phases      ] GC(88)     Total                          Min: 0, Avg:  0.0, Max: 0, Diff: 0, Sum: 0, Workers: 4
[3667.355s][debug][gc,phases      ] GC(88)   StringTable Weak               Min:  0.0, Avg:  0.1, Max:  0.1, Diff:  0.1, Sum:  0.4, Workers: 4
[3667.355s][debug][gc,phases      ] GC(88)     Dead                           Min: 0, Avg:  0.0, Max: 0, Diff: 0, Sum: 0, Workers: 4
[3667.355s][debug][gc,phases      ] GC(88)     Total                          Min: 0, Avg: 10646.2, Max: 14528, Diff: 14528, Sum: 42585, Workers: 4
[3667.355s][debug][gc,phases      ] GC(88)   ResolvedMethodTable Weak       Min:  0.0, Avg:  0.0, Max:  0.0, Diff:  0.0, Sum:  0.1, Workers: 4
[3667.355s][debug][gc,phases      ] GC(88)     Dead                           Min: 0, Avg:  0.0, Max: 0, Diff: 0, Sum: 0, Workers: 4
[3667.355s][debug][gc,phases      ] GC(88)     Total                          Min: 0, Avg: 2117.0, Max: 2944, Diff: 2944, Sum: 8468, Workers: 4
[3667.355s][debug][gc,phases      ] GC(88)   JNI Weak                       Min:  0.0, Avg:  0.0, Max:  0.0, Diff:  0.0, Sum:  0.0, Workers: 4
[3667.355s][debug][gc,phases      ] GC(88)     Dead                           Min: 0, Avg:  0.0, Max: 0, Diff: 0, Sum: 0, Workers: 4
[3667.355s][debug][gc,phases      ] GC(88)     Total                          Min: 0, Avg: 11.2, Max: 45, Diff: 45, Sum: 45, Workers: 4
[3667.355s][debug][gc,phases      ] GC(88)   StringDedup Table Weak         Min:  0.0, Avg:  0.0, Max:  0.0, Diff:  0.0, Sum:  0.0, Workers: 4
[3667.355s][debug][gc,phases      ] GC(88)     Dead                           Min: 0, Avg:  0.0, Max: 0, Diff: 0, Sum: 0, Workers: 4
[3667.355s][debug][gc,phases      ] GC(88)     Total                          Min: 0, Avg:  0.0, Max: 0, Diff: 0, Sum: 0, Workers: 4
[3667.355s][debug][gc,phases      ] GC(88)   StringDedup Requests0 Weak     Min:  0.0, Avg:  0.0, Max:  0.0, Diff:  0.0, Sum:  0.0, Workers: 4
[3667.355s][debug][gc,phases      ] GC(88)     Dead                           Min: 0, Avg:  0.0, Max: 0, Diff: 0, Sum: 0, Workers: 4
[3667.355s][debug][gc,phases      ] GC(88)     Total                          Min: 0, Avg:  0.0, Max: 0, Diff: 0, Sum: 0, Workers: 4
[3667.355s][debug][gc,phases      ] GC(88)   StringDedup Requests1 Weak     Min:  0.0, Avg:  0.0, Max:  0.0, Diff:  0.0, Sum:  0.0, Workers: 4
[3667.355s][debug][gc,phases      ] GC(88)     Dead                           Min: 0, Avg:  0.0, Max: 0, Diff: 0, Sum: 0, Workers: 4
[3667.355s][debug][gc,phases      ] GC(88)     Total                          Min: 0, Avg:  0.0, Max: 0, Diff: 0, Sum: 0, Workers: 4
[3667.355s][debug][gc,phases      ] GC(88)   Weak JFR Old Object Samples    Min:  0.0, Avg:  0.0, Max:  0.0, Diff:  0.0, Sum:  0.0, Workers: 4
[3667.355s][debug][gc,phases      ] GC(88)     Dead                           Min: 0, Avg:  0.0, Max: 0, Diff: 0, Sum: 0, Workers: 4
[3667.355s][debug][gc,phases      ] GC(88)     Total                          Min: 0, Avg:  0.0, Max: 0, Diff: 0, Sum: 0, Workers: 4
[3667.355s][debug][gc,phases      ] GC(88) Weak Processing 0.300ms
[3667.355s][debug][gc,age         ] GC(88) Desired survivor size 102236160 bytes, new threshold 15 (max threshold 15)
[3667.355s][info ][gc,heap        ] GC(88) PSYoungGen: 1956368K(1992704K)->55520K(1994240K) Eden: 1891328K(1891328K)->0K(1891328K) From: 65040K(101376K)->55520K(102912K)
[3667.355s][info ][gc,heap        ] GC(88) ParOldGen: 447547K(520704K)->457559K(520704K)
[3667.356s][info ][gc,metaspace   ] GC(88) Metaspace: 79058K(80000K)->79058K(80000K) NonClass: 67980K(68480K)->67980K(68480K) Class: 11078K(11520K)->11078K(11520K)
[3667.356s][info ][gc             ] GC(88) Pause Young (Allocation Failure) 2347M->501M(2456M) 23.129ms
[3667.356s][info ][gc,cpu         ] GC(88) User=0.06s Sys=0.00s Real=0.03s
[3667.356s][info ][safepoint      ] Safepoint "ParallelGCFailedAllocation", Time since last: 2060155057 ns, Reaching safepoint: 31801 ns, At safepoint: 23200844 ns, Total: 23232645 ns
[3668.356s][info ][safepoint      ] Safepoint "Cleanup", Time since last: 1000062823 ns, Reaching safepoint: 35500 ns, At safepoint: 2300 ns, Total: 37800 ns
[3671.356s][info ][safepoint      ] Safepoint "Cleanup", Time since last: 3000225578 ns, Reaching safepoint: 44100 ns, At safepoint: 3000 ns, Total: 47100 ns
[3675.356s][info ][safepoint      ] Safepoint "Cleanup", Time since last: 4000218323 ns, Reaching safepoint: 40000 ns, At safepoint: 2200 ns, Total: 42200 ns
[3677.356s][info ][safepoint      ] Safepoint "Cleanup", Time since last: 2000164670 ns, Reaching safepoint: 56700 ns, At safepoint: 2300 ns, Total: 59000 ns
[3679.357s][info ][safepoint      ] Safepoint "Cleanup", Time since last: 2000164475 ns, Reaching safepoint: 38400 ns, At safepoint: 3300 ns, Total: 41700 ns
[3680.357s][info ][safepoint      ] Safepoint "Cleanup", Time since last: 1000099740 ns, Reaching safepoint: 41200 ns, At safepoint: 8200 ns, Total: 49400 ns
[3682.357s][info ][safepoint      ] Safepoint "Cleanup", Time since last: 2000163883 ns, Reaching safepoint: 39300 ns, At safepoint: 3800 ns, Total: 43100 ns
[3684.357s][info ][safepoint      ] Safepoint "Cleanup", Time since last: 2000171788 ns, Reaching safepoint: 49700 ns, At safepoint: 5000 ns, Total: 54700 ns
[3685.357s][info ][safepoint      ] Safepoint "Cleanup", Time since last: 1000101346 ns, Reaching safepoint: 25200 ns, At safepoint: 1900 ns, Total: 27100 ns
[3686.357s][info ][safepoint      ] Safepoint "Cleanup", Time since last: 1000096848 ns, Reaching safepoint: 58400 ns, At safepoint: 5900 ns, Total: 64300 ns
[3687.358s][info ][safepoint      ] Safepoint "Cleanup", Time since last: 1000122549 ns, Reaching safepoint: 46600 ns, At safepoint: 2600 ns, Total: 49200 ns
[3690.358s][info ][safepoint      ] Safepoint "Cleanup", Time since last: 3000238554 ns, Reaching safepoint: 50801 ns, At safepoint: 3300 ns, Total: 54101 ns
[3692.358s][info ][safepoint      ] Safepoint "Cleanup", Time since last: 2000161409 ns, Reaching safepoint: 45800 ns, At safepoint: 2600 ns, Total: 48400 ns
[3700.359s][info ][safepoint      ] Safepoint "Cleanup", Time since last: 8000495190 ns, Reaching safepoint: 36800 ns, At safepoint: 7000 ns, Total: 43800 ns
[3703.359s][info ][safepoint      ] Safepoint "Cleanup", Time since last: 3000223305 ns, Reaching safepoint: 37500 ns, At safepoint: 4000 ns, Total: 41500 ns
[3707.359s][info ][safepoint      ] Safepoint "Cleanup", Time since last: 4000287891 ns, Reaching safepoint: 80300 ns, At safepoint: 8000 ns, Total: 88300 ns
[3709.360s][info ][safepoint      ] Safepoint "Cleanup", Time since last: 2000172953 ns, Reaching safepoint: 49500 ns, At safepoint: 6000 ns, Total: 55500 ns
[3715.360s][info ][safepoint      ] Safepoint "Cleanup", Time since last: 6000379690 ns, Reaching safepoint: 34300 ns, At safepoint: 7100 ns, Total: 41400 ns
[3717.360s][info ][safepoint      ] Safepoint "Cleanup", Time since last: 2000144473 ns, Reaching safepoint: 53600 ns, At safepoint: 3700 ns, Total: 57300 ns
[3718.235s][info ][gc,start       ] GC(89) Pause Young (Allocation Failure)
[3718.253s][debug][gc,phases      ] GC(89) Scavenge 18.396ms
[3718.253s][debug][gc,ref         ] GC(89) Skipped phase 1 of Reference Processing: no references
[3718.253s][debug][gc,ref         ] GC(89) ReferenceProcessor::execute queues: 1, RefProcThreadModel::Single, marks_oops_alive: false
[3718.253s][debug][gc,ref         ] GC(89) Skipped phase 3 of Reference Processing: no references
[3718.253s][debug][gc,ref         ] GC(89) ReferenceProcessor::execute queues: 1, RefProcThreadModel::Single, marks_oops_alive: false
[3718.253s][debug][gc,phases      ] GC(89) Reference Processing 0.123ms
[3718.253s][debug][gc,phases      ] GC(89)   VM Weak                        Min:  0.0, Avg:  0.0, Max:  0.0, Diff:  0.0, Sum:  0.0, Workers: 4
[3718.253s][debug][gc,phases      ] GC(89)     Dead                           Min: 0, Avg:  0.0, Max: 0, Diff: 0, Sum: 0, Workers: 4
[3718.253s][debug][gc,phases      ] GC(89)     Total                          Min: 0, Avg: 188.8, Max: 627, Diff: 627, Sum: 755, Workers: 4
[3718.253s][debug][gc,phases      ] GC(89)   ObjectSynchronizer Weak        Min:  0.0, Avg:  0.0, Max:  0.0, Diff:  0.0, Sum:  0.0, Workers: 4
[3718.253s][debug][gc,phases      ] GC(89)     Dead                           Min: 0, Avg:  0.0, Max: 0, Diff: 0, Sum: 0, Workers: 4
[3718.253s][debug][gc,phases      ] GC(89)     Total                          Min: 0, Avg:  9.2, Max: 37, Diff: 37, Sum: 37, Workers: 4
[3718.253s][debug][gc,phases      ] GC(89)   JVMTI Tag Weak OopStorage      Min:  0.0, Avg:  0.0, Max:  0.0, Diff:  0.0, Sum:  0.0, Workers: 4
[3718.253s][debug][gc,phases      ] GC(89)     Dead                           Min: 0, Avg:  0.0, Max: 0, Diff: 0, Sum: 0, Workers: 4
[3718.253s][debug][gc,phases      ] GC(89)     Total                          Min: 0, Avg:  0.0, Max: 0, Diff: 0, Sum: 0, Workers: 4
[3718.253s][debug][gc,phases      ] GC(89)   StringTable Weak               Min:  0.0, Avg:  0.1, Max:  0.1, Diff:  0.1, Sum:  0.4, Workers: 4
[3718.253s][debug][gc,phases      ] GC(89)     Dead                           Min: 0, Avg:  0.0, Max: 0, Diff: 0, Sum: 0, Workers: 4
[3718.253s][debug][gc,phases      ] GC(89)     Total                          Min: 0, Avg: 10646.8, Max: 14656, Diff: 14656, Sum: 42587, Workers: 4
[3718.253s][debug][gc,phases      ] GC(89)   ResolvedMethodTable Weak       Min:  0.0, Avg:  0.0, Max:  0.0, Diff:  0.0, Sum:  0.1, Workers: 4
[3718.253s][debug][gc,phases      ] GC(89)     Dead                           Min: 0, Avg:  0.0, Max: 0, Diff: 0, Sum: 0, Workers: 4
[3718.253s][debug][gc,phases      ] GC(89)     Total                          Min: 0, Avg: 2117.5, Max: 2880, Diff: 2880, Sum: 8470, Workers: 4
[3718.253s][debug][gc,phases      ] GC(89)   JNI Weak                       Min:  0.0, Avg:  0.0, Max:  0.0, Diff:  0.0, Sum:  0.0, Workers: 4
[3718.253s][debug][gc,phases      ] GC(89)     Dead                           Min: 0, Avg:  0.0, Max: 0, Diff: 0, Sum: 0, Workers: 4
[3718.253s][debug][gc,phases      ] GC(89)     Total                          Min: 0, Avg: 11.2, Max: 45, Diff: 45, Sum: 45, Workers: 4
[3718.253s][debug][gc,phases      ] GC(89)   StringDedup Table Weak         Min:  0.0, Avg:  0.0, Max:  0.0, Diff:  0.0, Sum:  0.0, Workers: 4
[3718.253s][debug][gc,phases      ] GC(89)     Dead                           Min: 0, Avg:  0.0, Max: 0, Diff: 0, Sum: 0, Workers: 4
[3718.253s][debug][gc,phases      ] GC(89)     Total                          Min: 0, Avg:  0.0, Max: 0, Diff: 0, Sum: 0, Workers: 4
[3718.253s][debug][gc,phases      ] GC(89)   StringDedup Requests0 Weak     Min:  0.0, Avg:  0.0, Max:  0.0, Diff:  0.0, Sum:  0.0, Workers: 4
[3718.253s][debug][gc,phases      ] GC(89)     Dead                           Min: 0, Avg:  0.0, Max: 0, Diff: 0, Sum: 0, Workers: 4
[3718.253s][debug][gc,phases      ] GC(89)     Total                          Min: 0, Avg:  0.0, Max: 0, Diff: 0, Sum: 0, Workers: 4
[3718.253s][debug][gc,phases      ] GC(89)   StringDedup Requests1 Weak     Min:  0.0, Avg:  0.0, Max:  0.0, Diff:  0.0, Sum:  0.0, Workers: 4
[3718.253s][debug][gc,phases      ] GC(89)     Dead                           Min: 0, Avg:  0.0, Max: 0, Diff: 0, Sum: 0, Workers: 4
[3718.253s][debug][gc,phases      ] GC(89)     Total                          Min: 0, Avg:  0.0, Max: 0, Diff: 0, Sum: 0, Workers: 4
[3718.253s][debug][gc,phases      ] GC(89)   Weak JFR Old Object Samples    Min:  0.0, Avg:  0.0, Max:  0.0, Diff:  0.0, Sum:  0.0, Workers: 4
[3718.253s][debug][gc,phases      ] GC(89)     Dead                           Min: 0, Avg:  0.0, Max: 0, Diff: 0, Sum: 0, Workers: 4
[3718.253s][debug][gc,phases      ] GC(89)     Total                          Min: 0, Avg:  0.0, Max: 0, Diff: 0, Sum: 0, Workers: 4
[3718.253s][debug][gc,phases      ] GC(89) Weak Processing 0.328ms
[3718.253s][debug][gc,age         ] GC(89) Desired survivor size 99090432 bytes, new threshold 15 (max threshold 15)
[3718.253s][info ][gc,heap        ] GC(89) PSYoungGen: 1946848K(1994240K)->54656K(2000384K) Eden: 1891328K(1891328K)->0K(1900544K) From: 55520K(102912K)->54656K(99840K)
[3718.253s][info ][gc,heap        ] GC(89) ParOldGen: 457559K(520704K)->457816K(520704K)
[3718.253s][info ][gc,metaspace   ] GC(89) Metaspace: 79073K(80000K)->79073K(80000K) NonClass: 67994K(68480K)->67994K(68480K) Class: 11078K(11520K)->11078K(11520K)
[3718.253s][info ][gc             ] GC(89) Pause Young (Allocation Failure) 2348M->500M(2462M) 18.960ms
[3718.253s][info ][gc,cpu         ] GC(89) User=0.05s Sys=0.00s Real=0.02s
[3718.254s][info ][safepoint      ] Safepoint "ParallelGCFailedAllocation", Time since last: 874192838 ns, Reaching safepoint: 93001 ns, At safepoint: 19028437 ns, Total: 19121438 ns
[3726.254s][info ][safepoint      ] Safepoint "Cleanup", Time since last: 8000488152 ns, Reaching safepoint: 36100 ns, At safepoint: 20800 ns, Total: 56900 ns
[3730.254s][info ][safepoint      ] Safepoint "Cleanup", Time since last: 4000255105 ns, Reaching safepoint: 36900 ns, At safepoint: 3400 ns, Total: 40300 ns
[3733.255s][info ][safepoint      ] Safepoint "Cleanup", Time since last: 3000226217 ns, Reaching safepoint: 40000 ns, At safepoint: 3500 ns, Total: 43500 ns
[3736.255s][info ][safepoint      ] Safepoint "Cleanup", Time since last: 3000240527 ns, Reaching safepoint: 34100 ns, At safepoint: 2800 ns, Total: 36900 ns
[3737.255s][info ][safepoint      ] Safepoint "Cleanup", Time since last: 1000095712 ns, Reaching safepoint: 36100 ns, At safepoint: 2300 ns, Total: 38400 ns
[3747.256s][info ][safepoint      ] Safepoint "Cleanup", Time since last: 10000510480 ns, Reaching safepoint: 28900 ns, At safepoint: 7100 ns, Total: 36000 ns
[3753.256s][info ][safepoint      ] Safepoint "Cleanup", Time since last: 6000379065 ns, Reaching safepoint: 46300 ns, At safepoint: 3000 ns, Total: 49300 ns
[3755.256s][info ][safepoint      ] Safepoint "Cleanup", Time since last: 2000118965 ns, Reaching safepoint: 43800 ns, At safepoint: 2400 ns, Total: 46200 ns
[3756.256s][info ][safepoint      ] Safepoint "Cleanup", Time since last: 1000098234 ns, Reaching safepoint: 44700 ns, At safepoint: 2900 ns, Total: 47600 ns
[3759.257s][info ][safepoint      ] Safepoint "Cleanup", Time since last: 3000225208 ns, Reaching safepoint: 39500 ns, At safepoint: 2800 ns, Total: 42300 ns
[3766.635s][info ][gc,start       ] GC(90) Pause Young (Allocation Failure)
[3766.652s][debug][gc,phases      ] GC(90) Scavenge 17.202ms
[3766.652s][debug][gc,ref         ] GC(90) Skipped phase 1 of Reference Processing: no references
[3766.652s][debug][gc,ref         ] GC(90) ReferenceProcessor::execute queues: 1, RefProcThreadModel::Single, marks_oops_alive: false
[3766.652s][debug][gc,ref         ] GC(90) Skipped phase 3 of Reference Processing: no references
[3766.652s][debug][gc,ref         ] GC(90) ReferenceProcessor::execute queues: 1, RefProcThreadModel::Single, marks_oops_alive: false
[3766.652s][debug][gc,phases      ] GC(90) Reference Processing 0.094ms
[3766.652s][debug][gc,phases      ] GC(90)   VM Weak                        Min:  0.0, Avg:  0.0, Max:  0.0, Diff:  0.0, Sum:  0.0, Workers: 4
[3766.652s][debug][gc,phases      ] GC(90)     Dead                           Min: 0, Avg:  0.0, Max: 0, Diff: 0, Sum: 0, Workers: 4
[3766.652s][debug][gc,phases      ] GC(90)     Total                          Min: 0, Avg: 188.8, Max: 691, Diff: 691, Sum: 755, Workers: 4
[3766.652s][debug][gc,phases      ] GC(90)   ObjectSynchronizer Weak        Min:  0.0, Avg:  0.0, Max:  0.0, Diff:  0.0, Sum:  0.0, Workers: 4
[3766.652s][debug][gc,phases      ] GC(90)     Dead                           Min: 0, Avg:  0.0, Max: 0, Diff: 0, Sum: 0, Workers: 4
[3766.652s][debug][gc,phases      ] GC(90)     Total                          Min: 0, Avg:  9.2, Max: 37, Diff: 37, Sum: 37, Workers: 4
[3766.652s][debug][gc,phases      ] GC(90)   JVMTI Tag Weak OopStorage      Min:  0.0, Avg:  0.0, Max:  0.0, Diff:  0.0, Sum:  0.0, Workers: 4
[3766.652s][debug][gc,phases      ] GC(90)     Dead                           Min: 0, Avg:  0.0, Max: 0, Diff: 0, Sum: 0, Workers: 4
[3766.652s][debug][gc,phases      ] GC(90)     Total                          Min: 0, Avg:  0.0, Max: 0, Diff: 0, Sum: 0, Workers: 4
[3766.652s][debug][gc,phases      ] GC(90)   StringTable Weak               Min:  0.0, Avg:  0.1, Max:  0.1, Diff:  0.1, Sum:  0.3, Workers: 4
[3766.652s][debug][gc,phases      ] GC(90)     Dead                           Min: 0, Avg:  0.0, Max: 0, Diff: 0, Sum: 0, Workers: 4
[3766.652s][debug][gc,phases      ] GC(90)     Total                          Min: 0, Avg: 10646.8, Max: 14492, Diff: 14492, Sum: 42587, Workers: 4
[3766.652s][debug][gc,phases      ] GC(90)   ResolvedMethodTable Weak       Min:  0.0, Avg:  0.0, Max:  0.0, Diff:  0.0, Sum:  0.1, Workers: 4
[3766.652s][debug][gc,phases      ] GC(90)     Dead                           Min: 0, Avg:  0.0, Max: 0, Diff: 0, Sum: 0, Workers: 4
[3766.652s][debug][gc,phases      ] GC(90)     Total                          Min: 0, Avg: 2117.5, Max: 2902, Diff: 2902, Sum: 8470, Workers: 4
[3766.652s][debug][gc,phases      ] GC(90)   JNI Weak                       Min:  0.0, Avg:  0.0, Max:  0.0, Diff:  0.0, Sum:  0.0, Workers: 4
[3766.652s][debug][gc,phases      ] GC(90)     Dead                           Min: 0, Avg:  0.0, Max: 0, Diff: 0, Sum: 0, Workers: 4
[3766.652s][debug][gc,phases      ] GC(90)     Total                          Min: 0, Avg: 11.2, Max: 45, Diff: 45, Sum: 45, Workers: 4
[3766.652s][debug][gc,phases      ] GC(90)   StringDedup Table Weak         Min:  0.0, Avg:  0.0, Max:  0.0, Diff:  0.0, Sum:  0.0, Workers: 4
[3766.652s][debug][gc,phases      ] GC(90)     Dead                           Min: 0, Avg:  0.0, Max: 0, Diff: 0, Sum: 0, Workers: 4
[3766.652s][debug][gc,phases      ] GC(90)     Total                          Min: 0, Avg:  0.0, Max: 0, Diff: 0, Sum: 0, Workers: 4
[3766.652s][debug][gc,phases      ] GC(90)   StringDedup Requests0 Weak     Min:  0.0, Avg:  0.0, Max:  0.0, Diff:  0.0, Sum:  0.0, Workers: 4
[3766.652s][debug][gc,phases      ] GC(90)     Dead                           Min: 0, Avg:  0.0, Max: 0, Diff: 0, Sum: 0, Workers: 4
[3766.652s][debug][gc,phases      ] GC(90)     Total                          Min: 0, Avg:  0.0, Max: 0, Diff: 0, Sum: 0, Workers: 4
[3766.652s][debug][gc,phases      ] GC(90)   StringDedup Requests1 Weak     Min:  0.0, Avg:  0.0, Max:  0.0, Diff:  0.0, Sum:  0.0, Workers: 4
[3766.652s][debug][gc,phases      ] GC(90)     Dead                           Min: 0, Avg:  0.0, Max: 0, Diff: 0, Sum: 0, Workers: 4
[3766.652s][debug][gc,phases      ] GC(90)     Total                          Min: 0, Avg:  0.0, Max: 0, Diff: 0, Sum: 0, Workers: 4
[3766.652s][debug][gc,phases      ] GC(90)   Weak JFR Old Object Samples    Min:  0.0, Avg:  0.0, Max:  0.0, Diff:  0.0, Sum:  0.0, Workers: 4
[3766.652s][debug][gc,phases      ] GC(90)     Dead                           Min: 0, Avg:  0.0, Max: 0, Diff: 0, Sum: 0, Workers: 4
[3766.652s][debug][gc,phases      ] GC(90)     Total                          Min: 0, Avg:  0.0, Max: 0, Diff: 0, Sum: 0, Workers: 4
[3766.652s][debug][gc,phases      ] GC(90) Weak Processing 0.300ms
[3766.652s][debug][gc,age         ] GC(90) Desired survivor size 95944704 bytes, new threshold 15 (max threshold 15)
[3766.652s][info ][gc,heap        ] GC(90) PSYoungGen: 1955200K(2000384K)->54656K(1997312K) Eden: 1900544K(1900544K)->0K(1900544K) From: 54656K(99840K)->54656K(96768K)
[3766.652s][info ][gc,heap        ] GC(90) ParOldGen: 457816K(520704K)->458204K(520704K)
[3766.652s][info ][gc,metaspace   ] GC(90) Metaspace: 79086K(80000K)->79086K(80000K) NonClass: 68007K(68480K)->68007K(68480K) Class: 11078K(11520K)->11078K(11520K)
[3766.652s][info ][gc             ] GC(90) Pause Young (Allocation Failure) 2356M->500M(2459M) 17.712ms
[3766.652s][info ][gc,cpu         ] GC(90) User=0.05s Sys=0.00s Real=0.01s
[3766.652s][info ][safepoint      ] Safepoint "ParallelGCFailedAllocation", Time since last: 7377947966 ns, Reaching safepoint: 115600 ns, At safepoint: 17788837 ns, Total: 17904437 ns
[3777.653s][info ][safepoint      ] Safepoint "Cleanup", Time since last: 11000719677 ns, Reaching safepoint: 47900 ns, At safepoint: 4500 ns, Total: 52400 ns
[3780.653s][info ][safepoint      ] Safepoint "Cleanup", Time since last: 3000223881 ns, Reaching safepoint: 24700 ns, At safepoint: 2200 ns, Total: 26900 ns
[3782.654s][info ][safepoint      ] Safepoint "Cleanup", Time since last: 2000132426 ns, Reaching safepoint: 38300 ns, At safepoint: 2300 ns, Total: 40600 ns
[3783.654s][info ][safepoint      ] Safepoint "Cleanup", Time since last: 1000105265 ns, Reaching safepoint: 22800 ns, At safepoint: 2200 ns, Total: 25000 ns
[3789.654s][info ][safepoint      ] Safepoint "Cleanup", Time since last: 6000370411 ns, Reaching safepoint: 37500 ns, At safepoint: 2200 ns, Total: 39700 ns
[3790.654s][info ][safepoint      ] Safepoint "Cleanup", Time since last: 1000094172 ns, Reaching safepoint: 32700 ns, At safepoint: 2100 ns, Total: 34800 ns
[3793.655s][info ][safepoint      ] Safepoint "Cleanup", Time since last: 3000227323 ns, Reaching safepoint: 37200 ns, At safepoint: 2000 ns, Total: 39200 ns
[3794.655s][info ][safepoint      ] Safepoint "Cleanup", Time since last: 1000100677 ns, Reaching safepoint: 37800 ns, At safepoint: 1900 ns, Total: 39700 ns
[3795.655s][info ][safepoint      ] Safepoint "Cleanup", Time since last: 1000104478 ns, Reaching safepoint: 24900 ns, At safepoint: 2400 ns, Total: 27300 ns
[3803.655s][info ][safepoint      ] Safepoint "Cleanup", Time since last: 8000530759 ns, Reaching safepoint: 25300 ns, At safepoint: 22300 ns, Total: 47600 ns
[3806.656s][info ][safepoint      ] Safepoint "Cleanup", Time since last: 3000189565 ns, Reaching safepoint: 48200 ns, At safepoint: 2600 ns, Total: 50800 ns
[3808.656s][info ][safepoint      ] Safepoint "Cleanup", Time since last: 2000120481 ns, Reaching safepoint: 36701 ns, At safepoint: 2500 ns, Total: 39201 ns
[3810.656s][info ][safepoint      ] Safepoint "Cleanup", Time since last: 2000169985 ns, Reaching safepoint: 27300 ns, At safepoint: 2700 ns, Total: 30000 ns
[3814.733s][info ][gc,start       ] GC(91) Pause Young (Allocation Failure)
[3814.752s][debug][gc,phases      ] GC(91) Scavenge 18.826ms
[3814.752s][debug][gc,ref         ] GC(91) Skipped phase 1 of Reference Processing: no references
[3814.752s][debug][gc,ref         ] GC(91) ReferenceProcessor::execute queues: 1, RefProcThreadModel::Single, marks_oops_alive: false
[3814.752s][debug][gc,ref         ] GC(91) Skipped phase 3 of Reference Processing: no references
[3814.752s][debug][gc,ref         ] GC(91) ReferenceProcessor::execute queues: 1, RefProcThreadModel::Single, marks_oops_alive: false
[3814.752s][debug][gc,phases      ] GC(91) Reference Processing 0.091ms
[3814.752s][debug][gc,phases      ] GC(91)   VM Weak                        Min:  0.0, Avg:  0.0, Max:  0.2, Diff:  0.2, Sum:  0.2, Workers: 4
[3814.752s][debug][gc,phases      ] GC(91)     Dead                           Min: 0, Avg:  0.0, Max: 0, Diff: 0, Sum: 0, Workers: 4
[3814.752s][debug][gc,phases      ] GC(91)     Total                          Min: 64, Avg: 188.8, Max: 256, Diff: 192, Sum: 755, Workers: 4
[3814.752s][debug][gc,phases      ] GC(91)   ObjectSynchronizer Weak        Min:  0.0, Avg:  0.0, Max:  0.0, Diff:  0.0, Sum:  0.0, Workers: 4
[3814.752s][debug][gc,phases      ] GC(91)     Dead                           Min: 0, Avg:  0.0, Max: 0, Diff: 0, Sum: 0, Workers: 4
[3814.752s][debug][gc,phases      ] GC(91)     Total                          Min: 0, Avg:  9.2, Max: 37, Diff: 37, Sum: 37, Workers: 4
[3814.752s][debug][gc,phases      ] GC(91)   JVMTI Tag Weak OopStorage      Min:  0.0, Avg:  0.0, Max:  0.0, Diff:  0.0, Sum:  0.0, Workers: 4
[3814.752s][debug][gc,phases      ] GC(91)     Dead                           Min: 0, Avg:  0.0, Max: 0, Diff: 0, Sum: 0, Workers: 4
[3814.752s][debug][gc,phases      ] GC(91)     Total                          Min: 0, Avg:  0.0, Max: 0, Diff: 0, Sum: 0, Workers: 4
[3814.752s][debug][gc,phases      ] GC(91)   StringTable Weak               Min:  0.0, Avg:  0.1, Max:  0.1, Diff:  0.1, Sum:  0.3, Workers: 4
[3814.752s][debug][gc,phases      ] GC(91)     Dead                           Min: 0, Avg:  0.0, Max: 0, Diff: 0, Sum: 0, Workers: 4
[3814.752s][debug][gc,phases      ] GC(91)     Total                          Min: 0, Avg: 10646.8, Max: 14784, Diff: 14784, Sum: 42587, Workers: 4
[3814.752s][debug][gc,phases      ] GC(91)   ResolvedMethodTable Weak       Min:  0.0, Avg:  0.0, Max:  0.0, Diff:  0.0, Sum:  0.1, Workers: 4
[3814.752s][debug][gc,phases      ] GC(91)     Dead                           Min: 0, Avg:  0.0, Max: 0, Diff: 0, Sum: 0, Workers: 4
[3814.752s][debug][gc,phases      ] GC(91)     Total                          Min: 0, Avg: 2117.5, Max: 3222, Diff: 3222, Sum: 8470, Workers: 4
[3814.752s][debug][gc,phases      ] GC(91)   JNI Weak                       Min:  0.0, Avg:  0.0, Max:  0.0, Diff:  0.0, Sum:  0.0, Workers: 4
[3814.752s][debug][gc,phases      ] GC(91)     Dead                           Min: 0, Avg:  0.0, Max: 0, Diff: 0, Sum: 0, Workers: 4
[3814.752s][debug][gc,phases      ] GC(91)     Total                          Min: 0, Avg: 11.2, Max: 45, Diff: 45, Sum: 45, Workers: 4
[3814.752s][debug][gc,phases      ] GC(91)   StringDedup Table Weak         Min:  0.0, Avg:  0.0, Max:  0.0, Diff:  0.0, Sum:  0.0, Workers: 4
[3814.752s][debug][gc,phases      ] GC(91)     Dead                           Min: 0, Avg:  0.0, Max: 0, Diff: 0, Sum: 0, Workers: 4
[3814.752s][debug][gc,phases      ] GC(91)     Total                          Min: 0, Avg:  0.0, Max: 0, Diff: 0, Sum: 0, Workers: 4
[3814.752s][debug][gc,phases      ] GC(91)   StringDedup Requests0 Weak     Min:  0.0, Avg:  0.0, Max:  0.0, Diff:  0.0, Sum:  0.0, Workers: 4
[3814.752s][debug][gc,phases      ] GC(91)     Dead                           Min: 0, Avg:  0.0, Max: 0, Diff: 0, Sum: 0, Workers: 4
[3814.752s][debug][gc,phases      ] GC(91)     Total                          Min: 0, Avg:  0.0, Max: 0, Diff: 0, Sum: 0, Workers: 4
[3814.752s][debug][gc,phases      ] GC(91)   StringDedup Requests1 Weak     Min:  0.0, Avg:  0.0, Max:  0.0, Diff:  0.0, Sum:  0.0, Workers: 4
[3814.752s][debug][gc,phases      ] GC(91)     Dead                           Min: 0, Avg:  0.0, Max: 0, Diff: 0, Sum: 0, Workers: 4
[3814.752s][debug][gc,phases      ] GC(91)     Total                          Min: 0, Avg:  0.0, Max: 0, Diff: 0, Sum: 0, Workers: 4
[3814.752s][debug][gc,phases      ] GC(91)   Weak JFR Old Object Samples    Min:  0.0, Avg:  0.0, Max:  0.0, Diff:  0.0, Sum:  0.0, Workers: 4
[3814.752s][debug][gc,phases      ] GC(91)     Dead                           Min: 0, Avg:  0.0, Max: 0, Diff: 0, Sum: 0, Workers: 4
[3814.752s][debug][gc,phases      ] GC(91)     Total                          Min: 0, Avg:  0.0, Max: 0, Diff: 0, Sum: 0, Workers: 4
[3814.752s][debug][gc,phases      ] GC(91) Weak Processing 0.312ms
[3814.752s][debug][gc,age         ] GC(91) Desired survivor size 93323264 bytes, new threshold 15 (max threshold 15)
[3814.752s][info ][gc,heap        ] GC(91) PSYoungGen: 1955200K(1997312K)->54048K(2006016K) Eden: 1900544K(1900544K)->0K(1912320K) From: 54656K(96768K)->54048K(93696K)
[3814.752s][info ][gc,heap        ] GC(91) ParOldGen: 458204K(520704K)->458356K(520704K)
[3814.752s][info ][gc,metaspace   ] GC(91) Metaspace: 79110K(80064K)->79110K(80064K) NonClass: 68031K(68544K)->68031K(68544K) Class: 11078K(11520K)->11078K(11520K)
[3814.752s][info ][gc             ] GC(91) Pause Young (Allocation Failure) 2356M->500M(2467M) 19.350ms
[3814.752s][info ][gc,cpu         ] GC(91) User=0.05s Sys=0.00s Real=0.02s
[3814.752s][info ][safepoint      ] Safepoint "ParallelGCFailedAllocation", Time since last: 4076888645 ns, Reaching safepoint: 25700 ns, At safepoint: 19422241 ns, Total: 19447941 ns
[3817.753s][info ][safepoint      ] Safepoint "Cleanup", Time since last: 3000198499 ns, Reaching safepoint: 26000 ns, At safepoint: 5300 ns, Total: 31300 ns
[3821.753s][info ][safepoint      ] Safepoint "Cleanup", Time since last: 4000240613 ns, Reaching safepoint: 41700 ns, At safepoint: 2900 ns, Total: 44600 ns
[3822.753s][info ][safepoint      ] Safepoint "Cleanup", Time since last: 1000100106 ns, Reaching safepoint: 26300 ns, At safepoint: 2000 ns, Total: 28300 ns
[3838.754s][info ][safepoint      ] Safepoint "Cleanup", Time since last: 16001004129 ns, Reaching safepoint: 37701 ns, At safepoint: 2200 ns, Total: 39901 ns
[3844.754s][info ][safepoint      ] Safepoint "Cleanup", Time since last: 6000372751 ns, Reaching safepoint: 26500 ns, At safepoint: 2500 ns, Total: 29000 ns
[3845.755s][info ][safepoint      ] Safepoint "Cleanup", Time since last: 1000099928 ns, Reaching safepoint: 68501 ns, At safepoint: 2800 ns, Total: 71301 ns
[3847.755s][info ][safepoint      ] Safepoint "Cleanup", Time since last: 2000166460 ns, Reaching safepoint: 51200 ns, At safepoint: 6900 ns, Total: 58100 ns
[3854.755s][info ][safepoint      ] Safepoint "Cleanup", Time since last: 7000441740 ns, Reaching safepoint: 25000 ns, At safepoint: 2800 ns, Total: 27800 ns
[3857.756s][info ][safepoint      ] Safepoint "Cleanup", Time since last: 3000189418 ns, Reaching safepoint: 50100 ns, At safepoint: 2800 ns, Total: 52900 ns
[3860.286s][info ][gc,start       ] GC(92) Pause Young (Allocation Failure)
[3860.304s][debug][gc,phases      ] GC(92) Scavenge 17.570ms
[3860.304s][debug][gc,ref         ] GC(92) Skipped phase 1 of Reference Processing: no references
[3860.304s][debug][gc,ref         ] GC(92) ReferenceProcessor::execute queues: 1, RefProcThreadModel::Single, marks_oops_alive: false
[3860.304s][debug][gc,ref         ] GC(92) Skipped phase 3 of Reference Processing: no references
[3860.304s][debug][gc,ref         ] GC(92) ReferenceProcessor::execute queues: 1, RefProcThreadModel::Single, marks_oops_alive: false
[3860.304s][debug][gc,phases      ] GC(92) Reference Processing 0.092ms
[3860.304s][debug][gc,phases      ] GC(92)   VM Weak                        Min:  0.0, Avg:  0.0, Max:  0.0, Diff:  0.0, Sum:  0.0, Workers: 4
[3860.304s][debug][gc,phases      ] GC(92)     Dead                           Min: 0, Avg:  0.0, Max: 0, Diff: 0, Sum: 0, Workers: 4
[3860.304s][debug][gc,phases      ] GC(92)     Total                          Min: 0, Avg: 190.0, Max: 760, Diff: 760, Sum: 760, Workers: 4
[3860.304s][debug][gc,phases      ] GC(92)   ObjectSynchronizer Weak        Min:  0.0, Avg:  0.0, Max:  0.0, Diff:  0.0, Sum:  0.0, Workers: 4
[3860.304s][debug][gc,phases      ] GC(92)     Dead                           Min: 0, Avg:  0.0, Max: 0, Diff: 0, Sum: 0, Workers: 4
[3860.304s][debug][gc,phases      ] GC(92)     Total                          Min: 0, Avg:  9.2, Max: 37, Diff: 37, Sum: 37, Workers: 4
[3860.304s][debug][gc,phases      ] GC(92)   JVMTI Tag Weak OopStorage      Min:  0.0, Avg:  0.0, Max:  0.0, Diff:  0.0, Sum:  0.0, Workers: 4
[3860.304s][debug][gc,phases      ] GC(92)     Dead                           Min: 0, Avg:  0.0, Max: 0, Diff: 0, Sum: 0, Workers: 4
[3860.304s][debug][gc,phases      ] GC(92)     Total                          Min: 0, Avg:  0.0, Max: 0, Diff: 0, Sum: 0, Workers: 4
[3860.304s][debug][gc,phases      ] GC(92)   StringTable Weak               Min:  0.0, Avg:  0.1, Max:  0.1, Diff:  0.1, Sum:  0.3, Workers: 4
[3860.304s][debug][gc,phases      ] GC(92)     Dead                           Min: 0, Avg:  0.5, Max: 2, Diff: 2, Sum: 2, Workers: 4
[3860.304s][debug][gc,phases      ] GC(92)     Total                          Min: 0, Avg: 10647.8, Max: 18560, Diff: 18560, Sum: 42591, Workers: 4
[3860.304s][debug][gc,phases      ] GC(92)   ResolvedMethodTable Weak       Min:  0.0, Avg:  0.0, Max:  0.0, Diff:  0.0, Sum:  0.1, Workers: 4
[3860.304s][debug][gc,phases      ] GC(92)     Dead                           Min: 0, Avg:  0.0, Max: 0, Diff: 0, Sum: 0, Workers: 4
[3860.304s][debug][gc,phases      ] GC(92)     Total                          Min: 0, Avg: 2122.5, Max: 3776, Diff: 3776, Sum: 8490, Workers: 4
[3860.304s][debug][gc,phases      ] GC(92)   JNI Weak                       Min:  0.0, Avg:  0.0, Max:  0.0, Diff:  0.0, Sum:  0.0, Workers: 4
[3860.304s][debug][gc,phases      ] GC(92)     Dead                           Min: 0, Avg:  0.0, Max: 0, Diff: 0, Sum: 0, Workers: 4
[3860.304s][debug][gc,phases      ] GC(92)     Total                          Min: 0, Avg: 11.2, Max: 45, Diff: 45, Sum: 45, Workers: 4
[3860.304s][debug][gc,phases      ] GC(92)   StringDedup Table Weak         Min:  0.0, Avg:  0.0, Max:  0.0, Diff:  0.0, Sum:  0.0, Workers: 4
[3860.304s][debug][gc,phases      ] GC(92)     Dead                           Min: 0, Avg:  0.0, Max: 0, Diff: 0, Sum: 0, Workers: 4
[3860.304s][debug][gc,phases      ] GC(92)     Total                          Min: 0, Avg:  0.0, Max: 0, Diff: 0, Sum: 0, Workers: 4
[3860.304s][debug][gc,phases      ] GC(92)   StringDedup Requests0 Weak     Min:  0.0, Avg:  0.0, Max:  0.0, Diff:  0.0, Sum:  0.0, Workers: 4
[3860.304s][debug][gc,phases      ] GC(92)     Dead                           Min: 0, Avg:  0.0, Max: 0, Diff: 0, Sum: 0, Workers: 4
[3860.304s][debug][gc,phases      ] GC(92)     Total                          Min: 0, Avg:  0.0, Max: 0, Diff: 0, Sum: 0, Workers: 4
[3860.304s][debug][gc,phases      ] GC(92)   StringDedup Requests1 Weak     Min:  0.0, Avg:  0.0, Max:  0.0, Diff:  0.0, Sum:  0.0, Workers: 4
[3860.304s][debug][gc,phases      ] GC(92)     Dead                           Min: 0, Avg:  0.0, Max: 0, Diff: 0, Sum: 0, Workers: 4
[3860.304s][debug][gc,phases      ] GC(92)     Total                          Min: 0, Avg:  0.0, Max: 0, Diff: 0, Sum: 0, Workers: 4
[3860.304s][debug][gc,phases      ] GC(92)   Weak JFR Old Object Samples    Min:  0.0, Avg:  0.0, Max:  0.0, Diff:  0.0, Sum:  0.0, Workers: 4
[3860.304s][debug][gc,phases      ] GC(92)     Dead                           Min: 0, Avg:  0.0, Max: 0, Diff: 0, Sum: 0, Workers: 4
[3860.304s][debug][gc,phases      ] GC(92)     Total                          Min: 0, Avg:  0.0, Max: 0, Diff: 0, Sum: 0, Workers: 4
[3860.304s][debug][gc,phases      ] GC(92) Weak Processing 0.297ms
[3860.304s][debug][gc,age         ] GC(92) Desired survivor size 90177536 bytes, new threshold 15 (max threshold 15)
[3860.304s][info ][gc,heap        ] GC(92) PSYoungGen: 1966368K(2006016K)->43344K(2003456K) Eden: 1912320K(1912320K)->0K(1912320K) From: 54048K(93696K)->43344K(91136K)
[3860.304s][info ][gc,heap        ] GC(92) ParOldGen: 458356K(520704K)->470856K(520704K)
[3860.304s][info ][gc,metaspace   ] GC(92) Metaspace: 79141K(80064K)->79141K(80064K) NonClass: 68055K(68544K)->68055K(68544K) Class: 11085K(11520K)->11085K(11520K)
[3860.304s][info ][gc             ] GC(92) Pause Young (Allocation Failure) 2367M->502M(2465M) 18.078ms
[3860.304s][info ][gc,cpu         ] GC(92) User=0.05s Sys=0.00s Real=0.01s
[3860.304s][info ][safepoint      ] Safepoint "ParallelGCFailedAllocation", Time since last: 2530608820 ns, Reaching safepoint: 31700 ns, At safepoint: 18146138 ns, Total: 18177838 ns
[3862.305s][info ][safepoint      ] Safepoint "Cleanup", Time since last: 2000143088 ns, Reaching safepoint: 29900 ns, At safepoint: 3100 ns, Total: 33000 ns
[3871.305s][info ][safepoint      ] Safepoint "Cleanup", Time since last: 9000535642 ns, Reaching safepoint: 43600 ns, At safepoint: 3400 ns, Total: 47000 ns
[3873.305s][info ][safepoint      ] Safepoint "Cleanup", Time since last: 2000157508 ns, Reaching safepoint: 23500 ns, At safepoint: 2500 ns, Total: 26000 ns
[3877.306s][info ][safepoint      ] Safepoint "Cleanup", Time since last: 4000295228 ns, Reaching safepoint: 45000 ns, At safepoint: 3600 ns, Total: 48600 ns
[3898.307s][info ][safepoint      ] Safepoint "Cleanup", Time since last: 21001319330 ns, Reaching safepoint: 43200 ns, At safepoint: 3400 ns, Total: 46600 ns
[3902.307s][info ][safepoint      ] Safepoint "Cleanup", Time since last: 4000260417 ns, Reaching safepoint: 29700 ns, At safepoint: 6600 ns, Total: 36300 ns
[3903.841s][info ][gc,start       ] GC(93) Pause Young (Allocation Failure)
[3903.855s][debug][gc,phases      ] GC(93) Scavenge 14.402ms
[3903.856s][debug][gc,ref         ] GC(93) Skipped phase 1 of Reference Processing: no references
[3903.856s][debug][gc,ref         ] GC(93) ReferenceProcessor::execute queues: 1, RefProcThreadModel::Single, marks_oops_alive: false
[3903.856s][debug][gc,ref         ] GC(93) Skipped phase 3 of Reference Processing: no references
[3903.856s][debug][gc,ref         ] GC(93) ReferenceProcessor::execute queues: 1, RefProcThreadModel::Single, marks_oops_alive: false
[3903.856s][debug][gc,phases      ] GC(93) Reference Processing 0.093ms
[3903.856s][debug][gc,phases      ] GC(93)   VM Weak                        Min:  0.0, Avg:  0.0, Max:  0.0, Diff:  0.0, Sum:  0.0, Workers: 4
[3903.856s][debug][gc,phases      ] GC(93)     Dead                           Min: 0, Avg:  0.0, Max: 0, Diff: 0, Sum: 0, Workers: 4
[3903.856s][debug][gc,phases      ] GC(93)     Total                          Min: 0, Avg: 190.0, Max: 696, Diff: 696, Sum: 760, Workers: 4
[3903.856s][debug][gc,phases      ] GC(93)   ObjectSynchronizer Weak        Min:  0.0, Avg:  0.0, Max:  0.0, Diff:  0.0, Sum:  0.0, Workers: 4
[3903.856s][debug][gc,phases      ] GC(93)     Dead                           Min: 0, Avg:  0.0, Max: 0, Diff: 0, Sum: 0, Workers: 4
[3903.856s][debug][gc,phases      ] GC(93)     Total                          Min: 0, Avg:  9.2, Max: 37, Diff: 37, Sum: 37, Workers: 4
[3903.856s][debug][gc,phases      ] GC(93)   JVMTI Tag Weak OopStorage      Min:  0.0, Avg:  0.0, Max:  0.0, Diff:  0.0, Sum:  0.0, Workers: 4
[3903.856s][debug][gc,phases      ] GC(93)     Dead                           Min: 0, Avg:  0.0, Max: 0, Diff: 0, Sum: 0, Workers: 4
[3903.856s][debug][gc,phases      ] GC(93)     Total                          Min: 0, Avg:  0.0, Max: 0, Diff: 0, Sum: 0, Workers: 4
[3903.856s][debug][gc,phases      ] GC(93)   StringTable Weak               Min:  0.1, Avg:  0.1, Max:  0.1, Diff:  0.0, Sum:  0.4, Workers: 4
[3903.856s][debug][gc,phases      ] GC(93)     Dead                           Min: 0, Avg:  0.0, Max: 0, Diff: 0, Sum: 0, Workers: 4
[3903.856s][debug][gc,phases      ] GC(93)     Total                          Min: 9954, Avg: 10647.8, Max: 11135, Diff: 1181, Sum: 42591, Workers: 4
[3903.856s][debug][gc,phases      ] GC(93)   ResolvedMethodTable Weak       Min:  0.0, Avg:  0.0, Max:  0.0, Diff:  0.0, Sum:  0.1, Workers: 4
[3903.856s][debug][gc,phases      ] GC(93)     Dead                           Min: 0, Avg:  0.0, Max: 0, Diff: 0, Sum: 0, Workers: 4
[3903.856s][debug][gc,phases      ] GC(93)     Total                          Min: 1984, Avg: 2122.5, Max: 2240, Diff: 256, Sum: 8490, Workers: 4
[3903.856s][debug][gc,phases      ] GC(93)   JNI Weak                       Min:  0.0, Avg:  0.0, Max:  0.0, Diff:  0.0, Sum:  0.0, Workers: 4
[3903.856s][debug][gc,phases      ] GC(93)     Dead                           Min: 0, Avg:  0.0, Max: 0, Diff: 0, Sum: 0, Workers: 4
[3903.856s][debug][gc,phases      ] GC(93)     Total                          Min: 0, Avg: 11.2, Max: 45, Diff: 45, Sum: 45, Workers: 4
[3903.856s][debug][gc,phases      ] GC(93)   StringDedup Table Weak         Min:  0.0, Avg:  0.0, Max:  0.0, Diff:  0.0, Sum:  0.0, Workers: 4
[3903.856s][debug][gc,phases      ] GC(93)     Dead                           Min: 0, Avg:  0.0, Max: 0, Diff: 0, Sum: 0, Workers: 4
[3903.856s][debug][gc,phases      ] GC(93)     Total                          Min: 0, Avg:  0.0, Max: 0, Diff: 0, Sum: 0, Workers: 4
[3903.856s][debug][gc,phases      ] GC(93)   StringDedup Requests0 Weak     Min:  0.0, Avg:  0.0, Max:  0.0, Diff:  0.0, Sum:  0.0, Workers: 4
[3903.856s][debug][gc,phases      ] GC(93)     Dead                           Min: 0, Avg:  0.0, Max: 0, Diff: 0, Sum: 0, Workers: 4
[3903.856s][debug][gc,phases      ] GC(93)     Total                          Min: 0, Avg:  0.0, Max: 0, Diff: 0, Sum: 0, Workers: 4
[3903.856s][debug][gc,phases      ] GC(93)   StringDedup Requests1 Weak     Min:  0.0, Avg:  0.0, Max:  0.0, Diff:  0.0, Sum:  0.0, Workers: 4
[3903.856s][debug][gc,phases      ] GC(93)     Dead                           Min: 0, Avg:  0.0, Max: 0, Diff: 0, Sum: 0, Workers: 4
[3903.856s][debug][gc,phases      ] GC(93)     Total                          Min: 0, Avg:  0.0, Max: 0, Diff: 0, Sum: 0, Workers: 4
[3903.856s][debug][gc,phases      ] GC(93)   Weak JFR Old Object Samples    Min:  0.0, Avg:  0.0, Max:  0.0, Diff:  0.0, Sum:  0.0, Workers: 4
[3903.856s][debug][gc,phases      ] GC(93)     Dead                           Min: 0, Avg:  0.0, Max: 0, Diff: 0, Sum: 0, Workers: 4
[3903.856s][debug][gc,phases      ] GC(93)     Total                          Min: 0, Avg:  0.0, Max: 0, Diff: 0, Sum: 0, Workers: 4
[3903.856s][debug][gc,phases      ] GC(93) Weak Processing 0.258ms
[3903.856s][debug][gc,age         ] GC(93) Desired survivor size 87556096 bytes, new threshold 15 (max threshold 15)
[3903.856s][info ][gc,heap        ] GC(93) PSYoungGen: 1955664K(2003456K)->43328K(2011648K) Eden: 1912320K(1912320K)->0K(1923584K) From: 43344K(91136K)->43328K(88064K)
[3903.856s][info ][gc,heap        ] GC(93) ParOldGen: 470856K(520704K)->471192K(520704K)
[3903.856s][info ][gc,metaspace   ] GC(93) Metaspace: 79145K(80064K)->79145K(80064K) NonClass: 68060K(68544K)->68060K(68544K) Class: 11085K(11520K)->11085K(11520K)
[3903.856s][info ][gc             ] GC(93) Pause Young (Allocation Failure) 2369M->502M(2473M) 14.842ms
[3903.856s][info ][gc,cpu         ] GC(93) User=0.04s Sys=0.00s Real=0.02s
[3903.856s][info ][safepoint      ] Safepoint "ParallelGCFailedAllocation", Time since last: 1533727145 ns, Reaching safepoint: 26300 ns, At safepoint: 14905833 ns, Total: 14932133 ns
[3908.856s][info ][safepoint      ] Safepoint "Cleanup", Time since last: 5000329522 ns, Reaching safepoint: 26600 ns, At safepoint: 2200 ns, Total: 28800 ns
[3909.856s][info ][safepoint      ] Safepoint "Cleanup", Time since last: 1000099987 ns, Reaching safepoint: 37500 ns, At safepoint: 2300 ns, Total: 39800 ns
[3913.857s][info ][safepoint      ] Safepoint "Cleanup", Time since last: 4000288356 ns, Reaching safepoint: 38700 ns, At safepoint: 2600 ns, Total: 41300 ns
[3917.857s][info ][safepoint      ] Safepoint "Cleanup", Time since last: 4000279570 ns, Reaching safepoint: 43301 ns, At safepoint: 4200 ns, Total: 47501 ns
[3922.857s][info ][safepoint      ] Safepoint "Cleanup", Time since last: 5000344781 ns, Reaching safepoint: 35800 ns, At safepoint: 2500 ns, Total: 38300 ns
[3923.858s][info ][safepoint      ] Safepoint "Cleanup", Time since last: 1000065999 ns, Reaching safepoint: 39600 ns, At safepoint: 3100 ns, Total: 42700 ns
[3924.858s][info ][safepoint      ] Safepoint "Cleanup", Time since last: 1000090799 ns, Reaching safepoint: 29300 ns, At safepoint: 2200 ns, Total: 31500 ns
[3925.858s][info ][safepoint      ] Safepoint "Cleanup", Time since last: 1000098001 ns, Reaching safepoint: 26000 ns, At safepoint: 26800 ns, Total: 52800 ns
[3935.859s][info ][safepoint      ] Safepoint "Cleanup", Time since last: 10000708050 ns, Reaching safepoint: 39900 ns, At safepoint: 6200 ns, Total: 46100 ns
[3936.859s][info ][safepoint      ] Safepoint "Cleanup", Time since last: 1000093309 ns, Reaching safepoint: 43500 ns, At safepoint: 8100 ns, Total: 51600 ns
[3937.859s][info ][safepoint      ] Safepoint "Cleanup", Time since last: 1000069710 ns, Reaching safepoint: 59401 ns, At safepoint: 3500 ns, Total: 62901 ns
[3939.859s][info ][safepoint      ] Safepoint "Cleanup", Time since last: 2000175323 ns, Reaching safepoint: 38800 ns, At safepoint: 2500 ns, Total: 41300 ns
[3940.585s][info ][gc,start       ] GC(94) Pause Young (Allocation Failure)
[3940.602s][debug][gc,phases      ] GC(94) Scavenge 17.270ms
[3940.602s][debug][gc,ref         ] GC(94) Skipped phase 1 of Reference Processing: no references
[3940.602s][debug][gc,ref         ] GC(94) ReferenceProcessor::execute queues: 1, RefProcThreadModel::Single, marks_oops_alive: false
[3940.602s][debug][gc,ref         ] GC(94) Skipped phase 3 of Reference Processing: no references
[3940.602s][debug][gc,ref         ] GC(94) ReferenceProcessor::execute queues: 1, RefProcThreadModel::Single, marks_oops_alive: false
[3940.602s][debug][gc,phases      ] GC(94) Reference Processing 0.090ms
[3940.602s][debug][gc,phases      ] GC(94)   VM Weak                        Min:  0.0, Avg:  0.0, Max:  0.0, Diff:  0.0, Sum:  0.0, Workers: 4
[3940.602s][debug][gc,phases      ] GC(94)     Dead                           Min: 0, Avg:  0.0, Max: 0, Diff: 0, Sum: 0, Workers: 4
[3940.602s][debug][gc,phases      ] GC(94)     Total                          Min: 0, Avg: 190.0, Max: 640, Diff: 640, Sum: 760, Workers: 4
[3940.602s][debug][gc,phases      ] GC(94)   ObjectSynchronizer Weak        Min:  0.0, Avg:  0.0, Max:  0.0, Diff:  0.0, Sum:  0.0, Workers: 4
[3940.602s][debug][gc,phases      ] GC(94)     Dead                           Min: 0, Avg:  0.0, Max: 0, Diff: 0, Sum: 0, Workers: 4
[3940.602s][debug][gc,phases      ] GC(94)     Total                          Min: 0, Avg:  9.2, Max: 37, Diff: 37, Sum: 37, Workers: 4
[3940.602s][debug][gc,phases      ] GC(94)   JVMTI Tag Weak OopStorage      Min:  0.0, Avg:  0.0, Max:  0.0, Diff:  0.0, Sum:  0.0, Workers: 4
[3940.602s][debug][gc,phases      ] GC(94)     Dead                           Min: 0, Avg:  0.0, Max: 0, Diff: 0, Sum: 0, Workers: 4
[3940.602s][debug][gc,phases      ] GC(94)     Total                          Min: 0, Avg:  0.0, Max: 0, Diff: 0, Sum: 0, Workers: 4
[3940.602s][debug][gc,phases      ] GC(94)   StringTable Weak               Min:  0.0, Avg:  0.1, Max:  0.1, Diff:  0.1, Sum:  0.3, Workers: 4
[3940.602s][debug][gc,phases      ] GC(94)     Dead                           Min: 0, Avg:  0.0, Max: 0, Diff: 0, Sum: 0, Workers: 4
[3940.602s][debug][gc,phases      ] GC(94)     Total                          Min: 0, Avg: 10647.8, Max: 18814, Diff: 18814, Sum: 42591, Workers: 4
[3940.602s][debug][gc,phases      ] GC(94)   ResolvedMethodTable Weak       Min:  0.0, Avg:  0.0, Max:  0.0, Diff:  0.0, Sum:  0.1, Workers: 4
[3940.602s][debug][gc,phases      ] GC(94)     Dead                           Min: 0, Avg:  0.0, Max: 0, Diff: 0, Sum: 0, Workers: 4
[3940.602s][debug][gc,phases      ] GC(94)     Total                          Min: 0, Avg: 2122.5, Max: 3776, Diff: 3776, Sum: 8490, Workers: 4
[3940.602s][debug][gc,phases      ] GC(94)   JNI Weak                       Min:  0.0, Avg:  0.0, Max:  0.0, Diff:  0.0, Sum:  0.0, Workers: 4
[3940.602s][debug][gc,phases      ] GC(94)     Dead                           Min: 0, Avg:  0.0, Max: 0, Diff: 0, Sum: 0, Workers: 4
[3940.602s][debug][gc,phases      ] GC(94)     Total                          Min: 0, Avg: 11.2, Max: 45, Diff: 45, Sum: 45, Workers: 4
[3940.602s][debug][gc,phases      ] GC(94)   StringDedup Table Weak         Min:  0.0, Avg:  0.0, Max:  0.0, Diff:  0.0, Sum:  0.0, Workers: 4
[3940.602s][debug][gc,phases      ] GC(94)     Dead                           Min: 0, Avg:  0.0, Max: 0, Diff: 0, Sum: 0, Workers: 4
[3940.602s][debug][gc,phases      ] GC(94)     Total                          Min: 0, Avg:  0.0, Max: 0, Diff: 0, Sum: 0, Workers: 4
[3940.602s][debug][gc,phases      ] GC(94)   StringDedup Requests0 Weak     Min:  0.0, Avg:  0.0, Max:  0.0, Diff:  0.0, Sum:  0.0, Workers: 4
[3940.602s][debug][gc,phases      ] GC(94)     Dead                           Min: 0, Avg:  0.0, Max: 0, Diff: 0, Sum: 0, Workers: 4
[3940.602s][debug][gc,phases      ] GC(94)     Total                          Min: 0, Avg:  0.0, Max: 0, Diff: 0, Sum: 0, Workers: 4
[3940.602s][debug][gc,phases      ] GC(94)   StringDedup Requests1 Weak     Min:  0.0, Avg:  0.0, Max:  0.0, Diff:  0.0, Sum:  0.0, Workers: 4
[3940.602s][debug][gc,phases      ] GC(94)     Dead                           Min: 0, Avg:  0.0, Max: 0, Diff: 0, Sum: 0, Workers: 4
[3940.602s][debug][gc,phases      ] GC(94)     Total                          Min: 0, Avg:  0.0, Max: 0, Diff: 0, Sum: 0, Workers: 4
[3940.602s][debug][gc,phases      ] GC(94)   Weak JFR Old Object Samples    Min:  0.0, Avg:  0.0, Max:  0.0, Diff:  0.0, Sum:  0.0, Workers: 4
[3940.602s][debug][gc,phases      ] GC(94)     Dead                           Min: 0, Avg:  0.0, Max: 0, Diff: 0, Sum: 0, Workers: 4
[3940.602s][debug][gc,phases      ] GC(94)     Total                          Min: 0, Avg:  0.0, Max: 0, Diff: 0, Sum: 0, Workers: 4
[3940.603s][debug][gc,phases      ] GC(94) Weak Processing 0.297ms
[3940.603s][debug][gc,age         ] GC(94) Desired survivor size 85983232 bytes, new threshold 15 (max threshold 15)
[3940.603s][info ][gc,heap        ] GC(94) PSYoungGen: 1966912K(2011648K)->55376K(2009088K) Eden: 1923584K(1923584K)->0K(1923584K) From: 43328K(88064K)->55376K(85504K)
[3940.603s][info ][gc,heap        ] GC(94) ParOldGen: 471192K(520704K)->471312K(520704K)
[3940.603s][info ][gc,metaspace   ] GC(94) Metaspace: 79156K(80064K)->79156K(80064K) NonClass: 68071K(68544K)->68071K(68544K) Class: 11085K(11520K)->11085K(11520K)
[3940.603s][info ][gc             ] GC(94) Pause Young (Allocation Failure) 2380M->514M(2470M) 17.765ms
[3940.603s][info ][gc,cpu         ] GC(94) User=0.06s Sys=0.00s Real=0.02s
[3940.603s][info ][safepoint      ] Safepoint "ParallelGCFailedAllocation", Time since last: 725529805 ns, Reaching safepoint: 109400 ns, At safepoint: 17835740 ns, Total: 17945140 ns
[3941.603s][info ][safepoint      ] Safepoint "Cleanup", Time since last: 1000081413 ns, Reaching safepoint: 27000 ns, At safepoint: 2800 ns, Total: 29800 ns
[3942.603s][info ][safepoint      ] Safepoint "Cleanup", Time since last: 1000098814 ns, Reaching safepoint: 48100 ns, At safepoint: 5400 ns, Total: 53500 ns
[3957.604s][info ][safepoint      ] Safepoint "Cleanup", Time since last: 15000879406 ns, Reaching safepoint: 39100 ns, At safepoint: 2300 ns, Total: 41400 ns
[3961.604s][info ][safepoint      ] Safepoint "Cleanup", Time since last: 4000254511 ns, Reaching safepoint: 28101 ns, At safepoint: 2400 ns, Total: 30501 ns
[3977.605s][info ][safepoint      ] Safepoint "Cleanup", Time since last: 16001013167 ns, Reaching safepoint: 28601 ns, At safepoint: 2200 ns, Total: 30801 ns
[3979.605s][info ][safepoint      ] Safepoint "Cleanup", Time since last: 2000157584 ns, Reaching safepoint: 27400 ns, At safepoint: 2800 ns, Total: 30200 ns
[3985.335s][info ][gc,start       ] GC(95) Pause Young (Allocation Failure)
[3985.353s][debug][gc,phases      ] GC(95) Scavenge 18.400ms
[3985.353s][debug][gc,ref         ] GC(95) Skipped phase 1 of Reference Processing: no references
[3985.353s][debug][gc,ref         ] GC(95) ReferenceProcessor::execute queues: 1, RefProcThreadModel::Single, marks_oops_alive: false
[3985.353s][debug][gc,ref         ] GC(95) Skipped phase 3 of Reference Processing: no references
[3985.353s][debug][gc,ref         ] GC(95) ReferenceProcessor::execute queues: 1, RefProcThreadModel::Single, marks_oops_alive: false
[3985.353s][debug][gc,phases      ] GC(95) Reference Processing 0.089ms
[3985.354s][debug][gc,phases      ] GC(95)   VM Weak                        Min:  0.0, Avg:  0.0, Max:  0.0, Diff:  0.0, Sum:  0.0, Workers: 4
[3985.354s][debug][gc,phases      ] GC(95)     Dead                           Min: 0, Avg:  0.0, Max: 0, Diff: 0, Sum: 0, Workers: 4
[3985.354s][debug][gc,phases      ] GC(95)     Total                          Min: 0, Avg: 190.0, Max: 376, Diff: 376, Sum: 760, Workers: 4
[3985.354s][debug][gc,phases      ] GC(95)   ObjectSynchronizer Weak        Min:  0.0, Avg:  0.0, Max:  0.0, Diff:  0.0, Sum:  0.0, Workers: 4
[3985.354s][debug][gc,phases      ] GC(95)     Dead                           Min: 0, Avg:  0.0, Max: 0, Diff: 0, Sum: 0, Workers: 4
[3985.354s][debug][gc,phases      ] GC(95)     Total                          Min: 0, Avg:  9.2, Max: 37, Diff: 37, Sum: 37, Workers: 4
[3985.354s][debug][gc,phases      ] GC(95)   JVMTI Tag Weak OopStorage      Min:  0.0, Avg:  0.0, Max:  0.0, Diff:  0.0, Sum:  0.0, Workers: 4
[3985.354s][debug][gc,phases      ] GC(95)     Dead                           Min: 0, Avg:  0.0, Max: 0, Diff: 0, Sum: 0, Workers: 4
[3985.354s][debug][gc,phases      ] GC(95)     Total                          Min: 0, Avg:  0.0, Max: 0, Diff: 0, Sum: 0, Workers: 4
[3985.354s][debug][gc,phases      ] GC(95)   StringTable Weak               Min:  0.0, Avg:  0.1, Max:  0.1, Diff:  0.1, Sum:  0.3, Workers: 4
[3985.354s][debug][gc,phases      ] GC(95)     Dead                           Min: 0, Avg:  0.0, Max: 0, Diff: 0, Sum: 0, Workers: 4
[3985.354s][debug][gc,phases      ] GC(95)     Total                          Min: 0, Avg: 10648.0, Max: 15331, Diff: 15331, Sum: 42592, Workers: 4
[3985.354s][debug][gc,phases      ] GC(95)   ResolvedMethodTable Weak       Min:  0.0, Avg:  0.0, Max:  0.0, Diff:  0.0, Sum:  0.1, Workers: 4
[3985.354s][debug][gc,phases      ] GC(95)     Dead                           Min: 0, Avg:  0.0, Max: 0, Diff: 0, Sum: 0, Workers: 4
[3985.354s][debug][gc,phases      ] GC(95)     Total                          Min: 0, Avg: 2122.5, Max: 3008, Diff: 3008, Sum: 8490, Workers: 4
[3985.354s][debug][gc,phases      ] GC(95)   JNI Weak                       Min:  0.0, Avg:  0.0, Max:  0.0, Diff:  0.0, Sum:  0.0, Workers: 4
[3985.354s][debug][gc,phases      ] GC(95)     Dead                           Min: 0, Avg:  0.0, Max: 0, Diff: 0, Sum: 0, Workers: 4
[3985.354s][debug][gc,phases      ] GC(95)     Total                          Min: 0, Avg: 11.2, Max: 45, Diff: 45, Sum: 45, Workers: 4
[3985.354s][debug][gc,phases      ] GC(95)   StringDedup Table Weak         Min:  0.0, Avg:  0.0, Max:  0.0, Diff:  0.0, Sum:  0.0, Workers: 4
[3985.354s][debug][gc,phases      ] GC(95)     Dead                           Min: 0, Avg:  0.0, Max: 0, Diff: 0, Sum: 0, Workers: 4
[3985.354s][debug][gc,phases      ] GC(95)     Total                          Min: 0, Avg:  0.0, Max: 0, Diff: 0, Sum: 0, Workers: 4
[3985.354s][debug][gc,phases      ] GC(95)   StringDedup Requests0 Weak     Min:  0.0, Avg:  0.0, Max:  0.0, Diff:  0.0, Sum:  0.0, Workers: 4
[3985.354s][debug][gc,phases      ] GC(95)     Dead                           Min: 0, Avg:  0.0, Max: 0, Diff: 0, Sum: 0, Workers: 4
[3985.354s][debug][gc,phases      ] GC(95)     Total                          Min: 0, Avg:  0.0, Max: 0, Diff: 0, Sum: 0, Workers: 4
[3985.354s][debug][gc,phases      ] GC(95)   StringDedup Requests1 Weak     Min:  0.0, Avg:  0.0, Max:  0.0, Diff:  0.0, Sum:  0.0, Workers: 4
[3985.354s][debug][gc,phases      ] GC(95)     Dead                           Min: 0, Avg:  0.0, Max: 0, Diff: 0, Sum: 0, Workers: 4
[3985.354s][debug][gc,phases      ] GC(95)     Total                          Min: 0, Avg:  0.0, Max: 0, Diff: 0, Sum: 0, Workers: 4
[3985.354s][debug][gc,phases      ] GC(95)   Weak JFR Old Object Samples    Min:  0.0, Avg:  0.0, Max:  0.0, Diff:  0.0, Sum:  0.0, Workers: 4
[3985.354s][debug][gc,phases      ] GC(95)     Dead                           Min: 0, Avg:  0.0, Max: 0, Diff: 0, Sum: 0, Workers: 4
[3985.354s][debug][gc,phases      ] GC(95)     Total                          Min: 0, Avg:  0.0, Max: 0, Diff: 0, Sum: 0, Workers: 4
[3985.354s][debug][gc,phases      ] GC(95) Weak Processing 0.295ms
[3985.354s][debug][gc,age         ] GC(95) Desired survivor size 83361792 bytes, new threshold 15 (max threshold 15)
[3985.354s][info ][gc,heap        ] GC(95) PSYoungGen: 1978960K(2009088K)->45872K(2015744K) Eden: 1923584K(1923584K)->0K(1931776K) From: 55376K(85504K)->45872K(83968K)
[3985.354s][info ][gc,heap        ] GC(95) ParOldGen: 471312K(520704K)->474864K(520704K)
[3985.354s][info ][gc,metaspace   ] GC(95) Metaspace: 79163K(80128K)->79163K(80128K) NonClass: 68077K(68608K)->68077K(68608K) Class: 11085K(11520K)->11085K(11520K)
[3985.354s][info ][gc             ] GC(95) Pause Young (Allocation Failure) 2392M->508M(2477M) 18.885ms
[3985.354s][info ][gc,cpu         ] GC(95) User=0.05s Sys=0.01s Real=0.02s
[3985.354s][info ][safepoint      ] Safepoint "ParallelGCFailedAllocation", Time since last: 5729381563 ns, Reaching safepoint: 119700 ns, At safepoint: 18947043 ns, Total: 19066743 ns
[3988.354s][info ][safepoint      ] Safepoint "Cleanup", Time since last: 3000208745 ns, Reaching safepoint: 43700 ns, At safepoint: 7100 ns, Total: 50800 ns
[4007.355s][info ][safepoint      ] Safepoint "Cleanup", Time since last: 19001228971 ns, Reaching safepoint: 38400 ns, At safepoint: 3000 ns, Total: 41400 ns
[4034.539s][info ][gc,start       ] GC(96) Pause Young (Allocation Failure)
[4034.554s][debug][gc,phases      ] GC(96) Scavenge 14.806ms
[4034.554s][debug][gc,ref         ] GC(96) Skipped phase 1 of Reference Processing: no references
[4034.554s][debug][gc,ref         ] GC(96) ReferenceProcessor::execute queues: 1, RefProcThreadModel::Single, marks_oops_alive: false
[4034.554s][debug][gc,ref         ] GC(96) Skipped phase 3 of Reference Processing: no references
[4034.554s][debug][gc,ref         ] GC(96) ReferenceProcessor::execute queues: 1, RefProcThreadModel::Single, marks_oops_alive: false
[4034.554s][debug][gc,phases      ] GC(96) Reference Processing 0.096ms
[4034.554s][debug][gc,phases      ] GC(96)   VM Weak                        Min:  0.0, Avg:  0.0, Max:  0.0, Diff:  0.0, Sum:  0.0, Workers: 4
[4034.554s][debug][gc,phases      ] GC(96)     Dead                           Min: 0, Avg:  0.0, Max: 0, Diff: 0, Sum: 0, Workers: 4
[4034.554s][debug][gc,phases      ] GC(96)     Total                          Min: 0, Avg: 190.0, Max: 504, Diff: 504, Sum: 760, Workers: 4
[4034.554s][debug][gc,phases      ] GC(96)   ObjectSynchronizer Weak        Min:  0.0, Avg:  0.0, Max:  0.0, Diff:  0.0, Sum:  0.0, Workers: 4
[4034.554s][debug][gc,phases      ] GC(96)     Dead                           Min: 0, Avg:  0.0, Max: 0, Diff: 0, Sum: 0, Workers: 4
[4034.554s][debug][gc,phases      ] GC(96)     Total                          Min: 0, Avg:  9.2, Max: 37, Diff: 37, Sum: 37, Workers: 4
[4034.554s][debug][gc,phases      ] GC(96)   JVMTI Tag Weak OopStorage      Min:  0.0, Avg:  0.0, Max:  0.0, Diff:  0.0, Sum:  0.0, Workers: 4
[4034.554s][debug][gc,phases      ] GC(96)     Dead                           Min: 0, Avg:  0.0, Max: 0, Diff: 0, Sum: 0, Workers: 4
[4034.554s][debug][gc,phases      ] GC(96)     Total                          Min: 0, Avg:  0.0, Max: 0, Diff: 0, Sum: 0, Workers: 4
[4034.554s][debug][gc,phases      ] GC(96)   StringTable Weak               Min:  0.1, Avg:  0.1, Max:  0.1, Diff:  0.0, Sum:  0.3, Workers: 4
[4034.554s][debug][gc,phases      ] GC(96)     Dead                           Min: 0, Avg:  0.0, Max: 0, Diff: 0, Sum: 0, Workers: 4
[4034.554s][debug][gc,phases      ] GC(96)     Total                          Min: 10048, Avg: 10648.0, Max: 11839, Diff: 1791, Sum: 42592, Workers: 4
[4034.554s][debug][gc,phases      ] GC(96)   ResolvedMethodTable Weak       Min:  0.0, Avg:  0.0, Max:  0.0, Diff:  0.0, Sum:  0.1, Workers: 4
[4034.554s][debug][gc,phases      ] GC(96)     Dead                           Min: 0, Avg:  0.0, Max: 0, Diff: 0, Sum: 0, Workers: 4
[4034.554s][debug][gc,phases      ] GC(96)     Total                          Min: 1984, Avg: 2122.5, Max: 2304, Diff: 320, Sum: 8490, Workers: 4
[4034.554s][debug][gc,phases      ] GC(96)   JNI Weak                       Min:  0.0, Avg:  0.0, Max:  0.0, Diff:  0.0, Sum:  0.0, Workers: 4
[4034.554s][debug][gc,phases      ] GC(96)     Dead                           Min: 0, Avg:  0.0, Max: 0, Diff: 0, Sum: 0, Workers: 4
[4034.554s][debug][gc,phases      ] GC(96)     Total                          Min: 0, Avg: 11.2, Max: 45, Diff: 45, Sum: 45, Workers: 4
[4034.554s][debug][gc,phases      ] GC(96)   StringDedup Table Weak         Min:  0.0, Avg:  0.0, Max:  0.0, Diff:  0.0, Sum:  0.0, Workers: 4
[4034.554s][debug][gc,phases      ] GC(96)     Dead                           Min: 0, Avg:  0.0, Max: 0, Diff: 0, Sum: 0, Workers: 4
[4034.554s][debug][gc,phases      ] GC(96)     Total                          Min: 0, Avg:  0.0, Max: 0, Diff: 0, Sum: 0, Workers: 4
[4034.554s][debug][gc,phases      ] GC(96)   StringDedup Requests0 Weak     Min:  0.0, Avg:  0.0, Max:  0.0, Diff:  0.0, Sum:  0.0, Workers: 4
[4034.554s][debug][gc,phases      ] GC(96)     Dead                           Min: 0, Avg:  0.0, Max: 0, Diff: 0, Sum: 0, Workers: 4
[4034.554s][debug][gc,phases      ] GC(96)     Total                          Min: 0, Avg:  0.0, Max: 0, Diff: 0, Sum: 0, Workers: 4
[4034.554s][debug][gc,phases      ] GC(96)   StringDedup Requests1 Weak     Min:  0.0, Avg:  0.0, Max:  0.0, Diff:  0.0, Sum:  0.0, Workers: 4
[4034.554s][debug][gc,phases      ] GC(96)     Dead                           Min: 0, Avg:  0.0, Max: 0, Diff: 0, Sum: 0, Workers: 4
[4034.554s][debug][gc,phases      ] GC(96)     Total                          Min: 0, Avg:  0.0, Max: 0, Diff: 0, Sum: 0, Workers: 4
[4034.554s][debug][gc,phases      ] GC(96)   Weak JFR Old Object Samples    Min:  0.0, Avg:  0.0, Max:  0.0, Diff:  0.0, Sum:  0.0, Workers: 4
[4034.554s][debug][gc,phases      ] GC(96)     Dead                           Min: 0, Avg:  0.0, Max: 0, Diff: 0, Sum: 0, Workers: 4
[4034.554s][debug][gc,phases      ] GC(96)     Total                          Min: 0, Avg:  0.0, Max: 0, Diff: 0, Sum: 0, Workers: 4
[4034.554s][debug][gc,phases      ] GC(96) Weak Processing 0.253ms
[4034.554s][debug][gc,age         ] GC(96) Desired survivor size 80740352 bytes, new threshold 15 (max threshold 15)
[4034.554s][info ][gc,heap        ] GC(96) PSYoungGen: 1977648K(2015744K)->46016K(2013184K) Eden: 1931776K(1931776K)->0K(1931776K) From: 45872K(83968K)->46016K(81408K)
[4034.554s][info ][gc,heap        ] GC(96) ParOldGen: 474864K(520704K)->474944K(520704K)
[4034.554s][info ][gc,metaspace   ] GC(96) Metaspace: 79165K(80128K)->79165K(80128K) NonClass: 68079K(68608K)->68079K(68608K) Class: 11085K(11520K)->11085K(11520K)
[4034.554s][info ][gc             ] GC(96) Pause Young (Allocation Failure) 2395M->508M(2474M) 15.266ms
[4034.554s][info ][gc,cpu         ] GC(96) User=0.05s Sys=0.00s Real=0.02s
[4034.554s][info ][safepoint      ] Safepoint "ParallelGCFailedAllocation", Time since last: 27183450973 ns, Reaching safepoint: 27000 ns, At safepoint: 15326435 ns, Total: 15353435 ns
[4042.555s][info ][safepoint      ] Safepoint "Cleanup", Time since last: 8000513176 ns, Reaching safepoint: 36200 ns, At safepoint: 11000 ns, Total: 47200 ns
[4080.557s][info ][safepoint      ] Safepoint "Cleanup", Time since last: 38002416775 ns, Reaching safepoint: 37900 ns, At safepoint: 2800 ns, Total: 40700 ns
[4081.593s][info ][gc,start       ] GC(97) Pause Young (Allocation Failure)
[4081.609s][debug][gc,phases      ] GC(97) Scavenge 16.452ms
[4081.609s][debug][gc,ref         ] GC(97) Skipped phase 1 of Reference Processing: no references
[4081.609s][debug][gc,ref         ] GC(97) ReferenceProcessor::execute queues: 1, RefProcThreadModel::Single, marks_oops_alive: false
[4081.609s][debug][gc,ref         ] GC(97) Skipped phase 3 of Reference Processing: no references
[4081.609s][debug][gc,ref         ] GC(97) ReferenceProcessor::execute queues: 1, RefProcThreadModel::Single, marks_oops_alive: false
[4081.609s][debug][gc,phases      ] GC(97) Reference Processing 0.132ms
[4081.609s][debug][gc,phases      ] GC(97)   VM Weak                        Min:  0.0, Avg:  0.0, Max:  0.0, Diff:  0.0, Sum:  0.0, Workers: 4
[4081.609s][debug][gc,phases      ] GC(97)     Dead                           Min: 0, Avg:  0.0, Max: 0, Diff: 0, Sum: 0, Workers: 4
[4081.609s][debug][gc,phases      ] GC(97)     Total                          Min: 0, Avg: 190.0, Max: 760, Diff: 760, Sum: 760, Workers: 4
[4081.609s][debug][gc,phases      ] GC(97)   ObjectSynchronizer Weak        Min:  0.0, Avg:  0.0, Max:  0.0, Diff:  0.0, Sum:  0.0, Workers: 4
[4081.609s][debug][gc,phases      ] GC(97)     Dead                           Min: 0, Avg:  0.0, Max: 0, Diff: 0, Sum: 0, Workers: 4
[4081.609s][debug][gc,phases      ] GC(97)     Total                          Min: 0, Avg:  9.2, Max: 37, Diff: 37, Sum: 37, Workers: 4
[4081.609s][debug][gc,phases      ] GC(97)   JVMTI Tag Weak OopStorage      Min:  0.0, Avg:  0.0, Max:  0.0, Diff:  0.0, Sum:  0.0, Workers: 4
[4081.609s][debug][gc,phases      ] GC(97)     Dead                           Min: 0, Avg:  0.0, Max: 0, Diff: 0, Sum: 0, Workers: 4
[4081.609s][debug][gc,phases      ] GC(97)     Total                          Min: 0, Avg:  0.0, Max: 0, Diff: 0, Sum: 0, Workers: 4
[4081.609s][debug][gc,phases      ] GC(97)   StringTable Weak               Min:  0.1, Avg:  0.1, Max:  0.1, Diff:  0.0, Sum:  0.4, Workers: 4
[4081.609s][debug][gc,phases      ] GC(97)     Dead                           Min: 0, Avg:  0.0, Max: 0, Diff: 0, Sum: 0, Workers: 4
[4081.609s][debug][gc,phases      ] GC(97)     Total                          Min: 10048, Avg: 10648.0, Max: 11711, Diff: 1663, Sum: 42592, Workers: 4
[4081.609s][debug][gc,phases      ] GC(97)   ResolvedMethodTable Weak       Min:  0.0, Avg:  0.0, Max:  0.0, Diff:  0.0, Sum:  0.1, Workers: 4
[4081.609s][debug][gc,phases      ] GC(97)     Dead                           Min: 0, Avg:  0.0, Max: 0, Diff: 0, Sum: 0, Workers: 4
[4081.609s][debug][gc,phases      ] GC(97)     Total                          Min: 1984, Avg: 2122.5, Max: 2304, Diff: 320, Sum: 8490, Workers: 4
[4081.609s][debug][gc,phases      ] GC(97)   JNI Weak                       Min:  0.0, Avg:  0.0, Max:  0.0, Diff:  0.0, Sum:  0.0, Workers: 4
[4081.609s][debug][gc,phases      ] GC(97)     Dead                           Min: 0, Avg:  0.0, Max: 0, Diff: 0, Sum: 0, Workers: 4
[4081.609s][debug][gc,phases      ] GC(97)     Total                          Min: 0, Avg: 11.2, Max: 45, Diff: 45, Sum: 45, Workers: 4
[4081.609s][debug][gc,phases      ] GC(97)   StringDedup Table Weak         Min:  0.0, Avg:  0.0, Max:  0.0, Diff:  0.0, Sum:  0.0, Workers: 4
[4081.609s][debug][gc,phases      ] GC(97)     Dead                           Min: 0, Avg:  0.0, Max: 0, Diff: 0, Sum: 0, Workers: 4
[4081.609s][debug][gc,phases      ] GC(97)     Total                          Min: 0, Avg:  0.0, Max: 0, Diff: 0, Sum: 0, Workers: 4
[4081.609s][debug][gc,phases      ] GC(97)   StringDedup Requests0 Weak     Min:  0.0, Avg:  0.0, Max:  0.0, Diff:  0.0, Sum:  0.0, Workers: 4
[4081.609s][debug][gc,phases      ] GC(97)     Dead                           Min: 0, Avg:  0.0, Max: 0, Diff: 0, Sum: 0, Workers: 4
[4081.609s][debug][gc,phases      ] GC(97)     Total                          Min: 0, Avg:  0.0, Max: 0, Diff: 0, Sum: 0, Workers: 4
[4081.609s][debug][gc,phases      ] GC(97)   StringDedup Requests1 Weak     Min:  0.0, Avg:  0.0, Max:  0.0, Diff:  0.0, Sum:  0.0, Workers: 4
[4081.609s][debug][gc,phases      ] GC(97)     Dead                           Min: 0, Avg:  0.0, Max: 0, Diff: 0, Sum: 0, Workers: 4
[4081.609s][debug][gc,phases      ] GC(97)     Total                          Min: 0, Avg:  0.0, Max: 0, Diff: 0, Sum: 0, Workers: 4
[4081.609s][debug][gc,phases      ] GC(97)   Weak JFR Old Object Samples    Min:  0.0, Avg:  0.0, Max:  0.0, Diff:  0.0, Sum:  0.0, Workers: 4
[4081.609s][debug][gc,phases      ] GC(97)     Dead                           Min: 0, Avg:  0.0, Max: 0, Diff: 0, Sum: 0, Workers: 4
[4081.609s][debug][gc,phases      ] GC(97)     Total                          Min: 0, Avg:  0.0, Max: 0, Diff: 0, Sum: 0, Workers: 4
[4081.610s][debug][gc,phases      ] GC(97) Weak Processing 0.271ms
[4081.610s][debug][gc,age         ] GC(97) Desired survivor size 78118912 bytes, new threshold 15 (max threshold 15)
[4081.610s][info ][gc,heap        ] GC(97) PSYoungGen: 1977792K(2013184K)->46064K(2020864K) Eden: 1931776K(1931776K)->0K(1942016K) From: 46016K(81408K)->46064K(78848K)
[4081.610s][info ][gc,heap        ] GC(97) ParOldGen: 474944K(520704K)->474984K(520704K)
[4081.610s][info ][gc,metaspace   ] GC(97) Metaspace: 79165K(80128K)->79165K(80128K) NonClass: 68080K(68608K)->68080K(68608K) Class: 11085K(11520K)->11085K(11520K)
[4081.610s][info ][gc             ] GC(97) Pause Young (Allocation Failure) 2395M->508M(2482M) 16.959ms
[4081.610s][info ][gc,cpu         ] GC(97) User=0.05s Sys=0.00s Real=0.02s
[4081.610s][info ][safepoint      ] Safepoint "ParallelGCFailedAllocation", Time since last: 1035353194 ns, Reaching safepoint: 105500 ns, At safepoint: 17025739 ns, Total: 17131239 ns
[4085.610s][info ][safepoint      ] Safepoint "Cleanup", Time since last: 4000232453 ns, Reaching safepoint: 37700 ns, At safepoint: 2600 ns, Total: 40300 ns
[4090.610s][info ][safepoint      ] Safepoint "Cleanup", Time since last: 5000266879 ns, Reaching safepoint: 29300 ns, At safepoint: 6000 ns, Total: 35300 ns
[4092.610s][info ][safepoint      ] Safepoint "Cleanup", Time since last: 2000168336 ns, Reaching safepoint: 38600 ns, At safepoint: 4100 ns, Total: 42700 ns
[4098.611s][info ][safepoint      ] Safepoint "Cleanup", Time since last: 6000411822 ns, Reaching safepoint: 37900 ns, At safepoint: 3900 ns, Total: 41800 ns
[4106.611s][info ][safepoint      ] Safepoint "Cleanup", Time since last: 8000543196 ns, Reaching safepoint: 40500 ns, At safepoint: 2900 ns, Total: 43400 ns
[4108.612s][info ][safepoint      ] Safepoint "Cleanup", Time since last: 2000173455 ns, Reaching safepoint: 24100 ns, At safepoint: 2400 ns, Total: 26500 ns
[4130.584s][info ][gc,start       ] GC(98) Pause Young (Allocation Failure)
[4130.598s][debug][gc,phases      ] GC(98) Scavenge 14.194ms
[4130.598s][debug][gc,ref         ] GC(98) Skipped phase 1 of Reference Processing: no references
[4130.598s][debug][gc,ref         ] GC(98) ReferenceProcessor::execute queues: 1, RefProcThreadModel::Single, marks_oops_alive: false
[4130.598s][debug][gc,ref         ] GC(98) Skipped phase 3 of Reference Processing: no references
[4130.598s][debug][gc,ref         ] GC(98) ReferenceProcessor::execute queues: 1, RefProcThreadModel::Single, marks_oops_alive: false
[4130.598s][debug][gc,phases      ] GC(98) Reference Processing 0.090ms
[4130.598s][debug][gc,phases      ] GC(98)   VM Weak                        Min:  0.0, Avg:  0.0, Max:  0.0, Diff:  0.0, Sum:  0.0, Workers: 4
[4130.598s][debug][gc,phases      ] GC(98)     Dead                           Min: 0, Avg:  0.0, Max: 0, Diff: 0, Sum: 0, Workers: 4
[4130.598s][debug][gc,phases      ] GC(98)     Total                          Min: 0, Avg: 190.0, Max: 760, Diff: 760, Sum: 760, Workers: 4
[4130.598s][debug][gc,phases      ] GC(98)   ObjectSynchronizer Weak        Min:  0.0, Avg:  0.0, Max:  0.0, Diff:  0.0, Sum:  0.0, Workers: 4
[4130.598s][debug][gc,phases      ] GC(98)     Dead                           Min: 0, Avg:  0.0, Max: 0, Diff: 0, Sum: 0, Workers: 4
[4130.598s][debug][gc,phases      ] GC(98)     Total                          Min: 0, Avg:  9.2, Max: 37, Diff: 37, Sum: 37, Workers: 4
[4130.598s][debug][gc,phases      ] GC(98)   JVMTI Tag Weak OopStorage      Min:  0.0, Avg:  0.0, Max:  0.0, Diff:  0.0, Sum:  0.0, Workers: 4
[4130.598s][debug][gc,phases      ] GC(98)     Dead                           Min: 0, Avg:  0.0, Max: 0, Diff: 0, Sum: 0, Workers: 4
[4130.598s][debug][gc,phases      ] GC(98)     Total                          Min: 0, Avg:  0.0, Max: 0, Diff: 0, Sum: 0, Workers: 4
[4130.598s][debug][gc,phases      ] GC(98)   StringTable Weak               Min:  0.1, Avg:  0.1, Max:  0.1, Diff:  0.0, Sum:  0.4, Workers: 4
[4130.598s][debug][gc,phases      ] GC(98)     Dead                           Min: 0, Avg:  0.0, Max: 0, Diff: 0, Sum: 0, Workers: 4
[4130.598s][debug][gc,phases      ] GC(98)     Total                          Min: 10367, Avg: 10648.0, Max: 11007, Diff: 640, Sum: 42592, Workers: 4
[4130.598s][debug][gc,phases      ] GC(98)   ResolvedMethodTable Weak       Min:  0.0, Avg:  0.0, Max:  0.0, Diff:  0.0, Sum:  0.1, Workers: 4
[4130.598s][debug][gc,phases      ] GC(98)     Dead                           Min: 0, Avg:  0.0, Max: 0, Diff: 0, Sum: 0, Workers: 4
[4130.598s][debug][gc,phases      ] GC(98)     Total                          Min: 2026, Avg: 2122.5, Max: 2240, Diff: 214, Sum: 8490, Workers: 4
[4130.598s][debug][gc,phases      ] GC(98)   JNI Weak                       Min:  0.0, Avg:  0.0, Max:  0.0, Diff:  0.0, Sum:  0.0, Workers: 4
[4130.598s][debug][gc,phases      ] GC(98)     Dead                           Min: 0, Avg:  0.0, Max: 0, Diff: 0, Sum: 0, Workers: 4
[4130.598s][debug][gc,phases      ] GC(98)     Total                          Min: 0, Avg: 11.2, Max: 45, Diff: 45, Sum: 45, Workers: 4
[4130.598s][debug][gc,phases      ] GC(98)   StringDedup Table Weak         Min:  0.0, Avg:  0.0, Max:  0.0, Diff:  0.0, Sum:  0.0, Workers: 4
[4130.598s][debug][gc,phases      ] GC(98)     Dead                           Min: 0, Avg:  0.0, Max: 0, Diff: 0, Sum: 0, Workers: 4
[4130.598s][debug][gc,phases      ] GC(98)     Total                          Min: 0, Avg:  0.0, Max: 0, Diff: 0, Sum: 0, Workers: 4
[4130.598s][debug][gc,phases      ] GC(98)   StringDedup Requests0 Weak     Min:  0.0, Avg:  0.0, Max:  0.0, Diff:  0.0, Sum:  0.0, Workers: 4
[4130.598s][debug][gc,phases      ] GC(98)     Dead                           Min: 0, Avg:  0.0, Max: 0, Diff: 0, Sum: 0, Workers: 4
[4130.598s][debug][gc,phases      ] GC(98)     Total                          Min: 0, Avg:  0.0, Max: 0, Diff: 0, Sum: 0, Workers: 4
[4130.598s][debug][gc,phases      ] GC(98)   StringDedup Requests1 Weak     Min:  0.0, Avg:  0.0, Max:  0.0, Diff:  0.0, Sum:  0.0, Workers: 4
[4130.598s][debug][gc,phases      ] GC(98)     Dead                           Min: 0, Avg:  0.0, Max: 0, Diff: 0, Sum: 0, Workers: 4
[4130.598s][debug][gc,phases      ] GC(98)     Total                          Min: 0, Avg:  0.0, Max: 0, Diff: 0, Sum: 0, Workers: 4
[4130.598s][debug][gc,phases      ] GC(98)   Weak JFR Old Object Samples    Min:  0.0, Avg:  0.0, Max:  0.0, Diff:  0.0, Sum:  0.0, Workers: 4
[4130.598s][debug][gc,phases      ] GC(98)     Dead                           Min: 0, Avg:  0.0, Max: 0, Diff: 0, Sum: 0, Workers: 4
[4130.598s][debug][gc,phases      ] GC(98)     Total                          Min: 0, Avg:  0.0, Max: 0, Diff: 0, Sum: 0, Workers: 4
[4130.598s][debug][gc,phases      ] GC(98) Weak Processing 0.262ms
[4130.598s][debug][gc,age         ] GC(98) Desired survivor size 76021760 bytes, new threshold 15 (max threshold 15)
[4130.598s][info ][gc,heap        ] GC(98) PSYoungGen: 1988080K(2020864K)->45936K(2018304K) Eden: 1942016K(1942016K)->0K(1942016K) From: 46064K(78848K)->45936K(76288K)
[4130.598s][info ][gc,heap        ] GC(98) ParOldGen: 474984K(520704K)->475048K(520704K)
[4130.598s][info ][gc,metaspace   ] GC(98) Metaspace: 79170K(80128K)->79170K(80128K) NonClass: 68085K(68608K)->68085K(68608K) Class: 11085K(11520K)->11085K(11520K)
[4130.598s][info ][gc             ] GC(98) Pause Young (Allocation Failure) 2405M->508M(2479M) 14.652ms
[4130.598s][info ][gc,cpu         ] GC(98) User=0.04s Sys=0.00s Real=0.02s
[4130.598s][info ][safepoint      ] Safepoint "ParallelGCFailedAllocation", Time since last: 21971947384 ns, Reaching safepoint: 110801 ns, At safepoint: 14722534 ns, Total: 14833335 ns
[4167.601s][info ][safepoint      ] Safepoint "Cleanup", Time since last: 37002176666 ns, Reaching safepoint: 71300 ns, At safepoint: 2400 ns, Total: 73700 ns
[4168.601s][info ][safepoint      ] Safepoint "Cleanup", Time since last: 1000105760 ns, Reaching safepoint: 62900 ns, At safepoint: 2200 ns, Total: 65100 ns
[4169.601s][info ][safepoint      ] Safepoint "Cleanup", Time since last: 1000108962 ns, Reaching safepoint: 44400 ns, At safepoint: 6800 ns, Total: 51200 ns
[4170.601s][info ][safepoint      ] Safepoint "Cleanup", Time since last: 1000062661 ns, Reaching safepoint: 31300 ns, At safepoint: 2200 ns, Total: 33500 ns
[4176.602s][info ][safepoint      ] Safepoint "Cleanup", Time since last: 6000409780 ns, Reaching safepoint: 42600 ns, At safepoint: 2700 ns, Total: 45300 ns
[4185.188s][info ][gc,start       ] GC(99) Pause Young (Allocation Failure)
[4185.202s][debug][gc,phases      ] GC(99) Scavenge 13.973ms
[4185.202s][debug][gc,ref         ] GC(99) Skipped phase 1 of Reference Processing: no references
[4185.202s][debug][gc,ref         ] GC(99) ReferenceProcessor::execute queues: 1, RefProcThreadModel::Single, marks_oops_alive: false
[4185.202s][debug][gc,ref         ] GC(99) Skipped phase 3 of Reference Processing: no references
[4185.202s][debug][gc,ref         ] GC(99) ReferenceProcessor::execute queues: 1, RefProcThreadModel::Single, marks_oops_alive: false
[4185.202s][debug][gc,phases      ] GC(99) Reference Processing 0.084ms
[4185.202s][debug][gc,phases      ] GC(99)   VM Weak                        Min:  0.0, Avg:  0.0, Max:  0.0, Diff:  0.0, Sum:  0.0, Workers: 4
[4185.202s][debug][gc,phases      ] GC(99)     Dead                           Min: 0, Avg:  0.0, Max: 0, Diff: 0, Sum: 0, Workers: 4
[4185.202s][debug][gc,phases      ] GC(99)     Total                          Min: 0, Avg: 190.0, Max: 704, Diff: 704, Sum: 760, Workers: 4
[4185.202s][debug][gc,phases      ] GC(99)   ObjectSynchronizer Weak        Min:  0.0, Avg:  0.0, Max:  0.0, Diff:  0.0, Sum:  0.0, Workers: 4
[4185.202s][debug][gc,phases      ] GC(99)     Dead                           Min: 0, Avg:  0.0, Max: 0, Diff: 0, Sum: 0, Workers: 4
[4185.202s][debug][gc,phases      ] GC(99)     Total                          Min: 0, Avg:  9.5, Max: 38, Diff: 38, Sum: 38, Workers: 4
[4185.202s][debug][gc,phases      ] GC(99)   JVMTI Tag Weak OopStorage      Min:  0.0, Avg:  0.0, Max:  0.0, Diff:  0.0, Sum:  0.0, Workers: 4
[4185.202s][debug][gc,phases      ] GC(99)     Dead                           Min: 0, Avg:  0.0, Max: 0, Diff: 0, Sum: 0, Workers: 4
[4185.202s][debug][gc,phases      ] GC(99)     Total                          Min: 0, Avg:  0.0, Max: 0, Diff: 0, Sum: 0, Workers: 4
[4185.202s][debug][gc,phases      ] GC(99)   StringTable Weak               Min:  0.1, Avg:  0.1, Max:  0.1, Diff:  0.0, Sum:  0.3, Workers: 4
[4185.202s][debug][gc,phases      ] GC(99)     Dead                           Min: 0, Avg:  0.0, Max: 0, Diff: 0, Sum: 0, Workers: 4
[4185.202s][debug][gc,phases      ] GC(99)     Total                          Min: 10176, Avg: 10649.5, Max: 11583, Diff: 1407, Sum: 42598, Workers: 4
[4185.202s][debug][gc,phases      ] GC(99)   ResolvedMethodTable Weak       Min:  0.0, Avg:  0.0, Max:  0.0, Diff:  0.0, Sum:  0.1, Workers: 4
[4185.202s][debug][gc,phases      ] GC(99)     Dead                           Min: 0, Avg:  0.0, Max: 0, Diff: 0, Sum: 0, Workers: 4
[4185.202s][debug][gc,phases      ] GC(99)     Total                          Min: 2090, Avg: 2122.5, Max: 2176, Diff: 86, Sum: 8490, Workers: 4
[4185.202s][debug][gc,phases      ] GC(99)   JNI Weak                       Min:  0.0, Avg:  0.0, Max:  0.0, Diff:  0.0, Sum:  0.0, Workers: 4
[4185.202s][debug][gc,phases      ] GC(99)     Dead                           Min: 0, Avg:  0.0, Max: 0, Diff: 0, Sum: 0, Workers: 4
[4185.202s][debug][gc,phases      ] GC(99)     Total                          Min: 0, Avg: 11.2, Max: 45, Diff: 45, Sum: 45, Workers: 4
[4185.202s][debug][gc,phases      ] GC(99)   StringDedup Table Weak         Min:  0.0, Avg:  0.0, Max:  0.0, Diff:  0.0, Sum:  0.0, Workers: 4
[4185.202s][debug][gc,phases      ] GC(99)     Dead                           Min: 0, Avg:  0.0, Max: 0, Diff: 0, Sum: 0, Workers: 4
[4185.202s][debug][gc,phases      ] GC(99)     Total                          Min: 0, Avg:  0.0, Max: 0, Diff: 0, Sum: 0, Workers: 4
[4185.202s][debug][gc,phases      ] GC(99)   StringDedup Requests0 Weak     Min:  0.0, Avg:  0.0, Max:  0.0, Diff:  0.0, Sum:  0.0, Workers: 4
[4185.202s][debug][gc,phases      ] GC(99)     Dead                           Min: 0, Avg:  0.0, Max: 0, Diff: 0, Sum: 0, Workers: 4
[4185.202s][debug][gc,phases      ] GC(99)     Total                          Min: 0, Avg:  0.0, Max: 0, Diff: 0, Sum: 0, Workers: 4
[4185.202s][debug][gc,phases      ] GC(99)   StringDedup Requests1 Weak     Min:  0.0, Avg:  0.0, Max:  0.0, Diff:  0.0, Sum:  0.0, Workers: 4
[4185.202s][debug][gc,phases      ] GC(99)     Dead                           Min: 0, Avg:  0.0, Max: 0, Diff: 0, Sum: 0, Workers: 4
[4185.202s][debug][gc,phases      ] GC(99)     Total                          Min: 0, Avg:  0.0, Max: 0, Diff: 0, Sum: 0, Workers: 4
[4185.202s][debug][gc,phases      ] GC(99)   Weak JFR Old Object Samples    Min:  0.0, Avg:  0.0, Max:  0.0, Diff:  0.0, Sum:  0.0, Workers: 4
[4185.202s][debug][gc,phases      ] GC(99)     Dead                           Min: 0, Avg:  0.0, Max: 0, Diff: 0, Sum: 0, Workers: 4
[4185.202s][debug][gc,phases      ] GC(99)     Total                          Min: 0, Avg:  0.0, Max: 0, Diff: 0, Sum: 0, Workers: 4
[4185.202s][debug][gc,phases      ] GC(99) Weak Processing 0.292ms
[4185.202s][debug][gc,age         ] GC(99) Desired survivor size 73924608 bytes, new threshold 15 (max threshold 15)
[4185.202s][info ][gc,heap        ] GC(99) PSYoungGen: 1987952K(2018304K)->46176K(2024960K) Eden: 1942016K(1942016K)->0K(1950720K) From: 45936K(76288K)->46176K(74240K)
[4185.202s][info ][gc,heap        ] GC(99) ParOldGen: 475048K(520704K)->475128K(520704K)
[4185.202s][info ][gc,metaspace   ] GC(99) Metaspace: 79173K(80128K)->79173K(80128K) NonClass: 68087K(68608K)->68087K(68608K) Class: 11086K(11520K)->11086K(11520K)
[4185.202s][info ][gc             ] GC(99) Pause Young (Allocation Failure) 2405M->509M(2486M) 14.450ms
[4185.202s][info ][gc,cpu         ] GC(99) User=0.04s Sys=0.00s Real=0.01s
[4185.202s][info ][safepoint      ] Safepoint "ParallelGCFailedAllocation", Time since last: 8586178822 ns, Reaching safepoint: 30500 ns, At safepoint: 14522234 ns, Total: 14552734 ns
[4189.203s][info ][safepoint      ] Safepoint "Cleanup", Time since last: 4000254781 ns, Reaching safepoint: 39600 ns, At safepoint: 6300 ns, Total: 45900 ns
[4193.203s][info ][safepoint      ] Safepoint "Cleanup", Time since last: 4000275789 ns, Reaching safepoint: 46800 ns, At safepoint: 20000 ns, Total: 66800 ns
[4194.784s][info ][safepoint      ] Safepoint "Cleanup", Time since last: 1580944152 ns, Reaching safepoint: 55500 ns, At safepoint: 8500 ns, Total: 64000 ns
[4202.785s][info ][safepoint      ] Safepoint "Cleanup", Time since last: 8000622707 ns, Reaching safepoint: 108200 ns, At safepoint: 5500 ns, Total: 113700 ns
[4217.786s][info ][safepoint      ] Safepoint "Cleanup", Time since last: 15001106120 ns, Reaching safepoint: 128500 ns, At safepoint: 10300 ns, Total: 138800 ns
[4228.787s][info ][safepoint      ] Safepoint "Cleanup", Time since last: 11000990463 ns, Reaching safepoint: 100700 ns, At safepoint: 7600 ns, Total: 108300 ns
[4230.787s][info ][safepoint      ] Safepoint "Cleanup", Time since last: 2000182081 ns, Reaching safepoint: 107500 ns, At safepoint: 6900 ns, Total: 114400 ns
[4231.787s][info ][safepoint      ] Safepoint "Cleanup", Time since last: 1000108591 ns, Reaching safepoint: 108601 ns, At safepoint: 8400 ns, Total: 117001 ns
[4234.337s][info ][gc,start       ] GC(100) Pause Young (Allocation Failure)
[4234.357s][debug][gc,phases      ] GC(100) Scavenge 19.545ms
[4234.357s][debug][gc,ref         ] GC(100) Skipped phase 1 of Reference Processing: no references
[4234.357s][debug][gc,ref         ] GC(100) ReferenceProcessor::execute queues: 1, RefProcThreadModel::Single, marks_oops_alive: false
[4234.357s][debug][gc,ref         ] GC(100) Skipped phase 3 of Reference Processing: no references
[4234.357s][debug][gc,ref         ] GC(100) ReferenceProcessor::execute queues: 1, RefProcThreadModel::Single, marks_oops_alive: false
[4234.357s][debug][gc,phases      ] GC(100) Reference Processing 0.100ms
[4234.357s][debug][gc,phases      ] GC(100)   VM Weak                        Min:  0.0, Avg:  0.0, Max:  0.0, Diff:  0.0, Sum:  0.0, Workers: 4
[4234.357s][debug][gc,phases      ] GC(100)     Dead                           Min: 0, Avg:  0.0, Max: 0, Diff: 0, Sum: 0, Workers: 4
[4234.357s][debug][gc,phases      ] GC(100)     Total                          Min: 0, Avg: 190.0, Max: 760, Diff: 760, Sum: 760, Workers: 4
[4234.357s][debug][gc,phases      ] GC(100)   ObjectSynchronizer Weak        Min:  0.0, Avg:  0.0, Max:  0.0, Diff:  0.0, Sum:  0.0, Workers: 4
[4234.357s][debug][gc,phases      ] GC(100)     Dead                           Min: 0, Avg:  0.0, Max: 0, Diff: 0, Sum: 0, Workers: 4
[4234.357s][debug][gc,phases      ] GC(100)     Total                          Min: 0, Avg:  9.5, Max: 38, Diff: 38, Sum: 38, Workers: 4
[4234.357s][debug][gc,phases      ] GC(100)   JVMTI Tag Weak OopStorage      Min:  0.0, Avg:  0.0, Max:  0.0, Diff:  0.0, Sum:  0.0, Workers: 4
[4234.357s][debug][gc,phases      ] GC(100)     Dead                           Min: 0, Avg:  0.0, Max: 0, Diff: 0, Sum: 0, Workers: 4
[4234.357s][debug][gc,phases      ] GC(100)     Total                          Min: 0, Avg:  0.0, Max: 0, Diff: 0, Sum: 0, Workers: 4
[4234.357s][debug][gc,phases      ] GC(100)   StringTable Weak               Min:  0.0, Avg:  0.1, Max:  0.1, Diff:  0.1, Sum:  0.3, Workers: 4
[4234.357s][debug][gc,phases      ] GC(100)     Dead                           Min: 0, Avg:  0.0, Max: 0, Diff: 0, Sum: 0, Workers: 4
[4234.357s][debug][gc,phases      ] GC(100)     Total                          Min: 0, Avg: 10649.5, Max: 19176, Diff: 19176, Sum: 42598, Workers: 4
[4234.357s][debug][gc,phases      ] GC(100)   ResolvedMethodTable Weak       Min:  0.0, Avg:  0.0, Max:  0.0, Diff:  0.0, Sum:  0.1, Workers: 4
[4234.357s][debug][gc,phases      ] GC(100)     Dead                           Min: 0, Avg:  0.0, Max: 0, Diff: 0, Sum: 0, Workers: 4
[4234.357s][debug][gc,phases      ] GC(100)     Total                          Min: 0, Avg: 2122.5, Max: 3328, Diff: 3328, Sum: 8490, Workers: 4
[4234.357s][debug][gc,phases      ] GC(100)   JNI Weak                       Min:  0.0, Avg:  0.0, Max:  0.0, Diff:  0.0, Sum:  0.0, Workers: 4
[4234.357s][debug][gc,phases      ] GC(100)     Dead                           Min: 0, Avg:  0.0, Max: 0, Diff: 0, Sum: 0, Workers: 4
[4234.357s][debug][gc,phases      ] GC(100)     Total                          Min: 0, Avg: 11.2, Max: 45, Diff: 45, Sum: 45, Workers: 4
[4234.357s][debug][gc,phases      ] GC(100)   StringDedup Table Weak         Min:  0.0, Avg:  0.0, Max:  0.0, Diff:  0.0, Sum:  0.0, Workers: 4
[4234.357s][debug][gc,phases      ] GC(100)     Dead                           Min: 0, Avg:  0.0, Max: 0, Diff: 0, Sum: 0, Workers: 4
[4234.357s][debug][gc,phases      ] GC(100)     Total                          Min: 0, Avg:  0.0, Max: 0, Diff: 0, Sum: 0, Workers: 4
[4234.357s][debug][gc,phases      ] GC(100)   StringDedup Requests0 Weak     Min:  0.0, Avg:  0.0, Max:  0.0, Diff:  0.0, Sum:  0.0, Workers: 4
[4234.357s][debug][gc,phases      ] GC(100)     Dead                           Min: 0, Avg:  0.0, Max: 0, Diff: 0, Sum: 0, Workers: 4
[4234.357s][debug][gc,phases      ] GC(100)     Total                          Min: 0, Avg:  0.0, Max: 0, Diff: 0, Sum: 0, Workers: 4
[4234.357s][debug][gc,phases      ] GC(100)   StringDedup Requests1 Weak     Min:  0.0, Avg:  0.0, Max:  0.0, Diff:  0.0, Sum:  0.0, Workers: 4
[4234.357s][debug][gc,phases      ] GC(100)     Dead                           Min: 0, Avg:  0.0, Max: 0, Diff: 0, Sum: 0, Workers: 4
[4234.357s][debug][gc,phases      ] GC(100)     Total                          Min: 0, Avg:  0.0, Max: 0, Diff: 0, Sum: 0, Workers: 4
[4234.357s][debug][gc,phases      ] GC(100)   Weak JFR Old Object Samples    Min:  0.0, Avg:  0.0, Max:  0.0, Diff:  0.0, Sum:  0.0, Workers: 4
[4234.357s][debug][gc,phases      ] GC(100)     Dead                           Min: 0, Avg:  0.0, Max: 0, Diff: 0, Sum: 0, Workers: 4
[4234.357s][debug][gc,phases      ] GC(100)     Total                          Min: 0, Avg:  0.0, Max: 0, Diff: 0, Sum: 0, Workers: 4
[4234.357s][debug][gc,phases      ] GC(100) Weak Processing 0.285ms
[4234.357s][debug][gc,age         ] GC(100) Desired survivor size 77070336 bytes, new threshold 15 (max threshold 15)
[4234.357s][info ][gc,heap        ] GC(100) PSYoungGen: 1996896K(2024960K)->15552K(1966592K) Eden: 1950720K(1950720K)->0K(1950720K) From: 46176K(74240K)->15552K(15872K)
[4234.357s][info ][gc,heap        ] GC(100) ParOldGen: 475128K(520704K)->508284K(520704K)
[4234.357s][info ][gc,metaspace   ] GC(100) Metaspace: 79178K(80128K)->79178K(80128K) NonClass: 68092K(68608K)->68092K(68608K) Class: 11086K(11520K)->11086K(11520K)
[4234.357s][info ][gc             ] GC(100) Pause Young (Allocation Failure) 2414M->511M(2429M) 20.041ms
[4234.357s][info ][gc,cpu         ] GC(100) User=0.06s Sys=0.00s Real=0.02s
[4234.357s][debug][gc,phases      ] GC(101) Pre Compact 0.008ms
[4234.357s][info ][gc,start       ] GC(101) Pause Full (Ergonomics)
[4234.357s][info ][gc,phases,start] GC(101) Marking Phase
[4234.458s][debug][gc,phases      ] GC(101) Par Mark 101.323ms
[4234.459s][debug][gc,ref         ] GC(101) ReferenceProcessor::execute queues: 4, RefProcThreadModel::Multi, marks_oops_alive: true
[4234.459s][debug][gc,ref         ] GC(101) ReferenceProcessor::execute queues: 4, RefProcThreadModel::Multi, marks_oops_alive: false
[4234.459s][debug][gc,ref         ] GC(101) ReferenceProcessor::execute queues: 4, RefProcThreadModel::Multi, marks_oops_alive: true
[4234.460s][debug][gc,ref         ] GC(101) ReferenceProcessor::execute queues: 1, RefProcThreadModel::Single, marks_oops_alive: false
[4234.460s][debug][gc,phases      ] GC(101) Reference Processing 1.066ms
[4234.460s][debug][gc,phases      ] GC(101)   VM Weak                        Min:  0.0, Avg:  0.0, Max:  0.0, Diff:  0.0, Sum:  0.0, Workers: 4
[4234.460s][debug][gc,phases      ] GC(101)     Dead                           Min: 0, Avg: 35.5, Max: 80, Diff: 80, Sum: 142, Workers: 4
[4234.460s][debug][gc,phases      ] GC(101)     Total                          Min: 0, Avg: 190.0, Max: 504, Diff: 504, Sum: 760, Workers: 4
[4234.460s][debug][gc,phases      ] GC(101)   ObjectSynchronizer Weak        Min:  0.0, Avg:  0.0, Max:  0.0, Diff:  0.0, Sum:  0.0, Workers: 4
[4234.460s][debug][gc,phases      ] GC(101)     Dead                           Min: 0, Avg:  0.0, Max: 0, Diff: 0, Sum: 0, Workers: 4
[4234.460s][debug][gc,phases      ] GC(101)     Total                          Min: 0, Avg:  9.5, Max: 38, Diff: 38, Sum: 38, Workers: 4
[4234.460s][debug][gc,phases      ] GC(101)   JVMTI Tag Weak OopStorage      Min:  0.0, Avg:  0.0, Max:  0.0, Diff:  0.0, Sum:  0.0, Workers: 4
[4234.460s][debug][gc,phases      ] GC(101)     Dead                           Min: 0, Avg:  0.0, Max: 0, Diff: 0, Sum: 0, Workers: 4
[4234.460s][debug][gc,phases      ] GC(101)     Total                          Min: 0, Avg:  0.0, Max: 0, Diff: 0, Sum: 0, Workers: 4
[4234.460s][debug][gc,phases      ] GC(101)   StringTable Weak               Min:  0.1, Avg:  0.1, Max:  0.1, Diff:  0.0, Sum:  0.5, Workers: 4
[4234.460s][debug][gc,phases      ] GC(101)     Dead                           Min: 182, Avg: 293.2, Max: 490, Diff: 308, Sum: 1173, Workers: 4
[4234.460s][debug][gc,phases      ] GC(101)     Total                          Min: 9984, Avg: 10649.5, Max: 11561, Diff: 1577, Sum: 42598, Workers: 4
[4234.460s][debug][gc,phases      ] GC(101)   ResolvedMethodTable Weak       Min:  0.0, Avg:  0.0, Max:  0.0, Diff:  0.0, Sum:  0.1, Workers: 4
[4234.460s][debug][gc,phases      ] GC(101)     Dead                           Min: 8, Avg: 37.5, Max: 54, Diff: 46, Sum: 150, Workers: 4
[4234.460s][debug][gc,phases      ] GC(101)     Total                          Min: 1984, Avg: 2122.5, Max: 2368, Diff: 384, Sum: 8490, Workers: 4
[4234.460s][debug][gc,phases      ] GC(101)   JNI Weak                       Min:  0.0, Avg:  0.0, Max:  0.0, Diff:  0.0, Sum:  0.0, Workers: 4
[4234.460s][debug][gc,phases      ] GC(101)     Dead                           Min: 0, Avg:  0.0, Max: 0, Diff: 0, Sum: 0, Workers: 4
[4234.460s][debug][gc,phases      ] GC(101)     Total                          Min: 0, Avg: 11.2, Max: 45, Diff: 45, Sum: 45, Workers: 4
[4234.460s][debug][gc,phases      ] GC(101)   StringDedup Table Weak         Min:  0.0, Avg:  0.0, Max:  0.0, Diff:  0.0, Sum:  0.0, Workers: 4
[4234.460s][debug][gc,phases      ] GC(101)     Dead                           Min: 0, Avg:  0.0, Max: 0, Diff: 0, Sum: 0, Workers: 4
[4234.460s][debug][gc,phases      ] GC(101)     Total                          Min: 0, Avg:  0.0, Max: 0, Diff: 0, Sum: 0, Workers: 4
[4234.460s][debug][gc,phases      ] GC(101)   StringDedup Requests0 Weak     Min:  0.0, Avg:  0.0, Max:  0.0, Diff:  0.0, Sum:  0.0, Workers: 4
[4234.460s][debug][gc,phases      ] GC(101)     Dead                           Min: 0, Avg:  0.0, Max: 0, Diff: 0, Sum: 0, Workers: 4
[4234.460s][debug][gc,phases      ] GC(101)     Total                          Min: 0, Avg:  0.0, Max: 0, Diff: 0, Sum: 0, Workers: 4
[4234.460s][debug][gc,phases      ] GC(101)   StringDedup Requests1 Weak     Min:  0.0, Avg:  0.0, Max:  0.0, Diff:  0.0, Sum:  0.0, Workers: 4
[4234.460s][debug][gc,phases      ] GC(101)     Dead                           Min: 0, Avg:  0.0, Max: 0, Diff: 0, Sum: 0, Workers: 4
[4234.460s][debug][gc,phases      ] GC(101)     Total                          Min: 0, Avg:  0.0, Max: 0, Diff: 0, Sum: 0, Workers: 4
[4234.460s][debug][gc,phases      ] GC(101)   Weak JFR Old Object Samples    Min:  0.0, Avg:  0.0, Max:  0.0, Diff:  0.0, Sum:  0.0, Workers: 4
[4234.460s][debug][gc,phases      ] GC(101)     Dead                           Min: 0, Avg:  0.0, Max: 0, Diff: 0, Sum: 0, Workers: 4
[4234.460s][debug][gc,phases      ] GC(101)     Total                          Min: 0, Avg:  0.0, Max: 0, Diff: 0, Sum: 0, Workers: 4
[4234.460s][debug][gc,phases      ] GC(101) Weak Processing 0.315ms
[4234.460s][debug][gc,phases      ] GC(101) ClassLoaderData 0.546ms
[4234.460s][debug][gc,phases      ] GC(101) Trigger cleanups 0.006ms
[4234.486s][debug][gc,phases      ] GC(101) Class Unloading 26.424ms
[4234.486s][info ][gc,phases      ] GC(101) Marking Phase 129.281ms
[4234.486s][info ][gc,phases,start] GC(101) Summary Phase
[4234.486s][info ][gc,phases      ] GC(101) Summary Phase 0.019ms
[4234.486s][info ][gc,phases,start] GC(101) Adjust Roots
[4234.501s][info ][gc,phases      ] GC(101) Adjust Roots 14.567ms
[4234.501s][info ][gc,phases,start] GC(101) Compaction Phase
[4234.662s][info ][gc,phases      ] GC(101) Compaction Phase 161.343ms
[4234.662s][info ][gc,phases,start] GC(101) Post Compact
[4234.664s][info ][gc,phases      ] GC(101) Post Compact 1.257ms
[4234.665s][info ][gc,heap        ] GC(101) PSYoungGen: 15552K(1966592K)->0K(2021888K) Eden: 0K(1950720K)->0K(1946624K) From: 15552K(15872K)->0K(75264K)
[4234.665s][info ][gc,heap        ] GC(101) ParOldGen: 508284K(520704K)->372773K(453632K)
[4234.665s][info ][gc,metaspace   ] GC(101) Metaspace: 79178K(80128K)->78877K(80128K) NonClass: 68092K(68608K)->67863K(68608K) Class: 11086K(11520K)->11013K(11520K)
[4234.665s][info ][gc             ] GC(101) Pause Full (Ergonomics) 511M->364M(2417M) 308.420ms
[4234.665s][info ][gc,cpu         ] GC(101) User=0.98s Sys=0.01s Real=0.31s
[4234.665s][info ][safepoint      ] Safepoint "ParallelGCFailedAllocation", Time since last: 2549393897 ns, Reaching safepoint: 22800 ns, At safepoint: 328573286 ns, Total: 328596086 ns
[4239.666s][info ][safepoint      ] Safepoint "Cleanup", Time since last: 5000335069 ns, Reaching safepoint: 25600 ns, At safepoint: 2500 ns, Total: 28100 ns
[4250.667s][info ][safepoint      ] Safepoint "Cleanup", Time since last: 11000683871 ns, Reaching safepoint: 39300 ns, At safepoint: 2300 ns, Total: 41600 ns
[4254.667s][info ][safepoint      ] Safepoint "Cleanup", Time since last: 4000288302 ns, Reaching safepoint: 28700 ns, At safepoint: 2900 ns, Total: 31600 ns
[4259.667s][info ][safepoint      ] Safepoint "Cleanup", Time since last: 5000362913 ns, Reaching safepoint: 38000 ns, At safepoint: 3900 ns, Total: 41900 ns
[4263.668s][info ][safepoint      ] Safepoint "Cleanup", Time since last: 4000288219 ns, Reaching safepoint: 28900 ns, At safepoint: 2600 ns, Total: 31500 ns
[4265.490s][info ][safepoint      ] Safepoint "Cleanup", Time since last: 1821986983 ns, Reaching safepoint: 130500 ns, At safepoint: 6600 ns, Total: 137100 ns
[4271.490s][info ][safepoint      ] Safepoint "Cleanup", Time since last: 6000462045 ns, Reaching safepoint: 111500 ns, At safepoint: 7600 ns, Total: 119100 ns
[4280.110s][info ][safepoint      ] Safepoint "Cleanup", Time since last: 8619383276 ns, Reaching safepoint: 32700 ns, At safepoint: 4500 ns, Total: 37200 ns
[4281.110s][info ][safepoint      ] Safepoint "Cleanup", Time since last: 1000098112 ns, Reaching safepoint: 37800 ns, At safepoint: 2100 ns, Total: 39900 ns
[4282.736s][info ][gc,start       ] GC(102) Pause Young (Allocation Failure)
[4282.741s][debug][gc,phases      ] GC(102) Scavenge 4.833ms
[4282.741s][debug][gc,ref         ] GC(102) Skipped phase 1 of Reference Processing: no references
[4282.741s][debug][gc,ref         ] GC(102) ReferenceProcessor::execute queues: 1, RefProcThreadModel::Single, marks_oops_alive: false
[4282.741s][debug][gc,ref         ] GC(102) Skipped phase 3 of Reference Processing: no references
[4282.741s][debug][gc,ref         ] GC(102) Skipped phase 4 of Reference Processing: no references
[4282.741s][debug][gc,phases      ] GC(102) Reference Processing 0.080ms
[4282.741s][debug][gc,phases      ] GC(102)   VM Weak                        Min:  0.0, Avg:  0.0, Max:  0.0, Diff:  0.0, Sum:  0.0, Workers: 4
[4282.741s][debug][gc,phases      ] GC(102)     Dead                           Min: 0, Avg:  0.0, Max: 0, Diff: 0, Sum: 0, Workers: 4
[4282.741s][debug][gc,phases      ] GC(102)     Total                          Min: 0, Avg: 154.5, Max: 562, Diff: 562, Sum: 618, Workers: 4
[4282.741s][debug][gc,phases      ] GC(102)   ObjectSynchronizer Weak        Min:  0.0, Avg:  0.0, Max:  0.0, Diff:  0.0, Sum:  0.0, Workers: 4
[4282.741s][debug][gc,phases      ] GC(102)     Dead                           Min: 0, Avg:  0.0, Max: 0, Diff: 0, Sum: 0, Workers: 4
[4282.741s][debug][gc,phases      ] GC(102)     Total                          Min: 0, Avg:  9.5, Max: 38, Diff: 38, Sum: 38, Workers: 4
[4282.741s][debug][gc,phases      ] GC(102)   JVMTI Tag Weak OopStorage      Min:  0.0, Avg:  0.0, Max:  0.0, Diff:  0.0, Sum:  0.0, Workers: 4
[4282.741s][debug][gc,phases      ] GC(102)     Dead                           Min: 0, Avg:  0.0, Max: 0, Diff: 0, Sum: 0, Workers: 4
[4282.741s][debug][gc,phases      ] GC(102)     Total                          Min: 0, Avg:  0.0, Max: 0, Diff: 0, Sum: 0, Workers: 4
[4282.741s][debug][gc,phases      ] GC(102)   StringTable Weak               Min:  0.0, Avg:  0.1, Max:  0.1, Diff:  0.1, Sum:  0.3, Workers: 4
[4282.741s][debug][gc,phases      ] GC(102)     Dead                           Min: 0, Avg:  0.0, Max: 0, Diff: 0, Sum: 0, Workers: 4
[4282.741s][debug][gc,phases      ] GC(102)     Total                          Min: 0, Avg: 10649.5, Max: 25641, Diff: 25641, Sum: 42598, Workers: 4
[4282.741s][debug][gc,phases      ] GC(102)   ResolvedMethodTable Weak       Min:  0.0, Avg:  0.0, Max:  0.0, Diff:  0.0, Sum:  0.1, Workers: 4
[4282.741s][debug][gc,phases      ] GC(102)     Dead                           Min: 0, Avg:  0.0, Max: 0, Diff: 0, Sum: 0, Workers: 4
[4282.741s][debug][gc,phases      ] GC(102)     Total                          Min: 0, Avg: 2122.5, Max: 5034, Diff: 5034, Sum: 8490, Workers: 4
[4282.741s][debug][gc,phases      ] GC(102)   JNI Weak                       Min:  0.0, Avg:  0.0, Max:  0.0, Diff:  0.0, Sum:  0.0, Workers: 4
[4282.741s][debug][gc,phases      ] GC(102)     Dead                           Min: 0, Avg:  0.0, Max: 0, Diff: 0, Sum: 0, Workers: 4
[4282.741s][debug][gc,phases      ] GC(102)     Total                          Min: 0, Avg: 11.2, Max: 45, Diff: 45, Sum: 45, Workers: 4
[4282.741s][debug][gc,phases      ] GC(102)   StringDedup Table Weak         Min:  0.0, Avg:  0.0, Max:  0.0, Diff:  0.0, Sum:  0.0, Workers: 4
[4282.741s][debug][gc,phases      ] GC(102)     Dead                           Min: 0, Avg:  0.0, Max: 0, Diff: 0, Sum: 0, Workers: 4
[4282.741s][debug][gc,phases      ] GC(102)     Total                          Min: 0, Avg:  0.0, Max: 0, Diff: 0, Sum: 0, Workers: 4
[4282.741s][debug][gc,phases      ] GC(102)   StringDedup Requests0 Weak     Min:  0.0, Avg:  0.0, Max:  0.0, Diff:  0.0, Sum:  0.0, Workers: 4
[4282.741s][debug][gc,phases      ] GC(102)     Dead                           Min: 0, Avg:  0.0, Max: 0, Diff: 0, Sum: 0, Workers: 4
[4282.741s][debug][gc,phases      ] GC(102)     Total                          Min: 0, Avg:  0.0, Max: 0, Diff: 0, Sum: 0, Workers: 4
[4282.741s][debug][gc,phases      ] GC(102)   StringDedup Requests1 Weak     Min:  0.0, Avg:  0.0, Max:  0.0, Diff:  0.0, Sum:  0.0, Workers: 4
[4282.741s][debug][gc,phases      ] GC(102)     Dead                           Min: 0, Avg:  0.0, Max: 0, Diff: 0, Sum: 0, Workers: 4
[4282.741s][debug][gc,phases      ] GC(102)     Total                          Min: 0, Avg:  0.0, Max: 0, Diff: 0, Sum: 0, Workers: 4
[4282.741s][debug][gc,phases      ] GC(102)   Weak JFR Old Object Samples    Min:  0.0, Avg:  0.0, Max:  0.0, Diff:  0.0, Sum:  0.0, Workers: 4
[4282.741s][debug][gc,phases      ] GC(102)     Dead                           Min: 0, Avg:  0.0, Max: 0, Diff: 0, Sum: 0, Workers: 4
[4282.741s][debug][gc,phases      ] GC(102)     Total                          Min: 0, Avg:  0.0, Max: 0, Diff: 0, Sum: 0, Workers: 4
[4282.741s][debug][gc,phases      ] GC(102) Weak Processing 0.337ms
[4282.741s][debug][gc,age         ] GC(102) Desired survivor size 81264640 bytes, new threshold 15 (max threshold 15)
[4282.741s][info ][gc,heap        ] GC(102) PSYoungGen: 1946624K(2021888K)->4288K(1951232K) Eden: 1946624K(1946624K)->0K(1946624K) From: 0K(75264K)->4288K(4608K)
[4282.741s][info ][gc,heap        ] GC(102) ParOldGen: 372773K(453632K)->372773K(453632K)
[4282.741s][info ][gc,metaspace   ] GC(102) Metaspace: 78880K(80128K)->78880K(80128K) NonClass: 67866K(68608K)->67866K(68608K) Class: 11013K(11520K)->11013K(11520K)
[4282.741s][info ][gc             ] GC(102) Pause Young (Allocation Failure) 2265M->368M(2348M) 5.340ms
[4282.741s][info ][gc,cpu         ] GC(102) User=0.01s Sys=0.00s Real=0.00s
[4282.741s][info ][safepoint      ] Safepoint "ParallelGCFailedAllocation", Time since last: 1626039224 ns, Reaching safepoint: 22200 ns, At safepoint: 5404013 ns, Total: 5426213 ns
[4292.742s][info ][safepoint      ] Safepoint "Cleanup", Time since last: 10000654454 ns, Reaching safepoint: 33300 ns, At safepoint: 1700 ns, Total: 35000 ns
[4293.742s][info ][safepoint      ] Safepoint "Cleanup", Time since last: 1000091718 ns, Reaching safepoint: 34700 ns, At safepoint: 2300 ns, Total: 37000 ns
[4296.742s][info ][safepoint      ] Safepoint "Cleanup", Time since last: 3000235256 ns, Reaching safepoint: 41700 ns, At safepoint: 2300 ns, Total: 44000 ns
[4305.743s][info ][safepoint      ] Safepoint "Cleanup", Time since last: 9000600788 ns, Reaching safepoint: 33100 ns, At safepoint: 2200 ns, Total: 35300 ns
[4307.743s][info ][safepoint      ] Safepoint "Cleanup", Time since last: 2000134546 ns, Reaching safepoint: 60000 ns, At safepoint: 6200 ns, Total: 66200 ns
[4317.744s][info ][safepoint      ] Safepoint "Cleanup", Time since last: 10000577554 ns, Reaching safepoint: 43000 ns, At safepoint: 2400 ns, Total: 45400 ns
[4330.519s][info ][gc,start       ] GC(103) Pause Young (Allocation Failure)
[4330.522s][debug][gc,phases      ] GC(103) Scavenge 3.373ms
[4330.522s][debug][gc,ref         ] GC(103) Skipped phase 1 of Reference Processing: no references
[4330.522s][debug][gc,ref         ] GC(103) ReferenceProcessor::execute queues: 1, RefProcThreadModel::Single, marks_oops_alive: false
[4330.522s][debug][gc,ref         ] GC(103) Skipped phase 3 of Reference Processing: no references
[4330.522s][debug][gc,ref         ] GC(103) ReferenceProcessor::execute queues: 1, RefProcThreadModel::Single, marks_oops_alive: false
[4330.522s][debug][gc,phases      ] GC(103) Reference Processing 0.083ms
[4330.522s][debug][gc,phases      ] GC(103)   VM Weak                        Min:  0.0, Avg:  0.0, Max:  0.0, Diff:  0.0, Sum:  0.0, Workers: 4
[4330.522s][debug][gc,phases      ] GC(103)     Dead                           Min: 0, Avg:  0.0, Max: 0, Diff: 0, Sum: 0, Workers: 4
[4330.522s][debug][gc,phases      ] GC(103)     Total                          Min: 0, Avg: 154.5, Max: 618, Diff: 618, Sum: 618, Workers: 4
[4330.522s][debug][gc,phases      ] GC(103)   ObjectSynchronizer Weak        Min:  0.0, Avg:  0.0, Max:  0.0, Diff:  0.0, Sum:  0.0, Workers: 4
[4330.522s][debug][gc,phases      ] GC(103)     Dead                           Min: 0, Avg:  0.0, Max: 0, Diff: 0, Sum: 0, Workers: 4
[4330.522s][debug][gc,phases      ] GC(103)     Total                          Min: 0, Avg:  9.5, Max: 38, Diff: 38, Sum: 38, Workers: 4
[4330.522s][debug][gc,phases      ] GC(103)   JVMTI Tag Weak OopStorage      Min:  0.0, Avg:  0.0, Max:  0.0, Diff:  0.0, Sum:  0.0, Workers: 4
[4330.522s][debug][gc,phases      ] GC(103)     Dead                           Min: 0, Avg:  0.0, Max: 0, Diff: 0, Sum: 0, Workers: 4
[4330.522s][debug][gc,phases      ] GC(103)     Total                          Min: 0, Avg:  0.0, Max: 0, Diff: 0, Sum: 0, Workers: 4
[4330.522s][debug][gc,phases      ] GC(103)   StringTable Weak               Min:  0.1, Avg:  0.1, Max:  0.1, Diff:  0.0, Sum:  0.4, Workers: 4
[4330.522s][debug][gc,phases      ] GC(103)     Dead                           Min: 0, Avg:  0.8, Max: 3, Diff: 3, Sum: 3, Workers: 4
[4330.522s][debug][gc,phases      ] GC(103)     Total                          Min: 9470, Avg: 10651.2, Max: 11184, Diff: 1714, Sum: 42605, Workers: 4
[4330.522s][debug][gc,phases      ] GC(103)   ResolvedMethodTable Weak       Min:  0.0, Avg:  0.0, Max:  0.0, Diff:  0.0, Sum:  0.1, Workers: 4
[4330.522s][debug][gc,phases      ] GC(103)     Dead                           Min: 0, Avg:  0.0, Max: 0, Diff: 0, Sum: 0, Workers: 4
[4330.522s][debug][gc,phases      ] GC(103)     Total                          Min: 2048, Avg: 2126.0, Max: 2232, Diff: 184, Sum: 8504, Workers: 4
[4330.522s][debug][gc,phases      ] GC(103)   JNI Weak                       Min:  0.0, Avg:  0.0, Max:  0.0, Diff:  0.0, Sum:  0.0, Workers: 4
[4330.522s][debug][gc,phases      ] GC(103)     Dead                           Min: 0, Avg:  0.0, Max: 0, Diff: 0, Sum: 0, Workers: 4
[4330.522s][debug][gc,phases      ] GC(103)     Total                          Min: 0, Avg: 11.2, Max: 45, Diff: 45, Sum: 45, Workers: 4
[4330.522s][debug][gc,phases      ] GC(103)   StringDedup Table Weak         Min:  0.0, Avg:  0.0, Max:  0.0, Diff:  0.0, Sum:  0.0, Workers: 4
[4330.522s][debug][gc,phases      ] GC(103)     Dead                           Min: 0, Avg:  0.0, Max: 0, Diff: 0, Sum: 0, Workers: 4
[4330.522s][debug][gc,phases      ] GC(103)     Total                          Min: 0, Avg:  0.0, Max: 0, Diff: 0, Sum: 0, Workers: 4
[4330.522s][debug][gc,phases      ] GC(103)   StringDedup Requests0 Weak     Min:  0.0, Avg:  0.0, Max:  0.0, Diff:  0.0, Sum:  0.0, Workers: 4
[4330.522s][debug][gc,phases      ] GC(103)     Dead                           Min: 0, Avg:  0.0, Max: 0, Diff: 0, Sum: 0, Workers: 4
[4330.522s][debug][gc,phases      ] GC(103)     Total                          Min: 0, Avg:  0.0, Max: 0, Diff: 0, Sum: 0, Workers: 4
[4330.522s][debug][gc,phases      ] GC(103)   StringDedup Requests1 Weak     Min:  0.0, Avg:  0.0, Max:  0.0, Diff:  0.0, Sum:  0.0, Workers: 4
[4330.522s][debug][gc,phases      ] GC(103)     Dead                           Min: 0, Avg:  0.0, Max: 0, Diff: 0, Sum: 0, Workers: 4
[4330.522s][debug][gc,phases      ] GC(103)     Total                          Min: 0, Avg:  0.0, Max: 0, Diff: 0, Sum: 0, Workers: 4
[4330.522s][debug][gc,phases      ] GC(103)   Weak JFR Old Object Samples    Min:  0.0, Avg:  0.0, Max:  0.0, Diff:  0.0, Sum:  0.0, Workers: 4
[4330.522s][debug][gc,phases      ] GC(103)     Dead                           Min: 0, Avg:  0.0, Max: 0, Diff: 0, Sum: 0, Workers: 4
[4330.522s][debug][gc,phases      ] GC(103)     Total                          Min: 0, Avg:  0.0, Max: 0, Diff: 0, Sum: 0, Workers: 4
[4330.522s][debug][gc,phases      ] GC(103) Weak Processing 0.282ms
[4330.522s][debug][gc,age         ] GC(103) Desired survivor size 83361792 bytes, new threshold 15 (max threshold 15)
[4330.522s][info ][gc,heap        ] GC(103) PSYoungGen: 1950912K(1951232K)->4896K(2013696K) Eden: 1946624K(1946624K)->0K(1934336K) From: 4288K(4608K)->4896K(79360K)
[4330.522s][info ][gc,heap        ] GC(103) ParOldGen: 372773K(453632K)->372773K(453632K)
[4330.522s][info ][gc,metaspace   ] GC(103) Metaspace: 78898K(80128K)->78898K(80128K) NonClass: 67878K(68608K)->67878K(68608K) Class: 11019K(11520K)->11019K(11520K)
[4330.522s][info ][gc             ] GC(103) Pause Young (Allocation Failure) 2269M->368M(2409M) 3.831ms
[4330.522s][info ][gc,cpu         ] GC(103) User=0.02s Sys=0.00s Real=0.00s
[4330.522s][info ][safepoint      ] Safepoint "ParallelGCFailedAllocation", Time since last: 12774576737 ns, Reaching safepoint: 22900 ns, At safepoint: 3890709 ns, Total: 3913609 ns
[4340.523s][info ][safepoint      ] Safepoint "Cleanup", Time since last: 10000638241 ns, Reaching safepoint: 40200 ns, At safepoint: 2000 ns, Total: 42200 ns
[4345.523s][info ][safepoint      ] Safepoint "Cleanup", Time since last: 5000356584 ns, Reaching safepoint: 36400 ns, At safepoint: 2100 ns, Total: 38500 ns
[4350.524s][info ][safepoint      ] Safepoint "Cleanup", Time since last: 5000346593 ns, Reaching safepoint: 39300 ns, At safepoint: 22900 ns, Total: 62200 ns
[4351.524s][info ][safepoint      ] Safepoint "Cleanup", Time since last: 1000107140 ns, Reaching safepoint: 54900 ns, At safepoint: 2700 ns, Total: 57600 ns
[4352.524s][info ][safepoint      ] Safepoint "Cleanup", Time since last: 1000099140 ns, Reaching safepoint: 32300 ns, At safepoint: 2500 ns, Total: 34800 ns
[4354.524s][info ][safepoint      ] Safepoint "Cleanup", Time since last: 2000160982 ns, Reaching safepoint: 33700 ns, At safepoint: 2700 ns, Total: 36400 ns
[4355.525s][info ][safepoint      ] Safepoint "Cleanup", Time since last: 1000109341 ns, Reaching safepoint: 40900 ns, At safepoint: 4900 ns, Total: 45800 ns
[4357.525s][info ][safepoint      ] Safepoint "Cleanup", Time since last: 2000166683 ns, Reaching safepoint: 38501 ns, At safepoint: 2300 ns, Total: 40801 ns
[4359.525s][info ][safepoint      ] Safepoint "Cleanup", Time since last: 2000180284 ns, Reaching safepoint: 40701 ns, At safepoint: 2400 ns, Total: 43101 ns
[4362.525s][info ][safepoint      ] Safepoint "Cleanup", Time since last: 3000223629 ns, Reaching safepoint: 40001 ns, At safepoint: 3300 ns, Total: 43301 ns
[4372.526s][info ][safepoint      ] Safepoint "Cleanup", Time since last: 10000643955 ns, Reaching safepoint: 49400 ns, At safepoint: 4100 ns, Total: 53500 ns
[4373.526s][info ][safepoint      ] Safepoint "Cleanup", Time since last: 1000107548 ns, Reaching safepoint: 42400 ns, At safepoint: 3100 ns, Total: 45500 ns
[4374.526s][info ][safepoint      ] Safepoint "Cleanup", Time since last: 1000104048 ns, Reaching safepoint: 50000 ns, At safepoint: 3300 ns, Total: 53300 ns
[4376.285s][info ][gc,start       ] GC(104) Pause Young (Allocation Failure)
[4376.291s][debug][gc,phases      ] GC(104) Scavenge 5.408ms
[4376.291s][debug][gc,ref         ] GC(104) Skipped phase 1 of Reference Processing: no references
[4376.291s][debug][gc,ref         ] GC(104) ReferenceProcessor::execute queues: 1, RefProcThreadModel::Single, marks_oops_alive: false
[4376.291s][debug][gc,ref         ] GC(104) Skipped phase 3 of Reference Processing: no references
[4376.291s][debug][gc,ref         ] GC(104) Skipped phase 4 of Reference Processing: no references
[4376.291s][debug][gc,phases      ] GC(104) Reference Processing 0.085ms
[4376.291s][debug][gc,phases      ] GC(104)   VM Weak                        Min:  0.0, Avg:  0.0, Max:  0.0, Diff:  0.0, Sum:  0.0, Workers: 4
[4376.291s][debug][gc,phases      ] GC(104)     Dead                           Min: 0, Avg:  0.0, Max: 0, Diff: 0, Sum: 0, Workers: 4
[4376.291s][debug][gc,phases      ] GC(104)     Total                          Min: 0, Avg: 154.5, Max: 618, Diff: 618, Sum: 618, Workers: 4
[4376.291s][debug][gc,phases      ] GC(104)   ObjectSynchronizer Weak        Min:  0.0, Avg:  0.0, Max:  0.0, Diff:  0.0, Sum:  0.0, Workers: 4
[4376.291s][debug][gc,phases      ] GC(104)     Dead                           Min: 0, Avg:  0.0, Max: 0, Diff: 0, Sum: 0, Workers: 4
[4376.291s][debug][gc,phases      ] GC(104)     Total                          Min: 0, Avg:  9.5, Max: 38, Diff: 38, Sum: 38, Workers: 4
[4376.291s][debug][gc,phases      ] GC(104)   JVMTI Tag Weak OopStorage      Min:  0.0, Avg:  0.0, Max:  0.0, Diff:  0.0, Sum:  0.0, Workers: 4
[4376.291s][debug][gc,phases      ] GC(104)     Dead                           Min: 0, Avg:  0.0, Max: 0, Diff: 0, Sum: 0, Workers: 4
[4376.291s][debug][gc,phases      ] GC(104)     Total                          Min: 0, Avg:  0.0, Max: 0, Diff: 0, Sum: 0, Workers: 4
[4376.291s][debug][gc,phases      ] GC(104)   StringTable Weak               Min:  0.0, Avg:  0.1, Max:  0.1, Diff:  0.1, Sum:  0.3, Workers: 4
[4376.291s][debug][gc,phases      ] GC(104)     Dead                           Min: 0, Avg:  0.0, Max: 0, Diff: 0, Sum: 0, Workers: 4
[4376.291s][debug][gc,phases      ] GC(104)     Total                          Min: 0, Avg: 10652.2, Max: 14963, Diff: 14963, Sum: 42609, Workers: 4
[4376.291s][debug][gc,phases      ] GC(104)   ResolvedMethodTable Weak       Min:  0.0, Avg:  0.0, Max:  0.0, Diff:  0.0, Sum:  0.1, Workers: 4
[4376.291s][debug][gc,phases      ] GC(104)     Dead                           Min: 0, Avg:  0.0, Max: 0, Diff: 0, Sum: 0, Workers: 4
[4376.291s][debug][gc,phases      ] GC(104)     Total                          Min: 0, Avg: 2126.0, Max: 2944, Diff: 2944, Sum: 8504, Workers: 4
[4376.291s][debug][gc,phases      ] GC(104)   JNI Weak                       Min:  0.0, Avg:  0.0, Max:  0.0, Diff:  0.0, Sum:  0.0, Workers: 4
[4376.291s][debug][gc,phases      ] GC(104)     Dead                           Min: 0, Avg:  0.0, Max: 0, Diff: 0, Sum: 0, Workers: 4
[4376.291s][debug][gc,phases      ] GC(104)     Total                          Min: 0, Avg: 11.2, Max: 45, Diff: 45, Sum: 45, Workers: 4
[4376.291s][debug][gc,phases      ] GC(104)   StringDedup Table Weak         Min:  0.0, Avg:  0.0, Max:  0.0, Diff:  0.0, Sum:  0.0, Workers: 4
[4376.291s][debug][gc,phases      ] GC(104)     Dead                           Min: 0, Avg:  0.0, Max: 0, Diff: 0, Sum: 0, Workers: 4
[4376.291s][debug][gc,phases      ] GC(104)     Total                          Min: 0, Avg:  0.0, Max: 0, Diff: 0, Sum: 0, Workers: 4
[4376.291s][debug][gc,phases      ] GC(104)   StringDedup Requests0 Weak     Min:  0.0, Avg:  0.0, Max:  0.0, Diff:  0.0, Sum:  0.0, Workers: 4
[4376.291s][debug][gc,phases      ] GC(104)     Dead                           Min: 0, Avg:  0.0, Max: 0, Diff: 0, Sum: 0, Workers: 4
[4376.291s][debug][gc,phases      ] GC(104)     Total                          Min: 0, Avg:  0.0, Max: 0, Diff: 0, Sum: 0, Workers: 4
[4376.291s][debug][gc,phases      ] GC(104)   StringDedup Requests1 Weak     Min:  0.0, Avg:  0.0, Max:  0.0, Diff:  0.0, Sum:  0.0, Workers: 4
[4376.291s][debug][gc,phases      ] GC(104)     Dead                           Min: 0, Avg:  0.0, Max: 0, Diff: 0, Sum: 0, Workers: 4
[4376.291s][debug][gc,phases      ] GC(104)     Total                          Min: 0, Avg:  0.0, Max: 0, Diff: 0, Sum: 0, Workers: 4
[4376.291s][debug][gc,phases      ] GC(104)   Weak JFR Old Object Samples    Min:  0.0, Avg:  0.0, Max:  0.0, Diff:  0.0, Sum:  0.0, Workers: 4
[4376.291s][debug][gc,phases      ] GC(104)     Dead                           Min: 0, Avg:  0.0, Max: 0, Diff: 0, Sum: 0, Workers: 4
[4376.291s][debug][gc,phases      ] GC(104)     Total                          Min: 0, Avg:  0.0, Max: 0, Diff: 0, Sum: 0, Workers: 4
[4376.291s][debug][gc,phases      ] GC(104) Weak Processing 0.305ms
[4376.291s][debug][gc,age         ] GC(104) Desired survivor size 84410368 bytes, new threshold 15 (max threshold 15)
[4376.291s][info ][gc,heap        ] GC(104) PSYoungGen: 1939232K(2013696K)->6416K(1940992K) Eden: 1934336K(1934336K)->0K(1934336K) From: 4896K(79360K)->6416K(6656K)
[4376.291s][info ][gc,heap        ] GC(104) ParOldGen: 372773K(453632K)->372773K(453632K)
[4376.291s][info ][gc,metaspace   ] GC(104) Metaspace: 78931K(80128K)->78931K(80128K) NonClass: 67911K(68608K)->67911K(68608K) Class: 11019K(11520K)->11019K(11520K)
[4376.291s][info ][gc             ] GC(104) Pause Young (Allocation Failure) 2257M->370M(2338M) 5.914ms
[4376.291s][info ][gc,cpu         ] GC(104) User=0.02s Sys=0.00s Real=0.01s
[4376.291s][info ][safepoint      ] Safepoint "ParallelGCFailedAllocation", Time since last: 1758751305 ns, Reaching safepoint: 113001 ns, At safepoint: 5983414 ns, Total: 6096415 ns
[4385.292s][info ][safepoint      ] Safepoint "Cleanup", Time since last: 9000627652 ns, Reaching safepoint: 40700 ns, At safepoint: 2600 ns, Total: 43300 ns
[4411.293s][info ][safepoint      ] Safepoint "Cleanup", Time since last: 26001678455 ns, Reaching safepoint: 48800 ns, At safepoint: 7100 ns, Total: 55900 ns
[4420.294s][info ][safepoint      ] Safepoint "Cleanup", Time since last: 9000585454 ns, Reaching safepoint: 52600 ns, At safepoint: 6300 ns, Total: 58900 ns
[4421.294s][info ][safepoint      ] Safepoint "Cleanup", Time since last: 1000110564 ns, Reaching safepoint: 49600 ns, At safepoint: 2800 ns, Total: 52400 ns
[4422.294s][info ][safepoint      ] Safepoint "Cleanup", Time since last: 1000096863 ns, Reaching safepoint: 33801 ns, At safepoint: 1900 ns, Total: 35701 ns
[4423.606s][info ][safepoint      ] Safepoint "ParallelGCFailedAllocation", Time since last: 1311073430 ns, Reaching safepoint: 107200 ns, At safepoint: 13700 ns, Total: 120900 ns
[4423.606s][info ][gc,start       ] GC(105) Pause Young (GCLocker Initiated GC)
[4423.613s][debug][gc,phases      ] GC(105) Scavenge 6.884ms
[4423.613s][debug][gc,ref         ] GC(105) Skipped phase 1 of Reference Processing: no references
[4423.613s][debug][gc,ref         ] GC(105) ReferenceProcessor::execute queues: 1, RefProcThreadModel::Single, marks_oops_alive: false
[4423.613s][debug][gc,ref         ] GC(105) Skipped phase 3 of Reference Processing: no references
[4423.613s][debug][gc,ref         ] GC(105) ReferenceProcessor::execute queues: 1, RefProcThreadModel::Single, marks_oops_alive: false
[4423.613s][debug][gc,phases      ] GC(105) Reference Processing 0.110ms
[4423.613s][debug][gc,phases      ] GC(105)   VM Weak                        Min:  0.0, Avg:  0.0, Max:  0.0, Diff:  0.0, Sum:  0.0, Workers: 4
[4423.613s][debug][gc,phases      ] GC(105)     Dead                           Min: 0, Avg:  0.0, Max: 0, Diff: 0, Sum: 0, Workers: 4
[4423.613s][debug][gc,phases      ] GC(105)     Total                          Min: 0, Avg: 154.5, Max: 506, Diff: 506, Sum: 618, Workers: 4
[4423.613s][debug][gc,phases      ] GC(105)   ObjectSynchronizer Weak        Min:  0.0, Avg:  0.0, Max:  0.0, Diff:  0.0, Sum:  0.0, Workers: 4
[4423.613s][debug][gc,phases      ] GC(105)     Dead                           Min: 0, Avg:  0.0, Max: 0, Diff: 0, Sum: 0, Workers: 4
[4423.613s][debug][gc,phases      ] GC(105)     Total                          Min: 0, Avg:  9.5, Max: 38, Diff: 38, Sum: 38, Workers: 4
[4423.613s][debug][gc,phases      ] GC(105)   JVMTI Tag Weak OopStorage      Min:  0.0, Avg:  0.0, Max:  0.0, Diff:  0.0, Sum:  0.0, Workers: 4
[4423.613s][debug][gc,phases      ] GC(105)     Dead                           Min: 0, Avg:  0.0, Max: 0, Diff: 0, Sum: 0, Workers: 4
[4423.613s][debug][gc,phases      ] GC(105)     Total                          Min: 0, Avg:  0.0, Max: 0, Diff: 0, Sum: 0, Workers: 4
[4423.613s][debug][gc,phases      ] GC(105)   StringTable Weak               Min:  0.1, Avg:  0.1, Max:  0.1, Diff:  0.0, Sum:  0.4, Workers: 4
[4423.613s][debug][gc,phases      ] GC(105)     Dead                           Min: 0, Avg:  0.0, Max: 0, Diff: 0, Sum: 0, Workers: 4
[4423.613s][debug][gc,phases      ] GC(105)     Total                          Min: 9024, Avg: 10652.5, Max: 11456, Diff: 2432, Sum: 42610, Workers: 4
[4423.613s][debug][gc,phases      ] GC(105)   ResolvedMethodTable Weak       Min:  0.0, Avg:  0.0, Max:  0.0, Diff:  0.0, Sum:  0.1, Workers: 4
[4423.613s][debug][gc,phases      ] GC(105)     Dead                           Min: 0, Avg:  0.0, Max: 0, Diff: 0, Sum: 0, Workers: 4
[4423.613s][debug][gc,phases      ] GC(105)     Total                          Min: 2048, Avg: 2126.0, Max: 2176, Diff: 128, Sum: 8504, Workers: 4
[4423.613s][debug][gc,phases      ] GC(105)   JNI Weak                       Min:  0.0, Avg:  0.0, Max:  0.0, Diff:  0.0, Sum:  0.0, Workers: 4
[4423.613s][debug][gc,phases      ] GC(105)     Dead                           Min: 0, Avg:  0.0, Max: 0, Diff: 0, Sum: 0, Workers: 4
[4423.613s][debug][gc,phases      ] GC(105)     Total                          Min: 0, Avg: 11.2, Max: 45, Diff: 45, Sum: 45, Workers: 4
[4423.613s][debug][gc,phases      ] GC(105)   StringDedup Table Weak         Min:  0.0, Avg:  0.0, Max:  0.0, Diff:  0.0, Sum:  0.0, Workers: 4
[4423.613s][debug][gc,phases      ] GC(105)     Dead                           Min: 0, Avg:  0.0, Max: 0, Diff: 0, Sum: 0, Workers: 4
[4423.613s][debug][gc,phases      ] GC(105)     Total                          Min: 0, Avg:  0.0, Max: 0, Diff: 0, Sum: 0, Workers: 4
[4423.613s][debug][gc,phases      ] GC(105)   StringDedup Requests0 Weak     Min:  0.0, Avg:  0.0, Max:  0.0, Diff:  0.0, Sum:  0.0, Workers: 4
[4423.613s][debug][gc,phases      ] GC(105)     Dead                           Min: 0, Avg:  0.0, Max: 0, Diff: 0, Sum: 0, Workers: 4
[4423.613s][debug][gc,phases      ] GC(105)     Total                          Min: 0, Avg:  0.0, Max: 0, Diff: 0, Sum: 0, Workers: 4
[4423.613s][debug][gc,phases      ] GC(105)   StringDedup Requests1 Weak     Min:  0.0, Avg:  0.0, Max:  0.0, Diff:  0.0, Sum:  0.0, Workers: 4
[4423.613s][debug][gc,phases      ] GC(105)     Dead                           Min: 0, Avg:  0.0, Max: 0, Diff: 0, Sum: 0, Workers: 4
[4423.613s][debug][gc,phases      ] GC(105)     Total                          Min: 0, Avg:  0.0, Max: 0, Diff: 0, Sum: 0, Workers: 4
[4423.613s][debug][gc,phases      ] GC(105)   Weak JFR Old Object Samples    Min:  0.0, Avg:  0.0, Max:  0.0, Diff:  0.0, Sum:  0.0, Workers: 4
[4423.613s][debug][gc,phases      ] GC(105)     Dead                           Min: 0, Avg:  0.0, Max: 0, Diff: 0, Sum: 0, Workers: 4
[4423.613s][debug][gc,phases      ] GC(105)     Total                          Min: 0, Avg:  0.0, Max: 0, Diff: 0, Sum: 0, Workers: 4
[4423.613s][debug][gc,phases      ] GC(105) Weak Processing 0.270ms
[4423.613s][debug][gc,age         ] GC(105) Desired survivor size 82837504 bytes, new threshold 15 (max threshold 15)
[4423.613s][info ][gc,heap        ] GC(105) PSYoungGen: 1940752K(1940992K)->16050K(2016256K) Eden: 1934336K(1934336K)->0K(1933824K) From: 6416K(6656K)->16050K(82432K)
[4423.613s][info ][gc,heap        ] GC(105) ParOldGen: 373285K(453632K)->373285K(453632K)
[4423.613s][info ][gc,metaspace   ] GC(105) Metaspace: 78941K(80128K)->78941K(80128K) NonClass: 67921K(68608K)->67921K(68608K) Class: 11020K(11520K)->11020K(11520K)
[4423.613s][info ][gc             ] GC(105) Pause Young (GCLocker Initiated GC) 2259M->380M(2412M) 7.385ms
[4423.613s][info ][gc,cpu         ] GC(105) User=0.03s Sys=0.00s Real=0.01s
[4423.613s][info ][safepoint      ] Safepoint "ParallelGCSystemGC", Time since last: 79000 ns, Reaching safepoint: 88400 ns, At safepoint: 7444719 ns, Total: 7533119 ns
[4424.613s][info ][safepoint      ] Safepoint "Cleanup", Time since last: 1000080364 ns, Reaching safepoint: 43900 ns, At safepoint: 5200 ns, Total: 49100 ns
[4428.614s][info ][safepoint      ] Safepoint "Cleanup", Time since last: 4000266860 ns, Reaching safepoint: 38000 ns, At safepoint: 2200 ns, Total: 40200 ns
[4432.614s][info ][safepoint      ] Safepoint "Cleanup", Time since last: 4000302065 ns, Reaching safepoint: 47101 ns, At safepoint: 3800 ns, Total: 50901 ns
[4433.614s][info ][safepoint      ] Safepoint "Cleanup", Time since last: 1000110667 ns, Reaching safepoint: 34100 ns, At safepoint: 2500 ns, Total: 36600 ns
[4434.614s][info ][safepoint      ] Safepoint "Cleanup", Time since last: 1000102367 ns, Reaching safepoint: 54500 ns, At safepoint: 6500 ns, Total: 61000 ns
[4435.614s][info ][safepoint      ] Safepoint "Cleanup", Time since last: 1000106268 ns, Reaching safepoint: 35600 ns, At safepoint: 2600 ns, Total: 38200 ns
[4436.615s][info ][safepoint      ] Safepoint "Cleanup", Time since last: 1000080368 ns, Reaching safepoint: 25900 ns, At safepoint: 2200 ns, Total: 28100 ns
[4439.615s][info ][safepoint      ] Safepoint "Cleanup", Time since last: 3000225506 ns, Reaching safepoint: 26800 ns, At safepoint: 3000 ns, Total: 29800 ns
[4440.615s][info ][safepoint      ] Safepoint "Cleanup", Time since last: 1000099969 ns, Reaching safepoint: 34000 ns, At safepoint: 2800 ns, Total: 36800 ns
[4449.521s][info ][safepoint      ] Safepoint "Cleanup", Time since last: 8906177103 ns, Reaching safepoint: 206401 ns, At safepoint: 17600 ns, Total: 224001 ns
[4449.730s][info ][gc,start       ] GC(106) Pause Young (Allocation Failure)
[4449.748s][debug][gc,phases      ] GC(106) Scavenge 18.295ms
[4449.748s][debug][gc,ref         ] GC(106) Skipped phase 1 of Reference Processing: no references
[4449.748s][debug][gc,ref         ] GC(106) ReferenceProcessor::execute queues: 1, RefProcThreadModel::Single, marks_oops_alive: false
[4449.748s][debug][gc,ref         ] GC(106) Skipped phase 3 of Reference Processing: no references
[4449.748s][debug][gc,ref         ] GC(106) ReferenceProcessor::execute queues: 1, RefProcThreadModel::Single, marks_oops_alive: false
[4449.748s][debug][gc,phases      ] GC(106) Reference Processing 0.113ms
[4449.748s][debug][gc,phases      ] GC(106)   VM Weak                        Min:  0.0, Avg:  0.0, Max:  0.0, Diff:  0.0, Sum:  0.0, Workers: 4
[4449.748s][debug][gc,phases      ] GC(106)     Dead                           Min: 0, Avg:  0.0, Max: 0, Diff: 0, Sum: 0, Workers: 4
[4449.748s][debug][gc,phases      ] GC(106)     Total                          Min: 0, Avg: 162.2, Max: 405, Diff: 405, Sum: 649, Workers: 4
[4449.748s][debug][gc,phases      ] GC(106)   ObjectSynchronizer Weak        Min:  0.0, Avg:  0.0, Max:  0.0, Diff:  0.0, Sum:  0.0, Workers: 4
[4449.748s][debug][gc,phases      ] GC(106)     Dead                           Min: 0, Avg:  2.5, Max: 9, Diff: 9, Sum: 10, Workers: 4
[4449.748s][debug][gc,phases      ] GC(106)     Total                          Min: 0, Avg: 39.8, Max: 64, Diff: 64, Sum: 159, Workers: 4
[4449.748s][debug][gc,phases      ] GC(106)   JVMTI Tag Weak OopStorage      Min:  0.0, Avg:  0.0, Max:  0.0, Diff:  0.0, Sum:  0.0, Workers: 4
[4449.748s][debug][gc,phases      ] GC(106)     Dead                           Min: 0, Avg:  0.0, Max: 0, Diff: 0, Sum: 0, Workers: 4
[4449.748s][debug][gc,phases      ] GC(106)     Total                          Min: 0, Avg:  0.0, Max: 0, Diff: 0, Sum: 0, Workers: 4
[4449.748s][debug][gc,phases      ] GC(106)   StringTable Weak               Min:  0.0, Avg:  0.1, Max:  0.1, Diff:  0.1, Sum:  0.4, Workers: 4
[4449.748s][debug][gc,phases      ] GC(106)     Dead                           Min: 0, Avg:  1.0, Max: 3, Diff: 3, Sum: 4, Workers: 4
[4449.748s][debug][gc,phases      ] GC(106)     Total                          Min: 0, Avg: 10714.8, Max: 14590, Diff: 14590, Sum: 42859, Workers: 4
[4449.748s][debug][gc,phases      ] GC(106)   ResolvedMethodTable Weak       Min:  0.0, Avg:  0.0, Max:  0.0, Diff:  0.0, Sum:  0.1, Workers: 4
[4449.748s][debug][gc,phases      ] GC(106)     Dead                           Min: 0, Avg:  6.0, Max: 17, Diff: 17, Sum: 24, Workers: 4
[4449.748s][debug][gc,phases      ] GC(106)     Total                          Min: 0, Avg: 2181.8, Max: 3008, Diff: 3008, Sum: 8727, Workers: 4
[4449.748s][debug][gc,phases      ] GC(106)   JNI Weak                       Min:  0.0, Avg:  0.0, Max:  0.0, Diff:  0.0, Sum:  0.0, Workers: 4
[4449.748s][debug][gc,phases      ] GC(106)     Dead                           Min: 0, Avg:  0.0, Max: 0, Diff: 0, Sum: 0, Workers: 4
[4449.748s][debug][gc,phases      ] GC(106)     Total                          Min: 0, Avg: 23.0, Max: 58, Diff: 58, Sum: 92, Workers: 4
[4449.748s][debug][gc,phases      ] GC(106)   StringDedup Table Weak         Min:  0.0, Avg:  0.0, Max:  0.0, Diff:  0.0, Sum:  0.0, Workers: 4
[4449.748s][debug][gc,phases      ] GC(106)     Dead                           Min: 0, Avg:  0.0, Max: 0, Diff: 0, Sum: 0, Workers: 4
[4449.748s][debug][gc,phases      ] GC(106)     Total                          Min: 0, Avg:  0.0, Max: 0, Diff: 0, Sum: 0, Workers: 4
[4449.748s][debug][gc,phases      ] GC(106)   StringDedup Requests0 Weak     Min:  0.0, Avg:  0.0, Max:  0.0, Diff:  0.0, Sum:  0.0, Workers: 4
[4449.748s][debug][gc,phases      ] GC(106)     Dead                           Min: 0, Avg:  0.0, Max: 0, Diff: 0, Sum: 0, Workers: 4
[4449.748s][debug][gc,phases      ] GC(106)     Total                          Min: 0, Avg:  0.0, Max: 0, Diff: 0, Sum: 0, Workers: 4
[4449.748s][debug][gc,phases      ] GC(106)   StringDedup Requests1 Weak     Min:  0.0, Avg:  0.0, Max:  0.0, Diff:  0.0, Sum:  0.0, Workers: 4
[4449.748s][debug][gc,phases      ] GC(106)     Dead                           Min: 0, Avg:  0.0, Max: 0, Diff: 0, Sum: 0, Workers: 4
[4449.748s][debug][gc,phases      ] GC(106)     Total                          Min: 0, Avg:  0.0, Max: 0, Diff: 0, Sum: 0, Workers: 4
[4449.748s][debug][gc,phases      ] GC(106)   Weak JFR Old Object Samples    Min:  0.0, Avg:  0.0, Max:  0.0, Diff:  0.0, Sum:  0.0, Workers: 4
[4449.748s][debug][gc,phases      ] GC(106)     Dead                           Min: 0, Avg:  0.0, Max: 0, Diff: 0, Sum: 0, Workers: 4
[4449.748s][debug][gc,phases      ] GC(106)     Total                          Min: 0, Avg:  0.0, Max: 0, Diff: 0, Sum: 0, Workers: 4
[4449.748s][debug][gc,phases      ] GC(106) Weak Processing 0.317ms
[4449.748s][debug][gc,age         ] GC(106) Desired survivor size 81788928 bytes, new threshold 15 (max threshold 15)
[4449.748s][info ][gc,heap        ] GC(106) PSYoungGen: 1949874K(2016256K)->43168K(2014720K) Eden: 1933824K(1933824K)->0K(1933824K) From: 16050K(82432K)->43168K(80896K)
[4449.748s][info ][gc,heap        ] GC(106) ParOldGen: 373287K(453632K)->373295K(453632K)
[4449.748s][info ][gc,metaspace   ] GC(106) Metaspace: 79802K(80640K)->79802K(80640K) NonClass: 68612K(69056K)->68612K(69056K) Class: 11190K(11584K)->11190K(11584K)
[4449.748s][info ][gc             ] GC(106) Pause Young (Allocation Failure) 2268M->406M(2410M) 18.841ms
[4449.748s][info ][gc,cpu         ] GC(106) User=0.06s Sys=0.00s Real=0.02s
[4449.748s][info ][safepoint      ] Safepoint "ParallelGCFailedAllocation", Time since last: 207967214 ns, Reaching safepoint: 220900 ns, At safepoint: 18928947 ns, Total: 19149847 ns
[4449.950s][info ][safepoint      ] Safepoint "ICBufferFull", Time since last: 201809499 ns, Reaching safepoint: 162800 ns, At safepoint: 11300 ns, Total: 174100 ns
[4450.951s][info ][safepoint      ] Safepoint "Cleanup", Time since last: 1000104573 ns, Reaching safepoint: 54800 ns, At safepoint: 6500 ns, Total: 61300 ns
[4452.951s][info ][safepoint      ] Safepoint "Cleanup", Time since last: 2000141645 ns, Reaching safepoint: 36400 ns, At safepoint: 4300 ns, Total: 40700 ns
[4455.951s][info ][safepoint      ] Safepoint "Cleanup", Time since last: 3000272721 ns, Reaching safepoint: 65200 ns, At safepoint: 3500 ns, Total: 68700 ns
[4456.951s][info ][safepoint      ] Safepoint "Cleanup", Time since last: 1000185274 ns, Reaching safepoint: 37401 ns, At safepoint: 5600 ns, Total: 43001 ns
[4463.952s][info ][safepoint      ] Safepoint "Cleanup", Time since last: 7000497626 ns, Reaching safepoint: 29500 ns, At safepoint: 3300 ns, Total: 32800 ns
[4467.952s][info ][safepoint      ] Safepoint "Cleanup", Time since last: 4000255807 ns, Reaching safepoint: 47300 ns, At safepoint: 4700 ns, Total: 52000 ns
[4476.953s][info ][safepoint      ] Safepoint "Cleanup", Time since last: 9000618608 ns, Reaching safepoint: 41600 ns, At safepoint: 5500 ns, Total: 47100 ns
[4479.953s][info ][safepoint      ] Safepoint "Cleanup", Time since last: 3000234442 ns, Reaching safepoint: 53500 ns, At safepoint: 4400 ns, Total: 57900 ns
[4480.953s][info ][safepoint      ] Safepoint "Cleanup", Time since last: 1000098081 ns, Reaching safepoint: 38600 ns, At safepoint: 8000 ns, Total: 46600 ns
[4484.954s][info ][safepoint      ] Safepoint "Cleanup", Time since last: 4000228426 ns, Reaching safepoint: 44600 ns, At safepoint: 4200 ns, Total: 48800 ns
[4487.954s][info ][safepoint      ] Safepoint "Cleanup", Time since last: 3000235948 ns, Reaching safepoint: 26100 ns, At safepoint: 3100 ns, Total: 29200 ns
[4492.583s][info ][gc,start       ] GC(107) Pause Young (Allocation Failure)
[4492.601s][debug][gc,phases      ] GC(107) Scavenge 17.824ms
[4492.601s][debug][gc,ref         ] GC(107) Skipped phase 1 of Reference Processing: no references
[4492.601s][debug][gc,ref         ] GC(107) ReferenceProcessor::execute queues: 1, RefProcThreadModel::Single, marks_oops_alive: false
[4492.601s][debug][gc,ref         ] GC(107) Skipped phase 3 of Reference Processing: no references
[4492.601s][debug][gc,ref         ] GC(107) ReferenceProcessor::execute queues: 1, RefProcThreadModel::Single, marks_oops_alive: false
[4492.601s][debug][gc,phases      ] GC(107) Reference Processing 0.107ms
[4492.601s][debug][gc,phases      ] GC(107)   VM Weak                        Min:  0.0, Avg:  0.0, Max:  0.0, Diff:  0.0, Sum:  0.0, Workers: 4
[4492.601s][debug][gc,phases      ] GC(107)     Dead                           Min: 0, Avg:  0.0, Max: 0, Diff: 0, Sum: 0, Workers: 4
[4492.601s][debug][gc,phases      ] GC(107)     Total                          Min: 0, Avg: 162.2, Max: 521, Diff: 521, Sum: 649, Workers: 4
[4492.601s][debug][gc,phases      ] GC(107)   ObjectSynchronizer Weak        Min:  0.0, Avg:  0.0, Max:  0.0, Diff:  0.0, Sum:  0.0, Workers: 4
[4492.601s][debug][gc,phases      ] GC(107)     Dead                           Min: 0, Avg:  3.5, Max: 11, Diff: 11, Sum: 14, Workers: 4
[4492.601s][debug][gc,phases      ] GC(107)     Total                          Min: 0, Avg: 159.8, Max: 256, Diff: 256, Sum: 639, Workers: 4
[4492.601s][debug][gc,phases      ] GC(107)   JVMTI Tag Weak OopStorage      Min:  0.0, Avg:  0.0, Max:  0.0, Diff:  0.0, Sum:  0.0, Workers: 4
[4492.601s][debug][gc,phases      ] GC(107)     Dead                           Min: 0, Avg:  0.0, Max: 0, Diff: 0, Sum: 0, Workers: 4
[4492.601s][debug][gc,phases      ] GC(107)     Total                          Min: 0, Avg:  0.0, Max: 0, Diff: 0, Sum: 0, Workers: 4
[4492.601s][debug][gc,phases      ] GC(107)   StringTable Weak               Min:  0.0, Avg:  0.1, Max:  0.1, Diff:  0.1, Sum:  0.3, Workers: 4
[4492.601s][debug][gc,phases      ] GC(107)     Dead                           Min: 0, Avg:  0.2, Max: 1, Diff: 1, Sum: 1, Workers: 4
[4492.601s][debug][gc,phases      ] GC(107)     Total                          Min: 0, Avg: 10725.2, Max: 14784, Diff: 14784, Sum: 42901, Workers: 4
[4492.601s][debug][gc,phases      ] GC(107)   ResolvedMethodTable Weak       Min:  0.0, Avg:  0.0, Max:  0.0, Diff:  0.0, Sum:  0.1, Workers: 4
[4492.601s][debug][gc,phases      ] GC(107)     Dead                           Min: 0, Avg:  0.5, Max: 2, Diff: 2, Sum: 2, Workers: 4
[4492.601s][debug][gc,phases      ] GC(107)     Total                          Min: 0, Avg: 2187.2, Max: 3007, Diff: 3007, Sum: 8749, Workers: 4
[4492.601s][debug][gc,phases      ] GC(107)   JNI Weak                       Min:  0.0, Avg:  0.0, Max:  0.0, Diff:  0.0, Sum:  0.0, Workers: 4
[4492.601s][debug][gc,phases      ] GC(107)     Dead                           Min: 0, Avg:  0.0, Max: 0, Diff: 0, Sum: 0, Workers: 4
[4492.601s][debug][gc,phases      ] GC(107)     Total                          Min: 0, Avg: 11.2, Max: 45, Diff: 45, Sum: 45, Workers: 4
[4492.601s][debug][gc,phases      ] GC(107)   StringDedup Table Weak         Min:  0.0, Avg:  0.0, Max:  0.0, Diff:  0.0, Sum:  0.0, Workers: 4
[4492.601s][debug][gc,phases      ] GC(107)     Dead                           Min: 0, Avg:  0.0, Max: 0, Diff: 0, Sum: 0, Workers: 4
[4492.601s][debug][gc,phases      ] GC(107)     Total                          Min: 0, Avg:  0.0, Max: 0, Diff: 0, Sum: 0, Workers: 4
[4492.601s][debug][gc,phases      ] GC(107)   StringDedup Requests0 Weak     Min:  0.0, Avg:  0.0, Max:  0.0, Diff:  0.0, Sum:  0.0, Workers: 4
[4492.601s][debug][gc,phases      ] GC(107)     Dead                           Min: 0, Avg:  0.0, Max: 0, Diff: 0, Sum: 0, Workers: 4
[4492.601s][debug][gc,phases      ] GC(107)     Total                          Min: 0, Avg:  0.0, Max: 0, Diff: 0, Sum: 0, Workers: 4
[4492.601s][debug][gc,phases      ] GC(107)   StringDedup Requests1 Weak     Min:  0.0, Avg:  0.0, Max:  0.0, Diff:  0.0, Sum:  0.0, Workers: 4
[4492.601s][debug][gc,phases      ] GC(107)     Dead                           Min: 0, Avg:  0.0, Max: 0, Diff: 0, Sum: 0, Workers: 4
[4492.601s][debug][gc,phases      ] GC(107)     Total                          Min: 0, Avg:  0.0, Max: 0, Diff: 0, Sum: 0, Workers: 4
[4492.601s][debug][gc,phases      ] GC(107)   Weak JFR Old Object Samples    Min:  0.0, Avg:  0.0, Max:  0.0, Diff:  0.0, Sum:  0.0, Workers: 4
[4492.601s][debug][gc,phases      ] GC(107)     Dead                           Min: 0, Avg:  0.0, Max: 0, Diff: 0, Sum: 0, Workers: 4
[4492.601s][debug][gc,phases      ] GC(107)     Total                          Min: 0, Avg:  0.0, Max: 0, Diff: 0, Sum: 0, Workers: 4
[4492.601s][debug][gc,phases      ] GC(107) Weak Processing 0.332ms
[4492.601s][debug][gc,age         ] GC(107) Desired survivor size 82313216 bytes, new threshold 15 (max threshold 15)
[4492.601s][info ][gc,heap        ] GC(107) PSYoungGen: 1976992K(2014720K)->47632K(2016256K) Eden: 1933824K(1933824K)->0K(1936384K) From: 43168K(80896K)->47632K(79872K)
[4492.601s][info ][gc,heap        ] GC(107) ParOldGen: 373295K(453632K)->373303K(453632K)
[4492.601s][info ][gc,metaspace   ] GC(107) Metaspace: 79910K(80704K)->79910K(80704K) NonClass: 68710K(69120K)->68710K(69120K) Class: 11199K(11584K)->11199K(11584K)
[4492.601s][info ][gc             ] GC(107) Pause Young (Allocation Failure) 2295M->411M(2412M) 18.368ms
[4492.601s][info ][gc,cpu         ] GC(107) User=0.06s Sys=0.00s Real=0.02s
[4492.601s][info ][safepoint      ] Safepoint "ParallelGCFailedAllocation", Time since last: 4628912096 ns, Reaching safepoint: 25100 ns, At safepoint: 18445746 ns, Total: 18470846 ns
[4493.601s][info ][safepoint      ] Safepoint "Cleanup", Time since last: 1000083284 ns, Reaching safepoint: 47400 ns, At safepoint: 4300 ns, Total: 51700 ns
[4510.602s][info ][safepoint      ] Safepoint "Cleanup", Time since last: 17001005276 ns, Reaching safepoint: 36400 ns, At safepoint: 3200 ns, Total: 39600 ns
[4511.603s][info ][safepoint      ] Safepoint "Cleanup", Time since last: 1000090590 ns, Reaching safepoint: 43100 ns, At safepoint: 2500 ns, Total: 45600 ns
[4518.603s][info ][safepoint      ] Safepoint "Cleanup", Time since last: 7000475732 ns, Reaching safepoint: 43900 ns, At safepoint: 3200 ns, Total: 47100 ns
[4519.603s][info ][safepoint      ] Safepoint "Cleanup", Time since last: 1000099691 ns, Reaching safepoint: 27100 ns, At safepoint: 3500 ns, Total: 30600 ns
[4520.603s][info ][safepoint      ] Safepoint "Cleanup", Time since last: 1000082192 ns, Reaching safepoint: 28500 ns, At safepoint: 3400 ns, Total: 31900 ns
[4534.604s][info ][safepoint      ] Safepoint "Cleanup", Time since last: 14000933709 ns, Reaching safepoint: 26100 ns, At safepoint: 13900 ns, Total: 40000 ns
[4539.847s][info ][gc,start       ] GC(108) Pause Young (Allocation Failure)
[4539.861s][debug][gc,phases      ] GC(108) Scavenge 14.064ms
[4539.861s][debug][gc,ref         ] GC(108) Skipped phase 1 of Reference Processing: no references
[4539.861s][debug][gc,ref         ] GC(108) ReferenceProcessor::execute queues: 1, RefProcThreadModel::Single, marks_oops_alive: false
[4539.861s][debug][gc,ref         ] GC(108) Skipped phase 3 of Reference Processing: no references
[4539.861s][debug][gc,ref         ] GC(108) ReferenceProcessor::execute queues: 1, RefProcThreadModel::Single, marks_oops_alive: false
[4539.861s][debug][gc,phases      ] GC(108) Reference Processing 0.127ms
[4539.861s][debug][gc,phases      ] GC(108)   VM Weak                        Min:  0.0, Avg:  0.0, Max:  0.0, Diff:  0.0, Sum:  0.0, Workers: 4
[4539.861s][debug][gc,phases      ] GC(108)     Dead                           Min: 0, Avg:  0.0, Max: 0, Diff: 0, Sum: 0, Workers: 4
[4539.861s][debug][gc,phases      ] GC(108)     Total                          Min: 0, Avg: 162.2, Max: 649, Diff: 649, Sum: 649, Workers: 4
[4539.861s][debug][gc,phases      ] GC(108)   ObjectSynchronizer Weak        Min:  0.0, Avg:  0.0, Max:  0.0, Diff:  0.0, Sum:  0.0, Workers: 4
[4539.861s][debug][gc,phases      ] GC(108)     Dead                           Min: 0, Avg:  0.0, Max: 0, Diff: 0, Sum: 0, Workers: 4
[4539.861s][debug][gc,phases      ] GC(108)     Total                          Min: 0, Avg: 159.8, Max: 256, Diff: 256, Sum: 639, Workers: 4
[4539.861s][debug][gc,phases      ] GC(108)   JVMTI Tag Weak OopStorage      Min:  0.0, Avg:  0.0, Max:  0.0, Diff:  0.0, Sum:  0.0, Workers: 4
[4539.861s][debug][gc,phases      ] GC(108)     Dead                           Min: 0, Avg:  0.0, Max: 0, Diff: 0, Sum: 0, Workers: 4
[4539.861s][debug][gc,phases      ] GC(108)     Total                          Min: 0, Avg:  0.0, Max: 0, Diff: 0, Sum: 0, Workers: 4
[4539.861s][debug][gc,phases      ] GC(108)   StringTable Weak               Min:  0.0, Avg:  0.1, Max:  0.1, Diff:  0.1, Sum:  0.3, Workers: 4
[4539.861s][debug][gc,phases      ] GC(108)     Dead                           Min: 0, Avg:  0.2, Max: 1, Diff: 1, Sum: 1, Workers: 4
[4539.861s][debug][gc,phases      ] GC(108)     Total                          Min: 0, Avg: 10726.2, Max: 15194, Diff: 15194, Sum: 42905, Workers: 4
[4539.861s][debug][gc,phases      ] GC(108)   ResolvedMethodTable Weak       Min:  0.0, Avg:  0.0, Max:  0.0, Diff:  0.0, Sum:  0.1, Workers: 4
[4539.861s][debug][gc,phases      ] GC(108)     Dead                           Min: 0, Avg:  0.0, Max: 0, Diff: 0, Sum: 0, Workers: 4
[4539.861s][debug][gc,phases      ] GC(108)     Total                          Min: 0, Avg: 2187.8, Max: 3568, Diff: 3568, Sum: 8751, Workers: 4
[4539.861s][debug][gc,phases      ] GC(108)   JNI Weak                       Min:  0.0, Avg:  0.0, Max:  0.0, Diff:  0.0, Sum:  0.0, Workers: 4
[4539.861s][debug][gc,phases      ] GC(108)     Dead                           Min: 0, Avg:  0.0, Max: 0, Diff: 0, Sum: 0, Workers: 4
[4539.861s][debug][gc,phases      ] GC(108)     Total                          Min: 0, Avg: 11.2, Max: 45, Diff: 45, Sum: 45, Workers: 4
[4539.861s][debug][gc,phases      ] GC(108)   StringDedup Table Weak         Min:  0.0, Avg:  0.0, Max:  0.0, Diff:  0.0, Sum:  0.0, Workers: 4
[4539.861s][debug][gc,phases      ] GC(108)     Dead                           Min: 0, Avg:  0.0, Max: 0, Diff: 0, Sum: 0, Workers: 4
[4539.861s][debug][gc,phases      ] GC(108)     Total                          Min: 0, Avg:  0.0, Max: 0, Diff: 0, Sum: 0, Workers: 4
[4539.861s][debug][gc,phases      ] GC(108)   StringDedup Requests0 Weak     Min:  0.0, Avg:  0.0, Max:  0.0, Diff:  0.0, Sum:  0.0, Workers: 4
[4539.861s][debug][gc,phases      ] GC(108)     Dead                           Min: 0, Avg:  0.0, Max: 0, Diff: 0, Sum: 0, Workers: 4
[4539.861s][debug][gc,phases      ] GC(108)     Total                          Min: 0, Avg:  0.0, Max: 0, Diff: 0, Sum: 0, Workers: 4
[4539.861s][debug][gc,phases      ] GC(108)   StringDedup Requests1 Weak     Min:  0.0, Avg:  0.0, Max:  0.0, Diff:  0.0, Sum:  0.0, Workers: 4
[4539.861s][debug][gc,phases      ] GC(108)     Dead                           Min: 0, Avg:  0.0, Max: 0, Diff: 0, Sum: 0, Workers: 4
[4539.861s][debug][gc,phases      ] GC(108)     Total                          Min: 0, Avg:  0.0, Max: 0, Diff: 0, Sum: 0, Workers: 4
[4539.861s][debug][gc,phases      ] GC(108)   Weak JFR Old Object Samples    Min:  0.0, Avg:  0.0, Max:  0.0, Diff:  0.0, Sum:  0.0, Workers: 4
[4539.861s][debug][gc,phases      ] GC(108)     Dead                           Min: 0, Avg:  0.0, Max: 0, Diff: 0, Sum: 0, Workers: 4
[4539.861s][debug][gc,phases      ] GC(108)     Total                          Min: 0, Avg:  0.0, Max: 0, Diff: 0, Sum: 0, Workers: 4
[4539.861s][debug][gc,phases      ] GC(108) Weak Processing 0.311ms
[4539.862s][debug][gc,age         ] GC(108) Desired survivor size 82837504 bytes, new threshold 15 (max threshold 15)
[4539.862s][info ][gc,heap        ] GC(108) PSYoungGen: 1984016K(2016256K)->48463K(1985024K) Eden: 1936384K(1936384K)->0K(1936384K) From: 47632K(79872K)->48463K(48640K)
[4539.862s][info ][gc,heap        ] GC(108) ParOldGen: 373303K(453632K)->373311K(453632K)
[4539.862s][info ][gc,metaspace   ] GC(108) Metaspace: 79915K(80704K)->79915K(80704K) NonClass: 68714K(69120K)->68714K(69120K) Class: 11200K(11584K)->11200K(11584K)
[4539.862s][info ][gc             ] GC(108) Pause Young (Allocation Failure) 2302M->411M(2381M) 14.615ms
[4539.862s][info ][gc,cpu         ] GC(108) User=0.05s Sys=0.00s Real=0.01s
[4539.862s][info ][safepoint      ] Safepoint "ParallelGCFailedAllocation", Time since last: 5242442584 ns, Reaching safepoint: 108001 ns, At safepoint: 14696436 ns, Total: 14804437 ns
[4569.863s][info ][safepoint      ] Safepoint "Cleanup", Time since last: 30001760008 ns, Reaching safepoint: 29800 ns, At safepoint: 20200 ns, Total: 50000 ns
[4579.864s][info ][safepoint      ] Safepoint "Cleanup", Time since last: 10000614750 ns, Reaching safepoint: 50500 ns, At safepoint: 2600 ns, Total: 53100 ns
[4581.864s][info ][safepoint      ] Safepoint "Cleanup", Time since last: 2000152313 ns, Reaching safepoint: 44200 ns, At safepoint: 4200 ns, Total: 48400 ns
[4582.864s][info ][safepoint      ] Safepoint "Cleanup", Time since last: 1000093107 ns, Reaching safepoint: 39800 ns, At safepoint: 3900 ns, Total: 43700 ns
[4591.232s][info ][gc,start       ] GC(109) Pause Young (Allocation Failure)
[4591.250s][debug][gc,phases      ] GC(109) Scavenge 17.230ms
[4591.250s][debug][gc,ref         ] GC(109) Skipped phase 1 of Reference Processing: no references
[4591.250s][debug][gc,ref         ] GC(109) ReferenceProcessor::execute queues: 1, RefProcThreadModel::Single, marks_oops_alive: false
[4591.250s][debug][gc,ref         ] GC(109) Skipped phase 3 of Reference Processing: no references
[4591.250s][debug][gc,ref         ] GC(109) ReferenceProcessor::execute queues: 1, RefProcThreadModel::Single, marks_oops_alive: false
[4591.250s][debug][gc,phases      ] GC(109) Reference Processing 0.135ms
[4591.250s][debug][gc,phases      ] GC(109)   VM Weak                        Min:  0.0, Avg:  0.0, Max:  0.0, Diff:  0.0, Sum:  0.0, Workers: 4
[4591.250s][debug][gc,phases      ] GC(109)     Dead                           Min: 0, Avg:  0.0, Max: 0, Diff: 0, Sum: 0, Workers: 4
[4591.250s][debug][gc,phases      ] GC(109)     Total                          Min: 0, Avg: 162.2, Max: 649, Diff: 649, Sum: 649, Workers: 4
[4591.250s][debug][gc,phases      ] GC(109)   ObjectSynchronizer Weak        Min:  0.0, Avg:  0.0, Max:  0.0, Diff:  0.0, Sum:  0.0, Workers: 4
[4591.250s][debug][gc,phases      ] GC(109)     Dead                           Min: 0, Avg:  0.0, Max: 0, Diff: 0, Sum: 0, Workers: 4
[4591.250s][debug][gc,phases      ] GC(109)     Total                          Min: 0, Avg: 159.8, Max: 319, Diff: 319, Sum: 639, Workers: 4
[4591.250s][debug][gc,phases      ] GC(109)   JVMTI Tag Weak OopStorage      Min:  0.0, Avg:  0.0, Max:  0.0, Diff:  0.0, Sum:  0.0, Workers: 4
[4591.250s][debug][gc,phases      ] GC(109)     Dead                           Min: 0, Avg:  0.0, Max: 0, Diff: 0, Sum: 0, Workers: 4
[4591.250s][debug][gc,phases      ] GC(109)     Total                          Min: 0, Avg:  0.0, Max: 0, Diff: 0, Sum: 0, Workers: 4
[4591.250s][debug][gc,phases      ] GC(109)   StringTable Weak               Min:  0.0, Avg:  0.1, Max:  0.1, Diff:  0.1, Sum:  0.3, Workers: 4
[4591.250s][debug][gc,phases      ] GC(109)     Dead                           Min: 0, Avg:  0.0, Max: 0, Diff: 0, Sum: 0, Workers: 4
[4591.250s][debug][gc,phases      ] GC(109)     Total                          Min: 0, Avg: 10727.2, Max: 14720, Diff: 14720, Sum: 42909, Workers: 4
[4591.250s][debug][gc,phases      ] GC(109)   ResolvedMethodTable Weak       Min:  0.0, Avg:  0.0, Max:  0.0, Diff:  0.0, Sum:  0.1, Workers: 4
[4591.250s][debug][gc,phases      ] GC(109)     Dead                           Min: 0, Avg:  0.0, Max: 0, Diff: 0, Sum: 0, Workers: 4
[4591.250s][debug][gc,phases      ] GC(109)     Total                          Min: 0, Avg: 2187.8, Max: 3056, Diff: 3056, Sum: 8751, Workers: 4
[4591.250s][debug][gc,phases      ] GC(109)   JNI Weak                       Min:  0.0, Avg:  0.0, Max:  0.0, Diff:  0.0, Sum:  0.0, Workers: 4
[4591.250s][debug][gc,phases      ] GC(109)     Dead                           Min: 0, Avg:  0.0, Max: 0, Diff: 0, Sum: 0, Workers: 4
[4591.250s][debug][gc,phases      ] GC(109)     Total                          Min: 0, Avg: 11.2, Max: 45, Diff: 45, Sum: 45, Workers: 4
[4591.250s][debug][gc,phases      ] GC(109)   StringDedup Table Weak         Min:  0.0, Avg:  0.0, Max:  0.0, Diff:  0.0, Sum:  0.0, Workers: 4
[4591.250s][debug][gc,phases      ] GC(109)     Dead                           Min: 0, Avg:  0.0, Max: 0, Diff: 0, Sum: 0, Workers: 4
[4591.250s][debug][gc,phases      ] GC(109)     Total                          Min: 0, Avg:  0.0, Max: 0, Diff: 0, Sum: 0, Workers: 4
[4591.250s][debug][gc,phases      ] GC(109)   StringDedup Requests0 Weak     Min:  0.0, Avg:  0.0, Max:  0.0, Diff:  0.0, Sum:  0.0, Workers: 4
[4591.250s][debug][gc,phases      ] GC(109)     Dead                           Min: 0, Avg:  0.0, Max: 0, Diff: 0, Sum: 0, Workers: 4
[4591.250s][debug][gc,phases      ] GC(109)     Total                          Min: 0, Avg:  0.0, Max: 0, Diff: 0, Sum: 0, Workers: 4
[4591.250s][debug][gc,phases      ] GC(109)   StringDedup Requests1 Weak     Min:  0.0, Avg:  0.0, Max:  0.0, Diff:  0.0, Sum:  0.0, Workers: 4
[4591.250s][debug][gc,phases      ] GC(109)     Dead                           Min: 0, Avg:  0.0, Max: 0, Diff: 0, Sum: 0, Workers: 4
[4591.250s][debug][gc,phases      ] GC(109)     Total                          Min: 0, Avg:  0.0, Max: 0, Diff: 0, Sum: 0, Workers: 4
[4591.250s][debug][gc,phases      ] GC(109)   Weak JFR Old Object Samples    Min:  0.0, Avg:  0.0, Max:  0.0, Diff:  0.0, Sum:  0.0, Workers: 4
[4591.250s][debug][gc,phases      ] GC(109)     Dead                           Min: 0, Avg:  0.0, Max: 0, Diff: 0, Sum: 0, Workers: 4
[4591.250s][debug][gc,phases      ] GC(109)     Total                          Min: 0, Avg:  0.0, Max: 0, Diff: 0, Sum: 0, Workers: 4
[4591.250s][debug][gc,phases      ] GC(109) Weak Processing 0.407ms
[4591.250s][debug][gc,age         ] GC(109) Desired survivor size 82313216 bytes, new threshold 15 (max threshold 15)
[4591.250s][info ][gc,heap        ] GC(109) PSYoungGen: 1984847K(1985024K)->46560K(2016768K) Eden: 1936384K(1936384K)->0K(1935872K) From: 48463K(48640K)->46560K(80896K)
[4591.250s][info ][gc,heap        ] GC(109) ParOldGen: 373311K(453632K)->373311K(453632K)
[4591.250s][info ][gc,metaspace   ] GC(109) Metaspace: 79924K(80704K)->79924K(80704K) NonClass: 68724K(69120K)->68724K(69120K) Class: 11200K(11584K)->11200K(11584K)
[4591.250s][info ][gc             ] GC(109) Pause Young (Allocation Failure) 2302M->410M(2412M) 17.904ms
[4591.250s][info ][gc,cpu         ] GC(109) User=0.05s Sys=0.00s Real=0.02s
[4591.250s][info ][safepoint      ] Safepoint "ParallelGCFailedAllocation", Time since last: 8367990484 ns, Reaching safepoint: 31900 ns, At safepoint: 17988845 ns, Total: 18020745 ns
[4605.251s][info ][safepoint      ] Safepoint "Cleanup", Time since last: 14000798945 ns, Reaching safepoint: 39000 ns, At safepoint: 3300 ns, Total: 42300 ns
[4654.682s][info ][gc,start       ] GC(110) Pause Young (Allocation Failure)
[4654.699s][debug][gc,phases      ] GC(110) Scavenge 16.971ms
[4654.700s][debug][gc,ref         ] GC(110) Skipped phase 1 of Reference Processing: no references
[4654.700s][debug][gc,ref         ] GC(110) ReferenceProcessor::execute queues: 1, RefProcThreadModel::Single, marks_oops_alive: false
[4654.700s][debug][gc,ref         ] GC(110) Skipped phase 3 of Reference Processing: no references
[4654.700s][debug][gc,ref         ] GC(110) ReferenceProcessor::execute queues: 1, RefProcThreadModel::Single, marks_oops_alive: false
[4654.700s][debug][gc,phases      ] GC(110) Reference Processing 0.101ms
[4654.700s][debug][gc,phases      ] GC(110)   VM Weak                        Min:  0.0, Avg:  0.0, Max:  0.0, Diff:  0.0, Sum:  0.0, Workers: 4
[4654.700s][debug][gc,phases      ] GC(110)     Dead                           Min: 0, Avg:  0.0, Max: 0, Diff: 0, Sum: 0, Workers: 4
[4654.700s][debug][gc,phases      ] GC(110)     Total                          Min: 0, Avg: 162.2, Max: 469, Diff: 469, Sum: 649, Workers: 4
[4654.700s][debug][gc,phases      ] GC(110)   ObjectSynchronizer Weak        Min:  0.0, Avg:  0.0, Max:  0.0, Diff:  0.0, Sum:  0.0, Workers: 4
[4654.700s][debug][gc,phases      ] GC(110)     Dead                           Min: 0, Avg:  0.0, Max: 0, Diff: 0, Sum: 0, Workers: 4
[4654.700s][debug][gc,phases      ] GC(110)     Total                          Min: 0, Avg: 159.8, Max: 256, Diff: 256, Sum: 639, Workers: 4
[4654.700s][debug][gc,phases      ] GC(110)   JVMTI Tag Weak OopStorage      Min:  0.0, Avg:  0.0, Max:  0.0, Diff:  0.0, Sum:  0.0, Workers: 4
[4654.700s][debug][gc,phases      ] GC(110)     Dead                           Min: 0, Avg:  0.0, Max: 0, Diff: 0, Sum: 0, Workers: 4
[4654.700s][debug][gc,phases      ] GC(110)     Total                          Min: 0, Avg:  0.0, Max: 0, Diff: 0, Sum: 0, Workers: 4
[4654.700s][debug][gc,phases      ] GC(110)   StringTable Weak               Min:  0.0, Avg:  0.1, Max:  0.1, Diff:  0.1, Sum:  0.3, Workers: 4
[4654.700s][debug][gc,phases      ] GC(110)     Dead                           Min: 0, Avg:  0.0, Max: 0, Diff: 0, Sum: 0, Workers: 4
[4654.700s][debug][gc,phases      ] GC(110)     Total                          Min: 0, Avg: 10727.2, Max: 15360, Diff: 15360, Sum: 42909, Workers: 4
[4654.700s][debug][gc,phases      ] GC(110)   ResolvedMethodTable Weak       Min:  0.0, Avg:  0.0, Max:  0.0, Diff:  0.0, Sum:  0.1, Workers: 4
[4654.700s][debug][gc,phases      ] GC(110)     Dead                           Min: 0, Avg:  0.0, Max: 0, Diff: 0, Sum: 0, Workers: 4
[4654.700s][debug][gc,phases      ] GC(110)     Total                          Min: 0, Avg: 2187.8, Max: 2944, Diff: 2944, Sum: 8751, Workers: 4
[4654.700s][debug][gc,phases      ] GC(110)   JNI Weak                       Min:  0.0, Avg:  0.0, Max:  0.0, Diff:  0.0, Sum:  0.0, Workers: 4
[4654.700s][debug][gc,phases      ] GC(110)     Dead                           Min: 0, Avg:  0.0, Max: 0, Diff: 0, Sum: 0, Workers: 4
[4654.700s][debug][gc,phases      ] GC(110)     Total                          Min: 0, Avg: 11.2, Max: 45, Diff: 45, Sum: 45, Workers: 4
[4654.700s][debug][gc,phases      ] GC(110)   StringDedup Table Weak         Min:  0.0, Avg:  0.0, Max:  0.0, Diff:  0.0, Sum:  0.0, Workers: 4
[4654.700s][debug][gc,phases      ] GC(110)     Dead                           Min: 0, Avg:  0.0, Max: 0, Diff: 0, Sum: 0, Workers: 4
[4654.700s][debug][gc,phases      ] GC(110)     Total                          Min: 0, Avg:  0.0, Max: 0, Diff: 0, Sum: 0, Workers: 4
[4654.700s][debug][gc,phases      ] GC(110)   StringDedup Requests0 Weak     Min:  0.0, Avg:  0.0, Max:  0.0, Diff:  0.0, Sum:  0.0, Workers: 4
[4654.700s][debug][gc,phases      ] GC(110)     Dead                           Min: 0, Avg:  0.0, Max: 0, Diff: 0, Sum: 0, Workers: 4
[4654.700s][debug][gc,phases      ] GC(110)     Total                          Min: 0, Avg:  0.0, Max: 0, Diff: 0, Sum: 0, Workers: 4
[4654.700s][debug][gc,phases      ] GC(110)   StringDedup Requests1 Weak     Min:  0.0, Avg:  0.0, Max:  0.0, Diff:  0.0, Sum:  0.0, Workers: 4
[4654.700s][debug][gc,phases      ] GC(110)     Dead                           Min: 0, Avg:  0.0, Max: 0, Diff: 0, Sum: 0, Workers: 4
[4654.700s][debug][gc,phases      ] GC(110)     Total                          Min: 0, Avg:  0.0, Max: 0, Diff: 0, Sum: 0, Workers: 4
[4654.700s][debug][gc,phases      ] GC(110)   Weak JFR Old Object Samples    Min:  0.0, Avg:  0.0, Max:  0.0, Diff:  0.0, Sum:  0.0, Workers: 4
[4654.700s][debug][gc,phases      ] GC(110)     Dead                           Min: 0, Avg:  0.0, Max: 0, Diff: 0, Sum: 0, Workers: 4
[4654.700s][debug][gc,phases      ] GC(110)     Total                          Min: 0, Avg:  0.0, Max: 0, Diff: 0, Sum: 0, Workers: 4
[4654.700s][debug][gc,phases      ] GC(110) Weak Processing 0.310ms
[4654.700s][debug][gc,age         ] GC(110) Desired survivor size 81788928 bytes, new threshold 15 (max threshold 15)
[4654.700s][info ][gc,heap        ] GC(110) PSYoungGen: 1982432K(2016768K)->47056K(2016256K) Eden: 1935872K(1935872K)->0K(1935872K) From: 46560K(80896K)->47056K(80384K)
[4654.700s][info ][gc,heap        ] GC(110) ParOldGen: 373311K(453632K)->373311K(453632K)
[4654.700s][info ][gc,metaspace   ] GC(110) Metaspace: 79925K(80704K)->79925K(80704K) NonClass: 68725K(69120K)->68725K(69120K) Class: 11200K(11584K)->11200K(11584K)
[4654.700s][info ][gc             ] GC(110) Pause Young (Allocation Failure) 2300M->410M(2412M) 17.494ms
[4654.700s][info ][gc,cpu         ] GC(110) User=0.04s Sys=0.00s Real=0.02s
[4654.700s][info ][safepoint      ] Safepoint "ParallelGCFailedAllocation", Time since last: 49431165317 ns, Reaching safepoint: 25700 ns, At safepoint: 17564244 ns, Total: 17589944 ns
[4659.700s][info ][safepoint      ] Safepoint "Cleanup", Time since last: 5000338314 ns, Reaching safepoint: 29200 ns, At safepoint: 22200 ns, Total: 51400 ns
[4695.703s][info ][safepoint      ] Safepoint "Cleanup", Time since last: 36002256360 ns, Reaching safepoint: 106200 ns, At safepoint: 6900 ns, Total: 113100 ns
[4706.704s][info ][safepoint      ] Safepoint "Cleanup", Time since last: 11000733642 ns, Reaching safepoint: 39800 ns, At safepoint: 3500 ns, Total: 43300 ns
[4713.043s][info ][safepoint      ] Safepoint "Cleanup", Time since last: 6339217654 ns, Reaching safepoint: 91700 ns, At safepoint: 3700 ns, Total: 95400 ns
[4718.140s][info ][gc,start       ] GC(111) Pause Young (Allocation Failure)
[4718.162s][debug][gc,phases      ] GC(111) Scavenge 21.258ms
[4718.162s][debug][gc,ref         ] GC(111) Skipped phase 1 of Reference Processing: no references
[4718.162s][debug][gc,ref         ] GC(111) ReferenceProcessor::execute queues: 1, RefProcThreadModel::Single, marks_oops_alive: false
[4718.162s][debug][gc,ref         ] GC(111) Skipped phase 3 of Reference Processing: no references
[4718.162s][debug][gc,ref         ] GC(111) ReferenceProcessor::execute queues: 1, RefProcThreadModel::Single, marks_oops_alive: false
[4718.162s][debug][gc,phases      ] GC(111) Reference Processing 0.121ms
[4718.162s][debug][gc,phases      ] GC(111)   VM Weak                        Min:  0.0, Avg:  0.0, Max:  0.0, Diff:  0.0, Sum:  0.0, Workers: 4
[4718.162s][debug][gc,phases      ] GC(111)     Dead                           Min: 0, Avg:  0.0, Max: 0, Diff: 0, Sum: 0, Workers: 4
[4718.162s][debug][gc,phases      ] GC(111)     Total                          Min: 0, Avg: 162.2, Max: 267, Diff: 267, Sum: 649, Workers: 4
[4718.162s][debug][gc,phases      ] GC(111)   ObjectSynchronizer Weak        Min:  0.0, Avg:  0.0, Max:  0.0, Diff:  0.0, Sum:  0.0, Workers: 4
[4718.162s][debug][gc,phases      ] GC(111)     Dead                           Min: 0, Avg:  0.0, Max: 0, Diff: 0, Sum: 0, Workers: 4
[4718.162s][debug][gc,phases      ] GC(111)     Total                          Min: 0, Avg: 159.8, Max: 320, Diff: 320, Sum: 639, Workers: 4
[4718.162s][debug][gc,phases      ] GC(111)   JVMTI Tag Weak OopStorage      Min:  0.0, Avg:  0.0, Max:  0.0, Diff:  0.0, Sum:  0.0, Workers: 4
[4718.162s][debug][gc,phases      ] GC(111)     Dead                           Min: 0, Avg:  0.0, Max: 0, Diff: 0, Sum: 0, Workers: 4
[4718.162s][debug][gc,phases      ] GC(111)     Total                          Min: 0, Avg:  0.0, Max: 0, Diff: 0, Sum: 0, Workers: 4
[4718.162s][debug][gc,phases      ] GC(111)   StringTable Weak               Min:  0.0, Avg:  0.1, Max:  0.1, Diff:  0.1, Sum:  0.3, Workers: 4
[4718.162s][debug][gc,phases      ] GC(111)     Dead                           Min: 0, Avg:  0.0, Max: 0, Diff: 0, Sum: 0, Workers: 4
[4718.162s][debug][gc,phases      ] GC(111)     Total                          Min: 0, Avg: 10727.2, Max: 14942, Diff: 14942, Sum: 42909, Workers: 4
[4718.162s][debug][gc,phases      ] GC(111)   ResolvedMethodTable Weak       Min:  0.0, Avg:  0.0, Max:  0.0, Diff:  0.0, Sum:  0.1, Workers: 4
[4718.162s][debug][gc,phases      ] GC(111)     Dead                           Min: 0, Avg:  0.0, Max: 0, Diff: 0, Sum: 0, Workers: 4
[4718.162s][debug][gc,phases      ] GC(111)     Total                          Min: 0, Avg: 2187.8, Max: 3199, Diff: 3199, Sum: 8751, Workers: 4
[4718.162s][debug][gc,phases      ] GC(111)   JNI Weak                       Min:  0.0, Avg:  0.0, Max:  0.0, Diff:  0.0, Sum:  0.0, Workers: 4
[4718.162s][debug][gc,phases      ] GC(111)     Dead                           Min: 0, Avg:  0.0, Max: 0, Diff: 0, Sum: 0, Workers: 4
[4718.162s][debug][gc,phases      ] GC(111)     Total                          Min: 0, Avg: 11.2, Max: 45, Diff: 45, Sum: 45, Workers: 4
[4718.162s][debug][gc,phases      ] GC(111)   StringDedup Table Weak         Min:  0.0, Avg:  0.0, Max:  0.0, Diff:  0.0, Sum:  0.0, Workers: 4
[4718.162s][debug][gc,phases      ] GC(111)     Dead                           Min: 0, Avg:  0.0, Max: 0, Diff: 0, Sum: 0, Workers: 4
[4718.162s][debug][gc,phases      ] GC(111)     Total                          Min: 0, Avg:  0.0, Max: 0, Diff: 0, Sum: 0, Workers: 4
[4718.162s][debug][gc,phases      ] GC(111)   StringDedup Requests0 Weak     Min:  0.0, Avg:  0.0, Max:  0.0, Diff:  0.0, Sum:  0.0, Workers: 4
[4718.162s][debug][gc,phases      ] GC(111)     Dead                           Min: 0, Avg:  0.0, Max: 0, Diff: 0, Sum: 0, Workers: 4
[4718.162s][debug][gc,phases      ] GC(111)     Total                          Min: 0, Avg:  0.0, Max: 0, Diff: 0, Sum: 0, Workers: 4
[4718.162s][debug][gc,phases      ] GC(111)   StringDedup Requests1 Weak     Min:  0.0, Avg:  0.0, Max:  0.0, Diff:  0.0, Sum:  0.0, Workers: 4
[4718.162s][debug][gc,phases      ] GC(111)     Dead                           Min: 0, Avg:  0.0, Max: 0, Diff: 0, Sum: 0, Workers: 4
[4718.162s][debug][gc,phases      ] GC(111)     Total                          Min: 0, Avg:  0.0, Max: 0, Diff: 0, Sum: 0, Workers: 4
[4718.162s][debug][gc,phases      ] GC(111)   Weak JFR Old Object Samples    Min:  0.0, Avg:  0.0, Max:  0.0, Diff:  0.0, Sum:  0.0, Workers: 4
[4718.162s][debug][gc,phases      ] GC(111)     Dead                           Min: 0, Avg:  0.0, Max: 0, Diff: 0, Sum: 0, Workers: 4
[4718.162s][debug][gc,phases      ] GC(111)     Total                          Min: 0, Avg:  0.0, Max: 0, Diff: 0, Sum: 0, Workers: 4
[4718.162s][debug][gc,phases      ] GC(111) Weak Processing 0.307ms
[4718.162s][debug][gc,age         ] GC(111) Desired survivor size 80740352 bytes, new threshold 15 (max threshold 15)
[4718.162s][info ][gc,heap        ] GC(111) PSYoungGen: 1982928K(2016256K)->46816K(2018304K) Eden: 1935872K(1935872K)->0K(1938432K) From: 47056K(80384K)->46816K(79872K)
[4718.162s][info ][gc,heap        ] GC(111) ParOldGen: 373311K(453632K)->373311K(453632K)
[4718.162s][info ][gc,metaspace   ] GC(111) Metaspace: 79925K(80704K)->79925K(80704K) NonClass: 68725K(69120K)->68725K(69120K) Class: 11200K(11584K)->11200K(11584K)
[4718.162s][info ][gc             ] GC(111) Pause Young (Allocation Failure) 2301M->410M(2414M) 21.819ms
[4718.162s][info ][gc,cpu         ] GC(111) User=0.04s Sys=0.00s Real=0.02s
[4718.162s][info ][safepoint      ] Safepoint "ParallelGCFailedAllocation", Time since last: 5097547615 ns, Reaching safepoint: 46900 ns, At safepoint: 21911656 ns, Total: 21958556 ns
[4752.166s][info ][safepoint      ] Safepoint "Cleanup", Time since last: 34003336661 ns, Reaching safepoint: 42600 ns, At safepoint: 18100 ns, Total: 60700 ns
[4781.986s][info ][gc,start       ] GC(112) Pause Young (Allocation Failure)
[4782.004s][debug][gc,phases      ] GC(112) Scavenge 18.191ms
[4782.004s][debug][gc,ref         ] GC(112) Skipped phase 1 of Reference Processing: no references
[4782.004s][debug][gc,ref         ] GC(112) ReferenceProcessor::execute queues: 1, RefProcThreadModel::Single, marks_oops_alive: false
[4782.004s][debug][gc,ref         ] GC(112) Skipped phase 3 of Reference Processing: no references
[4782.004s][debug][gc,ref         ] GC(112) ReferenceProcessor::execute queues: 1, RefProcThreadModel::Single, marks_oops_alive: false
[4782.004s][debug][gc,phases      ] GC(112) Reference Processing 0.106ms
[4782.004s][debug][gc,phases      ] GC(112)   VM Weak                        Min:  0.0, Avg:  0.0, Max:  0.0, Diff:  0.0, Sum:  0.0, Workers: 4
[4782.004s][debug][gc,phases      ] GC(112)     Dead                           Min: 0, Avg:  0.0, Max: 0, Diff: 0, Sum: 0, Workers: 4
[4782.004s][debug][gc,phases      ] GC(112)     Total                          Min: 0, Avg: 162.2, Max: 649, Diff: 649, Sum: 649, Workers: 4
[4782.004s][debug][gc,phases      ] GC(112)   ObjectSynchronizer Weak        Min:  0.0, Avg:  0.0, Max:  0.0, Diff:  0.0, Sum:  0.0, Workers: 4
[4782.004s][debug][gc,phases      ] GC(112)     Dead                           Min: 0, Avg:  0.0, Max: 0, Diff: 0, Sum: 0, Workers: 4
[4782.004s][debug][gc,phases      ] GC(112)     Total                          Min: 0, Avg: 159.8, Max: 320, Diff: 320, Sum: 639, Workers: 4
[4782.004s][debug][gc,phases      ] GC(112)   JVMTI Tag Weak OopStorage      Min:  0.0, Avg:  0.0, Max:  0.0, Diff:  0.0, Sum:  0.0, Workers: 4
[4782.004s][debug][gc,phases      ] GC(112)     Dead                           Min: 0, Avg:  0.0, Max: 0, Diff: 0, Sum: 0, Workers: 4
[4782.004s][debug][gc,phases      ] GC(112)     Total                          Min: 0, Avg:  0.0, Max: 0, Diff: 0, Sum: 0, Workers: 4
[4782.004s][debug][gc,phases      ] GC(112)   StringTable Weak               Min:  0.0, Avg:  0.1, Max:  0.1, Diff:  0.1, Sum:  0.3, Workers: 4
[4782.004s][debug][gc,phases      ] GC(112)     Dead                           Min: 0, Avg:  0.0, Max: 0, Diff: 0, Sum: 0, Workers: 4
[4782.004s][debug][gc,phases      ] GC(112)     Total                          Min: 0, Avg: 10727.2, Max: 27200, Diff: 27200, Sum: 42909, Workers: 4
[4782.004s][debug][gc,phases      ] GC(112)   ResolvedMethodTable Weak       Min:  0.0, Avg:  0.0, Max:  0.0, Diff:  0.0, Sum:  0.1, Workers: 4
[4782.004s][debug][gc,phases      ] GC(112)     Dead                           Min: 0, Avg:  0.0, Max: 0, Diff: 0, Sum: 0, Workers: 4
[4782.004s][debug][gc,phases      ] GC(112)     Total                          Min: 0, Avg: 2187.8, Max: 5423, Diff: 5423, Sum: 8751, Workers: 4
[4782.004s][debug][gc,phases      ] GC(112)   JNI Weak                       Min:  0.0, Avg:  0.0, Max:  0.0, Diff:  0.0, Sum:  0.0, Workers: 4
[4782.004s][debug][gc,phases      ] GC(112)     Dead                           Min: 0, Avg:  0.0, Max: 0, Diff: 0, Sum: 0, Workers: 4
[4782.004s][debug][gc,phases      ] GC(112)     Total                          Min: 0, Avg: 11.2, Max: 45, Diff: 45, Sum: 45, Workers: 4
[4782.004s][debug][gc,phases      ] GC(112)   StringDedup Table Weak         Min:  0.0, Avg:  0.0, Max:  0.0, Diff:  0.0, Sum:  0.0, Workers: 4
[4782.004s][debug][gc,phases      ] GC(112)     Dead                           Min: 0, Avg:  0.0, Max: 0, Diff: 0, Sum: 0, Workers: 4
[4782.004s][debug][gc,phases      ] GC(112)     Total                          Min: 0, Avg:  0.0, Max: 0, Diff: 0, Sum: 0, Workers: 4
[4782.004s][debug][gc,phases      ] GC(112)   StringDedup Requests0 Weak     Min:  0.0, Avg:  0.0, Max:  0.0, Diff:  0.0, Sum:  0.0, Workers: 4
[4782.004s][debug][gc,phases      ] GC(112)     Dead                           Min: 0, Avg:  0.0, Max: 0, Diff: 0, Sum: 0, Workers: 4
[4782.004s][debug][gc,phases      ] GC(112)     Total                          Min: 0, Avg:  0.0, Max: 0, Diff: 0, Sum: 0, Workers: 4
[4782.005s][debug][gc,phases      ] GC(112)   StringDedup Requests1 Weak     Min:  0.0, Avg:  0.0, Max:  0.0, Diff:  0.0, Sum:  0.0, Workers: 4
[4782.005s][debug][gc,phases      ] GC(112)     Dead                           Min: 0, Avg:  0.0, Max: 0, Diff: 0, Sum: 0, Workers: 4
[4782.005s][debug][gc,phases      ] GC(112)     Total                          Min: 0, Avg:  0.0, Max: 0, Diff: 0, Sum: 0, Workers: 4
[4782.005s][debug][gc,phases      ] GC(112)   Weak JFR Old Object Samples    Min:  0.0, Avg:  0.0, Max:  0.0, Diff:  0.0, Sum:  0.0, Workers: 4
[4782.005s][debug][gc,phases      ] GC(112)     Dead                           Min: 0, Avg:  0.0, Max: 0, Diff: 0, Sum: 0, Workers: 4
[4782.005s][debug][gc,phases      ] GC(112)     Total                          Min: 0, Avg:  0.0, Max: 0, Diff: 0, Sum: 0, Workers: 4
[4782.005s][debug][gc,phases      ] GC(112) Weak Processing 0.347ms
[4782.005s][debug][gc,age         ] GC(112) Desired survivor size 79691776 bytes, new threshold 15 (max threshold 15)
[4782.005s][info ][gc,heap        ] GC(112) PSYoungGen: 1985248K(2018304K)->46960K(2017280K) Eden: 1938432K(1938432K)->0K(1938432K) From: 46816K(79872K)->46960K(78848K)
[4782.005s][info ][gc,heap        ] GC(112) ParOldGen: 373311K(453632K)->373311K(453632K)
[4782.005s][info ][gc,metaspace   ] GC(112) Metaspace: 79929K(80704K)->79929K(80704K) NonClass: 68728K(69120K)->68728K(69120K) Class: 11200K(11584K)->11200K(11584K)
[4782.005s][info ][gc             ] GC(112) Pause Young (Allocation Failure) 2303M->410M(2413M) 18.984ms
[4782.005s][info ][gc,cpu         ] GC(112) User=0.04s Sys=0.00s Real=0.01s
[4782.005s][info ][safepoint      ] Safepoint "ParallelGCFailedAllocation", Time since last: 29819752206 ns, Reaching safepoint: 32600 ns, At safepoint: 19067948 ns, Total: 19100548 ns
[4783.005s][info ][safepoint      ] Safepoint "Cleanup", Time since last: 1000088845 ns, Reaching safepoint: 44100 ns, At safepoint: 4500 ns, Total: 48600 ns
[4789.005s][info ][safepoint      ] Safepoint "Cleanup", Time since last: 6000375672 ns, Reaching safepoint: 75200 ns, At safepoint: 6200 ns, Total: 81400 ns
[4796.006s][info ][safepoint      ] Safepoint "Cleanup", Time since last: 7000484624 ns, Reaching safepoint: 61700 ns, At safepoint: 2400 ns, Total: 64100 ns
[4797.006s][info ][safepoint      ] Safepoint "Cleanup", Time since last: 1000108647 ns, Reaching safepoint: 68600 ns, At safepoint: 8600 ns, Total: 77200 ns
[4798.006s][info ][safepoint      ] Safepoint "Cleanup", Time since last: 1000114647 ns, Reaching safepoint: 40401 ns, At safepoint: 3300 ns, Total: 43701 ns
[4802.006s][info ][safepoint      ] Safepoint "Cleanup", Time since last: 4000291289 ns, Reaching safepoint: 39000 ns, At safepoint: 2600 ns, Total: 41600 ns
[4818.007s][info ][safepoint      ] Safepoint "Cleanup", Time since last: 16000952382 ns, Reaching safepoint: 46400 ns, At safepoint: 3400 ns, Total: 49800 ns
[4824.008s][info ][safepoint      ] Safepoint "Cleanup", Time since last: 6000398403 ns, Reaching safepoint: 53300 ns, At safepoint: 31200 ns, Total: 84500 ns
[4833.009s][info ][safepoint      ] Safepoint "Cleanup", Time since last: 9000575164 ns, Reaching safepoint: 41400 ns, At safepoint: 5500 ns, Total: 46900 ns
[4840.339s][info ][gc,start       ] GC(113) Pause Young (Allocation Failure)
[4840.354s][debug][gc,phases      ] GC(113) Scavenge 14.395ms
[4840.354s][debug][gc,ref         ] GC(113) Skipped phase 1 of Reference Processing: no references
[4840.354s][debug][gc,ref         ] GC(113) ReferenceProcessor::execute queues: 1, RefProcThreadModel::Single, marks_oops_alive: false
[4840.354s][debug][gc,ref         ] GC(113) Skipped phase 3 of Reference Processing: no references
[4840.354s][debug][gc,ref         ] GC(113) ReferenceProcessor::execute queues: 1, RefProcThreadModel::Single, marks_oops_alive: false
[4840.354s][debug][gc,phases      ] GC(113) Reference Processing 0.117ms
[4840.354s][debug][gc,phases      ] GC(113)   VM Weak                        Min:  0.0, Avg:  0.0, Max:  0.0, Diff:  0.0, Sum:  0.0, Workers: 4
[4840.354s][debug][gc,phases      ] GC(113)     Dead                           Min: 0, Avg:  0.0, Max: 0, Diff: 0, Sum: 0, Workers: 4
[4840.354s][debug][gc,phases      ] GC(113)     Total                          Min: 0, Avg: 162.2, Max: 649, Diff: 649, Sum: 649, Workers: 4
[4840.354s][debug][gc,phases      ] GC(113)   ObjectSynchronizer Weak        Min:  0.0, Avg:  0.0, Max:  0.0, Diff:  0.0, Sum:  0.0, Workers: 4
[4840.354s][debug][gc,phases      ] GC(113)     Dead                           Min: 0, Avg:  0.0, Max: 0, Diff: 0, Sum: 0, Workers: 4
[4840.354s][debug][gc,phases      ] GC(113)     Total                          Min: 0, Avg: 159.8, Max: 320, Diff: 320, Sum: 639, Workers: 4
[4840.354s][debug][gc,phases      ] GC(113)   JVMTI Tag Weak OopStorage      Min:  0.0, Avg:  0.0, Max:  0.0, Diff:  0.0, Sum:  0.0, Workers: 4
[4840.354s][debug][gc,phases      ] GC(113)     Dead                           Min: 0, Avg:  0.0, Max: 0, Diff: 0, Sum: 0, Workers: 4
[4840.354s][debug][gc,phases      ] GC(113)     Total                          Min: 0, Avg:  0.0, Max: 0, Diff: 0, Sum: 0, Workers: 4
[4840.354s][debug][gc,phases      ] GC(113)   StringTable Weak               Min:  0.1, Avg:  0.1, Max:  0.1, Diff:  0.0, Sum:  0.4, Workers: 4
[4840.354s][debug][gc,phases      ] GC(113)     Dead                           Min: 0, Avg:  0.0, Max: 0, Diff: 0, Sum: 0, Workers: 4
[4840.354s][debug][gc,phases      ] GC(113)     Total                          Min: 10304, Avg: 10728.2, Max: 11520, Diff: 1216, Sum: 42913, Workers: 4
[4840.354s][debug][gc,phases      ] GC(113)   ResolvedMethodTable Weak       Min:  0.0, Avg:  0.0, Max:  0.0, Diff:  0.0, Sum:  0.1, Workers: 4
[4840.354s][debug][gc,phases      ] GC(113)     Dead                           Min: 0, Avg:  0.0, Max: 0, Diff: 0, Sum: 0, Workers: 4
[4840.354s][debug][gc,phases      ] GC(113)     Total                          Min: 1280, Avg: 2187.8, Max: 2688, Diff: 1408, Sum: 8751, Workers: 4
[4840.354s][debug][gc,phases      ] GC(113)   JNI Weak                       Min:  0.0, Avg:  0.0, Max:  0.0, Diff:  0.0, Sum:  0.0, Workers: 4
[4840.354s][debug][gc,phases      ] GC(113)     Dead                           Min: 0, Avg:  0.0, Max: 0, Diff: 0, Sum: 0, Workers: 4
[4840.354s][debug][gc,phases      ] GC(113)     Total                          Min: 0, Avg: 11.2, Max: 45, Diff: 45, Sum: 45, Workers: 4
[4840.354s][debug][gc,phases      ] GC(113)   StringDedup Table Weak         Min:  0.0, Avg:  0.0, Max:  0.0, Diff:  0.0, Sum:  0.0, Workers: 4
[4840.354s][debug][gc,phases      ] GC(113)     Dead                           Min: 0, Avg:  0.0, Max: 0, Diff: 0, Sum: 0, Workers: 4
[4840.354s][debug][gc,phases      ] GC(113)     Total                          Min: 0, Avg:  0.0, Max: 0, Diff: 0, Sum: 0, Workers: 4
[4840.354s][debug][gc,phases      ] GC(113)   StringDedup Requests0 Weak     Min:  0.0, Avg:  0.0, Max:  0.0, Diff:  0.0, Sum:  0.0, Workers: 4
[4840.354s][debug][gc,phases      ] GC(113)     Dead                           Min: 0, Avg:  0.0, Max: 0, Diff: 0, Sum: 0, Workers: 4
[4840.354s][debug][gc,phases      ] GC(113)     Total                          Min: 0, Avg:  0.0, Max: 0, Diff: 0, Sum: 0, Workers: 4
[4840.354s][debug][gc,phases      ] GC(113)   StringDedup Requests1 Weak     Min:  0.0, Avg:  0.0, Max:  0.0, Diff:  0.0, Sum:  0.0, Workers: 4
[4840.354s][debug][gc,phases      ] GC(113)     Dead                           Min: 0, Avg:  0.0, Max: 0, Diff: 0, Sum: 0, Workers: 4
[4840.354s][debug][gc,phases      ] GC(113)     Total                          Min: 0, Avg:  0.0, Max: 0, Diff: 0, Sum: 0, Workers: 4
[4840.354s][debug][gc,phases      ] GC(113)   Weak JFR Old Object Samples    Min:  0.0, Avg:  0.0, Max:  0.0, Diff:  0.0, Sum:  0.0, Workers: 4
[4840.354s][debug][gc,phases      ] GC(113)     Dead                           Min: 0, Avg:  0.0, Max: 0, Diff: 0, Sum: 0, Workers: 4
[4840.354s][debug][gc,phases      ] GC(113)     Total                          Min: 0, Avg:  0.0, Max: 0, Diff: 0, Sum: 0, Workers: 4
[4840.354s][debug][gc,phases      ] GC(113) Weak Processing 0.282ms
[4840.354s][debug][gc,age         ] GC(113) Desired survivor size 78643200 bytes, new threshold 15 (max threshold 15)
[4840.354s][info ][gc,heap        ] GC(113) PSYoungGen: 1985392K(2017280K)->47056K(2020352K) Eden: 1938432K(1938432K)->0K(1942528K) From: 46960K(78848K)->47056K(77824K)
[4840.354s][info ][gc,heap        ] GC(113) ParOldGen: 373311K(453632K)->373311K(453632K)
[4840.354s][info ][gc,metaspace   ] GC(113) Metaspace: 79940K(80704K)->79940K(80704K) NonClass: 68740K(69120K)->68740K(69120K) Class: 11200K(11584K)->11200K(11584K)
[4840.354s][info ][gc             ] GC(113) Pause Young (Allocation Failure) 2303M->410M(2416M) 14.904ms
[4840.354s][info ][gc,cpu         ] GC(113) User=0.04s Sys=0.00s Real=0.02s
[4840.354s][info ][safepoint      ] Safepoint "ParallelGCFailedAllocation", Time since last: 7330583112 ns, Reaching safepoint: 44600 ns, At safepoint: 14975038 ns, Total: 15019638 ns
[4844.354s][info ][safepoint      ] Safepoint "Cleanup", Time since last: 4000231314 ns, Reaching safepoint: 38600 ns, At safepoint: 2900 ns, Total: 41500 ns
[4847.355s][info ][safepoint      ] Safepoint "Cleanup", Time since last: 3000239162 ns, Reaching safepoint: 41500 ns, At safepoint: 8200 ns, Total: 49700 ns
[4848.355s][info ][safepoint      ] Safepoint "Cleanup", Time since last: 1000098755 ns, Reaching safepoint: 37900 ns, At safepoint: 3000 ns, Total: 40900 ns
[4849.355s][info ][safepoint      ] Safepoint "Cleanup", Time since last: 1000109154 ns, Reaching safepoint: 39000 ns, At safepoint: 3800 ns, Total: 42800 ns
[4867.356s][info ][safepoint      ] Safepoint "Cleanup", Time since last: 18001178902 ns, Reaching safepoint: 52800 ns, At safepoint: 8200 ns, Total: 61000 ns
[4886.357s][info ][safepoint      ] Safepoint "Cleanup", Time since last: 19001156303 ns, Reaching safepoint: 46401 ns, At safepoint: 27800 ns, Total: 74201 ns
[4890.358s][info ][safepoint      ] Safepoint "Cleanup", Time since last: 4000283938 ns, Reaching safepoint: 36000 ns, At safepoint: 3100 ns, Total: 39100 ns
[4899.684s][info ][gc,start       ] GC(114) Pause Young (Allocation Failure)
[4899.700s][debug][gc,phases      ] GC(114) Scavenge 15.388ms
[4899.700s][debug][gc,ref         ] GC(114) Skipped phase 1 of Reference Processing: no references
[4899.700s][debug][gc,ref         ] GC(114) ReferenceProcessor::execute queues: 1, RefProcThreadModel::Single, marks_oops_alive: false
[4899.700s][debug][gc,ref         ] GC(114) Skipped phase 3 of Reference Processing: no references
[4899.700s][debug][gc,ref         ] GC(114) ReferenceProcessor::execute queues: 1, RefProcThreadModel::Single, marks_oops_alive: false
[4899.700s][debug][gc,phases      ] GC(114) Reference Processing 0.103ms
[4899.700s][debug][gc,phases      ] GC(114)   VM Weak                        Min:  0.0, Avg:  0.0, Max:  0.0, Diff:  0.0, Sum:  0.0, Workers: 4
[4899.700s][debug][gc,phases      ] GC(114)     Dead                           Min: 0, Avg:  0.0, Max: 0, Diff: 0, Sum: 0, Workers: 4
[4899.700s][debug][gc,phases      ] GC(114)     Total                          Min: 0, Avg: 162.2, Max: 649, Diff: 649, Sum: 649, Workers: 4
[4899.700s][debug][gc,phases      ] GC(114)   ObjectSynchronizer Weak        Min:  0.0, Avg:  0.0, Max:  0.0, Diff:  0.0, Sum:  0.0, Workers: 4
[4899.700s][debug][gc,phases      ] GC(114)     Dead                           Min: 0, Avg:  0.0, Max: 0, Diff: 0, Sum: 0, Workers: 4
[4899.700s][debug][gc,phases      ] GC(114)     Total                          Min: 64, Avg: 159.8, Max: 319, Diff: 255, Sum: 639, Workers: 4
[4899.700s][debug][gc,phases      ] GC(114)   JVMTI Tag Weak OopStorage      Min:  0.0, Avg:  0.0, Max:  0.0, Diff:  0.0, Sum:  0.0, Workers: 4
[4899.700s][debug][gc,phases      ] GC(114)     Dead                           Min: 0, Avg:  0.0, Max: 0, Diff: 0, Sum: 0, Workers: 4
[4899.700s][debug][gc,phases      ] GC(114)     Total                          Min: 0, Avg:  0.0, Max: 0, Diff: 0, Sum: 0, Workers: 4
[4899.700s][debug][gc,phases      ] GC(114)   StringTable Weak               Min:  0.1, Avg:  0.1, Max:  0.1, Diff:  0.0, Sum:  0.4, Workers: 4
[4899.700s][debug][gc,phases      ] GC(114)     Dead                           Min: 0, Avg:  0.0, Max: 0, Diff: 0, Sum: 0, Workers: 4
[4899.700s][debug][gc,phases      ] GC(114)     Total                          Min: 9983, Avg: 10728.2, Max: 11328, Diff: 1345, Sum: 42913, Workers: 4
[4899.700s][debug][gc,phases      ] GC(114)   ResolvedMethodTable Weak       Min:  0.0, Avg:  0.0, Max:  0.0, Diff:  0.0, Sum:  0.1, Workers: 4
[4899.700s][debug][gc,phases      ] GC(114)     Dead                           Min: 0, Avg:  0.0, Max: 0, Diff: 0, Sum: 0, Workers: 4
[4899.700s][debug][gc,phases      ] GC(114)     Total                          Min: 1856, Avg: 2187.8, Max: 2367, Diff: 511, Sum: 8751, Workers: 4
[4899.700s][debug][gc,phases      ] GC(114)   JNI Weak                       Min:  0.0, Avg:  0.0, Max:  0.0, Diff:  0.0, Sum:  0.0, Workers: 4
[4899.700s][debug][gc,phases      ] GC(114)     Dead                           Min: 0, Avg:  0.0, Max: 0, Diff: 0, Sum: 0, Workers: 4
[4899.700s][debug][gc,phases      ] GC(114)     Total                          Min: 0, Avg: 11.2, Max: 45, Diff: 45, Sum: 45, Workers: 4
[4899.700s][debug][gc,phases      ] GC(114)   StringDedup Table Weak         Min:  0.0, Avg:  0.0, Max:  0.0, Diff:  0.0, Sum:  0.0, Workers: 4
[4899.700s][debug][gc,phases      ] GC(114)     Dead                           Min: 0, Avg:  0.0, Max: 0, Diff: 0, Sum: 0, Workers: 4
[4899.700s][debug][gc,phases      ] GC(114)     Total                          Min: 0, Avg:  0.0, Max: 0, Diff: 0, Sum: 0, Workers: 4
[4899.700s][debug][gc,phases      ] GC(114)   StringDedup Requests0 Weak     Min:  0.0, Avg:  0.0, Max:  0.0, Diff:  0.0, Sum:  0.0, Workers: 4
[4899.700s][debug][gc,phases      ] GC(114)     Dead                           Min: 0, Avg:  0.0, Max: 0, Diff: 0, Sum: 0, Workers: 4
[4899.700s][debug][gc,phases      ] GC(114)     Total                          Min: 0, Avg:  0.0, Max: 0, Diff: 0, Sum: 0, Workers: 4
[4899.700s][debug][gc,phases      ] GC(114)   StringDedup Requests1 Weak     Min:  0.0, Avg:  0.0, Max:  0.0, Diff:  0.0, Sum:  0.0, Workers: 4
[4899.700s][debug][gc,phases      ] GC(114)     Dead                           Min: 0, Avg:  0.0, Max: 0, Diff: 0, Sum: 0, Workers: 4
[4899.700s][debug][gc,phases      ] GC(114)     Total                          Min: 0, Avg:  0.0, Max: 0, Diff: 0, Sum: 0, Workers: 4
[4899.700s][debug][gc,phases      ] GC(114)   Weak JFR Old Object Samples    Min:  0.0, Avg:  0.0, Max:  0.0, Diff:  0.0, Sum:  0.0, Workers: 4
[4899.700s][debug][gc,phases      ] GC(114)     Dead                           Min: 0, Avg:  0.0, Max: 0, Diff: 0, Sum: 0, Workers: 4
[4899.700s][debug][gc,phases      ] GC(114)     Total                          Min: 0, Avg:  0.0, Max: 0, Diff: 0, Sum: 0, Workers: 4
[4899.700s][debug][gc,phases      ] GC(114) Weak Processing 0.270ms
[4899.700s][debug][gc,age         ] GC(114) Desired survivor size 77070336 bytes, new threshold 15 (max threshold 15)
[4899.700s][info ][gc,heap        ] GC(114) PSYoungGen: 1989584K(2020352K)->47232K(2019328K) Eden: 1942528K(1942528K)->0K(1942528K) From: 47056K(77824K)->47232K(76800K)
[4899.700s][info ][gc,heap        ] GC(114) ParOldGen: 373311K(453632K)->373311K(453632K)
[4899.700s][info ][gc,metaspace   ] GC(114) Metaspace: 79958K(80832K)->79958K(80832K) NonClass: 68758K(69248K)->68758K(69248K) Class: 11200K(11584K)->11200K(11584K)
[4899.700s][info ][gc             ] GC(114) Pause Young (Allocation Failure) 2307M->410M(2415M) 15.878ms
[4899.700s][info ][gc,cpu         ] GC(114) User=0.04s Sys=0.00s Real=0.02s
[4899.700s][info ][safepoint      ] Safepoint "ParallelGCFailedAllocation", Time since last: 9326404192 ns, Reaching safepoint: 107701 ns, At safepoint: 15963038 ns, Total: 16070739 ns
[4901.700s][info ][safepoint      ] Safepoint "Cleanup", Time since last: 2000138488 ns, Reaching safepoint: 74301 ns, At safepoint: 7300 ns, Total: 81601 ns
[4902.701s][info ][safepoint      ] Safepoint "Cleanup", Time since last: 1000104079 ns, Reaching safepoint: 61900 ns, At safepoint: 6500 ns, Total: 68400 ns
[4909.701s][info ][safepoint      ] Safepoint "Cleanup", Time since last: 7000487263 ns, Reaching safepoint: 54600 ns, At safepoint: 2700 ns, Total: 57300 ns
[4916.702s][info ][safepoint      ] Safepoint "Cleanup", Time since last: 7000420263 ns, Reaching safepoint: 40901 ns, At safepoint: 6400 ns, Total: 47301 ns
[4926.702s][info ][safepoint      ] Safepoint "Cleanup", Time since last: 10000673311 ns, Reaching safepoint: 49000 ns, At safepoint: 8500 ns, Total: 57500 ns
[4964.084s][info ][gc,start       ] GC(115) Pause Young (Allocation Failure)
[4964.099s][debug][gc,phases      ] GC(115) Scavenge 15.090ms
[4964.099s][debug][gc,ref         ] GC(115) Skipped phase 1 of Reference Processing: no references
[4964.100s][debug][gc,ref         ] GC(115) ReferenceProcessor::execute queues: 1, RefProcThreadModel::Single, marks_oops_alive: false
[4964.100s][debug][gc,ref         ] GC(115) Skipped phase 3 of Reference Processing: no references
[4964.100s][debug][gc,ref         ] GC(115) ReferenceProcessor::execute queues: 1, RefProcThreadModel::Single, marks_oops_alive: false
[4964.100s][debug][gc,phases      ] GC(115) Reference Processing 0.122ms
[4964.100s][debug][gc,phases      ] GC(115)   VM Weak                        Min:  0.0, Avg:  0.0, Max:  0.0, Diff:  0.0, Sum:  0.0, Workers: 4
[4964.100s][debug][gc,phases      ] GC(115)     Dead                           Min: 0, Avg:  0.0, Max: 0, Diff: 0, Sum: 0, Workers: 4
[4964.100s][debug][gc,phases      ] GC(115)     Total                          Min: 0, Avg: 162.2, Max: 585, Diff: 585, Sum: 649, Workers: 4
[4964.100s][debug][gc,phases      ] GC(115)   ObjectSynchronizer Weak        Min:  0.0, Avg:  0.0, Max:  0.0, Diff:  0.0, Sum:  0.0, Workers: 4
[4964.100s][debug][gc,phases      ] GC(115)     Dead                           Min: 0, Avg:  0.0, Max: 0, Diff: 0, Sum: 0, Workers: 4
[4964.100s][debug][gc,phases      ] GC(115)     Total                          Min: 128, Avg: 159.8, Max: 192, Diff: 64, Sum: 639, Workers: 4
[4964.100s][debug][gc,phases      ] GC(115)   JVMTI Tag Weak OopStorage      Min:  0.0, Avg:  0.0, Max:  0.0, Diff:  0.0, Sum:  0.0, Workers: 4
[4964.100s][debug][gc,phases      ] GC(115)     Dead                           Min: 0, Avg:  0.0, Max: 0, Diff: 0, Sum: 0, Workers: 4
[4964.100s][debug][gc,phases      ] GC(115)     Total                          Min: 0, Avg:  0.0, Max: 0, Diff: 0, Sum: 0, Workers: 4
[4964.100s][debug][gc,phases      ] GC(115)   StringTable Weak               Min:  0.1, Avg:  0.1, Max:  0.1, Diff:  0.0, Sum:  0.4, Workers: 4
[4964.100s][debug][gc,phases      ] GC(115)     Dead                           Min: 0, Avg:  0.0, Max: 0, Diff: 0, Sum: 0, Workers: 4
[4964.100s][debug][gc,phases      ] GC(115)     Total                          Min: 10048, Avg: 10728.2, Max: 11263, Diff: 1215, Sum: 42913, Workers: 4
[4964.100s][debug][gc,phases      ] GC(115)   ResolvedMethodTable Weak       Min:  0.0, Avg:  0.0, Max:  0.0, Diff:  0.0, Sum:  0.1, Workers: 4
[4964.100s][debug][gc,phases      ] GC(115)     Dead                           Min: 0, Avg:  0.0, Max: 0, Diff: 0, Sum: 0, Workers: 4
[4964.100s][debug][gc,phases      ] GC(115)     Total                          Min: 1328, Avg: 2187.8, Max: 2624, Diff: 1296, Sum: 8751, Workers: 4
[4964.100s][debug][gc,phases      ] GC(115)   JNI Weak                       Min:  0.0, Avg:  0.0, Max:  0.0, Diff:  0.0, Sum:  0.0, Workers: 4
[4964.100s][debug][gc,phases      ] GC(115)     Dead                           Min: 0, Avg:  0.0, Max: 0, Diff: 0, Sum: 0, Workers: 4
[4964.100s][debug][gc,phases      ] GC(115)     Total                          Min: 0, Avg: 11.2, Max: 45, Diff: 45, Sum: 45, Workers: 4
[4964.100s][debug][gc,phases      ] GC(115)   StringDedup Table Weak         Min:  0.0, Avg:  0.0, Max:  0.0, Diff:  0.0, Sum:  0.0, Workers: 4
[4964.100s][debug][gc,phases      ] GC(115)     Dead                           Min: 0, Avg:  0.0, Max: 0, Diff: 0, Sum: 0, Workers: 4
[4964.100s][debug][gc,phases      ] GC(115)     Total                          Min: 0, Avg:  0.0, Max: 0, Diff: 0, Sum: 0, Workers: 4
[4964.100s][debug][gc,phases      ] GC(115)   StringDedup Requests0 Weak     Min:  0.0, Avg:  0.0, Max:  0.0, Diff:  0.0, Sum:  0.0, Workers: 4
[4964.100s][debug][gc,phases      ] GC(115)     Dead                           Min: 0, Avg:  0.0, Max: 0, Diff: 0, Sum: 0, Workers: 4
[4964.100s][debug][gc,phases      ] GC(115)     Total                          Min: 0, Avg:  0.0, Max: 0, Diff: 0, Sum: 0, Workers: 4
[4964.100s][debug][gc,phases      ] GC(115)   StringDedup Requests1 Weak     Min:  0.0, Avg:  0.0, Max:  0.0, Diff:  0.0, Sum:  0.0, Workers: 4
[4964.100s][debug][gc,phases      ] GC(115)     Dead                           Min: 0, Avg:  0.0, Max: 0, Diff: 0, Sum: 0, Workers: 4
[4964.100s][debug][gc,phases      ] GC(115)     Total                          Min: 0, Avg:  0.0, Max: 0, Diff: 0, Sum: 0, Workers: 4
[4964.100s][debug][gc,phases      ] GC(115)   Weak JFR Old Object Samples    Min:  0.0, Avg:  0.0, Max:  0.0, Diff:  0.0, Sum:  0.0, Workers: 4
[4964.100s][debug][gc,phases      ] GC(115)     Dead                           Min: 0, Avg:  0.0, Max: 0, Diff: 0, Sum: 0, Workers: 4
[4964.100s][debug][gc,phases      ] GC(115)     Total                          Min: 0, Avg:  0.0, Max: 0, Diff: 0, Sum: 0, Workers: 4
[4964.100s][debug][gc,phases      ] GC(115) Weak Processing 0.278ms
[4964.100s][debug][gc,age         ] GC(115) Desired survivor size 76021760 bytes, new threshold 15 (max threshold 15)
[4964.100s][info ][gc,heap        ] GC(115) PSYoungGen: 1989760K(2019328K)->47152K(2022912K) Eden: 1942528K(1942528K)->0K(1947648K) From: 47232K(76800K)->47152K(75264K)
[4964.100s][info ][gc,heap        ] GC(115) ParOldGen: 373311K(453632K)->373311K(453632K)
[4964.100s][info ][gc,metaspace   ] GC(115) Metaspace: 79959K(80832K)->79959K(80832K) NonClass: 68759K(69248K)->68759K(69248K) Class: 11200K(11584K)->11200K(11584K)
[4964.100s][info ][gc             ] GC(115) Pause Young (Allocation Failure) 2307M->410M(2418M) 15.615ms
[4964.100s][info ][gc,cpu         ] GC(115) User=0.05s Sys=0.00s Real=0.02s
[4964.100s][info ][safepoint      ] Safepoint "ParallelGCFailedAllocation", Time since last: 37381725915 ns, Reaching safepoint: 106801 ns, At safepoint: 15724725 ns, Total: 15831526 ns
[4977.101s][info ][safepoint      ] Safepoint "Cleanup", Time since last: 13000817028 ns, Reaching safepoint: 50301 ns, At safepoint: 26200 ns, Total: 76501 ns
[4983.101s][info ][safepoint      ] Safepoint "Cleanup", Time since last: 6000413595 ns, Reaching safepoint: 42700 ns, At safepoint: 9100 ns, Total: 51800 ns
[5028.984s][info ][gc,start       ] GC(116) Pause Young (Allocation Failure)
[5029.000s][debug][gc,phases      ] GC(116) Scavenge 15.286ms
[5029.000s][debug][gc,ref         ] GC(116) Skipped phase 1 of Reference Processing: no references
[5029.000s][debug][gc,ref         ] GC(116) ReferenceProcessor::execute queues: 1, RefProcThreadModel::Single, marks_oops_alive: false
[5029.000s][debug][gc,ref         ] GC(116) Skipped phase 3 of Reference Processing: no references
[5029.000s][debug][gc,ref         ] GC(116) ReferenceProcessor::execute queues: 1, RefProcThreadModel::Single, marks_oops_alive: false
[5029.000s][debug][gc,phases      ] GC(116) Reference Processing 0.163ms
[5029.000s][debug][gc,phases      ] GC(116)   VM Weak                        Min:  0.0, Avg:  0.0, Max:  0.0, Diff:  0.0, Sum:  0.0, Workers: 4
[5029.000s][debug][gc,phases      ] GC(116)     Dead                           Min: 0, Avg:  0.0, Max: 0, Diff: 0, Sum: 0, Workers: 4
[5029.000s][debug][gc,phases      ] GC(116)     Total                          Min: 0, Avg: 162.2, Max: 585, Diff: 585, Sum: 649, Workers: 4
[5029.000s][debug][gc,phases      ] GC(116)   ObjectSynchronizer Weak        Min:  0.0, Avg:  0.0, Max:  0.0, Diff:  0.0, Sum:  0.0, Workers: 4
[5029.000s][debug][gc,phases      ] GC(116)     Dead                           Min: 0, Avg:  0.0, Max: 0, Diff: 0, Sum: 0, Workers: 4
[5029.000s][debug][gc,phases      ] GC(116)     Total                          Min: 0, Avg: 159.8, Max: 256, Diff: 256, Sum: 639, Workers: 4
[5029.000s][debug][gc,phases      ] GC(116)   JVMTI Tag Weak OopStorage      Min:  0.0, Avg:  0.0, Max:  0.0, Diff:  0.0, Sum:  0.0, Workers: 4
[5029.000s][debug][gc,phases      ] GC(116)     Dead                           Min: 0, Avg:  0.0, Max: 0, Diff: 0, Sum: 0, Workers: 4
[5029.000s][debug][gc,phases      ] GC(116)     Total                          Min: 0, Avg:  0.0, Max: 0, Diff: 0, Sum: 0, Workers: 4
[5029.000s][debug][gc,phases      ] GC(116)   StringTable Weak               Min:  0.0, Avg:  0.1, Max:  0.1, Diff:  0.1, Sum:  0.3, Workers: 4
[5029.000s][debug][gc,phases      ] GC(116)     Dead                           Min: 0, Avg:  0.0, Max: 0, Diff: 0, Sum: 0, Workers: 4
[5029.000s][debug][gc,phases      ] GC(116)     Total                          Min: 0, Avg: 10728.5, Max: 14947, Diff: 14947, Sum: 42914, Workers: 4
[5029.000s][debug][gc,phases      ] GC(116)   ResolvedMethodTable Weak       Min:  0.0, Avg:  0.0, Max:  0.0, Diff:  0.0, Sum:  0.1, Workers: 4
[5029.000s][debug][gc,phases      ] GC(116)     Dead                           Min: 0, Avg:  0.0, Max: 0, Diff: 0, Sum: 0, Workers: 4
[5029.000s][debug][gc,phases      ] GC(116)     Total                          Min: 0, Avg: 2187.8, Max: 2944, Diff: 2944, Sum: 8751, Workers: 4
[5029.000s][debug][gc,phases      ] GC(116)   JNI Weak                       Min:  0.0, Avg:  0.0, Max:  0.0, Diff:  0.0, Sum:  0.0, Workers: 4
[5029.000s][debug][gc,phases      ] GC(116)     Dead                           Min: 0, Avg:  0.0, Max: 0, Diff: 0, Sum: 0, Workers: 4
[5029.000s][debug][gc,phases      ] GC(116)     Total                          Min: 0, Avg: 11.2, Max: 45, Diff: 45, Sum: 45, Workers: 4
[5029.000s][debug][gc,phases      ] GC(116)   StringDedup Table Weak         Min:  0.0, Avg:  0.0, Max:  0.0, Diff:  0.0, Sum:  0.0, Workers: 4
[5029.000s][debug][gc,phases      ] GC(116)     Dead                           Min: 0, Avg:  0.0, Max: 0, Diff: 0, Sum: 0, Workers: 4
[5029.000s][debug][gc,phases      ] GC(116)     Total                          Min: 0, Avg:  0.0, Max: 0, Diff: 0, Sum: 0, Workers: 4
[5029.000s][debug][gc,phases      ] GC(116)   StringDedup Requests0 Weak     Min:  0.0, Avg:  0.0, Max:  0.0, Diff:  0.0, Sum:  0.0, Workers: 4
[5029.000s][debug][gc,phases      ] GC(116)     Dead                           Min: 0, Avg:  0.0, Max: 0, Diff: 0, Sum: 0, Workers: 4
[5029.000s][debug][gc,phases      ] GC(116)     Total                          Min: 0, Avg:  0.0, Max: 0, Diff: 0, Sum: 0, Workers: 4
[5029.000s][debug][gc,phases      ] GC(116)   StringDedup Requests1 Weak     Min:  0.0, Avg:  0.0, Max:  0.0, Diff:  0.0, Sum:  0.0, Workers: 4
[5029.000s][debug][gc,phases      ] GC(116)     Dead                           Min: 0, Avg:  0.0, Max: 0, Diff: 0, Sum: 0, Workers: 4
[5029.000s][debug][gc,phases      ] GC(116)     Total                          Min: 0, Avg:  0.0, Max: 0, Diff: 0, Sum: 0, Workers: 4
[5029.000s][debug][gc,phases      ] GC(116)   Weak JFR Old Object Samples    Min:  0.0, Avg:  0.0, Max:  0.0, Diff:  0.0, Sum:  0.0, Workers: 4
[5029.000s][debug][gc,phases      ] GC(116)     Dead                           Min: 0, Avg:  0.0, Max: 0, Diff: 0, Sum: 0, Workers: 4
[5029.000s][debug][gc,phases      ] GC(116)     Total                          Min: 0, Avg:  0.0, Max: 0, Diff: 0, Sum: 0, Workers: 4
[5029.000s][debug][gc,phases      ] GC(116) Weak Processing 0.374ms
[5029.000s][debug][gc,age         ] GC(116) Desired survivor size 74973184 bytes, new threshold 15 (max threshold 15)
[5029.000s][info ][gc,heap        ] GC(116) PSYoungGen: 1994800K(2022912K)->47408K(2021888K) Eden: 1947648K(1947648K)->0K(1947648K) From: 47152K(75264K)->47408K(74240K)
[5029.000s][info ][gc,heap        ] GC(116) ParOldGen: 373311K(453632K)->373311K(453632K)
[5029.000s][info ][gc,metaspace   ] GC(116) Metaspace: 79960K(80832K)->79960K(80832K) NonClass: 68760K(69248K)->68760K(69248K) Class: 11200K(11584K)->11200K(11584K)
[5029.000s][info ][gc             ] GC(116) Pause Young (Allocation Failure) 2312M->410M(2417M) 15.976ms
[5029.000s][info ][gc,cpu         ] GC(116) User=0.04s Sys=0.00s Real=0.02s
[5029.000s][info ][safepoint      ] Safepoint "ParallelGCFailedAllocation", Time since last: 45882950926 ns, Reaching safepoint: 108101 ns, At safepoint: 16083619 ns, Total: 16191720 ns
[5094.638s][info ][gc,start       ] GC(117) Pause Young (Allocation Failure)
[5094.652s][debug][gc,phases      ] GC(117) Scavenge 14.130ms
[5094.652s][debug][gc,ref         ] GC(117) Skipped phase 1 of Reference Processing: no references
[5094.652s][debug][gc,ref         ] GC(117) ReferenceProcessor::execute queues: 1, RefProcThreadModel::Single, marks_oops_alive: false
[5094.652s][debug][gc,ref         ] GC(117) Skipped phase 3 of Reference Processing: no references
[5094.652s][debug][gc,ref         ] GC(117) ReferenceProcessor::execute queues: 1, RefProcThreadModel::Single, marks_oops_alive: false
[5094.652s][debug][gc,phases      ] GC(117) Reference Processing 0.100ms
[5094.652s][debug][gc,phases      ] GC(117)   VM Weak                        Min:  0.0, Avg:  0.0, Max:  0.0, Diff:  0.0, Sum:  0.0, Workers: 4
[5094.652s][debug][gc,phases      ] GC(117)     Dead                           Min: 0, Avg:  0.0, Max: 0, Diff: 0, Sum: 0, Workers: 4
[5094.652s][debug][gc,phases      ] GC(117)     Total                          Min: 0, Avg: 162.2, Max: 383, Diff: 383, Sum: 649, Workers: 4
[5094.652s][debug][gc,phases      ] GC(117)   ObjectSynchronizer Weak        Min:  0.0, Avg:  0.0, Max:  0.0, Diff:  0.0, Sum:  0.0, Workers: 4
[5094.652s][debug][gc,phases      ] GC(117)     Dead                           Min: 0, Avg:  0.0, Max: 0, Diff: 0, Sum: 0, Workers: 4
[5094.652s][debug][gc,phases      ] GC(117)     Total                          Min: 63, Avg: 159.8, Max: 256, Diff: 193, Sum: 639, Workers: 4
[5094.652s][debug][gc,phases      ] GC(117)   JVMTI Tag Weak OopStorage      Min:  0.0, Avg:  0.0, Max:  0.0, Diff:  0.0, Sum:  0.0, Workers: 4
[5094.652s][debug][gc,phases      ] GC(117)     Dead                           Min: 0, Avg:  0.0, Max: 0, Diff: 0, Sum: 0, Workers: 4
[5094.652s][debug][gc,phases      ] GC(117)     Total                          Min: 0, Avg:  0.0, Max: 0, Diff: 0, Sum: 0, Workers: 4
[5094.652s][debug][gc,phases      ] GC(117)   StringTable Weak               Min:  0.1, Avg:  0.1, Max:  0.1, Diff:  0.0, Sum:  0.4, Workers: 4
[5094.652s][debug][gc,phases      ] GC(117)     Dead                           Min: 0, Avg:  0.0, Max: 0, Diff: 0, Sum: 0, Workers: 4
[5094.652s][debug][gc,phases      ] GC(117)     Total                          Min: 9920, Avg: 10728.5, Max: 12131, Diff: 2211, Sum: 42914, Workers: 4
[5094.652s][debug][gc,phases      ] GC(117)   ResolvedMethodTable Weak       Min:  0.0, Avg:  0.0, Max:  0.0, Diff:  0.0, Sum:  0.1, Workers: 4
[5094.652s][debug][gc,phases      ] GC(117)     Dead                           Min: 0, Avg:  0.0, Max: 0, Diff: 0, Sum: 0, Workers: 4
[5094.652s][debug][gc,phases      ] GC(117)     Total                          Min: 1984, Avg: 2187.8, Max: 2367, Diff: 383, Sum: 8751, Workers: 4
[5094.652s][debug][gc,phases      ] GC(117)   JNI Weak                       Min:  0.0, Avg:  0.0, Max:  0.0, Diff:  0.0, Sum:  0.0, Workers: 4
[5094.652s][debug][gc,phases      ] GC(117)     Dead                           Min: 0, Avg:  0.0, Max: 0, Diff: 0, Sum: 0, Workers: 4
[5094.652s][debug][gc,phases      ] GC(117)     Total                          Min: 0, Avg: 11.2, Max: 45, Diff: 45, Sum: 45, Workers: 4
[5094.652s][debug][gc,phases      ] GC(117)   StringDedup Table Weak         Min:  0.0, Avg:  0.0, Max:  0.0, Diff:  0.0, Sum:  0.0, Workers: 4
[5094.652s][debug][gc,phases      ] GC(117)     Dead                           Min: 0, Avg:  0.0, Max: 0, Diff: 0, Sum: 0, Workers: 4
[5094.652s][debug][gc,phases      ] GC(117)     Total                          Min: 0, Avg:  0.0, Max: 0, Diff: 0, Sum: 0, Workers: 4
[5094.652s][debug][gc,phases      ] GC(117)   StringDedup Requests0 Weak     Min:  0.0, Avg:  0.0, Max:  0.0, Diff:  0.0, Sum:  0.0, Workers: 4
[5094.652s][debug][gc,phases      ] GC(117)     Dead                           Min: 0, Avg:  0.0, Max: 0, Diff: 0, Sum: 0, Workers: 4
[5094.652s][debug][gc,phases      ] GC(117)     Total                          Min: 0, Avg:  0.0, Max: 0, Diff: 0, Sum: 0, Workers: 4
[5094.652s][debug][gc,phases      ] GC(117)   StringDedup Requests1 Weak     Min:  0.0, Avg:  0.0, Max:  0.0, Diff:  0.0, Sum:  0.0, Workers: 4
[5094.652s][debug][gc,phases      ] GC(117)     Dead                           Min: 0, Avg:  0.0, Max: 0, Diff: 0, Sum: 0, Workers: 4
[5094.652s][debug][gc,phases      ] GC(117)     Total                          Min: 0, Avg:  0.0, Max: 0, Diff: 0, Sum: 0, Workers: 4
[5094.652s][debug][gc,phases      ] GC(117)   Weak JFR Old Object Samples    Min:  0.0, Avg:  0.0, Max:  0.0, Diff:  0.0, Sum:  0.0, Workers: 4
[5094.652s][debug][gc,phases      ] GC(117)     Dead                           Min: 0, Avg:  0.0, Max: 0, Diff: 0, Sum: 0, Workers: 4
[5094.652s][debug][gc,phases      ] GC(117)     Total                          Min: 0, Avg:  0.0, Max: 0, Diff: 0, Sum: 0, Workers: 4
[5094.652s][debug][gc,phases      ] GC(117) Weak Processing 0.280ms
[5094.652s][debug][gc,age         ] GC(117) Desired survivor size 73400320 bytes, new threshold 15 (max threshold 15)
[5094.652s][info ][gc,heap        ] GC(117) PSYoungGen: 1995056K(2021888K)->46320K(2025472K) Eden: 1947648K(1947648K)->0K(1952256K) From: 47408K(74240K)->46320K(73216K)
[5094.652s][info ][gc,heap        ] GC(117) ParOldGen: 373311K(453632K)->374071K(453632K)
[5094.652s][info ][gc,metaspace   ] GC(117) Metaspace: 79960K(80832K)->79960K(80832K) NonClass: 68760K(69248K)->68760K(69248K) Class: 11200K(11584K)->11200K(11584K)
[5094.652s][info ][gc             ] GC(117) Pause Young (Allocation Failure) 2312M->410M(2421M) 14.623ms
[5094.652s][info ][gc,cpu         ] GC(117) User=0.05s Sys=0.00s Real=0.01s
[5094.652s][info ][safepoint      ] Safepoint "ParallelGCFailedAllocation", Time since last: 65637318984 ns, Reaching safepoint: 29800 ns, At safepoint: 14691402 ns, Total: 14721202 ns
[5118.654s][info ][safepoint      ] Safepoint "Cleanup", Time since last: 24001450425 ns, Reaching safepoint: 42301 ns, At safepoint: 2900 ns, Total: 45201 ns
[5161.386s][info ][gc,start       ] GC(118) Pause Young (Allocation Failure)
[5161.399s][debug][gc,phases      ] GC(118) Scavenge 12.269ms
[5161.399s][debug][gc,ref         ] GC(118) Skipped phase 1 of Reference Processing: no references
[5161.399s][debug][gc,ref         ] GC(118) ReferenceProcessor::execute queues: 1, RefProcThreadModel::Single, marks_oops_alive: false
[5161.399s][debug][gc,ref         ] GC(118) Skipped phase 3 of Reference Processing: no references
[5161.399s][debug][gc,ref         ] GC(118) ReferenceProcessor::execute queues: 1, RefProcThreadModel::Single, marks_oops_alive: false
[5161.399s][debug][gc,phases      ] GC(118) Reference Processing 0.172ms
[5161.399s][debug][gc,phases      ] GC(118)   VM Weak                        Min:  0.0, Avg:  0.0, Max:  0.0, Diff:  0.0, Sum:  0.0, Workers: 4
[5161.399s][debug][gc,phases      ] GC(118)     Dead                           Min: 0, Avg:  0.0, Max: 0, Diff: 0, Sum: 0, Workers: 4
[5161.399s][debug][gc,phases      ] GC(118)     Total                          Min: 0, Avg: 162.2, Max: 649, Diff: 649, Sum: 649, Workers: 4
[5161.399s][debug][gc,phases      ] GC(118)   ObjectSynchronizer Weak        Min:  0.0, Avg:  0.0, Max:  0.0, Diff:  0.0, Sum:  0.0, Workers: 4
[5161.399s][debug][gc,phases      ] GC(118)     Dead                           Min: 0, Avg:  0.0, Max: 0, Diff: 0, Sum: 0, Workers: 4
[5161.399s][debug][gc,phases      ] GC(118)     Total                          Min: 0, Avg: 159.8, Max: 639, Diff: 639, Sum: 639, Workers: 4
[5161.399s][debug][gc,phases      ] GC(118)   JVMTI Tag Weak OopStorage      Min:  0.0, Avg:  0.0, Max:  0.0, Diff:  0.0, Sum:  0.0, Workers: 4
[5161.399s][debug][gc,phases      ] GC(118)     Dead                           Min: 0, Avg:  0.0, Max: 0, Diff: 0, Sum: 0, Workers: 4
[5161.399s][debug][gc,phases      ] GC(118)     Total                          Min: 0, Avg:  0.0, Max: 0, Diff: 0, Sum: 0, Workers: 4
[5161.399s][debug][gc,phases      ] GC(118)   StringTable Weak               Min:  0.0, Avg:  0.1, Max:  0.3, Diff:  0.3, Sum:  0.5, Workers: 4
[5161.399s][debug][gc,phases      ] GC(118)     Dead                           Min: 0, Avg:  0.0, Max: 0, Diff: 0, Sum: 0, Workers: 4
[5161.399s][debug][gc,phases      ] GC(118)     Total                          Min: 0, Avg: 10729.8, Max: 36007, Diff: 36007, Sum: 42919, Workers: 4
[5161.399s][debug][gc,phases      ] GC(118)   ResolvedMethodTable Weak       Min:  0.0, Avg:  0.0, Max:  0.1, Diff:  0.1, Sum:  0.2, Workers: 4
[5161.399s][debug][gc,phases      ] GC(118)     Dead                           Min: 0, Avg:  0.0, Max: 0, Diff: 0, Sum: 0, Workers: 4
[5161.399s][debug][gc,phases      ] GC(118)     Total                          Min: 0, Avg: 2187.8, Max: 6191, Diff: 6191, Sum: 8751, Workers: 4
[5161.399s][debug][gc,phases      ] GC(118)   JNI Weak                       Min:  0.0, Avg:  0.0, Max:  0.0, Diff:  0.0, Sum:  0.0, Workers: 4
[5161.399s][debug][gc,phases      ] GC(118)     Dead                           Min: 0, Avg:  0.0, Max: 0, Diff: 0, Sum: 0, Workers: 4
[5161.399s][debug][gc,phases      ] GC(118)     Total                          Min: 0, Avg: 11.2, Max: 45, Diff: 45, Sum: 45, Workers: 4
[5161.399s][debug][gc,phases      ] GC(118)   StringDedup Table Weak         Min:  0.0, Avg:  0.0, Max:  0.0, Diff:  0.0, Sum:  0.0, Workers: 4
[5161.399s][debug][gc,phases      ] GC(118)     Dead                           Min: 0, Avg:  0.0, Max: 0, Diff: 0, Sum: 0, Workers: 4
[5161.399s][debug][gc,phases      ] GC(118)     Total                          Min: 0, Avg:  0.0, Max: 0, Diff: 0, Sum: 0, Workers: 4
[5161.399s][debug][gc,phases      ] GC(118)   StringDedup Requests0 Weak     Min:  0.0, Avg:  0.0, Max:  0.0, Diff:  0.0, Sum:  0.0, Workers: 4
[5161.399s][debug][gc,phases      ] GC(118)     Dead                           Min: 0, Avg:  0.0, Max: 0, Diff: 0, Sum: 0, Workers: 4
[5161.399s][debug][gc,phases      ] GC(118)     Total                          Min: 0, Avg:  0.0, Max: 0, Diff: 0, Sum: 0, Workers: 4
[5161.399s][debug][gc,phases      ] GC(118)   StringDedup Requests1 Weak     Min:  0.0, Avg:  0.0, Max:  0.0, Diff:  0.0, Sum:  0.0, Workers: 4
[5161.399s][debug][gc,phases      ] GC(118)     Dead                           Min: 0, Avg:  0.0, Max: 0, Diff: 0, Sum: 0, Workers: 4
[5161.399s][debug][gc,phases      ] GC(118)     Total                          Min: 0, Avg:  0.0, Max: 0, Diff: 0, Sum: 0, Workers: 4
[5161.399s][debug][gc,phases      ] GC(118)   Weak JFR Old Object Samples    Min:  0.0, Avg:  0.0, Max:  0.0, Diff:  0.0, Sum:  0.0, Workers: 4
[5161.399s][debug][gc,phases      ] GC(118)     Dead                           Min: 0, Avg:  0.0, Max: 0, Diff: 0, Sum: 0, Workers: 4
[5161.399s][debug][gc,phases      ] GC(118)     Total                          Min: 0, Avg:  0.0, Max: 0, Diff: 0, Sum: 0, Workers: 4
[5161.399s][debug][gc,phases      ] GC(118) Weak Processing 0.645ms
[5161.399s][debug][gc,age         ] GC(118) Desired survivor size 71303168 bytes, new threshold 15 (max threshold 15)
[5161.399s][info ][gc,heap        ] GC(118) PSYoungGen: 1998576K(2025472K)->46112K(2023936K) Eden: 1952256K(1952256K)->0K(1952256K) From: 46320K(73216K)->46112K(71680K)
[5161.399s][info ][gc,heap        ] GC(118) ParOldGen: 374071K(453632K)->374479K(453632K)
[5161.399s][info ][gc,metaspace   ] GC(118) Metaspace: 79961K(80832K)->79961K(80832K) NonClass: 68761K(69248K)->68761K(69248K) Class: 11200K(11584K)->11200K(11584K)
[5161.399s][info ][gc             ] GC(118) Pause Young (Allocation Failure) 2317M->410M(2419M) 13.217ms
[5161.400s][info ][gc,cpu         ] GC(118) User=0.05s Sys=0.00s Real=0.01s
[5161.400s][info ][safepoint      ] Safepoint "ParallelGCFailedAllocation", Time since last: 42732219280 ns, Reaching safepoint: 27100 ns, At safepoint: 13297286 ns, Total: 13324386 ns
[5227.782s][info ][gc,start       ] GC(119) Pause Young (Allocation Failure)
[5227.795s][debug][gc,phases      ] GC(119) Scavenge 12.985ms
[5227.795s][debug][gc,ref         ] GC(119) Skipped phase 1 of Reference Processing: no references
[5227.795s][debug][gc,ref         ] GC(119) ReferenceProcessor::execute queues: 1, RefProcThreadModel::Single, marks_oops_alive: false
[5227.796s][debug][gc,ref         ] GC(119) Skipped phase 3 of Reference Processing: no references
[5227.796s][debug][gc,ref         ] GC(119) ReferenceProcessor::execute queues: 1, RefProcThreadModel::Single, marks_oops_alive: false
[5227.796s][debug][gc,phases      ] GC(119) Reference Processing 0.109ms
[5227.796s][debug][gc,phases      ] GC(119)   VM Weak                        Min:  0.0, Avg:  0.0, Max:  0.0, Diff:  0.0, Sum:  0.0, Workers: 4
[5227.796s][debug][gc,phases      ] GC(119)     Dead                           Min: 0, Avg:  0.0, Max: 0, Diff: 0, Sum: 0, Workers: 4
[5227.796s][debug][gc,phases      ] GC(119)     Total                          Min: 0, Avg: 162.2, Max: 469, Diff: 469, Sum: 649, Workers: 4
[5227.796s][debug][gc,phases      ] GC(119)   ObjectSynchronizer Weak        Min:  0.0, Avg:  0.0, Max:  0.0, Diff:  0.0, Sum:  0.0, Workers: 4
[5227.796s][debug][gc,phases      ] GC(119)     Dead                           Min: 0, Avg:  0.0, Max: 0, Diff: 0, Sum: 0, Workers: 4
[5227.796s][debug][gc,phases      ] GC(119)     Total                          Min: 128, Avg: 159.8, Max: 192, Diff: 64, Sum: 639, Workers: 4
[5227.796s][debug][gc,phases      ] GC(119)   JVMTI Tag Weak OopStorage      Min:  0.0, Avg:  0.0, Max:  0.0, Diff:  0.0, Sum:  0.0, Workers: 4
[5227.796s][debug][gc,phases      ] GC(119)     Dead                           Min: 0, Avg:  0.0, Max: 0, Diff: 0, Sum: 0, Workers: 4
[5227.796s][debug][gc,phases      ] GC(119)     Total                          Min: 0, Avg:  0.0, Max: 0, Diff: 0, Sum: 0, Workers: 4
[5227.796s][debug][gc,phases      ] GC(119)   StringTable Weak               Min:  0.1, Avg:  0.1, Max:  0.1, Diff:  0.0, Sum:  0.3, Workers: 4
[5227.796s][debug][gc,phases      ] GC(119)     Dead                           Min: 0, Avg:  0.0, Max: 0, Diff: 0, Sum: 0, Workers: 4
[5227.796s][debug][gc,phases      ] GC(119)     Total                          Min: 9856, Avg: 10729.8, Max: 11775, Diff: 1919, Sum: 42919, Workers: 4
[5227.796s][debug][gc,phases      ] GC(119)   ResolvedMethodTable Weak       Min:  0.0, Avg:  0.0, Max:  0.0, Diff:  0.0, Sum:  0.1, Workers: 4
[5227.796s][debug][gc,phases      ] GC(119)     Dead                           Min: 0, Avg:  0.0, Max: 0, Diff: 0, Sum: 0, Workers: 4
[5227.796s][debug][gc,phases      ] GC(119)     Total                          Min: 1904, Avg: 2187.8, Max: 2431, Diff: 527, Sum: 8751, Workers: 4
[5227.796s][debug][gc,phases      ] GC(119)   JNI Weak                       Min:  0.0, Avg:  0.0, Max:  0.0, Diff:  0.0, Sum:  0.0, Workers: 4
[5227.796s][debug][gc,phases      ] GC(119)     Dead                           Min: 0, Avg:  0.0, Max: 0, Diff: 0, Sum: 0, Workers: 4
[5227.796s][debug][gc,phases      ] GC(119)     Total                          Min: 0, Avg: 11.2, Max: 45, Diff: 45, Sum: 45, Workers: 4
[5227.796s][debug][gc,phases      ] GC(119)   StringDedup Table Weak         Min:  0.0, Avg:  0.0, Max:  0.0, Diff:  0.0, Sum:  0.0, Workers: 4
[5227.796s][debug][gc,phases      ] GC(119)     Dead                           Min: 0, Avg:  0.0, Max: 0, Diff: 0, Sum: 0, Workers: 4
[5227.796s][debug][gc,phases      ] GC(119)     Total                          Min: 0, Avg:  0.0, Max: 0, Diff: 0, Sum: 0, Workers: 4
[5227.796s][debug][gc,phases      ] GC(119)   StringDedup Requests0 Weak     Min:  0.0, Avg:  0.0, Max:  0.0, Diff:  0.0, Sum:  0.0, Workers: 4
[5227.796s][debug][gc,phases      ] GC(119)     Dead                           Min: 0, Avg:  0.0, Max: 0, Diff: 0, Sum: 0, Workers: 4
[5227.796s][debug][gc,phases      ] GC(119)     Total                          Min: 0, Avg:  0.0, Max: 0, Diff: 0, Sum: 0, Workers: 4
[5227.796s][debug][gc,phases      ] GC(119)   StringDedup Requests1 Weak     Min:  0.0, Avg:  0.0, Max:  0.0, Diff:  0.0, Sum:  0.0, Workers: 4
[5227.796s][debug][gc,phases      ] GC(119)     Dead                           Min: 0, Avg:  0.0, Max: 0, Diff: 0, Sum: 0, Workers: 4
[5227.796s][debug][gc,phases      ] GC(119)     Total                          Min: 0, Avg:  0.0, Max: 0, Diff: 0, Sum: 0, Workers: 4
[5227.796s][debug][gc,phases      ] GC(119)   Weak JFR Old Object Samples    Min:  0.0, Avg:  0.0, Max:  0.0, Diff:  0.0, Sum:  0.0, Workers: 4
[5227.796s][debug][gc,phases      ] GC(119)     Dead                           Min: 0, Avg:  0.0, Max: 0, Diff: 0, Sum: 0, Workers: 4
[5227.796s][debug][gc,phases      ] GC(119)     Total                          Min: 0, Avg:  0.0, Max: 0, Diff: 0, Sum: 0, Workers: 4
[5227.796s][debug][gc,phases      ] GC(119) Weak Processing 0.284ms
[5227.796s][debug][gc,age         ] GC(119) Desired survivor size 69730304 bytes, new threshold 15 (max threshold 15)
[5227.796s][info ][gc,heap        ] GC(119) PSYoungGen: 1998368K(2023936K)->45232K(2029056K) Eden: 1952256K(1952256K)->0K(1959424K) From: 46112K(71680K)->45232K(69632K)
[5227.796s][info ][gc,heap        ] GC(119) ParOldGen: 374479K(453632K)->375227K(453632K)
[5227.796s][info ][gc,metaspace   ] GC(119) Metaspace: 79961K(80832K)->79961K(80832K) NonClass: 68761K(69248K)->68761K(69248K) Class: 11200K(11584K)->11200K(11584K)
[5227.796s][info ][gc             ] GC(119) Pause Young (Allocation Failure) 2317M->410M(2424M) 13.744ms
[5227.796s][info ][gc,cpu         ] GC(119) User=0.05s Sys=0.00s Real=0.02s
[5227.796s][info ][safepoint      ] Safepoint "ParallelGCFailedAllocation", Time since last: 66382468018 ns, Reaching safepoint: 30401 ns, At safepoint: 13850984 ns, Total: 13881385 ns
[5294.539s][info ][gc,start       ] GC(120) Pause Young (Allocation Failure)
[5294.550s][debug][gc,phases      ] GC(120) Scavenge 11.080ms
[5294.550s][debug][gc,ref         ] GC(120) Skipped phase 1 of Reference Processing: no references
[5294.550s][debug][gc,ref         ] GC(120) ReferenceProcessor::execute queues: 1, RefProcThreadModel::Single, marks_oops_alive: false
[5294.550s][debug][gc,ref         ] GC(120) Skipped phase 3 of Reference Processing: no references
[5294.550s][debug][gc,ref         ] GC(120) ReferenceProcessor::execute queues: 1, RefProcThreadModel::Single, marks_oops_alive: false
[5294.550s][debug][gc,phases      ] GC(120) Reference Processing 0.105ms
[5294.550s][debug][gc,phases      ] GC(120)   VM Weak                        Min:  0.0, Avg:  0.0, Max:  0.0, Diff:  0.0, Sum:  0.0, Workers: 4
[5294.550s][debug][gc,phases      ] GC(120)     Dead                           Min: 0, Avg:  0.0, Max: 0, Diff: 0, Sum: 0, Workers: 4
[5294.550s][debug][gc,phases      ] GC(120)     Total                          Min: 0, Avg: 162.2, Max: 649, Diff: 649, Sum: 649, Workers: 4
[5294.550s][debug][gc,phases      ] GC(120)   ObjectSynchronizer Weak        Min:  0.0, Avg:  0.0, Max:  0.0, Diff:  0.0, Sum:  0.0, Workers: 4
[5294.550s][debug][gc,phases      ] GC(120)     Dead                           Min: 0, Avg:  0.0, Max: 0, Diff: 0, Sum: 0, Workers: 4
[5294.550s][debug][gc,phases      ] GC(120)     Total                          Min: 0, Avg: 159.8, Max: 320, Diff: 320, Sum: 639, Workers: 4
[5294.550s][debug][gc,phases      ] GC(120)   JVMTI Tag Weak OopStorage      Min:  0.0, Avg:  0.0, Max:  0.0, Diff:  0.0, Sum:  0.0, Workers: 4
[5294.550s][debug][gc,phases      ] GC(120)     Dead                           Min: 0, Avg:  0.0, Max: 0, Diff: 0, Sum: 0, Workers: 4
[5294.550s][debug][gc,phases      ] GC(120)     Total                          Min: 0, Avg:  0.0, Max: 0, Diff: 0, Sum: 0, Workers: 4
[5294.550s][debug][gc,phases      ] GC(120)   StringTable Weak               Min:  0.0, Avg:  0.1, Max:  0.1, Diff:  0.1, Sum:  0.3, Workers: 4
[5294.550s][debug][gc,phases      ] GC(120)     Dead                           Min: 0, Avg:  0.0, Max: 0, Diff: 0, Sum: 0, Workers: 4
[5294.550s][debug][gc,phases      ] GC(120)     Total                          Min: 0, Avg: 10729.8, Max: 17832, Diff: 17832, Sum: 42919, Workers: 4
[5294.550s][debug][gc,phases      ] GC(120)   ResolvedMethodTable Weak       Min:  0.0, Avg:  0.0, Max:  0.0, Diff:  0.0, Sum:  0.1, Workers: 4
[5294.550s][debug][gc,phases      ] GC(120)     Dead                           Min: 0, Avg:  0.0, Max: 0, Diff: 0, Sum: 0, Workers: 4
[5294.550s][debug][gc,phases      ] GC(120)     Total                          Min: 0, Avg: 2187.8, Max: 3632, Diff: 3632, Sum: 8751, Workers: 4
[5294.550s][debug][gc,phases      ] GC(120)   JNI Weak                       Min:  0.0, Avg:  0.0, Max:  0.0, Diff:  0.0, Sum:  0.0, Workers: 4
[5294.550s][debug][gc,phases      ] GC(120)     Dead                           Min: 0, Avg:  0.0, Max: 0, Diff: 0, Sum: 0, Workers: 4
[5294.550s][debug][gc,phases      ] GC(120)     Total                          Min: 0, Avg: 11.2, Max: 45, Diff: 45, Sum: 45, Workers: 4
[5294.550s][debug][gc,phases      ] GC(120)   StringDedup Table Weak         Min:  0.0, Avg:  0.0, Max:  0.0, Diff:  0.0, Sum:  0.0, Workers: 4
[5294.550s][debug][gc,phases      ] GC(120)     Dead                           Min: 0, Avg:  0.0, Max: 0, Diff: 0, Sum: 0, Workers: 4
[5294.550s][debug][gc,phases      ] GC(120)     Total                          Min: 0, Avg:  0.0, Max: 0, Diff: 0, Sum: 0, Workers: 4
[5294.550s][debug][gc,phases      ] GC(120)   StringDedup Requests0 Weak     Min:  0.0, Avg:  0.0, Max:  0.0, Diff:  0.0, Sum:  0.0, Workers: 4
[5294.550s][debug][gc,phases      ] GC(120)     Dead                           Min: 0, Avg:  0.0, Max: 0, Diff: 0, Sum: 0, Workers: 4
[5294.550s][debug][gc,phases      ] GC(120)     Total                          Min: 0, Avg:  0.0, Max: 0, Diff: 0, Sum: 0, Workers: 4
[5294.550s][debug][gc,phases      ] GC(120)   StringDedup Requests1 Weak     Min:  0.0, Avg:  0.0, Max:  0.0, Diff:  0.0, Sum:  0.0, Workers: 4
[5294.550s][debug][gc,phases      ] GC(120)     Dead                           Min: 0, Avg:  0.0, Max: 0, Diff: 0, Sum: 0, Workers: 4
[5294.550s][debug][gc,phases      ] GC(120)     Total                          Min: 0, Avg:  0.0, Max: 0, Diff: 0, Sum: 0, Workers: 4
[5294.550s][debug][gc,phases      ] GC(120)   Weak JFR Old Object Samples    Min:  0.0, Avg:  0.0, Max:  0.0, Diff:  0.0, Sum:  0.0, Workers: 4
[5294.550s][debug][gc,phases      ] GC(120)     Dead                           Min: 0, Avg:  0.0, Max: 0, Diff: 0, Sum: 0, Workers: 4
[5294.550s][debug][gc,phases      ] GC(120)     Total                          Min: 0, Avg:  0.0, Max: 0, Diff: 0, Sum: 0, Workers: 4
[5294.550s][debug][gc,phases      ] GC(120) Weak Processing 0.301ms
[5294.550s][debug][gc,age         ] GC(120) Desired survivor size 67633152 bytes, new threshold 15 (max threshold 15)
[5294.550s][info ][gc,heap        ] GC(120) PSYoungGen: 2004656K(2029056K)->44288K(2027520K) Eden: 1959424K(1959424K)->0K(1959424K) From: 45232K(69632K)->44288K(68096K)
[5294.550s][info ][gc,heap        ] GC(120) ParOldGen: 375227K(453632K)->376363K(453632K)
[5294.550s][info ][gc,metaspace   ] GC(120) Metaspace: 79961K(80832K)->79961K(80832K) NonClass: 68761K(69248K)->68761K(69248K) Class: 11200K(11584K)->11200K(11584K)
[5294.550s][info ][gc             ] GC(120) Pause Young (Allocation Failure) 2324M->410M(2423M) 11.592ms
[5294.550s][info ][gc,cpu         ] GC(120) User=0.05s Sys=0.00s Real=0.01s
[5294.550s][info ][safepoint      ] Safepoint "ParallelGCFailedAllocation", Time since last: 66742746876 ns, Reaching safepoint: 67201 ns, At safepoint: 11661967 ns, Total: 11729168 ns
[5295.551s][info ][safepoint      ] Safepoint "Cleanup", Time since last: 1000084347 ns, Reaching safepoint: 62700 ns, At safepoint: 7000 ns, Total: 69700 ns
[5300.551s][info ][safepoint      ] Safepoint "Cleanup", Time since last: 5000375765 ns, Reaching safepoint: 44000 ns, At safepoint: 22900 ns, Total: 66900 ns
[5361.032s][info ][gc,start       ] GC(121) Pause Young (Allocation Failure)
[5361.045s][debug][gc,phases      ] GC(121) Scavenge 13.027ms
[5361.045s][debug][gc,ref         ] GC(121) Skipped phase 1 of Reference Processing: no references
[5361.046s][debug][gc,ref         ] GC(121) ReferenceProcessor::execute queues: 1, RefProcThreadModel::Single, marks_oops_alive: false
[5361.046s][debug][gc,ref         ] GC(121) Skipped phase 3 of Reference Processing: no references
[5361.046s][debug][gc,ref         ] GC(121) ReferenceProcessor::execute queues: 1, RefProcThreadModel::Single, marks_oops_alive: false
[5361.046s][debug][gc,phases      ] GC(121) Reference Processing 0.087ms
[5361.046s][debug][gc,phases      ] GC(121)   VM Weak                        Min:  0.0, Avg:  0.0, Max:  0.0, Diff:  0.0, Sum:  0.0, Workers: 4
[5361.046s][debug][gc,phases      ] GC(121)     Dead                           Min: 0, Avg:  0.0, Max: 0, Diff: 0, Sum: 0, Workers: 4
[5361.046s][debug][gc,phases      ] GC(121)     Total                          Min: 0, Avg: 162.2, Max: 585, Diff: 585, Sum: 649, Workers: 4
[5361.046s][debug][gc,phases      ] GC(121)   ObjectSynchronizer Weak        Min:  0.0, Avg:  0.0, Max:  0.0, Diff:  0.0, Sum:  0.0, Workers: 4
[5361.046s][debug][gc,phases      ] GC(121)     Dead                           Min: 0, Avg:  0.0, Max: 0, Diff: 0, Sum: 0, Workers: 4
[5361.046s][debug][gc,phases      ] GC(121)     Total                          Min: 127, Avg: 159.8, Max: 192, Diff: 65, Sum: 639, Workers: 4
[5361.046s][debug][gc,phases      ] GC(121)   JVMTI Tag Weak OopStorage      Min:  0.0, Avg:  0.0, Max:  0.0, Diff:  0.0, Sum:  0.0, Workers: 4
[5361.046s][debug][gc,phases      ] GC(121)     Dead                           Min: 0, Avg:  0.0, Max: 0, Diff: 0, Sum: 0, Workers: 4
[5361.046s][debug][gc,phases      ] GC(121)     Total                          Min: 0, Avg:  0.0, Max: 0, Diff: 0, Sum: 0, Workers: 4
[5361.046s][debug][gc,phases      ] GC(121)   StringTable Weak               Min:  0.1, Avg:  0.1, Max:  0.1, Diff:  0.0, Sum:  0.3, Workers: 4
[5361.046s][debug][gc,phases      ] GC(121)     Dead                           Min: 0, Avg:  0.0, Max: 0, Diff: 0, Sum: 0, Workers: 4
[5361.046s][debug][gc,phases      ] GC(121)     Total                          Min: 10303, Avg: 10729.8, Max: 11584, Diff: 1281, Sum: 42919, Workers: 4
[5361.046s][debug][gc,phases      ] GC(121)   ResolvedMethodTable Weak       Min:  0.0, Avg:  0.0, Max:  0.0, Diff:  0.0, Sum:  0.1, Workers: 4
[5361.046s][debug][gc,phases      ] GC(121)     Dead                           Min: 0, Avg:  0.0, Max: 0, Diff: 0, Sum: 0, Workers: 4
[5361.046s][debug][gc,phases      ] GC(121)     Total                          Min: 1984, Avg: 2187.8, Max: 2304, Diff: 320, Sum: 8751, Workers: 4
[5361.046s][debug][gc,phases      ] GC(121)   JNI Weak                       Min:  0.0, Avg:  0.0, Max:  0.0, Diff:  0.0, Sum:  0.0, Workers: 4
[5361.046s][debug][gc,phases      ] GC(121)     Dead                           Min: 0, Avg:  0.0, Max: 0, Diff: 0, Sum: 0, Workers: 4
[5361.046s][debug][gc,phases      ] GC(121)     Total                          Min: 0, Avg: 11.2, Max: 45, Diff: 45, Sum: 45, Workers: 4
[5361.046s][debug][gc,phases      ] GC(121)   StringDedup Table Weak         Min:  0.0, Avg:  0.0, Max:  0.0, Diff:  0.0, Sum:  0.0, Workers: 4
[5361.046s][debug][gc,phases      ] GC(121)     Dead                           Min: 0, Avg:  0.0, Max: 0, Diff: 0, Sum: 0, Workers: 4
[5361.046s][debug][gc,phases      ] GC(121)     Total                          Min: 0, Avg:  0.0, Max: 0, Diff: 0, Sum: 0, Workers: 4
[5361.046s][debug][gc,phases      ] GC(121)   StringDedup Requests0 Weak     Min:  0.0, Avg:  0.0, Max:  0.0, Diff:  0.0, Sum:  0.0, Workers: 4
[5361.046s][debug][gc,phases      ] GC(121)     Dead                           Min: 0, Avg:  0.0, Max: 0, Diff: 0, Sum: 0, Workers: 4
[5361.046s][debug][gc,phases      ] GC(121)     Total                          Min: 0, Avg:  0.0, Max: 0, Diff: 0, Sum: 0, Workers: 4
[5361.046s][debug][gc,phases      ] GC(121)   StringDedup Requests1 Weak     Min:  0.0, Avg:  0.0, Max:  0.0, Diff:  0.0, Sum:  0.0, Workers: 4
[5361.046s][debug][gc,phases      ] GC(121)     Dead                           Min: 0, Avg:  0.0, Max: 0, Diff: 0, Sum: 0, Workers: 4
[5361.046s][debug][gc,phases      ] GC(121)     Total                          Min: 0, Avg:  0.0, Max: 0, Diff: 0, Sum: 0, Workers: 4
[5361.046s][debug][gc,phases      ] GC(121)   Weak JFR Old Object Samples    Min:  0.0, Avg:  0.0, Max:  0.0, Diff:  0.0, Sum:  0.0, Workers: 4
[5361.046s][debug][gc,phases      ] GC(121)     Dead                           Min: 0, Avg:  0.0, Max: 0, Diff: 0, Sum: 0, Workers: 4
[5361.046s][debug][gc,phases      ] GC(121)     Total                          Min: 0, Avg:  0.0, Max: 0, Diff: 0, Sum: 0, Workers: 4
[5361.046s][debug][gc,phases      ] GC(121) Weak Processing 0.278ms
[5361.046s][debug][gc,age         ] GC(121) Desired survivor size 70254592 bytes, new threshold 15 (max threshold 15)
[5361.046s][info ][gc,heap        ] GC(121) PSYoungGen: 2003712K(2027520K)->13280K(2025984K) Eden: 1959424K(1959424K)->0K(1959936K) From: 44288K(68096K)->13280K(66048K)
[5361.046s][info ][gc,heap        ] GC(121) ParOldGen: 376363K(453632K)->409487K(453632K)
[5361.046s][info ][gc,metaspace   ] GC(121) Metaspace: 79961K(80832K)->79961K(80832K) NonClass: 68761K(69248K)->68761K(69248K) Class: 11200K(11584K)->11200K(11584K)
[5361.046s][info ][gc             ] GC(121) Pause Young (Allocation Failure) 2324M->412M(2421M) 13.506ms
[5361.046s][info ][gc,cpu         ] GC(121) User=0.05s Sys=0.00s Real=0.02s
[5361.046s][info ][safepoint      ] Safepoint "ParallelGCFailedAllocation", Time since last: 60481343211 ns, Reaching safepoint: 31401 ns, At safepoint: 13582578 ns, Total: 13613979 ns
[5392.048s][info ][safepoint      ] Safepoint "Cleanup", Time since last: 31002126175 ns, Reaching safepoint: 101100 ns, At safepoint: 26000 ns, Total: 127100 ns
[5418.050s][info ][safepoint      ] Safepoint "Cleanup", Time since last: 26001805626 ns, Reaching safepoint: 47600 ns, At safepoint: 3800 ns, Total: 51400 ns
[5426.134s][info ][gc,start       ] GC(122) Pause Young (Allocation Failure)
[5426.139s][debug][gc,phases      ] GC(122) Scavenge 5.043ms
[5426.139s][debug][gc,ref         ] GC(122) Skipped phase 1 of Reference Processing: no references
[5426.139s][debug][gc,ref         ] GC(122) ReferenceProcessor::execute queues: 1, RefProcThreadModel::Single, marks_oops_alive: false
[5426.139s][debug][gc,ref         ] GC(122) Skipped phase 3 of Reference Processing: no references
[5426.139s][debug][gc,ref         ] GC(122) ReferenceProcessor::execute queues: 1, RefProcThreadModel::Single, marks_oops_alive: false
[5426.139s][debug][gc,phases      ] GC(122) Reference Processing 0.084ms
[5426.139s][debug][gc,phases      ] GC(122)   VM Weak                        Min:  0.0, Avg:  0.0, Max:  0.0, Diff:  0.0, Sum:  0.0, Workers: 4
[5426.139s][debug][gc,phases      ] GC(122)     Dead                           Min: 0, Avg:  0.0, Max: 0, Diff: 0, Sum: 0, Workers: 4
[5426.139s][debug][gc,phases      ] GC(122)     Total                          Min: 0, Avg: 162.2, Max: 521, Diff: 521, Sum: 649, Workers: 4
[5426.139s][debug][gc,phases      ] GC(122)   ObjectSynchronizer Weak        Min:  0.0, Avg:  0.0, Max:  0.0, Diff:  0.0, Sum:  0.0, Workers: 4
[5426.139s][debug][gc,phases      ] GC(122)     Dead                           Min: 0, Avg:  0.0, Max: 0, Diff: 0, Sum: 0, Workers: 4
[5426.139s][debug][gc,phases      ] GC(122)     Total                          Min: 0, Avg: 159.8, Max: 319, Diff: 319, Sum: 639, Workers: 4
[5426.139s][debug][gc,phases      ] GC(122)   JVMTI Tag Weak OopStorage      Min:  0.0, Avg:  0.0, Max:  0.0, Diff:  0.0, Sum:  0.0, Workers: 4
[5426.139s][debug][gc,phases      ] GC(122)     Dead                           Min: 0, Avg:  0.0, Max: 0, Diff: 0, Sum: 0, Workers: 4
[5426.139s][debug][gc,phases      ] GC(122)     Total                          Min: 0, Avg:  0.0, Max: 0, Diff: 0, Sum: 0, Workers: 4
[5426.139s][debug][gc,phases      ] GC(122)   StringTable Weak               Min:  0.1, Avg:  0.1, Max:  0.1, Diff:  0.0, Sum:  0.4, Workers: 4
[5426.139s][debug][gc,phases      ] GC(122)     Dead                           Min: 0, Avg:  0.0, Max: 0, Diff: 0, Sum: 0, Workers: 4
[5426.139s][debug][gc,phases      ] GC(122)     Total                          Min: 10432, Avg: 10730.0, Max: 11049, Diff: 617, Sum: 42920, Workers: 4
[5426.139s][debug][gc,phases      ] GC(122)   ResolvedMethodTable Weak       Min:  0.0, Avg:  0.0, Max:  0.0, Diff:  0.0, Sum:  0.1, Workers: 4
[5426.139s][debug][gc,phases      ] GC(122)     Dead                           Min: 0, Avg:  0.0, Max: 0, Diff: 0, Sum: 0, Workers: 4
[5426.139s][debug][gc,phases      ] GC(122)     Total                          Min: 1984, Avg: 2187.8, Max: 2559, Diff: 575, Sum: 8751, Workers: 4
[5426.139s][debug][gc,phases      ] GC(122)   JNI Weak                       Min:  0.0, Avg:  0.0, Max:  0.0, Diff:  0.0, Sum:  0.0, Workers: 4
[5426.139s][debug][gc,phases      ] GC(122)     Dead                           Min: 0, Avg:  0.0, Max: 0, Diff: 0, Sum: 0, Workers: 4
[5426.139s][debug][gc,phases      ] GC(122)     Total                          Min: 0, Avg: 11.2, Max: 45, Diff: 45, Sum: 45, Workers: 4
[5426.139s][debug][gc,phases      ] GC(122)   StringDedup Table Weak         Min:  0.0, Avg:  0.0, Max:  0.0, Diff:  0.0, Sum:  0.0, Workers: 4
[5426.139s][debug][gc,phases      ] GC(122)     Dead                           Min: 0, Avg:  0.0, Max: 0, Diff: 0, Sum: 0, Workers: 4
[5426.139s][debug][gc,phases      ] GC(122)     Total                          Min: 0, Avg:  0.0, Max: 0, Diff: 0, Sum: 0, Workers: 4
[5426.139s][debug][gc,phases      ] GC(122)   StringDedup Requests0 Weak     Min:  0.0, Avg:  0.0, Max:  0.0, Diff:  0.0, Sum:  0.0, Workers: 4
[5426.139s][debug][gc,phases      ] GC(122)     Dead                           Min: 0, Avg:  0.0, Max: 0, Diff: 0, Sum: 0, Workers: 4
[5426.139s][debug][gc,phases      ] GC(122)     Total                          Min: 0, Avg:  0.0, Max: 0, Diff: 0, Sum: 0, Workers: 4
[5426.139s][debug][gc,phases      ] GC(122)   StringDedup Requests1 Weak     Min:  0.0, Avg:  0.0, Max:  0.0, Diff:  0.0, Sum:  0.0, Workers: 4
[5426.139s][debug][gc,phases      ] GC(122)     Dead                           Min: 0, Avg:  0.0, Max: 0, Diff: 0, Sum: 0, Workers: 4
[5426.139s][debug][gc,phases      ] GC(122)     Total                          Min: 0, Avg:  0.0, Max: 0, Diff: 0, Sum: 0, Workers: 4
[5426.139s][debug][gc,phases      ] GC(122)   Weak JFR Old Object Samples    Min:  0.0, Avg:  0.0, Max:  0.0, Diff:  0.0, Sum:  0.0, Workers: 4
[5426.139s][debug][gc,phases      ] GC(122)     Dead                           Min: 0, Avg:  0.0, Max: 0, Diff: 0, Sum: 0, Workers: 4
[5426.139s][debug][gc,phases      ] GC(122)     Total                          Min: 0, Avg:  0.0, Max: 0, Diff: 0, Sum: 0, Workers: 4
[5426.139s][debug][gc,phases      ] GC(122) Weak Processing 0.281ms
[5426.139s][debug][gc,age         ] GC(122) Desired survivor size 73924608 bytes, new threshold 15 (max threshold 15)
[5426.139s][info ][gc,heap        ] GC(122) PSYoungGen: 1973216K(2025984K)->5168K(1965568K) Eden: 1959936K(1959936K)->0K(1959936K) From: 13280K(66048K)->5168K(5632K)
[5426.139s][info ][gc,heap        ] GC(122) ParOldGen: 409487K(453632K)->417928K(453632K)
[5426.139s][info ][gc,metaspace   ] GC(122) Metaspace: 79962K(80832K)->79962K(80832K) NonClass: 68762K(69248K)->68762K(69248K) Class: 11200K(11584K)->11200K(11584K)
[5426.139s][info ][gc             ] GC(122) Pause Young (Allocation Failure) 2326M->413M(2362M) 5.513ms
[5426.139s][info ][gc,cpu         ] GC(122) User=0.02s Sys=0.00s Real=0.00s
[5426.139s][info ][safepoint      ] Safepoint "ParallelGCFailedAllocation", Time since last: 8083510356 ns, Reaching safepoint: 100300 ns, At safepoint: 5592531 ns, Total: 5692831 ns
[5427.139s][info ][safepoint      ] Safepoint "Cleanup", Time since last: 1000084582 ns, Reaching safepoint: 115201 ns, At safepoint: 6500 ns, Total: 121701 ns
[5460.746s][info ][safepoint      ] Safepoint "Cleanup", Time since last: 33606915430 ns, Reaching safepoint: 38600 ns, At safepoint: 5300 ns, Total: 43900 ns
[5461.747s][info ][safepoint      ] Safepoint "Cleanup", Time since last: 1000107148 ns, Reaching safepoint: 42600 ns, At safepoint: 3200 ns, Total: 45800 ns
[5467.747s][info ][safepoint      ] Safepoint "Cleanup", Time since last: 6000436808 ns, Reaching safepoint: 42800 ns, At safepoint: 21000 ns, Total: 63800 ns
[5468.747s][info ][safepoint      ] Safepoint "Cleanup", Time since last: 1000110322 ns, Reaching safepoint: 31300 ns, At safepoint: 3000 ns, Total: 34300 ns
[5471.747s][info ][safepoint      ] Safepoint "Cleanup", Time since last: 3000222943 ns, Reaching safepoint: 46101 ns, At safepoint: 3100 ns, Total: 49201 ns
[5490.584s][info ][gc,start       ] GC(123) Pause Young (Allocation Failure)
[5490.587s][debug][gc,phases      ] GC(123) Scavenge 2.756ms
[5490.587s][debug][gc,ref         ] GC(123) Skipped phase 1 of Reference Processing: no references
[5490.587s][debug][gc,ref         ] GC(123) ReferenceProcessor::execute queues: 1, RefProcThreadModel::Single, marks_oops_alive: false
[5490.587s][debug][gc,ref         ] GC(123) Skipped phase 3 of Reference Processing: no references
[5490.587s][debug][gc,ref         ] GC(123) ReferenceProcessor::execute queues: 1, RefProcThreadModel::Single, marks_oops_alive: false
[5490.587s][debug][gc,phases      ] GC(123) Reference Processing 0.096ms
[5490.587s][debug][gc,phases      ] GC(123)   VM Weak                        Min:  0.0, Avg:  0.0, Max:  0.0, Diff:  0.0, Sum:  0.0, Workers: 4
[5490.587s][debug][gc,phases      ] GC(123)     Dead                           Min: 0, Avg:  0.0, Max: 0, Diff: 0, Sum: 0, Workers: 4
[5490.587s][debug][gc,phases      ] GC(123)     Total                          Min: 0, Avg: 162.2, Max: 649, Diff: 649, Sum: 649, Workers: 4
[5490.587s][debug][gc,phases      ] GC(123)   ObjectSynchronizer Weak        Min:  0.0, Avg:  0.0, Max:  0.0, Diff:  0.0, Sum:  0.0, Workers: 4
[5490.587s][debug][gc,phases      ] GC(123)     Dead                           Min: 0, Avg:  0.0, Max: 0, Diff: 0, Sum: 0, Workers: 4
[5490.587s][debug][gc,phases      ] GC(123)     Total                          Min: 0, Avg: 159.8, Max: 383, Diff: 383, Sum: 639, Workers: 4
[5490.587s][debug][gc,phases      ] GC(123)   JVMTI Tag Weak OopStorage      Min:  0.0, Avg:  0.0, Max:  0.0, Diff:  0.0, Sum:  0.0, Workers: 4
[5490.587s][debug][gc,phases      ] GC(123)     Dead                           Min: 0, Avg:  0.0, Max: 0, Diff: 0, Sum: 0, Workers: 4
[5490.587s][debug][gc,phases      ] GC(123)     Total                          Min: 0, Avg:  0.0, Max: 0, Diff: 0, Sum: 0, Workers: 4
[5490.587s][debug][gc,phases      ] GC(123)   StringTable Weak               Min:  0.1, Avg:  0.1, Max:  0.1, Diff:  0.0, Sum:  0.4, Workers: 4
[5490.587s][debug][gc,phases      ] GC(123)     Dead                           Min: 0, Avg:  0.0, Max: 0, Diff: 0, Sum: 0, Workers: 4
[5490.587s][debug][gc,phases      ] GC(123)     Total                          Min: 10298, Avg: 10734.5, Max: 11584, Diff: 1286, Sum: 42938, Workers: 4
[5490.587s][debug][gc,phases      ] GC(123)   ResolvedMethodTable Weak       Min:  0.0, Avg:  0.0, Max:  0.0, Diff:  0.0, Sum:  0.1, Workers: 4
[5490.587s][debug][gc,phases      ] GC(123)     Dead                           Min: 0, Avg:  0.0, Max: 0, Diff: 0, Sum: 0, Workers: 4
[5490.587s][debug][gc,phases      ] GC(123)     Total                          Min: 1536, Avg: 2187.8, Max: 2560, Diff: 1024, Sum: 8751, Workers: 4
[5490.587s][debug][gc,phases      ] GC(123)   JNI Weak                       Min:  0.0, Avg:  0.0, Max:  0.0, Diff:  0.0, Sum:  0.0, Workers: 4
[5490.587s][debug][gc,phases      ] GC(123)     Dead                           Min: 0, Avg:  0.0, Max: 0, Diff: 0, Sum: 0, Workers: 4
[5490.587s][debug][gc,phases      ] GC(123)     Total                          Min: 0, Avg: 11.2, Max: 45, Diff: 45, Sum: 45, Workers: 4
[5490.587s][debug][gc,phases      ] GC(123)   StringDedup Table Weak         Min:  0.0, Avg:  0.0, Max:  0.0, Diff:  0.0, Sum:  0.0, Workers: 4
[5490.587s][debug][gc,phases      ] GC(123)     Dead                           Min: 0, Avg:  0.0, Max: 0, Diff: 0, Sum: 0, Workers: 4
[5490.587s][debug][gc,phases      ] GC(123)     Total                          Min: 0, Avg:  0.0, Max: 0, Diff: 0, Sum: 0, Workers: 4
[5490.587s][debug][gc,phases      ] GC(123)   StringDedup Requests0 Weak     Min:  0.0, Avg:  0.0, Max:  0.0, Diff:  0.0, Sum:  0.0, Workers: 4
[5490.587s][debug][gc,phases      ] GC(123)     Dead                           Min: 0, Avg:  0.0, Max: 0, Diff: 0, Sum: 0, Workers: 4
[5490.587s][debug][gc,phases      ] GC(123)     Total                          Min: 0, Avg:  0.0, Max: 0, Diff: 0, Sum: 0, Workers: 4
[5490.587s][debug][gc,phases      ] GC(123)   StringDedup Requests1 Weak     Min:  0.0, Avg:  0.0, Max:  0.0, Diff:  0.0, Sum:  0.0, Workers: 4
[5490.587s][debug][gc,phases      ] GC(123)     Dead                           Min: 0, Avg:  0.0, Max: 0, Diff: 0, Sum: 0, Workers: 4
[5490.587s][debug][gc,phases      ] GC(123)     Total                          Min: 0, Avg:  0.0, Max: 0, Diff: 0, Sum: 0, Workers: 4
[5490.587s][debug][gc,phases      ] GC(123)   Weak JFR Old Object Samples    Min:  0.0, Avg:  0.0, Max:  0.0, Diff:  0.0, Sum:  0.0, Workers: 4
[5490.587s][debug][gc,phases      ] GC(123)     Dead                           Min: 0, Avg:  0.0, Max: 0, Diff: 0, Sum: 0, Workers: 4
[5490.587s][debug][gc,phases      ] GC(123)     Total                          Min: 0, Avg:  0.0, Max: 0, Diff: 0, Sum: 0, Workers: 4
[5490.587s][debug][gc,phases      ] GC(123) Weak Processing 0.266ms
[5490.587s][debug][gc,age         ] GC(123) Desired survivor size 75497472 bytes, new threshold 15 (max threshold 15)
[5490.587s][info ][gc,heap        ] GC(123) PSYoungGen: 1965104K(1965568K)->4752K(2021888K) Eden: 1959936K(1959936K)->0K(1949696K) From: 5168K(5632K)->4752K(72192K)
[5490.587s][info ][gc,heap        ] GC(123) ParOldGen: 417928K(453632K)->418264K(453632K)
[5490.587s][info ][gc,metaspace   ] GC(123) Metaspace: 80009K(80832K)->80009K(80832K) NonClass: 68804K(69248K)->68804K(69248K) Class: 11205K(11584K)->11205K(11584K)
[5490.587s][info ][gc             ] GC(123) Pause Young (Allocation Failure) 2327M->413M(2417M) 3.217ms
[5490.587s][info ][gc,cpu         ] GC(123) User=0.01s Sys=0.00s Real=0.01s
[5490.587s][info ][safepoint      ] Safepoint "ParallelGCFailedAllocation", Time since last: 18836471048 ns, Reaching safepoint: 100101 ns, At safepoint: 3290217 ns, Total: 3390318 ns
[5511.589s][info ][safepoint      ] Safepoint "Cleanup", Time since last: 21001326291 ns, Reaching safepoint: 41500 ns, At safepoint: 5800 ns, Total: 47300 ns
[5535.590s][info ][safepoint      ] Safepoint "Cleanup", Time since last: 24001533575 ns, Reaching safepoint: 43800 ns, At safepoint: 5300 ns, Total: 49100 ns
[5556.284s][info ][gc,start       ] GC(124) Pause Young (Allocation Failure)
[5556.287s][debug][gc,phases      ] GC(124) Scavenge 2.702ms
[5556.287s][debug][gc,ref         ] GC(124) Skipped phase 1 of Reference Processing: no references
[5556.287s][debug][gc,ref         ] GC(124) ReferenceProcessor::execute queues: 1, RefProcThreadModel::Single, marks_oops_alive: false
[5556.287s][debug][gc,ref         ] GC(124) Skipped phase 3 of Reference Processing: no references
[5556.287s][debug][gc,ref         ] GC(124) ReferenceProcessor::execute queues: 1, RefProcThreadModel::Single, marks_oops_alive: false
[5556.287s][debug][gc,phases      ] GC(124) Reference Processing 0.089ms
[5556.287s][debug][gc,phases      ] GC(124)   VM Weak                        Min:  0.0, Avg:  0.0, Max:  0.0, Diff:  0.0, Sum:  0.0, Workers: 4
[5556.287s][debug][gc,phases      ] GC(124)     Dead                           Min: 0, Avg:  0.0, Max: 0, Diff: 0, Sum: 0, Workers: 4
[5556.287s][debug][gc,phases      ] GC(124)     Total                          Min: 0, Avg: 162.2, Max: 649, Diff: 649, Sum: 649, Workers: 4
[5556.287s][debug][gc,phases      ] GC(124)   ObjectSynchronizer Weak        Min:  0.0, Avg:  0.0, Max:  0.0, Diff:  0.0, Sum:  0.0, Workers: 4
[5556.287s][debug][gc,phases      ] GC(124)     Dead                           Min: 0, Avg:  0.0, Max: 0, Diff: 0, Sum: 0, Workers: 4
[5556.287s][debug][gc,phases      ] GC(124)     Total                          Min: 0, Avg: 159.8, Max: 448, Diff: 448, Sum: 639, Workers: 4
[5556.287s][debug][gc,phases      ] GC(124)   JVMTI Tag Weak OopStorage      Min:  0.0, Avg:  0.0, Max:  0.0, Diff:  0.0, Sum:  0.0, Workers: 4
[5556.287s][debug][gc,phases      ] GC(124)     Dead                           Min: 0, Avg:  0.0, Max: 0, Diff: 0, Sum: 0, Workers: 4
[5556.287s][debug][gc,phases      ] GC(124)     Total                          Min: 0, Avg:  0.0, Max: 0, Diff: 0, Sum: 0, Workers: 4
[5556.287s][debug][gc,phases      ] GC(124)   StringTable Weak               Min:  0.1, Avg:  0.1, Max:  0.1, Diff:  0.0, Sum:  0.4, Workers: 4
[5556.287s][debug][gc,phases      ] GC(124)     Dead                           Min: 0, Avg:  0.0, Max: 0, Diff: 0, Sum: 0, Workers: 4
[5556.287s][debug][gc,phases      ] GC(124)     Total                          Min: 9215, Avg: 10734.5, Max: 11456, Diff: 2241, Sum: 42938, Workers: 4
[5556.287s][debug][gc,phases      ] GC(124)   ResolvedMethodTable Weak       Min:  0.0, Avg:  0.0, Max:  0.0, Diff:  0.0, Sum:  0.1, Workers: 4
[5556.287s][debug][gc,phases      ] GC(124)     Dead                           Min: 0, Avg:  0.0, Max: 0, Diff: 0, Sum: 0, Workers: 4
[5556.287s][debug][gc,phases      ] GC(124)     Total                          Min: 2111, Avg: 2187.8, Max: 2288, Diff: 177, Sum: 8751, Workers: 4
[5556.287s][debug][gc,phases      ] GC(124)   JNI Weak                       Min:  0.0, Avg:  0.0, Max:  0.0, Diff:  0.0, Sum:  0.0, Workers: 4
[5556.287s][debug][gc,phases      ] GC(124)     Dead                           Min: 0, Avg:  0.0, Max: 0, Diff: 0, Sum: 0, Workers: 4
[5556.287s][debug][gc,phases      ] GC(124)     Total                          Min: 0, Avg: 11.2, Max: 45, Diff: 45, Sum: 45, Workers: 4
[5556.287s][debug][gc,phases      ] GC(124)   StringDedup Table Weak         Min:  0.0, Avg:  0.0, Max:  0.0, Diff:  0.0, Sum:  0.0, Workers: 4
[5556.287s][debug][gc,phases      ] GC(124)     Dead                           Min: 0, Avg:  0.0, Max: 0, Diff: 0, Sum: 0, Workers: 4
[5556.287s][debug][gc,phases      ] GC(124)     Total                          Min: 0, Avg:  0.0, Max: 0, Diff: 0, Sum: 0, Workers: 4
[5556.287s][debug][gc,phases      ] GC(124)   StringDedup Requests0 Weak     Min:  0.0, Avg:  0.0, Max:  0.0, Diff:  0.0, Sum:  0.0, Workers: 4
[5556.287s][debug][gc,phases      ] GC(124)     Dead                           Min: 0, Avg:  0.0, Max: 0, Diff: 0, Sum: 0, Workers: 4
[5556.287s][debug][gc,phases      ] GC(124)     Total                          Min: 0, Avg:  0.0, Max: 0, Diff: 0, Sum: 0, Workers: 4
[5556.287s][debug][gc,phases      ] GC(124)   StringDedup Requests1 Weak     Min:  0.0, Avg:  0.0, Max:  0.0, Diff:  0.0, Sum:  0.0, Workers: 4
[5556.287s][debug][gc,phases      ] GC(124)     Dead                           Min: 0, Avg:  0.0, Max: 0, Diff: 0, Sum: 0, Workers: 4
[5556.287s][debug][gc,phases      ] GC(124)     Total                          Min: 0, Avg:  0.0, Max: 0, Diff: 0, Sum: 0, Workers: 4
[5556.287s][debug][gc,phases      ] GC(124)   Weak JFR Old Object Samples    Min:  0.0, Avg:  0.0, Max:  0.0, Diff:  0.0, Sum:  0.0, Workers: 4
[5556.287s][debug][gc,phases      ] GC(124)     Dead                           Min: 0, Avg:  0.0, Max: 0, Diff: 0, Sum: 0, Workers: 4
[5556.287s][debug][gc,phases      ] GC(124)     Total                          Min: 0, Avg:  0.0, Max: 0, Diff: 0, Sum: 0, Workers: 4
[5556.287s][debug][gc,phases      ] GC(124) Weak Processing 0.287ms
[5556.287s][debug][gc,age         ] GC(124) Desired survivor size 76546048 bytes, new threshold 15 (max threshold 15)
[5556.287s][info ][gc,heap        ] GC(124) PSYoungGen: 1954448K(2021888K)->4512K(1954304K) Eden: 1949696K(1949696K)->0K(1949696K) From: 4752K(72192K)->4512K(4608K)
[5556.287s][info ][gc,heap        ] GC(124) ParOldGen: 418264K(453632K)->418576K(453632K)
[5556.287s][info ][gc,metaspace   ] GC(124) Metaspace: 80010K(80832K)->80010K(80832K) NonClass: 68805K(69248K)->68805K(69248K) Class: 11205K(11584K)->11205K(11584K)
[5556.287s][info ][gc             ] GC(124) Pause Young (Allocation Failure) 2317M->413M(2351M) 3.178ms
[5556.287s][info ][gc,cpu         ] GC(124) User=0.01s Sys=0.00s Real=0.01s
[5556.287s][info ][safepoint      ] Safepoint "ParallelGCFailedAllocation", Time since last: 20693583513 ns, Reaching safepoint: 96201 ns, At safepoint: 3253016 ns, Total: 3349217 ns
[5622.083s][info ][gc,start       ] GC(125) Pause Young (Allocation Failure)
[5622.086s][debug][gc,phases      ] GC(125) Scavenge 3.189ms
[5622.086s][debug][gc,ref         ] GC(125) Skipped phase 1 of Reference Processing: no references
[5622.086s][debug][gc,ref         ] GC(125) ReferenceProcessor::execute queues: 1, RefProcThreadModel::Single, marks_oops_alive: false
[5622.086s][debug][gc,ref         ] GC(125) Skipped phase 3 of Reference Processing: no references
[5622.086s][debug][gc,ref         ] GC(125) ReferenceProcessor::execute queues: 1, RefProcThreadModel::Single, marks_oops_alive: false
[5622.086s][debug][gc,phases      ] GC(125) Reference Processing 0.097ms
[5622.086s][debug][gc,phases      ] GC(125)   VM Weak                        Min:  0.0, Avg:  0.0, Max:  0.0, Diff:  0.0, Sum:  0.0, Workers: 4
[5622.086s][debug][gc,phases      ] GC(125)     Dead                           Min: 0, Avg:  0.0, Max: 0, Diff: 0, Sum: 0, Workers: 4
[5622.086s][debug][gc,phases      ] GC(125)     Total                          Min: 0, Avg: 162.2, Max: 649, Diff: 649, Sum: 649, Workers: 4
[5622.086s][debug][gc,phases      ] GC(125)   ObjectSynchronizer Weak        Min:  0.0, Avg:  0.0, Max:  0.0, Diff:  0.0, Sum:  0.0, Workers: 4
[5622.086s][debug][gc,phases      ] GC(125)     Dead                           Min: 0, Avg:  0.0, Max: 0, Diff: 0, Sum: 0, Workers: 4
[5622.086s][debug][gc,phases      ] GC(125)     Total                          Min: 0, Avg: 159.8, Max: 639, Diff: 639, Sum: 639, Workers: 4
[5622.086s][debug][gc,phases      ] GC(125)   JVMTI Tag Weak OopStorage      Min:  0.0, Avg:  0.0, Max:  0.0, Diff:  0.0, Sum:  0.0, Workers: 4
[5622.086s][debug][gc,phases      ] GC(125)     Dead                           Min: 0, Avg:  0.0, Max: 0, Diff: 0, Sum: 0, Workers: 4
[5622.086s][debug][gc,phases      ] GC(125)     Total                          Min: 0, Avg:  0.0, Max: 0, Diff: 0, Sum: 0, Workers: 4
[5622.086s][debug][gc,phases      ] GC(125)   StringTable Weak               Min:  0.1, Avg:  0.1, Max:  0.1, Diff:  0.0, Sum:  0.4, Workers: 4
[5622.086s][debug][gc,phases      ] GC(125)     Dead                           Min: 0, Avg:  0.0, Max: 0, Diff: 0, Sum: 0, Workers: 4
[5622.086s][debug][gc,phases      ] GC(125)     Total                          Min: 10240, Avg: 10734.5, Max: 11263, Diff: 1023, Sum: 42938, Workers: 4
[5622.086s][debug][gc,phases      ] GC(125)   ResolvedMethodTable Weak       Min:  0.0, Avg:  0.0, Max:  0.0, Diff:  0.0, Sum:  0.1, Workers: 4
[5622.086s][debug][gc,phases      ] GC(125)     Dead                           Min: 0, Avg:  0.0, Max: 0, Diff: 0, Sum: 0, Workers: 4
[5622.086s][debug][gc,phases      ] GC(125)     Total                          Min: 2112, Avg: 2187.8, Max: 2351, Diff: 239, Sum: 8751, Workers: 4
[5622.086s][debug][gc,phases      ] GC(125)   JNI Weak                       Min:  0.0, Avg:  0.0, Max:  0.0, Diff:  0.0, Sum:  0.0, Workers: 4
[5622.086s][debug][gc,phases      ] GC(125)     Dead                           Min: 0, Avg:  0.0, Max: 0, Diff: 0, Sum: 0, Workers: 4
[5622.086s][debug][gc,phases      ] GC(125)     Total                          Min: 0, Avg: 11.2, Max: 45, Diff: 45, Sum: 45, Workers: 4
[5622.086s][debug][gc,phases      ] GC(125)   StringDedup Table Weak         Min:  0.0, Avg:  0.0, Max:  0.0, Diff:  0.0, Sum:  0.0, Workers: 4
[5622.086s][debug][gc,phases      ] GC(125)     Dead                           Min: 0, Avg:  0.0, Max: 0, Diff: 0, Sum: 0, Workers: 4
[5622.086s][debug][gc,phases      ] GC(125)     Total                          Min: 0, Avg:  0.0, Max: 0, Diff: 0, Sum: 0, Workers: 4
[5622.086s][debug][gc,phases      ] GC(125)   StringDedup Requests0 Weak     Min:  0.0, Avg:  0.0, Max:  0.0, Diff:  0.0, Sum:  0.0, Workers: 4
[5622.086s][debug][gc,phases      ] GC(125)     Dead                           Min: 0, Avg:  0.0, Max: 0, Diff: 0, Sum: 0, Workers: 4
[5622.086s][debug][gc,phases      ] GC(125)     Total                          Min: 0, Avg:  0.0, Max: 0, Diff: 0, Sum: 0, Workers: 4
[5622.086s][debug][gc,phases      ] GC(125)   StringDedup Requests1 Weak     Min:  0.0, Avg:  0.0, Max:  0.0, Diff:  0.0, Sum:  0.0, Workers: 4
[5622.086s][debug][gc,phases      ] GC(125)     Dead                           Min: 0, Avg:  0.0, Max: 0, Diff: 0, Sum: 0, Workers: 4
[5622.086s][debug][gc,phases      ] GC(125)     Total                          Min: 0, Avg:  0.0, Max: 0, Diff: 0, Sum: 0, Workers: 4
[5622.086s][debug][gc,phases      ] GC(125)   Weak JFR Old Object Samples    Min:  0.0, Avg:  0.0, Max:  0.0, Diff:  0.0, Sum:  0.0, Workers: 4
[5622.086s][debug][gc,phases      ] GC(125)     Dead                           Min: 0, Avg:  0.0, Max: 0, Diff: 0, Sum: 0, Workers: 4
[5622.086s][debug][gc,phases      ] GC(125)     Total                          Min: 0, Avg:  0.0, Max: 0, Diff: 0, Sum: 0, Workers: 4
[5622.086s][debug][gc,phases      ] GC(125) Weak Processing 0.280ms
[5622.086s][debug][gc,age         ] GC(125) Desired survivor size 77070336 bytes, new threshold 15 (max threshold 15)
[5622.086s][info ][gc,heap        ] GC(125) PSYoungGen: 1954208K(1954304K)->3600K(2021376K) Eden: 1949696K(1949696K)->0K(1946624K) From: 4512K(4608K)->3600K(74752K)
[5622.086s][info ][gc,heap        ] GC(125) ParOldGen: 418576K(453632K)->419592K(453632K)
[5622.086s][info ][gc,metaspace   ] GC(125) Metaspace: 80010K(80832K)->80010K(80832K) NonClass: 68805K(69248K)->68805K(69248K) Class: 11205K(11584K)->11205K(11584K)
[5622.086s][info ][gc             ] GC(125) Pause Young (Allocation Failure) 2317M->413M(2417M) 3.670ms
[5622.087s][info ][gc,cpu         ] GC(125) User=0.01s Sys=0.00s Real=0.01s
[5622.087s][info ][safepoint      ] Safepoint "ParallelGCFailedAllocation", Time since last: 65795531926 ns, Reaching safepoint: 27800 ns, At safepoint: 3761918 ns, Total: 3789718 ns
[5626.087s][info ][safepoint      ] Safepoint "Cleanup", Time since last: 4000300503 ns, Reaching safepoint: 105801 ns, At safepoint: 10200 ns, Total: 116001 ns
[5687.185s][info ][gc,start       ] GC(126) Pause Young (Allocation Failure)
[5687.188s][debug][gc,phases      ] GC(126) Scavenge 2.448ms
[5687.188s][debug][gc,ref         ] GC(126) Skipped phase 1 of Reference Processing: no references
[5687.188s][debug][gc,ref         ] GC(126) ReferenceProcessor::execute queues: 1, RefProcThreadModel::Single, marks_oops_alive: false
[5687.188s][debug][gc,ref         ] GC(126) Skipped phase 3 of Reference Processing: no references
[5687.188s][debug][gc,ref         ] GC(126) ReferenceProcessor::execute queues: 1, RefProcThreadModel::Single, marks_oops_alive: false
[5687.188s][debug][gc,phases      ] GC(126) Reference Processing 0.085ms
[5687.188s][debug][gc,phases      ] GC(126)   VM Weak                        Min:  0.0, Avg:  0.0, Max:  0.0, Diff:  0.0, Sum:  0.0, Workers: 4
[5687.188s][debug][gc,phases      ] GC(126)     Dead                           Min: 0, Avg:  0.0, Max: 0, Diff: 0, Sum: 0, Workers: 4
[5687.188s][debug][gc,phases      ] GC(126)     Total                          Min: 0, Avg: 162.2, Max: 331, Diff: 331, Sum: 649, Workers: 4
[5687.188s][debug][gc,phases      ] GC(126)   ObjectSynchronizer Weak        Min:  0.0, Avg:  0.0, Max:  0.0, Diff:  0.0, Sum:  0.0, Workers: 4
[5687.188s][debug][gc,phases      ] GC(126)     Dead                           Min: 0, Avg:  0.0, Max: 0, Diff: 0, Sum: 0, Workers: 4
[5687.188s][debug][gc,phases      ] GC(126)     Total                          Min: 0, Avg: 159.8, Max: 256, Diff: 256, Sum: 639, Workers: 4
[5687.188s][debug][gc,phases      ] GC(126)   JVMTI Tag Weak OopStorage      Min:  0.0, Avg:  0.0, Max:  0.0, Diff:  0.0, Sum:  0.0, Workers: 4
[5687.188s][debug][gc,phases      ] GC(126)     Dead                           Min: 0, Avg:  0.0, Max: 0, Diff: 0, Sum: 0, Workers: 4
[5687.188s][debug][gc,phases      ] GC(126)     Total                          Min: 0, Avg:  0.0, Max: 0, Diff: 0, Sum: 0, Workers: 4
[5687.188s][debug][gc,phases      ] GC(126)   StringTable Weak               Min:  0.1, Avg:  0.1, Max:  0.1, Diff:  0.0, Sum:  0.4, Workers: 4
[5687.188s][debug][gc,phases      ] GC(126)     Dead                           Min: 0, Avg:  0.0, Max: 0, Diff: 0, Sum: 0, Workers: 4
[5687.188s][debug][gc,phases      ] GC(126)     Total                          Min: 9211, Avg: 10734.5, Max: 11328, Diff: 2117, Sum: 42938, Workers: 4
[5687.188s][debug][gc,phases      ] GC(126)   ResolvedMethodTable Weak       Min:  0.0, Avg:  0.0, Max:  0.0, Diff:  0.0, Sum:  0.1, Workers: 4
[5687.188s][debug][gc,phases      ] GC(126)     Dead                           Min: 0, Avg:  0.0, Max: 0, Diff: 0, Sum: 0, Workers: 4
[5687.188s][debug][gc,phases      ] GC(126)     Total                          Min: 2048, Avg: 2187.8, Max: 2351, Diff: 303, Sum: 8751, Workers: 4
[5687.188s][debug][gc,phases      ] GC(126)   JNI Weak                       Min:  0.0, Avg:  0.0, Max:  0.0, Diff:  0.0, Sum:  0.0, Workers: 4
[5687.188s][debug][gc,phases      ] GC(126)     Dead                           Min: 0, Avg:  0.0, Max: 0, Diff: 0, Sum: 0, Workers: 4
[5687.188s][debug][gc,phases      ] GC(126)     Total                          Min: 0, Avg: 11.2, Max: 45, Diff: 45, Sum: 45, Workers: 4
[5687.188s][debug][gc,phases      ] GC(126)   StringDedup Table Weak         Min:  0.0, Avg:  0.0, Max:  0.0, Diff:  0.0, Sum:  0.0, Workers: 4
[5687.188s][debug][gc,phases      ] GC(126)     Dead                           Min: 0, Avg:  0.0, Max: 0, Diff: 0, Sum: 0, Workers: 4
[5687.188s][debug][gc,phases      ] GC(126)     Total                          Min: 0, Avg:  0.0, Max: 0, Diff: 0, Sum: 0, Workers: 4
[5687.188s][debug][gc,phases      ] GC(126)   StringDedup Requests0 Weak     Min:  0.0, Avg:  0.0, Max:  0.0, Diff:  0.0, Sum:  0.0, Workers: 4
[5687.188s][debug][gc,phases      ] GC(126)     Dead                           Min: 0, Avg:  0.0, Max: 0, Diff: 0, Sum: 0, Workers: 4
[5687.188s][debug][gc,phases      ] GC(126)     Total                          Min: 0, Avg:  0.0, Max: 0, Diff: 0, Sum: 0, Workers: 4
[5687.188s][debug][gc,phases      ] GC(126)   StringDedup Requests1 Weak     Min:  0.0, Avg:  0.0, Max:  0.0, Diff:  0.0, Sum:  0.0, Workers: 4
[5687.188s][debug][gc,phases      ] GC(126)     Dead                           Min: 0, Avg:  0.0, Max: 0, Diff: 0, Sum: 0, Workers: 4
[5687.188s][debug][gc,phases      ] GC(126)     Total                          Min: 0, Avg:  0.0, Max: 0, Diff: 0, Sum: 0, Workers: 4
[5687.188s][debug][gc,phases      ] GC(126)   Weak JFR Old Object Samples    Min:  0.0, Avg:  0.0, Max:  0.0, Diff:  0.0, Sum:  0.0, Workers: 4
[5687.188s][debug][gc,phases      ] GC(126)     Dead                           Min: 0, Avg:  0.0, Max: 0, Diff: 0, Sum: 0, Workers: 4
[5687.188s][debug][gc,phases      ] GC(126)     Total                          Min: 0, Avg:  0.0, Max: 0, Diff: 0, Sum: 0, Workers: 4
[5687.188s][debug][gc,phases      ] GC(126) Weak Processing 0.267ms
[5687.188s][debug][gc,age         ] GC(126) Desired survivor size 76546048 bytes, new threshold 15 (max threshold 15)
[5687.188s][info ][gc,heap        ] GC(126) PSYoungGen: 1950224K(2021376K)->3552K(2021888K) Eden: 1946624K(1946624K)->0K(1946624K) From: 3600K(74752K)->3552K(75264K)
[5687.188s][info ][gc,heap        ] GC(126) ParOldGen: 419592K(453632K)->419736K(453632K)
[5687.188s][info ][gc,metaspace   ] GC(126) Metaspace: 80011K(80832K)->80011K(80832K) NonClass: 68806K(69248K)->68806K(69248K) Class: 11205K(11584K)->11205K(11584K)
[5687.188s][info ][gc             ] GC(126) Pause Young (Allocation Failure) 2314M->413M(2417M) 2.889ms
[5687.188s][info ][gc,cpu         ] GC(126) User=0.01s Sys=0.00s Real=0.00s
[5687.188s][info ][safepoint      ] Safepoint "ParallelGCFailedAllocation", Time since last: 61098208326 ns, Reaching safepoint: 46200 ns, At safepoint: 2978214 ns, Total: 3024414 ns
[5718.190s][info ][safepoint      ] Safepoint "Cleanup", Time since last: 31001954755 ns, Reaching safepoint: 47900 ns, At safepoint: 5800 ns, Total: 53700 ns
[5723.191s][info ][safepoint      ] Safepoint "Cleanup", Time since last: 5000327531 ns, Reaching safepoint: 48100 ns, At safepoint: 2700 ns, Total: 50800 ns
[5748.192s][info ][safepoint      ] Safepoint "Cleanup", Time since last: 25001552122 ns, Reaching safepoint: 45000 ns, At safepoint: 26700 ns, Total: 71700 ns
[5752.134s][info ][gc,start       ] GC(127) Pause Young (Allocation Failure)
[5752.137s][debug][gc,phases      ] GC(127) Scavenge 2.251ms
[5752.137s][debug][gc,ref         ] GC(127) Skipped phase 1 of Reference Processing: no references
[5752.137s][debug][gc,ref         ] GC(127) ReferenceProcessor::execute queues: 1, RefProcThreadModel::Single, marks_oops_alive: false
[5752.137s][debug][gc,ref         ] GC(127) Skipped phase 3 of Reference Processing: no references
[5752.137s][debug][gc,ref         ] GC(127) ReferenceProcessor::execute queues: 1, RefProcThreadModel::Single, marks_oops_alive: false
[5752.137s][debug][gc,phases      ] GC(127) Reference Processing 0.083ms
[5752.137s][debug][gc,phases      ] GC(127)   VM Weak                        Min:  0.0, Avg:  0.0, Max:  0.0, Diff:  0.0, Sum:  0.0, Workers: 4
[5752.137s][debug][gc,phases      ] GC(127)     Dead                           Min: 0, Avg:  0.0, Max: 0, Diff: 0, Sum: 0, Workers: 4
[5752.137s][debug][gc,phases      ] GC(127)     Total                          Min: 0, Avg: 162.2, Max: 383, Diff: 383, Sum: 649, Workers: 4
[5752.137s][debug][gc,phases      ] GC(127)   ObjectSynchronizer Weak        Min:  0.0, Avg:  0.0, Max:  0.0, Diff:  0.0, Sum:  0.0, Workers: 4
[5752.137s][debug][gc,phases      ] GC(127)     Dead                           Min: 0, Avg:  0.0, Max: 0, Diff: 0, Sum: 0, Workers: 4
[5752.137s][debug][gc,phases      ] GC(127)     Total                          Min: 0, Avg: 159.8, Max: 320, Diff: 320, Sum: 639, Workers: 4
[5752.137s][debug][gc,phases      ] GC(127)   JVMTI Tag Weak OopStorage      Min:  0.0, Avg:  0.0, Max:  0.0, Diff:  0.0, Sum:  0.0, Workers: 4
[5752.137s][debug][gc,phases      ] GC(127)     Dead                           Min: 0, Avg:  0.0, Max: 0, Diff: 0, Sum: 0, Workers: 4
[5752.137s][debug][gc,phases      ] GC(127)     Total                          Min: 0, Avg:  0.0, Max: 0, Diff: 0, Sum: 0, Workers: 4
[5752.137s][debug][gc,phases      ] GC(127)   StringTable Weak               Min:  0.0, Avg:  0.1, Max:  0.1, Diff:  0.1, Sum:  0.3, Workers: 4
[5752.137s][debug][gc,phases      ] GC(127)     Dead                           Min: 0, Avg:  0.0, Max: 0, Diff: 0, Sum: 0, Workers: 4
[5752.137s][debug][gc,phases      ] GC(127)     Total                          Min: 0, Avg: 10734.5, Max: 18618, Diff: 18618, Sum: 42938, Workers: 4
[5752.137s][debug][gc,phases      ] GC(127)   ResolvedMethodTable Weak       Min:  0.0, Avg:  0.0, Max:  0.0, Diff:  0.0, Sum:  0.1, Workers: 4
[5752.137s][debug][gc,phases      ] GC(127)     Dead                           Min: 0, Avg:  0.0, Max: 0, Diff: 0, Sum: 0, Workers: 4
[5752.137s][debug][gc,phases      ] GC(127)     Total                          Min: 0, Avg: 2187.8, Max: 3888, Diff: 3888, Sum: 8751, Workers: 4
[5752.137s][debug][gc,phases      ] GC(127)   JNI Weak                       Min:  0.0, Avg:  0.0, Max:  0.0, Diff:  0.0, Sum:  0.0, Workers: 4
[5752.137s][debug][gc,phases      ] GC(127)     Dead                           Min: 0, Avg:  0.0, Max: 0, Diff: 0, Sum: 0, Workers: 4
[5752.137s][debug][gc,phases      ] GC(127)     Total                          Min: 0, Avg: 11.2, Max: 45, Diff: 45, Sum: 45, Workers: 4
[5752.137s][debug][gc,phases      ] GC(127)   StringDedup Table Weak         Min:  0.0, Avg:  0.0, Max:  0.0, Diff:  0.0, Sum:  0.0, Workers: 4
[5752.137s][debug][gc,phases      ] GC(127)     Dead                           Min: 0, Avg:  0.0, Max: 0, Diff: 0, Sum: 0, Workers: 4
[5752.137s][debug][gc,phases      ] GC(127)     Total                          Min: 0, Avg:  0.0, Max: 0, Diff: 0, Sum: 0, Workers: 4
[5752.137s][debug][gc,phases      ] GC(127)   StringDedup Requests0 Weak     Min:  0.0, Avg:  0.0, Max:  0.0, Diff:  0.0, Sum:  0.0, Workers: 4
[5752.137s][debug][gc,phases      ] GC(127)     Dead                           Min: 0, Avg:  0.0, Max: 0, Diff: 0, Sum: 0, Workers: 4
[5752.137s][debug][gc,phases      ] GC(127)     Total                          Min: 0, Avg:  0.0, Max: 0, Diff: 0, Sum: 0, Workers: 4
[5752.137s][debug][gc,phases      ] GC(127)   StringDedup Requests1 Weak     Min:  0.0, Avg:  0.0, Max:  0.0, Diff:  0.0, Sum:  0.0, Workers: 4
[5752.137s][debug][gc,phases      ] GC(127)     Dead                           Min: 0, Avg:  0.0, Max: 0, Diff: 0, Sum: 0, Workers: 4
[5752.137s][debug][gc,phases      ] GC(127)     Total                          Min: 0, Avg:  0.0, Max: 0, Diff: 0, Sum: 0, Workers: 4
[5752.137s][debug][gc,phases      ] GC(127)   Weak JFR Old Object Samples    Min:  0.0, Avg:  0.0, Max:  0.0, Diff:  0.0, Sum:  0.0, Workers: 4
[5752.137s][debug][gc,phases      ] GC(127)     Dead                           Min: 0, Avg:  0.0, Max: 0, Diff: 0, Sum: 0, Workers: 4
[5752.137s][debug][gc,phases      ] GC(127)     Total                          Min: 0, Avg:  0.0, Max: 0, Diff: 0, Sum: 0, Workers: 4
[5752.137s][debug][gc,phases      ] GC(127) Weak Processing 0.300ms
[5752.137s][debug][gc,age         ] GC(127) Desired survivor size 75497472 bytes, new threshold 15 (max threshold 15)
[5752.137s][info ][gc,heap        ] GC(127) PSYoungGen: 1950176K(2021888K)->3168K(2023424K) Eden: 1946624K(1946624K)->0K(1948672K) From: 3552K(75264K)->3168K(74752K)
[5752.137s][info ][gc,heap        ] GC(127) ParOldGen: 419736K(453632K)->419992K(453632K)
[5752.137s][info ][gc,metaspace   ] GC(127) Metaspace: 80025K(80896K)->80025K(80896K) NonClass: 68820K(69312K)->68820K(69312K) Class: 11205K(11584K)->11205K(11584K)
[5752.137s][info ][gc             ] GC(127) Pause Young (Allocation Failure) 2314M->413M(2419M) 2.726ms
[5752.137s][info ][gc,cpu         ] GC(127) User=0.01s Sys=0.00s Real=0.00s
[5752.137s][info ][safepoint      ] Safepoint "ParallelGCFailedAllocation", Time since last: 3941943423 ns, Reaching safepoint: 105900 ns, At safepoint: 2803113 ns, Total: 2909013 ns
[5771.138s][info ][safepoint      ] Safepoint "Cleanup", Time since last: 19001244452 ns, Reaching safepoint: 107001 ns, At safepoint: 8000 ns, Total: 115001 ns
[5776.139s][info ][safepoint      ] Safepoint "Cleanup", Time since last: 5000406464 ns, Reaching safepoint: 56500 ns, At safepoint: 26800 ns, Total: 83300 ns
[5779.139s][info ][safepoint      ] Safepoint "Cleanup", Time since last: 3000163794 ns, Reaching safepoint: 111401 ns, At safepoint: 4500 ns, Total: 115901 ns
[5816.934s][info ][gc,start       ] GC(128) Pause Young (Allocation Failure)
[5816.937s][debug][gc,phases      ] GC(128) Scavenge 2.922ms
[5816.937s][debug][gc,ref         ] GC(128) Skipped phase 1 of Reference Processing: no references
[5816.937s][debug][gc,ref         ] GC(128) ReferenceProcessor::execute queues: 1, RefProcThreadModel::Single, marks_oops_alive: false
[5816.937s][debug][gc,ref         ] GC(128) Skipped phase 3 of Reference Processing: no references
[5816.937s][debug][gc,ref         ] GC(128) ReferenceProcessor::execute queues: 1, RefProcThreadModel::Single, marks_oops_alive: false
[5816.937s][debug][gc,phases      ] GC(128) Reference Processing 0.105ms
[5816.937s][debug][gc,phases      ] GC(128)   VM Weak                        Min:  0.0, Avg:  0.0, Max:  0.0, Diff:  0.0, Sum:  0.0, Workers: 4
[5816.937s][debug][gc,phases      ] GC(128)     Dead                           Min: 0, Avg:  0.0, Max: 0, Diff: 0, Sum: 0, Workers: 4
[5816.937s][debug][gc,phases      ] GC(128)     Total                          Min: 0, Avg: 162.2, Max: 649, Diff: 649, Sum: 649, Workers: 4
[5816.937s][debug][gc,phases      ] GC(128)   ObjectSynchronizer Weak        Min:  0.0, Avg:  0.0, Max:  0.0, Diff:  0.0, Sum:  0.0, Workers: 4
[5816.937s][debug][gc,phases      ] GC(128)     Dead                           Min: 0, Avg:  0.0, Max: 0, Diff: 0, Sum: 0, Workers: 4
[5816.937s][debug][gc,phases      ] GC(128)     Total                          Min: 0, Avg: 159.8, Max: 447, Diff: 447, Sum: 639, Workers: 4
[5816.937s][debug][gc,phases      ] GC(128)   JVMTI Tag Weak OopStorage      Min:  0.0, Avg:  0.0, Max:  0.0, Diff:  0.0, Sum:  0.0, Workers: 4
[5816.937s][debug][gc,phases      ] GC(128)     Dead                           Min: 0, Avg:  0.0, Max: 0, Diff: 0, Sum: 0, Workers: 4
[5816.937s][debug][gc,phases      ] GC(128)     Total                          Min: 0, Avg:  0.0, Max: 0, Diff: 0, Sum: 0, Workers: 4
[5816.937s][debug][gc,phases      ] GC(128)   StringTable Weak               Min:  0.0, Avg:  0.1, Max:  0.1, Diff:  0.1, Sum:  0.3, Workers: 4
[5816.937s][debug][gc,phases      ] GC(128)     Dead                           Min: 0, Avg:  0.0, Max: 0, Diff: 0, Sum: 0, Workers: 4
[5816.937s][debug][gc,phases      ] GC(128)     Total                          Min: 0, Avg: 10734.5, Max: 18683, Diff: 18683, Sum: 42938, Workers: 4
[5816.937s][debug][gc,phases      ] GC(128)   ResolvedMethodTable Weak       Min:  0.0, Avg:  0.0, Max:  0.0, Diff:  0.0, Sum:  0.1, Workers: 4
[5816.937s][debug][gc,phases      ] GC(128)     Dead                           Min: 0, Avg:  0.0, Max: 0, Diff: 0, Sum: 0, Workers: 4
[5816.937s][debug][gc,phases      ] GC(128)     Total                          Min: 0, Avg: 2187.8, Max: 3840, Diff: 3840, Sum: 8751, Workers: 4
[5816.937s][debug][gc,phases      ] GC(128)   JNI Weak                       Min:  0.0, Avg:  0.0, Max:  0.0, Diff:  0.0, Sum:  0.0, Workers: 4
[5816.938s][debug][gc,phases      ] GC(128)     Dead                           Min: 0, Avg:  0.0, Max: 0, Diff: 0, Sum: 0, Workers: 4
[5816.938s][debug][gc,phases      ] GC(128)     Total                          Min: 0, Avg: 11.2, Max: 45, Diff: 45, Sum: 45, Workers: 4
[5816.938s][debug][gc,phases      ] GC(128)   StringDedup Table Weak         Min:  0.0, Avg:  0.0, Max:  0.0, Diff:  0.0, Sum:  0.0, Workers: 4
[5816.938s][debug][gc,phases      ] GC(128)     Dead                           Min: 0, Avg:  0.0, Max: 0, Diff: 0, Sum: 0, Workers: 4
[5816.938s][debug][gc,phases      ] GC(128)     Total                          Min: 0, Avg:  0.0, Max: 0, Diff: 0, Sum: 0, Workers: 4
[5816.938s][debug][gc,phases      ] GC(128)   StringDedup Requests0 Weak     Min:  0.0, Avg:  0.0, Max:  0.0, Diff:  0.0, Sum:  0.0, Workers: 4
[5816.938s][debug][gc,phases      ] GC(128)     Dead                           Min: 0, Avg:  0.0, Max: 0, Diff: 0, Sum: 0, Workers: 4
[5816.938s][debug][gc,phases      ] GC(128)     Total                          Min: 0, Avg:  0.0, Max: 0, Diff: 0, Sum: 0, Workers: 4
[5816.938s][debug][gc,phases      ] GC(128)   StringDedup Requests1 Weak     Min:  0.0, Avg:  0.0, Max:  0.0, Diff:  0.0, Sum:  0.0, Workers: 4
[5816.938s][debug][gc,phases      ] GC(128)     Dead                           Min: 0, Avg:  0.0, Max: 0, Diff: 0, Sum: 0, Workers: 4
[5816.938s][debug][gc,phases      ] GC(128)     Total                          Min: 0, Avg:  0.0, Max: 0, Diff: 0, Sum: 0, Workers: 4
[5816.938s][debug][gc,phases      ] GC(128)   Weak JFR Old Object Samples    Min:  0.0, Avg:  0.0, Max:  0.0, Diff:  0.0, Sum:  0.0, Workers: 4
[5816.938s][debug][gc,phases      ] GC(128)     Dead                           Min: 0, Avg:  0.0, Max: 0, Diff: 0, Sum: 0, Workers: 4
[5816.938s][debug][gc,phases      ] GC(128)     Total                          Min: 0, Avg:  0.0, Max: 0, Diff: 0, Sum: 0, Workers: 4
[5816.938s][debug][gc,phases      ] GC(128) Weak Processing 0.296ms
[5816.938s][debug][gc,age         ] GC(128) Desired survivor size 73924608 bytes, new threshold 15 (max threshold 15)
[5816.938s][info ][gc,heap        ] GC(128) PSYoungGen: 1951840K(2023424K)->3248K(2022400K) Eden: 1948672K(1948672K)->0K(1948672K) From: 3168K(74752K)->3248K(73728K)
[5816.938s][info ][gc,heap        ] GC(128) ParOldGen: 419992K(453632K)->420024K(453632K)
[5816.938s][info ][gc,metaspace   ] GC(128) Metaspace: 80025K(80896K)->80025K(80896K) NonClass: 68820K(69312K)->68820K(69312K) Class: 11205K(11584K)->11205K(11584K)
[5816.938s][info ][gc             ] GC(128) Pause Young (Allocation Failure) 2316M->413M(2418M) 3.417ms
[5816.938s][info ][gc,cpu         ] GC(128) User=0.01s Sys=0.00s Real=0.00s
[5816.938s][info ][safepoint      ] Safepoint "ParallelGCFailedAllocation", Time since last: 37794862915 ns, Reaching safepoint: 101200 ns, At safepoint: 3487215 ns, Total: 3588415 ns
[5850.940s][info ][safepoint      ] Safepoint "Cleanup", Time since last: 34002149250 ns, Reaching safepoint: 33200 ns, At safepoint: 3700 ns, Total: 36900 ns
[5882.088s][info ][gc,start       ] GC(129) Pause Young (Allocation Failure)
[5882.090s][debug][gc,phases      ] GC(129) Scavenge 2.161ms
[5882.090s][debug][gc,ref         ] GC(129) Skipped phase 1 of Reference Processing: no references
[5882.090s][debug][gc,ref         ] GC(129) ReferenceProcessor::execute queues: 1, RefProcThreadModel::Single, marks_oops_alive: false
[5882.090s][debug][gc,ref         ] GC(129) Skipped phase 3 of Reference Processing: no references
[5882.090s][debug][gc,ref         ] GC(129) ReferenceProcessor::execute queues: 1, RefProcThreadModel::Single, marks_oops_alive: false
[5882.090s][debug][gc,phases      ] GC(129) Reference Processing 0.085ms
[5882.090s][debug][gc,phases      ] GC(129)   VM Weak                        Min:  0.0, Avg:  0.0, Max:  0.0, Diff:  0.0, Sum:  0.0, Workers: 4
[5882.090s][debug][gc,phases      ] GC(129)     Dead                           Min: 0, Avg:  0.0, Max: 0, Diff: 0, Sum: 0, Workers: 4
[5882.090s][debug][gc,phases      ] GC(129)     Total                          Min: 0, Avg: 162.2, Max: 649, Diff: 649, Sum: 649, Workers: 4
[5882.090s][debug][gc,phases      ] GC(129)   ObjectSynchronizer Weak        Min:  0.0, Avg:  0.0, Max:  0.0, Diff:  0.0, Sum:  0.0, Workers: 4
[5882.090s][debug][gc,phases      ] GC(129)     Dead                           Min: 0, Avg:  0.0, Max: 0, Diff: 0, Sum: 0, Workers: 4
[5882.090s][debug][gc,phases      ] GC(129)     Total                          Min: 0, Avg: 159.8, Max: 320, Diff: 320, Sum: 639, Workers: 4
[5882.090s][debug][gc,phases      ] GC(129)   JVMTI Tag Weak OopStorage      Min:  0.0, Avg:  0.0, Max:  0.0, Diff:  0.0, Sum:  0.0, Workers: 4
[5882.090s][debug][gc,phases      ] GC(129)     Dead                           Min: 0, Avg:  0.0, Max: 0, Diff: 0, Sum: 0, Workers: 4
[5882.090s][debug][gc,phases      ] GC(129)     Total                          Min: 0, Avg:  0.0, Max: 0, Diff: 0, Sum: 0, Workers: 4
[5882.090s][debug][gc,phases      ] GC(129)   StringTable Weak               Min:  0.1, Avg:  0.1, Max:  0.1, Diff:  0.0, Sum:  0.4, Workers: 4
[5882.090s][debug][gc,phases      ] GC(129)     Dead                           Min: 0, Avg:  0.0, Max: 0, Diff: 0, Sum: 0, Workers: 4
[5882.090s][debug][gc,phases      ] GC(129)     Total                          Min: 9408, Avg: 10734.5, Max: 11391, Diff: 1983, Sum: 42938, Workers: 4
[5882.090s][debug][gc,phases      ] GC(129)   ResolvedMethodTable Weak       Min:  0.0, Avg:  0.0, Max:  0.0, Diff:  0.0, Sum:  0.1, Workers: 4
[5882.090s][debug][gc,phases      ] GC(129)     Dead                           Min: 0, Avg:  0.0, Max: 0, Diff: 0, Sum: 0, Workers: 4
[5882.090s][debug][gc,phases      ] GC(129)     Total                          Min: 2111, Avg: 2187.8, Max: 2304, Diff: 193, Sum: 8751, Workers: 4
[5882.090s][debug][gc,phases      ] GC(129)   JNI Weak                       Min:  0.0, Avg:  0.0, Max:  0.0, Diff:  0.0, Sum:  0.0, Workers: 4
[5882.090s][debug][gc,phases      ] GC(129)     Dead                           Min: 0, Avg:  0.0, Max: 0, Diff: 0, Sum: 0, Workers: 4
[5882.090s][debug][gc,phases      ] GC(129)     Total                          Min: 0, Avg: 11.2, Max: 45, Diff: 45, Sum: 45, Workers: 4
[5882.090s][debug][gc,phases      ] GC(129)   StringDedup Table Weak         Min:  0.0, Avg:  0.0, Max:  0.0, Diff:  0.0, Sum:  0.0, Workers: 4
[5882.090s][debug][gc,phases      ] GC(129)     Dead                           Min: 0, Avg:  0.0, Max: 0, Diff: 0, Sum: 0, Workers: 4
[5882.090s][debug][gc,phases      ] GC(129)     Total                          Min: 0, Avg:  0.0, Max: 0, Diff: 0, Sum: 0, Workers: 4
[5882.090s][debug][gc,phases      ] GC(129)   StringDedup Requests0 Weak     Min:  0.0, Avg:  0.0, Max:  0.0, Diff:  0.0, Sum:  0.0, Workers: 4
[5882.090s][debug][gc,phases      ] GC(129)     Dead                           Min: 0, Avg:  0.0, Max: 0, Diff: 0, Sum: 0, Workers: 4
[5882.090s][debug][gc,phases      ] GC(129)     Total                          Min: 0, Avg:  0.0, Max: 0, Diff: 0, Sum: 0, Workers: 4
[5882.090s][debug][gc,phases      ] GC(129)   StringDedup Requests1 Weak     Min:  0.0, Avg:  0.0, Max:  0.0, Diff:  0.0, Sum:  0.0, Workers: 4
[5882.090s][debug][gc,phases      ] GC(129)     Dead                           Min: 0, Avg:  0.0, Max: 0, Diff: 0, Sum: 0, Workers: 4
[5882.090s][debug][gc,phases      ] GC(129)     Total                          Min: 0, Avg:  0.0, Max: 0, Diff: 0, Sum: 0, Workers: 4
[5882.090s][debug][gc,phases      ] GC(129)   Weak JFR Old Object Samples    Min:  0.0, Avg:  0.0, Max:  0.0, Diff:  0.0, Sum:  0.0, Workers: 4
[5882.090s][debug][gc,phases      ] GC(129)     Dead                           Min: 0, Avg:  0.0, Max: 0, Diff: 0, Sum: 0, Workers: 4
[5882.090s][debug][gc,phases      ] GC(129)     Total                          Min: 0, Avg:  0.0, Max: 0, Diff: 0, Sum: 0, Workers: 4
[5882.091s][debug][gc,phases      ] GC(129) Weak Processing 0.290ms
[5882.091s][debug][gc,age         ] GC(129) Desired survivor size 71827456 bytes, new threshold 15 (max threshold 15)
[5882.091s][info ][gc,heap        ] GC(129) PSYoungGen: 1951920K(2022400K)->3088K(2027008K) Eden: 1948672K(1948672K)->0K(1954816K) From: 3248K(73728K)->3088K(72192K)
[5882.091s][info ][gc,heap        ] GC(129) ParOldGen: 420024K(453632K)->420088K(453632K)
[5882.091s][info ][gc,metaspace   ] GC(129) Metaspace: 80028K(80896K)->80028K(80896K) NonClass: 68822K(69312K)->68822K(69312K) Class: 11205K(11584K)->11205K(11584K)
[5882.091s][info ][gc             ] GC(129) Pause Young (Allocation Failure) 2316M->413M(2422M) 2.632ms
[5882.091s][info ][gc,cpu         ] GC(129) User=0.01s Sys=0.00s Real=0.00s
[5882.091s][info ][safepoint      ] Safepoint "ParallelGCFailedAllocation", Time since last: 31148014738 ns, Reaching safepoint: 41100 ns, At safepoint: 2701112 ns, Total: 2742212 ns
[5934.094s][info ][safepoint      ] Safepoint "Cleanup", Time since last: 52003148607 ns, Reaching safepoint: 30801 ns, At safepoint: 31700 ns, Total: 62501 ns
[5939.094s][info ][safepoint      ] Safepoint "Cleanup", Time since last: 5000370746 ns, Reaching safepoint: 43700 ns, At safepoint: 8400 ns, Total: 52100 ns
[5948.186s][info ][gc,start       ] GC(130) Pause Young (Allocation Failure)
[5948.189s][debug][gc,phases      ] GC(130) Scavenge 2.937ms
[5948.189s][debug][gc,ref         ] GC(130) Skipped phase 1 of Reference Processing: no references
[5948.189s][debug][gc,ref         ] GC(130) ReferenceProcessor::execute queues: 1, RefProcThreadModel::Single, marks_oops_alive: false
[5948.189s][debug][gc,ref         ] GC(130) Skipped phase 3 of Reference Processing: no references
[5948.189s][debug][gc,ref         ] GC(130) ReferenceProcessor::execute queues: 1, RefProcThreadModel::Single, marks_oops_alive: false
[5948.189s][debug][gc,phases      ] GC(130) Reference Processing 0.104ms
[5948.189s][debug][gc,phases      ] GC(130)   VM Weak                        Min:  0.0, Avg:  0.0, Max:  0.0, Diff:  0.0, Sum:  0.0, Workers: 4
[5948.189s][debug][gc,phases      ] GC(130)     Dead                           Min: 0, Avg:  0.0, Max: 0, Diff: 0, Sum: 0, Workers: 4
[5948.189s][debug][gc,phases      ] GC(130)     Total                          Min: 0, Avg: 162.2, Max: 649, Diff: 649, Sum: 649, Workers: 4
[5948.189s][debug][gc,phases      ] GC(130)   ObjectSynchronizer Weak        Min:  0.0, Avg:  0.0, Max:  0.0, Diff:  0.0, Sum:  0.0, Workers: 4
[5948.189s][debug][gc,phases      ] GC(130)     Dead                           Min: 0, Avg:  0.0, Max: 0, Diff: 0, Sum: 0, Workers: 4
[5948.189s][debug][gc,phases      ] GC(130)     Total                          Min: 0, Avg: 159.8, Max: 575, Diff: 575, Sum: 639, Workers: 4
[5948.189s][debug][gc,phases      ] GC(130)   JVMTI Tag Weak OopStorage      Min:  0.0, Avg:  0.0, Max:  0.0, Diff:  0.0, Sum:  0.0, Workers: 4
[5948.189s][debug][gc,phases      ] GC(130)     Dead                           Min: 0, Avg:  0.0, Max: 0, Diff: 0, Sum: 0, Workers: 4
[5948.189s][debug][gc,phases      ] GC(130)     Total                          Min: 0, Avg:  0.0, Max: 0, Diff: 0, Sum: 0, Workers: 4
[5948.189s][debug][gc,phases      ] GC(130)   StringTable Weak               Min:  0.1, Avg:  0.1, Max:  0.1, Diff:  0.0, Sum:  0.4, Workers: 4
[5948.189s][debug][gc,phases      ] GC(130)     Dead                           Min: 0, Avg:  0.0, Max: 0, Diff: 0, Sum: 0, Workers: 4
[5948.189s][debug][gc,phases      ] GC(130)     Total                          Min: 10496, Avg: 10734.5, Max: 11072, Diff: 576, Sum: 42938, Workers: 4
[5948.189s][debug][gc,phases      ] GC(130)   ResolvedMethodTable Weak       Min:  0.0, Avg:  0.0, Max:  0.0, Diff:  0.0, Sum:  0.1, Workers: 4
[5948.189s][debug][gc,phases      ] GC(130)     Dead                           Min: 0, Avg:  0.0, Max: 0, Diff: 0, Sum: 0, Workers: 4
[5948.189s][debug][gc,phases      ] GC(130)     Total                          Min: 1584, Avg: 2187.8, Max: 2496, Diff: 912, Sum: 8751, Workers: 4
[5948.189s][debug][gc,phases      ] GC(130)   JNI Weak                       Min:  0.0, Avg:  0.0, Max:  0.0, Diff:  0.0, Sum:  0.0, Workers: 4
[5948.189s][debug][gc,phases      ] GC(130)     Dead                           Min: 0, Avg:  0.0, Max: 0, Diff: 0, Sum: 0, Workers: 4
[5948.189s][debug][gc,phases      ] GC(130)     Total                          Min: 0, Avg: 11.2, Max: 45, Diff: 45, Sum: 45, Workers: 4
[5948.189s][debug][gc,phases      ] GC(130)   StringDedup Table Weak         Min:  0.0, Avg:  0.0, Max:  0.0, Diff:  0.0, Sum:  0.0, Workers: 4
[5948.189s][debug][gc,phases      ] GC(130)     Dead                           Min: 0, Avg:  0.0, Max: 0, Diff: 0, Sum: 0, Workers: 4
[5948.189s][debug][gc,phases      ] GC(130)     Total                          Min: 0, Avg:  0.0, Max: 0, Diff: 0, Sum: 0, Workers: 4
[5948.189s][debug][gc,phases      ] GC(130)   StringDedup Requests0 Weak     Min:  0.0, Avg:  0.0, Max:  0.0, Diff:  0.0, Sum:  0.0, Workers: 4
[5948.189s][debug][gc,phases      ] GC(130)     Dead                           Min: 0, Avg:  0.0, Max: 0, Diff: 0, Sum: 0, Workers: 4
[5948.189s][debug][gc,phases      ] GC(130)     Total                          Min: 0, Avg:  0.0, Max: 0, Diff: 0, Sum: 0, Workers: 4
[5948.189s][debug][gc,phases      ] GC(130)   StringDedup Requests1 Weak     Min:  0.0, Avg:  0.0, Max:  0.0, Diff:  0.0, Sum:  0.0, Workers: 4
[5948.189s][debug][gc,phases      ] GC(130)     Dead                           Min: 0, Avg:  0.0, Max: 0, Diff: 0, Sum: 0, Workers: 4
[5948.189s][debug][gc,phases      ] GC(130)     Total                          Min: 0, Avg:  0.0, Max: 0, Diff: 0, Sum: 0, Workers: 4
[5948.189s][debug][gc,phases      ] GC(130)   Weak JFR Old Object Samples    Min:  0.0, Avg:  0.0, Max:  0.0, Diff:  0.0, Sum:  0.0, Workers: 4
[5948.189s][debug][gc,phases      ] GC(130)     Dead                           Min: 0, Avg:  0.0, Max: 0, Diff: 0, Sum: 0, Workers: 4
[5948.189s][debug][gc,phases      ] GC(130)     Total                          Min: 0, Avg:  0.0, Max: 0, Diff: 0, Sum: 0, Workers: 4
[5948.189s][debug][gc,phases      ] GC(130) Weak Processing 0.264ms
[5948.189s][debug][gc,age         ] GC(130) Desired survivor size 69206016 bytes, new threshold 15 (max threshold 15)
[5948.189s][info ][gc,heap        ] GC(130) PSYoungGen: 1957904K(2027008K)->3120K(2024960K) Eden: 1954816K(1954816K)->0K(1954816K) From: 3088K(72192K)->3120K(70144K)
[5948.189s][info ][gc,heap        ] GC(130) ParOldGen: 420088K(453632K)->420112K(453632K)
[5948.189s][info ][gc,metaspace   ] GC(130) Metaspace: 80028K(80896K)->80028K(80896K) NonClass: 68823K(69312K)->68823K(69312K) Class: 11205K(11584K)->11205K(11584K)
[5948.189s][info ][gc             ] GC(130) Pause Young (Allocation Failure) 2322M->413M(2420M) 3.427ms
[5948.189s][info ][gc,cpu         ] GC(130) User=0.01s Sys=0.00s Real=0.00s
[5948.189s][info ][safepoint      ] Safepoint "ParallelGCFailedAllocation", Time since last: 9091504690 ns, Reaching safepoint: 25700 ns, At safepoint: 3503215 ns, Total: 3528915 ns
[6001.192s][info ][safepoint      ] Safepoint "Cleanup", Time since last: 53003120468 ns, Reaching safepoint: 50500 ns, At safepoint: 24700 ns, Total: 75200 ns
[6002.193s][info ][safepoint      ] Safepoint "Cleanup", Time since last: 1000092199 ns, Reaching safepoint: 37901 ns, At safepoint: 3300 ns, Total: 41201 ns
[6014.985s][info ][gc,start       ] GC(131) Pause Young (Allocation Failure)
[6014.988s][debug][gc,phases      ] GC(131) Scavenge 2.876ms
[6014.988s][debug][gc,ref         ] GC(131) Skipped phase 1 of Reference Processing: no references
[6014.988s][debug][gc,ref         ] GC(131) ReferenceProcessor::execute queues: 1, RefProcThreadModel::Single, marks_oops_alive: false
[6014.988s][debug][gc,ref         ] GC(131) Skipped phase 3 of Reference Processing: no references
[6014.988s][debug][gc,ref         ] GC(131) ReferenceProcessor::execute queues: 1, RefProcThreadModel::Single, marks_oops_alive: false
[6014.988s][debug][gc,phases      ] GC(131) Reference Processing 0.083ms
[6014.988s][debug][gc,phases      ] GC(131)   VM Weak                        Min:  0.0, Avg:  0.0, Max:  0.0, Diff:  0.0, Sum:  0.0, Workers: 4
[6014.988s][debug][gc,phases      ] GC(131)     Dead                           Min: 0, Avg:  0.0, Max: 0, Diff: 0, Sum: 0, Workers: 4
[6014.988s][debug][gc,phases      ] GC(131)     Total                          Min: 0, Avg: 162.2, Max: 649, Diff: 649, Sum: 649, Workers: 4
[6014.988s][debug][gc,phases      ] GC(131)   ObjectSynchronizer Weak        Min:  0.0, Avg:  0.0, Max:  0.0, Diff:  0.0, Sum:  0.0, Workers: 4
[6014.988s][debug][gc,phases      ] GC(131)     Dead                           Min: 0, Avg:  0.0, Max: 0, Diff: 0, Sum: 0, Workers: 4
[6014.988s][debug][gc,phases      ] GC(131)     Total                          Min: 0, Avg: 159.8, Max: 512, Diff: 512, Sum: 639, Workers: 4
[6014.988s][debug][gc,phases      ] GC(131)   JVMTI Tag Weak OopStorage      Min:  0.0, Avg:  0.0, Max:  0.0, Diff:  0.0, Sum:  0.0, Workers: 4
[6014.988s][debug][gc,phases      ] GC(131)     Dead                           Min: 0, Avg:  0.0, Max: 0, Diff: 0, Sum: 0, Workers: 4
[6014.988s][debug][gc,phases      ] GC(131)     Total                          Min: 0, Avg:  0.0, Max: 0, Diff: 0, Sum: 0, Workers: 4
[6014.988s][debug][gc,phases      ] GC(131)   StringTable Weak               Min:  0.0, Avg:  0.1, Max:  0.1, Diff:  0.1, Sum:  0.3, Workers: 4
[6014.988s][debug][gc,phases      ] GC(131)     Dead                           Min: 0, Avg:  0.0, Max: 0, Diff: 0, Sum: 0, Workers: 4
[6014.988s][debug][gc,phases      ] GC(131)     Total                          Min: 0, Avg: 10734.5, Max: 19067, Diff: 19067, Sum: 42938, Workers: 4
[6014.988s][debug][gc,phases      ] GC(131)   ResolvedMethodTable Weak       Min:  0.0, Avg:  0.0, Max:  0.0, Diff:  0.0, Sum:  0.1, Workers: 4
[6014.988s][debug][gc,phases      ] GC(131)     Dead                           Min: 0, Avg:  0.0, Max: 0, Diff: 0, Sum: 0, Workers: 4
[6014.988s][debug][gc,phases      ] GC(131)     Total                          Min: 0, Avg: 2187.8, Max: 3968, Diff: 3968, Sum: 8751, Workers: 4
[6014.988s][debug][gc,phases      ] GC(131)   JNI Weak                       Min:  0.0, Avg:  0.0, Max:  0.0, Diff:  0.0, Sum:  0.0, Workers: 4
[6014.988s][debug][gc,phases      ] GC(131)     Dead                           Min: 0, Avg:  0.0, Max: 0, Diff: 0, Sum: 0, Workers: 4
[6014.988s][debug][gc,phases      ] GC(131)     Total                          Min: 0, Avg: 11.2, Max: 45, Diff: 45, Sum: 45, Workers: 4
[6014.988s][debug][gc,phases      ] GC(131)   StringDedup Table Weak         Min:  0.0, Avg:  0.0, Max:  0.0, Diff:  0.0, Sum:  0.0, Workers: 4
[6014.988s][debug][gc,phases      ] GC(131)     Dead                           Min: 0, Avg:  0.0, Max: 0, Diff: 0, Sum: 0, Workers: 4
[6014.988s][debug][gc,phases      ] GC(131)     Total                          Min: 0, Avg:  0.0, Max: 0, Diff: 0, Sum: 0, Workers: 4
[6014.988s][debug][gc,phases      ] GC(131)   StringDedup Requests0 Weak     Min:  0.0, Avg:  0.0, Max:  0.0, Diff:  0.0, Sum:  0.0, Workers: 4
[6014.988s][debug][gc,phases      ] GC(131)     Dead                           Min: 0, Avg:  0.0, Max: 0, Diff: 0, Sum: 0, Workers: 4
[6014.988s][debug][gc,phases      ] GC(131)     Total                          Min: 0, Avg:  0.0, Max: 0, Diff: 0, Sum: 0, Workers: 4
[6014.988s][debug][gc,phases      ] GC(131)   StringDedup Requests1 Weak     Min:  0.0, Avg:  0.0, Max:  0.0, Diff:  0.0, Sum:  0.0, Workers: 4
[6014.988s][debug][gc,phases      ] GC(131)     Dead                           Min: 0, Avg:  0.0, Max: 0, Diff: 0, Sum: 0, Workers: 4
[6014.988s][debug][gc,phases      ] GC(131)     Total                          Min: 0, Avg:  0.0, Max: 0, Diff: 0, Sum: 0, Workers: 4
[6014.988s][debug][gc,phases      ] GC(131)   Weak JFR Old Object Samples    Min:  0.0, Avg:  0.0, Max:  0.0, Diff:  0.0, Sum:  0.0, Workers: 4
[6014.988s][debug][gc,phases      ] GC(131)     Dead                           Min: 0, Avg:  0.0, Max: 0, Diff: 0, Sum: 0, Workers: 4
[6014.988s][debug][gc,phases      ] GC(131)     Total                          Min: 0, Avg:  0.0, Max: 0, Diff: 0, Sum: 0, Workers: 4
[6014.988s][debug][gc,phases      ] GC(131) Weak Processing 0.298ms
[6014.988s][debug][gc,age         ] GC(131) Desired survivor size 67108864 bytes, new threshold 15 (max threshold 15)
[6014.988s][info ][gc,heap        ] GC(131) PSYoungGen: 1957936K(2024960K)->3120K(2031616K) Eden: 1954816K(1954816K)->0K(1964032K) From: 3120K(70144K)->3120K(67584K)
[6014.988s][info ][gc,heap        ] GC(131) ParOldGen: 420112K(453632K)->420144K(453632K)
[6014.988s][info ][gc,metaspace   ] GC(131) Metaspace: 80029K(80896K)->80029K(80896K) NonClass: 68823K(69312K)->68823K(69312K) Class: 11205K(11584K)->11205K(11584K)
[6014.988s][info ][gc             ] GC(131) Pause Young (Allocation Failure) 2322M->413M(2427M) 3.347ms
[6014.988s][info ][gc,cpu         ] GC(131) User=0.01s Sys=0.00s Real=0.01s
[6014.988s][info ][safepoint      ] Safepoint "ParallelGCFailedAllocation", Time since last: 12792018215 ns, Reaching safepoint: 35701 ns, At safepoint: 3411613 ns, Total: 3447314 ns
[6017.988s][info ][safepoint      ] Safepoint "Cleanup", Time since last: 3000214740 ns, Reaching safepoint: 44501 ns, At safepoint: 4400 ns, Total: 48901 ns
[6028.989s][info ][safepoint      ] Safepoint "Cleanup", Time since last: 11000718782 ns, Reaching safepoint: 34100 ns, At safepoint: 23100 ns, Total: 57200 ns
[6080.884s][info ][gc,start       ] GC(132) Pause Young (Allocation Failure)
[6080.886s][debug][gc,phases      ] GC(132) Scavenge 2.613ms
[6080.886s][debug][gc,ref         ] GC(132) Skipped phase 1 of Reference Processing: no references
[6080.886s][debug][gc,ref         ] GC(132) ReferenceProcessor::execute queues: 1, RefProcThreadModel::Single, marks_oops_alive: false
[6080.886s][debug][gc,ref         ] GC(132) Skipped phase 3 of Reference Processing: no references
[6080.886s][debug][gc,ref         ] GC(132) ReferenceProcessor::execute queues: 1, RefProcThreadModel::Single, marks_oops_alive: false
[6080.886s][debug][gc,phases      ] GC(132) Reference Processing 0.084ms
[6080.887s][debug][gc,phases      ] GC(132)   VM Weak                        Min:  0.0, Avg:  0.0, Max:  0.0, Diff:  0.0, Sum:  0.0, Workers: 4
[6080.887s][debug][gc,phases      ] GC(132)     Dead                           Min: 0, Avg:  0.0, Max: 0, Diff: 0, Sum: 0, Workers: 4
[6080.887s][debug][gc,phases      ] GC(132)     Total                          Min: 0, Avg: 162.2, Max: 585, Diff: 585, Sum: 649, Workers: 4
[6080.887s][debug][gc,phases      ] GC(132)   ObjectSynchronizer Weak        Min:  0.0, Avg:  0.0, Max:  0.0, Diff:  0.0, Sum:  0.0, Workers: 4
[6080.887s][debug][gc,phases      ] GC(132)     Dead                           Min: 0, Avg:  0.0, Max: 0, Diff: 0, Sum: 0, Workers: 4
[6080.887s][debug][gc,phases      ] GC(132)     Total                          Min: 0, Avg: 159.8, Max: 320, Diff: 320, Sum: 639, Workers: 4
[6080.887s][debug][gc,phases      ] GC(132)   JVMTI Tag Weak OopStorage      Min:  0.0, Avg:  0.0, Max:  0.0, Diff:  0.0, Sum:  0.0, Workers: 4
[6080.887s][debug][gc,phases      ] GC(132)     Dead                           Min: 0, Avg:  0.0, Max: 0, Diff: 0, Sum: 0, Workers: 4
[6080.887s][debug][gc,phases      ] GC(132)     Total                          Min: 0, Avg:  0.0, Max: 0, Diff: 0, Sum: 0, Workers: 4
[6080.887s][debug][gc,phases      ] GC(132)   StringTable Weak               Min:  0.0, Avg:  0.1, Max:  0.1, Diff:  0.1, Sum:  0.3, Workers: 4
[6080.887s][debug][gc,phases      ] GC(132)     Dead                           Min: 0, Avg:  0.0, Max: 0, Diff: 0, Sum: 0, Workers: 4
[6080.887s][debug][gc,phases      ] GC(132)     Total                          Min: 0, Avg: 10734.5, Max: 18874, Diff: 18874, Sum: 42938, Workers: 4
[6080.887s][debug][gc,phases      ] GC(132)   ResolvedMethodTable Weak       Min:  0.0, Avg:  0.0, Max:  0.0, Diff:  0.0, Sum:  0.1, Workers: 4
[6080.887s][debug][gc,phases      ] GC(132)     Dead                           Min: 0, Avg:  0.0, Max: 0, Diff: 0, Sum: 0, Workers: 4
[6080.887s][debug][gc,phases      ] GC(132)     Total                          Min: 0, Avg: 2187.8, Max: 3888, Diff: 3888, Sum: 8751, Workers: 4
[6080.887s][debug][gc,phases      ] GC(132)   JNI Weak                       Min:  0.0, Avg:  0.0, Max:  0.0, Diff:  0.0, Sum:  0.0, Workers: 4
[6080.887s][debug][gc,phases      ] GC(132)     Dead                           Min: 0, Avg:  0.0, Max: 0, Diff: 0, Sum: 0, Workers: 4
[6080.887s][debug][gc,phases      ] GC(132)     Total                          Min: 0, Avg: 11.2, Max: 45, Diff: 45, Sum: 45, Workers: 4
[6080.887s][debug][gc,phases      ] GC(132)   StringDedup Table Weak         Min:  0.0, Avg:  0.0, Max:  0.0, Diff:  0.0, Sum:  0.0, Workers: 4
[6080.887s][debug][gc,phases      ] GC(132)     Dead                           Min: 0, Avg:  0.0, Max: 0, Diff: 0, Sum: 0, Workers: 4
[6080.887s][debug][gc,phases      ] GC(132)     Total                          Min: 0, Avg:  0.0, Max: 0, Diff: 0, Sum: 0, Workers: 4
[6080.887s][debug][gc,phases      ] GC(132)   StringDedup Requests0 Weak     Min:  0.0, Avg:  0.0, Max:  0.0, Diff:  0.0, Sum:  0.0, Workers: 4
[6080.887s][debug][gc,phases      ] GC(132)     Dead                           Min: 0, Avg:  0.0, Max: 0, Diff: 0, Sum: 0, Workers: 4
[6080.887s][debug][gc,phases      ] GC(132)     Total                          Min: 0, Avg:  0.0, Max: 0, Diff: 0, Sum: 0, Workers: 4
[6080.887s][debug][gc,phases      ] GC(132)   StringDedup Requests1 Weak     Min:  0.0, Avg:  0.0, Max:  0.0, Diff:  0.0, Sum:  0.0, Workers: 4
[6080.887s][debug][gc,phases      ] GC(132)     Dead                           Min: 0, Avg:  0.0, Max: 0, Diff: 0, Sum: 0, Workers: 4
[6080.887s][debug][gc,phases      ] GC(132)     Total                          Min: 0, Avg:  0.0, Max: 0, Diff: 0, Sum: 0, Workers: 4
[6080.887s][debug][gc,phases      ] GC(132)   Weak JFR Old Object Samples    Min:  0.0, Avg:  0.0, Max:  0.0, Diff:  0.0, Sum:  0.0, Workers: 4
[6080.887s][debug][gc,phases      ] GC(132)     Dead                           Min: 0, Avg:  0.0, Max: 0, Diff: 0, Sum: 0, Workers: 4
[6080.887s][debug][gc,phases      ] GC(132)     Total                          Min: 0, Avg:  0.0, Max: 0, Diff: 0, Sum: 0, Workers: 4
[6080.887s][debug][gc,phases      ] GC(132) Weak Processing 0.302ms
[6080.887s][debug][gc,age         ] GC(132) Desired survivor size 64487424 bytes, new threshold 15 (max threshold 15)
[6080.887s][info ][gc,heap        ] GC(132) PSYoungGen: 1967152K(2031616K)->3120K(2029568K) Eden: 1964032K(1964032K)->0K(1964032K) From: 3120K(67584K)->3120K(65536K)
[6080.887s][info ][gc,heap        ] GC(132) ParOldGen: 420144K(453632K)->420176K(453632K)
[6080.887s][info ][gc,metaspace   ] GC(132) Metaspace: 80035K(80896K)->80035K(80896K) NonClass: 68830K(69312K)->68830K(69312K) Class: 11205K(11584K)->11205K(11584K)
[6080.887s][info ][gc             ] GC(132) Pause Young (Allocation Failure) 2331M->413M(2425M) 3.092ms
[6080.887s][info ][gc,cpu         ] GC(132) User=0.01s Sys=0.00s Real=0.01s
[6080.887s][info ][safepoint      ] Safepoint "ParallelGCFailedAllocation", Time since last: 51894547196 ns, Reaching safepoint: 66901 ns, At safepoint: 3171012 ns, Total: 3237913 ns
[6093.888s][info ][safepoint      ] Safepoint "Cleanup", Time since last: 13000863852 ns, Reaching safepoint: 95800 ns, At safepoint: 26300 ns, Total: 122100 ns
[6128.890s][info ][safepoint      ] Safepoint "Cleanup", Time since last: 35002182869 ns, Reaching safepoint: 26901 ns, At safepoint: 2500 ns, Total: 29401 ns
[6140.891s][info ][safepoint      ] Safepoint "Cleanup", Time since last: 12000791256 ns, Reaching safepoint: 37300 ns, At safepoint: 8400 ns, Total: 45700 ns
[6146.983s][info ][gc,start       ] GC(133) Pause Young (Allocation Failure)
[6146.985s][debug][gc,phases      ] GC(133) Scavenge 2.105ms
[6146.985s][debug][gc,ref         ] GC(133) Skipped phase 1 of Reference Processing: no references
[6146.985s][debug][gc,ref         ] GC(133) ReferenceProcessor::execute queues: 1, RefProcThreadModel::Single, marks_oops_alive: false
[6146.985s][debug][gc,ref         ] GC(133) Skipped phase 3 of Reference Processing: no references
[6146.985s][debug][gc,ref         ] GC(133) ReferenceProcessor::execute queues: 1, RefProcThreadModel::Single, marks_oops_alive: false
[6146.985s][debug][gc,phases      ] GC(133) Reference Processing 0.096ms
[6146.986s][debug][gc,phases      ] GC(133)   VM Weak                        Min:  0.0, Avg:  0.0, Max:  0.0, Diff:  0.0, Sum:  0.0, Workers: 4
[6146.986s][debug][gc,phases      ] GC(133)     Dead                           Min: 0, Avg:  0.0, Max: 0, Diff: 0, Sum: 0, Workers: 4
[6146.986s][debug][gc,phases      ] GC(133)     Total                          Min: 0, Avg: 162.2, Max: 521, Diff: 521, Sum: 649, Workers: 4
[6146.986s][debug][gc,phases      ] GC(133)   ObjectSynchronizer Weak        Min:  0.0, Avg:  0.0, Max:  0.0, Diff:  0.0, Sum:  0.0, Workers: 4
[6146.986s][debug][gc,phases      ] GC(133)     Dead                           Min: 0, Avg:  0.0, Max: 0, Diff: 0, Sum: 0, Workers: 4
[6146.986s][debug][gc,phases      ] GC(133)     Total                          Min: 0, Avg: 159.8, Max: 319, Diff: 319, Sum: 639, Workers: 4
[6146.986s][debug][gc,phases      ] GC(133)   JVMTI Tag Weak OopStorage      Min:  0.0, Avg:  0.0, Max:  0.0, Diff:  0.0, Sum:  0.0, Workers: 4
[6146.986s][debug][gc,phases      ] GC(133)     Dead                           Min: 0, Avg:  0.0, Max: 0, Diff: 0, Sum: 0, Workers: 4
[6146.986s][debug][gc,phases      ] GC(133)     Total                          Min: 0, Avg:  0.0, Max: 0, Diff: 0, Sum: 0, Workers: 4
[6146.986s][debug][gc,phases      ] GC(133)   StringTable Weak               Min:  0.1, Avg:  0.1, Max:  0.1, Diff:  0.0, Sum:  0.4, Workers: 4
[6146.986s][debug][gc,phases      ] GC(133)     Dead                           Min: 0, Avg:  0.0, Max: 0, Diff: 0, Sum: 0, Workers: 4
[6146.986s][debug][gc,phases      ] GC(133)     Total                          Min: 10619, Avg: 10734.5, Max: 11071, Diff: 452, Sum: 42938, Workers: 4
[6146.986s][debug][gc,phases      ] GC(133)   ResolvedMethodTable Weak       Min:  0.0, Avg:  0.0, Max:  0.0, Diff:  0.0, Sum:  0.1, Workers: 4
[6146.986s][debug][gc,phases      ] GC(133)     Dead                           Min: 0, Avg:  0.0, Max: 0, Diff: 0, Sum: 0, Workers: 4
[6146.986s][debug][gc,phases      ] GC(133)     Total                          Min: 1536, Avg: 2187.8, Max: 2496, Diff: 960, Sum: 8751, Workers: 4
[6146.986s][debug][gc,phases      ] GC(133)   JNI Weak                       Min:  0.0, Avg:  0.0, Max:  0.0, Diff:  0.0, Sum:  0.0, Workers: 4
[6146.986s][debug][gc,phases      ] GC(133)     Dead                           Min: 0, Avg:  0.0, Max: 0, Diff: 0, Sum: 0, Workers: 4
[6146.986s][debug][gc,phases      ] GC(133)     Total                          Min: 0, Avg: 11.2, Max: 45, Diff: 45, Sum: 45, Workers: 4
[6146.986s][debug][gc,phases      ] GC(133)   StringDedup Table Weak         Min:  0.0, Avg:  0.0, Max:  0.0, Diff:  0.0, Sum:  0.0, Workers: 4
[6146.986s][debug][gc,phases      ] GC(133)     Dead                           Min: 0, Avg:  0.0, Max: 0, Diff: 0, Sum: 0, Workers: 4
[6146.986s][debug][gc,phases      ] GC(133)     Total                          Min: 0, Avg:  0.0, Max: 0, Diff: 0, Sum: 0, Workers: 4
[6146.986s][debug][gc,phases      ] GC(133)   StringDedup Requests0 Weak     Min:  0.0, Avg:  0.0, Max:  0.0, Diff:  0.0, Sum:  0.0, Workers: 4
[6146.986s][debug][gc,phases      ] GC(133)     Dead                           Min: 0, Avg:  0.0, Max: 0, Diff: 0, Sum: 0, Workers: 4
[6146.986s][debug][gc,phases      ] GC(133)     Total                          Min: 0, Avg:  0.0, Max: 0, Diff: 0, Sum: 0, Workers: 4
[6146.986s][debug][gc,phases      ] GC(133)   StringDedup Requests1 Weak     Min:  0.0, Avg:  0.0, Max:  0.0, Diff:  0.0, Sum:  0.0, Workers: 4
[6146.986s][debug][gc,phases      ] GC(133)     Dead                           Min: 0, Avg:  0.0, Max: 0, Diff: 0, Sum: 0, Workers: 4
[6146.986s][debug][gc,phases      ] GC(133)     Total                          Min: 0, Avg:  0.0, Max: 0, Diff: 0, Sum: 0, Workers: 4
[6146.986s][debug][gc,phases      ] GC(133)   Weak JFR Old Object Samples    Min:  0.0, Avg:  0.0, Max:  0.0, Diff:  0.0, Sum:  0.0, Workers: 4
[6146.986s][debug][gc,phases      ] GC(133)     Dead                           Min: 0, Avg:  0.0, Max: 0, Diff: 0, Sum: 0, Workers: 4
[6146.986s][debug][gc,phases      ] GC(133)     Total                          Min: 0, Avg:  0.0, Max: 0, Diff: 0, Sum: 0, Workers: 4
[6146.986s][debug][gc,phases      ] GC(133) Weak Processing 0.273ms
[6146.986s][debug][gc,age         ] GC(133) Desired survivor size 61341696 bytes, new threshold 15 (max threshold 15)
[6146.986s][info ][gc,heap        ] GC(133) PSYoungGen: 1967152K(2029568K)->3120K(2037248K) Eden: 1964032K(1964032K)->0K(1974272K) From: 3120K(65536K)->3120K(62976K)
[6146.986s][info ][gc,heap        ] GC(133) ParOldGen: 420176K(453632K)->420208K(453632K)
[6146.986s][info ][gc,metaspace   ] GC(133) Metaspace: 80036K(80896K)->80036K(80896K) NonClass: 68830K(69312K)->68830K(69312K) Class: 11205K(11584K)->11205K(11584K)
[6146.986s][info ][gc             ] GC(133) Pause Young (Allocation Failure) 2331M->413M(2432M) 2.567ms
[6146.986s][info ][gc,cpu         ] GC(133) User=0.00s Sys=0.01s Real=0.01s
[6146.986s][info ][safepoint      ] Safepoint "ParallelGCFailedAllocation", Time since last: 6092136585 ns, Reaching safepoint: 97301 ns, At safepoint: 2658810 ns, Total: 2756111 ns
[6181.988s][info ][safepoint      ] Safepoint "Cleanup", Time since last: 35002253816 ns, Reaching safepoint: 52100 ns, At safepoint: 2500 ns, Total: 54600 ns
[6192.989s][info ][safepoint      ] Safepoint "Cleanup", Time since last: 11000717159 ns, Reaching safepoint: 38100 ns, At safepoint: 10000 ns, Total: 48100 ns
[6210.990s][info ][safepoint      ] Safepoint "Cleanup", Time since last: 18001128399 ns, Reaching safepoint: 38600 ns, At safepoint: 2400 ns, Total: 41000 ns
[6211.990s][info ][safepoint      ] Safepoint "Cleanup", Time since last: 1000096475 ns, Reaching safepoint: 41700 ns, At safepoint: 16901 ns, Total: 58601 ns
[6213.234s][info ][gc,start       ] GC(134) Pause Young (Allocation Failure)
[6213.237s][debug][gc,phases      ] GC(134) Scavenge 3.155ms
[6213.237s][debug][gc,ref         ] GC(134) Skipped phase 1 of Reference Processing: no references
[6213.237s][debug][gc,ref         ] GC(134) ReferenceProcessor::execute queues: 1, RefProcThreadModel::Single, marks_oops_alive: false
[6213.237s][debug][gc,ref         ] GC(134) Skipped phase 3 of Reference Processing: no references
[6213.237s][debug][gc,ref         ] GC(134) ReferenceProcessor::execute queues: 1, RefProcThreadModel::Single, marks_oops_alive: false
[6213.237s][debug][gc,phases      ] GC(134) Reference Processing 0.075ms
[6213.237s][debug][gc,phases      ] GC(134)   VM Weak                        Min:  0.0, Avg:  0.0, Max:  0.0, Diff:  0.0, Sum:  0.0, Workers: 4
[6213.237s][debug][gc,phases      ] GC(134)     Dead                           Min: 0, Avg:  0.0, Max: 0, Diff: 0, Sum: 0, Workers: 4
[6213.237s][debug][gc,phases      ] GC(134)     Total                          Min: 0, Avg: 162.2, Max: 585, Diff: 585, Sum: 649, Workers: 4
[6213.237s][debug][gc,phases      ] GC(134)   ObjectSynchronizer Weak        Min:  0.0, Avg:  0.0, Max:  0.0, Diff:  0.0, Sum:  0.0, Workers: 4
[6213.237s][debug][gc,phases      ] GC(134)     Dead                           Min: 0, Avg:  0.0, Max: 0, Diff: 0, Sum: 0, Workers: 4
[6213.237s][debug][gc,phases      ] GC(134)     Total                          Min: 0, Avg: 159.8, Max: 320, Diff: 320, Sum: 639, Workers: 4
[6213.237s][debug][gc,phases      ] GC(134)   JVMTI Tag Weak OopStorage      Min:  0.0, Avg:  0.0, Max:  0.0, Diff:  0.0, Sum:  0.0, Workers: 4
[6213.237s][debug][gc,phases      ] GC(134)     Dead                           Min: 0, Avg:  0.0, Max: 0, Diff: 0, Sum: 0, Workers: 4
[6213.237s][debug][gc,phases      ] GC(134)     Total                          Min: 0, Avg:  0.0, Max: 0, Diff: 0, Sum: 0, Workers: 4
[6213.237s][debug][gc,phases      ] GC(134)   StringTable Weak               Min:  0.1, Avg:  0.1, Max:  0.1, Diff:  0.0, Sum:  0.4, Workers: 4
[6213.237s][debug][gc,phases      ] GC(134)     Dead                           Min: 0, Avg:  0.0, Max: 0, Diff: 0, Sum: 0, Workers: 4
[6213.237s][debug][gc,phases      ] GC(134)     Total                          Min: 10432, Avg: 10738.0, Max: 11080, Diff: 648, Sum: 42952, Workers: 4
[6213.237s][debug][gc,phases      ] GC(134)   ResolvedMethodTable Weak       Min:  0.0, Avg:  0.0, Max:  0.0, Diff:  0.0, Sum:  0.1, Workers: 4
[6213.237s][debug][gc,phases      ] GC(134)     Dead                           Min: 0, Avg:  0.0, Max: 0, Diff: 0, Sum: 0, Workers: 4
[6213.237s][debug][gc,phases      ] GC(134)     Total                          Min: 2032, Avg: 2187.8, Max: 2303, Diff: 271, Sum: 8751, Workers: 4
[6213.237s][debug][gc,phases      ] GC(134)   JNI Weak                       Min:  0.0, Avg:  0.0, Max:  0.0, Diff:  0.0, Sum:  0.0, Workers: 4
[6213.237s][debug][gc,phases      ] GC(134)     Dead                           Min: 0, Avg:  0.0, Max: 0, Diff: 0, Sum: 0, Workers: 4
[6213.237s][debug][gc,phases      ] GC(134)     Total                          Min: 0, Avg: 11.2, Max: 45, Diff: 45, Sum: 45, Workers: 4
[6213.237s][debug][gc,phases      ] GC(134)   StringDedup Table Weak         Min:  0.0, Avg:  0.0, Max:  0.0, Diff:  0.0, Sum:  0.0, Workers: 4
[6213.237s][debug][gc,phases      ] GC(134)     Dead                           Min: 0, Avg:  0.0, Max: 0, Diff: 0, Sum: 0, Workers: 4
[6213.237s][debug][gc,phases      ] GC(134)     Total                          Min: 0, Avg:  0.0, Max: 0, Diff: 0, Sum: 0, Workers: 4
[6213.237s][debug][gc,phases      ] GC(134)   StringDedup Requests0 Weak     Min:  0.0, Avg:  0.0, Max:  0.0, Diff:  0.0, Sum:  0.0, Workers: 4
[6213.237s][debug][gc,phases      ] GC(134)     Dead                           Min: 0, Avg:  0.0, Max: 0, Diff: 0, Sum: 0, Workers: 4
[6213.237s][debug][gc,phases      ] GC(134)     Total                          Min: 0, Avg:  0.0, Max: 0, Diff: 0, Sum: 0, Workers: 4
[6213.237s][debug][gc,phases      ] GC(134)   StringDedup Requests1 Weak     Min:  0.0, Avg:  0.0, Max:  0.0, Diff:  0.0, Sum:  0.0, Workers: 4
[6213.237s][debug][gc,phases      ] GC(134)     Dead                           Min: 0, Avg:  0.0, Max: 0, Diff: 0, Sum: 0, Workers: 4
[6213.237s][debug][gc,phases      ] GC(134)     Total                          Min: 0, Avg:  0.0, Max: 0, Diff: 0, Sum: 0, Workers: 4
[6213.237s][debug][gc,phases      ] GC(134)   Weak JFR Old Object Samples    Min:  0.0, Avg:  0.0, Max:  0.0, Diff:  0.0, Sum:  0.0, Workers: 4
[6213.237s][debug][gc,phases      ] GC(134)     Dead                           Min: 0, Avg:  0.0, Max: 0, Diff: 0, Sum: 0, Workers: 4
[6213.237s][debug][gc,phases      ] GC(134)     Total                          Min: 0, Avg:  0.0, Max: 0, Diff: 0, Sum: 0, Workers: 4
[6213.237s][debug][gc,phases      ] GC(134) Weak Processing 0.280ms
[6213.237s][debug][gc,age         ] GC(134) Desired survivor size 58720256 bytes, new threshold 15 (max threshold 15)
[6213.237s][info ][gc,heap        ] GC(134) PSYoungGen: 1977392K(2037248K)->2976K(2034176K) Eden: 1974272K(1974272K)->0K(1974272K) From: 3120K(62976K)->2976K(59904K)
[6213.237s][info ][gc,heap        ] GC(134) ParOldGen: 420208K(453632K)->420232K(453632K)
[6213.237s][info ][gc,metaspace   ] GC(134) Metaspace: 80065K(80896K)->80065K(80896K) NonClass: 68857K(69312K)->68857K(69312K) Class: 11208K(11584K)->11208K(11584K)
[6213.237s][info ][gc             ] GC(134) Pause Young (Allocation Failure) 2341M->413M(2429M) 3.606ms
[6213.237s][info ][gc,cpu         ] GC(134) User=0.01s Sys=0.00s Real=0.00s
[6213.237s][info ][safepoint      ] Safepoint "ParallelGCFailedAllocation", Time since last: 1243308116 ns, Reaching safepoint: 103100 ns, At safepoint: 3674914 ns, Total: 3778014 ns
[6218.238s][info ][safepoint      ] Safepoint "Cleanup", Time since last: 5000314457 ns, Reaching safepoint: 103201 ns, At safepoint: 7500 ns, Total: 110701 ns
[6246.239s][info ][safepoint      ] Safepoint "Cleanup", Time since last: 28001705309 ns, Reaching safepoint: 41400 ns, At safepoint: 37001 ns, Total: 78401 ns
[6266.241s][info ][safepoint      ] Safepoint "Cleanup", Time since last: 20001236460 ns, Reaching safepoint: 28800 ns, At safepoint: 3200 ns, Total: 32000 ns
[6269.241s][info ][safepoint      ] Safepoint "Cleanup", Time since last: 3000227687 ns, Reaching safepoint: 24601 ns, At safepoint: 2500 ns, Total: 27101 ns
[6270.184s][info ][gc,start       ] GC(135) Pause Young (Allocation Failure)
[6270.188s][debug][gc,phases      ] GC(135) Scavenge 3.886ms
[6270.188s][debug][gc,ref         ] GC(135) Skipped phase 1 of Reference Processing: no references
[6270.188s][debug][gc,ref         ] GC(135) ReferenceProcessor::execute queues: 1, RefProcThreadModel::Single, marks_oops_alive: false
[6270.188s][debug][gc,ref         ] GC(135) Skipped phase 3 of Reference Processing: no references
[6270.188s][debug][gc,ref         ] GC(135) ReferenceProcessor::execute queues: 1, RefProcThreadModel::Single, marks_oops_alive: false
[6270.188s][debug][gc,phases      ] GC(135) Reference Processing 0.096ms
[6270.188s][debug][gc,phases      ] GC(135)   VM Weak                        Min:  0.0, Avg:  0.0, Max:  0.0, Diff:  0.0, Sum:  0.0, Workers: 4
[6270.188s][debug][gc,phases      ] GC(135)     Dead                           Min: 0, Avg:  0.0, Max: 0, Diff: 0, Sum: 0, Workers: 4
[6270.188s][debug][gc,phases      ] GC(135)     Total                          Min: 0, Avg: 162.2, Max: 533, Diff: 533, Sum: 649, Workers: 4
[6270.188s][debug][gc,phases      ] GC(135)   ObjectSynchronizer Weak        Min:  0.0, Avg:  0.0, Max:  0.0, Diff:  0.0, Sum:  0.0, Workers: 4
[6270.188s][debug][gc,phases      ] GC(135)     Dead                           Min: 0, Avg:  0.0, Max: 0, Diff: 0, Sum: 0, Workers: 4
[6270.188s][debug][gc,phases      ] GC(135)     Total                          Min: 0, Avg: 159.8, Max: 256, Diff: 256, Sum: 639, Workers: 4
[6270.188s][debug][gc,phases      ] GC(135)   JVMTI Tag Weak OopStorage      Min:  0.0, Avg:  0.0, Max:  0.0, Diff:  0.0, Sum:  0.0, Workers: 4
[6270.188s][debug][gc,phases      ] GC(135)     Dead                           Min: 0, Avg:  0.0, Max: 0, Diff: 0, Sum: 0, Workers: 4
[6270.188s][debug][gc,phases      ] GC(135)     Total                          Min: 0, Avg:  0.0, Max: 0, Diff: 0, Sum: 0, Workers: 4
[6270.188s][debug][gc,phases      ] GC(135)   StringTable Weak               Min:  0.0, Avg:  0.1, Max:  0.1, Diff:  0.1, Sum:  0.3, Workers: 4
[6270.188s][debug][gc,phases      ] GC(135)     Dead                           Min: 0, Avg:  0.0, Max: 0, Diff: 0, Sum: 0, Workers: 4
[6270.188s][debug][gc,phases      ] GC(135)     Total                          Min: 0, Avg: 10738.0, Max: 18496, Diff: 18496, Sum: 42952, Workers: 4
[6270.188s][debug][gc,phases      ] GC(135)   ResolvedMethodTable Weak       Min:  0.0, Avg:  0.0, Max:  0.0, Diff:  0.0, Sum:  0.1, Workers: 4
[6270.188s][debug][gc,phases      ] GC(135)     Dead                           Min: 0, Avg:  0.0, Max: 0, Diff: 0, Sum: 0, Workers: 4
[6270.188s][debug][gc,phases      ] GC(135)     Total                          Min: 0, Avg: 2187.8, Max: 3904, Diff: 3904, Sum: 8751, Workers: 4
[6270.188s][debug][gc,phases      ] GC(135)   JNI Weak                       Min:  0.0, Avg:  0.0, Max:  0.0, Diff:  0.0, Sum:  0.0, Workers: 4
[6270.188s][debug][gc,phases      ] GC(135)     Dead                           Min: 0, Avg:  0.0, Max: 0, Diff: 0, Sum: 0, Workers: 4
[6270.188s][debug][gc,phases      ] GC(135)     Total                          Min: 0, Avg: 11.2, Max: 45, Diff: 45, Sum: 45, Workers: 4
[6270.188s][debug][gc,phases      ] GC(135)   StringDedup Table Weak         Min:  0.0, Avg:  0.0, Max:  0.0, Diff:  0.0, Sum:  0.0, Workers: 4
[6270.188s][debug][gc,phases      ] GC(135)     Dead                           Min: 0, Avg:  0.0, Max: 0, Diff: 0, Sum: 0, Workers: 4
[6270.188s][debug][gc,phases      ] GC(135)     Total                          Min: 0, Avg:  0.0, Max: 0, Diff: 0, Sum: 0, Workers: 4
[6270.188s][debug][gc,phases      ] GC(135)   StringDedup Requests0 Weak     Min:  0.0, Avg:  0.0, Max:  0.0, Diff:  0.0, Sum:  0.0, Workers: 4
[6270.188s][debug][gc,phases      ] GC(135)     Dead                           Min: 0, Avg:  0.0, Max: 0, Diff: 0, Sum: 0, Workers: 4
[6270.188s][debug][gc,phases      ] GC(135)     Total                          Min: 0, Avg:  0.0, Max: 0, Diff: 0, Sum: 0, Workers: 4
[6270.188s][debug][gc,phases      ] GC(135)   StringDedup Requests1 Weak     Min:  0.0, Avg:  0.0, Max:  0.0, Diff:  0.0, Sum:  0.0, Workers: 4
[6270.188s][debug][gc,phases      ] GC(135)     Dead                           Min: 0, Avg:  0.0, Max: 0, Diff: 0, Sum: 0, Workers: 4
[6270.188s][debug][gc,phases      ] GC(135)     Total                          Min: 0, Avg:  0.0, Max: 0, Diff: 0, Sum: 0, Workers: 4
[6270.188s][debug][gc,phases      ] GC(135)   Weak JFR Old Object Samples    Min:  0.0, Avg:  0.0, Max:  0.0, Diff:  0.0, Sum:  0.0, Workers: 4
[6270.188s][debug][gc,phases      ] GC(135)     Dead                           Min: 0, Avg:  0.0, Max: 0, Diff: 0, Sum: 0, Workers: 4
[6270.188s][debug][gc,phases      ] GC(135)     Total                          Min: 0, Avg:  0.0, Max: 0, Diff: 0, Sum: 0, Workers: 4
[6270.188s][debug][gc,phases      ] GC(135) Weak Processing 0.293ms
[6270.188s][debug][gc,age         ] GC(135) Desired survivor size 55574528 bytes, new threshold 15 (max threshold 15)
[6270.188s][info ][gc,heap        ] GC(135) PSYoungGen: 1977248K(2034176K)->4336K(2042880K) Eden: 1974272K(1974272K)->0K(1985536K) From: 2976K(59904K)->4336K(57344K)
[6270.188s][info ][gc,heap        ] GC(135) ParOldGen: 420232K(453632K)->420256K(453632K)
[6270.188s][info ][gc,metaspace   ] GC(135) Metaspace: 80065K(80896K)->80065K(80896K) NonClass: 68857K(69312K)->68857K(69312K) Class: 11208K(11584K)->11208K(11584K)
[6270.188s][info ][gc             ] GC(135) Pause Young (Allocation Failure) 2341M->414M(2438M) 4.373ms
[6270.188s][info ][gc,cpu         ] GC(135) User=0.01s Sys=0.00s Real=0.01s
[6270.188s][info ][safepoint      ] Safepoint "ParallelGCFailedAllocation", Time since last: 942771208 ns, Reaching safepoint: 100200 ns, At safepoint: 4449217 ns, Total: 4549417 ns
[6271.188s][info ][safepoint      ] Safepoint "Cleanup", Time since last: 1000041527 ns, Reaching safepoint: 38800 ns, At safepoint: 3000 ns, Total: 41800 ns
[6288.189s][info ][safepoint      ] Safepoint "Cleanup", Time since last: 17000961138 ns, Reaching safepoint: 27000 ns, At safepoint: 2600 ns, Total: 29600 ns
[6292.190s][info ][safepoint      ] Safepoint "Cleanup", Time since last: 4000280648 ns, Reaching safepoint: 43000 ns, At safepoint: 3600 ns, Total: 46600 ns
[6299.190s][info ][safepoint      ] Safepoint "Cleanup", Time since last: 7000506456 ns, Reaching safepoint: 132701 ns, At safepoint: 16100 ns, Total: 148801 ns
[6300.190s][info ][safepoint      ] Safepoint "Cleanup", Time since last: 1000089605 ns, Reaching safepoint: 36400 ns, At safepoint: 2900 ns, Total: 39300 ns
[6302.191s][info ][safepoint      ] Safepoint "Cleanup", Time since last: 2000171708 ns, Reaching safepoint: 29100 ns, At safepoint: 3800 ns, Total: 32900 ns
[6303.191s][info ][safepoint      ] Safepoint "Cleanup", Time since last: 1000118404 ns, Reaching safepoint: 149600 ns, At safepoint: 7400 ns, Total: 157000 ns
[6304.191s][info ][safepoint      ] Safepoint "Cleanup", Time since last: 1000118203 ns, Reaching safepoint: 115900 ns, At safepoint: 9000 ns, Total: 124900 ns
[6305.191s][info ][safepoint      ] Safepoint "Cleanup", Time since last: 1000109502 ns, Reaching safepoint: 36100 ns, At safepoint: 3400 ns, Total: 39500 ns
[6306.192s][info ][safepoint      ] Safepoint "Cleanup", Time since last: 1000096601 ns, Reaching safepoint: 42300 ns, At safepoint: 9700 ns, Total: 52000 ns
[6309.192s][info ][safepoint      ] Safepoint "Cleanup", Time since last: 3000193698 ns, Reaching safepoint: 42200 ns, At safepoint: 5200 ns, Total: 47400 ns
[6312.192s][info ][safepoint      ] Safepoint "Cleanup", Time since last: 3000234892 ns, Reaching safepoint: 44000 ns, At safepoint: 7900 ns, Total: 51900 ns
[6313.192s][info ][safepoint      ] Safepoint "Cleanup", Time since last: 1000102996 ns, Reaching safepoint: 36500 ns, At safepoint: 2600 ns, Total: 39100 ns
[6314.192s][info ][safepoint      ] Safepoint "Cleanup", Time since last: 1000102495 ns, Reaching safepoint: 47000 ns, At safepoint: 2700 ns, Total: 49700 ns
[6315.967s][info ][gc,start       ] GC(136) Pause Young (Allocation Failure)
[6315.971s][debug][gc,phases      ] GC(136) Scavenge 3.960ms
[6315.971s][debug][gc,ref         ] GC(136) Skipped phase 1 of Reference Processing: no references
[6315.971s][debug][gc,ref         ] GC(136) ReferenceProcessor::execute queues: 1, RefProcThreadModel::Single, marks_oops_alive: false
[6315.971s][debug][gc,ref         ] GC(136) Skipped phase 3 of Reference Processing: no references
[6315.971s][debug][gc,ref         ] GC(136) ReferenceProcessor::execute queues: 1, RefProcThreadModel::Single, marks_oops_alive: false
[6315.971s][debug][gc,phases      ] GC(136) Reference Processing 0.088ms
[6315.971s][debug][gc,phases      ] GC(136)   VM Weak                        Min:  0.0, Avg:  0.0, Max:  0.0, Diff:  0.0, Sum:  0.0, Workers: 4
[6315.971s][debug][gc,phases      ] GC(136)     Dead                           Min: 0, Avg:  0.0, Max: 0, Diff: 0, Sum: 0, Workers: 4
[6315.971s][debug][gc,phases      ] GC(136)     Total                          Min: 0, Avg: 166.0, Max: 664, Diff: 664, Sum: 664, Workers: 4
[6315.971s][debug][gc,phases      ] GC(136)   ObjectSynchronizer Weak        Min:  0.0, Avg:  0.0, Max:  0.0, Diff:  0.0, Sum:  0.0, Workers: 4
[6315.971s][debug][gc,phases      ] GC(136)     Dead                           Min: 0, Avg:  0.0, Max: 0, Diff: 0, Sum: 0, Workers: 4
[6315.971s][debug][gc,phases      ] GC(136)     Total                          Min: 0, Avg: 159.8, Max: 447, Diff: 447, Sum: 639, Workers: 4
[6315.971s][debug][gc,phases      ] GC(136)   JVMTI Tag Weak OopStorage      Min:  0.0, Avg:  0.0, Max:  0.0, Diff:  0.0, Sum:  0.0, Workers: 4
[6315.971s][debug][gc,phases      ] GC(136)     Dead                           Min: 0, Avg:  0.0, Max: 0, Diff: 0, Sum: 0, Workers: 4
[6315.971s][debug][gc,phases      ] GC(136)     Total                          Min: 0, Avg:  0.0, Max: 0, Diff: 0, Sum: 0, Workers: 4
[6315.971s][debug][gc,phases      ] GC(136)   StringTable Weak               Min:  0.1, Avg:  0.1, Max:  0.1, Diff:  0.0, Sum:  0.4, Workers: 4
[6315.971s][debug][gc,phases      ] GC(136)     Dead                           Min: 0, Avg:  0.2, Max: 1, Diff: 1, Sum: 1, Workers: 4
[6315.971s][debug][gc,phases      ] GC(136)     Total                          Min: 9535, Avg: 10739.8, Max: 11264, Diff: 1729, Sum: 42959, Workers: 4
[6315.971s][debug][gc,phases      ] GC(136)   ResolvedMethodTable Weak       Min:  0.0, Avg:  0.0, Max:  0.0, Diff:  0.0, Sum:  0.1, Workers: 4
[6315.971s][debug][gc,phases      ] GC(136)     Dead                           Min: 0, Avg:  0.0, Max: 0, Diff: 0, Sum: 0, Workers: 4
[6315.971s][debug][gc,phases      ] GC(136)     Total                          Min: 2176, Avg: 2192.2, Max: 2240, Diff: 64, Sum: 8769, Workers: 4
[6315.971s][debug][gc,phases      ] GC(136)   JNI Weak                       Min:  0.0, Avg:  0.0, Max:  0.0, Diff:  0.0, Sum:  0.0, Workers: 4
[6315.971s][debug][gc,phases      ] GC(136)     Dead                           Min: 0, Avg:  0.0, Max: 0, Diff: 0, Sum: 0, Workers: 4
[6315.971s][debug][gc,phases      ] GC(136)     Total                          Min: 0, Avg: 11.2, Max: 45, Diff: 45, Sum: 45, Workers: 4
[6315.971s][debug][gc,phases      ] GC(136)   StringDedup Table Weak         Min:  0.0, Avg:  0.0, Max:  0.0, Diff:  0.0, Sum:  0.0, Workers: 4
[6315.971s][debug][gc,phases      ] GC(136)     Dead                           Min: 0, Avg:  0.0, Max: 0, Diff: 0, Sum: 0, Workers: 4
[6315.971s][debug][gc,phases      ] GC(136)     Total                          Min: 0, Avg:  0.0, Max: 0, Diff: 0, Sum: 0, Workers: 4
[6315.971s][debug][gc,phases      ] GC(136)   StringDedup Requests0 Weak     Min:  0.0, Avg:  0.0, Max:  0.0, Diff:  0.0, Sum:  0.0, Workers: 4
[6315.971s][debug][gc,phases      ] GC(136)     Dead                           Min: 0, Avg:  0.0, Max: 0, Diff: 0, Sum: 0, Workers: 4
[6315.971s][debug][gc,phases      ] GC(136)     Total                          Min: 0, Avg:  0.0, Max: 0, Diff: 0, Sum: 0, Workers: 4
[6315.971s][debug][gc,phases      ] GC(136)   StringDedup Requests1 Weak     Min:  0.0, Avg:  0.0, Max:  0.0, Diff:  0.0, Sum:  0.0, Workers: 4
[6315.971s][debug][gc,phases      ] GC(136)     Dead                           Min: 0, Avg:  0.0, Max: 0, Diff: 0, Sum: 0, Workers: 4
[6315.971s][debug][gc,phases      ] GC(136)     Total                          Min: 0, Avg:  0.0, Max: 0, Diff: 0, Sum: 0, Workers: 4
[6315.971s][debug][gc,phases      ] GC(136)   Weak JFR Old Object Samples    Min:  0.0, Avg:  0.0, Max:  0.0, Diff:  0.0, Sum:  0.0, Workers: 4
[6315.971s][debug][gc,phases      ] GC(136)     Dead                           Min: 0, Avg:  0.0, Max: 0, Diff: 0, Sum: 0, Workers: 4
[6315.971s][debug][gc,phases      ] GC(136)     Total                          Min: 0, Avg:  0.0, Max: 0, Diff: 0, Sum: 0, Workers: 4
[6315.971s][debug][gc,phases      ] GC(136) Weak Processing 0.278ms
[6315.971s][debug][gc,age         ] GC(136) Desired survivor size 52428800 bytes, new threshold 15 (max threshold 15)
[6315.972s][info ][gc,heap        ] GC(136) PSYoungGen: 1989872K(2042880K)->6201K(2039808K) Eden: 1985536K(1985536K)->0K(1985536K) From: 4336K(57344K)->6201K(54272K)
[6315.972s][info ][gc,heap        ] GC(136) ParOldGen: 420256K(453632K)->420288K(453632K)
[6315.972s][info ][gc,metaspace   ] GC(136) Metaspace: 80109K(81024K)->80109K(81024K) NonClass: 68893K(69376K)->68893K(69376K) Class: 11216K(11648K)->11216K(11648K)
[6315.972s][info ][gc             ] GC(136) Pause Young (Allocation Failure) 2353M->416M(2435M) 4.416ms
[6315.972s][info ][gc,cpu         ] GC(136) User=0.02s Sys=0.00s Real=0.00s
[6315.972s][info ][safepoint      ] Safepoint "ParallelGCFailedAllocation", Time since last: 1774687233 ns, Reaching safepoint: 32500 ns, At safepoint: 4499117 ns, Total: 4531617 ns
[6317.972s][info ][safepoint      ] Safepoint "Cleanup", Time since last: 2000109585 ns, Reaching safepoint: 61601 ns, At safepoint: 6300 ns, Total: 67901 ns
[6323.972s][info ][safepoint      ] Safepoint "Cleanup", Time since last: 6000381839 ns, Reaching safepoint: 29400 ns, At safepoint: 3400 ns, Total: 32800 ns
[6329.973s][info ][safepoint      ] Safepoint "Cleanup", Time since last: 6000396715 ns, Reaching safepoint: 27100 ns, At safepoint: 2600 ns, Total: 29700 ns
[6335.973s][info ][safepoint      ] Safepoint "Cleanup", Time since last: 6000444190 ns, Reaching safepoint: 63300 ns, At safepoint: 3100 ns, Total: 66400 ns
[6337.973s][info ][safepoint      ] Safepoint "Cleanup", Time since last: 2000167559 ns, Reaching safepoint: 46200 ns, At safepoint: 8000 ns, Total: 54200 ns
[6344.974s][info ][safepoint      ] Safepoint "Cleanup", Time since last: 7000490131 ns, Reaching safepoint: 31700 ns, At safepoint: 3300 ns, Total: 35000 ns
[6352.424s][info ][safepoint      ] Safepoint "ParallelGCFailedAllocation", Time since last: 7450312295 ns, Reaching safepoint: 82400 ns, At safepoint: 20600 ns, Total: 103000 ns
[6352.425s][info ][gc,start       ] GC(137) Pause Young (GCLocker Initiated GC)
[6352.434s][debug][gc,phases      ] GC(137) Scavenge 9.402ms
[6352.434s][debug][gc,ref         ] GC(137) Skipped phase 1 of Reference Processing: no references
[6352.434s][debug][gc,ref         ] GC(137) ReferenceProcessor::execute queues: 1, RefProcThreadModel::Single, marks_oops_alive: false
[6352.434s][debug][gc,ref         ] GC(137) Skipped phase 3 of Reference Processing: no references
[6352.434s][debug][gc,ref         ] GC(137) ReferenceProcessor::execute queues: 1, RefProcThreadModel::Single, marks_oops_alive: false
[6352.434s][debug][gc,phases      ] GC(137) Reference Processing 0.093ms
[6352.435s][debug][gc,phases      ] GC(137)   VM Weak                        Min:  0.0, Avg:  0.0, Max:  0.0, Diff:  0.0, Sum:  0.0, Workers: 4
[6352.435s][debug][gc,phases      ] GC(137)     Dead                           Min: 0, Avg:  0.0, Max: 0, Diff: 0, Sum: 0, Workers: 4
[6352.435s][debug][gc,phases      ] GC(137)     Total                          Min: 0, Avg: 166.0, Max: 346, Diff: 346, Sum: 664, Workers: 4
[6352.435s][debug][gc,phases      ] GC(137)   ObjectSynchronizer Weak        Min:  0.0, Avg:  0.0, Max:  0.0, Diff:  0.0, Sum:  0.0, Workers: 4
[6352.435s][debug][gc,phases      ] GC(137)     Dead                           Min: 0, Avg:  0.0, Max: 0, Diff: 0, Sum: 0, Workers: 4
[6352.435s][debug][gc,phases      ] GC(137)     Total                          Min: 63, Avg: 159.8, Max: 256, Diff: 193, Sum: 639, Workers: 4
[6352.435s][debug][gc,phases      ] GC(137)   JVMTI Tag Weak OopStorage      Min:  0.0, Avg:  0.0, Max:  0.0, Diff:  0.0, Sum:  0.0, Workers: 4
[6352.435s][debug][gc,phases      ] GC(137)     Dead                           Min: 0, Avg:  0.0, Max: 0, Diff: 0, Sum: 0, Workers: 4
[6352.435s][debug][gc,phases      ] GC(137)     Total                          Min: 0, Avg:  0.0, Max: 0, Diff: 0, Sum: 0, Workers: 4
[6352.435s][debug][gc,phases      ] GC(137)   StringTable Weak               Min:  0.1, Avg:  0.1, Max:  0.1, Diff:  0.0, Sum:  0.4, Workers: 4
[6352.435s][debug][gc,phases      ] GC(137)     Dead                           Min: 0, Avg:  0.0, Max: 0, Diff: 0, Sum: 0, Workers: 4
[6352.435s][debug][gc,phases      ] GC(137)     Total                          Min: 7296, Avg: 10740.8, Max: 12564, Diff: 5268, Sum: 42963, Workers: 4
[6352.435s][debug][gc,phases      ] GC(137)   ResolvedMethodTable Weak       Min:  0.0, Avg:  0.0, Max:  0.0, Diff:  0.0, Sum:  0.1, Workers: 4
[6352.435s][debug][gc,phases      ] GC(137)     Dead                           Min: 0, Avg:  0.0, Max: 0, Diff: 0, Sum: 0, Workers: 4
[6352.435s][debug][gc,phases      ] GC(137)     Total                          Min: 1024, Avg: 2192.2, Max: 2752, Diff: 1728, Sum: 8769, Workers: 4
[6352.435s][debug][gc,phases      ] GC(137)   JNI Weak                       Min:  0.0, Avg:  0.0, Max:  0.0, Diff:  0.0, Sum:  0.0, Workers: 4
[6352.435s][debug][gc,phases      ] GC(137)     Dead                           Min: 0, Avg:  0.0, Max: 0, Diff: 0, Sum: 0, Workers: 4
[6352.435s][debug][gc,phases      ] GC(137)     Total                          Min: 0, Avg: 11.2, Max: 45, Diff: 45, Sum: 45, Workers: 4
[6352.435s][debug][gc,phases      ] GC(137)   StringDedup Table Weak         Min:  0.0, Avg:  0.0, Max:  0.0, Diff:  0.0, Sum:  0.0, Workers: 4
[6352.435s][debug][gc,phases      ] GC(137)     Dead                           Min: 0, Avg:  0.0, Max: 0, Diff: 0, Sum: 0, Workers: 4
[6352.435s][debug][gc,phases      ] GC(137)     Total                          Min: 0, Avg:  0.0, Max: 0, Diff: 0, Sum: 0, Workers: 4
[6352.435s][debug][gc,phases      ] GC(137)   StringDedup Requests0 Weak     Min:  0.0, Avg:  0.0, Max:  0.0, Diff:  0.0, Sum:  0.0, Workers: 4
[6352.435s][debug][gc,phases      ] GC(137)     Dead                           Min: 0, Avg:  0.0, Max: 0, Diff: 0, Sum: 0, Workers: 4
[6352.435s][debug][gc,phases      ] GC(137)     Total                          Min: 0, Avg:  0.0, Max: 0, Diff: 0, Sum: 0, Workers: 4
[6352.435s][debug][gc,phases      ] GC(137)   StringDedup Requests1 Weak     Min:  0.0, Avg:  0.0, Max:  0.0, Diff:  0.0, Sum:  0.0, Workers: 4
[6352.435s][debug][gc,phases      ] GC(137)     Dead                           Min: 0, Avg:  0.0, Max: 0, Diff: 0, Sum: 0, Workers: 4
[6352.435s][debug][gc,phases      ] GC(137)     Total                          Min: 0, Avg:  0.0, Max: 0, Diff: 0, Sum: 0, Workers: 4
[6352.435s][debug][gc,phases      ] GC(137)   Weak JFR Old Object Samples    Min:  0.0, Avg:  0.0, Max:  0.0, Diff:  0.0, Sum:  0.0, Workers: 4
[6352.435s][debug][gc,phases      ] GC(137)     Dead                           Min: 0, Avg:  0.0, Max: 0, Diff: 0, Sum: 0, Workers: 4
[6352.435s][debug][gc,phases      ] GC(137)     Total                          Min: 0, Avg:  0.0, Max: 0, Diff: 0, Sum: 0, Workers: 4
[6352.435s][debug][gc,phases      ] GC(137) Weak Processing 0.285ms
[6352.435s][debug][gc,age         ] GC(137) Desired survivor size 51904512 bytes, new threshold 15 (max threshold 15)
[6352.435s][info ][gc,heap        ] GC(137) PSYoungGen: 1991694K(2039808K)->21187K(2046464K) Eden: 1985492K(1985536K)->0K(1995264K) From: 6201K(54272K)->21187K(51200K)
[6352.435s][info ][gc,heap        ] GC(137) ParOldGen: 421056K(453632K)->421080K(453632K)
[6352.435s][info ][gc,metaspace   ] GC(137) Metaspace: 80120K(81024K)->80120K(81024K) NonClass: 68902K(69376K)->68902K(69376K) Class: 11217K(11648K)->11217K(11648K)
[6352.435s][info ][gc             ] GC(137) Pause Young (GCLocker Initiated GC) 2356M->431M(2441M) 9.861ms
[6352.435s][info ][gc,cpu         ] GC(137) User=0.03s Sys=0.00s Real=0.02s
[6352.435s][info ][safepoint      ] Safepoint "ParallelGCSystemGC", Time since last: 418201 ns, Reaching safepoint: 90501 ns, At safepoint: 9937137 ns, Total: 10027638 ns
[6353.435s][info ][safepoint      ] Safepoint "Cleanup", Time since last: 1000038069 ns, Reaching safepoint: 117200 ns, At safepoint: 6700 ns, Total: 123900 ns
[6359.435s][info ][safepoint      ] Safepoint "Cleanup", Time since last: 6000435496 ns, Reaching safepoint: 119901 ns, At safepoint: 6300 ns, Total: 126201 ns
[6373.436s][info ][safepoint      ] Safepoint "Cleanup", Time since last: 14000966035 ns, Reaching safepoint: 79500 ns, At safepoint: 5600 ns, Total: 85100 ns
[6374.437s][info ][safepoint      ] Safepoint "Cleanup", Time since last: 1000117755 ns, Reaching safepoint: 110400 ns, At safepoint: 5700 ns, Total: 116100 ns
[6397.236s][info ][gc,start       ] GC(138) Pause Young (Allocation Failure)
[6397.244s][debug][gc,phases      ] GC(138) Scavenge 7.872ms
[6397.244s][debug][gc,ref         ] GC(138) Skipped phase 1 of Reference Processing: no references
[6397.244s][debug][gc,ref         ] GC(138) ReferenceProcessor::execute queues: 1, RefProcThreadModel::Single, marks_oops_alive: false
[6397.244s][debug][gc,ref         ] GC(138) Skipped phase 3 of Reference Processing: no references
[6397.244s][debug][gc,ref         ] GC(138) ReferenceProcessor::execute queues: 1, RefProcThreadModel::Single, marks_oops_alive: false
[6397.244s][debug][gc,phases      ] GC(138) Reference Processing 0.086ms
[6397.244s][debug][gc,phases      ] GC(138)   VM Weak                        Min:  0.0, Avg:  0.0, Max:  0.0, Diff:  0.0, Sum:  0.0, Workers: 4
[6397.244s][debug][gc,phases      ] GC(138)     Dead                           Min: 0, Avg:  0.0, Max: 0, Diff: 0, Sum: 0, Workers: 4
[6397.244s][debug][gc,phases      ] GC(138)     Total                          Min: 0, Avg: 166.0, Max: 484, Diff: 484, Sum: 664, Workers: 4
[6397.244s][debug][gc,phases      ] GC(138)   ObjectSynchronizer Weak        Min:  0.0, Avg:  0.0, Max:  0.0, Diff:  0.0, Sum:  0.0, Workers: 4
[6397.244s][debug][gc,phases      ] GC(138)     Dead                           Min: 0, Avg:  0.0, Max: 0, Diff: 0, Sum: 0, Workers: 4
[6397.244s][debug][gc,phases      ] GC(138)     Total                          Min: 0, Avg: 159.8, Max: 255, Diff: 255, Sum: 639, Workers: 4
[6397.244s][debug][gc,phases      ] GC(138)   JVMTI Tag Weak OopStorage      Min:  0.0, Avg:  0.0, Max:  0.0, Diff:  0.0, Sum:  0.0, Workers: 4
[6397.244s][debug][gc,phases      ] GC(138)     Dead                           Min: 0, Avg:  0.0, Max: 0, Diff: 0, Sum: 0, Workers: 4
[6397.244s][debug][gc,phases      ] GC(138)     Total                          Min: 0, Avg:  0.0, Max: 0, Diff: 0, Sum: 0, Workers: 4
[6397.244s][debug][gc,phases      ] GC(138)   StringTable Weak               Min:  0.0, Avg:  0.1, Max:  0.1, Diff:  0.1, Sum:  0.4, Workers: 4
[6397.244s][debug][gc,phases      ] GC(138)     Dead                           Min: 0, Avg:  0.0, Max: 0, Diff: 0, Sum: 0, Workers: 4
[6397.244s][debug][gc,phases      ] GC(138)     Total                          Min: 0, Avg: 10742.0, Max: 14591, Diff: 14591, Sum: 42968, Workers: 4
[6397.244s][debug][gc,phases      ] GC(138)   ResolvedMethodTable Weak       Min:  0.0, Avg:  0.0, Max:  0.0, Diff:  0.0, Sum:  0.1, Workers: 4
[6397.244s][debug][gc,phases      ] GC(138)     Dead                           Min: 0, Avg:  0.0, Max: 0, Diff: 0, Sum: 0, Workers: 4
[6397.244s][debug][gc,phases      ] GC(138)     Total                          Min: 0, Avg: 2192.2, Max: 2944, Diff: 2944, Sum: 8769, Workers: 4
[6397.244s][debug][gc,phases      ] GC(138)   JNI Weak                       Min:  0.0, Avg:  0.0, Max:  0.0, Diff:  0.0, Sum:  0.0, Workers: 4
[6397.244s][debug][gc,phases      ] GC(138)     Dead                           Min: 0, Avg:  0.0, Max: 0, Diff: 0, Sum: 0, Workers: 4
[6397.244s][debug][gc,phases      ] GC(138)     Total                          Min: 0, Avg: 11.2, Max: 45, Diff: 45, Sum: 45, Workers: 4
[6397.244s][debug][gc,phases      ] GC(138)   StringDedup Table Weak         Min:  0.0, Avg:  0.0, Max:  0.0, Diff:  0.0, Sum:  0.0, Workers: 4
[6397.244s][debug][gc,phases      ] GC(138)     Dead                           Min: 0, Avg:  0.0, Max: 0, Diff: 0, Sum: 0, Workers: 4
[6397.244s][debug][gc,phases      ] GC(138)     Total                          Min: 0, Avg:  0.0, Max: 0, Diff: 0, Sum: 0, Workers: 4
[6397.244s][debug][gc,phases      ] GC(138)   StringDedup Requests0 Weak     Min:  0.0, Avg:  0.0, Max:  0.0, Diff:  0.0, Sum:  0.0, Workers: 4
[6397.244s][debug][gc,phases      ] GC(138)     Dead                           Min: 0, Avg:  0.0, Max: 0, Diff: 0, Sum: 0, Workers: 4
[6397.244s][debug][gc,phases      ] GC(138)     Total                          Min: 0, Avg:  0.0, Max: 0, Diff: 0, Sum: 0, Workers: 4
[6397.244s][debug][gc,phases      ] GC(138)   StringDedup Requests1 Weak     Min:  0.0, Avg:  0.0, Max:  0.0, Diff:  0.0, Sum:  0.0, Workers: 4
[6397.244s][debug][gc,phases      ] GC(138)     Dead                           Min: 0, Avg:  0.0, Max: 0, Diff: 0, Sum: 0, Workers: 4
[6397.244s][debug][gc,phases      ] GC(138)     Total                          Min: 0, Avg:  0.0, Max: 0, Diff: 0, Sum: 0, Workers: 4
[6397.244s][debug][gc,phases      ] GC(138)   Weak JFR Old Object Samples    Min:  0.0, Avg:  0.0, Max:  0.0, Diff:  0.0, Sum:  0.0, Workers: 4
[6397.244s][debug][gc,phases      ] GC(138)     Dead                           Min: 0, Avg:  0.0, Max: 0, Diff: 0, Sum: 0, Workers: 4
[6397.244s][debug][gc,phases      ] GC(138)     Total                          Min: 0, Avg:  0.0, Max: 0, Diff: 0, Sum: 0, Workers: 4
[6397.244s][debug][gc,phases      ] GC(138) Weak Processing 0.307ms
[6397.244s][debug][gc,age         ] GC(138) Desired survivor size 51904512 bytes, new threshold 15 (max threshold 15)
[6397.244s][info ][gc,heap        ] GC(138) PSYoungGen: 2016451K(2046464K)->22112K(2045952K) Eden: 1995264K(1995264K)->0K(1995264K) From: 21187K(51200K)->22112K(50688K)
[6397.244s][info ][gc,heap        ] GC(138) ParOldGen: 421082K(453632K)->421140K(453632K)
[6397.244s][info ][gc,metaspace   ] GC(138) Metaspace: 80134K(81024K)->80134K(81024K) NonClass: 68916K(69376K)->68916K(69376K) Class: 11217K(11648K)->11217K(11648K)
[6397.244s][info ][gc             ] GC(138) Pause Young (Allocation Failure) 2380M->432M(2441M) 8.356ms
[6397.244s][info ][gc,cpu         ] GC(138) User=0.03s Sys=0.00s Real=0.00s
[6397.244s][info ][safepoint      ] Safepoint "ParallelGCFailedAllocation", Time since last: 22799189535 ns, Reaching safepoint: 27300 ns, At safepoint: 8424131 ns, Total: 8451431 ns
[6405.245s][info ][safepoint      ] Safepoint "Cleanup", Time since last: 8000519005 ns, Reaching safepoint: 38501 ns, At safepoint: 5100 ns, Total: 43601 ns
[6406.245s][info ][safepoint      ] Safepoint "Cleanup", Time since last: 1000113235 ns, Reaching safepoint: 40100 ns, At safepoint: 3200 ns, Total: 43300 ns
[6410.245s][info ][safepoint      ] Safepoint "Cleanup", Time since last: 4000319037 ns, Reaching safepoint: 35500 ns, At safepoint: 3200 ns, Total: 38700 ns
[6414.246s][info ][safepoint      ] Safepoint "Cleanup", Time since last: 4000303727 ns, Reaching safepoint: 49200 ns, At safepoint: 3400 ns, Total: 52600 ns
[6417.246s][info ][safepoint      ] Safepoint "Cleanup", Time since last: 3000245189 ns, Reaching safepoint: 43000 ns, At safepoint: 4400 ns, Total: 47400 ns
[6424.247s][info ][safepoint      ] Safepoint "Cleanup", Time since last: 7000490187 ns, Reaching safepoint: 38601 ns, At safepoint: 8300 ns, Total: 46901 ns
[6444.888s][info ][gc,start       ] GC(139) Pause Young (Allocation Failure)
[6444.897s][debug][gc,phases      ] GC(139) Scavenge 8.817ms
[6444.897s][debug][gc,ref         ] GC(139) Skipped phase 1 of Reference Processing: no references
[6444.897s][debug][gc,ref         ] GC(139) ReferenceProcessor::execute queues: 1, RefProcThreadModel::Single, marks_oops_alive: false
[6444.897s][debug][gc,ref         ] GC(139) Skipped phase 3 of Reference Processing: no references
[6444.897s][debug][gc,ref         ] GC(139) ReferenceProcessor::execute queues: 1, RefProcThreadModel::Single, marks_oops_alive: false
[6444.897s][debug][gc,phases      ] GC(139) Reference Processing 0.115ms
[6444.897s][debug][gc,phases      ] GC(139)   VM Weak                        Min:  0.0, Avg:  0.0, Max:  0.0, Diff:  0.0, Sum:  0.0, Workers: 4
[6444.897s][debug][gc,phases      ] GC(139)     Dead                           Min: 0, Avg:  0.0, Max: 0, Diff: 0, Sum: 0, Workers: 4
[6444.897s][debug][gc,phases      ] GC(139)     Total                          Min: 0, Avg: 166.0, Max: 664, Diff: 664, Sum: 664, Workers: 4
[6444.897s][debug][gc,phases      ] GC(139)   ObjectSynchronizer Weak        Min:  0.0, Avg:  0.0, Max:  0.0, Diff:  0.0, Sum:  0.0, Workers: 4
[6444.897s][debug][gc,phases      ] GC(139)     Dead                           Min: 0, Avg:  0.0, Max: 0, Diff: 0, Sum: 0, Workers: 4
[6444.897s][debug][gc,phases      ] GC(139)     Total                          Min: 0, Avg: 159.8, Max: 319, Diff: 319, Sum: 639, Workers: 4
[6444.897s][debug][gc,phases      ] GC(139)   JVMTI Tag Weak OopStorage      Min:  0.0, Avg:  0.0, Max:  0.0, Diff:  0.0, Sum:  0.0, Workers: 4
[6444.897s][debug][gc,phases      ] GC(139)     Dead                           Min: 0, Avg:  0.0, Max: 0, Diff: 0, Sum: 0, Workers: 4
[6444.897s][debug][gc,phases      ] GC(139)     Total                          Min: 0, Avg:  0.0, Max: 0, Diff: 0, Sum: 0, Workers: 4
[6444.897s][debug][gc,phases      ] GC(139)   StringTable Weak               Min:  0.0, Avg:  0.1, Max:  0.1, Diff:  0.1, Sum:  0.4, Workers: 4
[6444.897s][debug][gc,phases      ] GC(139)     Dead                           Min: 0, Avg:  0.0, Max: 0, Diff: 0, Sum: 0, Workers: 4
[6444.897s][debug][gc,phases      ] GC(139)     Total                          Min: 0, Avg: 10742.0, Max: 14489, Diff: 14489, Sum: 42968, Workers: 4
[6444.897s][debug][gc,phases      ] GC(139)   ResolvedMethodTable Weak       Min:  0.0, Avg:  0.0, Max:  0.0, Diff:  0.0, Sum:  0.1, Workers: 4
[6444.897s][debug][gc,phases      ] GC(139)     Dead                           Min: 0, Avg:  0.0, Max: 0, Diff: 0, Sum: 0, Workers: 4
[6444.897s][debug][gc,phases      ] GC(139)     Total                          Min: 0, Avg: 2192.2, Max: 3009, Diff: 3009, Sum: 8769, Workers: 4
[6444.897s][debug][gc,phases      ] GC(139)   JNI Weak                       Min:  0.0, Avg:  0.0, Max:  0.0, Diff:  0.0, Sum:  0.0, Workers: 4
[6444.897s][debug][gc,phases      ] GC(139)     Dead                           Min: 0, Avg:  0.0, Max: 0, Diff: 0, Sum: 0, Workers: 4
[6444.897s][debug][gc,phases      ] GC(139)     Total                          Min: 0, Avg: 11.2, Max: 45, Diff: 45, Sum: 45, Workers: 4
[6444.897s][debug][gc,phases      ] GC(139)   StringDedup Table Weak         Min:  0.0, Avg:  0.0, Max:  0.0, Diff:  0.0, Sum:  0.0, Workers: 4
[6444.897s][debug][gc,phases      ] GC(139)     Dead                           Min: 0, Avg:  0.0, Max: 0, Diff: 0, Sum: 0, Workers: 4
[6444.897s][debug][gc,phases      ] GC(139)     Total                          Min: 0, Avg:  0.0, Max: 0, Diff: 0, Sum: 0, Workers: 4
[6444.897s][debug][gc,phases      ] GC(139)   StringDedup Requests0 Weak     Min:  0.0, Avg:  0.0, Max:  0.0, Diff:  0.0, Sum:  0.0, Workers: 4
[6444.897s][debug][gc,phases      ] GC(139)     Dead                           Min: 0, Avg:  0.0, Max: 0, Diff: 0, Sum: 0, Workers: 4
[6444.897s][debug][gc,phases      ] GC(139)     Total                          Min: 0, Avg:  0.0, Max: 0, Diff: 0, Sum: 0, Workers: 4
[6444.897s][debug][gc,phases      ] GC(139)   StringDedup Requests1 Weak     Min:  0.0, Avg:  0.0, Max:  0.0, Diff:  0.0, Sum:  0.0, Workers: 4
[6444.897s][debug][gc,phases      ] GC(139)     Dead                           Min: 0, Avg:  0.0, Max: 0, Diff: 0, Sum: 0, Workers: 4
[6444.897s][debug][gc,phases      ] GC(139)     Total                          Min: 0, Avg:  0.0, Max: 0, Diff: 0, Sum: 0, Workers: 4
[6444.897s][debug][gc,phases      ] GC(139)   Weak JFR Old Object Samples    Min:  0.0, Avg:  0.0, Max:  0.0, Diff:  0.0, Sum:  0.0, Workers: 4
[6444.897s][debug][gc,phases      ] GC(139)     Dead                           Min: 0, Avg:  0.0, Max: 0, Diff: 0, Sum: 0, Workers: 4
[6444.897s][debug][gc,phases      ] GC(139)     Total                          Min: 0, Avg:  0.0, Max: 0, Diff: 0, Sum: 0, Workers: 4
[6444.897s][debug][gc,phases      ] GC(139) Weak Processing 0.445ms
[6444.897s][debug][gc,age         ] GC(139) Desired survivor size 51380224 bytes, new threshold 15 (max threshold 15)
[6444.897s][info ][gc,heap        ] GC(139) PSYoungGen: 2017376K(2045952K)->22464K(2046976K) Eden: 1995264K(1995264K)->0K(1996288K) From: 22112K(50688K)->22464K(50688K)
[6444.897s][info ][gc,heap        ] GC(139) ParOldGen: 421140K(453632K)->421164K(453632K)
[6444.897s][info ][gc,metaspace   ] GC(139) Metaspace: 80141K(81024K)->80141K(81024K) NonClass: 68923K(69376K)->68923K(69376K) Class: 11217K(11648K)->11217K(11648K)
[6444.897s][info ][gc             ] GC(139) Pause Young (Allocation Failure) 2381M->433M(2442M) 9.498ms
[6444.897s][info ][gc,cpu         ] GC(139) User=0.02s Sys=0.00s Real=0.01s
[6444.897s][info ][safepoint      ] Safepoint "ParallelGCFailedAllocation", Time since last: 20641237458 ns, Reaching safepoint: 23500 ns, At safepoint: 9581336 ns, Total: 9604836 ns
[6467.344s][info ][safepoint      ] Safepoint "Cleanup", Time since last: 22446076306 ns, Reaching safepoint: 75600 ns, At safepoint: 6300 ns, Total: 81900 ns
[6468.344s][info ][safepoint      ] Safepoint "Cleanup", Time since last: 1000100601 ns, Reaching safepoint: 41600 ns, At safepoint: 5400 ns, Total: 47000 ns
[6469.344s][info ][safepoint      ] Safepoint "Cleanup", Time since last: 1000104401 ns, Reaching safepoint: 28100 ns, At safepoint: 16100 ns, Total: 44200 ns
[6476.344s][info ][safepoint      ] Safepoint "Cleanup", Time since last: 7000480889 ns, Reaching safepoint: 37700 ns, At safepoint: 6000 ns, Total: 43700 ns
[6480.345s][info ][safepoint      ] Safepoint "Cleanup", Time since last: 4000296182 ns, Reaching safepoint: 40800 ns, At safepoint: 3200 ns, Total: 44000 ns
[6489.345s][info ][safepoint      ] Safepoint "Cleanup", Time since last: 9000615630 ns, Reaching safepoint: 42900 ns, At safepoint: 3200 ns, Total: 46100 ns
[6498.078s][info ][safepoint      ] Safepoint "ParallelGCFailedAllocation", Time since last: 8732916503 ns, Reaching safepoint: 44000 ns, At safepoint: 10000 ns, Total: 54000 ns
[6498.079s][info ][gc,start       ] GC(140) Pause Young (GCLocker Initiated GC)
[6498.086s][debug][gc,phases      ] GC(140) Scavenge 7.599ms
[6498.087s][debug][gc,ref         ] GC(140) Skipped phase 1 of Reference Processing: no references
[6498.087s][debug][gc,ref         ] GC(140) ReferenceProcessor::execute queues: 1, RefProcThreadModel::Single, marks_oops_alive: false
[6498.087s][debug][gc,ref         ] GC(140) Skipped phase 3 of Reference Processing: no references
[6498.087s][debug][gc,ref         ] GC(140) ReferenceProcessor::execute queues: 1, RefProcThreadModel::Single, marks_oops_alive: false
[6498.087s][debug][gc,phases      ] GC(140) Reference Processing 0.096ms
[6498.087s][debug][gc,phases      ] GC(140)   VM Weak                        Min:  0.0, Avg:  0.0, Max:  0.0, Diff:  0.0, Sum:  0.0, Workers: 4
[6498.087s][debug][gc,phases      ] GC(140)     Dead                           Min: 0, Avg:  0.0, Max: 0, Diff: 0, Sum: 0, Workers: 4
[6498.087s][debug][gc,phases      ] GC(140)     Total                          Min: 0, Avg: 166.0, Max: 664, Diff: 664, Sum: 664, Workers: 4
[6498.087s][debug][gc,phases      ] GC(140)   ObjectSynchronizer Weak        Min:  0.0, Avg:  0.0, Max:  0.0, Diff:  0.0, Sum:  0.0, Workers: 4
[6498.087s][debug][gc,phases      ] GC(140)     Dead                           Min: 0, Avg:  0.0, Max: 0, Diff: 0, Sum: 0, Workers: 4
[6498.087s][debug][gc,phases      ] GC(140)     Total                          Min: 0, Avg: 159.8, Max: 320, Diff: 320, Sum: 639, Workers: 4
[6498.087s][debug][gc,phases      ] GC(140)   JVMTI Tag Weak OopStorage      Min:  0.0, Avg:  0.0, Max:  0.0, Diff:  0.0, Sum:  0.0, Workers: 4
[6498.087s][debug][gc,phases      ] GC(140)     Dead                           Min: 0, Avg:  0.0, Max: 0, Diff: 0, Sum: 0, Workers: 4
[6498.087s][debug][gc,phases      ] GC(140)     Total                          Min: 0, Avg:  0.0, Max: 0, Diff: 0, Sum: 0, Workers: 4
[6498.087s][debug][gc,phases      ] GC(140)   StringTable Weak               Min:  0.1, Avg:  0.1, Max:  0.1, Diff:  0.0, Sum:  0.4, Workers: 4
[6498.087s][debug][gc,phases      ] GC(140)     Dead                           Min: 0, Avg:  0.0, Max: 0, Diff: 0, Sum: 0, Workers: 4
[6498.087s][debug][gc,phases      ] GC(140)     Total                          Min: 10496, Avg: 10742.0, Max: 10905, Diff: 409, Sum: 42968, Workers: 4
[6498.087s][debug][gc,phases      ] GC(140)   ResolvedMethodTable Weak       Min:  0.0, Avg:  0.0, Max:  0.0, Diff:  0.0, Sum:  0.1, Workers: 4
[6498.087s][debug][gc,phases      ] GC(140)     Dead                           Min: 0, Avg:  0.0, Max: 0, Diff: 0, Sum: 0, Workers: 4
[6498.087s][debug][gc,phases      ] GC(140)     Total                          Min: 2048, Avg: 2192.2, Max: 2304, Diff: 256, Sum: 8769, Workers: 4
[6498.087s][debug][gc,phases      ] GC(140)   JNI Weak                       Min:  0.0, Avg:  0.0, Max:  0.0, Diff:  0.0, Sum:  0.0, Workers: 4
[6498.087s][debug][gc,phases      ] GC(140)     Dead                           Min: 0, Avg:  0.0, Max: 0, Diff: 0, Sum: 0, Workers: 4
[6498.087s][debug][gc,phases      ] GC(140)     Total                          Min: 0, Avg: 11.2, Max: 45, Diff: 45, Sum: 45, Workers: 4
[6498.087s][debug][gc,phases      ] GC(140)   StringDedup Table Weak         Min:  0.0, Avg:  0.0, Max:  0.0, Diff:  0.0, Sum:  0.0, Workers: 4
[6498.087s][debug][gc,phases      ] GC(140)     Dead                           Min: 0, Avg:  0.0, Max: 0, Diff: 0, Sum: 0, Workers: 4
[6498.087s][debug][gc,phases      ] GC(140)     Total                          Min: 0, Avg:  0.0, Max: 0, Diff: 0, Sum: 0, Workers: 4
[6498.087s][debug][gc,phases      ] GC(140)   StringDedup Requests0 Weak     Min:  0.0, Avg:  0.0, Max:  0.0, Diff:  0.0, Sum:  0.0, Workers: 4
[6498.087s][debug][gc,phases      ] GC(140)     Dead                           Min: 0, Avg:  0.0, Max: 0, Diff: 0, Sum: 0, Workers: 4
[6498.087s][debug][gc,phases      ] GC(140)     Total                          Min: 0, Avg:  0.0, Max: 0, Diff: 0, Sum: 0, Workers: 4
[6498.087s][debug][gc,phases      ] GC(140)   StringDedup Requests1 Weak     Min:  0.0, Avg:  0.0, Max:  0.0, Diff:  0.0, Sum:  0.0, Workers: 4
[6498.087s][debug][gc,phases      ] GC(140)     Dead                           Min: 0, Avg:  0.0, Max: 0, Diff: 0, Sum: 0, Workers: 4
[6498.087s][debug][gc,phases      ] GC(140)     Total                          Min: 0, Avg:  0.0, Max: 0, Diff: 0, Sum: 0, Workers: 4
[6498.087s][debug][gc,phases      ] GC(140)   Weak JFR Old Object Samples    Min:  0.0, Avg:  0.0, Max:  0.0, Diff:  0.0, Sum:  0.0, Workers: 4
[6498.087s][debug][gc,phases      ] GC(140)     Dead                           Min: 0, Avg:  0.0, Max: 0, Diff: 0, Sum: 0, Workers: 4
[6498.087s][debug][gc,phases      ] GC(140)     Total                          Min: 0, Avg:  0.0, Max: 0, Diff: 0, Sum: 0, Workers: 4
[6498.087s][debug][gc,phases      ] GC(140) Weak Processing 0.268ms
[6498.087s][debug][gc,age         ] GC(140) Desired survivor size 50855936 bytes, new threshold 15 (max threshold 15)
[6498.087s][info ][gc,heap        ] GC(140) PSYoungGen: 2018752K(2046976K)->22302K(2046464K) Eden: 1996288K(1996288K)->0K(1996288K) From: 22464K(50688K)->22302K(50176K)
[6498.087s][info ][gc,heap        ] GC(140) ParOldGen: 421932K(453632K)->421956K(453632K)
[6498.087s][info ][gc,metaspace   ] GC(140) Metaspace: 80156K(81088K)->80156K(81088K) NonClass: 68938K(69440K)->68938K(69440K) Class: 11217K(11648K)->11217K(11648K)
[6498.087s][info ][gc             ] GC(140) Pause Young (GCLocker Initiated GC) 2383M->433M(2441M) 8.040ms
[6498.087s][info ][gc,cpu         ] GC(140) User=0.03s Sys=0.00s Real=0.01s
[6498.087s][info ][safepoint      ] Safepoint "ParallelGCSystemGC", Time since last: 349302 ns, Reaching safepoint: 89800 ns, At safepoint: 8111330 ns, Total: 8201130 ns
[6499.087s][info ][safepoint      ] Safepoint "Cleanup", Time since last: 1000081185 ns, Reaching safepoint: 38600 ns, At safepoint: 4100 ns, Total: 42700 ns
[6511.088s][info ][safepoint      ] Safepoint "Cleanup", Time since last: 12000734786 ns, Reaching safepoint: 42400 ns, At safepoint: 2700 ns, Total: 45100 ns
[6517.088s][info ][safepoint      ] Safepoint "Cleanup", Time since last: 6000400267 ns, Reaching safepoint: 28000 ns, At safepoint: 2900 ns, Total: 30900 ns
[6522.089s][info ][safepoint      ] Safepoint "Cleanup", Time since last: 5000285876 ns, Reaching safepoint: 29400 ns, At safepoint: 3200 ns, Total: 32600 ns
[6525.089s][info ][safepoint      ] Safepoint "Cleanup", Time since last: 3000200520 ns, Reaching safepoint: 30401 ns, At safepoint: 3000 ns, Total: 33401 ns
[6529.064s][info ][gc,start       ] GC(141) Pause Young (Allocation Failure)
[6529.085s][debug][gc,phases      ] GC(141) Scavenge 21.389ms
[6529.085s][debug][gc,ref         ] GC(141) Skipped phase 1 of Reference Processing: no references
[6529.085s][debug][gc,ref         ] GC(141) ReferenceProcessor::execute queues: 1, RefProcThreadModel::Single, marks_oops_alive: false
[6529.085s][debug][gc,ref         ] GC(141) Skipped phase 3 of Reference Processing: no references
[6529.085s][debug][gc,ref         ] GC(141) ReferenceProcessor::execute queues: 1, RefProcThreadModel::Single, marks_oops_alive: false
[6529.085s][debug][gc,phases      ] GC(141) Reference Processing 0.108ms
[6529.085s][debug][gc,phases      ] GC(141)   VM Weak                        Min:  0.0, Avg:  0.0, Max:  0.0, Diff:  0.0, Sum:  0.0, Workers: 4
[6529.085s][debug][gc,phases      ] GC(141)     Dead                           Min: 0, Avg:  0.0, Max: 0, Diff: 0, Sum: 0, Workers: 4
[6529.085s][debug][gc,phases      ] GC(141)     Total                          Min: 0, Avg: 167.0, Max: 466, Diff: 466, Sum: 668, Workers: 4
[6529.085s][debug][gc,phases      ] GC(141)   ObjectSynchronizer Weak        Min:  0.0, Avg:  0.0, Max:  0.0, Diff:  0.0, Sum:  0.0, Workers: 4
[6529.085s][debug][gc,phases      ] GC(141)     Dead                           Min: 0, Avg:  0.0, Max: 0, Diff: 0, Sum: 0, Workers: 4
[6529.085s][debug][gc,phases      ] GC(141)     Total                          Min: 0, Avg: 159.8, Max: 320, Diff: 320, Sum: 639, Workers: 4
[6529.085s][debug][gc,phases      ] GC(141)   JVMTI Tag Weak OopStorage      Min:  0.0, Avg:  0.0, Max:  0.0, Diff:  0.0, Sum:  0.0, Workers: 4
[6529.085s][debug][gc,phases      ] GC(141)     Dead                           Min: 0, Avg:  0.0, Max: 0, Diff: 0, Sum: 0, Workers: 4
[6529.085s][debug][gc,phases      ] GC(141)     Total                          Min: 0, Avg:  0.0, Max: 0, Diff: 0, Sum: 0, Workers: 4
[6529.085s][debug][gc,phases      ] GC(141)   StringTable Weak               Min:  0.1, Avg:  0.1, Max:  0.1, Diff:  0.1, Sum:  0.4, Workers: 4
[6529.085s][debug][gc,phases      ] GC(141)     Dead                           Min: 0, Avg:  0.2, Max: 1, Diff: 1, Sum: 1, Workers: 4
[6529.085s][debug][gc,phases      ] GC(141)     Total                          Min: 4480, Avg: 10743.2, Max: 19967, Diff: 15487, Sum: 42973, Workers: 4
[6529.085s][debug][gc,phases      ] GC(141)   ResolvedMethodTable Weak       Min:  0.0, Avg:  0.0, Max:  0.0, Diff:  0.0, Sum:  0.1, Workers: 4
[6529.085s][debug][gc,phases      ] GC(141)     Dead                           Min: 0, Avg:  0.0, Max: 0, Diff: 0, Sum: 0, Workers: 4
[6529.085s][debug][gc,phases      ] GC(141)     Total                          Min: 0, Avg: 2195.5, Max: 3840, Diff: 3840, Sum: 8782, Workers: 4
[6529.086s][debug][gc,phases      ] GC(141)   JNI Weak                       Min:  0.0, Avg:  0.0, Max:  0.0, Diff:  0.0, Sum:  0.0, Workers: 4
[6529.086s][debug][gc,phases      ] GC(141)     Dead                           Min: 0, Avg:  0.0, Max: 0, Diff: 0, Sum: 0, Workers: 4
[6529.086s][debug][gc,phases      ] GC(141)     Total                          Min: 0, Avg: 13.0, Max: 52, Diff: 52, Sum: 52, Workers: 4
[6529.086s][debug][gc,phases      ] GC(141)   StringDedup Table Weak         Min:  0.0, Avg:  0.0, Max:  0.0, Diff:  0.0, Sum:  0.0, Workers: 4
[6529.086s][debug][gc,phases      ] GC(141)     Dead                           Min: 0, Avg:  0.0, Max: 0, Diff: 0, Sum: 0, Workers: 4
[6529.086s][debug][gc,phases      ] GC(141)     Total                          Min: 0, Avg:  0.0, Max: 0, Diff: 0, Sum: 0, Workers: 4
[6529.086s][debug][gc,phases      ] GC(141)   StringDedup Requests0 Weak     Min:  0.0, Avg:  0.0, Max:  0.0, Diff:  0.0, Sum:  0.0, Workers: 4
[6529.086s][debug][gc,phases      ] GC(141)     Dead                           Min: 0, Avg:  0.0, Max: 0, Diff: 0, Sum: 0, Workers: 4
[6529.086s][debug][gc,phases      ] GC(141)     Total                          Min: 0, Avg:  0.0, Max: 0, Diff: 0, Sum: 0, Workers: 4
[6529.086s][debug][gc,phases      ] GC(141)   StringDedup Requests1 Weak     Min:  0.0, Avg:  0.0, Max:  0.0, Diff:  0.0, Sum:  0.0, Workers: 4
[6529.086s][debug][gc,phases      ] GC(141)     Dead                           Min: 0, Avg:  0.0, Max: 0, Diff: 0, Sum: 0, Workers: 4
[6529.086s][debug][gc,phases      ] GC(141)     Total                          Min: 0, Avg:  0.0, Max: 0, Diff: 0, Sum: 0, Workers: 4
[6529.086s][debug][gc,phases      ] GC(141)   Weak JFR Old Object Samples    Min:  0.0, Avg:  0.0, Max:  0.0, Diff:  0.0, Sum:  0.0, Workers: 4
[6529.086s][debug][gc,phases      ] GC(141)     Dead                           Min: 0, Avg:  0.0, Max: 0, Diff: 0, Sum: 0, Workers: 4
[6529.086s][debug][gc,phases      ] GC(141)     Total                          Min: 0, Avg:  0.0, Max: 0, Diff: 0, Sum: 0, Workers: 4
[6529.086s][debug][gc,phases      ] GC(141) Weak Processing 0.294ms
[6529.086s][debug][gc,age         ] GC(141) Desired survivor size 66060288 bytes, new threshold 14 (max threshold 15)
[6529.086s][info ][gc,heap        ] GC(141) PSYoungGen: 2018590K(2046464K)->49654K(2017792K) Eden: 1996288K(1996288K)->0K(1968128K) From: 22302K(50176K)->49654K(49664K)
[6529.086s][info ][gc,heap        ] GC(141) ParOldGen: 422034K(453632K)->436994K(453632K)
[6529.086s][info ][gc,metaspace   ] GC(141) Metaspace: 80187K(81088K)->80187K(81088K) NonClass: 68965K(69440K)->68965K(69440K) Class: 11221K(11648K)->11221K(11648K)
[6529.086s][info ][gc             ] GC(141) Pause Young (Allocation Failure) 2383M->475M(2413M) 21.903ms
[6529.086s][info ][gc,cpu         ] GC(141) User=0.08s Sys=0.01s Real=0.03s
[6529.086s][info ][safepoint      ] Safepoint "ParallelGCFailedAllocation", Time since last: 3974711793 ns, Reaching safepoint: 107200 ns, At safepoint: 21984981 ns, Total: 22092181 ns
[6530.304s][info ][safepoint      ] Safepoint "Cleanup", Time since last: 1218179571 ns, Reaching safepoint: 99700 ns, At safepoint: 3300 ns, Total: 103000 ns
[6539.305s][info ][safepoint      ] Safepoint "Cleanup", Time since last: 9000626613 ns, Reaching safepoint: 38400 ns, At safepoint: 2801 ns, Total: 41201 ns
[6547.305s][info ][safepoint      ] Safepoint "Cleanup", Time since last: 8000508614 ns, Reaching safepoint: 45000 ns, At safepoint: 4800 ns, Total: 49800 ns
[6566.834s][info ][gc,start       ] GC(142) Pause Young (Allocation Failure)
[6566.851s][debug][gc,phases      ] GC(142) Scavenge 16.770ms
[6566.851s][debug][gc,ref         ] GC(142) Skipped phase 1 of Reference Processing: no references
[6566.851s][debug][gc,ref         ] GC(142) ReferenceProcessor::execute queues: 1, RefProcThreadModel::Single, marks_oops_alive: false
[6566.851s][debug][gc,ref         ] GC(142) Skipped phase 3 of Reference Processing: no references
[6566.851s][debug][gc,ref         ] GC(142) ReferenceProcessor::execute queues: 1, RefProcThreadModel::Single, marks_oops_alive: false
[6566.851s][debug][gc,phases      ] GC(142) Reference Processing 0.097ms
[6566.851s][debug][gc,phases      ] GC(142)   VM Weak                        Min:  0.0, Avg:  0.0, Max:  0.0, Diff:  0.0, Sum:  0.0, Workers: 4
[6566.851s][debug][gc,phases      ] GC(142)     Dead                           Min: 0, Avg:  0.0, Max: 0, Diff: 0, Sum: 0, Workers: 4
[6566.851s][debug][gc,phases      ] GC(142)     Total                          Min: 0, Avg: 169.8, Max: 413, Diff: 413, Sum: 679, Workers: 4
[6566.851s][debug][gc,phases      ] GC(142)   ObjectSynchronizer Weak        Min:  0.0, Avg:  0.0, Max:  0.0, Diff:  0.0, Sum:  0.0, Workers: 4
[6566.851s][debug][gc,phases      ] GC(142)     Dead                           Min: 0, Avg:  0.5, Max: 2, Diff: 2, Sum: 2, Workers: 4
[6566.851s][debug][gc,phases      ] GC(142)     Total                          Min: 0, Avg: 161.8, Max: 256, Diff: 256, Sum: 647, Workers: 4
[6566.851s][debug][gc,phases      ] GC(142)   JVMTI Tag Weak OopStorage      Min:  0.0, Avg:  0.0, Max:  0.0, Diff:  0.0, Sum:  0.0, Workers: 4
[6566.851s][debug][gc,phases      ] GC(142)     Dead                           Min: 0, Avg:  0.0, Max: 0, Diff: 0, Sum: 0, Workers: 4
[6566.851s][debug][gc,phases      ] GC(142)     Total                          Min: 0, Avg:  0.0, Max: 0, Diff: 0, Sum: 0, Workers: 4
[6566.851s][debug][gc,phases      ] GC(142)   StringTable Weak               Min:  0.0, Avg:  0.1, Max:  0.1, Diff:  0.1, Sum:  0.3, Workers: 4
[6566.851s][debug][gc,phases      ] GC(142)     Dead                           Min: 0, Avg:  0.5, Max: 2, Diff: 2, Sum: 2, Workers: 4
[6566.851s][debug][gc,phases      ] GC(142)     Total                          Min: 0, Avg: 10767.0, Max: 15167, Diff: 15167, Sum: 43068, Workers: 4
[6566.851s][debug][gc,phases      ] GC(142)   ResolvedMethodTable Weak       Min:  0.0, Avg:  0.0, Max:  0.0, Diff:  0.0, Sum:  0.1, Workers: 4
[6566.851s][debug][gc,phases      ] GC(142)     Dead                           Min: 0, Avg:  2.5, Max: 9, Diff: 9, Sum: 10, Workers: 4
[6566.851s][debug][gc,phases      ] GC(142)     Total                          Min: 0, Avg: 2210.5, Max: 3200, Diff: 3200, Sum: 8842, Workers: 4
[6566.851s][debug][gc,phases      ] GC(142)   JNI Weak                       Min:  0.0, Avg:  0.0, Max:  0.0, Diff:  0.0, Sum:  0.0, Workers: 4
[6566.851s][debug][gc,phases      ] GC(142)     Dead                           Min: 0, Avg:  0.0, Max: 0, Diff: 0, Sum: 0, Workers: 4
[6566.851s][debug][gc,phases      ] GC(142)     Total                          Min: 0, Avg: 11.2, Max: 45, Diff: 45, Sum: 45, Workers: 4
[6566.851s][debug][gc,phases      ] GC(142)   StringDedup Table Weak         Min:  0.0, Avg:  0.0, Max:  0.0, Diff:  0.0, Sum:  0.0, Workers: 4
[6566.851s][debug][gc,phases      ] GC(142)     Dead                           Min: 0, Avg:  0.0, Max: 0, Diff: 0, Sum: 0, Workers: 4
[6566.851s][debug][gc,phases      ] GC(142)     Total                          Min: 0, Avg:  0.0, Max: 0, Diff: 0, Sum: 0, Workers: 4
[6566.851s][debug][gc,phases      ] GC(142)   StringDedup Requests0 Weak     Min:  0.0, Avg:  0.0, Max:  0.0, Diff:  0.0, Sum:  0.0, Workers: 4
[6566.851s][debug][gc,phases      ] GC(142)     Dead                           Min: 0, Avg:  0.0, Max: 0, Diff: 0, Sum: 0, Workers: 4
[6566.851s][debug][gc,phases      ] GC(142)     Total                          Min: 0, Avg:  0.0, Max: 0, Diff: 0, Sum: 0, Workers: 4
[6566.851s][debug][gc,phases      ] GC(142)   StringDedup Requests1 Weak     Min:  0.0, Avg:  0.0, Max:  0.0, Diff:  0.0, Sum:  0.0, Workers: 4
[6566.851s][debug][gc,phases      ] GC(142)     Dead                           Min: 0, Avg:  0.0, Max: 0, Diff: 0, Sum: 0, Workers: 4
[6566.851s][debug][gc,phases      ] GC(142)     Total                          Min: 0, Avg:  0.0, Max: 0, Diff: 0, Sum: 0, Workers: 4
[6566.851s][debug][gc,phases      ] GC(142)   Weak JFR Old Object Samples    Min:  0.0, Avg:  0.0, Max:  0.0, Diff:  0.0, Sum:  0.0, Workers: 4
[6566.851s][debug][gc,phases      ] GC(142)     Dead                           Min: 0, Avg:  0.0, Max: 0, Diff: 0, Sum: 0, Workers: 4
[6566.851s][debug][gc,phases      ] GC(142)     Total                          Min: 0, Avg:  0.0, Max: 0, Diff: 0, Sum: 0, Workers: 4
[6566.851s][debug][gc,phases      ] GC(142) Weak Processing 0.308ms
[6566.851s][debug][gc,age         ] GC(142) Desired survivor size 77070336 bytes, new threshold 15 (max threshold 15)
[6566.851s][info ][gc,heap        ] GC(142) PSYoungGen: 2017782K(2017792K)->60832K(2029056K) Eden: 1968128K(1968128K)->0K(1968128K) From: 49654K(49664K)->60832K(60928K)
[6566.851s][info ][gc,heap        ] GC(142) ParOldGen: 436994K(453632K)->437026K(453632K)
[6566.851s][info ][gc,metaspace   ] GC(142) Metaspace: 80337K(81216K)->80337K(81216K) NonClass: 69080K(69568K)->69080K(69568K) Class: 11256K(11648K)->11256K(11648K)
[6566.851s][info ][gc             ] GC(142) Pause Young (Allocation Failure) 2397M->486M(2424M) 17.286ms
[6566.851s][info ][gc,cpu         ] GC(142) User=0.06s Sys=0.00s Real=0.01s
[6566.851s][info ][safepoint      ] Safepoint "ParallelGCFailedAllocation", Time since last: 19528397533 ns, Reaching safepoint: 106100 ns, At safepoint: 17367264 ns, Total: 17473364 ns
[6573.852s][info ][safepoint      ] Safepoint "Cleanup", Time since last: 7000443466 ns, Reaching safepoint: 42500 ns, At safepoint: 10300 ns, Total: 52800 ns
[6581.852s][info ][safepoint      ] Safepoint "Cleanup", Time since last: 8000464294 ns, Reaching safepoint: 40100 ns, At safepoint: 3000 ns, Total: 43100 ns
[6582.852s][info ][safepoint      ] Safepoint "Cleanup", Time since last: 1000103747 ns, Reaching safepoint: 38200 ns, At safepoint: 3100 ns, Total: 41300 ns
[6585.852s][info ][safepoint      ] Safepoint "Cleanup", Time since last: 3000188340 ns, Reaching safepoint: 41100 ns, At safepoint: 5600 ns, Total: 46700 ns
[6593.853s][info ][safepoint      ] Safepoint "Cleanup", Time since last: 8000509753 ns, Reaching safepoint: 46600 ns, At safepoint: 4800 ns, Total: 51400 ns
[6602.854s][info ][safepoint      ] Safepoint "Cleanup", Time since last: 9000601667 ns, Reaching safepoint: 45400 ns, At safepoint: 5200 ns, Total: 50600 ns
[6608.854s][info ][safepoint      ] Safepoint "Cleanup", Time since last: 6000354426 ns, Reaching safepoint: 42800 ns, At safepoint: 30400 ns, Total: 73200 ns
[6609.854s][info ][safepoint      ] Safepoint "Cleanup", Time since last: 1000095037 ns, Reaching safepoint: 35400 ns, At safepoint: 3100 ns, Total: 38500 ns
[6610.854s][info ][safepoint      ] Safepoint "Cleanup", Time since last: 1000090336 ns, Reaching safepoint: 31100 ns, At safepoint: 3300 ns, Total: 34400 ns
[6613.855s][info ][safepoint      ] Safepoint "Cleanup", Time since last: 3000212705 ns, Reaching safepoint: 24700 ns, At safepoint: 3000 ns, Total: 27700 ns
[6617.855s][info ][safepoint      ] Safepoint "Cleanup", Time since last: 4000292935 ns, Reaching safepoint: 53801 ns, At safepoint: 5900 ns, Total: 59701 ns
[6618.855s][info ][safepoint      ] Safepoint "Cleanup", Time since last: 1000100133 ns, Reaching safepoint: 32100 ns, At safepoint: 6900 ns, Total: 39000 ns
[6620.855s][info ][safepoint      ] Safepoint "Cleanup", Time since last: 2000158464 ns, Reaching safepoint: 34400 ns, At safepoint: 2700 ns, Total: 37100 ns
[6623.283s][info ][gc,start       ] GC(143) Pause Young (Allocation Failure)
[6623.301s][debug][gc,phases      ] GC(143) Scavenge 17.956ms
[6623.301s][debug][gc,ref         ] GC(143) Skipped phase 1 of Reference Processing: no references
[6623.301s][debug][gc,ref         ] GC(143) ReferenceProcessor::execute queues: 1, RefProcThreadModel::Single, marks_oops_alive: false
[6623.301s][debug][gc,ref         ] GC(143) Skipped phase 3 of Reference Processing: no references
[6623.301s][debug][gc,ref         ] GC(143) ReferenceProcessor::execute queues: 1, RefProcThreadModel::Single, marks_oops_alive: false
[6623.301s][debug][gc,phases      ] GC(143) Reference Processing 0.135ms
[6623.301s][debug][gc,phases      ] GC(143)   VM Weak                        Min:  0.0, Avg:  0.0, Max:  0.0, Diff:  0.0, Sum:  0.0, Workers: 4
[6623.301s][debug][gc,phases      ] GC(143)     Dead                           Min: 0, Avg:  0.0, Max: 0, Diff: 0, Sum: 0, Workers: 4
[6623.301s][debug][gc,phases      ] GC(143)     Total                          Min: 0, Avg: 169.8, Max: 382, Diff: 382, Sum: 679, Workers: 4
[6623.301s][debug][gc,phases      ] GC(143)   ObjectSynchronizer Weak        Min:  0.0, Avg:  0.0, Max:  0.0, Diff:  0.0, Sum:  0.0, Workers: 4
[6623.301s][debug][gc,phases      ] GC(143)     Dead                           Min: 0, Avg:  0.0, Max: 0, Diff: 0, Sum: 0, Workers: 4
[6623.301s][debug][gc,phases      ] GC(143)     Total                          Min: 0, Avg: 161.8, Max: 384, Diff: 384, Sum: 647, Workers: 4
[6623.301s][debug][gc,phases      ] GC(143)   JVMTI Tag Weak OopStorage      Min:  0.0, Avg:  0.0, Max:  0.0, Diff:  0.0, Sum:  0.0, Workers: 4
[6623.301s][debug][gc,phases      ] GC(143)     Dead                           Min: 0, Avg:  0.0, Max: 0, Diff: 0, Sum: 0, Workers: 4
[6623.301s][debug][gc,phases      ] GC(143)     Total                          Min: 0, Avg:  0.0, Max: 0, Diff: 0, Sum: 0, Workers: 4
[6623.301s][debug][gc,phases      ] GC(143)   StringTable Weak               Min:  0.0, Avg:  0.1, Max:  0.1, Diff:  0.1, Sum:  0.3, Workers: 4
[6623.301s][debug][gc,phases      ] GC(143)     Dead                           Min: 0, Avg:  0.2, Max: 1, Diff: 1, Sum: 1, Workers: 4
[6623.302s][debug][gc,phases      ] GC(143)     Total                          Min: 0, Avg: 10767.5, Max: 23167, Diff: 23167, Sum: 43070, Workers: 4
[6623.302s][debug][gc,phases      ] GC(143)   ResolvedMethodTable Weak       Min:  0.0, Avg:  0.0, Max:  0.0, Diff:  0.0, Sum:  0.1, Workers: 4
[6623.302s][debug][gc,phases      ] GC(143)     Dead                           Min: 0, Avg:  0.0, Max: 0, Diff: 0, Sum: 0, Workers: 4
[6623.302s][debug][gc,phases      ] GC(143)     Total                          Min: 0, Avg: 2211.5, Max: 4494, Diff: 4494, Sum: 8846, Workers: 4
[6623.302s][debug][gc,phases      ] GC(143)   JNI Weak                       Min:  0.0, Avg:  0.0, Max:  0.0, Diff:  0.0, Sum:  0.0, Workers: 4
[6623.302s][debug][gc,phases      ] GC(143)     Dead                           Min: 0, Avg:  0.0, Max: 0, Diff: 0, Sum: 0, Workers: 4
[6623.302s][debug][gc,phases      ] GC(143)     Total                          Min: 0, Avg: 11.2, Max: 45, Diff: 45, Sum: 45, Workers: 4
[6623.302s][debug][gc,phases      ] GC(143)   StringDedup Table Weak         Min:  0.0, Avg:  0.0, Max:  0.0, Diff:  0.0, Sum:  0.0, Workers: 4
[6623.302s][debug][gc,phases      ] GC(143)     Dead                           Min: 0, Avg:  0.0, Max: 0, Diff: 0, Sum: 0, Workers: 4
[6623.302s][debug][gc,phases      ] GC(143)     Total                          Min: 0, Avg:  0.0, Max: 0, Diff: 0, Sum: 0, Workers: 4
[6623.302s][debug][gc,phases      ] GC(143)   StringDedup Requests0 Weak     Min:  0.0, Avg:  0.0, Max:  0.0, Diff:  0.0, Sum:  0.0, Workers: 4
[6623.302s][debug][gc,phases      ] GC(143)     Dead                           Min: 0, Avg:  0.0, Max: 0, Diff: 0, Sum: 0, Workers: 4
[6623.302s][debug][gc,phases      ] GC(143)     Total                          Min: 0, Avg:  0.0, Max: 0, Diff: 0, Sum: 0, Workers: 4
[6623.302s][debug][gc,phases      ] GC(143)   StringDedup Requests1 Weak     Min:  0.0, Avg:  0.0, Max:  0.0, Diff:  0.0, Sum:  0.0, Workers: 4
[6623.302s][debug][gc,phases      ] GC(143)     Dead                           Min: 0, Avg:  0.0, Max: 0, Diff: 0, Sum: 0, Workers: 4
[6623.302s][debug][gc,phases      ] GC(143)     Total                          Min: 0, Avg:  0.0, Max: 0, Diff: 0, Sum: 0, Workers: 4
[6623.302s][debug][gc,phases      ] GC(143)   Weak JFR Old Object Samples    Min:  0.0, Avg:  0.0, Max:  0.0, Diff:  0.0, Sum:  0.0, Workers: 4
[6623.302s][debug][gc,phases      ] GC(143)     Dead                           Min: 0, Avg:  0.0, Max: 0, Diff: 0, Sum: 0, Workers: 4
[6623.302s][debug][gc,phases      ] GC(143)     Total                          Min: 0, Avg:  0.0, Max: 0, Diff: 0, Sum: 0, Workers: 4
[6623.302s][debug][gc,phases      ] GC(143) Weak Processing 0.322ms
[6623.302s][debug][gc,age         ] GC(143) Desired survivor size 85983232 bytes, new threshold 15 (max threshold 15)
[6623.302s][info ][gc,heap        ] GC(143) PSYoungGen: 2028960K(2029056K)->62096K(1997312K) Eden: 1968128K(1968128K)->0K(1929216K) From: 60832K(60928K)->62096K(68096K)
[6623.302s][info ][gc,heap        ] GC(143) ParOldGen: 437026K(453632K)->437026K(453632K)
[6623.302s][info ][gc,metaspace   ] GC(143) Metaspace: 80360K(81216K)->80360K(81216K) NonClass: 69103K(69568K)->69103K(69568K) Class: 11257K(11648K)->11257K(11648K)
[6623.302s][info ][gc             ] GC(143) Pause Young (Allocation Failure) 2408M->487M(2393M) 18.517ms
[6623.302s][info ][gc,cpu         ] GC(143) User=0.06s Sys=0.00s Real=0.02s
[6623.302s][info ][safepoint      ] Safepoint "ParallelGCFailedAllocation", Time since last: 2427796516 ns, Reaching safepoint: 24500 ns, At safepoint: 18593167 ns, Total: 18617667 ns
[6624.302s][info ][safepoint      ] Safepoint "Cleanup", Time since last: 1000080831 ns, Reaching safepoint: 40200 ns, At safepoint: 2100 ns, Total: 42300 ns
[6635.302s][info ][safepoint      ] Safepoint "Cleanup", Time since last: 11000673212 ns, Reaching safepoint: 40400 ns, At safepoint: 5300 ns, Total: 45700 ns
[6654.304s][info ][safepoint      ] Safepoint "Cleanup", Time since last: 19001020531 ns, Reaching safepoint: 40600 ns, At safepoint: 4500 ns, Total: 45100 ns
[6656.304s][info ][safepoint      ] Safepoint "Cleanup", Time since last: 2000166338 ns, Reaching safepoint: 48700 ns, At safepoint: 9500 ns, Total: 58200 ns
[6664.304s][info ][safepoint      ] Safepoint "Cleanup", Time since last: 8000542337 ns, Reaching safepoint: 46500 ns, At safepoint: 3300 ns, Total: 49800 ns
[6672.305s][info ][safepoint      ] Safepoint "Cleanup", Time since last: 8000536614 ns, Reaching safepoint: 40100 ns, At safepoint: 2700 ns, Total: 42800 ns
[6673.305s][info ][safepoint      ] Safepoint "Cleanup", Time since last: 1000108613 ns, Reaching safepoint: 34800 ns, At safepoint: 3100 ns, Total: 37900 ns
[6679.306s][info ][safepoint      ] Safepoint "Cleanup", Time since last: 6000417469 ns, Reaching safepoint: 46400 ns, At safepoint: 8900 ns, Total: 55300 ns
[6681.540s][info ][gc,start       ] GC(144) Pause Young (Allocation Failure)
[6681.557s][debug][gc,phases      ] GC(144) Scavenge 16.118ms
[6681.557s][debug][gc,ref         ] GC(144) Skipped phase 1 of Reference Processing: no references
[6681.557s][debug][gc,ref         ] GC(144) ReferenceProcessor::execute queues: 1, RefProcThreadModel::Single, marks_oops_alive: false
[6681.557s][debug][gc,ref         ] GC(144) Skipped phase 3 of Reference Processing: no references
[6681.557s][debug][gc,ref         ] GC(144) ReferenceProcessor::execute queues: 1, RefProcThreadModel::Single, marks_oops_alive: false
[6681.557s][debug][gc,phases      ] GC(144) Reference Processing 0.104ms
[6681.557s][debug][gc,phases      ] GC(144)   VM Weak                        Min:  0.0, Avg:  0.0, Max:  0.0, Diff:  0.0, Sum:  0.0, Workers: 4
[6681.557s][debug][gc,phases      ] GC(144)     Dead                           Min: 0, Avg:  0.0, Max: 0, Diff: 0, Sum: 0, Workers: 4
[6681.557s][debug][gc,phases      ] GC(144)     Total                          Min: 0, Avg: 169.8, Max: 413, Diff: 413, Sum: 679, Workers: 4
[6681.557s][debug][gc,phases      ] GC(144)   ObjectSynchronizer Weak        Min:  0.0, Avg:  0.0, Max:  0.0, Diff:  0.0, Sum:  0.0, Workers: 4
[6681.557s][debug][gc,phases      ] GC(144)     Dead                           Min: 0, Avg:  0.0, Max: 0, Diff: 0, Sum: 0, Workers: 4
[6681.557s][debug][gc,phases      ] GC(144)     Total                          Min: 0, Avg: 161.8, Max: 327, Diff: 327, Sum: 647, Workers: 4
[6681.557s][debug][gc,phases      ] GC(144)   JVMTI Tag Weak OopStorage      Min:  0.0, Avg:  0.0, Max:  0.0, Diff:  0.0, Sum:  0.0, Workers: 4
[6681.557s][debug][gc,phases      ] GC(144)     Dead                           Min: 0, Avg:  0.0, Max: 0, Diff: 0, Sum: 0, Workers: 4
[6681.557s][debug][gc,phases      ] GC(144)     Total                          Min: 0, Avg:  0.0, Max: 0, Diff: 0, Sum: 0, Workers: 4
[6681.557s][debug][gc,phases      ] GC(144)   StringTable Weak               Min:  0.0, Avg:  0.1, Max:  0.2, Diff:  0.2, Sum:  0.4, Workers: 4
[6681.557s][debug][gc,phases      ] GC(144)     Dead                           Min: 0, Avg:  0.5, Max: 2, Diff: 2, Sum: 2, Workers: 4
[6681.557s][debug][gc,phases      ] GC(144)     Total                          Min: 0, Avg: 10768.0, Max: 17855, Diff: 17855, Sum: 43072, Workers: 4
[6681.557s][debug][gc,phases      ] GC(144)   ResolvedMethodTable Weak       Min:  0.0, Avg:  0.0, Max:  0.0, Diff:  0.0, Sum:  0.1, Workers: 4
[6681.557s][debug][gc,phases      ] GC(144)     Dead                           Min: 0, Avg:  0.0, Max: 0, Diff: 0, Sum: 0, Workers: 4
[6681.557s][debug][gc,phases      ] GC(144)     Total                          Min: 0, Avg: 2211.8, Max: 3071, Diff: 3071, Sum: 8847, Workers: 4
[6681.557s][debug][gc,phases      ] GC(144)   JNI Weak                       Min:  0.0, Avg:  0.0, Max:  0.0, Diff:  0.0, Sum:  0.0, Workers: 4
[6681.557s][debug][gc,phases      ] GC(144)     Dead                           Min: 0, Avg:  0.0, Max: 0, Diff: 0, Sum: 0, Workers: 4
[6681.557s][debug][gc,phases      ] GC(144)     Total                          Min: 0, Avg: 11.2, Max: 45, Diff: 45, Sum: 45, Workers: 4
[6681.557s][debug][gc,phases      ] GC(144)   StringDedup Table Weak         Min:  0.0, Avg:  0.0, Max:  0.0, Diff:  0.0, Sum:  0.0, Workers: 4
[6681.557s][debug][gc,phases      ] GC(144)     Dead                           Min: 0, Avg:  0.0, Max: 0, Diff: 0, Sum: 0, Workers: 4
[6681.557s][debug][gc,phases      ] GC(144)     Total                          Min: 0, Avg:  0.0, Max: 0, Diff: 0, Sum: 0, Workers: 4
[6681.557s][debug][gc,phases      ] GC(144)   StringDedup Requests0 Weak     Min:  0.0, Avg:  0.0, Max:  0.0, Diff:  0.0, Sum:  0.0, Workers: 4
[6681.557s][debug][gc,phases      ] GC(144)     Dead                           Min: 0, Avg:  0.0, Max: 0, Diff: 0, Sum: 0, Workers: 4
[6681.557s][debug][gc,phases      ] GC(144)     Total                          Min: 0, Avg:  0.0, Max: 0, Diff: 0, Sum: 0, Workers: 4
[6681.557s][debug][gc,phases      ] GC(144)   StringDedup Requests1 Weak     Min:  0.0, Avg:  0.0, Max:  0.0, Diff:  0.0, Sum:  0.0, Workers: 4
[6681.557s][debug][gc,phases      ] GC(144)     Dead                           Min: 0, Avg:  0.0, Max: 0, Diff: 0, Sum: 0, Workers: 4
[6681.557s][debug][gc,phases      ] GC(144)     Total                          Min: 0, Avg:  0.0, Max: 0, Diff: 0, Sum: 0, Workers: 4
[6681.557s][debug][gc,phases      ] GC(144)   Weak JFR Old Object Samples    Min:  0.0, Avg:  0.0, Max:  0.0, Diff:  0.0, Sum:  0.0, Workers: 4
[6681.557s][debug][gc,phases      ] GC(144)     Dead                           Min: 0, Avg:  0.0, Max: 0, Diff: 0, Sum: 0, Workers: 4
[6681.557s][debug][gc,phases      ] GC(144)     Total                          Min: 0, Avg:  0.0, Max: 0, Diff: 0, Sum: 0, Workers: 4
[6681.557s][debug][gc,phases      ] GC(144) Weak Processing 0.447ms
[6681.557s][debug][gc,age         ] GC(144) Desired survivor size 93323264 bytes, new threshold 15 (max threshold 15)
[6681.557s][info ][gc,heap        ] GC(144) PSYoungGen: 1991312K(1997312K)->61472K(1991168K) Eden: 1929216K(1929216K)->0K(1929216K) From: 62096K(68096K)->61472K(61952K)
[6681.557s][info ][gc,heap        ] GC(144) ParOldGen: 437026K(453632K)->437058K(453632K)
[6681.557s][info ][gc,metaspace   ] GC(144) Metaspace: 80371K(81216K)->80371K(81216K) NonClass: 69112K(69568K)->69112K(69568K) Class: 11258K(11648K)->11258K(11648K)
[6681.557s][info ][gc             ] GC(144) Pause Young (Allocation Failure) 2371M->486M(2387M) 16.783ms
[6681.557s][info ][gc,cpu         ] GC(144) User=0.06s Sys=0.01s Real=0.02s
[6681.557s][info ][safepoint      ] Safepoint "ParallelGCFailedAllocation", Time since last: 2234734467 ns, Reaching safepoint: 24500 ns, At safepoint: 16878161 ns, Total: 16902661 ns
[6685.558s][info ][safepoint      ] Safepoint "Cleanup", Time since last: 4000264235 ns, Reaching safepoint: 36600 ns, At safepoint: 5100 ns, Total: 41700 ns
[6687.558s][info ][safepoint      ] Safepoint "Cleanup", Time since last: 2000158216 ns, Reaching safepoint: 40800 ns, At safepoint: 4100 ns, Total: 44900 ns
[6688.558s][info ][safepoint      ] Safepoint "Cleanup", Time since last: 1000055208 ns, Reaching safepoint: 27000 ns, At safepoint: 2900 ns, Total: 29900 ns
[6689.558s][info ][safepoint      ] Safepoint "Cleanup", Time since last: 1000101507 ns, Reaching safepoint: 40900 ns, At safepoint: 2400 ns, Total: 43300 ns
[6697.558s][info ][safepoint      ] Safepoint "Cleanup", Time since last: 8000459344 ns, Reaching safepoint: 25600 ns, At safepoint: 2500 ns, Total: 28100 ns
[6701.559s][info ][safepoint      ] Safepoint "Cleanup", Time since last: 4000267314 ns, Reaching safepoint: 24800 ns, At safepoint: 21800 ns, Total: 46600 ns
[6716.560s][info ][safepoint      ] Safepoint "Cleanup", Time since last: 15000932506 ns, Reaching safepoint: 27400 ns, At safepoint: 3100 ns, Total: 30500 ns
[6718.560s][info ][safepoint      ] Safepoint "Cleanup", Time since last: 2000166695 ns, Reaching safepoint: 48900 ns, At safepoint: 3300 ns, Total: 52200 ns
[6719.560s][info ][safepoint      ] Safepoint "Cleanup", Time since last: 1000095998 ns, Reaching safepoint: 29900 ns, At safepoint: 2900 ns, Total: 32800 ns
[6720.560s][info ][safepoint      ] Safepoint "Cleanup", Time since last: 1000107797 ns, Reaching safepoint: 45300 ns, At safepoint: 6800 ns, Total: 52100 ns
[6721.560s][info ][safepoint      ] Safepoint "Cleanup", Time since last: 1000101897 ns, Reaching safepoint: 28300 ns, At safepoint: 2700 ns, Total: 31000 ns
[6728.561s][info ][safepoint      ] Safepoint "Cleanup", Time since last: 7000462066 ns, Reaching safepoint: 48300 ns, At safepoint: 8101 ns, Total: 56401 ns
[6741.185s][info ][gc,start       ] GC(145) Pause Young (Allocation Failure)
[6741.205s][debug][gc,phases      ] GC(145) Scavenge 19.965ms
[6741.206s][debug][gc,ref         ] GC(145) Skipped phase 1 of Reference Processing: no references
[6741.206s][debug][gc,ref         ] GC(145) ReferenceProcessor::execute queues: 1, RefProcThreadModel::Single, marks_oops_alive: false
[6741.206s][debug][gc,ref         ] GC(145) Skipped phase 3 of Reference Processing: no references
[6741.206s][debug][gc,ref         ] GC(145) ReferenceProcessor::execute queues: 1, RefProcThreadModel::Single, marks_oops_alive: false
[6741.206s][debug][gc,phases      ] GC(145) Reference Processing 0.113ms
[6741.206s][debug][gc,phases      ] GC(145)   VM Weak                        Min:  0.0, Avg:  0.0, Max:  0.0, Diff:  0.0, Sum:  0.0, Workers: 4
[6741.206s][debug][gc,phases      ] GC(145)     Dead                           Min: 0, Avg:  0.0, Max: 0, Diff: 0, Sum: 0, Workers: 4
[6741.206s][debug][gc,phases      ] GC(145)     Total                          Min: 0, Avg: 169.8, Max: 679, Diff: 679, Sum: 679, Workers: 4
[6741.206s][debug][gc,phases      ] GC(145)   ObjectSynchronizer Weak        Min:  0.0, Avg:  0.0, Max:  0.0, Diff:  0.0, Sum:  0.0, Workers: 4
[6741.206s][debug][gc,phases      ] GC(145)     Dead                           Min: 0, Avg:  0.0, Max: 0, Diff: 0, Sum: 0, Workers: 4
[6741.206s][debug][gc,phases      ] GC(145)     Total                          Min: 0, Avg: 161.8, Max: 384, Diff: 384, Sum: 647, Workers: 4
[6741.206s][debug][gc,phases      ] GC(145)   JVMTI Tag Weak OopStorage      Min:  0.0, Avg:  0.0, Max:  0.0, Diff:  0.0, Sum:  0.0, Workers: 4
[6741.206s][debug][gc,phases      ] GC(145)     Dead                           Min: 0, Avg:  0.0, Max: 0, Diff: 0, Sum: 0, Workers: 4
[6741.206s][debug][gc,phases      ] GC(145)     Total                          Min: 0, Avg:  0.0, Max: 0, Diff: 0, Sum: 0, Workers: 4
[6741.206s][debug][gc,phases      ] GC(145)   StringTable Weak               Min:  0.1, Avg:  0.1, Max:  0.1, Diff:  0.0, Sum:  0.4, Workers: 4
[6741.206s][debug][gc,phases      ] GC(145)     Dead                           Min: 0, Avg:  0.0, Max: 0, Diff: 0, Sum: 0, Workers: 4
[6741.206s][debug][gc,phases      ] GC(145)     Total                          Min: 9599, Avg: 10768.0, Max: 12162, Diff: 2563, Sum: 43072, Workers: 4
[6741.206s][debug][gc,phases      ] GC(145)   ResolvedMethodTable Weak       Min:  0.0, Avg:  0.0, Max:  0.0, Diff:  0.0, Sum:  0.1, Workers: 4
[6741.206s][debug][gc,phases      ] GC(145)     Dead                           Min: 0, Avg:  0.0, Max: 0, Diff: 0, Sum: 0, Workers: 4
[6741.206s][debug][gc,phases      ] GC(145)     Total                          Min: 1984, Avg: 2211.8, Max: 2448, Diff: 464, Sum: 8847, Workers: 4
[6741.206s][debug][gc,phases      ] GC(145)   JNI Weak                       Min:  0.0, Avg:  0.0, Max:  0.0, Diff:  0.0, Sum:  0.0, Workers: 4
[6741.206s][debug][gc,phases      ] GC(145)     Dead                           Min: 0, Avg:  0.0, Max: 0, Diff: 0, Sum: 0, Workers: 4
[6741.206s][debug][gc,phases      ] GC(145)     Total                          Min: 0, Avg: 11.2, Max: 45, Diff: 45, Sum: 45, Workers: 4
[6741.206s][debug][gc,phases      ] GC(145)   StringDedup Table Weak         Min:  0.0, Avg:  0.0, Max:  0.0, Diff:  0.0, Sum:  0.0, Workers: 4
[6741.206s][debug][gc,phases      ] GC(145)     Dead                           Min: 0, Avg:  0.0, Max: 0, Diff: 0, Sum: 0, Workers: 4
[6741.206s][debug][gc,phases      ] GC(145)     Total                          Min: 0, Avg:  0.0, Max: 0, Diff: 0, Sum: 0, Workers: 4
[6741.206s][debug][gc,phases      ] GC(145)   StringDedup Requests0 Weak     Min:  0.0, Avg:  0.0, Max:  0.0, Diff:  0.0, Sum:  0.0, Workers: 4
[6741.206s][debug][gc,phases      ] GC(145)     Dead                           Min: 0, Avg:  0.0, Max: 0, Diff: 0, Sum: 0, Workers: 4
[6741.206s][debug][gc,phases      ] GC(145)     Total                          Min: 0, Avg:  0.0, Max: 0, Diff: 0, Sum: 0, Workers: 4
[6741.206s][debug][gc,phases      ] GC(145)   StringDedup Requests1 Weak     Min:  0.0, Avg:  0.0, Max:  0.0, Diff:  0.0, Sum:  0.0, Workers: 4
[6741.206s][debug][gc,phases      ] GC(145)     Dead                           Min: 0, Avg:  0.0, Max: 0, Diff: 0, Sum: 0, Workers: 4
[6741.206s][debug][gc,phases      ] GC(145)     Total                          Min: 0, Avg:  0.0, Max: 0, Diff: 0, Sum: 0, Workers: 4
[6741.206s][debug][gc,phases      ] GC(145)   Weak JFR Old Object Samples    Min:  0.0, Avg:  0.0, Max:  0.0, Diff:  0.0, Sum:  0.0, Workers: 4
[6741.206s][debug][gc,phases      ] GC(145)     Dead                           Min: 0, Avg:  0.0, Max: 0, Diff: 0, Sum: 0, Workers: 4
[6741.206s][debug][gc,phases      ] GC(145)     Total                          Min: 0, Avg:  0.0, Max: 0, Diff: 0, Sum: 0, Workers: 4
[6741.206s][debug][gc,phases      ] GC(145) Weak Processing 0.286ms
[6741.206s][debug][gc,age         ] GC(145) Desired survivor size 98566144 bytes, new threshold 15 (max threshold 15)
[6741.206s][info ][gc,heap        ] GC(145) PSYoungGen: 1990688K(1991168K)->61408K(1995776K) Eden: 1929216K(1929216K)->0K(1904640K) From: 61472K(61952K)->61408K(91136K)
[6741.206s][info ][gc,heap        ] GC(145) ParOldGen: 437058K(453632K)->437082K(453632K)
[6741.206s][info ][gc,metaspace   ] GC(145) Metaspace: 80378K(81216K)->80378K(81216K) NonClass: 69119K(69568K)->69119K(69568K) Class: 11258K(11648K)->11258K(11648K)
[6741.206s][info ][gc             ] GC(145) Pause Young (Allocation Failure) 2370M->486M(2392M) 20.487ms
[6741.206s][info ][gc,cpu         ] GC(145) User=0.06s Sys=0.00s Real=0.02s
[6741.206s][info ][safepoint      ] Safepoint "ParallelGCFailedAllocation", Time since last: 12624533146 ns, Reaching safepoint: 27500 ns, At safepoint: 20561174 ns, Total: 20588674 ns
[6743.206s][info ][safepoint      ] Safepoint "Cleanup", Time since last: 2000150680 ns, Reaching safepoint: 43200 ns, At safepoint: 2500 ns, Total: 45700 ns
[6748.207s][info ][safepoint      ] Safepoint "Cleanup", Time since last: 5000321344 ns, Reaching safepoint: 31600 ns, At safepoint: 2700 ns, Total: 34300 ns
[6761.207s][info ][safepoint      ] Safepoint "Cleanup", Time since last: 13000756519 ns, Reaching safepoint: 40201 ns, At safepoint: 25400 ns, Total: 65601 ns
[6780.208s][info ][safepoint      ] Safepoint "Cleanup", Time since last: 19001070646 ns, Reaching safepoint: 48100 ns, At safepoint: 6700 ns, Total: 54800 ns
[6792.209s][info ][safepoint      ] Safepoint "Cleanup", Time since last: 12000801424 ns, Reaching safepoint: 52601 ns, At safepoint: 30500 ns, Total: 83101 ns
[6801.665s][info ][safepoint      ] Safepoint "ParallelGCFailedAllocation", Time since last: 9455182291 ns, Reaching safepoint: 36500 ns, At safepoint: 15400 ns, Total: 51900 ns
[6801.665s][info ][gc,start       ] GC(146) Pause Young (GCLocker Initiated GC)
[6801.679s][debug][gc,phases      ] GC(146) Scavenge 14.099ms
[6801.679s][debug][gc,ref         ] GC(146) Skipped phase 1 of Reference Processing: no references
[6801.679s][debug][gc,ref         ] GC(146) ReferenceProcessor::execute queues: 1, RefProcThreadModel::Single, marks_oops_alive: false
[6801.679s][debug][gc,ref         ] GC(146) Skipped phase 3 of Reference Processing: no references
[6801.679s][debug][gc,ref         ] GC(146) ReferenceProcessor::execute queues: 1, RefProcThreadModel::Single, marks_oops_alive: false
[6801.679s][debug][gc,phases      ] GC(146) Reference Processing 0.107ms
[6801.679s][debug][gc,phases      ] GC(146)   VM Weak                        Min:  0.0, Avg:  0.0, Max:  0.0, Diff:  0.0, Sum:  0.0, Workers: 4
[6801.679s][debug][gc,phases      ] GC(146)     Dead                           Min: 0, Avg:  0.0, Max: 0, Diff: 0, Sum: 0, Workers: 4
[6801.679s][debug][gc,phases      ] GC(146)     Total                          Min: 0, Avg: 169.8, Max: 318, Diff: 318, Sum: 679, Workers: 4
[6801.679s][debug][gc,phases      ] GC(146)   ObjectSynchronizer Weak        Min:  0.0, Avg:  0.0, Max:  0.0, Diff:  0.0, Sum:  0.0, Workers: 4
[6801.679s][debug][gc,phases      ] GC(146)     Dead                           Min: 0, Avg:  0.0, Max: 0, Diff: 0, Sum: 0, Workers: 4
[6801.679s][debug][gc,phases      ] GC(146)     Total                          Min: 0, Avg: 161.8, Max: 256, Diff: 256, Sum: 647, Workers: 4
[6801.679s][debug][gc,phases      ] GC(146)   JVMTI Tag Weak OopStorage      Min:  0.0, Avg:  0.0, Max:  0.0, Diff:  0.0, Sum:  0.0, Workers: 4
[6801.679s][debug][gc,phases      ] GC(146)     Dead                           Min: 0, Avg:  0.0, Max: 0, Diff: 0, Sum: 0, Workers: 4
[6801.679s][debug][gc,phases      ] GC(146)     Total                          Min: 0, Avg:  0.0, Max: 0, Diff: 0, Sum: 0, Workers: 4
[6801.679s][debug][gc,phases      ] GC(146)   StringTable Weak               Min:  0.0, Avg:  0.1, Max:  0.1, Diff:  0.1, Sum:  0.3, Workers: 4
[6801.679s][debug][gc,phases      ] GC(146)     Dead                           Min: 0, Avg:  0.5, Max: 2, Diff: 2, Sum: 2, Workers: 4
[6801.679s][debug][gc,phases      ] GC(146)     Total                          Min: 0, Avg: 10768.8, Max: 16703, Diff: 16703, Sum: 43075, Workers: 4
[6801.679s][debug][gc,phases      ] GC(146)   ResolvedMethodTable Weak       Min:  0.0, Avg:  0.0, Max:  0.0, Diff:  0.0, Sum:  0.1, Workers: 4
[6801.679s][debug][gc,phases      ] GC(146)     Dead                           Min: 0, Avg:  0.0, Max: 0, Diff: 0, Sum: 0, Workers: 4
[6801.679s][debug][gc,phases      ] GC(146)     Total                          Min: 0, Avg: 2213.5, Max: 3839, Diff: 3839, Sum: 8854, Workers: 4
[6801.679s][debug][gc,phases      ] GC(146)   JNI Weak                       Min:  0.0, Avg:  0.0, Max:  0.0, Diff:  0.0, Sum:  0.0, Workers: 4
[6801.679s][debug][gc,phases      ] GC(146)     Dead                           Min: 0, Avg:  0.0, Max: 0, Diff: 0, Sum: 0, Workers: 4
[6801.679s][debug][gc,phases      ] GC(146)     Total                          Min: 0, Avg: 11.2, Max: 45, Diff: 45, Sum: 45, Workers: 4
[6801.679s][debug][gc,phases      ] GC(146)   StringDedup Table Weak         Min:  0.0, Avg:  0.0, Max:  0.0, Diff:  0.0, Sum:  0.0, Workers: 4
[6801.679s][debug][gc,phases      ] GC(146)     Dead                           Min: 0, Avg:  0.0, Max: 0, Diff: 0, Sum: 0, Workers: 4
[6801.679s][debug][gc,phases      ] GC(146)     Total                          Min: 0, Avg:  0.0, Max: 0, Diff: 0, Sum: 0, Workers: 4
[6801.679s][debug][gc,phases      ] GC(146)   StringDedup Requests0 Weak     Min:  0.0, Avg:  0.0, Max:  0.0, Diff:  0.0, Sum:  0.0, Workers: 4
[6801.679s][debug][gc,phases      ] GC(146)     Dead                           Min: 0, Avg:  0.0, Max: 0, Diff: 0, Sum: 0, Workers: 4
[6801.679s][debug][gc,phases      ] GC(146)     Total                          Min: 0, Avg:  0.0, Max: 0, Diff: 0, Sum: 0, Workers: 4
[6801.679s][debug][gc,phases      ] GC(146)   StringDedup Requests1 Weak     Min:  0.0, Avg:  0.0, Max:  0.0, Diff:  0.0, Sum:  0.0, Workers: 4
[6801.679s][debug][gc,phases      ] GC(146)     Dead                           Min: 0, Avg:  0.0, Max: 0, Diff: 0, Sum: 0, Workers: 4
[6801.679s][debug][gc,phases      ] GC(146)     Total                          Min: 0, Avg:  0.0, Max: 0, Diff: 0, Sum: 0, Workers: 4
[6801.680s][debug][gc,phases      ] GC(146)   Weak JFR Old Object Samples    Min:  0.0, Avg:  0.0, Max:  0.0, Diff:  0.0, Sum:  0.0, Workers: 4
[6801.680s][debug][gc,phases      ] GC(146)     Dead                           Min: 0, Avg:  0.0, Max: 0, Diff: 0, Sum: 0, Workers: 4
[6801.680s][debug][gc,phases      ] GC(146)     Total                          Min: 0, Avg:  0.0, Max: 0, Diff: 0, Sum: 0, Workers: 4
[6801.680s][debug][gc,phases      ] GC(146) Weak Processing 0.316ms
[6801.680s][debug][gc,age         ] GC(146) Desired survivor size 102760448 bytes, new threshold 15 (max threshold 15)
[6801.680s][info ][gc,heap        ] GC(146) PSYoungGen: 1966048K(1995776K)->61878K(1966592K) Eden: 1904640K(1904640K)->0K(1904640K) From: 61408K(91136K)->61878K(61952K)
[6801.680s][info ][gc,heap        ] GC(146) ParOldGen: 437082K(453632K)->437098K(453632K)
[6801.680s][info ][gc,metaspace   ] GC(146) Metaspace: 80390K(81216K)->80390K(81216K) NonClass: 69129K(69568K)->69129K(69568K) Class: 11260K(11648K)->11260K(11648K)
[6801.680s][info ][gc             ] GC(146) Pause Young (GCLocker Initiated GC) 2346M->487M(2363M) 14.618ms
[6801.680s][info ][gc,cpu         ] GC(146) User=0.05s Sys=0.00s Real=0.02s
[6801.680s][info ][safepoint      ] Safepoint "ParallelGCSystemGC", Time since last: 202000 ns, Reaching safepoint: 94101 ns, At safepoint: 14686952 ns, Total: 14781053 ns
[6805.680s][info ][safepoint      ] Safepoint "Cleanup", Time since last: 4000240889 ns, Reaching safepoint: 40800 ns, At safepoint: 3000 ns, Total: 43800 ns
[6808.680s][info ][safepoint      ] Safepoint "Cleanup", Time since last: 3000194314 ns, Reaching safepoint: 47400 ns, At safepoint: 3100 ns, Total: 50500 ns
[6810.680s][info ][safepoint      ] Safepoint "Cleanup", Time since last: 2000167641 ns, Reaching safepoint: 39500 ns, At safepoint: 4400 ns, Total: 43900 ns
[6844.683s][info ][safepoint      ] Safepoint "Cleanup", Time since last: 34002152739 ns, Reaching safepoint: 107500 ns, At safepoint: 7500 ns, Total: 115000 ns
[6854.683s][info ][safepoint      ] Safepoint "Cleanup", Time since last: 10000602203 ns, Reaching safepoint: 110600 ns, At safepoint: 15700 ns, Total: 126300 ns
[6857.684s][info ][safepoint      ] Safepoint "Cleanup", Time since last: 3000235876 ns, Reaching safepoint: 84500 ns, At safepoint: 8600 ns, Total: 93100 ns
[6861.637s][info ][gc,start       ] GC(147) Pause Young (Allocation Failure)
[6861.654s][debug][gc,phases      ] GC(147) Scavenge 17.455ms
[6861.654s][debug][gc,ref         ] GC(147) Skipped phase 1 of Reference Processing: no references
[6861.654s][debug][gc,ref         ] GC(147) ReferenceProcessor::execute queues: 1, RefProcThreadModel::Single, marks_oops_alive: false
[6861.654s][debug][gc,ref         ] GC(147) Skipped phase 3 of Reference Processing: no references
[6861.654s][debug][gc,ref         ] GC(147) ReferenceProcessor::execute queues: 1, RefProcThreadModel::Single, marks_oops_alive: false
[6861.654s][debug][gc,phases      ] GC(147) Reference Processing 0.126ms
[6861.655s][debug][gc,phases      ] GC(147)   VM Weak                        Min:  0.0, Avg:  0.0, Max:  0.0, Diff:  0.0, Sum:  0.0, Workers: 4
[6861.655s][debug][gc,phases      ] GC(147)     Dead                           Min: 0, Avg:  0.0, Max: 0, Diff: 0, Sum: 0, Workers: 4
[6861.655s][debug][gc,phases      ] GC(147)     Total                          Min: 0, Avg: 169.8, Max: 679, Diff: 679, Sum: 679, Workers: 4
[6861.655s][debug][gc,phases      ] GC(147)   ObjectSynchronizer Weak        Min:  0.0, Avg:  0.0, Max:  0.0, Diff:  0.0, Sum:  0.0, Workers: 4
[6861.655s][debug][gc,phases      ] GC(147)     Dead                           Min: 0, Avg:  0.0, Max: 0, Diff: 0, Sum: 0, Workers: 4
[6861.655s][debug][gc,phases      ] GC(147)     Total                          Min: 0, Avg: 161.8, Max: 256, Diff: 256, Sum: 647, Workers: 4
[6861.655s][debug][gc,phases      ] GC(147)   JVMTI Tag Weak OopStorage      Min:  0.0, Avg:  0.0, Max:  0.0, Diff:  0.0, Sum:  0.0, Workers: 4
[6861.655s][debug][gc,phases      ] GC(147)     Dead                           Min: 0, Avg:  0.0, Max: 0, Diff: 0, Sum: 0, Workers: 4
[6861.655s][debug][gc,phases      ] GC(147)     Total                          Min: 0, Avg:  0.0, Max: 0, Diff: 0, Sum: 0, Workers: 4
[6861.655s][debug][gc,phases      ] GC(147)   StringTable Weak               Min:  0.1, Avg:  0.1, Max:  0.1, Diff:  0.0, Sum:  0.4, Workers: 4
[6861.655s][debug][gc,phases      ] GC(147)     Dead                           Min: 0, Avg:  0.0, Max: 0, Diff: 0, Sum: 0, Workers: 4
[6861.655s][debug][gc,phases      ] GC(147)     Total                          Min: 10048, Avg: 10768.8, Max: 11333, Diff: 1285, Sum: 43075, Workers: 4
[6861.655s][debug][gc,phases      ] GC(147)   ResolvedMethodTable Weak       Min:  0.0, Avg:  0.0, Max:  0.0, Diff:  0.0, Sum:  0.1, Workers: 4
[6861.655s][debug][gc,phases      ] GC(147)     Dead                           Min: 0, Avg:  0.0, Max: 0, Diff: 0, Sum: 0, Workers: 4
[6861.655s][debug][gc,phases      ] GC(147)     Total                          Min: 2112, Avg: 2213.5, Max: 2368, Diff: 256, Sum: 8854, Workers: 4
[6861.655s][debug][gc,phases      ] GC(147)   JNI Weak                       Min:  0.0, Avg:  0.0, Max:  0.0, Diff:  0.0, Sum:  0.0, Workers: 4
[6861.655s][debug][gc,phases      ] GC(147)     Dead                           Min: 0, Avg:  0.0, Max: 0, Diff: 0, Sum: 0, Workers: 4
[6861.655s][debug][gc,phases      ] GC(147)     Total                          Min: 0, Avg: 11.2, Max: 45, Diff: 45, Sum: 45, Workers: 4
[6861.655s][debug][gc,phases      ] GC(147)   StringDedup Table Weak         Min:  0.0, Avg:  0.0, Max:  0.0, Diff:  0.0, Sum:  0.0, Workers: 4
[6861.655s][debug][gc,phases      ] GC(147)     Dead                           Min: 0, Avg:  0.0, Max: 0, Diff: 0, Sum: 0, Workers: 4
[6861.655s][debug][gc,phases      ] GC(147)     Total                          Min: 0, Avg:  0.0, Max: 0, Diff: 0, Sum: 0, Workers: 4
[6861.655s][debug][gc,phases      ] GC(147)   StringDedup Requests0 Weak     Min:  0.0, Avg:  0.0, Max:  0.0, Diff:  0.0, Sum:  0.0, Workers: 4
[6861.655s][debug][gc,phases      ] GC(147)     Dead                           Min: 0, Avg:  0.0, Max: 0, Diff: 0, Sum: 0, Workers: 4
[6861.655s][debug][gc,phases      ] GC(147)     Total                          Min: 0, Avg:  0.0, Max: 0, Diff: 0, Sum: 0, Workers: 4
[6861.655s][debug][gc,phases      ] GC(147)   StringDedup Requests1 Weak     Min:  0.0, Avg:  0.0, Max:  0.0, Diff:  0.0, Sum:  0.0, Workers: 4
[6861.655s][debug][gc,phases      ] GC(147)     Dead                           Min: 0, Avg:  0.0, Max: 0, Diff: 0, Sum: 0, Workers: 4
[6861.655s][debug][gc,phases      ] GC(147)     Total                          Min: 0, Avg:  0.0, Max: 0, Diff: 0, Sum: 0, Workers: 4
[6861.655s][debug][gc,phases      ] GC(147)   Weak JFR Old Object Samples    Min:  0.0, Avg:  0.0, Max:  0.0, Diff:  0.0, Sum:  0.0, Workers: 4
[6861.655s][debug][gc,phases      ] GC(147)     Dead                           Min: 0, Avg:  0.0, Max: 0, Diff: 0, Sum: 0, Workers: 4
[6861.655s][debug][gc,phases      ] GC(147)     Total                          Min: 0, Avg:  0.0, Max: 0, Diff: 0, Sum: 0, Workers: 4
[6861.655s][debug][gc,phases      ] GC(147) Weak Processing 0.264ms
[6861.655s][debug][gc,age         ] GC(147) Desired survivor size 105381888 bytes, new threshold 15 (max threshold 15)
[6861.655s][info ][gc,heap        ] GC(147) PSYoungGen: 1966518K(1966592K)->61424K(1991680K) Eden: 1904640K(1904640K)->0K(1891328K) From: 61878K(61952K)->61424K(100352K)
[6861.655s][info ][gc,heap        ] GC(147) ParOldGen: 437100K(453632K)->437132K(453632K)
[6861.655s][info ][gc,metaspace   ] GC(147) Metaspace: 80398K(81280K)->80398K(81280K) NonClass: 69138K(69632K)->69138K(69632K) Class: 11260K(11648K)->11260K(11648K)
[6861.655s][info ][gc             ] GC(147) Pause Young (Allocation Failure) 2347M->486M(2388M) 17.950ms
[6861.655s][info ][gc,cpu         ] GC(147) User=0.06s Sys=0.00s Real=0.02s
[6861.655s][info ][safepoint      ] Safepoint "ParallelGCFailedAllocation", Time since last: 3953025964 ns, Reaching safepoint: 28700 ns, At safepoint: 18033264 ns, Total: 18061964 ns
[6865.655s][info ][safepoint      ] Safepoint "Cleanup", Time since last: 4000195527 ns, Reaching safepoint: 41300 ns, At safepoint: 5100 ns, Total: 46400 ns
[6869.655s][info ][safepoint      ] Safepoint "Cleanup", Time since last: 4000282624 ns, Reaching safepoint: 36900 ns, At safepoint: 2600 ns, Total: 39500 ns
[6870.655s][info ][safepoint      ] Safepoint "Cleanup", Time since last: 1000095255 ns, Reaching safepoint: 46700 ns, At safepoint: 4700 ns, Total: 51400 ns
[6871.656s][info ][safepoint      ] Safepoint "Cleanup", Time since last: 1000086055 ns, Reaching safepoint: 33101 ns, At safepoint: 2800 ns, Total: 35901 ns
[6891.657s][info ][safepoint      ] Safepoint "Cleanup", Time since last: 20001274851 ns, Reaching safepoint: 28600 ns, At safepoint: 4100 ns, Total: 32700 ns
[6911.658s][info ][safepoint      ] Safepoint "Cleanup", Time since last: 20001120859 ns, Reaching safepoint: 54301 ns, At safepoint: 3100 ns, Total: 57401 ns
[6920.692s][info ][gc,start       ] GC(148) Pause Young (Allocation Failure)
[6920.709s][debug][gc,phases      ] GC(148) Scavenge 16.808ms
[6920.709s][debug][gc,ref         ] GC(148) Skipped phase 1 of Reference Processing: no references
[6920.709s][debug][gc,ref         ] GC(148) ReferenceProcessor::execute queues: 1, RefProcThreadModel::Single, marks_oops_alive: false
[6920.709s][debug][gc,ref         ] GC(148) Skipped phase 3 of Reference Processing: no references
[6920.709s][debug][gc,ref         ] GC(148) ReferenceProcessor::execute queues: 1, RefProcThreadModel::Single, marks_oops_alive: false
[6920.709s][debug][gc,phases      ] GC(148) Reference Processing 0.097ms
[6920.709s][debug][gc,phases      ] GC(148)   VM Weak                        Min:  0.0, Avg:  0.0, Max:  0.0, Diff:  0.0, Sum:  0.0, Workers: 4
[6920.709s][debug][gc,phases      ] GC(148)     Dead                           Min: 0, Avg:  0.0, Max: 0, Diff: 0, Sum: 0, Workers: 4
[6920.709s][debug][gc,phases      ] GC(148)     Total                          Min: 0, Avg: 169.8, Max: 679, Diff: 679, Sum: 679, Workers: 4
[6920.709s][debug][gc,phases      ] GC(148)   ObjectSynchronizer Weak        Min:  0.0, Avg:  0.0, Max:  0.0, Diff:  0.0, Sum:  0.0, Workers: 4
[6920.709s][debug][gc,phases      ] GC(148)     Dead                           Min: 0, Avg:  0.0, Max: 0, Diff: 0, Sum: 0, Workers: 4
[6920.709s][debug][gc,phases      ] GC(148)     Total                          Min: 0, Avg: 161.8, Max: 448, Diff: 448, Sum: 647, Workers: 4
[6920.709s][debug][gc,phases      ] GC(148)   JVMTI Tag Weak OopStorage      Min:  0.0, Avg:  0.0, Max:  0.0, Diff:  0.0, Sum:  0.0, Workers: 4
[6920.709s][debug][gc,phases      ] GC(148)     Dead                           Min: 0, Avg:  0.0, Max: 0, Diff: 0, Sum: 0, Workers: 4
[6920.709s][debug][gc,phases      ] GC(148)     Total                          Min: 0, Avg:  0.0, Max: 0, Diff: 0, Sum: 0, Workers: 4
[6920.709s][debug][gc,phases      ] GC(148)   StringTable Weak               Min:  0.1, Avg:  0.1, Max:  0.1, Diff:  0.0, Sum:  0.4, Workers: 4
[6920.709s][debug][gc,phases      ] GC(148)     Dead                           Min: 0, Avg:  0.0, Max: 0, Diff: 0, Sum: 0, Workers: 4
[6920.709s][debug][gc,phases      ] GC(148)     Total                          Min: 9536, Avg: 10769.2, Max: 11327, Diff: 1791, Sum: 43077, Workers: 4
[6920.709s][debug][gc,phases      ] GC(148)   ResolvedMethodTable Weak       Min:  0.0, Avg:  0.0, Max:  0.0, Diff:  0.0, Sum:  0.1, Workers: 4
[6920.709s][debug][gc,phases      ] GC(148)     Dead                           Min: 0, Avg:  0.0, Max: 0, Diff: 0, Sum: 0, Workers: 4
[6920.709s][debug][gc,phases      ] GC(148)     Total                          Min: 2112, Avg: 2213.5, Max: 2326, Diff: 214, Sum: 8854, Workers: 4
[6920.709s][debug][gc,phases      ] GC(148)   JNI Weak                       Min:  0.0, Avg:  0.0, Max:  0.0, Diff:  0.0, Sum:  0.0, Workers: 4
[6920.709s][debug][gc,phases      ] GC(148)     Dead                           Min: 0, Avg:  0.0, Max: 0, Diff: 0, Sum: 0, Workers: 4
[6920.709s][debug][gc,phases      ] GC(148)     Total                          Min: 0, Avg: 11.2, Max: 45, Diff: 45, Sum: 45, Workers: 4
[6920.709s][debug][gc,phases      ] GC(148)   StringDedup Table Weak         Min:  0.0, Avg:  0.0, Max:  0.0, Diff:  0.0, Sum:  0.0, Workers: 4
[6920.709s][debug][gc,phases      ] GC(148)     Dead                           Min: 0, Avg:  0.0, Max: 0, Diff: 0, Sum: 0, Workers: 4
[6920.709s][debug][gc,phases      ] GC(148)     Total                          Min: 0, Avg:  0.0, Max: 0, Diff: 0, Sum: 0, Workers: 4
[6920.709s][debug][gc,phases      ] GC(148)   StringDedup Requests0 Weak     Min:  0.0, Avg:  0.0, Max:  0.0, Diff:  0.0, Sum:  0.0, Workers: 4
[6920.709s][debug][gc,phases      ] GC(148)     Dead                           Min: 0, Avg:  0.0, Max: 0, Diff: 0, Sum: 0, Workers: 4
[6920.709s][debug][gc,phases      ] GC(148)     Total                          Min: 0, Avg:  0.0, Max: 0, Diff: 0, Sum: 0, Workers: 4
[6920.709s][debug][gc,phases      ] GC(148)   StringDedup Requests1 Weak     Min:  0.0, Avg:  0.0, Max:  0.0, Diff:  0.0, Sum:  0.0, Workers: 4
[6920.709s][debug][gc,phases      ] GC(148)     Dead                           Min: 0, Avg:  0.0, Max: 0, Diff: 0, Sum: 0, Workers: 4
[6920.709s][debug][gc,phases      ] GC(148)     Total                          Min: 0, Avg:  0.0, Max: 0, Diff: 0, Sum: 0, Workers: 4
[6920.709s][debug][gc,phases      ] GC(148)   Weak JFR Old Object Samples    Min:  0.0, Avg:  0.0, Max:  0.0, Diff:  0.0, Sum:  0.0, Workers: 4
[6920.709s][debug][gc,phases      ] GC(148)     Dead                           Min: 0, Avg:  0.0, Max: 0, Diff: 0, Sum: 0, Workers: 4
[6920.709s][debug][gc,phases      ] GC(148)     Total                          Min: 0, Avg:  0.0, Max: 0, Diff: 0, Sum: 0, Workers: 4
[6920.709s][debug][gc,phases      ] GC(148) Weak Processing 0.283ms
[6920.709s][debug][gc,age         ] GC(148) Desired survivor size 107479040 bytes, new threshold 15 (max threshold 15)
[6920.709s][info ][gc,heap        ] GC(148) PSYoungGen: 1952752K(1991680K)->61440K(1953280K) Eden: 1891328K(1891328K)->0K(1891328K) From: 61424K(100352K)->61440K(61952K)
[6920.709s][info ][gc,heap        ] GC(148) ParOldGen: 437132K(453632K)->437172K(453632K)
[6920.709s][info ][gc,metaspace   ] GC(148) Metaspace: 80409K(81280K)->80409K(81280K) NonClass: 69148K(69632K)->69148K(69632K) Class: 11260K(11648K)->11260K(11648K)
[6920.709s][info ][gc             ] GC(148) Pause Young (Allocation Failure) 2333M->486M(2350M) 17.299ms
[6920.709s][info ][gc,cpu         ] GC(148) User=0.05s Sys=0.01s Real=0.02s
[6920.709s][info ][safepoint      ] Safepoint "ParallelGCFailedAllocation", Time since last: 9033602220 ns, Reaching safepoint: 27800 ns, At safepoint: 17365261 ns, Total: 17393061 ns
[6933.710s][info ][safepoint      ] Safepoint "Cleanup", Time since last: 13000745551 ns, Reaching safepoint: 53001 ns, At safepoint: 5000 ns, Total: 58001 ns
[6990.188s][info ][gc,start       ] GC(149) Pause Young (Allocation Failure)
[6990.208s][debug][gc,phases      ] GC(149) Scavenge 20.017ms
[6990.208s][debug][gc,ref         ] GC(149) Skipped phase 1 of Reference Processing: no references
[6990.208s][debug][gc,ref         ] GC(149) ReferenceProcessor::execute queues: 1, RefProcThreadModel::Single, marks_oops_alive: false
[6990.209s][debug][gc,ref         ] GC(149) Skipped phase 3 of Reference Processing: no references
[6990.209s][debug][gc,ref         ] GC(149) ReferenceProcessor::execute queues: 1, RefProcThreadModel::Single, marks_oops_alive: false
[6990.209s][debug][gc,phases      ] GC(149) Reference Processing 0.102ms
[6990.209s][debug][gc,phases      ] GC(149)   VM Weak                        Min:  0.0, Avg:  0.0, Max:  0.0, Diff:  0.0, Sum:  0.0, Workers: 4
[6990.209s][debug][gc,phases      ] GC(149)     Dead                           Min: 0, Avg:  0.0, Max: 0, Diff: 0, Sum: 0, Workers: 4
[6990.209s][debug][gc,phases      ] GC(149)     Total                          Min: 0, Avg: 169.8, Max: 297, Diff: 297, Sum: 679, Workers: 4
[6990.209s][debug][gc,phases      ] GC(149)   ObjectSynchronizer Weak        Min:  0.0, Avg:  0.0, Max:  0.0, Diff:  0.0, Sum:  0.0, Workers: 4
[6990.209s][debug][gc,phases      ] GC(149)     Dead                           Min: 0, Avg:  0.0, Max: 0, Diff: 0, Sum: 0, Workers: 4
[6990.209s][debug][gc,phases      ] GC(149)     Total                          Min: 0, Avg: 161.8, Max: 256, Diff: 256, Sum: 647, Workers: 4
[6990.209s][debug][gc,phases      ] GC(149)   JVMTI Tag Weak OopStorage      Min:  0.0, Avg:  0.0, Max:  0.0, Diff:  0.0, Sum:  0.0, Workers: 4
[6990.209s][debug][gc,phases      ] GC(149)     Dead                           Min: 0, Avg:  0.0, Max: 0, Diff: 0, Sum: 0, Workers: 4
[6990.209s][debug][gc,phases      ] GC(149)     Total                          Min: 0, Avg:  0.0, Max: 0, Diff: 0, Sum: 0, Workers: 4
[6990.209s][debug][gc,phases      ] GC(149)   StringTable Weak               Min:  0.0, Avg:  0.1, Max:  0.1, Diff:  0.1, Sum:  0.3, Workers: 4
[6990.209s][debug][gc,phases      ] GC(149)     Dead                           Min: 0, Avg:  0.2, Max: 1, Diff: 1, Sum: 1, Workers: 4
[6990.209s][debug][gc,phases      ] GC(149)     Total                          Min: 0, Avg: 10769.5, Max: 18303, Diff: 18303, Sum: 43078, Workers: 4
[6990.209s][debug][gc,phases      ] GC(149)   ResolvedMethodTable Weak       Min:  0.0, Avg:  0.0, Max:  0.0, Diff:  0.0, Sum:  0.1, Workers: 4
[6990.209s][debug][gc,phases      ] GC(149)     Dead                           Min: 0, Avg:  0.0, Max: 0, Diff: 0, Sum: 0, Workers: 4
[6990.209s][debug][gc,phases      ] GC(149)     Total                          Min: 0, Avg: 2214.0, Max: 3904, Diff: 3904, Sum: 8856, Workers: 4
[6990.209s][debug][gc,phases      ] GC(149)   JNI Weak                       Min:  0.0, Avg:  0.0, Max:  0.0, Diff:  0.0, Sum:  0.0, Workers: 4
[6990.209s][debug][gc,phases      ] GC(149)     Dead                           Min: 0, Avg:  0.0, Max: 0, Diff: 0, Sum: 0, Workers: 4
[6990.209s][debug][gc,phases      ] GC(149)     Total                          Min: 0, Avg: 11.2, Max: 45, Diff: 45, Sum: 45, Workers: 4
[6990.209s][debug][gc,phases      ] GC(149)   StringDedup Table Weak         Min:  0.0, Avg:  0.0, Max:  0.0, Diff:  0.0, Sum:  0.0, Workers: 4
[6990.209s][debug][gc,phases      ] GC(149)     Dead                           Min: 0, Avg:  0.0, Max: 0, Diff: 0, Sum: 0, Workers: 4
[6990.209s][debug][gc,phases      ] GC(149)     Total                          Min: 0, Avg:  0.0, Max: 0, Diff: 0, Sum: 0, Workers: 4
[6990.209s][debug][gc,phases      ] GC(149)   StringDedup Requests0 Weak     Min:  0.0, Avg:  0.0, Max:  0.0, Diff:  0.0, Sum:  0.0, Workers: 4
[6990.209s][debug][gc,phases      ] GC(149)     Dead                           Min: 0, Avg:  0.0, Max: 0, Diff: 0, Sum: 0, Workers: 4
[6990.209s][debug][gc,phases      ] GC(149)     Total                          Min: 0, Avg:  0.0, Max: 0, Diff: 0, Sum: 0, Workers: 4
[6990.209s][debug][gc,phases      ] GC(149)   StringDedup Requests1 Weak     Min:  0.0, Avg:  0.0, Max:  0.0, Diff:  0.0, Sum:  0.0, Workers: 4
[6990.209s][debug][gc,phases      ] GC(149)     Dead                           Min: 0, Avg:  0.0, Max: 0, Diff: 0, Sum: 0, Workers: 4
[6990.209s][debug][gc,phases      ] GC(149)     Total                          Min: 0, Avg:  0.0, Max: 0, Diff: 0, Sum: 0, Workers: 4
[6990.209s][debug][gc,phases      ] GC(149)   Weak JFR Old Object Samples    Min:  0.0, Avg:  0.0, Max:  0.0, Diff:  0.0, Sum:  0.0, Workers: 4
[6990.209s][debug][gc,phases      ] GC(149)     Dead                           Min: 0, Avg:  0.0, Max: 0, Diff: 0, Sum: 0, Workers: 4
[6990.209s][debug][gc,phases      ] GC(149)     Total                          Min: 0, Avg:  0.0, Max: 0, Diff: 0, Sum: 0, Workers: 4
[6990.209s][debug][gc,phases      ] GC(149) Weak Processing 0.327ms
[6990.209s][debug][gc,age         ] GC(149) Desired survivor size 108003328 bytes, new threshold 15 (max threshold 15)
[6990.209s][info ][gc,heap        ] GC(149) PSYoungGen: 1952768K(1953280K)->60896K(1991168K) Eden: 1891328K(1891328K)->0K(1886208K) From: 61440K(61952K)->60896K(104960K)
[6990.209s][info ][gc,heap        ] GC(149) ParOldGen: 437172K(453632K)->437228K(453632K)
[6990.209s][info ][gc,metaspace   ] GC(149) Metaspace: 80411K(81280K)->80411K(81280K) NonClass: 69150K(69632K)->69150K(69632K) Class: 11261K(11648K)->11261K(11648K)
[6990.209s][info ][gc             ] GC(149) Pause Young (Allocation Failure) 2333M->486M(2387M) 20.566ms
[6990.209s][info ][gc,cpu         ] GC(149) User=0.06s Sys=0.00s Real=0.02s
[6990.209s][info ][safepoint      ] Safepoint "ParallelGCFailedAllocation", Time since last: 56478392955 ns, Reaching safepoint: 37601 ns, At safepoint: 20637172 ns, Total: 20674773 ns
[7021.211s][info ][safepoint      ] Safepoint "Cleanup", Time since last: 31001823834 ns, Reaching safepoint: 44501 ns, At safepoint: 2900 ns, Total: 47401 ns
[7022.211s][info ][safepoint      ] Safepoint "Cleanup", Time since last: 1000107624 ns, Reaching safepoint: 38300 ns, At safepoint: 2700 ns, Total: 41000 ns
[7057.213s][info ][safepoint      ] Safepoint "Cleanup", Time since last: 35002145931 ns, Reaching safepoint: 50601 ns, At safepoint: 7400 ns, Total: 58001 ns
[7062.214s][info ][safepoint      ] Safepoint "Cleanup", Time since last: 5000373388 ns, Reaching safepoint: 35100 ns, At safepoint: 3300 ns, Total: 38400 ns
[7082.737s][info ][gc,start       ] GC(150) Pause Young (Allocation Failure)
[7082.753s][debug][gc,phases      ] GC(150) Scavenge 15.832ms
[7082.753s][debug][gc,ref         ] GC(150) Skipped phase 1 of Reference Processing: no references
[7082.753s][debug][gc,ref         ] GC(150) ReferenceProcessor::execute queues: 1, RefProcThreadModel::Single, marks_oops_alive: false
[7082.753s][debug][gc,ref         ] GC(150) Skipped phase 3 of Reference Processing: no references
[7082.753s][debug][gc,ref         ] GC(150) ReferenceProcessor::execute queues: 1, RefProcThreadModel::Single, marks_oops_alive: false
[7082.753s][debug][gc,phases      ] GC(150) Reference Processing 0.118ms
[7082.753s][debug][gc,phases      ] GC(150)   VM Weak                        Min:  0.0, Avg:  0.0, Max:  0.0, Diff:  0.0, Sum:  0.0, Workers: 4
[7082.753s][debug][gc,phases      ] GC(150)     Dead                           Min: 0, Avg:  0.0, Max: 0, Diff: 0, Sum: 0, Workers: 4
[7082.753s][debug][gc,phases      ] GC(150)     Total                          Min: 0, Avg: 169.8, Max: 615, Diff: 615, Sum: 679, Workers: 4
[7082.753s][debug][gc,phases      ] GC(150)   ObjectSynchronizer Weak        Min:  0.0, Avg:  0.0, Max:  0.0, Diff:  0.0, Sum:  0.0, Workers: 4
[7082.753s][debug][gc,phases      ] GC(150)     Dead                           Min: 0, Avg:  0.0, Max: 0, Diff: 0, Sum: 0, Workers: 4
[7082.753s][debug][gc,phases      ] GC(150)     Total                          Min: 0, Avg: 161.8, Max: 384, Diff: 384, Sum: 647, Workers: 4
[7082.753s][debug][gc,phases      ] GC(150)   JVMTI Tag Weak OopStorage      Min:  0.0, Avg:  0.0, Max:  0.0, Diff:  0.0, Sum:  0.0, Workers: 4
[7082.753s][debug][gc,phases      ] GC(150)     Dead                           Min: 0, Avg:  0.0, Max: 0, Diff: 0, Sum: 0, Workers: 4
[7082.753s][debug][gc,phases      ] GC(150)     Total                          Min: 0, Avg:  0.0, Max: 0, Diff: 0, Sum: 0, Workers: 4
[7082.753s][debug][gc,phases      ] GC(150)   StringTable Weak               Min:  0.1, Avg:  0.1, Max:  0.1, Diff:  0.0, Sum:  0.4, Workers: 4
[7082.753s][debug][gc,phases      ] GC(150)     Dead                           Min: 0, Avg:  0.0, Max: 0, Diff: 0, Sum: 0, Workers: 4
[7082.753s][debug][gc,phases      ] GC(150)     Total                          Min: 9600, Avg: 10769.5, Max: 11336, Diff: 1736, Sum: 43078, Workers: 4
[7082.753s][debug][gc,phases      ] GC(150)   ResolvedMethodTable Weak       Min:  0.0, Avg:  0.0, Max:  0.0, Diff:  0.0, Sum:  0.1, Workers: 4
[7082.753s][debug][gc,phases      ] GC(150)     Dead                           Min: 0, Avg:  0.0, Max: 0, Diff: 0, Sum: 0, Workers: 4
[7082.753s][debug][gc,phases      ] GC(150)     Total                          Min: 896, Avg: 2214.0, Max: 2751, Diff: 1855, Sum: 8856, Workers: 4
[7082.753s][debug][gc,phases      ] GC(150)   JNI Weak                       Min:  0.0, Avg:  0.0, Max:  0.0, Diff:  0.0, Sum:  0.0, Workers: 4
[7082.753s][debug][gc,phases      ] GC(150)     Dead                           Min: 0, Avg:  0.0, Max: 0, Diff: 0, Sum: 0, Workers: 4
[7082.753s][debug][gc,phases      ] GC(150)     Total                          Min: 0, Avg: 11.2, Max: 45, Diff: 45, Sum: 45, Workers: 4
[7082.753s][debug][gc,phases      ] GC(150)   StringDedup Table Weak         Min:  0.0, Avg:  0.0, Max:  0.0, Diff:  0.0, Sum:  0.0, Workers: 4
[7082.753s][debug][gc,phases      ] GC(150)     Dead                           Min: 0, Avg:  0.0, Max: 0, Diff: 0, Sum: 0, Workers: 4
[7082.753s][debug][gc,phases      ] GC(150)     Total                          Min: 0, Avg:  0.0, Max: 0, Diff: 0, Sum: 0, Workers: 4
[7082.753s][debug][gc,phases      ] GC(150)   StringDedup Requests0 Weak     Min:  0.0, Avg:  0.0, Max:  0.0, Diff:  0.0, Sum:  0.0, Workers: 4
[7082.754s][debug][gc,phases      ] GC(150)     Dead                           Min: 0, Avg:  0.0, Max: 0, Diff: 0, Sum: 0, Workers: 4
[7082.754s][debug][gc,phases      ] GC(150)     Total                          Min: 0, Avg:  0.0, Max: 0, Diff: 0, Sum: 0, Workers: 4
[7082.754s][debug][gc,phases      ] GC(150)   StringDedup Requests1 Weak     Min:  0.0, Avg:  0.0, Max:  0.0, Diff:  0.0, Sum:  0.0, Workers: 4
[7082.754s][debug][gc,phases      ] GC(150)     Dead                           Min: 0, Avg:  0.0, Max: 0, Diff: 0, Sum: 0, Workers: 4
[7082.754s][debug][gc,phases      ] GC(150)     Total                          Min: 0, Avg:  0.0, Max: 0, Diff: 0, Sum: 0, Workers: 4
[7082.754s][debug][gc,phases      ] GC(150)   Weak JFR Old Object Samples    Min:  0.0, Avg:  0.0, Max:  0.0, Diff:  0.0, Sum:  0.0, Workers: 4
[7082.754s][debug][gc,phases      ] GC(150)     Dead                           Min: 0, Avg:  0.0, Max: 0, Diff: 0, Sum: 0, Workers: 4
[7082.754s][debug][gc,phases      ] GC(150)     Total                          Min: 0, Avg:  0.0, Max: 0, Diff: 0, Sum: 0, Workers: 4
[7082.754s][debug][gc,phases      ] GC(150) Weak Processing 0.288ms
[7082.754s][debug][gc,age         ] GC(150) Desired survivor size 108527616 bytes, new threshold 15 (max threshold 15)
[7082.754s][info ][gc,heap        ] GC(150) PSYoungGen: 1947104K(1991168K)->60640K(1947136K) Eden: 1886208K(1886208K)->0K(1886208K) From: 60896K(104960K)->60640K(60928K)
[7082.754s][info ][gc,heap        ] GC(150) ParOldGen: 437228K(453632K)->437504K(453632K)
[7082.754s][info ][gc,metaspace   ] GC(150) Metaspace: 80411K(81280K)->80411K(81280K) NonClass: 69150K(69632K)->69150K(69632K) Class: 11261K(11648K)->11261K(11648K)
[7082.754s][info ][gc             ] GC(150) Pause Young (Allocation Failure) 2328M->486M(2344M) 16.361ms
[7082.754s][info ][gc,cpu         ] GC(150) User=0.05s Sys=0.00s Real=0.02s
[7082.754s][info ][safepoint      ] Safepoint "ParallelGCFailedAllocation", Time since last: 20523526445 ns, Reaching safepoint: 35500 ns, At safepoint: 16478058 ns, Total: 16513558 ns
[7091.754s][info ][safepoint      ] Safepoint "Cleanup", Time since last: 9000544518 ns, Reaching safepoint: 42200 ns, At safepoint: 3100 ns, Total: 45300 ns
[7111.755s][info ][safepoint      ] Safepoint "Cleanup", Time since last: 20001251018 ns, Reaching safepoint: 34501 ns, At safepoint: 7700 ns, Total: 42201 ns
[7132.757s][info ][safepoint      ] Safepoint "Cleanup", Time since last: 21001260365 ns, Reaching safepoint: 59200 ns, At safepoint: 5800 ns, Total: 65000 ns
[7176.484s][info ][gc,start       ] GC(151) Pause Young (Allocation Failure)
[7176.502s][debug][gc,phases      ] GC(151) Scavenge 17.491ms
[7176.502s][debug][gc,ref         ] GC(151) Skipped phase 1 of Reference Processing: no references
[7176.502s][debug][gc,ref         ] GC(151) ReferenceProcessor::execute queues: 1, RefProcThreadModel::Single, marks_oops_alive: false
[7176.502s][debug][gc,ref         ] GC(151) Skipped phase 3 of Reference Processing: no references
[7176.502s][debug][gc,ref         ] GC(151) ReferenceProcessor::execute queues: 1, RefProcThreadModel::Single, marks_oops_alive: false
[7176.502s][debug][gc,phases      ] GC(151) Reference Processing 0.105ms
[7176.502s][debug][gc,phases      ] GC(151)   VM Weak                        Min:  0.0, Avg:  0.0, Max:  0.0, Diff:  0.0, Sum:  0.0, Workers: 4
[7176.502s][debug][gc,phases      ] GC(151)     Dead                           Min: 0, Avg:  0.0, Max: 0, Diff: 0, Sum: 0, Workers: 4
[7176.502s][debug][gc,phases      ] GC(151)     Total                          Min: 0, Avg: 169.8, Max: 361, Diff: 361, Sum: 679, Workers: 4
[7176.502s][debug][gc,phases      ] GC(151)   ObjectSynchronizer Weak        Min:  0.0, Avg:  0.0, Max:  0.0, Diff:  0.0, Sum:  0.0, Workers: 4
[7176.502s][debug][gc,phases      ] GC(151)     Dead                           Min: 0, Avg:  0.0, Max: 0, Diff: 0, Sum: 0, Workers: 4
[7176.502s][debug][gc,phases      ] GC(151)     Total                          Min: 0, Avg: 161.8, Max: 384, Diff: 384, Sum: 647, Workers: 4
[7176.502s][debug][gc,phases      ] GC(151)   JVMTI Tag Weak OopStorage      Min:  0.0, Avg:  0.0, Max:  0.0, Diff:  0.0, Sum:  0.0, Workers: 4
[7176.502s][debug][gc,phases      ] GC(151)     Dead                           Min: 0, Avg:  0.0, Max: 0, Diff: 0, Sum: 0, Workers: 4
[7176.502s][debug][gc,phases      ] GC(151)     Total                          Min: 0, Avg:  0.0, Max: 0, Diff: 0, Sum: 0, Workers: 4
[7176.502s][debug][gc,phases      ] GC(151)   StringTable Weak               Min:  0.0, Avg:  0.1, Max:  0.1, Diff:  0.1, Sum:  0.3, Workers: 4
[7176.502s][debug][gc,phases      ] GC(151)     Dead                           Min: 0, Avg:  0.0, Max: 0, Diff: 0, Sum: 0, Workers: 4
[7176.502s][debug][gc,phases      ] GC(151)     Total                          Min: 0, Avg: 10769.5, Max: 18751, Diff: 18751, Sum: 43078, Workers: 4
[7176.502s][debug][gc,phases      ] GC(151)   ResolvedMethodTable Weak       Min:  0.0, Avg:  0.0, Max:  0.0, Diff:  0.0, Sum:  0.1, Workers: 4
[7176.502s][debug][gc,phases      ] GC(151)     Dead                           Min: 0, Avg:  0.0, Max: 0, Diff: 0, Sum: 0, Workers: 4
[7176.502s][debug][gc,phases      ] GC(151)     Total                          Min: 0, Avg: 2214.0, Max: 3968, Diff: 3968, Sum: 8856, Workers: 4
[7176.502s][debug][gc,phases      ] GC(151)   JNI Weak                       Min:  0.0, Avg:  0.0, Max:  0.0, Diff:  0.0, Sum:  0.0, Workers: 4
[7176.502s][debug][gc,phases      ] GC(151)     Dead                           Min: 0, Avg:  0.0, Max: 0, Diff: 0, Sum: 0, Workers: 4
[7176.502s][debug][gc,phases      ] GC(151)     Total                          Min: 0, Avg: 11.2, Max: 45, Diff: 45, Sum: 45, Workers: 4
[7176.502s][debug][gc,phases      ] GC(151)   StringDedup Table Weak         Min:  0.0, Avg:  0.0, Max:  0.0, Diff:  0.0, Sum:  0.0, Workers: 4
[7176.502s][debug][gc,phases      ] GC(151)     Dead                           Min: 0, Avg:  0.0, Max: 0, Diff: 0, Sum: 0, Workers: 4
[7176.502s][debug][gc,phases      ] GC(151)     Total                          Min: 0, Avg:  0.0, Max: 0, Diff: 0, Sum: 0, Workers: 4
[7176.502s][debug][gc,phases      ] GC(151)   StringDedup Requests0 Weak     Min:  0.0, Avg:  0.0, Max:  0.0, Diff:  0.0, Sum:  0.0, Workers: 4
[7176.502s][debug][gc,phases      ] GC(151)     Dead                           Min: 0, Avg:  0.0, Max: 0, Diff: 0, Sum: 0, Workers: 4
[7176.502s][debug][gc,phases      ] GC(151)     Total                          Min: 0, Avg:  0.0, Max: 0, Diff: 0, Sum: 0, Workers: 4
[7176.502s][debug][gc,phases      ] GC(151)   StringDedup Requests1 Weak     Min:  0.0, Avg:  0.0, Max:  0.0, Diff:  0.0, Sum:  0.0, Workers: 4
[7176.502s][debug][gc,phases      ] GC(151)     Dead                           Min: 0, Avg:  0.0, Max: 0, Diff: 0, Sum: 0, Workers: 4
[7176.502s][debug][gc,phases      ] GC(151)     Total                          Min: 0, Avg:  0.0, Max: 0, Diff: 0, Sum: 0, Workers: 4
[7176.502s][debug][gc,phases      ] GC(151)   Weak JFR Old Object Samples    Min:  0.0, Avg:  0.0, Max:  0.0, Diff:  0.0, Sum:  0.0, Workers: 4
[7176.502s][debug][gc,phases      ] GC(151)     Dead                           Min: 0, Avg:  0.0, Max: 0, Diff: 0, Sum: 0, Workers: 4
[7176.502s][debug][gc,phases      ] GC(151)     Total                          Min: 0, Avg:  0.0, Max: 0, Diff: 0, Sum: 0, Workers: 4
[7176.502s][debug][gc,phases      ] GC(151) Weak Processing 0.284ms
[7176.502s][debug][gc,age         ] GC(151) Desired survivor size 107479040 bytes, new threshold 15 (max threshold 15)
[7176.502s][info ][gc,heap        ] GC(151) PSYoungGen: 1946848K(1947136K)->59952K(1992192K) Eden: 1886208K(1886208K)->0K(1886208K) From: 60640K(60928K)->59952K(105984K)
[7176.502s][info ][gc,heap        ] GC(151) ParOldGen: 437504K(453632K)->438264K(453632K)
[7176.502s][info ][gc,metaspace   ] GC(151) Metaspace: 80412K(81280K)->80412K(81280K) NonClass: 69151K(69632K)->69151K(69632K) Class: 11261K(11648K)->11261K(11648K)
[7176.502s][info ][gc             ] GC(151) Pause Young (Allocation Failure) 2328M->486M(2388M) 17.981ms
[7176.502s][info ][gc,cpu         ] GC(151) User=0.06s Sys=0.00s Real=0.02s
[7176.502s][info ][safepoint      ] Safepoint "ParallelGCFailedAllocation", Time since last: 43727177880 ns, Reaching safepoint: 96901 ns, At safepoint: 18080563 ns, Total: 18177464 ns
[7203.504s][info ][safepoint      ] Safepoint "Cleanup", Time since last: 27001702163 ns, Reaching safepoint: 41700 ns, At safepoint: 19800 ns, Total: 61500 ns
[7207.504s][info ][safepoint      ] Safepoint "Cleanup", Time since last: 4000285487 ns, Reaching safepoint: 66501 ns, At safepoint: 9700 ns, Total: 76201 ns
[7209.504s][info ][safepoint      ] Safepoint "Cleanup", Time since last: 2000145092 ns, Reaching safepoint: 43600 ns, At safepoint: 5600 ns, Total: 49200 ns
[7234.506s][info ][safepoint      ] Safepoint "Cleanup", Time since last: 25001558467 ns, Reaching safepoint: 49101 ns, At safepoint: 32200 ns, Total: 81301 ns
[7238.506s][info ][safepoint      ] Safepoint "Cleanup", Time since last: 4000302872 ns, Reaching safepoint: 40000 ns, At safepoint: 9200 ns, Total: 49200 ns
[7239.510s][info ][safepoint      ] Safepoint "Cleanup", Time since last: 1000056593 ns, Reaching safepoint: 3232911 ns, At safepoint: 22900 ns, Total: 3255811 ns
[7268.784s][info ][gc,start       ] GC(152) Pause Young (Allocation Failure)
[7268.798s][debug][gc,phases      ] GC(152) Scavenge 14.448ms
[7268.799s][debug][gc,ref         ] GC(152) Skipped phase 1 of Reference Processing: no references
[7268.799s][debug][gc,ref         ] GC(152) ReferenceProcessor::execute queues: 1, RefProcThreadModel::Single, marks_oops_alive: false
[7268.799s][debug][gc,ref         ] GC(152) Skipped phase 3 of Reference Processing: no references
[7268.799s][debug][gc,ref         ] GC(152) ReferenceProcessor::execute queues: 1, RefProcThreadModel::Single, marks_oops_alive: false
[7268.799s][debug][gc,phases      ] GC(152) Reference Processing 0.121ms
[7268.799s][debug][gc,phases      ] GC(152)   VM Weak                        Min:  0.0, Avg:  0.0, Max:  0.0, Diff:  0.0, Sum:  0.0, Workers: 4
[7268.799s][debug][gc,phases      ] GC(152)     Dead                           Min: 0, Avg:  0.0, Max: 0, Diff: 0, Sum: 0, Workers: 4
[7268.799s][debug][gc,phases      ] GC(152)     Total                          Min: 0, Avg: 169.8, Max: 615, Diff: 615, Sum: 679, Workers: 4
[7268.799s][debug][gc,phases      ] GC(152)   ObjectSynchronizer Weak        Min:  0.0, Avg:  0.0, Max:  0.0, Diff:  0.0, Sum:  0.0, Workers: 4
[7268.799s][debug][gc,phases      ] GC(152)     Dead                           Min: 0, Avg:  0.0, Max: 0, Diff: 0, Sum: 0, Workers: 4
[7268.799s][debug][gc,phases      ] GC(152)     Total                          Min: 0, Avg: 161.8, Max: 320, Diff: 320, Sum: 647, Workers: 4
[7268.799s][debug][gc,phases      ] GC(152)   JVMTI Tag Weak OopStorage      Min:  0.0, Avg:  0.0, Max:  0.0, Diff:  0.0, Sum:  0.0, Workers: 4
[7268.799s][debug][gc,phases      ] GC(152)     Dead                           Min: 0, Avg:  0.0, Max: 0, Diff: 0, Sum: 0, Workers: 4
[7268.799s][debug][gc,phases      ] GC(152)     Total                          Min: 0, Avg:  0.0, Max: 0, Diff: 0, Sum: 0, Workers: 4
[7268.799s][debug][gc,phases      ] GC(152)   StringTable Weak               Min:  0.0, Avg:  0.1, Max:  0.1, Diff:  0.1, Sum:  0.4, Workers: 4
[7268.799s][debug][gc,phases      ] GC(152)     Dead                           Min: 0, Avg:  0.0, Max: 0, Diff: 0, Sum: 0, Workers: 4
[7268.799s][debug][gc,phases      ] GC(152)     Total                          Min: 0, Avg: 10769.5, Max: 14719, Diff: 14719, Sum: 43078, Workers: 4
[7268.799s][debug][gc,phases      ] GC(152)   ResolvedMethodTable Weak       Min:  0.0, Avg:  0.0, Max:  0.0, Diff:  0.0, Sum:  0.1, Workers: 4
[7268.799s][debug][gc,phases      ] GC(152)     Dead                           Min: 0, Avg:  0.0, Max: 0, Diff: 0, Sum: 0, Workers: 4
[7268.799s][debug][gc,phases      ] GC(152)     Total                          Min: 0, Avg: 2214.0, Max: 3033, Diff: 3033, Sum: 8856, Workers: 4
[7268.799s][debug][gc,phases      ] GC(152)   JNI Weak                       Min:  0.0, Avg:  0.0, Max:  0.0, Diff:  0.0, Sum:  0.0, Workers: 4
[7268.799s][debug][gc,phases      ] GC(152)     Dead                           Min: 0, Avg:  0.0, Max: 0, Diff: 0, Sum: 0, Workers: 4
[7268.799s][debug][gc,phases      ] GC(152)     Total                          Min: 0, Avg: 11.2, Max: 45, Diff: 45, Sum: 45, Workers: 4
[7268.799s][debug][gc,phases      ] GC(152)   StringDedup Table Weak         Min:  0.0, Avg:  0.0, Max:  0.0, Diff:  0.0, Sum:  0.0, Workers: 4
[7268.799s][debug][gc,phases      ] GC(152)     Dead                           Min: 0, Avg:  0.0, Max: 0, Diff: 0, Sum: 0, Workers: 4
[7268.799s][debug][gc,phases      ] GC(152)     Total                          Min: 0, Avg:  0.0, Max: 0, Diff: 0, Sum: 0, Workers: 4
[7268.799s][debug][gc,phases      ] GC(152)   StringDedup Requests0 Weak     Min:  0.0, Avg:  0.0, Max:  0.0, Diff:  0.0, Sum:  0.0, Workers: 4
[7268.799s][debug][gc,phases      ] GC(152)     Dead                           Min: 0, Avg:  0.0, Max: 0, Diff: 0, Sum: 0, Workers: 4
[7268.799s][debug][gc,phases      ] GC(152)     Total                          Min: 0, Avg:  0.0, Max: 0, Diff: 0, Sum: 0, Workers: 4
[7268.799s][debug][gc,phases      ] GC(152)   StringDedup Requests1 Weak     Min:  0.0, Avg:  0.0, Max:  0.0, Diff:  0.0, Sum:  0.0, Workers: 4
[7268.799s][debug][gc,phases      ] GC(152)     Dead                           Min: 0, Avg:  0.0, Max: 0, Diff: 0, Sum: 0, Workers: 4
[7268.799s][debug][gc,phases      ] GC(152)     Total                          Min: 0, Avg:  0.0, Max: 0, Diff: 0, Sum: 0, Workers: 4
[7268.799s][debug][gc,phases      ] GC(152)   Weak JFR Old Object Samples    Min:  0.0, Avg:  0.0, Max:  0.0, Diff:  0.0, Sum:  0.0, Workers: 4
[7268.799s][debug][gc,phases      ] GC(152)     Dead                           Min: 0, Avg:  0.0, Max: 0, Diff: 0, Sum: 0, Workers: 4
[7268.799s][debug][gc,phases      ] GC(152)     Total                          Min: 0, Avg:  0.0, Max: 0, Diff: 0, Sum: 0, Workers: 4
[7268.799s][debug][gc,phases      ] GC(152) Weak Processing 0.321ms
[7268.799s][debug][gc,age         ] GC(152) Desired survivor size 101711872 bytes, new threshold 15 (max threshold 15)
[7268.799s][info ][gc,heap        ] GC(152) PSYoungGen: 1946160K(1992192K)->45664K(1991168K) Eden: 1886208K(1886208K)->0K(1886208K) From: 59952K(105984K)->45664K(104960K)
[7268.799s][info ][gc,heap        ] GC(152) ParOldGen: 438264K(453632K)->454256K(454656K)
[7268.799s][info ][gc,metaspace   ] GC(152) Metaspace: 80414K(81280K)->80414K(81280K) NonClass: 69153K(69632K)->69153K(69632K) Class: 11261K(11648K)->11261K(11648K)
[7268.799s][info ][gc             ] GC(152) Pause Young (Allocation Failure) 2328M->488M(2388M) 15.004ms
[7268.799s][info ][gc,cpu         ] GC(152) User=0.05s Sys=0.00s Real=0.02s
[7268.799s][debug][gc,phases      ] GC(153) Pre Compact 0.010ms
[7268.799s][info ][gc,start       ] GC(153) Pause Full (Ergonomics)
[7268.799s][info ][gc,phases,start] GC(153) Marking Phase
[7268.912s][debug][gc,phases      ] GC(153) Par Mark 112.768ms
[7268.912s][debug][gc,ref         ] GC(153) ReferenceProcessor::execute queues: 4, RefProcThreadModel::Multi, marks_oops_alive: true
[7268.912s][debug][gc,ref         ] GC(153) ReferenceProcessor::execute queues: 4, RefProcThreadModel::Multi, marks_oops_alive: false
[7268.912s][debug][gc,ref         ] GC(153) Skipped phase 3 of Reference Processing: no references
[7268.912s][debug][gc,ref         ] GC(153) ReferenceProcessor::execute queues: 1, RefProcThreadModel::Single, marks_oops_alive: false
[7268.912s][debug][gc,phases      ] GC(153) Reference Processing 0.563ms
[7268.913s][debug][gc,phases      ] GC(153)   VM Weak                        Min:  0.0, Avg:  0.0, Max:  0.0, Diff:  0.0, Sum:  0.0, Workers: 4
[7268.913s][debug][gc,phases      ] GC(153)     Dead                           Min: 0, Avg:  9.0, Max: 24, Diff: 24, Sum: 36, Workers: 4
[7268.913s][debug][gc,phases      ] GC(153)     Total                          Min: 0, Avg: 169.8, Max: 499, Diff: 499, Sum: 679, Workers: 4
[7268.913s][debug][gc,phases      ] GC(153)   ObjectSynchronizer Weak        Min:  0.0, Avg:  0.0, Max:  0.0, Diff:  0.0, Sum:  0.0, Workers: 4
[7268.913s][debug][gc,phases      ] GC(153)     Dead                           Min: 0, Avg:  0.5, Max: 2, Diff: 2, Sum: 2, Workers: 4
[7268.913s][debug][gc,phases      ] GC(153)     Total                          Min: 0, Avg: 161.8, Max: 256, Diff: 256, Sum: 647, Workers: 4
[7268.913s][debug][gc,phases      ] GC(153)   JVMTI Tag Weak OopStorage      Min:  0.0, Avg:  0.0, Max:  0.0, Diff:  0.0, Sum:  0.0, Workers: 4
[7268.913s][debug][gc,phases      ] GC(153)     Dead                           Min: 0, Avg:  0.0, Max: 0, Diff: 0, Sum: 0, Workers: 4
[7268.913s][debug][gc,phases      ] GC(153)     Total                          Min: 0, Avg:  0.0, Max: 0, Diff: 0, Sum: 0, Workers: 4
[7268.913s][debug][gc,phases      ] GC(153)   StringTable Weak               Min:  0.1, Avg:  0.1, Max:  0.1, Diff:  0.0, Sum:  0.5, Workers: 4
[7268.913s][debug][gc,phases      ] GC(153)     Dead                           Min: 0, Avg:  0.5, Max: 1, Diff: 1, Sum: 2, Workers: 4
[7268.913s][debug][gc,phases      ] GC(153)     Total                          Min: 10047, Avg: 10769.5, Max: 11199, Diff: 1152, Sum: 43078, Workers: 4
[7268.913s][debug][gc,phases      ] GC(153)   ResolvedMethodTable Weak       Min:  0.0, Avg:  0.0, Max:  0.0, Diff:  0.0, Sum:  0.1, Workers: 4
[7268.913s][debug][gc,phases      ] GC(153)     Dead                           Min: 1, Avg:  4.8, Max: 9, Diff: 8, Sum: 19, Workers: 4
[7268.913s][debug][gc,phases      ] GC(153)     Total                          Min: 2072, Avg: 2214.0, Max: 2368, Diff: 296, Sum: 8856, Workers: 4
[7268.913s][debug][gc,phases      ] GC(153)   JNI Weak                       Min:  0.0, Avg:  0.0, Max:  0.0, Diff:  0.0, Sum:  0.0, Workers: 4
[7268.913s][debug][gc,phases      ] GC(153)     Dead                           Min: 0, Avg:  0.0, Max: 0, Diff: 0, Sum: 0, Workers: 4
[7268.913s][debug][gc,phases      ] GC(153)     Total                          Min: 0, Avg: 11.2, Max: 45, Diff: 45, Sum: 45, Workers: 4
[7268.913s][debug][gc,phases      ] GC(153)   StringDedup Table Weak         Min:  0.0, Avg:  0.0, Max:  0.0, Diff:  0.0, Sum:  0.0, Workers: 4
[7268.913s][debug][gc,phases      ] GC(153)     Dead                           Min: 0, Avg:  0.0, Max: 0, Diff: 0, Sum: 0, Workers: 4
[7268.913s][debug][gc,phases      ] GC(153)     Total                          Min: 0, Avg:  0.0, Max: 0, Diff: 0, Sum: 0, Workers: 4
[7268.913s][debug][gc,phases      ] GC(153)   StringDedup Requests0 Weak     Min:  0.0, Avg:  0.0, Max:  0.0, Diff:  0.0, Sum:  0.0, Workers: 4
[7268.913s][debug][gc,phases      ] GC(153)     Dead                           Min: 0, Avg:  0.0, Max: 0, Diff: 0, Sum: 0, Workers: 4
[7268.913s][debug][gc,phases      ] GC(153)     Total                          Min: 0, Avg:  0.0, Max: 0, Diff: 0, Sum: 0, Workers: 4
[7268.913s][debug][gc,phases      ] GC(153)   StringDedup Requests1 Weak     Min:  0.0, Avg:  0.0, Max:  0.0, Diff:  0.0, Sum:  0.0, Workers: 4
[7268.913s][debug][gc,phases      ] GC(153)     Dead                           Min: 0, Avg:  0.0, Max: 0, Diff: 0, Sum: 0, Workers: 4
[7268.913s][debug][gc,phases      ] GC(153)     Total                          Min: 0, Avg:  0.0, Max: 0, Diff: 0, Sum: 0, Workers: 4
[7268.913s][debug][gc,phases      ] GC(153)   Weak JFR Old Object Samples    Min:  0.0, Avg:  0.0, Max:  0.0, Diff:  0.0, Sum:  0.0, Workers: 4
[7268.913s][debug][gc,phases      ] GC(153)     Dead                           Min: 0, Avg:  0.0, Max: 0, Diff: 0, Sum: 0, Workers: 4
[7268.913s][debug][gc,phases      ] GC(153)     Total                          Min: 0, Avg:  0.0, Max: 0, Diff: 0, Sum: 0, Workers: 4
[7268.913s][debug][gc,phases      ] GC(153) Weak Processing 0.347ms
[7268.913s][debug][gc,phases      ] GC(153) ClassLoaderData 0.238ms
[7268.913s][debug][gc,phases      ] GC(153) Trigger cleanups 0.006ms
[7268.942s][debug][gc,phases      ] GC(153) Class Unloading 29.206ms
[7268.942s][info ][gc,phases      ] GC(153) Marking Phase 143.028ms
[7268.942s][info ][gc,phases,start] GC(153) Summary Phase
[7268.942s][info ][gc,phases      ] GC(153) Summary Phase 0.025ms
[7268.942s][info ][gc,phases,start] GC(153) Adjust Roots
[7268.959s][info ][gc,phases      ] GC(153) Adjust Roots 16.922ms
[7268.959s][info ][gc,phases,start] GC(153) Compaction Phase
[7269.092s][info ][gc,phases      ] GC(153) Compaction Phase 132.584ms
[7269.092s][info ][gc,phases,start] GC(153) Post Compact
[7269.093s][info ][gc,phases      ] GC(153) Post Compact 1.049ms
[7269.093s][info ][gc,heap        ] GC(153) PSYoungGen: 45664K(1991168K)->0K(1997824K) Eden: 0K(1886208K)->0K(1898496K) From: 45664K(104960K)->0K(99328K)
[7269.093s][info ][gc,heap        ] GC(153) ParOldGen: 454256K(454656K)->439731K(535552K)
[7269.093s][info ][gc,metaspace   ] GC(153) Metaspace: 80414K(81280K)->80340K(81280K) NonClass: 69153K(69632K)->69097K(69632K) Class: 11261K(11648K)->11243K(11648K)
[7269.093s][info ][gc             ] GC(153) Pause Full (Ergonomics) 488M->429M(2474M) 293.824ms
[7269.093s][info ][gc,cpu         ] GC(153) User=0.96s Sys=0.00s Real=0.29s
[7269.093s][info ][safepoint      ] Safepoint "ParallelGCFailedAllocation", Time since last: 29274021188 ns, Reaching safepoint: 125800 ns, At safepoint: 308981778 ns, Total: 309107578 ns
[7295.095s][info ][safepoint      ] Safepoint "Cleanup", Time since last: 26001656586 ns, Reaching safepoint: 38800 ns, At safepoint: 24600 ns, Total: 63400 ns
[7298.095s][info ][safepoint      ] Safepoint "Cleanup", Time since last: 3000245959 ns, Reaching safepoint: 42500 ns, At safepoint: 7000 ns, Total: 49500 ns
[7362.634s][info ][gc,start       ] GC(154) Pause Young (Allocation Failure)
[7362.636s][debug][gc,phases      ] GC(154) Scavenge 1.975ms
[7362.636s][debug][gc,ref         ] GC(154) Skipped phase 1 of Reference Processing: no references
[7362.636s][debug][gc,ref         ] GC(154) ReferenceProcessor::execute queues: 1, RefProcThreadModel::Single, marks_oops_alive: false
[7362.636s][debug][gc,ref         ] GC(154) Skipped phase 3 of Reference Processing: no references
[7362.636s][debug][gc,ref         ] GC(154) ReferenceProcessor::execute queues: 1, RefProcThreadModel::Single, marks_oops_alive: false
[7362.636s][debug][gc,phases      ] GC(154) Reference Processing 0.093ms
[7362.637s][debug][gc,phases      ] GC(154)   VM Weak                        Min:  0.0, Avg:  0.0, Max:  0.0, Diff:  0.0, Sum:  0.0, Workers: 4
[7362.637s][debug][gc,phases      ] GC(154)     Dead                           Min: 0, Avg:  0.0, Max: 0, Diff: 0, Sum: 0, Workers: 4
[7362.637s][debug][gc,phases      ] GC(154)     Total                          Min: 0, Avg: 160.8, Max: 526, Diff: 526, Sum: 643, Workers: 4
[7362.637s][debug][gc,phases      ] GC(154)   ObjectSynchronizer Weak        Min:  0.0, Avg:  0.0, Max:  0.0, Diff:  0.0, Sum:  0.0, Workers: 4
[7362.637s][debug][gc,phases      ] GC(154)     Dead                           Min: 0, Avg:  0.0, Max: 0, Diff: 0, Sum: 0, Workers: 4
[7362.637s][debug][gc,phases      ] GC(154)     Total                          Min: 64, Avg: 161.8, Max: 320, Diff: 256, Sum: 647, Workers: 4
[7362.637s][debug][gc,phases      ] GC(154)   JVMTI Tag Weak OopStorage      Min:  0.0, Avg:  0.0, Max:  0.0, Diff:  0.0, Sum:  0.0, Workers: 4
[7362.637s][debug][gc,phases      ] GC(154)     Dead                           Min: 0, Avg:  0.0, Max: 0, Diff: 0, Sum: 0, Workers: 4
[7362.637s][debug][gc,phases      ] GC(154)     Total                          Min: 0, Avg:  0.0, Max: 0, Diff: 0, Sum: 0, Workers: 4
[7362.637s][debug][gc,phases      ] GC(154)   StringTable Weak               Min:  0.1, Avg:  0.1, Max:  0.1, Diff:  0.0, Sum:  0.4, Workers: 4
[7362.637s][debug][gc,phases      ] GC(154)     Dead                           Min: 0, Avg:  0.0, Max: 0, Diff: 0, Sum: 0, Workers: 4
[7362.637s][debug][gc,phases      ] GC(154)     Total                          Min: 9224, Avg: 10769.5, Max: 11455, Diff: 2231, Sum: 43078, Workers: 4
[7362.637s][debug][gc,phases      ] GC(154)   ResolvedMethodTable Weak       Min:  0.0, Avg:  0.0, Max:  0.0, Diff:  0.0, Sum:  0.1, Workers: 4
[7362.637s][debug][gc,phases      ] GC(154)     Dead                           Min: 0, Avg:  0.0, Max: 0, Diff: 0, Sum: 0, Workers: 4
[7362.637s][debug][gc,phases      ] GC(154)     Total                          Min: 2176, Avg: 2214.0, Max: 2304, Diff: 128, Sum: 8856, Workers: 4
[7362.637s][debug][gc,phases      ] GC(154)   JNI Weak                       Min:  0.0, Avg:  0.0, Max:  0.0, Diff:  0.0, Sum:  0.0, Workers: 4
[7362.637s][debug][gc,phases      ] GC(154)     Dead                           Min: 0, Avg:  0.0, Max: 0, Diff: 0, Sum: 0, Workers: 4
[7362.637s][debug][gc,phases      ] GC(154)     Total                          Min: 0, Avg: 11.2, Max: 45, Diff: 45, Sum: 45, Workers: 4
[7362.637s][debug][gc,phases      ] GC(154)   StringDedup Table Weak         Min:  0.0, Avg:  0.0, Max:  0.0, Diff:  0.0, Sum:  0.0, Workers: 4
[7362.637s][debug][gc,phases      ] GC(154)     Dead                           Min: 0, Avg:  0.0, Max: 0, Diff: 0, Sum: 0, Workers: 4
[7362.637s][debug][gc,phases      ] GC(154)     Total                          Min: 0, Avg:  0.0, Max: 0, Diff: 0, Sum: 0, Workers: 4
[7362.637s][debug][gc,phases      ] GC(154)   StringDedup Requests0 Weak     Min:  0.0, Avg:  0.0, Max:  0.0, Diff:  0.0, Sum:  0.0, Workers: 4
[7362.637s][debug][gc,phases      ] GC(154)     Dead                           Min: 0, Avg:  0.0, Max: 0, Diff: 0, Sum: 0, Workers: 4
[7362.637s][debug][gc,phases      ] GC(154)     Total                          Min: 0, Avg:  0.0, Max: 0, Diff: 0, Sum: 0, Workers: 4
[7362.637s][debug][gc,phases      ] GC(154)   StringDedup Requests1 Weak     Min:  0.0, Avg:  0.0, Max:  0.0, Diff:  0.0, Sum:  0.0, Workers: 4
[7362.637s][debug][gc,phases      ] GC(154)     Dead                           Min: 0, Avg:  0.0, Max: 0, Diff: 0, Sum: 0, Workers: 4
[7362.637s][debug][gc,phases      ] GC(154)     Total                          Min: 0, Avg:  0.0, Max: 0, Diff: 0, Sum: 0, Workers: 4
[7362.637s][debug][gc,phases      ] GC(154)   Weak JFR Old Object Samples    Min:  0.0, Avg:  0.0, Max:  0.0, Diff:  0.0, Sum:  0.0, Workers: 4
[7362.637s][debug][gc,phases      ] GC(154)     Dead                           Min: 0, Avg:  0.0, Max: 0, Diff: 0, Sum: 0, Workers: 4
[7362.637s][debug][gc,phases      ] GC(154)     Total                          Min: 0, Avg:  0.0, Max: 0, Diff: 0, Sum: 0, Workers: 4
[7362.637s][debug][gc,phases      ] GC(154) Weak Processing 0.281ms
[7362.637s][debug][gc,age         ] GC(154) Desired survivor size 104333312 bytes, new threshold 15 (max threshold 15)
[7362.637s][info ][gc,heap        ] GC(154) PSYoungGen: 1898496K(1997824K)->2336K(1901056K) Eden: 1898496K(1898496K)->0K(1898496K) From: 0K(99328K)->2336K(2560K)
[7362.637s][info ][gc,heap        ] GC(154) ParOldGen: 439731K(535552K)->439731K(535552K)
[7362.637s][info ][gc,metaspace   ] GC(154) Metaspace: 80340K(81280K)->80340K(81280K) NonClass: 69097K(69632K)->69097K(69632K) Class: 11243K(11648K)->11243K(11648K)
[7362.637s][info ][gc             ] GC(154) Pause Young (Allocation Failure) 2283M->431M(2379M) 2.458ms
[7362.637s][info ][gc,cpu         ] GC(154) User=0.01s Sys=0.00s Real=0.00s
[7362.637s][info ][safepoint      ] Safepoint "ParallelGCFailedAllocation", Time since last: 64539181777 ns, Reaching safepoint: 129301 ns, At safepoint: 2529908 ns, Total: 2659209 ns
[7380.638s][info ][safepoint      ] Safepoint "Cleanup", Time since last: 18001164725 ns, Reaching safepoint: 31100 ns, At safepoint: 29800 ns, Total: 60900 ns
[7454.642s][info ][safepoint      ] Safepoint "Cleanup", Time since last: 74004379068 ns, Reaching safepoint: 28800 ns, At safepoint: 2900 ns, Total: 31700 ns
[7455.695s][info ][gc,start       ] GC(155) Pause Young (Allocation Failure)
[7455.697s][debug][gc,phases      ] GC(155) Scavenge 2.707ms
[7455.697s][debug][gc,ref         ] GC(155) Skipped phase 1 of Reference Processing: no references
[7455.697s][debug][gc,ref         ] GC(155) ReferenceProcessor::execute queues: 1, RefProcThreadModel::Single, marks_oops_alive: false
[7455.697s][debug][gc,ref         ] GC(155) Skipped phase 3 of Reference Processing: no references
[7455.697s][debug][gc,ref         ] GC(155) ReferenceProcessor::execute queues: 1, RefProcThreadModel::Single, marks_oops_alive: false
[7455.697s][debug][gc,phases      ] GC(155) Reference Processing 0.125ms
[7455.698s][debug][gc,phases      ] GC(155)   VM Weak                        Min:  0.0, Avg:  0.0, Max:  0.0, Diff:  0.0, Sum:  0.0, Workers: 4
[7455.698s][debug][gc,phases      ] GC(155)     Dead                           Min: 0, Avg:  0.0, Max: 0, Diff: 0, Sum: 0, Workers: 4
[7455.698s][debug][gc,phases      ] GC(155)     Total                          Min: 0, Avg: 160.8, Max: 643, Diff: 643, Sum: 643, Workers: 4
[7455.698s][debug][gc,phases      ] GC(155)   ObjectSynchronizer Weak        Min:  0.0, Avg:  0.0, Max:  0.0, Diff:  0.0, Sum:  0.0, Workers: 4
[7455.698s][debug][gc,phases      ] GC(155)     Dead                           Min: 0, Avg:  0.0, Max: 0, Diff: 0, Sum: 0, Workers: 4
[7455.698s][debug][gc,phases      ] GC(155)     Total                          Min: 0, Avg: 161.8, Max: 263, Diff: 263, Sum: 647, Workers: 4
[7455.698s][debug][gc,phases      ] GC(155)   JVMTI Tag Weak OopStorage      Min:  0.0, Avg:  0.0, Max:  0.0, Diff:  0.0, Sum:  0.0, Workers: 4
[7455.698s][debug][gc,phases      ] GC(155)     Dead                           Min: 0, Avg:  0.0, Max: 0, Diff: 0, Sum: 0, Workers: 4
[7455.698s][debug][gc,phases      ] GC(155)     Total                          Min: 0, Avg:  0.0, Max: 0, Diff: 0, Sum: 0, Workers: 4
[7455.698s][debug][gc,phases      ] GC(155)   StringTable Weak               Min:  0.0, Avg:  0.1, Max:  0.1, Diff:  0.1, Sum:  0.4, Workers: 4
[7455.698s][debug][gc,phases      ] GC(155)     Dead                           Min: 0, Avg:  0.0, Max: 0, Diff: 0, Sum: 0, Workers: 4
[7455.698s][debug][gc,phases      ] GC(155)     Total                          Min: 0, Avg: 10769.5, Max: 14655, Diff: 14655, Sum: 43078, Workers: 4
[7455.698s][debug][gc,phases      ] GC(155)   ResolvedMethodTable Weak       Min:  0.0, Avg:  0.0, Max:  0.0, Diff:  0.0, Sum:  0.1, Workers: 4
[7455.698s][debug][gc,phases      ] GC(155)     Dead                           Min: 0, Avg:  0.0, Max: 0, Diff: 0, Sum: 0, Workers: 4
[7455.698s][debug][gc,phases      ] GC(155)     Total                          Min: 0, Avg: 2214.0, Max: 3033, Diff: 3033, Sum: 8856, Workers: 4
[7455.698s][debug][gc,phases      ] GC(155)   JNI Weak                       Min:  0.0, Avg:  0.0, Max:  0.0, Diff:  0.0, Sum:  0.0, Workers: 4
[7455.698s][debug][gc,phases      ] GC(155)     Dead                           Min: 0, Avg:  0.0, Max: 0, Diff: 0, Sum: 0, Workers: 4
[7455.698s][debug][gc,phases      ] GC(155)     Total                          Min: 0, Avg: 11.2, Max: 45, Diff: 45, Sum: 45, Workers: 4
[7455.698s][debug][gc,phases      ] GC(155)   StringDedup Table Weak         Min:  0.0, Avg:  0.0, Max:  0.0, Diff:  0.0, Sum:  0.0, Workers: 4
[7455.698s][debug][gc,phases      ] GC(155)     Dead                           Min: 0, Avg:  0.0, Max: 0, Diff: 0, Sum: 0, Workers: 4
[7455.698s][debug][gc,phases      ] GC(155)     Total                          Min: 0, Avg:  0.0, Max: 0, Diff: 0, Sum: 0, Workers: 4
[7455.698s][debug][gc,phases      ] GC(155)   StringDedup Requests0 Weak     Min:  0.0, Avg:  0.0, Max:  0.0, Diff:  0.0, Sum:  0.0, Workers: 4
[7455.698s][debug][gc,phases      ] GC(155)     Dead                           Min: 0, Avg:  0.0, Max: 0, Diff: 0, Sum: 0, Workers: 4
[7455.698s][debug][gc,phases      ] GC(155)     Total                          Min: 0, Avg:  0.0, Max: 0, Diff: 0, Sum: 0, Workers: 4
[7455.698s][debug][gc,phases      ] GC(155)   StringDedup Requests1 Weak     Min:  0.0, Avg:  0.0, Max:  0.0, Diff:  0.0, Sum:  0.0, Workers: 4
[7455.698s][debug][gc,phases      ] GC(155)     Dead                           Min: 0, Avg:  0.0, Max: 0, Diff: 0, Sum: 0, Workers: 4
[7455.698s][debug][gc,phases      ] GC(155)     Total                          Min: 0, Avg:  0.0, Max: 0, Diff: 0, Sum: 0, Workers: 4
[7455.698s][debug][gc,phases      ] GC(155)   Weak JFR Old Object Samples    Min:  0.0, Avg:  0.0, Max:  0.0, Diff:  0.0, Sum:  0.0, Workers: 4
[7455.698s][debug][gc,phases      ] GC(155)     Dead                           Min: 0, Avg:  0.0, Max: 0, Diff: 0, Sum: 0, Workers: 4
[7455.698s][debug][gc,phases      ] GC(155)     Total                          Min: 0, Avg:  0.0, Max: 0, Diff: 0, Sum: 0, Workers: 4
[7455.698s][debug][gc,phases      ] GC(155) Weak Processing 0.326ms
[7455.698s][debug][gc,age         ] GC(155) Desired survivor size 104857600 bytes, new threshold 15 (max threshold 15)
[7455.698s][info ][gc,heap        ] GC(155) PSYoungGen: 1900832K(1901056K)->2816K(1994240K) Eden: 1898496K(1898496K)->0K(1892352K) From: 2336K(2560K)->2816K(101888K)
[7455.698s][info ][gc,heap        ] GC(155) ParOldGen: 439731K(535552K)->439731K(535552K)
[7455.698s][info ][gc,metaspace   ] GC(155) Metaspace: 80343K(81280K)->80343K(81280K) NonClass: 69100K(69632K)->69100K(69632K) Class: 11243K(11648K)->11243K(11648K)
[7455.698s][info ][gc             ] GC(155) Pause Young (Allocation Failure) 2285M->432M(2470M) 3.260ms
[7455.698s][info ][gc,cpu         ] GC(155) User=0.00s Sys=0.01s Real=0.00s
[7455.698s][info ][safepoint      ] Safepoint "ParallelGCFailedAllocation", Time since last: 1052032353 ns, Reaching safepoint: 27800 ns, At safepoint: 3328711 ns, Total: 3356511 ns
[7461.698s][info ][safepoint      ] Safepoint "Cleanup", Time since last: 6000414132 ns, Reaching safepoint: 45300 ns, At safepoint: 5101 ns, Total: 50401 ns
[7494.700s][info ][safepoint      ] Safepoint "Cleanup", Time since last: 33002135028 ns, Reaching safepoint: 34900 ns, At safepoint: 23800 ns, Total: 58700 ns
[7499.701s][info ][safepoint      ] Safepoint "Cleanup", Time since last: 5000340946 ns, Reaching safepoint: 58000 ns, At safepoint: 2600 ns, Total: 60600 ns
[7511.702s][info ][safepoint      ] Safepoint "Cleanup", Time since last: 12000684824 ns, Reaching safepoint: 42100 ns, At safepoint: 4800 ns, Total: 46900 ns
[7513.702s][info ][safepoint      ] Safepoint "Cleanup", Time since last: 2000145536 ns, Reaching safepoint: 41000 ns, At safepoint: 3300 ns, Total: 44300 ns
[7514.702s][info ][safepoint      ] Safepoint "Cleanup", Time since last: 1000104668 ns, Reaching safepoint: 26400 ns, At safepoint: 2700 ns, Total: 29100 ns
[7515.095s][info ][gc,start       ] GC(156) Pause Young (Allocation Failure)
[7515.100s][debug][gc,phases      ] GC(156) Scavenge 4.611ms
[7515.100s][debug][gc,ref         ] GC(156) Skipped phase 1 of Reference Processing: no references
[7515.100s][debug][gc,ref         ] GC(156) ReferenceProcessor::execute queues: 1, RefProcThreadModel::Single, marks_oops_alive: false
[7515.100s][debug][gc,ref         ] GC(156) Skipped phase 3 of Reference Processing: no references
[7515.100s][debug][gc,ref         ] GC(156) ReferenceProcessor::execute queues: 1, RefProcThreadModel::Single, marks_oops_alive: false
[7515.100s][debug][gc,phases      ] GC(156) Reference Processing 0.095ms
[7515.100s][debug][gc,phases      ] GC(156)   VM Weak                        Min:  0.0, Avg:  0.0, Max:  0.0, Diff:  0.0, Sum:  0.0, Workers: 4
[7515.100s][debug][gc,phases      ] GC(156)     Dead                           Min: 0, Avg:  0.0, Max: 0, Diff: 0, Sum: 0, Workers: 4
[7515.100s][debug][gc,phases      ] GC(156)     Total                          Min: 0, Avg: 160.8, Max: 395, Diff: 395, Sum: 643, Workers: 4
[7515.100s][debug][gc,phases      ] GC(156)   ObjectSynchronizer Weak        Min:  0.0, Avg:  0.0, Max:  0.0, Diff:  0.0, Sum:  0.0, Workers: 4
[7515.100s][debug][gc,phases      ] GC(156)     Dead                           Min: 0, Avg:  0.0, Max: 0, Diff: 0, Sum: 0, Workers: 4
[7515.100s][debug][gc,phases      ] GC(156)     Total                          Min: 0, Avg: 161.8, Max: 256, Diff: 256, Sum: 647, Workers: 4
[7515.100s][debug][gc,phases      ] GC(156)   JVMTI Tag Weak OopStorage      Min:  0.0, Avg:  0.0, Max:  0.0, Diff:  0.0, Sum:  0.0, Workers: 4
[7515.100s][debug][gc,phases      ] GC(156)     Dead                           Min: 0, Avg:  0.0, Max: 0, Diff: 0, Sum: 0, Workers: 4
[7515.100s][debug][gc,phases      ] GC(156)     Total                          Min: 0, Avg:  0.0, Max: 0, Diff: 0, Sum: 0, Workers: 4
[7515.100s][debug][gc,phases      ] GC(156)   StringTable Weak               Min:  0.0, Avg:  0.1, Max:  0.1, Diff:  0.1, Sum:  0.3, Workers: 4
[7515.100s][debug][gc,phases      ] GC(156)     Dead                           Min: 0, Avg:  0.0, Max: 0, Diff: 0, Sum: 0, Workers: 4
[7515.100s][debug][gc,phases      ] GC(156)     Total                          Min: 0, Avg: 10769.5, Max: 18696, Diff: 18696, Sum: 43078, Workers: 4
[7515.100s][debug][gc,phases      ] GC(156)   ResolvedMethodTable Weak       Min:  0.0, Avg:  0.0, Max:  0.0, Diff:  0.0, Sum:  0.1, Workers: 4
[7515.100s][debug][gc,phases      ] GC(156)     Dead                           Min: 0, Avg:  0.0, Max: 0, Diff: 0, Sum: 0, Workers: 4
[7515.100s][debug][gc,phases      ] GC(156)     Total                          Min: 0, Avg: 2214.0, Max: 3865, Diff: 3865, Sum: 8856, Workers: 4
[7515.100s][debug][gc,phases      ] GC(156)   JNI Weak                       Min:  0.0, Avg:  0.0, Max:  0.0, Diff:  0.0, Sum:  0.0, Workers: 4
[7515.100s][debug][gc,phases      ] GC(156)     Dead                           Min: 0, Avg:  0.0, Max: 0, Diff: 0, Sum: 0, Workers: 4
[7515.100s][debug][gc,phases      ] GC(156)     Total                          Min: 0, Avg: 11.2, Max: 45, Diff: 45, Sum: 45, Workers: 4
[7515.100s][debug][gc,phases      ] GC(156)   StringDedup Table Weak         Min:  0.0, Avg:  0.0, Max:  0.0, Diff:  0.0, Sum:  0.0, Workers: 4
[7515.100s][debug][gc,phases      ] GC(156)     Dead                           Min: 0, Avg:  0.0, Max: 0, Diff: 0, Sum: 0, Workers: 4
[7515.100s][debug][gc,phases      ] GC(156)     Total                          Min: 0, Avg:  0.0, Max: 0, Diff: 0, Sum: 0, Workers: 4
[7515.100s][debug][gc,phases      ] GC(156)   StringDedup Requests0 Weak     Min:  0.0, Avg:  0.0, Max:  0.0, Diff:  0.0, Sum:  0.0, Workers: 4
[7515.100s][debug][gc,phases      ] GC(156)     Dead                           Min: 0, Avg:  0.0, Max: 0, Diff: 0, Sum: 0, Workers: 4
[7515.100s][debug][gc,phases      ] GC(156)     Total                          Min: 0, Avg:  0.0, Max: 0, Diff: 0, Sum: 0, Workers: 4
[7515.100s][debug][gc,phases      ] GC(156)   StringDedup Requests1 Weak     Min:  0.0, Avg:  0.0, Max:  0.0, Diff:  0.0, Sum:  0.0, Workers: 4
[7515.100s][debug][gc,phases      ] GC(156)     Dead                           Min: 0, Avg:  0.0, Max: 0, Diff: 0, Sum: 0, Workers: 4
[7515.100s][debug][gc,phases      ] GC(156)     Total                          Min: 0, Avg:  0.0, Max: 0, Diff: 0, Sum: 0, Workers: 4
[7515.100s][debug][gc,phases      ] GC(156)   Weak JFR Old Object Samples    Min:  0.0, Avg:  0.0, Max:  0.0, Diff:  0.0, Sum:  0.0, Workers: 4
[7515.100s][debug][gc,phases      ] GC(156)     Dead                           Min: 0, Avg:  0.0, Max: 0, Diff: 0, Sum: 0, Workers: 4
[7515.100s][debug][gc,phases      ] GC(156)     Total                          Min: 0, Avg:  0.0, Max: 0, Diff: 0, Sum: 0, Workers: 4
[7515.100s][debug][gc,phases      ] GC(156) Weak Processing 0.302ms
[7515.100s][debug][gc,age         ] GC(156) Desired survivor size 104333312 bytes, new threshold 15 (max threshold 15)
[7515.100s][info ][gc,heap        ] GC(156) PSYoungGen: 1895168K(1994240K)->3968K(1994752K) Eden: 1892352K(1892352K)->0K(1892352K) From: 2816K(101888K)->3968K(102400K)
[7515.100s][info ][gc,heap        ] GC(156) ParOldGen: 439731K(535552K)->439731K(535552K)
[7515.100s][info ][gc,metaspace   ] GC(156) Metaspace: 80344K(81280K)->80344K(81280K) NonClass: 69101K(69632K)->69101K(69632K) Class: 11243K(11648K)->11243K(11648K)
[7515.100s][info ][gc             ] GC(156) Pause Young (Allocation Failure) 2280M->433M(2471M) 5.097ms
[7515.100s][info ][gc,cpu         ] GC(156) User=0.01s Sys=0.00s Real=0.00s
[7515.100s][info ][safepoint      ] Safepoint "ParallelGCFailedAllocation", Time since last: 393309764 ns, Reaching safepoint: 29100 ns, At safepoint: 5166518 ns, Total: 5195618 ns
[7518.101s][info ][safepoint      ] Safepoint "Cleanup", Time since last: 3000182504 ns, Reaching safepoint: 29600 ns, At safepoint: 3300 ns, Total: 32900 ns
[7534.102s][info ][safepoint      ] Safepoint "Cleanup", Time since last: 16000967676 ns, Reaching safepoint: 27100 ns, At safepoint: 2700 ns, Total: 29800 ns
[7536.102s][info ][safepoint      ] Safepoint "Cleanup", Time since last: 2000136833 ns, Reaching safepoint: 42600 ns, At safepoint: 3700 ns, Total: 46300 ns
[7544.102s][info ][safepoint      ] Safepoint "Cleanup", Time since last: 8000498631 ns, Reaching safepoint: 27500 ns, At safepoint: 2800 ns, Total: 30300 ns
[7562.104s][info ][safepoint      ] Safepoint "Cleanup", Time since last: 18001162479 ns, Reaching safepoint: 37300 ns, At safepoint: 5000 ns, Total: 42300 ns
[7566.008s][info ][gc,start       ] GC(157) Pause Young (Allocation Failure)
[7566.011s][debug][gc,phases      ] GC(157) Scavenge 3.176ms
[7566.011s][debug][gc,ref         ] GC(157) Skipped phase 1 of Reference Processing: no references
[7566.011s][debug][gc,ref         ] GC(157) ReferenceProcessor::execute queues: 1, RefProcThreadModel::Single, marks_oops_alive: false
[7566.011s][debug][gc,ref         ] GC(157) Skipped phase 3 of Reference Processing: no references
[7566.011s][debug][gc,ref         ] GC(157) ReferenceProcessor::execute queues: 1, RefProcThreadModel::Single, marks_oops_alive: false
[7566.011s][debug][gc,phases      ] GC(157) Reference Processing 0.087ms
[7566.011s][debug][gc,phases      ] GC(157)   VM Weak                        Min:  0.0, Avg:  0.0, Max:  0.0, Diff:  0.0, Sum:  0.0, Workers: 4
[7566.011s][debug][gc,phases      ] GC(157)     Dead                           Min: 0, Avg:  0.0, Max: 0, Diff: 0, Sum: 0, Workers: 4
[7566.011s][debug][gc,phases      ] GC(157)     Total                          Min: 0, Avg: 160.8, Max: 643, Diff: 643, Sum: 643, Workers: 4
[7566.011s][debug][gc,phases      ] GC(157)   ObjectSynchronizer Weak        Min:  0.0, Avg:  0.0, Max:  0.0, Diff:  0.0, Sum:  0.0, Workers: 4
[7566.011s][debug][gc,phases      ] GC(157)     Dead                           Min: 0, Avg:  0.0, Max: 0, Diff: 0, Sum: 0, Workers: 4
[7566.011s][debug][gc,phases      ] GC(157)     Total                          Min: 0, Avg: 161.8, Max: 384, Diff: 384, Sum: 647, Workers: 4
[7566.011s][debug][gc,phases      ] GC(157)   JVMTI Tag Weak OopStorage      Min:  0.0, Avg:  0.0, Max:  0.0, Diff:  0.0, Sum:  0.0, Workers: 4
[7566.011s][debug][gc,phases      ] GC(157)     Dead                           Min: 0, Avg:  0.0, Max: 0, Diff: 0, Sum: 0, Workers: 4
[7566.011s][debug][gc,phases      ] GC(157)     Total                          Min: 0, Avg:  0.0, Max: 0, Diff: 0, Sum: 0, Workers: 4
[7566.011s][debug][gc,phases      ] GC(157)   StringTable Weak               Min:  0.1, Avg:  0.1, Max:  0.1, Diff:  0.0, Sum:  0.4, Workers: 4
[7566.011s][debug][gc,phases      ] GC(157)     Dead                           Min: 0, Avg:  0.0, Max: 0, Diff: 0, Sum: 0, Workers: 4
[7566.011s][debug][gc,phases      ] GC(157)     Total                          Min: 10175, Avg: 10769.5, Max: 11072, Diff: 897, Sum: 43078, Workers: 4
[7566.011s][debug][gc,phases      ] GC(157)   ResolvedMethodTable Weak       Min:  0.0, Avg:  0.0, Max:  0.0, Diff:  0.0, Sum:  0.1, Workers: 4
[7566.011s][debug][gc,phases      ] GC(157)     Dead                           Min: 0, Avg:  0.0, Max: 0, Diff: 0, Sum: 0, Workers: 4
[7566.011s][debug][gc,phases      ] GC(157)     Total                          Min: 2111, Avg: 2214.0, Max: 2304, Diff: 193, Sum: 8856, Workers: 4
[7566.011s][debug][gc,phases      ] GC(157)   JNI Weak                       Min:  0.0, Avg:  0.0, Max:  0.0, Diff:  0.0, Sum:  0.0, Workers: 4
[7566.011s][debug][gc,phases      ] GC(157)     Dead                           Min: 0, Avg:  0.0, Max: 0, Diff: 0, Sum: 0, Workers: 4
[7566.011s][debug][gc,phases      ] GC(157)     Total                          Min: 0, Avg: 11.2, Max: 45, Diff: 45, Sum: 45, Workers: 4
[7566.011s][debug][gc,phases      ] GC(157)   StringDedup Table Weak         Min:  0.0, Avg:  0.0, Max:  0.0, Diff:  0.0, Sum:  0.0, Workers: 4
[7566.011s][debug][gc,phases      ] GC(157)     Dead                           Min: 0, Avg:  0.0, Max: 0, Diff: 0, Sum: 0, Workers: 4
[7566.011s][debug][gc,phases      ] GC(157)     Total                          Min: 0, Avg:  0.0, Max: 0, Diff: 0, Sum: 0, Workers: 4
[7566.011s][debug][gc,phases      ] GC(157)   StringDedup Requests0 Weak     Min:  0.0, Avg:  0.0, Max:  0.0, Diff:  0.0, Sum:  0.0, Workers: 4
[7566.011s][debug][gc,phases      ] GC(157)     Dead                           Min: 0, Avg:  0.0, Max: 0, Diff: 0, Sum: 0, Workers: 4
[7566.011s][debug][gc,phases      ] GC(157)     Total                          Min: 0, Avg:  0.0, Max: 0, Diff: 0, Sum: 0, Workers: 4
[7566.011s][debug][gc,phases      ] GC(157)   StringDedup Requests1 Weak     Min:  0.0, Avg:  0.0, Max:  0.0, Diff:  0.0, Sum:  0.0, Workers: 4
[7566.011s][debug][gc,phases      ] GC(157)     Dead                           Min: 0, Avg:  0.0, Max: 0, Diff: 0, Sum: 0, Workers: 4
[7566.011s][debug][gc,phases      ] GC(157)     Total                          Min: 0, Avg:  0.0, Max: 0, Diff: 0, Sum: 0, Workers: 4
[7566.011s][debug][gc,phases      ] GC(157)   Weak JFR Old Object Samples    Min:  0.0, Avg:  0.0, Max:  0.0, Diff:  0.0, Sum:  0.0, Workers: 4
[7566.011s][debug][gc,phases      ] GC(157)     Dead                           Min: 0, Avg:  0.0, Max: 0, Diff: 0, Sum: 0, Workers: 4
[7566.011s][debug][gc,phases      ] GC(157)     Total                          Min: 0, Avg:  0.0, Max: 0, Diff: 0, Sum: 0, Workers: 4
[7566.011s][debug][gc,phases      ] GC(157) Weak Processing 0.272ms
[7566.011s][debug][gc,age         ] GC(157) Desired survivor size 103284736 bytes, new threshold 15 (max threshold 15)
[7566.011s][info ][gc,heap        ] GC(157) PSYoungGen: 1895845K(1994752K)->3680K(1996288K) Eden: 1891877K(1892352K)->0K(1894400K) From: 3968K(102400K)->3680K(101888K)
[7566.011s][info ][gc,heap        ] GC(157) ParOldGen: 439731K(535552K)->439731K(535552K)
[7566.011s][info ][gc,metaspace   ] GC(157) Metaspace: 80350K(81280K)->80350K(81280K) NonClass: 69107K(69632K)->69107K(69632K) Class: 11243K(11648K)->11243K(11648K)
[7566.011s][info ][gc             ] GC(157) Pause Young (Allocation Failure) 2280M->433M(2472M) 3.629ms
[7566.011s][info ][gc,cpu         ] GC(157) User=0.01s Sys=0.00s Real=0.00s
[7566.011s][info ][safepoint      ] Safepoint "ParallelGCFailedAllocation", Time since last: 3903901625 ns, Reaching safepoint: 31401 ns, At safepoint: 3700512 ns, Total: 3731913 ns
[7576.012s][info ][safepoint      ] Safepoint "Cleanup", Time since last: 10000541744 ns, Reaching safepoint: 48600 ns, At safepoint: 3900 ns, Total: 52500 ns
[7632.402s][info ][gc,start       ] GC(158) Pause Young (Allocation Failure)
[7632.405s][debug][gc,phases      ] GC(158) Scavenge 3.477ms
[7632.405s][debug][gc,ref         ] GC(158) Skipped phase 1 of Reference Processing: no references
[7632.405s][debug][gc,ref         ] GC(158) ReferenceProcessor::execute queues: 1, RefProcThreadModel::Single, marks_oops_alive: false
[7632.405s][debug][gc,ref         ] GC(158) Skipped phase 3 of Reference Processing: no references
[7632.405s][debug][gc,ref         ] GC(158) ReferenceProcessor::execute queues: 1, RefProcThreadModel::Single, marks_oops_alive: false
[7632.405s][debug][gc,phases      ] GC(158) Reference Processing 0.101ms
[7632.406s][debug][gc,phases      ] GC(158)   VM Weak                        Min:  0.0, Avg:  0.0, Max:  0.0, Diff:  0.0, Sum:  0.0, Workers: 4
[7632.406s][debug][gc,phases      ] GC(158)     Dead                           Min: 0, Avg:  0.0, Max: 0, Diff: 0, Sum: 0, Workers: 4
[7632.406s][debug][gc,phases      ] GC(158)     Total                          Min: 0, Avg: 160.8, Max: 527, Diff: 527, Sum: 643, Workers: 4
[7632.406s][debug][gc,phases      ] GC(158)   ObjectSynchronizer Weak        Min:  0.0, Avg:  0.0, Max:  0.0, Diff:  0.0, Sum:  0.0, Workers: 4
[7632.406s][debug][gc,phases      ] GC(158)     Dead                           Min: 0, Avg:  0.0, Max: 0, Diff: 0, Sum: 0, Workers: 4
[7632.406s][debug][gc,phases      ] GC(158)     Total                          Min: 0, Avg: 161.8, Max: 327, Diff: 327, Sum: 647, Workers: 4
[7632.406s][debug][gc,phases      ] GC(158)   JVMTI Tag Weak OopStorage      Min:  0.0, Avg:  0.0, Max:  0.0, Diff:  0.0, Sum:  0.0, Workers: 4
[7632.406s][debug][gc,phases      ] GC(158)     Dead                           Min: 0, Avg:  0.0, Max: 0, Diff: 0, Sum: 0, Workers: 4
[7632.406s][debug][gc,phases      ] GC(158)     Total                          Min: 0, Avg:  0.0, Max: 0, Diff: 0, Sum: 0, Workers: 4
[7632.406s][debug][gc,phases      ] GC(158)   StringTable Weak               Min:  0.0, Avg:  0.1, Max:  0.1, Diff:  0.1, Sum:  0.3, Workers: 4
[7632.406s][debug][gc,phases      ] GC(158)     Dead                           Min: 0, Avg:  0.0, Max: 0, Diff: 0, Sum: 0, Workers: 4
[7632.406s][debug][gc,phases      ] GC(158)     Total                          Min: 0, Avg: 10769.5, Max: 17727, Diff: 17727, Sum: 43078, Workers: 4
[7632.406s][debug][gc,phases      ] GC(158)   ResolvedMethodTable Weak       Min:  0.0, Avg:  0.0, Max:  0.0, Diff:  0.0, Sum:  0.1, Workers: 4
[7632.406s][debug][gc,phases      ] GC(158)     Dead                           Min: 0, Avg:  0.0, Max: 0, Diff: 0, Sum: 0, Workers: 4
[7632.406s][debug][gc,phases      ] GC(158)     Total                          Min: 0, Avg: 2214.0, Max: 3929, Diff: 3929, Sum: 8856, Workers: 4
[7632.406s][debug][gc,phases      ] GC(158)   JNI Weak                       Min:  0.0, Avg:  0.0, Max:  0.0, Diff:  0.0, Sum:  0.0, Workers: 4
[7632.406s][debug][gc,phases      ] GC(158)     Dead                           Min: 0, Avg:  0.0, Max: 0, Diff: 0, Sum: 0, Workers: 4
[7632.406s][debug][gc,phases      ] GC(158)     Total                          Min: 0, Avg: 11.2, Max: 45, Diff: 45, Sum: 45, Workers: 4
[7632.406s][debug][gc,phases      ] GC(158)   StringDedup Table Weak         Min:  0.0, Avg:  0.0, Max:  0.0, Diff:  0.0, Sum:  0.0, Workers: 4
[7632.406s][debug][gc,phases      ] GC(158)     Dead                           Min: 0, Avg:  0.0, Max: 0, Diff: 0, Sum: 0, Workers: 4
[7632.406s][debug][gc,phases      ] GC(158)     Total                          Min: 0, Avg:  0.0, Max: 0, Diff: 0, Sum: 0, Workers: 4
[7632.406s][debug][gc,phases      ] GC(158)   StringDedup Requests0 Weak     Min:  0.0, Avg:  0.0, Max:  0.0, Diff:  0.0, Sum:  0.0, Workers: 4
[7632.406s][debug][gc,phases      ] GC(158)     Dead                           Min: 0, Avg:  0.0, Max: 0, Diff: 0, Sum: 0, Workers: 4
[7632.406s][debug][gc,phases      ] GC(158)     Total                          Min: 0, Avg:  0.0, Max: 0, Diff: 0, Sum: 0, Workers: 4
[7632.406s][debug][gc,phases      ] GC(158)   StringDedup Requests1 Weak     Min:  0.0, Avg:  0.0, Max:  0.0, Diff:  0.0, Sum:  0.0, Workers: 4
[7632.406s][debug][gc,phases      ] GC(158)     Dead                           Min: 0, Avg:  0.0, Max: 0, Diff: 0, Sum: 0, Workers: 4
[7632.406s][debug][gc,phases      ] GC(158)     Total                          Min: 0, Avg:  0.0, Max: 0, Diff: 0, Sum: 0, Workers: 4
[7632.406s][debug][gc,phases      ] GC(158)   Weak JFR Old Object Samples    Min:  0.0, Avg:  0.0, Max:  0.0, Diff:  0.0, Sum:  0.0, Workers: 4
[7632.406s][debug][gc,phases      ] GC(158)     Dead                           Min: 0, Avg:  0.0, Max: 0, Diff: 0, Sum: 0, Workers: 4
[7632.406s][debug][gc,phases      ] GC(158)     Total                          Min: 0, Avg:  0.0, Max: 0, Diff: 0, Sum: 0, Workers: 4
[7632.406s][debug][gc,phases      ] GC(158) Weak Processing 0.307ms
[7632.406s][debug][gc,age         ] GC(158) Desired survivor size 100663296 bytes, new threshold 15 (max threshold 15)
[7632.406s][info ][gc,heap        ] GC(158) PSYoungGen: 1898080K(1996288K)->5680K(1995264K) Eden: 1894400K(1894400K)->0K(1894400K) From: 3680K(101888K)->5680K(100864K)
[7632.406s][info ][gc,heap        ] GC(158) ParOldGen: 439731K(535552K)->439731K(535552K)
[7632.406s][info ][gc,metaspace   ] GC(158) Metaspace: 80361K(81280K)->80361K(81280K) NonClass: 69118K(69632K)->69118K(69632K) Class: 11243K(11648K)->11243K(11648K)
[7632.406s][info ][gc             ] GC(158) Pause Young (Allocation Failure) 2283M->434M(2471M) 3.983ms
[7632.406s][info ][gc,cpu         ] GC(158) User=0.01s Sys=0.00s Real=0.01s
[7632.406s][info ][safepoint      ] Safepoint "ParallelGCFailedAllocation", Time since last: 56389956536 ns, Reaching safepoint: 28300 ns, At safepoint: 4055414 ns, Total: 4083714 ns
[7651.407s][info ][safepoint      ] Safepoint "Cleanup", Time since last: 19001171547 ns, Reaching safepoint: 29100 ns, At safepoint: 28900 ns, Total: 58000 ns
[7652.407s][info ][safepoint      ] Safepoint "Cleanup", Time since last: 1000098460 ns, Reaching safepoint: 48901 ns, At safepoint: 4400 ns, Total: 53301 ns
[7703.888s][info ][gc,start       ] GC(159) Pause Young (Allocation Failure)
[7703.891s][debug][gc,phases      ] GC(159) Scavenge 3.210ms
[7703.891s][debug][gc,ref         ] GC(159) Skipped phase 1 of Reference Processing: no references
[7703.891s][debug][gc,ref         ] GC(159) ReferenceProcessor::execute queues: 1, RefProcThreadModel::Single, marks_oops_alive: false
[7703.891s][debug][gc,ref         ] GC(159) Skipped phase 3 of Reference Processing: no references
[7703.891s][debug][gc,ref         ] GC(159) ReferenceProcessor::execute queues: 1, RefProcThreadModel::Single, marks_oops_alive: false
[7703.891s][debug][gc,phases      ] GC(159) Reference Processing 0.087ms
[7703.891s][debug][gc,phases      ] GC(159)   VM Weak                        Min:  0.0, Avg:  0.0, Max:  0.0, Diff:  0.0, Sum:  0.0, Workers: 4
[7703.891s][debug][gc,phases      ] GC(159)     Dead                           Min: 0, Avg:  0.0, Max: 0, Diff: 0, Sum: 0, Workers: 4
[7703.891s][debug][gc,phases      ] GC(159)     Total                          Min: 0, Avg: 160.8, Max: 447, Diff: 447, Sum: 643, Workers: 4
[7703.891s][debug][gc,phases      ] GC(159)   ObjectSynchronizer Weak        Min:  0.0, Avg:  0.0, Max:  0.0, Diff:  0.0, Sum:  0.0, Workers: 4
[7703.891s][debug][gc,phases      ] GC(159)     Dead                           Min: 0, Avg:  0.0, Max: 0, Diff: 0, Sum: 0, Workers: 4
[7703.891s][debug][gc,phases      ] GC(159)     Total                          Min: 0, Avg: 161.8, Max: 327, Diff: 327, Sum: 647, Workers: 4
[7703.891s][debug][gc,phases      ] GC(159)   JVMTI Tag Weak OopStorage      Min:  0.0, Avg:  0.0, Max:  0.0, Diff:  0.0, Sum:  0.0, Workers: 4
[7703.891s][debug][gc,phases      ] GC(159)     Dead                           Min: 0, Avg:  0.0, Max: 0, Diff: 0, Sum: 0, Workers: 4
[7703.891s][debug][gc,phases      ] GC(159)     Total                          Min: 0, Avg:  0.0, Max: 0, Diff: 0, Sum: 0, Workers: 4
[7703.891s][debug][gc,phases      ] GC(159)   StringTable Weak               Min:  0.0, Avg:  0.1, Max:  0.1, Diff:  0.1, Sum:  0.3, Workers: 4
[7703.891s][debug][gc,phases      ] GC(159)     Dead                           Min: 0, Avg:  0.0, Max: 0, Diff: 0, Sum: 0, Workers: 4
[7703.891s][debug][gc,phases      ] GC(159)     Total                          Min: 0, Avg: 10769.5, Max: 17928, Diff: 17928, Sum: 43078, Workers: 4
[7703.891s][debug][gc,phases      ] GC(159)   ResolvedMethodTable Weak       Min:  0.0, Avg:  0.0, Max:  0.0, Diff:  0.0, Sum:  0.1, Workers: 4
[7703.891s][debug][gc,phases      ] GC(159)     Dead                           Min: 0, Avg:  0.0, Max: 0, Diff: 0, Sum: 0, Workers: 4
[7703.891s][debug][gc,phases      ] GC(159)     Total                          Min: 0, Avg: 2214.0, Max: 3736, Diff: 3736, Sum: 8856, Workers: 4
[7703.891s][debug][gc,phases      ] GC(159)   JNI Weak                       Min:  0.0, Avg:  0.0, Max:  0.0, Diff:  0.0, Sum:  0.0, Workers: 4
[7703.891s][debug][gc,phases      ] GC(159)     Dead                           Min: 0, Avg:  0.0, Max: 0, Diff: 0, Sum: 0, Workers: 4
[7703.891s][debug][gc,phases      ] GC(159)     Total                          Min: 0, Avg: 11.2, Max: 45, Diff: 45, Sum: 45, Workers: 4
[7703.891s][debug][gc,phases      ] GC(159)   StringDedup Table Weak         Min:  0.0, Avg:  0.0, Max:  0.0, Diff:  0.0, Sum:  0.0, Workers: 4
[7703.891s][debug][gc,phases      ] GC(159)     Dead                           Min: 0, Avg:  0.0, Max: 0, Diff: 0, Sum: 0, Workers: 4
[7703.891s][debug][gc,phases      ] GC(159)     Total                          Min: 0, Avg:  0.0, Max: 0, Diff: 0, Sum: 0, Workers: 4
[7703.891s][debug][gc,phases      ] GC(159)   StringDedup Requests0 Weak     Min:  0.0, Avg:  0.0, Max:  0.0, Diff:  0.0, Sum:  0.0, Workers: 4
[7703.891s][debug][gc,phases      ] GC(159)     Dead                           Min: 0, Avg:  0.0, Max: 0, Diff: 0, Sum: 0, Workers: 4
[7703.891s][debug][gc,phases      ] GC(159)     Total                          Min: 0, Avg:  0.0, Max: 0, Diff: 0, Sum: 0, Workers: 4
[7703.891s][debug][gc,phases      ] GC(159)   StringDedup Requests1 Weak     Min:  0.0, Avg:  0.0, Max:  0.0, Diff:  0.0, Sum:  0.0, Workers: 4
[7703.891s][debug][gc,phases      ] GC(159)     Dead                           Min: 0, Avg:  0.0, Max: 0, Diff: 0, Sum: 0, Workers: 4
[7703.891s][debug][gc,phases      ] GC(159)     Total                          Min: 0, Avg:  0.0, Max: 0, Diff: 0, Sum: 0, Workers: 4
[7703.891s][debug][gc,phases      ] GC(159)   Weak JFR Old Object Samples    Min:  0.0, Avg:  0.0, Max:  0.0, Diff:  0.0, Sum:  0.0, Workers: 4
[7703.891s][debug][gc,phases      ] GC(159)     Dead                           Min: 0, Avg:  0.0, Max: 0, Diff: 0, Sum: 0, Workers: 4
[7703.891s][debug][gc,phases      ] GC(159)     Total                          Min: 0, Avg:  0.0, Max: 0, Diff: 0, Sum: 0, Workers: 4
[7703.891s][debug][gc,phases      ] GC(159) Weak Processing 0.296ms
[7703.891s][debug][gc,age         ] GC(159) Desired survivor size 97517568 bytes, new threshold 15 (max threshold 15)
[7703.891s][info ][gc,heap        ] GC(159) PSYoungGen: 1900080K(1995264K)->5552K(2001920K) Eden: 1894400K(1894400K)->0K(1903616K) From: 5680K(100864K)->5552K(98304K)
[7703.891s][info ][gc,heap        ] GC(159) ParOldGen: 439731K(535552K)->439731K(535552K)
[7703.891s][info ][gc,metaspace   ] GC(159) Metaspace: 80362K(81280K)->80362K(81280K) NonClass: 69119K(69632K)->69119K(69632K) Class: 11243K(11648K)->11243K(11648K)
[7703.891s][info ][gc             ] GC(159) Pause Young (Allocation Failure) 2284M->434M(2478M) 3.682ms
[7703.891s][info ][gc,cpu         ] GC(159) User=0.01s Sys=0.00s Real=0.00s
[7703.891s][info ][safepoint      ] Safepoint "ParallelGCFailedAllocation", Time since last: 51480335536 ns, Reaching safepoint: 34000 ns, At safepoint: 3771613 ns, Total: 3805613 ns
[7783.896s][info ][safepoint      ] Safepoint "Cleanup", Time since last: 80004814942 ns, Reaching safepoint: 51600 ns, At safepoint: 4600 ns, Total: 56200 ns
[7787.897s][info ][safepoint      ] Safepoint "Cleanup", Time since last: 4000308216 ns, Reaching safepoint: 41000 ns, At safepoint: 3400 ns, Total: 44400 ns
[7789.132s][info ][gc,start       ] GC(160) Pause Young (Allocation Failure)
[7789.135s][debug][gc,phases      ] GC(160) Scavenge 3.036ms
[7789.135s][debug][gc,ref         ] GC(160) Skipped phase 1 of Reference Processing: no references
[7789.136s][debug][gc,ref         ] GC(160) ReferenceProcessor::execute queues: 1, RefProcThreadModel::Single, marks_oops_alive: false
[7789.136s][debug][gc,ref         ] GC(160) Skipped phase 3 of Reference Processing: no references
[7789.136s][debug][gc,ref         ] GC(160) ReferenceProcessor::execute queues: 1, RefProcThreadModel::Single, marks_oops_alive: false
[7789.136s][debug][gc,phases      ] GC(160) Reference Processing 0.089ms
[7789.136s][debug][gc,phases      ] GC(160)   VM Weak                        Min:  0.0, Avg:  0.0, Max:  0.0, Diff:  0.0, Sum:  0.0, Workers: 4
[7789.136s][debug][gc,phases      ] GC(160)     Dead                           Min: 0, Avg:  0.0, Max: 0, Diff: 0, Sum: 0, Workers: 4
[7789.136s][debug][gc,phases      ] GC(160)     Total                          Min: 0, Avg: 160.8, Max: 395, Diff: 395, Sum: 643, Workers: 4
[7789.136s][debug][gc,phases      ] GC(160)   ObjectSynchronizer Weak        Min:  0.0, Avg:  0.0, Max:  0.0, Diff:  0.0, Sum:  0.0, Workers: 4
[7789.136s][debug][gc,phases      ] GC(160)     Dead                           Min: 0, Avg:  0.0, Max: 0, Diff: 0, Sum: 0, Workers: 4
[7789.136s][debug][gc,phases      ] GC(160)     Total                          Min: 0, Avg: 161.8, Max: 256, Diff: 256, Sum: 647, Workers: 4
[7789.136s][debug][gc,phases      ] GC(160)   JVMTI Tag Weak OopStorage      Min:  0.0, Avg:  0.0, Max:  0.0, Diff:  0.0, Sum:  0.0, Workers: 4
[7789.136s][debug][gc,phases      ] GC(160)     Dead                           Min: 0, Avg:  0.0, Max: 0, Diff: 0, Sum: 0, Workers: 4
[7789.136s][debug][gc,phases      ] GC(160)     Total                          Min: 0, Avg:  0.0, Max: 0, Diff: 0, Sum: 0, Workers: 4
[7789.136s][debug][gc,phases      ] GC(160)   StringTable Weak               Min:  0.1, Avg:  0.1, Max:  0.1, Diff:  0.0, Sum:  0.4, Workers: 4
[7789.136s][debug][gc,phases      ] GC(160)     Dead                           Min: 0, Avg:  0.0, Max: 0, Diff: 0, Sum: 0, Workers: 4
[7789.136s][debug][gc,phases      ] GC(160)     Total                          Min: 10176, Avg: 10769.5, Max: 11071, Diff: 895, Sum: 43078, Workers: 4
[7789.136s][debug][gc,phases      ] GC(160)   ResolvedMethodTable Weak       Min:  0.0, Avg:  0.0, Max:  0.0, Diff:  0.0, Sum:  0.1, Workers: 4
[7789.136s][debug][gc,phases      ] GC(160)     Dead                           Min: 0, Avg:  0.0, Max: 0, Diff: 0, Sum: 0, Workers: 4
[7789.136s][debug][gc,phases      ] GC(160)     Total                          Min: 2048, Avg: 2214.0, Max: 2304, Diff: 256, Sum: 8856, Workers: 4
[7789.136s][debug][gc,phases      ] GC(160)   JNI Weak                       Min:  0.0, Avg:  0.0, Max:  0.0, Diff:  0.0, Sum:  0.0, Workers: 4
[7789.136s][debug][gc,phases      ] GC(160)     Dead                           Min: 0, Avg:  0.0, Max: 0, Diff: 0, Sum: 0, Workers: 4
[7789.136s][debug][gc,phases      ] GC(160)     Total                          Min: 0, Avg: 11.2, Max: 45, Diff: 45, Sum: 45, Workers: 4
[7789.136s][debug][gc,phases      ] GC(160)   StringDedup Table Weak         Min:  0.0, Avg:  0.0, Max:  0.0, Diff:  0.0, Sum:  0.0, Workers: 4
[7789.136s][debug][gc,phases      ] GC(160)     Dead                           Min: 0, Avg:  0.0, Max: 0, Diff: 0, Sum: 0, Workers: 4
[7789.136s][debug][gc,phases      ] GC(160)     Total                          Min: 0, Avg:  0.0, Max: 0, Diff: 0, Sum: 0, Workers: 4
[7789.136s][debug][gc,phases      ] GC(160)   StringDedup Requests0 Weak     Min:  0.0, Avg:  0.0, Max:  0.0, Diff:  0.0, Sum:  0.0, Workers: 4
[7789.136s][debug][gc,phases      ] GC(160)     Dead                           Min: 0, Avg:  0.0, Max: 0, Diff: 0, Sum: 0, Workers: 4
[7789.136s][debug][gc,phases      ] GC(160)     Total                          Min: 0, Avg:  0.0, Max: 0, Diff: 0, Sum: 0, Workers: 4
[7789.136s][debug][gc,phases      ] GC(160)   StringDedup Requests1 Weak     Min:  0.0, Avg:  0.0, Max:  0.0, Diff:  0.0, Sum:  0.0, Workers: 4
[7789.136s][debug][gc,phases      ] GC(160)     Dead                           Min: 0, Avg:  0.0, Max: 0, Diff: 0, Sum: 0, Workers: 4
[7789.136s][debug][gc,phases      ] GC(160)     Total                          Min: 0, Avg:  0.0, Max: 0, Diff: 0, Sum: 0, Workers: 4
[7789.136s][debug][gc,phases      ] GC(160)   Weak JFR Old Object Samples    Min:  0.0, Avg:  0.0, Max:  0.0, Diff:  0.0, Sum:  0.0, Workers: 4
[7789.136s][debug][gc,phases      ] GC(160)     Dead                           Min: 0, Avg:  0.0, Max: 0, Diff: 0, Sum: 0, Workers: 4
[7789.136s][debug][gc,phases      ] GC(160)     Total                          Min: 0, Avg:  0.0, Max: 0, Diff: 0, Sum: 0, Workers: 4
[7789.136s][debug][gc,phases      ] GC(160) Weak Processing 0.278ms
[7789.136s][debug][gc,age         ] GC(160) Desired survivor size 94371840 bytes, new threshold 15 (max threshold 15)
[7789.136s][info ][gc,heap        ] GC(160) PSYoungGen: 1909168K(2001920K)->5600K(1998848K) Eden: 1903616K(1903616K)->0K(1903616K) From: 5552K(98304K)->5600K(95232K)
[7789.136s][info ][gc,heap        ] GC(160) ParOldGen: 439731K(535552K)->439731K(535552K)
[7789.136s][info ][gc,metaspace   ] GC(160) Metaspace: 80362K(81280K)->80362K(81280K) NonClass: 69119K(69632K)->69119K(69632K) Class: 11243K(11648K)->11243K(11648K)
[7789.136s][info ][gc             ] GC(160) Pause Young (Allocation Failure) 2293M->434M(2475M) 3.502ms
[7789.136s][info ][gc,cpu         ] GC(160) User=0.01s Sys=0.00s Real=0.01s
[7789.136s][info ][safepoint      ] Safepoint "ParallelGCFailedAllocation", Time since last: 1235729267 ns, Reaching safepoint: 25100 ns, At safepoint: 3566713 ns, Total: 3591813 ns
[7793.136s][info ][safepoint      ] Safepoint "Cleanup", Time since last: 4000241614 ns, Reaching safepoint: 118800 ns, At safepoint: 5500 ns, Total: 124300 ns
[7795.137s][info ][safepoint      ] Safepoint "Cleanup", Time since last: 2000166607 ns, Reaching safepoint: 116701 ns, At safepoint: 8300 ns, Total: 125001 ns
[7796.137s][info ][safepoint      ] Safepoint "Cleanup", Time since last: 1000123753 ns, Reaching safepoint: 96101 ns, At safepoint: 6300 ns, Total: 102401 ns
[7799.137s][info ][safepoint      ] Safepoint "Cleanup", Time since last: 3000235660 ns, Reaching safepoint: 47900 ns, At safepoint: 4500 ns, Total: 52400 ns
[7829.139s][info ][safepoint      ] Safepoint "Cleanup", Time since last: 30001734280 ns, Reaching safepoint: 45400 ns, At safepoint: 3400 ns, Total: 48800 ns
[7834.139s][info ][safepoint      ] Safepoint "Cleanup", Time since last: 5000350961 ns, Reaching safepoint: 28700 ns, At safepoint: 22100 ns, Total: 50800 ns
[7856.141s][info ][safepoint      ] Safepoint "Cleanup", Time since last: 22001282034 ns, Reaching safepoint: 38600 ns, At safepoint: 4900 ns, Total: 43500 ns
[7875.533s][info ][gc,start       ] GC(161) Pause Young (Allocation Failure)
[7875.536s][debug][gc,phases      ] GC(161) Scavenge 2.799ms
[7875.536s][debug][gc,ref         ] GC(161) Skipped phase 1 of Reference Processing: no references
[7875.536s][debug][gc,ref         ] GC(161) ReferenceProcessor::execute queues: 1, RefProcThreadModel::Single, marks_oops_alive: false
[7875.536s][debug][gc,ref         ] GC(161) Skipped phase 3 of Reference Processing: no references
[7875.536s][debug][gc,ref         ] GC(161) ReferenceProcessor::execute queues: 1, RefProcThreadModel::Single, marks_oops_alive: false
[7875.536s][debug][gc,phases      ] GC(161) Reference Processing 0.089ms
[7875.536s][debug][gc,phases      ] GC(161)   VM Weak                        Min:  0.0, Avg:  0.0, Max:  0.0, Diff:  0.0, Sum:  0.0, Workers: 4
[7875.536s][debug][gc,phases      ] GC(161)     Dead                           Min: 0, Avg:  0.0, Max: 0, Diff: 0, Sum: 0, Workers: 4
[7875.536s][debug][gc,phases      ] GC(161)     Total                          Min: 0, Avg: 160.8, Max: 388, Diff: 388, Sum: 643, Workers: 4
[7875.536s][debug][gc,phases      ] GC(161)   ObjectSynchronizer Weak        Min:  0.0, Avg:  0.0, Max:  0.0, Diff:  0.0, Sum:  0.0, Workers: 4
[7875.536s][debug][gc,phases      ] GC(161)     Dead                           Min: 0, Avg:  0.0, Max: 0, Diff: 0, Sum: 0, Workers: 4
[7875.536s][debug][gc,phases      ] GC(161)     Total                          Min: 0, Avg: 161.8, Max: 384, Diff: 384, Sum: 647, Workers: 4
[7875.536s][debug][gc,phases      ] GC(161)   JVMTI Tag Weak OopStorage      Min:  0.0, Avg:  0.0, Max:  0.0, Diff:  0.0, Sum:  0.0, Workers: 4
[7875.536s][debug][gc,phases      ] GC(161)     Dead                           Min: 0, Avg:  0.0, Max: 0, Diff: 0, Sum: 0, Workers: 4
[7875.536s][debug][gc,phases      ] GC(161)     Total                          Min: 0, Avg:  0.0, Max: 0, Diff: 0, Sum: 0, Workers: 4
[7875.536s][debug][gc,phases      ] GC(161)   StringTable Weak               Min:  0.1, Avg:  0.1, Max:  0.1, Diff:  0.0, Sum:  0.4, Workers: 4
[7875.536s][debug][gc,phases      ] GC(161)     Dead                           Min: 0, Avg:  0.0, Max: 0, Diff: 0, Sum: 0, Workers: 4
[7875.536s][debug][gc,phases      ] GC(161)     Total                          Min: 10303, Avg: 10769.5, Max: 11080, Diff: 777, Sum: 43078, Workers: 4
[7875.536s][debug][gc,phases      ] GC(161)   ResolvedMethodTable Weak       Min:  0.0, Avg:  0.0, Max:  0.0, Diff:  0.0, Sum:  0.1, Workers: 4
[7875.536s][debug][gc,phases      ] GC(161)     Dead                           Min: 0, Avg:  0.0, Max: 0, Diff: 0, Sum: 0, Workers: 4
[7875.536s][debug][gc,phases      ] GC(161)     Total                          Min: 921, Avg: 2214.0, Max: 2751, Diff: 1830, Sum: 8856, Workers: 4
[7875.536s][debug][gc,phases      ] GC(161)   JNI Weak                       Min:  0.0, Avg:  0.0, Max:  0.0, Diff:  0.0, Sum:  0.0, Workers: 4
[7875.536s][debug][gc,phases      ] GC(161)     Dead                           Min: 0, Avg:  0.0, Max: 0, Diff: 0, Sum: 0, Workers: 4
[7875.536s][debug][gc,phases      ] GC(161)     Total                          Min: 0, Avg: 11.2, Max: 45, Diff: 45, Sum: 45, Workers: 4
[7875.536s][debug][gc,phases      ] GC(161)   StringDedup Table Weak         Min:  0.0, Avg:  0.0, Max:  0.0, Diff:  0.0, Sum:  0.0, Workers: 4
[7875.536s][debug][gc,phases      ] GC(161)     Dead                           Min: 0, Avg:  0.0, Max: 0, Diff: 0, Sum: 0, Workers: 4
[7875.536s][debug][gc,phases      ] GC(161)     Total                          Min: 0, Avg:  0.0, Max: 0, Diff: 0, Sum: 0, Workers: 4
[7875.536s][debug][gc,phases      ] GC(161)   StringDedup Requests0 Weak     Min:  0.0, Avg:  0.0, Max:  0.0, Diff:  0.0, Sum:  0.0, Workers: 4
[7875.536s][debug][gc,phases      ] GC(161)     Dead                           Min: 0, Avg:  0.0, Max: 0, Diff: 0, Sum: 0, Workers: 4
[7875.536s][debug][gc,phases      ] GC(161)     Total                          Min: 0, Avg:  0.0, Max: 0, Diff: 0, Sum: 0, Workers: 4
[7875.536s][debug][gc,phases      ] GC(161)   StringDedup Requests1 Weak     Min:  0.0, Avg:  0.0, Max:  0.0, Diff:  0.0, Sum:  0.0, Workers: 4
[7875.536s][debug][gc,phases      ] GC(161)     Dead                           Min: 0, Avg:  0.0, Max: 0, Diff: 0, Sum: 0, Workers: 4
[7875.536s][debug][gc,phases      ] GC(161)     Total                          Min: 0, Avg:  0.0, Max: 0, Diff: 0, Sum: 0, Workers: 4
[7875.536s][debug][gc,phases      ] GC(161)   Weak JFR Old Object Samples    Min:  0.0, Avg:  0.0, Max:  0.0, Diff:  0.0, Sum:  0.0, Workers: 4
[7875.536s][debug][gc,phases      ] GC(161)     Dead                           Min: 0, Avg:  0.0, Max: 0, Diff: 0, Sum: 0, Workers: 4
[7875.536s][debug][gc,phases      ] GC(161)     Total                          Min: 0, Avg:  0.0, Max: 0, Diff: 0, Sum: 0, Workers: 4
[7875.536s][debug][gc,phases      ] GC(161) Weak Processing 0.271ms
[7875.536s][debug][gc,age         ] GC(161) Desired survivor size 90701824 bytes, new threshold 15 (max threshold 15)
[7875.536s][info ][gc,heap        ] GC(161) PSYoungGen: 1909216K(1998848K)->5392K(2008576K) Eden: 1903616K(1903616K)->0K(1916416K) From: 5600K(95232K)->5392K(92160K)
[7875.536s][info ][gc,heap        ] GC(161) ParOldGen: 439731K(535552K)->439731K(535552K)
[7875.536s][info ][gc,metaspace   ] GC(161) Metaspace: 80362K(81280K)->80362K(81280K) NonClass: 69119K(69632K)->69119K(69632K) Class: 11243K(11648K)->11243K(11648K)
[7875.536s][info ][gc             ] GC(161) Pause Young (Allocation Failure) 2293M->434M(2484M) 3.244ms
[7875.536s][info ][gc,cpu         ] GC(161) User=0.01s Sys=0.00s Real=0.01s
[7875.536s][info ][safepoint      ] Safepoint "ParallelGCFailedAllocation", Time since last: 19392347315 ns, Reaching safepoint: 32900 ns, At safepoint: 3329612 ns, Total: 3362512 ns
[7899.538s][info ][safepoint      ] Safepoint "Cleanup", Time since last: 24001535903 ns, Reaching safepoint: 37500 ns, At safepoint: 2900 ns, Total: 40400 ns
[7914.539s][info ][safepoint      ] Safepoint "Cleanup", Time since last: 15000940942 ns, Reaching safepoint: 39000 ns, At safepoint: 4800 ns, Total: 43800 ns
[7916.539s][info ][safepoint      ] Safepoint "Cleanup", Time since last: 2000176899 ns, Reaching safepoint: 39200 ns, At safepoint: 4900 ns, Total: 44100 ns
[7922.540s][info ][safepoint      ] Safepoint "Cleanup", Time since last: 6000412195 ns, Reaching safepoint: 38300 ns, At safepoint: 3100 ns, Total: 41400 ns
[7924.540s][info ][safepoint      ] Safepoint "Cleanup", Time since last: 2000161698 ns, Reaching safepoint: 27400 ns, At safepoint: 3000 ns, Total: 30400 ns
[7925.540s][info ][safepoint      ] Safepoint "Cleanup", Time since last: 1000098449 ns, Reaching safepoint: 29000 ns, At safepoint: 6600 ns, Total: 35600 ns
[7926.540s][info ][safepoint      ] Safepoint "Cleanup", Time since last: 1000101349 ns, Reaching safepoint: 38300 ns, At safepoint: 12900 ns, Total: 51200 ns
[7938.504s][info ][gc,start       ] GC(162) Pause Young (Allocation Failure)
[7938.509s][debug][gc,phases      ] GC(162) Scavenge 5.269ms
[7938.509s][debug][gc,ref         ] GC(162) Skipped phase 1 of Reference Processing: no references
[7938.509s][debug][gc,ref         ] GC(162) ReferenceProcessor::execute queues: 1, RefProcThreadModel::Single, marks_oops_alive: false
[7938.509s][debug][gc,ref         ] GC(162) Skipped phase 3 of Reference Processing: no references
[7938.509s][debug][gc,ref         ] GC(162) ReferenceProcessor::execute queues: 1, RefProcThreadModel::Single, marks_oops_alive: false
[7938.509s][debug][gc,phases      ] GC(162) Reference Processing 0.095ms
[7938.509s][debug][gc,phases      ] GC(162)   VM Weak                        Min:  0.0, Avg:  0.0, Max:  0.0, Diff:  0.0, Sum:  0.0, Workers: 4
[7938.509s][debug][gc,phases      ] GC(162)     Dead                           Min: 0, Avg:  0.0, Max: 0, Diff: 0, Sum: 0, Workers: 4
[7938.509s][debug][gc,phases      ] GC(162)     Total                          Min: 0, Avg: 160.8, Max: 643, Diff: 643, Sum: 643, Workers: 4
[7938.509s][debug][gc,phases      ] GC(162)   ObjectSynchronizer Weak        Min:  0.0, Avg:  0.0, Max:  0.0, Diff:  0.0, Sum:  0.0, Workers: 4
[7938.509s][debug][gc,phases      ] GC(162)     Dead                           Min: 0, Avg:  0.0, Max: 0, Diff: 0, Sum: 0, Workers: 4
[7938.509s][debug][gc,phases      ] GC(162)     Total                          Min: 0, Avg: 161.8, Max: 512, Diff: 512, Sum: 647, Workers: 4
[7938.509s][debug][gc,phases      ] GC(162)   JVMTI Tag Weak OopStorage      Min:  0.0, Avg:  0.0, Max:  0.0, Diff:  0.0, Sum:  0.0, Workers: 4
[7938.509s][debug][gc,phases      ] GC(162)     Dead                           Min: 0, Avg:  0.0, Max: 0, Diff: 0, Sum: 0, Workers: 4
[7938.509s][debug][gc,phases      ] GC(162)     Total                          Min: 0, Avg:  0.0, Max: 0, Diff: 0, Sum: 0, Workers: 4
[7938.509s][debug][gc,phases      ] GC(162)   StringTable Weak               Min:  0.0, Avg:  0.1, Max:  0.1, Diff:  0.1, Sum:  0.3, Workers: 4
[7938.509s][debug][gc,phases      ] GC(162)     Dead                           Min: 0, Avg:  0.0, Max: 0, Diff: 0, Sum: 0, Workers: 4
[7938.509s][debug][gc,phases      ] GC(162)     Total                          Min: 0, Avg: 10769.5, Max: 19207, Diff: 19207, Sum: 43078, Workers: 4
[7938.509s][debug][gc,phases      ] GC(162)   ResolvedMethodTable Weak       Min:  0.0, Avg:  0.0, Max:  0.0, Diff:  0.0, Sum:  0.1, Workers: 4
[7938.509s][debug][gc,phases      ] GC(162)     Dead                           Min: 0, Avg:  0.0, Max: 0, Diff: 0, Sum: 0, Workers: 4
[7938.509s][debug][gc,phases      ] GC(162)     Total                          Min: 0, Avg: 2214.0, Max: 3865, Diff: 3865, Sum: 8856, Workers: 4
[7938.509s][debug][gc,phases      ] GC(162)   JNI Weak                       Min:  0.0, Avg:  0.0, Max:  0.0, Diff:  0.0, Sum:  0.0, Workers: 4
[7938.509s][debug][gc,phases      ] GC(162)     Dead                           Min: 0, Avg:  0.0, Max: 0, Diff: 0, Sum: 0, Workers: 4
[7938.509s][debug][gc,phases      ] GC(162)     Total                          Min: 0, Avg: 11.2, Max: 45, Diff: 45, Sum: 45, Workers: 4
[7938.509s][debug][gc,phases      ] GC(162)   StringDedup Table Weak         Min:  0.0, Avg:  0.0, Max:  0.0, Diff:  0.0, Sum:  0.0, Workers: 4
[7938.509s][debug][gc,phases      ] GC(162)     Dead                           Min: 0, Avg:  0.0, Max: 0, Diff: 0, Sum: 0, Workers: 4
[7938.509s][debug][gc,phases      ] GC(162)     Total                          Min: 0, Avg:  0.0, Max: 0, Diff: 0, Sum: 0, Workers: 4
[7938.509s][debug][gc,phases      ] GC(162)   StringDedup Requests0 Weak     Min:  0.0, Avg:  0.0, Max:  0.0, Diff:  0.0, Sum:  0.0, Workers: 4
[7938.509s][debug][gc,phases      ] GC(162)     Dead                           Min: 0, Avg:  0.0, Max: 0, Diff: 0, Sum: 0, Workers: 4
[7938.509s][debug][gc,phases      ] GC(162)     Total                          Min: 0, Avg:  0.0, Max: 0, Diff: 0, Sum: 0, Workers: 4
[7938.509s][debug][gc,phases      ] GC(162)   StringDedup Requests1 Weak     Min:  0.0, Avg:  0.0, Max:  0.0, Diff:  0.0, Sum:  0.0, Workers: 4
[7938.509s][debug][gc,phases      ] GC(162)     Dead                           Min: 0, Avg:  0.0, Max: 0, Diff: 0, Sum: 0, Workers: 4
[7938.509s][debug][gc,phases      ] GC(162)     Total                          Min: 0, Avg:  0.0, Max: 0, Diff: 0, Sum: 0, Workers: 4
[7938.509s][debug][gc,phases      ] GC(162)   Weak JFR Old Object Samples    Min:  0.0, Avg:  0.0, Max:  0.0, Diff:  0.0, Sum:  0.0, Workers: 4
[7938.509s][debug][gc,phases      ] GC(162)     Dead                           Min: 0, Avg:  0.0, Max: 0, Diff: 0, Sum: 0, Workers: 4
[7938.509s][debug][gc,phases      ] GC(162)     Total                          Min: 0, Avg:  0.0, Max: 0, Diff: 0, Sum: 0, Workers: 4
[7938.509s][debug][gc,phases      ] GC(162) Weak Processing 0.305ms
[7938.509s][debug][gc,age         ] GC(162) Desired survivor size 87031808 bytes, new threshold 15 (max threshold 15)
[7938.509s][info ][gc,heap        ] GC(162) PSYoungGen: 1921808K(2008576K)->6064K(2004992K) Eden: 1916416K(1916416K)->0K(1916416K) From: 5392K(92160K)->6064K(88576K)
[7938.509s][info ][gc,heap        ] GC(162) ParOldGen: 439731K(535552K)->439731K(535552K)
[7938.509s][info ][gc,metaspace   ] GC(162) Metaspace: 80382K(81280K)->80382K(81280K) NonClass: 69138K(69632K)->69138K(69632K) Class: 11244K(11648K)->11244K(11648K)
[7938.509s][info ][gc             ] GC(162) Pause Young (Allocation Failure) 2306M->435M(2481M) 5.764ms
[7938.509s][info ][gc,cpu         ] GC(162) User=0.01s Sys=0.00s Real=0.01s
[7938.509s][info ][safepoint      ] Safepoint "ParallelGCFailedAllocation", Time since last: 11963507456 ns, Reaching safepoint: 24400 ns, At safepoint: 5830521 ns, Total: 5854921 ns
[7947.510s][info ][safepoint      ] Safepoint "Cleanup", Time since last: 9000558635 ns, Reaching safepoint: 27900 ns, At safepoint: 2900 ns, Total: 30800 ns
[7952.510s][info ][safepoint      ] Safepoint "Cleanup", Time since last: 5000346941 ns, Reaching safepoint: 29000 ns, At safepoint: 2600 ns, Total: 31600 ns
[7957.511s][info ][safepoint      ] Safepoint "Cleanup", Time since last: 5000353041 ns, Reaching safepoint: 41800 ns, At safepoint: 2400 ns, Total: 44200 ns
[7960.365s][info ][safepoint      ] Safepoint "Cleanup", Time since last: 2854269441 ns, Reaching safepoint: 27400 ns, At safepoint: 10900 ns, Total: 38300 ns
[7974.366s][info ][safepoint      ] Safepoint "Cleanup", Time since last: 14000773267 ns, Reaching safepoint: 39800 ns, At safepoint: 3900 ns, Total: 43700 ns
[7975.366s][info ][safepoint      ] Safepoint "Cleanup", Time since last: 1000104148 ns, Reaching safepoint: 27200 ns, At safepoint: 2400 ns, Total: 29600 ns
[7976.366s][info ][safepoint      ] Safepoint "Cleanup", Time since last: 1000093548 ns, Reaching safepoint: 39100 ns, At safepoint: 5000 ns, Total: 44100 ns
[7977.366s][info ][safepoint      ] Safepoint "Cleanup", Time since last: 1000100947 ns, Reaching safepoint: 41701 ns, At safepoint: 4200 ns, Total: 45901 ns
[7978.366s][info ][safepoint      ] Safepoint "Cleanup", Time since last: 1000101647 ns, Reaching safepoint: 41800 ns, At safepoint: 14500 ns, Total: 56300 ns
[7981.367s][info ][safepoint      ] Safepoint "Cleanup", Time since last: 3000752844 ns, Reaching safepoint: 54800 ns, At safepoint: 4801 ns, Total: 59601 ns
[7983.329s][info ][gc,start       ] GC(163) Pause Young (Allocation Failure)
[7983.336s][debug][gc,phases      ] GC(163) Scavenge 7.319ms
[7983.336s][debug][gc,ref         ] GC(163) Skipped phase 1 of Reference Processing: no references
[7983.336s][debug][gc,ref         ] GC(163) ReferenceProcessor::execute queues: 1, RefProcThreadModel::Single, marks_oops_alive: false
[7983.336s][debug][gc,ref         ] GC(163) Skipped phase 3 of Reference Processing: no references
[7983.336s][debug][gc,ref         ] GC(163) ReferenceProcessor::execute queues: 1, RefProcThreadModel::Single, marks_oops_alive: false
[7983.336s][debug][gc,phases      ] GC(163) Reference Processing 0.105ms
[7983.336s][debug][gc,phases      ] GC(163)   VM Weak                        Min:  0.0, Avg:  0.0, Max:  0.0, Diff:  0.0, Sum:  0.0, Workers: 4
[7983.336s][debug][gc,phases      ] GC(163)     Dead                           Min: 0, Avg:  0.0, Max: 0, Diff: 0, Sum: 0, Workers: 4
[7983.336s][debug][gc,phases      ] GC(163)     Total                          Min: 0, Avg: 160.8, Max: 527, Diff: 527, Sum: 643, Workers: 4
[7983.336s][debug][gc,phases      ] GC(163)   ObjectSynchronizer Weak        Min:  0.0, Avg:  0.0, Max:  0.0, Diff:  0.0, Sum:  0.0, Workers: 4
[7983.336s][debug][gc,phases      ] GC(163)     Dead                           Min: 0, Avg:  0.0, Max: 0, Diff: 0, Sum: 0, Workers: 4
[7983.336s][debug][gc,phases      ] GC(163)     Total                          Min: 64, Avg: 161.8, Max: 256, Diff: 192, Sum: 647, Workers: 4
[7983.336s][debug][gc,phases      ] GC(163)   JVMTI Tag Weak OopStorage      Min:  0.0, Avg:  0.0, Max:  0.0, Diff:  0.0, Sum:  0.0, Workers: 4
[7983.336s][debug][gc,phases      ] GC(163)     Dead                           Min: 0, Avg:  0.0, Max: 0, Diff: 0, Sum: 0, Workers: 4
[7983.336s][debug][gc,phases      ] GC(163)     Total                          Min: 0, Avg:  0.0, Max: 0, Diff: 0, Sum: 0, Workers: 4
[7983.336s][debug][gc,phases      ] GC(163)   StringTable Weak               Min:  0.1, Avg:  0.1, Max:  0.1, Diff:  0.0, Sum:  0.4, Workers: 4
[7983.336s][debug][gc,phases      ] GC(163)     Dead                           Min: 0, Avg:  0.0, Max: 0, Diff: 0, Sum: 0, Workers: 4
[7983.336s][debug][gc,phases      ] GC(163)     Total                          Min: 9471, Avg: 10769.5, Max: 11328, Diff: 1857, Sum: 43078, Workers: 4
[7983.336s][debug][gc,phases      ] GC(163)   ResolvedMethodTable Weak       Min:  0.0, Avg:  0.0, Max:  0.0, Diff:  0.0, Sum:  0.1, Workers: 4
[7983.336s][debug][gc,phases      ] GC(163)     Dead                           Min: 0, Avg:  0.0, Max: 0, Diff: 0, Sum: 0, Workers: 4
[7983.336s][debug][gc,phases      ] GC(163)     Total                          Min: 2112, Avg: 2214.0, Max: 2368, Diff: 256, Sum: 8856, Workers: 4
[7983.336s][debug][gc,phases      ] GC(163)   JNI Weak                       Min:  0.0, Avg:  0.0, Max:  0.0, Diff:  0.0, Sum:  0.0, Workers: 4
[7983.336s][debug][gc,phases      ] GC(163)     Dead                           Min: 0, Avg:  0.0, Max: 0, Diff: 0, Sum: 0, Workers: 4
[7983.336s][debug][gc,phases      ] GC(163)     Total                          Min: 0, Avg: 11.2, Max: 45, Diff: 45, Sum: 45, Workers: 4
[7983.336s][debug][gc,phases      ] GC(163)   StringDedup Table Weak         Min:  0.0, Avg:  0.0, Max:  0.0, Diff:  0.0, Sum:  0.0, Workers: 4
[7983.336s][debug][gc,phases      ] GC(163)     Dead                           Min: 0, Avg:  0.0, Max: 0, Diff: 0, Sum: 0, Workers: 4
[7983.336s][debug][gc,phases      ] GC(163)     Total                          Min: 0, Avg:  0.0, Max: 0, Diff: 0, Sum: 0, Workers: 4
[7983.336s][debug][gc,phases      ] GC(163)   StringDedup Requests0 Weak     Min:  0.0, Avg:  0.0, Max:  0.0, Diff:  0.0, Sum:  0.0, Workers: 4
[7983.336s][debug][gc,phases      ] GC(163)     Dead                           Min: 0, Avg:  0.0, Max: 0, Diff: 0, Sum: 0, Workers: 4
[7983.336s][debug][gc,phases      ] GC(163)     Total                          Min: 0, Avg:  0.0, Max: 0, Diff: 0, Sum: 0, Workers: 4
[7983.336s][debug][gc,phases      ] GC(163)   StringDedup Requests1 Weak     Min:  0.0, Avg:  0.0, Max:  0.0, Diff:  0.0, Sum:  0.0, Workers: 4
[7983.336s][debug][gc,phases      ] GC(163)     Dead                           Min: 0, Avg:  0.0, Max: 0, Diff: 0, Sum: 0, Workers: 4
[7983.336s][debug][gc,phases      ] GC(163)     Total                          Min: 0, Avg:  0.0, Max: 0, Diff: 0, Sum: 0, Workers: 4
[7983.336s][debug][gc,phases      ] GC(163)   Weak JFR Old Object Samples    Min:  0.0, Avg:  0.0, Max:  0.0, Diff:  0.0, Sum:  0.0, Workers: 4
[7983.336s][debug][gc,phases      ] GC(163)     Dead                           Min: 0, Avg:  0.0, Max: 0, Diff: 0, Sum: 0, Workers: 4
[7983.336s][debug][gc,phases      ] GC(163)     Total                          Min: 0, Avg:  0.0, Max: 0, Diff: 0, Sum: 0, Workers: 4
[7983.336s][debug][gc,phases      ] GC(163) Weak Processing 0.298ms
[7983.336s][debug][gc,age         ] GC(163) Desired survivor size 80740352 bytes, new threshold 15 (max threshold 15)
[7983.336s][info ][gc,heap        ] GC(163) PSYoungGen: 1922480K(2004992K)->19449K(2018304K) Eden: 1916416K(1916416K)->0K(1933312K) From: 6064K(88576K)->19449K(84992K)
[7983.336s][info ][gc,heap        ] GC(163) ParOldGen: 439731K(535552K)->439731K(535552K)
[7983.336s][info ][gc,metaspace   ] GC(163) Metaspace: 80389K(81280K)->80389K(81280K) NonClass: 69145K(69632K)->69145K(69632K) Class: 11244K(11648K)->11244K(11648K)
[7983.336s][info ][gc             ] GC(163) Pause Young (Allocation Failure) 2306M->448M(2494M) 7.819ms
[7983.336s][info ][gc,cpu         ] GC(163) User=0.03s Sys=0.00s Real=0.01s
[7983.336s][info ][safepoint      ] Safepoint "ParallelGCFailedAllocation", Time since last: 1961181460 ns, Reaching safepoint: 112300 ns, At safepoint: 7887227 ns, Total: 7999527 ns
[7985.337s][info ][safepoint      ] Safepoint "Cleanup", Time since last: 2000114295 ns, Reaching safepoint: 115100 ns, At safepoint: 6000 ns, Total: 121100 ns
[7991.337s][info ][safepoint      ] Safepoint "Cleanup", Time since last: 6000457183 ns, Reaching safepoint: 25200 ns, At safepoint: 3200 ns, Total: 28400 ns
[8008.338s][info ][safepoint      ] Safepoint "Cleanup", Time since last: 17001112197 ns, Reaching safepoint: 41800 ns, At safepoint: 3400 ns, Total: 45200 ns
[8010.338s][info ][safepoint      ] Safepoint "Cleanup", Time since last: 2000164793 ns, Reaching safepoint: 24500 ns, At safepoint: 2900 ns, Total: 27400 ns
[8014.339s][info ][safepoint      ] Safepoint "Cleanup", Time since last: 4000283786 ns, Reaching safepoint: 39100 ns, At safepoint: 4400 ns, Total: 43500 ns
[8020.339s][info ][safepoint      ] Safepoint "Cleanup", Time since last: 6000360479 ns, Reaching safepoint: 105200 ns, At safepoint: 9000 ns, Total: 114200 ns
[8042.030s][info ][gc,start       ] GC(164) Pause Young (Allocation Failure)
[8042.037s][debug][gc,phases      ] GC(164) Scavenge 6.854ms
[8042.037s][debug][gc,ref         ] GC(164) Skipped phase 1 of Reference Processing: no references
[8042.037s][debug][gc,ref         ] GC(164) ReferenceProcessor::execute queues: 1, RefProcThreadModel::Single, marks_oops_alive: false
[8042.037s][debug][gc,ref         ] GC(164) Skipped phase 3 of Reference Processing: no references
[8042.037s][debug][gc,ref         ] GC(164) ReferenceProcessor::execute queues: 1, RefProcThreadModel::Single, marks_oops_alive: false
[8042.037s][debug][gc,phases      ] GC(164) Reference Processing 0.138ms
[8042.037s][debug][gc,phases      ] GC(164)   VM Weak                        Min:  0.0, Avg:  0.0, Max:  0.0, Diff:  0.0, Sum:  0.0, Workers: 4
[8042.037s][debug][gc,phases      ] GC(164)     Dead                           Min: 0, Avg:  0.0, Max: 0, Diff: 0, Sum: 0, Workers: 4
[8042.037s][debug][gc,phases      ] GC(164)     Total                          Min: 0, Avg: 161.0, Max: 527, Diff: 527, Sum: 644, Workers: 4
[8042.037s][debug][gc,phases      ] GC(164)   ObjectSynchronizer Weak        Min:  0.0, Avg:  0.0, Max:  0.0, Diff:  0.0, Sum:  0.0, Workers: 4
[8042.037s][debug][gc,phases      ] GC(164)     Dead                           Min: 0, Avg:  0.0, Max: 0, Diff: 0, Sum: 0, Workers: 4
[8042.037s][debug][gc,phases      ] GC(164)     Total                          Min: 64, Avg: 161.8, Max: 256, Diff: 192, Sum: 647, Workers: 4
[8042.037s][debug][gc,phases      ] GC(164)   JVMTI Tag Weak OopStorage      Min:  0.0, Avg:  0.0, Max:  0.0, Diff:  0.0, Sum:  0.0, Workers: 4
[8042.037s][debug][gc,phases      ] GC(164)     Dead                           Min: 0, Avg:  0.0, Max: 0, Diff: 0, Sum: 0, Workers: 4
[8042.037s][debug][gc,phases      ] GC(164)     Total                          Min: 0, Avg:  0.0, Max: 0, Diff: 0, Sum: 0, Workers: 4
[8042.037s][debug][gc,phases      ] GC(164)   StringTable Weak               Min:  0.1, Avg:  0.1, Max:  0.1, Diff:  0.0, Sum:  0.4, Workers: 4
[8042.037s][debug][gc,phases      ] GC(164)     Dead                           Min: 0, Avg:  0.0, Max: 0, Diff: 0, Sum: 0, Workers: 4
[8042.037s][debug][gc,phases      ] GC(164)     Total                          Min: 10058, Avg: 10770.0, Max: 11199, Diff: 1141, Sum: 43080, Workers: 4
[8042.037s][debug][gc,phases      ] GC(164)   ResolvedMethodTable Weak       Min:  0.0, Avg:  0.0, Max:  0.0, Diff:  0.0, Sum:  0.1, Workers: 4
[8042.037s][debug][gc,phases      ] GC(164)     Dead                           Min: 0, Avg:  0.0, Max: 0, Diff: 0, Sum: 0, Workers: 4
[8042.037s][debug][gc,phases      ] GC(164)     Total                          Min: 2175, Avg: 2215.0, Max: 2333, Diff: 158, Sum: 8860, Workers: 4
[8042.037s][debug][gc,phases      ] GC(164)   JNI Weak                       Min:  0.0, Avg:  0.0, Max:  0.0, Diff:  0.0, Sum:  0.0, Workers: 4
[8042.037s][debug][gc,phases      ] GC(164)     Dead                           Min: 0, Avg:  0.0, Max: 0, Diff: 0, Sum: 0, Workers: 4
[8042.037s][debug][gc,phases      ] GC(164)     Total                          Min: 0, Avg: 11.2, Max: 45, Diff: 45, Sum: 45, Workers: 4
[8042.037s][debug][gc,phases      ] GC(164)   StringDedup Table Weak         Min:  0.0, Avg:  0.0, Max:  0.0, Diff:  0.0, Sum:  0.0, Workers: 4
[8042.037s][debug][gc,phases      ] GC(164)     Dead                           Min: 0, Avg:  0.0, Max: 0, Diff: 0, Sum: 0, Workers: 4
[8042.037s][debug][gc,phases      ] GC(164)     Total                          Min: 0, Avg:  0.0, Max: 0, Diff: 0, Sum: 0, Workers: 4
[8042.037s][debug][gc,phases      ] GC(164)   StringDedup Requests0 Weak     Min:  0.0, Avg:  0.0, Max:  0.0, Diff:  0.0, Sum:  0.0, Workers: 4
[8042.037s][debug][gc,phases      ] GC(164)     Dead                           Min: 0, Avg:  0.0, Max: 0, Diff: 0, Sum: 0, Workers: 4
[8042.037s][debug][gc,phases      ] GC(164)     Total                          Min: 0, Avg:  0.0, Max: 0, Diff: 0, Sum: 0, Workers: 4
[8042.037s][debug][gc,phases      ] GC(164)   StringDedup Requests1 Weak     Min:  0.0, Avg:  0.0, Max:  0.0, Diff:  0.0, Sum:  0.0, Workers: 4
[8042.037s][debug][gc,phases      ] GC(164)     Dead                           Min: 0, Avg:  0.0, Max: 0, Diff: 0, Sum: 0, Workers: 4
[8042.037s][debug][gc,phases      ] GC(164)     Total                          Min: 0, Avg:  0.0, Max: 0, Diff: 0, Sum: 0, Workers: 4
[8042.037s][debug][gc,phases      ] GC(164)   Weak JFR Old Object Samples    Min:  0.0, Avg:  0.0, Max:  0.0, Diff:  0.0, Sum:  0.0, Workers: 4
[8042.037s][debug][gc,phases      ] GC(164)     Dead                           Min: 0, Avg:  0.0, Max: 0, Diff: 0, Sum: 0, Workers: 4
[8042.037s][debug][gc,phases      ] GC(164)     Total                          Min: 0, Avg:  0.0, Max: 0, Diff: 0, Sum: 0, Workers: 4
[8042.037s][debug][gc,phases      ] GC(164) Weak Processing 0.280ms
[8042.037s][debug][gc,age         ] GC(164) Desired survivor size 74973184 bytes, new threshold 15 (max threshold 15)
[8042.037s][info ][gc,heap        ] GC(164) PSYoungGen: 1952761K(2018304K)->19248K(2012160K) Eden: 1933312K(1933312K)->0K(1933312K) From: 19449K(84992K)->19248K(78848K)
[8042.037s][info ][gc,heap        ] GC(164) ParOldGen: 439731K(535552K)->439731K(535552K)
[8042.037s][info ][gc,metaspace   ] GC(164) Metaspace: 80396K(81280K)->80396K(81280K) NonClass: 69151K(69632K)->69151K(69632K) Class: 11245K(11648K)->11245K(11648K)
[8042.037s][info ][gc             ] GC(164) Pause Young (Allocation Failure) 2336M->448M(2488M) 7.363ms
[8042.037s][info ][gc,cpu         ] GC(164) User=0.02s Sys=0.00s Real=0.01s
[8042.037s][info ][safepoint      ] Safepoint "ParallelGCFailedAllocation", Time since last: 21690686142 ns, Reaching safepoint: 31000 ns, At safepoint: 7432326 ns, Total: 7463326 ns
[8051.038s][info ][safepoint      ] Safepoint "Cleanup", Time since last: 9000595411 ns, Reaching safepoint: 29500 ns, At safepoint: 2500 ns, Total: 32000 ns
[8066.039s][info ][safepoint      ] Safepoint "Cleanup", Time since last: 15000911180 ns, Reaching safepoint: 42100 ns, At safepoint: 8300 ns, Total: 50400 ns
[8068.039s][info ][safepoint      ] Safepoint "Cleanup", Time since last: 2000164691 ns, Reaching safepoint: 32000 ns, At safepoint: 2900 ns, Total: 34900 ns
[8075.040s][info ][safepoint      ] Safepoint "Cleanup", Time since last: 7000441016 ns, Reaching safepoint: 59200 ns, At safepoint: 6300 ns, Total: 65500 ns
[8077.040s][info ][safepoint      ] Safepoint "Cleanup", Time since last: 2000164590 ns, Reaching safepoint: 223401 ns, At safepoint: 25100 ns, Total: 248501 ns
[8099.835s][info ][gc,start       ] GC(165) Pause Young (Allocation Failure)
[8099.842s][debug][gc,phases      ] GC(165) Scavenge 6.709ms
[8099.842s][debug][gc,ref         ] GC(165) Skipped phase 1 of Reference Processing: no references
[8099.842s][debug][gc,ref         ] GC(165) ReferenceProcessor::execute queues: 1, RefProcThreadModel::Single, marks_oops_alive: false
[8099.842s][debug][gc,ref         ] GC(165) Skipped phase 3 of Reference Processing: no references
[8099.842s][debug][gc,ref         ] GC(165) ReferenceProcessor::execute queues: 1, RefProcThreadModel::Single, marks_oops_alive: false
[8099.842s][debug][gc,phases      ] GC(165) Reference Processing 0.088ms
[8099.842s][debug][gc,phases      ] GC(165)   VM Weak                        Min:  0.0, Avg:  0.0, Max:  0.0, Diff:  0.0, Sum:  0.0, Workers: 4
[8099.842s][debug][gc,phases      ] GC(165)     Dead                           Min: 0, Avg:  0.0, Max: 0, Diff: 0, Sum: 0, Workers: 4
[8099.842s][debug][gc,phases      ] GC(165)     Total                          Min: 0, Avg: 161.0, Max: 528, Diff: 528, Sum: 644, Workers: 4
[8099.842s][debug][gc,phases      ] GC(165)   ObjectSynchronizer Weak        Min:  0.0, Avg:  0.0, Max:  0.0, Diff:  0.0, Sum:  0.0, Workers: 4
[8099.842s][debug][gc,phases      ] GC(165)     Dead                           Min: 0, Avg:  0.0, Max: 0, Diff: 0, Sum: 0, Workers: 4
[8099.842s][debug][gc,phases      ] GC(165)     Total                          Min: 0, Avg: 161.8, Max: 327, Diff: 327, Sum: 647, Workers: 4
[8099.842s][debug][gc,phases      ] GC(165)   JVMTI Tag Weak OopStorage      Min:  0.0, Avg:  0.0, Max:  0.0, Diff:  0.0, Sum:  0.0, Workers: 4
[8099.842s][debug][gc,phases      ] GC(165)     Dead                           Min: 0, Avg:  0.0, Max: 0, Diff: 0, Sum: 0, Workers: 4
[8099.842s][debug][gc,phases      ] GC(165)     Total                          Min: 0, Avg:  0.0, Max: 0, Diff: 0, Sum: 0, Workers: 4
[8099.842s][debug][gc,phases      ] GC(165)   StringTable Weak               Min:  0.1, Avg:  0.1, Max:  0.1, Diff:  0.0, Sum:  0.4, Workers: 4
[8099.842s][debug][gc,phases      ] GC(165)     Dead                           Min: 0, Avg:  0.0, Max: 0, Diff: 0, Sum: 0, Workers: 4
[8099.842s][debug][gc,phases      ] GC(165)     Total                          Min: 10623, Avg: 10770.2, Max: 10955, Diff: 332, Sum: 43081, Workers: 4
[8099.842s][debug][gc,phases      ] GC(165)   ResolvedMethodTable Weak       Min:  0.0, Avg:  0.0, Max:  0.0, Diff:  0.0, Sum:  0.1, Workers: 4
[8099.842s][debug][gc,phases      ] GC(165)     Dead                           Min: 0, Avg:  0.0, Max: 0, Diff: 0, Sum: 0, Workers: 4
[8099.842s][debug][gc,phases      ] GC(165)     Total                          Min: 1280, Avg: 2215.0, Max: 2816, Diff: 1536, Sum: 8860, Workers: 4
[8099.842s][debug][gc,phases      ] GC(165)   JNI Weak                       Min:  0.0, Avg:  0.0, Max:  0.0, Diff:  0.0, Sum:  0.0, Workers: 4
[8099.842s][debug][gc,phases      ] GC(165)     Dead                           Min: 0, Avg:  0.0, Max: 0, Diff: 0, Sum: 0, Workers: 4
[8099.842s][debug][gc,phases      ] GC(165)     Total                          Min: 0, Avg: 11.2, Max: 45, Diff: 45, Sum: 45, Workers: 4
[8099.842s][debug][gc,phases      ] GC(165)   StringDedup Table Weak         Min:  0.0, Avg:  0.0, Max:  0.0, Diff:  0.0, Sum:  0.0, Workers: 4
[8099.842s][debug][gc,phases      ] GC(165)     Dead                           Min: 0, Avg:  0.0, Max: 0, Diff: 0, Sum: 0, Workers: 4
[8099.842s][debug][gc,phases      ] GC(165)     Total                          Min: 0, Avg:  0.0, Max: 0, Diff: 0, Sum: 0, Workers: 4
[8099.842s][debug][gc,phases      ] GC(165)   StringDedup Requests0 Weak     Min:  0.0, Avg:  0.0, Max:  0.0, Diff:  0.0, Sum:  0.0, Workers: 4
[8099.842s][debug][gc,phases      ] GC(165)     Dead                           Min: 0, Avg:  0.0, Max: 0, Diff: 0, Sum: 0, Workers: 4
[8099.842s][debug][gc,phases      ] GC(165)     Total                          Min: 0, Avg:  0.0, Max: 0, Diff: 0, Sum: 0, Workers: 4
[8099.842s][debug][gc,phases      ] GC(165)   StringDedup Requests1 Weak     Min:  0.0, Avg:  0.0, Max:  0.0, Diff:  0.0, Sum:  0.0, Workers: 4
[8099.842s][debug][gc,phases      ] GC(165)     Dead                           Min: 0, Avg:  0.0, Max: 0, Diff: 0, Sum: 0, Workers: 4
[8099.842s][debug][gc,phases      ] GC(165)     Total                          Min: 0, Avg:  0.0, Max: 0, Diff: 0, Sum: 0, Workers: 4
[8099.842s][debug][gc,phases      ] GC(165)   Weak JFR Old Object Samples    Min:  0.0, Avg:  0.0, Max:  0.0, Diff:  0.0, Sum:  0.0, Workers: 4
[8099.842s][debug][gc,phases      ] GC(165)     Dead                           Min: 0, Avg:  0.0, Max: 0, Diff: 0, Sum: 0, Workers: 4
[8099.842s][debug][gc,phases      ] GC(165)     Total                          Min: 0, Avg:  0.0, Max: 0, Diff: 0, Sum: 0, Workers: 4
[8099.842s][debug][gc,phases      ] GC(165) Weak Processing 0.279ms
[8099.842s][debug][gc,age         ] GC(165) Desired survivor size 70254592 bytes, new threshold 15 (max threshold 15)
[8099.842s][info ][gc,heap        ] GC(165) PSYoungGen: 1952560K(2012160K)->17360K(2028544K) Eden: 1933312K(1933312K)->0K(1955328K) From: 19248K(78848K)->17360K(73216K)
[8099.842s][info ][gc,heap        ] GC(165) ParOldGen: 439731K(535552K)->439731K(535552K)
[8099.842s][info ][gc,metaspace   ] GC(165) Metaspace: 80398K(81280K)->80398K(81280K) NonClass: 69153K(69632K)->69153K(69632K) Class: 11245K(11648K)->11245K(11648K)
[8099.842s][info ][gc             ] GC(165) Pause Young (Allocation Failure) 2336M->446M(2504M) 7.171ms
[8099.842s][info ][gc,cpu         ] GC(165) User=0.03s Sys=0.00s Real=0.00s
[8099.842s][info ][safepoint      ] Safepoint "ParallelGCFailedAllocation", Time since last: 22795021017 ns, Reaching safepoint: 29300 ns, At safepoint: 7236225 ns, Total: 7265525 ns
[8106.843s][info ][safepoint      ] Safepoint "Cleanup", Time since last: 7000360210 ns, Reaching safepoint: 26500 ns, At safepoint: 2700 ns, Total: 29200 ns
[8107.843s][info ][safepoint      ] Safepoint "Cleanup", Time since last: 1000115945 ns, Reaching safepoint: 25500 ns, At safepoint: 21400 ns, Total: 46900 ns
[8108.843s][info ][safepoint      ] Safepoint "Cleanup", Time since last: 1000096644 ns, Reaching safepoint: 39600 ns, At safepoint: 4200 ns, Total: 43800 ns
[8117.844s][info ][safepoint      ] Safepoint "Cleanup", Time since last: 9000584898 ns, Reaching safepoint: 113600 ns, At safepoint: 7900 ns, Total: 121500 ns
[8138.845s][info ][safepoint      ] Safepoint "Cleanup", Time since last: 21001343821 ns, Reaching safepoint: 43900 ns, At safepoint: 21500 ns, Total: 65400 ns
[8154.059s][info ][gc,start       ] GC(166) Pause Young (Allocation Failure)
[8154.066s][debug][gc,phases      ] GC(166) Scavenge 6.645ms
[8154.066s][debug][gc,ref         ] GC(166) Skipped phase 1 of Reference Processing: no references
[8154.066s][debug][gc,ref         ] GC(166) ReferenceProcessor::execute queues: 1, RefProcThreadModel::Single, marks_oops_alive: false
[8154.066s][debug][gc,ref         ] GC(166) Skipped phase 3 of Reference Processing: no references
[8154.066s][debug][gc,ref         ] GC(166) ReferenceProcessor::execute queues: 1, RefProcThreadModel::Single, marks_oops_alive: false
[8154.066s][debug][gc,phases      ] GC(166) Reference Processing 0.089ms
[8154.066s][debug][gc,phases      ] GC(166)   VM Weak                        Min:  0.0, Avg:  0.0, Max:  0.0, Diff:  0.0, Sum:  0.0, Workers: 4
[8154.066s][debug][gc,phases      ] GC(166)     Dead                           Min: 0, Avg:  0.0, Max: 0, Diff: 0, Sum: 0, Workers: 4
[8154.066s][debug][gc,phases      ] GC(166)     Total                          Min: 0, Avg: 161.0, Max: 475, Diff: 475, Sum: 644, Workers: 4
[8154.066s][debug][gc,phases      ] GC(166)   ObjectSynchronizer Weak        Min:  0.0, Avg:  0.0, Max:  0.0, Diff:  0.0, Sum:  0.0, Workers: 4
[8154.066s][debug][gc,phases      ] GC(166)     Dead                           Min: 0, Avg:  0.0, Max: 0, Diff: 0, Sum: 0, Workers: 4
[8154.066s][debug][gc,phases      ] GC(166)     Total                          Min: 0, Avg: 161.8, Max: 384, Diff: 384, Sum: 647, Workers: 4
[8154.066s][debug][gc,phases      ] GC(166)   JVMTI Tag Weak OopStorage      Min:  0.0, Avg:  0.0, Max:  0.0, Diff:  0.0, Sum:  0.0, Workers: 4
[8154.066s][debug][gc,phases      ] GC(166)     Dead                           Min: 0, Avg:  0.0, Max: 0, Diff: 0, Sum: 0, Workers: 4
[8154.066s][debug][gc,phases      ] GC(166)     Total                          Min: 0, Avg:  0.0, Max: 0, Diff: 0, Sum: 0, Workers: 4
[8154.066s][debug][gc,phases      ] GC(166)   StringTable Weak               Min:  0.1, Avg:  0.1, Max:  0.1, Diff:  0.0, Sum:  0.4, Workers: 4
[8154.066s][debug][gc,phases      ] GC(166)     Dead                           Min: 0, Avg:  0.0, Max: 0, Diff: 0, Sum: 0, Workers: 4
[8154.066s][debug][gc,phases      ] GC(166)     Total                          Min: 9600, Avg: 10771.0, Max: 11405, Diff: 1805, Sum: 43084, Workers: 4
[8154.066s][debug][gc,phases      ] GC(166)   ResolvedMethodTable Weak       Min:  0.0, Avg:  0.0, Max:  0.0, Diff:  0.0, Sum:  0.1, Workers: 4
[8154.066s][debug][gc,phases      ] GC(166)     Dead                           Min: 0, Avg:  0.0, Max: 0, Diff: 0, Sum: 0, Workers: 4
[8154.066s][debug][gc,phases      ] GC(166)     Total                          Min: 2112, Avg: 2215.0, Max: 2367, Diff: 255, Sum: 8860, Workers: 4
[8154.066s][debug][gc,phases      ] GC(166)   JNI Weak                       Min:  0.0, Avg:  0.0, Max:  0.0, Diff:  0.0, Sum:  0.0, Workers: 4
[8154.066s][debug][gc,phases      ] GC(166)     Dead                           Min: 0, Avg:  0.0, Max: 0, Diff: 0, Sum: 0, Workers: 4
[8154.066s][debug][gc,phases      ] GC(166)     Total                          Min: 0, Avg: 11.2, Max: 45, Diff: 45, Sum: 45, Workers: 4
[8154.066s][debug][gc,phases      ] GC(166)   StringDedup Table Weak         Min:  0.0, Avg:  0.0, Max:  0.0, Diff:  0.0, Sum:  0.0, Workers: 4
[8154.066s][debug][gc,phases      ] GC(166)     Dead                           Min: 0, Avg:  0.0, Max: 0, Diff: 0, Sum: 0, Workers: 4
[8154.066s][debug][gc,phases      ] GC(166)     Total                          Min: 0, Avg:  0.0, Max: 0, Diff: 0, Sum: 0, Workers: 4
[8154.066s][debug][gc,phases      ] GC(166)   StringDedup Requests0 Weak     Min:  0.0, Avg:  0.0, Max:  0.0, Diff:  0.0, Sum:  0.0, Workers: 4
[8154.066s][debug][gc,phases      ] GC(166)     Dead                           Min: 0, Avg:  0.0, Max: 0, Diff: 0, Sum: 0, Workers: 4
[8154.066s][debug][gc,phases      ] GC(166)     Total                          Min: 0, Avg:  0.0, Max: 0, Diff: 0, Sum: 0, Workers: 4
[8154.066s][debug][gc,phases      ] GC(166)   StringDedup Requests1 Weak     Min:  0.0, Avg:  0.0, Max:  0.0, Diff:  0.0, Sum:  0.0, Workers: 4
[8154.066s][debug][gc,phases      ] GC(166)     Dead                           Min: 0, Avg:  0.0, Max: 0, Diff: 0, Sum: 0, Workers: 4
[8154.066s][debug][gc,phases      ] GC(166)     Total                          Min: 0, Avg:  0.0, Max: 0, Diff: 0, Sum: 0, Workers: 4
[8154.066s][debug][gc,phases      ] GC(166)   Weak JFR Old Object Samples    Min:  0.0, Avg:  0.0, Max:  0.0, Diff:  0.0, Sum:  0.0, Workers: 4
[8154.066s][debug][gc,phases      ] GC(166)     Dead                           Min: 0, Avg:  0.0, Max: 0, Diff: 0, Sum: 0, Workers: 4
[8154.066s][debug][gc,phases      ] GC(166)     Total                          Min: 0, Avg:  0.0, Max: 0, Diff: 0, Sum: 0, Workers: 4
[8154.066s][debug][gc,phases      ] GC(166) Weak Processing 0.274ms
[8154.066s][debug][gc,age         ] GC(166) Desired survivor size 65536000 bytes, new threshold 15 (max threshold 15)
[8154.066s][info ][gc,heap        ] GC(166) PSYoungGen: 1972688K(2028544K)->18380K(2023936K) Eden: 1955328K(1955328K)->0K(1955328K) From: 17360K(73216K)->18380K(68608K)
[8154.066s][info ][gc,heap        ] GC(166) ParOldGen: 439731K(535552K)->439731K(535552K)
[8154.066s][info ][gc,metaspace   ] GC(166) Metaspace: 80404K(81280K)->80404K(81280K) NonClass: 69159K(69632K)->69159K(69632K) Class: 11245K(11648K)->11245K(11648K)
[8154.066s][info ][gc             ] GC(166) Pause Young (Allocation Failure) 2355M->447M(2499M) 7.101ms
[8154.066s][info ][gc,cpu         ] GC(166) User=0.02s Sys=0.00s Real=0.01s
[8154.066s][info ][safepoint      ] Safepoint "ParallelGCFailedAllocation", Time since last: 15213694685 ns, Reaching safepoint: 103601 ns, At safepoint: 7171324 ns, Total: 7274925 ns
[8160.067s][info ][safepoint      ] Safepoint "Cleanup", Time since last: 6000368560 ns, Reaching safepoint: 45700 ns, At safepoint: 4100 ns, Total: 49800 ns
[8192.069s][info ][safepoint      ] Safepoint "Cleanup", Time since last: 32001934474 ns, Reaching safepoint: 39500 ns, At safepoint: 5200 ns, Total: 44700 ns
[8221.070s][info ][safepoint      ] Safepoint "Cleanup", Time since last: 29001752228 ns, Reaching safepoint: 41000 ns, At safepoint: 5100 ns, Total: 46100 ns
[8223.501s][info ][gc,start       ] GC(167) Pause Young (Allocation Failure)
[8223.509s][debug][gc,phases      ] GC(167) Scavenge 7.682ms
[8223.509s][debug][gc,ref         ] GC(167) Skipped phase 1 of Reference Processing: no references
[8223.509s][debug][gc,ref         ] GC(167) ReferenceProcessor::execute queues: 1, RefProcThreadModel::Single, marks_oops_alive: false
[8223.509s][debug][gc,ref         ] GC(167) Skipped phase 3 of Reference Processing: no references
[8223.509s][debug][gc,ref         ] GC(167) ReferenceProcessor::execute queues: 1, RefProcThreadModel::Single, marks_oops_alive: false
[8223.509s][debug][gc,phases      ] GC(167) Reference Processing 0.089ms
[8223.509s][debug][gc,phases      ] GC(167)   VM Weak                        Min:  0.0, Avg:  0.0, Max:  0.0, Diff:  0.0, Sum:  0.0, Workers: 4
[8223.509s][debug][gc,phases      ] GC(167)     Dead                           Min: 0, Avg:  0.0, Max: 0, Diff: 0, Sum: 0, Workers: 4
[8223.509s][debug][gc,phases      ] GC(167)     Total                          Min: 0, Avg: 161.0, Max: 644, Diff: 644, Sum: 644, Workers: 4
[8223.509s][debug][gc,phases      ] GC(167)   ObjectSynchronizer Weak        Min:  0.0, Avg:  0.0, Max:  0.0, Diff:  0.0, Sum:  0.0, Workers: 4
[8223.509s][debug][gc,phases      ] GC(167)     Dead                           Min: 0, Avg:  0.0, Max: 0, Diff: 0, Sum: 0, Workers: 4
[8223.509s][debug][gc,phases      ] GC(167)     Total                          Min: 0, Avg: 161.8, Max: 320, Diff: 320, Sum: 647, Workers: 4
[8223.509s][debug][gc,phases      ] GC(167)   JVMTI Tag Weak OopStorage      Min:  0.0, Avg:  0.0, Max:  0.0, Diff:  0.0, Sum:  0.0, Workers: 4
[8223.509s][debug][gc,phases      ] GC(167)     Dead                           Min: 0, Avg:  0.0, Max: 0, Diff: 0, Sum: 0, Workers: 4
[8223.509s][debug][gc,phases      ] GC(167)     Total                          Min: 0, Avg:  0.0, Max: 0, Diff: 0, Sum: 0, Workers: 4
[8223.509s][debug][gc,phases      ] GC(167)   StringTable Weak               Min:  0.0, Avg:  0.1, Max:  0.1, Diff:  0.1, Sum:  0.3, Workers: 4
[8223.509s][debug][gc,phases      ] GC(167)     Dead                           Min: 0, Avg:  0.0, Max: 0, Diff: 0, Sum: 0, Workers: 4
[8223.509s][debug][gc,phases      ] GC(167)     Total                          Min: 0, Avg: 10771.0, Max: 19278, Diff: 19278, Sum: 43084, Workers: 4
[8223.509s][debug][gc,phases      ] GC(167)   ResolvedMethodTable Weak       Min:  0.0, Avg:  0.0, Max:  0.0, Diff:  0.0, Sum:  0.1, Workers: 4
[8223.509s][debug][gc,phases      ] GC(167)     Dead                           Min: 0, Avg:  0.0, Max: 0, Diff: 0, Sum: 0, Workers: 4
[8223.509s][debug][gc,phases      ] GC(167)     Total                          Min: 0, Avg: 2215.0, Max: 3868, Diff: 3868, Sum: 8860, Workers: 4
[8223.509s][debug][gc,phases      ] GC(167)   JNI Weak                       Min:  0.0, Avg:  0.0, Max:  0.0, Diff:  0.0, Sum:  0.0, Workers: 4
[8223.509s][debug][gc,phases      ] GC(167)     Dead                           Min: 0, Avg:  0.0, Max: 0, Diff: 0, Sum: 0, Workers: 4
[8223.509s][debug][gc,phases      ] GC(167)     Total                          Min: 0, Avg: 11.2, Max: 45, Diff: 45, Sum: 45, Workers: 4
[8223.509s][debug][gc,phases      ] GC(167)   StringDedup Table Weak         Min:  0.0, Avg:  0.0, Max:  0.0, Diff:  0.0, Sum:  0.0, Workers: 4
[8223.509s][debug][gc,phases      ] GC(167)     Dead                           Min: 0, Avg:  0.0, Max: 0, Diff: 0, Sum: 0, Workers: 4
[8223.509s][debug][gc,phases      ] GC(167)     Total                          Min: 0, Avg:  0.0, Max: 0, Diff: 0, Sum: 0, Workers: 4
[8223.509s][debug][gc,phases      ] GC(167)   StringDedup Requests0 Weak     Min:  0.0, Avg:  0.0, Max:  0.0, Diff:  0.0, Sum:  0.0, Workers: 4
[8223.509s][debug][gc,phases      ] GC(167)     Dead                           Min: 0, Avg:  0.0, Max: 0, Diff: 0, Sum: 0, Workers: 4
[8223.509s][debug][gc,phases      ] GC(167)     Total                          Min: 0, Avg:  0.0, Max: 0, Diff: 0, Sum: 0, Workers: 4
[8223.509s][debug][gc,phases      ] GC(167)   StringDedup Requests1 Weak     Min:  0.0, Avg:  0.0, Max:  0.0, Diff:  0.0, Sum:  0.0, Workers: 4
[8223.509s][debug][gc,phases      ] GC(167)     Dead                           Min: 0, Avg:  0.0, Max: 0, Diff: 0, Sum: 0, Workers: 4
[8223.509s][debug][gc,phases      ] GC(167)     Total                          Min: 0, Avg:  0.0, Max: 0, Diff: 0, Sum: 0, Workers: 4
[8223.509s][debug][gc,phases      ] GC(167)   Weak JFR Old Object Samples    Min:  0.0, Avg:  0.0, Max:  0.0, Diff:  0.0, Sum:  0.0, Workers: 4
[8223.509s][debug][gc,phases      ] GC(167)     Dead                           Min: 0, Avg:  0.0, Max: 0, Diff: 0, Sum: 0, Workers: 4
[8223.509s][debug][gc,phases      ] GC(167)     Total                          Min: 0, Avg:  0.0, Max: 0, Diff: 0, Sum: 0, Workers: 4
[8223.509s][debug][gc,phases      ] GC(167) Weak Processing 0.288ms
[8223.509s][debug][gc,age         ] GC(167) Desired survivor size 61865984 bytes, new threshold 15 (max threshold 15)
[8223.509s][info ][gc,heap        ] GC(167) PSYoungGen: 1973708K(2023936K)->17536K(2036736K) Eden: 1955328K(1955328K)->0K(1972736K) From: 18380K(68608K)->17536K(64000K)
[8223.509s][info ][gc,heap        ] GC(167) ParOldGen: 439731K(535552K)->439731K(535552K)
[8223.509s][info ][gc,metaspace   ] GC(167) Metaspace: 80406K(81280K)->80406K(81280K) NonClass: 69161K(69632K)->69161K(69632K) Class: 11245K(11648K)->11245K(11648K)
[8223.509s][info ][gc             ] GC(167) Pause Young (Allocation Failure) 2356M->446M(2512M) 8.157ms
[8223.509s][info ][gc,cpu         ] GC(167) User=0.02s Sys=0.00s Real=0.01s
[8223.509s][info ][safepoint      ] Safepoint "ParallelGCFailedAllocation", Time since last: 2430346965 ns, Reaching safepoint: 47801 ns, At safepoint: 8220728 ns, Total: 8268529 ns
[8273.512s][info ][safepoint      ] Safepoint "Cleanup", Time since last: 50003118584 ns, Reaching safepoint: 42500 ns, At safepoint: 15800 ns, Total: 58300 ns
[8291.998s][info ][gc,start       ] GC(168) Pause Young (Allocation Failure)
[8292.004s][debug][gc,phases      ] GC(168) Scavenge 5.908ms
[8292.004s][debug][gc,ref         ] GC(168) Skipped phase 1 of Reference Processing: no references
[8292.004s][debug][gc,ref         ] GC(168) ReferenceProcessor::execute queues: 1, RefProcThreadModel::Single, marks_oops_alive: false
[8292.004s][debug][gc,ref         ] GC(168) Skipped phase 3 of Reference Processing: no references
[8292.004s][debug][gc,ref         ] GC(168) ReferenceProcessor::execute queues: 1, RefProcThreadModel::Single, marks_oops_alive: false
[8292.004s][debug][gc,phases      ] GC(168) Reference Processing 0.088ms
[8292.004s][debug][gc,phases      ] GC(168)   VM Weak                        Min:  0.0, Avg:  0.0, Max:  0.0, Diff:  0.0, Sum:  0.0, Workers: 4
[8292.004s][debug][gc,phases      ] GC(168)     Dead                           Min: 0, Avg:  0.0, Max: 0, Diff: 0, Sum: 0, Workers: 4
[8292.004s][debug][gc,phases      ] GC(168)     Total                          Min: 0, Avg: 161.0, Max: 396, Diff: 396, Sum: 644, Workers: 4
[8292.004s][debug][gc,phases      ] GC(168)   ObjectSynchronizer Weak        Min:  0.0, Avg:  0.0, Max:  0.0, Diff:  0.0, Sum:  0.0, Workers: 4
[8292.004s][debug][gc,phases      ] GC(168)     Dead                           Min: 0, Avg:  0.0, Max: 0, Diff: 0, Sum: 0, Workers: 4
[8292.004s][debug][gc,phases      ] GC(168)     Total                          Min: 7, Avg: 161.8, Max: 320, Diff: 313, Sum: 647, Workers: 4
[8292.004s][debug][gc,phases      ] GC(168)   JVMTI Tag Weak OopStorage      Min:  0.0, Avg:  0.0, Max:  0.0, Diff:  0.0, Sum:  0.0, Workers: 4
[8292.004s][debug][gc,phases      ] GC(168)     Dead                           Min: 0, Avg:  0.0, Max: 0, Diff: 0, Sum: 0, Workers: 4
[8292.004s][debug][gc,phases      ] GC(168)     Total                          Min: 0, Avg:  0.0, Max: 0, Diff: 0, Sum: 0, Workers: 4
[8292.004s][debug][gc,phases      ] GC(168)   StringTable Weak               Min:  0.1, Avg:  0.1, Max:  0.1, Diff:  0.0, Sum:  0.4, Workers: 4
[8292.004s][debug][gc,phases      ] GC(168)     Dead                           Min: 0, Avg:  0.0, Max: 0, Diff: 0, Sum: 0, Workers: 4
[8292.004s][debug][gc,phases      ] GC(168)     Total                          Min: 7295, Avg: 10771.0, Max: 12543, Diff: 5248, Sum: 43084, Workers: 4
[8292.004s][debug][gc,phases      ] GC(168)   ResolvedMethodTable Weak       Min:  0.0, Avg:  0.0, Max:  0.0, Diff:  0.0, Sum:  0.1, Workers: 4
[8292.004s][debug][gc,phases      ] GC(168)     Dead                           Min: 0, Avg:  0.0, Max: 0, Diff: 0, Sum: 0, Workers: 4
[8292.004s][debug][gc,phases      ] GC(168)     Total                          Min: 2112, Avg: 2215.0, Max: 2367, Diff: 255, Sum: 8860, Workers: 4
[8292.004s][debug][gc,phases      ] GC(168)   JNI Weak                       Min:  0.0, Avg:  0.0, Max:  0.0, Diff:  0.0, Sum:  0.0, Workers: 4
[8292.004s][debug][gc,phases      ] GC(168)     Dead                           Min: 0, Avg:  0.0, Max: 0, Diff: 0, Sum: 0, Workers: 4
[8292.004s][debug][gc,phases      ] GC(168)     Total                          Min: 0, Avg: 11.2, Max: 45, Diff: 45, Sum: 45, Workers: 4
[8292.004s][debug][gc,phases      ] GC(168)   StringDedup Table Weak         Min:  0.0, Avg:  0.0, Max:  0.0, Diff:  0.0, Sum:  0.0, Workers: 4
[8292.004s][debug][gc,phases      ] GC(168)     Dead                           Min: 0, Avg:  0.0, Max: 0, Diff: 0, Sum: 0, Workers: 4
[8292.004s][debug][gc,phases      ] GC(168)     Total                          Min: 0, Avg:  0.0, Max: 0, Diff: 0, Sum: 0, Workers: 4
[8292.004s][debug][gc,phases      ] GC(168)   StringDedup Requests0 Weak     Min:  0.0, Avg:  0.0, Max:  0.0, Diff:  0.0, Sum:  0.0, Workers: 4
[8292.004s][debug][gc,phases      ] GC(168)     Dead                           Min: 0, Avg:  0.0, Max: 0, Diff: 0, Sum: 0, Workers: 4
[8292.004s][debug][gc,phases      ] GC(168)     Total                          Min: 0, Avg:  0.0, Max: 0, Diff: 0, Sum: 0, Workers: 4
[8292.004s][debug][gc,phases      ] GC(168)   StringDedup Requests1 Weak     Min:  0.0, Avg:  0.0, Max:  0.0, Diff:  0.0, Sum:  0.0, Workers: 4
[8292.004s][debug][gc,phases      ] GC(168)     Dead                           Min: 0, Avg:  0.0, Max: 0, Diff: 0, Sum: 0, Workers: 4
[8292.004s][debug][gc,phases      ] GC(168)     Total                          Min: 0, Avg:  0.0, Max: 0, Diff: 0, Sum: 0, Workers: 4
[8292.004s][debug][gc,phases      ] GC(168)   Weak JFR Old Object Samples    Min:  0.0, Avg:  0.0, Max:  0.0, Diff:  0.0, Sum:  0.0, Workers: 4
[8292.004s][debug][gc,phases      ] GC(168)     Dead                           Min: 0, Avg:  0.0, Max: 0, Diff: 0, Sum: 0, Workers: 4
[8292.004s][debug][gc,phases      ] GC(168)     Total                          Min: 0, Avg:  0.0, Max: 0, Diff: 0, Sum: 0, Workers: 4
[8292.004s][debug][gc,phases      ] GC(168) Weak Processing 0.286ms
[8292.004s][debug][gc,age         ] GC(168) Desired survivor size 58195968 bytes, new threshold 15 (max threshold 15)
[8292.004s][info ][gc,heap        ] GC(168) PSYoungGen: 1990272K(2036736K)->17824K(2033152K) Eden: 1972736K(1972736K)->0K(1972736K) From: 17536K(64000K)->17824K(60416K)
[8292.004s][info ][gc,heap        ] GC(168) ParOldGen: 439731K(535552K)->439731K(535552K)
[8292.004s][info ][gc,metaspace   ] GC(168) Metaspace: 80407K(81280K)->80407K(81280K) NonClass: 69162K(69632K)->69162K(69632K) Class: 11245K(11648K)->11245K(11648K)
[8292.005s][info ][gc             ] GC(168) Pause Young (Allocation Failure) 2373M->446M(2508M) 6.389ms
[8292.005s][info ][gc,cpu         ] GC(168) User=0.03s Sys=0.00s Real=0.00s
[8292.005s][info ][safepoint      ] Safepoint "ParallelGCFailedAllocation", Time since last: 18485818708 ns, Reaching safepoint: 29800 ns, At safepoint: 6478322 ns, Total: 6508122 ns
[8332.007s][info ][safepoint      ] Safepoint "Cleanup", Time since last: 40002474721 ns, Reaching safepoint: 50600 ns, At safepoint: 30200 ns, Total: 80800 ns
[8355.009s][info ][safepoint      ] Safepoint "Cleanup", Time since last: 23001492067 ns, Reaching safepoint: 24899 ns, At safepoint: 2600 ns, Total: 27499 ns
[8355.284s][info ][gc,start       ] GC(169) Pause Young (Allocation Failure)
[8355.290s][debug][gc,phases      ] GC(169) Scavenge 5.888ms
[8355.290s][debug][gc,ref         ] GC(169) Skipped phase 1 of Reference Processing: no references
[8355.290s][debug][gc,ref         ] GC(169) ReferenceProcessor::execute queues: 1, RefProcThreadModel::Single, marks_oops_alive: false
[8355.290s][debug][gc,ref         ] GC(169) Skipped phase 3 of Reference Processing: no references
[8355.290s][debug][gc,ref         ] GC(169) ReferenceProcessor::execute queues: 1, RefProcThreadModel::Single, marks_oops_alive: false
[8355.290s][debug][gc,phases      ] GC(169) Reference Processing 0.097ms
[8355.290s][debug][gc,phases      ] GC(169)   VM Weak                        Min:  0.0, Avg:  0.0, Max:  0.0, Diff:  0.0, Sum:  0.0, Workers: 4
[8355.290s][debug][gc,phases      ] GC(169)     Dead                           Min: 0, Avg:  0.0, Max: 0, Diff: 0, Sum: 0, Workers: 4
[8355.290s][debug][gc,phases      ] GC(169)     Total                          Min: 0, Avg: 161.0, Max: 644, Diff: 644, Sum: 644, Workers: 4
[8355.290s][debug][gc,phases      ] GC(169)   ObjectSynchronizer Weak        Min:  0.0, Avg:  0.0, Max:  0.0, Diff:  0.0, Sum:  0.0, Workers: 4
[8355.290s][debug][gc,phases      ] GC(169)     Dead                           Min: 0, Avg:  0.0, Max: 0, Diff: 0, Sum: 0, Workers: 4
[8355.290s][debug][gc,phases      ] GC(169)     Total                          Min: 0, Avg: 161.8, Max: 327, Diff: 327, Sum: 647, Workers: 4
[8355.290s][debug][gc,phases      ] GC(169)   JVMTI Tag Weak OopStorage      Min:  0.0, Avg:  0.0, Max:  0.0, Diff:  0.0, Sum:  0.0, Workers: 4
[8355.290s][debug][gc,phases      ] GC(169)     Dead                           Min: 0, Avg:  0.0, Max: 0, Diff: 0, Sum: 0, Workers: 4
[8355.290s][debug][gc,phases      ] GC(169)     Total                          Min: 0, Avg:  0.0, Max: 0, Diff: 0, Sum: 0, Workers: 4
[8355.290s][debug][gc,phases      ] GC(169)   StringTable Weak               Min:  0.1, Avg:  0.1, Max:  0.1, Diff:  0.0, Sum:  0.4, Workers: 4
[8355.290s][debug][gc,phases      ] GC(169)     Dead                           Min: 0, Avg:  0.0, Max: 0, Diff: 0, Sum: 0, Workers: 4
[8355.290s][debug][gc,phases      ] GC(169)     Total                          Min: 10623, Avg: 10771.0, Max: 10944, Diff: 321, Sum: 43084, Workers: 4
[8355.290s][debug][gc,phases      ] GC(169)   ResolvedMethodTable Weak       Min:  0.0, Avg:  0.0, Max:  0.0, Diff:  0.0, Sum:  0.1, Workers: 4
[8355.290s][debug][gc,phases      ] GC(169)     Dead                           Min: 0, Avg:  0.0, Max: 0, Diff: 0, Sum: 0, Workers: 4
[8355.290s][debug][gc,phases      ] GC(169)     Total                          Min: 2112, Avg: 2215.0, Max: 2304, Diff: 192, Sum: 8860, Workers: 4
[8355.290s][debug][gc,phases      ] GC(169)   JNI Weak                       Min:  0.0, Avg:  0.0, Max:  0.0, Diff:  0.0, Sum:  0.0, Workers: 4
[8355.290s][debug][gc,phases      ] GC(169)     Dead                           Min: 0, Avg:  0.0, Max: 0, Diff: 0, Sum: 0, Workers: 4
[8355.290s][debug][gc,phases      ] GC(169)     Total                          Min: 0, Avg: 11.2, Max: 45, Diff: 45, Sum: 45, Workers: 4
[8355.290s][debug][gc,phases      ] GC(169)   StringDedup Table Weak         Min:  0.0, Avg:  0.0, Max:  0.0, Diff:  0.0, Sum:  0.0, Workers: 4
[8355.290s][debug][gc,phases      ] GC(169)     Dead                           Min: 0, Avg:  0.0, Max: 0, Diff: 0, Sum: 0, Workers: 4
[8355.290s][debug][gc,phases      ] GC(169)     Total                          Min: 0, Avg:  0.0, Max: 0, Diff: 0, Sum: 0, Workers: 4
[8355.290s][debug][gc,phases      ] GC(169)   StringDedup Requests0 Weak     Min:  0.0, Avg:  0.0, Max:  0.0, Diff:  0.0, Sum:  0.0, Workers: 4
[8355.290s][debug][gc,phases      ] GC(169)     Dead                           Min: 0, Avg:  0.0, Max: 0, Diff: 0, Sum: 0, Workers: 4
[8355.290s][debug][gc,phases      ] GC(169)     Total                          Min: 0, Avg:  0.0, Max: 0, Diff: 0, Sum: 0, Workers: 4
[8355.290s][debug][gc,phases      ] GC(169)   StringDedup Requests1 Weak     Min:  0.0, Avg:  0.0, Max:  0.0, Diff:  0.0, Sum:  0.0, Workers: 4
[8355.290s][debug][gc,phases      ] GC(169)     Dead                           Min: 0, Avg:  0.0, Max: 0, Diff: 0, Sum: 0, Workers: 4
[8355.290s][debug][gc,phases      ] GC(169)     Total                          Min: 0, Avg:  0.0, Max: 0, Diff: 0, Sum: 0, Workers: 4
[8355.290s][debug][gc,phases      ] GC(169)   Weak JFR Old Object Samples    Min:  0.0, Avg:  0.0, Max:  0.0, Diff:  0.0, Sum:  0.0, Workers: 4
[8355.290s][debug][gc,phases      ] GC(169)     Dead                           Min: 0, Avg:  0.0, Max: 0, Diff: 0, Sum: 0, Workers: 4
[8355.290s][debug][gc,phases      ] GC(169)     Total                          Min: 0, Avg:  0.0, Max: 0, Diff: 0, Sum: 0, Workers: 4
[8355.290s][debug][gc,phases      ] GC(169) Weak Processing 0.264ms
[8355.290s][debug][gc,age         ] GC(169) Desired survivor size 54525952 bytes, new threshold 15 (max threshold 15)
[8355.291s][info ][gc,heap        ] GC(169) PSYoungGen: 1990560K(2033152K)->16944K(2043904K) Eden: 1972736K(1972736K)->0K(1987072K) From: 17824K(60416K)->16944K(56832K)
[8355.291s][info ][gc,heap        ] GC(169) ParOldGen: 439731K(535552K)->439883K(535552K)
[8355.291s][info ][gc,metaspace   ] GC(169) Metaspace: 80407K(81280K)->80407K(81280K) NonClass: 69162K(69632K)->69162K(69632K) Class: 11245K(11648K)->11245K(11648K)
[8355.291s][info ][gc             ] GC(169) Pause Young (Allocation Failure) 2373M->446M(2519M) 6.339ms
[8355.291s][info ][gc,cpu         ] GC(169) User=0.02s Sys=0.00s Real=0.01s
[8355.291s][info ][safepoint      ] Safepoint "ParallelGCFailedAllocation", Time since last: 275438573 ns, Reaching safepoint: 94099 ns, At safepoint: 6415250 ns, Total: 6509349 ns
[8366.291s][info ][safepoint      ] Safepoint "Cleanup", Time since last: 11000671565 ns, Reaching safepoint: 46100 ns, At safepoint: 2900 ns, Total: 49000 ns
[8383.293s][info ][safepoint      ] Safepoint "Cleanup", Time since last: 17001416143 ns, Reaching safepoint: 43099 ns, At safepoint: 5600 ns, Total: 48699 ns
[8397.294s][info ][safepoint      ] Safepoint "Cleanup", Time since last: 14000966071 ns, Reaching safepoint: 39800 ns, At safepoint: 3100 ns, Total: 42900 ns
[8403.294s][info ][safepoint      ] Safepoint "Cleanup", Time since last: 6000407662 ns, Reaching safepoint: 35800 ns, At safepoint: 14799 ns, Total: 50599 ns
[8409.295s][info ][safepoint      ] Safepoint "Cleanup", Time since last: 6000387571 ns, Reaching safepoint: 43500 ns, At safepoint: 4500 ns, Total: 48000 ns
[8417.687s][info ][gc,start       ] GC(170) Pause Young (Allocation Failure)
[8417.693s][debug][gc,phases      ] GC(170) Scavenge 5.899ms
[8417.693s][debug][gc,ref         ] GC(170) Skipped phase 1 of Reference Processing: no references
[8417.693s][debug][gc,ref         ] GC(170) ReferenceProcessor::execute queues: 1, RefProcThreadModel::Single, marks_oops_alive: false
[8417.693s][debug][gc,ref         ] GC(170) Skipped phase 3 of Reference Processing: no references
[8417.693s][debug][gc,ref         ] GC(170) ReferenceProcessor::execute queues: 1, RefProcThreadModel::Single, marks_oops_alive: false
[8417.693s][debug][gc,phases      ] GC(170) Reference Processing 0.092ms
[8417.693s][debug][gc,phases      ] GC(170)   VM Weak                        Min:  0.0, Avg:  0.0, Max:  0.0, Diff:  0.0, Sum:  0.0, Workers: 4
[8417.693s][debug][gc,phases      ] GC(170)     Dead                           Min: 0, Avg:  0.0, Max: 0, Diff: 0, Sum: 0, Workers: 4
[8417.693s][debug][gc,phases      ] GC(170)     Total                          Min: 0, Avg: 161.0, Max: 586, Diff: 586, Sum: 644, Workers: 4
[8417.693s][debug][gc,phases      ] GC(170)   ObjectSynchronizer Weak        Min:  0.0, Avg:  0.0, Max:  0.0, Diff:  0.0, Sum:  0.0, Workers: 4
[8417.693s][debug][gc,phases      ] GC(170)     Dead                           Min: 0, Avg:  0.0, Max: 0, Diff: 0, Sum: 0, Workers: 4
[8417.693s][debug][gc,phases      ] GC(170)     Total                          Min: 0, Avg: 161.8, Max: 327, Diff: 327, Sum: 647, Workers: 4
[8417.693s][debug][gc,phases      ] GC(170)   JVMTI Tag Weak OopStorage      Min:  0.0, Avg:  0.0, Max:  0.0, Diff:  0.0, Sum:  0.0, Workers: 4
[8417.693s][debug][gc,phases      ] GC(170)     Dead                           Min: 0, Avg:  0.0, Max: 0, Diff: 0, Sum: 0, Workers: 4
[8417.693s][debug][gc,phases      ] GC(170)     Total                          Min: 0, Avg:  0.0, Max: 0, Diff: 0, Sum: 0, Workers: 4
[8417.693s][debug][gc,phases      ] GC(170)   StringTable Weak               Min:  0.1, Avg:  0.1, Max:  0.1, Diff:  0.0, Sum:  0.4, Workers: 4
[8417.693s][debug][gc,phases      ] GC(170)     Dead                           Min: 0, Avg:  0.0, Max: 0, Diff: 0, Sum: 0, Workers: 4
[8417.693s][debug][gc,phases      ] GC(170)     Total                          Min: 10495, Avg: 10771.0, Max: 10943, Diff: 448, Sum: 43084, Workers: 4
[8417.693s][debug][gc,phases      ] GC(170)   ResolvedMethodTable Weak       Min:  0.0, Avg:  0.0, Max:  0.0, Diff:  0.0, Sum:  0.1, Workers: 4
[8417.693s][debug][gc,phases      ] GC(170)     Dead                           Min: 0, Avg:  0.0, Max: 0, Diff: 0, Sum: 0, Workers: 4
[8417.693s][debug][gc,phases      ] GC(170)     Total                          Min: 2111, Avg: 2215.0, Max: 2304, Diff: 193, Sum: 8860, Workers: 4
[8417.693s][debug][gc,phases      ] GC(170)   JNI Weak                       Min:  0.0, Avg:  0.0, Max:  0.0, Diff:  0.0, Sum:  0.0, Workers: 4
[8417.693s][debug][gc,phases      ] GC(170)     Dead                           Min: 0, Avg:  0.0, Max: 0, Diff: 0, Sum: 0, Workers: 4
[8417.693s][debug][gc,phases      ] GC(170)     Total                          Min: 0, Avg: 11.2, Max: 45, Diff: 45, Sum: 45, Workers: 4
[8417.693s][debug][gc,phases      ] GC(170)   StringDedup Table Weak         Min:  0.0, Avg:  0.0, Max:  0.0, Diff:  0.0, Sum:  0.0, Workers: 4
[8417.693s][debug][gc,phases      ] GC(170)     Dead                           Min: 0, Avg:  0.0, Max: 0, Diff: 0, Sum: 0, Workers: 4
[8417.694s][debug][gc,phases      ] GC(170)     Total                          Min: 0, Avg:  0.0, Max: 0, Diff: 0, Sum: 0, Workers: 4
[8417.694s][debug][gc,phases      ] GC(170)   StringDedup Requests0 Weak     Min:  0.0, Avg:  0.0, Max:  0.0, Diff:  0.0, Sum:  0.0, Workers: 4
[8417.694s][debug][gc,phases      ] GC(170)     Dead                           Min: 0, Avg:  0.0, Max: 0, Diff: 0, Sum: 0, Workers: 4
[8417.694s][debug][gc,phases      ] GC(170)     Total                          Min: 0, Avg:  0.0, Max: 0, Diff: 0, Sum: 0, Workers: 4
[8417.694s][debug][gc,phases      ] GC(170)   StringDedup Requests1 Weak     Min:  0.0, Avg:  0.0, Max:  0.0, Diff:  0.0, Sum:  0.0, Workers: 4
[8417.694s][debug][gc,phases      ] GC(170)     Dead                           Min: 0, Avg:  0.0, Max: 0, Diff: 0, Sum: 0, Workers: 4
[8417.694s][debug][gc,phases      ] GC(170)     Total                          Min: 0, Avg:  0.0, Max: 0, Diff: 0, Sum: 0, Workers: 4
[8417.694s][debug][gc,phases      ] GC(170)   Weak JFR Old Object Samples    Min:  0.0, Avg:  0.0, Max:  0.0, Diff:  0.0, Sum:  0.0, Workers: 4
[8417.694s][debug][gc,phases      ] GC(170)     Dead                           Min: 0, Avg:  0.0, Max: 0, Diff: 0, Sum: 0, Workers: 4
[8417.694s][debug][gc,phases      ] GC(170)     Total                          Min: 0, Avg:  0.0, Max: 0, Diff: 0, Sum: 0, Workers: 4
[8417.694s][debug][gc,phases      ] GC(170) Weak Processing 0.282ms
[8417.694s][debug][gc,age         ] GC(170) Desired survivor size 51904512 bytes, new threshold 15 (max threshold 15)
[8417.694s][info ][gc,heap        ] GC(170) PSYoungGen: 2004016K(2043904K)->15536K(2040320K) Eden: 1987072K(1987072K)->0K(1987072K) From: 16944K(56832K)->15536K(53248K)
[8417.694s][info ][gc,heap        ] GC(170) ParOldGen: 439883K(535552K)->440007K(535552K)
[8417.694s][info ][gc,metaspace   ] GC(170) Metaspace: 80409K(81280K)->80409K(81280K) NonClass: 69163K(69632K)->69163K(69632K) Class: 11245K(11648K)->11245K(11648K)
[8417.694s][info ][gc             ] GC(170) Pause Young (Allocation Failure) 2386M->444M(2515M) 6.366ms
[8417.694s][info ][gc,cpu         ] GC(170) User=0.03s Sys=0.00s Real=0.01s
[8417.694s][info ][safepoint      ] Safepoint "ParallelGCFailedAllocation", Time since last: 8392497962 ns, Reaching safepoint: 25600 ns, At safepoint: 6431458 ns, Total: 6457058 ns
[8418.694s][info ][safepoint      ] Safepoint "Cleanup", Time since last: 1000078076 ns, Reaching safepoint: 49999 ns, At safepoint: 3000 ns, Total: 52999 ns
[8426.694s][info ][safepoint      ] Safepoint "Cleanup", Time since last: 8000544197 ns, Reaching safepoint: 39000 ns, At safepoint: 28300 ns, Total: 67300 ns
[8472.697s][info ][safepoint      ] Safepoint "Cleanup", Time since last: 46002692057 ns, Reaching safepoint: 25500 ns, At safepoint: 2600 ns, Total: 28100 ns
[8480.288s][info ][gc,start       ] GC(171) Pause Young (Allocation Failure)
[8480.294s][debug][gc,phases      ] GC(171) Scavenge 6.087ms
[8480.294s][debug][gc,ref         ] GC(171) Skipped phase 1 of Reference Processing: no references
[8480.294s][debug][gc,ref         ] GC(171) ReferenceProcessor::execute queues: 1, RefProcThreadModel::Single, marks_oops_alive: false
[8480.294s][debug][gc,ref         ] GC(171) Skipped phase 3 of Reference Processing: no references
[8480.294s][debug][gc,ref         ] GC(171) ReferenceProcessor::execute queues: 1, RefProcThreadModel::Single, marks_oops_alive: false
[8480.294s][debug][gc,phases      ] GC(171) Reference Processing 0.086ms
[8480.294s][debug][gc,phases      ] GC(171)   VM Weak                        Min:  0.0, Avg:  0.0, Max:  0.0, Diff:  0.0, Sum:  0.0, Workers: 4
[8480.294s][debug][gc,phases      ] GC(171)     Dead                           Min: 0, Avg:  0.0, Max: 0, Diff: 0, Sum: 0, Workers: 4
[8480.294s][debug][gc,phases      ] GC(171)     Total                          Min: 0, Avg: 161.0, Max: 390, Diff: 390, Sum: 644, Workers: 4
[8480.294s][debug][gc,phases      ] GC(171)   ObjectSynchronizer Weak        Min:  0.0, Avg:  0.0, Max:  0.0, Diff:  0.0, Sum:  0.0, Workers: 4
[8480.294s][debug][gc,phases      ] GC(171)     Dead                           Min: 0, Avg:  0.0, Max: 0, Diff: 0, Sum: 0, Workers: 4
[8480.294s][debug][gc,phases      ] GC(171)     Total                          Min: 0, Avg: 161.8, Max: 327, Diff: 327, Sum: 647, Workers: 4
[8480.294s][debug][gc,phases      ] GC(171)   JVMTI Tag Weak OopStorage      Min:  0.0, Avg:  0.0, Max:  0.0, Diff:  0.0, Sum:  0.0, Workers: 4
[8480.294s][debug][gc,phases      ] GC(171)     Dead                           Min: 0, Avg:  0.0, Max: 0, Diff: 0, Sum: 0, Workers: 4
[8480.294s][debug][gc,phases      ] GC(171)     Total                          Min: 0, Avg:  0.0, Max: 0, Diff: 0, Sum: 0, Workers: 4
[8480.294s][debug][gc,phases      ] GC(171)   StringTable Weak               Min:  0.1, Avg:  0.1, Max:  0.1, Diff:  0.0, Sum:  0.4, Workers: 4
[8480.294s][debug][gc,phases      ] GC(171)     Dead                           Min: 0, Avg:  0.0, Max: 0, Diff: 0, Sum: 0, Workers: 4
[8480.294s][debug][gc,phases      ] GC(171)     Total                          Min: 10623, Avg: 10771.0, Max: 10944, Diff: 321, Sum: 43084, Workers: 4
[8480.294s][debug][gc,phases      ] GC(171)   ResolvedMethodTable Weak       Min:  0.0, Avg:  0.0, Max:  0.0, Diff:  0.0, Sum:  0.1, Workers: 4
[8480.294s][debug][gc,phases      ] GC(171)     Dead                           Min: 0, Avg:  0.0, Max: 0, Diff: 0, Sum: 0, Workers: 4
[8480.294s][debug][gc,phases      ] GC(171)     Total                          Min: 896, Avg: 2215.0, Max: 2752, Diff: 1856, Sum: 8860, Workers: 4
[8480.294s][debug][gc,phases      ] GC(171)   JNI Weak                       Min:  0.0, Avg:  0.0, Max:  0.0, Diff:  0.0, Sum:  0.0, Workers: 4
[8480.294s][debug][gc,phases      ] GC(171)     Dead                           Min: 0, Avg:  0.0, Max: 0, Diff: 0, Sum: 0, Workers: 4
[8480.294s][debug][gc,phases      ] GC(171)     Total                          Min: 0, Avg: 11.2, Max: 45, Diff: 45, Sum: 45, Workers: 4
[8480.294s][debug][gc,phases      ] GC(171)   StringDedup Table Weak         Min:  0.0, Avg:  0.0, Max:  0.0, Diff:  0.0, Sum:  0.0, Workers: 4
[8480.294s][debug][gc,phases      ] GC(171)     Dead                           Min: 0, Avg:  0.0, Max: 0, Diff: 0, Sum: 0, Workers: 4
[8480.294s][debug][gc,phases      ] GC(171)     Total                          Min: 0, Avg:  0.0, Max: 0, Diff: 0, Sum: 0, Workers: 4
[8480.294s][debug][gc,phases      ] GC(171)   StringDedup Requests0 Weak     Min:  0.0, Avg:  0.0, Max:  0.0, Diff:  0.0, Sum:  0.0, Workers: 4
[8480.294s][debug][gc,phases      ] GC(171)     Dead                           Min: 0, Avg:  0.0, Max: 0, Diff: 0, Sum: 0, Workers: 4
[8480.294s][debug][gc,phases      ] GC(171)     Total                          Min: 0, Avg:  0.0, Max: 0, Diff: 0, Sum: 0, Workers: 4
[8480.294s][debug][gc,phases      ] GC(171)   StringDedup Requests1 Weak     Min:  0.0, Avg:  0.0, Max:  0.0, Diff:  0.0, Sum:  0.0, Workers: 4
[8480.294s][debug][gc,phases      ] GC(171)     Dead                           Min: 0, Avg:  0.0, Max: 0, Diff: 0, Sum: 0, Workers: 4
[8480.294s][debug][gc,phases      ] GC(171)     Total                          Min: 0, Avg:  0.0, Max: 0, Diff: 0, Sum: 0, Workers: 4
[8480.294s][debug][gc,phases      ] GC(171)   Weak JFR Old Object Samples    Min:  0.0, Avg:  0.0, Max:  0.0, Diff:  0.0, Sum:  0.0, Workers: 4
[8480.294s][debug][gc,phases      ] GC(171)     Dead                           Min: 0, Avg:  0.0, Max: 0, Diff: 0, Sum: 0, Workers: 4
[8480.294s][debug][gc,phases      ] GC(171)     Total                          Min: 0, Avg:  0.0, Max: 0, Diff: 0, Sum: 0, Workers: 4
[8480.294s][debug][gc,phases      ] GC(171) Weak Processing 0.279ms
[8480.294s][debug][gc,age         ] GC(171) Desired survivor size 49283072 bytes, new threshold 15 (max threshold 15)
[8480.294s][info ][gc,heap        ] GC(171) PSYoungGen: 2002608K(2040320K)->15520K(2049024K) Eden: 1987072K(1987072K)->0K(1998336K) From: 15536K(53248K)->15520K(50688K)
[8480.294s][info ][gc,heap        ] GC(171) ParOldGen: 440007K(535552K)->440263K(535552K)
[8480.294s][info ][gc,metaspace   ] GC(171) Metaspace: 80413K(81280K)->80413K(81280K) NonClass: 69168K(69632K)->69168K(69632K) Class: 11245K(11648K)->11245K(11648K)
[8480.294s][info ][gc             ] GC(171) Pause Young (Allocation Failure) 2385M->445M(2524M) 6.545ms
[8480.295s][info ][gc,cpu         ] GC(171) User=0.02s Sys=0.00s Real=0.01s
[8480.295s][info ][safepoint      ] Safepoint "ParallelGCFailedAllocation", Time since last: 7590822388 ns, Reaching safepoint: 34400 ns, At safepoint: 6610963 ns, Total: 6645363 ns
[8502.296s][info ][safepoint      ] Safepoint "Cleanup", Time since last: 22001353368 ns, Reaching safepoint: 37300 ns, At safepoint: 4600 ns, Total: 41900 ns
[8543.738s][info ][gc,start       ] GC(172) Pause Young (Allocation Failure)
[8543.744s][debug][gc,phases      ] GC(172) Scavenge 5.742ms
[8543.744s][debug][gc,ref         ] GC(172) Skipped phase 1 of Reference Processing: no references
[8543.744s][debug][gc,ref         ] GC(172) ReferenceProcessor::execute queues: 1, RefProcThreadModel::Single, marks_oops_alive: false
[8543.744s][debug][gc,ref         ] GC(172) Skipped phase 3 of Reference Processing: no references
[8543.744s][debug][gc,ref         ] GC(172) ReferenceProcessor::execute queues: 1, RefProcThreadModel::Single, marks_oops_alive: false
[8543.744s][debug][gc,phases      ] GC(172) Reference Processing 0.089ms
[8543.744s][debug][gc,phases      ] GC(172)   VM Weak                        Min:  0.0, Avg:  0.0, Max:  0.0, Diff:  0.0, Sum:  0.0, Workers: 4
[8543.744s][debug][gc,phases      ] GC(172)     Dead                           Min: 0, Avg:  0.0, Max: 0, Diff: 0, Sum: 0, Workers: 4
[8543.744s][debug][gc,phases      ] GC(172)     Total                          Min: 0, Avg: 162.0, Max: 393, Diff: 393, Sum: 648, Workers: 4
[8543.744s][debug][gc,phases      ] GC(172)   ObjectSynchronizer Weak        Min:  0.0, Avg:  0.0, Max:  0.0, Diff:  0.0, Sum:  0.0, Workers: 4
[8543.744s][debug][gc,phases      ] GC(172)     Dead                           Min: 0, Avg:  0.0, Max: 0, Diff: 0, Sum: 0, Workers: 4
[8543.744s][debug][gc,phases      ] GC(172)     Total                          Min: 0, Avg: 161.8, Max: 263, Diff: 263, Sum: 647, Workers: 4
[8543.744s][debug][gc,phases      ] GC(172)   JVMTI Tag Weak OopStorage      Min:  0.0, Avg:  0.0, Max:  0.0, Diff:  0.0, Sum:  0.0, Workers: 4
[8543.744s][debug][gc,phases      ] GC(172)     Dead                           Min: 0, Avg:  0.0, Max: 0, Diff: 0, Sum: 0, Workers: 4
[8543.744s][debug][gc,phases      ] GC(172)     Total                          Min: 0, Avg:  0.0, Max: 0, Diff: 0, Sum: 0, Workers: 4
[8543.744s][debug][gc,phases      ] GC(172)   StringTable Weak               Min:  0.1, Avg:  0.1, Max:  0.1, Diff:  0.0, Sum:  0.4, Workers: 4
[8543.744s][debug][gc,phases      ] GC(172)     Dead                           Min: 0, Avg:  0.2, Max: 1, Diff: 1, Sum: 1, Workers: 4
[8543.744s][debug][gc,phases      ] GC(172)     Total                          Min: 9343, Avg: 10771.5, Max: 11391, Diff: 2048, Sum: 43086, Workers: 4
[8543.744s][debug][gc,phases      ] GC(172)   ResolvedMethodTable Weak       Min:  0.0, Avg:  0.0, Max:  0.0, Diff:  0.0, Sum:  0.1, Workers: 4
[8543.744s][debug][gc,phases      ] GC(172)     Dead                           Min: 0, Avg:  0.0, Max: 0, Diff: 0, Sum: 0, Workers: 4
[8543.744s][debug][gc,phases      ] GC(172)     Total                          Min: 2112, Avg: 2217.5, Max: 2407, Diff: 295, Sum: 8870, Workers: 4
[8543.744s][debug][gc,phases      ] GC(172)   JNI Weak                       Min:  0.0, Avg:  0.0, Max:  0.0, Diff:  0.0, Sum:  0.0, Workers: 4
[8543.744s][debug][gc,phases      ] GC(172)     Dead                           Min: 0, Avg:  0.0, Max: 0, Diff: 0, Sum: 0, Workers: 4
[8543.744s][debug][gc,phases      ] GC(172)     Total                          Min: 0, Avg: 11.2, Max: 45, Diff: 45, Sum: 45, Workers: 4
[8543.744s][debug][gc,phases      ] GC(172)   StringDedup Table Weak         Min:  0.0, Avg:  0.0, Max:  0.0, Diff:  0.0, Sum:  0.0, Workers: 4
[8543.744s][debug][gc,phases      ] GC(172)     Dead                           Min: 0, Avg:  0.0, Max: 0, Diff: 0, Sum: 0, Workers: 4
[8543.744s][debug][gc,phases      ] GC(172)     Total                          Min: 0, Avg:  0.0, Max: 0, Diff: 0, Sum: 0, Workers: 4
[8543.744s][debug][gc,phases      ] GC(172)   StringDedup Requests0 Weak     Min:  0.0, Avg:  0.0, Max:  0.0, Diff:  0.0, Sum:  0.0, Workers: 4
[8543.744s][debug][gc,phases      ] GC(172)     Dead                           Min: 0, Avg:  0.0, Max: 0, Diff: 0, Sum: 0, Workers: 4
[8543.744s][debug][gc,phases      ] GC(172)     Total                          Min: 0, Avg:  0.0, Max: 0, Diff: 0, Sum: 0, Workers: 4
[8543.744s][debug][gc,phases      ] GC(172)   StringDedup Requests1 Weak     Min:  0.0, Avg:  0.0, Max:  0.0, Diff:  0.0, Sum:  0.0, Workers: 4
[8543.744s][debug][gc,phases      ] GC(172)     Dead                           Min: 0, Avg:  0.0, Max: 0, Diff: 0, Sum: 0, Workers: 4
[8543.744s][debug][gc,phases      ] GC(172)     Total                          Min: 0, Avg:  0.0, Max: 0, Diff: 0, Sum: 0, Workers: 4
[8543.744s][debug][gc,phases      ] GC(172)   Weak JFR Old Object Samples    Min:  0.0, Avg:  0.0, Max:  0.0, Diff:  0.0, Sum:  0.0, Workers: 4
[8543.744s][debug][gc,phases      ] GC(172)     Dead                           Min: 0, Avg:  0.0, Max: 0, Diff: 0, Sum: 0, Workers: 4
[8543.744s][debug][gc,phases      ] GC(172)     Total                          Min: 0, Avg:  0.0, Max: 0, Diff: 0, Sum: 0, Workers: 4
[8543.744s][debug][gc,phases      ] GC(172) Weak Processing 0.289ms
[8543.744s][debug][gc,age         ] GC(172) Desired survivor size 47185920 bytes, new threshold 15 (max threshold 15)
[8543.744s][info ][gc,heap        ] GC(172) PSYoungGen: 2013856K(2049024K)->15088K(2046464K) Eden: 1998336K(1998336K)->0K(1998336K) From: 15520K(50688K)->15088K(48128K)
[8543.744s][info ][gc,heap        ] GC(172) ParOldGen: 440263K(535552K)->440451K(535552K)
[8543.744s][info ][gc,metaspace   ] GC(172) Metaspace: 80427K(81280K)->80427K(81280K) NonClass: 69178K(69632K)->69178K(69632K) Class: 11248K(11648K)->11248K(11648K)
[8543.744s][info ][gc             ] GC(172) Pause Young (Allocation Failure) 2396M->444M(2521M) 6.207ms
[8543.744s][info ][gc,cpu         ] GC(172) User=0.02s Sys=0.00s Real=0.00s
[8543.744s][info ][safepoint      ] Safepoint "ParallelGCFailedAllocation", Time since last: 41441954522 ns, Reaching safepoint: 28300 ns, At safepoint: 6286770 ns, Total: 6315070 ns
[8554.745s][info ][safepoint      ] Safepoint "Cleanup", Time since last: 11000668016 ns, Reaching safepoint: 38400 ns, At safepoint: 4700 ns, Total: 43100 ns
[8592.747s][info ][safepoint      ] Safepoint "Cleanup", Time since last: 38002261322 ns, Reaching safepoint: 31800 ns, At safepoint: 3100 ns, Total: 34900 ns
[8598.734s][info ][gc,start       ] GC(173) Pause Young (Allocation Failure)
[8598.740s][debug][gc,phases      ] GC(173) Scavenge 6.255ms
[8598.740s][debug][gc,ref         ] GC(173) Skipped phase 1 of Reference Processing: no references
[8598.740s][debug][gc,ref         ] GC(173) ReferenceProcessor::execute queues: 1, RefProcThreadModel::Single, marks_oops_alive: false
[8598.740s][debug][gc,ref         ] GC(173) Skipped phase 3 of Reference Processing: no references
[8598.740s][debug][gc,ref         ] GC(173) ReferenceProcessor::execute queues: 1, RefProcThreadModel::Single, marks_oops_alive: false
[8598.741s][debug][gc,phases      ] GC(173) Reference Processing 0.080ms
[8598.741s][debug][gc,phases      ] GC(173)   VM Weak                        Min:  0.0, Avg:  0.0, Max:  0.0, Diff:  0.0, Sum:  0.0, Workers: 4
[8598.741s][debug][gc,phases      ] GC(173)     Dead                           Min: 0, Avg:  0.0, Max: 0, Diff: 0, Sum: 0, Workers: 4
[8598.741s][debug][gc,phases      ] GC(173)     Total                          Min: 0, Avg: 162.0, Max: 648, Diff: 648, Sum: 648, Workers: 4
[8598.741s][debug][gc,phases      ] GC(173)   ObjectSynchronizer Weak        Min:  0.0, Avg:  0.0, Max:  0.0, Diff:  0.0, Sum:  0.0, Workers: 4
[8598.741s][debug][gc,phases      ] GC(173)     Dead                           Min: 0, Avg:  0.0, Max: 0, Diff: 0, Sum: 0, Workers: 4
[8598.741s][debug][gc,phases      ] GC(173)     Total                          Min: 0, Avg: 161.8, Max: 448, Diff: 448, Sum: 647, Workers: 4
[8598.741s][debug][gc,phases      ] GC(173)   JVMTI Tag Weak OopStorage      Min:  0.0, Avg:  0.0, Max:  0.0, Diff:  0.0, Sum:  0.0, Workers: 4
[8598.741s][debug][gc,phases      ] GC(173)     Dead                           Min: 0, Avg:  0.0, Max: 0, Diff: 0, Sum: 0, Workers: 4
[8598.741s][debug][gc,phases      ] GC(173)     Total                          Min: 0, Avg:  0.0, Max: 0, Diff: 0, Sum: 0, Workers: 4
[8598.741s][debug][gc,phases      ] GC(173)   StringTable Weak               Min:  0.1, Avg:  0.1, Max:  0.1, Diff:  0.0, Sum:  0.4, Workers: 4
[8598.741s][debug][gc,phases      ] GC(173)     Dead                           Min: 0, Avg:  0.0, Max: 0, Diff: 0, Sum: 0, Workers: 4
[8598.741s][debug][gc,phases      ] GC(173)     Total                          Min: 640, Avg: 10771.5, Max: 18621, Diff: 17981, Sum: 43086, Workers: 4
[8598.741s][debug][gc,phases      ] GC(173)   ResolvedMethodTable Weak       Min:  0.0, Avg:  0.0, Max:  0.0, Diff:  0.0, Sum:  0.1, Workers: 4
[8598.741s][debug][gc,phases      ] GC(173)     Dead                           Min: 0, Avg:  0.0, Max: 0, Diff: 0, Sum: 0, Workers: 4
[8598.741s][debug][gc,phases      ] GC(173)     Total                          Min: 0, Avg: 2217.5, Max: 3840, Diff: 3840, Sum: 8870, Workers: 4
[8598.741s][debug][gc,phases      ] GC(173)   JNI Weak                       Min:  0.0, Avg:  0.0, Max:  0.0, Diff:  0.0, Sum:  0.0, Workers: 4
[8598.741s][debug][gc,phases      ] GC(173)     Dead                           Min: 0, Avg:  0.0, Max: 0, Diff: 0, Sum: 0, Workers: 4
[8598.741s][debug][gc,phases      ] GC(173)     Total                          Min: 0, Avg: 11.2, Max: 45, Diff: 45, Sum: 45, Workers: 4
[8598.741s][debug][gc,phases      ] GC(173)   StringDedup Table Weak         Min:  0.0, Avg:  0.0, Max:  0.0, Diff:  0.0, Sum:  0.0, Workers: 4
[8598.741s][debug][gc,phases      ] GC(173)     Dead                           Min: 0, Avg:  0.0, Max: 0, Diff: 0, Sum: 0, Workers: 4
[8598.741s][debug][gc,phases      ] GC(173)     Total                          Min: 0, Avg:  0.0, Max: 0, Diff: 0, Sum: 0, Workers: 4
[8598.741s][debug][gc,phases      ] GC(173)   StringDedup Requests0 Weak     Min:  0.0, Avg:  0.0, Max:  0.0, Diff:  0.0, Sum:  0.0, Workers: 4
[8598.741s][debug][gc,phases      ] GC(173)     Dead                           Min: 0, Avg:  0.0, Max: 0, Diff: 0, Sum: 0, Workers: 4
[8598.741s][debug][gc,phases      ] GC(173)     Total                          Min: 0, Avg:  0.0, Max: 0, Diff: 0, Sum: 0, Workers: 4
[8598.741s][debug][gc,phases      ] GC(173)   StringDedup Requests1 Weak     Min:  0.0, Avg:  0.0, Max:  0.0, Diff:  0.0, Sum:  0.0, Workers: 4
[8598.741s][debug][gc,phases      ] GC(173)     Dead                           Min: 0, Avg:  0.0, Max: 0, Diff: 0, Sum: 0, Workers: 4
[8598.741s][debug][gc,phases      ] GC(173)     Total                          Min: 0, Avg:  0.0, Max: 0, Diff: 0, Sum: 0, Workers: 4
[8598.741s][debug][gc,phases      ] GC(173)   Weak JFR Old Object Samples    Min:  0.0, Avg:  0.0, Max:  0.0, Diff:  0.0, Sum:  0.0, Workers: 4
[8598.741s][debug][gc,phases      ] GC(173)     Dead                           Min: 0, Avg:  0.0, Max: 0, Diff: 0, Sum: 0, Workers: 4
[8598.741s][debug][gc,phases      ] GC(173)     Total                          Min: 0, Avg:  0.0, Max: 0, Diff: 0, Sum: 0, Workers: 4
[8598.741s][debug][gc,phases      ] GC(173) Weak Processing 0.303ms
[8598.741s][debug][gc,age         ] GC(173) Desired survivor size 44564480 bytes, new threshold 15 (max threshold 15)
[8598.741s][info ][gc,heap        ] GC(173) PSYoungGen: 2013424K(2046464K)->14816K(2053632K) Eden: 1998336K(1998336K)->0K(2007552K) From: 15088K(48128K)->14816K(46080K)
[8598.741s][info ][gc,heap        ] GC(173) ParOldGen: 440451K(535552K)->440931K(535552K)
[8598.741s][info ][gc,metaspace   ] GC(173) Metaspace: 80431K(81280K)->80431K(81280K) NonClass: 69182K(69632K)->69182K(69632K) Class: 11248K(11648K)->11248K(11648K)
[8598.741s][info ][gc             ] GC(173) Pause Young (Allocation Failure) 2396M->445M(2528M) 6.730ms
[8598.741s][info ][gc,cpu         ] GC(173) User=0.02s Sys=0.00s Real=0.00s
[8598.741s][info ][safepoint      ] Safepoint "ParallelGCFailedAllocation", Time since last: 5986778991 ns, Reaching safepoint: 103400 ns, At safepoint: 6798972 ns, Total: 6902372 ns
[8622.742s][info ][safepoint      ] Safepoint "Cleanup", Time since last: 24001427243 ns, Reaching safepoint: 27600 ns, At safepoint: 3000 ns, Total: 30600 ns
[8661.423s][info ][gc,start       ] GC(174) Pause Young (Allocation Failure)
[8661.431s][debug][gc,phases      ] GC(174) Scavenge 7.707ms
[8661.431s][debug][gc,ref         ] GC(174) Skipped phase 1 of Reference Processing: no references
[8661.431s][debug][gc,ref         ] GC(174) ReferenceProcessor::execute queues: 1, RefProcThreadModel::Single, marks_oops_alive: false
[8661.431s][debug][gc,ref         ] GC(174) Skipped phase 3 of Reference Processing: no references
[8661.431s][debug][gc,ref         ] GC(174) ReferenceProcessor::execute queues: 1, RefProcThreadModel::Single, marks_oops_alive: false
[8661.431s][debug][gc,phases      ] GC(174) Reference Processing 0.098ms
[8661.431s][debug][gc,phases      ] GC(174)   VM Weak                        Min:  0.0, Avg:  0.0, Max:  0.0, Diff:  0.0, Sum:  0.0, Workers: 4
[8661.431s][debug][gc,phases      ] GC(174)     Dead                           Min: 0, Avg:  0.0, Max: 0, Diff: 0, Sum: 0, Workers: 4
[8661.431s][debug][gc,phases      ] GC(174)     Total                          Min: 0, Avg: 162.0, Max: 648, Diff: 648, Sum: 648, Workers: 4
[8661.431s][debug][gc,phases      ] GC(174)   ObjectSynchronizer Weak        Min:  0.0, Avg:  0.0, Max:  0.0, Diff:  0.0, Sum:  0.0, Workers: 4
[8661.431s][debug][gc,phases      ] GC(174)     Dead                           Min: 0, Avg:  0.0, Max: 0, Diff: 0, Sum: 0, Workers: 4
[8661.431s][debug][gc,phases      ] GC(174)     Total                          Min: 0, Avg: 161.8, Max: 647, Diff: 647, Sum: 647, Workers: 4
[8661.431s][debug][gc,phases      ] GC(174)   JVMTI Tag Weak OopStorage      Min:  0.0, Avg:  0.0, Max:  0.0, Diff:  0.0, Sum:  0.0, Workers: 4
[8661.431s][debug][gc,phases      ] GC(174)     Dead                           Min: 0, Avg:  0.0, Max: 0, Diff: 0, Sum: 0, Workers: 4
[8661.431s][debug][gc,phases      ] GC(174)     Total                          Min: 0, Avg:  0.0, Max: 0, Diff: 0, Sum: 0, Workers: 4
[8661.431s][debug][gc,phases      ] GC(174)   StringTable Weak               Min:  0.0, Avg:  0.1, Max:  0.3, Diff:  0.3, Sum:  0.3, Workers: 4
[8661.431s][debug][gc,phases      ] GC(174)     Dead                           Min: 0, Avg:  0.0, Max: 0, Diff: 0, Sum: 0, Workers: 4
[8661.431s][debug][gc,phases      ] GC(174)     Total                          Min: 0, Avg: 10771.5, Max: 43086, Diff: 43086, Sum: 43086, Workers: 4
[8661.431s][debug][gc,phases      ] GC(174)   ResolvedMethodTable Weak       Min:  0.0, Avg:  0.0, Max:  0.1, Diff:  0.1, Sum:  0.1, Workers: 4
[8661.431s][debug][gc,phases      ] GC(174)     Dead                           Min: 0, Avg:  0.0, Max: 0, Diff: 0, Sum: 0, Workers: 4
[8661.431s][debug][gc,phases      ] GC(174)     Total                          Min: 0, Avg: 2217.5, Max: 8870, Diff: 8870, Sum: 8870, Workers: 4
[8661.431s][debug][gc,phases      ] GC(174)   JNI Weak                       Min:  0.0, Avg:  0.0, Max:  0.0, Diff:  0.0, Sum:  0.0, Workers: 4
[8661.431s][debug][gc,phases      ] GC(174)     Dead                           Min: 0, Avg:  0.0, Max: 0, Diff: 0, Sum: 0, Workers: 4
[8661.431s][debug][gc,phases      ] GC(174)     Total                          Min: 0, Avg: 11.2, Max: 45, Diff: 45, Sum: 45, Workers: 4
[8661.431s][debug][gc,phases      ] GC(174)   StringDedup Table Weak         Min:  0.0, Avg:  0.0, Max:  0.0, Diff:  0.0, Sum:  0.0, Workers: 4
[8661.431s][debug][gc,phases      ] GC(174)     Dead                           Min: 0, Avg:  0.0, Max: 0, Diff: 0, Sum: 0, Workers: 4
[8661.431s][debug][gc,phases      ] GC(174)     Total                          Min: 0, Avg:  0.0, Max: 0, Diff: 0, Sum: 0, Workers: 4
[8661.431s][debug][gc,phases      ] GC(174)   StringDedup Requests0 Weak     Min:  0.0, Avg:  0.0, Max:  0.0, Diff:  0.0, Sum:  0.0, Workers: 4
[8661.431s][debug][gc,phases      ] GC(174)     Dead                           Min: 0, Avg:  0.0, Max: 0, Diff: 0, Sum: 0, Workers: 4
[8661.431s][debug][gc,phases      ] GC(174)     Total                          Min: 0, Avg:  0.0, Max: 0, Diff: 0, Sum: 0, Workers: 4
[8661.431s][debug][gc,phases      ] GC(174)   StringDedup Requests1 Weak     Min:  0.0, Avg:  0.0, Max:  0.0, Diff:  0.0, Sum:  0.0, Workers: 4
[8661.431s][debug][gc,phases      ] GC(174)     Dead                           Min: 0, Avg:  0.0, Max: 0, Diff: 0, Sum: 0, Workers: 4
[8661.431s][debug][gc,phases      ] GC(174)     Total                          Min: 0, Avg:  0.0, Max: 0, Diff: 0, Sum: 0, Workers: 4
[8661.431s][debug][gc,phases      ] GC(174)   Weak JFR Old Object Samples    Min:  0.0, Avg:  0.0, Max:  0.0, Diff:  0.0, Sum:  0.0, Workers: 4
[8661.431s][debug][gc,phases      ] GC(174)     Dead                           Min: 0, Avg:  0.0, Max: 0, Diff: 0, Sum: 0, Workers: 4
[8661.431s][debug][gc,phases      ] GC(174)     Total                          Min: 0, Avg:  0.0, Max: 0, Diff: 0, Sum: 0, Workers: 4
[8661.431s][debug][gc,phases      ] GC(174) Weak Processing 0.663ms
[8661.431s][debug][gc,age         ] GC(174) Desired survivor size 42991616 bytes, new threshold 15 (max threshold 15)
[8661.431s][info ][gc,heap        ] GC(174) PSYoungGen: 2022368K(2053632K)->14576K(2051072K) Eden: 2007552K(2007552K)->0K(2007552K) From: 14816K(46080K)->14576K(43520K)
[8661.431s][info ][gc,heap        ] GC(174) ParOldGen: 440931K(535552K)->441091K(535552K)
[8661.431s][info ][gc,metaspace   ] GC(174) Metaspace: 80431K(81280K)->80431K(81280K) NonClass: 69182K(69632K)->69182K(69632K) Class: 11248K(11648K)->11248K(11648K)
[8661.431s][info ][gc             ] GC(174) Pause Young (Allocation Failure) 2405M->444M(2526M) 8.576ms
[8661.431s][info ][gc,cpu         ] GC(174) User=0.02s Sys=0.01s Real=0.01s
[8661.431s][info ][safepoint      ] Safepoint "ParallelGCFailedAllocation", Time since last: 38680357198 ns, Reaching safepoint: 24400 ns, At safepoint: 8683570 ns, Total: 8707970 ns
[8722.605s][info ][gc,start       ] GC(175) Pause Young (Allocation Failure)
[8722.613s][debug][gc,phases      ] GC(175) Scavenge 7.702ms
[8722.613s][debug][gc,ref         ] GC(175) Skipped phase 1 of Reference Processing: no references
[8722.613s][debug][gc,ref         ] GC(175) ReferenceProcessor::execute queues: 1, RefProcThreadModel::Single, marks_oops_alive: false
[8722.613s][debug][gc,ref         ] GC(175) Skipped phase 3 of Reference Processing: no references
[8722.613s][debug][gc,ref         ] GC(175) ReferenceProcessor::execute queues: 1, RefProcThreadModel::Single, marks_oops_alive: false
[8722.613s][debug][gc,phases      ] GC(175) Reference Processing 0.089ms
[8722.613s][debug][gc,phases      ] GC(175)   VM Weak                        Min:  0.0, Avg:  0.0, Max:  0.0, Diff:  0.0, Sum:  0.0, Workers: 4
[8722.613s][debug][gc,phases      ] GC(175)     Dead                           Min: 0, Avg:  0.0, Max: 0, Diff: 0, Sum: 0, Workers: 4
[8722.613s][debug][gc,phases      ] GC(175)     Total                          Min: 0, Avg: 162.0, Max: 480, Diff: 480, Sum: 648, Workers: 4
[8722.613s][debug][gc,phases      ] GC(175)   ObjectSynchronizer Weak        Min:  0.0, Avg:  0.0, Max:  0.0, Diff:  0.0, Sum:  0.0, Workers: 4
[8722.613s][debug][gc,phases      ] GC(175)     Dead                           Min: 0, Avg:  0.0, Max: 0, Diff: 0, Sum: 0, Workers: 4
[8722.613s][debug][gc,phases      ] GC(175)     Total                          Min: 0, Avg: 161.8, Max: 256, Diff: 256, Sum: 647, Workers: 4
[8722.613s][debug][gc,phases      ] GC(175)   JVMTI Tag Weak OopStorage      Min:  0.0, Avg:  0.0, Max:  0.0, Diff:  0.0, Sum:  0.0, Workers: 4
[8722.613s][debug][gc,phases      ] GC(175)     Dead                           Min: 0, Avg:  0.0, Max: 0, Diff: 0, Sum: 0, Workers: 4
[8722.613s][debug][gc,phases      ] GC(175)     Total                          Min: 0, Avg:  0.0, Max: 0, Diff: 0, Sum: 0, Workers: 4
[8722.613s][debug][gc,phases      ] GC(175)   StringTable Weak               Min:  0.0, Avg:  0.1, Max:  0.1, Diff:  0.1, Sum:  0.4, Workers: 4
[8722.613s][debug][gc,phases      ] GC(175)     Dead                           Min: 0, Avg:  0.0, Max: 0, Diff: 0, Sum: 0, Workers: 4
[8722.613s][debug][gc,phases      ] GC(175)     Total                          Min: 0, Avg: 10771.5, Max: 14591, Diff: 14591, Sum: 43086, Workers: 4
[8722.613s][debug][gc,phases      ] GC(175)   ResolvedMethodTable Weak       Min:  0.0, Avg:  0.0, Max:  0.0, Diff:  0.0, Sum:  0.1, Workers: 4
[8722.613s][debug][gc,phases      ] GC(175)     Dead                           Min: 0, Avg:  0.0, Max: 0, Diff: 0, Sum: 0, Workers: 4
[8722.613s][debug][gc,phases      ] GC(175)     Total                          Min: 0, Avg: 2217.5, Max: 3136, Diff: 3136, Sum: 8870, Workers: 4
[8722.613s][debug][gc,phases      ] GC(175)   JNI Weak                       Min:  0.0, Avg:  0.0, Max:  0.0, Diff:  0.0, Sum:  0.0, Workers: 4
[8722.613s][debug][gc,phases      ] GC(175)     Dead                           Min: 0, Avg:  0.0, Max: 0, Diff: 0, Sum: 0, Workers: 4
[8722.613s][debug][gc,phases      ] GC(175)     Total                          Min: 0, Avg: 11.2, Max: 45, Diff: 45, Sum: 45, Workers: 4
[8722.613s][debug][gc,phases      ] GC(175)   StringDedup Table Weak         Min:  0.0, Avg:  0.0, Max:  0.0, Diff:  0.0, Sum:  0.0, Workers: 4
[8722.613s][debug][gc,phases      ] GC(175)     Dead                           Min: 0, Avg:  0.0, Max: 0, Diff: 0, Sum: 0, Workers: 4
[8722.613s][debug][gc,phases      ] GC(175)     Total                          Min: 0, Avg:  0.0, Max: 0, Diff: 0, Sum: 0, Workers: 4
[8722.613s][debug][gc,phases      ] GC(175)   StringDedup Requests0 Weak     Min:  0.0, Avg:  0.0, Max:  0.0, Diff:  0.0, Sum:  0.0, Workers: 4
[8722.613s][debug][gc,phases      ] GC(175)     Dead                           Min: 0, Avg:  0.0, Max: 0, Diff: 0, Sum: 0, Workers: 4
[8722.613s][debug][gc,phases      ] GC(175)     Total                          Min: 0, Avg:  0.0, Max: 0, Diff: 0, Sum: 0, Workers: 4
[8722.613s][debug][gc,phases      ] GC(175)   StringDedup Requests1 Weak     Min:  0.0, Avg:  0.0, Max:  0.0, Diff:  0.0, Sum:  0.0, Workers: 4
[8722.613s][debug][gc,phases      ] GC(175)     Dead                           Min: 0, Avg:  0.0, Max: 0, Diff: 0, Sum: 0, Workers: 4
[8722.613s][debug][gc,phases      ] GC(175)     Total                          Min: 0, Avg:  0.0, Max: 0, Diff: 0, Sum: 0, Workers: 4
[8722.613s][debug][gc,phases      ] GC(175)   Weak JFR Old Object Samples    Min:  0.0, Avg:  0.0, Max:  0.0, Diff:  0.0, Sum:  0.0, Workers: 4
[8722.613s][debug][gc,phases      ] GC(175)     Dead                           Min: 0, Avg:  0.0, Max: 0, Diff: 0, Sum: 0, Workers: 4
[8722.613s][debug][gc,phases      ] GC(175)     Total                          Min: 0, Avg:  0.0, Max: 0, Diff: 0, Sum: 0, Workers: 4
[8722.613s][debug][gc,phases      ] GC(175) Weak Processing 0.310ms
[8722.613s][debug][gc,age         ] GC(175) Desired survivor size 40894464 bytes, new threshold 15 (max threshold 15)
[8722.613s][info ][gc,heap        ] GC(175) PSYoungGen: 2022053K(2051072K)->14960K(2057216K) Eden: 2007476K(2007552K)->0K(2015232K) From: 14576K(43520K)->14960K(41984K)
[8722.613s][info ][gc,heap        ] GC(175) ParOldGen: 441091K(535552K)->441131K(535552K)
[8722.613s][info ][gc,metaspace   ] GC(175) Metaspace: 80435K(81280K)->80435K(81280K) NonClass: 69186K(69632K)->69186K(69632K) Class: 11248K(11648K)->11248K(11648K)
[8722.613s][info ][gc             ] GC(175) Pause Young (Allocation Failure) 2405M->445M(2532M) 8.207ms
[8722.613s][info ][gc,cpu         ] GC(175) User=0.02s Sys=0.00s Real=0.01s
[8722.613s][info ][safepoint      ] Safepoint "ParallelGCFailedAllocation", Time since last: 61173319890 ns, Reaching safepoint: 30100 ns, At safepoint: 8276576 ns, Total: 8306676 ns
[8736.614s][info ][safepoint      ] Safepoint "Cleanup", Time since last: 14000864580 ns, Reaching safepoint: 49300 ns, At safepoint: 24199 ns, Total: 73499 ns
[8786.037s][info ][gc,start       ] GC(176) Pause Young (Allocation Failure)
[8786.042s][debug][gc,phases      ] GC(176) Scavenge 4.717ms
[8786.042s][debug][gc,ref         ] GC(176) Skipped phase 1 of Reference Processing: no references
[8786.042s][debug][gc,ref         ] GC(176) ReferenceProcessor::execute queues: 1, RefProcThreadModel::Single, marks_oops_alive: false
[8786.042s][debug][gc,ref         ] GC(176) Skipped phase 3 of Reference Processing: no references
[8786.042s][debug][gc,ref         ] GC(176) ReferenceProcessor::execute queues: 1, RefProcThreadModel::Single, marks_oops_alive: false
[8786.042s][debug][gc,phases      ] GC(176) Reference Processing 0.090ms
[8786.042s][debug][gc,phases      ] GC(176)   VM Weak                        Min:  0.0, Avg:  0.0, Max:  0.0, Diff:  0.0, Sum:  0.0, Workers: 4
[8786.042s][debug][gc,phases      ] GC(176)     Dead                           Min: 0, Avg:  0.0, Max: 0, Diff: 0, Sum: 0, Workers: 4
[8786.042s][debug][gc,phases      ] GC(176)     Total                          Min: 0, Avg: 162.0, Max: 648, Diff: 648, Sum: 648, Workers: 4
[8786.042s][debug][gc,phases      ] GC(176)   ObjectSynchronizer Weak        Min:  0.0, Avg:  0.0, Max:  0.0, Diff:  0.0, Sum:  0.0, Workers: 4
[8786.042s][debug][gc,phases      ] GC(176)     Dead                           Min: 0, Avg:  0.0, Max: 0, Diff: 0, Sum: 0, Workers: 4
[8786.042s][debug][gc,phases      ] GC(176)     Total                          Min: 0, Avg: 161.8, Max: 583, Diff: 583, Sum: 647, Workers: 4
[8786.042s][debug][gc,phases      ] GC(176)   JVMTI Tag Weak OopStorage      Min:  0.0, Avg:  0.0, Max:  0.0, Diff:  0.0, Sum:  0.0, Workers: 4
[8786.042s][debug][gc,phases      ] GC(176)     Dead                           Min: 0, Avg:  0.0, Max: 0, Diff: 0, Sum: 0, Workers: 4
[8786.042s][debug][gc,phases      ] GC(176)     Total                          Min: 0, Avg:  0.0, Max: 0, Diff: 0, Sum: 0, Workers: 4
[8786.042s][debug][gc,phases      ] GC(176)   StringTable Weak               Min:  0.0, Avg:  0.1, Max:  0.1, Diff:  0.1, Sum:  0.3, Workers: 4
[8786.042s][debug][gc,phases      ] GC(176)     Dead                           Min: 0, Avg:  0.0, Max: 0, Diff: 0, Sum: 0, Workers: 4
[8786.042s][debug][gc,phases      ] GC(176)     Total                          Min: 0, Avg: 10771.5, Max: 18110, Diff: 18110, Sum: 43086, Workers: 4
[8786.042s][debug][gc,phases      ] GC(176)   ResolvedMethodTable Weak       Min:  0.0, Avg:  0.0, Max:  0.0, Diff:  0.0, Sum:  0.1, Workers: 4
[8786.042s][debug][gc,phases      ] GC(176)     Dead                           Min: 0, Avg:  0.0, Max: 0, Diff: 0, Sum: 0, Workers: 4
[8786.042s][debug][gc,phases      ] GC(176)     Total                          Min: 0, Avg: 2217.5, Max: 3814, Diff: 3814, Sum: 8870, Workers: 4
[8786.042s][debug][gc,phases      ] GC(176)   JNI Weak                       Min:  0.0, Avg:  0.0, Max:  0.0, Diff:  0.0, Sum:  0.0, Workers: 4
[8786.042s][debug][gc,phases      ] GC(176)     Dead                           Min: 0, Avg:  0.0, Max: 0, Diff: 0, Sum: 0, Workers: 4
[8786.042s][debug][gc,phases      ] GC(176)     Total                          Min: 0, Avg: 11.2, Max: 45, Diff: 45, Sum: 45, Workers: 4
[8786.042s][debug][gc,phases      ] GC(176)   StringDedup Table Weak         Min:  0.0, Avg:  0.0, Max:  0.0, Diff:  0.0, Sum:  0.0, Workers: 4
[8786.042s][debug][gc,phases      ] GC(176)     Dead                           Min: 0, Avg:  0.0, Max: 0, Diff: 0, Sum: 0, Workers: 4
[8786.042s][debug][gc,phases      ] GC(176)     Total                          Min: 0, Avg:  0.0, Max: 0, Diff: 0, Sum: 0, Workers: 4
[8786.042s][debug][gc,phases      ] GC(176)   StringDedup Requests0 Weak     Min:  0.0, Avg:  0.0, Max:  0.0, Diff:  0.0, Sum:  0.0, Workers: 4
[8786.042s][debug][gc,phases      ] GC(176)     Dead                           Min: 0, Avg:  0.0, Max: 0, Diff: 0, Sum: 0, Workers: 4
[8786.042s][debug][gc,phases      ] GC(176)     Total                          Min: 0, Avg:  0.0, Max: 0, Diff: 0, Sum: 0, Workers: 4
[8786.042s][debug][gc,phases      ] GC(176)   StringDedup Requests1 Weak     Min:  0.0, Avg:  0.0, Max:  0.0, Diff:  0.0, Sum:  0.0, Workers: 4
[8786.042s][debug][gc,phases      ] GC(176)     Dead                           Min: 0, Avg:  0.0, Max: 0, Diff: 0, Sum: 0, Workers: 4
[8786.042s][debug][gc,phases      ] GC(176)     Total                          Min: 0, Avg:  0.0, Max: 0, Diff: 0, Sum: 0, Workers: 4
[8786.042s][debug][gc,phases      ] GC(176)   Weak JFR Old Object Samples    Min:  0.0, Avg:  0.0, Max:  0.0, Diff:  0.0, Sum:  0.0, Workers: 4
[8786.042s][debug][gc,phases      ] GC(176)     Dead                           Min: 0, Avg:  0.0, Max: 0, Diff: 0, Sum: 0, Workers: 4
[8786.042s][debug][gc,phases      ] GC(176)     Total                          Min: 0, Avg:  0.0, Max: 0, Diff: 0, Sum: 0, Workers: 4
[8786.042s][debug][gc,phases      ] GC(176) Weak Processing 0.312ms
[8786.042s][debug][gc,age         ] GC(176) Desired survivor size 38797312 bytes, new threshold 15 (max threshold 15)
[8786.042s][info ][gc,heap        ] GC(176) PSYoungGen: 2030192K(2057216K)->14896K(2055168K) Eden: 2015232K(2015232K)->0K(2015232K) From: 14960K(41984K)->14896K(39936K)
[8786.042s][info ][gc,heap        ] GC(176) ParOldGen: 441131K(535552K)->441171K(535552K)
[8786.042s][info ][gc,metaspace   ] GC(176) Metaspace: 80435K(81280K)->80435K(81280K) NonClass: 69186K(69632K)->69186K(69632K) Class: 11248K(11648K)->11248K(11648K)
[8786.042s][info ][gc             ] GC(176) Pause Young (Allocation Failure) 2413M->445M(2530M) 5.200ms
[8786.042s][info ][gc,cpu         ] GC(176) User=0.02s Sys=0.00s Real=0.00s
[8786.042s][info ][safepoint      ] Safepoint "ParallelGCFailedAllocation", Time since last: 49423001802 ns, Reaching safepoint: 28899 ns, At safepoint: 5282788 ns, Total: 5311687 ns
[8833.045s][info ][safepoint      ] Safepoint "Cleanup", Time since last: 47002874472 ns, Reaching safepoint: 49600 ns, At safepoint: 5400 ns, Total: 55000 ns
[8840.046s][info ][safepoint      ] Safepoint "Cleanup", Time since last: 7000471973 ns, Reaching safepoint: 37300 ns, At safepoint: 3500 ns, Total: 40800 ns
[8844.897s][info ][gc,start       ] GC(177) Pause Young (Allocation Failure)
[8844.903s][debug][gc,phases      ] GC(177) Scavenge 6.774ms
[8844.903s][debug][gc,ref         ] GC(177) Skipped phase 1 of Reference Processing: no references
[8844.903s][debug][gc,ref         ] GC(177) ReferenceProcessor::execute queues: 1, RefProcThreadModel::Single, marks_oops_alive: false
[8844.903s][debug][gc,ref         ] GC(177) Skipped phase 3 of Reference Processing: no references
[8844.903s][debug][gc,ref         ] GC(177) ReferenceProcessor::execute queues: 1, RefProcThreadModel::Single, marks_oops_alive: false
[8844.903s][debug][gc,phases      ] GC(177) Reference Processing 0.088ms
[8844.904s][debug][gc,phases      ] GC(177)   VM Weak                        Min:  0.0, Avg:  0.0, Max:  0.0, Diff:  0.0, Sum:  0.0, Workers: 4
[8844.904s][debug][gc,phases      ] GC(177)     Dead                           Min: 0, Avg:  0.0, Max: 0, Diff: 0, Sum: 0, Workers: 4
[8844.904s][debug][gc,phases      ] GC(177)     Total                          Min: 0, Avg: 162.0, Max: 421, Diff: 421, Sum: 648, Workers: 4
[8844.904s][debug][gc,phases      ] GC(177)   ObjectSynchronizer Weak        Min:  0.0, Avg:  0.0, Max:  0.0, Diff:  0.0, Sum:  0.0, Workers: 4
[8844.904s][debug][gc,phases      ] GC(177)     Dead                           Min: 0, Avg:  0.0, Max: 0, Diff: 0, Sum: 0, Workers: 4
[8844.904s][debug][gc,phases      ] GC(177)     Total                          Min: 0, Avg: 161.8, Max: 256, Diff: 256, Sum: 647, Workers: 4
[8844.904s][debug][gc,phases      ] GC(177)   JVMTI Tag Weak OopStorage      Min:  0.0, Avg:  0.0, Max:  0.0, Diff:  0.0, Sum:  0.0, Workers: 4
[8844.904s][debug][gc,phases      ] GC(177)     Dead                           Min: 0, Avg:  0.0, Max: 0, Diff: 0, Sum: 0, Workers: 4
[8844.904s][debug][gc,phases      ] GC(177)     Total                          Min: 0, Avg:  0.0, Max: 0, Diff: 0, Sum: 0, Workers: 4
[8844.904s][debug][gc,phases      ] GC(177)   StringTable Weak               Min:  0.0, Avg:  0.1, Max:  0.1, Diff:  0.1, Sum:  0.4, Workers: 4
[8844.904s][debug][gc,phases      ] GC(177)     Dead                           Min: 0, Avg:  0.0, Max: 0, Diff: 0, Sum: 0, Workers: 4
[8844.904s][debug][gc,phases      ] GC(177)     Total                          Min: 0, Avg: 10771.5, Max: 14544, Diff: 14544, Sum: 43086, Workers: 4
[8844.904s][debug][gc,phases      ] GC(177)   ResolvedMethodTable Weak       Min:  0.0, Avg:  0.0, Max:  0.0, Diff:  0.0, Sum:  0.1, Workers: 4
[8844.904s][debug][gc,phases      ] GC(177)     Dead                           Min: 0, Avg:  0.0, Max: 0, Diff: 0, Sum: 0, Workers: 4
[8844.904s][debug][gc,phases      ] GC(177)     Total                          Min: 0, Avg: 2217.5, Max: 3712, Diff: 3712, Sum: 8870, Workers: 4
[8844.904s][debug][gc,phases      ] GC(177)   JNI Weak                       Min:  0.0, Avg:  0.0, Max:  0.0, Diff:  0.0, Sum:  0.0, Workers: 4
[8844.904s][debug][gc,phases      ] GC(177)     Dead                           Min: 0, Avg:  0.0, Max: 0, Diff: 0, Sum: 0, Workers: 4
[8844.904s][debug][gc,phases      ] GC(177)     Total                          Min: 0, Avg: 11.2, Max: 45, Diff: 45, Sum: 45, Workers: 4
[8844.904s][debug][gc,phases      ] GC(177)   StringDedup Table Weak         Min:  0.0, Avg:  0.0, Max:  0.0, Diff:  0.0, Sum:  0.0, Workers: 4
[8844.904s][debug][gc,phases      ] GC(177)     Dead                           Min: 0, Avg:  0.0, Max: 0, Diff: 0, Sum: 0, Workers: 4
[8844.904s][debug][gc,phases      ] GC(177)     Total                          Min: 0, Avg:  0.0, Max: 0, Diff: 0, Sum: 0, Workers: 4
[8844.904s][debug][gc,phases      ] GC(177)   StringDedup Requests0 Weak     Min:  0.0, Avg:  0.0, Max:  0.0, Diff:  0.0, Sum:  0.0, Workers: 4
[8844.904s][debug][gc,phases      ] GC(177)     Dead                           Min: 0, Avg:  0.0, Max: 0, Diff: 0, Sum: 0, Workers: 4
[8844.904s][debug][gc,phases      ] GC(177)     Total                          Min: 0, Avg:  0.0, Max: 0, Diff: 0, Sum: 0, Workers: 4
[8844.904s][debug][gc,phases      ] GC(177)   StringDedup Requests1 Weak     Min:  0.0, Avg:  0.0, Max:  0.0, Diff:  0.0, Sum:  0.0, Workers: 4
[8844.904s][debug][gc,phases      ] GC(177)     Dead                           Min: 0, Avg:  0.0, Max: 0, Diff: 0, Sum: 0, Workers: 4
[8844.904s][debug][gc,phases      ] GC(177)     Total                          Min: 0, Avg:  0.0, Max: 0, Diff: 0, Sum: 0, Workers: 4
[8844.904s][debug][gc,phases      ] GC(177)   Weak JFR Old Object Samples    Min:  0.0, Avg:  0.0, Max:  0.0, Diff:  0.0, Sum:  0.0, Workers: 4
[8844.904s][debug][gc,phases      ] GC(177)     Dead                           Min: 0, Avg:  0.0, Max: 0, Diff: 0, Sum: 0, Workers: 4
[8844.904s][debug][gc,phases      ] GC(177)     Total                          Min: 0, Avg:  0.0, Max: 0, Diff: 0, Sum: 0, Workers: 4
[8844.904s][debug][gc,phases      ] GC(177) Weak Processing 0.328ms
[8844.904s][debug][gc,age         ] GC(177) Desired survivor size 37224448 bytes, new threshold 15 (max threshold 15)
[8844.904s][info ][gc,heap        ] GC(177) PSYoungGen: 2030128K(2055168K)->14640K(2060800K) Eden: 2015232K(2015232K)->0K(2022912K) From: 14896K(39936K)->14640K(37888K)
[8844.904s][info ][gc,heap        ] GC(177) ParOldGen: 441171K(535552K)->441347K(535552K)
[8844.904s][info ][gc,metaspace   ] GC(177) Metaspace: 80435K(81280K)->80435K(81280K) NonClass: 69186K(69632K)->69186K(69632K) Class: 11248K(11648K)->11248K(11648K)
[8844.904s][info ][gc             ] GC(177) Pause Young (Allocation Failure) 2413M->445M(2535M) 7.285ms
[8844.904s][info ][gc,cpu         ] GC(177) User=0.02s Sys=0.00s Real=0.00s
[8844.904s][info ][safepoint      ] Safepoint "ParallelGCFailedAllocation", Time since last: 4850722035 ns, Reaching safepoint: 39800 ns, At safepoint: 7354286 ns, Total: 7394086 ns
[8846.904s][info ][safepoint      ] Safepoint "Cleanup", Time since last: 2000177569 ns, Reaching safepoint: 44000 ns, At safepoint: 4300 ns, Total: 48300 ns
[8904.285s][info ][gc,start       ] GC(178) Pause Young (Allocation Failure)
[8904.290s][debug][gc,phases      ] GC(178) Scavenge 4.855ms
[8904.290s][debug][gc,ref         ] GC(178) Skipped phase 1 of Reference Processing: no references
[8904.290s][debug][gc,ref         ] GC(178) ReferenceProcessor::execute queues: 1, RefProcThreadModel::Single, marks_oops_alive: false
[8904.290s][debug][gc,ref         ] GC(178) Skipped phase 3 of Reference Processing: no references
[8904.290s][debug][gc,ref         ] GC(178) ReferenceProcessor::execute queues: 1, RefProcThreadModel::Single, marks_oops_alive: false
[8904.290s][debug][gc,phases      ] GC(178) Reference Processing 0.106ms
[8904.290s][debug][gc,phases      ] GC(178)   VM Weak                        Min:  0.0, Avg:  0.0, Max:  0.0, Diff:  0.0, Sum:  0.0, Workers: 4
[8904.290s][debug][gc,phases      ] GC(178)     Dead                           Min: 0, Avg:  0.0, Max: 0, Diff: 0, Sum: 0, Workers: 4
[8904.290s][debug][gc,phases      ] GC(178)     Total                          Min: 0, Avg: 162.0, Max: 648, Diff: 648, Sum: 648, Workers: 4
[8904.290s][debug][gc,phases      ] GC(178)   ObjectSynchronizer Weak        Min:  0.0, Avg:  0.0, Max:  0.0, Diff:  0.0, Sum:  0.0, Workers: 4
[8904.290s][debug][gc,phases      ] GC(178)     Dead                           Min: 0, Avg:  0.0, Max: 0, Diff: 0, Sum: 0, Workers: 4
[8904.290s][debug][gc,phases      ] GC(178)     Total                          Min: 0, Avg: 161.8, Max: 384, Diff: 384, Sum: 647, Workers: 4
[8904.290s][debug][gc,phases      ] GC(178)   JVMTI Tag Weak OopStorage      Min:  0.0, Avg:  0.0, Max:  0.0, Diff:  0.0, Sum:  0.0, Workers: 4
[8904.290s][debug][gc,phases      ] GC(178)     Dead                           Min: 0, Avg:  0.0, Max: 0, Diff: 0, Sum: 0, Workers: 4
[8904.290s][debug][gc,phases      ] GC(178)     Total                          Min: 0, Avg:  0.0, Max: 0, Diff: 0, Sum: 0, Workers: 4
[8904.290s][debug][gc,phases      ] GC(178)   StringTable Weak               Min:  0.1, Avg:  0.1, Max:  0.1, Diff:  0.0, Sum:  0.4, Workers: 4
[8904.290s][debug][gc,phases      ] GC(178)     Dead                           Min: 0, Avg:  0.0, Max: 0, Diff: 0, Sum: 0, Workers: 4
[8904.290s][debug][gc,phases      ] GC(178)     Total                          Min: 10624, Avg: 10771.5, Max: 10943, Diff: 319, Sum: 43086, Workers: 4
[8904.290s][debug][gc,phases      ] GC(178)   ResolvedMethodTable Weak       Min:  0.0, Avg:  0.0, Max:  0.0, Diff:  0.0, Sum:  0.1, Workers: 4
[8904.290s][debug][gc,phases      ] GC(178)     Dead                           Min: 0, Avg:  0.0, Max: 0, Diff: 0, Sum: 0, Workers: 4
[8904.290s][debug][gc,phases      ] GC(178)     Total                          Min: 2176, Avg: 2217.5, Max: 2304, Diff: 128, Sum: 8870, Workers: 4
[8904.290s][debug][gc,phases      ] GC(178)   JNI Weak                       Min:  0.0, Avg:  0.0, Max:  0.0, Diff:  0.0, Sum:  0.0, Workers: 4
[8904.290s][debug][gc,phases      ] GC(178)     Dead                           Min: 0, Avg:  0.0, Max: 0, Diff: 0, Sum: 0, Workers: 4
[8904.290s][debug][gc,phases      ] GC(178)     Total                          Min: 0, Avg: 11.2, Max: 45, Diff: 45, Sum: 45, Workers: 4
[8904.290s][debug][gc,phases      ] GC(178)   StringDedup Table Weak         Min:  0.0, Avg:  0.0, Max:  0.0, Diff:  0.0, Sum:  0.0, Workers: 4
[8904.290s][debug][gc,phases      ] GC(178)     Dead                           Min: 0, Avg:  0.0, Max: 0, Diff: 0, Sum: 0, Workers: 4
[8904.290s][debug][gc,phases      ] GC(178)     Total                          Min: 0, Avg:  0.0, Max: 0, Diff: 0, Sum: 0, Workers: 4
[8904.290s][debug][gc,phases      ] GC(178)   StringDedup Requests0 Weak     Min:  0.0, Avg:  0.0, Max:  0.0, Diff:  0.0, Sum:  0.0, Workers: 4
[8904.290s][debug][gc,phases      ] GC(178)     Dead                           Min: 0, Avg:  0.0, Max: 0, Diff: 0, Sum: 0, Workers: 4
[8904.290s][debug][gc,phases      ] GC(178)     Total                          Min: 0, Avg:  0.0, Max: 0, Diff: 0, Sum: 0, Workers: 4
[8904.290s][debug][gc,phases      ] GC(178)   StringDedup Requests1 Weak     Min:  0.0, Avg:  0.0, Max:  0.0, Diff:  0.0, Sum:  0.0, Workers: 4
[8904.290s][debug][gc,phases      ] GC(178)     Dead                           Min: 0, Avg:  0.0, Max: 0, Diff: 0, Sum: 0, Workers: 4
[8904.290s][debug][gc,phases      ] GC(178)     Total                          Min: 0, Avg:  0.0, Max: 0, Diff: 0, Sum: 0, Workers: 4
[8904.290s][debug][gc,phases      ] GC(178)   Weak JFR Old Object Samples    Min:  0.0, Avg:  0.0, Max:  0.0, Diff:  0.0, Sum:  0.0, Workers: 4
[8904.290s][debug][gc,phases      ] GC(178)     Dead                           Min: 0, Avg:  0.0, Max: 0, Diff: 0, Sum: 0, Workers: 4
[8904.290s][debug][gc,phases      ] GC(178)     Total                          Min: 0, Avg:  0.0, Max: 0, Diff: 0, Sum: 0, Workers: 4
[8904.290s][debug][gc,phases      ] GC(178) Weak Processing 0.299ms
[8904.290s][debug][gc,age         ] GC(178) Desired survivor size 37224448 bytes, new threshold 15 (max threshold 15)
[8904.290s][info ][gc,heap        ] GC(178) PSYoungGen: 2037552K(2060800K)->6944K(2059264K) Eden: 2022912K(2022912K)->0K(2022912K) From: 14640K(37888K)->6944K(36352K)
[8904.290s][info ][gc,heap        ] GC(178) ParOldGen: 441347K(535552K)->449639K(535552K)
[8904.290s][info ][gc,metaspace   ] GC(178) Metaspace: 80438K(81280K)->80438K(81280K) NonClass: 69190K(69632K)->69190K(69632K) Class: 11248K(11648K)->11248K(11648K)
[8904.290s][info ][gc             ] GC(178) Pause Young (Allocation Failure) 2420M->445M(2534M) 5.358ms
[8904.290s][info ][gc,cpu         ] GC(178) User=0.02s Sys=0.00s Real=0.01s
[8904.290s][info ][safepoint      ] Safepoint "ParallelGCFailedAllocation", Time since last: 57380455956 ns, Reaching safepoint: 117200 ns, At safepoint: 5442592 ns, Total: 5559792 ns
[8934.292s][info ][safepoint      ] Safepoint "Cleanup", Time since last: 30001836924 ns, Reaching safepoint: 26300 ns, At safepoint: 2600 ns, Total: 28900 ns
[8965.938s][info ][gc,start       ] GC(179) Pause Young (Allocation Failure)
[8965.943s][debug][gc,phases      ] GC(179) Scavenge 4.702ms
[8965.943s][debug][gc,ref         ] GC(179) Skipped phase 1 of Reference Processing: no references
[8965.943s][debug][gc,ref         ] GC(179) ReferenceProcessor::execute queues: 1, RefProcThreadModel::Single, marks_oops_alive: false
[8965.943s][debug][gc,ref         ] GC(179) Skipped phase 3 of Reference Processing: no references
[8965.943s][debug][gc,ref         ] GC(179) ReferenceProcessor::execute queues: 1, RefProcThreadModel::Single, marks_oops_alive: false
[8965.943s][debug][gc,phases      ] GC(179) Reference Processing 0.088ms
[8965.943s][debug][gc,phases      ] GC(179)   VM Weak                        Min:  0.0, Avg:  0.0, Max:  0.0, Diff:  0.0, Sum:  0.0, Workers: 4
[8965.943s][debug][gc,phases      ] GC(179)     Dead                           Min: 0, Avg:  0.0, Max: 0, Diff: 0, Sum: 0, Workers: 4
[8965.943s][debug][gc,phases      ] GC(179)     Total                          Min: 0, Avg: 162.0, Max: 532, Diff: 532, Sum: 648, Workers: 4
[8965.943s][debug][gc,phases      ] GC(179)   ObjectSynchronizer Weak        Min:  0.0, Avg:  0.0, Max:  0.0, Diff:  0.0, Sum:  0.0, Workers: 4
[8965.943s][debug][gc,phases      ] GC(179)     Dead                           Min: 0, Avg:  0.0, Max: 0, Diff: 0, Sum: 0, Workers: 4
[8965.943s][debug][gc,phases      ] GC(179)     Total                          Min: 0, Avg: 161.8, Max: 320, Diff: 320, Sum: 647, Workers: 4
[8965.943s][debug][gc,phases      ] GC(179)   JVMTI Tag Weak OopStorage      Min:  0.0, Avg:  0.0, Max:  0.0, Diff:  0.0, Sum:  0.0, Workers: 4
[8965.943s][debug][gc,phases      ] GC(179)     Dead                           Min: 0, Avg:  0.0, Max: 0, Diff: 0, Sum: 0, Workers: 4
[8965.943s][debug][gc,phases      ] GC(179)     Total                          Min: 0, Avg:  0.0, Max: 0, Diff: 0, Sum: 0, Workers: 4
[8965.943s][debug][gc,phases      ] GC(179)   StringTable Weak               Min:  0.0, Avg:  0.1, Max:  0.1, Diff:  0.1, Sum:  0.3, Workers: 4
[8965.943s][debug][gc,phases      ] GC(179)     Dead                           Min: 0, Avg:  0.0, Max: 0, Diff: 0, Sum: 0, Workers: 4
[8965.943s][debug][gc,phases      ] GC(179)     Total                          Min: 0, Avg: 10771.5, Max: 19152, Diff: 19152, Sum: 43086, Workers: 4
[8965.943s][debug][gc,phases      ] GC(179)   ResolvedMethodTable Weak       Min:  0.0, Avg:  0.0, Max:  0.0, Diff:  0.0, Sum:  0.1, Workers: 4
[8965.943s][debug][gc,phases      ] GC(179)     Dead                           Min: 0, Avg:  0.0, Max: 0, Diff: 0, Sum: 0, Workers: 4
[8965.943s][debug][gc,phases      ] GC(179)     Total                          Min: 0, Avg: 2217.5, Max: 4160, Diff: 4160, Sum: 8870, Workers: 4
[8965.943s][debug][gc,phases      ] GC(179)   JNI Weak                       Min:  0.0, Avg:  0.0, Max:  0.0, Diff:  0.0, Sum:  0.0, Workers: 4
[8965.943s][debug][gc,phases      ] GC(179)     Dead                           Min: 0, Avg:  0.0, Max: 0, Diff: 0, Sum: 0, Workers: 4
[8965.943s][debug][gc,phases      ] GC(179)     Total                          Min: 0, Avg: 11.2, Max: 45, Diff: 45, Sum: 45, Workers: 4
[8965.943s][debug][gc,phases      ] GC(179)   StringDedup Table Weak         Min:  0.0, Avg:  0.0, Max:  0.0, Diff:  0.0, Sum:  0.0, Workers: 4
[8965.943s][debug][gc,phases      ] GC(179)     Dead                           Min: 0, Avg:  0.0, Max: 0, Diff: 0, Sum: 0, Workers: 4
[8965.943s][debug][gc,phases      ] GC(179)     Total                          Min: 0, Avg:  0.0, Max: 0, Diff: 0, Sum: 0, Workers: 4
[8965.943s][debug][gc,phases      ] GC(179)   StringDedup Requests0 Weak     Min:  0.0, Avg:  0.0, Max:  0.0, Diff:  0.0, Sum:  0.0, Workers: 4
[8965.943s][debug][gc,phases      ] GC(179)     Dead                           Min: 0, Avg:  0.0, Max: 0, Diff: 0, Sum: 0, Workers: 4
[8965.943s][debug][gc,phases      ] GC(179)     Total                          Min: 0, Avg:  0.0, Max: 0, Diff: 0, Sum: 0, Workers: 4
[8965.943s][debug][gc,phases      ] GC(179)   StringDedup Requests1 Weak     Min:  0.0, Avg:  0.0, Max:  0.0, Diff:  0.0, Sum:  0.0, Workers: 4
[8965.943s][debug][gc,phases      ] GC(179)     Dead                           Min: 0, Avg:  0.0, Max: 0, Diff: 0, Sum: 0, Workers: 4
[8965.943s][debug][gc,phases      ] GC(179)     Total                          Min: 0, Avg:  0.0, Max: 0, Diff: 0, Sum: 0, Workers: 4
[8965.943s][debug][gc,phases      ] GC(179)   Weak JFR Old Object Samples    Min:  0.0, Avg:  0.0, Max:  0.0, Diff:  0.0, Sum:  0.0, Workers: 4
[8965.943s][debug][gc,phases      ] GC(179)     Dead                           Min: 0, Avg:  0.0, Max: 0, Diff: 0, Sum: 0, Workers: 4
[8965.943s][debug][gc,phases      ] GC(179)     Total                          Min: 0, Avg:  0.0, Max: 0, Diff: 0, Sum: 0, Workers: 4
[8965.943s][debug][gc,phases      ] GC(179) Weak Processing 0.293ms
[8965.943s][debug][gc,age         ] GC(179) Desired survivor size 36700160 bytes, new threshold 15 (max threshold 15)
[8965.943s][info ][gc,heap        ] GC(179) PSYoungGen: 2029856K(2059264K)->5792K(2061312K) Eden: 2022912K(2022912K)->0K(2024960K) From: 6944K(36352K)->5792K(36352K)
[8965.943s][info ][gc,heap        ] GC(179) ParOldGen: 449639K(535552K)->450891K(535552K)
[8965.943s][info ][gc,metaspace   ] GC(179) Metaspace: 80442K(81280K)->80442K(81280K) NonClass: 69193K(69632K)->69193K(69632K) Class: 11248K(11648K)->11248K(11648K)
[8965.943s][info ][gc             ] GC(179) Pause Young (Allocation Failure) 2421M->445M(2536M) 5.187ms
[8965.943s][info ][gc,cpu         ] GC(179) User=0.01s Sys=0.00s Real=0.00s
[8965.943s][info ][safepoint      ] Safepoint "ParallelGCFailedAllocation", Time since last: 31645857992 ns, Reaching safepoint: 27800 ns, At safepoint: 5271194 ns, Total: 5298994 ns
[9001.945s][info ][safepoint      ] Safepoint "Cleanup", Time since last: 36002203522 ns, Reaching safepoint: 46500 ns, At safepoint: 9900 ns, Total: 56400 ns
[9010.946s][info ][safepoint      ] Safepoint "Cleanup", Time since last: 9000586437 ns, Reaching safepoint: 35400 ns, At safepoint: 28400 ns, Total: 63800 ns
[9017.947s][info ][safepoint      ] Safepoint "Cleanup", Time since last: 7000444095 ns, Reaching safepoint: 43100 ns, At safepoint: 4800 ns, Total: 47900 ns
[9027.727s][info ][gc,start       ] GC(180) Pause Young (Allocation Failure)
[9027.730s][debug][gc,phases      ] GC(180) Scavenge 3.708ms
[9027.730s][debug][gc,ref         ] GC(180) Skipped phase 1 of Reference Processing: no references
[9027.730s][debug][gc,ref         ] GC(180) ReferenceProcessor::execute queues: 1, RefProcThreadModel::Single, marks_oops_alive: false
[9027.730s][debug][gc,ref         ] GC(180) Skipped phase 3 of Reference Processing: no references
[9027.730s][debug][gc,ref         ] GC(180) ReferenceProcessor::execute queues: 1, RefProcThreadModel::Single, marks_oops_alive: false
[9027.730s][debug][gc,phases      ] GC(180) Reference Processing 0.084ms
[9027.731s][debug][gc,phases      ] GC(180)   VM Weak                        Min:  0.0, Avg:  0.0, Max:  0.0, Diff:  0.0, Sum:  0.0, Workers: 4
[9027.731s][debug][gc,phases      ] GC(180)     Dead                           Min: 0, Avg:  0.0, Max: 0, Diff: 0, Sum: 0, Workers: 4
[9027.731s][debug][gc,phases      ] GC(180)     Total                          Min: 0, Avg: 162.0, Max: 510, Diff: 510, Sum: 648, Workers: 4
[9027.731s][debug][gc,phases      ] GC(180)   ObjectSynchronizer Weak        Min:  0.0, Avg:  0.0, Max:  0.0, Diff:  0.0, Sum:  0.0, Workers: 4
[9027.731s][debug][gc,phases      ] GC(180)     Dead                           Min: 0, Avg:  0.0, Max: 0, Diff: 0, Sum: 0, Workers: 4
[9027.731s][debug][gc,phases      ] GC(180)     Total                          Min: 0, Avg: 161.8, Max: 391, Diff: 391, Sum: 647, Workers: 4
[9027.731s][debug][gc,phases      ] GC(180)   JVMTI Tag Weak OopStorage      Min:  0.0, Avg:  0.0, Max:  0.0, Diff:  0.0, Sum:  0.0, Workers: 4
[9027.731s][debug][gc,phases      ] GC(180)     Dead                           Min: 0, Avg:  0.0, Max: 0, Diff: 0, Sum: 0, Workers: 4
[9027.731s][debug][gc,phases      ] GC(180)     Total                          Min: 0, Avg:  0.0, Max: 0, Diff: 0, Sum: 0, Workers: 4
[9027.731s][debug][gc,phases      ] GC(180)   StringTable Weak               Min:  0.1, Avg:  0.1, Max:  0.1, Diff:  0.0, Sum:  0.4, Workers: 4
[9027.731s][debug][gc,phases      ] GC(180)     Dead                           Min: 0, Avg:  0.0, Max: 0, Diff: 0, Sum: 0, Workers: 4
[9027.731s][debug][gc,phases      ] GC(180)     Total                          Min: 10513, Avg: 10771.5, Max: 10944, Diff: 431, Sum: 43086, Workers: 4
[9027.731s][debug][gc,phases      ] GC(180)   ResolvedMethodTable Weak       Min:  0.0, Avg:  0.0, Max:  0.0, Diff:  0.0, Sum:  0.1, Workers: 4
[9027.731s][debug][gc,phases      ] GC(180)     Dead                           Min: 0, Avg:  0.0, Max: 0, Diff: 0, Sum: 0, Workers: 4
[9027.731s][debug][gc,phases      ] GC(180)     Total                          Min: 2175, Avg: 2217.5, Max: 2304, Diff: 129, Sum: 8870, Workers: 4
[9027.731s][debug][gc,phases      ] GC(180)   JNI Weak                       Min:  0.0, Avg:  0.0, Max:  0.0, Diff:  0.0, Sum:  0.0, Workers: 4
[9027.731s][debug][gc,phases      ] GC(180)     Dead                           Min: 0, Avg:  0.0, Max: 0, Diff: 0, Sum: 0, Workers: 4
[9027.731s][debug][gc,phases      ] GC(180)     Total                          Min: 0, Avg: 11.2, Max: 45, Diff: 45, Sum: 45, Workers: 4
[9027.731s][debug][gc,phases      ] GC(180)   StringDedup Table Weak         Min:  0.0, Avg:  0.0, Max:  0.0, Diff:  0.0, Sum:  0.0, Workers: 4
[9027.731s][debug][gc,phases      ] GC(180)     Dead                           Min: 0, Avg:  0.0, Max: 0, Diff: 0, Sum: 0, Workers: 4
[9027.731s][debug][gc,phases      ] GC(180)     Total                          Min: 0, Avg:  0.0, Max: 0, Diff: 0, Sum: 0, Workers: 4
[9027.731s][debug][gc,phases      ] GC(180)   StringDedup Requests0 Weak     Min:  0.0, Avg:  0.0, Max:  0.0, Diff:  0.0, Sum:  0.0, Workers: 4
[9027.731s][debug][gc,phases      ] GC(180)     Dead                           Min: 0, Avg:  0.0, Max: 0, Diff: 0, Sum: 0, Workers: 4
[9027.731s][debug][gc,phases      ] GC(180)     Total                          Min: 0, Avg:  0.0, Max: 0, Diff: 0, Sum: 0, Workers: 4
[9027.731s][debug][gc,phases      ] GC(180)   StringDedup Requests1 Weak     Min:  0.0, Avg:  0.0, Max:  0.0, Diff:  0.0, Sum:  0.0, Workers: 4
[9027.731s][debug][gc,phases      ] GC(180)     Dead                           Min: 0, Avg:  0.0, Max: 0, Diff: 0, Sum: 0, Workers: 4
[9027.731s][debug][gc,phases      ] GC(180)     Total                          Min: 0, Avg:  0.0, Max: 0, Diff: 0, Sum: 0, Workers: 4
[9027.731s][debug][gc,phases      ] GC(180)   Weak JFR Old Object Samples    Min:  0.0, Avg:  0.0, Max:  0.0, Diff:  0.0, Sum:  0.0, Workers: 4
[9027.731s][debug][gc,phases      ] GC(180)     Dead                           Min: 0, Avg:  0.0, Max: 0, Diff: 0, Sum: 0, Workers: 4
[9027.731s][debug][gc,phases      ] GC(180)     Total                          Min: 0, Avg:  0.0, Max: 0, Diff: 0, Sum: 0, Workers: 4
[9027.731s][debug][gc,phases      ] GC(180) Weak Processing 0.271ms
[9027.731s][debug][gc,age         ] GC(180) Desired survivor size 36175872 bytes, new threshold 15 (max threshold 15)
[9027.731s][info ][gc,heap        ] GC(180) PSYoungGen: 2030752K(2061312K)->5840K(2060800K) Eden: 2024960K(2024960K)->0K(2024960K) From: 5792K(36352K)->5840K(35840K)
[9027.731s][info ][gc,heap        ] GC(180) ParOldGen: 450891K(535552K)->451103K(535552K)
[9027.731s][info ][gc,metaspace   ] GC(180) Metaspace: 80448K(81280K)->80448K(81280K) NonClass: 69199K(69632K)->69199K(69632K) Class: 11248K(11648K)->11248K(11648K)
[9027.731s][info ][gc             ] GC(180) Pause Young (Allocation Failure) 2423M->446M(2535M) 4.154ms
[9027.731s][info ][gc,cpu         ] GC(180) User=0.01s Sys=0.00s Real=0.00s
[9027.731s][info ][safepoint      ] Safepoint "ParallelGCFailedAllocation", Time since last: 9780008267 ns, Reaching safepoint: 56600 ns, At safepoint: 4220397 ns, Total: 4276997 ns
[9048.737s][info ][safepoint      ] Safepoint "Cleanup", Time since last: 21001192480 ns, Reaching safepoint: 5219897 ns, At safepoint: 9000 ns, Total: 5228897 ns
[9078.739s][info ][safepoint      ] Safepoint "Cleanup", Time since last: 30001917498 ns, Reaching safepoint: 46000 ns, At safepoint: 5700 ns, Total: 51700 ns
[9093.714s][info ][gc,start       ] GC(181) Pause Young (Allocation Failure)
[9093.717s][debug][gc,phases      ] GC(181) Scavenge 3.662ms
[9093.717s][debug][gc,ref         ] GC(181) Skipped phase 1 of Reference Processing: no references
[9093.717s][debug][gc,ref         ] GC(181) ReferenceProcessor::execute queues: 1, RefProcThreadModel::Single, marks_oops_alive: false
[9093.717s][debug][gc,ref         ] GC(181) Skipped phase 3 of Reference Processing: no references
[9093.717s][debug][gc,ref         ] GC(181) ReferenceProcessor::execute queues: 1, RefProcThreadModel::Single, marks_oops_alive: false
[9093.717s][debug][gc,phases      ] GC(181) Reference Processing 0.099ms
[9093.717s][debug][gc,phases      ] GC(181)   VM Weak                        Min:  0.0, Avg:  0.0, Max:  0.0, Diff:  0.0, Sum:  0.0, Workers: 4
[9093.718s][debug][gc,phases      ] GC(181)     Dead                           Min: 0, Avg:  0.0, Max: 0, Diff: 0, Sum: 0, Workers: 4
[9093.718s][debug][gc,phases      ] GC(181)     Total                          Min: 0, Avg: 162.0, Max: 531, Diff: 531, Sum: 648, Workers: 4
[9093.718s][debug][gc,phases      ] GC(181)   ObjectSynchronizer Weak        Min:  0.0, Avg:  0.0, Max:  0.0, Diff:  0.0, Sum:  0.0, Workers: 4
[9093.718s][debug][gc,phases      ] GC(181)     Dead                           Min: 0, Avg:  0.0, Max: 0, Diff: 0, Sum: 0, Workers: 4
[9093.718s][debug][gc,phases      ] GC(181)     Total                          Min: 0, Avg: 161.8, Max: 327, Diff: 327, Sum: 647, Workers: 4
[9093.718s][debug][gc,phases      ] GC(181)   JVMTI Tag Weak OopStorage      Min:  0.0, Avg:  0.0, Max:  0.0, Diff:  0.0, Sum:  0.0, Workers: 4
[9093.718s][debug][gc,phases      ] GC(181)     Dead                           Min: 0, Avg:  0.0, Max: 0, Diff: 0, Sum: 0, Workers: 4
[9093.718s][debug][gc,phases      ] GC(181)     Total                          Min: 0, Avg:  0.0, Max: 0, Diff: 0, Sum: 0, Workers: 4
[9093.718s][debug][gc,phases      ] GC(181)   StringTable Weak               Min:  0.1, Avg:  0.1, Max:  0.1, Diff:  0.0, Sum:  0.4, Workers: 4
[9093.718s][debug][gc,phases      ] GC(181)     Dead                           Min: 0, Avg:  0.0, Max: 0, Diff: 0, Sum: 0, Workers: 4
[9093.718s][debug][gc,phases      ] GC(181)     Total                          Min: 9535, Avg: 10771.5, Max: 11729, Diff: 2194, Sum: 43086, Workers: 4
[9093.718s][debug][gc,phases      ] GC(181)   ResolvedMethodTable Weak       Min:  0.0, Avg:  0.0, Max:  0.0, Diff:  0.0, Sum:  0.1, Workers: 4
[9093.718s][debug][gc,phases      ] GC(181)     Dead                           Min: 0, Avg:  0.0, Max: 0, Diff: 0, Sum: 0, Workers: 4
[9093.718s][debug][gc,phases      ] GC(181)     Total                          Min: 2175, Avg: 2217.5, Max: 2343, Diff: 168, Sum: 8870, Workers: 4
[9093.718s][debug][gc,phases      ] GC(181)   JNI Weak                       Min:  0.0, Avg:  0.0, Max:  0.0, Diff:  0.0, Sum:  0.0, Workers: 4
[9093.718s][debug][gc,phases      ] GC(181)     Dead                           Min: 0, Avg:  0.0, Max: 0, Diff: 0, Sum: 0, Workers: 4
[9093.718s][debug][gc,phases      ] GC(181)     Total                          Min: 0, Avg: 11.2, Max: 45, Diff: 45, Sum: 45, Workers: 4
[9093.718s][debug][gc,phases      ] GC(181)   StringDedup Table Weak         Min:  0.0, Avg:  0.0, Max:  0.0, Diff:  0.0, Sum:  0.0, Workers: 4
[9093.718s][debug][gc,phases      ] GC(181)     Dead                           Min: 0, Avg:  0.0, Max: 0, Diff: 0, Sum: 0, Workers: 4
[9093.718s][debug][gc,phases      ] GC(181)     Total                          Min: 0, Avg:  0.0, Max: 0, Diff: 0, Sum: 0, Workers: 4
[9093.718s][debug][gc,phases      ] GC(181)   StringDedup Requests0 Weak     Min:  0.0, Avg:  0.0, Max:  0.0, Diff:  0.0, Sum:  0.0, Workers: 4
[9093.718s][debug][gc,phases      ] GC(181)     Dead                           Min: 0, Avg:  0.0, Max: 0, Diff: 0, Sum: 0, Workers: 4
[9093.718s][debug][gc,phases      ] GC(181)     Total                          Min: 0, Avg:  0.0, Max: 0, Diff: 0, Sum: 0, Workers: 4
[9093.718s][debug][gc,phases      ] GC(181)   StringDedup Requests1 Weak     Min:  0.0, Avg:  0.0, Max:  0.0, Diff:  0.0, Sum:  0.0, Workers: 4
[9093.718s][debug][gc,phases      ] GC(181)     Dead                           Min: 0, Avg:  0.0, Max: 0, Diff: 0, Sum: 0, Workers: 4
[9093.718s][debug][gc,phases      ] GC(181)     Total                          Min: 0, Avg:  0.0, Max: 0, Diff: 0, Sum: 0, Workers: 4
[9093.718s][debug][gc,phases      ] GC(181)   Weak JFR Old Object Samples    Min:  0.0, Avg:  0.0, Max:  0.0, Diff:  0.0, Sum:  0.0, Workers: 4
[9093.718s][debug][gc,phases      ] GC(181)     Dead                           Min: 0, Avg:  0.0, Max: 0, Diff: 0, Sum: 0, Workers: 4
[9093.718s][debug][gc,phases      ] GC(181)     Total                          Min: 0, Avg:  0.0, Max: 0, Diff: 0, Sum: 0, Workers: 4
[9093.718s][debug][gc,phases      ] GC(181) Weak Processing 0.293ms
[9093.718s][debug][gc,age         ] GC(181) Desired survivor size 35651584 bytes, new threshold 15 (max threshold 15)
[9093.718s][info ][gc,heap        ] GC(181) PSYoungGen: 2030800K(2060800K)->5648K(2062336K) Eden: 2024960K(2024960K)->0K(2027008K) From: 5840K(35840K)->5648K(35328K)
[9093.718s][info ][gc,heap        ] GC(181) ParOldGen: 451103K(535552K)->451387K(535552K)
[9093.718s][info ][gc,metaspace   ] GC(181) Metaspace: 80453K(81280K)->80453K(81280K) NonClass: 69204K(69632K)->69204K(69632K) Class: 11248K(11648K)->11248K(11648K)
[9093.718s][info ][gc             ] GC(181) Pause Young (Allocation Failure) 2423M->446M(2537M) 4.159ms
[9093.718s][info ][gc,cpu         ] GC(181) User=0.00s Sys=0.01s Real=0.00s
[9093.718s][info ][safepoint      ] Safepoint "ParallelGCFailedAllocation", Time since last: 14974253301 ns, Reaching safepoint: 24700 ns, At safepoint: 4240998 ns, Total: 4265698 ns
[9109.719s][info ][safepoint      ] Safepoint "Cleanup", Time since last: 16000961672 ns, Reaching safepoint: 30600 ns, At safepoint: 2500 ns, Total: 33100 ns
[9125.720s][info ][safepoint      ] Safepoint "Cleanup", Time since last: 16000991460 ns, Reaching safepoint: 47600 ns, At safepoint: 4200 ns, Total: 51800 ns
[9134.720s][info ][safepoint      ] Safepoint "Cleanup", Time since last: 9000566080 ns, Reaching safepoint: 43700 ns, At safepoint: 3600 ns, Total: 47300 ns
[9143.721s][info ][safepoint      ] Safepoint "Cleanup", Time since last: 9000610008 ns, Reaching safepoint: 37800 ns, At safepoint: 2900 ns, Total: 40700 ns
[9152.722s][info ][safepoint      ] Safepoint "Cleanup", Time since last: 9000621129 ns, Reaching safepoint: 50600 ns, At safepoint: 21600 ns, Total: 72200 ns
[9160.044s][info ][gc,start       ] GC(182) Pause Young (Allocation Failure)
[9160.048s][debug][gc,phases      ] GC(182) Scavenge 3.773ms
[9160.048s][debug][gc,ref         ] GC(182) Skipped phase 1 of Reference Processing: no references
[9160.048s][debug][gc,ref         ] GC(182) ReferenceProcessor::execute queues: 1, RefProcThreadModel::Single, marks_oops_alive: false
[9160.048s][debug][gc,ref         ] GC(182) Skipped phase 3 of Reference Processing: no references
[9160.048s][debug][gc,ref         ] GC(182) ReferenceProcessor::execute queues: 1, RefProcThreadModel::Single, marks_oops_alive: false
[9160.048s][debug][gc,phases      ] GC(182) Reference Processing 0.116ms
[9160.048s][debug][gc,phases      ] GC(182)   VM Weak                        Min:  0.0, Avg:  0.0, Max:  0.0, Diff:  0.0, Sum:  0.0, Workers: 4
[9160.048s][debug][gc,phases      ] GC(182)     Dead                           Min: 0, Avg:  0.0, Max: 0, Diff: 0, Sum: 0, Workers: 4
[9160.048s][debug][gc,phases      ] GC(182)     Total                          Min: 0, Avg: 162.0, Max: 648, Diff: 648, Sum: 648, Workers: 4
[9160.048s][debug][gc,phases      ] GC(182)   ObjectSynchronizer Weak        Min:  0.0, Avg:  0.0, Max:  0.0, Diff:  0.0, Sum:  0.0, Workers: 4
[9160.048s][debug][gc,phases      ] GC(182)     Dead                           Min: 0, Avg:  0.0, Max: 0, Diff: 0, Sum: 0, Workers: 4
[9160.048s][debug][gc,phases      ] GC(182)     Total                          Min: 0, Avg: 161.8, Max: 263, Diff: 263, Sum: 647, Workers: 4
[9160.048s][debug][gc,phases      ] GC(182)   JVMTI Tag Weak OopStorage      Min:  0.0, Avg:  0.0, Max:  0.0, Diff:  0.0, Sum:  0.0, Workers: 4
[9160.048s][debug][gc,phases      ] GC(182)     Dead                           Min: 0, Avg:  0.0, Max: 0, Diff: 0, Sum: 0, Workers: 4
[9160.048s][debug][gc,phases      ] GC(182)     Total                          Min: 0, Avg:  0.0, Max: 0, Diff: 0, Sum: 0, Workers: 4
[9160.048s][debug][gc,phases      ] GC(182)   StringTable Weak               Min:  0.0, Avg:  0.1, Max:  0.1, Diff:  0.1, Sum:  0.4, Workers: 4
[9160.048s][debug][gc,phases      ] GC(182)     Dead                           Min: 0, Avg:  0.0, Max: 0, Diff: 0, Sum: 0, Workers: 4
[9160.048s][debug][gc,phases      ] GC(182)     Total                          Min: 0, Avg: 10771.5, Max: 14591, Diff: 14591, Sum: 43086, Workers: 4
[9160.048s][debug][gc,phases      ] GC(182)   ResolvedMethodTable Weak       Min:  0.0, Avg:  0.0, Max:  0.0, Diff:  0.0, Sum:  0.1, Workers: 4
[9160.048s][debug][gc,phases      ] GC(182)     Dead                           Min: 0, Avg:  0.0, Max: 0, Diff: 0, Sum: 0, Workers: 4
[9160.048s][debug][gc,phases      ] GC(182)     Total                          Min: 0, Avg: 2217.5, Max: 3046, Diff: 3046, Sum: 8870, Workers: 4
[9160.048s][debug][gc,phases      ] GC(182)   JNI Weak                       Min:  0.0, Avg:  0.0, Max:  0.0, Diff:  0.0, Sum:  0.0, Workers: 4
[9160.048s][debug][gc,phases      ] GC(182)     Dead                           Min: 0, Avg:  0.0, Max: 0, Diff: 0, Sum: 0, Workers: 4
[9160.048s][debug][gc,phases      ] GC(182)     Total                          Min: 0, Avg: 11.2, Max: 45, Diff: 45, Sum: 45, Workers: 4
[9160.048s][debug][gc,phases      ] GC(182)   StringDedup Table Weak         Min:  0.0, Avg:  0.0, Max:  0.0, Diff:  0.0, Sum:  0.0, Workers: 4
[9160.048s][debug][gc,phases      ] GC(182)     Dead                           Min: 0, Avg:  0.0, Max: 0, Diff: 0, Sum: 0, Workers: 4
[9160.048s][debug][gc,phases      ] GC(182)     Total                          Min: 0, Avg:  0.0, Max: 0, Diff: 0, Sum: 0, Workers: 4
[9160.048s][debug][gc,phases      ] GC(182)   StringDedup Requests0 Weak     Min:  0.0, Avg:  0.0, Max:  0.0, Diff:  0.0, Sum:  0.0, Workers: 4
[9160.048s][debug][gc,phases      ] GC(182)     Dead                           Min: 0, Avg:  0.0, Max: 0, Diff: 0, Sum: 0, Workers: 4
[9160.048s][debug][gc,phases      ] GC(182)     Total                          Min: 0, Avg:  0.0, Max: 0, Diff: 0, Sum: 0, Workers: 4
[9160.048s][debug][gc,phases      ] GC(182)   StringDedup Requests1 Weak     Min:  0.0, Avg:  0.0, Max:  0.0, Diff:  0.0, Sum:  0.0, Workers: 4
[9160.048s][debug][gc,phases      ] GC(182)     Dead                           Min: 0, Avg:  0.0, Max: 0, Diff: 0, Sum: 0, Workers: 4
[9160.048s][debug][gc,phases      ] GC(182)     Total                          Min: 0, Avg:  0.0, Max: 0, Diff: 0, Sum: 0, Workers: 4
[9160.048s][debug][gc,phases      ] GC(182)   Weak JFR Old Object Samples    Min:  0.0, Avg:  0.0, Max:  0.0, Diff:  0.0, Sum:  0.0, Workers: 4
[9160.048s][debug][gc,phases      ] GC(182)     Dead                           Min: 0, Avg:  0.0, Max: 0, Diff: 0, Sum: 0, Workers: 4
[9160.048s][debug][gc,phases      ] GC(182)     Total                          Min: 0, Avg:  0.0, Max: 0, Diff: 0, Sum: 0, Workers: 4
[9160.048s][debug][gc,phases      ] GC(182) Weak Processing 0.333ms
[9160.048s][debug][gc,age         ] GC(182) Desired survivor size 34603008 bytes, new threshold 15 (max threshold 15)
[9160.048s][info ][gc,heap        ] GC(182) PSYoungGen: 2032656K(2062336K)->5536K(2061824K) Eden: 2027008K(2027008K)->0K(2027008K) From: 5648K(35328K)->5536K(34816K)
[9160.048s][info ][gc,heap        ] GC(182) ParOldGen: 451387K(535552K)->451419K(535552K)
[9160.048s][info ][gc,metaspace   ] GC(182) Metaspace: 80453K(81280K)->80453K(81280K) NonClass: 69205K(69632K)->69205K(69632K) Class: 11248K(11648K)->11248K(11648K)
[9160.048s][info ][gc             ] GC(182) Pause Young (Allocation Failure) 2425M->446M(2536M) 4.317ms
[9160.048s][info ][gc,cpu         ] GC(182) User=0.01s Sys=0.00s Real=0.01s
[9160.048s][info ][safepoint      ] Safepoint "ParallelGCFailedAllocation", Time since last: 7322366668 ns, Reaching safepoint: 22600 ns, At safepoint: 4391999 ns, Total: 4414599 ns
[9188.050s][info ][safepoint      ] Safepoint "Cleanup", Time since last: 28001818621 ns, Reaching safepoint: 42900 ns, At safepoint: 2900 ns, Total: 45800 ns
[9210.052s][info ][safepoint      ] Safepoint "Cleanup", Time since last: 22001441187 ns, Reaching safepoint: 48700 ns, At safepoint: 3000 ns, Total: 51700 ns
[9211.052s][info ][safepoint      ] Safepoint "Cleanup", Time since last: 1000104690 ns, Reaching safepoint: 44000 ns, At safepoint: 3200 ns, Total: 47200 ns
[9212.052s][info ][safepoint      ] Safepoint "Cleanup", Time since last: 1000114494 ns, Reaching safepoint: 36000 ns, At safepoint: 3100 ns, Total: 39100 ns
[9227.308s][info ][gc,start       ] GC(183) Pause Young (Allocation Failure)
[9227.314s][debug][gc,phases      ] GC(183) Scavenge 6.067ms
[9227.314s][debug][gc,ref         ] GC(183) Skipped phase 1 of Reference Processing: no references
[9227.314s][debug][gc,ref         ] GC(183) ReferenceProcessor::execute queues: 1, RefProcThreadModel::Single, marks_oops_alive: false
[9227.314s][debug][gc,ref         ] GC(183) Skipped phase 3 of Reference Processing: no references
[9227.314s][debug][gc,ref         ] GC(183) ReferenceProcessor::execute queues: 1, RefProcThreadModel::Single, marks_oops_alive: false
[9227.314s][debug][gc,phases      ] GC(183) Reference Processing 0.117ms
[9227.314s][debug][gc,phases      ] GC(183)   VM Weak                        Min:  0.0, Avg:  0.0, Max:  0.0, Diff:  0.0, Sum:  0.0, Workers: 4
[9227.314s][debug][gc,phases      ] GC(183)     Dead                           Min: 0, Avg:  0.0, Max: 0, Diff: 0, Sum: 0, Workers: 4
[9227.314s][debug][gc,phases      ] GC(183)     Total                          Min: 0, Avg: 162.0, Max: 538, Diff: 538, Sum: 648, Workers: 4
[9227.314s][debug][gc,phases      ] GC(183)   ObjectSynchronizer Weak        Min:  0.0, Avg:  0.0, Max:  0.0, Diff:  0.0, Sum:  0.0, Workers: 4
[9227.314s][debug][gc,phases      ] GC(183)     Dead                           Min: 0, Avg:  0.0, Max: 0, Diff: 0, Sum: 0, Workers: 4
[9227.314s][debug][gc,phases      ] GC(183)     Total                          Min: 0, Avg: 161.8, Max: 320, Diff: 320, Sum: 647, Workers: 4
[9227.314s][debug][gc,phases      ] GC(183)   JVMTI Tag Weak OopStorage      Min:  0.0, Avg:  0.0, Max:  0.0, Diff:  0.0, Sum:  0.0, Workers: 4
[9227.314s][debug][gc,phases      ] GC(183)     Dead                           Min: 0, Avg:  0.0, Max: 0, Diff: 0, Sum: 0, Workers: 4
[9227.314s][debug][gc,phases      ] GC(183)     Total                          Min: 0, Avg:  0.0, Max: 0, Diff: 0, Sum: 0, Workers: 4
[9227.314s][debug][gc,phases      ] GC(183)   StringTable Weak               Min:  0.0, Avg:  0.1, Max:  0.1, Diff:  0.1, Sum:  0.3, Workers: 4
[9227.314s][debug][gc,phases      ] GC(183)     Dead                           Min: 0, Avg:  0.0, Max: 0, Diff: 0, Sum: 0, Workers: 4
[9227.314s][debug][gc,phases      ] GC(183)     Total                          Min: 0, Avg: 10771.5, Max: 19134, Diff: 19134, Sum: 43086, Workers: 4
[9227.314s][debug][gc,phases      ] GC(183)   ResolvedMethodTable Weak       Min:  0.0, Avg:  0.0, Max:  0.0, Diff:  0.0, Sum:  0.1, Workers: 4
[9227.314s][debug][gc,phases      ] GC(183)     Dead                           Min: 0, Avg:  0.0, Max: 0, Diff: 0, Sum: 0, Workers: 4
[9227.314s][debug][gc,phases      ] GC(183)     Total                          Min: 0, Avg: 2217.5, Max: 3264, Diff: 3264, Sum: 8870, Workers: 4
[9227.314s][debug][gc,phases      ] GC(183)   JNI Weak                       Min:  0.0, Avg:  0.0, Max:  0.0, Diff:  0.0, Sum:  0.0, Workers: 4
[9227.314s][debug][gc,phases      ] GC(183)     Dead                           Min: 0, Avg:  0.0, Max: 0, Diff: 0, Sum: 0, Workers: 4
[9227.314s][debug][gc,phases      ] GC(183)     Total                          Min: 0, Avg: 11.2, Max: 45, Diff: 45, Sum: 45, Workers: 4
[9227.314s][debug][gc,phases      ] GC(183)   StringDedup Table Weak         Min:  0.0, Avg:  0.0, Max:  0.0, Diff:  0.0, Sum:  0.0, Workers: 4
[9227.314s][debug][gc,phases      ] GC(183)     Dead                           Min: 0, Avg:  0.0, Max: 0, Diff: 0, Sum: 0, Workers: 4
[9227.314s][debug][gc,phases      ] GC(183)     Total                          Min: 0, Avg:  0.0, Max: 0, Diff: 0, Sum: 0, Workers: 4
[9227.314s][debug][gc,phases      ] GC(183)   StringDedup Requests0 Weak     Min:  0.0, Avg:  0.0, Max:  0.0, Diff:  0.0, Sum:  0.0, Workers: 4
[9227.314s][debug][gc,phases      ] GC(183)     Dead                           Min: 0, Avg:  0.0, Max: 0, Diff: 0, Sum: 0, Workers: 4
[9227.314s][debug][gc,phases      ] GC(183)     Total                          Min: 0, Avg:  0.0, Max: 0, Diff: 0, Sum: 0, Workers: 4
[9227.314s][debug][gc,phases      ] GC(183)   StringDedup Requests1 Weak     Min:  0.0, Avg:  0.0, Max:  0.0, Diff:  0.0, Sum:  0.0, Workers: 4
[9227.314s][debug][gc,phases      ] GC(183)     Dead                           Min: 0, Avg:  0.0, Max: 0, Diff: 0, Sum: 0, Workers: 4
[9227.314s][debug][gc,phases      ] GC(183)     Total                          Min: 0, Avg:  0.0, Max: 0, Diff: 0, Sum: 0, Workers: 4
[9227.314s][debug][gc,phases      ] GC(183)   Weak JFR Old Object Samples    Min:  0.0, Avg:  0.0, Max:  0.0, Diff:  0.0, Sum:  0.0, Workers: 4
[9227.314s][debug][gc,phases      ] GC(183)     Dead                           Min: 0, Avg:  0.0, Max: 0, Diff: 0, Sum: 0, Workers: 4
[9227.314s][debug][gc,phases      ] GC(183)     Total                          Min: 0, Avg:  0.0, Max: 0, Diff: 0, Sum: 0, Workers: 4
[9227.314s][debug][gc,phases      ] GC(183) Weak Processing 0.295ms
[9227.314s][debug][gc,age         ] GC(183) Desired survivor size 33554432 bytes, new threshold 15 (max threshold 15)
[9227.314s][info ][gc,heap        ] GC(183) PSYoungGen: 2032544K(2061824K)->5024K(2064384K) Eden: 2027008K(2027008K)->0K(2030592K) From: 5536K(34816K)->5024K(33792K)
[9227.314s][info ][gc,heap        ] GC(183) ParOldGen: 451419K(535552K)->451580K(535552K)
[9227.314s][info ][gc,metaspace   ] GC(183) Metaspace: 80454K(81280K)->80454K(81280K) NonClass: 69206K(69632K)->69206K(69632K) Class: 11248K(11648K)->11248K(11648K)
[9227.314s][info ][gc             ] GC(183) Pause Young (Allocation Failure) 2425M->445M(2539M) 6.572ms
[9227.314s][info ][gc,cpu         ] GC(183) User=0.01s Sys=0.00s Real=0.01s
[9227.314s][info ][safepoint      ] Safepoint "ParallelGCFailedAllocation", Time since last: 15255509829 ns, Reaching safepoint: 40600 ns, At safepoint: 6665900 ns, Total: 6706500 ns
[9251.316s][info ][safepoint      ] Safepoint "Cleanup", Time since last: 24001494701 ns, Reaching safepoint: 27900 ns, At safepoint: 3200 ns, Total: 31100 ns
[9254.316s][info ][safepoint      ] Safepoint "Cleanup", Time since last: 3000230994 ns, Reaching safepoint: 33900 ns, At safepoint: 2500 ns, Total: 36400 ns
[9287.318s][info ][safepoint      ] Safepoint "Cleanup", Time since last: 33001921608 ns, Reaching safepoint: 29200 ns, At safepoint: 2800 ns, Total: 32000 ns
[9301.384s][info ][gc,start       ] GC(184) Pause Young (Allocation Failure)
[9301.388s][debug][gc,phases      ] GC(184) Scavenge 3.878ms
[9301.388s][debug][gc,ref         ] GC(184) Skipped phase 1 of Reference Processing: no references
[9301.388s][debug][gc,ref         ] GC(184) ReferenceProcessor::execute queues: 1, RefProcThreadModel::Single, marks_oops_alive: false
[9301.388s][debug][gc,ref         ] GC(184) Skipped phase 3 of Reference Processing: no references
[9301.388s][debug][gc,ref         ] GC(184) ReferenceProcessor::execute queues: 1, RefProcThreadModel::Single, marks_oops_alive: false
[9301.388s][debug][gc,phases      ] GC(184) Reference Processing 0.092ms
[9301.388s][debug][gc,phases      ] GC(184)   VM Weak                        Min:  0.0, Avg:  0.0, Max:  0.0, Diff:  0.0, Sum:  0.0, Workers: 4
[9301.388s][debug][gc,phases      ] GC(184)     Dead                           Min: 0, Avg:  0.0, Max: 0, Diff: 0, Sum: 0, Workers: 4
[9301.388s][debug][gc,phases      ] GC(184)     Total                          Min: 0, Avg: 162.0, Max: 538, Diff: 538, Sum: 648, Workers: 4
[9301.388s][debug][gc,phases      ] GC(184)   ObjectSynchronizer Weak        Min:  0.0, Avg:  0.0, Max:  0.0, Diff:  0.0, Sum:  0.0, Workers: 4
[9301.388s][debug][gc,phases      ] GC(184)     Dead                           Min: 0, Avg:  0.0, Max: 0, Diff: 0, Sum: 0, Workers: 4
[9301.388s][debug][gc,phases      ] GC(184)     Total                          Min: 128, Avg: 161.8, Max: 199, Diff: 71, Sum: 647, Workers: 4
[9301.388s][debug][gc,phases      ] GC(184)   JVMTI Tag Weak OopStorage      Min:  0.0, Avg:  0.0, Max:  0.0, Diff:  0.0, Sum:  0.0, Workers: 4
[9301.388s][debug][gc,phases      ] GC(184)     Dead                           Min: 0, Avg:  0.0, Max: 0, Diff: 0, Sum: 0, Workers: 4
[9301.388s][debug][gc,phases      ] GC(184)     Total                          Min: 0, Avg:  0.0, Max: 0, Diff: 0, Sum: 0, Workers: 4
[9301.388s][debug][gc,phases      ] GC(184)   StringTable Weak               Min:  0.1, Avg:  0.1, Max:  0.1, Diff:  0.0, Sum:  0.4, Workers: 4
[9301.388s][debug][gc,phases      ] GC(184)     Dead                           Min: 0, Avg:  0.0, Max: 0, Diff: 0, Sum: 0, Workers: 4
[9301.388s][debug][gc,phases      ] GC(184)     Total                          Min: 10112, Avg: 10771.5, Max: 12241, Diff: 2129, Sum: 43086, Workers: 4
[9301.388s][debug][gc,phases      ] GC(184)   ResolvedMethodTable Weak       Min:  0.0, Avg:  0.0, Max:  0.0, Diff:  0.0, Sum:  0.1, Workers: 4
[9301.388s][debug][gc,phases      ] GC(184)     Dead                           Min: 0, Avg:  0.0, Max: 0, Diff: 0, Sum: 0, Workers: 4
[9301.388s][debug][gc,phases      ] GC(184)     Total                          Min: 1536, Avg: 2217.5, Max: 2624, Diff: 1088, Sum: 8870, Workers: 4
[9301.388s][debug][gc,phases      ] GC(184)   JNI Weak                       Min:  0.0, Avg:  0.0, Max:  0.0, Diff:  0.0, Sum:  0.0, Workers: 4
[9301.388s][debug][gc,phases      ] GC(184)     Dead                           Min: 0, Avg:  0.0, Max: 0, Diff: 0, Sum: 0, Workers: 4
[9301.388s][debug][gc,phases      ] GC(184)     Total                          Min: 0, Avg: 11.2, Max: 45, Diff: 45, Sum: 45, Workers: 4
[9301.388s][debug][gc,phases      ] GC(184)   StringDedup Table Weak         Min:  0.0, Avg:  0.0, Max:  0.0, Diff:  0.0, Sum:  0.0, Workers: 4
[9301.388s][debug][gc,phases      ] GC(184)     Dead                           Min: 0, Avg:  0.0, Max: 0, Diff: 0, Sum: 0, Workers: 4
[9301.388s][debug][gc,phases      ] GC(184)     Total                          Min: 0, Avg:  0.0, Max: 0, Diff: 0, Sum: 0, Workers: 4
[9301.388s][debug][gc,phases      ] GC(184)   StringDedup Requests0 Weak     Min:  0.0, Avg:  0.0, Max:  0.0, Diff:  0.0, Sum:  0.0, Workers: 4
[9301.388s][debug][gc,phases      ] GC(184)     Dead                           Min: 0, Avg:  0.0, Max: 0, Diff: 0, Sum: 0, Workers: 4
[9301.388s][debug][gc,phases      ] GC(184)     Total                          Min: 0, Avg:  0.0, Max: 0, Diff: 0, Sum: 0, Workers: 4
[9301.388s][debug][gc,phases      ] GC(184)   StringDedup Requests1 Weak     Min:  0.0, Avg:  0.0, Max:  0.0, Diff:  0.0, Sum:  0.0, Workers: 4
[9301.388s][debug][gc,phases      ] GC(184)     Dead                           Min: 0, Avg:  0.0, Max: 0, Diff: 0, Sum: 0, Workers: 4
[9301.388s][debug][gc,phases      ] GC(184)     Total                          Min: 0, Avg:  0.0, Max: 0, Diff: 0, Sum: 0, Workers: 4
[9301.388s][debug][gc,phases      ] GC(184)   Weak JFR Old Object Samples    Min:  0.0, Avg:  0.0, Max:  0.0, Diff:  0.0, Sum:  0.0, Workers: 4
[9301.388s][debug][gc,phases      ] GC(184)     Dead                           Min: 0, Avg:  0.0, Max: 0, Diff: 0, Sum: 0, Workers: 4
[9301.388s][debug][gc,phases      ] GC(184)     Total                          Min: 0, Avg:  0.0, Max: 0, Diff: 0, Sum: 0, Workers: 4
[9301.388s][debug][gc,phases      ] GC(184) Weak Processing 0.272ms
[9301.388s][debug][gc,age         ] GC(184) Desired survivor size 32505856 bytes, new threshold 15 (max threshold 15)
[9301.388s][info ][gc,heap        ] GC(184) PSYoungGen: 2035616K(2064384K)->5408K(2063360K) Eden: 2030592K(2030592K)->0K(2030592K) From: 5024K(33792K)->5408K(32768K)
[9301.388s][info ][gc,heap        ] GC(184) ParOldGen: 451580K(535552K)->451620K(535552K)
[9301.388s][info ][gc,metaspace   ] GC(184) Metaspace: 80454K(81280K)->80454K(81280K) NonClass: 69206K(69632K)->69206K(69632K) Class: 11248K(11648K)->11248K(11648K)
[9301.388s][info ][gc             ] GC(184) Pause Young (Allocation Failure) 2428M->446M(2538M) 4.350ms
[9301.388s][info ][gc,cpu         ] GC(184) User=0.02s Sys=0.00s Real=0.01s
[9301.388s][info ][safepoint      ] Safepoint "ParallelGCFailedAllocation", Time since last: 14065741252 ns, Reaching safepoint: 34700 ns, At safepoint: 4426402 ns, Total: 4461102 ns
[9318.389s][info ][safepoint      ] Safepoint "Cleanup", Time since last: 17000942184 ns, Reaching safepoint: 41400 ns, At safepoint: 2900 ns, Total: 44300 ns
[9332.390s][info ][safepoint      ] Safepoint "Cleanup", Time since last: 14000854883 ns, Reaching safepoint: 39800 ns, At safepoint: 2900 ns, Total: 42700 ns
[9333.390s][info ][safepoint      ] Safepoint "Cleanup", Time since last: 1000106670 ns, Reaching safepoint: 30300 ns, At safepoint: 3300 ns, Total: 33600 ns
[9335.391s][info ][safepoint      ] Safepoint "Cleanup", Time since last: 2000164347 ns, Reaching safepoint: 36000 ns, At safepoint: 2700 ns, Total: 38700 ns
[9338.391s][info ][safepoint      ] Safepoint "Cleanup", Time since last: 3000226442 ns, Reaching safepoint: 34200 ns, At safepoint: 19700 ns, Total: 53900 ns
[9340.391s][info ][safepoint      ] Safepoint "Cleanup", Time since last: 2000151475 ns, Reaching safepoint: 44700 ns, At safepoint: 3600 ns, Total: 48300 ns
[9341.391s][info ][safepoint      ] Safepoint "Cleanup", Time since last: 1000109591 ns, Reaching safepoint: 32100 ns, At safepoint: 8000 ns, Total: 40100 ns
[9344.391s][info ][safepoint      ] Safepoint "Cleanup", Time since last: 3000217191 ns, Reaching safepoint: 38600 ns, At safepoint: 8200 ns, Total: 46800 ns
[9375.284s][info ][gc,start       ] GC(185) Pause Young (Allocation Failure)
[9375.288s][debug][gc,phases      ] GC(185) Scavenge 3.790ms
[9375.288s][debug][gc,ref         ] GC(185) Skipped phase 1 of Reference Processing: no references
[9375.288s][debug][gc,ref         ] GC(185) ReferenceProcessor::execute queues: 1, RefProcThreadModel::Single, marks_oops_alive: false
[9375.288s][debug][gc,ref         ] GC(185) Skipped phase 3 of Reference Processing: no references
[9375.288s][debug][gc,ref         ] GC(185) ReferenceProcessor::execute queues: 1, RefProcThreadModel::Single, marks_oops_alive: false
[9375.288s][debug][gc,phases      ] GC(185) Reference Processing 0.089ms
[9375.289s][debug][gc,phases      ] GC(185)   VM Weak                        Min:  0.0, Avg:  0.0, Max:  0.0, Diff:  0.0, Sum:  0.0, Workers: 4
[9375.289s][debug][gc,phases      ] GC(185)     Dead                           Min: 0, Avg:  0.0, Max: 0, Diff: 0, Sum: 0, Workers: 4
[9375.289s][debug][gc,phases      ] GC(185)     Total                          Min: 0, Avg: 162.0, Max: 480, Diff: 480, Sum: 648, Workers: 4
[9375.289s][debug][gc,phases      ] GC(185)   ObjectSynchronizer Weak        Min:  0.0, Avg:  0.0, Max:  0.0, Diff:  0.0, Sum:  0.0, Workers: 4
[9375.289s][debug][gc,phases      ] GC(185)     Dead                           Min: 0, Avg:  0.0, Max: 0, Diff: 0, Sum: 0, Workers: 4
[9375.289s][debug][gc,phases      ] GC(185)     Total                          Min: 0, Avg: 161.8, Max: 327, Diff: 327, Sum: 647, Workers: 4
[9375.289s][debug][gc,phases      ] GC(185)   JVMTI Tag Weak OopStorage      Min:  0.0, Avg:  0.0, Max:  0.0, Diff:  0.0, Sum:  0.0, Workers: 4
[9375.289s][debug][gc,phases      ] GC(185)     Dead                           Min: 0, Avg:  0.0, Max: 0, Diff: 0, Sum: 0, Workers: 4
[9375.289s][debug][gc,phases      ] GC(185)     Total                          Min: 0, Avg:  0.0, Max: 0, Diff: 0, Sum: 0, Workers: 4
[9375.289s][debug][gc,phases      ] GC(185)   StringTable Weak               Min:  0.1, Avg:  0.1, Max:  0.1, Diff:  0.0, Sum:  0.4, Workers: 4
[9375.289s][debug][gc,phases      ] GC(185)     Dead                           Min: 0, Avg:  0.0, Max: 0, Diff: 0, Sum: 0, Workers: 4
[9375.289s][debug][gc,phases      ] GC(185)     Total                          Min: 10623, Avg: 10771.5, Max: 10896, Diff: 273, Sum: 43086, Workers: 4
[9375.289s][debug][gc,phases      ] GC(185)   ResolvedMethodTable Weak       Min:  0.0, Avg:  0.0, Max:  0.0, Diff:  0.0, Sum:  0.1, Workers: 4
[9375.289s][debug][gc,phases      ] GC(185)     Dead                           Min: 0, Avg:  0.0, Max: 0, Diff: 0, Sum: 0, Workers: 4
[9375.289s][debug][gc,phases      ] GC(185)     Total                          Min: 1919, Avg: 2217.5, Max: 2432, Diff: 513, Sum: 8870, Workers: 4
[9375.289s][debug][gc,phases      ] GC(185)   JNI Weak                       Min:  0.0, Avg:  0.0, Max:  0.0, Diff:  0.0, Sum:  0.0, Workers: 4
[9375.289s][debug][gc,phases      ] GC(185)     Dead                           Min: 0, Avg:  0.0, Max: 0, Diff: 0, Sum: 0, Workers: 4
[9375.289s][debug][gc,phases      ] GC(185)     Total                          Min: 0, Avg: 11.2, Max: 45, Diff: 45, Sum: 45, Workers: 4
[9375.289s][debug][gc,phases      ] GC(185)   StringDedup Table Weak         Min:  0.0, Avg:  0.0, Max:  0.0, Diff:  0.0, Sum:  0.0, Workers: 4
[9375.289s][debug][gc,phases      ] GC(185)     Dead                           Min: 0, Avg:  0.0, Max: 0, Diff: 0, Sum: 0, Workers: 4
[9375.289s][debug][gc,phases      ] GC(185)     Total                          Min: 0, Avg:  0.0, Max: 0, Diff: 0, Sum: 0, Workers: 4
[9375.289s][debug][gc,phases      ] GC(185)   StringDedup Requests0 Weak     Min:  0.0, Avg:  0.0, Max:  0.0, Diff:  0.0, Sum:  0.0, Workers: 4
[9375.289s][debug][gc,phases      ] GC(185)     Dead                           Min: 0, Avg:  0.0, Max: 0, Diff: 0, Sum: 0, Workers: 4
[9375.289s][debug][gc,phases      ] GC(185)     Total                          Min: 0, Avg:  0.0, Max: 0, Diff: 0, Sum: 0, Workers: 4
[9375.289s][debug][gc,phases      ] GC(185)   StringDedup Requests1 Weak     Min:  0.0, Avg:  0.0, Max:  0.0, Diff:  0.0, Sum:  0.0, Workers: 4
[9375.289s][debug][gc,phases      ] GC(185)     Dead                           Min: 0, Avg:  0.0, Max: 0, Diff: 0, Sum: 0, Workers: 4
[9375.289s][debug][gc,phases      ] GC(185)     Total                          Min: 0, Avg:  0.0, Max: 0, Diff: 0, Sum: 0, Workers: 4
[9375.289s][debug][gc,phases      ] GC(185)   Weak JFR Old Object Samples    Min:  0.0, Avg:  0.0, Max:  0.0, Diff:  0.0, Sum:  0.0, Workers: 4
[9375.289s][debug][gc,phases      ] GC(185)     Dead                           Min: 0, Avg:  0.0, Max: 0, Diff: 0, Sum: 0, Workers: 4
[9375.289s][debug][gc,phases      ] GC(185)     Total                          Min: 0, Avg:  0.0, Max: 0, Diff: 0, Sum: 0, Workers: 4
[9375.289s][debug][gc,phases      ] GC(185) Weak Processing 0.280ms
[9375.289s][debug][gc,age         ] GC(185) Desired survivor size 31457280 bytes, new threshold 15 (max threshold 15)
[9375.289s][info ][gc,heap        ] GC(185) PSYoungGen: 2036000K(2063360K)->5520K(2066432K) Eden: 2030592K(2030592K)->0K(2034688K) From: 5408K(32768K)->5520K(31744K)
[9375.289s][info ][gc,heap        ] GC(185) ParOldGen: 451620K(535552K)->451820K(535552K)
[9375.289s][info ][gc,metaspace   ] GC(185) Metaspace: 80460K(81280K)->80460K(81280K) NonClass: 69212K(69632K)->69212K(69632K) Class: 11248K(11648K)->11248K(11648K)
[9375.289s][info ][gc             ] GC(185) Pause Young (Allocation Failure) 2429M->446M(2541M) 4.254ms
[9375.289s][info ][gc,cpu         ] GC(185) User=0.02s Sys=0.00s Real=0.01s
[9375.289s][info ][safepoint      ] Safepoint "ParallelGCFailedAllocation", Time since last: 30892841838 ns, Reaching safepoint: 104300 ns, At safepoint: 4329902 ns, Total: 4434202 ns
[9394.290s][info ][safepoint      ] Safepoint "Cleanup", Time since last: 19001141796 ns, Reaching safepoint: 25300 ns, At safepoint: 2800 ns, Total: 28100 ns
[9410.293s][info ][safepoint      ] Safepoint "Cleanup", Time since last: 16003146666 ns, Reaching safepoint: 46700 ns, At safepoint: 10700 ns, Total: 57400 ns
[9419.294s][info ][safepoint      ] Safepoint "Cleanup", Time since last: 9000485597 ns, Reaching safepoint: 39700 ns, At safepoint: 3500 ns, Total: 43200 ns
[9452.332s][info ][gc,start       ] GC(186) Pause Young (Allocation Failure)
[9452.337s][debug][gc,phases      ] GC(186) Scavenge 4.493ms
[9452.337s][debug][gc,ref         ] GC(186) Skipped phase 1 of Reference Processing: no references
[9452.337s][debug][gc,ref         ] GC(186) ReferenceProcessor::execute queues: 1, RefProcThreadModel::Single, marks_oops_alive: false
[9452.337s][debug][gc,ref         ] GC(186) Skipped phase 3 of Reference Processing: no references
[9452.337s][debug][gc,ref         ] GC(186) ReferenceProcessor::execute queues: 1, RefProcThreadModel::Single, marks_oops_alive: false
[9452.337s][debug][gc,phases      ] GC(186) Reference Processing 0.101ms
[9452.337s][debug][gc,phases      ] GC(186)   VM Weak                        Min:  0.0, Avg:  0.0, Max:  0.0, Diff:  0.0, Sum:  0.0, Workers: 4
[9452.337s][debug][gc,phases      ] GC(186)     Dead                           Min: 0, Avg:  0.0, Max: 0, Diff: 0, Sum: 0, Workers: 4
[9452.337s][debug][gc,phases      ] GC(186)     Total                          Min: 0, Avg: 162.0, Max: 479, Diff: 479, Sum: 648, Workers: 4
[9452.337s][debug][gc,phases      ] GC(186)   ObjectSynchronizer Weak        Min:  0.0, Avg:  0.0, Max:  0.0, Diff:  0.0, Sum:  0.0, Workers: 4
[9452.337s][debug][gc,phases      ] GC(186)     Dead                           Min: 0, Avg:  0.0, Max: 0, Diff: 0, Sum: 0, Workers: 4
[9452.337s][debug][gc,phases      ] GC(186)     Total                          Min: 0, Avg: 161.8, Max: 263, Diff: 263, Sum: 647, Workers: 4
[9452.337s][debug][gc,phases      ] GC(186)   JVMTI Tag Weak OopStorage      Min:  0.0, Avg:  0.0, Max:  0.0, Diff:  0.0, Sum:  0.0, Workers: 4
[9452.337s][debug][gc,phases      ] GC(186)     Dead                           Min: 0, Avg:  0.0, Max: 0, Diff: 0, Sum: 0, Workers: 4
[9452.337s][debug][gc,phases      ] GC(186)     Total                          Min: 0, Avg:  0.0, Max: 0, Diff: 0, Sum: 0, Workers: 4
[9452.337s][debug][gc,phases      ] GC(186)   StringTable Weak               Min:  0.1, Avg:  0.1, Max:  0.1, Diff:  0.0, Sum:  0.4, Workers: 4
[9452.337s][debug][gc,phases      ] GC(186)     Dead                           Min: 0, Avg:  0.0, Max: 0, Diff: 0, Sum: 0, Workers: 4
[9452.337s][debug][gc,phases      ] GC(186)     Total                          Min: 10129, Avg: 10771.5, Max: 11455, Diff: 1326, Sum: 43086, Workers: 4
[9452.337s][debug][gc,phases      ] GC(186)   ResolvedMethodTable Weak       Min:  0.0, Avg:  0.0, Max:  0.0, Diff:  0.0, Sum:  0.1, Workers: 4
[9452.337s][debug][gc,phases      ] GC(186)     Dead                           Min: 0, Avg:  0.0, Max: 0, Diff: 0, Sum: 0, Workers: 4
[9452.337s][debug][gc,phases      ] GC(186)     Total                          Min: 2112, Avg: 2217.5, Max: 2304, Diff: 192, Sum: 8870, Workers: 4
[9452.337s][debug][gc,phases      ] GC(186)   JNI Weak                       Min:  0.0, Avg:  0.0, Max:  0.0, Diff:  0.0, Sum:  0.0, Workers: 4
[9452.337s][debug][gc,phases      ] GC(186)     Dead                           Min: 0, Avg:  0.0, Max: 0, Diff: 0, Sum: 0, Workers: 4
[9452.337s][debug][gc,phases      ] GC(186)     Total                          Min: 0, Avg: 11.2, Max: 45, Diff: 45, Sum: 45, Workers: 4
[9452.337s][debug][gc,phases      ] GC(186)   StringDedup Table Weak         Min:  0.0, Avg:  0.0, Max:  0.0, Diff:  0.0, Sum:  0.0, Workers: 4
[9452.337s][debug][gc,phases      ] GC(186)     Dead                           Min: 0, Avg:  0.0, Max: 0, Diff: 0, Sum: 0, Workers: 4
[9452.337s][debug][gc,phases      ] GC(186)     Total                          Min: 0, Avg:  0.0, Max: 0, Diff: 0, Sum: 0, Workers: 4
[9452.337s][debug][gc,phases      ] GC(186)   StringDedup Requests0 Weak     Min:  0.0, Avg:  0.0, Max:  0.0, Diff:  0.0, Sum:  0.0, Workers: 4
[9452.337s][debug][gc,phases      ] GC(186)     Dead                           Min: 0, Avg:  0.0, Max: 0, Diff: 0, Sum: 0, Workers: 4
[9452.337s][debug][gc,phases      ] GC(186)     Total                          Min: 0, Avg:  0.0, Max: 0, Diff: 0, Sum: 0, Workers: 4
[9452.337s][debug][gc,phases      ] GC(186)   StringDedup Requests1 Weak     Min:  0.0, Avg:  0.0, Max:  0.0, Diff:  0.0, Sum:  0.0, Workers: 4
[9452.337s][debug][gc,phases      ] GC(186)     Dead                           Min: 0, Avg:  0.0, Max: 0, Diff: 0, Sum: 0, Workers: 4
[9452.337s][debug][gc,phases      ] GC(186)     Total                          Min: 0, Avg:  0.0, Max: 0, Diff: 0, Sum: 0, Workers: 4
[9452.337s][debug][gc,phases      ] GC(186)   Weak JFR Old Object Samples    Min:  0.0, Avg:  0.0, Max:  0.0, Diff:  0.0, Sum:  0.0, Workers: 4
[9452.337s][debug][gc,phases      ] GC(186)     Dead                           Min: 0, Avg:  0.0, Max: 0, Diff: 0, Sum: 0, Workers: 4
[9452.337s][debug][gc,phases      ] GC(186)     Total                          Min: 0, Avg:  0.0, Max: 0, Diff: 0, Sum: 0, Workers: 4
[9452.337s][debug][gc,phases      ] GC(186) Weak Processing 0.290ms
[9452.337s][debug][gc,age         ] GC(186) Desired survivor size 30408704 bytes, new threshold 15 (max threshold 15)
[9452.337s][info ][gc,heap        ] GC(186) PSYoungGen: 2040208K(2066432K)->5232K(2065408K) Eden: 2034688K(2034688K)->0K(2034688K) From: 5520K(31744K)->5232K(30720K)
[9452.337s][info ][gc,heap        ] GC(186) ParOldGen: 451820K(535552K)->452092K(535552K)
[9452.337s][info ][gc,metaspace   ] GC(186) Metaspace: 80461K(81280K)->80461K(81280K) NonClass: 69213K(69632K)->69213K(69632K) Class: 11248K(11648K)->11248K(11648K)
[9452.337s][info ][gc             ] GC(186) Pause Young (Allocation Failure) 2433M->446M(2540M) 4.989ms
[9452.337s][info ][gc,cpu         ] GC(186) User=0.01s Sys=0.00s Real=0.01s
[9452.337s][info ][safepoint      ] Safepoint "ParallelGCFailedAllocation", Time since last: 33038803062 ns, Reaching safepoint: 27000 ns, At safepoint: 5060403 ns, Total: 5087403 ns
[9534.154s][info ][gc,start       ] GC(187) Pause Young (Allocation Failure)
[9534.160s][debug][gc,phases      ] GC(187) Scavenge 5.663ms
[9534.160s][debug][gc,ref         ] GC(187) Skipped phase 1 of Reference Processing: no references
[9534.160s][debug][gc,ref         ] GC(187) ReferenceProcessor::execute queues: 1, RefProcThreadModel::Single, marks_oops_alive: false
[9534.160s][debug][gc,ref         ] GC(187) Skipped phase 3 of Reference Processing: no references
[9534.160s][debug][gc,ref         ] GC(187) ReferenceProcessor::execute queues: 1, RefProcThreadModel::Single, marks_oops_alive: false
[9534.160s][debug][gc,phases      ] GC(187) Reference Processing 0.130ms
[9534.160s][debug][gc,phases      ] GC(187)   VM Weak                        Min:  0.0, Avg:  0.0, Max:  0.0, Diff:  0.0, Sum:  0.0, Workers: 4
[9534.160s][debug][gc,phases      ] GC(187)     Dead                           Min: 0, Avg:  0.0, Max: 0, Diff: 0, Sum: 0, Workers: 4
[9534.160s][debug][gc,phases      ] GC(187)     Total                          Min: 0, Avg: 162.0, Max: 648, Diff: 648, Sum: 648, Workers: 4
[9534.160s][debug][gc,phases      ] GC(187)   ObjectSynchronizer Weak        Min:  0.0, Avg:  0.0, Max:  0.0, Diff:  0.0, Sum:  0.0, Workers: 4
[9534.161s][debug][gc,phases      ] GC(187)     Dead                           Min: 0, Avg:  0.0, Max: 0, Diff: 0, Sum: 0, Workers: 4
[9534.161s][debug][gc,phases      ] GC(187)     Total                          Min: 0, Avg: 161.8, Max: 327, Diff: 327, Sum: 647, Workers: 4
[9534.161s][debug][gc,phases      ] GC(187)   JVMTI Tag Weak OopStorage      Min:  0.0, Avg:  0.0, Max:  0.0, Diff:  0.0, Sum:  0.0, Workers: 4
[9534.161s][debug][gc,phases      ] GC(187)     Dead                           Min: 0, Avg:  0.0, Max: 0, Diff: 0, Sum: 0, Workers: 4
[9534.161s][debug][gc,phases      ] GC(187)     Total                          Min: 0, Avg:  0.0, Max: 0, Diff: 0, Sum: 0, Workers: 4
[9534.161s][debug][gc,phases      ] GC(187)   StringTable Weak               Min:  0.0, Avg:  0.1, Max:  0.1, Diff:  0.1, Sum:  0.4, Workers: 4
[9534.161s][debug][gc,phases      ] GC(187)     Dead                           Min: 0, Avg:  0.0, Max: 0, Diff: 0, Sum: 0, Workers: 4
[9534.161s][debug][gc,phases      ] GC(187)     Total                          Min: 0, Avg: 10771.5, Max: 14544, Diff: 14544, Sum: 43086, Workers: 4
[9534.161s][debug][gc,phases      ] GC(187)   ResolvedMethodTable Weak       Min:  0.0, Avg:  0.0, Max:  0.0, Diff:  0.0, Sum:  0.1, Workers: 4
[9534.161s][debug][gc,phases      ] GC(187)     Dead                           Min: 0, Avg:  0.0, Max: 0, Diff: 0, Sum: 0, Workers: 4
[9534.161s][debug][gc,phases      ] GC(187)     Total                          Min: 0, Avg: 2217.5, Max: 3238, Diff: 3238, Sum: 8870, Workers: 4
[9534.161s][debug][gc,phases      ] GC(187)   JNI Weak                       Min:  0.0, Avg:  0.0, Max:  0.0, Diff:  0.0, Sum:  0.0, Workers: 4
[9534.161s][debug][gc,phases      ] GC(187)     Dead                           Min: 0, Avg:  0.0, Max: 0, Diff: 0, Sum: 0, Workers: 4
[9534.161s][debug][gc,phases      ] GC(187)     Total                          Min: 0, Avg: 11.2, Max: 45, Diff: 45, Sum: 45, Workers: 4
[9534.161s][debug][gc,phases      ] GC(187)   StringDedup Table Weak         Min:  0.0, Avg:  0.0, Max:  0.0, Diff:  0.0, Sum:  0.0, Workers: 4
[9534.161s][debug][gc,phases      ] GC(187)     Dead                           Min: 0, Avg:  0.0, Max: 0, Diff: 0, Sum: 0, Workers: 4
[9534.161s][debug][gc,phases      ] GC(187)     Total                          Min: 0, Avg:  0.0, Max: 0, Diff: 0, Sum: 0, Workers: 4
[9534.161s][debug][gc,phases      ] GC(187)   StringDedup Requests0 Weak     Min:  0.0, Avg:  0.0, Max:  0.0, Diff:  0.0, Sum:  0.0, Workers: 4
[9534.161s][debug][gc,phases      ] GC(187)     Dead                           Min: 0, Avg:  0.0, Max: 0, Diff: 0, Sum: 0, Workers: 4
[9534.161s][debug][gc,phases      ] GC(187)     Total                          Min: 0, Avg:  0.0, Max: 0, Diff: 0, Sum: 0, Workers: 4
[9534.161s][debug][gc,phases      ] GC(187)   StringDedup Requests1 Weak     Min:  0.0, Avg:  0.0, Max:  0.0, Diff:  0.0, Sum:  0.0, Workers: 4
[9534.161s][debug][gc,phases      ] GC(187)     Dead                           Min: 0, Avg:  0.0, Max: 0, Diff: 0, Sum: 0, Workers: 4
[9534.161s][debug][gc,phases      ] GC(187)     Total                          Min: 0, Avg:  0.0, Max: 0, Diff: 0, Sum: 0, Workers: 4
[9534.161s][debug][gc,phases      ] GC(187)   Weak JFR Old Object Samples    Min:  0.0, Avg:  0.0, Max:  0.0, Diff:  0.0, Sum:  0.0, Workers: 4
[9534.161s][debug][gc,phases      ] GC(187)     Dead                           Min: 0, Avg:  0.0, Max: 0, Diff: 0, Sum: 0, Workers: 4
[9534.161s][debug][gc,phases      ] GC(187)     Total                          Min: 0, Avg:  0.0, Max: 0, Diff: 0, Sum: 0, Workers: 4
[9534.161s][debug][gc,phases      ] GC(187) Weak Processing 0.336ms
[9534.161s][debug][gc,age         ] GC(187) Desired survivor size 29360128 bytes, new threshold 15 (max threshold 15)
[9534.161s][info ][gc,heap        ] GC(187) PSYoungGen: 2039920K(2065408K)->5552K(2068480K) Eden: 2034688K(2034688K)->0K(2038784K) From: 5232K(30720K)->5552K(29696K)
[9534.161s][info ][gc,heap        ] GC(187) ParOldGen: 452092K(535552K)->452300K(535552K)
[9534.161s][info ][gc,metaspace   ] GC(187) Metaspace: 80461K(81280K)->80461K(81280K) NonClass: 69213K(69632K)->69213K(69632K) Class: 11248K(11648K)->11248K(11648K)
[9534.161s][info ][gc             ] GC(187) Pause Young (Allocation Failure) 2433M->447M(2543M) 6.232ms
[9534.161s][info ][gc,cpu         ] GC(187) User=0.01s Sys=0.00s Real=0.00s
[9534.161s][info ][safepoint      ] Safepoint "ParallelGCFailedAllocation", Time since last: 81816790673 ns, Reaching safepoint: 74800 ns, At safepoint: 6320005 ns, Total: 6394805 ns
[9606.165s][info ][safepoint      ] Safepoint "Cleanup", Time since last: 72004442895 ns, Reaching safepoint: 44700 ns, At safepoint: 2800 ns, Total: 47500 ns
[9607.685s][info ][gc,start       ] GC(188) Pause Young (Allocation Failure)
[9607.689s][debug][gc,phases      ] GC(188) Scavenge 3.785ms
[9607.689s][debug][gc,ref         ] GC(188) Skipped phase 1 of Reference Processing: no references
[9607.689s][debug][gc,ref         ] GC(188) ReferenceProcessor::execute queues: 1, RefProcThreadModel::Single, marks_oops_alive: false
[9607.689s][debug][gc,ref         ] GC(188) Skipped phase 3 of Reference Processing: no references
[9607.689s][debug][gc,ref         ] GC(188) ReferenceProcessor::execute queues: 1, RefProcThreadModel::Single, marks_oops_alive: false
[9607.689s][debug][gc,phases      ] GC(188) Reference Processing 0.089ms
[9607.689s][debug][gc,phases      ] GC(188)   VM Weak                        Min:  0.0, Avg:  0.0, Max:  0.0, Diff:  0.0, Sum:  0.0, Workers: 4
[9607.689s][debug][gc,phases      ] GC(188)     Dead                           Min: 0, Avg:  0.0, Max: 0, Diff: 0, Sum: 0, Workers: 4
[9607.689s][debug][gc,phases      ] GC(188)     Total                          Min: 0, Avg: 162.0, Max: 648, Diff: 648, Sum: 648, Workers: 4
[9607.689s][debug][gc,phases      ] GC(188)   ObjectSynchronizer Weak        Min:  0.0, Avg:  0.0, Max:  0.0, Diff:  0.0, Sum:  0.0, Workers: 4
[9607.689s][debug][gc,phases      ] GC(188)     Dead                           Min: 0, Avg:  0.0, Max: 0, Diff: 0, Sum: 0, Workers: 4
[9607.689s][debug][gc,phases      ] GC(188)     Total                          Min: 0, Avg: 161.8, Max: 327, Diff: 327, Sum: 647, Workers: 4
[9607.689s][debug][gc,phases      ] GC(188)   JVMTI Tag Weak OopStorage      Min:  0.0, Avg:  0.0, Max:  0.0, Diff:  0.0, Sum:  0.0, Workers: 4
[9607.689s][debug][gc,phases      ] GC(188)     Dead                           Min: 0, Avg:  0.0, Max: 0, Diff: 0, Sum: 0, Workers: 4
[9607.689s][debug][gc,phases      ] GC(188)     Total                          Min: 0, Avg:  0.0, Max: 0, Diff: 0, Sum: 0, Workers: 4
[9607.689s][debug][gc,phases      ] GC(188)   StringTable Weak               Min:  0.1, Avg:  0.1, Max:  0.1, Diff:  0.0, Sum:  0.4, Workers: 4
[9607.689s][debug][gc,phases      ] GC(188)     Dead                           Min: 0, Avg:  0.0, Max: 0, Diff: 0, Sum: 0, Workers: 4
[9607.689s][debug][gc,phases      ] GC(188)     Total                          Min: 9087, Avg: 10771.5, Max: 11455, Diff: 2368, Sum: 43086, Workers: 4
[9607.689s][debug][gc,phases      ] GC(188)   ResolvedMethodTable Weak       Min:  0.0, Avg:  0.0, Max:  0.0, Diff:  0.0, Sum:  0.1, Workers: 4
[9607.689s][debug][gc,phases      ] GC(188)     Dead                           Min: 0, Avg:  0.0, Max: 0, Diff: 0, Sum: 0, Workers: 4
[9607.689s][debug][gc,phases      ] GC(188)     Total                          Min: 2175, Avg: 2217.5, Max: 2304, Diff: 129, Sum: 8870, Workers: 4
[9607.689s][debug][gc,phases      ] GC(188)   JNI Weak                       Min:  0.0, Avg:  0.0, Max:  0.0, Diff:  0.0, Sum:  0.0, Workers: 4
[9607.689s][debug][gc,phases      ] GC(188)     Dead                           Min: 0, Avg:  0.0, Max: 0, Diff: 0, Sum: 0, Workers: 4
[9607.689s][debug][gc,phases      ] GC(188)     Total                          Min: 0, Avg: 11.2, Max: 45, Diff: 45, Sum: 45, Workers: 4
[9607.689s][debug][gc,phases      ] GC(188)   StringDedup Table Weak         Min:  0.0, Avg:  0.0, Max:  0.0, Diff:  0.0, Sum:  0.0, Workers: 4
[9607.689s][debug][gc,phases      ] GC(188)     Dead                           Min: 0, Avg:  0.0, Max: 0, Diff: 0, Sum: 0, Workers: 4
[9607.689s][debug][gc,phases      ] GC(188)     Total                          Min: 0, Avg:  0.0, Max: 0, Diff: 0, Sum: 0, Workers: 4
[9607.689s][debug][gc,phases      ] GC(188)   StringDedup Requests0 Weak     Min:  0.0, Avg:  0.0, Max:  0.0, Diff:  0.0, Sum:  0.0, Workers: 4
[9607.689s][debug][gc,phases      ] GC(188)     Dead                           Min: 0, Avg:  0.0, Max: 0, Diff: 0, Sum: 0, Workers: 4
[9607.689s][debug][gc,phases      ] GC(188)     Total                          Min: 0, Avg:  0.0, Max: 0, Diff: 0, Sum: 0, Workers: 4
[9607.689s][debug][gc,phases      ] GC(188)   StringDedup Requests1 Weak     Min:  0.0, Avg:  0.0, Max:  0.0, Diff:  0.0, Sum:  0.0, Workers: 4
[9607.689s][debug][gc,phases      ] GC(188)     Dead                           Min: 0, Avg:  0.0, Max: 0, Diff: 0, Sum: 0, Workers: 4
[9607.689s][debug][gc,phases      ] GC(188)     Total                          Min: 0, Avg:  0.0, Max: 0, Diff: 0, Sum: 0, Workers: 4
[9607.689s][debug][gc,phases      ] GC(188)   Weak JFR Old Object Samples    Min:  0.0, Avg:  0.0, Max:  0.0, Diff:  0.0, Sum:  0.0, Workers: 4
[9607.689s][debug][gc,phases      ] GC(188)     Dead                           Min: 0, Avg:  0.0, Max: 0, Diff: 0, Sum: 0, Workers: 4
[9607.689s][debug][gc,phases      ] GC(188)     Total                          Min: 0, Avg:  0.0, Max: 0, Diff: 0, Sum: 0, Workers: 4
[9607.689s][debug][gc,phases      ] GC(188) Weak Processing 0.303ms
[9607.689s][debug][gc,age         ] GC(188) Desired survivor size 27787264 bytes, new threshold 15 (max threshold 15)
[9607.689s][info ][gc,heap        ] GC(188) PSYoungGen: 2044336K(2068480K)->5520K(2067456K) Eden: 2038784K(2038784K)->0K(2038784K) From: 5552K(29696K)->5520K(28672K)
[9607.689s][info ][gc,heap        ] GC(188) ParOldGen: 452300K(535552K)->452372K(535552K)
[9607.689s][info ][gc,metaspace   ] GC(188) Metaspace: 80461K(81280K)->80461K(81280K) NonClass: 69213K(69632K)->69213K(69632K) Class: 11248K(11648K)->11248K(11648K)
[9607.689s][info ][gc             ] GC(188) Pause Young (Allocation Failure) 2438M->447M(2542M) 4.278ms
[9607.689s][info ][gc,cpu         ] GC(188) User=0.01s Sys=0.00s Real=0.01s
[9607.689s][info ][safepoint      ] Safepoint "ParallelGCFailedAllocation", Time since last: 1519731547 ns, Reaching safepoint: 36500 ns, At safepoint: 4343104 ns, Total: 4379604 ns
[9618.690s][info ][safepoint      ] Safepoint "Cleanup", Time since last: 11000697084 ns, Reaching safepoint: 46900 ns, At safepoint: 5300 ns, Total: 52200 ns
[9631.691s][info ][safepoint      ] Safepoint "Cleanup", Time since last: 13000842953 ns, Reaching safepoint: 45400 ns, At safepoint: 4900 ns, Total: 50300 ns
[9643.692s][info ][safepoint      ] Safepoint "Cleanup", Time since last: 12000701502 ns, Reaching safepoint: 39500 ns, At safepoint: 3500 ns, Total: 43000 ns
[9683.187s][info ][gc,start       ] GC(189) Pause Young (Allocation Failure)
[9683.190s][debug][gc,phases      ] GC(189) Scavenge 3.008ms
[9683.190s][debug][gc,ref         ] GC(189) Skipped phase 1 of Reference Processing: no references
[9683.190s][debug][gc,ref         ] GC(189) ReferenceProcessor::execute queues: 1, RefProcThreadModel::Single, marks_oops_alive: false
[9683.190s][debug][gc,ref         ] GC(189) Skipped phase 3 of Reference Processing: no references
[9683.190s][debug][gc,ref         ] GC(189) ReferenceProcessor::execute queues: 1, RefProcThreadModel::Single, marks_oops_alive: false
[9683.190s][debug][gc,phases      ] GC(189) Reference Processing 0.111ms
[9683.191s][debug][gc,phases      ] GC(189)   VM Weak                        Min:  0.0, Avg:  0.0, Max:  0.0, Diff:  0.0, Sum:  0.0, Workers: 4
[9683.191s][debug][gc,phases      ] GC(189)     Dead                           Min: 0, Avg:  0.0, Max: 0, Diff: 0, Sum: 0, Workers: 4
[9683.191s][debug][gc,phases      ] GC(189)     Total                          Min: 0, Avg: 162.0, Max: 479, Diff: 479, Sum: 648, Workers: 4
[9683.191s][debug][gc,phases      ] GC(189)   ObjectSynchronizer Weak        Min:  0.0, Avg:  0.0, Max:  0.0, Diff:  0.0, Sum:  0.0, Workers: 4
[9683.191s][debug][gc,phases      ] GC(189)     Dead                           Min: 0, Avg:  0.0, Max: 0, Diff: 0, Sum: 0, Workers: 4
[9683.191s][debug][gc,phases      ] GC(189)     Total                          Min: 0, Avg: 161.8, Max: 327, Diff: 327, Sum: 647, Workers: 4
[9683.191s][debug][gc,phases      ] GC(189)   JVMTI Tag Weak OopStorage      Min:  0.0, Avg:  0.0, Max:  0.0, Diff:  0.0, Sum:  0.0, Workers: 4
[9683.191s][debug][gc,phases      ] GC(189)     Dead                           Min: 0, Avg:  0.0, Max: 0, Diff: 0, Sum: 0, Workers: 4
[9683.191s][debug][gc,phases      ] GC(189)     Total                          Min: 0, Avg:  0.0, Max: 0, Diff: 0, Sum: 0, Workers: 4
[9683.191s][debug][gc,phases      ] GC(189)   StringTable Weak               Min:  0.0, Avg:  0.1, Max:  0.1, Diff:  0.1, Sum:  0.3, Workers: 4
[9683.191s][debug][gc,phases      ] GC(189)     Dead                           Min: 0, Avg:  0.0, Max: 0, Diff: 0, Sum: 0, Workers: 4
[9683.191s][debug][gc,phases      ] GC(189)     Total                          Min: 0, Avg: 10771.5, Max: 19454, Diff: 19454, Sum: 43086, Workers: 4
[9683.191s][debug][gc,phases      ] GC(189)   ResolvedMethodTable Weak       Min:  0.0, Avg:  0.0, Max:  0.0, Diff:  0.0, Sum:  0.1, Workers: 4
[9683.191s][debug][gc,phases      ] GC(189)     Dead                           Min: 0, Avg:  0.0, Max: 0, Diff: 0, Sum: 0, Workers: 4
[9683.191s][debug][gc,phases      ] GC(189)     Total                          Min: 0, Avg: 2217.5, Max: 4351, Diff: 4351, Sum: 8870, Workers: 4
[9683.191s][debug][gc,phases      ] GC(189)   JNI Weak                       Min:  0.0, Avg:  0.0, Max:  0.0, Diff:  0.0, Sum:  0.0, Workers: 4
[9683.191s][debug][gc,phases      ] GC(189)     Dead                           Min: 0, Avg:  0.0, Max: 0, Diff: 0, Sum: 0, Workers: 4
[9683.191s][debug][gc,phases      ] GC(189)     Total                          Min: 0, Avg: 11.2, Max: 45, Diff: 45, Sum: 45, Workers: 4
[9683.191s][debug][gc,phases      ] GC(189)   StringDedup Table Weak         Min:  0.0, Avg:  0.0, Max:  0.0, Diff:  0.0, Sum:  0.0, Workers: 4
[9683.191s][debug][gc,phases      ] GC(189)     Dead                           Min: 0, Avg:  0.0, Max: 0, Diff: 0, Sum: 0, Workers: 4
[9683.191s][debug][gc,phases      ] GC(189)     Total                          Min: 0, Avg:  0.0, Max: 0, Diff: 0, Sum: 0, Workers: 4
[9683.191s][debug][gc,phases      ] GC(189)   StringDedup Requests0 Weak     Min:  0.0, Avg:  0.0, Max:  0.0, Diff:  0.0, Sum:  0.0, Workers: 4
[9683.191s][debug][gc,phases      ] GC(189)     Dead                           Min: 0, Avg:  0.0, Max: 0, Diff: 0, Sum: 0, Workers: 4
[9683.191s][debug][gc,phases      ] GC(189)     Total                          Min: 0, Avg:  0.0, Max: 0, Diff: 0, Sum: 0, Workers: 4
[9683.191s][debug][gc,phases      ] GC(189)   StringDedup Requests1 Weak     Min:  0.0, Avg:  0.0, Max:  0.0, Diff:  0.0, Sum:  0.0, Workers: 4
[9683.191s][debug][gc,phases      ] GC(189)     Dead                           Min: 0, Avg:  0.0, Max: 0, Diff: 0, Sum: 0, Workers: 4
[9683.191s][debug][gc,phases      ] GC(189)     Total                          Min: 0, Avg:  0.0, Max: 0, Diff: 0, Sum: 0, Workers: 4
[9683.191s][debug][gc,phases      ] GC(189)   Weak JFR Old Object Samples    Min:  0.0, Avg:  0.0, Max:  0.0, Diff:  0.0, Sum:  0.0, Workers: 4
[9683.191s][debug][gc,phases      ] GC(189)     Dead                           Min: 0, Avg:  0.0, Max: 0, Diff: 0, Sum: 0, Workers: 4
[9683.191s][debug][gc,phases      ] GC(189)     Total                          Min: 0, Avg:  0.0, Max: 0, Diff: 0, Sum: 0, Workers: 4
[9683.191s][debug][gc,phases      ] GC(189) Weak Processing 0.286ms
[9683.191s][debug][gc,age         ] GC(189) Desired survivor size 26738688 bytes, new threshold 15 (max threshold 15)
[9683.191s][info ][gc,heap        ] GC(189) PSYoungGen: 2044304K(2067456K)->4992K(2071040K) Eden: 2038784K(2038784K)->0K(2043904K) From: 5520K(28672K)->4992K(27136K)
[9683.191s][info ][gc,heap        ] GC(189) ParOldGen: 452372K(535552K)->452412K(535552K)
[9683.191s][info ][gc,metaspace   ] GC(189) Metaspace: 80466K(81280K)->80466K(81280K) NonClass: 69217K(69632K)->69217K(69632K) Class: 11248K(11648K)->11248K(11648K)
[9683.191s][info ][gc             ] GC(189) Pause Young (Allocation Failure) 2438M->446M(2545M) 3.502ms
[9683.191s][info ][gc,cpu         ] GC(189) User=0.01s Sys=0.00s Real=0.00s
[9683.191s][info ][safepoint      ] Safepoint "ParallelGCFailedAllocation", Time since last: 39495519593 ns, Reaching safepoint: 38500 ns, At safepoint: 3571104 ns, Total: 3609604 ns
[9710.192s][info ][safepoint      ] Safepoint "Cleanup", Time since last: 27001524979 ns, Reaching safepoint: 35300 ns, At safepoint: 22300 ns, Total: 57600 ns
[9760.134s][info ][gc,start       ] GC(190) Pause Young (Allocation Failure)
[9760.137s][debug][gc,phases      ] GC(190) Scavenge 2.841ms
[9760.137s][debug][gc,ref         ] GC(190) Skipped phase 1 of Reference Processing: no references
[9760.137s][debug][gc,ref         ] GC(190) ReferenceProcessor::execute queues: 1, RefProcThreadModel::Single, marks_oops_alive: false
[9760.137s][debug][gc,ref         ] GC(190) Skipped phase 3 of Reference Processing: no references
[9760.137s][debug][gc,ref         ] GC(190) ReferenceProcessor::execute queues: 1, RefProcThreadModel::Single, marks_oops_alive: false
[9760.137s][debug][gc,phases      ] GC(190) Reference Processing 0.102ms
[9760.137s][debug][gc,phases      ] GC(190)   VM Weak                        Min:  0.0, Avg:  0.0, Max:  0.0, Diff:  0.0, Sum:  0.0, Workers: 4
[9760.137s][debug][gc,phases      ] GC(190)     Dead                           Min: 0, Avg:  0.0, Max: 0, Diff: 0, Sum: 0, Workers: 4
[9760.137s][debug][gc,phases      ] GC(190)     Total                          Min: 0, Avg: 162.0, Max: 590, Diff: 590, Sum: 648, Workers: 4
[9760.137s][debug][gc,phases      ] GC(190)   ObjectSynchronizer Weak        Min:  0.0, Avg:  0.0, Max:  0.0, Diff:  0.0, Sum:  0.0, Workers: 4
[9760.137s][debug][gc,phases      ] GC(190)     Dead                           Min: 0, Avg:  0.0, Max: 0, Diff: 0, Sum: 0, Workers: 4
[9760.137s][debug][gc,phases      ] GC(190)     Total                          Min: 0, Avg: 161.8, Max: 256, Diff: 256, Sum: 647, Workers: 4
[9760.137s][debug][gc,phases      ] GC(190)   JVMTI Tag Weak OopStorage      Min:  0.0, Avg:  0.0, Max:  0.0, Diff:  0.0, Sum:  0.0, Workers: 4
[9760.137s][debug][gc,phases      ] GC(190)     Dead                           Min: 0, Avg:  0.0, Max: 0, Diff: 0, Sum: 0, Workers: 4
[9760.137s][debug][gc,phases      ] GC(190)     Total                          Min: 0, Avg:  0.0, Max: 0, Diff: 0, Sum: 0, Workers: 4
[9760.137s][debug][gc,phases      ] GC(190)   StringTable Weak               Min:  0.0, Avg:  0.1, Max:  0.1, Diff:  0.1, Sum:  0.3, Workers: 4
[9760.137s][debug][gc,phases      ] GC(190)     Dead                           Min: 0, Avg:  0.0, Max: 0, Diff: 0, Sum: 0, Workers: 4
[9760.137s][debug][gc,phases      ] GC(190)     Total                          Min: 0, Avg: 10771.5, Max: 19262, Diff: 19262, Sum: 43086, Workers: 4
[9760.137s][debug][gc,phases      ] GC(190)   ResolvedMethodTable Weak       Min:  0.0, Avg:  0.0, Max:  0.0, Diff:  0.0, Sum:  0.1, Workers: 4
[9760.137s][debug][gc,phases      ] GC(190)     Dead                           Min: 0, Avg:  0.0, Max: 0, Diff: 0, Sum: 0, Workers: 4
[9760.137s][debug][gc,phases      ] GC(190)     Total                          Min: 0, Avg: 2217.5, Max: 3903, Diff: 3903, Sum: 8870, Workers: 4
[9760.137s][debug][gc,phases      ] GC(190)   JNI Weak                       Min:  0.0, Avg:  0.0, Max:  0.0, Diff:  0.0, Sum:  0.0, Workers: 4
[9760.137s][debug][gc,phases      ] GC(190)     Dead                           Min: 0, Avg:  0.0, Max: 0, Diff: 0, Sum: 0, Workers: 4
[9760.137s][debug][gc,phases      ] GC(190)     Total                          Min: 0, Avg: 11.2, Max: 45, Diff: 45, Sum: 45, Workers: 4
[9760.137s][debug][gc,phases      ] GC(190)   StringDedup Table Weak         Min:  0.0, Avg:  0.0, Max:  0.0, Diff:  0.0, Sum:  0.0, Workers: 4
[9760.137s][debug][gc,phases      ] GC(190)     Dead                           Min: 0, Avg:  0.0, Max: 0, Diff: 0, Sum: 0, Workers: 4
[9760.137s][debug][gc,phases      ] GC(190)     Total                          Min: 0, Avg:  0.0, Max: 0, Diff: 0, Sum: 0, Workers: 4
[9760.137s][debug][gc,phases      ] GC(190)   StringDedup Requests0 Weak     Min:  0.0, Avg:  0.0, Max:  0.0, Diff:  0.0, Sum:  0.0, Workers: 4
[9760.137s][debug][gc,phases      ] GC(190)     Dead                           Min: 0, Avg:  0.0, Max: 0, Diff: 0, Sum: 0, Workers: 4
[9760.137s][debug][gc,phases      ] GC(190)     Total                          Min: 0, Avg:  0.0, Max: 0, Diff: 0, Sum: 0, Workers: 4
[9760.137s][debug][gc,phases      ] GC(190)   StringDedup Requests1 Weak     Min:  0.0, Avg:  0.0, Max:  0.0, Diff:  0.0, Sum:  0.0, Workers: 4
[9760.137s][debug][gc,phases      ] GC(190)     Dead                           Min: 0, Avg:  0.0, Max: 0, Diff: 0, Sum: 0, Workers: 4
[9760.137s][debug][gc,phases      ] GC(190)     Total                          Min: 0, Avg:  0.0, Max: 0, Diff: 0, Sum: 0, Workers: 4
[9760.137s][debug][gc,phases      ] GC(190)   Weak JFR Old Object Samples    Min:  0.0, Avg:  0.0, Max:  0.0, Diff:  0.0, Sum:  0.0, Workers: 4
[9760.137s][debug][gc,phases      ] GC(190)     Dead                           Min: 0, Avg:  0.0, Max: 0, Diff: 0, Sum: 0, Workers: 4
[9760.137s][debug][gc,phases      ] GC(190)     Total                          Min: 0, Avg:  0.0, Max: 0, Diff: 0, Sum: 0, Workers: 4
[9760.137s][debug][gc,phases      ] GC(190) Weak Processing 0.302ms
[9760.137s][debug][gc,age         ] GC(190) Desired survivor size 25690112 bytes, new threshold 15 (max threshold 15)
[9760.137s][info ][gc,heap        ] GC(190) PSYoungGen: 2048896K(2071040K)->4592K(2070016K) Eden: 2043904K(2043904K)->0K(2043904K) From: 4992K(27136K)->4592K(26112K)
[9760.137s][info ][gc,heap        ] GC(190) ParOldGen: 452412K(535552K)->452436K(535552K)
[9760.137s][info ][gc,metaspace   ] GC(190) Metaspace: 80470K(81280K)->80470K(81280K) NonClass: 69221K(69632K)->69221K(69632K) Class: 11248K(11648K)->11248K(11648K)
[9760.137s][info ][gc             ] GC(190) Pause Young (Allocation Failure) 2442M->446M(2544M) 3.325ms
[9760.137s][info ][gc,cpu         ] GC(190) User=0.01s Sys=0.00s Real=0.00s
[9760.137s][info ][safepoint      ] Safepoint "ParallelGCFailedAllocation", Time since last: 49941497840 ns, Reaching safepoint: 39200 ns, At safepoint: 3410604 ns, Total: 3449804 ns
[9801.140s][info ][safepoint      ] Safepoint "Cleanup", Time since last: 41002508538 ns, Reaching safepoint: 38800 ns, At safepoint: 2300 ns, Total: 41100 ns
[9803.140s][info ][safepoint      ] Safepoint "Cleanup", Time since last: 2000174526 ns, Reaching safepoint: 28400 ns, At safepoint: 2600 ns, Total: 31000 ns
[9833.754s][info ][gc,start       ] GC(191) Pause Young (Allocation Failure)
[9833.758s][debug][gc,phases      ] GC(191) Scavenge 4.070ms
[9833.758s][debug][gc,ref         ] GC(191) Skipped phase 1 of Reference Processing: no references
[9833.758s][debug][gc,ref         ] GC(191) ReferenceProcessor::execute queues: 1, RefProcThreadModel::Single, marks_oops_alive: false
[9833.758s][debug][gc,ref         ] GC(191) Skipped phase 3 of Reference Processing: no references
[9833.758s][debug][gc,ref         ] GC(191) ReferenceProcessor::execute queues: 1, RefProcThreadModel::Single, marks_oops_alive: false
[9833.758s][debug][gc,phases      ] GC(191) Reference Processing 0.100ms
[9833.759s][debug][gc,phases      ] GC(191)   VM Weak                        Min:  0.0, Avg:  0.0, Max:  0.0, Diff:  0.0, Sum:  0.0, Workers: 4
[9833.759s][debug][gc,phases      ] GC(191)     Dead                           Min: 0, Avg:  0.0, Max: 0, Diff: 0, Sum: 0, Workers: 4
[9833.759s][debug][gc,phases      ] GC(191)     Total                          Min: 0, Avg: 162.0, Max: 400, Diff: 400, Sum: 648, Workers: 4
[9833.759s][debug][gc,phases      ] GC(191)   ObjectSynchronizer Weak        Min:  0.0, Avg:  0.0, Max:  0.0, Diff:  0.0, Sum:  0.0, Workers: 4
[9833.759s][debug][gc,phases      ] GC(191)     Dead                           Min: 0, Avg:  0.0, Max: 0, Diff: 0, Sum: 0, Workers: 4
[9833.759s][debug][gc,phases      ] GC(191)     Total                          Min: 0, Avg: 161.8, Max: 256, Diff: 256, Sum: 647, Workers: 4
[9833.759s][debug][gc,phases      ] GC(191)   JVMTI Tag Weak OopStorage      Min:  0.0, Avg:  0.0, Max:  0.0, Diff:  0.0, Sum:  0.0, Workers: 4
[9833.759s][debug][gc,phases      ] GC(191)     Dead                           Min: 0, Avg:  0.0, Max: 0, Diff: 0, Sum: 0, Workers: 4
[9833.759s][debug][gc,phases      ] GC(191)     Total                          Min: 0, Avg:  0.0, Max: 0, Diff: 0, Sum: 0, Workers: 4
[9833.759s][debug][gc,phases      ] GC(191)   StringTable Weak               Min:  0.0, Avg:  0.1, Max:  0.1, Diff:  0.1, Sum:  0.4, Workers: 4
[9833.759s][debug][gc,phases      ] GC(191)     Dead                           Min: 0, Avg:  0.0, Max: 0, Diff: 0, Sum: 0, Workers: 4
[9833.759s][debug][gc,phases      ] GC(191)     Total                          Min: 0, Avg: 10771.8, Max: 14783, Diff: 14783, Sum: 43087, Workers: 4
[9833.759s][debug][gc,phases      ] GC(191)   ResolvedMethodTable Weak       Min:  0.0, Avg:  0.0, Max:  0.0, Diff:  0.0, Sum:  0.1, Workers: 4
[9833.759s][debug][gc,phases      ] GC(191)     Dead                           Min: 0, Avg:  0.0, Max: 0, Diff: 0, Sum: 0, Workers: 4
[9833.759s][debug][gc,phases      ] GC(191)     Total                          Min: 0, Avg: 2217.5, Max: 3072, Diff: 3072, Sum: 8870, Workers: 4
[9833.759s][debug][gc,phases      ] GC(191)   JNI Weak                       Min:  0.0, Avg:  0.0, Max:  0.0, Diff:  0.0, Sum:  0.0, Workers: 4
[9833.759s][debug][gc,phases      ] GC(191)     Dead                           Min: 0, Avg:  0.0, Max: 0, Diff: 0, Sum: 0, Workers: 4
[9833.759s][debug][gc,phases      ] GC(191)     Total                          Min: 0, Avg: 11.2, Max: 45, Diff: 45, Sum: 45, Workers: 4
[9833.759s][debug][gc,phases      ] GC(191)   StringDedup Table Weak         Min:  0.0, Avg:  0.0, Max:  0.0, Diff:  0.0, Sum:  0.0, Workers: 4
[9833.759s][debug][gc,phases      ] GC(191)     Dead                           Min: 0, Avg:  0.0, Max: 0, Diff: 0, Sum: 0, Workers: 4
[9833.759s][debug][gc,phases      ] GC(191)     Total                          Min: 0, Avg:  0.0, Max: 0, Diff: 0, Sum: 0, Workers: 4
[9833.759s][debug][gc,phases      ] GC(191)   StringDedup Requests0 Weak     Min:  0.0, Avg:  0.0, Max:  0.0, Diff:  0.0, Sum:  0.0, Workers: 4
[9833.759s][debug][gc,phases      ] GC(191)     Dead                           Min: 0, Avg:  0.0, Max: 0, Diff: 0, Sum: 0, Workers: 4
[9833.759s][debug][gc,phases      ] GC(191)     Total                          Min: 0, Avg:  0.0, Max: 0, Diff: 0, Sum: 0, Workers: 4
[9833.759s][debug][gc,phases      ] GC(191)   StringDedup Requests1 Weak     Min:  0.0, Avg:  0.0, Max:  0.0, Diff:  0.0, Sum:  0.0, Workers: 4
[9833.759s][debug][gc,phases      ] GC(191)     Dead                           Min: 0, Avg:  0.0, Max: 0, Diff: 0, Sum: 0, Workers: 4
[9833.759s][debug][gc,phases      ] GC(191)     Total                          Min: 0, Avg:  0.0, Max: 0, Diff: 0, Sum: 0, Workers: 4
[9833.759s][debug][gc,phases      ] GC(191)   Weak JFR Old Object Samples    Min:  0.0, Avg:  0.0, Max:  0.0, Diff:  0.0, Sum:  0.0, Workers: 4
[9833.759s][debug][gc,phases      ] GC(191)     Dead                           Min: 0, Avg:  0.0, Max: 0, Diff: 0, Sum: 0, Workers: 4
[9833.759s][debug][gc,phases      ] GC(191)     Total                          Min: 0, Avg:  0.0, Max: 0, Diff: 0, Sum: 0, Workers: 4
[9833.759s][debug][gc,phases      ] GC(191) Weak Processing 0.300ms
[9833.759s][debug][gc,age         ] GC(191) Desired survivor size 24641536 bytes, new threshold 15 (max threshold 15)
[9833.759s][info ][gc,heap        ] GC(191) PSYoungGen: 2048496K(2070016K)->4800K(2073088K) Eden: 2043904K(2043904K)->0K(2048000K) From: 4592K(26112K)->4800K(25088K)
[9833.759s][info ][gc,heap        ] GC(191) ParOldGen: 452436K(535552K)->452460K(535552K)
[9833.759s][info ][gc,metaspace   ] GC(191) Metaspace: 80472K(81280K)->80472K(81280K) NonClass: 69223K(69632K)->69223K(69632K) Class: 11248K(11648K)->11248K(11648K)
[9833.759s][info ][gc             ] GC(191) Pause Young (Allocation Failure) 2442M->446M(2547M) 4.556ms
[9833.759s][info ][gc,cpu         ] GC(191) User=0.02s Sys=0.00s Real=0.00s
[9833.759s][info ][safepoint      ] Safepoint "ParallelGCFailedAllocation", Time since last: 30613970568 ns, Reaching safepoint: 33600 ns, At safepoint: 4645606 ns, Total: 4679206 ns
[9866.761s][info ][safepoint      ] Safepoint "Cleanup", Time since last: 33002266289 ns, Reaching safepoint: 47200 ns, At safepoint: 3600 ns, Total: 50800 ns
[9882.762s][info ][safepoint      ] Safepoint "Cleanup", Time since last: 16000962495 ns, Reaching safepoint: 40300 ns, At safepoint: 4100 ns, Total: 44400 ns
[9883.762s][info ][safepoint      ] Safepoint "Cleanup", Time since last: 1000104096 ns, Reaching safepoint: 42400 ns, At safepoint: 5900 ns, Total: 48300 ns
[9884.762s][info ][safepoint      ] Safepoint "Cleanup", Time since last: 1000100996 ns, Reaching safepoint: 40400 ns, At safepoint: 4800 ns, Total: 45200 ns
[9910.208s][info ][gc,start       ] GC(192) Pause Young (Allocation Failure)
[9910.213s][debug][gc,phases      ] GC(192) Scavenge 5.159ms
[9910.213s][debug][gc,ref         ] GC(192) Skipped phase 1 of Reference Processing: no references
[9910.213s][debug][gc,ref         ] GC(192) ReferenceProcessor::execute queues: 1, RefProcThreadModel::Single, marks_oops_alive: false
[9910.213s][debug][gc,ref         ] GC(192) Skipped phase 3 of Reference Processing: no references
[9910.213s][debug][gc,ref         ] GC(192) ReferenceProcessor::execute queues: 1, RefProcThreadModel::Single, marks_oops_alive: false
[9910.213s][debug][gc,phases      ] GC(192) Reference Processing 0.089ms
[9910.214s][debug][gc,phases      ] GC(192)   VM Weak                        Min:  0.0, Avg:  0.0, Max:  0.0, Diff:  0.0, Sum:  0.0, Workers: 4
[9910.214s][debug][gc,phases      ] GC(192)     Dead                           Min: 0, Avg:  0.0, Max: 0, Diff: 0, Sum: 0, Workers: 4
[9910.214s][debug][gc,phases      ] GC(192)     Total                          Min: 0, Avg: 162.0, Max: 590, Diff: 590, Sum: 648, Workers: 4
[9910.214s][debug][gc,phases      ] GC(192)   ObjectSynchronizer Weak        Min:  0.0, Avg:  0.0, Max:  0.0, Diff:  0.0, Sum:  0.0, Workers: 4
[9910.214s][debug][gc,phases      ] GC(192)     Dead                           Min: 0, Avg:  0.0, Max: 0, Diff: 0, Sum: 0, Workers: 4
[9910.214s][debug][gc,phases      ] GC(192)     Total                          Min: 0, Avg: 161.8, Max: 327, Diff: 327, Sum: 647, Workers: 4
[9910.214s][debug][gc,phases      ] GC(192)   JVMTI Tag Weak OopStorage      Min:  0.0, Avg:  0.0, Max:  0.0, Diff:  0.0, Sum:  0.0, Workers: 4
[9910.214s][debug][gc,phases      ] GC(192)     Dead                           Min: 0, Avg:  0.0, Max: 0, Diff: 0, Sum: 0, Workers: 4
[9910.214s][debug][gc,phases      ] GC(192)     Total                          Min: 0, Avg:  0.0, Max: 0, Diff: 0, Sum: 0, Workers: 4
[9910.214s][debug][gc,phases      ] GC(192)   StringTable Weak               Min:  0.0, Avg:  0.1, Max:  0.1, Diff:  0.1, Sum:  0.3, Workers: 4
[9910.214s][debug][gc,phases      ] GC(192)     Dead                           Min: 0, Avg:  0.0, Max: 0, Diff: 0, Sum: 0, Workers: 4
[9910.214s][debug][gc,phases      ] GC(192)     Total                          Min: 0, Avg: 10771.8, Max: 26621, Diff: 26621, Sum: 43087, Workers: 4
[9910.214s][debug][gc,phases      ] GC(192)   ResolvedMethodTable Weak       Min:  0.0, Avg:  0.0, Max:  0.0, Diff:  0.0, Sum:  0.1, Workers: 4
[9910.214s][debug][gc,phases      ] GC(192)     Dead                           Min: 0, Avg:  0.0, Max: 0, Diff: 0, Sum: 0, Workers: 4
[9910.214s][debug][gc,phases      ] GC(192)     Total                          Min: 0, Avg: 2217.5, Max: 5414, Diff: 5414, Sum: 8870, Workers: 4
[9910.214s][debug][gc,phases      ] GC(192)   JNI Weak                       Min:  0.0, Avg:  0.0, Max:  0.0, Diff:  0.0, Sum:  0.0, Workers: 4
[9910.214s][debug][gc,phases      ] GC(192)     Dead                           Min: 0, Avg:  0.0, Max: 0, Diff: 0, Sum: 0, Workers: 4
[9910.214s][debug][gc,phases      ] GC(192)     Total                          Min: 0, Avg: 11.2, Max: 45, Diff: 45, Sum: 45, Workers: 4
[9910.214s][debug][gc,phases      ] GC(192)   StringDedup Table Weak         Min:  0.0, Avg:  0.0, Max:  0.0, Diff:  0.0, Sum:  0.0, Workers: 4
[9910.214s][debug][gc,phases      ] GC(192)     Dead                           Min: 0, Avg:  0.0, Max: 0, Diff: 0, Sum: 0, Workers: 4
[9910.214s][debug][gc,phases      ] GC(192)     Total                          Min: 0, Avg:  0.0, Max: 0, Diff: 0, Sum: 0, Workers: 4
[9910.214s][debug][gc,phases      ] GC(192)   StringDedup Requests0 Weak     Min:  0.0, Avg:  0.0, Max:  0.0, Diff:  0.0, Sum:  0.0, Workers: 4
[9910.214s][debug][gc,phases      ] GC(192)     Dead                           Min: 0, Avg:  0.0, Max: 0, Diff: 0, Sum: 0, Workers: 4
[9910.214s][debug][gc,phases      ] GC(192)     Total                          Min: 0, Avg:  0.0, Max: 0, Diff: 0, Sum: 0, Workers: 4
[9910.214s][debug][gc,phases      ] GC(192)   StringDedup Requests1 Weak     Min:  0.0, Avg:  0.0, Max:  0.0, Diff:  0.0, Sum:  0.0, Workers: 4
[9910.214s][debug][gc,phases      ] GC(192)     Dead                           Min: 0, Avg:  0.0, Max: 0, Diff: 0, Sum: 0, Workers: 4
[9910.214s][debug][gc,phases      ] GC(192)     Total                          Min: 0, Avg:  0.0, Max: 0, Diff: 0, Sum: 0, Workers: 4
[9910.214s][debug][gc,phases      ] GC(192)   Weak JFR Old Object Samples    Min:  0.0, Avg:  0.0, Max:  0.0, Diff:  0.0, Sum:  0.0, Workers: 4
[9910.214s][debug][gc,phases      ] GC(192)     Dead                           Min: 0, Avg:  0.0, Max: 0, Diff: 0, Sum: 0, Workers: 4
[9910.214s][debug][gc,phases      ] GC(192)     Total                          Min: 0, Avg:  0.0, Max: 0, Diff: 0, Sum: 0, Workers: 4
[9910.214s][debug][gc,phases      ] GC(192) Weak Processing 0.333ms
[9910.214s][debug][gc,age         ] GC(192) Desired survivor size 23592960 bytes, new threshold 15 (max threshold 15)
[9910.214s][info ][gc,heap        ] GC(192) PSYoungGen: 2052800K(2073088K)->4928K(2072064K) Eden: 2048000K(2048000K)->0K(2048000K) From: 4800K(25088K)->4928K(24064K)
[9910.214s][info ][gc,heap        ] GC(192) ParOldGen: 452460K(535552K)->452604K(535552K)
[9910.214s][info ][gc,metaspace   ] GC(192) Metaspace: 80474K(81280K)->80474K(81280K) NonClass: 69225K(69632K)->69225K(69632K) Class: 11248K(11648K)->11248K(11648K)
[9910.214s][info ][gc             ] GC(192) Pause Young (Allocation Failure) 2446M->446M(2546M) 5.671ms
[9910.214s][info ][gc,cpu         ] GC(192) User=0.01s Sys=0.00s Real=0.01s
[9910.214s][info ][safepoint      ] Safepoint "ParallelGCFailedAllocation", Time since last: 25445665990 ns, Reaching safepoint: 24000 ns, At safepoint: 5747408 ns, Total: 5771408 ns
[9919.214s][info ][safepoint      ] Safepoint "Cleanup", Time since last: 9000500914 ns, Reaching safepoint: 32000 ns, At safepoint: 3000 ns, Total: 35000 ns
[9981.247s][info ][gc,start       ] GC(193) Pause Young (Allocation Failure)
[9981.250s][debug][gc,phases      ] GC(193) Scavenge 3.003ms
[9981.250s][debug][gc,ref         ] GC(193) Skipped phase 1 of Reference Processing: no references
[9981.250s][debug][gc,ref         ] GC(193) ReferenceProcessor::execute queues: 1, RefProcThreadModel::Single, marks_oops_alive: false
[9981.250s][debug][gc,ref         ] GC(193) Skipped phase 3 of Reference Processing: no references
[9981.250s][debug][gc,ref         ] GC(193) ReferenceProcessor::execute queues: 1, RefProcThreadModel::Single, marks_oops_alive: false
[9981.250s][debug][gc,phases      ] GC(193) Reference Processing 0.097ms
[9981.250s][debug][gc,phases      ] GC(193)   VM Weak                        Min:  0.0, Avg:  0.0, Max:  0.0, Diff:  0.0, Sum:  0.0, Workers: 4
[9981.250s][debug][gc,phases      ] GC(193)     Dead                           Min: 0, Avg:  0.0, Max: 0, Diff: 0, Sum: 0, Workers: 4
[9981.250s][debug][gc,phases      ] GC(193)     Total                          Min: 0, Avg: 162.0, Max: 473, Diff: 473, Sum: 648, Workers: 4
[9981.250s][debug][gc,phases      ] GC(193)   ObjectSynchronizer Weak        Min:  0.0, Avg:  0.0, Max:  0.0, Diff:  0.0, Sum:  0.0, Workers: 4
[9981.250s][debug][gc,phases      ] GC(193)     Dead                           Min: 0, Avg:  0.0, Max: 0, Diff: 0, Sum: 0, Workers: 4
[9981.250s][debug][gc,phases      ] GC(193)     Total                          Min: 0, Avg: 161.8, Max: 256, Diff: 256, Sum: 647, Workers: 4
[9981.250s][debug][gc,phases      ] GC(193)   JVMTI Tag Weak OopStorage      Min:  0.0, Avg:  0.0, Max:  0.0, Diff:  0.0, Sum:  0.0, Workers: 4
[9981.250s][debug][gc,phases      ] GC(193)     Dead                           Min: 0, Avg:  0.0, Max: 0, Diff: 0, Sum: 0, Workers: 4
[9981.250s][debug][gc,phases      ] GC(193)     Total                          Min: 0, Avg:  0.0, Max: 0, Diff: 0, Sum: 0, Workers: 4
[9981.250s][debug][gc,phases      ] GC(193)   StringTable Weak               Min:  0.0, Avg:  0.1, Max:  0.1, Diff:  0.1, Sum:  0.3, Workers: 4
[9981.250s][debug][gc,phases      ] GC(193)     Dead                           Min: 0, Avg:  0.0, Max: 0, Diff: 0, Sum: 0, Workers: 4
[9981.250s][debug][gc,phases      ] GC(193)     Total                          Min: 0, Avg: 10771.8, Max: 15122, Diff: 15122, Sum: 43087, Workers: 4
[9981.250s][debug][gc,phases      ] GC(193)   ResolvedMethodTable Weak       Min:  0.0, Avg:  0.0, Max:  0.0, Diff:  0.0, Sum:  0.1, Workers: 4
[9981.250s][debug][gc,phases      ] GC(193)     Dead                           Min: 0, Avg:  0.0, Max: 0, Diff: 0, Sum: 0, Workers: 4
[9981.250s][debug][gc,phases      ] GC(193)     Total                          Min: 0, Avg: 2217.5, Max: 3135, Diff: 3135, Sum: 8870, Workers: 4
[9981.250s][debug][gc,phases      ] GC(193)   JNI Weak                       Min:  0.0, Avg:  0.0, Max:  0.0, Diff:  0.0, Sum:  0.0, Workers: 4
[9981.250s][debug][gc,phases      ] GC(193)     Dead                           Min: 0, Avg:  0.0, Max: 0, Diff: 0, Sum: 0, Workers: 4
[9981.250s][debug][gc,phases      ] GC(193)     Total                          Min: 0, Avg: 11.2, Max: 45, Diff: 45, Sum: 45, Workers: 4
[9981.250s][debug][gc,phases      ] GC(193)   StringDedup Table Weak         Min:  0.0, Avg:  0.0, Max:  0.0, Diff:  0.0, Sum:  0.0, Workers: 4
[9981.250s][debug][gc,phases      ] GC(193)     Dead                           Min: 0, Avg:  0.0, Max: 0, Diff: 0, Sum: 0, Workers: 4
[9981.250s][debug][gc,phases      ] GC(193)     Total                          Min: 0, Avg:  0.0, Max: 0, Diff: 0, Sum: 0, Workers: 4
[9981.250s][debug][gc,phases      ] GC(193)   StringDedup Requests0 Weak     Min:  0.0, Avg:  0.0, Max:  0.0, Diff:  0.0, Sum:  0.0, Workers: 4
[9981.250s][debug][gc,phases      ] GC(193)     Dead                           Min: 0, Avg:  0.0, Max: 0, Diff: 0, Sum: 0, Workers: 4
[9981.250s][debug][gc,phases      ] GC(193)     Total                          Min: 0, Avg:  0.0, Max: 0, Diff: 0, Sum: 0, Workers: 4
[9981.250s][debug][gc,phases      ] GC(193)   StringDedup Requests1 Weak     Min:  0.0, Avg:  0.0, Max:  0.0, Diff:  0.0, Sum:  0.0, Workers: 4
[9981.250s][debug][gc,phases      ] GC(193)     Dead                           Min: 0, Avg:  0.0, Max: 0, Diff: 0, Sum: 0, Workers: 4
[9981.250s][debug][gc,phases      ] GC(193)     Total                          Min: 0, Avg:  0.0, Max: 0, Diff: 0, Sum: 0, Workers: 4
[9981.250s][debug][gc,phases      ] GC(193)   Weak JFR Old Object Samples    Min:  0.0, Avg:  0.0, Max:  0.0, Diff:  0.0, Sum:  0.0, Workers: 4
[9981.250s][debug][gc,phases      ] GC(193)     Dead                           Min: 0, Avg:  0.0, Max: 0, Diff: 0, Sum: 0, Workers: 4
[9981.250s][debug][gc,phases      ] GC(193)     Total                          Min: 0, Avg:  0.0, Max: 0, Diff: 0, Sum: 0, Workers: 4
[9981.250s][debug][gc,phases      ] GC(193) Weak Processing 0.289ms
[9981.250s][debug][gc,age         ] GC(193) Desired survivor size 22544384 bytes, new threshold 15 (max threshold 15)
[9981.250s][info ][gc,heap        ] GC(193) PSYoungGen: 2052928K(2072064K)->5655K(2075136K) Eden: 2048000K(2048000K)->0K(2052096K) From: 4928K(24064K)->5655K(23040K)
[9981.250s][info ][gc,heap        ] GC(193) ParOldGen: 452604K(535552K)->452628K(535552K)
[9981.250s][info ][gc,metaspace   ] GC(193) Metaspace: 80476K(81280K)->80476K(81280K) NonClass: 69227K(69632K)->69227K(69632K) Class: 11248K(11648K)->11248K(11648K)
[9981.250s][info ][gc             ] GC(193) Pause Young (Allocation Failure) 2446M->447M(2549M) 3.479ms
[9981.250s][info ][gc,cpu         ] GC(193) User=0.01s Sys=0.00s Real=0.00s
[9981.250s][info ][safepoint      ] Safepoint "ParallelGCFailedAllocation", Time since last: 62032061373 ns, Reaching safepoint: 94800 ns, At safepoint: 3550705 ns, Total: 3645505 ns
[9991.251s][info ][safepoint      ] Safepoint "Cleanup", Time since last: 10000592226 ns, Reaching safepoint: 47401 ns, At safepoint: 3000 ns, Total: 50401 ns
[10026.260s][info ][safepoint      ] Safepoint "Cleanup", Time since last: 35009560789 ns, Reaching safepoint: 35700 ns, At safepoint: 22300 ns, Total: 58000 ns
[10049.696s][info ][gc,start       ] GC(194) Pause Young (Allocation Failure)
[10049.705s][debug][gc,phases      ] GC(194) Scavenge 9.506ms
[10049.705s][debug][gc,ref         ] GC(194) Skipped phase 1 of Reference Processing: no references
[10049.705s][debug][gc,ref         ] GC(194) ReferenceProcessor::execute queues: 1, RefProcThreadModel::Single, marks_oops_alive: false
[10049.706s][debug][gc,ref         ] GC(194) Skipped phase 3 of Reference Processing: no references
[10049.706s][debug][gc,ref         ] GC(194) ReferenceProcessor::execute queues: 1, RefProcThreadModel::Single, marks_oops_alive: false
[10049.706s][debug][gc,phases      ] GC(194) Reference Processing 0.092ms
[10049.706s][debug][gc,phases      ] GC(194)   VM Weak                        Min:  0.0, Avg:  0.0, Max:  0.0, Diff:  0.0, Sum:  0.0, Workers: 4
[10049.706s][debug][gc,phases      ] GC(194)     Dead                           Min: 0, Avg:  0.0, Max: 0, Diff: 0, Sum: 0, Workers: 4
[10049.706s][debug][gc,phases      ] GC(194)     Total                          Min: 0, Avg: 162.0, Max: 480, Diff: 480, Sum: 648, Workers: 4
[10049.706s][debug][gc,phases      ] GC(194)   ObjectSynchronizer Weak        Min:  0.0, Avg:  0.0, Max:  0.0, Diff:  0.0, Sum:  0.0, Workers: 4
[10049.706s][debug][gc,phases      ] GC(194)     Dead                           Min: 0, Avg:  0.0, Max: 0, Diff: 0, Sum: 0, Workers: 4
[10049.706s][debug][gc,phases      ] GC(194)     Total                          Min: 0, Avg: 161.8, Max: 327, Diff: 327, Sum: 647, Workers: 4
[10049.706s][debug][gc,phases      ] GC(194)   JVMTI Tag Weak OopStorage      Min:  0.0, Avg:  0.0, Max:  0.0, Diff:  0.0, Sum:  0.0, Workers: 4
[10049.706s][debug][gc,phases      ] GC(194)     Dead                           Min: 0, Avg:  0.0, Max: 0, Diff: 0, Sum: 0, Workers: 4
[10049.706s][debug][gc,phases      ] GC(194)     Total                          Min: 0, Avg:  0.0, Max: 0, Diff: 0, Sum: 0, Workers: 4
[10049.706s][debug][gc,phases      ] GC(194)   StringTable Weak               Min:  0.0, Avg:  0.1, Max:  0.2, Diff:  0.2, Sum:  0.4, Workers: 4
[10049.706s][debug][gc,phases      ] GC(194)     Dead                           Min: 0, Avg:  0.0, Max: 0, Diff: 0, Sum: 0, Workers: 4
[10049.706s][debug][gc,phases      ] GC(194)     Total                          Min: 0, Avg: 10771.8, Max: 19407, Diff: 19407, Sum: 43087, Workers: 4
[10049.706s][debug][gc,phases      ] GC(194)   ResolvedMethodTable Weak       Min:  0.0, Avg:  0.0, Max:  0.0, Diff:  0.0, Sum:  0.1, Workers: 4
[10049.706s][debug][gc,phases      ] GC(194)     Dead                           Min: 0, Avg:  0.0, Max: 0, Diff: 0, Sum: 0, Workers: 4
[10049.706s][debug][gc,phases      ] GC(194)     Total                          Min: 0, Avg: 2217.5, Max: 3008, Diff: 3008, Sum: 8870, Workers: 4
[10049.706s][debug][gc,phases      ] GC(194)   JNI Weak                       Min:  0.0, Avg:  0.0, Max:  0.0, Diff:  0.0, Sum:  0.0, Workers: 4
[10049.706s][debug][gc,phases      ] GC(194)     Dead                           Min: 0, Avg:  0.0, Max: 0, Diff: 0, Sum: 0, Workers: 4
[10049.706s][debug][gc,phases      ] GC(194)     Total                          Min: 0, Avg: 11.2, Max: 45, Diff: 45, Sum: 45, Workers: 4
[10049.706s][debug][gc,phases      ] GC(194)   StringDedup Table Weak         Min:  0.0, Avg:  0.0, Max:  0.0, Diff:  0.0, Sum:  0.0, Workers: 4
[10049.706s][debug][gc,phases      ] GC(194)     Dead                           Min: 0, Avg:  0.0, Max: 0, Diff: 0, Sum: 0, Workers: 4
[10049.706s][debug][gc,phases      ] GC(194)     Total                          Min: 0, Avg:  0.0, Max: 0, Diff: 0, Sum: 0, Workers: 4
[10049.706s][debug][gc,phases      ] GC(194)   StringDedup Requests0 Weak     Min:  0.0, Avg:  0.0, Max:  0.0, Diff:  0.0, Sum:  0.0, Workers: 4
[10049.706s][debug][gc,phases      ] GC(194)     Dead                           Min: 0, Avg:  0.0, Max: 0, Diff: 0, Sum: 0, Workers: 4
[10049.706s][debug][gc,phases      ] GC(194)     Total                          Min: 0, Avg:  0.0, Max: 0, Diff: 0, Sum: 0, Workers: 4
[10049.706s][debug][gc,phases      ] GC(194)   StringDedup Requests1 Weak     Min:  0.0, Avg:  0.0, Max:  0.0, Diff:  0.0, Sum:  0.0, Workers: 4
[10049.706s][debug][gc,phases      ] GC(194)     Dead                           Min: 0, Avg:  0.0, Max: 0, Diff: 0, Sum: 0, Workers: 4
[10049.706s][debug][gc,phases      ] GC(194)     Total                          Min: 0, Avg:  0.0, Max: 0, Diff: 0, Sum: 0, Workers: 4
[10049.706s][debug][gc,phases      ] GC(194)   Weak JFR Old Object Samples    Min:  0.0, Avg:  0.0, Max:  0.0, Diff:  0.0, Sum:  0.0, Workers: 4
[10049.706s][debug][gc,phases      ] GC(194)     Dead                           Min: 0, Avg:  0.0, Max: 0, Diff: 0, Sum: 0, Workers: 4
[10049.706s][debug][gc,phases      ] GC(194)     Total                          Min: 0, Avg:  0.0, Max: 0, Diff: 0, Sum: 0, Workers: 4
[10049.706s][debug][gc,phases      ] GC(194) Weak Processing 0.425ms
[10049.706s][debug][gc,age         ] GC(194) Desired survivor size 21495808 bytes, new threshold 15 (max threshold 15)
[10049.706s][info ][gc,heap        ] GC(194) PSYoungGen: 2057751K(2075136K)->4832K(2074112K) Eden: 2052096K(2052096K)->0K(2052096K) From: 5655K(23040K)->4832K(22016K)
[10049.706s][info ][gc,heap        ] GC(194) ParOldGen: 452628K(535552K)->452652K(535552K)
[10049.706s][info ][gc,metaspace   ] GC(194) Metaspace: 80479K(81344K)->80479K(81344K) NonClass: 69230K(69696K)->69230K(69696K) Class: 11248K(11648K)->11248K(11648K)
[10049.706s][info ][gc             ] GC(194) Pause Young (Allocation Failure) 2451M->446M(2548M) 10.123ms
[10049.706s][info ][gc,cpu         ] GC(194) User=0.02s Sys=0.00s Real=0.01s
[10049.706s][info ][safepoint      ] Safepoint "ParallelGCFailedAllocation", Time since last: 23435494082 ns, Reaching safepoint: 29500 ns, At safepoint: 10206515 ns, Total: 10236015 ns
[10061.707s][info ][safepoint      ] Safepoint "Cleanup", Time since last: 12000808388 ns, Reaching safepoint: 47200 ns, At safepoint: 5100 ns, Total: 52300 ns
[10102.710s][info ][safepoint      ] Safepoint "Cleanup", Time since last: 41002685130 ns, Reaching safepoint: 43000 ns, At safepoint: 4200 ns, Total: 47200 ns
[10121.438s][info ][gc,start       ] GC(195) Pause Young (Allocation Failure)
[10121.440s][debug][gc,phases      ] GC(195) Scavenge 2.901ms
[10121.441s][debug][gc,ref         ] GC(195) Skipped phase 1 of Reference Processing: no references
[10121.441s][debug][gc,ref         ] GC(195) ReferenceProcessor::execute queues: 1, RefProcThreadModel::Single, marks_oops_alive: false
[10121.441s][debug][gc,ref         ] GC(195) Skipped phase 3 of Reference Processing: no references
[10121.441s][debug][gc,ref         ] GC(195) ReferenceProcessor::execute queues: 1, RefProcThreadModel::Single, marks_oops_alive: false
[10121.441s][debug][gc,phases      ] GC(195) Reference Processing 0.097ms
[10121.441s][debug][gc,phases      ] GC(195)   VM Weak                        Min:  0.0, Avg:  0.0, Max:  0.0, Diff:  0.0, Sum:  0.0, Workers: 4
[10121.441s][debug][gc,phases      ] GC(195)     Dead                           Min: 0, Avg:  0.0, Max: 0, Diff: 0, Sum: 0, Workers: 4
[10121.441s][debug][gc,phases      ] GC(195)     Total                          Min: 0, Avg: 162.0, Max: 648, Diff: 648, Sum: 648, Workers: 4
[10121.441s][debug][gc,phases      ] GC(195)   ObjectSynchronizer Weak        Min:  0.0, Avg:  0.0, Max:  0.0, Diff:  0.0, Sum:  0.0, Workers: 4
[10121.441s][debug][gc,phases      ] GC(195)     Dead                           Min: 0, Avg:  0.0, Max: 0, Diff: 0, Sum: 0, Workers: 4
[10121.441s][debug][gc,phases      ] GC(195)     Total                          Min: 0, Avg: 161.8, Max: 391, Diff: 391, Sum: 647, Workers: 4
[10121.441s][debug][gc,phases      ] GC(195)   JVMTI Tag Weak OopStorage      Min:  0.0, Avg:  0.0, Max:  0.0, Diff:  0.0, Sum:  0.0, Workers: 4
[10121.441s][debug][gc,phases      ] GC(195)     Dead                           Min: 0, Avg:  0.0, Max: 0, Diff: 0, Sum: 0, Workers: 4
[10121.441s][debug][gc,phases      ] GC(195)     Total                          Min: 0, Avg:  0.0, Max: 0, Diff: 0, Sum: 0, Workers: 4
[10121.441s][debug][gc,phases      ] GC(195)   StringTable Weak               Min:  0.1, Avg:  0.1, Max:  0.1, Diff:  0.0, Sum:  0.4, Workers: 4
[10121.441s][debug][gc,phases      ] GC(195)     Dead                           Min: 0, Avg:  0.0, Max: 0, Diff: 0, Sum: 0, Workers: 4
[10121.441s][debug][gc,phases      ] GC(195)     Total                          Min: 10193, Avg: 10771.8, Max: 11008, Diff: 815, Sum: 43087, Workers: 4
[10121.441s][debug][gc,phases      ] GC(195)   ResolvedMethodTable Weak       Min:  0.0, Avg:  0.0, Max:  0.0, Diff:  0.0, Sum:  0.1, Workers: 4
[10121.441s][debug][gc,phases      ] GC(195)     Dead                           Min: 0, Avg:  0.0, Max: 0, Diff: 0, Sum: 0, Workers: 4
[10121.441s][debug][gc,phases      ] GC(195)     Total                          Min: 2151, Avg: 2217.5, Max: 2304, Diff: 153, Sum: 8870, Workers: 4
[10121.441s][debug][gc,phases      ] GC(195)   JNI Weak                       Min:  0.0, Avg:  0.0, Max:  0.0, Diff:  0.0, Sum:  0.0, Workers: 4
[10121.441s][debug][gc,phases      ] GC(195)     Dead                           Min: 0, Avg:  0.0, Max: 0, Diff: 0, Sum: 0, Workers: 4
[10121.441s][debug][gc,phases      ] GC(195)     Total                          Min: 0, Avg: 11.2, Max: 45, Diff: 45, Sum: 45, Workers: 4
[10121.441s][debug][gc,phases      ] GC(195)   StringDedup Table Weak         Min:  0.0, Avg:  0.0, Max:  0.0, Diff:  0.0, Sum:  0.0, Workers: 4
[10121.441s][debug][gc,phases      ] GC(195)     Dead                           Min: 0, Avg:  0.0, Max: 0, Diff: 0, Sum: 0, Workers: 4
[10121.441s][debug][gc,phases      ] GC(195)     Total                          Min: 0, Avg:  0.0, Max: 0, Diff: 0, Sum: 0, Workers: 4
[10121.441s][debug][gc,phases      ] GC(195)   StringDedup Requests0 Weak     Min:  0.0, Avg:  0.0, Max:  0.0, Diff:  0.0, Sum:  0.0, Workers: 4
[10121.441s][debug][gc,phases      ] GC(195)     Dead                           Min: 0, Avg:  0.0, Max: 0, Diff: 0, Sum: 0, Workers: 4
[10121.441s][debug][gc,phases      ] GC(195)     Total                          Min: 0, Avg:  0.0, Max: 0, Diff: 0, Sum: 0, Workers: 4
[10121.441s][debug][gc,phases      ] GC(195)   StringDedup Requests1 Weak     Min:  0.0, Avg:  0.0, Max:  0.0, Diff:  0.0, Sum:  0.0, Workers: 4
[10121.441s][debug][gc,phases      ] GC(195)     Dead                           Min: 0, Avg:  0.0, Max: 0, Diff: 0, Sum: 0, Workers: 4
[10121.441s][debug][gc,phases      ] GC(195)     Total                          Min: 0, Avg:  0.0, Max: 0, Diff: 0, Sum: 0, Workers: 4
[10121.441s][debug][gc,phases      ] GC(195)   Weak JFR Old Object Samples    Min:  0.0, Avg:  0.0, Max:  0.0, Diff:  0.0, Sum:  0.0, Workers: 4
[10121.441s][debug][gc,phases      ] GC(195)     Dead                           Min: 0, Avg:  0.0, Max: 0, Diff: 0, Sum: 0, Workers: 4
[10121.441s][debug][gc,phases      ] GC(195)     Total                          Min: 0, Avg:  0.0, Max: 0, Diff: 0, Sum: 0, Workers: 4
[10121.441s][debug][gc,phases      ] GC(195) Weak Processing 0.268ms
[10121.441s][debug][gc,age         ] GC(195) Desired survivor size 20447232 bytes, new threshold 15 (max threshold 15)
[10121.441s][info ][gc,heap        ] GC(195) PSYoungGen: 2056928K(2074112K)->4128K(2077184K) Eden: 2052096K(2052096K)->0K(2056192K) From: 4832K(22016K)->4128K(20992K)
[10121.441s][info ][gc,heap        ] GC(195) ParOldGen: 452652K(535552K)->453524K(535552K)
[10121.441s][info ][gc,metaspace   ] GC(195) Metaspace: 80485K(81344K)->80485K(81344K) NonClass: 69236K(69696K)->69236K(69696K) Class: 11248K(11648K)->11248K(11648K)
[10121.441s][info ][gc             ] GC(195) Pause Young (Allocation Failure) 2450M->446M(2551M) 3.347ms
[10121.441s][info ][gc,cpu         ] GC(195) User=0.01s Sys=0.00s Real=0.00s
[10121.441s][info ][safepoint      ] Safepoint "ParallelGCFailedAllocation", Time since last: 18727858590 ns, Reaching safepoint: 26100 ns, At safepoint: 3425805 ns, Total: 3451905 ns
[10149.443s][info ][safepoint      ] Safepoint "Cleanup", Time since last: 28001615886 ns, Reaching safepoint: 33100 ns, At safepoint: 3100 ns, Total: 36200 ns
[10162.443s][info ][safepoint      ] Safepoint "Cleanup", Time since last: 13000869411 ns, Reaching safepoint: 31900 ns, At safepoint: 2900 ns, Total: 34800 ns
[10163.534s][info ][gc,start       ] GC(196) Pause Young (Allocation Failure)
[10163.545s][debug][gc,phases      ] GC(196) Scavenge 10.118ms
[10163.545s][debug][gc,ref         ] GC(196) Skipped phase 1 of Reference Processing: no references
[10163.545s][debug][gc,ref         ] GC(196) ReferenceProcessor::execute queues: 1, RefProcThreadModel::Single, marks_oops_alive: false
[10163.545s][debug][gc,ref         ] GC(196) Skipped phase 3 of Reference Processing: no references
[10163.545s][debug][gc,ref         ] GC(196) ReferenceProcessor::execute queues: 1, RefProcThreadModel::Single, marks_oops_alive: false
[10163.545s][debug][gc,phases      ] GC(196) Reference Processing 0.090ms
[10163.545s][debug][gc,phases      ] GC(196)   VM Weak                        Min:  0.0, Avg:  0.0, Max:  0.0, Diff:  0.0, Sum:  0.0, Workers: 4
[10163.545s][debug][gc,phases      ] GC(196)     Dead                           Min: 0, Avg:  0.0, Max: 0, Diff: 0, Sum: 0, Workers: 4
[10163.545s][debug][gc,phases      ] GC(196)     Total                          Min: 0, Avg: 162.0, Max: 590, Diff: 590, Sum: 648, Workers: 4
[10163.545s][debug][gc,phases      ] GC(196)   ObjectSynchronizer Weak        Min:  0.0, Avg:  0.0, Max:  0.0, Diff:  0.0, Sum:  0.0, Workers: 4
[10163.545s][debug][gc,phases      ] GC(196)     Dead                           Min: 0, Avg:  0.0, Max: 0, Diff: 0, Sum: 0, Workers: 4
[10163.545s][debug][gc,phases      ] GC(196)     Total                          Min: 7, Avg: 161.8, Max: 320, Diff: 313, Sum: 647, Workers: 4
[10163.545s][debug][gc,phases      ] GC(196)   JVMTI Tag Weak OopStorage      Min:  0.0, Avg:  0.0, Max:  0.0, Diff:  0.0, Sum:  0.0, Workers: 4
[10163.545s][debug][gc,phases      ] GC(196)     Dead                           Min: 0, Avg:  0.0, Max: 0, Diff: 0, Sum: 0, Workers: 4
[10163.545s][debug][gc,phases      ] GC(196)     Total                          Min: 0, Avg:  0.0, Max: 0, Diff: 0, Sum: 0, Workers: 4
[10163.545s][debug][gc,phases      ] GC(196)   StringTable Weak               Min:  0.1, Avg:  0.1, Max:  0.1, Diff:  0.0, Sum:  0.4, Workers: 4
[10163.545s][debug][gc,phases      ] GC(196)     Dead                           Min: 0, Avg:  0.0, Max: 0, Diff: 0, Sum: 0, Workers: 4
[10163.545s][debug][gc,phases      ] GC(196)     Total                          Min: 9535, Avg: 10771.8, Max: 11327, Diff: 1792, Sum: 43087, Workers: 4
[10163.545s][debug][gc,phases      ] GC(196)   ResolvedMethodTable Weak       Min:  0.0, Avg:  0.0, Max:  0.0, Diff:  0.0, Sum:  0.1, Workers: 4
[10163.545s][debug][gc,phases      ] GC(196)     Dead                           Min: 0, Avg:  0.0, Max: 0, Diff: 0, Sum: 0, Workers: 4
[10163.545s][debug][gc,phases      ] GC(196)     Total                          Min: 2176, Avg: 2217.5, Max: 2303, Diff: 127, Sum: 8870, Workers: 4
[10163.545s][debug][gc,phases      ] GC(196)   JNI Weak                       Min:  0.0, Avg:  0.0, Max:  0.0, Diff:  0.0, Sum:  0.0, Workers: 4
[10163.545s][debug][gc,phases      ] GC(196)     Dead                           Min: 0, Avg:  0.0, Max: 0, Diff: 0, Sum: 0, Workers: 4
[10163.545s][debug][gc,phases      ] GC(196)     Total                          Min: 0, Avg: 11.2, Max: 45, Diff: 45, Sum: 45, Workers: 4
[10163.545s][debug][gc,phases      ] GC(196)   StringDedup Table Weak         Min:  0.0, Avg:  0.0, Max:  0.0, Diff:  0.0, Sum:  0.0, Workers: 4
[10163.545s][debug][gc,phases      ] GC(196)     Dead                           Min: 0, Avg:  0.0, Max: 0, Diff: 0, Sum: 0, Workers: 4
[10163.545s][debug][gc,phases      ] GC(196)     Total                          Min: 0, Avg:  0.0, Max: 0, Diff: 0, Sum: 0, Workers: 4
[10163.545s][debug][gc,phases      ] GC(196)   StringDedup Requests0 Weak     Min:  0.0, Avg:  0.0, Max:  0.0, Diff:  0.0, Sum:  0.0, Workers: 4
[10163.545s][debug][gc,phases      ] GC(196)     Dead                           Min: 0, Avg:  0.0, Max: 0, Diff: 0, Sum: 0, Workers: 4
[10163.545s][debug][gc,phases      ] GC(196)     Total                          Min: 0, Avg:  0.0, Max: 0, Diff: 0, Sum: 0, Workers: 4
[10163.545s][debug][gc,phases      ] GC(196)   StringDedup Requests1 Weak     Min:  0.0, Avg:  0.0, Max:  0.0, Diff:  0.0, Sum:  0.0, Workers: 4
[10163.545s][debug][gc,phases      ] GC(196)     Dead                           Min: 0, Avg:  0.0, Max: 0, Diff: 0, Sum: 0, Workers: 4
[10163.545s][debug][gc,phases      ] GC(196)     Total                          Min: 0, Avg:  0.0, Max: 0, Diff: 0, Sum: 0, Workers: 4
[10163.545s][debug][gc,phases      ] GC(196)   Weak JFR Old Object Samples    Min:  0.0, Avg:  0.0, Max:  0.0, Diff:  0.0, Sum:  0.0, Workers: 4
[10163.545s][debug][gc,phases      ] GC(196)     Dead                           Min: 0, Avg:  0.0, Max: 0, Diff: 0, Sum: 0, Workers: 4
[10163.545s][debug][gc,phases      ] GC(196)     Total                          Min: 0, Avg:  0.0, Max: 0, Diff: 0, Sum: 0, Workers: 4
[10163.545s][debug][gc,phases      ] GC(196) Weak Processing 0.296ms
[10163.545s][debug][gc,age         ] GC(196) Desired survivor size 24117248 bytes, new threshold 14 (max threshold 15)
[10163.545s][info ][gc,heap        ] GC(196) PSYoungGen: 2060320K(2077184K)->19952K(2076160K) Eden: 2056192K(2056192K)->0K(2056192K) From: 4128K(20992K)->19952K(19968K)
[10163.545s][info ][gc,heap        ] GC(196) ParOldGen: 453524K(535552K)->453672K(535552K)
[10163.545s][info ][gc,metaspace   ] GC(196) Metaspace: 80488K(81344K)->80488K(81344K) NonClass: 69239K(69696K)->69239K(69696K) Class: 11248K(11648K)->11248K(11648K)
[10163.545s][info ][gc             ] GC(196) Pause Young (Allocation Failure) 2454M->462M(2550M) 10.604ms
[10163.545s][info ][gc,cpu         ] GC(196) User=0.03s Sys=0.00s Real=0.00s
[10163.545s][info ][safepoint      ] Safepoint "ParallelGCFailedAllocation", Time since last: 1090735233 ns, Reaching safepoint: 95000 ns, At safepoint: 10677116 ns, Total: 10772116 ns
[10164.545s][info ][safepoint      ] Safepoint "Cleanup", Time since last: 1000086498 ns, Reaching safepoint: 45700 ns, At safepoint: 5100 ns, Total: 50800 ns
[10173.546s][info ][safepoint      ] Safepoint "Cleanup", Time since last: 9000581902 ns, Reaching safepoint: 108200 ns, At safepoint: 6100 ns, Total: 114300 ns
[10174.546s][info ][safepoint      ] Safepoint "Cleanup", Time since last: 1000099903 ns, Reaching safepoint: 64000 ns, At safepoint: 7000 ns, Total: 71000 ns
[10175.546s][info ][safepoint      ] Safepoint "Cleanup", Time since last: 1000104804 ns, Reaching safepoint: 26000 ns, At safepoint: 2900 ns, Total: 28900 ns
[10176.546s][info ][safepoint      ] Safepoint "Cleanup", Time since last: 1000117304 ns, Reaching safepoint: 152800 ns, At safepoint: 29300 ns, Total: 182100 ns
[10296.554s][info ][safepoint      ] Safepoint "Cleanup", Time since last: 120007658031 ns, Reaching safepoint: 138500 ns, At safepoint: 12400 ns, Total: 150900 ns
[10296.937s][info ][gc,heap,exit   ] Heap
[10296.937s][info ][gc,heap,exit   ]  PSYoungGen      total 2076160K, used 1061642K [0x0000000780000000, 0x0000000800000000, 0x0000000800000000)
[10296.937s][info ][gc,heap,exit   ]   eden space 2056192K, 50% used [0x0000000780000000,0x00000007bf946748,0x00000007fd800000)
[10296.937s][info ][gc,heap,exit   ]   from space 19968K, 99% used [0x00000007fd800000,0x00000007feb7c0d8,0x00000007feb80000)
[10296.937s][info ][gc,heap,exit   ]   to   space 20992K, 0% used [0x00000007feb80000,0x00000007feb80000,0x0000000800000000)
[10296.937s][info ][gc,heap,exit   ]  ParOldGen       total 535552K, used 453672K [0x0000000740000000, 0x0000000760b00000, 0x0000000780000000)
[10296.937s][info ][gc,heap,exit   ]   object space 535552K, 84% used [0x0000000740000000,0x000000075bb0a140,0x0000000760b00000)
[10296.937s][info ][gc,heap,exit   ]  Metaspace       used 80592K, committed 81472K, reserved 1122304K
[10296.937s][info ][gc,heap,exit   ]   class space    used 11260K, committed 11648K, reserved 1048576K
